[0.012s][info][gc,init] CardTable entry size: 512
[0.012s][info][gc     ] Using Parallel
[0.013s][info][gc,init] Version: 18.0.1+10 (release)
[0.014s][info][gc,init] CPUs: 8 total, 8 available
[0.014s][info][gc,init] Memory: 16063M
[0.014s][info][gc,init] Large Page Support: Disabled
[0.014s][info][gc,init] NUMA Support: Disabled
[0.014s][info][gc,init] Compressed Oops: Enabled (Zero based)
[0.014s][info][gc,init] Alignments: Space 512K, Generation 512K, Heap 2M
[0.014s][info][gc,init] Heap Min Capacity: 2M
[0.014s][info][gc,init] Heap Initial Capacity: 2M
[0.014s][info][gc,init] Heap Max Capacity: 16000M
[0.014s][info][gc,init] Pre-touch: Disabled
[0.014s][info][gc,init] Parallel Workers: 8
[0.014s][info][gc,metaspace] CDS archive(s) not mapped
[0.014s][info][gc,metaspace] Compressed class space mapped at: 0x0000000800000000-0x0000000840000000, reserved size: 1073741824
[0.014s][info][gc,metaspace] Narrow klass base: 0x0000000800000000, Narrow klass shift: 0, Narrow klass range: 0x40000000
[0.114s][info][gc,start    ] GC(0) Pause Young (Allocation Failure)
[0.115s][info][gc,heap     ] GC(0) PSYoungGen: 512K(1024K)->480K(1024K) Eden: 512K(512K)->0K(512K) From: 0K(512K)->480K(512K)
[0.115s][info][gc,heap     ] GC(0) ParOldGen: 0K(512K)->8K(512K)
[0.115s][info][gc,metaspace] GC(0) Metaspace: 4229K(4352K)->4229K(4352K) NonClass: 3908K(3968K)->3908K(3968K) Class: 321K(384K)->321K(384K)
[0.115s][info][gc          ] GC(0) Pause Young (Allocation Failure) 0M->0M(1M) 1.351ms
[0.115s][info][gc,cpu      ] GC(0) User=0.00s Sys=0.00s Real=0.00s
[0.188s][info][gc,start    ] GC(1) Pause Young (Allocation Failure)
[0.189s][info][gc,heap     ] GC(1) PSYoungGen: 991K(1024K)->512K(1536K) Eden: 511K(512K)->0K(1024K) From: 480K(512K)->512K(512K)
[0.189s][info][gc,heap     ] GC(1) ParOldGen: 8K(512K)->88K(512K)
[0.189s][info][gc,metaspace] GC(1) Metaspace: 5877K(5952K)->5877K(5952K) NonClass: 5380K(5440K)->5380K(5440K) Class: 496K(512K)->496K(512K)
[0.189s][info][gc          ] GC(1) Pause Young (Allocation Failure) 0M->0M(2M) 0.913ms
[0.189s][info][gc,cpu      ] GC(1) User=0.02s Sys=0.00s Real=0.00s
[0.209s][info][gc,start    ] GC(2) Pause Young (Allocation Failure)
[0.210s][info][gc,heap     ] GC(2) PSYoungGen: 1536K(1536K)->512K(1536K) Eden: 1024K(1024K)->0K(1024K) From: 512K(512K)->512K(512K)
[0.210s][info][gc,heap     ] GC(2) ParOldGen: 88K(512K)->504K(512K)
[0.210s][info][gc,metaspace] GC(2) Metaspace: 6296K(6464K)->6296K(6464K) NonClass: 5762K(5824K)->5762K(5824K) Class: 533K(640K)->533K(640K)
[0.210s][info][gc          ] GC(2) Pause Young (Allocation Failure) 1M->0M(2M) 1.450ms
[0.210s][info][gc,cpu      ] GC(2) User=0.00s Sys=0.00s Real=0.00s
[0.210s][info][gc,start    ] GC(3) Pause Full (Ergonomics)
[0.210s][info][gc,phases,start] GC(3) Marking Phase
[0.211s][info][gc,phases      ] GC(3) Marking Phase 0.954ms
[0.211s][info][gc,phases,start] GC(3) Summary Phase
[0.211s][info][gc,phases      ] GC(3) Summary Phase 0.015ms
[0.211s][info][gc,phases,start] GC(3) Adjust Roots
[0.212s][info][gc,phases      ] GC(3) Adjust Roots 0.369ms
[0.212s][info][gc,phases,start] GC(3) Compaction Phase
[0.214s][info][gc,phases      ] GC(3) Compaction Phase 1.746ms
[0.214s][info][gc,phases,start] GC(3) Post Compact
[0.214s][info][gc,phases      ] GC(3) Post Compact 0.075ms
[0.214s][info][gc,heap        ] GC(3) PSYoungGen: 512K(1536K)->505K(1536K) Eden: 0K(1024K)->0K(1024K) From: 512K(512K)->505K(512K)
[0.214s][info][gc,heap        ] GC(3) ParOldGen: 504K(512K)->474K(2048K)
[0.214s][info][gc,metaspace   ] GC(3) Metaspace: 6296K(6464K)->6296K(6464K) NonClass: 5762K(5824K)->5762K(5824K) Class: 533K(640K)->533K(640K)
[0.214s][info][gc             ] GC(3) Pause Full (Ergonomics) 0M->0M(3M) 3.437ms
[0.214s][info][gc,cpu         ] GC(3) User=0.00s Sys=0.00s Real=0.00s
[0.216s][info][gc,start       ] GC(4) Pause Young (Allocation Failure)
[0.217s][info][gc,heap        ] GC(4) PSYoungGen: 1529K(1536K)->480K(2560K) Eden: 1024K(1024K)->0K(2048K) From: 505K(512K)->480K(512K)
[0.217s][info][gc,heap        ] GC(4) ParOldGen: 474K(2048K)->1027K(2048K)
[0.217s][info][gc,metaspace   ] GC(4) Metaspace: 6296K(6464K)->6296K(6464K) NonClass: 5762K(5824K)->5762K(5824K) Class: 533K(640K)->533K(640K)
[0.217s][info][gc             ] GC(4) Pause Young (Allocation Failure) 1M->1M(4M) 1.611ms
[0.217s][info][gc,cpu         ] GC(4) User=0.00s Sys=0.00s Real=0.00s
[0.222s][info][gc,start       ] GC(5) Pause Young (Allocation Failure)
[0.224s][info][gc,heap        ] GC(5) PSYoungGen: 2528K(2560K)->480K(2560K) Eden: 2048K(2048K)->0K(2048K) From: 480K(512K)->480K(512K)
[0.224s][info][gc,heap        ] GC(5) ParOldGen: 1027K(2048K)->2099K(2560K)
[0.224s][info][gc,metaspace   ] GC(5) Metaspace: 6296K(6464K)->6296K(6464K) NonClass: 5762K(5824K)->5762K(5824K) Class: 533K(640K)->533K(640K)
[0.224s][info][gc             ] GC(5) Pause Young (Allocation Failure) 3M->2M(5M) 2.246ms
[0.224s][info][gc,cpu         ] GC(5) User=0.00s Sys=0.00s Real=0.00s
[0.224s][info][gc,start       ] GC(6) Pause Full (Ergonomics)
[0.224s][info][gc,phases,start] GC(6) Marking Phase
[0.226s][info][gc,phases      ] GC(6) Marking Phase 1.756ms
[0.226s][info][gc,phases,start] GC(6) Summary Phase
[0.226s][info][gc,phases      ] GC(6) Summary Phase 0.024ms
[0.226s][info][gc,phases,start] GC(6) Adjust Roots
[0.226s][info][gc,phases      ] GC(6) Adjust Roots 0.351ms
[0.226s][info][gc,phases,start] GC(6) Compaction Phase
[0.229s][info][gc,phases      ] GC(6) Compaction Phase 3.293ms
[0.230s][info][gc,phases,start] GC(6) Post Compact
[0.230s][info][gc,phases      ] GC(6) Post Compact 0.038ms
[0.230s][info][gc,heap        ] GC(6) PSYoungGen: 480K(2560K)->0K(4096K) Eden: 0K(2048K)->0K(3072K) From: 480K(512K)->0K(1024K)
[0.230s][info][gc,heap        ] GC(6) ParOldGen: 2099K(2560K)->2542K(6144K)
[0.230s][info][gc,metaspace   ] GC(6) Metaspace: 6296K(6464K)->6296K(6464K) NonClass: 5762K(5824K)->5762K(5824K) Class: 533K(640K)->533K(640K)
[0.230s][info][gc             ] GC(6) Pause Full (Ergonomics) 2M->2M(10M) 5.930ms
[0.230s][info][gc,cpu         ] GC(6) User=0.00s Sys=0.00s Real=0.01s
[0.236s][info][gc,start       ] GC(7) Pause Young (Allocation Failure)
[0.239s][info][gc,heap        ] GC(7) PSYoungGen: 3072K(4096K)->1696K(5120K) Eden: 3072K(3072K)->0K(3072K) From: 0K(1024K)->1696K(2048K)
[0.239s][info][gc,heap        ] GC(7) ParOldGen: 2542K(6144K)->2542K(6144K)
[0.239s][info][gc,metaspace   ] GC(7) Metaspace: 6296K(6464K)->6296K(6464K) NonClass: 5762K(5824K)->5762K(5824K) Class: 533K(640K)->533K(640K)
[0.239s][info][gc             ] GC(7) Pause Young (Allocation Failure) 5M->4M(11M) 2.861ms
[0.239s][info][gc,cpu         ] GC(7) User=0.00s Sys=0.00s Real=0.00s
[0.244s][info][gc,start       ] GC(8) Pause Young (Allocation Failure)
[0.247s][info][gc,heap        ] GC(8) PSYoungGen: 4768K(5120K)->2016K(5632K) Eden: 3072K(3072K)->0K(3584K) From: 1696K(2048K)->2016K(2048K)
[0.247s][info][gc,heap        ] GC(8) ParOldGen: 2542K(6144K)->3774K(6144K)
[0.247s][info][gc,metaspace   ] GC(8) Metaspace: 6296K(6464K)->6296K(6464K) NonClass: 5762K(5824K)->5762K(5824K) Class: 533K(640K)->533K(640K)
[0.247s][info][gc             ] GC(8) Pause Young (Allocation Failure) 7M->5M(11M) 2.903ms
[0.247s][info][gc,cpu         ] GC(8) User=0.00s Sys=0.00s Real=0.00s
[0.254s][info][gc,start       ] GC(9) Pause Young (Allocation Failure)
[0.258s][info][gc,heap        ] GC(9) PSYoungGen: 5600K(5632K)->3040K(6656K) Eden: 3584K(3584K)->0K(3584K) From: 2016K(2048K)->3040K(3072K)
[0.258s][info][gc,heap        ] GC(9) ParOldGen: 3774K(6144K)->4614K(6144K)
[0.258s][info][gc,metaspace   ] GC(9) Metaspace: 6296K(6464K)->6296K(6464K) NonClass: 5762K(5824K)->5762K(5824K) Class: 533K(640K)->533K(640K)
[0.258s][info][gc             ] GC(9) Pause Young (Allocation Failure) 9M->7M(12M) 3.831ms
[0.258s][info][gc,cpu         ] GC(9) User=0.00s Sys=0.00s Real=0.00s
[0.262s][info][gc,start       ] GC(10) Pause Young (Allocation Failure)
[0.266s][info][gc,heap        ] GC(10) PSYoungGen: 6624K(6656K)->4064K(8704K) Eden: 3584K(3584K)->0K(4608K) From: 3040K(3072K)->4064K(4096K)
[0.266s][info][gc,heap        ] GC(10) ParOldGen: 4614K(6144K)->5462K(6144K)
[0.266s][info][gc,metaspace   ] GC(10) Metaspace: 6296K(6464K)->6296K(6464K) NonClass: 5762K(5824K)->5762K(5824K) Class: 533K(640K)->533K(640K)
[0.266s][info][gc             ] GC(10) Pause Young (Allocation Failure) 10M->9M(14M) 4.263ms
[0.266s][info][gc,cpu         ] GC(10) User=0.00s Sys=0.00s Real=0.00s
[0.266s][info][gc,start       ] GC(11) Pause Full (Ergonomics)
[0.266s][info][gc,phases,start] GC(11) Marking Phase
[0.271s][info][gc,phases      ] GC(11) Marking Phase 4.779ms
[0.271s][info][gc,phases,start] GC(11) Summary Phase
[0.271s][info][gc,phases      ] GC(11) Summary Phase 0.017ms
[0.271s][info][gc,phases,start] GC(11) Adjust Roots
[0.271s][info][gc,phases      ] GC(11) Adjust Roots 0.410ms
[0.271s][info][gc,phases,start] GC(11) Compaction Phase
[0.278s][info][gc,phases      ] GC(11) Compaction Phase 6.391ms
[0.278s][info][gc,phases,start] GC(11) Post Compact
[0.278s][info][gc,phases      ] GC(11) Post Compact 0.082ms
[0.278s][info][gc,heap        ] GC(11) PSYoungGen: 4064K(8704K)->3545K(8704K) Eden: 0K(4608K)->0K(4608K) From: 4064K(4096K)->3545K(4096K)
[0.278s][info][gc,heap        ] GC(11) ParOldGen: 5462K(6144K)->5831K(10752K)
[0.278s][info][gc,metaspace   ] GC(11) Metaspace: 6296K(6464K)->6296K(6464K) NonClass: 5762K(5824K)->5762K(5824K) Class: 533K(640K)->533K(640K)
[0.278s][info][gc             ] GC(11) Pause Full (Ergonomics) 9M->9M(19M) 12.075ms
[0.278s][info][gc,cpu         ] GC(11) User=0.00s Sys=0.00s Real=0.01s
[0.283s][info][gc,start       ] GC(12) Pause Young (Allocation Failure)
[0.287s][info][gc,heap        ] GC(12) PSYoungGen: 8013K(8704K)->5088K(9728K) Eden: 4468K(4608K)->0K(4608K) From: 3545K(4096K)->5088K(5120K)
[0.287s][info][gc,heap        ] GC(12) ParOldGen: 5831K(10752K)->6615K(10752K)
[0.287s][info][gc,metaspace   ] GC(12) Metaspace: 6296K(6464K)->6296K(6464K) NonClass: 5762K(5824K)->5762K(5824K) Class: 533K(640K)->533K(640K)
[0.287s][info][gc             ] GC(12) Pause Young (Allocation Failure) 13M->11M(20M) 4.449ms
[0.287s][info][gc,cpu         ] GC(12) User=0.00s Sys=0.00s Real=0.00s
[0.293s][info][gc,start       ] GC(13) Pause Young (Allocation Failure)
[0.299s][info][gc,heap        ] GC(13) PSYoungGen: 9696K(9728K)->6112K(11264K) Eden: 4608K(4608K)->0K(5120K) From: 5088K(5120K)->6112K(6144K)
[0.299s][info][gc,heap        ] GC(13) ParOldGen: 6615K(10752K)->7991K(10752K)
[0.299s][info][gc,metaspace   ] GC(13) Metaspace: 6296K(6464K)->6296K(6464K) NonClass: 5762K(5824K)->5762K(5824K) Class: 533K(640K)->533K(640K)
[0.299s][info][gc             ] GC(13) Pause Young (Allocation Failure) 15M->13M(21M) 6.100ms
[0.299s][info][gc,cpu         ] GC(13) User=0.00s Sys=0.00s Real=0.01s
[0.303s][info][gc,start       ] GC(14) Pause Young (Allocation Failure)
[0.310s][info][gc,heap        ] GC(14) PSYoungGen: 11232K(11264K)->5216K(12800K) Eden: 5120K(5120K)->0K(5120K) From: 6112K(6144K)->5216K(7680K)
[0.310s][info][gc,heap        ] GC(14) ParOldGen: 7991K(10752K)->11583K(11776K)
[0.310s][info][gc,metaspace   ] GC(14) Metaspace: 6298K(6464K)->6298K(6464K) NonClass: 5764K(5824K)->5764K(5824K) Class: 533K(640K)->533K(640K)
[0.310s][info][gc             ] GC(14) Pause Young (Allocation Failure) 18M->16M(24M) 6.344ms
[0.310s][info][gc,cpu         ] GC(14) User=0.00s Sys=0.00s Real=0.01s
[0.310s][info][gc,start       ] GC(15) Pause Full (Ergonomics)
[0.310s][info][gc,phases,start] GC(15) Marking Phase
[0.317s][info][gc,phases      ] GC(15) Marking Phase 7.632ms
[0.318s][info][gc,phases,start] GC(15) Summary Phase
[0.318s][info][gc,phases      ] GC(15) Summary Phase 0.016ms
[0.318s][info][gc,phases,start] GC(15) Adjust Roots
[0.318s][info][gc,phases      ] GC(15) Adjust Roots 0.223ms
[0.318s][info][gc,phases,start] GC(15) Compaction Phase
[0.325s][info][gc,phases      ] GC(15) Compaction Phase 6.803ms
[0.325s][info][gc,phases,start] GC(15) Post Compact
[0.325s][info][gc,phases      ] GC(15) Post Compact 0.063ms
[0.325s][info][gc,heap        ] GC(15) PSYoungGen: 5216K(12800K)->5188K(12800K) Eden: 0K(5120K)->0K(5120K) From: 5216K(7680K)->5188K(7680K)
[0.325s][info][gc,heap        ] GC(15) ParOldGen: 11583K(11776K)->11462K(18432K)
[0.325s][info][gc,metaspace   ] GC(15) Metaspace: 6298K(6464K)->6298K(6464K) NonClass: 5764K(5824K)->5764K(5824K) Class: 533K(640K)->533K(640K)
[0.325s][info][gc             ] GC(15) Pause Full (Ergonomics) 16M->16M(30M) 15.057ms
[0.325s][info][gc,cpu         ] GC(15) User=0.00s Sys=0.00s Real=0.01s
[0.329s][info][gc,start       ] GC(16) Pause Young (Allocation Failure)
[0.335s][info][gc,heap        ] GC(16) PSYoungGen: 10308K(12800K)->2656K(14336K) Eden: 5120K(5120K)->0K(7168K) From: 5188K(7680K)->2656K(7168K)
[0.335s][info][gc,heap        ] GC(16) ParOldGen: 11462K(18432K)->16734K(18432K)
[0.335s][info][gc,metaspace   ] GC(16) Metaspace: 6298K(6464K)->6298K(6464K) NonClass: 5764K(5824K)->5764K(5824K) Class: 533K(640K)->533K(640K)
[0.335s][info][gc             ] GC(16) Pause Young (Allocation Failure) 21M->18M(32M) 6.737ms
[0.335s][info][gc,cpu         ] GC(16) User=0.02s Sys=0.00s Real=0.01s
[0.335s][info][gc,start       ] GC(17) Pause Full (Ergonomics)
[0.335s][info][gc,phases,start] GC(17) Marking Phase
[0.344s][info][gc,phases      ] GC(17) Marking Phase 8.624ms
[0.344s][info][gc,phases,start] GC(17) Summary Phase
[0.344s][info][gc,phases      ] GC(17) Summary Phase 0.014ms
[0.344s][info][gc,phases,start] GC(17) Adjust Roots
[0.344s][info][gc,phases      ] GC(17) Adjust Roots 0.214ms
[0.344s][info][gc,phases,start] GC(17) Compaction Phase
[0.350s][info][gc,phases      ] GC(17) Compaction Phase 6.037ms
[0.350s][info][gc,phases,start] GC(17) Post Compact
[0.350s][info][gc,phases      ] GC(17) Post Compact 0.061ms
[0.350s][info][gc,heap        ] GC(17) PSYoungGen: 2656K(14336K)->1105K(14848K) Eden: 0K(7168K)->0K(7680K) From: 2656K(7168K)->1105K(7168K)
[0.351s][info][gc,heap        ] GC(17) ParOldGen: 16734K(18432K)->18183K(27648K)
[0.351s][info][gc,metaspace   ] GC(17) Metaspace: 6298K(6464K)->6298K(6464K) NonClass: 5764K(5824K)->5764K(5824K) Class: 533K(640K)->533K(640K)
[0.351s][info][gc             ] GC(17) Pause Full (Ergonomics) 18M->18M(41M) 15.238ms
[0.351s][info][gc,cpu         ] GC(17) User=0.02s Sys=0.00s Real=0.02s
[0.355s][info][gc,start       ] GC(18) Pause Young (Allocation Failure)
[0.360s][info][gc,heap        ] GC(18) PSYoungGen: 7799K(14848K)->3456K(15360K) Eden: 6694K(7680K)->0K(7680K) From: 1105K(7168K)->3456K(7680K)
[0.360s][info][gc,heap        ] GC(18) ParOldGen: 18183K(27648K)->19311K(27648K)
[0.360s][info][gc,metaspace   ] GC(18) Metaspace: 6298K(6464K)->6298K(6464K) NonClass: 5764K(5824K)->5764K(5824K) Class: 533K(640K)->533K(640K)
[0.360s][info][gc             ] GC(18) Pause Young (Allocation Failure) 25M->22M(42M) 5.209ms
[0.360s][info][gc,cpu         ] GC(18) User=0.00s Sys=0.00s Real=0.01s
[0.367s][info][gc,start       ] GC(19) Pause Young (Allocation Failure)
[0.375s][info][gc,heap        ] GC(19) PSYoungGen: 11135K(15360K)->4480K(17920K) Eden: 7679K(7680K)->0K(10240K) From: 3456K(7680K)->4480K(7680K)
[0.375s][info][gc,heap        ] GC(19) ParOldGen: 19311K(27648K)->22767K(27648K)
[0.375s][info][gc,metaspace   ] GC(19) Metaspace: 6298K(6464K)->6298K(6464K) NonClass: 5764K(5824K)->5764K(5824K) Class: 533K(640K)->533K(640K)
[0.375s][info][gc             ] GC(19) Pause Young (Allocation Failure) 29M->26M(44M) 7.237ms
[0.375s][info][gc,cpu         ] GC(19) User=0.00s Sys=0.00s Real=0.01s
[0.381s][info][gc,start       ] GC(20) Pause Young (Allocation Failure)
[0.388s][info][gc,heap        ] GC(20) PSYoungGen: 14720K(17920K)->5344K(17920K) Eden: 10240K(10240K)->0K(10240K) From: 4480K(7680K)->5344K(7680K)
[0.388s][info][gc,heap        ] GC(20) ParOldGen: 22767K(27648K)->27287K(27648K)
[0.388s][info][gc,metaspace   ] GC(20) Metaspace: 6298K(6464K)->6298K(6464K) NonClass: 5764K(5824K)->5764K(5824K) Class: 533K(640K)->533K(640K)
[0.388s][info][gc             ] GC(20) Pause Young (Allocation Failure) 36M->31M(44M) 7.410ms
[0.388s][info][gc,cpu         ] GC(20) User=0.00s Sys=0.00s Real=0.01s
[0.388s][info][gc,start       ] GC(21) Pause Full (Ergonomics)
[0.388s][info][gc,phases,start] GC(21) Marking Phase
[0.401s][info][gc,phases      ] GC(21) Marking Phase 12.501ms
[0.401s][info][gc,phases,start] GC(21) Summary Phase
[0.401s][info][gc,phases      ] GC(21) Summary Phase 0.017ms
[0.401s][info][gc,phases,start] GC(21) Adjust Roots
[0.401s][info][gc,phases      ] GC(21) Adjust Roots 0.150ms
[0.401s][info][gc,phases,start] GC(21) Compaction Phase
[0.413s][info][gc,phases      ] GC(21) Compaction Phase 11.934ms
[0.413s][info][gc,phases,start] GC(21) Post Compact
[0.413s][info][gc,phases      ] GC(21) Post Compact 0.112ms
[0.413s][info][gc,heap        ] GC(21) PSYoungGen: 5344K(17920K)->4779K(17920K) Eden: 0K(10240K)->0K(10240K) From: 5344K(7680K)->4779K(7680K)
[0.413s][info][gc,heap        ] GC(21) ParOldGen: 27287K(27648K)->27139K(38912K)
[0.413s][info][gc,metaspace   ] GC(21) Metaspace: 6298K(6464K)->6298K(6464K) NonClass: 5764K(5824K)->5764K(5824K) Class: 533K(640K)->533K(640K)
[0.413s][info][gc             ] GC(21) Pause Full (Ergonomics) 31M->31M(55M) 25.169ms
[0.413s][info][gc,cpu         ] GC(21) User=0.02s Sys=0.00s Real=0.03s
[0.422s][info][gc,start       ] GC(22) Pause Young (Allocation Failure)
[0.435s][info][gc,heap        ] GC(22) PSYoungGen: 15019K(17920K)->8192K(17920K) Eden: 10240K(10240K)->0K(9728K) From: 4779K(7680K)->8192K(8192K)
[0.435s][info][gc,heap        ] GC(22) ParOldGen: 27139K(38912K)->32939K(38912K)
[0.435s][info][gc,metaspace   ] GC(22) Metaspace: 6298K(6464K)->6298K(6464K) NonClass: 5764K(5824K)->5764K(5824K) Class: 533K(640K)->533K(640K)
[0.435s][info][gc             ] GC(22) Pause Young (Allocation Failure) 41M->40M(55M) 12.864ms
[0.435s][info][gc,cpu         ] GC(22) User=0.02s Sys=0.00s Real=0.01s
[0.435s][info][gc,start       ] GC(23) Pause Full (Ergonomics)
[0.435s][info][gc,phases,start] GC(23) Marking Phase
[0.453s][info][gc,phases      ] GC(23) Marking Phase 17.594ms
[0.453s][info][gc,phases,start] GC(23) Summary Phase
[0.453s][info][gc,phases      ] GC(23) Summary Phase 0.016ms
[0.453s][info][gc,phases,start] GC(23) Adjust Roots
[0.453s][info][gc,phases      ] GC(23) Adjust Roots 0.155ms
[0.453s][info][gc,phases,start] GC(23) Compaction Phase
[0.464s][info][gc,phases      ] GC(23) Compaction Phase 10.924ms
[0.464s][info][gc,phases,start] GC(23) Post Compact
[0.464s][info][gc,phases      ] GC(23) Post Compact 0.171ms
[0.464s][info][gc,heap        ] GC(23) PSYoungGen: 8192K(17920K)->2555K(17920K) Eden: 0K(9728K)->0K(9728K) From: 8192K(8192K)->2555K(8192K)
[0.465s][info][gc,heap        ] GC(23) ParOldGen: 32939K(38912K)->38464K(52736K)
[0.465s][info][gc,metaspace   ] GC(23) Metaspace: 6298K(6464K)->6298K(6464K) NonClass: 5764K(5824K)->5764K(5824K) Class: 533K(640K)->533K(640K)
[0.465s][info][gc             ] GC(23) Pause Full (Ergonomics) 40M->40M(69M) 29.187ms
[0.465s][info][gc,cpu         ] GC(23) User=0.03s Sys=0.00s Real=0.03s
[0.479s][info][gc,start       ] GC(24) Pause Young (Allocation Failure)
[0.489s][info][gc,heap        ] GC(24) PSYoungGen: 12283K(17920K)->9760K(20992K) Eden: 9728K(9728K)->0K(9728K) From: 2555K(8192K)->9760K(11264K)
[0.489s][info][gc,heap        ] GC(24) ParOldGen: 38464K(52736K)->41072K(52736K)
[0.489s][info][gc,metaspace   ] GC(24) Metaspace: 6298K(6464K)->6298K(6464K) NonClass: 5764K(5824K)->5764K(5824K) Class: 533K(640K)->533K(640K)
[0.489s][info][gc             ] GC(24) Pause Young (Allocation Failure) 49M->49M(72M) 10.162ms
[0.489s][info][gc,cpu         ] GC(24) User=0.02s Sys=0.00s Real=0.01s
[0.499s][info][gc,start       ] GC(25) Pause Young (Allocation Failure)
[0.513s][info][gc,heap        ] GC(25) PSYoungGen: 19488K(20992K)->12768K(19968K) Eden: 9728K(9728K)->0K(7168K) From: 9760K(11264K)->12768K(12800K)
[0.513s][info][gc,heap        ] GC(25) ParOldGen: 41072K(52736K)->47848K(52736K)
[0.513s][info][gc,metaspace   ] GC(25) Metaspace: 6298K(6464K)->6298K(6464K) NonClass: 5764K(5824K)->5764K(5824K) Class: 533K(640K)->533K(640K)
[0.513s][info][gc             ] GC(25) Pause Young (Allocation Failure) 59M->59M(71M) 14.042ms
[0.513s][info][gc,cpu         ] GC(25) User=0.02s Sys=0.00s Real=0.01s
[0.513s][info][gc,start       ] GC(26) Pause Full (Ergonomics)
[0.513s][info][gc,phases,start] GC(26) Marking Phase
[0.536s][info][gc,phases      ] GC(26) Marking Phase 22.943ms
[0.536s][info][gc,phases,start] GC(26) Summary Phase
[0.536s][info][gc,phases      ] GC(26) Summary Phase 0.016ms
[0.536s][info][gc,phases,start] GC(26) Adjust Roots
[0.536s][info][gc,phases      ] GC(26) Adjust Roots 0.155ms
[0.536s][info][gc,phases,start] GC(26) Compaction Phase
[0.554s][info][gc,phases      ] GC(26) Compaction Phase 17.582ms
[0.554s][info][gc,phases,start] GC(26) Post Compact
[0.554s][info][gc,phases      ] GC(26) Post Compact 0.216ms
[0.554s][info][gc,heap        ] GC(26) PSYoungGen: 12768K(19968K)->7122K(19968K) Eden: 0K(7168K)->0K(7168K) From: 12768K(12800K)->7122K(12800K)
[0.554s][info][gc,heap        ] GC(26) ParOldGen: 47848K(52736K)->52276K(69120K)
[0.554s][info][gc,metaspace   ] GC(26) Metaspace: 6298K(6464K)->6298K(6464K) NonClass: 5764K(5824K)->5764K(5824K) Class: 533K(640K)->533K(640K)
[0.554s][info][gc             ] GC(26) Pause Full (Ergonomics) 59M->58M(87M) 41.306ms
[0.554s][info][gc,cpu         ] GC(26) User=0.03s Sys=0.00s Real=0.04s
[0.562s][info][gc,start       ] GC(27) Pause Young (Allocation Failure)
[0.578s][info][gc,heap        ] GC(27) PSYoungGen: 14290K(19968K)->7168K(24576K) Eden: 7168K(7168K)->0K(7168K) From: 7122K(12800K)->7168K(17408K)
[0.578s][info][gc,heap        ] GC(27) ParOldGen: 52276K(69120K)->59524K(69120K)
[0.578s][info][gc,metaspace   ] GC(27) Metaspace: 6298K(6464K)->6298K(6464K) NonClass: 5764K(5824K)->5764K(5824K) Class: 533K(640K)->533K(640K)
[0.578s][info][gc             ] GC(27) Pause Young (Allocation Failure) 65M->65M(91M) 16.607ms
[0.578s][info][gc,cpu         ] GC(27) User=0.02s Sys=0.00s Real=0.02s
[0.585s][info][gc,start       ] GC(28) Pause Young (Allocation Failure)
[0.595s][info][gc,heap        ] GC(28) PSYoungGen: 14336K(24576K)->14336K(23040K) Eden: 7168K(7168K)->0K(6656K) From: 7168K(17408K)->14336K(16384K)
[0.595s][info][gc,heap        ] GC(28) ParOldGen: 59524K(69120K)->59524K(69120K)
[0.595s][info][gc,metaspace   ] GC(28) Metaspace: 6298K(6464K)->6298K(6464K) NonClass: 5764K(5824K)->5764K(5824K) Class: 533K(640K)->533K(640K)
[0.595s][info][gc             ] GC(28) Pause Young (Allocation Failure) 72M->72M(90M) 9.687ms
[0.595s][info][gc,cpu         ] GC(28) User=0.00s Sys=0.00s Real=0.01s
[0.601s][info][gc,start       ] GC(29) Pause Young (Allocation Failure)
[0.616s][info][gc,heap        ] GC(29) PSYoungGen: 20992K(23040K)->13824K(25088K) Eden: 6656K(6656K)->0K(6656K) From: 14336K(16384K)->13824K(18432K)
[0.616s][info][gc,heap        ] GC(29) ParOldGen: 59524K(69120K)->66780K(69120K)
[0.616s][info][gc,metaspace   ] GC(29) Metaspace: 6298K(6464K)->6298K(6464K) NonClass: 5764K(5824K)->5764K(5824K) Class: 533K(640K)->533K(640K)
[0.616s][info][gc             ] GC(29) Pause Young (Allocation Failure) 78M->78M(92M) 14.319ms
[0.616s][info][gc,cpu         ] GC(29) User=0.02s Sys=0.00s Real=0.01s
[0.616s][info][gc,start       ] GC(30) Pause Full (Ergonomics)
[0.616s][info][gc,phases,start] GC(30) Marking Phase
[0.647s][info][gc,phases      ] GC(30) Marking Phase 31.310ms
[0.647s][info][gc,phases,start] GC(30) Summary Phase
[0.647s][info][gc,phases      ] GC(30) Summary Phase 0.015ms
[0.647s][info][gc,phases,start] GC(30) Adjust Roots
[0.647s][info][gc,phases      ] GC(30) Adjust Roots 0.153ms
[0.647s][info][gc,phases,start] GC(30) Compaction Phase
[0.667s][info][gc,phases      ] GC(30) Compaction Phase 19.588ms
[0.667s][info][gc,phases,start] GC(30) Post Compact
[0.667s][info][gc,phases      ] GC(30) Post Compact 0.351ms
[0.668s][info][gc,heap        ] GC(30) PSYoungGen: 13824K(25088K)->11209K(25088K) Eden: 0K(6656K)->0K(6656K) From: 13824K(18432K)->11209K(18432K)
[0.668s][info][gc,heap        ] GC(30) ParOldGen: 66780K(69120K)->69092K(89600K)
[0.668s][info][gc,metaspace   ] GC(30) Metaspace: 6298K(6464K)->6298K(6464K) NonClass: 5764K(5824K)->5764K(5824K) Class: 533K(640K)->533K(640K)
[0.668s][info][gc             ] GC(30) Pause Full (Ergonomics) 78M->78M(112M) 51.967ms
[0.668s][info][gc,cpu         ] GC(30) User=0.05s Sys=0.00s Real=0.05s
[0.674s][info][gc,start       ] GC(31) Pause Young (Allocation Failure)
[0.692s][info][gc,heap        ] GC(31) PSYoungGen: 17865K(25088K)->6656K(25600K) Eden: 6656K(6656K)->0K(8192K) From: 11209K(18432K)->6656K(17408K)
[0.692s][info][gc,heap        ] GC(31) ParOldGen: 69092K(89600K)->80484K(89600K)
[0.692s][info][gc,metaspace   ] GC(31) Metaspace: 6298K(6464K)->6298K(6464K) NonClass: 5764K(5824K)->5764K(5824K) Class: 533K(640K)->533K(640K)
[0.692s][info][gc             ] GC(31) Pause Young (Allocation Failure) 84M->85M(112M) 17.399ms
[0.692s][info][gc,cpu         ] GC(31) User=0.03s Sys=0.00s Real=0.02s
[0.692s][info][gc,start       ] GC(32) Pause Full (Ergonomics)
[0.692s][info][gc,phases,start] GC(32) Marking Phase
[0.726s][info][gc,phases      ] GC(32) Marking Phase 33.864ms
[0.726s][info][gc,phases,start] GC(32) Summary Phase
[0.726s][info][gc,phases      ] GC(32) Summary Phase 0.017ms
[0.726s][info][gc,phases,start] GC(32) Adjust Roots
[0.726s][info][gc,phases      ] GC(32) Adjust Roots 0.158ms
[0.726s][info][gc,phases,start] GC(32) Compaction Phase
[0.745s][info][gc,phases      ] GC(32) Compaction Phase 18.763ms
[0.745s][info][gc,phases,start] GC(32) Post Compact
[0.745s][info][gc,phases      ] GC(32) Post Compact 0.467ms
[0.746s][info][gc,heap        ] GC(32) PSYoungGen: 6656K(25600K)->0K(27136K) Eden: 0K(8192K)->0K(8192K) From: 6656K(17408K)->0K(18944K)
[0.746s][info][gc,heap        ] GC(32) ParOldGen: 80484K(89600K)->86929K(111616K)
[0.746s][info][gc,metaspace   ] GC(32) Metaspace: 6298K(6464K)->6298K(6464K) NonClass: 5764K(5824K)->5764K(5824K) Class: 533K(640K)->533K(640K)
[0.746s][info][gc             ] GC(32) Pause Full (Ergonomics) 85M->84M(135M) 53.742ms
[0.746s][info][gc,cpu         ] GC(32) User=0.08s Sys=0.00s Real=0.05s
[0.761s][info][gc,start       ] GC(33) Pause Young (Allocation Failure)
[0.766s][info][gc,heap        ] GC(33) PSYoungGen: 8192K(27136K)->8224K(26112K) Eden: 8192K(8192K)->0K(9728K) From: 0K(18944K)->8224K(16384K)
[0.766s][info][gc,heap        ] GC(33) ParOldGen: 86929K(111616K)->86929K(111616K)
[0.766s][info][gc,metaspace   ] GC(33) Metaspace: 6298K(6464K)->6298K(6464K) NonClass: 5764K(5824K)->5764K(5824K) Class: 533K(640K)->533K(640K)
[0.766s][info][gc             ] GC(33) Pause Young (Allocation Failure) 92M->92M(134M) 5.201ms
[0.766s][info][gc,cpu         ] GC(33) User=0.00s Sys=0.00s Real=0.00s
[0.774s][info][gc,start       ] GC(34) Pause Young (Allocation Failure)
[0.782s][info][gc,heap        ] GC(34) PSYoungGen: 17952K(26112K)->17888K(27648K) Eden: 9728K(9728K)->0K(9728K) From: 8224K(16384K)->17888K(17920K)
[0.782s][info][gc,heap        ] GC(34) ParOldGen: 86929K(111616K)->86945K(111616K)
[0.782s][info][gc,metaspace   ] GC(34) Metaspace: 6298K(6464K)->6298K(6464K) NonClass: 5764K(5824K)->5764K(5824K) Class: 533K(640K)->533K(640K)
[0.782s][info][gc             ] GC(34) Pause Young (Allocation Failure) 102M->102M(136M) 7.525ms
[0.782s][info][gc,cpu         ] GC(34) User=0.00s Sys=0.00s Real=0.01s
[0.790s][info][gc,start       ] GC(35) Pause Young (Allocation Failure)
[0.804s][info][gc,heap        ] GC(35) PSYoungGen: 27616K(27648K)->9760K(30720K) Eden: 9728K(9728K)->0K(11264K) From: 17888K(17920K)->9760K(19456K)
[0.804s][info][gc,heap        ] GC(35) ParOldGen: 86945K(111616K)->105033K(111616K)
[0.804s][info][gc,metaspace   ] GC(35) Metaspace: 6298K(6464K)->6298K(6464K) NonClass: 5764K(5824K)->5764K(5824K) Class: 533K(640K)->533K(640K)
[0.804s][info][gc             ] GC(35) Pause Young (Allocation Failure) 111M->112M(139M) 13.621ms
[0.804s][info][gc,cpu         ] GC(35) User=0.02s Sys=0.00s Real=0.01s
[0.804s][info][gc,start       ] GC(36) Pause Full (Ergonomics)
[0.804s][info][gc,phases,start] GC(36) Marking Phase
[0.843s][info][gc,phases      ] GC(36) Marking Phase 39.547ms
[0.843s][info][gc,phases,start] GC(36) Summary Phase
[0.843s][info][gc,phases      ] GC(36) Summary Phase 0.018ms
[0.843s][info][gc,phases,start] GC(36) Adjust Roots
[0.844s][info][gc,phases      ] GC(36) Adjust Roots 0.157ms
[0.844s][info][gc,phases,start] GC(36) Compaction Phase
[0.874s][info][gc,phases      ] GC(36) Compaction Phase 30.316ms
[0.874s][info][gc,phases,start] GC(36) Post Compact
[0.875s][info][gc,phases      ] GC(36) Post Compact 0.532ms
[0.875s][info][gc,heap        ] GC(36) PSYoungGen: 9760K(30720K)->1007K(31232K) Eden: 0K(11264K)->0K(11776K) From: 9760K(19456K)->1007K(19456K)
[0.875s][info][gc,heap        ] GC(36) ParOldGen: 105033K(111616K)->111438K(142336K)
[0.875s][info][gc,metaspace   ] GC(36) Metaspace: 6298K(6464K)->6298K(6464K) NonClass: 5764K(5824K)->5764K(5824K) Class: 533K(640K)->533K(640K)
[0.875s][info][gc             ] GC(36) Pause Full (Ergonomics) 112M->109M(169M) 71.015ms
[0.875s][info][gc,cpu         ] GC(36) User=0.09s Sys=0.00s Real=0.07s
[0.886s][info][gc,start       ] GC(37) Pause Young (Allocation Failure)
[0.901s][info][gc,heap        ] GC(37) PSYoungGen: 12783K(31232K)->12832K(31744K) Eden: 11776K(11776K)->0K(11776K) From: 1007K(19456K)->12832K(19968K)
[0.901s][info][gc,heap        ] GC(37) ParOldGen: 111438K(142336K)->111438K(142336K)
[0.901s][info][gc,metaspace   ] GC(37) Metaspace: 6298K(6464K)->6298K(6464K) NonClass: 5764K(5824K)->5764K(5824K) Class: 533K(640K)->533K(640K)
[0.901s][info][gc             ] GC(37) Pause Young (Allocation Failure) 121M->121M(170M) 15.280ms
[0.901s][info][gc,cpu         ] GC(37) User=0.00s Sys=0.00s Real=0.01s
[0.912s][info][gc,start       ] GC(38) Pause Young (Allocation Failure)
[0.928s][info][gc,heap        ] GC(38) PSYoungGen: 24608K(31744K)->19968K(28672K) Eden: 11776K(11776K)->0K(8704K) From: 12832K(19968K)->19968K(19968K)
[0.928s][info][gc,heap        ] GC(38) ParOldGen: 111438K(142336K)->116094K(142336K)
[0.928s][info][gc,metaspace   ] GC(38) Metaspace: 6298K(6464K)->6298K(6464K) NonClass: 5764K(5824K)->5764K(5824K) Class: 533K(640K)->533K(640K)
[0.928s][info][gc             ] GC(38) Pause Young (Allocation Failure) 132M->132M(167M) 15.634ms
[0.928s][info][gc,cpu         ] GC(38) User=0.00s Sys=0.00s Real=0.02s
[0.937s][info][gc,start       ] GC(39) Pause Young (Allocation Failure)
[0.955s][info][gc,heap        ] GC(39) PSYoungGen: 28672K(28672K)->18240K(33280K) Eden: 8704K(8704K)->0K(8704K) From: 19968K(19968K)->18240K(24576K)
[0.955s][info][gc,heap        ] GC(39) ParOldGen: 116094K(142336K)->126742K(142336K)
[0.955s][info][gc,metaspace   ] GC(39) Metaspace: 6298K(6464K)->6298K(6464K) NonClass: 5764K(5824K)->5764K(5824K) Class: 533K(640K)->533K(640K)
[0.955s][info][gc             ] GC(39) Pause Young (Allocation Failure) 141M->141M(171M) 17.867ms
[0.955s][info][gc,cpu         ] GC(39) User=0.05s Sys=0.00s Real=0.02s
[0.955s][info][gc,start       ] GC(40) Pause Full (Ergonomics)
[0.955s][info][gc,phases,start] GC(40) Marking Phase
[0.994s][info][gc,phases      ] GC(40) Marking Phase 38.552ms
[0.994s][info][gc,phases,start] GC(40) Summary Phase
[0.994s][info][gc,phases      ] GC(40) Summary Phase 0.018ms
[0.994s][info][gc,phases,start] GC(40) Adjust Roots
[0.994s][info][gc,phases      ] GC(40) Adjust Roots 0.154ms
[0.994s][info][gc,phases,start] GC(40) Compaction Phase
[1.020s][info][gc,phases      ] GC(40) Compaction Phase 26.075ms
[1.020s][info][gc,phases,start] GC(40) Post Compact
[1.021s][info][gc,phases      ] GC(40) Post Compact 1.070ms
[1.021s][info][gc,heap        ] GC(40) PSYoungGen: 18240K(33280K)->2282K(33280K) Eden: 0K(8704K)->0K(8704K) From: 18240K(24576K)->2282K(24576K)
[1.021s][info][gc,heap        ] GC(40) ParOldGen: 126742K(142336K)->142321K(175104K)
[1.021s][info][gc,metaspace   ] GC(40) Metaspace: 6298K(6464K)->6298K(6464K) NonClass: 5764K(5824K)->5764K(5824K) Class: 533K(640K)->533K(640K)
[1.021s][info][gc             ] GC(40) Pause Full (Ergonomics) 141M->141M(203M) 66.357ms
[1.022s][info][gc,cpu         ] GC(40) User=0.16s Sys=0.02s Real=0.07s
[1.031s][info][gc,start       ] GC(41) Pause Young (Allocation Failure)
[1.048s][info][gc,heap        ] GC(41) PSYoungGen: 10986K(33280K)->10816K(33280K) Eden: 8704K(8704K)->0K(10240K) From: 2282K(24576K)->10816K(23040K)
[1.048s][info][gc,heap        ] GC(41) ParOldGen: 142321K(175104K)->142585K(175104K)
[1.048s][info][gc,metaspace   ] GC(41) Metaspace: 6298K(6464K)->6298K(6464K) NonClass: 5764K(5824K)->5764K(5824K) Class: 533K(640K)->533K(640K)
[1.048s][info][gc             ] GC(41) Pause Young (Allocation Failure) 149M->149M(203M) 16.938ms
[1.048s][info][gc,cpu         ] GC(41) User=0.03s Sys=0.00s Real=0.02s
[1.058s][info][gc,start       ] GC(42) Pause Young (Allocation Failure)
[1.072s][info][gc,heap        ] GC(42) PSYoungGen: 21056K(33280K)->21024K(34816K) Eden: 10240K(10240K)->0K(10240K) From: 10816K(23040K)->21024K(24576K)
[1.072s][info][gc,heap        ] GC(42) ParOldGen: 142585K(175104K)->142585K(175104K)
[1.072s][info][gc,metaspace   ] GC(42) Metaspace: 6298K(6464K)->6298K(6464K) NonClass: 5764K(5824K)->5764K(5824K) Class: 533K(640K)->533K(640K)
[1.072s][info][gc             ] GC(42) Pause Young (Allocation Failure) 159M->159M(205M) 14.115ms
[1.072s][info][gc,cpu         ] GC(42) User=0.00s Sys=0.00s Real=0.01s
[1.083s][info][gc,start       ] GC(43) Pause Young (Allocation Failure)
[1.104s][info][gc,heap        ] GC(43) PSYoungGen: 31264K(34816K)->27136K(33280K) Eden: 10240K(10240K)->0K(6144K) From: 21024K(24576K)->27136K(27136K)
[1.104s][info][gc,heap        ] GC(43) ParOldGen: 142585K(175104K)->146697K(175104K)
[1.104s][info][gc,metaspace   ] GC(43) Metaspace: 6298K(6464K)->6298K(6464K) NonClass: 5764K(5824K)->5764K(5824K) Class: 533K(640K)->533K(640K)
[1.104s][info][gc             ] GC(43) Pause Young (Allocation Failure) 169M->169M(203M) 20.779ms
[1.104s][info][gc,cpu         ] GC(43) User=0.05s Sys=0.02s Real=0.02s
[1.138s][info][gc,start       ] GC(44) Pause Young (Allocation Failure)
[1.160s][info][gc,heap        ] GC(44) PSYoungGen: 33280K(33280K)->24448K(38912K) Eden: 6144K(6144K)->0K(6144K) From: 27136K(27136K)->24448K(32768K)
[1.160s][info][gc,heap        ] GC(44) ParOldGen: 154889K(175104K)->163857K(175104K)
[1.160s][info][gc,metaspace   ] GC(44) Metaspace: 6298K(6464K)->6298K(6464K) NonClass: 5764K(5824K)->5764K(5824K) Class: 533K(640K)->533K(640K)
[1.160s][info][gc             ] GC(44) Pause Young (Allocation Failure) 183M->183M(209M) 21.704ms
[1.160s][info][gc,cpu         ] GC(44) User=0.08s Sys=0.00s Real=0.02s
[1.160s][info][gc,start       ] GC(45) Pause Full (Ergonomics)
[1.160s][info][gc,phases,start] GC(45) Marking Phase
[1.211s][info][gc,phases      ] GC(45) Marking Phase 50.903ms
[1.211s][info][gc,phases,start] GC(45) Summary Phase
[1.211s][info][gc,phases      ] GC(45) Summary Phase 0.018ms
[1.211s][info][gc,phases,start] GC(45) Adjust Roots
[1.211s][info][gc,phases      ] GC(45) Adjust Roots 0.144ms
[1.211s][info][gc,phases,start] GC(45) Compaction Phase
[1.256s][info][gc,phases      ] GC(45) Compaction Phase 44.491ms
[1.256s][info][gc,phases,start] GC(45) Post Compact
[1.257s][info][gc,phases      ] GC(45) Post Compact 1.173ms
[1.257s][info][gc,heap        ] GC(45) PSYoungGen: 24448K(38912K)->9054K(38912K) Eden: 0K(6144K)->0K(6144K) From: 24448K(32768K)->9054K(32768K)
[1.257s][info][gc,heap        ] GC(45) ParOldGen: 163857K(175104K)->174849K(208896K)
[1.257s][info][gc,metaspace   ] GC(45) Metaspace: 6298K(6464K)->6298K(6464K) NonClass: 5764K(5824K)->5764K(5824K) Class: 533K(640K)->533K(640K)
[1.257s][info][gc             ] GC(45) Pause Full (Ergonomics) 183M->179M(242M) 97.196ms
[1.257s][info][gc,cpu         ] GC(45) User=0.25s Sys=0.00s Real=0.10s
[1.265s][info][gc,start       ] GC(46) Pause Young (Allocation Failure)
[1.284s][info][gc,heap        ] GC(46) PSYoungGen: 15198K(38912K)->11200K(39424K) Eden: 6144K(6144K)->0K(7168K) From: 9054K(32768K)->11200K(32256K)
[1.284s][info][gc,heap        ] GC(46) ParOldGen: 174849K(208896K)->179017K(208896K)
[1.284s][info][gc,metaspace   ] GC(46) Metaspace: 6298K(6464K)->6298K(6464K) NonClass: 5764K(5824K)->5764K(5824K) Class: 533K(640K)->533K(640K)
[1.284s][info][gc             ] GC(46) Pause Young (Allocation Failure) 185M->185M(242M) 19.376ms
[1.284s][info][gc,cpu         ] GC(46) User=0.03s Sys=0.00s Real=0.02s
[1.292s][info][gc,start       ] GC(47) Pause Young (Allocation Failure)
[1.302s][info][gc,heap        ] GC(47) PSYoungGen: 18368K(39424K)->18336K(40448K) Eden: 7168K(7168K)->0K(7168K) From: 11200K(32256K)->18336K(33280K)
[1.302s][info][gc,heap        ] GC(47) ParOldGen: 179017K(208896K)->179017K(208896K)
[1.302s][info][gc,metaspace   ] GC(47) Metaspace: 6298K(6464K)->6298K(6464K) NonClass: 5764K(5824K)->5764K(5824K) Class: 533K(640K)->533K(640K)
[1.302s][info][gc             ] GC(47) Pause Young (Allocation Failure) 192M->192M(243M) 10.094ms
[1.302s][info][gc,cpu         ] GC(47) User=0.00s Sys=0.00s Real=0.01s
[1.309s][info][gc,start       ] GC(48) Pause Young (Allocation Failure)
[1.322s][info][gc,heap        ] GC(48) PSYoungGen: 25504K(40448K)->25472K(38912K) Eden: 7168K(7168K)->0K(6144K) From: 18336K(33280K)->25472K(32768K)
[1.322s][info][gc,heap        ] GC(48) ParOldGen: 179017K(208896K)->179017K(208896K)
[1.322s][info][gc,metaspace   ] GC(48) Metaspace: 6298K(6464K)->6298K(6464K) NonClass: 5764K(5824K)->5764K(5824K) Class: 533K(640K)->533K(640K)
[1.322s][info][gc             ] GC(48) Pause Young (Allocation Failure) 199M->199M(242M) 13.556ms
[1.322s][info][gc,cpu         ] GC(48) User=0.00s Sys=0.00s Real=0.01s
[1.329s][info][gc,start       ] GC(49) Pause Young (Allocation Failure)
[1.345s][info][gc,heap        ] GC(49) PSYoungGen: 31616K(38912K)->29088K(40960K) Eden: 6144K(6144K)->0K(6144K) From: 25472K(32768K)->29088K(34816K)
[1.345s][info][gc,heap        ] GC(49) ParOldGen: 179017K(208896K)->181641K(208896K)
[1.345s][info][gc,metaspace   ] GC(49) Metaspace: 6298K(6464K)->6298K(6464K) NonClass: 5764K(5824K)->5764K(5824K) Class: 533K(640K)->533K(640K)
[1.345s][info][gc             ] GC(49) Pause Young (Allocation Failure) 205M->205M(244M) 16.220ms
[1.345s][info][gc,cpu         ] GC(49) User=0.00s Sys=0.00s Real=0.02s
[1.352s][info][gc,start       ] GC(50) Pause Young (Allocation Failure)
[1.370s][info][gc,heap        ] GC(50) PSYoungGen: 35232K(40960K)->26624K(44032K) Eden: 6144K(6144K)->0K(6144K) From: 29088K(34816K)->26624K(37888K)
[1.370s][info][gc,heap        ] GC(50) ParOldGen: 181641K(208896K)->190313K(208896K)
[1.370s][info][gc,metaspace   ] GC(50) Metaspace: 6298K(6464K)->6298K(6464K) NonClass: 5764K(5824K)->5764K(5824K) Class: 533K(640K)->533K(640K)
[1.370s][info][gc             ] GC(50) Pause Young (Allocation Failure) 211M->211M(247M) 18.737ms
[1.370s][info][gc,cpu         ] GC(50) User=0.05s Sys=0.02s Real=0.02s
[1.377s][info][gc,start       ] GC(51) Pause Young (Allocation Failure)
[1.395s][info][gc,heap        ] GC(51) PSYoungGen: 32768K(44032K)->18496K(25088K) Eden: 6144K(6144K)->0K(6144K) From: 26624K(37888K)->18496K(18944K)
[1.395s][info][gc,heap        ] GC(51) ParOldGen: 190313K(208896K)->204817K(208896K)
[1.395s][info][gc,metaspace   ] GC(51) Metaspace: 6298K(6464K)->6298K(6464K) NonClass: 5764K(5824K)->5764K(5824K) Class: 533K(640K)->533K(640K)
[1.395s][info][gc             ] GC(51) Pause Young (Allocation Failure) 217M->218M(228M) 17.598ms
[1.395s][info][gc,cpu         ] GC(51) User=0.02s Sys=0.00s Real=0.02s
[1.395s][info][gc,start       ] GC(52) Pause Full (Ergonomics)
[1.395s][info][gc,phases,start] GC(52) Marking Phase
[1.456s][info][gc,phases      ] GC(52) Marking Phase 60.983ms
[1.456s][info][gc,phases,start] GC(52) Summary Phase
[1.456s][info][gc,phases      ] GC(52) Summary Phase 0.018ms
[1.456s][info][gc,phases,start] GC(52) Adjust Roots
[1.456s][info][gc,phases      ] GC(52) Adjust Roots 0.168ms
[1.456s][info][gc,phases,start] GC(52) Compaction Phase
[1.485s][info][gc,phases      ] GC(52) Compaction Phase 29.394ms
[1.485s][info][gc,phases,start] GC(52) Post Compact
[1.487s][info][gc,phases      ] GC(52) Post Compact 1.074ms
[1.487s][info][gc,heap        ] GC(52) PSYoungGen: 18496K(25088K)->13737K(25088K) Eden: 0K(6144K)->0K(6144K) From: 18496K(18944K)->13737K(18944K)
[1.487s][info][gc,heap        ] GC(52) ParOldGen: 204817K(208896K)->208889K(246272K)
[1.487s][info][gc,metaspace   ] GC(52) Metaspace: 6298K(6464K)->6298K(6464K) NonClass: 5764K(5824K)->5764K(5824K) Class: 533K(640K)->533K(640K)
[1.487s][info][gc             ] GC(52) Pause Full (Ergonomics) 218M->217M(265M) 92.141ms
[1.487s][info][gc,cpu         ] GC(52) User=0.27s Sys=0.00s Real=0.09s
[1.494s][info][gc,start       ] GC(53) Pause Young (Allocation Failure)
[1.515s][info][gc,heap        ] GC(53) PSYoungGen: 19881K(25088K)->10752K(43008K) Eden: 6144K(6144K)->0K(7168K) From: 13737K(18944K)->10752K(35840K)
[1.515s][info][gc,heap        ] GC(53) ParOldGen: 208889K(246272K)->218273K(246272K)
[1.515s][info][gc,metaspace   ] GC(53) Metaspace: 6298K(6464K)->6298K(6464K) NonClass: 5764K(5824K)->5764K(5824K) Class: 533K(640K)->533K(640K)
[1.515s][info][gc             ] GC(53) Pause Young (Allocation Failure) 223M->223M(282M) 20.352ms
[1.515s][info][gc,cpu         ] GC(53) User=0.03s Sys=0.00s Real=0.02s
[1.523s][info][gc,start       ] GC(54) Pause Young (Allocation Failure)
[1.534s][info][gc,heap        ] GC(54) PSYoungGen: 17920K(43008K)->7264K(43520K) Eden: 7168K(7168K)->0K(7168K) From: 10752K(35840K)->7264K(36352K)
[1.534s][info][gc,heap        ] GC(54) ParOldGen: 218273K(246272K)->229081K(246272K)
[1.534s][info][gc,metaspace   ] GC(54) Metaspace: 6298K(6464K)->6298K(6464K) NonClass: 5764K(5824K)->5764K(5824K) Class: 533K(640K)->533K(640K)
[1.534s][info][gc             ] GC(54) Pause Young (Allocation Failure) 230M->230M(283M) 10.915ms
[1.534s][info][gc,cpu         ] GC(54) User=0.00s Sys=0.00s Real=0.01s
[1.534s][info][gc,start       ] GC(55) Pause Full (Ergonomics)
[1.534s][info][gc,phases,start] GC(55) Marking Phase
[1.594s][info][gc,phases      ] GC(55) Marking Phase 60.123ms
[1.594s][info][gc,phases,start] GC(55) Summary Phase
[1.594s][info][gc,phases      ] GC(55) Summary Phase 0.021ms
[1.594s][info][gc,phases,start] GC(55) Adjust Roots
[1.594s][info][gc,phases      ] GC(55) Adjust Roots 0.147ms
[1.594s][info][gc,phases,start] GC(55) Compaction Phase
[1.617s][info][gc,phases      ] GC(55) Compaction Phase 23.181ms
[1.618s][info][gc,phases,start] GC(55) Post Compact
[1.619s][info][gc,phases      ] GC(55) Post Compact 1.260ms
[1.619s][info][gc,heap        ] GC(55) PSYoungGen: 7264K(43520K)->0K(45056K) Eden: 0K(7168K)->0K(8704K) From: 7264K(36352K)->0K(36352K)
[1.619s][info][gc,heap        ] GC(55) ParOldGen: 229081K(246272K)->235875K(276992K)
[1.619s][info][gc,metaspace   ] GC(55) Metaspace: 6298K(6464K)->6298K(6464K) NonClass: 5764K(5824K)->5764K(5824K) Class: 533K(640K)->533K(640K)
[1.619s][info][gc             ] GC(55) Pause Full (Ergonomics) 230M->230M(314M) 85.188ms
[1.619s][info][gc,cpu         ] GC(55) User=0.25s Sys=0.00s Real=0.09s
[1.629s][info][gc,start       ] GC(56) Pause Young (Allocation Failure)
[1.635s][info][gc,heap        ] GC(56) PSYoungGen: 8704K(45056K)->8800K(45056K) Eden: 8704K(8704K)->0K(8704K) From: 0K(36352K)->8800K(36352K)
[1.635s][info][gc,heap        ] GC(56) ParOldGen: 235875K(276992K)->235875K(276992K)
[1.635s][info][gc,metaspace   ] GC(56) Metaspace: 6298K(6464K)->6298K(6464K) NonClass: 5764K(5824K)->5764K(5824K) Class: 533K(640K)->533K(640K)
[1.635s][info][gc             ] GC(56) Pause Young (Allocation Failure) 238M->238M(314M) 5.876ms
[1.635s][info][gc,cpu         ] GC(56) User=0.00s Sys=0.00s Real=0.01s
[1.645s][info][gc,start       ] GC(57) Pause Young (Allocation Failure)
[1.655s][info][gc,heap        ] GC(57) PSYoungGen: 17504K(45056K)->17440K(42496K) Eden: 8704K(8704K)->0K(9728K) From: 8800K(36352K)->17440K(32768K)
[1.655s][info][gc,heap        ] GC(57) ParOldGen: 235875K(276992K)->235875K(276992K)
[1.655s][info][gc,metaspace   ] GC(57) Metaspace: 6298K(6464K)->6298K(6464K) NonClass: 5764K(5824K)->5764K(5824K) Class: 533K(640K)->533K(640K)
[1.655s][info][gc             ] GC(57) Pause Young (Allocation Failure) 247M->247M(312M) 10.096ms
[1.655s][info][gc,cpu         ] GC(57) User=0.00s Sys=0.00s Real=0.01s
[1.667s][info][gc,start       ] GC(58) Pause Young (Allocation Failure)
[1.681s][info][gc,heap        ] GC(58) PSYoungGen: 27168K(42496K)->27200K(44032K) Eden: 9728K(9728K)->0K(9728K) From: 17440K(32768K)->27200K(34304K)
[1.681s][info][gc,heap        ] GC(58) ParOldGen: 235875K(276992K)->235875K(276992K)
[1.681s][info][gc,metaspace   ] GC(58) Metaspace: 6298K(6464K)->6298K(6464K) NonClass: 5764K(5824K)->5764K(5824K) Class: 533K(640K)->533K(640K)
[1.681s][info][gc             ] GC(58) Pause Young (Allocation Failure) 256M->256M(313M) 14.160ms
[1.681s][info][gc,cpu         ] GC(58) User=0.00s Sys=0.00s Real=0.01s
[1.691s][info][gc,start       ] GC(59) Pause Young (Allocation Failure)
[1.710s][info][gc,heap        ] GC(59) PSYoungGen: 36928K(44032K)->36864K(43008K) Eden: 9728K(9728K)->0K(6144K) From: 27200K(34304K)->36864K(36864K)
[1.710s][info][gc,heap        ] GC(59) ParOldGen: 235875K(276992K)->235907K(276992K)
[1.710s][info][gc,metaspace   ] GC(59) Metaspace: 6298K(6464K)->6298K(6464K) NonClass: 5764K(5824K)->5764K(5824K) Class: 533K(640K)->533K(640K)
[1.710s][info][gc             ] GC(59) Pause Young (Allocation Failure) 266M->266M(312M) 18.840ms
[1.710s][info][gc,cpu         ] GC(59) User=0.11s Sys=0.00s Real=0.02s
[1.717s][info][gc,start       ] GC(60) Pause Young (Allocation Failure)
[1.737s][info][gc,heap        ] GC(60) PSYoungGen: 43008K(43008K)->25632K(48128K) Eden: 6144K(6144K)->0K(6144K) From: 36864K(36864K)->25632K(41984K)
[1.737s][info][gc,heap        ] GC(60) ParOldGen: 235907K(276992K)->253531K(276992K)
[1.737s][info][gc,metaspace   ] GC(60) Metaspace: 6298K(6464K)->6298K(6464K) NonClass: 5764K(5824K)->5764K(5824K) Class: 533K(640K)->533K(640K)
[1.737s][info][gc             ] GC(60) Pause Young (Allocation Failure) 272M->272M(317M) 20.153ms
[1.737s][info][gc,cpu         ] GC(60) User=0.09s Sys=0.00s Real=0.02s
[1.745s][info][gc,start       ] GC(61) Pause Young (Allocation Failure)
[1.761s][info][gc,heap        ] GC(61) PSYoungGen: 31776K(48128K)->12352K(47616K) Eden: 6144K(6144K)->0K(7168K) From: 25632K(41984K)->12352K(40448K)
[1.761s][info][gc,heap        ] GC(61) ParOldGen: 253531K(276992K)->273219K(276992K)
[1.761s][info][gc,metaspace   ] GC(61) Metaspace: 6298K(6464K)->6298K(6464K) NonClass: 5764K(5824K)->5764K(5824K) Class: 533K(640K)->533K(640K)
[1.761s][info][gc             ] GC(61) Pause Young (Allocation Failure) 278M->278M(317M) 15.926ms
[1.761s][info][gc,cpu         ] GC(61) User=0.00s Sys=0.00s Real=0.02s
[1.761s][info][gc,start       ] GC(62) Pause Full (Ergonomics)
[1.761s][info][gc,phases,start] GC(62) Marking Phase
[1.826s][info][gc,phases      ] GC(62) Marking Phase 65.105ms
[1.826s][info][gc,phases,start] GC(62) Summary Phase
[1.826s][info][gc,phases      ] GC(62) Summary Phase 0.018ms
[1.826s][info][gc,phases,start] GC(62) Adjust Roots
[1.827s][info][gc,phases      ] GC(62) Adjust Roots 0.147ms
[1.827s][info][gc,phases,start] GC(62) Compaction Phase
[1.854s][info][gc,phases      ] GC(62) Compaction Phase 27.287ms
[1.854s][info][gc,phases,start] GC(62) Post Compact
[1.855s][info][gc,phases      ] GC(62) Post Compact 1.306ms
[1.855s][info][gc,heap        ] GC(62) PSYoungGen: 12352K(47616K)->8141K(48640K) Eden: 0K(7168K)->0K(8192K) From: 12352K(40448K)->8141K(40448K)
[1.855s][info][gc,heap        ] GC(62) ParOldGen: 273219K(276992K)->276702K(326144K)
[1.856s][info][gc,metaspace   ] GC(62) Metaspace: 6298K(6464K)->6298K(6464K) NonClass: 5764K(5824K)->5764K(5824K) Class: 533K(640K)->533K(640K)
[1.856s][info][gc             ] GC(62) Pause Full (Ergonomics) 278M->278M(366M) 94.375ms
[1.856s][info][gc,cpu         ] GC(62) User=0.53s Sys=0.00s Real=0.10s
[1.865s][info][gc,start       ] GC(63) Pause Young (Allocation Failure)
[1.885s][info][gc,heap        ] GC(63) PSYoungGen: 16333K(48640K)->8288K(49664K) Eden: 8192K(8192K)->0K(8192K) From: 8141K(40448K)->8288K(41472K)
[1.885s][info][gc,heap        ] GC(63) ParOldGen: 276702K(326144K)->284982K(326144K)
[1.885s][info][gc,metaspace   ] GC(63) Metaspace: 6298K(6464K)->6298K(6464K) NonClass: 5764K(5824K)->5764K(5824K) Class: 533K(640K)->533K(640K)
[1.885s][info][gc             ] GC(63) Pause Young (Allocation Failure) 286M->286M(367M) 19.702ms
[1.885s][info][gc,cpu         ] GC(63) User=0.11s Sys=0.02s Real=0.02s
[1.893s][info][gc,start       ] GC(64) Pause Young (Allocation Failure)
[1.902s][info][gc,heap        ] GC(64) PSYoungGen: 16480K(49664K)->8320K(49664K) Eden: 8192K(8192K)->0K(9728K) From: 8288K(41472K)->8320K(39936K)
[1.902s][info][gc,heap        ] GC(64) ParOldGen: 284982K(326144K)->293294K(326144K)
[1.903s][info][gc,metaspace   ] GC(64) Metaspace: 6298K(6464K)->6298K(6464K) NonClass: 5764K(5824K)->5764K(5824K) Class: 533K(640K)->533K(640K)
[1.903s][info][gc             ] GC(64) Pause Young (Allocation Failure) 294M->294M(367M) 9.060ms
[1.903s][info][gc,cpu         ] GC(64) User=0.00s Sys=0.00s Real=0.01s
[1.914s][info][gc,start       ] GC(65) Pause Young (Allocation Failure)
[1.924s][info][gc,heap        ] GC(65) PSYoungGen: 18048K(49664K)->9824K(50176K) Eden: 9728K(9728K)->0K(9728K) From: 8320K(39936K)->9824K(40448K)
[1.924s][info][gc,heap        ] GC(65) ParOldGen: 293294K(326144K)->301598K(326144K)
[1.924s][info][gc,metaspace   ] GC(65) Metaspace: 6298K(6464K)->6298K(6464K) NonClass: 5764K(5824K)->5764K(5824K) Class: 533K(640K)->533K(640K)
[1.924s][info][gc             ] GC(65) Pause Young (Allocation Failure) 304M->304M(367M) 10.069ms
[1.924s][info][gc,cpu         ] GC(65) User=0.02s Sys=0.00s Real=0.01s
[1.935s][info][gc,start       ] GC(66) Pause Young (Allocation Failure)
[1.945s][info][gc,heap        ] GC(66) PSYoungGen: 19552K(50176K)->9856K(47616K) Eden: 9728K(9728K)->0K(11264K) From: 9824K(40448K)->9856K(36352K)
[1.945s][info][gc,heap        ] GC(66) ParOldGen: 301598K(326144K)->311470K(326144K)
[1.945s][info][gc,metaspace   ] GC(66) Metaspace: 6298K(6464K)->6298K(6464K) NonClass: 5764K(5824K)->5764K(5824K) Class: 533K(640K)->533K(640K)
[1.945s][info][gc             ] GC(66) Pause Young (Allocation Failure) 313M->313M(365M) 10.580ms
[1.945s][info][gc,cpu         ] GC(66) User=0.02s Sys=0.00s Real=0.01s
[1.945s][info][gc,start       ] GC(67) Pause Full (Ergonomics)
[1.945s][info][gc,phases,start] GC(67) Marking Phase
[2.014s][info][gc,phases      ] GC(67) Marking Phase 68.758ms
[2.014s][info][gc,phases,start] GC(67) Summary Phase
[2.014s][info][gc,phases      ] GC(67) Summary Phase 0.026ms
[2.014s][info][gc,phases,start] GC(67) Adjust Roots
[2.014s][info][gc,phases      ] GC(67) Adjust Roots 0.149ms
[2.014s][info][gc,phases,start] GC(67) Compaction Phase
[2.043s][info][gc,phases      ] GC(67) Compaction Phase 28.358ms
[2.043s][info][gc,phases,start] GC(67) Post Compact
[2.044s][info][gc,phases      ] GC(67) Post Compact 1.489ms
[2.045s][info][gc,heap        ] GC(67) PSYoungGen: 9856K(47616K)->0K(49152K) Eden: 0K(11264K)->0K(11264K) From: 9856K(36352K)->0K(37888K)
[2.045s][info][gc,heap        ] GC(67) ParOldGen: 311470K(326144K)->320561K(369664K)
[2.045s][info][gc,metaspace   ] GC(67) Metaspace: 6298K(6464K)->6298K(6464K) NonClass: 5764K(5824K)->5764K(5824K) Class: 533K(640K)->533K(640K)
[2.045s][info][gc             ] GC(67) Pause Full (Ergonomics) 313M->313M(409M) 99.263ms
[2.045s][info][gc,cpu         ] GC(67) User=0.61s Sys=0.03s Real=0.10s
[2.058s][info][gc,start       ] GC(68) Pause Young (Allocation Failure)
[2.065s][info][gc,heap        ] GC(68) PSYoungGen: 11264K(49152K)->11392K(47616K) Eden: 11264K(11264K)->0K(12800K) From: 0K(37888K)->11392K(34816K)
[2.065s][info][gc,heap        ] GC(68) ParOldGen: 320561K(369664K)->320561K(369664K)
[2.065s][info][gc,metaspace   ] GC(68) Metaspace: 6298K(6464K)->6298K(6464K) NonClass: 5764K(5824K)->5764K(5824K) Class: 533K(640K)->533K(640K)
[2.065s][info][gc             ] GC(68) Pause Young (Allocation Failure) 324M->324M(407M) 7.144ms
[2.065s][info][gc,cpu         ] GC(68) User=0.02s Sys=0.00s Real=0.01s
[2.079s][info][gc,start       ] GC(69) Pause Young (Allocation Failure)
[2.092s][info][gc,heap        ] GC(69) PSYoungGen: 24192K(47616K)->24160K(49152K) Eden: 12800K(12800K)->0K(12800K) From: 11392K(34816K)->24160K(36352K)
[2.092s][info][gc,heap        ] GC(69) ParOldGen: 320561K(369664K)->320561K(369664K)
[2.092s][info][gc,metaspace   ] GC(69) Metaspace: 6298K(6464K)->6298K(6464K) NonClass: 5764K(5824K)->5764K(5824K) Class: 533K(640K)->533K(640K)
[2.092s][info][gc             ] GC(69) Pause Young (Allocation Failure) 336M->336M(409M) 13.029ms
[2.092s][info][gc,cpu         ] GC(69) User=0.00s Sys=0.00s Real=0.01s
[2.174s][info][gc,start       ] GC(70) Pause Young (Allocation Failure)
[2.199s][info][gc,heap        ] GC(70) PSYoungGen: 36960K(49152K)->36960K(46592K) Eden: 12800K(12800K)->0K(8704K) From: 24160K(36352K)->36960K(37888K)
[2.199s][info][gc,heap        ] GC(70) ParOldGen: 336945K(369664K)->336945K(369664K)
[2.199s][info][gc,metaspace   ] GC(70) Metaspace: 6298K(6464K)->6298K(6464K) NonClass: 5764K(5824K)->5764K(5824K) Class: 533K(640K)->533K(640K)
[2.199s][info][gc             ] GC(70) Pause Young (Allocation Failure) 365M->365M(406M) 25.451ms
[2.199s][info][gc,cpu         ] GC(70) User=0.09s Sys=0.00s Real=0.03s
[2.207s][info][gc,start       ] GC(71) Pause Young (Allocation Failure)
[2.229s][info][gc,heap        ] GC(71) PSYoungGen: 45664K(46592K)->43520K(52224K) Eden: 8704K(8704K)->0K(8704K) From: 36960K(37888K)->43520K(43520K)
[2.229s][info][gc,heap        ] GC(71) ParOldGen: 336945K(369664K)->339025K(369664K)
[2.229s][info][gc,metaspace   ] GC(71) Metaspace: 6298K(6464K)->6298K(6464K) NonClass: 5764K(5824K)->5764K(5824K) Class: 533K(640K)->533K(640K)
[2.229s][info][gc             ] GC(71) Pause Young (Allocation Failure) 373M->373M(412M) 21.230ms
[2.229s][info][gc,cpu         ] GC(71) User=0.11s Sys=0.00s Real=0.02s
[2.238s][info][gc,start       ] GC(72) Pause Young (Allocation Failure)
[2.262s][info][gc,heap        ] GC(72) PSYoungGen: 52224K(52224K)->29088K(60928K) Eden: 8704K(8704K)->0K(9728K) From: 43520K(43520K)->29088K(51200K)
[2.262s][info][gc,heap        ] GC(72) ParOldGen: 339025K(369664K)->362593K(369664K)
[2.262s][info][gc,metaspace   ] GC(72) Metaspace: 6298K(6464K)->6298K(6464K) NonClass: 5764K(5824K)->5764K(5824K) Class: 533K(640K)->533K(640K)
[2.262s][info][gc             ] GC(72) Pause Young (Allocation Failure) 382M->382M(420M) 24.186ms
[2.262s][info][gc,cpu         ] GC(72) User=0.12s Sys=0.00s Real=0.02s
[2.262s][info][gc,start       ] GC(73) Pause Full (Ergonomics)
[2.262s][info][gc,phases,start] GC(73) Marking Phase
[2.345s][info][gc,phases      ] GC(73) Marking Phase 83.411ms
[2.345s][info][gc,phases,start] GC(73) Summary Phase
[2.345s][info][gc,phases      ] GC(73) Summary Phase 0.027ms
[2.346s][info][gc,phases,start] GC(73) Adjust Roots
[2.346s][info][gc,phases      ] GC(73) Adjust Roots 0.175ms
[2.346s][info][gc,phases,start] GC(73) Compaction Phase
[2.413s][info][gc,phases      ] GC(73) Compaction Phase 67.342ms
[2.413s][info][gc,phases,start] GC(73) Post Compact
[2.415s][info][gc,phases      ] GC(73) Post Compact 2.216ms
[2.416s][info][gc,heap        ] GC(73) PSYoungGen: 29088K(60928K)->13567K(60928K) Eden: 0K(9728K)->0K(9728K) From: 29088K(51200K)->13567K(51200K)
[2.416s][info][gc,heap        ] GC(73) ParOldGen: 362593K(369664K)->369297K(424448K)
[2.416s][info][gc,metaspace   ] GC(73) Metaspace: 6298K(6464K)->6298K(6464K) NonClass: 5764K(5824K)->5764K(5824K) Class: 533K(640K)->533K(640K)
[2.416s][info][gc             ] GC(73) Pause Full (Ergonomics) 382M->373M(474M) 153.728ms
[2.416s][info][gc,cpu         ] GC(73) User=1.03s Sys=0.00s Real=0.15s
[2.428s][info][gc,start       ] GC(74) Pause Young (Allocation Failure)
[2.454s][info][gc,heap        ] GC(74) PSYoungGen: 23295K(60928K)->17248K(27136K) Eden: 9728K(9728K)->0K(9728K) From: 13567K(51200K)->17248K(17408K)
[2.454s][info][gc,heap        ] GC(74) ParOldGen: 369297K(424448K)->375569K(424448K)
[2.454s][info][gc,metaspace   ] GC(74) Metaspace: 6298K(6464K)->6298K(6464K) NonClass: 5764K(5824K)->5764K(5824K) Class: 533K(640K)->533K(640K)
[2.454s][info][gc             ] GC(74) Pause Young (Allocation Failure) 383M->383M(441M) 26.246ms
[2.454s][info][gc,cpu         ] GC(74) User=0.12s Sys=0.00s Real=0.03s
[2.463s][info][gc,start       ] GC(75) Pause Young (Allocation Failure)
[2.477s][info][gc,heap        ] GC(75) PSYoungGen: 26976K(27136K)->26976K(58368K) Eden: 9728K(9728K)->0K(10752K) From: 17248K(17408K)->26976K(47616K)
[2.477s][info][gc,heap        ] GC(75) ParOldGen: 375569K(424448K)->375569K(424448K)
[2.477s][info][gc,metaspace   ] GC(75) Metaspace: 6298K(6464K)->6298K(6464K) NonClass: 5764K(5824K)->5764K(5824K) Class: 533K(640K)->533K(640K)
[2.477s][info][gc             ] GC(75) Pause Young (Allocation Failure) 393M->393M(471M) 13.423ms
[2.477s][info][gc,cpu         ] GC(75) User=0.02s Sys=0.00s Real=0.01s
[2.488s][info][gc,start       ] GC(76) Pause Young (Allocation Failure)
[2.506s][info][gc,heap        ] GC(76) PSYoungGen: 37728K(58368K)->34976K(58880K) Eden: 10752K(10752K)->0K(10752K) From: 26976K(47616K)->34976K(48128K)
[2.506s][info][gc,heap        ] GC(76) ParOldGen: 375569K(424448K)->378361K(424448K)
[2.506s][info][gc,metaspace   ] GC(76) Metaspace: 6298K(6464K)->6298K(6464K) NonClass: 5764K(5824K)->5764K(5824K) Class: 533K(640K)->533K(640K)
[2.506s][info][gc             ] GC(76) Pause Young (Allocation Failure) 403M->403M(472M) 17.971ms
[2.506s][info][gc,cpu         ] GC(76) User=0.12s Sys=0.00s Real=0.02s
[2.517s][info][gc,start       ] GC(77) Pause Young (Allocation Failure)
[2.538s][info][gc,heap        ] GC(77) PSYoungGen: 45728K(58880K)->41088K(59392K) Eden: 10752K(10752K)->0K(8704K) From: 34976K(48128K)->41088K(50688K)
[2.538s][info][gc,heap        ] GC(77) ParOldGen: 378361K(424448K)->383113K(424448K)
[2.538s][info][gc,metaspace   ] GC(77) Metaspace: 6298K(6464K)->6298K(6464K) NonClass: 5764K(5824K)->5764K(5824K) Class: 533K(640K)->533K(640K)
[2.538s][info][gc             ] GC(77) Pause Young (Allocation Failure) 414M->414M(472M) 21.112ms
[2.538s][info][gc,cpu         ] GC(77) User=0.11s Sys=0.02s Real=0.02s
[2.547s][info][gc,start       ] GC(78) Pause Young (Allocation Failure)
[2.571s][info][gc,heap        ] GC(78) PSYoungGen: 49792K(59392K)->30336K(62976K) Eden: 8704K(8704K)->0K(8704K) From: 41088K(50688K)->30336K(54272K)
[2.571s][info][gc,heap        ] GC(78) ParOldGen: 383113K(424448K)->402793K(424448K)
[2.571s][info][gc,metaspace   ] GC(78) Metaspace: 6298K(6464K)->6298K(6464K) NonClass: 5764K(5824K)->5764K(5824K) Class: 533K(640K)->533K(640K)
[2.571s][info][gc             ] GC(78) Pause Young (Allocation Failure) 422M->422M(476M) 23.807ms
[2.571s][info][gc,cpu         ] GC(78) User=0.08s Sys=0.06s Real=0.02s
[2.571s][info][gc,start       ] GC(79) Pause Full (Ergonomics)
[2.571s][info][gc,phases,start] GC(79) Marking Phase
[2.670s][info][gc,phases      ] GC(79) Marking Phase 98.768ms
[2.670s][info][gc,phases,start] GC(79) Summary Phase
[2.670s][info][gc,phases      ] GC(79) Summary Phase 0.029ms
[2.670s][info][gc,phases,start] GC(79) Adjust Roots
[2.670s][info][gc,phases      ] GC(79) Adjust Roots 0.187ms
[2.670s][info][gc,phases,start] GC(79) Compaction Phase
[2.723s][info][gc,phases      ] GC(79) Compaction Phase 52.381ms
[2.723s][info][gc,phases,start] GC(79) Post Compact
[2.725s][info][gc,phases      ] GC(79) Post Compact 2.251ms
[2.725s][info][gc,heap        ] GC(79) PSYoungGen: 30336K(62976K)->8138K(62976K) Eden: 0K(8704K)->0K(8704K) From: 30336K(54272K)->8138K(54272K)
[2.725s][info][gc,heap        ] GC(79) ParOldGen: 402793K(424448K)->424233K(482816K)
[2.725s][info][gc,metaspace   ] GC(79) Metaspace: 6298K(6464K)->6298K(6464K) NonClass: 5764K(5824K)->5764K(5824K) Class: 533K(640K)->533K(640K)
[2.725s][info][gc             ] GC(79) Pause Full (Ergonomics) 422M->422M(533M) 154.176ms
[2.725s][info][gc,cpu         ] GC(79) User=0.98s Sys=0.02s Real=0.15s
[2.735s][info][gc,start       ] GC(80) Pause Young (Allocation Failure)
[2.763s][info][gc,heap        ] GC(80) PSYoungGen: 16842K(62976K)->10720K(62464K) Eden: 8704K(8704K)->0K(9728K) From: 8138K(54272K)->10720K(52736K)
[2.763s][info][gc,heap        ] GC(80) ParOldGen: 424233K(482816K)->430617K(482816K)
[2.763s][info][gc,metaspace   ] GC(80) Metaspace: 6298K(6464K)->6298K(6464K) NonClass: 5764K(5824K)->5764K(5824K) Class: 533K(640K)->533K(640K)
[2.763s][info][gc             ] GC(80) Pause Young (Allocation Failure) 430M->430M(532M) 28.429ms
[2.763s][info][gc,cpu         ] GC(80) User=0.22s Sys=0.00s Real=0.03s
[2.774s][info][gc,start       ] GC(81) Pause Young (Allocation Failure)
[2.785s][info][gc,heap        ] GC(81) PSYoungGen: 20448K(62464K)->18528K(28672K) Eden: 9728K(9728K)->0K(9728K) From: 10720K(52736K)->18528K(18944K)
[2.785s][info][gc,heap        ] GC(81) ParOldGen: 430617K(482816K)->432561K(482816K)
[2.785s][info][gc,metaspace   ] GC(81) Metaspace: 6298K(6464K)->6298K(6464K) NonClass: 5764K(5824K)->5764K(5824K) Class: 533K(640K)->533K(640K)
[2.786s][info][gc             ] GC(81) Pause Young (Allocation Failure) 440M->440M(499M) 11.909ms
[2.786s][info][gc,cpu         ] GC(81) User=0.00s Sys=0.00s Real=0.01s
[2.796s][info][gc,start       ] GC(82) Pause Young (Allocation Failure)
[2.812s][info][gc,heap        ] GC(82) PSYoungGen: 28256K(28672K)->19584K(58368K) Eden: 9728K(9728K)->0K(11264K) From: 18528K(18944K)->19584K(47104K)
[2.812s][info][gc,heap        ] GC(82) ParOldGen: 432561K(482816K)->441385K(482816K)
[2.812s][info][gc,metaspace   ] GC(82) Metaspace: 6298K(6464K)->6298K(6464K) NonClass: 5764K(5824K)->5764K(5824K) Class: 533K(640K)->533K(640K)
[2.812s][info][gc             ] GC(82) Pause Young (Allocation Failure) 450M->450M(528M) 15.555ms
[2.812s][info][gc,cpu         ] GC(82) User=0.00s Sys=0.00s Real=0.02s
[2.824s][info][gc,start       ] GC(83) Pause Young (Allocation Failure)
[2.841s][info][gc,heap        ] GC(83) PSYoungGen: 30848K(58368K)->21120K(32768K) Eden: 11264K(11264K)->0K(11264K) From: 19584K(47104K)->21120K(21504K)
[2.841s][info][gc,heap        ] GC(83) ParOldGen: 441385K(482816K)->451249K(482816K)
[2.841s][info][gc,metaspace   ] GC(83) Metaspace: 6298K(6464K)->6298K(6464K) NonClass: 5764K(5824K)->5764K(5824K) Class: 533K(640K)->533K(640K)
[2.841s][info][gc             ] GC(83) Pause Young (Allocation Failure) 461M->461M(503M) 16.689ms
[2.841s][info][gc,cpu         ] GC(83) User=0.02s Sys=0.00s Real=0.02s
[2.853s][info][gc,start       ] GC(84) Pause Young (Allocation Failure)
[2.871s][info][gc,heap        ] GC(84) PSYoungGen: 32384K(32768K)->22624K(54784K) Eden: 11264K(11264K)->0K(12800K) From: 21120K(21504K)->22624K(41984K)
[2.871s][info][gc,heap        ] GC(84) ParOldGen: 451249K(482816K)->461113K(482816K)
[2.871s][info][gc,metaspace   ] GC(84) Metaspace: 6298K(6464K)->6298K(6464K) NonClass: 5764K(5824K)->5764K(5824K) Class: 533K(640K)->533K(640K)
[2.871s][info][gc             ] GC(84) Pause Young (Allocation Failure) 472M->472M(525M) 18.094ms
[2.871s][info][gc,cpu         ] GC(84) User=0.11s Sys=0.00s Real=0.02s
[2.885s][info][gc,start       ] GC(85) Pause Young (Allocation Failure)
[2.905s][info][gc,heap        ] GC(85) PSYoungGen: 35424K(54784K)->12928K(57344K) Eden: 12800K(12800K)->0K(12800K) From: 22624K(41984K)->12928K(44544K)
[2.905s][info][gc,heap        ] GC(85) ParOldGen: 461113K(482816K)->483921K(484352K)
[2.905s][info][gc,metaspace   ] GC(85) Metaspace: 6298K(6464K)->6298K(6464K) NonClass: 5764K(5824K)->5764K(5824K) Class: 533K(640K)->533K(640K)
[2.905s][info][gc             ] GC(85) Pause Young (Allocation Failure) 484M->485M(529M) 19.924ms
[2.905s][info][gc,cpu         ] GC(85) User=0.08s Sys=0.03s Real=0.02s
[2.905s][info][gc,start       ] GC(86) Pause Full (Ergonomics)
[2.905s][info][gc,phases,start] GC(86) Marking Phase
[3.023s][info][gc,phases      ] GC(86) Marking Phase 117.388ms
[3.023s][info][gc,phases,start] GC(86) Summary Phase
[3.023s][info][gc,phases      ] GC(86) Summary Phase 0.020ms
[3.023s][info][gc,phases,start] GC(86) Adjust Roots
[3.023s][info][gc,phases      ] GC(86) Adjust Roots 0.148ms
[3.023s][info][gc,phases,start] GC(86) Compaction Phase
[3.075s][info][gc,phases      ] GC(86) Compaction Phase 51.513ms
[3.075s][info][gc,phases,start] GC(86) Post Compact
[3.077s][info][gc,phases      ] GC(86) Post Compact 2.360ms
[3.077s][info][gc,heap        ] GC(86) PSYoungGen: 12928K(57344K)->11741K(57344K) Eden: 0K(12800K)->0K(12800K) From: 12928K(44544K)->11741K(44544K)
[3.077s][info][gc,heap        ] GC(86) ParOldGen: 483921K(484352K)->483913K(547840K)
[3.077s][info][gc,metaspace   ] GC(86) Metaspace: 6298K(6464K)->6298K(6464K) NonClass: 5764K(5824K)->5764K(5824K) Class: 533K(640K)->533K(640K)
[3.077s][info][gc             ] GC(86) Pause Full (Ergonomics) 485M->484M(591M) 172.008ms
[3.077s][info][gc,cpu         ] GC(86) User=1.14s Sys=0.00s Real=0.17s
[3.091s][info][gc,start       ] GC(87) Pause Young (Allocation Failure)
[3.124s][info][gc,heap        ] GC(87) PSYoungGen: 24541K(57344K)->12928K(57344K) Eden: 12800K(12800K)->0K(14336K) From: 11741K(44544K)->12928K(43008K)
[3.124s][info][gc,heap        ] GC(87) ParOldGen: 483913K(547840K)->495865K(547840K)
[3.124s][info][gc,metaspace   ] GC(87) Metaspace: 6298K(6464K)->6298K(6464K) NonClass: 5764K(5824K)->5764K(5824K) Class: 533K(640K)->533K(640K)
[3.124s][info][gc             ] GC(87) Pause Young (Allocation Failure) 496M->496M(591M) 32.990ms
[3.124s][info][gc,cpu         ] GC(87) User=0.16s Sys=0.00s Real=0.03s
[3.140s][info][gc,start       ] GC(88) Pause Young (Allocation Failure)
[3.155s][info][gc,heap        ] GC(88) PSYoungGen: 27264K(57344K)->14496K(57856K) Eden: 14336K(14336K)->0K(14336K) From: 12928K(43008K)->14496K(43520K)
[3.155s][info][gc,heap        ] GC(88) ParOldGen: 495865K(547840K)->508841K(547840K)
[3.155s][info][gc,metaspace   ] GC(88) Metaspace: 6298K(6464K)->6298K(6464K) NonClass: 5764K(5824K)->5764K(5824K) Class: 533K(640K)->533K(640K)
[3.155s][info][gc             ] GC(88) Pause Young (Allocation Failure) 510M->511M(591M) 15.412ms
[3.155s][info][gc,cpu         ] GC(88) User=0.00s Sys=0.02s Real=0.02s
[3.170s][info][gc,start       ] GC(89) Pause Young (Allocation Failure)
[3.186s][info][gc,heap        ] GC(89) PSYoungGen: 28832K(57856K)->14496K(55296K) Eden: 14336K(14336K)->0K(15872K) From: 14496K(43520K)->14496K(39424K)
[3.187s][info][gc,heap        ] GC(89) ParOldGen: 508841K(547840K)->523377K(547840K)
[3.187s][info][gc,metaspace   ] GC(89) Metaspace: 6298K(6464K)->6298K(6464K) NonClass: 5764K(5824K)->5764K(5824K) Class: 533K(640K)->533K(640K)
[3.187s][info][gc             ] GC(89) Pause Young (Allocation Failure) 525M->525M(589M) 16.051ms
[3.187s][info][gc,cpu         ] GC(89) User=0.02s Sys=0.00s Real=0.02s
[3.204s][info][gc,start       ] GC(90) Pause Young (Allocation Failure)
[3.221s][info][gc,heap        ] GC(90) PSYoungGen: 30368K(55296K)->16032K(56832K) Eden: 15872K(15872K)->0K(15872K) From: 14496K(39424K)->16032K(40960K)
[3.221s][info][gc,heap        ] GC(90) ParOldGen: 523377K(547840K)->537905K(547840K)
[3.221s][info][gc,metaspace   ] GC(90) Metaspace: 6298K(6464K)->6298K(6464K) NonClass: 5764K(5824K)->5764K(5824K) Class: 533K(640K)->533K(640K)
[3.221s][info][gc             ] GC(90) Pause Young (Allocation Failure) 540M->540M(590M) 17.188ms
[3.221s][info][gc,cpu         ] GC(90) User=0.03s Sys=0.00s Real=0.02s
[3.221s][info][gc,start       ] GC(91) Pause Full (Ergonomics)
[3.221s][info][gc,phases,start] GC(91) Marking Phase
[3.353s][info][gc,phases      ] GC(91) Marking Phase 131.982ms
[3.353s][info][gc,phases,start] GC(91) Summary Phase
[3.353s][info][gc,phases      ] GC(91) Summary Phase 0.028ms
[3.353s][info][gc,phases,start] GC(91) Adjust Roots
[3.353s][info][gc,phases      ] GC(91) Adjust Roots 0.212ms
[3.353s][info][gc,phases,start] GC(91) Compaction Phase
[3.407s][info][gc,phases      ] GC(91) Compaction Phase 53.845ms
[3.407s][info][gc,phases,start] GC(91) Post Compact
[3.409s][info][gc,phases      ] GC(91) Post Compact 1.246ms
[3.409s][info][gc,heap        ] GC(91) PSYoungGen: 16032K(56832K)->5113K(56832K) Eden: 0K(15872K)->0K(15872K) From: 16032K(40960K)->5113K(40960K)
[3.409s][info][gc,heap        ] GC(91) ParOldGen: 537905K(547840K)->547762K(616448K)
[3.409s][info][gc,metaspace   ] GC(91) Metaspace: 6298K(6464K)->6298K(6464K) NonClass: 5764K(5824K)->5764K(5824K) Class: 533K(640K)->533K(640K)
[3.409s][info][gc             ] GC(91) Pause Full (Ergonomics) 540M->539M(657M) 188.030ms
[3.409s][info][gc,cpu         ] GC(91) User=1.27s Sys=0.00s Real=0.19s
[3.430s][info][gc,start       ] GC(92) Pause Young (Allocation Failure)
[3.469s][info][gc,heap        ] GC(92) PSYoungGen: 20985K(56832K)->16032K(55296K) Eden: 15872K(15872K)->0K(17920K) From: 5113K(40960K)->16032K(37376K)
[3.469s][info][gc,heap        ] GC(92) ParOldGen: 547762K(616448K)->552978K(616448K)
[3.469s][info][gc,metaspace   ] GC(92) Metaspace: 6298K(6464K)->6298K(6464K) NonClass: 5764K(5824K)->5764K(5824K) Class: 533K(640K)->533K(640K)
[3.469s][info][gc             ] GC(92) Pause Young (Allocation Failure) 555M->555M(656M) 39.756ms
[3.469s][info][gc,cpu         ] GC(92) User=0.20s Sys=0.03s Real=0.04s
[3.492s][info][gc,start       ] GC(93) Pause Young (Allocation Failure)
[3.513s][info][gc,heap        ] GC(93) PSYoungGen: 33952K(55296K)->33920K(56320K) Eden: 17920K(17920K)->0K(17920K) From: 16032K(37376K)->33920K(38400K)
[3.514s][info][gc,heap        ] GC(93) ParOldGen: 552978K(616448K)->552978K(616448K)
[3.514s][info][gc,metaspace   ] GC(93) Metaspace: 6298K(6464K)->6298K(6464K) NonClass: 5764K(5824K)->5764K(5824K) Class: 533K(640K)->533K(640K)
[3.514s][info][gc             ] GC(93) Pause Young (Allocation Failure) 573M->573M(657M) 21.347ms
[3.514s][info][gc,cpu         ] GC(93) User=0.12s Sys=0.00s Real=0.02s
[3.537s][info][gc,start       ] GC(94) Pause Young (Allocation Failure)
[3.567s][info][gc,heap        ] GC(94) PSYoungGen: 51840K(56320K)->41984K(52736K) Eden: 17920K(17920K)->0K(10752K) From: 33920K(38400K)->41984K(41984K)
[3.567s][info][gc,heap        ] GC(94) ParOldGen: 552978K(616448K)->562858K(616448K)
[3.567s][info][gc,metaspace   ] GC(94) Metaspace: 6298K(6464K)->6298K(6464K) NonClass: 5764K(5824K)->5764K(5824K) Class: 533K(640K)->533K(640K)
[3.567s][info][gc             ] GC(94) Pause Young (Allocation Failure) 590M->590M(653M) 30.216ms
[3.567s][info][gc,cpu         ] GC(94) User=0.12s Sys=0.00s Real=0.03s
[3.581s][info][gc,start       ] GC(95) Pause Young (Allocation Failure)
[3.610s][info][gc,heap        ] GC(95) PSYoungGen: 52736K(52736K)->25376K(36352K) Eden: 10752K(10752K)->0K(10752K) From: 41984K(41984K)->25376K(25600K)
[3.610s][info][gc,heap        ] GC(95) ParOldGen: 562858K(616448K)->590746K(616448K)
[3.610s][info][gc,metaspace   ] GC(95) Metaspace: 6298K(6464K)->6298K(6464K) NonClass: 5764K(5824K)->5764K(5824K) Class: 533K(640K)->533K(640K)
[3.610s][info][gc             ] GC(95) Pause Young (Allocation Failure) 601M->601M(637M) 28.852ms
[3.610s][info][gc,cpu         ] GC(95) User=0.09s Sys=0.02s Real=0.03s
[3.610s][info][gc,start       ] GC(96) Pause Full (Ergonomics)
[3.610s][info][gc,phases,start] GC(96) Marking Phase
[3.747s][info][gc,phases      ] GC(96) Marking Phase 137.321ms
[3.748s][info][gc,phases,start] GC(96) Summary Phase
[3.748s][info][gc,phases      ] GC(96) Summary Phase 0.025ms
[3.748s][info][gc,phases,start] GC(96) Adjust Roots
[3.748s][info][gc,phases      ] GC(96) Adjust Roots 0.150ms
[3.748s][info][gc,phases,start] GC(96) Compaction Phase
[3.804s][info][gc,phases      ] GC(96) Compaction Phase 55.999ms
[3.804s][info][gc,phases,start] GC(96) Post Compact
[3.805s][info][gc,phases      ] GC(96) Post Compact 1.281ms
[3.805s][info][gc,heap        ] GC(96) PSYoungGen: 25376K(36352K)->0K(61440K) Eden: 0K(10752K)->0K(12288K) From: 25376K(25600K)->0K(49152K)
[3.805s][info][gc,heap        ] GC(96) ParOldGen: 590746K(616448K)->615216K(691712K)
[3.805s][info][gc,metaspace   ] GC(96) Metaspace: 6298K(6464K)->6298K(6464K) NonClass: 5764K(5824K)->5764K(5824K) Class: 533K(640K)->533K(640K)
[3.806s][info][gc             ] GC(96) Pause Full (Ergonomics) 601M->600M(735M) 195.371ms
[3.806s][info][gc,cpu         ] GC(96) User=1.27s Sys=0.00s Real=0.19s
[3.822s][info][gc,start       ] GC(97) Pause Young (Allocation Failure)
[3.831s][info][gc,heap        ] GC(97) PSYoungGen: 12288K(61440K)->12416K(61440K) Eden: 12288K(12288K)->0K(12288K) From: 0K(49152K)->12416K(49152K)
[3.831s][info][gc,heap        ] GC(97) ParOldGen: 615216K(691712K)->615216K(691712K)
[3.831s][info][gc,metaspace   ] GC(97) Metaspace: 6298K(6464K)->6298K(6464K) NonClass: 5764K(5824K)->5764K(5824K) Class: 533K(640K)->533K(640K)
[3.831s][info][gc             ] GC(97) Pause Young (Allocation Failure) 612M->612M(735M) 9.586ms
[3.831s][info][gc,cpu         ] GC(97) User=0.02s Sys=0.00s Real=0.01s
[3.846s][info][gc,start       ] GC(98) Pause Young (Allocation Failure)
[3.860s][info][gc,heap        ] GC(98) PSYoungGen: 24704K(61440K)->24704K(58368K) Eden: 12288K(12288K)->0K(13824K) From: 12416K(49152K)->24704K(44544K)
[3.861s][info][gc,heap        ] GC(98) ParOldGen: 615216K(691712K)->615216K(691712K)
[3.861s][info][gc,metaspace   ] GC(98) Metaspace: 6298K(6464K)->6298K(6464K) NonClass: 5764K(5824K)->5764K(5824K) Class: 533K(640K)->533K(640K)
[3.861s][info][gc             ] GC(98) Pause Young (Allocation Failure) 624M->624M(732M) 14.715ms
[3.861s][info][gc,cpu         ] GC(98) User=0.00s Sys=0.00s Real=0.01s
[3.878s][info][gc,start       ] GC(99) Pause Young (Allocation Failure)
[3.899s][info][gc,heap        ] GC(99) PSYoungGen: 38528K(58368K)->38528K(60416K) Eden: 13824K(13824K)->0K(13824K) From: 24704K(44544K)->38528K(46592K)
[3.899s][info][gc,heap        ] GC(99) ParOldGen: 615216K(691712K)->615216K(691712K)
[3.899s][info][gc,metaspace   ] GC(99) Metaspace: 6298K(6464K)->6298K(6464K) NonClass: 5764K(5824K)->5764K(5824K) Class: 533K(640K)->533K(640K)
[3.899s][info][gc             ] GC(99) Pause Young (Allocation Failure) 638M->638M(734M) 21.103ms
[3.899s][info][gc,cpu         ] GC(99) User=0.09s Sys=0.00s Real=0.02s
[3.915s][info][gc,start       ] GC(100) Pause Young (Allocation Failure)
[3.942s][info][gc,heap        ] GC(100) PSYoungGen: 52352K(60416K)->50176K(57856K) Eden: 13824K(13824K)->0K(7680K) From: 38528K(46592K)->50176K(50176K)
[3.942s][info][gc,heap        ] GC(100) ParOldGen: 615216K(691712K)->617376K(691712K)
[3.942s][info][gc,metaspace   ] GC(100) Metaspace: 6298K(6464K)->6298K(6464K) NonClass: 5764K(5824K)->5764K(5824K) Class: 533K(640K)->533K(640K)
[3.942s][info][gc             ] GC(100) Pause Young (Allocation Failure) 651M->651M(732M) 26.712ms
[3.942s][info][gc,cpu         ] GC(100) User=0.14s Sys=0.00s Real=0.03s
[3.951s][info][gc,start       ] GC(101) Pause Young (Allocation Failure)
[3.977s][info][gc,heap        ] GC(101) PSYoungGen: 57856K(57856K)->46080K(65536K) Eden: 7680K(7680K)->0K(7680K) From: 50176K(50176K)->46080K(57856K)
[3.977s][info][gc,heap        ] GC(101) ParOldGen: 617376K(691712K)->629296K(691712K)
[3.977s][info][gc,metaspace   ] GC(101) Metaspace: 6298K(6464K)->6298K(6464K) NonClass: 5764K(5824K)->5764K(5824K) Class: 533K(640K)->533K(640K)
[3.977s][info][gc             ] GC(101) Pause Young (Allocation Failure) 659M->659M(739M) 26.129ms
[3.977s][info][gc,cpu         ] GC(101) User=0.17s Sys=0.00s Real=0.03s
[3.987s][info][gc,start       ] GC(102) Pause Young (Allocation Failure)
[4.012s][info][gc,heap        ] GC(102) PSYoungGen: 53760K(65536K)->42048K(69120K) Eden: 7680K(7680K)->0K(7168K) From: 46080K(57856K)->42048K(61952K)
[4.012s][info][gc,heap        ] GC(102) ParOldGen: 629296K(691712K)->641224K(691712K)
[4.012s][info][gc,metaspace   ] GC(102) Metaspace: 6298K(6464K)->6298K(6464K) NonClass: 5764K(5824K)->5764K(5824K) Class: 533K(640K)->533K(640K)
[4.012s][info][gc             ] GC(102) Pause Young (Allocation Failure) 667M->667M(743M) 25.210ms
[4.012s][info][gc,cpu         ] GC(102) User=0.12s Sys=0.00s Real=0.03s
[4.022s][info][gc,start       ] GC(103) Pause Young (Allocation Failure)
[4.046s][info][gc,heap        ] GC(103) PSYoungGen: 49216K(69120K)->22624K(30208K) Eden: 7168K(7168K)->0K(7168K) From: 42048K(61952K)->22624K(23040K)
[4.046s][info][gc,heap        ] GC(103) ParOldGen: 641224K(691712K)->668160K(691712K)
[4.046s][info][gc,metaspace   ] GC(103) Metaspace: 6298K(6464K)->6298K(6464K) NonClass: 5764K(5824K)->5764K(5824K) Class: 533K(640K)->533K(640K)
[4.046s][info][gc             ] GC(103) Pause Young (Allocation Failure) 674M->674M(705M) 24.168ms
[4.046s][info][gc,cpu         ] GC(103) User=0.12s Sys=0.00s Real=0.02s
[4.046s][info][gc,start       ] GC(104) Pause Full (Ergonomics)
[4.046s][info][gc,phases,start] GC(104) Marking Phase
[4.186s][info][gc,phases      ] GC(104) Marking Phase 140.273ms
[4.186s][info][gc,phases,start] GC(104) Summary Phase
[4.186s][info][gc,phases      ] GC(104) Summary Phase 0.041ms
[4.186s][info][gc,phases,start] GC(104) Adjust Roots
[4.187s][info][gc,phases      ] GC(104) Adjust Roots 0.150ms
[4.187s][info][gc,phases,start] GC(104) Compaction Phase
[4.243s][info][gc,phases      ] GC(104) Compaction Phase 55.949ms
[4.243s][info][gc,phases,start] GC(104) Post Compact
[4.244s][info][gc,phases      ] GC(104) Post Compact 1.122ms
[4.244s][info][gc,heap        ] GC(104) PSYoungGen: 22624K(30208K)->0K(69632K) Eden: 0K(7168K)->0K(8192K) From: 22624K(23040K)->0K(61440K)
[4.244s][info][gc,heap        ] GC(104) ParOldGen: 668160K(691712K)->689755K(773120K)
[4.244s][info][gc,metaspace   ] GC(104) Metaspace: 6298K(6464K)->6298K(6464K) NonClass: 5764K(5824K)->5764K(5824K) Class: 533K(640K)->533K(640K)
[4.244s][info][gc             ] GC(104) Pause Full (Ergonomics) 674M->673M(823M) 198.160ms
[4.244s][info][gc,cpu         ] GC(104) User=1.52s Sys=0.00s Real=0.20s
[4.255s][info][gc,start       ] GC(105) Pause Young (Allocation Failure)
[4.262s][info][gc,heap        ] GC(105) PSYoungGen: 8192K(69632K)->8288K(69632K) Eden: 8192K(8192K)->0K(8192K) From: 0K(61440K)->8288K(61440K)
[4.263s][info][gc,heap        ] GC(105) ParOldGen: 689755K(773120K)->689755K(773120K)
[4.263s][info][gc,metaspace   ] GC(105) Metaspace: 6298K(6464K)->6298K(6464K) NonClass: 5764K(5824K)->5764K(5824K) Class: 533K(640K)->533K(640K)
[4.263s][info][gc             ] GC(105) Pause Young (Allocation Failure) 681M->681M(823M) 7.656ms
[4.263s][info][gc,cpu         ] GC(105) User=0.00s Sys=0.00s Real=0.01s
[4.389s][info][gc,start       ] GC(106) Pause Young (Allocation Failure)
[4.415s][info][gc,heap        ] GC(106) PSYoungGen: 16480K(69632K)->16480K(68096K) Eden: 8192K(8192K)->0K(9216K) From: 8288K(61440K)->16480K(58880K)
[4.415s][info][gc,heap        ] GC(106) ParOldGen: 722523K(773120K)->722523K(773120K)
[4.415s][info][gc,metaspace   ] GC(106) Metaspace: 6298K(6464K)->6298K(6464K) NonClass: 5764K(5824K)->5764K(5824K) Class: 533K(640K)->533K(640K)
[4.415s][info][gc             ] GC(106) Pause Young (Allocation Failure) 721M->721M(821M) 26.198ms
[4.415s][info][gc,cpu         ] GC(106) User=0.14s Sys=0.00s Real=0.02s
[4.425s][info][gc,start       ] GC(107) Pause Young (Allocation Failure)
[4.443s][info][gc,heap        ] GC(107) PSYoungGen: 25696K(68096K)->25696K(35328K) Eden: 9216K(9216K)->0K(9216K) From: 16480K(58880K)->25696K(26112K)
[4.443s][info][gc,heap        ] GC(107) ParOldGen: 722523K(773120K)->722523K(773120K)
[4.443s][info][gc,metaspace   ] GC(107) Metaspace: 6298K(6464K)->6298K(6464K) NonClass: 5764K(5824K)->5764K(5824K) Class: 533K(640K)->533K(640K)
[4.443s][info][gc             ] GC(107) Pause Young (Allocation Failure) 730M->730M(789M) 17.948ms
[4.443s][info][gc,cpu         ] GC(107) User=0.02s Sys=0.00s Real=0.02s
[4.453s][info][gc,start       ] GC(108) Pause Young (Allocation Failure)
[4.472s][info][gc,heap        ] GC(108) PSYoungGen: 34912K(35328K)->26752K(62464K) Eden: 9216K(9216K)->0K(10752K) From: 25696K(26112K)->26752K(51712K)
[4.472s][info][gc,heap        ] GC(108) ParOldGen: 722523K(773120K)->730827K(773120K)
[4.472s][info][gc,metaspace   ] GC(108) Metaspace: 6298K(6464K)->6298K(6464K) NonClass: 5764K(5824K)->5764K(5824K) Class: 533K(640K)->533K(640K)
[4.472s][info][gc             ] GC(108) Pause Young (Allocation Failure) 739M->739M(816M) 19.110ms
[4.472s][info][gc,cpu         ] GC(108) User=0.03s Sys=0.00s Real=0.02s
[4.484s][info][gc,start       ] GC(109) Pause Young (Allocation Failure)
[4.503s][info][gc,heap        ] GC(109) PSYoungGen: 37504K(62464K)->29248K(65024K) Eden: 10752K(10752K)->0K(10752K) From: 26752K(51712K)->29248K(54272K)
[4.503s][info][gc,heap        ] GC(109) ParOldGen: 730827K(773120K)->739123K(773120K)
[4.503s][info][gc,metaspace   ] GC(109) Metaspace: 6298K(6464K)->6298K(6464K) NonClass: 5764K(5824K)->5764K(5824K) Class: 533K(640K)->533K(640K)
[4.503s][info][gc             ] GC(109) Pause Young (Allocation Failure) 750M->750M(818M) 19.657ms
[4.503s][info][gc,cpu         ] GC(109) User=0.03s Sys=0.00s Real=0.02s
[4.514s][info][gc,start       ] GC(110) Pause Young (Allocation Failure)
[4.535s][info][gc,heap        ] GC(110) PSYoungGen: 40000K(65024K)->30816K(62976K) Eden: 10752K(10752K)->0K(12288K) From: 29248K(54272K)->30816K(50688K)
[4.535s][info][gc,heap        ] GC(110) ParOldGen: 739123K(773120K)->748459K(773120K)
[4.535s][info][gc,metaspace   ] GC(110) Metaspace: 6298K(6464K)->6298K(6464K) NonClass: 5764K(5824K)->5764K(5824K) Class: 533K(640K)->533K(640K)
[4.535s][info][gc             ] GC(110) Pause Young (Allocation Failure) 760M->761M(816M) 20.899ms
[4.535s][info][gc,cpu         ] GC(110) User=0.12s Sys=0.00s Real=0.02s
[4.549s][info][gc,start       ] GC(111) Pause Young (Allocation Failure)
[4.571s][info][gc,heap        ] GC(111) PSYoungGen: 43104K(62976K)->23168K(35840K) Eden: 12288K(12288K)->0K(12288K) From: 30816K(50688K)->23168K(23552K)
[4.571s][info][gc,heap        ] GC(111) ParOldGen: 748459K(773120K)->768667K(773120K)
[4.571s][info][gc,metaspace   ] GC(111) Metaspace: 6298K(6464K)->6298K(6464K) NonClass: 5764K(5824K)->5764K(5824K) Class: 533K(640K)->533K(640K)
[4.572s][info][gc             ] GC(111) Pause Young (Allocation Failure) 773M->773M(790M) 22.876ms
[4.572s][info][gc,cpu         ] GC(111) User=0.02s Sys=0.00s Real=0.02s
[4.572s][info][gc,start       ] GC(112) Pause Full (Ergonomics)
[4.572s][info][gc,phases,start] GC(112) Marking Phase
[4.748s][info][gc,phases      ] GC(112) Marking Phase 176.127ms
[4.748s][info][gc,phases,start] GC(112) Summary Phase
[4.748s][info][gc,phases      ] GC(112) Summary Phase 0.023ms
[4.748s][info][gc,phases,start] GC(112) Adjust Roots
[4.748s][info][gc,phases      ] GC(112) Adjust Roots 0.179ms
[4.748s][info][gc,phases,start] GC(112) Compaction Phase
[4.878s][info][gc,phases      ] GC(112) Compaction Phase 129.721ms
[4.878s][info][gc,phases,start] GC(112) Post Compact
[4.880s][info][gc,phases      ] GC(112) Post Compact 1.691ms
[4.880s][info][gc,heap        ] GC(112) PSYoungGen: 23168K(35840K)->1532K(35840K) Eden: 0K(12288K)->0K(12288K) From: 23168K(23552K)->1532K(23552K)
[4.880s][info][gc,heap        ] GC(112) ParOldGen: 768667K(773120K)->772993K(858112K)
[4.880s][info][gc,metaspace   ] GC(112) Metaspace: 6298K(6464K)->6298K(6464K) NonClass: 5764K(5824K)->5764K(5824K) Class: 533K(640K)->533K(640K)
[4.880s][info][gc             ] GC(112) Pause Full (Ergonomics) 773M->756M(873M) 308.411ms
[4.880s][info][gc,cpu         ] GC(112) User=2.02s Sys=0.02s Real=0.31s
[4.895s][info][gc,start       ] GC(113) Pause Young (Allocation Failure)
[4.936s][info][gc,heap        ] GC(113) PSYoungGen: 13820K(35840K)->12352K(62976K) Eden: 12288K(12288K)->0K(13312K) From: 1532K(23552K)->12352K(49664K)
[4.936s][info][gc,heap        ] GC(113) ParOldGen: 772993K(858112K)->774585K(858112K)
[4.936s][info][gc,metaspace   ] GC(113) Metaspace: 6298K(6464K)->6298K(6464K) NonClass: 5764K(5824K)->5764K(5824K) Class: 533K(640K)->533K(640K)
[4.936s][info][gc             ] GC(113) Pause Young (Allocation Failure) 768M->768M(899M) 40.865ms
[4.936s][info][gc,cpu         ] GC(113) User=0.16s Sys=0.00s Real=0.04s
[4.950s][info][gc,start       ] GC(114) Pause Young (Allocation Failure)
[4.966s][info][gc,heap        ] GC(114) PSYoungGen: 25664K(62976K)->13440K(63488K) Eden: 13312K(13312K)->0K(13312K) From: 12352K(49664K)->13440K(50176K)
[4.966s][info][gc,heap        ] GC(114) ParOldGen: 774585K(858112K)->787049K(858112K)
[4.966s][info][gc,metaspace   ] GC(114) Metaspace: 6298K(6464K)->6298K(6464K) NonClass: 5764K(5824K)->5764K(5824K) Class: 533K(640K)->533K(640K)
[4.966s][info][gc             ] GC(114) Pause Young (Allocation Failure) 781M->781M(900M) 16.736ms
[4.966s][info][gc,cpu         ] GC(114) User=0.03s Sys=0.00s Real=0.02s
[4.980s][info][gc,start       ] GC(115) Pause Young (Allocation Failure)
[4.997s][info][gc,heap        ] GC(115) PSYoungGen: 26752K(63488K)->13440K(63488K) Eden: 13312K(13312K)->0K(15360K) From: 13440K(50176K)->13440K(48128K)
[4.997s][info][gc,heap        ] GC(115) ParOldGen: 787049K(858112K)->800537K(858112K)
[4.997s][info][gc,metaspace   ] GC(115) Metaspace: 6298K(6464K)->6298K(6464K) NonClass: 5764K(5824K)->5764K(5824K) Class: 533K(640K)->533K(640K)
[4.997s][info][gc             ] GC(115) Pause Young (Allocation Failure) 794M->794M(900M) 16.779ms
[4.997s][info][gc,cpu         ] GC(115) User=0.03s Sys=0.00s Real=0.02s
[5.012s][info][gc,start       ] GC(116) Pause Young (Allocation Failure)
[5.029s][info][gc,heap        ] GC(116) PSYoungGen: 28800K(63488K)->15488K(64000K) Eden: 15360K(15360K)->0K(15360K) From: 13440K(48128K)->15488K(48640K)
[5.029s][info][gc,heap        ] GC(116) ParOldGen: 800537K(858112K)->814017K(858112K)
[5.029s][info][gc,metaspace   ] GC(116) Metaspace: 6298K(6464K)->6298K(6464K) NonClass: 5764K(5824K)->5764K(5824K) Class: 533K(640K)->533K(640K)
[5.029s][info][gc             ] GC(116) Pause Young (Allocation Failure) 809M->810M(900M) 17.211ms
[5.029s][info][gc,cpu         ] GC(116) User=0.02s Sys=0.00s Real=0.02s
[5.045s][info][gc,start       ] GC(117) Pause Young (Allocation Failure)
[5.064s][info][gc,heap        ] GC(117) PSYoungGen: 30848K(64000K)->15456K(61952K) Eden: 15360K(15360K)->0K(17408K) From: 15488K(48640K)->15456K(44544K)
[5.064s][info][gc,heap        ] GC(117) ParOldGen: 814017K(858112K)->829585K(858112K)
[5.064s][info][gc,metaspace   ] GC(117) Metaspace: 6298K(6464K)->6298K(6464K) NonClass: 5764K(5824K)->5764K(5824K) Class: 533K(640K)->533K(640K)
[5.064s][info][gc             ] GC(117) Pause Young (Allocation Failure) 825M->825M(898M) 18.603ms
[5.064s][info][gc,cpu         ] GC(117) User=0.05s Sys=0.00s Real=0.02s
[5.084s][info][gc,start       ] GC(118) Pause Young (Allocation Failure)
[5.104s][info][gc,heap        ] GC(118) PSYoungGen: 32864K(61952K)->17536K(63488K) Eden: 17408K(17408K)->0K(17408K) From: 15456K(44544K)->17536K(46080K)
[5.104s][info][gc,heap        ] GC(118) ParOldGen: 829585K(858112K)->845145K(858112K)
[5.104s][info][gc,metaspace   ] GC(118) Metaspace: 6298K(6464K)->6298K(6464K) NonClass: 5764K(5824K)->5764K(5824K) Class: 533K(640K)->533K(640K)
[5.104s][info][gc             ] GC(118) Pause Young (Allocation Failure) 842M->842M(900M) 19.734ms
[5.104s][info][gc,cpu         ] GC(118) User=0.02s Sys=0.00s Real=0.02s
[5.104s][info][gc,start       ] GC(119) Pause Full (Ergonomics)
[5.104s][info][gc,phases,start] GC(119) Marking Phase
[5.281s][info][gc,phases      ] GC(119) Marking Phase 177.170ms
[5.281s][info][gc,phases,start] GC(119) Summary Phase
[5.281s][info][gc,phases      ] GC(119) Summary Phase 0.023ms
[5.281s][info][gc,phases,start] GC(119) Adjust Roots
[5.281s][info][gc,phases      ] GC(119) Adjust Roots 0.147ms
[5.281s][info][gc,phases,start] GC(119) Compaction Phase
[5.370s][info][gc,phases      ] GC(119) Compaction Phase 89.265ms
[5.370s][info][gc,phases,start] GC(119) Post Compact
[5.372s][info][gc,phases      ] GC(119) Post Compact 1.545ms
[5.372s][info][gc,heap        ] GC(119) PSYoungGen: 17536K(63488K)->3580K(63488K) Eden: 0K(17408K)->0K(17408K) From: 17536K(46080K)->3580K(46080K)
[5.373s][info][gc,heap        ] GC(119) ParOldGen: 845145K(858112K)->857799K(950272K)
[5.373s][info][gc,metaspace   ] GC(119) Metaspace: 6298K(6464K)->6298K(6464K) NonClass: 5764K(5824K)->5764K(5824K) Class: 533K(640K)->533K(640K)
[5.373s][info][gc             ] GC(119) Pause Full (Ergonomics) 842M->841M(990M) 268.874ms
[5.373s][info][gc,cpu         ] GC(119) User=1.86s Sys=0.00s Real=0.27s
[5.391s][info][gc,start       ] GC(120) Pause Young (Allocation Failure)
[5.438s][info][gc,heap        ] GC(120) PSYoungGen: 20988K(63488K)->17568K(59904K) Eden: 17408K(17408K)->0K(19456K) From: 3580K(46080K)->17568K(40448K)
[5.438s][info][gc,heap        ] GC(120) ParOldGen: 857799K(950272K)->861447K(950272K)
[5.438s][info][gc,metaspace   ] GC(120) Metaspace: 6298K(6464K)->6298K(6464K) NonClass: 5764K(5824K)->5764K(5824K) Class: 533K(640K)->533K(640K)
[5.438s][info][gc             ] GC(120) Pause Young (Allocation Failure) 858M->858M(986M) 46.786ms
[5.438s][info][gc,cpu         ] GC(120) User=0.25s Sys=0.00s Real=0.05s
[5.460s][info][gc,start       ] GC(121) Pause Young (Allocation Failure)
[5.480s][info][gc,heap        ] GC(121) PSYoungGen: 37024K(59904K)->36992K(61952K) Eden: 19456K(19456K)->0K(19456K) From: 17568K(40448K)->36992K(42496K)
[5.480s][info][gc,heap        ] GC(121) ParOldGen: 861447K(950272K)->861447K(950272K)
[5.480s][info][gc,metaspace   ] GC(121) Metaspace: 6298K(6464K)->6298K(6464K) NonClass: 5764K(5824K)->5764K(5824K) Class: 533K(640K)->533K(640K)
[5.480s][info][gc             ] GC(121) Pause Young (Allocation Failure) 877M->877M(988M) 20.590ms
[5.480s][info][gc,cpu         ] GC(121) User=0.11s Sys=0.00s Real=0.02s
[5.501s][info][gc,start       ] GC(122) Pause Young (Allocation Failure)
[5.530s][info][gc,heap        ] GC(122) PSYoungGen: 56448K(61952K)->46592K(57856K) Eden: 19456K(19456K)->0K(11264K) From: 36992K(42496K)->46592K(46592K)
[5.530s][info][gc,heap        ] GC(122) ParOldGen: 861447K(950272K)->871327K(950272K)
[5.530s][info][gc,metaspace   ] GC(122) Metaspace: 6298K(6464K)->6298K(6464K) NonClass: 5764K(5824K)->5764K(5824K) Class: 533K(640K)->533K(640K)
[5.530s][info][gc             ] GC(122) Pause Young (Allocation Failure) 896M->896M(984M) 28.735ms
[5.530s][info][gc,cpu         ] GC(122) User=0.12s Sys=0.00s Real=0.03s
[5.542s][info][gc,start       ] GC(123) Pause Young (Allocation Failure)
[5.571s][info][gc,heap        ] GC(123) PSYoungGen: 57856K(57856K)->28128K(39424K) Eden: 11264K(11264K)->0K(11264K) From: 46592K(46592K)->28128K(28160K)
[5.571s][info][gc,heap        ] GC(123) ParOldGen: 871327K(950272K)->901575K(950272K)
[5.571s][info][gc,metaspace   ] GC(123) Metaspace: 6298K(6464K)->6298K(6464K) NonClass: 5764K(5824K)->5764K(5824K) Class: 533K(640K)->533K(640K)
[5.571s][info][gc             ] GC(123) Pause Young (Allocation Failure) 907M->907M(966M) 29.311ms
[5.571s][info][gc,cpu         ] GC(123) User=0.11s Sys=0.03s Real=0.03s
[5.584s][info][gc,start       ] GC(124) Pause Young (Allocation Failure)
[5.604s][info][gc,heap        ] GC(124) PSYoungGen: 39392K(39424K)->22656K(62464K) Eden: 11264K(11264K)->0K(12800K) From: 28128K(28160K)->22656K(49664K)
[5.604s][info][gc,heap        ] GC(124) ParOldGen: 901575K(950272K)->918519K(950272K)
[5.604s][info][gc,metaspace   ] GC(124) Metaspace: 6298K(6464K)->6298K(6464K) NonClass: 5764K(5824K)->5764K(5824K) Class: 533K(640K)->533K(640K)
[5.604s][info][gc             ] GC(124) Pause Young (Allocation Failure) 918M->919M(989M) 20.661ms
[5.604s][info][gc,cpu         ] GC(124) User=0.11s Sys=0.02s Real=0.02s
[5.618s][info][gc,start       ] GC(125) Pause Young (Allocation Failure)
[5.638s][info][gc,heap        ] GC(125) PSYoungGen: 35456K(62464K)->24192K(37376K) Eden: 12800K(12800K)->0K(12800K) From: 22656K(49664K)->24192K(24576K)
[5.638s][info][gc,heap        ] GC(125) ParOldGen: 918519K(950272K)->929943K(950272K)
[5.638s][info][gc,metaspace   ] GC(125) Metaspace: 6298K(6464K)->6298K(6464K) NonClass: 5764K(5824K)->5764K(5824K) Class: 533K(640K)->533K(640K)
[5.638s][info][gc             ] GC(125) Pause Young (Allocation Failure) 931M->931M(964M) 19.509ms
[5.638s][info][gc,cpu         ] GC(125) User=0.12s Sys=0.00s Real=0.02s
[5.638s][info][gc,start       ] GC(126) Pause Full (Ergonomics)
[5.638s][info][gc,phases,start] GC(126) Marking Phase
[5.846s][info][gc,phases      ] GC(126) Marking Phase 208.036ms
[5.846s][info][gc,phases,start] GC(126) Summary Phase
[5.846s][info][gc,phases      ] GC(126) Summary Phase 0.031ms
[5.846s][info][gc,phases,start] GC(126) Adjust Roots
[5.846s][info][gc,phases      ] GC(126) Adjust Roots 0.173ms
[5.846s][info][gc,phases,start] GC(126) Compaction Phase
[5.935s][info][gc,phases      ] GC(126) Compaction Phase 88.181ms
[5.935s][info][gc,phases,start] GC(126) Post Compact
[5.936s][info][gc,phases      ] GC(126) Post Compact 1.790ms
[5.937s][info][gc,heap        ] GC(126) PSYoungGen: 24192K(37376K)->3057K(37376K) Eden: 0K(12800K)->0K(12800K) From: 24192K(24576K)->3057K(24576K)
[5.937s][info][gc,heap        ] GC(126) ParOldGen: 929943K(950272K)->949784K(1051648K)
[5.937s][info][gc,metaspace   ] GC(126) Metaspace: 6298K(6464K)->6298K(6464K) NonClass: 5764K(5824K)->5764K(5824K) Class: 533K(640K)->533K(640K)
[5.937s][info][gc             ] GC(126) Pause Full (Ergonomics) 931M->930M(1063M) 299.296ms
[5.937s][info][gc,cpu         ] GC(126) User=2.16s Sys=0.00s Real=0.30s
[5.953s][info][gc,start       ] GC(127) Pause Young (Allocation Failure)
[6.001s][info][gc,heap        ] GC(127) PSYoungGen: 15857K(37376K)->12896K(63488K) Eden: 12800K(12800K)->0K(14336K) From: 3057K(24576K)->12896K(49152K)
[6.001s][info][gc,heap        ] GC(127) ParOldGen: 949784K(1051648K)->952904K(1051648K)
[6.001s][info][gc,metaspace   ] GC(127) Metaspace: 6298K(6464K)->6298K(6464K) NonClass: 5764K(5824K)->5764K(5824K) Class: 533K(640K)->533K(640K)
[6.001s][info][gc             ] GC(127) Pause Young (Allocation Failure) 943M->943M(1089M) 47.791ms
[6.001s][info][gc,cpu         ] GC(127) User=0.38s Sys=0.00s Real=0.05s
[6.017s][info][gc,start       ] GC(128) Pause Young (Allocation Failure)
[6.035s][info][gc,heap        ] GC(128) PSYoungGen: 27232K(63488K)->27232K(64000K) Eden: 14336K(14336K)->0K(14336K) From: 12896K(49152K)->27232K(49664K)
[6.035s][info][gc,heap        ] GC(128) ParOldGen: 952904K(1051648K)->952904K(1051648K)
[6.035s][info][gc,metaspace   ] GC(128) Metaspace: 6298K(6464K)->6298K(6464K) NonClass: 5764K(5824K)->5764K(5824K) Class: 533K(640K)->533K(640K)
[6.035s][info][gc             ] GC(128) Pause Young (Allocation Failure) 957M->957M(1089M) 18.264ms
[6.035s][info][gc,cpu         ] GC(128) User=0.02s Sys=0.00s Real=0.02s
[6.050s][info][gc,start       ] GC(129) Pause Young (Allocation Failure)
[6.072s][info][gc,heap        ] GC(129) PSYoungGen: 41568K(64000K)->28800K(62976K) Eden: 14336K(14336K)->0K(15872K) From: 27232K(49664K)->28800K(47104K)
[6.072s][info][gc,heap        ] GC(129) ParOldGen: 952904K(1051648K)->965888K(1051648K)
[6.073s][info][gc,metaspace   ] GC(129) Metaspace: 6298K(6464K)->6298K(6464K) NonClass: 5764K(5824K)->5764K(5824K) Class: 533K(640K)->533K(640K)
[6.073s][info][gc             ] GC(129) Pause Young (Allocation Failure) 971M->971M(1088M) 22.177ms
[6.073s][info][gc,cpu         ] GC(129) User=0.11s Sys=0.02s Real=0.02s
[6.091s][info][gc,start       ] GC(130) Pause Young (Allocation Failure)
[6.115s][info][gc,heap        ] GC(130) PSYoungGen: 44672K(62976K)->30368K(63488K) Eden: 15872K(15872K)->0K(15872K) From: 28800K(47104K)->30368K(47616K)
[6.115s][info][gc,heap        ] GC(130) ParOldGen: 965888K(1051648K)->980424K(1051648K)
[6.115s][info][gc,metaspace   ] GC(130) Metaspace: 6298K(6464K)->6298K(6464K) NonClass: 5764K(5824K)->5764K(5824K) Class: 533K(640K)->533K(640K)
[6.115s][info][gc             ] GC(130) Pause Young (Allocation Failure) 986M->987M(1089M) 24.534ms
[6.115s][info][gc,cpu         ] GC(130) User=0.14s Sys=0.00s Real=0.03s
[6.133s][info][gc,start       ] GC(131) Pause Young (Allocation Failure)
[6.158s][info][gc,heap        ] GC(131) PSYoungGen: 46240K(63488K)->31872K(64512K) Eden: 15872K(15872K)->0K(17408K) From: 30368K(47616K)->31872K(47104K)
[6.158s][info][gc,heap        ] GC(131) ParOldGen: 980424K(1051648K)->994952K(1051648K)
[6.158s][info][gc,metaspace   ] GC(131) Metaspace: 6298K(6464K)->6298K(6464K) NonClass: 5764K(5824K)->5764K(5824K) Class: 533K(640K)->533K(640K)
[6.158s][info][gc             ] GC(131) Pause Young (Allocation Failure) 1002M->1002M(1090M) 24.643ms
[6.158s][info][gc,cpu         ] GC(131) User=0.11s Sys=0.02s Real=0.02s
[6.177s][info][gc,start       ] GC(132) Pause Young (Allocation Failure)
[6.203s][info][gc,heap        ] GC(132) PSYoungGen: 49280K(64512K)->33376K(65024K) Eden: 17408K(17408K)->0K(17408K) From: 31872K(47104K)->33376K(47616K)
[6.203s][info][gc,heap        ] GC(132) ParOldGen: 994952K(1051648K)->1011056K(1051648K)
[6.203s][info][gc,metaspace   ] GC(132) Metaspace: 6298K(6464K)->6298K(6464K) NonClass: 5764K(5824K)->5764K(5824K) Class: 533K(640K)->533K(640K)
[6.203s][info][gc             ] GC(132) Pause Young (Allocation Failure) 1019M->1019M(1090M) 26.477ms
[6.203s][info][gc,cpu         ] GC(132) User=0.11s Sys=0.02s Real=0.03s
[6.222s][info][gc,start       ] GC(133) Pause Young (Allocation Failure)
[6.249s][info][gc,heap        ] GC(133) PSYoungGen: 50784K(65024K)->34944K(67072K) Eden: 17408K(17408K)->0K(18944K) From: 33376K(47616K)->34944K(48128K)
[6.249s][info][gc,heap        ] GC(133) ParOldGen: 1011056K(1051648K)->1027168K(1051648K)
[6.249s][info][gc,metaspace   ] GC(133) Metaspace: 6298K(6464K)->6298K(6464K) NonClass: 5764K(5824K)->5764K(5824K) Class: 533K(640K)->533K(640K)
[6.249s][info][gc             ] GC(133) Pause Young (Allocation Failure) 1036M->1037M(1092M) 27.693ms
[6.250s][info][gc,cpu         ] GC(133) User=0.12s Sys=0.00s Real=0.03s
[6.250s][info][gc,start       ] GC(134) Pause Full (Ergonomics)
[6.250s][info][gc,phases,start] GC(134) Marking Phase
[6.491s][info][gc,phases      ] GC(134) Marking Phase 241.754ms
[6.491s][info][gc,phases,start] GC(134) Summary Phase
[6.491s][info][gc,phases      ] GC(134) Summary Phase 0.031ms
[6.491s][info][gc,phases,start] GC(134) Adjust Roots
[6.492s][info][gc,phases      ] GC(134) Adjust Roots 0.169ms
[6.492s][info][gc,phases,start] GC(134) Compaction Phase
[6.587s][info][gc,phases      ] GC(134) Compaction Phase 94.879ms
[6.587s][info][gc,phases,start] GC(134) Post Compact
[6.589s][info][gc,phases      ] GC(134) Post Compact 1.943ms
[6.589s][info][gc,heap        ] GC(134) PSYoungGen: 34944K(67072K)->9201K(67072K) Eden: 0K(18944K)->0K(18944K) From: 34944K(48128K)->9201K(48128K)
[6.589s][info][gc,heap        ] GC(134) ParOldGen: 1027168K(1051648K)->1051453K(1159680K)
[6.589s][info][gc,metaspace   ] GC(134) Metaspace: 6298K(6464K)->6298K(6464K) NonClass: 5764K(5824K)->5764K(5824K) Class: 533K(640K)->533K(640K)
[6.589s][info][gc             ] GC(134) Pause Full (Ergonomics) 1037M->1035M(1198M) 339.533ms
[6.589s][info][gc,cpu         ] GC(134) User=2.58s Sys=0.02s Real=0.34s
[6.610s][info][gc,start       ] GC(135) Pause Young (Allocation Failure)
[6.668s][info][gc,heap        ] GC(135) PSYoungGen: 28145K(67072K)->23328K(67584K) Eden: 18944K(18944K)->0K(18944K) From: 9201K(48128K)->23328K(48640K)
[6.668s][info][gc,heap        ] GC(135) ParOldGen: 1051453K(1159680K)->1056525K(1159680K)
[6.668s][info][gc,metaspace   ] GC(135) Metaspace: 6298K(6464K)->6298K(6464K) NonClass: 5764K(5824K)->5764K(5824K) Class: 533K(640K)->533K(640K)
[6.668s][info][gc             ] GC(135) Pause Young (Allocation Failure) 1054M->1054M(1198M) 57.952ms
[6.668s][info][gc,cpu         ] GC(135) User=0.50s Sys=0.00s Real=0.06s
[6.690s][info][gc,start       ] GC(136) Pause Young (Allocation Failure)
[6.714s][info][gc,heap        ] GC(136) PSYoungGen: 42272K(67584K)->42304K(65024K) Eden: 18944K(18944K)->0K(17408K) From: 23328K(48640K)->42304K(47616K)
[6.714s][info][gc,heap        ] GC(136) ParOldGen: 1056525K(1159680K)->1056525K(1159680K)
[6.714s][info][gc,metaspace   ] GC(136) Metaspace: 6298K(6464K)->6298K(6464K) NonClass: 5764K(5824K)->5764K(5824K) Class: 533K(640K)->533K(640K)
[6.714s][info][gc             ] GC(136) Pause Young (Allocation Failure) 1073M->1073M(1196M) 23.767ms
[6.714s][info][gc,cpu         ] GC(136) User=0.11s Sys=0.00s Real=0.02s
[6.733s][info][gc,start       ] GC(137) Pause Young (Allocation Failure)
[6.764s][info][gc,heap        ] GC(137) PSYoungGen: 59712K(65024K)->51200K(68608K) Eden: 17408K(17408K)->0K(17408K) From: 42304K(47616K)->51200K(51200K)
[6.764s][info][gc,heap        ] GC(137) ParOldGen: 1056525K(1159680K)->1064989K(1159680K)
[6.764s][info][gc,metaspace   ] GC(137) Metaspace: 6298K(6464K)->6298K(6464K) NonClass: 5764K(5824K)->5764K(5824K) Class: 533K(640K)->533K(640K)
[6.764s][info][gc             ] GC(137) Pause Young (Allocation Failure) 1090M->1090M(1199M) 30.987ms
[6.764s][info][gc,cpu         ] GC(137) User=0.14s Sys=0.00s Real=0.03s
[6.783s][info][gc,start       ] GC(138) Pause Young (Allocation Failure)
[6.818s][info][gc,heap        ] GC(138) PSYoungGen: 68608K(68608K)->34592K(75776K) Eden: 17408K(17408K)->0K(19456K) From: 51200K(51200K)->34592K(56320K)
[6.818s][info][gc,heap        ] GC(138) ParOldGen: 1064989K(1159680K)->1099621K(1159680K)
[6.818s][info][gc,metaspace   ] GC(138) Metaspace: 6298K(6464K)->6298K(6464K) NonClass: 5764K(5824K)->5764K(5824K) Class: 533K(640K)->533K(640K)
[6.818s][info][gc             ] GC(138) Pause Young (Allocation Failure) 1107M->1107M(1206M) 35.527ms
[6.818s][info][gc,cpu         ] GC(138) User=0.23s Sys=0.02s Real=0.04s
[6.839s][info][gc,start       ] GC(139) Pause Young (Allocation Failure)
[6.868s][info][gc,heap        ] GC(139) PSYoungGen: 54048K(75776K)->36992K(77824K) Eden: 19456K(19456K)->0K(19456K) From: 34592K(56320K)->36992K(58368K)
[6.868s][info][gc,heap        ] GC(139) ParOldGen: 1099621K(1159680K)->1116885K(1159680K)
[6.868s][info][gc,metaspace   ] GC(139) Metaspace: 6298K(6464K)->6298K(6464K) NonClass: 5764K(5824K)->5764K(5824K) Class: 533K(640K)->533K(640K)
[6.868s][info][gc             ] GC(139) Pause Young (Allocation Failure) 1126M->1126M(1208M) 28.641ms
[6.868s][info][gc,cpu         ] GC(139) User=0.09s Sys=0.05s Real=0.03s
[6.890s][info][gc,start       ] GC(140) Pause Young (Allocation Failure)
[6.921s][info][gc,heap        ] GC(140) PSYoungGen: 56448K(77824K)->39104K(79872K) Eden: 19456K(19456K)->0K(22016K) From: 36992K(58368K)->39104K(57856K)
[6.921s][info][gc,heap        ] GC(140) ParOldGen: 1116885K(1159680K)->1134541K(1159680K)
[6.921s][info][gc,metaspace   ] GC(140) Metaspace: 6298K(6464K)->6298K(6464K) NonClass: 5764K(5824K)->5764K(5824K) Class: 533K(640K)->533K(640K)
[6.921s][info][gc             ] GC(140) Pause Young (Allocation Failure) 1145M->1146M(1210M) 30.388ms
[6.921s][info][gc,cpu         ] GC(140) User=0.25s Sys=0.00s Real=0.03s
[6.921s][info][gc,start       ] GC(141) Pause Full (Ergonomics)
[6.921s][info][gc,phases,start] GC(141) Marking Phase
[7.188s][info][gc,phases      ] GC(141) Marking Phase 266.848ms
[7.188s][info][gc,phases,start] GC(141) Summary Phase
[7.188s][info][gc,phases      ] GC(141) Summary Phase 0.033ms
[7.188s][info][gc,phases,start] GC(141) Adjust Roots
[7.188s][info][gc,phases      ] GC(141) Adjust Roots 0.143ms
[7.188s][info][gc,phases,start] GC(141) Compaction Phase
[7.295s][info][gc,phases      ] GC(141) Compaction Phase 106.697ms
[7.295s][info][gc,phases,start] GC(141) Post Compact
[7.297s][info][gc,phases      ] GC(141) Post Compact 2.005ms
[7.297s][info][gc,heap        ] GC(141) PSYoungGen: 39104K(79872K)->12794K(79872K) Eden: 0K(22016K)->0K(22016K) From: 39104K(57856K)->12794K(57856K)
[7.297s][info][gc,heap        ] GC(141) ParOldGen: 1134541K(1159680K)->1159297K(1281024K)
[7.297s][info][gc,metaspace   ] GC(141) Metaspace: 6298K(6464K)->6298K(6464K) NonClass: 5764K(5824K)->5764K(5824K) Class: 533K(640K)->533K(640K)
[7.297s][info][gc             ] GC(141) Pause Full (Ergonomics) 1146M->1144M(1329M) 376.669ms
[7.297s][info][gc,cpu         ] GC(141) User=2.77s Sys=0.02s Real=0.38s
[7.325s][info][gc,start       ] GC(142) Pause Young (Allocation Failure)
[7.392s][info][gc,heap        ] GC(142) PSYoungGen: 34810K(79872K)->27552K(79872K) Eden: 22016K(22016K)->0K(22016K) From: 12794K(57856K)->27552K(57856K)
[7.392s][info][gc,heap        ] GC(142) ParOldGen: 1159297K(1281024K)->1166817K(1281024K)
[7.392s][info][gc,metaspace   ] GC(142) Metaspace: 6298K(6464K)->6298K(6464K) NonClass: 5764K(5824K)->5764K(5824K) Class: 533K(640K)->533K(640K)
[7.392s][info][gc             ] GC(142) Pause Young (Allocation Failure) 1166M->1166M(1329M) 66.876ms
[7.392s][info][gc,cpu         ] GC(142) User=0.39s Sys=0.00s Real=0.07s
[7.420s][info][gc,start       ] GC(143) Pause Young (Allocation Failure)
[7.448s][info][gc,heap        ] GC(143) PSYoungGen: 49568K(79872K)->49632K(77312K) Eden: 22016K(22016K)->0K(20992K) From: 27552K(57856K)->49632K(56320K)
[7.448s][info][gc,heap        ] GC(143) ParOldGen: 1166817K(1281024K)->1166817K(1281024K)
[7.448s][info][gc,metaspace   ] GC(143) Metaspace: 6298K(6464K)->6298K(6464K) NonClass: 5764K(5824K)->5764K(5824K) Class: 533K(640K)->533K(640K)
[7.448s][info][gc             ] GC(143) Pause Young (Allocation Failure) 1187M->1187M(1326M) 28.402ms
[7.448s][info][gc,cpu         ] GC(143) User=0.14s Sys=0.00s Real=0.03s
[7.474s][info][gc,start       ] GC(144) Pause Young (Allocation Failure)
[7.511s][info][gc,heap        ] GC(144) PSYoungGen: 70624K(77312K)->59904K(80896K) Eden: 20992K(20992K)->0K(20992K) From: 49632K(56320K)->59904K(59904K)
[7.511s][info][gc,heap        ] GC(144) ParOldGen: 1166817K(1281024K)->1177537K(1281024K)
[7.511s][info][gc,metaspace   ] GC(144) Metaspace: 6298K(6464K)->6298K(6464K) NonClass: 5764K(5824K)->5764K(5824K) Class: 533K(640K)->533K(640K)
[7.511s][info][gc             ] GC(144) Pause Young (Allocation Failure) 1208M->1208M(1330M) 36.344ms
[7.511s][info][gc,cpu         ] GC(144) User=0.23s Sys=0.02s Real=0.04s
[7.537s][info][gc,start       ] GC(145) Pause Young (Allocation Failure)
[7.579s][info][gc,heap        ] GC(145) PSYoungGen: 80896K(80896K)->58176K(90624K) Eden: 20992K(20992K)->0K(19456K) From: 59904K(59904K)->58176K(71168K)
[7.579s][info][gc,heap        ] GC(145) ParOldGen: 1177537K(1281024K)->1200665K(1281024K)
[7.579s][info][gc,metaspace   ] GC(145) Metaspace: 6298K(6464K)->6298K(6464K) NonClass: 5764K(5824K)->5764K(5824K) Class: 533K(640K)->533K(640K)
[7.579s][info][gc             ] GC(145) Pause Young (Allocation Failure) 1228M->1229M(1339M) 41.458ms
[7.579s][info][gc,cpu         ] GC(145) User=0.22s Sys=0.02s Real=0.04s
[7.602s][info][gc,start       ] GC(146) Pause Young (Allocation Failure)
[7.642s][info][gc,heap        ] GC(146) PSYoungGen: 77632K(90624K)->58624K(94720K) Eden: 19456K(19456K)->0K(19456K) From: 58176K(71168K)->58624K(75264K)
[7.642s][info][gc,heap        ] GC(146) ParOldGen: 1200665K(1281024K)->1219977K(1281024K)
[7.642s][info][gc,metaspace   ] GC(146) Metaspace: 6298K(6464K)->6298K(6464K) NonClass: 5764K(5824K)->5764K(5824K) Class: 533K(640K)->533K(640K)
[7.642s][info][gc             ] GC(146) Pause Young (Allocation Failure) 1248M->1248M(1343M) 40.240ms
[7.642s][info][gc,cpu         ] GC(146) User=0.25s Sys=0.00s Real=0.04s
[7.666s][info][gc,start       ] GC(147) Pause Young (Allocation Failure)
[7.707s][info][gc,heap        ] GC(147) PSYoungGen: 78080K(94720K)->60032K(97280K) Eden: 19456K(19456K)->0K(18944K) From: 58624K(75264K)->60032K(78336K)
[7.707s][info][gc,heap        ] GC(147) ParOldGen: 1219977K(1281024K)->1238265K(1281024K)
[7.707s][info][gc,metaspace   ] GC(147) Metaspace: 6298K(6464K)->6298K(6464K) NonClass: 5764K(5824K)->5764K(5824K) Class: 533K(640K)->533K(640K)
[7.707s][info][gc             ] GC(147) Pause Young (Allocation Failure) 1267M->1267M(1346M) 41.157ms
[7.707s][info][gc,cpu         ] GC(147) User=0.23s Sys=0.00s Real=0.04s
[7.725s][info][gc,start       ] GC(148) Pause Young (Allocation Failure)
[7.766s][info][gc,heap        ] GC(148) PSYoungGen: 78976K(97280K)->31488K(100352K) Eden: 18944K(18944K)->0K(18944K) From: 60032K(78336K)->31488K(81408K)
[7.766s][info][gc,heap        ] GC(148) ParOldGen: 1238265K(1281024K)->1279257K(1281024K)
[7.766s][info][gc,metaspace   ] GC(148) Metaspace: 6298K(6464K)->6298K(6464K) NonClass: 5764K(5824K)->5764K(5824K) Class: 533K(640K)->533K(640K)
[7.766s][info][gc             ] GC(148) Pause Young (Allocation Failure) 1286M->1280M(1349M) 40.621ms
[7.766s][info][gc,cpu         ] GC(148) User=0.22s Sys=0.02s Real=0.04s
[7.766s][info][gc,start       ] GC(149) Pause Full (Ergonomics)
[7.766s][info][gc,phases,start] GC(149) Marking Phase
[8.064s][info][gc,phases      ] GC(149) Marking Phase 297.789ms
[8.064s][info][gc,phases,start] GC(149) Summary Phase
[8.064s][info][gc,phases      ] GC(149) Summary Phase 0.027ms
[8.064s][info][gc,phases,start] GC(149) Adjust Roots
[8.064s][info][gc,phases      ] GC(149) Adjust Roots 0.232ms
[8.064s][info][gc,phases,start] GC(149) Compaction Phase
[8.425s][info][gc,phases      ] GC(149) Compaction Phase 360.405ms
[8.425s][info][gc,phases,start] GC(149) Post Compact
[8.427s][info][gc,phases      ] GC(149) Post Compact 2.471ms
[8.428s][info][gc,heap        ] GC(149) PSYoungGen: 31488K(100352K)->27727K(100352K) Eden: 0K(18944K)->0K(18944K) From: 31488K(81408K)->27727K(81408K)
[8.428s][info][gc,heap        ] GC(149) ParOldGen: 1279257K(1281024K)->1280989K(1420288K)
[8.428s][info][gc,metaspace   ] GC(149) Metaspace: 6298K(6464K)->6298K(6464K) NonClass: 5764K(5824K)->5764K(5824K) Class: 533K(640K)->533K(640K)
[8.428s][info][gc             ] GC(149) Pause Full (Ergonomics) 1280M->1278M(1485M) 661.750ms
[8.428s][info][gc,cpu         ] GC(149) User=4.58s Sys=0.00s Real=0.66s
[8.445s][info][gc,start       ] GC(150) Pause Young (Allocation Failure)
[8.523s][info][gc,heap        ] GC(150) PSYoungGen: 46671K(100352K)->9952K(99328K) Eden: 18944K(18944K)->0K(19456K) From: 27727K(81408K)->9952K(79872K)
[8.523s][info][gc,heap        ] GC(150) ParOldGen: 1280989K(1420288K)->1309165K(1420288K)
[8.523s][info][gc,metaspace   ] GC(150) Metaspace: 6298K(6464K)->6298K(6464K) NonClass: 5764K(5824K)->5764K(5824K) Class: 533K(640K)->533K(640K)
[8.523s][info][gc             ] GC(150) Pause Young (Allocation Failure) 1296M->1288M(1484M) 78.845ms
[8.523s][info][gc,cpu         ] GC(150) User=0.44s Sys=0.03s Real=0.08s
[8.547s][info][gc,start       ] GC(151) Pause Young (Allocation Failure)
[8.568s][info][gc,heap        ] GC(151) PSYoungGen: 29408K(99328K)->27264K(47104K) Eden: 19456K(19456K)->0K(19456K) From: 9952K(79872K)->27264K(27648K)
[8.568s][info][gc,heap        ] GC(151) ParOldGen: 1309165K(1420288K)->1309165K(1420288K)
[8.568s][info][gc,metaspace   ] GC(151) Metaspace: 6298K(6464K)->6298K(6464K) NonClass: 5764K(5824K)->5764K(5824K) Class: 533K(640K)->533K(640K)
[8.568s][info][gc             ] GC(151) Pause Young (Allocation Failure) 1307M->1305M(1433M) 20.213ms
[8.568s][info][gc,cpu         ] GC(151) User=0.06s Sys=0.00s Real=0.02s
[8.593s][info][gc,start       ] GC(152) Pause Young (Allocation Failure)
[8.620s][info][gc,heap        ] GC(152) PSYoungGen: 46720K(47104K)->46720K(99840K) Eden: 19456K(19456K)->0K(21504K) From: 27264K(27648K)->46720K(78336K)
[8.620s][info][gc,heap        ] GC(152) ParOldGen: 1309165K(1420288K)->1309165K(1420288K)
[8.620s][info][gc,metaspace   ] GC(152) Metaspace: 6298K(6464K)->6298K(6464K) NonClass: 5764K(5824K)->5764K(5824K) Class: 533K(640K)->533K(640K)
[8.620s][info][gc             ] GC(152) Pause Young (Allocation Failure) 1324M->1324M(1484M) 27.774ms
[8.620s][info][gc,cpu         ] GC(152) User=0.14s Sys=0.00s Real=0.03s
[8.646s][info][gc,start       ] GC(153) Pause Young (Allocation Failure)
[8.684s][info][gc,heap        ] GC(153) PSYoungGen: 68224K(99840K)->68224K(100352K) Eden: 21504K(21504K)->0K(21504K) From: 46720K(78336K)->68224K(78848K)
[8.684s][info][gc,heap        ] GC(153) ParOldGen: 1309165K(1420288K)->1309165K(1420288K)
[8.684s][info][gc,metaspace   ] GC(153) Metaspace: 6298K(6464K)->6298K(6464K) NonClass: 5764K(5824K)->5764K(5824K) Class: 533K(640K)->533K(640K)
[8.684s][info][gc             ] GC(153) Pause Young (Allocation Failure) 1345M->1345M(1485M) 37.593ms
[8.684s][info][gc,cpu         ] GC(153) User=0.23s Sys=0.00s Real=0.04s
[8.712s][info][gc,start       ] GC(154) Pause Young (Allocation Failure)
[8.762s][info][gc,heap        ] GC(154) PSYoungGen: 89728K(100352K)->79936K(99840K) Eden: 21504K(21504K)->0K(14336K) From: 68224K(78848K)->79936K(85504K)
[8.762s][info][gc,heap        ] GC(154) ParOldGen: 1309165K(1420288K)->1319149K(1420288K)
[8.762s][info][gc,metaspace   ] GC(154) Metaspace: 6298K(6464K)->6298K(6464K) NonClass: 5764K(5824K)->5764K(5824K) Class: 533K(640K)->533K(640K)
[8.762s][info][gc             ] GC(154) Pause Young (Allocation Failure) 1366M->1366M(1484M) 49.388ms
[8.762s][info][gc,cpu         ] GC(154) User=0.22s Sys=0.03s Real=0.05s
[9.028s][info][gc,start       ] GC(155) Pause Young (Allocation Failure)
[9.106s][info][gc,heap        ] GC(155) PSYoungGen: 94272K(99840K)->76992K(109568K) Eden: 14336K(14336K)->0K(14336K) From: 79936K(85504K)->76992K(95232K)
[9.106s][info][gc,heap        ] GC(155) ParOldGen: 1384685K(1420288K)->1402221K(1420288K)
[9.106s][info][gc,metaspace   ] GC(155) Metaspace: 6298K(6464K)->6298K(6464K) NonClass: 5764K(5824K)->5764K(5824K) Class: 533K(640K)->533K(640K)
[9.106s][info][gc             ] GC(155) Pause Young (Allocation Failure) 1444M->1444M(1494M) 77.663ms
[9.106s][info][gc,cpu         ] GC(155) User=0.52s Sys=0.00s Real=0.08s
[9.106s][info][gc,start       ] GC(156) Pause Full (Ergonomics)
[9.106s][info][gc,phases,start] GC(156) Marking Phase
[9.433s][info][gc,phases      ] GC(156) Marking Phase 327.219ms
[9.433s][info][gc,phases,start] GC(156) Summary Phase
[9.433s][info][gc,phases      ] GC(156) Summary Phase 0.036ms
[9.433s][info][gc,phases,start] GC(156) Adjust Roots
[9.433s][info][gc,phases      ] GC(156) Adjust Roots 0.161ms
[9.433s][info][gc,phases,start] GC(156) Compaction Phase
[9.662s][info][gc,phases      ] GC(156) Compaction Phase 229.034ms
[9.662s][info][gc,phases,start] GC(156) Post Compact
[9.665s][info][gc,phases      ] GC(156) Post Compact 2.901ms
[9.666s][info][gc,heap        ] GC(156) PSYoungGen: 76992K(109568K)->25084K(109568K) Eden: 0K(14336K)->0K(14336K) From: 76992K(95232K)->25084K(95232K)
[9.666s][info][gc,heap        ] GC(156) ParOldGen: 1402221K(1420288K)->1420142K(1565184K)
[9.666s][info][gc,metaspace   ] GC(156) Metaspace: 6298K(6464K)->6298K(6464K) NonClass: 5764K(5824K)->5764K(5824K) Class: 533K(640K)->533K(640K)
[9.666s][info][gc             ] GC(156) Pause Full (Ergonomics) 1444M->1411M(1635M) 560.334ms
[9.666s][info][gc,cpu         ] GC(156) User=3.62s Sys=0.00s Real=0.56s
[9.679s][info][gc,start       ] GC(157) Pause Young (Allocation Failure)
[9.759s][info][gc,heap        ] GC(157) PSYoungGen: 39420K(109568K)->39648K(110592K) Eden: 14336K(14336K)->0K(15872K) From: 25084K(95232K)->39648K(94720K)
[9.759s][info][gc,heap        ] GC(157) ParOldGen: 1420142K(1565184K)->1420142K(1565184K)
[9.759s][info][gc,metaspace   ] GC(157) Metaspace: 6298K(6464K)->6298K(6464K) NonClass: 5764K(5824K)->5764K(5824K) Class: 533K(640K)->533K(640K)
[9.759s][info][gc             ] GC(157) Pause Young (Allocation Failure) 1425M->1425M(1636M) 79.576ms
[9.759s][info][gc,cpu         ] GC(157) User=0.39s Sys=0.00s Real=0.08s
[9.774s][info][gc,start       ] GC(158) Pause Young (Allocation Failure)
[9.806s][info][gc,heap        ] GC(158) PSYoungGen: 55520K(110592K)->55488K(114176K) Eden: 15872K(15872K)->0K(15872K) From: 39648K(94720K)->55488K(98304K)
[9.806s][info][gc,heap        ] GC(158) ParOldGen: 1420142K(1565184K)->1420142K(1565184K)
[9.806s][info][gc,metaspace   ] GC(158) Metaspace: 6298K(6464K)->6298K(6464K) NonClass: 5764K(5824K)->5764K(5824K) Class: 533K(640K)->533K(640K)
[9.806s][info][gc             ] GC(158) Pause Young (Allocation Failure) 1441M->1441M(1640M) 31.935ms
[9.806s][info][gc,cpu         ] GC(158) User=0.14s Sys=0.00s Real=0.03s
[9.821s][info][gc,start       ] GC(159) Pause Young (Allocation Failure)
[9.859s][info][gc,heap        ] GC(159) PSYoungGen: 71360K(114176K)->71392K(110592K) Eden: 15872K(15872K)->0K(14336K) From: 55488K(98304K)->71392K(96256K)
[9.859s][info][gc,heap        ] GC(159) ParOldGen: 1420142K(1565184K)->1420142K(1565184K)
[9.859s][info][gc,metaspace   ] GC(159) Metaspace: 6298K(6464K)->6298K(6464K) NonClass: 5764K(5824K)->5764K(5824K) Class: 533K(640K)->533K(640K)
[9.859s][info][gc             ] GC(159) Pause Young (Allocation Failure) 1456M->1456M(1636M) 38.115ms
[9.859s][info][gc,cpu         ] GC(159) User=0.16s Sys=0.00s Real=0.04s
[9.872s][info][gc,start       ] GC(160) Pause Young (Allocation Failure)
[9.913s][info][gc,heap        ] GC(160) PSYoungGen: 85728K(110592K)->81152K(114176K) Eden: 14336K(14336K)->0K(14336K) From: 71392K(96256K)->81152K(99840K)
[9.913s][info][gc,heap        ] GC(160) ParOldGen: 1420142K(1565184K)->1424758K(1565184K)
[9.914s][info][gc,metaspace   ] GC(160) Metaspace: 6298K(6464K)->6298K(6464K) NonClass: 5764K(5824K)->5764K(5824K) Class: 533K(640K)->533K(640K)
[9.914s][info][gc             ] GC(160) Pause Young (Allocation Failure) 1470M->1470M(1640M) 41.640ms
[9.914s][info][gc,cpu         ] GC(160) User=0.06s Sys=0.00s Real=0.04s
[9.927s][info][gc,start       ] GC(161) Pause Young (Allocation Failure)
[9.972s][info][gc,heap        ] GC(161) PSYoungGen: 95488K(114176K)->75648K(119296K) Eden: 14336K(14336K)->0K(13312K) From: 81152K(99840K)->75648K(105984K)
[9.972s][info][gc,heap        ] GC(161) ParOldGen: 1424758K(1565184K)->1444854K(1565184K)
[9.972s][info][gc,metaspace   ] GC(161) Metaspace: 6298K(6464K)->6298K(6464K) NonClass: 5764K(5824K)->5764K(5824K) Class: 533K(640K)->533K(640K)
[9.972s][info][gc             ] GC(161) Pause Young (Allocation Failure) 1484M->1484M(1645M) 45.733ms
[9.972s][info][gc,cpu         ] GC(161) User=0.23s Sys=0.02s Real=0.05s
[9.985s][info][gc,start       ] GC(162) Pause Young (Allocation Failure)
[10.028s][info][gc,heap        ] GC(162) PSYoungGen: 88960K(119296K)->73888K(122368K) Eden: 13312K(13312K)->0K(13312K) From: 75648K(105984K)->73888K(109056K)
[10.028s][info][gc,heap        ] GC(162) ParOldGen: 1444854K(1565184K)->1460094K(1565184K)
[10.028s][info][gc,metaspace   ] GC(162) Metaspace: 6298K(6464K)->6298K(6464K) NonClass: 5764K(5824K)->5764K(5824K) Class: 533K(640K)->533K(640K)
[10.028s][info][gc             ] GC(162) Pause Young (Allocation Failure) 1497M->1498M(1648M) 43.238ms
[10.028s][info][gc,cpu         ] GC(162) User=0.23s Sys=0.00s Real=0.04s
[10.042s][info][gc,start       ] GC(163) Pause Young (Allocation Failure)
[10.086s][info][gc,heap        ] GC(163) PSYoungGen: 87200K(122368K)->55456K(117248K) Eden: 13312K(13312K)->0K(15872K) From: 73888K(109056K)->55456K(101376K)
[10.086s][info][gc,heap        ] GC(163) ParOldGen: 1460094K(1565184K)->1492222K(1565184K)
[10.086s][info][gc,metaspace   ] GC(163) Metaspace: 6298K(6464K)->6298K(6464K) NonClass: 5764K(5824K)->5764K(5824K) Class: 533K(640K)->533K(640K)
[10.086s][info][gc             ] GC(163) Pause Young (Allocation Failure) 1511M->1511M(1643M) 43.607ms
[10.086s][info][gc,cpu         ] GC(163) User=0.25s Sys=0.02s Real=0.04s
[10.103s][info][gc,start       ] GC(164) Pause Young (Allocation Failure)
[10.141s][info][gc,heap        ] GC(164) PSYoungGen: 71328K(117248K)->42624K(121344K) Eden: 15872K(15872K)->0K(15872K) From: 55456K(101376K)->42624K(105472K)
[10.141s][info][gc,heap        ] GC(164) ParOldGen: 1492222K(1565184K)->1521230K(1565184K)
[10.141s][info][gc,metaspace   ] GC(164) Metaspace: 6298K(6464K)->6298K(6464K) NonClass: 5764K(5824K)->5764K(5824K) Class: 533K(640K)->533K(640K)
[10.141s][info][gc             ] GC(164) Pause Young (Allocation Failure) 1526M->1527M(1647M) 37.236ms
[10.141s][info][gc,cpu         ] GC(164) User=0.17s Sys=0.08s Real=0.04s
[10.158s][info][gc,start       ] GC(165) Pause Young (Allocation Failure)
[10.192s][info][gc,heap        ] GC(165) PSYoungGen: 58496K(121344K)->31904K(120832K) Eden: 15872K(15872K)->0K(18432K) From: 42624K(105472K)->31904K(102400K)
[10.192s][info][gc,heap        ] GC(165) ParOldGen: 1521230K(1565184K)->1548214K(1565184K)
[10.192s][info][gc,metaspace   ] GC(165) Metaspace: 6298K(6464K)->6298K(6464K) NonClass: 5764K(5824K)->5764K(5824K) Class: 533K(640K)->533K(640K)
[10.192s][info][gc             ] GC(165) Pause Young (Allocation Failure) 1542M->1543M(1646M) 33.979ms
[10.192s][info][gc,cpu         ] GC(165) User=0.14s Sys=0.00s Real=0.03s
[10.192s][info][gc,start       ] GC(166) Pause Full (Ergonomics)
[10.192s][info][gc,phases,start] GC(166) Marking Phase
[10.546s][info][gc,phases      ] GC(166) Marking Phase 353.109ms
[10.546s][info][gc,phases,start] GC(166) Summary Phase
[10.546s][info][gc,phases      ] GC(166) Summary Phase 0.028ms
[10.546s][info][gc,phases,start] GC(166) Adjust Roots
[10.546s][info][gc,phases      ] GC(166) Adjust Roots 0.154ms
[10.546s][info][gc,phases,start] GC(166) Compaction Phase
[10.717s][info][gc,phases      ] GC(166) Compaction Phase 171.518ms
[10.717s][info][gc,phases,start] GC(166) Post Compact
[10.720s][info][gc,phases      ] GC(166) Post Compact 2.776ms
[10.721s][info][gc,heap        ] GC(166) PSYoungGen: 31904K(120832K)->13306K(121344K) Eden: 0K(18432K)->0K(18944K) From: 31904K(102400K)->13306K(102400K)
[10.721s][info][gc,heap        ] GC(166) ParOldGen: 1548214K(1565184K)->1564764K(1729024K)
[10.721s][info][gc,metaspace   ] GC(166) Metaspace: 6298K(6464K)->6298K(6464K) NonClass: 5764K(5824K)->5764K(5824K) Class: 533K(640K)->533K(640K)
[10.721s][info][gc             ] GC(166) Pause Full (Ergonomics) 1543M->1541M(1807M) 528.480ms
[10.721s][info][gc,cpu         ] GC(166) User=3.58s Sys=0.05s Real=0.53s
[10.744s][info][gc,start       ] GC(167) Pause Young (Allocation Failure)
[10.828s][info][gc,heap        ] GC(167) PSYoungGen: 32250K(121344K)->19072K(121856K) Eden: 18944K(18944K)->0K(18944K) From: 13306K(102400K)->19072K(102912K)
[10.828s][info][gc,heap        ] GC(167) ParOldGen: 1564764K(1729024K)->1578268K(1729024K)
[10.828s][info][gc,metaspace   ] GC(167) Metaspace: 6298K(6464K)->6298K(6464K) NonClass: 5764K(5824K)->5764K(5824K) Class: 533K(640K)->533K(640K)
[10.828s][info][gc             ] GC(167) Pause Young (Allocation Failure) 1559M->1559M(1807M) 84.475ms
[10.828s][info][gc,cpu         ] GC(167) User=0.50s Sys=0.00s Real=0.08s
[10.847s][info][gc,start       ] GC(168) Pause Young (Allocation Failure)
[10.877s][info][gc,heap        ] GC(168) PSYoungGen: 38016K(121856K)->19104K(124416K) Eden: 18944K(18944K)->0K(21504K) From: 19072K(102912K)->19104K(102912K)
[10.877s][info][gc,heap        ] GC(168) ParOldGen: 1578268K(1729024K)->1597476K(1729024K)
[10.877s][info][gc,metaspace   ] GC(168) Metaspace: 6298K(6464K)->6298K(6464K) NonClass: 5764K(5824K)->5764K(5824K) Class: 533K(640K)->533K(640K)
[10.877s][info][gc             ] GC(168) Pause Young (Allocation Failure) 1578M->1578M(1810M) 29.857ms
[10.877s][info][gc,cpu         ] GC(168) User=0.02s Sys=0.00s Real=0.03s
[10.897s][info][gc,start       ] GC(169) Pause Young (Allocation Failure)
[10.930s][info][gc,heap        ] GC(169) PSYoungGen: 40608K(124416K)->21664K(124928K) Eden: 21504K(21504K)->0K(21504K) From: 19104K(102912K)->21664K(103424K)
[10.930s][info][gc,heap        ] GC(169) ParOldGen: 1597476K(1729024K)->1616716K(1729024K)
[10.930s][info][gc,metaspace   ] GC(169) Metaspace: 6298K(6464K)->6298K(6464K) NonClass: 5764K(5824K)->5764K(5824K) Class: 533K(640K)->533K(640K)
[10.930s][info][gc             ] GC(169) Pause Young (Allocation Failure) 1599M->1599M(1810M) 32.888ms
[10.930s][info][gc,cpu         ] GC(169) User=0.03s Sys=0.00s Real=0.03s
[10.952s][info][gc,start       ] GC(170) Pause Young (Allocation Failure)
[10.982s][info][gc,heap        ] GC(170) PSYoungGen: 43168K(124928K)->21632K(122880K) Eden: 21504K(21504K)->0K(24576K) From: 21664K(103424K)->21632K(98304K)
[10.982s][info][gc,heap        ] GC(170) ParOldGen: 1616716K(1729024K)->1638516K(1729024K)
[10.982s][info][gc,metaspace   ] GC(170) Metaspace: 6298K(6464K)->6298K(6464K) NonClass: 5764K(5824K)->5764K(5824K) Class: 533K(640K)->533K(640K)
[10.982s][info][gc             ] GC(170) Pause Young (Allocation Failure) 1620M->1621M(1808M) 29.423ms
[10.982s][info][gc,cpu         ] GC(170) User=0.12s Sys=0.02s Real=0.03s
[11.006s][info][gc,start       ] GC(171) Pause Young (Allocation Failure)
[11.036s][info][gc,heap        ] GC(171) PSYoungGen: 46208K(122880K)->24672K(124928K) Eden: 24576K(24576K)->0K(24576K) From: 21632K(98304K)->24672K(100352K)
[11.036s][info][gc,heap        ] GC(171) ParOldGen: 1638516K(1729024K)->1660308K(1729024K)
[11.036s][info][gc,metaspace   ] GC(171) Metaspace: 6298K(6464K)->6298K(6464K) NonClass: 5764K(5824K)->5764K(5824K) Class: 533K(640K)->533K(640K)
[11.036s][info][gc             ] GC(171) Pause Young (Allocation Failure) 1645M->1645M(1810M) 30.282ms
[11.036s][info][gc,cpu         ] GC(171) User=0.05s Sys=0.00s Real=0.03s
[11.060s][info][gc,start       ] GC(172) Pause Young (Allocation Failure)
[11.092s][info][gc,heap        ] GC(172) PSYoungGen: 49248K(124928K)->24768K(119296K) Eden: 24576K(24576K)->0K(27648K) From: 24672K(100352K)->24768K(91648K)
[11.092s][info][gc,heap        ] GC(172) ParOldGen: 1660308K(1729024K)->1685220K(1729024K)
[11.092s][info][gc,metaspace   ] GC(172) Metaspace: 6298K(6464K)->6298K(6464K) NonClass: 5764K(5824K)->5764K(5824K) Class: 533K(640K)->533K(640K)
[11.092s][info][gc             ] GC(172) Pause Young (Allocation Failure) 1669M->1669M(1805M) 32.492ms
[11.092s][info][gc,cpu         ] GC(172) User=0.05s Sys=0.00s Real=0.03s
[11.122s][info][gc,start       ] GC(173) Pause Young (Allocation Failure)
[11.159s][info][gc,heap        ] GC(173) PSYoungGen: 52416K(119296K)->27808K(122368K) Eden: 27648K(27648K)->0K(27648K) From: 24768K(91648K)->27808K(94720K)
[11.159s][info][gc,heap        ] GC(173) ParOldGen: 1685220K(1729024K)->1710124K(1729024K)
[11.159s][info][gc,metaspace   ] GC(173) Metaspace: 6298K(6464K)->6298K(6464K) NonClass: 5764K(5824K)->5764K(5824K) Class: 533K(640K)->533K(640K)
[11.160s][info][gc             ] GC(173) Pause Young (Allocation Failure) 1696M->1697M(1808M) 37.877ms
[11.160s][info][gc,cpu         ] GC(173) User=0.05s Sys=0.00s Real=0.04s
[11.160s][info][gc,start       ] GC(174) Pause Full (Ergonomics)
[11.160s][info][gc,phases,start] GC(174) Marking Phase
[11.555s][info][gc,phases      ] GC(174) Marking Phase 395.429ms
[11.555s][info][gc,phases,start] GC(174) Summary Phase
[11.555s][info][gc,phases      ] GC(174) Summary Phase 0.029ms
[11.555s][info][gc,phases,start] GC(174) Adjust Roots
[11.555s][info][gc,phases      ] GC(174) Adjust Roots 0.183ms
[11.555s][info][gc,phases,start] GC(174) Compaction Phase
[11.738s][info][gc,phases      ] GC(174) Compaction Phase 183.035ms
[11.738s][info][gc,phases,start] GC(174) Post Compact
[11.742s][info][gc,phases      ] GC(174) Post Compact 3.129ms
[11.742s][info][gc,heap        ] GC(174) PSYoungGen: 27808K(122368K)->6690K(122368K) Eden: 0K(27648K)->0K(27648K) From: 27808K(94720K)->6690K(94720K)
[11.742s][info][gc,heap        ] GC(174) ParOldGen: 1710124K(1729024K)->1728860K(1903104K)
[11.742s][info][gc,metaspace   ] GC(174) Metaspace: 6298K(6464K)->6298K(6464K) NonClass: 5764K(5824K)->5764K(5824K) Class: 533K(640K)->533K(640K)
[11.742s][info][gc             ] GC(174) Pause Full (Ergonomics) 1697M->1694M(1978M) 582.687ms
[11.742s][info][gc,cpu         ] GC(174) User=3.92s Sys=0.02s Real=0.58s
[11.773s][info][gc,start       ] GC(175) Pause Young (Allocation Failure)
[11.863s][info][gc,heap        ] GC(175) PSYoungGen: 34338K(122368K)->27808K(114176K) Eden: 27648K(27648K)->0K(30720K) From: 6690K(94720K)->27808K(83456K)
[11.863s][info][gc,heap        ] GC(175) ParOldGen: 1728860K(1903104K)->1735652K(1903104K)
[11.863s][info][gc,metaspace   ] GC(175) Metaspace: 6298K(6464K)->6298K(6464K) NonClass: 5764K(5824K)->5764K(5824K) Class: 533K(640K)->533K(640K)
[11.863s][info][gc             ] GC(175) Pause Young (Allocation Failure) 1721M->1722M(1970M) 89.811ms
[11.863s][info][gc,cpu         ] GC(175) User=0.62s Sys=0.02s Real=0.09s
[11.896s][info][gc,start       ] GC(176) Pause Young (Allocation Failure)
[11.933s][info][gc,heap        ] GC(176) PSYoungGen: 58528K(114176K)->58560K(118272K) Eden: 30720K(30720K)->0K(30720K) From: 27808K(83456K)->58560K(87552K)
[11.933s][info][gc,heap        ] GC(176) ParOldGen: 1735652K(1903104K)->1735652K(1903104K)
[11.933s][info][gc,metaspace   ] GC(176) Metaspace: 6298K(6464K)->6298K(6464K) NonClass: 5764K(5824K)->5764K(5824K) Class: 533K(640K)->533K(640K)
[11.933s][info][gc             ] GC(176) Pause Young (Allocation Failure) 1752M->1752M(1974M) 36.733ms
[11.933s][info][gc,cpu         ] GC(176) User=0.16s Sys=0.00s Real=0.04s
[11.965s][info][gc,start       ] GC(177) Pause Young (Allocation Failure)
[12.011s][info][gc,heap        ] GC(177) PSYoungGen: 89280K(118272K)->89280K(111104K) Eden: 30720K(30720K)->0K(20480K) From: 58560K(87552K)->89280K(90624K)
[12.012s][info][gc,heap        ] GC(177) ParOldGen: 1735652K(1903104K)->1735652K(1903104K)
[12.012s][info][gc,metaspace   ] GC(177) Metaspace: 6298K(6464K)->6298K(6464K) NonClass: 5764K(5824K)->5764K(5824K) Class: 533K(640K)->533K(640K)
[12.012s][info][gc             ] GC(177) Pause Young (Allocation Failure) 1782M->1782M(1967M) 46.936ms
[12.012s][info][gc,cpu         ] GC(177) User=0.23s Sys=0.00s Real=0.05s
[12.031s][info][gc,start       ] GC(178) Pause Young (Allocation Failure)
[12.086s][info][gc,heap        ] GC(178) PSYoungGen: 109760K(111104K)->82112K(124416K) Eden: 20480K(20480K)->0K(20480K) From: 89280K(90624K)->82112K(103936K)
[12.086s][info][gc,heap        ] GC(178) ParOldGen: 1735652K(1903104K)->1763676K(1903104K)
[12.086s][info][gc,metaspace   ] GC(178) Metaspace: 6298K(6464K)->6298K(6464K) NonClass: 5764K(5824K)->5764K(5824K) Class: 533K(640K)->533K(640K)
[12.086s][info][gc             ] GC(178) Pause Young (Allocation Failure) 1802M->1802M(1980M) 55.107ms
[12.086s][info][gc,cpu         ] GC(178) User=0.45s Sys=0.03s Real=0.06s
[12.109s][info][gc,start       ] GC(179) Pause Young (Allocation Failure)
[12.161s][info][gc,heap        ] GC(179) PSYoungGen: 102592K(124416K)->71872K(132608K) Eden: 20480K(20480K)->0K(20480K) From: 82112K(103936K)->71872K(112128K)
[12.161s][info][gc,heap        ] GC(179) ParOldGen: 1763676K(1903104K)->1794804K(1903104K)
[12.161s][info][gc,metaspace   ] GC(179) Metaspace: 6298K(6464K)->6298K(6464K) NonClass: 5764K(5824K)->5764K(5824K) Class: 533K(640K)->533K(640K)
[12.161s][info][gc             ] GC(179) Pause Young (Allocation Failure) 1822M->1822M(1988M) 52.374ms
[12.161s][info][gc,cpu         ] GC(179) User=0.48s Sys=0.00s Real=0.05s
[12.184s][info][gc,start       ] GC(180) Pause Young (Allocation Failure)
[12.233s][info][gc,heap        ] GC(180) PSYoungGen: 92352K(132608K)->41120K(61952K) Eden: 20480K(20480K)->0K(20480K) From: 71872K(112128K)->41120K(41472K)
[12.233s][info][gc,heap        ] GC(180) ParOldGen: 1794804K(1903104K)->1846612K(1903104K)
[12.233s][info][gc,metaspace   ] GC(180) Metaspace: 6298K(6464K)->6298K(6464K) NonClass: 5764K(5824K)->5764K(5824K) Class: 533K(640K)->533K(640K)
[12.233s][info][gc             ] GC(180) Pause Young (Allocation Failure) 1842M->1843M(1919M) 49.777ms
[12.233s][info][gc,cpu         ] GC(180) User=0.23s Sys=0.03s Real=0.05s
[12.257s][info][gc,start       ] GC(181) Pause Young (Allocation Failure)
[12.295s][info][gc,heap        ] GC(181) PSYoungGen: 61600K(61952K)->20576K(130560K) Eden: 20480K(20480K)->0K(23040K) From: 41120K(41472K)->20576K(107520K)
[12.295s][info][gc,heap        ] GC(181) ParOldGen: 1846612K(1903104K)->1888100K(1903104K)
[12.295s][info][gc,metaspace   ] GC(181) Metaspace: 6298K(6464K)->6298K(6464K) NonClass: 5764K(5824K)->5764K(5824K) Class: 533K(640K)->533K(640K)
[12.295s][info][gc             ] GC(181) Pause Young (Allocation Failure) 1863M->1863M(1986M) 37.787ms
[12.295s][info][gc,cpu         ] GC(181) User=0.16s Sys=0.00s Real=0.04s
[12.295s][info][gc,start       ] GC(182) Pause Full (Ergonomics)
[12.295s][info][gc,phases,start] GC(182) Marking Phase
[12.730s][info][gc,phases      ] GC(182) Marking Phase 435.119ms
[12.730s][info][gc,phases,start] GC(182) Summary Phase
[12.730s][info][gc,phases      ] GC(182) Summary Phase 0.032ms
[12.730s][info][gc,phases,start] GC(182) Adjust Roots
[12.730s][info][gc,phases      ] GC(182) Adjust Roots 0.198ms
[12.730s][info][gc,phases,start] GC(182) Compaction Phase
[12.912s][info][gc,phases      ] GC(182) Compaction Phase 182.222ms
[12.913s][info][gc,phases,start] GC(182) Post Compact
[12.916s][info][gc,phases      ] GC(182) Post Compact 3.644ms
[12.917s][info][gc,heap        ] GC(182) PSYoungGen: 20576K(130560K)->3591K(131584K) Eden: 0K(23040K)->0K(24064K) From: 20576K(107520K)->3591K(107520K)
[12.917s][info][gc,heap        ] GC(182) ParOldGen: 1888100K(1903104K)->1902749K(2108928K)
[12.917s][info][gc,metaspace   ] GC(182) Metaspace: 6298K(6464K)->6298K(6464K) NonClass: 5764K(5824K)->5764K(5824K) Class: 533K(640K)->533K(640K)
[12.917s][info][gc             ] GC(182) Pause Full (Ergonomics) 1863M->1861M(2188M) 622.508ms
[12.917s][info][gc,cpu         ] GC(182) User=4.48s Sys=0.00s Real=0.62s
[12.944s][info][gc,start       ] GC(183) Pause Young (Allocation Failure)
[13.039s][info][gc,heap        ] GC(183) PSYoungGen: 27655K(131584K)->24192K(132608K) Eden: 24064K(24064K)->0K(24064K) From: 3591K(107520K)->24192K(108544K)
[13.039s][info][gc,heap        ] GC(183) ParOldGen: 1902749K(2108928K)->1906413K(2108928K)
[13.039s][info][gc,metaspace   ] GC(183) Metaspace: 6298K(6464K)->6298K(6464K) NonClass: 5764K(5824K)->5764K(5824K) Class: 533K(640K)->533K(640K)
[13.039s][info][gc             ] GC(183) Pause Young (Allocation Failure) 1885M->1885M(2189M) 95.244ms
[13.039s][info][gc,cpu         ] GC(183) User=0.58s Sys=0.00s Real=0.10s
[13.065s][info][gc,start       ] GC(184) Pause Young (Allocation Failure)
[13.098s][info][gc,heap        ] GC(184) PSYoungGen: 48256K(132608K)->24160K(128512K) Eden: 24064K(24064K)->0K(27136K) From: 24192K(108544K)->24160K(101376K)
[13.098s][info][gc,heap        ] GC(184) ParOldGen: 1906413K(2108928K)->1930821K(2108928K)
[13.098s][info][gc,metaspace   ] GC(184) Metaspace: 6298K(6464K)->6298K(6464K) NonClass: 5764K(5824K)->5764K(5824K) Class: 533K(640K)->533K(640K)
[13.098s][info][gc             ] GC(184) Pause Young (Allocation Failure) 1908M->1909M(2185M) 33.489ms
[13.098s][info][gc,cpu         ] GC(184) User=0.12s Sys=0.02s Real=0.03s
[13.132s][info][gc,start       ] GC(185) Pause Young (Allocation Failure)
[13.167s][info][gc,heap        ] GC(185) PSYoungGen: 51296K(128512K)->27296K(54784K) Eden: 27136K(27136K)->0K(27136K) From: 24160K(101376K)->27296K(27648K)
[13.167s][info][gc,heap        ] GC(185) ParOldGen: 1930821K(2108928K)->1955221K(2108928K)
[13.167s][info][gc,metaspace   ] GC(185) Metaspace: 6298K(6464K)->6298K(6464K) NonClass: 5764K(5824K)->5764K(5824K) Class: 533K(640K)->533K(640K)
[13.167s][info][gc             ] GC(185) Pause Young (Allocation Failure) 1935M->1936M(2113M) 34.835ms
[13.167s][info][gc,cpu         ] GC(185) User=0.16s Sys=0.00s Real=0.04s
[13.201s][info][gc,start       ] GC(186) Pause Young (Allocation Failure)
[13.237s][info][gc,heap        ] GC(186) PSYoungGen: 54432K(54784K)->27328K(122880K) Eden: 27136K(27136K)->0K(30208K) From: 27296K(27648K)->27328K(92672K)
[13.237s][info][gc,heap        ] GC(186) ParOldGen: 1955221K(2108928K)->1982741K(2108928K)
[13.237s][info][gc,metaspace   ] GC(186) Metaspace: 6298K(6464K)->6298K(6464K) NonClass: 5764K(5824K)->5764K(5824K) Class: 533K(640K)->533K(640K)
[13.237s][info][gc             ] GC(186) Pause Young (Allocation Failure) 1962M->1962M(2179M) 36.045ms
[13.237s][info][gc,cpu         ] GC(186) User=0.16s Sys=0.02s Real=0.04s
[13.274s][info][gc,start       ] GC(187) Pause Young (Allocation Failure)
[13.311s][info][gc,heap        ] GC(187) PSYoungGen: 57536K(122880K)->30432K(60928K) Eden: 30208K(30208K)->0K(30208K) From: 27328K(92672K)->30432K(30720K)
[13.311s][info][gc,heap        ] GC(187) ParOldGen: 1982741K(2108928K)->2010277K(2108928K)
[13.311s][info][gc,metaspace   ] GC(187) Metaspace: 6298K(6464K)->6298K(6464K) NonClass: 5764K(5824K)->5764K(5824K) Class: 533K(640K)->533K(640K)
[13.311s][info][gc             ] GC(187) Pause Young (Allocation Failure) 1992M->1992M(2119M) 37.708ms
[13.312s][info][gc,cpu         ] GC(187) User=0.14s Sys=0.02s Real=0.04s
[13.343s][info][gc,start       ] GC(188) Pause Young (Allocation Failure)
[13.381s][info][gc,heap        ] GC(188) PSYoungGen: 60640K(60928K)->30368K(117760K) Eden: 30208K(30208K)->0K(33792K) From: 30432K(30720K)->30368K(83968K)
[13.381s][info][gc,heap        ] GC(188) ParOldGen: 2010277K(2108928K)->2040917K(2108928K)
[13.381s][info][gc,metaspace   ] GC(188) Metaspace: 6298K(6464K)->6298K(6464K) NonClass: 5764K(5824K)->5764K(5824K) Class: 533K(640K)->533K(640K)
[13.381s][info][gc             ] GC(188) Pause Young (Allocation Failure) 2022M->2022M(2174M) 38.664ms
[13.381s][info][gc,cpu         ] GC(188) User=0.22s Sys=0.05s Real=0.04s
[13.416s][info][gc,start       ] GC(189) Pause Young (Allocation Failure)
[13.455s][info][gc,heap        ] GC(189) PSYoungGen: 64160K(117760K)->33984K(121856K) Eden: 33792K(33792K)->0K(33792K) From: 30368K(83968K)->33984K(88064K)
[13.455s][info][gc,heap        ] GC(189) ParOldGen: 2040917K(2108928K)->2071525K(2108928K)
[13.455s][info][gc,metaspace   ] GC(189) Metaspace: 6298K(6464K)->6298K(6464K) NonClass: 5764K(5824K)->5764K(5824K) Class: 533K(640K)->533K(640K)
[13.455s][info][gc             ] GC(189) Pause Young (Allocation Failure) 2055M->2056M(2178M) 39.524ms
[13.455s][info][gc,cpu         ] GC(189) User=0.23s Sys=0.02s Real=0.04s
[13.455s][info][gc,start       ] GC(190) Pause Full (Ergonomics)
[13.456s][info][gc,phases,start] GC(190) Marking Phase
[13.930s][info][gc,phases      ] GC(190) Marking Phase 474.298ms
[13.930s][info][gc,phases,start] GC(190) Summary Phase
[13.930s][info][gc,phases      ] GC(190) Summary Phase 0.052ms
[13.930s][info][gc,phases,start] GC(190) Adjust Roots
[13.930s][info][gc,phases      ] GC(190) Adjust Roots 0.158ms
[13.930s][info][gc,phases,start] GC(190) Compaction Phase
[14.118s][info][gc,phases      ] GC(190) Compaction Phase 188.312ms
[14.118s][info][gc,phases,start] GC(190) Post Compact
[14.122s][info][gc,phases      ] GC(190) Post Compact 3.853ms
[14.123s][info][gc,heap        ] GC(190) PSYoungGen: 33984K(121856K)->0K(121856K) Eden: 0K(33792K)->0K(37888K) From: 33984K(88064K)->0K(83968K)
[14.123s][info][gc,heap        ] GC(190) ParOldGen: 2071525K(2108928K)->2102733K(2319360K)
[14.123s][info][gc,metaspace   ] GC(190) Metaspace: 6298K(6464K)->6298K(6464K) NonClass: 5764K(5824K)->5764K(5824K) Class: 533K(640K)->533K(640K)
[14.123s][info][gc             ] GC(190) Pause Full (Ergonomics) 2056M->2053M(2384M) 667.799ms
[14.123s][info][gc,cpu         ] GC(190) User=4.84s Sys=0.03s Real=0.67s
[14.163s][info][gc,start       ] GC(191) Pause Young (Allocation Failure)
[14.193s][info][gc,heap        ] GC(191) PSYoungGen: 37888K(121856K)->38080K(76288K) Eden: 37888K(37888K)->0K(37888K) From: 0K(83968K)->38080K(38400K)
[14.193s][info][gc,heap        ] GC(191) ParOldGen: 2102733K(2319360K)->2102733K(2319360K)
[14.193s][info][gc,metaspace   ] GC(191) Metaspace: 6298K(6464K)->6298K(6464K) NonClass: 5764K(5824K)->5764K(5824K) Class: 533K(640K)->533K(640K)
[14.193s][info][gc             ] GC(191) Pause Young (Allocation Failure) 2090M->2090M(2339M) 30.642ms
[14.193s][info][gc,cpu         ] GC(191) User=0.03s Sys=0.00s Real=0.03s
[14.236s][info][gc,start       ] GC(192) Pause Young (Allocation Failure)
[14.278s][info][gc,heap        ] GC(192) PSYoungGen: 75968K(76288K)->76032K(110592K) Eden: 37888K(37888K)->0K(31232K) From: 38080K(38400K)->76032K(79360K)
[14.278s][info][gc,heap        ] GC(192) ParOldGen: 2102733K(2319360K)->2102733K(2319360K)
[14.279s][info][gc,metaspace   ] GC(192) Metaspace: 6298K(6464K)->6298K(6464K) NonClass: 5764K(5824K)->5764K(5824K) Class: 533K(640K)->533K(640K)
[14.279s][info][gc             ] GC(192) Pause Young (Allocation Failure) 2127M->2127M(2373M) 42.323ms
[14.279s][info][gc,cpu         ] GC(192) User=0.25s Sys=0.00s Real=0.04s
[14.317s][info][gc,start       ] GC(193) Pause Young (Allocation Failure)
[14.372s][info][gc,heap        ] GC(193) PSYoungGen: 107264K(110592K)->89600K(120832K) Eden: 31232K(31232K)->0K(31232K) From: 76032K(79360K)->89600K(89600K)
[14.372s][info][gc,heap        ] GC(193) ParOldGen: 2102733K(2319360K)->2120501K(2319360K)
[14.372s][info][gc,metaspace   ] GC(193) Metaspace: 6298K(6464K)->6298K(6464K) NonClass: 5764K(5824K)->5764K(5824K) Class: 533K(640K)->533K(640K)
[14.372s][info][gc             ] GC(193) Pause Young (Allocation Failure) 2158M->2158M(2383M) 54.962ms
[14.372s][info][gc,cpu         ] GC(193) User=0.33s Sys=0.02s Real=0.06s
[14.411s][info][gc,start       ] GC(194) Pause Young (Allocation Failure)
[14.477s][info][gc,heap        ] GC(194) PSYoungGen: 120832K(120832K)->57248K(138752K) Eden: 31232K(31232K)->0K(34816K) From: 89600K(89600K)->57248K(103936K)
[14.478s][info][gc,heap        ] GC(194) ParOldGen: 2120501K(2319360K)->2185037K(2319360K)
[14.478s][info][gc,metaspace   ] GC(194) Metaspace: 6298K(6464K)->6298K(6464K) NonClass: 5764K(5824K)->5764K(5824K) Class: 533K(640K)->533K(640K)
[14.478s][info][gc             ] GC(194) Pause Young (Allocation Failure) 2188M->2189M(2400M) 66.696ms
[14.478s][info][gc,cpu         ] GC(194) User=0.42s Sys=0.06s Real=0.07s
[14.521s][info][gc,start       ] GC(195) Pause Young (Allocation Failure)
[14.572s][info][gc,heap        ] GC(195) PSYoungGen: 92064K(138752K)->66240K(141312K) Eden: 34816K(34816K)->0K(34816K) From: 57248K(103936K)->66240K(106496K)
[14.572s][info][gc,heap        ] GC(195) ParOldGen: 2185037K(2319360K)->2211253K(2319360K)
[14.572s][info][gc,metaspace   ] GC(195) Metaspace: 6298K(6464K)->6298K(6464K) NonClass: 5764K(5824K)->5764K(5824K) Class: 533K(640K)->533K(640K)
[14.572s][info][gc             ] GC(195) Pause Young (Allocation Failure) 2223M->2224M(2403M) 51.647ms
[14.572s][info][gc,cpu         ] GC(195) User=0.25s Sys=0.03s Real=0.05s
[14.613s][info][gc,start       ] GC(196) Pause Young (Allocation Failure)
[14.667s][info][gc,heap        ] GC(196) PSYoungGen: 101056K(141312K)->69856K(145408K) Eden: 34816K(34816K)->0K(37888K) From: 66240K(106496K)->69856K(107520K)
[14.667s][info][gc,heap        ] GC(196) ParOldGen: 2211253K(2319360K)->2242949K(2319360K)
[14.667s][info][gc,metaspace   ] GC(196) Metaspace: 6298K(6464K)->6298K(6464K) NonClass: 5764K(5824K)->5764K(5824K) Class: 533K(640K)->533K(640K)
[14.667s][info][gc             ] GC(196) Pause Young (Allocation Failure) 2258M->2258M(2407M) 54.025ms
[14.667s][info][gc,cpu         ] GC(196) User=0.34s Sys=0.00s Real=0.05s
[14.714s][info][gc,start       ] GC(197) Pause Young (Allocation Failure)
[14.772s][info][gc,heap        ] GC(197) PSYoungGen: 107744K(145408K)->72928K(146432K) Eden: 37888K(37888K)->0K(37888K) From: 69856K(107520K)->72928K(108544K)
[14.772s][info][gc,heap        ] GC(197) ParOldGen: 2242949K(2319360K)->2278141K(2319360K)
[14.772s][info][gc,metaspace   ] GC(197) Metaspace: 6298K(6464K)->6298K(6464K) NonClass: 5764K(5824K)->5764K(5824K) Class: 533K(640K)->533K(640K)
[14.772s][info][gc             ] GC(197) Pause Young (Allocation Failure) 2295M->2295M(2408M) 58.259ms
[14.772s][info][gc,cpu         ] GC(197) User=0.30s Sys=0.03s Real=0.06s
[14.772s][info][gc,start       ] GC(198) Pause Full (Ergonomics)
[14.772s][info][gc,phases,start] GC(198) Marking Phase
[15.309s][info][gc,phases      ] GC(198) Marking Phase 537.036ms
[15.310s][info][gc,phases,start] GC(198) Summary Phase
[15.310s][info][gc,phases      ] GC(198) Summary Phase 0.042ms
[15.310s][info][gc,phases,start] GC(198) Adjust Roots
[15.310s][info][gc,phases      ] GC(198) Adjust Roots 0.153ms
[15.310s][info][gc,phases,start] GC(198) Compaction Phase
[15.514s][info][gc,phases      ] GC(198) Compaction Phase 204.672ms
[15.514s][info][gc,phases,start] GC(198) Post Compact
[15.520s][info][gc,phases      ] GC(198) Post Compact 5.244ms
[15.521s][info][gc,heap        ] GC(198) PSYoungGen: 72928K(146432K)->29204K(146432K) Eden: 0K(37888K)->0K(37888K) From: 72928K(108544K)->29204K(108544K)
[15.521s][info][gc,heap        ] GC(198) ParOldGen: 2278141K(2319360K)->2319081K(2558464K)
[15.521s][info][gc,metaspace   ] GC(198) Metaspace: 6298K(6464K)->6298K(6464K) NonClass: 5764K(5824K)->5764K(5824K) Class: 533K(640K)->533K(640K)
[15.521s][info][gc             ] GC(198) Pause Full (Ergonomics) 2295M->2293M(2641M) 748.264ms
[15.521s][info][gc,cpu         ] GC(198) User=5.52s Sys=0.02s Real=0.75s
[15.568s][info][gc,start       ] GC(199) Pause Young (Allocation Failure)
[15.704s][info][gc,heap        ] GC(199) PSYoungGen: 67092K(146432K)->56256K(141824K) Eden: 37888K(37888K)->0K(41472K) From: 29204K(108544K)->56256K(100352K)
[15.704s][info][gc,heap        ] GC(199) ParOldGen: 2319081K(2558464K)->2330265K(2558464K)
[15.704s][info][gc,metaspace   ] GC(199) Metaspace: 6298K(6464K)->6298K(6464K) NonClass: 5764K(5824K)->5764K(5824K) Class: 533K(640K)->533K(640K)
[15.704s][info][gc             ] GC(199) Pause Young (Allocation Failure) 2330M->2330M(2637M) 136.583ms
[15.704s][info][gc,cpu         ] GC(199) User=0.83s Sys=0.00s Real=0.14s
[15.753s][info][gc,start       ] GC(200) Pause Young (Allocation Failure)
[15.808s][info][gc,heap        ] GC(200) PSYoungGen: 97728K(141824K)->97792K(147456K) Eden: 41472K(41472K)->0K(41472K) From: 56256K(100352K)->97792K(105984K)
[15.808s][info][gc,heap        ] GC(200) ParOldGen: 2330265K(2558464K)->2330265K(2558464K)
[15.808s][info][gc,metaspace   ] GC(200) Metaspace: 6298K(6464K)->6298K(6464K) NonClass: 5764K(5824K)->5764K(5824K) Class: 533K(640K)->533K(640K)
[15.808s][info][gc             ] GC(200) Pause Young (Allocation Failure) 2371M->2371M(2642M) 55.052ms
[15.808s][info][gc,cpu         ] GC(200) User=0.38s Sys=0.00s Real=0.06s
[15.860s][info][gc,start       ] GC(201) Pause Young (Allocation Failure)
[15.940s][info][gc,heap        ] GC(201) PSYoungGen: 139264K(147456K)->116736K(138240K) Eden: 41472K(41472K)->0K(21504K) From: 97792K(105984K)->116736K(116736K)
[15.940s][info][gc,heap        ] GC(201) ParOldGen: 2330265K(2558464K)->2352921K(2558464K)
[15.940s][info][gc,metaspace   ] GC(201) Metaspace: 6298K(6464K)->6298K(6464K) NonClass: 5764K(5824K)->5764K(5824K) Class: 533K(640K)->533K(640K)
[15.940s][info][gc             ] GC(201) Pause Young (Allocation Failure) 2411M->2411M(2633M) 80.534ms
[15.940s][info][gc,cpu         ] GC(201) User=0.41s Sys=0.09s Real=0.08s
[15.970s][info][gc,start       ] GC(202) Pause Young (Allocation Failure)
[16.045s][info][gc,heap        ] GC(202) PSYoungGen: 138240K(138240K)->91680K(162304K) Eden: 21504K(21504K)->0K(21504K) From: 116736K(116736K)->91680K(140800K)
[16.045s][info][gc,heap        ] GC(202) ParOldGen: 2352921K(2558464K)->2400001K(2558464K)
[16.045s][info][gc,metaspace   ] GC(202) Metaspace: 6298K(6464K)->6298K(6464K) NonClass: 5764K(5824K)->5764K(5824K) Class: 533K(640K)->533K(640K)
[16.045s][info][gc             ] GC(202) Pause Young (Allocation Failure) 2432M->2433M(2657M) 75.776ms
[16.045s][info][gc,cpu         ] GC(202) User=0.45s Sys=0.03s Real=0.08s
[16.071s][info][gc,start       ] GC(203) Pause Young (Allocation Failure)
[16.132s][info][gc,heap        ] GC(203) PSYoungGen: 113184K(162304K)->77280K(159232K) Eden: 21504K(21504K)->0K(24576K) From: 91680K(140800K)->77280K(134656K)
[16.132s][info][gc,heap        ] GC(203) ParOldGen: 2400001K(2558464K)->2436161K(2558464K)
[16.132s][info][gc,metaspace   ] GC(203) Metaspace: 6298K(6464K)->6298K(6464K) NonClass: 5764K(5824K)->5764K(5824K) Class: 533K(640K)->533K(640K)
[16.132s][info][gc             ] GC(203) Pause Young (Allocation Failure) 2454M->2454M(2654M) 61.302ms
[16.132s][info][gc,cpu         ] GC(203) User=0.36s Sys=0.00s Real=0.06s
[16.160s][info][gc,start       ] GC(204) Pause Young (Allocation Failure)
[16.218s][info][gc,heap        ] GC(204) PSYoungGen: 101856K(159232K)->46240K(162816K) Eden: 24576K(24576K)->0K(24576K) From: 77280K(134656K)->46240K(138240K)
[16.219s][info][gc,heap        ] GC(204) ParOldGen: 2436161K(2558464K)->2492241K(2558464K)
[16.219s][info][gc,metaspace   ] GC(204) Metaspace: 6298K(6464K)->6298K(6464K) NonClass: 5764K(5824K)->5764K(5824K) Class: 533K(640K)->533K(640K)
[16.219s][info][gc             ] GC(204) Pause Young (Allocation Failure) 2478M->2478M(2657M) 58.247ms
[16.219s][info][gc,cpu         ] GC(204) User=0.33s Sys=0.00s Real=0.06s
[16.246s][info][gc,start       ] GC(205) Pause Young (Allocation Failure)
[16.290s][info][gc,heap        ] GC(205) PSYoungGen: 70816K(162816K)->24704K(162304K) Eden: 24576K(24576K)->0K(27136K) From: 46240K(138240K)->24704K(135168K)
[16.290s][info][gc,heap        ] GC(205) ParOldGen: 2492241K(2558464K)->2538705K(2558464K)
[16.290s][info][gc,metaspace   ] GC(205) Metaspace: 6298K(6464K)->6298K(6464K) NonClass: 5764K(5824K)->5764K(5824K) Class: 533K(640K)->533K(640K)
[16.290s][info][gc             ] GC(205) Pause Young (Allocation Failure) 2502M->2503M(2657M) 43.976ms
[16.290s][info][gc,cpu         ] GC(205) User=0.20s Sys=0.05s Real=0.05s
[16.291s][info][gc,start       ] GC(206) Pause Full (Ergonomics)
[16.291s][info][gc,phases,start] GC(206) Marking Phase
[16.883s][info][gc,phases      ] GC(206) Marking Phase 592.457ms
[16.883s][info][gc,phases,start] GC(206) Summary Phase
[16.883s][info][gc,phases      ] GC(206) Summary Phase 0.038ms
[16.883s][info][gc,phases,start] GC(206) Adjust Roots
[16.883s][info][gc,phases      ] GC(206) Adjust Roots 0.160ms
[16.883s][info][gc,phases,start] GC(206) Compaction Phase
[17.103s][info][gc,phases      ] GC(206) Compaction Phase 219.729ms
[17.103s][info][gc,phases,start] GC(206) Post Compact
[17.108s][info][gc,phases      ] GC(206) Post Compact 4.714ms
[17.109s][info][gc,heap        ] GC(206) PSYoungGen: 24704K(162304K)->3085K(162304K) Eden: 0K(27136K)->0K(27136K) From: 24704K(135168K)->3085K(135168K)
[17.109s][info][gc,heap        ] GC(206) ParOldGen: 2538705K(2558464K)->2557978K(2829824K)
[17.109s][info][gc,metaspace   ] GC(206) Metaspace: 6298K(6464K)->6298K(6464K) NonClass: 5764K(5824K)->5764K(5824K) Class: 533K(640K)->533K(640K)
[17.109s][info][gc             ] GC(206) Pause Full (Ergonomics) 2503M->2501M(2922M) 818.518ms
[17.109s][info][gc,cpu         ] GC(206) User=5.92s Sys=0.03s Real=0.82s
[17.142s][info][gc,start       ] GC(207) Pause Young (Allocation Failure)
[17.270s][info][gc,heap        ] GC(207) PSYoungGen: 30221K(162304K)->27264K(163328K) Eden: 27136K(27136K)->0K(27136K) From: 3085K(135168K)->27264K(136192K)
[17.270s][info][gc,heap        ] GC(207) ParOldGen: 2557978K(2829824K)->2561130K(2829824K)
[17.270s][info][gc,metaspace   ] GC(207) Metaspace: 6298K(6464K)->6298K(6464K) NonClass: 5764K(5824K)->5764K(5824K) Class: 533K(640K)->533K(640K)
[17.270s][info][gc             ] GC(207) Pause Young (Allocation Failure) 2527M->2527M(2923M) 128.464ms
[17.270s][info][gc,cpu         ] GC(207) User=0.61s Sys=0.02s Real=0.13s
[17.303s][info][gc,start       ] GC(208) Pause Young (Allocation Failure)
[17.339s][info][gc,heap        ] GC(208) PSYoungGen: 54400K(163328K)->27264K(161280K) Eden: 27136K(27136K)->0K(30208K) From: 27264K(136192K)->27264K(131072K)
[17.339s][info][gc,heap        ] GC(208) ParOldGen: 2561130K(2829824K)->2588522K(2829824K)
[17.339s][info][gc,metaspace   ] GC(208) Metaspace: 6298K(6464K)->6298K(6464K) NonClass: 5764K(5824K)->5764K(5824K) Class: 533K(640K)->533K(640K)
[17.339s][info][gc             ] GC(208) Pause Young (Allocation Failure) 2554M->2554M(2921M) 36.152ms
[17.339s][info][gc,cpu         ] GC(208) User=0.20s Sys=0.03s Real=0.04s
[17.375s][info][gc,start       ] GC(209) Pause Young (Allocation Failure)
[17.414s][info][gc,heap        ] GC(209) PSYoungGen: 57472K(161280K)->30400K(163328K) Eden: 30208K(30208K)->0K(30208K) From: 27264K(131072K)->30400K(133120K)
[17.414s][info][gc,heap        ] GC(209) ParOldGen: 2588522K(2829824K)->2615914K(2829824K)
[17.414s][info][gc,metaspace   ] GC(209) Metaspace: 6298K(6464K)->6298K(6464K) NonClass: 5764K(5824K)->5764K(5824K) Class: 533K(640K)->533K(640K)
[17.414s][info][gc             ] GC(209) Pause Young (Allocation Failure) 2583M->2584M(2923M) 39.109ms
[17.414s][info][gc,cpu         ] GC(209) User=0.25s Sys=0.02s Real=0.04s
[17.451s][info][gc,start       ] GC(210) Pause Young (Allocation Failure)
[17.491s][info][gc,heap        ] GC(210) PSYoungGen: 60608K(163328K)->30400K(156672K) Eden: 30208K(30208K)->0K(33792K) From: 30400K(133120K)->30400K(122880K)
[17.491s][info][gc,heap        ] GC(210) ParOldGen: 2615914K(2829824K)->2646394K(2829824K)
[17.491s][info][gc,metaspace   ] GC(210) Metaspace: 6298K(6464K)->6298K(6464K) NonClass: 5764K(5824K)->5764K(5824K) Class: 533K(640K)->533K(640K)
[17.491s][info][gc             ] GC(210) Pause Young (Allocation Failure) 2613M->2614M(2916M) 40.281ms
[17.491s][info][gc,cpu         ] GC(210) User=0.20s Sys=0.06s Real=0.04s
[17.537s][info][gc,start       ] GC(211) Pause Young (Allocation Failure)
[17.580s][info][gc,heap        ] GC(211) PSYoungGen: 64192K(156672K)->33984K(68096K) Eden: 33792K(33792K)->0K(33792K) From: 30400K(122880K)->33984K(34304K)
[17.581s][info][gc,heap        ] GC(211) ParOldGen: 2646394K(2829824K)->2676874K(2829824K)
[17.581s][info][gc,metaspace   ] GC(211) Metaspace: 6298K(6464K)->6298K(6464K) NonClass: 5764K(5824K)->5764K(5824K) Class: 533K(640K)->533K(640K)
[17.581s][info][gc             ] GC(211) Pause Young (Allocation Failure) 2647M->2647M(2830M) 43.455ms
[17.581s][info][gc,cpu         ] GC(211) User=0.14s Sys=0.09s Real=0.04s
[17.620s][info][gc,start       ] GC(212) Pause Young (Allocation Failure)
[17.664s][info][gc,heap        ] GC(212) PSYoungGen: 67776K(68096K)->33952K(150528K) Eden: 33792K(33792K)->0K(37888K) From: 33984K(34304K)->33952K(112640K)
[17.664s][info][gc,heap        ] GC(212) ParOldGen: 2676874K(2829824K)->2710970K(2829824K)
[17.664s][info][gc,metaspace   ] GC(212) Metaspace: 6298K(6464K)->6298K(6464K) NonClass: 5764K(5824K)->5764K(5824K) Class: 533K(640K)->533K(640K)
[17.664s][info][gc             ] GC(212) Pause Young (Allocation Failure) 2680M->2680M(2910M) 43.596ms
[17.664s][info][gc,cpu         ] GC(212) User=0.23s Sys=0.02s Real=0.04s
[17.710s][info][gc,start       ] GC(213) Pause Young (Allocation Failure)
[17.754s][info][gc,heap        ] GC(213) PSYoungGen: 71840K(150528K)->38080K(76288K) Eden: 37888K(37888K)->0K(37888K) From: 33952K(112640K)->38080K(38400K)
[17.755s][info][gc,heap        ] GC(213) ParOldGen: 2710970K(2829824K)->2745066K(2829824K)
[17.755s][info][gc,metaspace   ] GC(213) Metaspace: 6298K(6464K)->6298K(6464K) NonClass: 5764K(5824K)->5764K(5824K) Class: 533K(640K)->533K(640K)
[17.755s][info][gc             ] GC(213) Pause Young (Allocation Failure) 2717M->2717M(2838M) 44.614ms
[17.755s][info][gc,cpu         ] GC(213) User=0.23s Sys=0.03s Real=0.05s
[17.799s][info][gc,start       ] GC(214) Pause Young (Allocation Failure)
[17.847s][info][gc,heap        ] GC(214) PSYoungGen: 75968K(76288K)->38080K(144896K) Eden: 37888K(37888K)->0K(41984K) From: 38080K(38400K)->38080K(102912K)
[17.847s][info][gc,heap        ] GC(214) ParOldGen: 2745066K(2829824K)->2783290K(2829824K)
[17.847s][info][gc,metaspace   ] GC(214) Metaspace: 6298K(6464K)->6298K(6464K) NonClass: 5764K(5824K)->5764K(5824K) Class: 533K(640K)->533K(640K)
[17.847s][info][gc             ] GC(214) Pause Young (Allocation Failure) 2754M->2755M(2905M) 48.025ms
[17.847s][info][gc,cpu         ] GC(214) User=0.27s Sys=0.00s Real=0.05s
[17.847s][info][gc,start       ] GC(215) Pause Full (Ergonomics)
[17.847s][info][gc,phases,start] GC(215) Marking Phase
[18.514s][info][gc,phases      ] GC(215) Marking Phase 667.000ms
[18.514s][info][gc,phases,start] GC(215) Summary Phase
[18.514s][info][gc,phases      ] GC(215) Summary Phase 0.054ms
[18.515s][info][gc,phases,start] GC(215) Adjust Roots
[18.515s][info][gc,phases      ] GC(215) Adjust Roots 0.162ms
[18.515s][info][gc,phases,start] GC(215) Compaction Phase
[18.750s][info][gc,phases      ] GC(215) Compaction Phase 235.078ms
[18.750s][info][gc,phases,start] GC(215) Post Compact
[18.755s][info][gc,phases      ] GC(215) Post Compact 5.458ms
[18.756s][info][gc,heap        ] GC(215) PSYoungGen: 38080K(144896K)->0K(149504K) Eden: 0K(41984K)->0K(41984K) From: 38080K(102912K)->0K(107520K)
[18.756s][info][gc,heap        ] GC(215) ParOldGen: 2783290K(2829824K)->2818867K(3100672K)
[18.756s][info][gc,metaspace   ] GC(215) Metaspace: 6298K(6464K)->6298K(6464K) NonClass: 5764K(5824K)->5764K(5824K) Class: 533K(640K)->533K(640K)
[18.756s][info][gc             ] GC(215) Pause Full (Ergonomics) 2755M->2752M(3174M) 908.980ms
[18.756s][info][gc,cpu         ] GC(215) User=6.86s Sys=0.02s Real=0.91s
[19.413s][info][gc,start       ] GC(216) Pause Young (Allocation Failure)
[19.517s][info][gc,heap        ] GC(216) PSYoungGen: 41984K(149504K)->42144K(141824K) Eden: 41984K(41984K)->0K(46080K) From: 0K(107520K)->42144K(95744K)
[19.517s][info][gc,heap        ] GC(216) ParOldGen: 2949939K(3100672K)->2949939K(3100672K)
[19.517s][info][gc,metaspace   ] GC(216) Metaspace: 6298K(6464K)->6298K(6464K) NonClass: 5764K(5824K)->5764K(5824K) Class: 533K(640K)->533K(640K)
[19.517s][info][gc             ] GC(216) Pause Young (Allocation Failure) 2921M->2921M(3166M) 104.150ms
[19.517s][info][gc,cpu         ] GC(216) User=0.55s Sys=0.00s Real=0.10s
[19.567s][info][gc,start       ] GC(217) Pause Young (Allocation Failure)
[19.628s][info][gc,heap        ] GC(217) PSYoungGen: 88224K(141824K)->88320K(147968K) Eden: 46080K(46080K)->0K(46080K) From: 42144K(95744K)->88320K(101888K)
[19.628s][info][gc,heap        ] GC(217) ParOldGen: 2949939K(3100672K)->2949939K(3100672K)
[19.628s][info][gc,metaspace   ] GC(217) Metaspace: 6298K(6464K)->6298K(6464K) NonClass: 5764K(5824K)->5764K(5824K) Class: 533K(640K)->533K(640K)
[19.628s][info][gc             ] GC(217) Pause Young (Allocation Failure) 2966M->2967M(3172M) 60.871ms
[19.628s][info][gc,cpu         ] GC(217) User=0.20s Sys=0.00s Real=0.06s
[19.679s][info][gc,start       ] GC(218) Pause Young (Allocation Failure)
[19.754s][info][gc,heap        ] GC(218) PSYoungGen: 134400K(147968K)->112128K(137728K) Eden: 46080K(46080K)->0K(25600K) From: 88320K(101888K)->112128K(112128K)
[19.754s][info][gc,heap        ] GC(218) ParOldGen: 2949939K(3100672K)->2972339K(3100672K)
[19.754s][info][gc,metaspace   ] GC(218) Metaspace: 6298K(6464K)->6298K(6464K) NonClass: 5764K(5824K)->5764K(5824K) Class: 533K(640K)->533K(640K)
[19.754s][info][gc             ] GC(218) Pause Young (Allocation Failure) 3012M->3012M(3162M) 75.411ms
[19.754s][info][gc,cpu         ] GC(218) User=0.27s Sys=0.02s Real=0.08s
[19.780s][info][gc,start       ] GC(219) Pause Young (Allocation Failure)
[19.856s][info][gc,heap        ] GC(219) PSYoungGen: 137728K(137728K)->64768K(90624K) Eden: 25600K(25600K)->0K(25600K) From: 112128K(112128K)->64768K(65024K)
[19.856s][info][gc,heap        ] GC(219) ParOldGen: 2972339K(3100672K)->3045955K(3100672K)
[19.856s][info][gc,metaspace   ] GC(219) Metaspace: 6298K(6464K)->6298K(6464K) NonClass: 5764K(5824K)->5764K(5824K) Class: 533K(640K)->533K(640K)
[19.856s][info][gc             ] GC(219) Pause Young (Allocation Failure) 3037M->3037M(3116M) 75.892ms
[19.856s][info][gc,cpu         ] GC(219) User=0.28s Sys=0.03s Real=0.08s
[19.856s][info][gc,start       ] GC(220) Pause Full (Ergonomics)
[19.856s][info][gc,phases,start] GC(220) Marking Phase
[20.552s][info][gc,phases      ] GC(220) Marking Phase 695.981ms
[20.552s][info][gc,phases,start] GC(220) Summary Phase
[20.552s][info][gc,phases      ] GC(220) Summary Phase 0.075ms
[20.552s][info][gc,phases,start] GC(220) Adjust Roots
[20.553s][info][gc,phases      ] GC(220) Adjust Roots 0.157ms
[20.553s][info][gc,phases,start] GC(220) Compaction Phase
[21.026s][info][gc,phases      ] GC(220) Compaction Phase 472.983ms
[21.026s][info][gc,phases,start] GC(220) Post Compact
[21.032s][info][gc,phases      ] GC(220) Post Compact 6.359ms
[21.033s][info][gc,heap        ] GC(220) PSYoungGen: 64768K(90624K)->0K(160256K) Eden: 0K(25600K)->0K(28672K) From: 64768K(65024K)->0K(131584K)
[21.033s][info][gc,heap        ] GC(220) ParOldGen: 3045955K(3100672K)->3044024K(3357696K)
[21.033s][info][gc,metaspace   ] GC(220) Metaspace: 6298K(6464K)->6298K(6464K) NonClass: 5764K(5824K)->5764K(5824K) Class: 533K(640K)->533K(640K)
[21.033s][info][gc             ] GC(220) Pause Full (Ergonomics) 3037M->2972M(3435M) 1176.760ms
[21.033s][info][gc,cpu         ] GC(220) User=7.94s Sys=0.05s Real=1.18s
[21.062s][info][gc,start       ] GC(221) Pause Young (Allocation Failure)
[21.102s][info][gc,heap        ] GC(221) PSYoungGen: 28672K(160256K)->28832K(160256K) Eden: 28672K(28672K)->0K(28672K) From: 0K(131584K)->28832K(131584K)
[21.102s][info][gc,heap        ] GC(221) ParOldGen: 3044024K(3357696K)->3044024K(3357696K)
[21.102s][info][gc,metaspace   ] GC(221) Metaspace: 6298K(6464K)->6298K(6464K) NonClass: 5764K(5824K)->5764K(5824K) Class: 533K(640K)->533K(640K)
[21.102s][info][gc             ] GC(221) Pause Young (Allocation Failure) 3000M->3000M(3435M) 39.725ms
[21.102s][info][gc,cpu         ] GC(221) User=0.06s Sys=0.00s Real=0.04s
[21.128s][info][gc,start       ] GC(222) Pause Young (Allocation Failure)
[21.174s][info][gc,heap        ] GC(222) PSYoungGen: 57504K(160256K)->57568K(147968K) Eden: 28672K(28672K)->0K(31744K) From: 28832K(131584K)->57568K(116224K)
[21.175s][info][gc,heap        ] GC(222) ParOldGen: 3044024K(3357696K)->3044024K(3357696K)
[21.175s][info][gc,metaspace   ] GC(222) Metaspace: 6298K(6464K)->6298K(6464K) NonClass: 5764K(5824K)->5764K(5824K) Class: 533K(640K)->533K(640K)
[21.175s][info][gc             ] GC(222) Pause Young (Allocation Failure) 3028M->3028M(3423M) 46.474ms
[21.175s][info][gc,cpu         ] GC(222) User=0.17s Sys=0.00s Real=0.05s
[21.202s][info][gc,start       ] GC(223) Pause Young (Allocation Failure)
[21.260s][info][gc,heap        ] GC(223) PSYoungGen: 89312K(147968K)->89312K(154624K) Eden: 31744K(31744K)->0K(31744K) From: 57568K(116224K)->89312K(122880K)
[21.260s][info][gc,heap        ] GC(223) ParOldGen: 3044024K(3357696K)->3044024K(3357696K)
[21.260s][info][gc,metaspace   ] GC(223) Metaspace: 6298K(6464K)->6298K(6464K) NonClass: 5764K(5824K)->5764K(5824K) Class: 533K(640K)->533K(640K)
[21.260s][info][gc             ] GC(223) Pause Young (Allocation Failure) 3059M->3059M(3430M) 57.397ms
[21.260s][info][gc,cpu         ] GC(223) User=0.05s Sys=0.00s Real=0.06s
[21.292s][info][gc,start       ] GC(224) Pause Young (Allocation Failure)
[21.357s][info][gc,heap        ] GC(224) PSYoungGen: 121056K(154624K)->121120K(147968K) Eden: 31744K(31744K)->0K(19456K) From: 89312K(122880K)->121120K(128512K)
[21.357s][info][gc,heap        ] GC(224) ParOldGen: 3044024K(3357696K)->3044024K(3357696K)
[21.357s][info][gc,metaspace   ] GC(224) Metaspace: 6298K(6464K)->6298K(6464K) NonClass: 5764K(5824K)->5764K(5824K) Class: 533K(640K)->533K(640K)
[21.357s][info][gc             ] GC(224) Pause Young (Allocation Failure) 3090M->3090M(3423M) 65.573ms
[21.357s][info][gc,cpu         ] GC(224) User=0.20s Sys=0.00s Real=0.07s
[21.379s][info][gc,start       ] GC(225) Pause Young (Allocation Failure)
[21.451s][info][gc,heap        ] GC(225) PSYoungGen: 140576K(147968K)->111872K(163840K) Eden: 19456K(19456K)->0K(19456K) From: 121120K(128512K)->111872K(144384K)
[21.451s][info][gc,heap        ] GC(225) ParOldGen: 3044024K(3357696K)->3072968K(3357696K)
[21.451s][info][gc,metaspace   ] GC(225) Metaspace: 6298K(6464K)->6298K(6464K) NonClass: 5764K(5824K)->5764K(5824K) Class: 533K(640K)->533K(640K)
[21.451s][info][gc             ] GC(225) Pause Young (Allocation Failure) 3109M->3110M(3439M) 72.070ms
[21.451s][info][gc,cpu         ] GC(225) User=0.22s Sys=0.00s Real=0.07s
[21.474s][info][gc,start       ] GC(226) Pause Young (Allocation Failure)
[21.546s][info][gc,heap        ] GC(226) PSYoungGen: 131328K(163840K)->70848K(160256K) Eden: 19456K(19456K)->0K(22528K) From: 111872K(144384K)->70848K(137728K)
[21.546s][info][gc,heap        ] GC(226) ParOldGen: 3072968K(3357696K)->3133928K(3357696K)
[21.546s][info][gc,metaspace   ] GC(226) Metaspace: 6298K(6464K)->6298K(6464K) NonClass: 5764K(5824K)->5764K(5824K) Class: 533K(640K)->533K(640K)
[21.546s][info][gc             ] GC(226) Pause Young (Allocation Failure) 3129M->3129M(3435M) 72.398ms
[21.546s][info][gc,cpu         ] GC(226) User=0.17s Sys=0.00s Real=0.07s
[21.571s][info][gc,start       ] GC(227) Pause Young (Allocation Failure)
[21.634s][info][gc,heap        ] GC(227) PSYoungGen: 93376K(160256K)->42144K(167936K) Eden: 22528K(22528K)->0K(22528K) From: 70848K(137728K)->42144K(145408K)
[21.634s][info][gc,heap        ] GC(227) ParOldGen: 3133928K(3357696K)->3185560K(3357696K)
[21.634s][info][gc,metaspace   ] GC(227) Metaspace: 6298K(6464K)->6298K(6464K) NonClass: 5764K(5824K)->5764K(5824K) Class: 533K(640K)->533K(640K)
[21.634s][info][gc             ] GC(227) Pause Young (Allocation Failure) 3151M->3152M(3443M) 63.053ms
[21.634s][info][gc,cpu         ] GC(227) User=0.14s Sys=0.02s Real=0.06s
[21.656s][info][gc,start       ] GC(228) Pause Young (Allocation Failure)
[21.705s][info][gc,heap        ] GC(228) PSYoungGen: 64672K(167936K)->22688K(168448K) Eden: 22528K(22528K)->0K(25600K) From: 42144K(145408K)->22688K(142848K)
[21.705s][info][gc,heap        ] GC(228) ParOldGen: 3185560K(3357696K)->3227888K(3357696K)
[21.705s][info][gc,metaspace   ] GC(228) Metaspace: 6298K(6464K)->6298K(6464K) NonClass: 5764K(5824K)->5764K(5824K) Class: 533K(640K)->533K(640K)
[21.705s][info][gc             ] GC(228) Pause Young (Allocation Failure) 3174M->3174M(3443M) 48.784ms
[21.705s][info][gc,cpu         ] GC(228) User=0.16s Sys=0.03s Real=0.05s
[21.732s][info][gc,start       ] GC(229) Pause Young (Allocation Failure)
[21.781s][info][gc,heap        ] GC(229) PSYoungGen: 48288K(168448K)->25760K(168448K) Eden: 25600K(25600K)->0K(25600K) From: 22688K(142848K)->25760K(142848K)
[21.781s][info][gc,heap        ] GC(229) ParOldGen: 3227888K(3357696K)->3250624K(3357696K)
[21.781s][info][gc,metaspace   ] GC(229) Metaspace: 6298K(6464K)->6298K(6464K) NonClass: 5764K(5824K)->5764K(5824K) Class: 533K(640K)->533K(640K)
[21.781s][info][gc             ] GC(229) Pause Young (Allocation Failure) 3199M->3199M(3443M) 49.040ms
[21.781s][info][gc,cpu         ] GC(229) User=0.09s Sys=0.02s Real=0.05s
[21.806s][info][gc,start       ] GC(230) Pause Young (Allocation Failure)
[21.850s][info][gc,heap        ] GC(230) PSYoungGen: 51360K(168448K)->25760K(165376K) Eden: 25600K(25600K)->0K(29184K) From: 25760K(142848K)->25760K(136192K)
[21.850s][info][gc,heap        ] GC(230) ParOldGen: 3250624K(3357696K)->3276464K(3357696K)
[21.850s][info][gc,metaspace   ] GC(230) Metaspace: 6298K(6464K)->6298K(6464K) NonClass: 5764K(5824K)->5764K(5824K) Class: 533K(640K)->533K(640K)
[21.850s][info][gc             ] GC(230) Pause Young (Allocation Failure) 3224M->3224M(3440M) 44.272ms
[21.850s][info][gc,cpu         ] GC(230) User=0.03s Sys=0.00s Real=0.04s
[21.880s][info][gc,start       ] GC(231) Pause Young (Allocation Failure)
[21.932s][info][gc,heap        ] GC(231) PSYoungGen: 54944K(165376K)->29344K(167936K) Eden: 29184K(29184K)->0K(29184K) From: 25760K(136192K)->29344K(138752K)
[21.932s][info][gc,heap        ] GC(231) ParOldGen: 3276464K(3357696K)->3302304K(3357696K)
[21.932s][info][gc,metaspace   ] GC(231) Metaspace: 6298K(6464K)->6298K(6464K) NonClass: 5764K(5824K)->5764K(5824K) Class: 533K(640K)->533K(640K)
[21.932s][info][gc             ] GC(231) Pause Young (Allocation Failure) 3253M->3253M(3443M) 52.422ms
[21.932s][info][gc,cpu         ] GC(231) User=0.09s Sys=0.05s Real=0.05s
[21.932s][info][gc,start       ] GC(232) Pause Full (Ergonomics)
[21.932s][info][gc,phases,start] GC(232) Marking Phase
[22.703s][info][gc,phases      ] GC(232) Marking Phase 770.773ms
[22.703s][info][gc,phases,start] GC(232) Summary Phase
[22.703s][info][gc,phases      ] GC(232) Summary Phase 0.130ms
[22.703s][info][gc,phases,start] GC(232) Adjust Roots
[22.704s][info][gc,phases      ] GC(232) Adjust Roots 0.172ms
[22.704s][info][gc,phases,start] GC(232) Compaction Phase
[23.039s][info][gc,phases      ] GC(232) Compaction Phase 334.924ms
[23.039s][info][gc,phases,start] GC(232) Post Compact
[23.046s][info][gc,phases      ] GC(232) Post Compact 6.978ms
[23.047s][info][gc,heap        ] GC(232) PSYoungGen: 29344K(167936K)->0K(168448K) Eden: 0K(29184K)->0K(33280K) From: 29344K(138752K)->0K(135168K)
[23.047s][info][gc,heap        ] GC(232) ParOldGen: 3302304K(3357696K)->3328871K(3667968K)
[23.047s][info][gc,metaspace   ] GC(232) Metaspace: 6298K(6464K)->6298K(6464K) NonClass: 5764K(5824K)->5764K(5824K) Class: 533K(640K)->533K(640K)
[23.047s][info][gc             ] GC(232) Pause Full (Ergonomics) 3253M->3250M(3746M) 1114.540ms
[23.047s][info][gc,cpu         ] GC(232) User=7.81s Sys=0.08s Real=1.11s
[23.083s][info][gc,start       ] GC(233) Pause Young (Allocation Failure)
[23.122s][info][gc,heap        ] GC(233) PSYoungGen: 33280K(168448K)->33408K(67072K) Eden: 33280K(33280K)->0K(33280K) From: 0K(135168K)->33408K(33792K)
[23.122s][info][gc,heap        ] GC(233) ParOldGen: 3328871K(3667968K)->3328871K(3667968K)
[23.122s][info][gc,metaspace   ] GC(233) Metaspace: 6298K(6464K)->6298K(6464K) NonClass: 5764K(5824K)->5764K(5824K) Class: 533K(640K)->533K(640K)
[23.122s][info][gc             ] GC(233) Pause Young (Allocation Failure) 3283M->3283M(3647M) 39.241ms
[23.122s][info][gc,cpu         ] GC(233) User=0.06s Sys=0.00s Real=0.04s
[23.158s][info][gc,start       ] GC(234) Pause Young (Allocation Failure)
[23.217s][info][gc,heap        ] GC(234) PSYoungGen: 66688K(67072K)->33472K(157184K) Eden: 33280K(33280K)->0K(36864K) From: 33408K(33792K)->33472K(120320K)
[23.217s][info][gc,heap        ] GC(234) ParOldGen: 3328871K(3667968K)->3362447K(3667968K)
[23.217s][info][gc,metaspace   ] GC(234) Metaspace: 6298K(6464K)->6298K(6464K) NonClass: 5764K(5824K)->5764K(5824K) Class: 533K(640K)->533K(640K)
[23.217s][info][gc             ] GC(234) Pause Young (Allocation Failure) 3315M->3316M(3735M) 59.464ms
[23.217s][info][gc,cpu         ] GC(234) User=0.22s Sys=0.05s Real=0.06s
[23.260s][info][gc,start       ] GC(235) Pause Young (Allocation Failure)
[23.314s][info][gc,heap        ] GC(235) PSYoungGen: 70336K(157184K)->37056K(74240K) Eden: 36864K(36864K)->0K(36864K) From: 33472K(120320K)->37056K(37376K)
[23.314s][info][gc,heap        ] GC(235) ParOldGen: 3362447K(3667968K)->3396031K(3667968K)
[23.314s][info][gc,metaspace   ] GC(235) Metaspace: 6298K(6464K)->6298K(6464K) NonClass: 5764K(5824K)->5764K(5824K) Class: 533K(640K)->533K(640K)
[23.314s][info][gc             ] GC(235) Pause Young (Allocation Failure) 3352M->3352M(3654M) 54.154ms
[23.314s][info][gc,cpu         ] GC(235) User=0.16s Sys=0.00s Real=0.05s
[23.352s][info][gc,start       ] GC(236) Pause Young (Allocation Failure)
[23.406s][info][gc,heap        ] GC(236) PSYoungGen: 73920K(74240K)->37056K(151552K) Eden: 36864K(36864K)->0K(41472K) From: 37056K(37376K)->37056K(110080K)
[23.406s][info][gc,heap        ] GC(236) ParOldGen: 3396031K(3667968K)->3433239K(3667968K)
[23.407s][info][gc,metaspace   ] GC(236) Metaspace: 6298K(6464K)->6298K(6464K) NonClass: 5764K(5824K)->5764K(5824K) Class: 533K(640K)->533K(640K)
[23.407s][info][gc             ] GC(236) Pause Young (Allocation Failure) 3388M->3388M(3730M) 54.289ms
[23.407s][info][gc,cpu         ] GC(236) User=0.14s Sys=0.00s Real=0.06s
[23.445s][info][gc,start       ] GC(237) Pause Young (Allocation Failure)
[23.510s][info][gc,heap        ] GC(237) PSYoungGen: 78528K(151552K)->41664K(83456K) Eden: 41472K(41472K)->0K(41472K) From: 37056K(110080K)->41664K(41984K)
[23.510s][info][gc,heap        ] GC(237) ParOldGen: 3433239K(3667968K)->3470447K(3667968K)
[23.510s][info][gc,metaspace   ] GC(237) Metaspace: 6298K(6464K)->6298K(6464K) NonClass: 5764K(5824K)->5764K(5824K) Class: 533K(640K)->533K(640K)
[23.510s][info][gc             ] GC(237) Pause Young (Allocation Failure) 3429M->3429M(3663M) 65.207ms
[23.510s][info][gc,cpu         ] GC(237) User=0.27s Sys=0.00s Real=0.06s
[23.550s][info][gc,start       ] GC(238) Pause Young (Allocation Failure)
[23.606s][info][gc,heap        ] GC(238) PSYoungGen: 83136K(83456K)->41664K(144384K) Eden: 41472K(41472K)->0K(46592K) From: 41664K(41984K)->41664K(97792K)
[23.606s][info][gc,heap        ] GC(238) ParOldGen: 3470447K(3667968K)->3512311K(3667968K)
[23.606s][info][gc,metaspace   ] GC(238) Metaspace: 6298K(6464K)->6298K(6464K) NonClass: 5764K(5824K)->5764K(5824K) Class: 533K(640K)->533K(640K)
[23.606s][info][gc             ] GC(238) Pause Young (Allocation Failure) 3470M->3470M(3723M) 56.613ms
[23.606s][info][gc,cpu         ] GC(238) User=0.27s Sys=0.00s Real=0.06s
[23.658s][info][gc,start       ] GC(239) Pause Young (Allocation Failure)
[23.718s][info][gc,heap        ] GC(239) PSYoungGen: 88256K(144384K)->46816K(150016K) Eden: 46592K(46592K)->0K(46592K) From: 41664K(97792K)->46816K(103424K)
[23.718s][info][gc,heap        ] GC(239) ParOldGen: 3512311K(3667968K)->3554151K(3667968K)
[23.718s][info][gc,metaspace   ] GC(239) Metaspace: 6298K(6464K)->6298K(6464K) NonClass: 5764K(5824K)->5764K(5824K) Class: 533K(640K)->533K(640K)
[23.719s][info][gc             ] GC(239) Pause Young (Allocation Failure) 3516M->3516M(3728M) 60.678ms
[23.719s][info][gc,cpu         ] GC(239) User=0.14s Sys=0.00s Real=0.06s
[23.773s][info][gc,start       ] GC(240) Pause Young (Allocation Failure)
[23.836s][info][gc,heap        ] GC(240) PSYoungGen: 93408K(150016K)->46816K(140288K) Eden: 46592K(46592K)->0K(52224K) From: 46816K(103424K)->46816K(88064K)
[23.836s][info][gc,heap        ] GC(240) ParOldGen: 3554151K(3667968K)->3601159K(3667968K)
[23.836s][info][gc,metaspace   ] GC(240) Metaspace: 6298K(6464K)->6298K(6464K) NonClass: 5764K(5824K)->5764K(5824K) Class: 533K(640K)->533K(640K)
[23.836s][info][gc             ] GC(240) Pause Young (Allocation Failure) 3562M->3562M(3719M) 63.182ms
[23.836s][info][gc,cpu         ] GC(240) User=0.25s Sys=0.02s Real=0.06s
[23.890s][info][gc,start       ] GC(241) Pause Young (Allocation Failure)
[23.956s][info][gc,heap        ] GC(241) PSYoungGen: 99040K(140288K)->52448K(145408K) Eden: 52224K(52224K)->0K(52224K) From: 46816K(88064K)->52448K(93184K)
[23.956s][info][gc,heap        ] GC(241) ParOldGen: 3601159K(3667968K)->3648175K(3667968K)
[23.956s][info][gc,metaspace   ] GC(241) Metaspace: 6298K(6464K)->6298K(6464K) NonClass: 5764K(5824K)->5764K(5824K) Class: 533K(640K)->533K(640K)
[23.956s][info][gc             ] GC(241) Pause Young (Allocation Failure) 3613M->3613M(3724M) 65.183ms
[23.956s][info][gc,cpu         ] GC(241) User=0.19s Sys=0.00s Real=0.07s
[23.956s][info][gc,start       ] GC(242) Pause Full (Ergonomics)
[23.956s][info][gc,phases,start] GC(242) Marking Phase
[24.818s][info][gc,phases      ] GC(242) Marking Phase 862.006ms
[24.818s][info][gc,phases,start] GC(242) Summary Phase
[24.818s][info][gc,phases      ] GC(242) Summary Phase 0.047ms
[24.818s][info][gc,phases,start] GC(242) Adjust Roots
[24.818s][info][gc,phases      ] GC(242) Adjust Roots 0.197ms
[24.818s][info][gc,phases,start] GC(242) Compaction Phase
[25.611s][info][gc,phases      ] GC(242) Compaction Phase 793.218ms
[25.611s][info][gc,phases,start] GC(242) Post Compact
[25.618s][info][gc,phases      ] GC(242) Post Compact 6.874ms
[25.619s][info][gc,heap        ] GC(242) PSYoungGen: 52448K(145408K)->29732K(145408K) Eden: 0K(52224K)->0K(52224K) From: 52448K(93184K)->29732K(93184K)
[25.619s][info][gc,heap        ] GC(242) ParOldGen: 3648175K(3667968K)->3667502K(4043264K)
[25.619s][info][gc,metaspace   ] GC(242) Metaspace: 6298K(6464K)->6298K(6464K) NonClass: 5764K(5824K)->5764K(5824K) Class: 533K(640K)->533K(640K)
[25.619s][info][gc             ] GC(242) Pause Full (Ergonomics) 3613M->3610M(4090M) 1663.833ms
[25.620s][info][gc,cpu         ] GC(242) User=11.36s Sys=0.02s Real=1.66s
[25.670s][info][gc,start       ] GC(243) Pause Young (Allocation Failure)
[25.871s][info][gc,heap        ] GC(243) PSYoungGen: 81956K(145408K)->52384K(142848K) Eden: 52224K(52224K)->0K(57344K) From: 29732K(93184K)->52384K(85504K)
[25.871s][info][gc,heap        ] GC(243) ParOldGen: 3667502K(4043264K)->3697542K(4043264K)
[25.871s][info][gc,metaspace   ] GC(243) Metaspace: 6298K(6464K)->6298K(6464K) NonClass: 5764K(5824K)->5764K(5824K) Class: 533K(640K)->533K(640K)
[25.871s][info][gc             ] GC(243) Pause Young (Allocation Failure) 3661M->3662M(4088M) 201.742ms
[25.871s][info][gc,cpu         ] GC(243) User=1.42s Sys=0.02s Real=0.20s
[25.928s][info][gc,start       ] GC(244) Pause Young (Allocation Failure)
[25.996s][info][gc,heap        ] GC(244) PSYoungGen: 109728K(142848K)->88576K(145920K) Eden: 57344K(57344K)->0K(57344K) From: 52384K(85504K)->88576K(88576K)
[25.996s][info][gc,heap        ] GC(244) ParOldGen: 3697542K(4043264K)->3718886K(4043264K)
[25.996s][info][gc,metaspace   ] GC(244) Metaspace: 6298K(6464K)->6298K(6464K) NonClass: 5764K(5824K)->5764K(5824K) Class: 533K(640K)->533K(640K)
[25.996s][info][gc             ] GC(244) Pause Young (Allocation Failure) 3718M->3718M(4091M) 68.283ms
[25.996s][info][gc,cpu         ] GC(244) User=0.27s Sys=0.02s Real=0.07s
[26.055s][info][gc,start       ] GC(245) Pause Young (Allocation Failure)
[26.136s][info][gc,heap        ] GC(245) PSYoungGen: 145920K(145920K)->57536K(163328K) Eden: 57344K(57344K)->0K(63488K) From: 88576K(88576K)->57536K(99840K)
[26.136s][info][gc,heap        ] GC(245) ParOldGen: 3718886K(4043264K)->3808118K(4043264K)
[26.136s][info][gc,metaspace   ] GC(245) Metaspace: 6298K(6464K)->6298K(6464K) NonClass: 5764K(5824K)->5764K(5824K) Class: 533K(640K)->533K(640K)
[26.136s][info][gc             ] GC(245) Pause Young (Allocation Failure) 3774M->3775M(4108M) 80.809ms
[26.136s][info][gc,cpu         ] GC(245) User=0.52s Sys=0.02s Real=0.08s
[26.203s][info][gc,start       ] GC(246) Pause Young (Allocation Failure)
[26.276s][info][gc,heap        ] GC(246) PSYoungGen: 121024K(163328K)->103424K(166912K) Eden: 63488K(63488K)->0K(63488K) From: 57536K(99840K)->103424K(103424K)
[26.276s][info][gc,heap        ] GC(246) ParOldGen: 3808118K(4043264K)->3825870K(4043264K)
[26.276s][info][gc,metaspace   ] GC(246) Metaspace: 6298K(6464K)->6298K(6464K) NonClass: 5764K(5824K)->5764K(5824K) Class: 533K(640K)->533K(640K)
[26.276s][info][gc             ] GC(246) Pause Young (Allocation Failure) 3837M->3837M(4111M) 72.687ms
[26.276s][info][gc,cpu         ] GC(246) User=0.50s Sys=0.00s Real=0.07s
[26.338s][info][gc,start       ] GC(247) Pause Young (Allocation Failure)
[26.432s][info][gc,heap        ] GC(247) PSYoungGen: 166912K(166912K)->63744K(184320K) Eden: 63488K(63488K)->0K(70656K) From: 103424K(103424K)->63744K(113664K)
[26.432s][info][gc,heap        ] GC(247) ParOldGen: 3825870K(4043264K)->3930054K(4043264K)
[26.432s][info][gc,metaspace   ] GC(247) Metaspace: 6298K(6464K)->6298K(6464K) NonClass: 5764K(5824K)->5764K(5824K) Class: 533K(640K)->533K(640K)
[26.432s][info][gc             ] GC(247) Pause Young (Allocation Failure) 3899M->3900M(4128M) 94.210ms
[26.432s][info][gc,cpu         ] GC(247) User=0.58s Sys=0.06s Real=0.09s
[26.504s][info][gc,start       ] GC(248) Pause Young (Allocation Failure)
[26.585s][info][gc,heap        ] GC(248) PSYoungGen: 134400K(184320K)->70880K(188928K) Eden: 70656K(70656K)->0K(70656K) From: 63744K(113664K)->70880K(118272K)
[26.585s][info][gc,heap        ] GC(248) ParOldGen: 3930054K(4043264K)->3994126K(4043264K)
[26.585s][info][gc,metaspace   ] GC(248) Metaspace: 6298K(6464K)->6298K(6464K) NonClass: 5764K(5824K)->5764K(5824K) Class: 533K(640K)->533K(640K)
[26.585s][info][gc             ] GC(248) Pause Young (Allocation Failure) 3969M->3969M(4133M) 80.876ms
[26.585s][info][gc,cpu         ] GC(248) User=0.39s Sys=0.03s Real=0.08s
[26.585s][info][gc,start       ] GC(249) Pause Full (Ergonomics)
[26.585s][info][gc,phases,start] GC(249) Marking Phase
[27.513s][info][gc,phases      ] GC(249) Marking Phase 927.751ms
[27.513s][info][gc,phases,start] GC(249) Summary Phase
[27.513s][info][gc,phases      ] GC(249) Summary Phase 0.052ms
[27.513s][info][gc,phases,start] GC(249) Adjust Roots
[27.513s][info][gc,phases      ] GC(249) Adjust Roots 0.161ms
[27.513s][info][gc,phases,start] GC(249) Compaction Phase
[27.918s][info][gc,phases      ] GC(249) Compaction Phase 405.469ms
[27.918s][info][gc,phases,start] GC(249) Post Compact
[27.926s][info][gc,phases      ] GC(249) Post Compact 7.588ms
[27.928s][info][gc,heap        ] GC(249) PSYoungGen: 70880K(188928K)->18509K(188928K) Eden: 0K(70656K)->0K(70656K) From: 70880K(118272K)->18509K(118272K)
[27.928s][info][gc,heap        ] GC(249) ParOldGen: 3994126K(4043264K)->4043076K(4490240K)
[27.928s][info][gc,metaspace   ] GC(249) Metaspace: 6298K(6464K)->6298K(6464K) NonClass: 5764K(5824K)->5764K(5824K) Class: 533K(640K)->533K(640K)
[27.928s][info][gc             ] GC(249) Pause Full (Ergonomics) 3969M->3966M(4569M) 1342.862ms
[27.928s][info][gc,cpu         ] GC(249) User=9.55s Sys=0.08s Real=1.34s
[28.012s][info][gc,start       ] GC(250) Pause Young (Allocation Failure)
[28.229s][info][gc,heap        ] GC(250) PSYoungGen: 89165K(188928K)->70912K(188416K) Eden: 70656K(70656K)->0K(77312K) From: 18509K(118272K)->70912K(111104K)
[28.230s][info][gc,heap        ] GC(250) ParOldGen: 4043076K(4490240K)->4061788K(4490240K)
[28.230s][info][gc,metaspace   ] GC(250) Metaspace: 6298K(6464K)->6298K(6464K) NonClass: 5764K(5824K)->5764K(5824K) Class: 533K(640K)->533K(640K)
[28.230s][info][gc             ] GC(250) Pause Young (Allocation Failure) 4035M->4035M(4569M) 217.584ms
[28.230s][info][gc,cpu         ] GC(250) User=1.55s Sys=0.06s Real=0.22s
[28.303s][info][gc,start       ] GC(251) Pause Young (Allocation Failure)
[28.388s][info][gc,heap        ] GC(251) PSYoungGen: 148224K(188416K)->114176K(191488K) Eden: 77312K(77312K)->0K(77312K) From: 70912K(111104K)->114176K(114176K)
[28.388s][info][gc,heap        ] GC(251) ParOldGen: 4061788K(4490240K)->4096100K(4490240K)
[28.388s][info][gc,metaspace   ] GC(251) Metaspace: 6298K(6464K)->6298K(6464K) NonClass: 5764K(5824K)->5764K(5824K) Class: 533K(640K)->533K(640K)
[28.388s][info][gc             ] GC(251) Pause Young (Allocation Failure) 4111M->4111M(4572M) 84.807ms
[28.388s][info][gc,cpu         ] GC(251) User=0.45s Sys=0.00s Real=0.09s
[28.474s][info][gc,start       ] GC(252) Pause Young (Allocation Failure)
[28.582s][info][gc,heap        ] GC(252) PSYoungGen: 191488K(191488K)->77600K(216576K) Eden: 77312K(77312K)->0K(84992K) From: 114176K(114176K)->77600K(131584K)
[28.582s][info][gc,heap        ] GC(252) ParOldGen: 4096100K(4490240K)->4211092K(4490240K)
[28.582s][info][gc,metaspace   ] GC(252) Metaspace: 6298K(6464K)->6298K(6464K) NonClass: 5764K(5824K)->5764K(5824K) Class: 533K(640K)->533K(640K)
[28.582s][info][gc             ] GC(252) Pause Young (Allocation Failure) 4187M->4188M(4596M) 107.831ms
[28.582s][info][gc,cpu         ] GC(252) User=0.69s Sys=0.05s Real=0.11s
[28.686s][info][gc,start       ] GC(253) Pause Young (Allocation Failure)
[28.778s][info][gc,heap        ] GC(253) PSYoungGen: 162592K(216576K)->136192K(221184K) Eden: 84992K(84992K)->0K(84992K) From: 77600K(131584K)->136192K(136192K)
[28.778s][info][gc,heap        ] GC(253) ParOldGen: 4211092K(4490240K)->4237692K(4490240K)
[28.778s][info][gc,metaspace   ] GC(253) Metaspace: 6298K(6464K)->6298K(6464K) NonClass: 5764K(5824K)->5764K(5824K) Class: 533K(640K)->533K(640K)
[28.778s][info][gc             ] GC(253) Pause Young (Allocation Failure) 4271M->4271M(4601M) 92.222ms
[28.778s][info][gc,cpu         ] GC(253) User=0.61s Sys=0.02s Real=0.09s
[28.872s][info][gc,start       ] GC(254) Pause Young (Allocation Failure)
[29.006s][info][gc,heap        ] GC(254) PSYoungGen: 221184K(221184K)->85248K(244736K) Eden: 84992K(84992K)->0K(94208K) From: 136192K(136192K)->85248K(150528K)
[29.007s][info][gc,heap        ] GC(254) ParOldGen: 4237692K(4490240K)->4374844K(4490240K)
[29.007s][info][gc,metaspace   ] GC(254) Metaspace: 6298K(6464K)->6298K(6464K) NonClass: 5764K(5824K)->5764K(5824K) Class: 533K(640K)->533K(640K)
[29.007s][info][gc             ] GC(254) Pause Young (Allocation Failure) 4354M->4355M(4624M) 134.634ms
[29.007s][info][gc,cpu         ] GC(254) User=0.89s Sys=0.16s Real=0.13s
[29.007s][info][gc,start       ] GC(255) Pause Full (Ergonomics)
[29.007s][info][gc,phases,start] GC(255) Marking Phase
[30.015s][info][gc,phases      ] GC(255) Marking Phase 1008.326ms
[30.015s][info][gc,phases,start] GC(255) Summary Phase
[30.015s][info][gc,phases      ] GC(255) Summary Phase 0.086ms
[30.015s][info][gc,phases,start] GC(255) Adjust Roots
[30.015s][info][gc,phases      ] GC(255) Adjust Roots 0.158ms
[30.015s][info][gc,phases,start] GC(255) Compaction Phase
[30.441s][info][gc,phases      ] GC(255) Compaction Phase 425.602ms
[30.441s][info][gc,phases,start] GC(255) Post Compact
[30.448s][info][gc,phases      ] GC(255) Post Compact 7.254ms
[30.450s][info][gc,heap        ] GC(255) PSYoungGen: 85248K(244736K)->0K(250880K) Eden: 0K(94208K)->0K(94208K) From: 85248K(150528K)->0K(156672K)
[30.450s][info][gc,heap        ] GC(255) ParOldGen: 4374844K(4490240K)->4456701K(4981760K)
[30.450s][info][gc,metaspace   ] GC(255) Metaspace: 6298K(6464K)->6298K(6464K) NonClass: 5764K(5824K)->5764K(5824K) Class: 533K(640K)->533K(640K)
[30.450s][info][gc             ] GC(255) Pause Full (Ergonomics) 4355M->4352M(5110M) 1443.707ms
[30.450s][info][gc,cpu         ] GC(255) User=10.28s Sys=0.03s Real=1.44s
[30.558s][info][gc,start       ] GC(256) Pause Young (Allocation Failure)
[30.622s][info][gc,heap        ] GC(256) PSYoungGen: 94208K(250880K)->94496K(251392K) Eden: 94208K(94208K)->0K(101888K) From: 0K(156672K)->94496K(149504K)
[30.622s][info][gc,heap        ] GC(256) ParOldGen: 4456701K(4981760K)->4456701K(4981760K)
[30.622s][info][gc,metaspace   ] GC(256) Metaspace: 6298K(6464K)->6298K(6464K) NonClass: 5764K(5824K)->5764K(5824K) Class: 533K(640K)->533K(640K)
[30.622s][info][gc             ] GC(256) Pause Young (Allocation Failure) 4444M->4444M(5110M) 64.209ms
[30.622s][info][gc,cpu         ] GC(256) User=0.28s Sys=0.00s Real=0.06s
[30.742s][info][gc,start       ] GC(257) Pause Young (Allocation Failure)
[30.847s][info][gc,heap        ] GC(257) PSYoungGen: 196384K(251392K)->154112K(256000K) Eden: 101888K(101888K)->0K(101888K) From: 94496K(149504K)->154112K(154112K)
[30.847s][info][gc,heap        ] GC(257) ParOldGen: 4456701K(4981760K)->4499333K(4981760K)
[30.847s][info][gc,metaspace   ] GC(257) Metaspace: 6298K(6464K)->6298K(6464K) NonClass: 5764K(5824K)->5764K(5824K) Class: 533K(640K)->533K(640K)
[30.848s][info][gc             ] GC(257) Pause Young (Allocation Failure) 4544M->4544M(5115M) 105.351ms
[30.848s][info][gc,cpu         ] GC(257) User=0.72s Sys=0.03s Real=0.11s
[30.957s][info][gc,start       ] GC(258) Pause Young (Allocation Failure)
[31.107s][info][gc,heap        ] GC(258) PSYoungGen: 256000K(256000K)->188928K(248832K) Eden: 101888K(101888K)->0K(59904K) From: 154112K(154112K)->188928K(188928K)
[31.107s][info][gc,heap        ] GC(258) ParOldGen: 4499333K(4981760K)->4567085K(4981760K)
[31.107s][info][gc,metaspace   ] GC(258) Metaspace: 6298K(6464K)->6298K(6464K) NonClass: 5764K(5824K)->5764K(5824K) Class: 533K(640K)->533K(640K)
[31.107s][info][gc             ] GC(258) Pause Young (Allocation Failure) 4643M->4644M(5108M) 149.889ms
[31.107s][info][gc,cpu         ] GC(258) User=0.97s Sys=0.06s Real=0.15s
[31.180s][info][gc,start       ] GC(259) Pause Young (Allocation Failure)
[31.323s][info][gc,heap        ] GC(259) PSYoungGen: 248832K(248832K)->60096K(299520K) Eden: 59904K(59904K)->0K(59904K) From: 188928K(188928K)->60096K(239616K)
[31.323s][info][gc,heap        ] GC(259) ParOldGen: 4567085K(4981760K)->4757333K(4981760K)
[31.323s][info][gc,metaspace   ] GC(259) Metaspace: 6298K(6464K)->6298K(6464K) NonClass: 5764K(5824K)->5764K(5824K) Class: 533K(640K)->533K(640K)
[31.323s][info][gc             ] GC(259) Pause Young (Allocation Failure) 4703M->4704M(5157M) 143.618ms
[31.323s][info][gc,cpu         ] GC(259) User=0.89s Sys=0.11s Real=0.14s
[31.385s][info][gc,start       ] GC(260) Pause Young (Allocation Failure)
[31.458s][info][gc,heap        ] GC(260) PSYoungGen: 120000K(299520K)->120096K(286720K) Eden: 59904K(59904K)->0K(66560K) From: 60096K(239616K)->120096K(220160K)
[31.458s][info][gc,heap        ] GC(260) ParOldGen: 4757333K(4981760K)->4757333K(4981760K)
[31.458s][info][gc,metaspace   ] GC(260) Metaspace: 6298K(6464K)->6298K(6464K) NonClass: 5764K(5824K)->5764K(5824K) Class: 533K(640K)->533K(640K)
[31.458s][info][gc             ] GC(260) Pause Young (Allocation Failure) 4763M->4763M(5145M) 72.355ms
[31.458s][info][gc,cpu         ] GC(260) User=0.30s Sys=0.00s Real=0.07s
[31.529s][info][gc,start       ] GC(261) Pause Young (Allocation Failure)
[31.628s][info][gc,heap        ] GC(261) PSYoungGen: 186656K(286720K)->186784K(294400K) Eden: 66560K(66560K)->0K(66560K) From: 120096K(220160K)->186784K(227840K)
[31.628s][info][gc,heap        ] GC(261) ParOldGen: 4757333K(4981760K)->4757333K(4981760K)
[31.628s][info][gc,metaspace   ] GC(261) Metaspace: 6298K(6464K)->6298K(6464K) NonClass: 5764K(5824K)->5764K(5824K) Class: 533K(640K)->533K(640K)
[31.628s][info][gc             ] GC(261) Pause Young (Allocation Failure) 4828M->4828M(5152M) 98.800ms
[31.628s][info][gc,cpu         ] GC(261) User=0.61s Sys=0.00s Real=0.10s
[31.704s][info][gc,start       ] GC(262) Pause Young (Allocation Failure)
[31.842s][info][gc,heap        ] GC(262) PSYoungGen: 253344K(294400K)->193472K(303104K) Eden: 66560K(66560K)->0K(57856K) From: 186784K(227840K)->193472K(245248K)
[31.842s][info][gc,heap        ] GC(262) ParOldGen: 4757333K(4981760K)->4817773K(4981760K)
[31.842s][info][gc,metaspace   ] GC(262) Metaspace: 6298K(6464K)->6298K(6464K) NonClass: 5764K(5824K)->5764K(5824K) Class: 533K(640K)->533K(640K)
[31.842s][info][gc             ] GC(262) Pause Young (Allocation Failure) 4893M->4893M(5161M) 138.530ms
[31.842s][info][gc,cpu         ] GC(262) User=1.00s Sys=0.08s Real=0.14s
[31.914s][info][gc,start       ] GC(263) Pause Young (Allocation Failure)
[32.044s][info][gc,heap        ] GC(263) PSYoungGen: 251328K(303104K)->191424K(318976K) Eden: 57856K(57856K)->0K(57856K) From: 193472K(245248K)->191424K(261120K)
[32.044s][info][gc,heap        ] GC(263) ParOldGen: 4817773K(4981760K)->4878221K(4981760K)
[32.044s][info][gc,metaspace   ] GC(263) Metaspace: 6298K(6464K)->6298K(6464K) NonClass: 5764K(5824K)->5764K(5824K) Class: 533K(640K)->533K(640K)
[32.044s][info][gc             ] GC(263) Pause Young (Allocation Failure) 4950M->4950M(5176M) 130.378ms
[32.044s][info][gc,cpu         ] GC(263) User=0.80s Sys=0.05s Real=0.13s
[32.045s][info][gc,start       ] GC(264) Pause Full (Ergonomics)
[32.045s][info][gc,phases,start] GC(264) Marking Phase
[33.196s][info][gc,phases      ] GC(264) Marking Phase 1151.791ms
[33.196s][info][gc,phases,start] GC(264) Summary Phase
[33.196s][info][gc,phases      ] GC(264) Summary Phase 0.064ms
[33.196s][info][gc,phases,start] GC(264) Adjust Roots
[33.197s][info][gc,phases      ] GC(264) Adjust Roots 0.156ms
[33.197s][info][gc,phases,start] GC(264) Compaction Phase
[33.672s][info][gc,phases      ] GC(264) Compaction Phase 474.974ms
[33.672s][info][gc,phases,start] GC(264) Post Compact
[33.680s][info][gc,phases      ] GC(264) Post Compact 7.982ms
[33.682s][info][gc,heap        ] GC(264) PSYoungGen: 191424K(318976K)->83569K(318976K) Eden: 0K(57856K)->0K(57856K) From: 191424K(261120K)->83569K(261120K)
[33.682s][info][gc,heap        ] GC(264) ParOldGen: 4878221K(4981760K)->4981643K(5551616K)
[33.682s][info][gc,metaspace   ] GC(264) Metaspace: 6298K(6464K)->6298K(6464K) NonClass: 5764K(5824K)->5764K(5824K) Class: 533K(640K)->533K(640K)
[33.682s][info][gc             ] GC(264) Pause Full (Ergonomics) 4950M->4946M(5733M) 1637.118ms
[33.682s][info][gc,cpu         ] GC(264) User=12.06s Sys=0.06s Real=1.64s
[33.749s][info][gc,start       ] GC(265) Pause Young (Allocation Failure)
[34.065s][info][gc,heap        ] GC(265) PSYoungGen: 141425K(318976K)->108800K(313344K) Eden: 57856K(57856K)->0K(63488K) From: 83569K(261120K)->108800K(249856K)
[34.065s][info][gc,heap        ] GC(265) ParOldGen: 4981643K(5551616K)->5014963K(5551616K)
[34.065s][info][gc,metaspace   ] GC(265) Metaspace: 6298K(6464K)->6298K(6464K) NonClass: 5764K(5824K)->5764K(5824K) Class: 533K(640K)->533K(640K)
[34.065s][info][gc             ] GC(265) Pause Young (Allocation Failure) 5002M->5003M(5727M) 316.586ms
[34.065s][info][gc,cpu         ] GC(265) User=2.11s Sys=0.02s Real=0.32s
[34.134s][info][gc,start       ] GC(266) Pause Young (Allocation Failure)
[34.231s][info][gc,heap        ] GC(266) PSYoungGen: 172288K(313344K)->172384K(325632K) Eden: 63488K(63488K)->0K(63488K) From: 108800K(249856K)->172384K(262144K)
[34.231s][info][gc,heap        ] GC(266) ParOldGen: 5014963K(5551616K)->5014963K(5551616K)
[34.231s][info][gc,metaspace   ] GC(266) Metaspace: 6298K(6464K)->6298K(6464K) NonClass: 5764K(5824K)->5764K(5824K) Class: 533K(640K)->533K(640K)
[34.231s][info][gc             ] GC(266) Pause Young (Allocation Failure) 5065M->5065M(5739M) 97.708ms
[34.231s][info][gc,cpu         ] GC(266) User=0.61s Sys=0.02s Real=0.10s
[34.306s][info][gc,start       ] GC(267) Pause Young (Allocation Failure)
[34.436s][info][gc,heap        ] GC(267) PSYoungGen: 235872K(325632K)->236000K(310272K) Eden: 63488K(63488K)->0K(45056K) From: 172384K(262144K)->236000K(265216K)
[34.436s][info][gc,heap        ] GC(267) ParOldGen: 5014963K(5551616K)->5014963K(5551616K)
[34.436s][info][gc,metaspace   ] GC(267) Metaspace: 6298K(6464K)->6298K(6464K) NonClass: 5764K(5824K)->5764K(5824K) Class: 533K(640K)->533K(640K)
[34.436s][info][gc             ] GC(267) Pause Young (Allocation Failure) 5127M->5127M(5724M) 129.797ms
[34.436s][info][gc,cpu         ] GC(267) User=0.77s Sys=0.12s Real=0.13s
[34.490s][info][gc,start       ] GC(268) Pause Young (Allocation Failure)
[34.650s][info][gc,heap        ] GC(268) PSYoungGen: 281056K(310272K)->261280K(335360K) Eden: 45056K(45056K)->0K(45056K) From: 236000K(265216K)->261280K(290304K)
[34.650s][info][gc,heap        ] GC(268) ParOldGen: 5014963K(5551616K)->5034931K(5551616K)
[34.650s][info][gc,metaspace   ] GC(268) Metaspace: 6298K(6464K)->6298K(6464K) NonClass: 5764K(5824K)->5764K(5824K) Class: 533K(640K)->533K(640K)
[34.650s][info][gc             ] GC(268) Pause Young (Allocation Failure) 5171M->5172M(5749M) 159.910ms
[34.650s][info][gc,cpu         ] GC(268) User=1.06s Sys=0.00s Real=0.16s
[34.699s][info][gc,start       ] GC(269) Pause Young (Allocation Failure)
[34.873s][info][gc,heap        ] GC(269) PSYoungGen: 306336K(335360K)->275456K(341504K) Eden: 45056K(45056K)->0K(22016K) From: 261280K(290304K)->275456K(319488K)
[34.873s][info][gc,heap        ] GC(269) ParOldGen: 5034931K(5551616K)->5066075K(5551616K)
[34.873s][info][gc,metaspace   ] GC(269) Metaspace: 6298K(6464K)->6298K(6464K) NonClass: 5764K(5824K)->5764K(5824K) Class: 533K(640K)->533K(640K)
[34.873s][info][gc             ] GC(269) Pause Young (Allocation Failure) 5216M->5216M(5755M) 173.408ms
[34.873s][info][gc,cpu         ] GC(269) User=1.05s Sys=0.11s Real=0.17s
[34.896s][info][gc,start       ] GC(270) Pause Young (Allocation Failure)
[35.062s][info][gc,heap        ] GC(270) PSYoungGen: 297472K(341504K)->175936K(198144K) Eden: 22016K(22016K)->0K(22016K) From: 275456K(319488K)->175936K(176128K)
[35.062s][info][gc,heap        ] GC(270) ParOldGen: 5066075K(5551616K)->5188515K(5551616K)
[35.062s][info][gc,metaspace   ] GC(270) Metaspace: 6298K(6464K)->6298K(6464K) NonClass: 5764K(5824K)->5764K(5824K) Class: 533K(640K)->533K(640K)
[35.062s][info][gc             ] GC(270) Pause Young (Allocation Failure) 5237M->5238M(5615M) 166.269ms
[35.062s][info][gc,cpu         ] GC(270) User=1.03s Sys=0.02s Real=0.17s
[35.086s][info][gc,start       ] GC(271) Pause Young (Allocation Failure)
[35.202s][info][gc,heap        ] GC(271) PSYoungGen: 197952K(198144K)->89280K(352768K) Eden: 22016K(22016K)->0K(25600K) From: 175936K(176128K)->89280K(327168K)
[35.203s][info][gc,heap        ] GC(271) ParOldGen: 5188515K(5551616K)->5298011K(5551616K)
[35.203s][info][gc,metaspace   ] GC(271) Metaspace: 6298K(6464K)->6298K(6464K) NonClass: 5764K(5824K)->5764K(5824K) Class: 533K(640K)->533K(640K)
[35.203s][info][gc             ] GC(271) Pause Young (Allocation Failure) 5260M->5261M(5766M) 116.397ms
[35.203s][info][gc,cpu         ] GC(271) User=0.69s Sys=0.05s Real=0.12s
[35.230s][info][gc,start       ] GC(272) Pause Young (Allocation Failure)
[35.304s][info][gc,heap        ] GC(272) PSYoungGen: 114880K(352768K)->47744K(355840K) Eden: 25600K(25600K)->0K(25600K) From: 89280K(327168K)->47744K(330240K)
[35.304s][info][gc,heap        ] GC(272) ParOldGen: 5298011K(5551616K)->5365659K(5551616K)
[35.304s][info][gc,metaspace   ] GC(272) Metaspace: 6298K(6464K)->6298K(6464K) NonClass: 5764K(5824K)->5764K(5824K) Class: 533K(640K)->533K(640K)
[35.304s][info][gc             ] GC(272) Pause Young (Allocation Failure) 5286M->5286M(5769M) 73.756ms
[35.304s][info][gc,cpu         ] GC(272) User=0.38s Sys=0.02s Real=0.07s
[35.333s][info][gc,start       ] GC(273) Pause Young (Allocation Failure)
[35.400s][info][gc,heap        ] GC(273) PSYoungGen: 73344K(355840K)->25728K(359936K) Eden: 25600K(25600K)->0K(27648K) From: 47744K(330240K)->25728K(332288K)
[35.400s][info][gc,heap        ] GC(273) ParOldGen: 5365659K(5551616K)->5413675K(5551616K)
[35.400s][info][gc,metaspace   ] GC(273) Metaspace: 6298K(6464K)->6298K(6464K) NonClass: 5764K(5824K)->5764K(5824K) Class: 533K(640K)->533K(640K)
[35.400s][info][gc             ] GC(273) Pause Young (Allocation Failure) 5311M->5311M(5773M) 67.034ms
[35.400s][info][gc,cpu         ] GC(273) User=0.25s Sys=0.02s Real=0.07s
[35.400s][info][gc,start       ] GC(274) Pause Full (Ergonomics)
[35.400s][info][gc,phases,start] GC(274) Marking Phase
[36.659s][info][gc,phases      ] GC(274) Marking Phase 1258.808ms
[36.659s][info][gc,phases,start] GC(274) Summary Phase
[36.659s][info][gc,phases      ] GC(274) Summary Phase 0.106ms
[36.659s][info][gc,phases,start] GC(274) Adjust Roots
[36.659s][info][gc,phases      ] GC(274) Adjust Roots 0.275ms
[36.659s][info][gc,phases,start] GC(274) Compaction Phase
[37.123s][info][gc,phases      ] GC(274) Compaction Phase 463.936ms
[37.123s][info][gc,phases,start] GC(274) Post Compact
[37.133s][info][gc,phases      ] GC(274) Post Compact 9.364ms
[37.135s][info][gc,heap        ] GC(274) PSYoungGen: 25728K(359936K)->0K(361984K) Eden: 0K(27648K)->0K(27648K) From: 25728K(332288K)->0K(334336K)
[37.135s][info][gc,heap        ] GC(274) ParOldGen: 5413675K(5551616K)->5435102K(6047232K)
[37.135s][info][gc,metaspace   ] GC(274) Metaspace: 6298K(6464K)->6298K(6464K) NonClass: 5764K(5824K)->5764K(5824K) Class: 533K(640K)->533K(640K)
[37.135s][info][gc             ] GC(274) Pause Full (Ergonomics) 5311M->5307M(6259M) 1734.746ms
[37.135s][info][gc,cpu         ] GC(274) User=12.73s Sys=0.05s Real=1.73s
[37.168s][info][gc,start       ] GC(275) Pause Young (Allocation Failure)
[37.208s][info][gc,heap        ] GC(275) PSYoungGen: 27648K(361984K)->27808K(361984K) Eden: 27648K(27648K)->0K(30720K) From: 0K(334336K)->27808K(331264K)
[37.208s][info][gc,heap        ] GC(275) ParOldGen: 5435102K(6047232K)->5435102K(6047232K)
[37.208s][info][gc,metaspace   ] GC(275) Metaspace: 6298K(6464K)->6298K(6464K) NonClass: 5764K(5824K)->5764K(5824K) Class: 533K(640K)->533K(640K)
[37.208s][info][gc             ] GC(275) Pause Young (Allocation Failure) 5334M->5334M(6259M) 40.304ms
[37.208s][info][gc,cpu         ] GC(275) User=0.08s Sys=0.00s Real=0.04s
[37.247s][info][gc,start       ] GC(276) Pause Young (Allocation Failure)
[37.297s][info][gc,heap        ] GC(276) PSYoungGen: 58528K(361984K)->30848K(61952K) Eden: 30720K(30720K)->0K(30720K) From: 27808K(331264K)->30848K(31232K)
[37.297s][info][gc,heap        ] GC(276) ParOldGen: 5435102K(6047232K)->5463006K(6047232K)
[37.297s][info][gc,metaspace   ] GC(276) Metaspace: 6298K(6464K)->6298K(6464K) NonClass: 5764K(5824K)->5764K(5824K) Class: 533K(640K)->533K(640K)
[37.297s][info][gc             ] GC(276) Pause Young (Allocation Failure) 5364M->5365M(5966M) 50.078ms
[37.297s][info][gc,cpu         ] GC(276) User=0.12s Sys=0.02s Real=0.05s
[37.333s][info][gc,start       ] GC(277) Pause Young (Allocation Failure)
[37.390s][info][gc,heap        ] GC(277) PSYoungGen: 61568K(61952K)->30880K(349184K) Eden: 30720K(30720K)->0K(34304K) From: 30848K(31232K)->30880K(314880K)
[37.390s][info][gc,heap        ] GC(277) ParOldGen: 5463006K(6047232K)->5494006K(6047232K)
[37.390s][info][gc,metaspace   ] GC(277) Metaspace: 6298K(6464K)->6298K(6464K) NonClass: 5764K(5824K)->5764K(5824K) Class: 533K(640K)->533K(640K)
[37.390s][info][gc             ] GC(277) Pause Young (Allocation Failure) 5395M->5395M(6246M) 56.558ms
[37.390s][info][gc,cpu         ] GC(277) User=0.17s Sys=0.00s Real=0.06s
[37.430s][info][gc,start       ] GC(278) Pause Young (Allocation Failure)
[37.486s][info][gc,heap        ] GC(278) PSYoungGen: 65184K(349184K)->34432K(69120K) Eden: 34304K(34304K)->0K(34304K) From: 30880K(314880K)->34432K(34816K)
[37.486s][info][gc,heap        ] GC(278) ParOldGen: 5494006K(6047232K)->5525014K(6047232K)
[37.487s][info][gc,metaspace   ] GC(278) Metaspace: 6298K(6464K)->6298K(6464K) NonClass: 5764K(5824K)->5764K(5824K) Class: 533K(640K)->533K(640K)
[37.487s][info][gc             ] GC(278) Pause Young (Allocation Failure) 5428M->5429M(5973M) 56.693ms
[37.487s][info][gc,cpu         ] GC(278) User=0.20s Sys=0.03s Real=0.06s
[37.528s][info][gc,start       ] GC(279) Pause Young (Allocation Failure)
[37.589s][info][gc,heap        ] GC(279) PSYoungGen: 68736K(69120K)->34464K(331776K) Eden: 34304K(34304K)->0K(38912K) From: 34432K(34816K)->34464K(292864K)
[37.589s][info][gc,heap        ] GC(279) ParOldGen: 5525014K(6047232K)->5559630K(6047232K)
[37.589s][info][gc,metaspace   ] GC(279) Metaspace: 6298K(6464K)->6298K(6464K) NonClass: 5764K(5824K)->5764K(5824K) Class: 533K(640K)->533K(640K)
[37.589s][info][gc             ] GC(279) Pause Young (Allocation Failure) 5462M->5462M(6229M) 61.201ms
[37.589s][info][gc,cpu         ] GC(279) User=0.25s Sys=0.03s Real=0.06s
[37.632s][info][gc,start       ] GC(280) Pause Young (Allocation Failure)
[37.690s][info][gc,heap        ] GC(280) PSYoungGen: 73376K(331776K)->39072K(78336K) Eden: 38912K(38912K)->0K(38912K) From: 34464K(292864K)->39072K(39424K)
[37.690s][info][gc,heap        ] GC(280) ParOldGen: 5559630K(6047232K)->5594246K(6047232K)
[37.690s][info][gc,metaspace   ] GC(280) Metaspace: 6298K(6464K)->6298K(6464K) NonClass: 5764K(5824K)->5764K(5824K) Class: 533K(640K)->533K(640K)
[37.690s][info][gc             ] GC(280) Pause Young (Allocation Failure) 5500M->5501M(5982M) 58.800ms
[37.690s][info][gc,cpu         ] GC(280) User=0.17s Sys=0.00s Real=0.06s
[37.740s][info][gc,start       ] GC(281) Pause Young (Allocation Failure)
[37.802s][info][gc,heap        ] GC(281) PSYoungGen: 77984K(78336K)->39136K(311296K) Eden: 38912K(38912K)->0K(44032K) From: 39072K(39424K)->39136K(267264K)
[37.802s][info][gc,heap        ] GC(281) ParOldGen: 5594246K(6047232K)->5633510K(6047232K)
[37.802s][info][gc,metaspace   ] GC(281) Metaspace: 6298K(6464K)->6298K(6464K) NonClass: 5764K(5824K)->5764K(5824K) Class: 533K(640K)->533K(640K)
[37.802s][info][gc             ] GC(281) Pause Young (Allocation Failure) 5539M->5539M(6209M) 62.118ms
[37.802s][info][gc,cpu         ] GC(281) User=0.17s Sys=0.00s Real=0.06s
[37.863s][info][gc,start       ] GC(282) Pause Young (Allocation Failure)
[37.934s][info][gc,heap        ] GC(282) PSYoungGen: 83168K(311296K)->44224K(88576K) Eden: 44032K(44032K)->0K(44032K) From: 39136K(267264K)->44224K(44544K)
[37.934s][info][gc,heap        ] GC(282) ParOldGen: 5633510K(6047232K)->5672766K(6047232K)
[37.934s][info][gc,metaspace   ] GC(282) Metaspace: 6298K(6464K)->6298K(6464K) NonClass: 5764K(5824K)->5764K(5824K) Class: 533K(640K)->533K(640K)
[37.934s][info][gc             ] GC(282) Pause Young (Allocation Failure) 5582M->5582M(5992M) 71.014ms
[37.934s][info][gc,cpu         ] GC(282) User=0.27s Sys=0.02s Real=0.07s
[39.031s][info][gc,start       ] GC(283) Pause Young (Allocation Failure)
[39.266s][info][gc,heap        ] GC(283) PSYoungGen: 88256K(88576K)->44224K(288256K) Eden: 44032K(44032K)->0K(48640K) From: 44224K(44544K)->44224K(239616K)
[39.266s][info][gc,heap        ] GC(283) ParOldGen: 5934910K(6047232K)->5979350K(6047232K)
[39.266s][info][gc,metaspace   ] GC(283) Metaspace: 6298K(6464K)->6298K(6464K) NonClass: 5764K(5824K)->5764K(5824K) Class: 533K(640K)->533K(640K)
[39.266s][info][gc             ] GC(283) Pause Young (Allocation Failure) 5881M->5882M(6187M) 235.001ms
[39.266s][info][gc,cpu         ] GC(283) User=1.14s Sys=0.00s Real=0.23s
[39.266s][info][gc,start       ] GC(284) Pause Full (Ergonomics)
[39.266s][info][gc,phases,start] GC(284) Marking Phase
[40.615s][info][gc,phases      ] GC(284) Marking Phase 1349.439ms
[40.615s][info][gc,phases,start] GC(284) Summary Phase
[40.616s][info][gc,phases      ] GC(284) Summary Phase 0.110ms
[40.616s][info][gc,phases,start] GC(284) Adjust Roots
[40.616s][info][gc,phases      ] GC(284) Adjust Roots 0.169ms
[40.616s][info][gc,phases,start] GC(284) Compaction Phase
[41.503s][info][gc,phases      ] GC(284) Compaction Phase 887.481ms
[41.503s][info][gc,phases,start] GC(284) Post Compact
[41.513s][info][gc,phases      ] GC(284) Post Compact 9.685ms
[41.515s][info][gc,heap        ] GC(284) PSYoungGen: 44224K(288256K)->0K(302080K) Eden: 0K(48640K)->0K(48640K) From: 44224K(239616K)->0K(253440K)
[41.515s][info][gc,heap        ] GC(284) ParOldGen: 5979350K(6047232K)->5889484K(6502912K)
[41.515s][info][gc,metaspace   ] GC(284) Metaspace: 6298K(6464K)->6298K(6464K) NonClass: 5764K(5824K)->5764K(5824K) Class: 533K(640K)->533K(640K)
[41.515s][info][gc             ] GC(284) Pause Full (Ergonomics) 5882M->5751M(6645M) 2248.703ms
[41.515s][info][gc,cpu         ] GC(284) User=15.42s Sys=0.09s Real=2.25s
[41.565s][info][gc,start       ] GC(285) Pause Young (Allocation Failure)
[41.639s][info][gc,heap        ] GC(285) PSYoungGen: 48640K(302080K)->48864K(279040K) Eden: 48640K(48640K)->0K(52736K) From: 0K(253440K)->48864K(226304K)
[41.639s][info][gc,heap        ] GC(285) ParOldGen: 5889484K(6502912K)->5889484K(6502912K)
[41.639s][info][gc,metaspace   ] GC(285) Metaspace: 6298K(6464K)->6298K(6464K) NonClass: 5764K(5824K)->5764K(5824K) Class: 533K(640K)->533K(640K)
[41.639s][info][gc             ] GC(285) Pause Young (Allocation Failure) 5798M->5799M(6623M) 73.864ms
[41.639s][info][gc,cpu         ] GC(285) User=0.11s Sys=0.00s Real=0.07s
[41.695s][info][gc,start       ] GC(286) Pause Young (Allocation Failure)
[41.788s][info][gc,heap        ] GC(286) PSYoungGen: 101600K(279040K)->101696K(154624K) Eden: 52736K(52736K)->0K(52736K) From: 48864K(226304K)->101696K(101888K)
[41.788s][info][gc,heap        ] GC(286) ParOldGen: 5889484K(6502912K)->5889484K(6502912K)
[41.788s][info][gc,metaspace   ] GC(286) Metaspace: 6298K(6464K)->6298K(6464K) NonClass: 5764K(5824K)->5764K(5824K) Class: 533K(640K)->533K(640K)
[41.788s][info][gc             ] GC(286) Pause Young (Allocation Failure) 5850M->5850M(6501M) 92.707ms
[41.788s][info][gc,cpu         ] GC(286) User=0.25s Sys=0.00s Real=0.09s
[41.847s][info][gc,start       ] GC(287) Pause Young (Allocation Failure)
[41.957s][info][gc,heap        ] GC(287) PSYoungGen: 154432K(154624K)->154464K(278528K) Eden: 52736K(52736K)->0K(44544K) From: 101696K(101888K)->154464K(233984K)
[41.957s][info][gc,heap        ] GC(287) ParOldGen: 5889484K(6502912K)->5889484K(6502912K)
[41.957s][info][gc,metaspace   ] GC(287) Metaspace: 6298K(6464K)->6298K(6464K) NonClass: 5764K(5824K)->5764K(5824K) Class: 533K(640K)->533K(640K)
[41.957s][info][gc             ] GC(287) Pause Young (Allocation Failure) 5902M->5902M(6622M) 110.585ms
[41.957s][info][gc,cpu         ] GC(287) User=0.31s Sys=0.00s Real=0.11s
[42.007s][info][gc,start       ] GC(288) Pause Young (Allocation Failure)
[42.127s][info][gc,heap        ] GC(288) PSYoungGen: 199008K(278528K)->199104K(291840K) Eden: 44544K(44544K)->0K(44544K) From: 154464K(233984K)->199104K(247296K)
[42.127s][info][gc,heap        ] GC(288) ParOldGen: 5889484K(6502912K)->5889484K(6502912K)
[42.127s][info][gc,metaspace   ] GC(288) Metaspace: 6298K(6464K)->6298K(6464K) NonClass: 5764K(5824K)->5764K(5824K) Class: 533K(640K)->533K(640K)
[42.127s][info][gc             ] GC(288) Pause Young (Allocation Failure) 5945M->5945M(6635M) 120.171ms
[42.127s][info][gc,cpu         ] GC(288) User=0.34s Sys=0.00s Real=0.12s
[42.172s][info][gc,start       ] GC(289) Pause Young (Allocation Failure)
[42.305s][info][gc,heap        ] GC(289) PSYoungGen: 243648K(291840K)->243680K(286720K) Eden: 44544K(44544K)->0K(12800K) From: 199104K(247296K)->243680K(273920K)
[42.305s][info][gc,heap        ] GC(289) ParOldGen: 5889484K(6502912K)->5889484K(6502912K)
[42.305s][info][gc,metaspace   ] GC(289) Metaspace: 6298K(6464K)->6298K(6464K) NonClass: 5764K(5824K)->5764K(5824K) Class: 533K(640K)->533K(640K)
[42.305s][info][gc             ] GC(289) Pause Young (Allocation Failure) 5989M->5989M(6630M) 132.845ms
[42.305s][info][gc,cpu         ] GC(289) User=0.55s Sys=0.00s Real=0.13s
[42.317s][info][gc,start       ] GC(290) Pause Young (Allocation Failure)
[42.451s][info][gc,heap        ] GC(290) PSYoungGen: 256480K(286720K)->154944K(167936K) Eden: 12800K(12800K)->0K(12800K) From: 243680K(273920K)->154944K(155136K)
[42.451s][info][gc,heap        ] GC(290) ParOldGen: 5889484K(6502912K)->5991756K(6502912K)
[42.451s][info][gc,metaspace   ] GC(290) Metaspace: 6298K(6464K)->6298K(6464K) NonClass: 5764K(5824K)->5764K(5824K) Class: 533K(640K)->533K(640K)
[42.451s][info][gc             ] GC(290) Pause Young (Allocation Failure) 6001M->6002M(6514M) 133.850ms
[42.451s][info][gc,cpu         ] GC(290) User=0.52s Sys=0.02s Real=0.13s
[42.464s][info][gc,start       ] GC(291) Pause Young (Allocation Failure)
[42.575s][info][gc,heap        ] GC(291) PSYoungGen: 167744K(167936K)->70336K(298496K) Eden: 12800K(12800K)->0K(14848K) From: 154944K(155136K)->70336K(283648K)
[42.575s][info][gc,heap        ] GC(291) ParOldGen: 5991756K(6502912K)->6089884K(6502912K)
[42.575s][info][gc,metaspace   ] GC(291) Metaspace: 6298K(6464K)->6298K(6464K) NonClass: 5764K(5824K)->5764K(5824K) Class: 533K(640K)->533K(640K)
[42.575s][info][gc             ] GC(291) Pause Young (Allocation Failure) 6015M->6015M(6642M) 111.827ms
[42.575s][info][gc,cpu         ] GC(291) User=0.31s Sys=0.00s Real=0.11s
[42.590s][info][gc,start       ] GC(292) Pause Young (Allocation Failure)
[42.675s][info][gc,heap        ] GC(292) PSYoungGen: 85184K(298496K)->27776K(43008K) Eden: 14848K(14848K)->0K(14848K) From: 70336K(283648K)->27776K(28160K)
[42.676s][info][gc,heap        ] GC(292) ParOldGen: 6089884K(6502912K)->6147724K(6502912K)
[42.676s][info][gc,metaspace   ] GC(292) Metaspace: 6298K(6464K)->6298K(6464K) NonClass: 5764K(5824K)->5764K(5824K) Class: 533K(640K)->533K(640K)
[42.676s][info][gc             ] GC(292) Pause Young (Allocation Failure) 6030M->6030M(6392M) 85.146ms
[42.676s][info][gc,cpu         ] GC(292) User=0.20s Sys=0.00s Real=0.09s
[42.691s][info][gc,start       ] GC(293) Pause Young (Allocation Failure)
[42.765s][info][gc,heap        ] GC(293) PSYoungGen: 42624K(43008K)->14944K(300544K) Eden: 14848K(14848K)->0K(17408K) From: 27776K(28160K)->14944K(283136K)
[42.765s][info][gc,heap        ] GC(293) ParOldGen: 6147724K(6502912K)->6175612K(6502912K)
[42.766s][info][gc,metaspace   ] GC(293) Metaspace: 6298K(6464K)->6298K(6464K) NonClass: 5764K(5824K)->5764K(5824K) Class: 533K(640K)->533K(640K)
[42.766s][info][gc             ] GC(293) Pause Young (Allocation Failure) 6045M->6045M(6644M) 74.911ms
[42.766s][info][gc,cpu         ] GC(293) User=0.08s Sys=0.00s Real=0.08s
[42.783s][info][gc,start       ] GC(294) Pause Young (Allocation Failure)
[42.855s][info][gc,heap        ] GC(294) PSYoungGen: 32352K(300544K)->17536K(35328K) Eden: 17408K(17408K)->0K(17408K) From: 14944K(283136K)->17536K(17920K)
[42.855s][info][gc,heap        ] GC(294) ParOldGen: 6175612K(6502912K)->6190588K(6502912K)
[42.855s][info][gc,metaspace   ] GC(294) Metaspace: 6298K(6464K)->6298K(6464K) NonClass: 5764K(5824K)->5764K(5824K) Class: 533K(640K)->533K(640K)
[42.855s][info][gc             ] GC(294) Pause Young (Allocation Failure) 6062M->6062M(6385M) 71.617ms
[42.855s][info][gc,cpu         ] GC(294) User=0.08s Sys=0.00s Real=0.07s
[42.874s][info][gc,start       ] GC(295) Pause Young (Allocation Failure)
[42.938s][info][gc,heap        ] GC(295) PSYoungGen: 34944K(35328K)->17504K(285696K) Eden: 17408K(17408K)->0K(20480K) From: 17536K(17920K)->17504K(265216K)
[42.938s][info][gc,heap        ] GC(295) ParOldGen: 6190588K(6502912K)->6208156K(6502912K)
[42.938s][info][gc,metaspace   ] GC(295) Metaspace: 6298K(6464K)->6298K(6464K) NonClass: 5764K(5824K)->5764K(5824K) Class: 533K(640K)->533K(640K)
[42.938s][info][gc             ] GC(295) Pause Young (Allocation Failure) 6079M->6079M(6629M) 64.173ms
[42.938s][info][gc,cpu         ] GC(295) User=0.16s Sys=0.00s Real=0.06s
[42.960s][info][gc,start       ] GC(296) Pause Young (Allocation Failure)
[43.035s][info][gc,heap        ] GC(296) PSYoungGen: 37984K(285696K)->20608K(41472K) Eden: 20480K(20480K)->0K(20480K) From: 17504K(265216K)->20608K(20992K)
[43.036s][info][gc,heap        ] GC(296) ParOldGen: 6208156K(6502912K)->6225724K(6502912K)
[43.036s][info][gc,metaspace   ] GC(296) Metaspace: 6298K(6464K)->6298K(6464K) NonClass: 5764K(5824K)->5764K(5824K) Class: 533K(640K)->533K(640K)
[43.036s][info][gc             ] GC(296) Pause Young (Allocation Failure) 6099M->6099M(6391M) 75.369ms
[43.036s][info][gc,cpu         ] GC(296) User=0.16s Sys=0.02s Real=0.07s
[43.056s][info][gc,start       ] GC(297) Pause Young (Allocation Failure)
[43.128s][info][gc,heap        ] GC(297) PSYoungGen: 41088K(41472K)->20640K(266752K) Eden: 20480K(20480K)->0K(24064K) From: 20608K(20992K)->20640K(242688K)
[43.128s][info][gc,heap        ] GC(297) ParOldGen: 6225724K(6502912K)->6246388K(6502912K)
[43.128s][info][gc,metaspace   ] GC(297) Metaspace: 6298K(6464K)->6298K(6464K) NonClass: 5764K(5824K)->5764K(5824K) Class: 533K(640K)->533K(640K)
[43.128s][info][gc             ] GC(297) Pause Young (Allocation Failure) 6119M->6120M(6611M) 72.371ms
[43.128s][info][gc,cpu         ] GC(297) User=0.17s Sys=0.02s Real=0.07s
[43.153s][info][gc,start       ] GC(298) Pause Young (Allocation Failure)
[43.221s][info][gc,heap        ] GC(298) PSYoungGen: 44704K(266752K)->24192K(48640K) Eden: 24064K(24064K)->0K(24064K) From: 20640K(242688K)->24192K(24576K)
[43.222s][info][gc,heap        ] GC(298) ParOldGen: 6246388K(6502912K)->6267052K(6502912K)
[43.222s][info][gc,metaspace   ] GC(298) Metaspace: 6298K(6464K)->6298K(6464K) NonClass: 5764K(5824K)->5764K(5824K) Class: 533K(640K)->533K(640K)
[43.222s][info][gc             ] GC(298) Pause Young (Allocation Failure) 6143M->6143M(6398M) 68.513ms
[43.222s][info][gc,cpu         ] GC(298) User=0.17s Sys=0.02s Real=0.07s
[43.245s][info][gc,start       ] GC(299) Pause Young (Allocation Failure)
[43.321s][info][gc,heap        ] GC(299) PSYoungGen: 48256K(48640K)->24224K(247808K) Eden: 24064K(24064K)->0K(28160K) From: 24192K(24576K)->24224K(219648K)
[43.321s][info][gc,heap        ] GC(299) ParOldGen: 6267052K(6502912K)->6291348K(6502912K)
[43.321s][info][gc,metaspace   ] GC(299) Metaspace: 6298K(6464K)->6298K(6464K) NonClass: 5764K(5824K)->5764K(5824K) Class: 533K(640K)->533K(640K)
[43.321s][info][gc             ] GC(299) Pause Young (Allocation Failure) 6167M->6167M(6592M) 75.590ms
[43.321s][info][gc,cpu         ] GC(299) User=0.23s Sys=0.00s Real=0.08s
[43.348s][info][gc,start       ] GC(300) Pause Young (Allocation Failure)
[43.420s][info][gc,heap        ] GC(300) PSYoungGen: 52384K(247808K)->28320K(56832K) Eden: 28160K(28160K)->0K(28160K) From: 24224K(219648K)->28320K(28672K)
[43.420s][info][gc,heap        ] GC(300) ParOldGen: 6291348K(6502912K)->6315628K(6502912K)
[43.420s][info][gc,metaspace   ] GC(300) Metaspace: 6298K(6464K)->6298K(6464K) NonClass: 5764K(5824K)->5764K(5824K) Class: 533K(640K)->533K(640K)
[43.420s][info][gc             ] GC(300) Pause Young (Allocation Failure) 6195M->6195M(6406M) 71.553ms
[43.420s][info][gc,cpu         ] GC(300) User=0.17s Sys=0.00s Real=0.07s
[43.448s][info][gc,start       ] GC(301) Pause Young (Allocation Failure)
[43.519s][info][gc,heap        ] GC(301) PSYoungGen: 56480K(56832K)->28320K(228352K) Eden: 28160K(28160K)->0K(32768K) From: 28320K(28672K)->28320K(195584K)
[43.519s][info][gc,heap        ] GC(301) ParOldGen: 6315628K(6502912K)->6344052K(6502912K)
[43.519s][info][gc,metaspace   ] GC(301) Metaspace: 6298K(6464K)->6298K(6464K) NonClass: 5764K(5824K)->5764K(5824K) Class: 533K(640K)->533K(640K)
[43.519s][info][gc             ] GC(301) Pause Young (Allocation Failure) 6222M->6223M(6573M) 70.767ms
[43.519s][info][gc,cpu         ] GC(301) User=0.14s Sys=0.02s Real=0.07s
[43.551s][info][gc,start       ] GC(302) Pause Young (Allocation Failure)
[43.642s][info][gc,heap        ] GC(302) PSYoungGen: 61088K(228352K)->32960K(66048K) Eden: 32768K(32768K)->0K(32768K) From: 28320K(195584K)->32960K(33280K)
[43.642s][info][gc,heap        ] GC(302) ParOldGen: 6344052K(6502912K)->6372468K(6502912K)
[43.642s][info][gc,metaspace   ] GC(302) Metaspace: 6298K(6464K)->6298K(6464K) NonClass: 5764K(5824K)->5764K(5824K) Class: 533K(640K)->533K(640K)
[43.642s][info][gc             ] GC(302) Pause Young (Allocation Failure) 6255M->6255M(6415M) 91.038ms
[43.642s][info][gc,cpu         ] GC(302) User=0.17s Sys=0.00s Real=0.09s
[43.675s][info][gc,start       ] GC(303) Pause Young (Allocation Failure)
[43.754s][info][gc,heap        ] GC(303) PSYoungGen: 65728K(66048K)->32896K(210944K) Eden: 32768K(32768K)->0K(37888K) From: 32960K(33280K)->32896K(173056K)
[43.754s][info][gc,heap        ] GC(303) ParOldGen: 6372468K(6502912K)->6405524K(6502912K)
[43.754s][info][gc,metaspace   ] GC(303) Metaspace: 6298K(6464K)->6298K(6464K) NonClass: 5764K(5824K)->5764K(5824K) Class: 533K(640K)->533K(640K)
[43.754s][info][gc             ] GC(303) Pause Young (Allocation Failure) 6287M->6287M(6556M) 79.079ms
[43.754s][info][gc,cpu         ] GC(303) User=0.12s Sys=0.03s Real=0.08s
[43.794s][info][gc,start       ] GC(304) Pause Young (Allocation Failure)
[43.873s][info][gc,heap        ] GC(304) PSYoungGen: 70784K(210944K)->38048K(76288K) Eden: 37888K(37888K)->0K(37888K) From: 32896K(173056K)->38048K(38400K)
[43.873s][info][gc,heap        ] GC(304) ParOldGen: 6405524K(6502912K)->6438580K(6502912K)
[43.873s][info][gc,metaspace   ] GC(304) Metaspace: 6298K(6464K)->6298K(6464K) NonClass: 5764K(5824K)->5764K(5824K) Class: 533K(640K)->533K(640K)
[43.873s][info][gc             ] GC(304) Pause Young (Allocation Failure) 6324M->6324M(6425M) 79.237ms
[43.873s][info][gc,cpu         ] GC(304) User=0.19s Sys=0.00s Real=0.08s
[43.873s][info][gc,start       ] GC(305) Pause Full (Ergonomics)
[43.873s][info][gc,phases,start] GC(305) Marking Phase
[45.352s][info][gc,phases      ] GC(305) Marking Phase 1478.578ms
[45.352s][info][gc,phases,start] GC(305) Summary Phase
[45.352s][info][gc,phases      ] GC(305) Summary Phase 0.110ms
[45.352s][info][gc,phases,start] GC(305) Adjust Roots
[45.352s][info][gc,phases      ] GC(305) Adjust Roots 0.208ms
[45.352s][info][gc,phases,start] GC(305) Compaction Phase
[46.023s][info][gc,phases      ] GC(305) Compaction Phase 670.549ms
[46.023s][info][gc,phases,start] GC(305) Post Compact
[46.032s][info][gc,phases      ] GC(305) Post Compact 9.455ms
[46.034s][info][gc,heap        ] GC(305) PSYoungGen: 38048K(76288K)->0K(216576K) Eden: 0K(37888K)->0K(43520K) From: 38048K(38400K)->0K(173056K)
[46.034s][info][gc,heap        ] GC(305) ParOldGen: 6438580K(6502912K)->6471014K(7113728K)
[46.034s][info][gc,metaspace   ] GC(305) Metaspace: 6298K(6464K)->6298K(6464K) NonClass: 5764K(5824K)->5764K(5824K) Class: 533K(640K)->533K(640K)
[46.034s][info][gc             ] GC(305) Pause Full (Ergonomics) 6324M->6319M(7158M) 2161.163ms
[46.034s][info][gc,cpu         ] GC(305) User=15.19s Sys=0.02s Real=2.16s
[46.091s][info][gc,start       ] GC(306) Pause Young (Allocation Failure)
[46.162s][info][gc,heap        ] GC(306) PSYoungGen: 43520K(216576K)->43680K(87552K) Eden: 43520K(43520K)->0K(43520K) From: 0K(173056K)->43680K(44032K)
[46.162s][info][gc,heap        ] GC(306) ParOldGen: 6471014K(7113728K)->6471014K(7113728K)
[46.162s][info][gc,metaspace   ] GC(306) Metaspace: 6298K(6464K)->6298K(6464K) NonClass: 5764K(5824K)->5764K(5824K) Class: 533K(640K)->533K(640K)
[46.162s][info][gc             ] GC(306) Pause Young (Allocation Failure) 6361M->6362M(7032M) 70.620ms
[46.162s][info][gc,cpu         ] GC(306) User=0.17s Sys=0.00s Real=0.07s
[46.210s][info][gc,start       ] GC(307) Pause Young (Allocation Failure)
[46.309s][info][gc,heap        ] GC(307) PSYoungGen: 87200K(87552K)->43680K(189440K) Eden: 43520K(43520K)->0K(48640K) From: 43680K(44032K)->43680K(140800K)
[46.309s][info][gc,heap        ] GC(307) ParOldGen: 6471014K(7113728K)->6514918K(7113728K)
[46.309s][info][gc,metaspace   ] GC(307) Metaspace: 6298K(6464K)->6298K(6464K) NonClass: 5764K(5824K)->5764K(5824K) Class: 533K(640K)->533K(640K)
[46.309s][info][gc             ] GC(307) Pause Young (Allocation Failure) 6404M->6404M(7132M) 98.445ms
[46.309s][info][gc,cpu         ] GC(307) User=0.20s Sys=0.03s Real=0.10s
[46.359s][info][gc,start       ] GC(308) Pause Young (Allocation Failure)
[46.453s][info][gc,heap        ] GC(308) PSYoungGen: 92320K(189440K)->48864K(97792K) Eden: 48640K(48640K)->0K(48640K) From: 43680K(140800K)->48864K(49152K)
[46.453s][info][gc,heap        ] GC(308) ParOldGen: 6514918K(7113728K)->6558822K(7113728K)
[46.453s][info][gc,metaspace   ] GC(308) Metaspace: 6298K(6464K)->6298K(6464K) NonClass: 5764K(5824K)->5764K(5824K) Class: 533K(640K)->533K(640K)
[46.453s][info][gc             ] GC(308) Pause Young (Allocation Failure) 6452M->6452M(7042M) 93.981ms
[46.453s][info][gc,cpu         ] GC(308) User=0.30s Sys=0.02s Real=0.09s
[46.502s][info][gc,start       ] GC(309) Pause Young (Allocation Failure)
[46.598s][info][gc,heap        ] GC(309) PSYoungGen: 97504K(97792K)->48832K(178176K) Eden: 48640K(48640K)->0K(54784K) From: 48864K(49152K)->48832K(123392K)
[46.598s][info][gc,heap        ] GC(309) ParOldGen: 6558822K(7113728K)->6607894K(7113728K)
[46.598s][info][gc,metaspace   ] GC(309) Metaspace: 6298K(6464K)->6298K(6464K) NonClass: 5764K(5824K)->5764K(5824K) Class: 533K(640K)->533K(640K)
[46.598s][info][gc             ] GC(309) Pause Young (Allocation Failure) 6500M->6500M(7121M) 96.033ms
[46.598s][info][gc,cpu         ] GC(309) User=0.25s Sys=0.06s Real=0.10s
[46.662s][info][gc,start       ] GC(310) Pause Young (Allocation Failure)
[46.760s][info][gc,heap        ] GC(310) PSYoungGen: 103616K(178176K)->54944K(186880K) Eden: 54784K(54784K)->0K(54784K) From: 48832K(123392K)->54944K(132096K)
[46.760s][info][gc,heap        ] GC(310) ParOldGen: 6607894K(7113728K)->6656982K(7113728K)
[46.760s][info][gc,metaspace   ] GC(310) Metaspace: 6298K(6464K)->6298K(6464K) NonClass: 5764K(5824K)->5764K(5824K) Class: 533K(640K)->533K(640K)
[46.760s][info][gc             ] GC(310) Pause Young (Allocation Failure) 6554M->6554M(7129M) 97.568ms
[46.760s][info][gc,cpu         ] GC(310) User=0.27s Sys=0.02s Real=0.10s
[46.826s][info][gc,start       ] GC(311) Pause Young (Allocation Failure)
[46.930s][info][gc,heap        ] GC(311) PSYoungGen: 109728K(186880K)->55040K(177152K) Eden: 54784K(54784K)->0K(61952K) From: 54944K(132096K)->55040K(115200K)
[46.930s][info][gc,heap        ] GC(311) ParOldGen: 6656982K(7113728K)->6712262K(7113728K)
[46.930s][info][gc,metaspace   ] GC(311) Metaspace: 6298K(6464K)->6298K(6464K) NonClass: 5764K(5824K)->5764K(5824K) Class: 533K(640K)->533K(640K)
[46.930s][info][gc             ] GC(311) Pause Young (Allocation Failure) 6608M->6608M(7120M) 104.224ms
[46.930s][info][gc,cpu         ] GC(311) User=0.28s Sys=0.02s Real=0.10s
[46.993s][info][gc,start       ] GC(312) Pause Young (Allocation Failure)
[47.095s][info][gc,heap        ] GC(312) PSYoungGen: 116992K(177152K)->62176K(182784K) Eden: 61952K(61952K)->0K(61952K) From: 55040K(115200K)->62176K(120832K)
[47.095s][info][gc,heap        ] GC(312) ParOldGen: 6712262K(7113728K)->6767542K(7113728K)
[47.095s][info][gc,metaspace   ] GC(312) Metaspace: 6298K(6464K)->6298K(6464K) NonClass: 5764K(5824K)->5764K(5824K) Class: 533K(640K)->533K(640K)
[47.095s][info][gc             ] GC(312) Pause Young (Allocation Failure) 6669M->6669M(7125M) 102.282ms
[47.095s][info][gc,cpu         ] GC(312) User=0.36s Sys=0.06s Real=0.10s
[47.162s][info][gc,start       ] GC(313) Pause Young (Allocation Failure)
[47.264s][info][gc,heap        ] GC(313) PSYoungGen: 124128K(182784K)->62176K(183808K) Eden: 61952K(61952K)->0K(70144K) From: 62176K(120832K)->62176K(113664K)
[47.264s][info][gc,heap        ] GC(313) ParOldGen: 6767542K(7113728K)->6830046K(7113728K)
[47.264s][info][gc,metaspace   ] GC(313) Metaspace: 6298K(6464K)->6298K(6464K) NonClass: 5764K(5824K)->5764K(5824K) Class: 533K(640K)->533K(640K)
[47.264s][info][gc             ] GC(313) Pause Young (Allocation Failure) 6730M->6730M(7126M) 102.531ms
[47.264s][info][gc,cpu         ] GC(313) User=0.31s Sys=0.02s Real=0.10s
[47.348s][info][gc,start       ] GC(314) Pause Young (Allocation Failure)
[47.455s][info][gc,heap        ] GC(314) PSYoungGen: 132320K(183808K)->70368K(186368K) Eden: 70144K(70144K)->0K(70144K) From: 62176K(113664K)->70368K(116224K)
[47.455s][info][gc,heap        ] GC(314) ParOldGen: 6830046K(7113728K)->6892558K(7113728K)
[47.455s][info][gc,metaspace   ] GC(314) Metaspace: 6298K(6464K)->6298K(6464K) NonClass: 5764K(5824K)->5764K(5824K) Class: 533K(640K)->533K(640K)
[47.455s][info][gc             ] GC(314) Pause Young (Allocation Failure) 6799M->6799M(7129M) 106.945ms
[47.455s][info][gc,cpu         ] GC(314) User=0.31s Sys=0.00s Real=0.11s
[47.526s][info][gc,start       ] GC(315) Pause Young (Allocation Failure)
[47.640s][info][gc,heap        ] GC(315) PSYoungGen: 140512K(186368K)->70368K(195584K) Eden: 70144K(70144K)->0K(78848K) From: 70368K(116224K)->70368K(116736K)
[47.640s][info][gc,heap        ] GC(315) ParOldGen: 6892558K(7113728K)->6963334K(7113728K)
[47.640s][info][gc,metaspace   ] GC(315) Metaspace: 6298K(6464K)->6298K(6464K) NonClass: 5764K(5824K)->5764K(5824K) Class: 533K(640K)->533K(640K)
[47.640s][info][gc             ] GC(315) Pause Young (Allocation Failure) 6868M->6868M(7138M) 113.987ms
[47.640s][info][gc,cpu         ] GC(315) User=0.30s Sys=0.03s Real=0.11s
[47.717s][info][gc,start       ] GC(316) Pause Young (Allocation Failure)
[47.822s][info][gc,heap        ] GC(316) PSYoungGen: 149216K(195584K)->79104K(195584K) Eden: 78848K(78848K)->0K(78848K) From: 70368K(116736K)->79104K(116736K)
[47.822s][info][gc,heap        ] GC(316) ParOldGen: 6963334K(7113728K)->7034118K(7113728K)
[47.823s][info][gc,metaspace   ] GC(316) Metaspace: 6298K(6464K)->6298K(6464K) NonClass: 5764K(5824K)->5764K(5824K) Class: 533K(640K)->533K(640K)
[47.823s][info][gc             ] GC(316) Pause Young (Allocation Failure) 6945M->6946M(7138M) 105.739ms
[47.823s][info][gc,cpu         ] GC(316) User=0.36s Sys=0.00s Real=0.11s
[47.823s][info][gc,start       ] GC(317) Pause Full (Ergonomics)
[47.823s][info][gc,phases,start] GC(317) Marking Phase
[49.463s][info][gc,phases      ] GC(317) Marking Phase 1640.596ms
[49.463s][info][gc,phases,start] GC(317) Summary Phase
[49.463s][info][gc,phases      ] GC(317) Summary Phase 0.116ms
[49.463s][info][gc,phases,start] GC(317) Adjust Roots
[49.464s][info][gc,phases      ] GC(317) Adjust Roots 0.160ms
[49.464s][info][gc,phases,start] GC(317) Compaction Phase
[50.204s][info][gc,phases      ] GC(317) Compaction Phase 740.544ms
[50.204s][info][gc,phases,start] GC(317) Post Compact
[50.215s][info][gc,phases      ] GC(317) Post Compact 10.488ms
[50.217s][info][gc,heap        ] GC(317) PSYoungGen: 79104K(195584K)->0K(207872K) Eden: 0K(78848K)->0K(88576K) From: 79104K(116736K)->0K(119296K)
[50.217s][info][gc,heap        ] GC(317) ParOldGen: 7034118K(7113728K)->7107589K(7844352K)
[50.217s][info][gc,metaspace   ] GC(317) Metaspace: 6298K(6464K)->6298K(6464K) NonClass: 5764K(5824K)->5764K(5824K) Class: 533K(640K)->533K(640K)
[50.217s][info][gc             ] GC(317) Pause Full (Ergonomics) 6946M->6941M(7863M) 2394.424ms
[50.217s][info][gc,cpu         ] GC(317) User=16.94s Sys=0.09s Real=2.39s
[50.319s][info][gc,start       ] GC(318) Pause Young (Allocation Failure)
[50.408s][info][gc,heap        ] GC(318) PSYoungGen: 88576K(207872K)->88832K(207872K) Eden: 88576K(88576K)->0K(88576K) From: 0K(119296K)->88832K(119296K)
[50.408s][info][gc,heap        ] GC(318) ParOldGen: 7107589K(7844352K)->7107589K(7844352K)
[50.408s][info][gc,metaspace   ] GC(318) Metaspace: 6298K(6464K)->6298K(6464K) NonClass: 5764K(5824K)->5764K(5824K) Class: 533K(640K)->533K(640K)
[50.408s][info][gc             ] GC(318) Pause Young (Allocation Failure) 7027M->7027M(7863M) 88.883ms
[50.408s][info][gc,cpu         ] GC(318) User=0.22s Sys=0.00s Real=0.09s
[50.498s][info][gc,start       ] GC(319) Pause Young (Allocation Failure)
[50.623s][info][gc,heap        ] GC(319) PSYoungGen: 177408K(207872K)->124928K(185344K) Eden: 88576K(88576K)->0K(60416K) From: 88832K(119296K)->124928K(124928K)
[50.623s][info][gc,heap        ] GC(319) ParOldGen: 7107589K(7844352K)->7160509K(7844352K)
[50.623s][info][gc,metaspace   ] GC(319) Metaspace: 6298K(6464K)->6298K(6464K) NonClass: 5764K(5824K)->5764K(5824K) Class: 533K(640K)->533K(640K)
[50.623s][info][gc             ] GC(319) Pause Young (Allocation Failure) 7114M->7114M(7841M) 125.078ms
[50.623s][info][gc,cpu         ] GC(319) User=0.33s Sys=0.00s Real=0.12s
[50.689s][info][gc,start       ] GC(320) Pause Young (Allocation Failure)
[50.810s][info][gc,heap        ] GC(320) PSYoungGen: 185344K(185344K)->60672K(121344K) Eden: 60416K(60416K)->0K(60416K) From: 124928K(124928K)->60672K(60928K)
[50.810s][info][gc,heap        ] GC(320) ParOldGen: 7160509K(7844352K)->7286333K(7844352K)
[50.810s][info][gc,metaspace   ] GC(320) Metaspace: 6298K(6464K)->6298K(6464K) NonClass: 5764K(5824K)->5764K(5824K) Class: 533K(640K)->533K(640K)
[50.810s][info][gc             ] GC(320) Pause Young (Allocation Failure) 7173M->7174M(7779M) 121.271ms
[50.810s][info][gc,cpu         ] GC(320) User=0.53s Sys=0.09s Real=0.12s
[50.877s][info][gc,start       ] GC(321) Pause Young (Allocation Failure)
[50.983s][info][gc,heap        ] GC(321) PSYoungGen: 121088K(121344K)->60608K(210432K) Eden: 60416K(60416K)->0K(67584K) From: 60672K(60928K)->60608K(142848K)
[50.983s][info][gc,heap        ] GC(321) ParOldGen: 7286333K(7844352K)->7347277K(7844352K)
[50.983s][info][gc,metaspace   ] GC(321) Metaspace: 6298K(6464K)->6298K(6464K) NonClass: 5764K(5824K)->5764K(5824K) Class: 533K(640K)->533K(640K)
[50.983s][info][gc             ] GC(321) Pause Young (Allocation Failure) 7233M->7234M(7866M) 106.528ms
[50.983s][info][gc,cpu         ] GC(321) User=0.23s Sys=0.03s Real=0.11s
[51.060s][info][gc,start       ] GC(322) Pause Young (Allocation Failure)
[51.158s][info][gc,heap        ] GC(322) PSYoungGen: 128192K(210432K)->67808K(216064K) Eden: 67584K(67584K)->0K(67584K) From: 60608K(142848K)->67808K(148480K)
[51.158s][info][gc,heap        ] GC(322) ParOldGen: 7347277K(7844352K)->7408221K(7844352K)
[51.159s][info][gc,metaspace   ] GC(322) Metaspace: 6298K(6464K)->6298K(6464K) NonClass: 5764K(5824K)->5764K(5824K) Class: 533K(640K)->533K(640K)
[51.159s][info][gc             ] GC(322) Pause Young (Allocation Failure) 7300M->7300M(7871M) 98.166ms
[51.159s][info][gc,cpu         ] GC(322) User=0.30s Sys=0.02s Real=0.10s
[51.228s][info][gc,start       ] GC(323) Pause Young (Allocation Failure)
[51.337s][info][gc,heap        ] GC(323) PSYoungGen: 135392K(216064K)->67808K(203776K) Eden: 67584K(67584K)->0K(75776K) From: 67808K(148480K)->67808K(128000K)
[51.337s][info][gc,heap        ] GC(323) ParOldGen: 7408221K(7844352K)->7476413K(7844352K)
[51.337s][info][gc,metaspace   ] GC(323) Metaspace: 6298K(6464K)->6298K(6464K) NonClass: 5764K(5824K)->5764K(5824K) Class: 533K(640K)->533K(640K)
[51.337s][info][gc             ] GC(323) Pause Young (Allocation Failure) 7366M->7367M(7859M) 108.957ms
[51.337s][info][gc,cpu         ] GC(323) User=0.25s Sys=0.05s Real=0.11s
[51.416s][info][gc,start       ] GC(324) Pause Young (Allocation Failure)
[51.528s][info][gc,heap        ] GC(324) PSYoungGen: 143584K(203776K)->76032K(209920K) Eden: 75776K(75776K)->0K(75776K) From: 67808K(128000K)->76032K(134144K)
[51.528s][info][gc,heap        ] GC(324) ParOldGen: 7476413K(7844352K)->7544613K(7844352K)
[51.528s][info][gc,metaspace   ] GC(324) Metaspace: 6298K(6464K)->6298K(6464K) NonClass: 5764K(5824K)->5764K(5824K) Class: 533K(640K)->533K(640K)
[51.528s][info][gc             ] GC(324) Pause Young (Allocation Failure) 7441M->7442M(7865M) 111.883ms
[51.528s][info][gc,cpu         ] GC(324) User=0.39s Sys=0.00s Real=0.11s
[51.612s][info][gc,start       ] GC(325) Pause Young (Allocation Failure)
[51.740s][info][gc,heap        ] GC(325) PSYoungGen: 151808K(209920K)->76000K(207872K) Eden: 75776K(75776K)->0K(84992K) From: 76032K(134144K)->76000K(122880K)
[51.740s][info][gc,heap        ] GC(325) ParOldGen: 7544613K(7844352K)->7621069K(7844352K)
[51.740s][info][gc,metaspace   ] GC(325) Metaspace: 6298K(6464K)->6298K(6464K) NonClass: 5764K(5824K)->5764K(5824K) Class: 533K(640K)->533K(640K)
[51.740s][info][gc             ] GC(325) Pause Young (Allocation Failure) 7516M->7516M(7863M) 128.020ms
[51.740s][info][gc,cpu         ] GC(325) User=0.44s Sys=0.00s Real=0.13s
[51.832s][info][gc,start       ] GC(326) Pause Young (Allocation Failure)
[51.946s][info][gc,heap        ] GC(326) PSYoungGen: 160992K(207872K)->85248K(211456K) Eden: 84992K(84992K)->0K(84992K) From: 76000K(122880K)->85248K(126464K)
[51.946s][info][gc,heap        ] GC(326) ParOldGen: 7621069K(7844352K)->7697525K(7844352K)
[51.946s][info][gc,metaspace   ] GC(326) Metaspace: 6298K(6464K)->6298K(6464K) NonClass: 5764K(5824K)->5764K(5824K) Class: 533K(640K)->533K(640K)
[51.946s][info][gc             ] GC(326) Pause Young (Allocation Failure) 7599M->7600M(7867M) 113.986ms
[51.946s][info][gc,cpu         ] GC(326) User=0.44s Sys=0.02s Real=0.11s
[52.047s][info][gc,start       ] GC(327) Pause Young (Allocation Failure)
[52.159s][info][gc,heap        ] GC(327) PSYoungGen: 170240K(211456K)->85248K(220160K) Eden: 84992K(84992K)->0K(95232K) From: 85248K(126464K)->85248K(124928K)
[52.159s][info][gc,heap        ] GC(327) ParOldGen: 7697525K(7844352K)->7783269K(7844352K)
[52.159s][info][gc,metaspace   ] GC(327) Metaspace: 6298K(6464K)->6298K(6464K) NonClass: 5764K(5824K)->5764K(5824K) Class: 533K(640K)->533K(640K)
[52.159s][info][gc             ] GC(327) Pause Young (Allocation Failure) 7683M->7684M(7875M) 111.806ms
[52.159s][info][gc,cpu         ] GC(327) User=0.53s Sys=0.00s Real=0.11s
[52.159s][info][gc,start       ] GC(328) Pause Full (Ergonomics)
[52.159s][info][gc,phases,start] GC(328) Marking Phase
[53.966s][info][gc,phases      ] GC(328) Marking Phase 1806.838ms
[53.966s][info][gc,phases,start] GC(328) Summary Phase
[53.966s][info][gc,phases      ] GC(328) Summary Phase 0.085ms
[53.966s][info][gc,phases,start] GC(328) Adjust Roots
[53.966s][info][gc,phases      ] GC(328) Adjust Roots 0.194ms
[53.966s][info][gc,phases,start] GC(328) Compaction Phase
[54.826s][info][gc,phases      ] GC(328) Compaction Phase 860.329ms
[54.826s][info][gc,phases,start] GC(328) Post Compact
[54.838s][info][gc,phases      ] GC(328) Post Compact 12.010ms
[54.841s][info][gc,heap        ] GC(328) PSYoungGen: 85248K(220160K)->18019K(220672K) Eden: 0K(95232K)->0K(95744K) From: 85248K(124928K)->18019K(124928K)
[54.841s][info][gc,heap        ] GC(328) ParOldGen: 7783269K(7844352K)->7843936K(8668672K)
[54.841s][info][gc,metaspace   ] GC(328) Metaspace: 6298K(6464K)->6298K(6464K) NonClass: 5764K(5824K)->5764K(5824K) Class: 533K(640K)->533K(640K)
[54.841s][info][gc             ] GC(328) Pause Full (Ergonomics) 7684M->7677M(8681M) 2682.345ms
[54.841s][info][gc,cpu         ] GC(328) User=20.00s Sys=0.05s Real=2.68s
[54.942s][info][gc,start       ] GC(329) Pause Young (Allocation Failure)
[55.341s][info][gc,heap        ] GC(329) PSYoungGen: 113763K(220672K)->96064K(221184K) Eden: 95744K(95744K)->0K(95744K) From: 18019K(124928K)->96064K(125440K)
[55.341s][info][gc,heap        ] GC(329) ParOldGen: 7843936K(8668672K)->7862160K(8668672K)
[55.341s][info][gc,metaspace   ] GC(329) Metaspace: 6298K(6464K)->6298K(6464K) NonClass: 5764K(5824K)->5764K(5824K) Class: 533K(640K)->533K(640K)
[55.341s][info][gc             ] GC(329) Pause Young (Allocation Failure) 7771M->7771M(8681M) 399.173ms
[55.341s][info][gc,cpu         ] GC(329) User=2.53s Sys=0.02s Real=0.40s
[55.436s][info][gc,start       ] GC(330) Pause Young (Allocation Failure)
[55.565s][info][gc,heap        ] GC(330) PSYoungGen: 191808K(221184K)->128512K(195584K) Eden: 95744K(95744K)->0K(67072K) From: 96064K(125440K)->128512K(128512K)
[55.565s][info][gc,heap        ] GC(330) ParOldGen: 7862160K(8668672K)->7925952K(8668672K)
[55.565s][info][gc,metaspace   ] GC(330) Metaspace: 6298K(6464K)->6298K(6464K) NonClass: 5764K(5824K)->5764K(5824K) Class: 533K(640K)->533K(640K)
[55.565s][info][gc             ] GC(330) Pause Young (Allocation Failure) 7865M->7865M(8656M) 128.794ms
[55.565s][info][gc,cpu         ] GC(330) User=0.53s Sys=0.00s Real=0.13s
[55.643s][info][gc,start       ] GC(331) Pause Young (Allocation Failure)
[55.775s][info][gc,heap        ] GC(331) PSYoungGen: 195584K(195584K)->67328K(233472K) Eden: 67072K(67072K)->0K(67072K) From: 128512K(128512K)->67328K(166400K)
[55.776s][info][gc,heap        ] GC(331) ParOldGen: 7925952K(8668672K)->8055392K(8668672K)
[55.776s][info][gc,metaspace   ] GC(331) Metaspace: 6298K(6464K)->6298K(6464K) NonClass: 5764K(5824K)->5764K(5824K) Class: 533K(640K)->533K(640K)
[55.776s][info][gc             ] GC(331) Pause Young (Allocation Failure) 7931M->7932M(8693M) 132.267ms
[55.776s][info][gc,cpu         ] GC(331) User=0.73s Sys=0.03s Real=0.13s
[55.843s][info][gc,start       ] GC(332) Pause Young (Allocation Failure)
[55.949s][info][gc,heap        ] GC(332) PSYoungGen: 134400K(233472K)->67328K(228864K) Eden: 67072K(67072K)->0K(74752K) From: 67328K(166400K)->67328K(154112K)
[55.949s][info][gc,heap        ] GC(332) ParOldGen: 8055392K(8668672K)->8123072K(8668672K)
[55.949s][info][gc,metaspace   ] GC(332) Metaspace: 6298K(6464K)->6298K(6464K) NonClass: 5764K(5824K)->5764K(5824K) Class: 533K(640K)->533K(640K)
[55.949s][info][gc             ] GC(332) Pause Young (Allocation Failure) 7997M->7998M(8689M) 105.986ms
[55.949s][info][gc,cpu         ] GC(332) User=0.42s Sys=0.03s Real=0.11s
[56.027s][info][gc,start       ] GC(333) Pause Young (Allocation Failure)
[56.136s][info][gc,heap        ] GC(333) PSYoungGen: 142080K(228864K)->75008K(232448K) Eden: 74752K(74752K)->0K(74752K) From: 67328K(154112K)->75008K(157696K)
[56.136s][info][gc,heap        ] GC(333) ParOldGen: 8123072K(8668672K)->8190760K(8668672K)
[56.136s][info][gc,metaspace   ] GC(333) Metaspace: 6298K(6464K)->6298K(6464K) NonClass: 5764K(5824K)->5764K(5824K) Class: 533K(640K)->533K(640K)
[56.136s][info][gc             ] GC(333) Pause Young (Allocation Failure) 8071M->8072M(8692M) 109.668ms
[56.136s][info][gc,cpu         ] GC(333) User=0.39s Sys=0.03s Real=0.11s
[56.225s][info][gc,start       ] GC(334) Pause Young (Allocation Failure)
[56.341s][info][gc,heap        ] GC(334) PSYoungGen: 149760K(232448K)->74976K(223744K) Eden: 74752K(74752K)->0K(83456K) From: 75008K(157696K)->74976K(140288K)
[56.341s][info][gc,heap        ] GC(334) ParOldGen: 8190760K(8668672K)->8266192K(8668672K)
[56.341s][info][gc,metaspace   ] GC(334) Metaspace: 6298K(6464K)->6298K(6464K) NonClass: 5764K(5824K)->5764K(5824K) Class: 533K(640K)->533K(640K)
[56.341s][info][gc             ] GC(334) Pause Young (Allocation Failure) 8145M->8145M(8684M) 115.688ms
[56.341s][info][gc,cpu         ] GC(334) User=0.47s Sys=0.00s Real=0.12s
[56.424s][info][gc,start       ] GC(335) Pause Young (Allocation Failure)
[56.539s][info][gc,heap        ] GC(335) PSYoungGen: 158432K(223744K)->83744K(229376K) Eden: 83456K(83456K)->0K(83456K) From: 74976K(140288K)->83744K(145920K)
[56.539s][info][gc,heap        ] GC(335) ParOldGen: 8266192K(8668672K)->8341608K(8668672K)
[56.539s][info][gc,metaspace   ] GC(335) Metaspace: 6298K(6464K)->6298K(6464K) NonClass: 5764K(5824K)->5764K(5824K) Class: 533K(640K)->533K(640K)
[56.539s][info][gc             ] GC(335) Pause Young (Allocation Failure) 8227M->8227M(8689M) 115.205ms
[56.539s][info][gc,cpu         ] GC(335) User=0.42s Sys=0.02s Real=0.12s
[56.626s][info][gc,start       ] GC(336) Pause Young (Allocation Failure)
[56.748s][info][gc,heap        ] GC(336) PSYoungGen: 167200K(229376K)->83712K(223232K) Eden: 83456K(83456K)->0K(93184K) From: 83744K(145920K)->83712K(130048K)
[56.748s][info][gc,heap        ] GC(336) ParOldGen: 8341608K(8668672K)->8425816K(8668672K)
[56.748s][info][gc,metaspace   ] GC(336) Metaspace: 6298K(6464K)->6298K(6464K) NonClass: 5764K(5824K)->5764K(5824K) Class: 533K(640K)->533K(640K)
[56.748s][info][gc             ] GC(336) Pause Young (Allocation Failure) 8309M->8310M(8683M) 121.880ms
[56.748s][info][gc,cpu         ] GC(336) User=0.52s Sys=0.03s Real=0.12s
[56.849s][info][gc,start       ] GC(337) Pause Young (Allocation Failure)
[56.974s][info][gc,heap        ] GC(337) PSYoungGen: 176896K(223232K)->93440K(228352K) Eden: 93184K(93184K)->0K(93184K) From: 83712K(130048K)->93440K(135168K)
[56.974s][info][gc,heap        ] GC(337) ParOldGen: 8425816K(8668672K)->8510024K(8668672K)
[56.974s][info][gc,metaspace   ] GC(337) Metaspace: 6298K(6464K)->6298K(6464K) NonClass: 5764K(5824K)->5764K(5824K) Class: 533K(640K)->533K(640K)
[56.974s][info][gc             ] GC(337) Pause Young (Allocation Failure) 8401M->8401M(8688M) 124.894ms
[56.974s][info][gc,cpu         ] GC(337) User=0.50s Sys=0.05s Real=0.12s
[57.071s][info][gc,start       ] GC(338) Pause Young (Allocation Failure)
[57.201s][info][gc,heap        ] GC(338) PSYoungGen: 186624K(228352K)->93472K(235008K) Eden: 93184K(93184K)->0K(103936K) From: 93440K(135168K)->93472K(131072K)
[57.201s][info][gc,heap        ] GC(338) ParOldGen: 8510024K(8668672K)->8604056K(8668672K)
[57.201s][info][gc,metaspace   ] GC(338) Metaspace: 6298K(6464K)->6298K(6464K) NonClass: 5764K(5824K)->5764K(5824K) Class: 533K(640K)->533K(640K)
[57.201s][info][gc             ] GC(338) Pause Young (Allocation Failure) 8492M->8493M(8695M) 129.578ms
[57.201s][info][gc,cpu         ] GC(338) User=0.61s Sys=0.03s Real=0.13s
[57.201s][info][gc,start       ] GC(339) Pause Full (Ergonomics)
[57.201s][info][gc,phases,start] GC(339) Marking Phase
[59.167s][info][gc,phases      ] GC(339) Marking Phase 1966.132ms
[59.167s][info][gc,phases,start] GC(339) Summary Phase
[59.167s][info][gc,phases      ] GC(339) Summary Phase 0.100ms
[59.167s][info][gc,phases,start] GC(339) Adjust Roots
[59.167s][info][gc,phases      ] GC(339) Adjust Roots 0.191ms
[59.167s][info][gc,phases,start] GC(339) Compaction Phase
[59.987s][info][gc,phases      ] GC(339) Compaction Phase 819.996ms
[59.987s][info][gc,phases,start] GC(339) Post Compact
[60.000s][info][gc,phases      ] GC(339) Post Compact 12.549ms
[60.003s][info][gc,heap        ] GC(339) PSYoungGen: 93472K(235008K)->21624K(236544K) Eden: 0K(103936K)->0K(105472K) From: 93472K(131072K)->21624K(131072K)
[60.003s][info][gc,heap        ] GC(339) ParOldGen: 8604056K(8668672K)->8668440K(9576960K)
[60.003s][info][gc,metaspace   ] GC(339) Metaspace: 6298K(6464K)->6298K(6464K) NonClass: 5764K(5824K)->5764K(5824K) Class: 533K(640K)->533K(640K)
[60.003s][info][gc             ] GC(339) Pause Full (Ergonomics) 8493M->8486M(9583M) 2802.079ms
[60.003s][info][gc,cpu         ] GC(339) User=20.50s Sys=0.03s Real=2.80s
[60.122s][info][gc,start       ] GC(340) Pause Young (Allocation Failure)
[60.574s][info][gc,heap        ] GC(340) PSYoungGen: 127096K(236544K)->105824K(238080K) Eden: 105472K(105472K)->0K(105472K) From: 21624K(131072K)->105824K(132608K)
[60.574s][info][gc,heap        ] GC(340) ParOldGen: 8668440K(9576960K)->8690304K(9576960K)
[60.574s][info][gc,metaspace   ] GC(340) Metaspace: 6298K(6464K)->6298K(6464K) NonClass: 5764K(5824K)->5764K(5824K) Class: 533K(640K)->533K(640K)
[60.574s][info][gc             ] GC(340) Pause Young (Allocation Failure) 8589M->8589M(9585M) 452.100ms
[60.575s][info][gc,cpu         ] GC(340) User=3.19s Sys=0.00s Real=0.45s
[60.684s][info][gc,start       ] GC(341) Pause Young (Allocation Failure)
[60.817s][info][gc,heap        ] GC(341) PSYoungGen: 211296K(238080K)->135680K(209920K) Eden: 105472K(105472K)->0K(74240K) From: 105824K(132608K)->135680K(135680K)
[60.818s][info][gc,heap        ] GC(341) ParOldGen: 8690304K(9576960K)->8766496K(9576960K)
[60.818s][info][gc,metaspace   ] GC(341) Metaspace: 6298K(6464K)->6298K(6464K) NonClass: 5764K(5824K)->5764K(5824K) Class: 533K(640K)->533K(640K)
[60.818s][info][gc             ] GC(341) Pause Young (Allocation Failure) 8692M->8693M(9557M) 133.211ms
[60.818s][info][gc,cpu         ] GC(341) User=0.70s Sys=0.00s Real=0.13s
[60.902s][info][gc,start       ] GC(342) Pause Young (Allocation Failure)
[61.045s][info][gc,heap        ] GC(342) PSYoungGen: 209920K(209920K)->74464K(251392K) Eden: 74240K(74240K)->0K(74240K) From: 135680K(135680K)->74464K(177152K)
[61.045s][info][gc,heap        ] GC(342) ParOldGen: 8766496K(9576960K)->8903160K(9576960K)
[61.046s][info][gc,metaspace   ] GC(342) Metaspace: 6298K(6464K)->6298K(6464K) NonClass: 5764K(5824K)->5764K(5824K) Class: 533K(640K)->533K(640K)
[61.046s][info][gc             ] GC(342) Pause Young (Allocation Failure) 8766M->8767M(9598M) 143.911ms
[61.046s][info][gc,cpu         ] GC(342) User=0.70s Sys=0.09s Real=0.14s
[61.128s][info][gc,start       ] GC(343) Pause Young (Allocation Failure)
[61.241s][info][gc,heap        ] GC(343) PSYoungGen: 148704K(251392K)->74464K(248320K) Eden: 74240K(74240K)->0K(82432K) From: 74464K(177152K)->74464K(165888K)
[61.242s][info][gc,heap        ] GC(343) ParOldGen: 8903160K(9576960K)->8978080K(9576960K)
[61.242s][info][gc,metaspace   ] GC(343) Metaspace: 6298K(6464K)->6298K(6464K) NonClass: 5764K(5824K)->5764K(5824K) Class: 533K(640K)->533K(640K)
[61.242s][info][gc             ] GC(343) Pause Young (Allocation Failure) 8839M->8840M(9595M) 114.022ms
[61.242s][info][gc,cpu         ] GC(343) User=0.38s Sys=0.05s Real=0.11s
[61.328s][info][gc,start       ] GC(344) Pause Young (Allocation Failure)
[61.446s][info][gc,heap        ] GC(344) PSYoungGen: 156896K(248320K)->82720K(251904K) Eden: 82432K(82432K)->0K(82432K) From: 74464K(165888K)->82720K(169472K)
[61.446s][info][gc,heap        ] GC(344) ParOldGen: 8978080K(9576960K)->9052992K(9576960K)
[61.446s][info][gc,metaspace   ] GC(344) Metaspace: 6298K(6464K)->6298K(6464K) NonClass: 5764K(5824K)->5764K(5824K) Class: 533K(640K)->533K(640K)
[61.446s][info][gc             ] GC(344) Pause Young (Allocation Failure) 8920M->8921M(9598M) 118.070ms
[61.446s][info][gc,cpu         ] GC(344) User=0.55s Sys=0.11s Real=0.12s
[61.549s][info][gc,start       ] GC(345) Pause Young (Allocation Failure)
[61.684s][info][gc,heap        ] GC(345) PSYoungGen: 165152K(251904K)->82688K(245760K) Eden: 82432K(82432K)->0K(92160K) From: 82720K(169472K)->82688K(153600K)
[61.684s][info][gc,heap        ] GC(345) ParOldGen: 9052992K(9576960K)->9136160K(9576960K)
[61.684s][info][gc,metaspace   ] GC(345) Metaspace: 6298K(6464K)->6298K(6464K) NonClass: 5764K(5824K)->5764K(5824K) Class: 533K(640K)->533K(640K)
[61.684s][info][gc             ] GC(345) Pause Young (Allocation Failure) 9002M->9002M(9592M) 134.589ms
[61.684s][info][gc,cpu         ] GC(345) User=0.44s Sys=0.05s Real=0.13s
[61.790s][info][gc,start       ] GC(346) Pause Young (Allocation Failure)
[61.917s][info][gc,heap        ] GC(346) PSYoungGen: 174848K(245760K)->92448K(250880K) Eden: 92160K(92160K)->0K(92160K) From: 82688K(153600K)->92448K(158720K)
[61.917s][info][gc,heap        ] GC(346) ParOldGen: 9136160K(9576960K)->9219336K(9576960K)
[61.917s][info][gc,metaspace   ] GC(346) Metaspace: 6298K(6464K)->6298K(6464K) NonClass: 5764K(5824K)->5764K(5824K) Class: 533K(640K)->533K(640K)
[61.917s][info][gc             ] GC(346) Pause Young (Allocation Failure) 9092M->9093M(9597M) 127.586ms
[61.917s][info][gc,cpu         ] GC(346) User=0.55s Sys=0.02s Real=0.13s
[62.014s][info][gc,start       ] GC(347) Pause Young (Allocation Failure)
[62.144s][info][gc,heap        ] GC(347) PSYoungGen: 184608K(250880K)->92448K(242688K) Eden: 92160K(92160K)->0K(102400K) From: 92448K(158720K)->92448K(140288K)
[62.144s][info][gc,heap        ] GC(347) ParOldGen: 9219336K(9576960K)->9312320K(9576960K)
[62.144s][info][gc,metaspace   ] GC(347) Metaspace: 6298K(6464K)->6298K(6464K) NonClass: 5764K(5824K)->5764K(5824K) Class: 533K(640K)->533K(640K)
[62.144s][info][gc             ] GC(347) Pause Young (Allocation Failure) 9183M->9184M(9589M) 129.209ms
[62.144s][info][gc,cpu         ] GC(347) User=0.58s Sys=0.05s Real=0.13s
[62.257s][info][gc,start       ] GC(348) Pause Young (Allocation Failure)
[62.390s][info][gc,heap        ] GC(348) PSYoungGen: 194848K(242688K)->102720K(248832K) Eden: 102400K(102400K)->0K(102400K) From: 92448K(140288K)->102720K(146432K)
[62.390s][info][gc,heap        ] GC(348) ParOldGen: 9312320K(9576960K)->9405320K(9576960K)
[62.390s][info][gc,metaspace   ] GC(348) Metaspace: 6298K(6464K)->6298K(6464K) NonClass: 5764K(5824K)->5764K(5824K) Class: 533K(640K)->533K(640K)
[62.390s][info][gc             ] GC(348) Pause Young (Allocation Failure) 9284M->9285M(9595M) 133.170ms
[62.390s][info][gc,cpu         ] GC(348) User=0.64s Sys=0.02s Real=0.13s
[62.503s][info][gc,start       ] GC(349) Pause Young (Allocation Failure)
[62.656s][info][gc,heap        ] GC(349) PSYoungGen: 205120K(248832K)->102720K(256512K) Eden: 102400K(102400K)->0K(114176K) From: 102720K(146432K)->102720K(142336K)
[62.656s][info][gc,heap        ] GC(349) ParOldGen: 9405320K(9576960K)->9508608K(9576960K)
[62.656s][info][gc,metaspace   ] GC(349) Metaspace: 6298K(6464K)->6298K(6464K) NonClass: 5764K(5824K)->5764K(5824K) Class: 533K(640K)->533K(640K)
[62.656s][info][gc             ] GC(349) Pause Young (Allocation Failure) 9385M->9386M(9603M) 153.040ms
[62.656s][info][gc,cpu         ] GC(349) User=0.50s Sys=0.03s Real=0.15s
[62.656s][info][gc,start       ] GC(350) Pause Full (Ergonomics)
[62.656s][info][gc,phases,start] GC(350) Marking Phase
[64.955s][info][gc,phases      ] GC(350) Marking Phase 2298.811ms
[64.955s][info][gc,phases,start] GC(350) Summary Phase
[64.955s][info][gc,phases      ] GC(350) Summary Phase 0.096ms
[64.955s][info][gc,phases,start] GC(350) Adjust Roots
[64.955s][info][gc,phases      ] GC(350) Adjust Roots 0.184ms
[64.955s][info][gc,phases,start] GC(350) Compaction Phase
[65.839s][info][gc,phases      ] GC(350) Compaction Phase 883.191ms
[65.839s][info][gc,phases,start] GC(350) Post Compact
[65.853s][info][gc,phases      ] GC(350) Post Compact 14.539ms
[65.856s][info][gc,heap        ] GC(350) PSYoungGen: 102720K(256512K)->26229K(257536K) Eden: 0K(114176K)->0K(115200K) From: 102720K(142336K)->26229K(142336K)
[65.856s][info][gc,heap        ] GC(350) ParOldGen: 9508608K(9576960K)->9576923K(10578944K)
[65.856s][info][gc,metaspace   ] GC(350) Metaspace: 6298K(6464K)->6298K(6464K) NonClass: 5764K(5824K)->5764K(5824K) Class: 533K(640K)->533K(640K)
[65.856s][info][gc             ] GC(350) Pause Full (Ergonomics) 9386M->9378M(10582M) 3200.209ms
[65.856s][info][gc,cpu         ] GC(350) User=23.34s Sys=0.06s Real=3.20s
[65.987s][info][gc,start       ] GC(351) Pause Young (Allocation Failure)
[66.517s][info][gc,heap        ] GC(351) PSYoungGen: 141429K(257536K)->115520K(258560K) Eden: 115200K(115200K)->0K(115200K) From: 26229K(142336K)->115520K(143360K)
[66.517s][info][gc,heap        ] GC(351) ParOldGen: 9576923K(10578944K)->9603443K(10578944K)
[66.517s][info][gc,metaspace   ] GC(351) Metaspace: 6298K(6464K)->6298K(6464K) NonClass: 5764K(5824K)->5764K(5824K) Class: 533K(640K)->533K(640K)
[66.517s][info][gc             ] GC(351) Pause Young (Allocation Failure) 9490M->9491M(10583M) 530.496ms
[66.517s][info][gc,cpu         ] GC(351) User=3.33s Sys=0.03s Real=0.53s
[66.629s][info][gc,start       ] GC(352) Pause Young (Allocation Failure)
[66.775s][info][gc,heap        ] GC(352) PSYoungGen: 230720K(258560K)->146432K(227328K) Eden: 115200K(115200K)->0K(80896K) From: 115520K(143360K)->146432K(146432K)
[66.775s][info][gc,heap        ] GC(352) ParOldGen: 9603443K(10578944K)->9688443K(10578944K)
[66.775s][info][gc,metaspace   ] GC(352) Metaspace: 6298K(6464K)->6298K(6464K) NonClass: 5764K(5824K)->5764K(5824K) Class: 533K(640K)->533K(640K)
[66.775s][info][gc             ] GC(352) Pause Young (Allocation Failure) 9603M->9604M(10553M) 145.994ms
[66.776s][info][gc,cpu         ] GC(352) User=0.88s Sys=0.09s Real=0.15s
[66.864s][info][gc,start       ] GC(353) Pause Young (Allocation Failure)
[67.023s][info][gc,heap        ] GC(353) PSYoungGen: 227328K(227328K)->81120K(272384K) Eden: 80896K(80896K)->0K(80896K) From: 146432K(146432K)->81120K(191488K)
[67.023s][info][gc,heap        ] GC(353) ParOldGen: 9688443K(10578944K)->9835923K(10578944K)
[67.023s][info][gc,metaspace   ] GC(353) Metaspace: 6298K(6464K)->6298K(6464K) NonClass: 5764K(5824K)->5764K(5824K) Class: 533K(640K)->533K(640K)
[67.023s][info][gc             ] GC(353) Pause Young (Allocation Failure) 9683M->9684M(10597M) 159.124ms
[67.023s][info][gc,cpu         ] GC(353) User=0.78s Sys=0.14s Real=0.16s
[67.111s][info][gc,start       ] GC(354) Pause Young (Allocation Failure)
[67.232s][info][gc,heap        ] GC(354) PSYoungGen: 162016K(272384K)->81152K(271360K) Eden: 80896K(80896K)->0K(90112K) From: 81120K(191488K)->81152K(181248K)
[67.232s][info][gc,heap        ] GC(354) ParOldGen: 9835923K(10578944K)->9917539K(10578944K)
[67.232s][info][gc,metaspace   ] GC(354) Metaspace: 6298K(6464K)->6298K(6464K) NonClass: 5764K(5824K)->5764K(5824K) Class: 533K(640K)->533K(640K)
[67.232s][info][gc             ] GC(354) Pause Young (Allocation Failure) 9763M->9764M(10596M) 121.712ms
[67.233s][info][gc,cpu         ] GC(354) User=0.47s Sys=0.08s Real=0.12s
[67.334s][info][gc,start       ] GC(355) Pause Young (Allocation Failure)
[67.459s][info][gc,heap        ] GC(355) PSYoungGen: 171264K(271360K)->90368K(274432K) Eden: 90112K(90112K)->0K(90112K) From: 81152K(181248K)->90368K(184320K)
[67.459s][info][gc,heap        ] GC(355) ParOldGen: 9917539K(10578944K)->9999171K(10578944K)
[67.459s][info][gc,metaspace   ] GC(355) Metaspace: 6298K(6464K)->6298K(6464K) NonClass: 5764K(5824K)->5764K(5824K) Class: 533K(640K)->533K(640K)
[67.459s][info][gc             ] GC(355) Pause Young (Allocation Failure) 9852M->9853M(10599M) 125.106ms
[67.459s][info][gc,cpu         ] GC(355) User=0.62s Sys=0.05s Real=0.12s
[67.562s][info][gc,start       ] GC(356) Pause Young (Allocation Failure)
[67.698s][info][gc,heap        ] GC(356) PSYoungGen: 180480K(274432K)->90400K(268800K) Eden: 90112K(90112K)->0K(100352K) From: 90368K(184320K)->90400K(168448K)
[67.698s][info][gc,heap        ] GC(356) ParOldGen: 9999171K(10578944K)->10090083K(10578944K)
[67.698s][info][gc,metaspace   ] GC(356) Metaspace: 6298K(6464K)->6298K(6464K) NonClass: 5764K(5824K)->5764K(5824K) Class: 533K(640K)->533K(640K)
[67.698s][info][gc             ] GC(356) Pause Young (Allocation Failure) 9941M->9941M(10593M) 135.658ms
[67.698s][info][gc,cpu         ] GC(356) User=0.73s Sys=0.05s Real=0.14s
[67.802s][info][gc,start       ] GC(357) Pause Young (Allocation Failure)
[67.936s][info][gc,heap        ] GC(357) PSYoungGen: 190752K(268800K)->100704K(273920K) Eden: 100352K(100352K)->0K(100352K) From: 90400K(168448K)->100704K(173568K)
[67.936s][info][gc,heap        ] GC(357) ParOldGen: 10090083K(10578944K)->10181003K(10578944K)
[67.936s][info][gc,metaspace   ] GC(357) Metaspace: 6298K(6464K)->6298K(6464K) NonClass: 5764K(5824K)->5764K(5824K) Class: 533K(640K)->533K(640K)
[67.936s][info][gc             ] GC(357) Pause Young (Allocation Failure) 10039M->10040M(10598M) 134.243ms
[67.936s][info][gc,cpu         ] GC(357) User=0.69s Sys=0.00s Real=0.13s
[68.055s][info][gc,start       ] GC(358) Pause Young (Allocation Failure)
[68.193s][info][gc,heap        ] GC(358) PSYoungGen: 201056K(273920K)->100672K(265216K) Eden: 100352K(100352K)->0K(111616K) From: 100704K(173568K)->100672K(153600K)
[68.193s][info][gc,heap        ] GC(358) ParOldGen: 10181003K(10578944K)->10282259K(10578944K)
[68.193s][info][gc,metaspace   ] GC(358) Metaspace: 6298K(6464K)->6298K(6464K) NonClass: 5764K(5824K)->5764K(5824K) Class: 533K(640K)->533K(640K)
[68.193s][info][gc             ] GC(358) Pause Young (Allocation Failure) 10138M->10139M(10590M) 138.262ms
[68.193s][info][gc,cpu         ] GC(358) User=0.72s Sys=0.06s Real=0.14s
[68.308s][info][gc,start       ] GC(359) Pause Young (Allocation Failure)
[68.457s][info][gc,heap        ] GC(359) PSYoungGen: 212288K(265216K)->111936K(271872K) Eden: 111616K(111616K)->0K(111616K) From: 100672K(153600K)->111936K(160256K)
[68.457s][info][gc,heap        ] GC(359) ParOldGen: 10282259K(10578944K)->10383515K(10578944K)
[68.457s][info][gc,metaspace   ] GC(359) Metaspace: 6298K(6464K)->6298K(6464K) NonClass: 5764K(5824K)->5764K(5824K) Class: 533K(640K)->533K(640K)
[68.457s][info][gc             ] GC(359) Pause Young (Allocation Failure) 10248M->10249M(10596M) 148.827ms
[68.457s][info][gc,cpu         ] GC(359) User=0.78s Sys=0.05s Real=0.15s
[68.584s][info][gc,start       ] GC(360) Pause Young (Allocation Failure)
[68.739s][info][gc,heap        ] GC(360) PSYoungGen: 223552K(271872K)->111936K(278528K) Eden: 111616K(111616K)->0K(124416K) From: 111936K(160256K)->111936K(154112K)
[68.739s][info][gc,heap        ] GC(360) ParOldGen: 10383515K(10578944K)->10496123K(10578944K)
[68.739s][info][gc,metaspace   ] GC(360) Metaspace: 6298K(6464K)->6298K(6464K) NonClass: 5764K(5824K)->5764K(5824K) Class: 533K(640K)->533K(640K)
[68.739s][info][gc             ] GC(360) Pause Young (Allocation Failure) 10358M->10359M(10603M) 155.242ms
[68.739s][info][gc,cpu         ] GC(360) User=0.78s Sys=0.11s Real=0.15s
[68.739s][info][gc,start       ] GC(361) Pause Full (Ergonomics)
[68.739s][info][gc,phases,start] GC(361) Marking Phase
[71.391s][info][gc,phases      ] GC(361) Marking Phase 2651.756ms
[71.391s][info][gc,phases,start] GC(361) Summary Phase
[71.391s][info][gc,phases      ] GC(361) Summary Phase 0.111ms
[71.391s][info][gc,phases,start] GC(361) Adjust Roots
[71.391s][info][gc,phases      ] GC(361) Adjust Roots 0.195ms
[71.391s][info][gc,phases,start] GC(361) Compaction Phase
[72.455s][info][gc,phases      ] GC(361) Compaction Phase 1063.940ms
[72.455s][info][gc,phases,start] GC(361) Post Compact
[72.473s][info][gc,phases      ] GC(361) Post Compact 17.082ms
[72.474s][info][gc,heap        ] GC(361) PSYoungGen: 111936K(278528K)->20629K(280576K) Eden: 0K(124416K)->0K(126464K) From: 111936K(154112K)->20629K(154112K)
[72.474s][info][gc,heap        ] GC(361) ParOldGen: 10496123K(10578944K)->10578566K(10923008K)
[72.474s][info][gc,metaspace   ] GC(361) Metaspace: 6298K(6464K)->6298K(6464K) NonClass: 5764K(5824K)->5764K(5824K) Class: 533K(640K)->533K(640K)
[72.474s][info][gc             ] GC(361) Pause Full (Ergonomics) 10359M->10350M(10941M) 3734.547ms
[72.474s][info][gc,cpu         ] GC(361) User=25.16s Sys=0.02s Real=3.73s
[72.610s][info][gc,start       ] GC(362) Pause Young (Allocation Failure)
[73.203s][info][gc,heap        ] GC(362) PSYoungGen: 147093K(280576K)->126848K(282624K) Eden: 126464K(126464K)->0K(126464K) From: 20629K(154112K)->126848K(156160K)
[73.203s][info][gc,heap        ] GC(362) ParOldGen: 10578566K(10923008K)->10599414K(10923008K)
[73.203s][info][gc,metaspace   ] GC(362) Metaspace: 6298K(6464K)->6298K(6464K) NonClass: 5764K(5824K)->5764K(5824K) Class: 533K(640K)->533K(640K)
[73.203s][info][gc             ] GC(362) Pause Young (Allocation Failure) 10474M->10474M(10943M) 592.727ms
[73.203s][info][gc,cpu         ] GC(362) User=3.58s Sys=0.02s Real=0.59s
[73.353s][info][gc,start       ] GC(363) Pause Young (Allocation Failure)
[73.541s][info][gc,heap        ] GC(363) PSYoungGen: 253312K(282624K)->159232K(247808K) Eden: 126464K(126464K)->0K(88576K) From: 126848K(156160K)->159232K(159232K)
[73.541s][info][gc,heap        ] GC(363) ParOldGen: 10599414K(10923008K)->10694254K(10923008K)
[73.541s][info][gc,metaspace   ] GC(363) Metaspace: 6298K(6464K)->6298K(6464K) NonClass: 5764K(5824K)->5764K(5824K) Class: 533K(640K)->533K(640K)
[73.541s][info][gc             ] GC(363) Pause Young (Allocation Failure) 10598M->10599M(10909M) 187.486ms
[73.541s][info][gc,cpu         ] GC(363) User=1.02s Sys=0.02s Real=0.19s
[73.651s][info][gc,start       ] GC(364) Pause Young (Allocation Failure)
[73.827s][info][gc,heap        ] GC(364) PSYoungGen: 247808K(247808K)->88864K(297472K) Eden: 88576K(88576K)->0K(88576K) From: 159232K(159232K)->88864K(208896K)
[73.827s][info][gc,heap        ] GC(364) ParOldGen: 10694254K(10923008K)->10854630K(10923008K)
[73.827s][info][gc,metaspace   ] GC(364) Metaspace: 6298K(6464K)->6298K(6464K) NonClass: 5764K(5824K)->5764K(5824K) Class: 533K(640K)->533K(640K)
[73.827s][info][gc             ] GC(364) Pause Young (Allocation Failure) 10685M->10687M(10957M) 176.293ms
[73.827s][info][gc,cpu         ] GC(364) User=0.84s Sys=0.08s Real=0.18s
[73.827s][info][gc,start       ] GC(365) Pause Full (Ergonomics)
[73.827s][info][gc,phases,start] GC(365) Marking Phase
[76.375s][info][gc,phases      ] GC(365) Marking Phase 2547.853ms
[76.375s][info][gc,phases,start] GC(365) Summary Phase
[76.375s][info][gc,phases      ] GC(365) Summary Phase 0.103ms
[76.375s][info][gc,phases,start] GC(365) Adjust Roots
[76.375s][info][gc,phases      ] GC(365) Adjust Roots 0.162ms
[76.375s][info][gc,phases,start] GC(365) Compaction Phase
[77.221s][info][gc,phases      ] GC(365) Compaction Phase 845.617ms
[77.221s][info][gc,phases,start] GC(365) Post Compact
[77.239s][info][gc,phases      ] GC(365) Post Compact 18.371ms
[77.239s][info][gc,heap        ] GC(365) PSYoungGen: 88864K(297472K)->18026K(297472K) Eden: 0K(88576K)->0K(88576K) From: 88864K(208896K)->18026K(208896K)
[77.239s][info][gc,heap        ] GC(365) ParOldGen: 10854630K(10923008K)->10922582K(10923008K)
[77.239s][info][gc,metaspace   ] GC(365) Metaspace: 6298K(6464K)->6298K(6464K) NonClass: 5764K(5824K)->5764K(5824K) Class: 533K(640K)->533K(640K)
[77.239s][info][gc             ] GC(365) Pause Full (Ergonomics) 10687M->10684M(10957M) 3412.416ms
[77.239s][info][gc,cpu         ] GC(365) User=25.61s Sys=0.03s Real=3.41s
[77.344s][info][gc,start       ] GC(366) Pause Full (Ergonomics)
[77.344s][info][gc,phases,start] GC(366) Marking Phase
[79.890s][info][gc,phases      ] GC(366) Marking Phase 2545.854ms
[79.890s][info][gc,phases,start] GC(366) Summary Phase
[79.890s][info][gc,phases      ] GC(366) Summary Phase 0.100ms
[79.890s][info][gc,phases,start] GC(366) Adjust Roots
[79.890s][info][gc,phases      ] GC(366) Adjust Roots 0.200ms
[79.890s][info][gc,phases,start] GC(366) Compaction Phase
[80.635s][info][gc,phases      ] GC(366) Compaction Phase 744.599ms
[80.635s][info][gc,phases,start] GC(366) Post Compact
[80.648s][info][gc,phases      ] GC(366) Post Compact 13.318ms
[80.648s][info][gc,heap        ] GC(366) PSYoungGen: 106602K(297472K)->106573K(297472K) Eden: 88576K(88576K)->88546K(88576K) From: 18026K(208896K)->18026K(208896K)
[80.648s][info][gc,heap        ] GC(366) ParOldGen: 10922582K(10923008K)->10922582K(10923008K)
[80.648s][info][gc,metaspace   ] GC(366) Metaspace: 6298K(6464K)->6298K(6464K) NonClass: 5764K(5824K)->5764K(5824K) Class: 533K(640K)->533K(640K)
[80.648s][info][gc             ] GC(366) Pause Full (Ergonomics) 10770M->10770M(10957M) 3304.440ms
[80.648s][info][gc,cpu         ] GC(366) User=25.22s Sys=0.00s Real=3.31s
[80.649s][info][gc,start       ] GC(367) Pause Full (Ergonomics)
[80.649s][info][gc,phases,start] GC(367) Marking Phase
[83.168s][info][gc,phases      ] GC(367) Marking Phase 2519.446ms
[83.168s][info][gc,phases,start] GC(367) Summary Phase
[83.168s][info][gc,phases      ] GC(367) Summary Phase 0.153ms
[83.168s][info][gc,phases,start] GC(367) Adjust Roots
[83.169s][info][gc,phases      ] GC(367) Adjust Roots 0.254ms
[83.169s][info][gc,phases,start] GC(367) Compaction Phase
[83.926s][info][gc,phases      ] GC(367) Compaction Phase 757.393ms
[83.926s][info][gc,phases,start] GC(367) Post Compact
[83.943s][info][gc,phases      ] GC(367) Post Compact 16.573ms
[83.943s][info][gc,heap        ] GC(367) PSYoungGen: 106602K(297472K)->106602K(297472K) Eden: 88576K(88576K)->88575K(88576K) From: 18026K(208896K)->18026K(208896K)
[83.943s][info][gc,heap        ] GC(367) ParOldGen: 10922582K(10923008K)->10922582K(10923008K)
[83.943s][info][gc,metaspace   ] GC(367) Metaspace: 6298K(6464K)->6298K(6464K) NonClass: 5764K(5824K)->5764K(5824K) Class: 533K(640K)->533K(640K)
[83.943s][info][gc             ] GC(367) Pause Full (Ergonomics) 10770M->10770M(10957M) 3294.143ms
[83.943s][info][gc,cpu         ] GC(367) User=25.31s Sys=0.00s Real=3.29s
[83.943s][info][gc,start       ] GC(368) Pause Full (Ergonomics)
[83.943s][info][gc,phases,start] GC(368) Marking Phase
[86.458s][info][gc,phases      ] GC(368) Marking Phase 2515.143ms
[86.458s][info][gc,phases,start] GC(368) Summary Phase
[86.458s][info][gc,phases      ] GC(368) Summary Phase 0.128ms
[86.458s][info][gc,phases,start] GC(368) Adjust Roots
[86.459s][info][gc,phases      ] GC(368) Adjust Roots 0.206ms
[86.459s][info][gc,phases,start] GC(368) Compaction Phase
[87.205s][info][gc,phases      ] GC(368) Compaction Phase 745.982ms
[87.205s][info][gc,phases,start] GC(368) Post Compact
[87.220s][info][gc,phases      ] GC(368) Post Compact 15.039ms
[87.220s][info][gc,heap        ] GC(368) PSYoungGen: 106602K(297472K)->106602K(297472K) Eden: 88575K(88576K)->88575K(88576K) From: 18026K(208896K)->18026K(208896K)
[87.220s][info][gc,heap        ] GC(368) ParOldGen: 10922582K(10923008K)->10922582K(10923008K)
[87.220s][info][gc,metaspace   ] GC(368) Metaspace: 6298K(6464K)->6298K(6464K) NonClass: 5764K(5824K)->5764K(5824K) Class: 533K(640K)->533K(640K)
[87.220s][info][gc             ] GC(368) Pause Full (Ergonomics) 10770M->10770M(10957M) 3276.824ms
[87.220s][info][gc,cpu         ] GC(368) User=25.42s Sys=0.02s Real=3.28s
[87.220s][info][gc,start       ] GC(369) Pause Full (Ergonomics)
[87.220s][info][gc,phases,start] GC(369) Marking Phase
[89.762s][info][gc,phases      ] GC(369) Marking Phase 2542.437ms
[89.763s][info][gc,phases,start] GC(369) Summary Phase
[89.763s][info][gc,phases      ] GC(369) Summary Phase 0.113ms
[89.763s][info][gc,phases,start] GC(369) Adjust Roots
[89.763s][info][gc,phases      ] GC(369) Adjust Roots 0.200ms
[89.763s][info][gc,phases,start] GC(369) Compaction Phase
[90.493s][info][gc,phases      ] GC(369) Compaction Phase 730.046ms
[90.493s][info][gc,phases,start] GC(369) Post Compact
[90.508s][info][gc,phases      ] GC(369) Post Compact 15.342ms
[90.508s][info][gc,heap        ] GC(369) PSYoungGen: 106602K(297472K)->106602K(297472K) Eden: 88575K(88576K)->88575K(88576K) From: 18026K(208896K)->18026K(208896K)
[90.508s][info][gc,heap        ] GC(369) ParOldGen: 10922587K(10923008K)->10922587K(10923008K)
[90.508s][info][gc,metaspace   ] GC(369) Metaspace: 6298K(6464K)->6298K(6464K) NonClass: 5764K(5824K)->5764K(5824K) Class: 533K(640K)->533K(640K)
[90.509s][info][gc             ] GC(369) Pause Full (Ergonomics) 10770M->10770M(10957M) 3288.488ms
[90.509s][info][gc,cpu         ] GC(369) User=25.45s Sys=0.03s Real=3.29s
[90.509s][info][gc,start       ] GC(370) Pause Full (Ergonomics)
[90.509s][info][gc,phases,start] GC(370) Marking Phase
[93.036s][info][gc,phases      ] GC(370) Marking Phase 2526.872ms
[93.036s][info][gc,phases,start] GC(370) Summary Phase
[93.036s][info][gc,phases      ] GC(370) Summary Phase 0.109ms
[93.036s][info][gc,phases,start] GC(370) Adjust Roots
[93.036s][info][gc,phases      ] GC(370) Adjust Roots 0.236ms
[93.036s][info][gc,phases,start] GC(370) Compaction Phase
[93.764s][info][gc,phases      ] GC(370) Compaction Phase 727.554ms
[93.764s][info][gc,phases,start] GC(370) Post Compact
[93.777s][info][gc,phases      ] GC(370) Post Compact 13.678ms
[93.777s][info][gc,heap        ] GC(370) PSYoungGen: 106602K(297472K)->106602K(297472K) Eden: 88575K(88576K)->88575K(88576K) From: 18026K(208896K)->18026K(208896K)
[93.777s][info][gc,heap        ] GC(370) ParOldGen: 10922591K(10923008K)->10922591K(10923008K)
[93.777s][info][gc,metaspace   ] GC(370) Metaspace: 6298K(6464K)->6298K(6464K) NonClass: 5764K(5824K)->5764K(5824K) Class: 533K(640K)->533K(640K)
[93.777s][info][gc             ] GC(370) Pause Full (Ergonomics) 10770M->10770M(10957M) 3268.754ms
[93.777s][info][gc,cpu         ] GC(370) User=25.42s Sys=0.00s Real=3.27s
[93.778s][info][gc,start       ] GC(371) Pause Full (Ergonomics)
[93.778s][info][gc,phases,start] GC(371) Marking Phase
[96.269s][info][gc,phases      ] GC(371) Marking Phase 2491.191ms
[96.269s][info][gc,phases,start] GC(371) Summary Phase
[96.269s][info][gc,phases      ] GC(371) Summary Phase 0.202ms
[96.269s][info][gc,phases,start] GC(371) Adjust Roots
[96.270s][info][gc,phases      ] GC(371) Adjust Roots 0.354ms
[96.270s][info][gc,phases,start] GC(371) Compaction Phase
[96.999s][info][gc,phases      ] GC(371) Compaction Phase 729.121ms
[96.999s][info][gc,phases,start] GC(371) Post Compact
[97.012s][info][gc,phases      ] GC(371) Post Compact 13.521ms
[97.012s][info][gc,heap        ] GC(371) PSYoungGen: 106602K(297472K)->106602K(297472K) Eden: 88575K(88576K)->88575K(88576K) From: 18026K(208896K)->18026K(208896K)
[97.012s][info][gc,heap        ] GC(371) ParOldGen: 10922596K(10923008K)->10922596K(10923008K)
[97.012s][info][gc,metaspace   ] GC(371) Metaspace: 6298K(6464K)->6298K(6464K) NonClass: 5764K(5824K)->5764K(5824K) Class: 533K(640K)->533K(640K)
[97.012s][info][gc             ] GC(371) Pause Full (Ergonomics) 10770M->10770M(10957M) 3234.829ms
[97.013s][info][gc,cpu         ] GC(371) User=25.28s Sys=0.00s Real=3.23s
[97.013s][info][gc,start       ] GC(372) Pause Full (Ergonomics)
[97.013s][info][gc,phases,start] GC(372) Marking Phase
[99.521s][info][gc,phases      ] GC(372) Marking Phase 2507.814ms
[99.521s][info][gc,phases,start] GC(372) Summary Phase
[99.521s][info][gc,phases      ] GC(372) Summary Phase 0.114ms
[99.521s][info][gc,phases,start] GC(372) Adjust Roots
[99.521s][info][gc,phases      ] GC(372) Adjust Roots 0.216ms
[99.521s][info][gc,phases,start] GC(372) Compaction Phase
[100.266s][info][gc,phases      ] GC(372) Compaction Phase 745.381ms
[100.266s][info][gc,phases,start] GC(372) Post Compact
[100.280s][info][gc,phases      ] GC(372) Post Compact 13.464ms
[100.280s][info][gc,heap        ] GC(372) PSYoungGen: 106602K(297472K)->106602K(297472K) Eden: 88575K(88576K)->88575K(88576K) From: 18026K(208896K)->18026K(208896K)
[100.280s][info][gc,heap        ] GC(372) ParOldGen: 10922601K(10923008K)->10922601K(10923008K)
[100.280s][info][gc,metaspace   ] GC(372) Metaspace: 6298K(6464K)->6298K(6464K) NonClass: 5764K(5824K)->5764K(5824K) Class: 533K(640K)->533K(640K)
[100.280s][info][gc             ] GC(372) Pause Full (Ergonomics) 10770M->10770M(10957M) 3267.281ms
[100.280s][info][gc,cpu         ] GC(372) User=25.41s Sys=0.00s Real=3.27s
[100.280s][info][gc,start       ] GC(373) Pause Full (Ergonomics)
[100.280s][info][gc,phases,start] GC(373) Marking Phase
[102.797s][info][gc,phases      ] GC(373) Marking Phase 2516.848ms
[102.797s][info][gc,phases,start] GC(373) Summary Phase
[102.797s][info][gc,phases      ] GC(373) Summary Phase 0.113ms
[102.797s][info][gc,phases,start] GC(373) Adjust Roots
[102.798s][info][gc,phases      ] GC(373) Adjust Roots 0.246ms
[102.798s][info][gc,phases,start] GC(373) Compaction Phase
[103.544s][info][gc,phases      ] GC(373) Compaction Phase 746.346ms
[103.544s][info][gc,phases,start] GC(373) Post Compact
[103.559s][info][gc,phases      ] GC(373) Post Compact 14.705ms
[103.559s][info][gc,heap        ] GC(373) PSYoungGen: 106602K(297472K)->106602K(297472K) Eden: 88575K(88576K)->88575K(88576K) From: 18026K(208896K)->18026K(208896K)
[103.559s][info][gc,heap        ] GC(373) ParOldGen: 10922606K(10923008K)->10922606K(10923008K)
[103.559s][info][gc,metaspace   ] GC(373) Metaspace: 6298K(6464K)->6298K(6464K) NonClass: 5764K(5824K)->5764K(5824K) Class: 533K(640K)->533K(640K)
[103.559s][info][gc             ] GC(373) Pause Full (Ergonomics) 10770M->10770M(10957M) 3278.602ms
[103.559s][info][gc,cpu         ] GC(373) User=25.31s Sys=0.00s Real=3.28s
[103.559s][info][gc,start       ] GC(374) Pause Full (Ergonomics)
[103.559s][info][gc,phases,start] GC(374) Marking Phase
[106.085s][info][gc,phases      ] GC(374) Marking Phase 2525.520ms
[106.085s][info][gc,phases,start] GC(374) Summary Phase
[106.085s][info][gc,phases      ] GC(374) Summary Phase 0.100ms
[106.085s][info][gc,phases,start] GC(374) Adjust Roots
[106.085s][info][gc,phases      ] GC(374) Adjust Roots 0.164ms
[106.085s][info][gc,phases,start] GC(374) Compaction Phase
[106.813s][info][gc,phases      ] GC(374) Compaction Phase 728.166ms
[106.813s][info][gc,phases,start] GC(374) Post Compact
[106.827s][info][gc,phases      ] GC(374) Post Compact 14.250ms
[106.827s][info][gc,heap        ] GC(374) PSYoungGen: 106602K(297472K)->106602K(297472K) Eden: 88575K(88576K)->88575K(88576K) From: 18026K(208896K)->18026K(208896K)
[106.827s][info][gc,heap        ] GC(374) ParOldGen: 10922611K(10923008K)->10922611K(10923008K)
[106.827s][info][gc,metaspace   ] GC(374) Metaspace: 6298K(6464K)->6298K(6464K) NonClass: 5764K(5824K)->5764K(5824K) Class: 533K(640K)->533K(640K)
[106.827s][info][gc             ] GC(374) Pause Full (Ergonomics) 10770M->10770M(10957M) 3268.525ms
[106.828s][info][gc,cpu         ] GC(374) User=25.30s Sys=0.00s Real=3.27s
[106.828s][info][gc,start       ] GC(375) Pause Full (Ergonomics)
[106.828s][info][gc,phases,start] GC(375) Marking Phase
[109.307s][info][gc,phases      ] GC(375) Marking Phase 2479.442ms
[109.307s][info][gc,phases,start] GC(375) Summary Phase
[109.307s][info][gc,phases      ] GC(375) Summary Phase 0.100ms
[109.307s][info][gc,phases,start] GC(375) Adjust Roots
[109.308s][info][gc,phases      ] GC(375) Adjust Roots 0.162ms
[109.308s][info][gc,phases,start] GC(375) Compaction Phase
[110.035s][info][gc,phases      ] GC(375) Compaction Phase 726.975ms
[110.035s][info][gc,phases,start] GC(375) Post Compact
[110.048s][info][gc,phases      ] GC(375) Post Compact 13.183ms
[110.048s][info][gc,heap        ] GC(375) PSYoungGen: 106602K(297472K)->106602K(297472K) Eden: 88575K(88576K)->88575K(88576K) From: 18026K(208896K)->18026K(208896K)
[110.048s][info][gc,heap        ] GC(375) ParOldGen: 10922616K(10923008K)->10922616K(10923008K)
[110.048s][info][gc,metaspace   ] GC(375) Metaspace: 6298K(6464K)->6298K(6464K) NonClass: 5764K(5824K)->5764K(5824K) Class: 533K(640K)->533K(640K)
[110.048s][info][gc             ] GC(375) Pause Full (Ergonomics) 10770M->10770M(10957M) 3220.171ms
[110.048s][info][gc,cpu         ] GC(375) User=25.03s Sys=0.00s Real=3.22s
[110.048s][info][gc,start       ] GC(376) Pause Full (Ergonomics)
[110.048s][info][gc,phases,start] GC(376) Marking Phase
[112.556s][info][gc,phases      ] GC(376) Marking Phase 2507.835ms
[112.556s][info][gc,phases,start] GC(376) Summary Phase
[112.556s][info][gc,phases      ] GC(376) Summary Phase 0.119ms
[112.556s][info][gc,phases,start] GC(376) Adjust Roots
[112.556s][info][gc,phases      ] GC(376) Adjust Roots 0.203ms
[112.556s][info][gc,phases,start] GC(376) Compaction Phase
[113.298s][info][gc,phases      ] GC(376) Compaction Phase 741.257ms
[113.298s][info][gc,phases,start] GC(376) Post Compact
[113.312s][info][gc,phases      ] GC(376) Post Compact 14.103ms
[113.312s][info][gc,heap        ] GC(376) PSYoungGen: 106602K(297472K)->106602K(297472K) Eden: 88575K(88576K)->88575K(88576K) From: 18026K(208896K)->18026K(208896K)
[113.312s][info][gc,heap        ] GC(376) ParOldGen: 10922620K(10923008K)->10922620K(10923008K)
[113.312s][info][gc,metaspace   ] GC(376) Metaspace: 6298K(6464K)->6298K(6464K) NonClass: 5764K(5824K)->5764K(5824K) Class: 533K(640K)->533K(640K)
[113.312s][info][gc             ] GC(376) Pause Full (Ergonomics) 10770M->10770M(10957M) 3263.850ms
[113.312s][info][gc,cpu         ] GC(376) User=25.16s Sys=0.02s Real=3.26s
[113.312s][info][gc,start       ] GC(377) Pause Full (Ergonomics)
[113.312s][info][gc,phases,start] GC(377) Marking Phase
[115.809s][info][gc,phases      ] GC(377) Marking Phase 2496.684ms
[115.809s][info][gc,phases,start] GC(377) Summary Phase
[115.809s][info][gc,phases      ] GC(377) Summary Phase 0.108ms
[115.809s][info][gc,phases,start] GC(377) Adjust Roots
[115.809s][info][gc,phases      ] GC(377) Adjust Roots 0.180ms
[115.809s][info][gc,phases,start] GC(377) Compaction Phase
[116.556s][info][gc,phases      ] GC(377) Compaction Phase 746.798ms
[116.556s][info][gc,phases,start] GC(377) Post Compact
[116.571s][info][gc,phases      ] GC(377) Post Compact 15.307ms
[116.571s][info][gc,heap        ] GC(377) PSYoungGen: 106602K(297472K)->106602K(297472K) Eden: 88575K(88576K)->88575K(88576K) From: 18026K(208896K)->18026K(208896K)
[116.571s][info][gc,heap        ] GC(377) ParOldGen: 10922625K(10923008K)->10922625K(10923008K)
[116.572s][info][gc,metaspace   ] GC(377) Metaspace: 6298K(6464K)->6298K(6464K) NonClass: 5764K(5824K)->5764K(5824K) Class: 533K(640K)->533K(640K)
[116.572s][info][gc             ] GC(377) Pause Full (Ergonomics) 10770M->10770M(10957M) 3259.399ms
[116.572s][info][gc,cpu         ] GC(377) User=25.20s Sys=0.02s Real=3.26s
[116.572s][info][gc,start       ] GC(378) Pause Full (Ergonomics)
[116.572s][info][gc,phases,start] GC(378) Marking Phase
[119.094s][info][gc,phases      ] GC(378) Marking Phase 2521.903ms
[119.094s][info][gc,phases,start] GC(378) Summary Phase
[119.094s][info][gc,phases      ] GC(378) Summary Phase 0.101ms
[119.094s][info][gc,phases,start] GC(378) Adjust Roots
[119.094s][info][gc,phases      ] GC(378) Adjust Roots 0.160ms
[119.094s][info][gc,phases,start] GC(378) Compaction Phase
[119.820s][info][gc,phases      ] GC(378) Compaction Phase 725.904ms
[119.820s][info][gc,phases,start] GC(378) Post Compact
[119.835s][info][gc,phases      ] GC(378) Post Compact 14.493ms
[119.835s][info][gc,heap        ] GC(378) PSYoungGen: 106602K(297472K)->106602K(297472K) Eden: 88575K(88576K)->88575K(88576K) From: 18026K(208896K)->18026K(208896K)
[119.835s][info][gc,heap        ] GC(378) ParOldGen: 10922630K(10923008K)->10922630K(10923008K)
[119.835s][info][gc,metaspace   ] GC(378) Metaspace: 6298K(6464K)->6298K(6464K) NonClass: 5764K(5824K)->5764K(5824K) Class: 533K(640K)->533K(640K)
[119.835s][info][gc             ] GC(378) Pause Full (Ergonomics) 10770M->10770M(10957M) 3262.934ms
[119.835s][info][gc,cpu         ] GC(378) User=25.27s Sys=0.00s Real=3.26s
[119.835s][info][gc,start       ] GC(379) Pause Full (Ergonomics)
[119.835s][info][gc,phases,start] GC(379) Marking Phase
[122.370s][info][gc,phases      ] GC(379) Marking Phase 2535.473ms
[122.370s][info][gc,phases,start] GC(379) Summary Phase
[122.371s][info][gc,phases      ] GC(379) Summary Phase 0.100ms
[122.371s][info][gc,phases,start] GC(379) Adjust Roots
[122.371s][info][gc,phases      ] GC(379) Adjust Roots 0.160ms
[122.371s][info][gc,phases,start] GC(379) Compaction Phase
[123.095s][info][gc,phases      ] GC(379) Compaction Phase 724.491ms
[123.095s][info][gc,phases,start] GC(379) Post Compact
[123.110s][info][gc,phases      ] GC(379) Post Compact 14.659ms
[123.110s][info][gc,heap        ] GC(379) PSYoungGen: 106602K(297472K)->106602K(297472K) Eden: 88575K(88576K)->88575K(88576K) From: 18026K(208896K)->18026K(208896K)
[123.110s][info][gc,heap        ] GC(379) ParOldGen: 10922635K(10923008K)->10922635K(10923008K)
[123.110s][info][gc,metaspace   ] GC(379) Metaspace: 6298K(6464K)->6298K(6464K) NonClass: 5764K(5824K)->5764K(5824K) Class: 533K(640K)->533K(640K)
[123.110s][info][gc             ] GC(379) Pause Full (Ergonomics) 10770M->10770M(10957M) 3275.204ms
[123.110s][info][gc,cpu         ] GC(379) User=25.41s Sys=0.00s Real=3.28s
[123.110s][info][gc,start       ] GC(380) Pause Full (Ergonomics)
[123.110s][info][gc,phases,start] GC(380) Marking Phase
[125.644s][info][gc,phases      ] GC(380) Marking Phase 2533.923ms
[125.644s][info][gc,phases,start] GC(380) Summary Phase
[125.644s][info][gc,phases      ] GC(380) Summary Phase 0.100ms
[125.644s][info][gc,phases,start] GC(380) Adjust Roots
[125.645s][info][gc,phases      ] GC(380) Adjust Roots 0.177ms
[125.645s][info][gc,phases,start] GC(380) Compaction Phase
[126.355s][info][gc,phases      ] GC(380) Compaction Phase 710.744ms
[126.355s][info][gc,phases,start] GC(380) Post Compact
[126.369s][info][gc,phases      ] GC(380) Post Compact 13.620ms
[126.369s][info][gc,heap        ] GC(380) PSYoungGen: 106602K(297472K)->106602K(297472K) Eden: 88575K(88576K)->88575K(88576K) From: 18026K(208896K)->18026K(208896K)
[126.369s][info][gc,heap        ] GC(380) ParOldGen: 10922640K(10923008K)->10922640K(10923008K)
[126.369s][info][gc,metaspace   ] GC(380) Metaspace: 6298K(6464K)->6298K(6464K) NonClass: 5764K(5824K)->5764K(5824K) Class: 533K(640K)->533K(640K)
[126.369s][info][gc             ] GC(380) Pause Full (Ergonomics) 10770M->10770M(10957M) 3258.905ms
[126.369s][info][gc,cpu         ] GC(380) User=25.27s Sys=0.03s Real=3.26s
[126.369s][info][gc,start       ] GC(381) Pause Full (Ergonomics)
[126.369s][info][gc,phases,start] GC(381) Marking Phase
[128.930s][info][gc,phases      ] GC(381) Marking Phase 2560.505ms
[128.930s][info][gc,phases,start] GC(381) Summary Phase
[128.930s][info][gc,phases      ] GC(381) Summary Phase 0.103ms
[128.930s][info][gc,phases,start] GC(381) Adjust Roots
[128.930s][info][gc,phases      ] GC(381) Adjust Roots 0.160ms
[128.930s][info][gc,phases,start] GC(381) Compaction Phase
[129.650s][info][gc,phases      ] GC(381) Compaction Phase 720.006ms
[129.650s][info][gc,phases,start] GC(381) Post Compact
[129.665s][info][gc,phases      ] GC(381) Post Compact 14.254ms
[129.665s][info][gc,heap        ] GC(381) PSYoungGen: 106602K(297472K)->106602K(297472K) Eden: 88575K(88576K)->88575K(88576K) From: 18026K(208896K)->18026K(208896K)
[129.665s][info][gc,heap        ] GC(381) ParOldGen: 10922645K(10923008K)->10922645K(10923008K)
[129.665s][info][gc,metaspace   ] GC(381) Metaspace: 6298K(6464K)->6298K(6464K) NonClass: 5764K(5824K)->5764K(5824K) Class: 533K(640K)->533K(640K)
[129.665s][info][gc             ] GC(381) Pause Full (Ergonomics) 10770M->10770M(10957M) 3295.353ms
[129.665s][info][gc,cpu         ] GC(381) User=25.50s Sys=0.00s Real=3.30s
[129.665s][info][gc,start       ] GC(382) Pause Full (Ergonomics)
[129.665s][info][gc,phases,start] GC(382) Marking Phase
[132.169s][info][gc,phases      ] GC(382) Marking Phase 2504.039ms
[132.169s][info][gc,phases,start] GC(382) Summary Phase
[132.169s][info][gc,phases      ] GC(382) Summary Phase 0.100ms
[132.169s][info][gc,phases,start] GC(382) Adjust Roots
[132.169s][info][gc,phases      ] GC(382) Adjust Roots 0.160ms
[132.169s][info][gc,phases,start] GC(382) Compaction Phase
[132.885s][info][gc,phases      ] GC(382) Compaction Phase 715.918ms
[132.885s][info][gc,phases,start] GC(382) Post Compact
[132.900s][info][gc,phases      ] GC(382) Post Compact 14.593ms
[132.900s][info][gc,heap        ] GC(382) PSYoungGen: 106602K(297472K)->106602K(297472K) Eden: 88575K(88576K)->88575K(88576K) From: 18026K(208896K)->18026K(208896K)
[132.900s][info][gc,heap        ] GC(382) ParOldGen: 10922649K(10923008K)->10922649K(10923008K)
[132.900s][info][gc,metaspace   ] GC(382) Metaspace: 6298K(6464K)->6298K(6464K) NonClass: 5764K(5824K)->5764K(5824K) Class: 533K(640K)->533K(640K)
[132.900s][info][gc             ] GC(382) Pause Full (Ergonomics) 10770M->10770M(10957M) 3235.148ms
[132.900s][info][gc,cpu         ] GC(382) User=25.16s Sys=0.00s Real=3.23s
[132.900s][info][gc,start       ] GC(383) Pause Full (Ergonomics)
[132.900s][info][gc,phases,start] GC(383) Marking Phase
[135.375s][info][gc,phases      ] GC(383) Marking Phase 2474.428ms
[135.375s][info][gc,phases,start] GC(383) Summary Phase
[135.375s][info][gc,phases      ] GC(383) Summary Phase 0.125ms
[135.375s][info][gc,phases,start] GC(383) Adjust Roots
[135.375s][info][gc,phases      ] GC(383) Adjust Roots 0.204ms
[135.375s][info][gc,phases,start] GC(383) Compaction Phase
[136.098s][info][gc,phases      ] GC(383) Compaction Phase 722.666ms
[136.098s][info][gc,phases,start] GC(383) Post Compact
[136.113s][info][gc,phases      ] GC(383) Post Compact 14.722ms
[136.113s][info][gc,heap        ] GC(383) PSYoungGen: 106602K(297472K)->106602K(297472K) Eden: 88575K(88576K)->88575K(88576K) From: 18026K(208896K)->18026K(208896K)
[136.113s][info][gc,heap        ] GC(383) ParOldGen: 10922654K(10923008K)->10922654K(10923008K)
[136.113s][info][gc,metaspace   ] GC(383) Metaspace: 6298K(6464K)->6298K(6464K) NonClass: 5764K(5824K)->5764K(5824K) Class: 533K(640K)->533K(640K)
[136.113s][info][gc             ] GC(383) Pause Full (Ergonomics) 10770M->10770M(10957M) 3212.505ms
[136.113s][info][gc,cpu         ] GC(383) User=24.75s Sys=0.00s Real=3.21s
[136.113s][info][gc,start       ] GC(384) Pause Full (Ergonomics)
[136.113s][info][gc,phases,start] GC(384) Marking Phase
[138.656s][info][gc,phases      ] GC(384) Marking Phase 2543.046ms
[138.656s][info][gc,phases,start] GC(384) Summary Phase
[138.656s][info][gc,phases      ] GC(384) Summary Phase 0.104ms
[138.656s][info][gc,phases,start] GC(384) Adjust Roots
[138.656s][info][gc,phases      ] GC(384) Adjust Roots 0.172ms
[138.656s][info][gc,phases,start] GC(384) Compaction Phase
[139.348s][info][gc,phases      ] GC(384) Compaction Phase 691.341ms
[139.348s][info][gc,phases,start] GC(384) Post Compact
[139.363s][info][gc,phases      ] GC(384) Post Compact 14.915ms
[139.363s][info][gc,heap        ] GC(384) PSYoungGen: 106602K(297472K)->106602K(297472K) Eden: 88575K(88576K)->88575K(88576K) From: 18026K(208896K)->18026K(208896K)
[139.363s][info][gc,heap        ] GC(384) ParOldGen: 10922659K(10923008K)->10922659K(10923008K)
[139.363s][info][gc,metaspace   ] GC(384) Metaspace: 6298K(6464K)->6298K(6464K) NonClass: 5764K(5824K)->5764K(5824K) Class: 533K(640K)->533K(640K)
[139.363s][info][gc             ] GC(384) Pause Full (Ergonomics) 10770M->10770M(10957M) 3249.880ms
[139.363s][info][gc,cpu         ] GC(384) User=25.34s Sys=0.00s Real=3.25s
[139.363s][info][gc,start       ] GC(385) Pause Full (Ergonomics)
[139.363s][info][gc,phases,start] GC(385) Marking Phase
[141.861s][info][gc,phases      ] GC(385) Marking Phase 2498.301ms
[141.861s][info][gc,phases,start] GC(385) Summary Phase
[141.862s][info][gc,phases      ] GC(385) Summary Phase 0.109ms
[141.862s][info][gc,phases,start] GC(385) Adjust Roots
[141.862s][info][gc,phases      ] GC(385) Adjust Roots 0.172ms
[141.862s][info][gc,phases,start] GC(385) Compaction Phase
[142.548s][info][gc,phases      ] GC(385) Compaction Phase 685.772ms
[142.548s][info][gc,phases,start] GC(385) Post Compact
[142.562s][info][gc,phases      ] GC(385) Post Compact 14.054ms
[142.562s][info][gc,heap        ] GC(385) PSYoungGen: 106602K(297472K)->106602K(297472K) Eden: 88575K(88576K)->88575K(88576K) From: 18026K(208896K)->18026K(208896K)
[142.562s][info][gc,heap        ] GC(385) ParOldGen: 10922664K(10923008K)->10922664K(10923008K)
[142.562s][info][gc,metaspace   ] GC(385) Metaspace: 6298K(6464K)->6298K(6464K) NonClass: 5764K(5824K)->5764K(5824K) Class: 533K(640K)->533K(640K)
[142.562s][info][gc             ] GC(385) Pause Full (Ergonomics) 10770M->10770M(10957M) 3198.739ms
[142.562s][info][gc,cpu         ] GC(385) User=24.77s Sys=0.02s Real=3.20s
[142.562s][info][gc,start       ] GC(386) Pause Full (Ergonomics)
[142.562s][info][gc,phases,start] GC(386) Marking Phase
[145.085s][info][gc,phases      ] GC(386) Marking Phase 2522.490ms
[145.085s][info][gc,phases,start] GC(386) Summary Phase
[145.085s][info][gc,phases      ] GC(386) Summary Phase 0.099ms
[145.085s][info][gc,phases,start] GC(386) Adjust Roots
[145.085s][info][gc,phases      ] GC(386) Adjust Roots 0.170ms
[145.085s][info][gc,phases,start] GC(386) Compaction Phase
[145.749s][info][gc,phases      ] GC(386) Compaction Phase 663.627ms
[145.749s][info][gc,phases,start] GC(386) Post Compact
[145.762s][info][gc,phases      ] GC(386) Post Compact 12.928ms
[145.762s][info][gc,heap        ] GC(386) PSYoungGen: 106602K(297472K)->106602K(297472K) Eden: 88575K(88576K)->88575K(88576K) From: 18026K(208896K)->18026K(208896K)
[145.762s][info][gc,heap        ] GC(386) ParOldGen: 10922669K(10923008K)->10922669K(10923008K)
[145.762s][info][gc,metaspace   ] GC(386) Metaspace: 6298K(6464K)->6298K(6464K) NonClass: 5764K(5824K)->5764K(5824K) Class: 533K(640K)->533K(640K)
[145.762s][info][gc             ] GC(386) Pause Full (Ergonomics) 10770M->10770M(10957M) 3199.633ms
[145.762s][info][gc,cpu         ] GC(386) User=24.89s Sys=0.00s Real=3.20s
[145.762s][info][gc,start       ] GC(387) Pause Full (Ergonomics)
[145.762s][info][gc,phases,start] GC(387) Marking Phase
[148.276s][info][gc,phases      ] GC(387) Marking Phase 2513.631ms
[148.276s][info][gc,phases,start] GC(387) Summary Phase
[148.276s][info][gc,phases      ] GC(387) Summary Phase 0.130ms
[148.276s][info][gc,phases,start] GC(387) Adjust Roots
[148.276s][info][gc,phases      ] GC(387) Adjust Roots 0.218ms
[148.276s][info][gc,phases,start] GC(387) Compaction Phase
[148.943s][info][gc,phases      ] GC(387) Compaction Phase 667.159ms
[148.943s][info][gc,phases,start] GC(387) Post Compact
[148.956s][info][gc,phases      ] GC(387) Post Compact 12.985ms
[148.956s][info][gc,heap        ] GC(387) PSYoungGen: 106602K(297472K)->106602K(297472K) Eden: 88575K(88576K)->88575K(88576K) From: 18026K(208896K)->18026K(208896K)
[148.956s][info][gc,heap        ] GC(387) ParOldGen: 10922674K(10923008K)->10922674K(10923008K)
[148.956s][info][gc,metaspace   ] GC(387) Metaspace: 6298K(6464K)->6298K(6464K) NonClass: 5764K(5824K)->5764K(5824K) Class: 533K(640K)->533K(640K)
[148.956s][info][gc             ] GC(387) Pause Full (Ergonomics) 10770M->10770M(10957M) 3194.433ms
[148.956s][info][gc,cpu         ] GC(387) User=24.91s Sys=0.02s Real=3.19s
[148.956s][info][gc,start       ] GC(388) Pause Full (Ergonomics)
[148.957s][info][gc,phases,start] GC(388) Marking Phase
[151.487s][info][gc,phases      ] GC(388) Marking Phase 2530.641ms
[151.487s][info][gc,phases,start] GC(388) Summary Phase
[151.487s][info][gc,phases      ] GC(388) Summary Phase 0.100ms
[151.487s][info][gc,phases,start] GC(388) Adjust Roots
[151.488s][info][gc,phases      ] GC(388) Adjust Roots 0.159ms
[151.488s][info][gc,phases,start] GC(388) Compaction Phase
[152.152s][info][gc,phases      ] GC(388) Compaction Phase 664.947ms
[152.153s][info][gc,phases,start] GC(388) Post Compact
[152.166s][info][gc,phases      ] GC(388) Post Compact 13.075ms
[152.166s][info][gc,heap        ] GC(388) PSYoungGen: 106602K(297472K)->106602K(297472K) Eden: 88575K(88576K)->88575K(88576K) From: 18026K(208896K)->18026K(208896K)
[152.166s][info][gc,heap        ] GC(388) ParOldGen: 10922678K(10923008K)->10922678K(10923008K)
[152.166s][info][gc,metaspace   ] GC(388) Metaspace: 6298K(6464K)->6298K(6464K) NonClass: 5764K(5824K)->5764K(5824K) Class: 533K(640K)->533K(640K)
[152.166s][info][gc             ] GC(388) Pause Full (Ergonomics) 10770M->10770M(10957M) 3209.240ms
[152.166s][info][gc,cpu         ] GC(388) User=24.94s Sys=0.00s Real=3.21s
[152.166s][info][gc,start       ] GC(389) Pause Full (Ergonomics)
[152.166s][info][gc,phases,start] GC(389) Marking Phase
[154.680s][info][gc,phases      ] GC(389) Marking Phase 2513.814ms
[154.680s][info][gc,phases,start] GC(389) Summary Phase
[154.680s][info][gc,phases      ] GC(389) Summary Phase 0.157ms
[154.680s][info][gc,phases,start] GC(389) Adjust Roots
[154.680s][info][gc,phases      ] GC(389) Adjust Roots 0.243ms
[154.680s][info][gc,phases,start] GC(389) Compaction Phase
[155.343s][info][gc,phases      ] GC(389) Compaction Phase 662.191ms
[155.343s][info][gc,phases,start] GC(389) Post Compact
[155.358s][info][gc,phases      ] GC(389) Post Compact 15.011ms
[155.358s][info][gc,heap        ] GC(389) PSYoungGen: 106602K(297472K)->106602K(297472K) Eden: 88575K(88576K)->88575K(88576K) From: 18026K(208896K)->18026K(208896K)
[155.358s][info][gc,heap        ] GC(389) ParOldGen: 10922683K(10923008K)->10922683K(10923008K)
[155.358s][info][gc,metaspace   ] GC(389) Metaspace: 6298K(6464K)->6298K(6464K) NonClass: 5764K(5824K)->5764K(5824K) Class: 533K(640K)->533K(640K)
[155.358s][info][gc             ] GC(389) Pause Full (Ergonomics) 10770M->10770M(10957M) 3191.759ms
[155.358s][info][gc,cpu         ] GC(389) User=24.86s Sys=0.00s Real=3.19s
[155.358s][info][gc,start       ] GC(390) Pause Full (Ergonomics)
[155.358s][info][gc,phases,start] GC(390) Marking Phase
[157.875s][info][gc,phases      ] GC(390) Marking Phase 2517.026ms
[157.875s][info][gc,phases,start] GC(390) Summary Phase
[157.875s][info][gc,phases      ] GC(390) Summary Phase 0.120ms
[157.875s][info][gc,phases,start] GC(390) Adjust Roots
[157.875s][info][gc,phases      ] GC(390) Adjust Roots 0.231ms
[157.875s][info][gc,phases,start] GC(390) Compaction Phase
[158.535s][info][gc,phases      ] GC(390) Compaction Phase 659.157ms
[158.535s][info][gc,phases,start] GC(390) Post Compact
[158.548s][info][gc,phases      ] GC(390) Post Compact 13.682ms
[158.548s][info][gc,heap        ] GC(390) PSYoungGen: 106602K(297472K)->106602K(297472K) Eden: 88575K(88576K)->88575K(88576K) From: 18026K(208896K)->18026K(208896K)
[158.548s][info][gc,heap        ] GC(390) ParOldGen: 10922688K(10923008K)->10922688K(10923008K)
[158.548s][info][gc,metaspace   ] GC(390) Metaspace: 6298K(6464K)->6298K(6464K) NonClass: 5764K(5824K)->5764K(5824K) Class: 533K(640K)->533K(640K)
[158.548s][info][gc             ] GC(390) Pause Full (Ergonomics) 10770M->10770M(10957M) 3190.531ms
[158.548s][info][gc,cpu         ] GC(390) User=24.73s Sys=0.00s Real=3.19s
[158.549s][info][gc,start       ] GC(391) Pause Full (Ergonomics)
[158.549s][info][gc,phases,start] GC(391) Marking Phase
[161.070s][info][gc,phases      ] GC(391) Marking Phase 2521.241ms
[161.070s][info][gc,phases,start] GC(391) Summary Phase
[161.070s][info][gc,phases      ] GC(391) Summary Phase 0.100ms
[161.070s][info][gc,phases,start] GC(391) Adjust Roots
[161.070s][info][gc,phases      ] GC(391) Adjust Roots 0.168ms
[161.070s][info][gc,phases,start] GC(391) Compaction Phase
[161.724s][info][gc,phases      ] GC(391) Compaction Phase 654.196ms
[161.725s][info][gc,phases,start] GC(391) Post Compact
[161.739s][info][gc,phases      ] GC(391) Post Compact 14.697ms
[161.739s][info][gc,heap        ] GC(391) PSYoungGen: 106602K(297472K)->106602K(297472K) Eden: 88575K(88576K)->88575K(88576K) From: 18026K(208896K)->18026K(208896K)
[161.739s][info][gc,heap        ] GC(391) ParOldGen: 10922693K(10923008K)->10922693K(10923008K)
[161.739s][info][gc,metaspace   ] GC(391) Metaspace: 6298K(6464K)->6298K(6464K) NonClass: 5764K(5824K)->5764K(5824K) Class: 533K(640K)->533K(640K)
[161.739s][info][gc             ] GC(391) Pause Full (Ergonomics) 10770M->10770M(10957M) 3190.774ms
[161.739s][info][gc,cpu         ] GC(391) User=24.66s Sys=0.02s Real=3.19s
[161.740s][info][gc,start       ] GC(392) Pause Full (Ergonomics)
[161.740s][info][gc,phases,start] GC(392) Marking Phase
[164.312s][info][gc,phases      ] GC(392) Marking Phase 2572.851ms
[164.313s][info][gc,phases,start] GC(392) Summary Phase
[164.313s][info][gc,phases      ] GC(392) Summary Phase 0.117ms
[164.313s][info][gc,phases,start] GC(392) Adjust Roots
[164.313s][info][gc,phases      ] GC(392) Adjust Roots 0.165ms
[164.313s][info][gc,phases,start] GC(392) Compaction Phase
[164.971s][info][gc,phases      ] GC(392) Compaction Phase 657.786ms
[164.971s][info][gc,phases,start] GC(392) Post Compact
[164.984s][info][gc,phases      ] GC(392) Post Compact 13.413ms
[164.984s][info][gc,heap        ] GC(392) PSYoungGen: 106602K(297472K)->106602K(297472K) Eden: 88575K(88576K)->88575K(88576K) From: 18026K(208896K)->18026K(208896K)
[164.984s][info][gc,heap        ] GC(392) ParOldGen: 10922698K(10923008K)->10922698K(10923008K)
[164.984s][info][gc,metaspace   ] GC(392) Metaspace: 6298K(6464K)->6298K(6464K) NonClass: 5764K(5824K)->5764K(5824K) Class: 533K(640K)->533K(640K)
[164.984s][info][gc             ] GC(392) Pause Full (Ergonomics) 10770M->10770M(10957M) 3244.667ms
[164.984s][info][gc,cpu         ] GC(392) User=25.17s Sys=0.00s Real=3.24s
[164.984s][info][gc,start       ] GC(393) Pause Full (Ergonomics)
[164.985s][info][gc,phases,start] GC(393) Marking Phase
[167.484s][info][gc,phases      ] GC(393) Marking Phase 2499.870ms
[167.484s][info][gc,phases,start] GC(393) Summary Phase
[167.485s][info][gc,phases      ] GC(393) Summary Phase 0.101ms
[167.485s][info][gc,phases,start] GC(393) Adjust Roots
[167.485s][info][gc,phases      ] GC(393) Adjust Roots 0.183ms
[167.485s][info][gc,phases,start] GC(393) Compaction Phase
[168.139s][info][gc,phases      ] GC(393) Compaction Phase 653.896ms
[168.139s][info][gc,phases,start] GC(393) Post Compact
[168.153s][info][gc,phases      ] GC(393) Post Compact 14.521ms
[168.153s][info][gc,heap        ] GC(393) PSYoungGen: 106602K(297472K)->106602K(297472K) Eden: 88575K(88576K)->88575K(88576K) From: 18026K(208896K)->18026K(208896K)
[168.153s][info][gc,heap        ] GC(393) ParOldGen: 10922703K(10923008K)->10922703K(10923008K)
[168.153s][info][gc,metaspace   ] GC(393) Metaspace: 6298K(6464K)->6298K(6464K) NonClass: 5764K(5824K)->5764K(5824K) Class: 533K(640K)->533K(640K)
[168.153s][info][gc             ] GC(393) Pause Full (Ergonomics) 10770M->10770M(10957M) 3168.913ms
[168.153s][info][gc,cpu         ] GC(393) User=24.69s Sys=0.00s Real=3.17s
[168.154s][info][gc,start       ] GC(394) Pause Full (Ergonomics)
[168.154s][info][gc,phases,start] GC(394) Marking Phase
[170.686s][info][gc,phases      ] GC(394) Marking Phase 2532.541ms
[170.686s][info][gc,phases,start] GC(394) Summary Phase
[170.686s][info][gc,phases      ] GC(394) Summary Phase 0.102ms
[170.686s][info][gc,phases,start] GC(394) Adjust Roots
[170.687s][info][gc,phases      ] GC(394) Adjust Roots 0.161ms
[170.687s][info][gc,phases,start] GC(394) Compaction Phase
[171.369s][info][gc,phases      ] GC(394) Compaction Phase 682.807ms
[171.369s][info][gc,phases,start] GC(394) Post Compact
[171.383s][info][gc,phases      ] GC(394) Post Compact 13.206ms
[171.383s][info][gc,heap        ] GC(394) PSYoungGen: 106602K(297472K)->106602K(297472K) Eden: 88575K(88576K)->88575K(88576K) From: 18026K(208896K)->18026K(208896K)
[171.383s][info][gc,heap        ] GC(394) ParOldGen: 10922707K(10923008K)->10922707K(10923008K)
[171.383s][info][gc,metaspace   ] GC(394) Metaspace: 6298K(6464K)->6298K(6464K) NonClass: 5764K(5824K)->5764K(5824K) Class: 533K(640K)->533K(640K)
[171.383s][info][gc             ] GC(394) Pause Full (Ergonomics) 10770M->10770M(10957M) 3229.147ms
[171.383s][info][gc,cpu         ] GC(394) User=24.92s Sys=0.05s Real=3.23s
[171.383s][info][gc,start       ] GC(395) Pause Full (Ergonomics)
[171.383s][info][gc,phases,start] GC(395) Marking Phase
[173.881s][info][gc,phases      ] GC(395) Marking Phase 2497.939ms
[173.881s][info][gc,phases,start] GC(395) Summary Phase
[173.881s][info][gc,phases      ] GC(395) Summary Phase 0.106ms
[173.881s][info][gc,phases,start] GC(395) Adjust Roots
[173.881s][info][gc,phases      ] GC(395) Adjust Roots 0.170ms
[173.881s][info][gc,phases,start] GC(395) Compaction Phase
[174.537s][info][gc,phases      ] GC(395) Compaction Phase 656.155ms
[174.538s][info][gc,phases,start] GC(395) Post Compact
[174.551s][info][gc,phases      ] GC(395) Post Compact 13.400ms
[174.551s][info][gc,heap        ] GC(395) PSYoungGen: 106602K(297472K)->106602K(297472K) Eden: 88575K(88576K)->88575K(88576K) From: 18026K(208896K)->18026K(208896K)
[174.551s][info][gc,heap        ] GC(395) ParOldGen: 10922712K(10923008K)->10922712K(10923008K)
[174.551s][info][gc,metaspace   ] GC(395) Metaspace: 6298K(6464K)->6298K(6464K) NonClass: 5764K(5824K)->5764K(5824K) Class: 533K(640K)->533K(640K)
[174.551s][info][gc             ] GC(395) Pause Full (Ergonomics) 10770M->10770M(10957M) 3168.096ms
[174.551s][info][gc,cpu         ] GC(395) User=24.66s Sys=0.02s Real=3.17s
[174.551s][info][gc,start       ] GC(396) Pause Full (Ergonomics)
[174.551s][info][gc,phases,start] GC(396) Marking Phase
[177.073s][info][gc,phases      ] GC(396) Marking Phase 2521.784ms
[177.073s][info][gc,phases,start] GC(396) Summary Phase
[177.073s][info][gc,phases      ] GC(396) Summary Phase 0.106ms
[177.073s][info][gc,phases,start] GC(396) Adjust Roots
[177.073s][info][gc,phases      ] GC(396) Adjust Roots 0.215ms
[177.074s][info][gc,phases,start] GC(396) Compaction Phase
[177.735s][info][gc,phases      ] GC(396) Compaction Phase 661.433ms
[177.735s][info][gc,phases,start] GC(396) Post Compact
[177.749s][info][gc,phases      ] GC(396) Post Compact 13.803ms
[177.749s][info][gc,heap        ] GC(396) PSYoungGen: 106602K(297472K)->106602K(297472K) Eden: 88575K(88576K)->88575K(88576K) From: 18026K(208896K)->18026K(208896K)
[177.749s][info][gc,heap        ] GC(396) ParOldGen: 10922717K(10923008K)->10922717K(10923008K)
[177.749s][info][gc,metaspace   ] GC(396) Metaspace: 6298K(6464K)->6298K(6464K) NonClass: 5764K(5824K)->5764K(5824K) Class: 533K(640K)->533K(640K)
[177.749s][info][gc             ] GC(396) Pause Full (Ergonomics) 10770M->10770M(10957M) 3197.675ms
[177.749s][info][gc,cpu         ] GC(396) User=24.80s Sys=0.00s Real=3.20s
[177.749s][info][gc,start       ] GC(397) Pause Full (Ergonomics)
[177.749s][info][gc,phases,start] GC(397) Marking Phase
[180.245s][info][gc,phases      ] GC(397) Marking Phase 2495.793ms
[180.245s][info][gc,phases,start] GC(397) Summary Phase
[180.245s][info][gc,phases      ] GC(397) Summary Phase 0.102ms
[180.245s][info][gc,phases,start] GC(397) Adjust Roots
[180.245s][info][gc,phases      ] GC(397) Adjust Roots 0.167ms
[180.245s][info][gc,phases,start] GC(397) Compaction Phase
[180.908s][info][gc,phases      ] GC(397) Compaction Phase 662.203ms
[180.908s][info][gc,phases,start] GC(397) Post Compact
[180.923s][info][gc,phases      ] GC(397) Post Compact 15.102ms
[180.923s][info][gc,heap        ] GC(397) PSYoungGen: 106602K(297472K)->106602K(297472K) Eden: 88575K(88576K)->88575K(88576K) From: 18026K(208896K)->18026K(208896K)
[180.923s][info][gc,heap        ] GC(397) ParOldGen: 10922722K(10923008K)->10922722K(10923008K)
[180.923s][info][gc,metaspace   ] GC(397) Metaspace: 6298K(6464K)->6298K(6464K) NonClass: 5764K(5824K)->5764K(5824K) Class: 533K(640K)->533K(640K)
[180.923s][info][gc             ] GC(397) Pause Full (Ergonomics) 10770M->10770M(10957M) 3173.703ms
[180.923s][info][gc,cpu         ] GC(397) User=24.70s Sys=0.00s Real=3.17s
[180.923s][info][gc,start       ] GC(398) Pause Full (Ergonomics)
[180.923s][info][gc,phases,start] GC(398) Marking Phase
[183.412s][info][gc,phases      ] GC(398) Marking Phase 2488.775ms
[183.412s][info][gc,phases,start] GC(398) Summary Phase
[183.412s][info][gc,phases      ] GC(398) Summary Phase 0.106ms
[183.412s][info][gc,phases,start] GC(398) Adjust Roots
[183.412s][info][gc,phases      ] GC(398) Adjust Roots 0.179ms
[183.412s][info][gc,phases,start] GC(398) Compaction Phase
[184.094s][info][gc,phases      ] GC(398) Compaction Phase 681.578ms
[184.094s][info][gc,phases,start] GC(398) Post Compact
[184.109s][info][gc,phases      ] GC(398) Post Compact 15.422ms
[184.109s][info][gc,heap        ] GC(398) PSYoungGen: 106602K(297472K)->106602K(297472K) Eden: 88575K(88576K)->88575K(88576K) From: 18026K(208896K)->18026K(208896K)
[184.109s][info][gc,heap        ] GC(398) ParOldGen: 10922727K(10923008K)->10922727K(10923008K)
[184.109s][info][gc,metaspace   ] GC(398) Metaspace: 6298K(6464K)->6298K(6464K) NonClass: 5764K(5824K)->5764K(5824K) Class: 533K(640K)->533K(640K)
[184.110s][info][gc             ] GC(398) Pause Full (Ergonomics) 10770M->10770M(10957M) 3186.441ms
[184.110s][info][gc,cpu         ] GC(398) User=24.73s Sys=0.02s Real=3.19s
[184.110s][info][gc,start       ] GC(399) Pause Full (Ergonomics)
[184.110s][info][gc,phases,start] GC(399) Marking Phase
[186.623s][info][gc,phases      ] GC(399) Marking Phase 2512.930ms
[186.623s][info][gc,phases,start] GC(399) Summary Phase
[186.623s][info][gc,phases      ] GC(399) Summary Phase 0.142ms
[186.623s][info][gc,phases,start] GC(399) Adjust Roots
[186.623s][info][gc,phases      ] GC(399) Adjust Roots 0.260ms
[186.623s][info][gc,phases,start] GC(399) Compaction Phase
[187.299s][info][gc,phases      ] GC(399) Compaction Phase 675.660ms
[187.299s][info][gc,phases,start] GC(399) Post Compact
[187.315s][info][gc,phases      ] GC(399) Post Compact 16.202ms
[187.315s][info][gc,heap        ] GC(399) PSYoungGen: 106602K(297472K)->106602K(297472K) Eden: 88575K(88576K)->88575K(88576K) From: 18026K(208896K)->18026K(208896K)
[187.315s][info][gc,heap        ] GC(399) ParOldGen: 10922732K(10923008K)->10922732K(10923008K)
[187.315s][info][gc,metaspace   ] GC(399) Metaspace: 6298K(6464K)->6298K(6464K) NonClass: 5764K(5824K)->5764K(5824K) Class: 533K(640K)->533K(640K)
[187.315s][info][gc             ] GC(399) Pause Full (Ergonomics) 10770M->10770M(10957M) 3205.602ms
[187.315s][info][gc,cpu         ] GC(399) User=24.84s Sys=0.00s Real=3.21s
[187.316s][info][gc,start       ] GC(400) Pause Full (Ergonomics)
[187.316s][info][gc,phases,start] GC(400) Marking Phase
[189.787s][info][gc,phases      ] GC(400) Marking Phase 2471.731ms
[189.787s][info][gc,phases,start] GC(400) Summary Phase
[189.788s][info][gc,phases      ] GC(400) Summary Phase 0.162ms
[189.788s][info][gc,phases,start] GC(400) Adjust Roots
[189.788s][info][gc,phases      ] GC(400) Adjust Roots 0.308ms
[189.788s][info][gc,phases,start] GC(400) Compaction Phase
[190.476s][info][gc,phases      ] GC(400) Compaction Phase 688.276ms
[190.476s][info][gc,phases,start] GC(400) Post Compact
[190.491s][info][gc,phases      ] GC(400) Post Compact 14.447ms
[190.491s][info][gc,heap        ] GC(400) PSYoungGen: 106602K(297472K)->106602K(297472K) Eden: 88575K(88576K)->88575K(88576K) From: 18026K(208896K)->18026K(208896K)
[190.491s][info][gc,heap        ] GC(400) ParOldGen: 10922736K(10923008K)->10922736K(10923008K)
[190.491s][info][gc,metaspace   ] GC(400) Metaspace: 6298K(6464K)->6298K(6464K) NonClass: 5764K(5824K)->5764K(5824K) Class: 533K(640K)->533K(640K)
[190.491s][info][gc             ] GC(400) Pause Full (Ergonomics) 10770M->10770M(10957M) 3175.272ms
[190.491s][info][gc,cpu         ] GC(400) User=24.34s Sys=0.00s Real=3.18s
[190.491s][info][gc,start       ] GC(401) Pause Full (Ergonomics)
[190.491s][info][gc,phases,start] GC(401) Marking Phase
[192.966s][info][gc,phases      ] GC(401) Marking Phase 2475.115ms
[192.966s][info][gc,phases,start] GC(401) Summary Phase
[192.966s][info][gc,phases      ] GC(401) Summary Phase 0.103ms
[192.966s][info][gc,phases,start] GC(401) Adjust Roots
[192.967s][info][gc,phases      ] GC(401) Adjust Roots 0.168ms
[192.967s][info][gc,phases,start] GC(401) Compaction Phase
[193.640s][info][gc,phases      ] GC(401) Compaction Phase 673.375ms
[193.640s][info][gc,phases,start] GC(401) Post Compact
[193.656s][info][gc,phases      ] GC(401) Post Compact 16.191ms
[193.656s][info][gc,heap        ] GC(401) PSYoungGen: 106602K(297472K)->106602K(297472K) Eden: 88575K(88576K)->88575K(88576K) From: 18026K(208896K)->18026K(208896K)
[193.656s][info][gc,heap        ] GC(401) ParOldGen: 10922741K(10923008K)->10922741K(10923008K)
[193.656s][info][gc,metaspace   ] GC(401) Metaspace: 6298K(6464K)->6298K(6464K) NonClass: 5764K(5824K)->5764K(5824K) Class: 533K(640K)->533K(640K)
[193.656s][info][gc             ] GC(401) Pause Full (Ergonomics) 10770M->10770M(10957M) 3165.334ms
[193.656s][info][gc,cpu         ] GC(401) User=24.45s Sys=0.00s Real=3.17s
[193.657s][info][gc,start       ] GC(402) Pause Full (Ergonomics)
[193.657s][info][gc,phases,start] GC(402) Marking Phase
[196.196s][info][gc,phases      ] GC(402) Marking Phase 2539.327ms
[196.196s][info][gc,phases,start] GC(402) Summary Phase
[196.196s][info][gc,phases      ] GC(402) Summary Phase 0.136ms
[196.196s][info][gc,phases,start] GC(402) Adjust Roots
[196.196s][info][gc,phases      ] GC(402) Adjust Roots 0.246ms
[196.196s][info][gc,phases,start] GC(402) Compaction Phase
[196.928s][info][gc,phases      ] GC(402) Compaction Phase 731.753ms
[196.928s][info][gc,phases,start] GC(402) Post Compact
[196.947s][info][gc,phases      ] GC(402) Post Compact 19.127ms
[196.948s][info][gc,heap        ] GC(402) PSYoungGen: 106602K(297472K)->106602K(297472K) Eden: 88575K(88576K)->88575K(88576K) From: 18026K(208896K)->18026K(208896K)
[196.948s][info][gc,heap        ] GC(402) ParOldGen: 10922746K(10923008K)->10922746K(10923008K)
[196.948s][info][gc,metaspace   ] GC(402) Metaspace: 6298K(6464K)->6298K(6464K) NonClass: 5764K(5824K)->5764K(5824K) Class: 533K(640K)->533K(640K)
[196.948s][info][gc             ] GC(402) Pause Full (Ergonomics) 10770M->10770M(10957M) 3291.023ms
[196.948s][info][gc,cpu         ] GC(402) User=24.41s Sys=0.00s Real=3.29s
[196.948s][info][gc,start       ] GC(403) Pause Full (Ergonomics)
[196.948s][info][gc,phases,start] GC(403) Marking Phase
[199.591s][info][gc,phases      ] GC(403) Marking Phase 2642.914ms
[199.591s][info][gc,phases,start] GC(403) Summary Phase
[199.591s][info][gc,phases      ] GC(403) Summary Phase 0.107ms
[199.591s][info][gc,phases,start] GC(403) Adjust Roots
[199.591s][info][gc,phases      ] GC(403) Adjust Roots 0.173ms
[199.591s][info][gc,phases,start] GC(403) Compaction Phase
[200.311s][info][gc,phases      ] GC(403) Compaction Phase 720.028ms
[200.311s][info][gc,phases,start] GC(403) Post Compact
[200.327s][info][gc,phases      ] GC(403) Post Compact 15.738ms
[200.327s][info][gc,heap        ] GC(403) PSYoungGen: 106602K(297472K)->106602K(297472K) Eden: 88575K(88576K)->88575K(88576K) From: 18026K(208896K)->18026K(208896K)
[200.327s][info][gc,heap        ] GC(403) ParOldGen: 10922751K(10923008K)->10922751K(10923008K)
[200.327s][info][gc,metaspace   ] GC(403) Metaspace: 6298K(6464K)->6298K(6464K) NonClass: 5764K(5824K)->5764K(5824K) Class: 533K(640K)->533K(640K)
[200.327s][info][gc             ] GC(403) Pause Full (Ergonomics) 10770M->10770M(10957M) 3379.310ms
[200.327s][info][gc,cpu         ] GC(403) User=24.03s Sys=0.00s Real=3.38s
[200.327s][info][gc,start       ] GC(404) Pause Full (Ergonomics)
[200.327s][info][gc,phases,start] GC(404) Marking Phase
[202.979s][info][gc,phases      ] GC(404) Marking Phase 2652.061ms
[202.980s][info][gc,phases,start] GC(404) Summary Phase
[202.980s][info][gc,phases      ] GC(404) Summary Phase 0.140ms
[202.980s][info][gc,phases,start] GC(404) Adjust Roots
[202.980s][info][gc,phases      ] GC(404) Adjust Roots 0.241ms
[202.980s][info][gc,phases,start] GC(404) Compaction Phase
[203.693s][info][gc,phases      ] GC(404) Compaction Phase 712.632ms
[203.693s][info][gc,phases,start] GC(404) Post Compact
[203.710s][info][gc,phases      ] GC(404) Post Compact 17.667ms
[203.711s][info][gc,heap        ] GC(404) PSYoungGen: 106602K(297472K)->106602K(297472K) Eden: 88575K(88576K)->88575K(88576K) From: 18026K(208896K)->18026K(208896K)
[203.711s][info][gc,heap        ] GC(404) ParOldGen: 10922756K(10923008K)->10922756K(10923008K)
[203.711s][info][gc,metaspace   ] GC(404) Metaspace: 6298K(6464K)->6298K(6464K) NonClass: 5764K(5824K)->5764K(5824K) Class: 533K(640K)->533K(640K)
[203.711s][info][gc             ] GC(404) Pause Full (Ergonomics) 10770M->10770M(10957M) 3383.215ms
[203.711s][info][gc,cpu         ] GC(404) User=24.39s Sys=0.03s Real=3.38s
[203.711s][info][gc,start       ] GC(405) Pause Full (Ergonomics)
[203.711s][info][gc,phases,start] GC(405) Marking Phase
[206.268s][info][gc,phases      ] GC(405) Marking Phase 2557.064ms
[206.268s][info][gc,phases,start] GC(405) Summary Phase
[206.268s][info][gc,phases      ] GC(405) Summary Phase 0.271ms
[206.268s][info][gc,phases,start] GC(405) Adjust Roots
[206.269s][info][gc,phases      ] GC(405) Adjust Roots 0.286ms
[206.269s][info][gc,phases,start] GC(405) Compaction Phase
[206.975s][info][gc,phases      ] GC(405) Compaction Phase 706.871ms
[206.976s][info][gc,phases,start] GC(405) Post Compact
[206.992s][info][gc,phases      ] GC(405) Post Compact 16.115ms
[206.992s][info][gc,heap        ] GC(405) PSYoungGen: 106602K(297472K)->106602K(297472K) Eden: 88575K(88576K)->88575K(88576K) From: 18026K(208896K)->18026K(208896K)
[206.992s][info][gc,heap        ] GC(405) ParOldGen: 10922761K(10923008K)->10922761K(10923008K)
[206.992s][info][gc,metaspace   ] GC(405) Metaspace: 6298K(6464K)->6298K(6464K) NonClass: 5764K(5824K)->5764K(5824K) Class: 533K(640K)->533K(640K)
[206.992s][info][gc             ] GC(405) Pause Full (Ergonomics) 10770M->10770M(10957M) 3280.994ms
[206.992s][info][gc,cpu         ] GC(405) User=24.73s Sys=0.00s Real=3.28s
[206.992s][info][gc,start       ] GC(406) Pause Full (Ergonomics)
[206.992s][info][gc,phases,start] GC(406) Marking Phase
[209.658s][info][gc,phases      ] GC(406) Marking Phase 2666.233ms
[209.658s][info][gc,phases,start] GC(406) Summary Phase
[209.659s][info][gc,phases      ] GC(406) Summary Phase 0.198ms
[209.659s][info][gc,phases,start] GC(406) Adjust Roots
[209.659s][info][gc,phases      ] GC(406) Adjust Roots 0.202ms
[209.659s][info][gc,phases,start] GC(406) Compaction Phase
[210.340s][info][gc,phases      ] GC(406) Compaction Phase 680.957ms
[210.340s][info][gc,phases,start] GC(406) Post Compact
[210.355s][info][gc,phases      ] GC(406) Post Compact 15.107ms
[210.355s][info][gc,heap        ] GC(406) PSYoungGen: 106602K(297472K)->106602K(297472K) Eden: 88575K(88576K)->88575K(88576K) From: 18026K(208896K)->18026K(208896K)
[210.355s][info][gc,heap        ] GC(406) ParOldGen: 10922765K(10923008K)->10922765K(10923008K)
[210.355s][info][gc,metaspace   ] GC(406) Metaspace: 6298K(6464K)->6298K(6464K) NonClass: 5764K(5824K)->5764K(5824K) Class: 533K(640K)->533K(640K)
[210.355s][info][gc             ] GC(406) Pause Full (Ergonomics) 10770M->10770M(10957M) 3363.121ms
[210.355s][info][gc,cpu         ] GC(406) User=24.56s Sys=0.03s Real=3.36s
[210.355s][info][gc,start       ] GC(407) Pause Full (Ergonomics)
[210.355s][info][gc,phases,start] GC(407) Marking Phase
[212.916s][info][gc,phases      ] GC(407) Marking Phase 2560.419ms
[212.916s][info][gc,phases,start] GC(407) Summary Phase
[212.916s][info][gc,phases      ] GC(407) Summary Phase 0.118ms
[212.916s][info][gc,phases,start] GC(407) Adjust Roots
[212.916s][info][gc,phases      ] GC(407) Adjust Roots 0.253ms
[212.916s][info][gc,phases,start] GC(407) Compaction Phase
[213.599s][info][gc,phases      ] GC(407) Compaction Phase 682.607ms
[213.599s][info][gc,phases,start] GC(407) Post Compact
[213.616s][info][gc,phases      ] GC(407) Post Compact 17.394ms
[213.616s][info][gc,heap        ] GC(407) PSYoungGen: 106602K(297472K)->106602K(297472K) Eden: 88575K(88576K)->88575K(88576K) From: 18026K(208896K)->18026K(208896K)
[213.616s][info][gc,heap        ] GC(407) ParOldGen: 10922770K(10923008K)->10922770K(10923008K)
[213.616s][info][gc,metaspace   ] GC(407) Metaspace: 6298K(6464K)->6298K(6464K) NonClass: 5764K(5824K)->5764K(5824K) Class: 533K(640K)->533K(640K)
[213.617s][info][gc             ] GC(407) Pause Full (Ergonomics) 10770M->10770M(10957M) 3261.150ms
[213.617s][info][gc,cpu         ] GC(407) User=24.50s Sys=0.03s Real=3.26s
[213.617s][info][gc,start       ] GC(408) Pause Full (Ergonomics)
[213.617s][info][gc,phases,start] GC(408) Marking Phase
[216.134s][info][gc,phases      ] GC(408) Marking Phase 2517.690ms
[216.134s][info][gc,phases,start] GC(408) Summary Phase
[216.135s][info][gc,phases      ] GC(408) Summary Phase 0.131ms
[216.135s][info][gc,phases,start] GC(408) Adjust Roots
[216.135s][info][gc,phases      ] GC(408) Adjust Roots 0.173ms
[216.135s][info][gc,phases,start] GC(408) Compaction Phase
[216.818s][info][gc,phases      ] GC(408) Compaction Phase 682.911ms
[216.818s][info][gc,phases,start] GC(408) Post Compact
[216.834s][info][gc,phases      ] GC(408) Post Compact 15.778ms
[216.834s][info][gc,heap        ] GC(408) PSYoungGen: 106602K(297472K)->106602K(297472K) Eden: 88575K(88576K)->88575K(88576K) From: 18026K(208896K)->18026K(208896K)
[216.834s][info][gc,heap        ] GC(408) ParOldGen: 10922775K(10923008K)->10922775K(10923008K)
[216.834s][info][gc,metaspace   ] GC(408) Metaspace: 6298K(6464K)->6298K(6464K) NonClass: 5764K(5824K)->5764K(5824K) Class: 533K(640K)->533K(640K)
[216.834s][info][gc             ] GC(408) Pause Full (Ergonomics) 10770M->10770M(10957M) 3217.053ms
[216.834s][info][gc,cpu         ] GC(408) User=24.81s Sys=0.02s Real=3.22s
[216.834s][info][gc,start       ] GC(409) Pause Full (Ergonomics)
[216.834s][info][gc,phases,start] GC(409) Marking Phase
[219.357s][info][gc,phases      ] GC(409) Marking Phase 2522.961ms
[219.357s][info][gc,phases,start] GC(409) Summary Phase
[219.357s][info][gc,phases      ] GC(409) Summary Phase 0.111ms
[219.357s][info][gc,phases,start] GC(409) Adjust Roots
[219.357s][info][gc,phases      ] GC(409) Adjust Roots 0.186ms
[219.357s][info][gc,phases,start] GC(409) Compaction Phase
[220.045s][info][gc,phases      ] GC(409) Compaction Phase 687.367ms
[220.045s][info][gc,phases,start] GC(409) Post Compact
[220.061s][info][gc,phases      ] GC(409) Post Compact 16.023ms
[220.061s][info][gc,heap        ] GC(409) PSYoungGen: 106602K(297472K)->106602K(297472K) Eden: 88575K(88576K)->88575K(88576K) From: 18026K(208896K)->18026K(208896K)
[220.061s][info][gc,heap        ] GC(409) ParOldGen: 10922780K(10923008K)->10922780K(10923008K)
[220.061s][info][gc,metaspace   ] GC(409) Metaspace: 6298K(6464K)->6298K(6464K) NonClass: 5764K(5824K)->5764K(5824K) Class: 533K(640K)->533K(640K)
[220.061s][info][gc             ] GC(409) Pause Full (Ergonomics) 10770M->10770M(10957M) 3226.963ms
[220.061s][info][gc,cpu         ] GC(409) User=24.83s Sys=0.02s Real=3.23s
[220.061s][info][gc,start       ] GC(410) Pause Full (Ergonomics)
[220.061s][info][gc,phases,start] GC(410) Marking Phase
[222.548s][info][gc,phases      ] GC(410) Marking Phase 2486.347ms
[222.548s][info][gc,phases,start] GC(410) Summary Phase
[222.548s][info][gc,phases      ] GC(410) Summary Phase 0.200ms
[222.548s][info][gc,phases,start] GC(410) Adjust Roots
[222.548s][info][gc,phases      ] GC(410) Adjust Roots 0.220ms
[222.548s][info][gc,phases,start] GC(410) Compaction Phase
[223.225s][info][gc,phases      ] GC(410) Compaction Phase 676.935ms
[223.225s][info][gc,phases,start] GC(410) Post Compact
[223.240s][info][gc,phases      ] GC(410) Post Compact 15.289ms
[223.240s][info][gc,heap        ] GC(410) PSYoungGen: 106602K(297472K)->106602K(297472K) Eden: 88575K(88576K)->88575K(88576K) From: 18026K(208896K)->18026K(208896K)
[223.240s][info][gc,heap        ] GC(410) ParOldGen: 10922785K(10923008K)->10922785K(10923008K)
[223.240s][info][gc,metaspace   ] GC(410) Metaspace: 6298K(6464K)->6298K(6464K) NonClass: 5764K(5824K)->5764K(5824K) Class: 533K(640K)->533K(640K)
[223.241s][info][gc             ] GC(410) Pause Full (Ergonomics) 10770M->10770M(10957M) 3179.360ms
[223.241s][info][gc,cpu         ] GC(410) User=24.64s Sys=0.02s Real=3.18s
[223.241s][info][gc,start       ] GC(411) Pause Full (Ergonomics)
[223.241s][info][gc,phases,start] GC(411) Marking Phase
[225.731s][info][gc,phases      ] GC(411) Marking Phase 2490.533ms
[225.731s][info][gc,phases,start] GC(411) Summary Phase
[225.731s][info][gc,phases      ] GC(411) Summary Phase 0.107ms
[225.732s][info][gc,phases,start] GC(411) Adjust Roots
[225.732s][info][gc,phases      ] GC(411) Adjust Roots 0.173ms
[225.732s][info][gc,phases,start] GC(411) Compaction Phase
[226.426s][info][gc,phases      ] GC(411) Compaction Phase 694.002ms
[226.426s][info][gc,phases,start] GC(411) Post Compact
[226.442s][info][gc,phases      ] GC(411) Post Compact 16.065ms
[226.442s][info][gc,heap        ] GC(411) PSYoungGen: 106602K(297472K)->106602K(297472K) Eden: 88575K(88576K)->88575K(88576K) From: 18026K(208896K)->18026K(208896K)
[226.442s][info][gc,heap        ] GC(411) ParOldGen: 10922790K(10923008K)->10922790K(10923008K)
[226.442s][info][gc,metaspace   ] GC(411) Metaspace: 6298K(6464K)->6298K(6464K) NonClass: 5764K(5824K)->5764K(5824K) Class: 533K(640K)->533K(640K)
[226.442s][info][gc             ] GC(411) Pause Full (Ergonomics) 10770M->10770M(10957M) 3201.223ms
[226.442s][info][gc,cpu         ] GC(411) User=24.61s Sys=0.03s Real=3.20s
[226.442s][info][gc,start       ] GC(412) Pause Full (Ergonomics)
[226.442s][info][gc,phases,start] GC(412) Marking Phase
[228.933s][info][gc,phases      ] GC(412) Marking Phase 2490.766ms
[228.933s][info][gc,phases,start] GC(412) Summary Phase
[228.933s][info][gc,phases      ] GC(412) Summary Phase 0.105ms
[228.933s][info][gc,phases,start] GC(412) Adjust Roots
[228.933s][info][gc,phases      ] GC(412) Adjust Roots 0.161ms
[228.933s][info][gc,phases,start] GC(412) Compaction Phase
[229.654s][info][gc,phases      ] GC(412) Compaction Phase 720.204ms
[229.654s][info][gc,phases,start] GC(412) Post Compact
[229.669s][info][gc,phases      ] GC(412) Post Compact 15.127ms
[229.669s][info][gc,heap        ] GC(412) PSYoungGen: 106602K(297472K)->106602K(297472K) Eden: 88575K(88576K)->88575K(88576K) From: 18026K(208896K)->18026K(208896K)
[229.669s][info][gc,heap        ] GC(412) ParOldGen: 10922794K(10923008K)->10922794K(10923008K)
[229.669s][info][gc,metaspace   ] GC(412) Metaspace: 6298K(6464K)->6298K(6464K) NonClass: 5764K(5824K)->5764K(5824K) Class: 533K(640K)->533K(640K)
[229.669s][info][gc             ] GC(412) Pause Full (Ergonomics) 10770M->10770M(10957M) 3226.700ms
[229.669s][info][gc,cpu         ] GC(412) User=24.44s Sys=0.02s Real=3.23s
[229.669s][info][gc,start       ] GC(413) Pause Full (Ergonomics)
[229.669s][info][gc,phases,start] GC(413) Marking Phase
[232.260s][info][gc,phases      ] GC(413) Marking Phase 2590.740ms
[232.260s][info][gc,phases,start] GC(413) Summary Phase
[232.260s][info][gc,phases      ] GC(413) Summary Phase 0.107ms
[232.260s][info][gc,phases,start] GC(413) Adjust Roots
[232.260s][info][gc,phases      ] GC(413) Adjust Roots 0.174ms
[232.260s][info][gc,phases,start] GC(413) Compaction Phase
[232.971s][info][gc,phases      ] GC(413) Compaction Phase 710.754ms
[232.971s][info][gc,phases,start] GC(413) Post Compact
[232.986s][info][gc,phases      ] GC(413) Post Compact 14.544ms
[232.986s][info][gc,heap        ] GC(413) PSYoungGen: 106602K(297472K)->106602K(297472K) Eden: 88575K(88576K)->88575K(88576K) From: 18026K(208896K)->18026K(208896K)
[232.986s][info][gc,heap        ] GC(413) ParOldGen: 10922799K(10923008K)->10922799K(10923008K)
[232.986s][info][gc,metaspace   ] GC(413) Metaspace: 6298K(6464K)->6298K(6464K) NonClass: 5764K(5824K)->5764K(5824K) Class: 533K(640K)->533K(640K)
[232.986s][info][gc             ] GC(413) Pause Full (Ergonomics) 10770M->10770M(10957M) 3316.646ms
[232.986s][info][gc,cpu         ] GC(413) User=23.72s Sys=0.03s Real=3.32s
[232.986s][info][gc,start       ] GC(414) Pause Full (Ergonomics)
[232.986s][info][gc,phases,start] GC(414) Marking Phase
[235.464s][info][gc,phases      ] GC(414) Marking Phase 2477.756ms
[235.464s][info][gc,phases,start] GC(414) Summary Phase
[235.464s][info][gc,phases      ] GC(414) Summary Phase 0.100ms
[235.464s][info][gc,phases,start] GC(414) Adjust Roots
[235.464s][info][gc,phases      ] GC(414) Adjust Roots 0.166ms
[235.464s][info][gc,phases,start] GC(414) Compaction Phase
[236.148s][info][gc,phases      ] GC(414) Compaction Phase 683.818ms
[236.148s][info][gc,phases,start] GC(414) Post Compact
[236.162s][info][gc,phases      ] GC(414) Post Compact 14.328ms
[236.162s][info][gc,heap        ] GC(414) PSYoungGen: 106602K(297472K)->106602K(297472K) Eden: 88575K(88576K)->88575K(88576K) From: 18026K(208896K)->18026K(208896K)
[236.162s][info][gc,heap        ] GC(414) ParOldGen: 10922804K(10923008K)->10922804K(10923008K)
[236.162s][info][gc,metaspace   ] GC(414) Metaspace: 6298K(6464K)->6298K(6464K) NonClass: 5764K(5824K)->5764K(5824K) Class: 533K(640K)->533K(640K)
[236.162s][info][gc             ] GC(414) Pause Full (Ergonomics) 10770M->10770M(10957M) 3176.472ms
[236.162s][info][gc,cpu         ] GC(414) User=24.47s Sys=0.00s Real=3.18s
[236.163s][info][gc,start       ] GC(415) Pause Full (Ergonomics)
[236.163s][info][gc,phases,start] GC(415) Marking Phase
[238.690s][info][gc,phases      ] GC(415) Marking Phase 2527.176ms
[238.690s][info][gc,phases,start] GC(415) Summary Phase
[238.690s][info][gc,phases      ] GC(415) Summary Phase 0.135ms
[238.690s][info][gc,phases,start] GC(415) Adjust Roots
[238.690s][info][gc,phases      ] GC(415) Adjust Roots 0.261ms
[238.690s][info][gc,phases,start] GC(415) Compaction Phase
[239.371s][info][gc,phases      ] GC(415) Compaction Phase 680.840ms
[239.371s][info][gc,phases,start] GC(415) Post Compact
[239.386s][info][gc,phases      ] GC(415) Post Compact 14.174ms
[239.386s][info][gc,heap        ] GC(415) PSYoungGen: 106602K(297472K)->106602K(297472K) Eden: 88575K(88576K)->88575K(88576K) From: 18026K(208896K)->18026K(208896K)
[239.386s][info][gc,heap        ] GC(415) ParOldGen: 10922809K(10923008K)->10922809K(10923008K)
[239.386s][info][gc,metaspace   ] GC(415) Metaspace: 6298K(6464K)->6298K(6464K) NonClass: 5764K(5824K)->5764K(5824K) Class: 533K(640K)->533K(640K)
[239.386s][info][gc             ] GC(415) Pause Full (Ergonomics) 10770M->10770M(10957M) 3223.030ms
[239.386s][info][gc,cpu         ] GC(415) User=24.67s Sys=0.03s Real=3.22s
[239.386s][info][gc,start       ] GC(416) Pause Full (Ergonomics)
[239.386s][info][gc,phases,start] GC(416) Marking Phase
[241.955s][info][gc,phases      ] GC(416) Marking Phase 2568.975ms
[241.955s][info][gc,phases,start] GC(416) Summary Phase
[241.955s][info][gc,phases      ] GC(416) Summary Phase 0.206ms
[241.955s][info][gc,phases,start] GC(416) Adjust Roots
[241.955s][info][gc,phases      ] GC(416) Adjust Roots 0.186ms
[241.955s][info][gc,phases,start] GC(416) Compaction Phase
[242.660s][info][gc,phases      ] GC(416) Compaction Phase 705.036ms
[242.660s][info][gc,phases,start] GC(416) Post Compact
[242.675s][info][gc,phases      ] GC(416) Post Compact 14.294ms
[242.675s][info][gc,heap        ] GC(416) PSYoungGen: 106602K(297472K)->106602K(297472K) Eden: 88575K(88576K)->88575K(88576K) From: 18026K(208896K)->18026K(208896K)
[242.675s][info][gc,heap        ] GC(416) ParOldGen: 10922814K(10923008K)->10922814K(10923008K)
[242.675s][info][gc,metaspace   ] GC(416) Metaspace: 6298K(6464K)->6298K(6464K) NonClass: 5764K(5824K)->5764K(5824K) Class: 533K(640K)->533K(640K)
[242.675s][info][gc             ] GC(416) Pause Full (Ergonomics) 10770M->10770M(10957M) 3289.036ms
[242.675s][info][gc,cpu         ] GC(416) User=24.73s Sys=0.02s Real=3.29s
[242.675s][info][gc,start       ] GC(417) Pause Full (Ergonomics)
[242.675s][info][gc,phases,start] GC(417) Marking Phase
[245.237s][info][gc,phases      ] GC(417) Marking Phase 2561.635ms
[245.237s][info][gc,phases,start] GC(417) Summary Phase
[245.237s][info][gc,phases      ] GC(417) Summary Phase 0.178ms
[245.237s][info][gc,phases,start] GC(417) Adjust Roots
[245.237s][info][gc,phases      ] GC(417) Adjust Roots 0.330ms
[245.237s][info][gc,phases,start] GC(417) Compaction Phase
[245.936s][info][gc,phases      ] GC(417) Compaction Phase 698.286ms
[245.936s][info][gc,phases,start] GC(417) Post Compact
[245.950s][info][gc,phases      ] GC(417) Post Compact 14.400ms
[245.950s][info][gc,heap        ] GC(417) PSYoungGen: 106602K(297472K)->106602K(297472K) Eden: 88575K(88576K)->88575K(88576K) From: 18026K(208896K)->18026K(208896K)
[245.950s][info][gc,heap        ] GC(417) ParOldGen: 10922819K(10923008K)->10922819K(10923008K)
[245.950s][info][gc,metaspace   ] GC(417) Metaspace: 6298K(6464K)->6298K(6464K) NonClass: 5764K(5824K)->5764K(5824K) Class: 533K(640K)->533K(640K)
[245.950s][info][gc             ] GC(417) Pause Full (Ergonomics) 10770M->10770M(10957M) 3275.222ms
[245.950s][info][gc,cpu         ] GC(417) User=24.58s Sys=0.00s Real=3.28s
[245.950s][info][gc,start       ] GC(418) Pause Full (Ergonomics)
[245.951s][info][gc,phases,start] GC(418) Marking Phase
[248.480s][info][gc,phases      ] GC(418) Marking Phase 2529.258ms
[248.480s][info][gc,phases,start] GC(418) Summary Phase
[248.480s][info][gc,phases      ] GC(418) Summary Phase 0.118ms
[248.480s][info][gc,phases,start] GC(418) Adjust Roots
[248.480s][info][gc,phases      ] GC(418) Adjust Roots 0.218ms
[248.480s][info][gc,phases,start] GC(418) Compaction Phase
[249.173s][info][gc,phases      ] GC(418) Compaction Phase 693.097ms
[249.173s][info][gc,phases,start] GC(418) Post Compact
[249.189s][info][gc,phases      ] GC(418) Post Compact 15.627ms
[249.189s][info][gc,heap        ] GC(418) PSYoungGen: 106602K(297472K)->106602K(297472K) Eden: 88575K(88576K)->88575K(88576K) From: 18026K(208896K)->18026K(208896K)
[249.189s][info][gc,heap        ] GC(418) ParOldGen: 10922823K(10923008K)->10922823K(10923008K)
[249.189s][info][gc,metaspace   ] GC(418) Metaspace: 6298K(6464K)->6298K(6464K) NonClass: 5764K(5824K)->5764K(5824K) Class: 533K(640K)->533K(640K)
[249.189s][info][gc             ] GC(418) Pause Full (Ergonomics) 10770M->10770M(10957M) 3238.730ms
[249.189s][info][gc,cpu         ] GC(418) User=24.58s Sys=0.00s Real=3.24s
[249.189s][info][gc,start       ] GC(419) Pause Full (Ergonomics)
[249.189s][info][gc,phases,start] GC(419) Marking Phase
[251.747s][info][gc,phases      ] GC(419) Marking Phase 2557.599ms
[251.747s][info][gc,phases,start] GC(419) Summary Phase
[251.747s][info][gc,phases      ] GC(419) Summary Phase 0.184ms
[251.747s][info][gc,phases,start] GC(419) Adjust Roots
[251.748s][info][gc,phases      ] GC(419) Adjust Roots 0.360ms
[251.748s][info][gc,phases,start] GC(419) Compaction Phase
[252.434s][info][gc,phases      ] GC(419) Compaction Phase 686.043ms
[252.434s][info][gc,phases,start] GC(419) Post Compact
[252.449s][info][gc,phases      ] GC(419) Post Compact 15.218ms
[252.449s][info][gc,heap        ] GC(419) PSYoungGen: 106602K(297472K)->106602K(297472K) Eden: 88575K(88576K)->88575K(88576K) From: 18026K(208896K)->18026K(208896K)
[252.449s][info][gc,heap        ] GC(419) ParOldGen: 10922828K(10923008K)->10922828K(10923008K)
[252.449s][info][gc,metaspace   ] GC(419) Metaspace: 6298K(6464K)->6298K(6464K) NonClass: 5764K(5824K)->5764K(5824K) Class: 533K(640K)->533K(640K)
[252.449s][info][gc             ] GC(419) Pause Full (Ergonomics) 10770M->10770M(10957M) 3259.838ms
[252.449s][info][gc,cpu         ] GC(419) User=24.36s Sys=0.02s Real=3.26s
[252.449s][info][gc,start       ] GC(420) Pause Full (Ergonomics)
[252.450s][info][gc,phases,start] GC(420) Marking Phase
[255.035s][info][gc,phases      ] GC(420) Marking Phase 2585.887ms
[255.035s][info][gc,phases,start] GC(420) Summary Phase
[255.036s][info][gc,phases      ] GC(420) Summary Phase 0.120ms
[255.036s][info][gc,phases,start] GC(420) Adjust Roots
[255.036s][info][gc,phases      ] GC(420) Adjust Roots 0.231ms
[255.036s][info][gc,phases,start] GC(420) Compaction Phase
[255.713s][info][gc,phases      ] GC(420) Compaction Phase 676.768ms
[255.713s][info][gc,phases,start] GC(420) Post Compact
[255.727s][info][gc,phases      ] GC(420) Post Compact 14.283ms
[255.727s][info][gc,heap        ] GC(420) PSYoungGen: 106602K(297472K)->106602K(297472K) Eden: 88575K(88576K)->88575K(88576K) From: 18026K(208896K)->18026K(208896K)
[255.727s][info][gc,heap        ] GC(420) ParOldGen: 10922833K(10923008K)->10922833K(10923008K)
[255.727s][info][gc,metaspace   ] GC(420) Metaspace: 6298K(6464K)->6298K(6464K) NonClass: 5764K(5824K)->5764K(5824K) Class: 533K(640K)->533K(640K)
[255.727s][info][gc             ] GC(420) Pause Full (Ergonomics) 10770M->10770M(10957M) 3277.632ms
[255.727s][info][gc,cpu         ] GC(420) User=24.47s Sys=0.02s Real=3.28s
[255.727s][info][gc,start       ] GC(421) Pause Full (Ergonomics)
[255.727s][info][gc,phases,start] GC(421) Marking Phase
[258.257s][info][gc,phases      ] GC(421) Marking Phase 2529.427ms
[258.257s][info][gc,phases,start] GC(421) Summary Phase
[258.257s][info][gc,phases      ] GC(421) Summary Phase 0.138ms
[258.257s][info][gc,phases,start] GC(421) Adjust Roots
[258.257s][info][gc,phases      ] GC(421) Adjust Roots 0.280ms
[258.257s][info][gc,phases,start] GC(421) Compaction Phase
[259.012s][info][gc,phases      ] GC(421) Compaction Phase 754.172ms
[259.012s][info][gc,phases,start] GC(421) Post Compact
[259.027s][info][gc,phases      ] GC(421) Post Compact 15.461ms
[259.027s][info][gc,heap        ] GC(421) PSYoungGen: 106602K(297472K)->106602K(297472K) Eden: 88575K(88576K)->88575K(88576K) From: 18026K(208896K)->18026K(208896K)
[259.027s][info][gc,heap        ] GC(421) ParOldGen: 10922838K(10923008K)->10922838K(10923008K)
[259.027s][info][gc,metaspace   ] GC(421) Metaspace: 6298K(6464K)->6298K(6464K) NonClass: 5764K(5824K)->5764K(5824K) Class: 533K(640K)->533K(640K)
[259.027s][info][gc             ] GC(421) Pause Full (Ergonomics) 10770M->10770M(10957M) 3299.987ms
[259.027s][info][gc,cpu         ] GC(421) User=23.50s Sys=0.02s Real=3.30s
[259.028s][info][gc,start       ] GC(422) Pause Full (Ergonomics)
[259.028s][info][gc,phases,start] GC(422) Marking Phase
[261.660s][info][gc,phases      ] GC(422) Marking Phase 2632.890ms
[261.661s][info][gc,phases,start] GC(422) Summary Phase
[261.661s][info][gc,phases      ] GC(422) Summary Phase 0.174ms
[261.661s][info][gc,phases,start] GC(422) Adjust Roots
[261.661s][info][gc,phases      ] GC(422) Adjust Roots 0.316ms
[261.661s][info][gc,phases,start] GC(422) Compaction Phase
[262.368s][info][gc,phases      ] GC(422) Compaction Phase 707.074ms
[262.368s][info][gc,phases,start] GC(422) Post Compact
[262.386s][info][gc,phases      ] GC(422) Post Compact 17.275ms
[262.386s][info][gc,heap        ] GC(422) PSYoungGen: 106602K(297472K)->106602K(297472K) Eden: 88575K(88576K)->88575K(88576K) From: 18026K(208896K)->18026K(208896K)
[262.386s][info][gc,heap        ] GC(422) ParOldGen: 10922843K(10923008K)->10922843K(10923008K)
[262.386s][info][gc,metaspace   ] GC(422) Metaspace: 6298K(6464K)->6298K(6464K) NonClass: 5764K(5824K)->5764K(5824K) Class: 533K(640K)->533K(640K)
[262.386s][info][gc             ] GC(422) Pause Full (Ergonomics) 10770M->10770M(10957M) 3358.207ms
[262.386s][info][gc,cpu         ] GC(422) User=24.78s Sys=0.05s Real=3.36s
[262.386s][info][gc,start       ] GC(423) Pause Full (Ergonomics)
[262.386s][info][gc,phases,start] GC(423) Marking Phase
[265.129s][info][gc,phases      ] GC(423) Marking Phase 2743.186ms
[265.129s][info][gc,phases,start] GC(423) Summary Phase
[265.129s][info][gc,phases      ] GC(423) Summary Phase 0.198ms
[265.130s][info][gc,phases,start] GC(423) Adjust Roots
[265.130s][info][gc,phases      ] GC(423) Adjust Roots 0.391ms
[265.130s][info][gc,phases,start] GC(423) Compaction Phase
[265.837s][info][gc,phases      ] GC(423) Compaction Phase 706.814ms
[265.837s][info][gc,phases,start] GC(423) Post Compact
[265.855s][info][gc,phases      ] GC(423) Post Compact 18.024ms
[265.855s][info][gc,heap        ] GC(423) PSYoungGen: 106602K(297472K)->106602K(297472K) Eden: 88575K(88576K)->88575K(88576K) From: 18026K(208896K)->18026K(208896K)
[265.855s][info][gc,heap        ] GC(423) ParOldGen: 10922848K(10923008K)->10922848K(10923008K)
[265.855s][info][gc,metaspace   ] GC(423) Metaspace: 6298K(6464K)->6298K(6464K) NonClass: 5764K(5824K)->5764K(5824K) Class: 533K(640K)->533K(640K)
[265.855s][info][gc             ] GC(423) Pause Full (Ergonomics) 10770M->10770M(10957M) 3469.143ms
[265.855s][info][gc,cpu         ] GC(423) User=24.39s Sys=0.03s Real=3.47s
[265.855s][info][gc,start       ] GC(424) Pause Full (Ergonomics)
[265.855s][info][gc,phases,start] GC(424) Marking Phase
[268.427s][info][gc,phases      ] GC(424) Marking Phase 2571.552ms
[268.427s][info][gc,phases,start] GC(424) Summary Phase
[268.427s][info][gc,phases      ] GC(424) Summary Phase 0.210ms
[268.427s][info][gc,phases,start] GC(424) Adjust Roots
[268.428s][info][gc,phases      ] GC(424) Adjust Roots 0.334ms
[268.428s][info][gc,phases,start] GC(424) Compaction Phase
[269.147s][info][gc,phases      ] GC(424) Compaction Phase 719.348ms
[269.147s][info][gc,phases,start] GC(424) Post Compact
[269.166s][info][gc,phases      ] GC(424) Post Compact 18.592ms
[269.166s][info][gc,heap        ] GC(424) PSYoungGen: 106602K(297472K)->106602K(297472K) Eden: 88575K(88576K)->88575K(88576K) From: 18026K(208896K)->18026K(208896K)
[269.166s][info][gc,heap        ] GC(424) ParOldGen: 10922852K(10923008K)->10922852K(10923008K)
[269.166s][info][gc,metaspace   ] GC(424) Metaspace: 6298K(6464K)->6298K(6464K) NonClass: 5764K(5824K)->5764K(5824K) Class: 533K(640K)->533K(640K)
[269.166s][info][gc             ] GC(424) Pause Full (Ergonomics) 10770M->10770M(10957M) 3310.589ms
[269.166s][info][gc,cpu         ] GC(424) User=24.73s Sys=0.00s Real=3.31s
[269.166s][info][gc,start       ] GC(425) Pause Full (Ergonomics)
[269.166s][info][gc,phases,start] GC(425) Marking Phase
[271.814s][info][gc,phases      ] GC(425) Marking Phase 2648.120ms
[271.815s][info][gc,phases,start] GC(425) Summary Phase
[271.815s][info][gc,phases      ] GC(425) Summary Phase 0.146ms
[271.815s][info][gc,phases,start] GC(425) Adjust Roots
[271.815s][info][gc,phases      ] GC(425) Adjust Roots 0.224ms
[271.815s][info][gc,phases,start] GC(425) Compaction Phase
[272.504s][info][gc,phases      ] GC(425) Compaction Phase 688.669ms
[272.504s][info][gc,phases,start] GC(425) Post Compact
[272.518s][info][gc,phases      ] GC(425) Post Compact 14.022ms
[272.518s][info][gc,heap        ] GC(425) PSYoungGen: 106602K(297472K)->106602K(297472K) Eden: 88575K(88576K)->88575K(88576K) From: 18026K(208896K)->18026K(208896K)
[272.518s][info][gc,heap        ] GC(425) ParOldGen: 10922857K(10923008K)->10922857K(10923008K)
[272.518s][info][gc,metaspace   ] GC(425) Metaspace: 6298K(6464K)->6298K(6464K) NonClass: 5764K(5824K)->5764K(5824K) Class: 533K(640K)->533K(640K)
[272.518s][info][gc             ] GC(425) Pause Full (Ergonomics) 10770M->10770M(10957M) 3351.555ms
[272.518s][info][gc,cpu         ] GC(425) User=24.33s Sys=0.02s Real=3.35s
[272.518s][info][gc,start       ] GC(426) Pause Full (Ergonomics)
[272.518s][info][gc,phases,start] GC(426) Marking Phase
[275.108s][info][gc,phases      ] GC(426) Marking Phase 2590.373ms
[275.109s][info][gc,phases,start] GC(426) Summary Phase
[275.109s][info][gc,phases      ] GC(426) Summary Phase 0.154ms
[275.109s][info][gc,phases,start] GC(426) Adjust Roots
[275.109s][info][gc,phases      ] GC(426) Adjust Roots 0.299ms
[275.109s][info][gc,phases,start] GC(426) Compaction Phase
[275.797s][info][gc,phases      ] GC(426) Compaction Phase 687.553ms
[275.797s][info][gc,phases,start] GC(426) Post Compact
[275.813s][info][gc,phases      ] GC(426) Post Compact 16.208ms
[275.813s][info][gc,heap        ] GC(426) PSYoungGen: 106602K(297472K)->106602K(297472K) Eden: 88575K(88576K)->88575K(88576K) From: 18026K(208896K)->18026K(208896K)
[275.813s][info][gc,heap        ] GC(426) ParOldGen: 10922862K(10923008K)->10922862K(10923008K)
[275.813s][info][gc,metaspace   ] GC(426) Metaspace: 6298K(6464K)->6298K(6464K) NonClass: 5764K(5824K)->5764K(5824K) Class: 533K(640K)->533K(640K)
[275.813s][info][gc             ] GC(426) Pause Full (Ergonomics) 10770M->10770M(10957M) 3295.013ms
[275.813s][info][gc,cpu         ] GC(426) User=24.45s Sys=0.00s Real=3.30s
[275.813s][info][gc,start       ] GC(427) Pause Full (Ergonomics)
[275.813s][info][gc,phases,start] GC(427) Marking Phase
[278.387s][info][gc,phases      ] GC(427) Marking Phase 2573.220ms
[278.387s][info][gc,phases,start] GC(427) Summary Phase
[278.387s][info][gc,phases      ] GC(427) Summary Phase 0.112ms
[278.387s][info][gc,phases,start] GC(427) Adjust Roots
[278.387s][info][gc,phases      ] GC(427) Adjust Roots 0.220ms
[278.387s][info][gc,phases,start] GC(427) Compaction Phase
[279.094s][info][gc,phases      ] GC(427) Compaction Phase 707.059ms
[279.094s][info][gc,phases,start] GC(427) Post Compact
[279.111s][info][gc,phases      ] GC(427) Post Compact 16.633ms
[279.111s][info][gc,heap        ] GC(427) PSYoungGen: 106602K(297472K)->106602K(297472K) Eden: 88575K(88576K)->88575K(88576K) From: 18026K(208896K)->18026K(208896K)
[279.111s][info][gc,heap        ] GC(427) ParOldGen: 10922867K(10923008K)->10922867K(10923008K)
[279.111s][info][gc,metaspace   ] GC(427) Metaspace: 6298K(6464K)->6298K(6464K) NonClass: 5764K(5824K)->5764K(5824K) Class: 533K(640K)->533K(640K)
[279.111s][info][gc             ] GC(427) Pause Full (Ergonomics) 10770M->10770M(10957M) 3297.586ms
[279.111s][info][gc,cpu         ] GC(427) User=24.31s Sys=0.00s Real=3.30s
[279.111s][info][gc,start       ] GC(428) Pause Full (Ergonomics)
[279.111s][info][gc,phases,start] GC(428) Marking Phase
[281.703s][info][gc,phases      ] GC(428) Marking Phase 2591.642ms
[281.703s][info][gc,phases,start] GC(428) Summary Phase
[281.703s][info][gc,phases      ] GC(428) Summary Phase 0.130ms
[281.703s][info][gc,phases,start] GC(428) Adjust Roots
[281.704s][info][gc,phases      ] GC(428) Adjust Roots 0.305ms
[281.704s][info][gc,phases,start] GC(428) Compaction Phase
[282.442s][info][gc,phases      ] GC(428) Compaction Phase 738.053ms
[282.442s][info][gc,phases,start] GC(428) Post Compact
[282.458s][info][gc,phases      ] GC(428) Post Compact 16.201ms
[282.458s][info][gc,heap        ] GC(428) PSYoungGen: 106602K(297472K)->106602K(297472K) Eden: 88575K(88576K)->88575K(88576K) From: 18026K(208896K)->18026K(208896K)
[282.458s][info][gc,heap        ] GC(428) ParOldGen: 10922872K(10923008K)->10922872K(10923008K)
[282.458s][info][gc,metaspace   ] GC(428) Metaspace: 6298K(6464K)->6298K(6464K) NonClass: 5764K(5824K)->5764K(5824K) Class: 533K(640K)->533K(640K)
[282.458s][info][gc             ] GC(428) Pause Full (Ergonomics) 10770M->10770M(10957M) 3346.907ms
[282.458s][info][gc,cpu         ] GC(428) User=24.69s Sys=0.03s Real=3.35s
[282.458s][info][gc,start       ] GC(429) Pause Full (Ergonomics)
[282.458s][info][gc,phases,start] GC(429) Marking Phase
[285.046s][info][gc,phases      ] GC(429) Marking Phase 2587.481ms
[285.046s][info][gc,phases,start] GC(429) Summary Phase
[285.046s][info][gc,phases      ] GC(429) Summary Phase 0.104ms
[285.046s][info][gc,phases,start] GC(429) Adjust Roots
[285.046s][info][gc,phases      ] GC(429) Adjust Roots 0.198ms
[285.046s][info][gc,phases,start] GC(429) Compaction Phase
[285.741s][info][gc,phases      ] GC(429) Compaction Phase 694.673ms
[285.741s][info][gc,phases,start] GC(429) Post Compact
[285.756s][info][gc,phases      ] GC(429) Post Compact 14.851ms
[285.756s][info][gc,heap        ] GC(429) PSYoungGen: 106602K(297472K)->106602K(297472K) Eden: 88575K(88576K)->88575K(88576K) From: 18026K(208896K)->18026K(208896K)
[285.756s][info][gc,heap        ] GC(429) ParOldGen: 10922877K(10923008K)->10922877K(10923008K)
[285.756s][info][gc,metaspace   ] GC(429) Metaspace: 6298K(6464K)->6298K(6464K) NonClass: 5764K(5824K)->5764K(5824K) Class: 533K(640K)->533K(640K)
[285.756s][info][gc             ] GC(429) Pause Full (Ergonomics) 10770M->10770M(10957M) 3297.597ms
[285.756s][info][gc,cpu         ] GC(429) User=24.48s Sys=0.00s Real=3.30s
[285.756s][info][gc,start       ] GC(430) Pause Full (Ergonomics)
[285.756s][info][gc,phases,start] GC(430) Marking Phase
[288.292s][info][gc,phases      ] GC(430) Marking Phase 2535.470ms
[288.292s][info][gc,phases,start] GC(430) Summary Phase
[288.292s][info][gc,phases      ] GC(430) Summary Phase 0.113ms
[288.292s][info][gc,phases,start] GC(430) Adjust Roots
[288.292s][info][gc,phases      ] GC(430) Adjust Roots 0.227ms
[288.292s][info][gc,phases,start] GC(430) Compaction Phase
[288.980s][info][gc,phases      ] GC(430) Compaction Phase 688.203ms
[288.980s][info][gc,phases,start] GC(430) Post Compact
[288.996s][info][gc,phases      ] GC(430) Post Compact 15.821ms
[288.996s][info][gc,heap        ] GC(430) PSYoungGen: 106602K(297472K)->106602K(297472K) Eden: 88575K(88576K)->88575K(88576K) From: 18026K(208896K)->18026K(208896K)
[288.996s][info][gc,heap        ] GC(430) ParOldGen: 10922881K(10923008K)->10922881K(10923008K)
[288.996s][info][gc,metaspace   ] GC(430) Metaspace: 6298K(6464K)->6298K(6464K) NonClass: 5764K(5824K)->5764K(5824K) Class: 533K(640K)->533K(640K)
[288.996s][info][gc             ] GC(430) Pause Full (Ergonomics) 10770M->10770M(10957M) 3240.206ms
[288.996s][info][gc,cpu         ] GC(430) User=24.75s Sys=0.00s Real=3.24s
[288.996s][info][gc,start       ] GC(431) Pause Full (Ergonomics)
[288.996s][info][gc,phases,start] GC(431) Marking Phase
[291.704s][info][gc,phases      ] GC(431) Marking Phase 2707.184ms
[291.704s][info][gc,phases,start] GC(431) Summary Phase
[291.704s][info][gc,phases      ] GC(431) Summary Phase 0.176ms
[291.704s][info][gc,phases,start] GC(431) Adjust Roots
[291.704s][info][gc,phases      ] GC(431) Adjust Roots 0.281ms
[291.704s][info][gc,phases,start] GC(431) Compaction Phase
[292.405s][info][gc,phases      ] GC(431) Compaction Phase 700.471ms
[292.405s][info][gc,phases,start] GC(431) Post Compact
[292.426s][info][gc,phases      ] GC(431) Post Compact 20.611ms
[292.426s][info][gc,heap        ] GC(431) PSYoungGen: 106602K(297472K)->106602K(297472K) Eden: 88575K(88576K)->88575K(88576K) From: 18026K(208896K)->18026K(208896K)
[292.426s][info][gc,heap        ] GC(431) ParOldGen: 10922886K(10923008K)->10922886K(10923008K)
[292.426s][info][gc,metaspace   ] GC(431) Metaspace: 6298K(6464K)->6298K(6464K) NonClass: 5764K(5824K)->5764K(5824K) Class: 533K(640K)->533K(640K)
[292.426s][info][gc             ] GC(431) Pause Full (Ergonomics) 10770M->10770M(10957M) 3429.279ms
[292.426s][info][gc,cpu         ] GC(431) User=24.31s Sys=0.00s Real=3.43s
[292.426s][info][gc,start       ] GC(432) Pause Full (Ergonomics)
[292.426s][info][gc,phases,start] GC(432) Marking Phase
[295.049s][info][gc,phases      ] GC(432) Marking Phase 2622.638ms
[295.049s][info][gc,phases,start] GC(432) Summary Phase
[295.049s][info][gc,phases      ] GC(432) Summary Phase 0.281ms
[295.049s][info][gc,phases,start] GC(432) Adjust Roots
[295.049s][info][gc,phases      ] GC(432) Adjust Roots 0.374ms
[295.050s][info][gc,phases,start] GC(432) Compaction Phase
[295.762s][info][gc,phases      ] GC(432) Compaction Phase 711.923ms
[295.762s][info][gc,phases,start] GC(432) Post Compact
[295.776s][info][gc,phases      ] GC(432) Post Compact 14.358ms
[295.776s][info][gc,heap        ] GC(432) PSYoungGen: 106602K(297472K)->106602K(297472K) Eden: 88575K(88576K)->88575K(88576K) From: 18026K(208896K)->18026K(208896K)
[295.776s][info][gc,heap        ] GC(432) ParOldGen: 10922891K(10923008K)->10922891K(10923008K)
[295.776s][info][gc,metaspace   ] GC(432) Metaspace: 6298K(6464K)->6298K(6464K) NonClass: 5764K(5824K)->5764K(5824K) Class: 533K(640K)->533K(640K)
[295.776s][info][gc             ] GC(432) Pause Full (Ergonomics) 10770M->10770M(10957M) 3350.065ms
[295.776s][info][gc,cpu         ] GC(432) User=24.59s Sys=0.03s Real=3.35s
[295.776s][info][gc,start       ] GC(433) Pause Full (Ergonomics)
[295.776s][info][gc,phases,start] GC(433) Marking Phase
[298.381s][info][gc,phases      ] GC(433) Marking Phase 2604.886ms
[298.381s][info][gc,phases,start] GC(433) Summary Phase
[298.381s][info][gc,phases      ] GC(433) Summary Phase 0.181ms
[298.382s][info][gc,phases,start] GC(433) Adjust Roots
[298.382s][info][gc,phases      ] GC(433) Adjust Roots 0.328ms
[298.382s][info][gc,phases,start] GC(433) Compaction Phase
[299.100s][info][gc,phases      ] GC(433) Compaction Phase 718.513ms
[299.100s][info][gc,phases,start] GC(433) Post Compact
[299.125s][info][gc,phases      ] GC(433) Post Compact 24.843ms
[299.125s][info][gc,heap        ] GC(433) PSYoungGen: 106602K(297472K)->106602K(297472K) Eden: 88575K(88576K)->88575K(88576K) From: 18026K(208896K)->18026K(208896K)
[299.125s][info][gc,heap        ] GC(433) ParOldGen: 10922896K(10923008K)->10922896K(10923008K)
[299.125s][info][gc,metaspace   ] GC(433) Metaspace: 6298K(6464K)->6298K(6464K) NonClass: 5764K(5824K)->5764K(5824K) Class: 533K(640K)->533K(640K)
[299.126s][info][gc             ] GC(433) Pause Full (Ergonomics) 10770M->10770M(10957M) 3349.201ms
[299.126s][info][gc,cpu         ] GC(433) User=24.44s Sys=0.02s Real=3.35s
[299.126s][info][gc,start       ] GC(434) Pause Full (Ergonomics)
[299.126s][info][gc,phases,start] GC(434) Marking Phase
[301.834s][info][gc,phases      ] GC(434) Marking Phase 2708.048ms
[301.834s][info][gc,phases,start] GC(434) Summary Phase
[301.834s][info][gc,phases      ] GC(434) Summary Phase 0.133ms
[301.834s][info][gc,phases,start] GC(434) Adjust Roots
[301.834s][info][gc,phases      ] GC(434) Adjust Roots 0.281ms
[301.834s][info][gc,phases,start] GC(434) Compaction Phase
[302.557s][info][gc,phases      ] GC(434) Compaction Phase 722.383ms
[302.557s][info][gc,phases,start] GC(434) Post Compact
[302.578s][info][gc,phases      ] GC(434) Post Compact 21.220ms
[302.578s][info][gc,heap        ] GC(434) PSYoungGen: 106602K(297472K)->106602K(297472K) Eden: 88575K(88576K)->88575K(88576K) From: 18026K(208896K)->18026K(208896K)
[302.578s][info][gc,heap        ] GC(434) ParOldGen: 10922901K(10923008K)->10922901K(10923008K)
[302.578s][info][gc,metaspace   ] GC(434) Metaspace: 6298K(6464K)->6298K(6464K) NonClass: 5764K(5824K)->5764K(5824K) Class: 533K(640K)->533K(640K)
[302.578s][info][gc             ] GC(434) Pause Full (Ergonomics) 10771M->10771M(10957M) 3452.571ms
[302.578s][info][gc,cpu         ] GC(434) User=24.98s Sys=0.02s Real=3.45s
[302.579s][info][gc,start       ] GC(435) Pause Full (Ergonomics)
[302.579s][info][gc,phases,start] GC(435) Marking Phase
[305.436s][info][gc,phases      ] GC(435) Marking Phase 2857.108ms
[305.436s][info][gc,phases,start] GC(435) Summary Phase
[305.436s][info][gc,phases      ] GC(435) Summary Phase 0.201ms
[305.436s][info][gc,phases,start] GC(435) Adjust Roots
[305.437s][info][gc,phases      ] GC(435) Adjust Roots 0.358ms
[305.437s][info][gc,phases,start] GC(435) Compaction Phase
[306.196s][info][gc,phases      ] GC(435) Compaction Phase 759.040ms
[306.196s][info][gc,phases,start] GC(435) Post Compact
[306.216s][info][gc,phases      ] GC(435) Post Compact 19.984ms
[306.216s][info][gc,heap        ] GC(435) PSYoungGen: 106602K(297472K)->106602K(297472K) Eden: 88575K(88576K)->88575K(88576K) From: 18026K(208896K)->18026K(208896K)
[306.216s][info][gc,heap        ] GC(435) ParOldGen: 10922906K(10923008K)->10922906K(10923008K)
[306.216s][info][gc,metaspace   ] GC(435) Metaspace: 6298K(6464K)->6298K(6464K) NonClass: 5764K(5824K)->5764K(5824K) Class: 533K(640K)->533K(640K)
[306.216s][info][gc             ] GC(435) Pause Full (Ergonomics) 10771M->10771M(10957M) 3637.173ms
[306.216s][info][gc,cpu         ] GC(435) User=23.67s Sys=0.00s Real=3.64s
[306.216s][info][gc,start       ] GC(436) Pause Full (Ergonomics)
[306.216s][info][gc,phases,start] GC(436) Marking Phase
[309.161s][info][gc,phases      ] GC(436) Marking Phase 2944.307ms
[309.161s][info][gc,phases,start] GC(436) Summary Phase
[309.161s][info][gc,phases      ] GC(436) Summary Phase 0.201ms
[309.161s][info][gc,phases,start] GC(436) Adjust Roots
[309.161s][info][gc,phases      ] GC(436) Adjust Roots 0.339ms
[309.161s][info][gc,phases,start] GC(436) Compaction Phase
[310.163s][info][gc,phases      ] GC(436) Compaction Phase 1001.928ms
[310.163s][info][gc,phases,start] GC(436) Post Compact
[310.185s][info][gc,phases      ] GC(436) Post Compact 21.441ms
[310.185s][info][gc,heap        ] GC(436) PSYoungGen: 106602K(297472K)->106602K(297472K) Eden: 88575K(88576K)->88575K(88576K) From: 18026K(208896K)->18026K(208896K)
[310.185s][info][gc,heap        ] GC(436) ParOldGen: 10922910K(10923008K)->10922910K(10923008K)
[310.185s][info][gc,metaspace   ] GC(436) Metaspace: 6298K(6464K)->6298K(6464K) NonClass: 5764K(5824K)->5764K(5824K) Class: 533K(640K)->533K(640K)
[310.185s][info][gc             ] GC(436) Pause Full (Ergonomics) 10771M->10771M(10957M) 3968.703ms
[310.185s][info][gc,cpu         ] GC(436) User=23.80s Sys=0.00s Real=3.97s
[310.185s][info][gc,start       ] GC(437) Pause Full (Ergonomics)
[310.185s][info][gc,phases,start] GC(437) Marking Phase
[312.993s][info][gc,phases      ] GC(437) Marking Phase 2807.201ms
[312.993s][info][gc,phases,start] GC(437) Summary Phase
[312.993s][info][gc,phases      ] GC(437) Summary Phase 0.285ms
[312.993s][info][gc,phases,start] GC(437) Adjust Roots
[312.993s][info][gc,phases      ] GC(437) Adjust Roots 0.385ms
[312.993s][info][gc,phases,start] GC(437) Compaction Phase
[313.751s][info][gc,phases      ] GC(437) Compaction Phase 757.543ms
[313.751s][info][gc,phases,start] GC(437) Post Compact
[313.773s][info][gc,phases      ] GC(437) Post Compact 22.294ms
[313.773s][info][gc,heap        ] GC(437) PSYoungGen: 106602K(297472K)->106602K(297472K) Eden: 88575K(88576K)->88575K(88576K) From: 18026K(208896K)->18026K(208896K)
[313.773s][info][gc,heap        ] GC(437) ParOldGen: 10922915K(10923008K)->10922915K(10923008K)
[313.773s][info][gc,metaspace   ] GC(437) Metaspace: 6298K(6464K)->6298K(6464K) NonClass: 5764K(5824K)->5764K(5824K) Class: 533K(640K)->533K(640K)
[313.774s][info][gc             ] GC(437) Pause Full (Ergonomics) 10771M->10771M(10957M) 3588.217ms
[313.774s][info][gc,cpu         ] GC(437) User=24.55s Sys=0.02s Real=3.59s
[313.774s][info][gc,start       ] GC(438) Pause Full (Ergonomics)
[313.774s][info][gc,phases,start] GC(438) Marking Phase
[316.425s][info][gc,phases      ] GC(438) Marking Phase 2650.950ms
[316.425s][info][gc,phases,start] GC(438) Summary Phase
[316.425s][info][gc,phases      ] GC(438) Summary Phase 0.467ms
[316.425s][info][gc,phases,start] GC(438) Adjust Roots
[316.426s][info][gc,phases      ] GC(438) Adjust Roots 0.368ms
[316.426s][info][gc,phases,start] GC(438) Compaction Phase
[317.171s][info][gc,phases      ] GC(438) Compaction Phase 745.503ms
[317.171s][info][gc,phases,start] GC(438) Post Compact
[317.192s][info][gc,phases      ] GC(438) Post Compact 20.699ms
[317.192s][info][gc,heap        ] GC(438) PSYoungGen: 106602K(297472K)->106602K(297472K) Eden: 88575K(88576K)->88575K(88576K) From: 18026K(208896K)->18026K(208896K)
[317.192s][info][gc,heap        ] GC(438) ParOldGen: 10922920K(10923008K)->10922920K(10923008K)
[317.192s][info][gc,metaspace   ] GC(438) Metaspace: 6298K(6464K)->6298K(6464K) NonClass: 5764K(5824K)->5764K(5824K) Class: 533K(640K)->533K(640K)
[317.192s][info][gc             ] GC(438) Pause Full (Ergonomics) 10771M->10771M(10957M) 3418.467ms
[317.192s][info][gc,cpu         ] GC(438) User=24.25s Sys=0.00s Real=3.42s
[317.192s][info][gc,start       ] GC(439) Pause Full (Ergonomics)
[317.193s][info][gc,phases,start] GC(439) Marking Phase
[320.695s][info][gc,phases      ] GC(439) Marking Phase 3502.440ms
[320.695s][info][gc,phases,start] GC(439) Summary Phase
[320.695s][info][gc,phases      ] GC(439) Summary Phase 0.239ms
[320.695s][info][gc,phases,start] GC(439) Adjust Roots
[320.696s][info][gc,phases      ] GC(439) Adjust Roots 0.371ms
[320.696s][info][gc,phases,start] GC(439) Compaction Phase
[321.727s][info][gc,phases      ] GC(439) Compaction Phase 1030.761ms
[321.727s][info][gc,phases,start] GC(439) Post Compact
[321.747s][info][gc,phases      ] GC(439) Post Compact 20.781ms
[321.747s][info][gc,heap        ] GC(439) PSYoungGen: 106602K(297472K)->106602K(297472K) Eden: 88575K(88576K)->88575K(88576K) From: 18026K(208896K)->18026K(208896K)
[321.748s][info][gc,heap        ] GC(439) ParOldGen: 10922925K(10923008K)->10922925K(10923008K)
[321.748s][info][gc,metaspace   ] GC(439) Metaspace: 6298K(6464K)->6298K(6464K) NonClass: 5764K(5824K)->5764K(5824K) Class: 533K(640K)->533K(640K)
[321.748s][info][gc             ] GC(439) Pause Full (Ergonomics) 10771M->10771M(10957M) 4555.080ms
[321.748s][info][gc,cpu         ] GC(439) User=23.97s Sys=0.03s Real=4.56s
[321.748s][info][gc,start       ] GC(440) Pause Full (Ergonomics)
[321.748s][info][gc,phases,start] GC(440) Marking Phase
[324.788s][info][gc,phases      ] GC(440) Marking Phase 3040.282ms
[324.788s][info][gc,phases,start] GC(440) Summary Phase
[324.788s][info][gc,phases      ] GC(440) Summary Phase 0.160ms
[324.788s][info][gc,phases,start] GC(440) Adjust Roots
[324.789s][info][gc,phases      ] GC(440) Adjust Roots 0.358ms
[324.789s][info][gc,phases,start] GC(440) Compaction Phase
[325.641s][info][gc,phases      ] GC(440) Compaction Phase 852.050ms
[325.641s][info][gc,phases,start] GC(440) Post Compact
[325.663s][info][gc,phases      ] GC(440) Post Compact 22.370ms
[325.663s][info][gc,heap        ] GC(440) PSYoungGen: 106602K(297472K)->106602K(297472K) Eden: 88575K(88576K)->88575K(88576K) From: 18026K(208896K)->18026K(208896K)
[325.663s][info][gc,heap        ] GC(440) ParOldGen: 10922930K(10923008K)->10922930K(10923008K)
[325.664s][info][gc,metaspace   ] GC(440) Metaspace: 6298K(6464K)->6298K(6464K) NonClass: 5764K(5824K)->5764K(5824K) Class: 533K(640K)->533K(640K)
[325.664s][info][gc             ] GC(440) Pause Full (Ergonomics) 10771M->10771M(10957M) 3915.738ms
[325.664s][info][gc,cpu         ] GC(440) User=24.20s Sys=0.08s Real=3.92s
[325.664s][info][gc,start       ] GC(441) Pause Full (Ergonomics)
[325.664s][info][gc,phases,start] GC(441) Marking Phase
[328.544s][info][gc,phases      ] GC(441) Marking Phase 2880.260ms
[328.544s][info][gc,phases,start] GC(441) Summary Phase
[328.544s][info][gc,phases      ] GC(441) Summary Phase 0.158ms
[328.545s][info][gc,phases,start] GC(441) Adjust Roots
[328.545s][info][gc,phases      ] GC(441) Adjust Roots 0.339ms
[328.545s][info][gc,phases,start] GC(441) Compaction Phase
[329.399s][info][gc,phases      ] GC(441) Compaction Phase 854.088ms
[329.399s][info][gc,phases,start] GC(441) Post Compact
[329.418s][info][gc,phases      ] GC(441) Post Compact 19.240ms
[329.418s][info][gc,heap        ] GC(441) PSYoungGen: 106602K(297472K)->106602K(297472K) Eden: 88575K(88576K)->88575K(88576K) From: 18026K(208896K)->18026K(208896K)
[329.418s][info][gc,heap        ] GC(441) ParOldGen: 10922935K(10923008K)->10922935K(10923008K)
[329.419s][info][gc,metaspace   ] GC(441) Metaspace: 6298K(6464K)->6298K(6464K) NonClass: 5764K(5824K)->5764K(5824K) Class: 533K(640K)->533K(640K)
[329.419s][info][gc             ] GC(441) Pause Full (Ergonomics) 10771M->10771M(10957M) 3754.676ms
[329.419s][info][gc,cpu         ] GC(441) User=23.97s Sys=0.03s Real=3.76s
[329.419s][info][gc,start       ] GC(442) Pause Full (Ergonomics)
[329.419s][info][gc,phases,start] GC(442) Marking Phase
[332.236s][info][gc,phases      ] GC(442) Marking Phase 2817.021ms
[332.236s][info][gc,phases,start] GC(442) Summary Phase
[332.236s][info][gc,phases      ] GC(442) Summary Phase 0.193ms
[332.236s][info][gc,phases,start] GC(442) Adjust Roots
[332.237s][info][gc,phases      ] GC(442) Adjust Roots 0.351ms
[332.237s][info][gc,phases,start] GC(442) Compaction Phase
[333.039s][info][gc,phases      ] GC(442) Compaction Phase 802.493ms
[333.039s][info][gc,phases,start] GC(442) Post Compact
[333.064s][info][gc,phases      ] GC(442) Post Compact 24.389ms
[333.064s][info][gc,heap        ] GC(442) PSYoungGen: 106602K(297472K)->106602K(297472K) Eden: 88575K(88576K)->88575K(88576K) From: 18026K(208896K)->18026K(208896K)
[333.064s][info][gc,heap        ] GC(442) ParOldGen: 10922939K(10923008K)->10922939K(10923008K)
[333.064s][info][gc,metaspace   ] GC(442) Metaspace: 6298K(6464K)->6298K(6464K) NonClass: 5764K(5824K)->5764K(5824K) Class: 533K(640K)->533K(640K)
[333.064s][info][gc             ] GC(442) Pause Full (Ergonomics) 10771M->10771M(10957M) 3644.988ms
[333.064s][info][gc,cpu         ] GC(442) User=24.44s Sys=0.03s Real=3.64s
[333.064s][info][gc,start       ] GC(443) Pause Full (Ergonomics)
[333.064s][info][gc,phases,start] GC(443) Marking Phase
[335.816s][info][gc,phases      ] GC(443) Marking Phase 2751.755ms
[335.816s][info][gc,phases,start] GC(443) Summary Phase
[335.816s][info][gc,phases      ] GC(443) Summary Phase 0.213ms
[335.816s][info][gc,phases,start] GC(443) Adjust Roots
[335.817s][info][gc,phases      ] GC(443) Adjust Roots 0.620ms
[335.817s][info][gc,phases,start] GC(443) Compaction Phase
[336.693s][info][gc,phases      ] GC(443) Compaction Phase 875.838ms
[336.693s][info][gc,phases,start] GC(443) Post Compact
[336.708s][info][gc,phases      ] GC(443) Post Compact 14.950ms
[336.708s][info][gc,heap        ] GC(443) PSYoungGen: 106602K(297472K)->106602K(297472K) Eden: 88575K(88576K)->88575K(88576K) From: 18026K(208896K)->18026K(208896K)
[336.708s][info][gc,heap        ] GC(443) ParOldGen: 10922944K(10923008K)->10922944K(10923008K)
[336.708s][info][gc,metaspace   ] GC(443) Metaspace: 6298K(6464K)->6298K(6464K) NonClass: 5764K(5824K)->5764K(5824K) Class: 533K(640K)->533K(640K)
[336.708s][info][gc             ] GC(443) Pause Full (Ergonomics) 10771M->10771M(10957M) 3643.889ms
[336.708s][info][gc,cpu         ] GC(443) User=24.38s Sys=0.00s Real=3.64s
[336.708s][info][gc,start       ] GC(444) Pause Full (Ergonomics)
[336.708s][info][gc,phases,start] GC(444) Marking Phase
[339.277s][info][gc,phases      ] GC(444) Marking Phase 2568.346ms
[339.277s][info][gc,phases,start] GC(444) Summary Phase
[339.277s][info][gc,phases      ] GC(444) Summary Phase 0.245ms
[339.277s][info][gc,phases,start] GC(444) Adjust Roots
[339.277s][info][gc,phases      ] GC(444) Adjust Roots 0.356ms
[339.277s][info][gc,phases,start] GC(444) Compaction Phase
[339.985s][info][gc,phases      ] GC(444) Compaction Phase 707.683ms
[339.985s][info][gc,phases,start] GC(444) Post Compact
[340.004s][info][gc,phases      ] GC(444) Post Compact 18.286ms
[340.004s][info][gc,heap        ] GC(444) PSYoungGen: 106602K(297472K)->106602K(297472K) Eden: 88575K(88576K)->88575K(88576K) From: 18026K(208896K)->18026K(208896K)
[340.004s][info][gc,heap        ] GC(444) ParOldGen: 10922949K(10923008K)->10922949K(10923008K)
[340.004s][info][gc,metaspace   ] GC(444) Metaspace: 6298K(6464K)->6298K(6464K) NonClass: 5764K(5824K)->5764K(5824K) Class: 533K(640K)->533K(640K)
[340.004s][info][gc             ] GC(444) Pause Full (Ergonomics) 10771M->10771M(10957M) 3295.348ms
[340.004s][info][gc,cpu         ] GC(444) User=24.69s Sys=0.00s Real=3.30s
[340.004s][info][gc,start       ] GC(445) Pause Full (Ergonomics)
[340.004s][info][gc,phases,start] GC(445) Marking Phase
[342.527s][info][gc,phases      ] GC(445) Marking Phase 2523.256ms
[342.527s][info][gc,phases,start] GC(445) Summary Phase
[342.527s][info][gc,phases      ] GC(445) Summary Phase 0.113ms
[342.527s][info][gc,phases,start] GC(445) Adjust Roots
[342.528s][info][gc,phases      ] GC(445) Adjust Roots 0.221ms
[342.528s][info][gc,phases,start] GC(445) Compaction Phase
[343.217s][info][gc,phases      ] GC(445) Compaction Phase 689.867ms
[343.217s][info][gc,phases,start] GC(445) Post Compact
[343.233s][info][gc,phases      ] GC(445) Post Compact 15.524ms
[343.233s][info][gc,heap        ] GC(445) PSYoungGen: 106602K(297472K)->106602K(297472K) Eden: 88575K(88576K)->88575K(88576K) From: 18026K(208896K)->18026K(208896K)
[343.233s][info][gc,heap        ] GC(445) ParOldGen: 10922954K(10923008K)->10922954K(10923008K)
[343.233s][info][gc,metaspace   ] GC(445) Metaspace: 6298K(6464K)->6298K(6464K) NonClass: 5764K(5824K)->5764K(5824K) Class: 533K(640K)->533K(640K)
[343.233s][info][gc             ] GC(445) Pause Full (Ergonomics) 10771M->10771M(10957M) 3229.318ms
[343.233s][info][gc,cpu         ] GC(445) User=24.72s Sys=0.03s Real=3.23s
[343.233s][info][gc,start       ] GC(446) Pause Full (Ergonomics)
[343.233s][info][gc,phases,start] GC(446) Marking Phase
[345.907s][info][gc,phases      ] GC(446) Marking Phase 2673.603ms
[345.907s][info][gc,phases,start] GC(446) Summary Phase
[345.907s][info][gc,phases      ] GC(446) Summary Phase 0.143ms
[345.907s][info][gc,phases,start] GC(446) Adjust Roots
[345.908s][info][gc,phases      ] GC(446) Adjust Roots 0.315ms
[345.908s][info][gc,phases,start] GC(446) Compaction Phase
[346.619s][info][gc,phases      ] GC(446) Compaction Phase 711.398ms
[346.619s][info][gc,phases,start] GC(446) Post Compact
[346.637s][info][gc,phases      ] GC(446) Post Compact 18.065ms
[346.637s][info][gc,heap        ] GC(446) PSYoungGen: 106602K(297472K)->106602K(297472K) Eden: 88575K(88576K)->88575K(88576K) From: 18026K(208896K)->18026K(208896K)
[346.637s][info][gc,heap        ] GC(446) ParOldGen: 10922959K(10923008K)->10922959K(10923008K)
[346.637s][info][gc,metaspace   ] GC(446) Metaspace: 6298K(6464K)->6298K(6464K) NonClass: 5764K(5824K)->5764K(5824K) Class: 533K(640K)->533K(640K)
[346.637s][info][gc             ] GC(446) Pause Full (Ergonomics) 10771M->10771M(10957M) 3403.935ms
[346.637s][info][gc,cpu         ] GC(446) User=24.98s Sys=0.00s Real=3.40s
[346.638s][info][gc,start       ] GC(447) Pause Full (Ergonomics)
[346.638s][info][gc,phases,start] GC(447) Marking Phase
[349.270s][info][gc,phases      ] GC(447) Marking Phase 2632.512ms
[349.270s][info][gc,phases,start] GC(447) Summary Phase
[349.270s][info][gc,phases      ] GC(447) Summary Phase 0.221ms
[349.270s][info][gc,phases,start] GC(447) Adjust Roots
[349.271s][info][gc,phases      ] GC(447) Adjust Roots 0.437ms
[349.271s][info][gc,phases,start] GC(447) Compaction Phase
[349.990s][info][gc,phases      ] GC(447) Compaction Phase 719.120ms
[349.990s][info][gc,phases,start] GC(447) Post Compact
[350.009s][info][gc,phases      ] GC(447) Post Compact 18.806ms
[350.009s][info][gc,heap        ] GC(447) PSYoungGen: 106602K(297472K)->106602K(297472K) Eden: 88575K(88576K)->88575K(88576K) From: 18026K(208896K)->18026K(208896K)
[350.009s][info][gc,heap        ] GC(447) ParOldGen: 10922964K(10923008K)->10922964K(10923008K)
[350.009s][info][gc,metaspace   ] GC(447) Metaspace: 6298K(6464K)->6298K(6464K) NonClass: 5764K(5824K)->5764K(5824K) Class: 533K(640K)->533K(640K)
[350.009s][info][gc             ] GC(447) Pause Full (Ergonomics) 10771M->10771M(10957M) 3371.490ms
[350.009s][info][gc,cpu         ] GC(447) User=24.44s Sys=0.00s Real=3.37s
[350.009s][info][gc,start       ] GC(448) Pause Full (Ergonomics)
[350.009s][info][gc,phases,start] GC(448) Marking Phase
[352.694s][info][gc,phases      ] GC(448) Marking Phase 2684.252ms
[352.694s][info][gc,phases,start] GC(448) Summary Phase
[352.694s][info][gc,phases      ] GC(448) Summary Phase 0.184ms
[352.694s][info][gc,phases,start] GC(448) Adjust Roots
[352.694s][info][gc,phases      ] GC(448) Adjust Roots 0.313ms
[352.694s][info][gc,phases,start] GC(448) Compaction Phase
[353.500s][info][gc,phases      ] GC(448) Compaction Phase 805.460ms
[353.500s][info][gc,phases,start] GC(448) Post Compact
[353.521s][info][gc,phases      ] GC(448) Post Compact 21.715ms
[353.522s][info][gc,heap        ] GC(448) PSYoungGen: 106602K(297472K)->106602K(297472K) Eden: 88575K(88576K)->88575K(88576K) From: 18026K(208896K)->18026K(208896K)
[353.522s][info][gc,heap        ] GC(448) ParOldGen: 10922968K(10923008K)->10922968K(10923008K)
[353.522s][info][gc,metaspace   ] GC(448) Metaspace: 6298K(6464K)->6298K(6464K) NonClass: 5764K(5824K)->5764K(5824K) Class: 533K(640K)->533K(640K)
[353.522s][info][gc             ] GC(448) Pause Full (Ergonomics) 10771M->10771M(10957M) 3512.370ms
[353.522s][info][gc,cpu         ] GC(448) User=24.91s Sys=0.08s Real=3.51s
[353.522s][info][gc,start       ] GC(449) Pause Full (Ergonomics)
[353.522s][info][gc,phases,start] GC(449) Marking Phase
[356.235s][info][gc,phases      ] GC(449) Marking Phase 2712.700ms
[356.235s][info][gc,phases,start] GC(449) Summary Phase
[356.235s][info][gc,phases      ] GC(449) Summary Phase 0.201ms
[356.235s][info][gc,phases,start] GC(449) Adjust Roots
[356.235s][info][gc,phases      ] GC(449) Adjust Roots 0.367ms
[356.235s][info][gc,phases,start] GC(449) Compaction Phase
[356.981s][info][gc,phases      ] GC(449) Compaction Phase 745.123ms
[356.981s][info][gc,phases,start] GC(449) Post Compact
[357.001s][info][gc,phases      ] GC(449) Post Compact 20.057ms
[357.001s][info][gc,heap        ] GC(449) PSYoungGen: 106602K(297472K)->106602K(297472K) Eden: 88575K(88576K)->88575K(88576K) From: 18026K(208896K)->18026K(208896K)
[357.001s][info][gc,heap        ] GC(449) ParOldGen: 10922973K(10923008K)->10922973K(10923008K)
[357.001s][info][gc,metaspace   ] GC(449) Metaspace: 6298K(6464K)->6298K(6464K) NonClass: 5764K(5824K)->5764K(5824K) Class: 533K(640K)->533K(640K)
[357.001s][info][gc             ] GC(449) Pause Full (Ergonomics) 10771M->10771M(10957M) 3478.899ms
[357.001s][info][gc,cpu         ] GC(449) User=24.81s Sys=0.00s Real=3.48s
[357.001s][info][gc,start       ] GC(450) Pause Full (Ergonomics)
[357.001s][info][gc,phases,start] GC(450) Marking Phase
[359.624s][info][gc,phases      ] GC(450) Marking Phase 2622.825ms
[359.624s][info][gc,phases,start] GC(450) Summary Phase
[359.624s][info][gc,phases      ] GC(450) Summary Phase 0.207ms
[359.624s][info][gc,phases,start] GC(450) Adjust Roots
[359.625s][info][gc,phases      ] GC(450) Adjust Roots 0.446ms
[359.625s][info][gc,phases,start] GC(450) Compaction Phase
[360.356s][info][gc,phases      ] GC(450) Compaction Phase 731.388ms
[360.356s][info][gc,phases,start] GC(450) Post Compact
[360.375s][info][gc,phases      ] GC(450) Post Compact 18.281ms
[360.375s][info][gc,heap        ] GC(450) PSYoungGen: 106602K(297472K)->106602K(297472K) Eden: 88575K(88576K)->88575K(88576K) From: 18026K(208896K)->18026K(208896K)
[360.375s][info][gc,heap        ] GC(450) ParOldGen: 10922978K(10923008K)->10922978K(10923008K)
[360.375s][info][gc,metaspace   ] GC(450) Metaspace: 6298K(6464K)->6298K(6464K) NonClass: 5764K(5824K)->5764K(5824K) Class: 533K(640K)->533K(640K)
[360.375s][info][gc             ] GC(450) Pause Full (Ergonomics) 10771M->10771M(10957M) 3373.637ms
[360.375s][info][gc,cpu         ] GC(450) User=24.78s Sys=0.00s Real=3.37s
[360.375s][info][gc,start       ] GC(451) Pause Full (Ergonomics)
[360.375s][info][gc,phases,start] GC(451) Marking Phase
[363.043s][info][gc,phases      ] GC(451) Marking Phase 2668.143ms
[363.043s][info][gc,phases,start] GC(451) Summary Phase
[363.043s][info][gc,phases      ] GC(451) Summary Phase 0.136ms
[363.044s][info][gc,phases,start] GC(451) Adjust Roots
[363.044s][info][gc,phases      ] GC(451) Adjust Roots 0.268ms
[363.044s][info][gc,phases,start] GC(451) Compaction Phase
[363.777s][info][gc,phases      ] GC(451) Compaction Phase 732.839ms
[363.777s][info][gc,phases,start] GC(451) Post Compact
[363.795s][info][gc,phases      ] GC(451) Post Compact 18.585ms
[363.795s][info][gc,heap        ] GC(451) PSYoungGen: 106602K(297472K)->106602K(297472K) Eden: 88575K(88576K)->88575K(88576K) From: 18026K(208896K)->18026K(208896K)
[363.795s][info][gc,heap        ] GC(451) ParOldGen: 10922983K(10923008K)->10922983K(10923008K)
[363.795s][info][gc,metaspace   ] GC(451) Metaspace: 6298K(6464K)->6298K(6464K) NonClass: 5764K(5824K)->5764K(5824K) Class: 533K(640K)->533K(640K)
[363.795s][info][gc             ] GC(451) Pause Full (Ergonomics) 10771M->10771M(10957M) 3420.397ms
[363.796s][info][gc,cpu         ] GC(451) User=24.50s Sys=0.02s Real=3.42s
[363.796s][info][gc,start       ] GC(452) Pause Full (Ergonomics)
[363.796s][info][gc,phases,start] GC(452) Marking Phase
[366.397s][info][gc,phases      ] GC(452) Marking Phase 2601.499ms
[366.397s][info][gc,phases,start] GC(452) Summary Phase
[366.398s][info][gc,phases      ] GC(452) Summary Phase 0.191ms
[366.398s][info][gc,phases,start] GC(452) Adjust Roots
[366.398s][info][gc,phases      ] GC(452) Adjust Roots 0.290ms
[366.398s][info][gc,phases,start] GC(452) Compaction Phase
[367.145s][info][gc,phases      ] GC(452) Compaction Phase 746.764ms
[367.145s][info][gc,phases,start] GC(452) Post Compact
[367.164s][info][gc,phases      ] GC(452) Post Compact 18.819ms
[367.164s][info][gc,heap        ] GC(452) PSYoungGen: 106602K(297472K)->106602K(297472K) Eden: 88575K(88576K)->88575K(88576K) From: 18026K(208896K)->18026K(208896K)
[367.164s][info][gc,heap        ] GC(452) ParOldGen: 10922988K(10923008K)->10922988K(10923008K)
[367.164s][info][gc,metaspace   ] GC(452) Metaspace: 6298K(6464K)->6298K(6464K) NonClass: 5764K(5824K)->5764K(5824K) Class: 533K(640K)->533K(640K)
[367.164s][info][gc             ] GC(452) Pause Full (Ergonomics) 10771M->10771M(10957M) 3368.019ms
[367.164s][info][gc,cpu         ] GC(452) User=24.22s Sys=0.02s Real=3.37s
[367.164s][info][gc,start       ] GC(453) Pause Full (Ergonomics)
[367.164s][info][gc,phases,start] GC(453) Marking Phase
[369.771s][info][gc,phases      ] GC(453) Marking Phase 2607.177ms
[369.771s][info][gc,phases,start] GC(453) Summary Phase
[369.772s][info][gc,phases      ] GC(453) Summary Phase 0.183ms
[369.772s][info][gc,phases,start] GC(453) Adjust Roots
[369.772s][info][gc,phases      ] GC(453) Adjust Roots 0.352ms
[369.772s][info][gc,phases,start] GC(453) Compaction Phase
[370.552s][info][gc,phases      ] GC(453) Compaction Phase 779.853ms
[370.552s][info][gc,phases,start] GC(453) Post Compact
[370.573s][info][gc,phases      ] GC(453) Post Compact 20.712ms
[370.573s][info][gc,heap        ] GC(453) PSYoungGen: 106602K(297472K)->106602K(297472K) Eden: 88575K(88576K)->88575K(88576K) From: 18026K(208896K)->18026K(208896K)
[370.573s][info][gc,heap        ] GC(453) ParOldGen: 10922993K(10923008K)->10922993K(10923008K)
[370.573s][info][gc,metaspace   ] GC(453) Metaspace: 6298K(6464K)->6298K(6464K) NonClass: 5764K(5824K)->5764K(5824K) Class: 533K(640K)->533K(640K)
[370.573s][info][gc             ] GC(453) Pause Full (Ergonomics) 10771M->10771M(10957M) 3408.708ms
[370.573s][info][gc,cpu         ] GC(453) User=24.61s Sys=0.00s Real=3.41s
[370.573s][info][gc,start       ] GC(454) Pause Full (Ergonomics)
[370.573s][info][gc,phases,start] GC(454) Marking Phase
[373.268s][info][gc,phases      ] GC(454) Marking Phase 2694.871ms
[373.268s][info][gc,phases,start] GC(454) Summary Phase
[373.268s][info][gc,phases      ] GC(454) Summary Phase 0.176ms
[373.268s][info][gc,phases,start] GC(454) Adjust Roots
[373.269s][info][gc,phases      ] GC(454) Adjust Roots 0.355ms
[373.269s][info][gc,phases,start] GC(454) Compaction Phase
[374.007s][info][gc,phases      ] GC(454) Compaction Phase 738.464ms
[374.007s][info][gc,phases,start] GC(454) Post Compact
[374.025s][info][gc,phases      ] GC(454) Post Compact 18.166ms
[374.025s][info][gc,heap        ] GC(454) PSYoungGen: 106602K(297472K)->106602K(297472K) Eden: 88575K(88576K)->88575K(88576K) From: 18026K(208896K)->18026K(208896K)
[374.025s][info][gc,heap        ] GC(454) ParOldGen: 10922997K(10923008K)->10922997K(10923008K)
[374.025s][info][gc,metaspace   ] GC(454) Metaspace: 6298K(6464K)->6298K(6464K) NonClass: 5764K(5824K)->5764K(5824K) Class: 533K(640K)->533K(640K)
[374.025s][info][gc             ] GC(454) Pause Full (Ergonomics) 10771M->10771M(10957M) 3452.497ms
[374.025s][info][gc,cpu         ] GC(454) User=23.98s Sys=0.00s Real=3.45s
[374.026s][info][gc,start       ] GC(455) Pause Full (Ergonomics)
[374.026s][info][gc,phases,start] GC(455) Marking Phase
[376.637s][info][gc,phases      ] GC(455) Marking Phase 2611.786ms
[376.638s][info][gc,phases,start] GC(455) Summary Phase
[376.638s][info][gc,phases      ] GC(455) Summary Phase 0.177ms
[376.638s][info][gc,phases,start] GC(455) Adjust Roots
[376.638s][info][gc,phases      ] GC(455) Adjust Roots 0.267ms
[376.638s][info][gc,phases,start] GC(455) Compaction Phase
[377.351s][info][gc,phases      ] GC(455) Compaction Phase 712.458ms
[377.351s][info][gc,phases,start] GC(455) Post Compact
[377.368s][info][gc,phases      ] GC(455) Post Compact 17.157ms
[377.368s][info][gc,heap        ] GC(455) PSYoungGen: 106602K(297472K)->106602K(297472K) Eden: 88575K(88576K)->88575K(88576K) From: 18026K(208896K)->18026K(208896K)
[377.368s][info][gc,heap        ] GC(455) ParOldGen: 10923002K(10923008K)->10923002K(10923008K)
[377.368s][info][gc,metaspace   ] GC(455) Metaspace: 6298K(6464K)->6298K(6464K) NonClass: 5764K(5824K)->5764K(5824K) Class: 533K(640K)->533K(640K)
[377.368s][info][gc             ] GC(455) Pause Full (Ergonomics) 10771M->10771M(10957M) 3342.238ms
[377.368s][info][gc,cpu         ] GC(455) User=24.66s Sys=0.02s Real=3.34s
[377.368s][info][gc,start       ] GC(456) Pause Full (Ergonomics)
[377.368s][info][gc,phases,start] GC(456) Marking Phase
[380.064s][info][gc,phases      ] GC(456) Marking Phase 2696.014ms
[380.064s][info][gc,phases,start] GC(456) Summary Phase
[380.064s][info][gc,phases      ] GC(456) Summary Phase 0.175ms
[380.064s][info][gc,phases,start] GC(456) Adjust Roots
[380.065s][info][gc,phases      ] GC(456) Adjust Roots 0.342ms
[380.065s][info][gc,phases,start] GC(456) Compaction Phase
[380.808s][info][gc,phases      ] GC(456) Compaction Phase 743.283ms
[380.808s][info][gc,phases,start] GC(456) Post Compact
[380.826s][info][gc,phases      ] GC(456) Post Compact 18.091ms
[380.826s][info][gc,heap        ] GC(456) PSYoungGen: 106602K(297472K)->106602K(297472K) Eden: 88575K(88576K)->88575K(88576K) From: 18026K(208896K)->18026K(208896K)
[380.826s][info][gc,heap        ] GC(456) ParOldGen: 10923007K(10923008K)->10923007K(10923008K)
[380.826s][info][gc,metaspace   ] GC(456) Metaspace: 6298K(6464K)->6298K(6464K) NonClass: 5764K(5824K)->5764K(5824K) Class: 533K(640K)->533K(640K)
[380.826s][info][gc             ] GC(456) Pause Full (Ergonomics) 10771M->10771M(10957M) 3458.347ms
[380.826s][info][gc,cpu         ] GC(456) User=23.97s Sys=0.02s Real=3.46s
[380.827s][info][gc,start       ] GC(457) Pause Full (Ergonomics)
[380.827s][info][gc,phases,start] GC(457) Marking Phase
[383.454s][info][gc,phases      ] GC(457) Marking Phase 2627.615ms
[383.454s][info][gc,phases,start] GC(457) Summary Phase
[383.455s][info][gc,phases      ] GC(457) Summary Phase 0.158ms
[383.455s][info][gc,phases,start] GC(457) Adjust Roots
[383.455s][info][gc,phases      ] GC(457) Adjust Roots 0.296ms
[383.455s][info][gc,phases,start] GC(457) Compaction Phase
[384.152s][info][gc,phases      ] GC(457) Compaction Phase 696.806ms
[384.152s][info][gc,phases,start] GC(457) Post Compact
[384.168s][info][gc,phases      ] GC(457) Post Compact 16.456ms
[384.168s][info][gc,heap        ] GC(457) PSYoungGen: 106602K(297472K)->106602K(297472K) Eden: 88575K(88576K)->88575K(88576K) From: 18026K(208896K)->18026K(208896K)
[384.168s][info][gc,heap        ] GC(457) ParOldGen: 10923008K(10923008K)->10923008K(10923008K)
[384.168s][info][gc,metaspace   ] GC(457) Metaspace: 6298K(6464K)->6298K(6464K) NonClass: 5764K(5824K)->5764K(5824K) Class: 533K(640K)->533K(640K)
[384.168s][info][gc             ] GC(457) Pause Full (Ergonomics) 10771M->10771M(10957M) 3341.719ms
[384.168s][info][gc,cpu         ] GC(457) User=24.67s Sys=0.00s Real=3.34s
[384.168s][info][gc,start       ] GC(458) Pause Full (Allocation Failure)
[384.168s][info][gc,phases,start] GC(458) Marking Phase
[386.808s][info][gc,phases      ] GC(458) Marking Phase 2640.035ms
[386.809s][info][gc,phases,start] GC(458) Summary Phase
[386.809s][info][gc,phases      ] GC(458) Summary Phase 0.118ms
[386.809s][info][gc,phases,start] GC(458) Adjust Roots
[386.809s][info][gc,phases      ] GC(458) Adjust Roots 0.430ms
[386.809s][info][gc,phases,start] GC(458) Compaction Phase
[389.485s][info][gc,phases      ] GC(458) Compaction Phase 2676.277ms
[389.485s][info][gc,phases,start] GC(458) Post Compact
[389.502s][info][gc,phases      ] GC(458) Post Compact 16.816ms
[389.502s][info][gc,heap        ] GC(458) PSYoungGen: 106602K(297472K)->106602K(297472K) Eden: 88575K(88576K)->88575K(88576K) From: 18026K(208896K)->18026K(208896K)
[389.502s][info][gc,heap        ] GC(458) ParOldGen: 10923008K(10923008K)->10923003K(10923008K)
[389.502s][info][gc,metaspace   ] GC(458) Metaspace: 6298K(6464K)->6296K(6464K) NonClass: 5764K(5824K)->5763K(5824K) Class: 533K(640K)->532K(640K)
[389.502s][info][gc             ] GC(458) Pause Full (Allocation Failure) 10771M->10771M(10957M) 5334.042ms
[389.503s][info][gc,cpu         ] GC(458) User=37.08s Sys=0.02s Real=5.33s
[389.514s][info][gc,start       ] GC(459) Pause Full (Ergonomics)
[389.514s][info][gc,phases,start] GC(459) Marking Phase
[392.074s][info][gc,phases      ] GC(459) Marking Phase 2560.475ms
[392.074s][info][gc,phases,start] GC(459) Summary Phase
[392.074s][info][gc,phases      ] GC(459) Summary Phase 0.121ms
[392.074s][info][gc,phases,start] GC(459) Adjust Roots
[392.074s][info][gc,phases      ] GC(459) Adjust Roots 0.228ms
[392.074s][info][gc,phases,start] GC(459) Compaction Phase
[392.766s][info][gc,phases      ] GC(459) Compaction Phase 691.755ms
[392.766s][info][gc,phases,start] GC(459) Post Compact
[392.780s][info][gc,phases      ] GC(459) Post Compact 14.166ms
[392.781s][info][gc,heap        ] GC(459) PSYoungGen: 106602K(297472K)->106602K(297472K) Eden: 88575K(88576K)->88575K(88576K) From: 18026K(208896K)->18026K(208896K)
[392.781s][info][gc,heap        ] GC(459) ParOldGen: 10923007K(10923008K)->10923007K(10923008K)
[392.781s][info][gc,metaspace   ] GC(459) Metaspace: 6296K(6464K)->6296K(6464K) NonClass: 5763K(5824K)->5763K(5824K) Class: 532K(640K)->532K(640K)
[392.781s][info][gc             ] GC(459) Pause Full (Ergonomics) 10771M->10771M(10957M) 3267.098ms
[392.781s][info][gc,cpu         ] GC(459) User=24.58s Sys=0.00s Real=3.27s
[392.781s][info][gc,start       ] GC(460) Pause Full (Allocation Failure)
[392.781s][info][gc,phases,start] GC(460) Marking Phase
[395.251s][info][gc,phases      ] GC(460) Marking Phase 2469.918ms
[395.251s][info][gc,phases,start] GC(460) Summary Phase
[395.251s][info][gc,phases      ] GC(460) Summary Phase 0.149ms
[395.251s][info][gc,phases,start] GC(460) Adjust Roots
[395.251s][info][gc,phases      ] GC(460) Adjust Roots 0.300ms
[395.251s][info][gc,phases,start] GC(460) Compaction Phase
[395.931s][info][gc,phases      ] GC(460) Compaction Phase 679.429ms
[395.931s][info][gc,phases,start] GC(460) Post Compact
[395.947s][info][gc,phases      ] GC(460) Post Compact 15.954ms
[395.947s][info][gc,heap        ] GC(460) PSYoungGen: 106602K(297472K)->106602K(297472K) Eden: 88575K(88576K)->88575K(88576K) From: 18026K(208896K)->18026K(208896K)
[395.947s][info][gc,heap        ] GC(460) ParOldGen: 10923007K(10923008K)->10923007K(10923008K)
[395.947s][info][gc,metaspace   ] GC(460) Metaspace: 6296K(6464K)->6296K(6464K) NonClass: 5763K(5824K)->5763K(5824K) Class: 532K(640K)->532K(640K)
[395.947s][info][gc             ] GC(460) Pause Full (Allocation Failure) 10771M->10771M(10957M) 3166.095ms
[395.947s][info][gc,cpu         ] GC(460) User=24.19s Sys=0.00s Real=3.17s
[395.947s][info][gc,start       ] GC(461) Pause Full (Ergonomics)
[395.947s][info][gc,phases,start] GC(461) Marking Phase
[398.488s][info][gc,phases      ] GC(461) Marking Phase 2540.306ms
[398.488s][info][gc,phases,start] GC(461) Summary Phase
[398.488s][info][gc,phases      ] GC(461) Summary Phase 0.115ms
[398.488s][info][gc,phases,start] GC(461) Adjust Roots
[398.488s][info][gc,phases      ] GC(461) Adjust Roots 0.276ms
[398.488s][info][gc,phases,start] GC(461) Compaction Phase
[401.239s][info][gc,phases      ] GC(461) Compaction Phase 2750.448ms
[401.239s][info][gc,phases,start] GC(461) Post Compact
[401.257s][info][gc,phases      ] GC(461) Post Compact 17.801ms
[401.257s][info][gc,heap        ] GC(461) PSYoungGen: 106602K(297472K)->106602K(297472K) Eden: 88575K(88576K)->88575K(88576K) From: 18026K(208896K)->18026K(208896K)
[401.257s][info][gc,heap        ] GC(461) ParOldGen: 10923007K(10923008K)->10923006K(10923008K)
[401.257s][info][gc,metaspace   ] GC(461) Metaspace: 6296K(6464K)->6296K(6464K) NonClass: 5763K(5824K)->5763K(5824K) Class: 532K(640K)->532K(640K)
[401.257s][info][gc             ] GC(461) Pause Full (Ergonomics) 10771M->10771M(10957M) 5309.284ms
[401.257s][info][gc,cpu         ] GC(461) User=38.94s Sys=0.03s Real=5.31s
[401.257s][info][gc,start       ] GC(462) Pause Full (Ergonomics)
[401.257s][info][gc,phases,start] GC(462) Marking Phase
[403.765s][info][gc,phases      ] GC(462) Marking Phase 2507.871ms
[403.765s][info][gc,phases,start] GC(462) Summary Phase
[403.765s][info][gc,phases      ] GC(462) Summary Phase 0.168ms
[403.765s][info][gc,phases,start] GC(462) Adjust Roots
[403.766s][info][gc,phases      ] GC(462) Adjust Roots 0.274ms
[403.766s][info][gc,phases,start] GC(462) Compaction Phase
[404.451s][info][gc,phases      ] GC(462) Compaction Phase 685.634ms
[404.451s][info][gc,phases,start] GC(462) Post Compact
[404.465s][info][gc,phases      ] GC(462) Post Compact 14.113ms
[404.465s][info][gc,heap        ] GC(462) PSYoungGen: 106602K(297472K)->106602K(297472K) Eden: 88575K(88576K)->88575K(88576K) From: 18026K(208896K)->18026K(208896K)
[404.465s][info][gc,heap        ] GC(462) ParOldGen: 10923006K(10923008K)->10923006K(10923008K)
[404.466s][info][gc,metaspace   ] GC(462) Metaspace: 6296K(6464K)->6296K(6464K) NonClass: 5763K(5824K)->5763K(5824K) Class: 532K(640K)->532K(640K)
[404.466s][info][gc             ] GC(462) Pause Full (Ergonomics) 10771M->10771M(10957M) 3208.393ms
[404.466s][info][gc,cpu         ] GC(462) User=24.47s Sys=0.00s Real=3.21s
[404.467s][info][gc,start       ] GC(463) Pause Full (Ergonomics)
[404.467s][info][gc,phases,start] GC(463) Marking Phase
[406.991s][info][gc,phases      ] GC(463) Marking Phase 2523.807ms
[406.991s][info][gc,phases,start] GC(463) Summary Phase
[406.991s][info][gc,phases      ] GC(463) Summary Phase 0.110ms
[406.991s][info][gc,phases,start] GC(463) Adjust Roots
[406.992s][info][gc,phases      ] GC(463) Adjust Roots 0.244ms
[406.992s][info][gc,phases,start] GC(463) Compaction Phase
[409.513s][info][gc,phases      ] GC(463) Compaction Phase 2520.930ms
[409.513s][info][gc,phases,start] GC(463) Post Compact
[409.529s][info][gc,phases      ] GC(463) Post Compact 16.057ms
[409.529s][info][gc,heap        ] GC(463) PSYoungGen: 106602K(297472K)->106602K(297472K) Eden: 88575K(88576K)->88575K(88576K) From: 18026K(208896K)->18026K(208896K)
[409.529s][info][gc,heap        ] GC(463) ParOldGen: 10923007K(10923008K)->10923004K(10923008K)
[409.529s][info][gc,metaspace   ] GC(463) Metaspace: 6298K(6464K)->6298K(6464K) NonClass: 5764K(5824K)->5764K(5824K) Class: 533K(640K)->533K(640K)
[409.529s][info][gc             ] GC(463) Pause Full (Ergonomics) 10771M->10771M(10957M) 5061.525ms
[409.529s][info][gc,cpu         ] GC(463) User=35.39s Sys=0.03s Real=5.06s
[409.529s][info][gc,heap,exit   ] Heap
[409.529s][info][gc,heap,exit   ]  PSYoungGen      total 297472K, used 106602K [0x00000006b2b00000, 0x00000006d1c80000, 0x0000000800000000)
[409.529s][info][gc,heap,exit   ]   eden space 88576K, 99% used [0x00000006b2b00000,0x00000006b817fff8,0x00000006b8180000)
[409.529s][info][gc,heap,exit   ]   from space 208896K, 8% used [0x00000006b8180000,0x00000006b931ab10,0x00000006c4d80000)
[409.529s][info][gc,heap,exit   ]   to   space 205824K, 0% used [0x00000006c5380000,0x00000006c5380000,0x00000006d1c80000)
[409.529s][info][gc,heap,exit   ]  ParOldGen       total 10923008K, used 10923005K [0x0000000418000000, 0x00000006b2b00000, 0x00000006b2b00000)
[409.529s][info][gc,heap,exit   ]   object space 10923008K, 99% used [0x0000000418000000,0x00000006b2aff5b8,0x00000006b2b00000)
[409.529s][info][gc,heap,exit   ]  Metaspace       used 6301K, committed 6464K, reserved 1114112K
[409.530s][info][gc,heap,exit   ]   class space    used 534K, committed 640K, reserved 1048576K
