[0.013s][info][gc,init] CardTable entry size: 512
[0.013s][info][gc     ] Using Serial
[0.014s][info][gc,init] Version: 18.0.1+10 (release)
[0.014s][info][gc,init] CPUs: 8 total, 8 available
[0.014s][info][gc,init] Memory: 16063M
[0.014s][info][gc,init] Large Page Support: Disabled
[0.014s][info][gc,init] NUMA Support: Disabled
[0.014s][info][gc,init] Compressed Oops: Enabled (Zero based)
[0.014s][info][gc,init] Heap Min Capacity: 2M
[0.014s][info][gc,init] Heap Initial Capacity: 2M
[0.014s][info][gc,init] Heap Max Capacity: 4700M
[0.014s][info][gc,init] Pre-touch: Disabled
[0.014s][info][gc,metaspace] CDS archive(s) not mapped
[0.014s][info][gc,metaspace] Compressed class space mapped at: 0x0000000800000000-0x0000000840000000, reserved size: 1073741824
[0.014s][info][gc,metaspace] Narrow klass base: 0x0000000800000000, Narrow klass shift: 0, Narrow klass range: 0x40000000
[0.182s][info][gc,start    ] GC(0) Pause Young (Allocation Failure)
[0.184s][info][gc,heap     ] GC(0) DefNew: 1023K(1152K)->127K(1152K) Eden: 1023K(1024K)->0K(1024K) From: 0K(128K)->127K(128K)
[0.184s][info][gc,heap     ] GC(0) Tenured: 0K(768K)->439K(768K)
[0.184s][info][gc,metaspace] GC(0) Metaspace: 5899K(6016K)->5899K(6016K) NonClass: 5400K(5504K)->5400K(5504K) Class: 499K(512K)->499K(512K)
[0.184s][info][gc          ] GC(0) Pause Young (Allocation Failure) 0M->0M(1M) 1.731ms
[0.184s][info][gc,cpu      ] GC(0) User=0.00s Sys=0.00s Real=0.00s
[0.207s][info][gc,start    ] GC(1) Pause Young (Allocation Failure)
[0.208s][info][gc          ] GC(1) Pause Young (Allocation Failure) 1M->0M(2M) 1.263ms
[0.208s][info][gc,cpu      ] GC(1) User=0.00s Sys=0.00s Real=0.00s
[0.208s][info][gc,start    ] GC(2) Pause Full (Allocation Failure)
[0.208s][info][gc,phases,start] GC(2) Phase 1: Mark live objects
[0.209s][info][gc,phases      ] GC(2) Phase 1: Mark live objects 1.159ms
[0.209s][info][gc,phases,start] GC(2) Phase 2: Compute new object addresses
[0.210s][info][gc,phases      ] GC(2) Phase 2: Compute new object addresses 0.252ms
[0.210s][info][gc,phases,start] GC(2) Phase 3: Adjust pointers
[0.210s][info][gc,phases      ] GC(2) Phase 3: Adjust pointers 0.567ms
[0.210s][info][gc,phases,start] GC(2) Phase 4: Move objects
[0.210s][info][gc,phases      ] GC(2) Phase 4: Move objects 0.069ms
[0.210s][info][gc,heap        ] GC(2) DefNew: 1151K(1152K)->40K(1152K) Eden: 1024K(1024K)->40K(1024K) From: 127K(128K)->0K(128K)
[0.210s][info][gc,heap        ] GC(2) Tenured: 439K(768K)->959K(1600K)
[0.210s][info][gc,metaspace   ] GC(2) Metaspace: 6295K(6464K)->6295K(6464K) NonClass: 5762K(5824K)->5762K(5824K) Class: 533K(640K)->533K(640K)
[0.210s][info][gc             ] GC(2) Pause Full (Allocation Failure) 0M->0M(2M) 2.468ms
[0.211s][info][gc,cpu         ] GC(2) User=0.00s Sys=0.00s Real=0.00s
[0.212s][info][gc,start       ] GC(3) Pause Young (Allocation Failure)
[0.214s][info][gc,heap        ] GC(3) DefNew: 1024K(1152K)->127K(1152K) Eden: 1024K(1024K)->0K(1024K) From: 0K(128K)->127K(128K)
[0.214s][info][gc,heap        ] GC(3) Tenured: 959K(1600K)->1375K(1600K)
[0.214s][info][gc,metaspace   ] GC(3) Metaspace: 6295K(6464K)->6295K(6464K) NonClass: 5762K(5824K)->5762K(5824K) Class: 533K(640K)->533K(640K)
[0.214s][info][gc             ] GC(3) Pause Young (Allocation Failure) 1M->1M(2M) 1.675ms
[0.214s][info][gc,cpu         ] GC(3) User=0.00s Sys=0.00s Real=0.00s
[0.215s][info][gc,start       ] GC(4) Pause Young (Allocation Failure)
[0.217s][info][gc             ] GC(4) Pause Young (Allocation Failure) 2M->1M(3M) 1.315ms
[0.217s][info][gc,cpu         ] GC(4) User=0.00s Sys=0.00s Real=0.00s
[0.217s][info][gc,start       ] GC(5) Pause Full (Allocation Failure)
[0.217s][info][gc,phases,start] GC(5) Phase 1: Mark live objects
[0.218s][info][gc,phases      ] GC(5) Phase 1: Mark live objects 1.654ms
[0.218s][info][gc,phases,start] GC(5) Phase 2: Compute new object addresses
[0.219s][info][gc,phases      ] GC(5) Phase 2: Compute new object addresses 0.459ms
[0.219s][info][gc,phases,start] GC(5) Phase 3: Adjust pointers
[0.220s][info][gc,phases      ] GC(5) Phase 3: Adjust pointers 0.801ms
[0.220s][info][gc,phases,start] GC(5) Phase 4: Move objects
[0.220s][info][gc,phases      ] GC(5) Phase 4: Move objects 0.077ms
[0.220s][info][gc,heap        ] GC(5) DefNew: 1151K(1152K)->35K(1536K) Eden: 1024K(1024K)->35K(1408K) From: 127K(128K)->0K(128K)
[0.220s][info][gc,heap        ] GC(5) Tenured: 1375K(1600K)->1983K(3308K)
[0.220s][info][gc,metaspace   ] GC(5) Metaspace: 6295K(6464K)->6295K(6464K) NonClass: 5762K(5824K)->5762K(5824K) Class: 533K(640K)->533K(640K)
[0.220s][info][gc             ] GC(5) Pause Full (Allocation Failure) 1M->1M(4M) 3.354ms
[0.220s][info][gc,cpu         ] GC(5) User=0.00s Sys=0.00s Real=0.00s
[0.222s][info][gc,start       ] GC(6) Pause Young (Allocation Failure)
[0.224s][info][gc,heap        ] GC(6) DefNew: 1407K(1536K)->127K(1536K) Eden: 1407K(1408K)->0K(1408K) From: 0K(128K)->127K(128K)
[0.224s][info][gc,heap        ] GC(6) Tenured: 1983K(3308K)->2617K(3308K)
[0.224s][info][gc,metaspace   ] GC(6) Metaspace: 6295K(6464K)->6295K(6464K) NonClass: 5762K(5824K)->5762K(5824K) Class: 533K(640K)->533K(640K)
[0.224s][info][gc             ] GC(6) Pause Young (Allocation Failure) 3M->2M(4M) 2.316ms
[0.224s][info][gc,cpu         ] GC(6) User=0.00s Sys=0.00s Real=0.00s
[0.226s][info][gc,start       ] GC(7) Pause Young (Allocation Failure)
[0.228s][info][gc             ] GC(7) Pause Young (Allocation Failure) 4M->3M(4M) 1.826ms
[0.228s][info][gc,cpu         ] GC(7) User=0.00s Sys=0.00s Real=0.00s
[0.228s][info][gc,start       ] GC(8) Pause Full (Allocation Failure)
[0.228s][info][gc,phases,start] GC(8) Phase 1: Mark live objects
[0.231s][info][gc,phases      ] GC(8) Phase 1: Mark live objects 2.517ms
[0.231s][info][gc,phases,start] GC(8) Phase 2: Compute new object addresses
[0.231s][info][gc,phases      ] GC(8) Phase 2: Compute new object addresses 0.812ms
[0.232s][info][gc,phases,start] GC(8) Phase 3: Adjust pointers
[0.233s][info][gc,phases      ] GC(8) Phase 3: Adjust pointers 1.234ms
[0.233s][info][gc,phases,start] GC(8) Phase 4: Move objects
[0.233s][info][gc,phases      ] GC(8) Phase 4: Move objects 0.089ms
[0.233s][info][gc,heap        ] GC(8) DefNew: 1535K(1536K)->0K(2688K) Eden: 1408K(1408K)->0K(2432K) From: 127K(128K)->0K(256K)
[0.233s][info][gc,heap        ] GC(8) Tenured: 2617K(3308K)->3460K(5768K)
[0.233s][info][gc,metaspace   ] GC(8) Metaspace: 6295K(6464K)->6295K(6464K) NonClass: 5762K(5824K)->5762K(5824K) Class: 533K(640K)->533K(640K)
[0.233s][info][gc             ] GC(8) Pause Full (Allocation Failure) 3M->3M(8M) 5.052ms
[0.233s][info][gc,cpu         ] GC(8) User=0.00s Sys=0.00s Real=0.01s
[0.238s][info][gc,start       ] GC(9) Pause Young (Allocation Failure)
[0.241s][info][gc,heap        ] GC(9) DefNew: 2431K(2688K)->256K(2688K) Eden: 2431K(2432K)->0K(2432K) From: 0K(256K)->256K(256K)
[0.241s][info][gc,heap        ] GC(9) Tenured: 3460K(5768K)->4512K(5768K)
[0.241s][info][gc,metaspace   ] GC(9) Metaspace: 6295K(6464K)->6295K(6464K) NonClass: 5762K(5824K)->5762K(5824K) Class: 533K(640K)->533K(640K)
[0.241s][info][gc             ] GC(9) Pause Young (Allocation Failure) 5M->4M(8M) 3.343ms
[0.241s][info][gc,cpu         ] GC(9) User=0.00s Sys=0.00s Real=0.00s
[0.245s][info][gc,start       ] GC(10) Pause Young (Allocation Failure)
[0.248s][info][gc,heap        ] GC(10) DefNew: 2688K(2688K)->256K(2688K) Eden: 2432K(2432K)->0K(2432K) From: 256K(256K)->256K(256K)
[0.248s][info][gc,heap        ] GC(10) Tenured: 4512K(5768K)->5755K(5768K)
[0.249s][info][gc,metaspace   ] GC(10) Metaspace: 6295K(6464K)->6295K(6464K) NonClass: 5762K(5824K)->5762K(5824K) Class: 533K(640K)->533K(640K)
[0.249s][info][gc             ] GC(10) Pause Young (Allocation Failure) 7M->5M(8M) 3.650ms
[0.249s][info][gc,cpu         ] GC(10) User=0.00s Sys=0.00s Real=0.00s
[0.252s][info][gc,start       ] GC(11) Pause Young (Allocation Failure)
[0.256s][info][gc             ] GC(11) Pause Young (Allocation Failure) 8M->7M(9M) 3.858ms
[0.256s][info][gc,cpu         ] GC(11) User=0.00s Sys=0.00s Real=0.01s
[0.256s][info][gc,start       ] GC(12) Pause Full (Allocation Failure)
[0.256s][info][gc,phases,start] GC(12) Phase 1: Mark live objects
[0.261s][info][gc,phases      ] GC(12) Phase 1: Mark live objects 5.039ms
[0.261s][info][gc,phases,start] GC(12) Phase 2: Compute new object addresses
[0.262s][info][gc,phases      ] GC(12) Phase 2: Compute new object addresses 1.418ms
[0.262s][info][gc,phases,start] GC(12) Phase 3: Adjust pointers
[0.264s][info][gc,phases      ] GC(12) Phase 3: Adjust pointers 1.938ms
[0.264s][info][gc,phases,start] GC(12) Phase 4: Move objects
[0.266s][info][gc,phases      ] GC(12) Phase 4: Move objects 1.634ms
[0.266s][info][gc,heap        ] GC(12) DefNew: 2688K(2688K)->0K(5376K) Eden: 2432K(2432K)->0K(4800K) From: 256K(256K)->0K(576K)
[0.266s][info][gc,heap        ] GC(12) Tenured: 5755K(5768K)->7132K(11888K)
[0.266s][info][gc,metaspace   ] GC(12) Metaspace: 6295K(6464K)->6295K(6464K) NonClass: 5762K(5824K)->5762K(5824K) Class: 533K(640K)->533K(640K)
[0.266s][info][gc             ] GC(12) Pause Full (Allocation Failure) 7M->6M(16M) 10.580ms
[0.266s][info][gc,cpu         ] GC(12) User=0.00s Sys=0.00s Real=0.01s
[0.272s][info][gc,start       ] GC(13) Pause Young (Allocation Failure)
[0.278s][info][gc,heap        ] GC(13) DefNew: 4800K(5376K)->575K(5376K) Eden: 4800K(4800K)->0K(4800K) From: 0K(576K)->575K(576K)
[0.278s][info][gc,heap        ] GC(13) Tenured: 7132K(11888K)->9027K(11888K)
[0.278s][info][gc,metaspace   ] GC(13) Metaspace: 6295K(6464K)->6295K(6464K) NonClass: 5762K(5824K)->5762K(5824K) Class: 533K(640K)->533K(640K)
[0.278s][info][gc             ] GC(13) Pause Young (Allocation Failure) 11M->9M(16M) 5.603ms
[0.278s][info][gc,cpu         ] GC(13) User=0.00s Sys=0.00s Real=0.00s
[0.283s][info][gc,start       ] GC(14) Pause Young (Allocation Failure)
[0.288s][info][gc,heap        ] GC(14) DefNew: 5375K(5376K)->576K(5376K) Eden: 4800K(4800K)->0K(4800K) From: 575K(576K)->576K(576K)
[0.288s][info][gc,heap        ] GC(14) Tenured: 9027K(11888K)->11746K(11888K)
[0.288s][info][gc,metaspace   ] GC(14) Metaspace: 6295K(6464K)->6295K(6464K) NonClass: 5762K(5824K)->5762K(5824K) Class: 533K(640K)->533K(640K)
[0.288s][info][gc             ] GC(14) Pause Young (Allocation Failure) 14M->12M(16M) 5.883ms
[0.288s][info][gc,cpu         ] GC(14) User=0.00s Sys=0.00s Real=0.01s
[0.293s][info][gc,start       ] GC(15) Pause Young (Allocation Failure)
[0.298s][info][gc             ] GC(15) Pause Young (Allocation Failure) 16M->14M(19M) 5.309ms
[0.298s][info][gc,cpu         ] GC(15) User=0.00s Sys=0.00s Real=0.00s
[0.298s][info][gc,start       ] GC(16) Pause Full (Allocation Failure)
[0.298s][info][gc,phases,start] GC(16) Phase 1: Mark live objects
[0.305s][info][gc,phases      ] GC(16) Phase 1: Mark live objects 7.425ms
[0.305s][info][gc,phases,start] GC(16) Phase 2: Compute new object addresses
[0.308s][info][gc,phases      ] GC(16) Phase 2: Compute new object addresses 2.365ms
[0.308s][info][gc,phases,start] GC(16) Phase 3: Adjust pointers
[0.311s][info][gc,phases      ] GC(16) Phase 3: Adjust pointers 2.860ms
[0.311s][info][gc,phases,start] GC(16) Phase 4: Move objects
[0.311s][info][gc,phases      ] GC(16) Phase 4: Move objects 0.173ms
[0.311s][info][gc,heap        ] GC(16) DefNew: 5376K(5376K)->386K(10880K) Eden: 4800K(4800K)->386K(9728K) From: 576K(576K)->0K(1152K)
[0.311s][info][gc,heap        ] GC(16) Tenured: 11746K(11888K)->14384K(23976K)
[0.311s][info][gc,metaspace   ] GC(16) Metaspace: 6297K(6464K)->6297K(6464K) NonClass: 5764K(5824K)->5764K(5824K) Class: 533K(640K)->533K(640K)
[0.311s][info][gc             ] GC(16) Pause Full (Allocation Failure) 14M->14M(34M) 13.183ms
[0.311s][info][gc,cpu         ] GC(16) User=0.00s Sys=0.00s Real=0.01s
[0.320s][info][gc,start       ] GC(17) Pause Young (Allocation Failure)
[0.333s][info][gc,heap        ] GC(17) DefNew: 9728K(10880K)->1151K(10880K) Eden: 9728K(9728K)->0K(9728K) From: 0K(1152K)->1151K(1152K)
[0.333s][info][gc,heap        ] GC(17) Tenured: 14384K(23976K)->18415K(23976K)
[0.333s][info][gc,metaspace   ] GC(17) Metaspace: 6297K(6464K)->6297K(6464K) NonClass: 5764K(5824K)->5764K(5824K) Class: 533K(640K)->533K(640K)
[0.333s][info][gc             ] GC(17) Pause Young (Allocation Failure) 23M->19M(34M) 12.862ms
[0.333s][info][gc,cpu         ] GC(17) User=0.00s Sys=0.00s Real=0.01s
[0.340s][info][gc,start       ] GC(18) Pause Young (Allocation Failure)
[0.352s][info][gc,heap        ] GC(18) DefNew: 10879K(10880K)->1151K(10880K) Eden: 9728K(9728K)->0K(9728K) From: 1151K(1152K)->1151K(1152K)
[0.352s][info][gc,heap        ] GC(18) Tenured: 18415K(23976K)->23936K(23976K)
[0.352s][info][gc,metaspace   ] GC(18) Metaspace: 6297K(6464K)->6297K(6464K) NonClass: 5764K(5824K)->5764K(5824K) Class: 533K(640K)->533K(640K)
[0.352s][info][gc             ] GC(18) Pause Young (Allocation Failure) 28M->24M(34M) 12.021ms
[0.352s][info][gc,cpu         ] GC(18) User=0.00s Sys=0.00s Real=0.01s
[0.357s][info][gc,start       ] GC(19) Pause Young (Allocation Failure)
[0.369s][info][gc             ] GC(19) Pause Young (Allocation Failure) 34M->29M(38M) 11.494ms
[0.369s][info][gc,cpu         ] GC(19) User=0.00s Sys=0.00s Real=0.01s
[0.369s][info][gc,start       ] GC(20) Pause Full (Allocation Failure)
[0.369s][info][gc,phases,start] GC(20) Phase 1: Mark live objects
[0.383s][info][gc,phases      ] GC(20) Phase 1: Mark live objects 13.984ms
[0.383s][info][gc,phases,start] GC(20) Phase 2: Compute new object addresses
[0.387s][info][gc,phases      ] GC(20) Phase 2: Compute new object addresses 4.547ms
[0.387s][info][gc,phases,start] GC(20) Phase 3: Adjust pointers
[0.393s][info][gc,phases      ] GC(20) Phase 3: Adjust pointers 5.245ms
[0.393s][info][gc,phases,start] GC(20) Phase 4: Move objects
[0.393s][info][gc,phases      ] GC(20) Phase 4: Move objects 0.179ms
[0.393s][info][gc,heap        ] GC(20) DefNew: 10879K(10880K)->1080K(21888K) Eden: 9728K(9728K)->1080K(19520K) From: 1151K(1152K)->0K(2368K)
[0.393s][info][gc,heap        ] GC(20) Tenured: 23936K(23976K)->29036K(48396K)
[0.393s][info][gc,metaspace   ] GC(20) Metaspace: 6297K(6464K)->6297K(6464K) NonClass: 5764K(5824K)->5764K(5824K) Class: 533K(640K)->533K(640K)
[0.393s][info][gc             ] GC(20) Pause Full (Allocation Failure) 29M->29M(68M) 24.341ms
[0.393s][info][gc,cpu         ] GC(20) User=0.03s Sys=0.00s Real=0.02s
[0.409s][info][gc,start       ] GC(21) Pause Young (Allocation Failure)
[0.439s][info][gc,heap        ] GC(21) DefNew: 19520K(21888K)->2367K(21888K) Eden: 19520K(19520K)->0K(19520K) From: 0K(2368K)->2367K(2368K)
[0.440s][info][gc,heap        ] GC(21) Tenured: 29036K(48396K)->39358K(48396K)
[0.440s][info][gc,metaspace   ] GC(21) Metaspace: 6297K(6464K)->6297K(6464K) NonClass: 5764K(5824K)->5764K(5824K) Class: 533K(640K)->533K(640K)
[0.440s][info][gc             ] GC(21) Pause Young (Allocation Failure) 47M->40M(68M) 30.955ms
[0.440s][info][gc,cpu         ] GC(21) User=0.02s Sys=0.00s Real=0.03s
[0.458s][info][gc,start       ] GC(22) Pause Young (Allocation Failure)
[0.494s][info][gc             ] GC(22) Pause Young (Allocation Failure) 59M->59M(78M) 36.230ms
[0.494s][info][gc,cpu         ] GC(22) User=0.02s Sys=0.02s Real=0.04s
[0.494s][info][gc,start       ] GC(23) Pause Full (Allocation Failure)
[0.494s][info][gc,phases,start] GC(23) Phase 1: Mark live objects
[0.519s][info][gc,phases      ] GC(23) Phase 1: Mark live objects 24.702ms
[0.519s][info][gc,phases,start] GC(23) Phase 2: Compute new object addresses
[0.528s][info][gc,phases      ] GC(23) Phase 2: Compute new object addresses 9.550ms
[0.528s][info][gc,phases,start] GC(23) Phase 3: Adjust pointers
[0.539s][info][gc,phases      ] GC(23) Phase 3: Adjust pointers 10.588ms
[0.539s][info][gc,phases,start] GC(23) Phase 4: Move objects
[0.539s][info][gc,phases      ] GC(23) Phase 4: Move objects 0.332ms
[0.540s][info][gc,heap        ] GC(23) DefNew: 21887K(21888K)->2259K(44288K) Eden: 19520K(19520K)->2259K(39424K) From: 2367K(2368K)->0K(4864K)
[0.540s][info][gc,heap        ] GC(23) Tenured: 39358K(48396K)->58956K(98260K)
[0.540s][info][gc,metaspace   ] GC(23) Metaspace: 6297K(6464K)->6297K(6464K) NonClass: 5764K(5824K)->5764K(5824K) Class: 533K(640K)->533K(640K)
[0.540s][info][gc             ] GC(23) Pause Full (Allocation Failure) 59M->59M(139M) 45.761ms
[0.540s][info][gc,cpu         ] GC(23) User=0.05s Sys=0.00s Real=0.05s
[0.580s][info][gc,start       ] GC(24) Pause Young (Allocation Failure)
[0.642s][info][gc,heap        ] GC(24) DefNew: 39424K(44288K)->4863K(44288K) Eden: 39424K(39424K)->0K(39424K) From: 0K(4864K)->4863K(4864K)
[0.642s][info][gc,heap        ] GC(24) Tenured: 58956K(98260K)->93487K(98260K)
[0.642s][info][gc,metaspace   ] GC(24) Metaspace: 6297K(6464K)->6297K(6464K) NonClass: 5764K(5824K)->5764K(5824K) Class: 533K(640K)->533K(640K)
[0.642s][info][gc             ] GC(24) Pause Young (Allocation Failure) 96M->96M(139M) 61.907ms
[0.642s][info][gc,cpu         ] GC(24) User=0.03s Sys=0.02s Real=0.06s
[0.675s][info][gc,start       ] GC(25) Pause Young (Allocation Failure)
[0.745s][info][gc             ] GC(25) Pause Young (Allocation Failure) 134M->134M(173M) 70.713ms
[0.745s][info][gc,cpu         ] GC(25) User=0.06s Sys=0.00s Real=0.07s
[0.745s][info][gc,start       ] GC(26) Pause Full (Allocation Failure)
[0.745s][info][gc,phases,start] GC(26) Phase 1: Mark live objects
[0.801s][info][gc,phases      ] GC(26) Phase 1: Mark live objects 56.016ms
[0.801s][info][gc,phases,start] GC(26) Phase 2: Compute new object addresses
[0.823s][info][gc,phases      ] GC(26) Phase 2: Compute new object addresses 21.435ms
[0.823s][info][gc,phases,start] GC(26) Phase 3: Adjust pointers
[0.849s][info][gc,phases      ] GC(26) Phase 3: Adjust pointers 26.185ms
[0.849s][info][gc,phases,start] GC(26) Phase 4: Move objects
[0.873s][info][gc,phases      ] GC(26) Phase 4: Move objects 23.991ms
[0.874s][info][gc,heap        ] GC(26) DefNew: 44287K(44288K)->1016K(99712K) Eden: 39424K(39424K)->1016K(88640K) From: 4863K(4864K)->0K(11072K)
[0.874s][info][gc,heap        ] GC(26) Tenured: 93487K(98260K)->132887K(221480K)
[0.874s][info][gc,metaspace   ] GC(26) Metaspace: 6297K(6464K)->6297K(6464K) NonClass: 5764K(5824K)->5764K(5824K) Class: 533K(640K)->533K(640K)
[0.874s][info][gc             ] GC(26) Pause Full (Allocation Failure) 134M->130M(313M) 128.475ms
[0.874s][info][gc,cpu         ] GC(26) User=0.12s Sys=0.00s Real=0.13s
[0.967s][info][gc,start       ] GC(27) Pause Young (Allocation Failure)
[1.122s][info][gc,heap        ] GC(27) DefNew: 88640K(99712K)->11071K(99712K) Eden: 88640K(88640K)->0K(88640K) From: 0K(11072K)->11071K(11072K)
[1.122s][info][gc,heap        ] GC(27) Tenured: 132887K(221480K)->210425K(221480K)
[1.122s][info][gc,metaspace   ] GC(27) Metaspace: 6297K(6464K)->6297K(6464K) NonClass: 5764K(5824K)->5764K(5824K) Class: 533K(640K)->533K(640K)
[1.122s][info][gc             ] GC(27) Pause Young (Allocation Failure) 216M->216M(313M) 155.543ms
[1.122s][info][gc,cpu         ] GC(27) User=0.14s Sys=0.00s Real=0.16s
[1.201s][info][gc,start       ] GC(28) Pause Young (Allocation Failure)
[1.375s][info][gc             ] GC(28) Pause Young (Allocation Failure) 302M->302M(389M) 173.967ms
[1.375s][info][gc,cpu         ] GC(28) User=0.09s Sys=0.06s Real=0.17s
[1.375s][info][gc,start       ] GC(29) Pause Full (Allocation Failure)
[1.375s][info][gc,phases,start] GC(29) Phase 1: Mark live objects
[1.520s][info][gc,phases      ] GC(29) Phase 1: Mark live objects 144.650ms
[1.520s][info][gc,phases,start] GC(29) Phase 2: Compute new object addresses
[1.572s][info][gc,phases      ] GC(29) Phase 2: Compute new object addresses 51.721ms
[1.572s][info][gc,phases,start] GC(29) Phase 3: Adjust pointers
[1.624s][info][gc,phases      ] GC(29) Phase 3: Adjust pointers 52.197ms
[1.624s][info][gc,phases,start] GC(29) Phase 4: Move objects
[1.627s][info][gc,phases      ] GC(29) Phase 4: Move objects 2.683ms
[1.628s][info][gc,heap        ] GC(29) DefNew: 99711K(99712K)->10928K(224448K) Eden: 88640K(88640K)->10928K(199552K) From: 11071K(11072K)->0K(24896K)
[1.628s][info][gc,heap        ] GC(29) Tenured: 210425K(221480K)->299180K(498636K)
[1.628s][info][gc,metaspace   ] GC(29) Metaspace: 6297K(6464K)->6297K(6464K) NonClass: 5764K(5824K)->5764K(5824K) Class: 533K(640K)->533K(640K)
[1.628s][info][gc             ] GC(29) Pause Full (Allocation Failure) 302M->302M(706M) 252.711ms
[1.628s][info][gc,cpu         ] GC(29) User=0.22s Sys=0.00s Real=0.25s
[1.840s][info][gc,start       ] GC(30) Pause Young (Allocation Failure)
[2.205s][info][gc,heap        ] GC(30) DefNew: 199552K(224448K)->24895K(224448K) Eden: 199552K(199552K)->0K(199552K) From: 0K(24896K)->24895K(24896K)
[2.205s][info][gc,heap        ] GC(30) Tenured: 299180K(498636K)->473808K(498636K)
[2.205s][info][gc,metaspace   ] GC(30) Metaspace: 6297K(6464K)->6297K(6464K) NonClass: 5764K(5824K)->5764K(5824K) Class: 533K(640K)->533K(640K)
[2.205s][info][gc             ] GC(30) Pause Young (Allocation Failure) 487M->487M(706M) 364.794ms
[2.205s][info][gc,cpu         ] GC(30) User=0.27s Sys=0.06s Real=0.37s
[2.390s][info][gc,start       ] GC(31) Pause Young (Allocation Failure)
[2.769s][info][gc             ] GC(31) Pause Young (Allocation Failure) 681M->681M(876M) 379.185ms
[2.769s][info][gc,cpu         ] GC(31) User=0.31s Sys=0.06s Real=0.38s
[2.769s][info][gc,start       ] GC(32) Pause Full (Allocation Failure)
[2.769s][info][gc,phases,start] GC(32) Phase 1: Mark live objects
[3.097s][info][gc,phases      ] GC(32) Phase 1: Mark live objects 327.531ms
[3.097s][info][gc,phases,start] GC(32) Phase 2: Compute new object addresses
[3.205s][info][gc,phases      ] GC(32) Phase 2: Compute new object addresses 108.045ms
[3.205s][info][gc,phases,start] GC(32) Phase 3: Adjust pointers
[3.319s][info][gc,phases      ] GC(32) Phase 3: Adjust pointers 113.999ms
[3.319s][info][gc,phases,start] GC(32) Phase 4: Move objects
[3.324s][info][gc,phases      ] GC(32) Phase 4: Move objects 4.987ms
[3.326s][info][gc,heap        ] GC(32) DefNew: 224447K(224448K)->24796K(505152K) Eden: 199552K(199552K)->24796K(449088K) From: 24895K(24896K)->0K(56064K)
[3.326s][info][gc,heap        ] GC(32) Tenured: 473808K(498636K)->673423K(1122376K)
[3.326s][info][gc,metaspace   ] GC(32) Metaspace: 6297K(6464K)->6297K(6464K) NonClass: 5764K(5824K)->5764K(5824K) Class: 533K(640K)->533K(640K)
[3.326s][info][gc             ] GC(32) Pause Full (Allocation Failure) 681M->681M(1589M) 556.780ms
[3.326s][info][gc,cpu         ] GC(32) User=0.55s Sys=0.00s Real=0.56s
[3.801s][info][gc,start       ] GC(33) Pause Young (Allocation Failure)
[4.553s][info][gc,heap        ] GC(33) DefNew: 449088K(505152K)->56063K(505152K) Eden: 449088K(449088K)->0K(449088K) From: 0K(56064K)->56063K(56064K)
[4.553s][info][gc,heap        ] GC(33) Tenured: 673423K(1122376K)->1066419K(1122376K)
[4.554s][info][gc,metaspace   ] GC(33) Metaspace: 6297K(6464K)->6297K(6464K) NonClass: 5764K(5824K)->5764K(5824K) Class: 533K(640K)->533K(640K)
[4.554s][info][gc             ] GC(33) Pause Young (Allocation Failure) 1096M->1096M(1589M) 753.003ms
[4.554s][info][gc,cpu         ] GC(33) User=0.70s Sys=0.05s Real=0.75s
[5.026s][info][gc,start       ] GC(34) Pause Young (Allocation Failure)
[5.716s][info][gc             ] GC(34) Pause Young (Allocation Failure) 1534M->1476M(1915M) 690.388ms
[5.716s][info][gc,cpu         ] GC(34) User=0.62s Sys=0.06s Real=0.69s
[5.716s][info][gc,start       ] GC(35) Pause Full (Allocation Failure)
[5.716s][info][gc,phases,start] GC(35) Phase 1: Mark live objects
[6.363s][info][gc,phases      ] GC(35) Phase 1: Mark live objects 646.829ms
[6.363s][info][gc,phases,start] GC(35) Phase 2: Compute new object addresses
[6.578s][info][gc,phases      ] GC(35) Phase 2: Compute new object addresses 214.362ms
[6.578s][info][gc,phases,start] GC(35) Phase 3: Adjust pointers
[6.837s][info][gc,phases      ] GC(35) Phase 3: Adjust pointers 259.231ms
[6.837s][info][gc,phases,start] GC(35) Phase 4: Move objects
[6.848s][info][gc,phases      ] GC(35) Phase 4: Move objects 10.918ms
[6.852s][info][gc,heap        ] GC(35) DefNew: 505151K(505152K)->56010K(1092160K) Eden: 449088K(449088K)->56010K(970816K) From: 56063K(56064K)->0K(121344K)
[6.852s][info][gc,heap        ] GC(35) Tenured: 1066419K(1122376K)->1456140K(2426900K)
[6.852s][info][gc,metaspace   ] GC(35) Metaspace: 6297K(6464K)->6297K(6464K) NonClass: 5764K(5824K)->5764K(5824K) Class: 533K(640K)->533K(640K)
[6.852s][info][gc             ] GC(35) Pause Full (Allocation Failure) 1476M->1476M(3436M) 1135.753ms
[6.852s][info][gc,cpu         ] GC(35) User=1.08s Sys=0.02s Real=1.14s
[7.767s][info][gc,start       ] GC(36) Pause Young (Allocation Failure)
[9.410s][info][gc,heap        ] GC(36) DefNew: 970816K(1092160K)->121344K(1092160K) Eden: 970816K(970816K)->0K(970816K) From: 0K(121344K)->121344K(121344K)
[9.411s][info][gc,heap        ] GC(36) Tenured: 1456140K(2426900K)->2305580K(2426900K)
[9.411s][info][gc,metaspace   ] GC(36) Metaspace: 6297K(6464K)->6297K(6464K) NonClass: 5764K(5824K)->5764K(5824K) Class: 533K(640K)->533K(640K)
[9.411s][info][gc             ] GC(36) Pause Young (Allocation Failure) 2370M->2370M(3436M) 1643.502ms
[9.411s][info][gc,cpu         ] GC(36) User=1.42s Sys=0.20s Real=1.64s
[10.417s][info][gc,start       ] GC(37) Pause Young (Allocation Failure)
[12.153s][info][gc,promotion   ] GC(37) Promotion failed
[12.153s][info][gc             ] GC(37) Pause Young (Allocation Failure) 3318M->4199M(4199M) 1736.000ms
[12.153s][info][gc,cpu         ] GC(37) User=1.47s Sys=0.25s Real=1.74s
[12.153s][info][gc,start       ] GC(38) Pause Full (Allocation Failure)
[12.153s][info][gc,phases,start] GC(38) Phase 1: Mark live objects
[13.630s][info][gc,phases      ] GC(38) Phase 1: Mark live objects 1477.362ms
[13.630s][info][gc,phases,start] GC(38) Phase 2: Compute new object addresses
[14.187s][info][gc,phases      ] GC(38) Phase 2: Compute new object addresses 556.963ms
[14.187s][info][gc,phases,start] GC(38) Phase 3: Adjust pointers
[14.904s][info][gc,phases      ] GC(38) Phase 3: Adjust pointers 717.033ms
[14.905s][info][gc,phases,start] GC(38) Phase 4: Move objects
[15.544s][info][gc,phases      ] GC(38) Phase 4: Move objects 639.091ms
[15.545s][info][gc,heap        ] GC(38) DefNew: 1092160K(1092160K)->94928K(1443840K) Eden: 970816K(970816K)->94928K(1283456K) From: 121344K(121344K)->0K(160384K)
[15.545s][info][gc,heap        ] GC(38) Tenured: 2305580K(2426900K)->3208575K(3208576K)
[15.545s][info][gc,metaspace   ] GC(38) Metaspace: 6297K(6464K)->6297K(6464K) NonClass: 5764K(5824K)->5764K(5824K) Class: 533K(640K)->533K(640K)
[15.545s][info][gc             ] GC(38) Pause Full (Allocation Failure) 4199M->3226M(4543M) 3392.452ms
[15.545s][info][gc,cpu         ] GC(38) User=3.41s Sys=0.00s Real=3.39s
[17.079s][info][gc,start       ] GC(39) Pause Full (Allocation Failure)
[17.079s][info][gc,phases,start] GC(39) Phase 1: Mark live objects
[19.247s][info][gc,phases      ] GC(39) Phase 1: Mark live objects 2168.073ms
[19.247s][info][gc,phases,start] GC(39) Phase 2: Compute new object addresses
[19.906s][info][gc,phases      ] GC(39) Phase 2: Compute new object addresses 658.871ms
[19.906s][info][gc,phases,start] GC(39) Phase 3: Adjust pointers
[20.862s][info][gc,phases      ] GC(39) Phase 3: Adjust pointers 955.635ms
[20.862s][info][gc,phases,start] GC(39) Phase 4: Move objects
[21.110s][info][gc,phases      ] GC(39) Phase 4: Move objects 247.977ms
[21.111s][info][gc,heap        ] GC(39) DefNew: 1443839K(1443840K)->1443812K(1443840K) Eden: 1283456K(1283456K)->1283455K(1283456K) From: 160383K(160384K)->160356K(160384K)
[21.111s][info][gc,heap        ] GC(39) Tenured: 3208575K(3208576K)->3208575K(3208576K)
[21.111s][info][gc,metaspace   ] GC(39) Metaspace: 6297K(6464K)->6297K(6464K) NonClass: 5764K(5824K)->5764K(5824K) Class: 533K(640K)->533K(640K)
[21.111s][info][gc             ] GC(39) Pause Full (Allocation Failure) 4543M->4543M(4543M) 4032.149ms
[21.111s][info][gc,cpu         ] GC(39) User=3.86s Sys=0.00s Real=4.03s
[21.112s][info][gc,start       ] GC(40) Pause Full (Allocation Failure)
[21.112s][info][gc,phases,start] GC(40) Phase 1: Mark live objects
[23.330s][info][gc,phases      ] GC(40) Phase 1: Mark live objects 2218.627ms
[23.330s][info][gc,phases,start] GC(40) Phase 2: Compute new object addresses
[23.982s][info][gc,phases      ] GC(40) Phase 2: Compute new object addresses 651.869ms
[23.982s][info][gc,phases,start] GC(40) Phase 3: Adjust pointers
[24.867s][info][gc,phases      ] GC(40) Phase 3: Adjust pointers 884.776ms
[24.867s][info][gc,phases,start] GC(40) Phase 4: Move objects
[24.867s][info][gc,phases      ] GC(40) Phase 4: Move objects 0.017ms
[24.868s][info][gc,heap        ] GC(40) DefNew: 1443839K(1443840K)->1443839K(1443840K) Eden: 1283455K(1283456K)->1283455K(1283456K) From: 160383K(160384K)->160383K(160384K)
[24.868s][info][gc,heap        ] GC(40) Tenured: 3208575K(3208576K)->3208575K(3208576K)
[24.868s][info][gc,metaspace   ] GC(40) Metaspace: 6297K(6464K)->6297K(6464K) NonClass: 5764K(5824K)->5764K(5824K) Class: 533K(640K)->533K(640K)
[24.868s][info][gc             ] GC(40) Pause Full (Allocation Failure) 4543M->4543M(4543M) 3756.203ms
[24.868s][info][gc,cpu         ] GC(40) User=3.56s Sys=0.00s Real=3.76s
[24.868s][info][gc,start       ] GC(41) Pause Full (Allocation Failure)
[24.868s][info][gc,phases,start] GC(41) Phase 1: Mark live objects
[26.980s][info][gc,phases      ] GC(41) Phase 1: Mark live objects 2111.934ms
[26.980s][info][gc,phases,start] GC(41) Phase 2: Compute new object addresses
[27.617s][info][gc,phases      ] GC(41) Phase 2: Compute new object addresses 637.203ms
[27.617s][info][gc,phases,start] GC(41) Phase 3: Adjust pointers
[28.641s][info][gc,phases      ] GC(41) Phase 3: Adjust pointers 1023.748ms
[28.641s][info][gc,phases,start] GC(41) Phase 4: Move objects
[29.398s][info][gc,phases      ] GC(41) Phase 4: Move objects 757.101ms
[29.399s][info][gc,heap        ] GC(41) DefNew: 1443839K(1443840K)->1443835K(1443840K) Eden: 1283455K(1283456K)->1283455K(1283456K) From: 160383K(160384K)->160379K(160384K)
[29.399s][info][gc,heap        ] GC(41) Tenured: 3208575K(3208576K)->3208575K(3208576K)
[29.399s][info][gc,metaspace   ] GC(41) Metaspace: 6297K(6464K)->6296K(6464K) NonClass: 5764K(5824K)->5763K(5824K) Class: 533K(640K)->532K(640K)
[29.399s][info][gc             ] GC(41) Pause Full (Allocation Failure) 4543M->4543M(4543M) 4531.316ms
[29.399s][info][gc,cpu         ] GC(41) User=4.50s Sys=0.00s Real=4.53s
[29.399s][info][gc,start       ] GC(42) Pause Full (Allocation Failure)
[29.400s][info][gc,phases,start] GC(42) Phase 1: Mark live objects
[31.515s][info][gc,phases      ] GC(42) Phase 1: Mark live objects 2115.811ms
[31.515s][info][gc,phases,start] GC(42) Phase 2: Compute new object addresses
[32.150s][info][gc,phases      ] GC(42) Phase 2: Compute new object addresses 634.644ms
[32.150s][info][gc,phases,start] GC(42) Phase 3: Adjust pointers
[33.010s][info][gc,phases      ] GC(42) Phase 3: Adjust pointers 859.858ms
[33.010s][info][gc,phases,start] GC(42) Phase 4: Move objects
[33.010s][info][gc,phases      ] GC(42) Phase 4: Move objects 0.017ms
[33.011s][info][gc,heap        ] GC(42) DefNew: 1443839K(1443840K)->1443839K(1443840K) Eden: 1283455K(1283456K)->1283455K(1283456K) From: 160383K(160384K)->160383K(160384K)
[33.011s][info][gc,heap        ] GC(42) Tenured: 3208575K(3208576K)->3208575K(3208576K)
[33.011s][info][gc,metaspace   ] GC(42) Metaspace: 6296K(6464K)->6296K(6464K) NonClass: 5763K(5824K)->5763K(5824K) Class: 532K(640K)->532K(640K)
[33.011s][info][gc             ] GC(42) Pause Full (Allocation Failure) 4543M->4543M(4543M) 3611.293ms
[33.011s][info][gc,cpu         ] GC(42) User=3.59s Sys=0.00s Real=3.61s
[33.011s][info][gc,start       ] GC(43) Pause Full (Allocation Failure)
[33.011s][info][gc,phases,start] GC(43) Phase 1: Mark live objects
[35.110s][info][gc,phases      ] GC(43) Phase 1: Mark live objects 2099.412ms
[35.110s][info][gc,phases,start] GC(43) Phase 2: Compute new object addresses
[35.755s][info][gc,phases      ] GC(43) Phase 2: Compute new object addresses 644.437ms
[35.755s][info][gc,phases,start] GC(43) Phase 3: Adjust pointers
[36.605s][info][gc,phases      ] GC(43) Phase 3: Adjust pointers 849.846ms
[36.605s][info][gc,phases,start] GC(43) Phase 4: Move objects
[36.605s][info][gc,phases      ] GC(43) Phase 4: Move objects 0.016ms
[36.605s][info][gc,heap        ] GC(43) DefNew: 1443839K(1443840K)->1443839K(1443840K) Eden: 1283455K(1283456K)->1283455K(1283456K) From: 160383K(160384K)->160383K(160384K)
[36.605s][info][gc,heap        ] GC(43) Tenured: 3208575K(3208576K)->3208575K(3208576K)
[36.606s][info][gc,metaspace   ] GC(43) Metaspace: 6296K(6464K)->6296K(6464K) NonClass: 5763K(5824K)->5763K(5824K) Class: 532K(640K)->532K(640K)
[36.606s][info][gc             ] GC(43) Pause Full (Allocation Failure) 4543M->4543M(4543M) 3594.719ms
[36.606s][info][gc,cpu         ] GC(43) User=3.53s Sys=0.02s Real=3.60s
[36.606s][info][gc,start       ] GC(44) Pause Full (Allocation Failure)
[36.606s][info][gc,phases,start] GC(44) Phase 1: Mark live objects
[38.690s][info][gc,phases      ] GC(44) Phase 1: Mark live objects 2084.292ms
[38.690s][info][gc,phases,start] GC(44) Phase 2: Compute new object addresses
[39.323s][info][gc,phases      ] GC(44) Phase 2: Compute new object addresses 632.440ms
[39.323s][info][gc,phases,start] GC(44) Phase 3: Adjust pointers
[40.181s][info][gc,phases      ] GC(44) Phase 3: Adjust pointers 857.944ms
[40.181s][info][gc,phases,start] GC(44) Phase 4: Move objects
[40.181s][info][gc,phases      ] GC(44) Phase 4: Move objects 0.016ms
[40.182s][info][gc,heap        ] GC(44) DefNew: 1443839K(1443840K)->1443839K(1443840K) Eden: 1283455K(1283456K)->1283455K(1283456K) From: 160383K(160384K)->160383K(160384K)
[40.182s][info][gc,heap        ] GC(44) Tenured: 3208575K(3208576K)->3208575K(3208576K)
[40.182s][info][gc,metaspace   ] GC(44) Metaspace: 6296K(6464K)->6296K(6464K) NonClass: 5763K(5824K)->5763K(5824K) Class: 532K(640K)->532K(640K)
[40.182s][info][gc             ] GC(44) Pause Full (Allocation Failure) 4543M->4543M(4543M) 3575.598ms
[40.182s][info][gc,cpu         ] GC(44) User=3.53s Sys=0.00s Real=3.58s
[40.182s][info][gc,start       ] GC(45) Pause Full (Allocation Failure)
[40.182s][info][gc,phases,start] GC(45) Phase 1: Mark live objects
[42.285s][info][gc,phases      ] GC(45) Phase 1: Mark live objects 2102.918ms
[42.285s][info][gc,phases,start] GC(45) Phase 2: Compute new object addresses
[42.925s][info][gc,phases      ] GC(45) Phase 2: Compute new object addresses 640.314ms
[42.925s][info][gc,phases,start] GC(45) Phase 3: Adjust pointers
[43.954s][info][gc,phases      ] GC(45) Phase 3: Adjust pointers 1029.126ms
[43.954s][info][gc,phases,start] GC(45) Phase 4: Move objects
[44.695s][info][gc,phases      ] GC(45) Phase 4: Move objects 740.628ms
[44.696s][info][gc,heap        ] GC(45) DefNew: 1443839K(1443840K)->1443838K(1443840K) Eden: 1283455K(1283456K)->1283455K(1283456K) From: 160383K(160384K)->160382K(160384K)
[44.696s][info][gc,heap        ] GC(45) Tenured: 3208575K(3208576K)->3208575K(3208576K)
[44.696s][info][gc,metaspace   ] GC(45) Metaspace: 6296K(6464K)->6296K(6464K) NonClass: 5763K(5824K)->5763K(5824K) Class: 532K(640K)->532K(640K)
[44.696s][info][gc             ] GC(45) Pause Full (Allocation Failure) 4543M->4543M(4543M) 4514.317ms
[44.696s][info][gc,cpu         ] GC(45) User=4.45s Sys=0.00s Real=4.51s
[44.697s][info][gc,start       ] GC(46) Pause Full (Allocation Failure)
[44.697s][info][gc,phases,start] GC(46) Phase 1: Mark live objects
[46.866s][info][gc,phases      ] GC(46) Phase 1: Mark live objects 2169.076ms
[46.866s][info][gc,phases,start] GC(46) Phase 2: Compute new object addresses
[47.534s][info][gc,phases      ] GC(46) Phase 2: Compute new object addresses 667.669ms
[47.534s][info][gc,phases,start] GC(46) Phase 3: Adjust pointers
[48.607s][info][gc,phases      ] GC(46) Phase 3: Adjust pointers 1072.655ms
[48.607s][info][gc,phases,start] GC(46) Phase 4: Move objects
[49.384s][info][gc,phases      ] GC(46) Phase 4: Move objects 777.072ms
[49.385s][info][gc,heap        ] GC(46) DefNew: 1443839K(1443840K)->1443837K(1443840K) Eden: 1283456K(1283456K)->1283455K(1283456K) From: 160383K(160384K)->160381K(160384K)
[49.385s][info][gc,heap        ] GC(46) Tenured: 3208575K(3208576K)->3208576K(3208576K)
[49.385s][info][gc,metaspace   ] GC(46) Metaspace: 6298K(6464K)->6298K(6464K) NonClass: 5764K(5824K)->5764K(5824K) Class: 533K(640K)->533K(640K)
[49.385s][info][gc             ] GC(46) Pause Full (Allocation Failure) 4543M->4543M(4543M) 4688.144ms
[49.385s][info][gc,cpu         ] GC(46) User=4.64s Sys=0.00s Real=4.69s
[49.386s][info][gc,heap,exit   ] Heap
[49.386s][info][gc,heap,exit   ]  def new generation   total 1443840K, used 1443837K [0x00000006da400000, 0x000000073c2a0000, 0x000000073c2a0000)
[49.386s][info][gc,heap,exit   ]   eden space 1283456K,  99% used [0x00000006da400000, 0x000000072895fff8, 0x0000000728960000)
[49.386s][info][gc,heap,exit   ]   from space 160384K,  99% used [0x0000000728960000, 0x00000007325ff7f0, 0x0000000732600000)
[49.386s][info][gc,heap,exit   ]   to   space 160384K,   0% used [0x0000000732600000, 0x0000000732600000, 0x000000073c2a0000)
[49.386s][info][gc,heap,exit   ]  tenured generation   total 3208576K, used 3208576K [0x000000073c2a0000, 0x0000000800000000, 0x0000000800000000)
[49.386s][info][gc,heap,exit   ]    the space 3208576K, 100% used [0x000000073c2a0000, 0x0000000800000000, 0x0000000800000000, 0x0000000800000000)
[49.386s][info][gc,heap,exit   ]  Metaspace       used 6301K, committed 6464K, reserved 1114112K
[49.386s][info][gc,heap,exit   ]   class space    used 534K, committed 640K, reserved 1048576K
