[0.012s][info][gc,init] CardTable entry size: 512
[0.013s][info][gc     ] Using Serial
[0.013s][info][gc,init] Version: 18.0.1+10 (release)
[0.013s][info][gc,init] CPUs: 8 total, 8 available
[0.013s][info][gc,init] Memory: 16063M
[0.013s][info][gc,init] Large Page Support: Disabled
[0.013s][info][gc,init] NUMA Support: Disabled
[0.013s][info][gc,init] Compressed Oops: Enabled (Zero based)
[0.013s][info][gc,init] Heap Min Capacity: 2M
[0.013s][info][gc,init] Heap Initial Capacity: 2M
[0.013s][info][gc,init] Heap Max Capacity: 14100M
[0.013s][info][gc,init] Pre-touch: Disabled
[0.014s][info][gc,metaspace] CDS archive(s) not mapped
[0.014s][info][gc,metaspace] Compressed class space mapped at: 0x0000000800000000-0x0000000840000000, reserved size: 1073741824
[0.014s][info][gc,metaspace] Narrow klass base: 0x0000000800000000, Narrow klass shift: 0, Narrow klass range: 0x40000000
[0.164s][info][gc,start    ] GC(0) Pause Young (Allocation Failure)
[0.166s][info][gc,heap     ] GC(0) DefNew: 1023K(1152K)->127K(1152K) Eden: 1023K(1024K)->0K(1024K) From: 0K(128K)->127K(128K)
[0.166s][info][gc,heap     ] GC(0) Tenured: 0K(768K)->439K(768K)
[0.166s][info][gc,metaspace] GC(0) Metaspace: 5898K(6016K)->5898K(6016K) NonClass: 5399K(5504K)->5399K(5504K) Class: 499K(512K)->499K(512K)
[0.166s][info][gc          ] GC(0) Pause Young (Allocation Failure) 0M->0M(1M) 1.700ms
[0.166s][info][gc,cpu      ] GC(0) User=0.00s Sys=0.00s Real=0.00s
[0.185s][info][gc,start    ] GC(1) Pause Young (Allocation Failure)
[0.186s][info][gc          ] GC(1) Pause Young (Allocation Failure) 1M->0M(2M) 1.423ms
[0.186s][info][gc,cpu      ] GC(1) User=0.00s Sys=0.00s Real=0.00s
[0.186s][info][gc,start    ] GC(2) Pause Full (Allocation Failure)
[0.186s][info][gc,phases,start] GC(2) Phase 1: Mark live objects
[0.187s][info][gc,phases      ] GC(2) Phase 1: Mark live objects 0.936ms
[0.187s][info][gc,phases,start] GC(2) Phase 2: Compute new object addresses
[0.187s][info][gc,phases      ] GC(2) Phase 2: Compute new object addresses 0.212ms
[0.187s][info][gc,phases,start] GC(2) Phase 3: Adjust pointers
[0.188s][info][gc,phases      ] GC(2) Phase 3: Adjust pointers 0.439ms
[0.188s][info][gc,phases,start] GC(2) Phase 4: Move objects
[0.188s][info][gc,phases      ] GC(2) Phase 4: Move objects 0.060ms
[0.188s][info][gc,heap        ] GC(2) DefNew: 1151K(1152K)->40K(1152K) Eden: 1024K(1024K)->40K(1024K) From: 127K(128K)->0K(128K)
[0.188s][info][gc,heap        ] GC(2) Tenured: 439K(768K)->960K(1600K)
[0.188s][info][gc,metaspace   ] GC(2) Metaspace: 6295K(6464K)->6295K(6464K) NonClass: 5762K(5824K)->5762K(5824K) Class: 533K(640K)->533K(640K)
[0.188s][info][gc             ] GC(2) Pause Full (Allocation Failure) 0M->0M(2M) 1.892ms
[0.188s][info][gc,cpu         ] GC(2) User=0.00s Sys=0.00s Real=0.00s
[0.190s][info][gc,start       ] GC(3) Pause Young (Allocation Failure)
[0.191s][info][gc,heap        ] GC(3) DefNew: 1024K(1152K)->127K(1152K) Eden: 1024K(1024K)->0K(1024K) From: 0K(128K)->127K(128K)
[0.191s][info][gc,heap        ] GC(3) Tenured: 960K(1600K)->1374K(1600K)
[0.191s][info][gc,metaspace   ] GC(3) Metaspace: 6295K(6464K)->6295K(6464K) NonClass: 5762K(5824K)->5762K(5824K) Class: 533K(640K)->533K(640K)
[0.191s][info][gc             ] GC(3) Pause Young (Allocation Failure) 1M->1M(2M) 1.598ms
[0.191s][info][gc,cpu         ] GC(3) User=0.00s Sys=0.00s Real=0.00s
[0.193s][info][gc,start       ] GC(4) Pause Young (Allocation Failure)
[0.194s][info][gc             ] GC(4) Pause Young (Allocation Failure) 2M->1M(3M) 1.075ms
[0.194s][info][gc,cpu         ] GC(4) User=0.00s Sys=0.00s Real=0.00s
[0.194s][info][gc,start       ] GC(5) Pause Full (Allocation Failure)
[0.194s][info][gc,phases,start] GC(5) Phase 1: Mark live objects
[0.195s][info][gc,phases      ] GC(5) Phase 1: Mark live objects 1.629ms
[0.195s][info][gc,phases,start] GC(5) Phase 2: Compute new object addresses
[0.196s][info][gc,phases      ] GC(5) Phase 2: Compute new object addresses 0.404ms
[0.196s][info][gc,phases,start] GC(5) Phase 3: Adjust pointers
[0.197s][info][gc,phases      ] GC(5) Phase 3: Adjust pointers 0.683ms
[0.197s][info][gc,phases,start] GC(5) Phase 4: Move objects
[0.197s][info][gc,phases      ] GC(5) Phase 4: Move objects 0.066ms
[0.197s][info][gc,heap        ] GC(5) DefNew: 1151K(1152K)->34K(1536K) Eden: 1024K(1024K)->34K(1408K) From: 127K(128K)->0K(128K)
[0.197s][info][gc,heap        ] GC(5) Tenured: 1374K(1600K)->1983K(3308K)
[0.197s][info][gc,metaspace   ] GC(5) Metaspace: 6295K(6464K)->6295K(6464K) NonClass: 5762K(5824K)->5762K(5824K) Class: 533K(640K)->533K(640K)
[0.197s][info][gc             ] GC(5) Pause Full (Allocation Failure) 1M->1M(4M) 3.132ms
[0.197s][info][gc,cpu         ] GC(5) User=0.00s Sys=0.00s Real=0.00s
[0.199s][info][gc,start       ] GC(6) Pause Young (Allocation Failure)
[0.200s][info][gc,heap        ] GC(6) DefNew: 1407K(1536K)->127K(1536K) Eden: 1407K(1408K)->0K(1408K) From: 0K(128K)->127K(128K)
[0.200s][info][gc,heap        ] GC(6) Tenured: 1983K(3308K)->2617K(3308K)
[0.200s][info][gc,metaspace   ] GC(6) Metaspace: 6295K(6464K)->6295K(6464K) NonClass: 5762K(5824K)->5762K(5824K) Class: 533K(640K)->533K(640K)
[0.200s][info][gc             ] GC(6) Pause Young (Allocation Failure) 3M->2M(4M) 1.766ms
[0.200s][info][gc,cpu         ] GC(6) User=0.00s Sys=0.00s Real=0.00s
[0.202s][info][gc,start       ] GC(7) Pause Young (Allocation Failure)
[0.203s][info][gc             ] GC(7) Pause Young (Allocation Failure) 4M->3M(4M) 1.374ms
[0.203s][info][gc,cpu         ] GC(7) User=0.00s Sys=0.00s Real=0.00s
[0.203s][info][gc,start       ] GC(8) Pause Full (Allocation Failure)
[0.203s][info][gc,phases,start] GC(8) Phase 1: Mark live objects
[0.205s][info][gc,phases      ] GC(8) Phase 1: Mark live objects 1.842ms
[0.205s][info][gc,phases,start] GC(8) Phase 2: Compute new object addresses
[0.206s][info][gc,phases      ] GC(8) Phase 2: Compute new object addresses 0.538ms
[0.206s][info][gc,phases,start] GC(8) Phase 3: Adjust pointers
[0.207s][info][gc,phases      ] GC(8) Phase 3: Adjust pointers 0.766ms
[0.207s][info][gc,phases,start] GC(8) Phase 4: Move objects
[0.207s][info][gc,phases      ] GC(8) Phase 4: Move objects 0.074ms
[0.207s][info][gc,heap        ] GC(8) DefNew: 1535K(1536K)->0K(2688K) Eden: 1408K(1408K)->0K(2432K) From: 127K(128K)->0K(256K)
[0.207s][info][gc,heap        ] GC(8) Tenured: 2617K(3308K)->3460K(5768K)
[0.207s][info][gc,metaspace   ] GC(8) Metaspace: 6295K(6464K)->6295K(6464K) NonClass: 5762K(5824K)->5762K(5824K) Class: 533K(640K)->533K(640K)
[0.207s][info][gc             ] GC(8) Pause Full (Allocation Failure) 3M->3M(8M) 3.450ms
[0.207s][info][gc,cpu         ] GC(8) User=0.00s Sys=0.00s Real=0.00s
[0.210s][info][gc,start       ] GC(9) Pause Young (Allocation Failure)
[0.213s][info][gc,heap        ] GC(9) DefNew: 2432K(2688K)->255K(2688K) Eden: 2432K(2432K)->0K(2432K) From: 0K(256K)->255K(256K)
[0.213s][info][gc,heap        ] GC(9) Tenured: 3460K(5768K)->4512K(5768K)
[0.213s][info][gc,metaspace   ] GC(9) Metaspace: 6295K(6464K)->6295K(6464K) NonClass: 5762K(5824K)->5762K(5824K) Class: 533K(640K)->533K(640K)
[0.213s][info][gc             ] GC(9) Pause Young (Allocation Failure) 5M->4M(8M) 2.905ms
[0.213s][info][gc,cpu         ] GC(9) User=0.00s Sys=0.00s Real=0.00s
[0.215s][info][gc,start       ] GC(10) Pause Young (Allocation Failure)
[0.218s][info][gc,heap        ] GC(10) DefNew: 2687K(2688K)->255K(2688K) Eden: 2432K(2432K)->0K(2432K) From: 255K(256K)->255K(256K)
[0.218s][info][gc,heap        ] GC(10) Tenured: 4512K(5768K)->5755K(5768K)
[0.218s][info][gc,metaspace   ] GC(10) Metaspace: 6295K(6464K)->6295K(6464K) NonClass: 5762K(5824K)->5762K(5824K) Class: 533K(640K)->533K(640K)
[0.218s][info][gc             ] GC(10) Pause Young (Allocation Failure) 7M->5M(8M) 2.524ms
[0.218s][info][gc,cpu         ] GC(10) User=0.00s Sys=0.00s Real=0.00s
[0.221s][info][gc,start       ] GC(11) Pause Young (Allocation Failure)
[0.224s][info][gc             ] GC(11) Pause Young (Allocation Failure) 8M->7M(9M) 2.938ms
[0.224s][info][gc,cpu         ] GC(11) User=0.00s Sys=0.00s Real=0.00s
[0.224s][info][gc,start       ] GC(12) Pause Full (Allocation Failure)
[0.224s][info][gc,phases,start] GC(12) Phase 1: Mark live objects
[0.228s][info][gc,phases      ] GC(12) Phase 1: Mark live objects 4.235ms
[0.228s][info][gc,phases,start] GC(12) Phase 2: Compute new object addresses
[0.229s][info][gc,phases      ] GC(12) Phase 2: Compute new object addresses 1.174ms
[0.229s][info][gc,phases,start] GC(12) Phase 3: Adjust pointers
[0.231s][info][gc,phases      ] GC(12) Phase 3: Adjust pointers 1.693ms
[0.231s][info][gc,phases,start] GC(12) Phase 4: Move objects
[0.232s][info][gc,phases      ] GC(12) Phase 4: Move objects 1.324ms
[0.232s][info][gc,heap        ] GC(12) DefNew: 2687K(2688K)->0K(5376K) Eden: 2432K(2432K)->0K(4800K) From: 255K(256K)->0K(576K)
[0.232s][info][gc,heap        ] GC(12) Tenured: 5755K(5768K)->7132K(11888K)
[0.232s][info][gc,metaspace   ] GC(12) Metaspace: 6295K(6464K)->6295K(6464K) NonClass: 5762K(5824K)->5762K(5824K) Class: 533K(640K)->533K(640K)
[0.233s][info][gc             ] GC(12) Pause Full (Allocation Failure) 7M->6M(16M) 8.921ms
[0.233s][info][gc,cpu         ] GC(12) User=0.00s Sys=0.00s Real=0.01s
[0.238s][info][gc,start       ] GC(13) Pause Young (Allocation Failure)
[0.244s][info][gc,heap        ] GC(13) DefNew: 4800K(5376K)->575K(5376K) Eden: 4800K(4800K)->0K(4800K) From: 0K(576K)->575K(576K)
[0.244s][info][gc,heap        ] GC(13) Tenured: 7132K(11888K)->9027K(11888K)
[0.244s][info][gc,metaspace   ] GC(13) Metaspace: 6295K(6464K)->6295K(6464K) NonClass: 5762K(5824K)->5762K(5824K) Class: 533K(640K)->533K(640K)
[0.244s][info][gc             ] GC(13) Pause Young (Allocation Failure) 11M->9M(16M) 6.147ms
[0.244s][info][gc,cpu         ] GC(13) User=0.00s Sys=0.00s Real=0.01s
[0.249s][info][gc,start       ] GC(14) Pause Young (Allocation Failure)
[0.255s][info][gc,heap        ] GC(14) DefNew: 5375K(5376K)->576K(5376K) Eden: 4800K(4800K)->0K(4800K) From: 575K(576K)->576K(576K)
[0.255s][info][gc,heap        ] GC(14) Tenured: 9027K(11888K)->11746K(11888K)
[0.255s][info][gc,metaspace   ] GC(14) Metaspace: 6295K(6464K)->6295K(6464K) NonClass: 5762K(5824K)->5762K(5824K) Class: 533K(640K)->533K(640K)
[0.255s][info][gc             ] GC(14) Pause Young (Allocation Failure) 14M->12M(16M) 5.688ms
[0.255s][info][gc,cpu         ] GC(14) User=0.00s Sys=0.00s Real=0.01s
[0.258s][info][gc,start       ] GC(15) Pause Young (Allocation Failure)
[0.263s][info][gc             ] GC(15) Pause Young (Allocation Failure) 16M->14M(19M) 5.021ms
[0.264s][info][gc,cpu         ] GC(15) User=0.00s Sys=0.00s Real=0.00s
[0.264s][info][gc,start       ] GC(16) Pause Full (Allocation Failure)
[0.264s][info][gc,phases,start] GC(16) Phase 1: Mark live objects
[0.271s][info][gc,phases      ] GC(16) Phase 1: Mark live objects 7.184ms
[0.271s][info][gc,phases,start] GC(16) Phase 2: Compute new object addresses
[0.273s][info][gc,phases      ] GC(16) Phase 2: Compute new object addresses 2.468ms
[0.273s][info][gc,phases,start] GC(16) Phase 3: Adjust pointers
[0.276s][info][gc,phases      ] GC(16) Phase 3: Adjust pointers 2.743ms
[0.276s][info][gc,phases,start] GC(16) Phase 4: Move objects
[0.276s][info][gc,phases      ] GC(16) Phase 4: Move objects 0.134ms
[0.276s][info][gc,heap        ] GC(16) DefNew: 5376K(5376K)->452K(10816K) Eden: 4800K(4800K)->452K(9664K) From: 576K(576K)->0K(1152K)
[0.276s][info][gc,heap        ] GC(16) Tenured: 11746K(11888K)->14323K(23876K)
[0.276s][info][gc,metaspace   ] GC(16) Metaspace: 6297K(6464K)->6297K(6464K) NonClass: 5764K(5824K)->5764K(5824K) Class: 533K(640K)->533K(640K)
[0.276s][info][gc             ] GC(16) Pause Full (Allocation Failure) 14M->14M(33M) 12.891ms
[0.276s][info][gc,cpu         ] GC(16) User=0.02s Sys=0.00s Real=0.01s
[0.285s][info][gc,start       ] GC(17) Pause Young (Allocation Failure)
[0.298s][info][gc,heap        ] GC(17) DefNew: 9664K(10816K)->1151K(10816K) Eden: 9664K(9664K)->0K(9664K) From: 0K(1152K)->1151K(1152K)
[0.298s][info][gc,heap        ] GC(17) Tenured: 14323K(23876K)->18359K(23876K)
[0.298s][info][gc,metaspace   ] GC(17) Metaspace: 6297K(6464K)->6297K(6464K) NonClass: 5764K(5824K)->5764K(5824K) Class: 533K(640K)->533K(640K)
[0.298s][info][gc             ] GC(17) Pause Young (Allocation Failure) 23M->19M(33M) 12.899ms
[0.298s][info][gc,cpu         ] GC(17) User=0.00s Sys=0.00s Real=0.01s
[0.306s][info][gc,start       ] GC(18) Pause Young (Allocation Failure)
[0.319s][info][gc,heap        ] GC(18) DefNew: 10815K(10816K)->1151K(10816K) Eden: 9664K(9664K)->0K(9664K) From: 1151K(1152K)->1151K(1152K)
[0.319s][info][gc,heap        ] GC(18) Tenured: 18359K(23876K)->23849K(23876K)
[0.319s][info][gc,metaspace   ] GC(18) Metaspace: 6297K(6464K)->6297K(6464K) NonClass: 5764K(5824K)->5764K(5824K) Class: 533K(640K)->533K(640K)
[0.319s][info][gc             ] GC(18) Pause Young (Allocation Failure) 28M->24M(33M) 13.294ms
[0.319s][info][gc,cpu         ] GC(18) User=0.00s Sys=0.00s Real=0.01s
[0.326s][info][gc,start       ] GC(19) Pause Young (Allocation Failure)
[0.338s][info][gc             ] GC(19) Pause Young (Allocation Failure) 33M->29M(38M) 11.553ms
[0.338s][info][gc,cpu         ] GC(19) User=0.00s Sys=0.00s Real=0.01s
[0.338s][info][gc,start       ] GC(20) Pause Full (Allocation Failure)
[0.338s][info][gc,phases,start] GC(20) Phase 1: Mark live objects
[0.352s][info][gc,phases      ] GC(20) Phase 1: Mark live objects 14.270ms
[0.352s][info][gc,phases,start] GC(20) Phase 2: Compute new object addresses
[0.357s][info][gc,phases      ] GC(20) Phase 2: Compute new object addresses 4.759ms
[0.357s][info][gc,phases,start] GC(20) Phase 3: Adjust pointers
[0.363s][info][gc,phases      ] GC(20) Phase 3: Adjust pointers 5.655ms
[0.363s][info][gc,phases,start] GC(20) Phase 4: Move objects
[0.363s][info][gc,phases      ] GC(20) Phase 4: Move objects 0.181ms
[0.363s][info][gc,heap        ] GC(20) DefNew: 10815K(10816K)->1061K(21760K) Eden: 9664K(9664K)->1061K(19392K) From: 1151K(1152K)->0K(2368K)
[0.363s][info][gc,heap        ] GC(20) Tenured: 23849K(23876K)->28935K(48228K)
[0.363s][info][gc,metaspace   ] GC(20) Metaspace: 6297K(6464K)->6297K(6464K) NonClass: 5764K(5824K)->5764K(5824K) Class: 533K(640K)->533K(640K)
[0.363s][info][gc             ] GC(20) Pause Full (Allocation Failure) 29M->29M(68M) 25.266ms
[0.363s][info][gc,cpu         ] GC(20) User=0.03s Sys=0.00s Real=0.03s
[0.378s][info][gc,start       ] GC(21) Pause Young (Allocation Failure)
[0.409s][info][gc,heap        ] GC(21) DefNew: 19392K(21760K)->2368K(21760K) Eden: 19392K(19392K)->0K(19392K) From: 0K(2368K)->2368K(2368K)
[0.409s][info][gc,heap        ] GC(21) Tenured: 28935K(48228K)->40672K(48228K)
[0.409s][info][gc,metaspace   ] GC(21) Metaspace: 6297K(6464K)->6297K(6464K) NonClass: 5764K(5824K)->5764K(5824K) Class: 533K(640K)->533K(640K)
[0.409s][info][gc             ] GC(21) Pause Young (Allocation Failure) 47M->42M(68M) 30.936ms
[0.409s][info][gc,cpu         ] GC(21) User=0.03s Sys=0.00s Real=0.03s
[0.427s][info][gc,start       ] GC(22) Pause Young (Allocation Failure)
[0.463s][info][gc             ] GC(22) Pause Young (Allocation Failure) 60M->60M(79M) 35.519ms
[0.463s][info][gc,cpu         ] GC(22) User=0.03s Sys=0.00s Real=0.04s
[0.463s][info][gc,start       ] GC(23) Pause Full (Allocation Failure)
[0.463s][info][gc,phases,start] GC(23) Phase 1: Mark live objects
[0.490s][info][gc,phases      ] GC(23) Phase 1: Mark live objects 27.386ms
[0.490s][info][gc,phases,start] GC(23) Phase 2: Compute new object addresses
[0.500s][info][gc,phases      ] GC(23) Phase 2: Compute new object addresses 10.026ms
[0.501s][info][gc,phases,start] GC(23) Phase 3: Adjust pointers
[0.512s][info][gc,phases      ] GC(23) Phase 3: Adjust pointers 11.561ms
[0.512s][info][gc,phases,start] GC(23) Phase 4: Move objects
[0.513s][info][gc,phases      ] GC(23) Phase 4: Move objects 0.401ms
[0.513s][info][gc,heap        ] GC(23) DefNew: 21760K(21760K)->2273K(45184K) Eden: 19392K(19392K)->2273K(40192K) From: 2368K(2368K)->0K(4992K)
[0.513s][info][gc,heap        ] GC(23) Tenured: 40672K(48228K)->60131K(100220K)
[0.513s][info][gc,metaspace   ] GC(23) Metaspace: 6297K(6464K)->6297K(6464K) NonClass: 5764K(5824K)->5764K(5824K) Class: 533K(640K)->533K(640K)
[0.513s][info][gc             ] GC(23) Pause Full (Allocation Failure) 60M->60M(141M) 50.067ms
[0.513s][info][gc,cpu         ] GC(23) User=0.03s Sys=0.00s Real=0.05s
[0.554s][info][gc,start       ] GC(24) Pause Young (Allocation Failure)
[0.618s][info][gc,heap        ] GC(24) DefNew: 40192K(45184K)->4991K(45184K) Eden: 40192K(40192K)->0K(40192K) From: 0K(4992K)->4991K(4992K)
[0.618s][info][gc,heap        ] GC(24) Tenured: 60131K(100220K)->95305K(100220K)
[0.618s][info][gc,metaspace   ] GC(24) Metaspace: 6297K(6464K)->6297K(6464K) NonClass: 5764K(5824K)->5764K(5824K) Class: 533K(640K)->533K(640K)
[0.618s][info][gc             ] GC(24) Pause Young (Allocation Failure) 97M->97M(141M) 63.360ms
[0.618s][info][gc,cpu         ] GC(24) User=0.03s Sys=0.02s Real=0.06s
[0.651s][info][gc,start       ] GC(25) Pause Young (Allocation Failure)
[0.721s][info][gc             ] GC(25) Pause Young (Allocation Failure) 137M->137M(176M) 69.640ms
[0.721s][info][gc,cpu         ] GC(25) User=0.06s Sys=0.00s Real=0.07s
[0.721s][info][gc,start       ] GC(26) Pause Full (Allocation Failure)
[0.721s][info][gc,phases,start] GC(26) Phase 1: Mark live objects
[0.778s][info][gc,phases      ] GC(26) Phase 1: Mark live objects 57.334ms
[0.778s][info][gc,phases,start] GC(26) Phase 2: Compute new object addresses
[0.800s][info][gc,phases      ] GC(26) Phase 2: Compute new object addresses 21.361ms
[0.800s][info][gc,phases,start] GC(26) Phase 3: Adjust pointers
[0.827s][info][gc,phases      ] GC(26) Phase 3: Adjust pointers 27.624ms
[0.827s][info][gc,phases,start] GC(26) Phase 4: Move objects
[0.853s][info][gc,phases      ] GC(26) Phase 4: Move objects 25.420ms
[0.853s][info][gc,heap        ] GC(26) DefNew: 45183K(45184K)->1003K(101760K) Eden: 40192K(40192K)->1003K(90496K) From: 4991K(4992K)->0K(11264K)
[0.853s][info][gc,heap        ] GC(26) Tenured: 95305K(100220K)->135615K(226028K)
[0.853s][info][gc,metaspace   ] GC(26) Metaspace: 6297K(6464K)->6297K(6464K) NonClass: 5764K(5824K)->5764K(5824K) Class: 533K(640K)->533K(640K)
[0.853s][info][gc             ] GC(26) Pause Full (Allocation Failure) 137M->133M(320M) 132.614ms
[0.854s][info][gc,cpu         ] GC(26) User=0.09s Sys=0.00s Real=0.13s
[0.950s][info][gc,start       ] GC(27) Pause Young (Allocation Failure)
[1.105s][info][gc,heap        ] GC(27) DefNew: 90496K(101760K)->11264K(101760K) Eden: 90496K(90496K)->0K(90496K) From: 0K(11264K)->11264K(11264K)
[1.105s][info][gc,heap        ] GC(27) Tenured: 135615K(226028K)->214821K(226028K)
[1.105s][info][gc,metaspace   ] GC(27) Metaspace: 6297K(6464K)->6297K(6464K) NonClass: 5764K(5824K)->5764K(5824K) Class: 533K(640K)->533K(640K)
[1.106s][info][gc             ] GC(27) Pause Young (Allocation Failure) 220M->220M(320M) 155.876ms
[1.106s][info][gc,cpu         ] GC(27) User=0.11s Sys=0.02s Real=0.15s
[1.186s][info][gc,start       ] GC(28) Pause Young (Allocation Failure)
[1.357s][info][gc             ] GC(28) Pause Young (Allocation Failure) 309M->309M(397M) 171.025ms
[1.358s][info][gc,cpu         ] GC(28) User=0.12s Sys=0.03s Real=0.17s
[1.358s][info][gc,start       ] GC(29) Pause Full (Allocation Failure)
[1.358s][info][gc,phases,start] GC(29) Phase 1: Mark live objects
[1.497s][info][gc,phases      ] GC(29) Phase 1: Mark live objects 139.833ms
[1.497s][info][gc,phases,start] GC(29) Phase 2: Compute new object addresses
[1.548s][info][gc,phases      ] GC(29) Phase 2: Compute new object addresses 50.662ms
[1.548s][info][gc,phases,start] GC(29) Phase 3: Adjust pointers
[1.605s][info][gc,phases      ] GC(29) Phase 3: Adjust pointers 56.961ms
[1.605s][info][gc,phases,start] GC(29) Phase 4: Move objects
[1.608s][info][gc,phases      ] GC(29) Phase 4: Move objects 2.490ms
[1.609s][info][gc,heap        ] GC(29) DefNew: 101760K(101760K)->11089K(229184K) Eden: 90496K(90496K)->11089K(203776K) From: 11264K(11264K)->0K(25408K)
[1.609s][info][gc,heap        ] GC(29) Tenured: 214821K(226028K)->305455K(509096K)
[1.609s][info][gc,metaspace   ] GC(29) Metaspace: 6297K(6464K)->6297K(6464K) NonClass: 5764K(5824K)->5764K(5824K) Class: 533K(640K)->533K(640K)
[1.609s][info][gc             ] GC(29) Pause Full (Allocation Failure) 309M->309M(720M) 251.253ms
[1.609s][info][gc,cpu         ] GC(29) User=0.27s Sys=0.00s Real=0.25s
[1.825s][info][gc,start       ] GC(30) Pause Young (Allocation Failure)
[2.170s][info][gc,heap        ] GC(30) DefNew: 203776K(229184K)->25408K(229184K) Eden: 203776K(203776K)->0K(203776K) From: 0K(25408K)->25408K(25408K)
[2.170s][info][gc,heap        ] GC(30) Tenured: 305455K(509096K)->483798K(509096K)
[2.170s][info][gc,metaspace   ] GC(30) Metaspace: 6297K(6464K)->6297K(6464K) NonClass: 5764K(5824K)->5764K(5824K) Class: 533K(640K)->533K(640K)
[2.170s][info][gc             ] GC(30) Pause Young (Allocation Failure) 497M->497M(720M) 345.429ms
[2.170s][info][gc,cpu         ] GC(30) User=0.28s Sys=0.03s Real=0.35s
[2.359s][info][gc,start       ] GC(31) Pause Young (Allocation Failure)
[2.749s][info][gc             ] GC(31) Pause Young (Allocation Failure) 696M->696M(895M) 389.841ms
[2.749s][info][gc,cpu         ] GC(31) User=0.33s Sys=0.05s Real=0.39s
[2.749s][info][gc,start       ] GC(32) Pause Full (Allocation Failure)
[2.749s][info][gc,phases,start] GC(32) Phase 1: Mark live objects
[3.072s][info][gc,phases      ] GC(32) Phase 1: Mark live objects 322.563ms
[3.072s][info][gc,phases,start] GC(32) Phase 2: Compute new object addresses
[3.181s][info][gc,phases      ] GC(32) Phase 2: Compute new object addresses 109.245ms
[3.181s][info][gc,phases,start] GC(32) Phase 3: Adjust pointers
[3.301s][info][gc,phases      ] GC(32) Phase 3: Adjust pointers 119.653ms
[3.301s][info][gc,phases,start] GC(32) Phase 4: Move objects
[3.306s][info][gc,phases      ] GC(32) Phase 4: Move objects 5.145ms
[3.308s][info][gc,heap        ] GC(32) DefNew: 229184K(229184K)->25223K(515840K) Eden: 203776K(203776K)->25223K(458560K) From: 25408K(25408K)->0K(57280K)
[3.308s][info][gc,heap        ] GC(32) Tenured: 483798K(509096K)->687724K(1146208K)
[3.308s][info][gc,metaspace   ] GC(32) Metaspace: 6297K(6464K)->6297K(6464K) NonClass: 5764K(5824K)->5764K(5824K) Class: 533K(640K)->533K(640K)
[3.308s][info][gc             ] GC(32) Pause Full (Allocation Failure) 696M->696M(1623M) 558.841ms
[3.308s][info][gc,cpu         ] GC(32) User=0.55s Sys=0.00s Real=0.56s
[3.778s][info][gc,start       ] GC(33) Pause Young (Allocation Failure)
[4.566s][info][gc,heap        ] GC(33) DefNew: 458560K(515840K)->57280K(515840K) Eden: 458560K(458560K)->0K(458560K) From: 0K(57280K)->57280K(57280K)
[4.566s][info][gc,heap        ] GC(33) Tenured: 687724K(1146208K)->1088975K(1146208K)
[4.566s][info][gc,metaspace   ] GC(33) Metaspace: 6297K(6464K)->6297K(6464K) NonClass: 5764K(5824K)->5764K(5824K) Class: 533K(640K)->533K(640K)
[4.566s][info][gc             ] GC(33) Pause Young (Allocation Failure) 1119M->1119M(1623M) 788.523ms
[4.566s][info][gc,cpu         ] GC(33) User=0.61s Sys=0.16s Real=0.79s
[5.026s][info][gc,start       ] GC(34) Pause Young (Allocation Failure)
[5.768s][info][gc             ] GC(34) Pause Young (Allocation Failure) 1567M->1517M(1965M) 742.782ms
[5.768s][info][gc,cpu         ] GC(34) User=0.56s Sys=0.14s Real=0.74s
[5.768s][info][gc,start       ] GC(35) Pause Full (Allocation Failure)
[5.768s][info][gc,phases,start] GC(35) Phase 1: Mark live objects
[6.439s][info][gc,phases      ] GC(35) Phase 1: Mark live objects 670.427ms
[6.439s][info][gc,phases,start] GC(35) Phase 2: Compute new object addresses
[6.662s][info][gc,phases      ] GC(35) Phase 2: Compute new object addresses 222.854ms
[6.662s][info][gc,phases,start] GC(35) Phase 3: Adjust pointers
[6.929s][info][gc,phases      ] GC(35) Phase 3: Adjust pointers 267.529ms
[6.929s][info][gc,phases,start] GC(35) Phase 4: Move objects
[6.941s][info][gc,phases      ] GC(35) Phase 4: Move objects 11.224ms
[6.945s][info][gc,heap        ] GC(35) DefNew: 515840K(515840K)->57233K(1122432K) Eden: 458560K(458560K)->57233K(997760K) From: 57280K(57280K)->0K(124672K)
[6.945s][info][gc,heap        ] GC(35) Tenured: 1088975K(1146208K)->1496483K(2494140K)
[6.945s][info][gc,metaspace   ] GC(35) Metaspace: 6297K(6464K)->6297K(6464K) NonClass: 5764K(5824K)->5764K(5824K) Class: 533K(640K)->533K(640K)
[6.945s][info][gc             ] GC(35) Pause Full (Allocation Failure) 1517M->1517M(3531M) 1176.695ms
[6.945s][info][gc,cpu         ] GC(35) User=1.17s Sys=0.00s Real=1.18s
[7.943s][info][gc,start       ] GC(36) Pause Young (Allocation Failure)
[9.744s][info][gc,heap        ] GC(36) DefNew: 997760K(1122432K)->124671K(1122432K) Eden: 997760K(997760K)->0K(997760K) From: 0K(124672K)->124671K(124672K)
[9.744s][info][gc,heap        ] GC(36) Tenured: 1496483K(2494140K)->2369543K(2494140K)
[9.744s][info][gc,metaspace   ] GC(36) Metaspace: 6297K(6464K)->6297K(6464K) NonClass: 5764K(5824K)->5764K(5824K) Class: 533K(640K)->533K(640K)
[9.745s][info][gc             ] GC(36) Pause Young (Allocation Failure) 2435M->2435M(3531M) 1801.700ms
[9.745s][info][gc,cpu         ] GC(36) User=1.52s Sys=0.28s Real=1.80s
[10.743s][info][gc,start       ] GC(37) Pause Young (Allocation Failure)
[12.489s][info][gc             ] GC(37) Pause Young (Allocation Failure) 3410M->3410M(4384M) 1745.573ms
[12.489s][info][gc,cpu         ] GC(37) User=1.38s Sys=0.31s Real=1.75s
[12.489s][info][gc,start       ] GC(38) Pause Full (Allocation Failure)
[12.489s][info][gc,phases,start] GC(38) Phase 1: Mark live objects
[14.066s][info][gc,phases      ] GC(38) Phase 1: Mark live objects 1577.034ms
[14.066s][info][gc,phases,start] GC(38) Phase 2: Compute new object addresses
[14.594s][info][gc,phases      ] GC(38) Phase 2: Compute new object addresses 528.638ms
[14.594s][info][gc,phases,start] GC(38) Phase 3: Adjust pointers
[15.271s][info][gc,phases      ] GC(38) Phase 3: Adjust pointers 676.266ms
[15.271s][info][gc,phases,start] GC(38) Phase 4: Move objects
[15.922s][info][gc,phases      ] GC(38) Phase 4: Move objects 651.100ms
[15.931s][info][gc,heap        ] GC(38) DefNew: 1122431K(1122432K)->30439K(2525568K) Eden: 997760K(997760K)->30439K(2244992K) From: 124671K(124672K)->0K(280576K)
[15.931s][info][gc,heap        ] GC(38) Tenured: 2369543K(2494140K)->3367295K(5612160K)
[15.931s][info][gc,metaspace   ] GC(38) Metaspace: 6297K(6464K)->6297K(6464K) NonClass: 5764K(5824K)->5764K(5824K) Class: 533K(640K)->533K(640K)
[15.931s][info][gc             ] GC(38) Pause Full (Allocation Failure) 3410M->3318M(7947M) 3442.885ms
[15.932s][info][gc,cpu         ] GC(38) User=3.44s Sys=0.00s Real=3.44s
[18.218s][info][gc,start       ] GC(39) Pause Young (Allocation Failure)
[22.106s][info][gc,heap        ] GC(39) DefNew: 2244992K(2525568K)->280575K(2525568K) Eden: 2244992K(2244992K)->0K(2244992K) From: 0K(280576K)->280575K(280576K)
[22.106s][info][gc,heap        ] GC(39) Tenured: 3367295K(5612160K)->5331678K(5612160K)
[22.106s][info][gc,metaspace   ] GC(39) Metaspace: 6297K(6464K)->6297K(6464K) NonClass: 5764K(5824K)->5764K(5824K) Class: 533K(640K)->533K(640K)
[22.106s][info][gc             ] GC(39) Pause Young (Allocation Failure) 5480M->5480M(7947M) 3888.245ms
[22.107s][info][gc,cpu         ] GC(39) User=3.23s Sys=0.64s Real=3.89s
[24.244s][info][gc,start       ] GC(40) Pause Young (Allocation Failure)
[28.112s][info][gc             ] GC(40) Pause Young (Allocation Failure) 7673M->7673M(9865M) 3867.931ms
[28.112s][info][gc,cpu         ] GC(40) User=3.36s Sys=0.50s Real=3.87s
[28.112s][info][gc,start       ] GC(41) Pause Full (Allocation Failure)
[28.112s][info][gc,phases,start] GC(41) Phase 1: Mark live objects
[31.772s][info][gc,phases      ] GC(41) Phase 1: Mark live objects 3660.245ms
[31.772s][info][gc,phases,start] GC(41) Phase 2: Compute new object addresses
[33.021s][info][gc,phases      ] GC(41) Phase 2: Compute new object addresses 1248.083ms
[33.021s][info][gc,phases,start] GC(41) Phase 3: Adjust pointers
[34.347s][info][gc,phases      ] GC(41) Phase 3: Adjust pointers 1326.377ms
[34.347s][info][gc,phases,start] GC(41) Phase 4: Move objects
[34.409s][info][gc,phases      ] GC(41) Phase 4: Move objects 61.570ms
[34.467s][info][gc,heap        ] GC(41) DefNew: 2525567K(2525568K)->280442K(4331520K) Eden: 2244992K(2244992K)->280442K(3850240K) From: 280575K(280576K)->0K(481280K)
[34.468s][info][gc,heap        ] GC(41) Tenured: 5331678K(5612160K)->7576771K(9625600K)
[34.468s][info][gc,metaspace   ] GC(41) Metaspace: 6297K(6464K)->6297K(6464K) NonClass: 5764K(5824K)->5764K(5824K) Class: 533K(640K)->533K(640K)
[34.468s][info][gc             ] GC(41) Pause Full (Allocation Failure) 7673M->7673M(13630M) 6355.519ms
[34.468s][info][gc,cpu         ] GC(41) User=6.28s Sys=0.00s Real=6.36s
[37.942s][info][gc,start       ] GC(42) Pause Young (Allocation Failure)
[46.242s][info][gc,promotion   ] GC(42) Promotion failed
[46.246s][info][gc             ] GC(42) Pause Young (Allocation Failure) 11159M->13629M(13630M) 8303.317ms
[46.246s][info][gc,cpu         ] GC(42) User=7.20s Sys=0.92s Real=8.30s
[46.246s][info][gc,start       ] GC(43) Pause Full (Allocation Failure)
[46.247s][info][gc,phases,start] GC(43) Phase 1: Mark live objects
[54.279s][info][gc,phases      ] GC(43) Phase 1: Mark live objects 8032.657ms
[54.279s][info][gc,phases,start] GC(43) Phase 2: Compute new object addresses
[56.726s][info][gc,phases      ] GC(43) Phase 2: Compute new object addresses 2446.797ms
[56.726s][info][gc,phases,start] GC(43) Phase 3: Adjust pointers
[59.587s][info][gc,phases      ] GC(43) Phase 3: Adjust pointers 2860.499ms
[59.587s][info][gc,phases,start] GC(43) Phase 4: Move objects
[60.090s][info][gc,phases      ] GC(43) Phase 4: Move objects 503.556ms
[60.115s][info][gc,heap        ] GC(43) DefNew: 3850240K(4331520K)->1801385K(4331520K) Eden: 3850240K(3850240K)->1801385K(3850240K) From: 0K(481280K)->0K(481280K)
[60.115s][info][gc,heap        ] GC(43) Tenured: 7576771K(9625600K)->9625599K(9625600K)
[60.116s][info][gc,metaspace   ] GC(43) Metaspace: 6297K(6464K)->6297K(6464K) NonClass: 5764K(5824K)->5764K(5824K) Class: 533K(640K)->533K(640K)
[60.116s][info][gc             ] GC(43) Pause Full (Allocation Failure) 13629M->11159M(13630M) 13869.868ms
[60.116s][info][gc,cpu         ] GC(43) User=9.66s Sys=1.20s Real=13.87s
[63.546s][info][gc,start       ] GC(44) Pause Full (Allocation Failure)
[63.546s][info][gc,phases,start] GC(44) Phase 1: Mark live objects
[70.180s][info][gc,phases      ] GC(44) Phase 1: Mark live objects 6634.123ms
[70.180s][info][gc,phases,start] GC(44) Phase 2: Compute new object addresses
[72.219s][info][gc,phases      ] GC(44) Phase 2: Compute new object addresses 2038.803ms
[72.219s][info][gc,phases,start] GC(44) Phase 3: Adjust pointers
[74.934s][info][gc,phases      ] GC(44) Phase 3: Adjust pointers 2714.849ms
[74.934s][info][gc,phases,start] GC(44) Phase 4: Move objects
[75.285s][info][gc,phases      ] GC(44) Phase 4: Move objects 350.856ms
[75.286s][info][gc,heap        ] GC(44) DefNew: 4331519K(4331520K)->4331507K(4331520K) Eden: 3850240K(3850240K)->3850239K(3850240K) From: 481279K(481280K)->481267K(481280K)
[75.286s][info][gc,heap        ] GC(44) Tenured: 9625599K(9625600K)->9625599K(9625600K)
[75.286s][info][gc,metaspace   ] GC(44) Metaspace: 6297K(6464K)->6297K(6464K) NonClass: 5764K(5824K)->5764K(5824K) Class: 533K(640K)->533K(640K)
[75.286s][info][gc             ] GC(44) Pause Full (Allocation Failure) 13629M->13629M(13630M) 11740.178ms
[75.286s][info][gc,cpu         ] GC(44) User=11.66s Sys=0.00s Real=11.74s
[75.286s][info][gc,start       ] GC(45) Pause Full (Allocation Failure)
[75.286s][info][gc,phases,start] GC(45) Phase 1: Mark live objects
[81.499s][info][gc,phases      ] GC(45) Phase 1: Mark live objects 6212.746ms
[81.499s][info][gc,phases,start] GC(45) Phase 2: Compute new object addresses
[83.374s][info][gc,phases      ] GC(45) Phase 2: Compute new object addresses 1874.985ms
[83.374s][info][gc,phases,start] GC(45) Phase 3: Adjust pointers
[86.293s][info][gc,phases      ] GC(45) Phase 3: Adjust pointers 2919.102ms
[86.293s][info][gc,phases,start] GC(45) Phase 4: Move objects
[90.742s][info][gc,phases      ] GC(45) Phase 4: Move objects 4448.412ms
[90.743s][info][gc,heap        ] GC(45) DefNew: 4331519K(4331520K)->3938304K(4331520K) Eden: 3850239K(3850240K)->3850239K(3850240K) From: 481279K(481280K)->88064K(481280K)
[90.743s][info][gc,heap        ] GC(45) Tenured: 9625599K(9625600K)->9625599K(9625600K)
[90.743s][info][gc,metaspace   ] GC(45) Metaspace: 6297K(6464K)->6297K(6464K) NonClass: 5764K(5824K)->5764K(5824K) Class: 533K(640K)->533K(640K)
[90.743s][info][gc             ] GC(45) Pause Full (Allocation Failure) 13629M->13245M(13630M) 15456.656ms
[90.743s][info][gc,cpu         ] GC(45) User=13.77s Sys=1.67s Real=15.46s
[91.843s][info][gc,start       ] GC(46) Pause Full (Allocation Failure)
[91.843s][info][gc,phases,start] GC(46) Phase 1: Mark live objects
[98.602s][info][gc,phases      ] GC(46) Phase 1: Mark live objects 6759.680ms
[98.602s][info][gc,phases,start] GC(46) Phase 2: Compute new object addresses
[100.562s][info][gc,phases      ] GC(46) Phase 2: Compute new object addresses 1959.579ms
[100.562s][info][gc,phases,start] GC(46) Phase 3: Adjust pointers
[103.210s][info][gc,phases      ] GC(46) Phase 3: Adjust pointers 2648.349ms
[103.211s][info][gc,phases,start] GC(46) Phase 4: Move objects
[103.211s][info][gc,phases      ] GC(46) Phase 4: Move objects 0.033ms
[103.212s][info][gc,heap        ] GC(46) DefNew: 4331519K(4331520K)->4331519K(4331520K) Eden: 3850239K(3850240K)->3850239K(3850240K) From: 481279K(481280K)->481279K(481280K)
[103.212s][info][gc,heap        ] GC(46) Tenured: 9625599K(9625600K)->9625599K(9625600K)
[103.212s][info][gc,metaspace   ] GC(46) Metaspace: 6297K(6464K)->6297K(6464K) NonClass: 5764K(5824K)->5764K(5824K) Class: 533K(640K)->533K(640K)
[103.212s][info][gc             ] GC(46) Pause Full (Allocation Failure) 13629M->13629M(13630M) 11369.445ms
[103.212s][info][gc,cpu         ] GC(46) User=11.28s Sys=0.00s Real=11.37s
[103.212s][info][gc,start       ] GC(47) Pause Full (Allocation Failure)
[103.212s][info][gc,phases,start] GC(47) Phase 1: Mark live objects
[110.029s][info][gc,phases      ] GC(47) Phase 1: Mark live objects 6817.020ms
[110.029s][info][gc,phases,start] GC(47) Phase 2: Compute new object addresses
[112.351s][info][gc,phases      ] GC(47) Phase 2: Compute new object addresses 2322.088ms
[112.351s][info][gc,phases,start] GC(47) Phase 3: Adjust pointers
[115.752s][info][gc,phases      ] GC(47) Phase 3: Adjust pointers 3400.943ms
[115.752s][info][gc,phases,start] GC(47) Phase 4: Move objects
[118.107s][info][gc,phases      ] GC(47) Phase 4: Move objects 2354.220ms
[118.108s][info][gc,heap        ] GC(47) DefNew: 4331519K(4331520K)->4331515K(4331520K) Eden: 3850239K(3850240K)->3850240K(3850240K) From: 481279K(481280K)->481275K(481280K)
[118.108s][info][gc,heap        ] GC(47) Tenured: 9625599K(9625600K)->9625599K(9625600K)
[118.108s][info][gc,metaspace   ] GC(47) Metaspace: 6297K(6464K)->6295K(6464K) NonClass: 5764K(5824K)->5763K(5824K) Class: 533K(640K)->532K(640K)
[118.108s][info][gc             ] GC(47) Pause Full (Allocation Failure) 13629M->13629M(13630M) 14896.236ms
[118.108s][info][gc,cpu         ] GC(47) User=14.80s Sys=0.02s Real=14.90s
[118.120s][info][gc,start       ] GC(48) Pause Full (Allocation Failure)
[118.120s][info][gc,phases,start] GC(48) Phase 1: Mark live objects
[124.755s][info][gc,phases      ] GC(48) Phase 1: Mark live objects 6635.327ms
[124.755s][info][gc,phases,start] GC(48) Phase 2: Compute new object addresses
[126.960s][info][gc,phases      ] GC(48) Phase 2: Compute new object addresses 2205.258ms
[126.960s][info][gc,phases,start] GC(48) Phase 3: Adjust pointers
[129.772s][info][gc,phases      ] GC(48) Phase 3: Adjust pointers 2811.937ms
[129.772s][info][gc,phases,start] GC(48) Phase 4: Move objects
[129.772s][info][gc,phases      ] GC(48) Phase 4: Move objects 0.017ms
[129.773s][info][gc,heap        ] GC(48) DefNew: 4331519K(4331520K)->4331519K(4331520K) Eden: 3850240K(3850240K)->3850240K(3850240K) From: 481279K(481280K)->481279K(481280K)
[129.773s][info][gc,heap        ] GC(48) Tenured: 9625599K(9625600K)->9625599K(9625600K)
[129.773s][info][gc,metaspace   ] GC(48) Metaspace: 6295K(6464K)->6295K(6464K) NonClass: 5763K(5824K)->5763K(5824K) Class: 532K(640K)->532K(640K)
[129.773s][info][gc             ] GC(48) Pause Full (Allocation Failure) 13629M->13629M(13630M) 11653.904ms
[129.773s][info][gc,cpu         ] GC(48) User=11.59s Sys=0.00s Real=11.65s
[129.774s][info][gc,start       ] GC(49) Pause Full (Allocation Failure)
[129.774s][info][gc,phases,start] GC(49) Phase 1: Mark live objects
[136.431s][info][gc,phases      ] GC(49) Phase 1: Mark live objects 6657.103ms
[136.431s][info][gc,phases,start] GC(49) Phase 2: Compute new object addresses
[138.493s][info][gc,phases      ] GC(49) Phase 2: Compute new object addresses 2062.623ms
[138.493s][info][gc,phases,start] GC(49) Phase 3: Adjust pointers
[141.131s][info][gc,phases      ] GC(49) Phase 3: Adjust pointers 2637.935ms
[141.131s][info][gc,phases,start] GC(49) Phase 4: Move objects
[141.131s][info][gc,phases      ] GC(49) Phase 4: Move objects 0.017ms
[141.132s][info][gc,heap        ] GC(49) DefNew: 4331519K(4331520K)->4331519K(4331520K) Eden: 3850240K(3850240K)->3850240K(3850240K) From: 481279K(481280K)->481279K(481280K)
[141.132s][info][gc,heap        ] GC(49) Tenured: 9625599K(9625600K)->9625599K(9625600K)
[141.132s][info][gc,metaspace   ] GC(49) Metaspace: 6295K(6464K)->6295K(6464K) NonClass: 5763K(5824K)->5763K(5824K) Class: 532K(640K)->532K(640K)
[141.132s][info][gc             ] GC(49) Pause Full (Allocation Failure) 13629M->13629M(13630M) 11358.916ms
[141.132s][info][gc,cpu         ] GC(49) User=11.28s Sys=0.03s Real=11.36s
[141.135s][info][gc,start       ] GC(50) Pause Full (Allocation Failure)
[141.135s][info][gc,phases,start] GC(50) Phase 1: Mark live objects
[147.558s][info][gc,phases      ] GC(50) Phase 1: Mark live objects 6422.715ms
[147.558s][info][gc,phases,start] GC(50) Phase 2: Compute new object addresses
[149.506s][info][gc,phases      ] GC(50) Phase 2: Compute new object addresses 1948.063ms
[149.506s][info][gc,phases,start] GC(50) Phase 3: Adjust pointers
[152.147s][info][gc,phases      ] GC(50) Phase 3: Adjust pointers 2641.312ms
[152.147s][info][gc,phases,start] GC(50) Phase 4: Move objects
[152.147s][info][gc,phases      ] GC(50) Phase 4: Move objects 0.016ms
[152.148s][info][gc,heap        ] GC(50) DefNew: 4331520K(4331520K)->4331520K(4331520K) Eden: 3850240K(3850240K)->3850240K(3850240K) From: 481280K(481280K)->481280K(481280K)
[152.148s][info][gc,heap        ] GC(50) Tenured: 9625599K(9625600K)->9625599K(9625600K)
[152.148s][info][gc,metaspace   ] GC(50) Metaspace: 6295K(6464K)->6295K(6464K) NonClass: 5763K(5824K)->5763K(5824K) Class: 532K(640K)->532K(640K)
[152.148s][info][gc             ] GC(50) Pause Full (Allocation Failure) 13629M->13629M(13630M) 11013.121ms
[152.148s][info][gc,cpu         ] GC(50) User=11.00s Sys=0.00s Real=11.01s
[152.148s][info][gc,start       ] GC(51) Pause Full (Allocation Failure)
[152.148s][info][gc,phases,start] GC(51) Phase 1: Mark live objects
[158.548s][info][gc,phases      ] GC(51) Phase 1: Mark live objects 6400.183ms
[158.548s][info][gc,phases,start] GC(51) Phase 2: Compute new object addresses
[160.468s][info][gc,phases      ] GC(51) Phase 2: Compute new object addresses 1919.155ms
[160.468s][info][gc,phases,start] GC(51) Phase 3: Adjust pointers
[163.536s][info][gc,phases      ] GC(51) Phase 3: Adjust pointers 3068.024ms
[163.536s][info][gc,phases,start] GC(51) Phase 4: Move objects
[165.834s][info][gc,phases      ] GC(51) Phase 4: Move objects 2298.607ms
[165.835s][info][gc,heap        ] GC(51) DefNew: 4331520K(4331520K)->4331518K(4331520K) Eden: 3850240K(3850240K)->3850239K(3850240K) From: 481280K(481280K)->481278K(481280K)
[165.835s][info][gc,heap        ] GC(51) Tenured: 9625599K(9625600K)->9625599K(9625600K)
[165.835s][info][gc,metaspace   ] GC(51) Metaspace: 6295K(6464K)->6295K(6464K) NonClass: 5763K(5824K)->5763K(5824K) Class: 532K(640K)->532K(640K)
[165.836s][info][gc             ] GC(51) Pause Full (Allocation Failure) 13629M->13629M(13630M) 13687.343ms
[165.836s][info][gc,cpu         ] GC(51) User=13.64s Sys=0.00s Real=13.69s
[165.844s][info][gc,start       ] GC(52) Pause Full (Allocation Failure)
[165.845s][info][gc,phases,start] GC(52) Phase 1: Mark live objects
[172.614s][info][gc,phases      ] GC(52) Phase 1: Mark live objects 6769.069ms
[172.614s][info][gc,phases,start] GC(52) Phase 2: Compute new object addresses
[174.792s][info][gc,phases      ] GC(52) Phase 2: Compute new object addresses 2178.267ms
[174.792s][info][gc,phases,start] GC(52) Phase 3: Adjust pointers
[177.555s][info][gc,phases      ] GC(52) Phase 3: Adjust pointers 2762.746ms
[177.555s][info][gc,phases,start] GC(52) Phase 4: Move objects
[177.555s][info][gc,phases      ] GC(52) Phase 4: Move objects 0.017ms
[177.556s][info][gc,heap        ] GC(52) DefNew: 4331519K(4331520K)->4331518K(4331520K) Eden: 3850240K(3850240K)->3850239K(3850240K) From: 481279K(481280K)->481279K(481280K)
[177.556s][info][gc,heap        ] GC(52) Tenured: 9625599K(9625600K)->9625599K(9625600K)
[177.556s][info][gc,metaspace   ] GC(52) Metaspace: 6297K(6464K)->6297K(6464K) NonClass: 5763K(5824K)->5763K(5824K) Class: 533K(640K)->533K(640K)
[177.556s][info][gc             ] GC(52) Pause Full (Allocation Failure) 13629M->13629M(13630M) 11711.426ms
[177.556s][info][gc,cpu         ] GC(52) User=11.55s Sys=0.00s Real=11.71s
[177.557s][info][gc,heap,exit   ] Heap
[177.557s][info][gc,heap,exit   ]  def new generation   total 4331520K, used 4331519K [0x000000048ec00000, 0x00000005b4800000, 0x00000005b4800000)
[177.557s][info][gc,heap,exit   ]   eden space 3850240K, 100% used [0x000000048ec00000, 0x0000000579c00000, 0x0000000579c00000)
[177.557s][info][gc,heap,exit   ]   from space 481280K,  99% used [0x0000000597200000, 0x00000005b47fff60, 0x00000005b4800000)
[177.557s][info][gc,heap,exit   ]   to   space 481280K,   0% used [0x0000000579c00000, 0x0000000579c00000, 0x0000000597200000)
[177.557s][info][gc,heap,exit   ]  tenured generation   total 9625600K, used 9625599K [0x00000005b4800000, 0x0000000800000000, 0x0000000800000000)
[177.557s][info][gc,heap,exit   ]    the space 9625600K,  99% used [0x00000005b4800000, 0x00000007ffffffd8, 0x0000000800000000, 0x0000000800000000)
[177.557s][info][gc,heap,exit   ]  Metaspace       used 6300K, committed 6464K, reserved 1114112K
[177.557s][info][gc,heap,exit   ]   class space    used 534K, committed 640K, reserved 1048576K
