[0.010s][info][gc,init] CardTable entry size: 512
[0.011s][info][gc     ] Using Serial
[0.011s][info][gc,init] Version: 18.0.1+10 (release)
[0.011s][info][gc,init] CPUs: 8 total, 8 available
[0.011s][info][gc,init] Memory: 16063M
[0.011s][info][gc,init] Large Page Support: Disabled
[0.011s][info][gc,init] NUMA Support: Disabled
[0.011s][info][gc,init] Compressed Oops: Enabled (Zero based)
[0.011s][info][gc,init] Heap Min Capacity: 2M
[0.011s][info][gc,init] Heap Initial Capacity: 2M
[0.011s][info][gc,init] Heap Max Capacity: 9900M
[0.011s][info][gc,init] Pre-touch: Disabled
[0.011s][info][gc,metaspace] CDS archive(s) not mapped
[0.011s][info][gc,metaspace] Compressed class space mapped at: 0x0000000800000000-0x0000000840000000, reserved size: 1073741824
[0.011s][info][gc,metaspace] Narrow klass base: 0x0000000800000000, Narrow klass shift: 0, Narrow klass range: 0x40000000
[0.161s][info][gc,start    ] GC(0) Pause Young (Allocation Failure)
[0.162s][info][gc,heap     ] GC(0) DefNew: 1023K(1152K)->127K(1152K) Eden: 1023K(1024K)->0K(1024K) From: 0K(128K)->127K(128K)
[0.162s][info][gc,heap     ] GC(0) Tenured: 0K(768K)->439K(768K)
[0.162s][info][gc,metaspace] GC(0) Metaspace: 5903K(6016K)->5903K(6016K) NonClass: 5404K(5504K)->5404K(5504K) Class: 499K(512K)->499K(512K)
[0.162s][info][gc          ] GC(0) Pause Young (Allocation Failure) 0M->0M(1M) 1.507ms
[0.162s][info][gc,cpu      ] GC(0) User=0.00s Sys=0.00s Real=0.00s
[0.181s][info][gc,start    ] GC(1) Pause Young (Allocation Failure)
[0.182s][info][gc          ] GC(1) Pause Young (Allocation Failure) 1M->0M(2M) 1.415ms
[0.182s][info][gc,cpu      ] GC(1) User=0.00s Sys=0.00s Real=0.00s
[0.182s][info][gc,start    ] GC(2) Pause Full (Allocation Failure)
[0.182s][info][gc,phases,start] GC(2) Phase 1: Mark live objects
[0.183s][info][gc,phases      ] GC(2) Phase 1: Mark live objects 1.147ms
[0.184s][info][gc,phases,start] GC(2) Phase 2: Compute new object addresses
[0.184s][info][gc,phases      ] GC(2) Phase 2: Compute new object addresses 0.219ms
[0.184s][info][gc,phases,start] GC(2) Phase 3: Adjust pointers
[0.184s][info][gc,phases      ] GC(2) Phase 3: Adjust pointers 0.530ms
[0.184s][info][gc,phases,start] GC(2) Phase 4: Move objects
[0.184s][info][gc,phases      ] GC(2) Phase 4: Move objects 0.064ms
[0.184s][info][gc,heap        ] GC(2) DefNew: 1151K(1152K)->40K(1152K) Eden: 1024K(1024K)->40K(1024K) From: 127K(128K)->0K(128K)
[0.184s][info][gc,heap        ] GC(2) Tenured: 439K(768K)->960K(1600K)
[0.184s][info][gc,metaspace   ] GC(2) Metaspace: 6301K(6528K)->6301K(6528K) NonClass: 5767K(5888K)->5767K(5888K) Class: 533K(640K)->533K(640K)
[0.185s][info][gc             ] GC(2) Pause Full (Allocation Failure) 0M->0M(2M) 2.252ms
[0.185s][info][gc,cpu         ] GC(2) User=0.00s Sys=0.00s Real=0.00s
[0.186s][info][gc,start       ] GC(3) Pause Young (Allocation Failure)
[0.187s][info][gc,heap        ] GC(3) DefNew: 1024K(1152K)->128K(1152K) Eden: 1024K(1024K)->0K(1024K) From: 0K(128K)->128K(128K)
[0.187s][info][gc,heap        ] GC(3) Tenured: 960K(1600K)->1375K(1600K)
[0.187s][info][gc,metaspace   ] GC(3) Metaspace: 6301K(6528K)->6301K(6528K) NonClass: 5767K(5888K)->5767K(5888K) Class: 533K(640K)->533K(640K)
[0.187s][info][gc             ] GC(3) Pause Young (Allocation Failure) 1M->1M(2M) 1.284ms
[0.187s][info][gc,cpu         ] GC(3) User=0.00s Sys=0.00s Real=0.00s
[0.188s][info][gc,start       ] GC(4) Pause Young (Allocation Failure)
[0.189s][info][gc             ] GC(4) Pause Young (Allocation Failure) 2M->1M(3M) 1.080ms
[0.189s][info][gc,cpu         ] GC(4) User=0.00s Sys=0.00s Real=0.00s
[0.189s][info][gc,start       ] GC(5) Pause Full (Allocation Failure)
[0.189s][info][gc,phases,start] GC(5) Phase 1: Mark live objects
[0.191s][info][gc,phases      ] GC(5) Phase 1: Mark live objects 1.556ms
[0.191s][info][gc,phases,start] GC(5) Phase 2: Compute new object addresses
[0.191s][info][gc,phases      ] GC(5) Phase 2: Compute new object addresses 0.387ms
[0.191s][info][gc,phases,start] GC(5) Phase 3: Adjust pointers
[0.192s][info][gc,phases      ] GC(5) Phase 3: Adjust pointers 0.620ms
[0.192s][info][gc,phases,start] GC(5) Phase 4: Move objects
[0.192s][info][gc,phases      ] GC(5) Phase 4: Move objects 0.067ms
[0.192s][info][gc,heap        ] GC(5) DefNew: 1152K(1152K)->35K(1536K) Eden: 1024K(1024K)->35K(1408K) From: 128K(128K)->0K(128K)
[0.192s][info][gc,heap        ] GC(5) Tenured: 1375K(1600K)->1983K(3308K)
[0.192s][info][gc,metaspace   ] GC(5) Metaspace: 6301K(6528K)->6301K(6528K) NonClass: 5767K(5888K)->5767K(5888K) Class: 533K(640K)->533K(640K)
[0.192s][info][gc             ] GC(5) Pause Full (Allocation Failure) 1M->1M(4M) 2.946ms
[0.192s][info][gc,cpu         ] GC(5) User=0.00s Sys=0.00s Real=0.00s
[0.194s][info][gc,start       ] GC(6) Pause Young (Allocation Failure)
[0.195s][info][gc,heap        ] GC(6) DefNew: 1407K(1536K)->127K(1536K) Eden: 1407K(1408K)->0K(1408K) From: 0K(128K)->127K(128K)
[0.195s][info][gc,heap        ] GC(6) Tenured: 1983K(3308K)->2617K(3308K)
[0.195s][info][gc,metaspace   ] GC(6) Metaspace: 6301K(6528K)->6301K(6528K) NonClass: 5767K(5888K)->5767K(5888K) Class: 533K(640K)->533K(640K)
[0.195s][info][gc             ] GC(6) Pause Young (Allocation Failure) 3M->2M(4M) 1.534ms
[0.195s][info][gc,cpu         ] GC(6) User=0.00s Sys=0.00s Real=0.00s
[0.197s][info][gc,start       ] GC(7) Pause Young (Allocation Failure)
[0.198s][info][gc             ] GC(7) Pause Young (Allocation Failure) 4M->3M(4M) 1.375ms
[0.198s][info][gc,cpu         ] GC(7) User=0.00s Sys=0.00s Real=0.00s
[0.198s][info][gc,start       ] GC(8) Pause Full (Allocation Failure)
[0.198s][info][gc,phases,start] GC(8) Phase 1: Mark live objects
[0.200s][info][gc,phases      ] GC(8) Phase 1: Mark live objects 2.017ms
[0.200s][info][gc,phases,start] GC(8) Phase 2: Compute new object addresses
[0.201s][info][gc,phases      ] GC(8) Phase 2: Compute new object addresses 0.551ms
[0.201s][info][gc,phases,start] GC(8) Phase 3: Adjust pointers
[0.202s][info][gc,phases      ] GC(8) Phase 3: Adjust pointers 0.783ms
[0.202s][info][gc,phases,start] GC(8) Phase 4: Move objects
[0.202s][info][gc,phases      ] GC(8) Phase 4: Move objects 0.073ms
[0.202s][info][gc,heap        ] GC(8) DefNew: 1535K(1536K)->0K(2688K) Eden: 1408K(1408K)->0K(2432K) From: 127K(128K)->0K(256K)
[0.202s][info][gc,heap        ] GC(8) Tenured: 2617K(3308K)->3460K(5768K)
[0.202s][info][gc,metaspace   ] GC(8) Metaspace: 6301K(6528K)->6301K(6528K) NonClass: 5767K(5888K)->5767K(5888K) Class: 533K(640K)->533K(640K)
[0.202s][info][gc             ] GC(8) Pause Full (Allocation Failure) 3M->3M(8M) 3.666ms
[0.202s][info][gc,cpu         ] GC(8) User=0.00s Sys=0.00s Real=0.00s
[0.205s][info][gc,start       ] GC(9) Pause Young (Allocation Failure)
[0.207s][info][gc,heap        ] GC(9) DefNew: 2431K(2688K)->256K(2688K) Eden: 2431K(2432K)->0K(2432K) From: 0K(256K)->256K(256K)
[0.207s][info][gc,heap        ] GC(9) Tenured: 3460K(5768K)->4512K(5768K)
[0.207s][info][gc,metaspace   ] GC(9) Metaspace: 6301K(6528K)->6301K(6528K) NonClass: 5767K(5888K)->5767K(5888K) Class: 533K(640K)->533K(640K)
[0.207s][info][gc             ] GC(9) Pause Young (Allocation Failure) 5M->4M(8M) 2.358ms
[0.207s][info][gc,cpu         ] GC(9) User=0.00s Sys=0.00s Real=0.00s
[0.210s][info][gc,start       ] GC(10) Pause Young (Allocation Failure)
[0.212s][info][gc,heap        ] GC(10) DefNew: 2688K(2688K)->255K(2688K) Eden: 2432K(2432K)->0K(2432K) From: 256K(256K)->255K(256K)
[0.212s][info][gc,heap        ] GC(10) Tenured: 4512K(5768K)->5755K(5768K)
[0.212s][info][gc,metaspace   ] GC(10) Metaspace: 6301K(6528K)->6301K(6528K) NonClass: 5767K(5888K)->5767K(5888K) Class: 533K(640K)->533K(640K)
[0.212s][info][gc             ] GC(10) Pause Young (Allocation Failure) 7M->5M(8M) 2.521ms
[0.212s][info][gc,cpu         ] GC(10) User=0.00s Sys=0.00s Real=0.00s
[0.215s][info][gc,start       ] GC(11) Pause Young (Allocation Failure)
[0.218s][info][gc             ] GC(11) Pause Young (Allocation Failure) 8M->7M(9M) 2.963ms
[0.218s][info][gc,cpu         ] GC(11) User=0.00s Sys=0.00s Real=0.00s
[0.218s][info][gc,start       ] GC(12) Pause Full (Allocation Failure)
[0.218s][info][gc,phases,start] GC(12) Phase 1: Mark live objects
[0.222s][info][gc,phases      ] GC(12) Phase 1: Mark live objects 4.064ms
[0.222s][info][gc,phases,start] GC(12) Phase 2: Compute new object addresses
[0.223s][info][gc,phases      ] GC(12) Phase 2: Compute new object addresses 1.115ms
[0.223s][info][gc,phases,start] GC(12) Phase 3: Adjust pointers
[0.225s][info][gc,phases      ] GC(12) Phase 3: Adjust pointers 1.615ms
[0.225s][info][gc,phases,start] GC(12) Phase 4: Move objects
[0.226s][info][gc,phases      ] GC(12) Phase 4: Move objects 1.157ms
[0.226s][info][gc,heap        ] GC(12) DefNew: 2687K(2688K)->0K(5376K) Eden: 2432K(2432K)->0K(4800K) From: 255K(256K)->0K(576K)
[0.226s][info][gc,heap        ] GC(12) Tenured: 5755K(5768K)->7132K(11888K)
[0.226s][info][gc,metaspace   ] GC(12) Metaspace: 6301K(6528K)->6301K(6528K) NonClass: 5767K(5888K)->5767K(5888K) Class: 533K(640K)->533K(640K)
[0.226s][info][gc             ] GC(12) Pause Full (Allocation Failure) 7M->6M(16M) 8.457ms
[0.226s][info][gc,cpu         ] GC(12) User=0.00s Sys=0.00s Real=0.01s
[0.231s][info][gc,start       ] GC(13) Pause Young (Allocation Failure)
[0.235s][info][gc,heap        ] GC(13) DefNew: 4800K(5376K)->575K(5376K) Eden: 4800K(4800K)->0K(4800K) From: 0K(576K)->575K(576K)
[0.236s][info][gc,heap        ] GC(13) Tenured: 7132K(11888K)->9027K(11888K)
[0.236s][info][gc,metaspace   ] GC(13) Metaspace: 6301K(6528K)->6301K(6528K) NonClass: 5767K(5888K)->5767K(5888K) Class: 533K(640K)->533K(640K)
[0.236s][info][gc             ] GC(13) Pause Young (Allocation Failure) 11M->9M(16M) 4.799ms
[0.236s][info][gc,cpu         ] GC(13) User=0.00s Sys=0.00s Real=0.01s
[0.240s][info][gc,start       ] GC(14) Pause Young (Allocation Failure)
[0.246s][info][gc,heap        ] GC(14) DefNew: 5375K(5376K)->576K(5376K) Eden: 4800K(4800K)->0K(4800K) From: 575K(576K)->576K(576K)
[0.246s][info][gc,heap        ] GC(14) Tenured: 9027K(11888K)->11746K(11888K)
[0.246s][info][gc,metaspace   ] GC(14) Metaspace: 6301K(6528K)->6301K(6528K) NonClass: 5767K(5888K)->5767K(5888K) Class: 533K(640K)->533K(640K)
[0.246s][info][gc             ] GC(14) Pause Young (Allocation Failure) 14M->12M(16M) 5.628ms
[0.246s][info][gc,cpu         ] GC(14) User=0.00s Sys=0.00s Real=0.01s
[0.249s][info][gc,start       ] GC(15) Pause Young (Allocation Failure)
[0.256s][info][gc             ] GC(15) Pause Young (Allocation Failure) 16M->14M(19M) 6.396ms
[0.256s][info][gc,cpu         ] GC(15) User=0.00s Sys=0.00s Real=0.01s
[0.256s][info][gc,start       ] GC(16) Pause Full (Allocation Failure)
[0.256s][info][gc,phases,start] GC(16) Phase 1: Mark live objects
[0.263s][info][gc,phases      ] GC(16) Phase 1: Mark live objects 7.297ms
[0.263s][info][gc,phases,start] GC(16) Phase 2: Compute new object addresses
[0.266s][info][gc,phases      ] GC(16) Phase 2: Compute new object addresses 2.277ms
[0.266s][info][gc,phases,start] GC(16) Phase 3: Adjust pointers
[0.269s][info][gc,phases      ] GC(16) Phase 3: Adjust pointers 3.473ms
[0.269s][info][gc,phases,start] GC(16) Phase 4: Move objects
[0.270s][info][gc,phases      ] GC(16) Phase 4: Move objects 0.313ms
[0.270s][info][gc,heap        ] GC(16) DefNew: 5376K(5376K)->387K(10880K) Eden: 4800K(4800K)->387K(9728K) From: 576K(576K)->0K(1152K)
[0.270s][info][gc,heap        ] GC(16) Tenured: 11746K(11888K)->14383K(23976K)
[0.270s][info][gc,metaspace   ] GC(16) Metaspace: 6303K(6528K)->6303K(6528K) NonClass: 5769K(5888K)->5769K(5888K) Class: 533K(640K)->533K(640K)
[0.270s][info][gc             ] GC(16) Pause Full (Allocation Failure) 14M->14M(34M) 13.765ms
[0.270s][info][gc,cpu         ] GC(16) User=0.02s Sys=0.00s Real=0.01s
[0.278s][info][gc,start       ] GC(17) Pause Young (Allocation Failure)
[0.291s][info][gc,heap        ] GC(17) DefNew: 9728K(10880K)->1151K(10880K) Eden: 9728K(9728K)->0K(9728K) From: 0K(1152K)->1151K(1152K)
[0.291s][info][gc,heap        ] GC(17) Tenured: 14383K(23976K)->18415K(23976K)
[0.291s][info][gc,metaspace   ] GC(17) Metaspace: 6303K(6528K)->6303K(6528K) NonClass: 5769K(5888K)->5769K(5888K) Class: 533K(640K)->533K(640K)
[0.291s][info][gc             ] GC(17) Pause Young (Allocation Failure) 23M->19M(34M) 13.007ms
[0.291s][info][gc,cpu         ] GC(17) User=0.00s Sys=0.00s Real=0.01s
[0.299s][info][gc,start       ] GC(18) Pause Young (Allocation Failure)
[0.311s][info][gc,heap        ] GC(18) DefNew: 10879K(10880K)->1151K(10880K) Eden: 9728K(9728K)->0K(9728K) From: 1151K(1152K)->1151K(1152K)
[0.311s][info][gc,heap        ] GC(18) Tenured: 18415K(23976K)->23936K(23976K)
[0.311s][info][gc,metaspace   ] GC(18) Metaspace: 6303K(6528K)->6303K(6528K) NonClass: 5769K(5888K)->5769K(5888K) Class: 533K(640K)->533K(640K)
[0.311s][info][gc             ] GC(18) Pause Young (Allocation Failure) 28M->24M(34M) 11.563ms
[0.311s][info][gc,cpu         ] GC(18) User=0.00s Sys=0.00s Real=0.01s
[0.317s][info][gc,start       ] GC(19) Pause Young (Allocation Failure)
[0.327s][info][gc             ] GC(19) Pause Young (Allocation Failure) 34M->29M(38M) 10.697ms
[0.327s][info][gc,cpu         ] GC(19) User=0.00s Sys=0.00s Real=0.01s
[0.327s][info][gc,start       ] GC(20) Pause Full (Allocation Failure)
[0.328s][info][gc,phases,start] GC(20) Phase 1: Mark live objects
[0.341s][info][gc,phases      ] GC(20) Phase 1: Mark live objects 13.677ms
[0.341s][info][gc,phases,start] GC(20) Phase 2: Compute new object addresses
[0.346s][info][gc,phases      ] GC(20) Phase 2: Compute new object addresses 4.618ms
[0.346s][info][gc,phases,start] GC(20) Phase 3: Adjust pointers
[0.351s][info][gc,phases      ] GC(20) Phase 3: Adjust pointers 5.319ms
[0.351s][info][gc,phases,start] GC(20) Phase 4: Move objects
[0.351s][info][gc,phases      ] GC(20) Phase 4: Move objects 0.176ms
[0.352s][info][gc,heap        ] GC(20) DefNew: 10879K(10880K)->1080K(21888K) Eden: 9728K(9728K)->1080K(19520K) From: 1151K(1152K)->0K(2368K)
[0.352s][info][gc,heap        ] GC(20) Tenured: 23936K(23976K)->29035K(48396K)
[0.352s][info][gc,metaspace   ] GC(20) Metaspace: 6303K(6528K)->6303K(6528K) NonClass: 5769K(5888K)->5769K(5888K) Class: 533K(640K)->533K(640K)
[0.352s][info][gc             ] GC(20) Pause Full (Allocation Failure) 29M->29M(68M) 24.198ms
[0.352s][info][gc,cpu         ] GC(20) User=0.03s Sys=0.00s Real=0.02s
[0.368s][info][gc,start       ] GC(21) Pause Young (Allocation Failure)
[0.397s][info][gc,heap        ] GC(21) DefNew: 19520K(21888K)->2367K(21888K) Eden: 19520K(19520K)->0K(19520K) From: 0K(2368K)->2367K(2368K)
[0.397s][info][gc,heap        ] GC(21) Tenured: 29035K(48396K)->39350K(48396K)
[0.397s][info][gc,metaspace   ] GC(21) Metaspace: 6303K(6528K)->6303K(6528K) NonClass: 5769K(5888K)->5769K(5888K) Class: 533K(640K)->533K(640K)
[0.397s][info][gc             ] GC(21) Pause Young (Allocation Failure) 47M->40M(68M) 29.698ms
[0.397s][info][gc,cpu         ] GC(21) User=0.02s Sys=0.00s Real=0.03s
[0.416s][info][gc,start       ] GC(22) Pause Young (Allocation Failure)
[0.451s][info][gc             ] GC(22) Pause Young (Allocation Failure) 59M->59M(78M) 35.649ms
[0.451s][info][gc,cpu         ] GC(22) User=0.03s Sys=0.00s Real=0.04s
[0.451s][info][gc,start       ] GC(23) Pause Full (Allocation Failure)
[0.451s][info][gc,phases,start] GC(23) Phase 1: Mark live objects
[0.475s][info][gc,phases      ] GC(23) Phase 1: Mark live objects 24.193ms
[0.476s][info][gc,phases,start] GC(23) Phase 2: Compute new object addresses
[0.485s][info][gc,phases      ] GC(23) Phase 2: Compute new object addresses 9.407ms
[0.485s][info][gc,phases,start] GC(23) Phase 3: Adjust pointers
[0.496s][info][gc,phases      ] GC(23) Phase 3: Adjust pointers 10.744ms
[0.496s][info][gc,phases,start] GC(23) Phase 4: Move objects
[0.496s][info][gc,phases      ] GC(23) Phase 4: Move objects 0.362ms
[0.496s][info][gc,heap        ] GC(23) DefNew: 21887K(21888K)->2251K(44288K) Eden: 19520K(19520K)->2251K(39424K) From: 2367K(2368K)->0K(4864K)
[0.496s][info][gc,heap        ] GC(23) Tenured: 39350K(48396K)->58955K(98260K)
[0.496s][info][gc,metaspace   ] GC(23) Metaspace: 6303K(6528K)->6303K(6528K) NonClass: 5769K(5888K)->5769K(5888K) Class: 533K(640K)->533K(640K)
[0.497s][info][gc             ] GC(23) Pause Full (Allocation Failure) 59M->59M(139M) 45.374ms
[0.497s][info][gc,cpu         ] GC(23) User=0.05s Sys=0.00s Real=0.05s
[0.537s][info][gc,start       ] GC(24) Pause Young (Allocation Failure)
[0.599s][info][gc,heap        ] GC(24) DefNew: 39424K(44288K)->4863K(44288K) Eden: 39424K(39424K)->0K(39424K) From: 0K(4864K)->4863K(4864K)
[0.599s][info][gc,heap        ] GC(24) Tenured: 58955K(98260K)->93487K(98260K)
[0.599s][info][gc,metaspace   ] GC(24) Metaspace: 6303K(6528K)->6303K(6528K) NonClass: 5769K(5888K)->5769K(5888K) Class: 533K(640K)->533K(640K)
[0.599s][info][gc             ] GC(24) Pause Young (Allocation Failure) 96M->96M(139M) 61.907ms
[0.599s][info][gc,cpu         ] GC(24) User=0.05s Sys=0.00s Real=0.06s
[0.632s][info][gc,start       ] GC(25) Pause Young (Allocation Failure)
[0.702s][info][gc             ] GC(25) Pause Young (Allocation Failure) 134M->134M(173M) 70.109ms
[0.702s][info][gc,cpu         ] GC(25) User=0.06s Sys=0.00s Real=0.07s
[0.702s][info][gc,start       ] GC(26) Pause Full (Allocation Failure)
[0.702s][info][gc,phases,start] GC(26) Phase 1: Mark live objects
[0.755s][info][gc,phases      ] GC(26) Phase 1: Mark live objects 53.457ms
[0.755s][info][gc,phases,start] GC(26) Phase 2: Compute new object addresses
[0.776s][info][gc,phases      ] GC(26) Phase 2: Compute new object addresses 20.938ms
[0.776s][info][gc,phases,start] GC(26) Phase 3: Adjust pointers
[0.804s][info][gc,phases      ] GC(26) Phase 3: Adjust pointers 27.296ms
[0.804s][info][gc,phases,start] GC(26) Phase 4: Move objects
[0.829s][info][gc,phases      ] GC(26) Phase 4: Move objects 25.003ms
[0.829s][info][gc,heap        ] GC(26) DefNew: 44287K(44288K)->889K(99840K) Eden: 39424K(39424K)->889K(88768K) From: 4863K(4864K)->0K(11072K)
[0.829s][info][gc,heap        ] GC(26) Tenured: 93487K(98260K)->133011K(221688K)
[0.829s][info][gc,metaspace   ] GC(26) Metaspace: 6303K(6528K)->6303K(6528K) NonClass: 5769K(5888K)->5769K(5888K) Class: 533K(640K)->533K(640K)
[0.829s][info][gc             ] GC(26) Pause Full (Allocation Failure) 134M->130M(313M) 127.574ms
[0.829s][info][gc,cpu         ] GC(26) User=0.11s Sys=0.00s Real=0.13s
[0.925s][info][gc,start       ] GC(27) Pause Young (Allocation Failure)
[1.073s][info][gc,heap        ] GC(27) DefNew: 88768K(99840K)->11071K(99840K) Eden: 88768K(88768K)->0K(88768K) From: 0K(11072K)->11071K(11072K)
[1.073s][info][gc,heap        ] GC(27) Tenured: 133011K(221688K)->210681K(221688K)
[1.073s][info][gc,metaspace   ] GC(27) Metaspace: 6303K(6528K)->6303K(6528K) NonClass: 5769K(5888K)->5769K(5888K) Class: 533K(640K)->533K(640K)
[1.073s][info][gc             ] GC(27) Pause Young (Allocation Failure) 216M->216M(313M) 147.649ms
[1.073s][info][gc,cpu         ] GC(27) User=0.11s Sys=0.05s Real=0.15s
[1.151s][info][gc,start       ] GC(28) Pause Young (Allocation Failure)
[1.317s][info][gc             ] GC(28) Pause Young (Allocation Failure) 303M->303M(390M) 166.722ms
[1.318s][info][gc,cpu         ] GC(28) User=0.09s Sys=0.06s Real=0.17s
[1.318s][info][gc,start       ] GC(29) Pause Full (Allocation Failure)
[1.318s][info][gc,phases,start] GC(29) Phase 1: Mark live objects
[1.454s][info][gc,phases      ] GC(29) Phase 1: Mark live objects 135.975ms
[1.454s][info][gc,phases,start] GC(29) Phase 2: Compute new object addresses
[1.501s][info][gc,phases      ] GC(29) Phase 2: Compute new object addresses 47.676ms
[1.501s][info][gc,phases,start] GC(29) Phase 3: Adjust pointers
[1.559s][info][gc,phases      ] GC(29) Phase 3: Adjust pointers 57.110ms
[1.559s][info][gc,phases,start] GC(29) Phase 4: Move objects
[1.561s][info][gc,phases      ] GC(29) Phase 4: Move objects 2.537ms
[1.562s][info][gc,heap        ] GC(29) DefNew: 99839K(99840K)->10912K(224704K) Eden: 88768K(88768K)->10912K(199744K) From: 11071K(11072K)->0K(24960K)
[1.562s][info][gc,heap        ] GC(29) Tenured: 210681K(221688K)->299579K(499300K)
[1.562s][info][gc,metaspace   ] GC(29) Metaspace: 6303K(6528K)->6303K(6528K) NonClass: 5769K(5888K)->5769K(5888K) Class: 533K(640K)->533K(640K)
[1.562s][info][gc             ] GC(29) Pause Full (Allocation Failure) 303M->303M(707M) 244.593ms
[1.562s][info][gc,cpu         ] GC(29) User=0.22s Sys=0.02s Real=0.24s
[1.769s][info][gc,start       ] GC(30) Pause Young (Allocation Failure)
[2.101s][info][gc,heap        ] GC(30) DefNew: 199744K(224704K)->24959K(224704K) Eden: 199744K(199744K)->0K(199744K) From: 0K(24960K)->24959K(24960K)
[2.101s][info][gc,heap        ] GC(30) Tenured: 299579K(499300K)->474338K(499300K)
[2.101s][info][gc,metaspace   ] GC(30) Metaspace: 6303K(6528K)->6303K(6528K) NonClass: 5769K(5888K)->5769K(5888K) Class: 533K(640K)->533K(640K)
[2.101s][info][gc             ] GC(30) Pause Young (Allocation Failure) 487M->487M(707M) 331.756ms
[2.101s][info][gc,cpu         ] GC(30) User=0.22s Sys=0.11s Real=0.33s
[2.291s][info][gc,start       ] GC(31) Pause Young (Allocation Failure)
[2.673s][info][gc             ] GC(31) Pause Young (Allocation Failure) 682M->682M(877M) 381.627ms
[2.673s][info][gc,cpu         ] GC(31) User=0.30s Sys=0.06s Real=0.38s
[2.673s][info][gc,start       ] GC(32) Pause Full (Allocation Failure)
[2.673s][info][gc,phases,start] GC(32) Phase 1: Mark live objects
[2.982s][info][gc,phases      ] GC(32) Phase 1: Mark live objects 308.893ms
[2.982s][info][gc,phases,start] GC(32) Phase 2: Compute new object addresses
[3.089s][info][gc,phases      ] GC(32) Phase 2: Compute new object addresses 106.923ms
[3.089s][info][gc,phases,start] GC(32) Phase 3: Adjust pointers
[3.206s][info][gc,phases      ] GC(32) Phase 3: Adjust pointers 117.109ms
[3.206s][info][gc,phases,start] GC(32) Phase 4: Move objects
[3.211s][info][gc,phases      ] GC(32) Phase 4: Move objects 5.056ms
[3.213s][info][gc,heap        ] GC(32) DefNew: 224703K(224704K)->24800K(505728K) Eden: 199744K(199744K)->24800K(449600K) From: 24959K(24960K)->0K(56128K)
[3.213s][info][gc,heap        ] GC(32) Tenured: 474338K(499300K)->674212K(1123688K)
[3.213s][info][gc,metaspace   ] GC(32) Metaspace: 6303K(6528K)->6303K(6528K) NonClass: 5769K(5888K)->5769K(5888K) Class: 533K(640K)->533K(640K)
[3.213s][info][gc             ] GC(32) Pause Full (Allocation Failure) 682M->682M(1591M) 540.319ms
[3.213s][info][gc,cpu         ] GC(32) User=0.55s Sys=0.00s Real=0.54s
[3.682s][info][gc,start       ] GC(33) Pause Young (Allocation Failure)
[4.452s][info][gc,heap        ] GC(33) DefNew: 449600K(505728K)->56127K(505728K) Eden: 449600K(449600K)->0K(449600K) From: 0K(56128K)->56127K(56128K)
[4.452s][info][gc,heap        ] GC(33) Tenured: 674212K(1123688K)->1067657K(1123688K)
[4.452s][info][gc,metaspace   ] GC(33) Metaspace: 6303K(6528K)->6303K(6528K) NonClass: 5769K(5888K)->5769K(5888K) Class: 533K(640K)->533K(640K)
[4.452s][info][gc             ] GC(33) Pause Young (Allocation Failure) 1097M->1097M(1591M) 770.604ms
[4.452s][info][gc,cpu         ] GC(33) User=0.59s Sys=0.17s Real=0.77s
[4.922s][info][gc,start       ] GC(34) Pause Young (Allocation Failure)
[5.648s][info][gc             ] GC(34) Pause Young (Allocation Failure) 1536M->1486M(1925M) 726.321ms
[5.648s][info][gc,cpu         ] GC(34) User=0.64s Sys=0.08s Real=0.73s
[5.648s][info][gc,start       ] GC(35) Pause Full (Allocation Failure)
[5.648s][info][gc,phases,start] GC(35) Phase 1: Mark live objects
[6.302s][info][gc,phases      ] GC(35) Phase 1: Mark live objects 653.641ms
[6.302s][info][gc,phases,start] GC(35) Phase 2: Compute new object addresses
[6.520s][info][gc,phases      ] GC(35) Phase 2: Compute new object addresses 218.017ms
[6.520s][info][gc,phases,start] GC(35) Phase 3: Adjust pointers
[6.785s][info][gc,phases      ] GC(35) Phase 3: Adjust pointers 264.994ms
[6.785s][info][gc,phases,start] GC(35) Phase 4: Move objects
[6.796s][info][gc,phases      ] GC(35) Phase 4: Move objects 10.717ms
[6.800s][info][gc,heap        ] GC(35) DefNew: 505727K(505728K)->55998K(1099776K) Eden: 449600K(449600K)->55998K(977600K) From: 56127K(56128K)->0K(122176K)
[6.800s][info][gc,heap        ] GC(35) Tenured: 1067657K(1123688K)->1466283K(2443808K)
[6.800s][info][gc,metaspace   ] GC(35) Metaspace: 6303K(6528K)->6303K(6528K) NonClass: 5769K(5888K)->5769K(5888K) Class: 533K(640K)->533K(640K)
[6.800s][info][gc             ] GC(35) Pause Full (Allocation Failure) 1486M->1486M(3460M) 1151.831ms
[6.800s][info][gc,cpu         ] GC(35) User=1.14s Sys=0.02s Real=1.15s
[7.772s][info][gc,start       ] GC(36) Pause Young (Allocation Failure)
[9.509s][info][gc,heap        ] GC(36) DefNew: 977600K(1099776K)->122176K(1099776K) Eden: 977600K(977600K)->0K(977600K) From: 0K(122176K)->122176K(122176K)
[9.509s][info][gc,heap        ] GC(36) Tenured: 1466283K(2443808K)->2321675K(2443808K)
[9.510s][info][gc,metaspace   ] GC(36) Metaspace: 6303K(6528K)->6303K(6528K) NonClass: 5769K(5888K)->5769K(5888K) Class: 533K(640K)->533K(640K)
[9.510s][info][gc             ] GC(36) Pause Young (Allocation Failure) 2386M->2386M(3460M) 1737.626ms
[9.510s][info][gc,cpu         ] GC(36) User=1.55s Sys=0.16s Real=1.74s
[10.510s][info][gc,start       ] GC(37) Pause Young (Allocation Failure)
[12.210s][info][gc             ] GC(37) Pause Young (Allocation Failure) 3341M->3341M(4295M) 1699.668ms
[12.210s][info][gc,cpu         ] GC(37) User=1.39s Sys=0.31s Real=1.70s
[12.210s][info][gc,start       ] GC(38) Pause Full (Allocation Failure)
[12.210s][info][gc,phases,start] GC(38) Phase 1: Mark live objects
[13.740s][info][gc,phases      ] GC(38) Phase 1: Mark live objects 1529.504ms
[13.740s][info][gc,phases,start] GC(38) Phase 2: Compute new object addresses
[14.239s][info][gc,phases      ] GC(38) Phase 2: Compute new object addresses 498.910ms
[14.239s][info][gc,phases,start] GC(38) Phase 3: Adjust pointers
[14.920s][info][gc,phases      ] GC(38) Phase 3: Adjust pointers 681.471ms
[14.920s][info][gc,phases,start] GC(38) Phase 4: Move objects
[15.546s][info][gc,phases      ] GC(38) Phase 4: Move objects 625.698ms
[15.556s][info][gc,heap        ] GC(38) DefNew: 1099776K(1099776K)->27915K(2474496K) Eden: 977600K(977600K)->27915K(2199552K) From: 122176K(122176K)->0K(274944K)
[15.556s][info][gc,heap        ] GC(38) Tenured: 2321675K(2443808K)->3299299K(5498836K)
[15.556s][info][gc,metaspace   ] GC(38) Metaspace: 6303K(6528K)->6303K(6528K) NonClass: 5769K(5888K)->5769K(5888K) Class: 533K(640K)->533K(640K)
[15.556s][info][gc             ] GC(38) Pause Full (Allocation Failure) 3341M->3249M(7786M) 3345.735ms
[15.556s][info][gc,cpu         ] GC(38) User=3.31s Sys=0.00s Real=3.35s
[17.789s][info][gc,start       ] GC(39) Pause Young (Allocation Failure)
[21.618s][info][gc,heap        ] GC(39) DefNew: 2199552K(2474496K)->274944K(2474496K) Eden: 2199552K(2199552K)->0K(2199552K) From: 0K(274944K)->274944K(274944K)
[21.618s][info][gc,heap        ] GC(39) Tenured: 3299299K(5498836K)->5223877K(5498836K)
[21.618s][info][gc,metaspace   ] GC(39) Metaspace: 6303K(6528K)->6303K(6528K) NonClass: 5769K(5888K)->5769K(5888K) Class: 533K(640K)->533K(640K)
[21.618s][info][gc             ] GC(39) Pause Young (Allocation Failure) 5369M->5369M(7786M) 3828.518ms
[21.618s][info][gc,cpu         ] GC(39) User=3.28s Sys=0.53s Real=3.83s
[23.649s][info][gc,start       ] GC(40) Pause Young (Allocation Failure)
[27.798s][info][gc,promotion   ] GC(40) Promotion failed
[27.798s][info][gc             ] GC(40) Pause Young (Allocation Failure) 7517M->9016M(9016M) 4149.398ms
[27.798s][info][gc,cpu         ] GC(40) User=3.55s Sys=0.56s Real=4.15s
[27.798s][info][gc,start       ] GC(41) Pause Full (Allocation Failure)
[27.798s][info][gc,phases,start] GC(41) Phase 1: Mark live objects
[31.467s][info][gc,phases      ] GC(41) Phase 1: Mark live objects 3668.824ms
[31.467s][info][gc,phases,start] GC(41) Phase 2: Compute new object addresses
[32.757s][info][gc,phases      ] GC(41) Phase 2: Compute new object addresses 1289.599ms
[32.757s][info][gc,phases,start] GC(41) Phase 3: Adjust pointers
[34.246s][info][gc,phases      ] GC(41) Phase 3: Adjust pointers 1489.476ms
[34.246s][info][gc,phases,start] GC(41) Phase 4: Move objects
[34.488s][info][gc,phases      ] GC(41) Phase 4: Move objects 242.104ms
[34.490s][info][gc,heap        ] GC(41) DefNew: 2474496K(2474496K)->939947K(3041280K) Eden: 2199552K(2199552K)->939947K(2703360K) From: 274944K(274944K)->0K(337920K)
[34.490s][info][gc,heap        ] GC(41) Tenured: 5223877K(5498836K)->6758400K(6758400K)
[34.490s][info][gc,metaspace   ] GC(41) Metaspace: 6303K(6528K)->6303K(6528K) NonClass: 5769K(5888K)->5769K(5888K) Class: 533K(640K)->533K(640K)
[34.491s][info][gc             ] GC(41) Pause Full (Allocation Failure) 9016M->7517M(9570M) 6692.425ms
[34.491s][info][gc,cpu         ] GC(41) User=6.66s Sys=0.00s Real=6.69s
[37.035s][info][gc,start       ] GC(42) Pause Full (Allocation Failure)
[37.035s][info][gc,phases,start] GC(42) Phase 1: Mark live objects
[41.414s][info][gc,phases      ] GC(42) Phase 1: Mark live objects 4378.899ms
[41.414s][info][gc,phases,start] GC(42) Phase 2: Compute new object addresses
[42.780s][info][gc,phases      ] GC(42) Phase 2: Compute new object addresses 1366.436ms
[42.780s][info][gc,phases,start] GC(42) Phase 3: Adjust pointers
[44.726s][info][gc,phases      ] GC(42) Phase 3: Adjust pointers 1945.847ms
[44.726s][info][gc,phases,start] GC(42) Phase 4: Move objects
[45.045s][info][gc,phases      ] GC(42) Phase 4: Move objects 318.888ms
[45.046s][info][gc,heap        ] GC(42) DefNew: 3041279K(3041280K)->3041258K(3041280K) Eden: 2703360K(2703360K)->2703359K(2703360K) From: 337919K(337920K)->337898K(337920K)
[45.046s][info][gc,heap        ] GC(42) Tenured: 6758400K(6758400K)->6758400K(6758400K)
[45.046s][info][gc,metaspace   ] GC(42) Metaspace: 6303K(6528K)->6303K(6528K) NonClass: 5769K(5888K)->5769K(5888K) Class: 533K(640K)->533K(640K)
[45.046s][info][gc             ] GC(42) Pause Full (Allocation Failure) 9569M->9569M(9570M) 8011.208ms
[45.046s][info][gc,cpu         ] GC(42) User=8.02s Sys=0.00s Real=8.01s
[45.046s][info][gc,start       ] GC(43) Pause Full (Allocation Failure)
[45.046s][info][gc,phases,start] GC(43) Phase 1: Mark live objects
[49.375s][info][gc,phases      ] GC(43) Phase 1: Mark live objects 4329.091ms
[49.375s][info][gc,phases,start] GC(43) Phase 2: Compute new object addresses
[50.704s][info][gc,phases      ] GC(43) Phase 2: Compute new object addresses 1329.021ms
[50.705s][info][gc,phases,start] GC(43) Phase 3: Adjust pointers
[52.502s][info][gc,phases      ] GC(43) Phase 3: Adjust pointers 1797.467ms
[52.502s][info][gc,phases,start] GC(43) Phase 4: Move objects
[52.502s][info][gc,phases      ] GC(43) Phase 4: Move objects 0.017ms
[52.503s][info][gc,heap        ] GC(43) DefNew: 3041279K(3041280K)->3041279K(3041280K) Eden: 2703359K(2703360K)->2703359K(2703360K) From: 337919K(337920K)->337919K(337920K)
[52.503s][info][gc,heap        ] GC(43) Tenured: 6758400K(6758400K)->6758400K(6758400K)
[52.503s][info][gc,metaspace   ] GC(43) Metaspace: 6303K(6528K)->6303K(6528K) NonClass: 5769K(5888K)->5769K(5888K) Class: 533K(640K)->533K(640K)
[52.503s][info][gc             ] GC(43) Pause Full (Allocation Failure) 9569M->9569M(9570M) 7456.399ms
[52.503s][info][gc,cpu         ] GC(43) User=7.41s Sys=0.00s Real=7.46s
[52.503s][info][gc,start       ] GC(44) Pause Full (Allocation Failure)
[52.503s][info][gc,phases,start] GC(44) Phase 1: Mark live objects
[56.819s][info][gc,phases      ] GC(44) Phase 1: Mark live objects 4316.256ms
[56.819s][info][gc,phases,start] GC(44) Phase 2: Compute new object addresses
[58.161s][info][gc,phases      ] GC(44) Phase 2: Compute new object addresses 1342.137ms
[58.161s][info][gc,phases,start] GC(44) Phase 3: Adjust pointers
[60.285s][info][gc,phases      ] GC(44) Phase 3: Adjust pointers 2123.916ms
[60.285s][info][gc,phases,start] GC(44) Phase 4: Move objects
[62.122s][info][gc,phases      ] GC(44) Phase 4: Move objects 1836.595ms
[62.122s][info][gc,heap        ] GC(44) DefNew: 3041279K(3041280K)->2910203K(3041280K) Eden: 2703359K(2703360K)->2703359K(2703360K) From: 337919K(337920K)->206843K(337920K)
[62.122s][info][gc,heap        ] GC(44) Tenured: 6758400K(6758400K)->6758399K(6758400K)
[62.122s][info][gc,metaspace   ] GC(44) Metaspace: 6303K(6528K)->6301K(6528K) NonClass: 5769K(5888K)->5768K(5888K) Class: 533K(640K)->532K(640K)
[62.123s][info][gc             ] GC(44) Pause Full (Allocation Failure) 9569M->9441M(9570M) 9619.880ms
[62.123s][info][gc,cpu         ] GC(44) User=9.62s Sys=0.00s Real=9.62s
[62.489s][info][gc,start       ] GC(45) Pause Full (Allocation Failure)
[62.489s][info][gc,phases,start] GC(45) Phase 1: Mark live objects
[66.864s][info][gc,phases      ] GC(45) Phase 1: Mark live objects 4375.217ms
[66.864s][info][gc,phases,start] GC(45) Phase 2: Compute new object addresses
[68.214s][info][gc,phases      ] GC(45) Phase 2: Compute new object addresses 1350.074ms
[68.214s][info][gc,phases,start] GC(45) Phase 3: Adjust pointers
[70.031s][info][gc,phases      ] GC(45) Phase 3: Adjust pointers 1816.911ms
[70.031s][info][gc,phases,start] GC(45) Phase 4: Move objects
[70.031s][info][gc,phases      ] GC(45) Phase 4: Move objects 0.016ms
[70.032s][info][gc,heap        ] GC(45) DefNew: 3041279K(3041280K)->3041279K(3041280K) Eden: 2703360K(2703360K)->2703360K(2703360K) From: 337919K(337920K)->337919K(337920K)
[70.032s][info][gc,heap        ] GC(45) Tenured: 6758399K(6758400K)->6758399K(6758400K)
[70.032s][info][gc,metaspace   ] GC(45) Metaspace: 6301K(6528K)->6301K(6528K) NonClass: 5768K(5888K)->5768K(5888K) Class: 532K(640K)->532K(640K)
[70.032s][info][gc             ] GC(45) Pause Full (Allocation Failure) 9569M->9569M(9570M) 7543.120ms
[70.032s][info][gc,cpu         ] GC(45) User=7.53s Sys=0.00s Real=7.54s
[70.032s][info][gc,start       ] GC(46) Pause Full (Allocation Failure)
[70.032s][info][gc,phases,start] GC(46) Phase 1: Mark live objects
[74.431s][info][gc,phases      ] GC(46) Phase 1: Mark live objects 4398.913ms
[74.431s][info][gc,phases,start] GC(46) Phase 2: Compute new object addresses
[75.783s][info][gc,phases      ] GC(46) Phase 2: Compute new object addresses 1352.067ms
[75.783s][info][gc,phases,start] GC(46) Phase 3: Adjust pointers
[77.615s][info][gc,phases      ] GC(46) Phase 3: Adjust pointers 1832.339ms
[77.615s][info][gc,phases,start] GC(46) Phase 4: Move objects
[77.615s][info][gc,phases      ] GC(46) Phase 4: Move objects 0.016ms
[77.616s][info][gc,heap        ] GC(46) DefNew: 3041279K(3041280K)->3041279K(3041280K) Eden: 2703360K(2703360K)->2703360K(2703360K) From: 337919K(337920K)->337919K(337920K)
[77.616s][info][gc,heap        ] GC(46) Tenured: 6758399K(6758400K)->6758399K(6758400K)
[77.616s][info][gc,metaspace   ] GC(46) Metaspace: 6301K(6528K)->6301K(6528K) NonClass: 5768K(5888K)->5768K(5888K) Class: 532K(640K)->532K(640K)
[77.616s][info][gc             ] GC(46) Pause Full (Allocation Failure) 9569M->9569M(9570M) 7584.117ms
[77.616s][info][gc,cpu         ] GC(46) User=7.55s Sys=0.00s Real=7.58s
[77.616s][info][gc,start       ] GC(47) Pause Full (Allocation Failure)
[77.616s][info][gc,phases,start] GC(47) Phase 1: Mark live objects
[82.026s][info][gc,phases      ] GC(47) Phase 1: Mark live objects 4409.722ms
[82.026s][info][gc,phases,start] GC(47) Phase 2: Compute new object addresses
[83.378s][info][gc,phases      ] GC(47) Phase 2: Compute new object addresses 1352.148ms
[83.378s][info][gc,phases,start] GC(47) Phase 3: Adjust pointers
[85.201s][info][gc,phases      ] GC(47) Phase 3: Adjust pointers 1822.259ms
[85.201s][info][gc,phases,start] GC(47) Phase 4: Move objects
[85.201s][info][gc,phases      ] GC(47) Phase 4: Move objects 0.017ms
[85.201s][info][gc,heap        ] GC(47) DefNew: 3041279K(3041280K)->3041279K(3041280K) Eden: 2703360K(2703360K)->2703360K(2703360K) From: 337919K(337920K)->337919K(337920K)
[85.201s][info][gc,heap        ] GC(47) Tenured: 6758399K(6758400K)->6758399K(6758400K)
[85.201s][info][gc,metaspace   ] GC(47) Metaspace: 6301K(6528K)->6301K(6528K) NonClass: 5768K(5888K)->5768K(5888K) Class: 532K(640K)->532K(640K)
[85.201s][info][gc             ] GC(47) Pause Full (Allocation Failure) 9569M->9569M(9570M) 7584.947ms
[85.201s][info][gc,cpu         ] GC(47) User=7.58s Sys=0.00s Real=7.59s
[85.201s][info][gc,start       ] GC(48) Pause Full (Allocation Failure)
[85.201s][info][gc,phases,start] GC(48) Phase 1: Mark live objects
[89.608s][info][gc,phases      ] GC(48) Phase 1: Mark live objects 4406.803ms
[89.608s][info][gc,phases,start] GC(48) Phase 2: Compute new object addresses
[90.961s][info][gc,phases      ] GC(48) Phase 2: Compute new object addresses 1352.983ms
[90.961s][info][gc,phases,start] GC(48) Phase 3: Adjust pointers
[93.121s][info][gc,phases      ] GC(48) Phase 3: Adjust pointers 2160.132ms
[93.121s][info][gc,phases,start] GC(48) Phase 4: Move objects
[94.726s][info][gc,phases      ] GC(48) Phase 4: Move objects 1604.401ms
[94.726s][info][gc,heap        ] GC(48) DefNew: 3041279K(3041280K)->3041278K(3041280K) Eden: 2703360K(2703360K)->2703359K(2703360K) From: 337919K(337920K)->337918K(337920K)
[94.726s][info][gc,heap        ] GC(48) Tenured: 6758399K(6758400K)->6758399K(6758400K)
[94.726s][info][gc,metaspace   ] GC(48) Metaspace: 6301K(6528K)->6301K(6528K) NonClass: 5768K(5888K)->5768K(5888K) Class: 532K(640K)->532K(640K)
[94.726s][info][gc             ] GC(48) Pause Full (Allocation Failure) 9569M->9569M(9570M) 9525.221ms
[94.726s][info][gc,cpu         ] GC(48) User=9.48s Sys=0.00s Real=9.53s
[94.727s][info][gc,start       ] GC(49) Pause Full (Allocation Failure)
[94.728s][info][gc,phases,start] GC(49) Phase 1: Mark live objects
[99.139s][info][gc,phases      ] GC(49) Phase 1: Mark live objects 4411.654ms
[99.139s][info][gc,phases,start] GC(49) Phase 2: Compute new object addresses
[100.489s][info][gc,phases      ] GC(49) Phase 2: Compute new object addresses 1349.333ms
[100.489s][info][gc,phases,start] GC(49) Phase 3: Adjust pointers
[102.319s][info][gc,phases      ] GC(49) Phase 3: Adjust pointers 1829.982ms
[102.319s][info][gc,phases,start] GC(49) Phase 4: Move objects
[102.319s][info][gc,phases      ] GC(49) Phase 4: Move objects 0.017ms
[102.319s][info][gc,heap        ] GC(49) DefNew: 3041279K(3041280K)->3041278K(3041280K) Eden: 2703360K(2703360K)->2703359K(2703360K) From: 337919K(337920K)->337918K(337920K)
[102.319s][info][gc,heap        ] GC(49) Tenured: 6758399K(6758400K)->6758399K(6758400K)
[102.319s][info][gc,metaspace   ] GC(49) Metaspace: 6303K(6528K)->6303K(6528K) NonClass: 5769K(5888K)->5769K(5888K) Class: 533K(640K)->533K(640K)
[102.319s][info][gc             ] GC(49) Pause Full (Allocation Failure) 9569M->9569M(9570M) 7591.816ms
[102.319s][info][gc,cpu         ] GC(49) User=7.56s Sys=0.00s Real=7.59s
[102.320s][info][gc,heap,exit   ] Heap
[102.320s][info][gc,heap,exit   ]  def new generation   total 3041280K, used 3041279K [0x0000000595400000, 0x0000000663800000, 0x0000000663800000)
[102.320s][info][gc,heap,exit   ]   eden space 2703360K, 100% used [0x0000000595400000, 0x000000063a400000, 0x000000063a400000)
[102.320s][info][gc,heap,exit   ]   from space 337920K,  99% used [0x000000063a400000, 0x000000064edfff40, 0x000000064ee00000)
[102.320s][info][gc,heap,exit   ]   to   space 337920K,   0% used [0x000000064ee00000, 0x000000064ee00000, 0x0000000663800000)
[102.320s][info][gc,heap,exit   ]  tenured generation   total 6758400K, used 6758399K [0x0000000663800000, 0x0000000800000000, 0x0000000800000000)
[102.320s][info][gc,heap,exit   ]    the space 6758400K,  99% used [0x0000000663800000, 0x00000007ffffffe8, 0x0000000800000000, 0x0000000800000000)
[102.320s][info][gc,heap,exit   ]  Metaspace       used 6306K, committed 6528K, reserved 1114112K
[102.320s][info][gc,heap,exit   ]   class space    used 534K, committed 640K, reserved 1048576K
