[0.011s][info][gc,init] CardTable entry size: 512
[0.011s][info][gc     ] Using Serial
[0.011s][info][gc,init] Version: 18.0.1+10 (release)
[0.011s][info][gc,init] CPUs: 8 total, 8 available
[0.011s][info][gc,init] Memory: 16063M
[0.011s][info][gc,init] Large Page Support: Disabled
[0.011s][info][gc,init] NUMA Support: Disabled
[0.011s][info][gc,init] Compressed Oops: Enabled (Zero based)
[0.011s][info][gc,init] Heap Min Capacity: 2M
[0.011s][info][gc,init] Heap Initial Capacity: 2M
[0.011s][info][gc,init] Heap Max Capacity: 13100M
[0.011s][info][gc,init] Pre-touch: Disabled
[0.012s][info][gc,metaspace] CDS archive(s) not mapped
[0.012s][info][gc,metaspace] Compressed class space mapped at: 0x0000000800000000-0x0000000840000000, reserved size: 1073741824
[0.012s][info][gc,metaspace] Narrow klass base: 0x0000000800000000, Narrow klass shift: 0, Narrow klass range: 0x40000000
[0.173s][info][gc,start    ] GC(0) Pause Young (Allocation Failure)
[0.175s][info][gc,heap     ] GC(0) DefNew: 1023K(1152K)->127K(1152K) Eden: 1023K(1024K)->0K(1024K) From: 0K(128K)->127K(128K)
[0.175s][info][gc,heap     ] GC(0) Tenured: 0K(768K)->439K(768K)
[0.175s][info][gc,metaspace] GC(0) Metaspace: 5898K(6016K)->5898K(6016K) NonClass: 5399K(5504K)->5399K(5504K) Class: 499K(512K)->499K(512K)
[0.175s][info][gc          ] GC(0) Pause Young (Allocation Failure) 0M->0M(1M) 1.607ms
[0.175s][info][gc,cpu      ] GC(0) User=0.00s Sys=0.00s Real=0.00s
[0.192s][info][gc,start    ] GC(1) Pause Young (Allocation Failure)
[0.194s][info][gc          ] GC(1) Pause Young (Allocation Failure) 1M->0M(2M) 1.454ms
[0.194s][info][gc,cpu      ] GC(1) User=0.00s Sys=0.00s Real=0.00s
[0.194s][info][gc,start    ] GC(2) Pause Full (Allocation Failure)
[0.194s][info][gc,phases,start] GC(2) Phase 1: Mark live objects
[0.195s][info][gc,phases      ] GC(2) Phase 1: Mark live objects 0.992ms
[0.195s][info][gc,phases,start] GC(2) Phase 2: Compute new object addresses
[0.195s][info][gc,phases      ] GC(2) Phase 2: Compute new object addresses 0.214ms
[0.195s][info][gc,phases,start] GC(2) Phase 3: Adjust pointers
[0.196s][info][gc,phases      ] GC(2) Phase 3: Adjust pointers 0.471ms
[0.196s][info][gc,phases,start] GC(2) Phase 4: Move objects
[0.196s][info][gc,phases      ] GC(2) Phase 4: Move objects 0.068ms
[0.196s][info][gc,heap        ] GC(2) DefNew: 1151K(1152K)->40K(1152K) Eden: 1024K(1024K)->40K(1024K) From: 127K(128K)->0K(128K)
[0.196s][info][gc,heap        ] GC(2) Tenured: 439K(768K)->959K(1600K)
[0.196s][info][gc,metaspace   ] GC(2) Metaspace: 6296K(6464K)->6296K(6464K) NonClass: 5763K(5824K)->5763K(5824K) Class: 533K(640K)->533K(640K)
[0.196s][info][gc             ] GC(2) Pause Full (Allocation Failure) 0M->0M(2M) 2.024ms
[0.196s][info][gc,cpu         ] GC(2) User=0.00s Sys=0.00s Real=0.00s
[0.197s][info][gc,start       ] GC(3) Pause Young (Allocation Failure)
[0.199s][info][gc,heap        ] GC(3) DefNew: 1024K(1152K)->128K(1152K) Eden: 1024K(1024K)->0K(1024K) From: 0K(128K)->128K(128K)
[0.199s][info][gc,heap        ] GC(3) Tenured: 959K(1600K)->1375K(1600K)
[0.199s][info][gc,metaspace   ] GC(3) Metaspace: 6296K(6464K)->6296K(6464K) NonClass: 5763K(5824K)->5763K(5824K) Class: 533K(640K)->533K(640K)
[0.199s][info][gc             ] GC(3) Pause Young (Allocation Failure) 1M->1M(2M) 1.504ms
[0.199s][info][gc,cpu         ] GC(3) User=0.00s Sys=0.00s Real=0.00s
[0.200s][info][gc,start       ] GC(4) Pause Young (Allocation Failure)
[0.202s][info][gc             ] GC(4) Pause Young (Allocation Failure) 2M->1M(3M) 1.329ms
[0.202s][info][gc,cpu         ] GC(4) User=0.00s Sys=0.00s Real=0.00s
[0.202s][info][gc,start       ] GC(5) Pause Full (Allocation Failure)
[0.202s][info][gc,phases,start] GC(5) Phase 1: Mark live objects
[0.203s][info][gc,phases      ] GC(5) Phase 1: Mark live objects 1.465ms
[0.203s][info][gc,phases,start] GC(5) Phase 2: Compute new object addresses
[0.204s][info][gc,phases      ] GC(5) Phase 2: Compute new object addresses 0.331ms
[0.204s][info][gc,phases,start] GC(5) Phase 3: Adjust pointers
[0.204s][info][gc,phases      ] GC(5) Phase 3: Adjust pointers 0.557ms
[0.204s][info][gc,phases,start] GC(5) Phase 4: Move objects
[0.204s][info][gc,phases      ] GC(5) Phase 4: Move objects 0.070ms
[0.205s][info][gc,heap        ] GC(5) DefNew: 1152K(1152K)->35K(1536K) Eden: 1024K(1024K)->35K(1408K) From: 128K(128K)->0K(128K)
[0.205s][info][gc,heap        ] GC(5) Tenured: 1375K(1600K)->1984K(3308K)
[0.205s][info][gc,metaspace   ] GC(5) Metaspace: 6296K(6464K)->6296K(6464K) NonClass: 5763K(5824K)->5763K(5824K) Class: 533K(640K)->533K(640K)
[0.205s][info][gc             ] GC(5) Pause Full (Allocation Failure) 1M->1M(4M) 2.692ms
[0.205s][info][gc,cpu         ] GC(5) User=0.00s Sys=0.00s Real=0.00s
[0.206s][info][gc,start       ] GC(6) Pause Young (Allocation Failure)
[0.208s][info][gc,heap        ] GC(6) DefNew: 1408K(1536K)->128K(1536K) Eden: 1408K(1408K)->0K(1408K) From: 0K(128K)->128K(128K)
[0.208s][info][gc,heap        ] GC(6) Tenured: 1984K(3308K)->2617K(3308K)
[0.208s][info][gc,metaspace   ] GC(6) Metaspace: 6296K(6464K)->6296K(6464K) NonClass: 5763K(5824K)->5763K(5824K) Class: 533K(640K)->533K(640K)
[0.208s][info][gc             ] GC(6) Pause Young (Allocation Failure) 3M->2M(4M) 1.755ms
[0.208s][info][gc,cpu         ] GC(6) User=0.00s Sys=0.00s Real=0.00s
[0.209s][info][gc,start       ] GC(7) Pause Young (Allocation Failure)
[0.211s][info][gc             ] GC(7) Pause Young (Allocation Failure) 4M->3M(4M) 1.953ms
[0.211s][info][gc,cpu         ] GC(7) User=0.00s Sys=0.00s Real=0.00s
[0.211s][info][gc,start       ] GC(8) Pause Full (Allocation Failure)
[0.211s][info][gc,phases,start] GC(8) Phase 1: Mark live objects
[0.214s][info][gc,phases      ] GC(8) Phase 1: Mark live objects 2.824ms
[0.214s][info][gc,phases,start] GC(8) Phase 2: Compute new object addresses
[0.215s][info][gc,phases      ] GC(8) Phase 2: Compute new object addresses 0.923ms
[0.215s][info][gc,phases,start] GC(8) Phase 3: Adjust pointers
[0.216s][info][gc,phases      ] GC(8) Phase 3: Adjust pointers 1.076ms
[0.216s][info][gc,phases,start] GC(8) Phase 4: Move objects
[0.216s][info][gc,phases      ] GC(8) Phase 4: Move objects 0.085ms
[0.217s][info][gc,heap        ] GC(8) DefNew: 1536K(1536K)->0K(2688K) Eden: 1408K(1408K)->0K(2432K) From: 128K(128K)->0K(256K)
[0.217s][info][gc,heap        ] GC(8) Tenured: 2617K(3308K)->3460K(5768K)
[0.217s][info][gc,metaspace   ] GC(8) Metaspace: 6296K(6464K)->6296K(6464K) NonClass: 5763K(5824K)->5763K(5824K) Class: 533K(640K)->533K(640K)
[0.217s][info][gc             ] GC(8) Pause Full (Allocation Failure) 3M->3M(8M) 5.242ms
[0.217s][info][gc,cpu         ] GC(8) User=0.00s Sys=0.00s Real=0.00s
[0.221s][info][gc,start       ] GC(9) Pause Young (Allocation Failure)
[0.224s][info][gc,heap        ] GC(9) DefNew: 2431K(2688K)->255K(2688K) Eden: 2431K(2432K)->0K(2432K) From: 0K(256K)->255K(256K)
[0.224s][info][gc,heap        ] GC(9) Tenured: 3460K(5768K)->4512K(5768K)
[0.224s][info][gc,metaspace   ] GC(9) Metaspace: 6296K(6464K)->6296K(6464K) NonClass: 5763K(5824K)->5763K(5824K) Class: 533K(640K)->533K(640K)
[0.224s][info][gc             ] GC(9) Pause Young (Allocation Failure) 5M->4M(8M) 3.446ms
[0.224s][info][gc,cpu         ] GC(9) User=0.00s Sys=0.00s Real=0.00s
[0.227s][info][gc,start       ] GC(10) Pause Young (Allocation Failure)
[0.230s][info][gc,heap        ] GC(10) DefNew: 2687K(2688K)->256K(2688K) Eden: 2432K(2432K)->0K(2432K) From: 255K(256K)->256K(256K)
[0.230s][info][gc,heap        ] GC(10) Tenured: 4512K(5768K)->5754K(5768K)
[0.230s][info][gc,metaspace   ] GC(10) Metaspace: 6296K(6464K)->6296K(6464K) NonClass: 5763K(5824K)->5763K(5824K) Class: 533K(640K)->533K(640K)
[0.230s][info][gc             ] GC(10) Pause Young (Allocation Failure) 7M->5M(8M) 2.885ms
[0.230s][info][gc,cpu         ] GC(10) User=0.00s Sys=0.00s Real=0.00s
[0.233s][info][gc,start       ] GC(11) Pause Young (Allocation Failure)
[0.236s][info][gc             ] GC(11) Pause Young (Allocation Failure) 8M->7M(9M) 2.998ms
[0.236s][info][gc,cpu         ] GC(11) User=0.00s Sys=0.00s Real=0.00s
[0.236s][info][gc,start       ] GC(12) Pause Full (Allocation Failure)
[0.236s][info][gc,phases,start] GC(12) Phase 1: Mark live objects
[0.241s][info][gc,phases      ] GC(12) Phase 1: Mark live objects 4.355ms
[0.241s][info][gc,phases,start] GC(12) Phase 2: Compute new object addresses
[0.243s][info][gc,phases      ] GC(12) Phase 2: Compute new object addresses 1.807ms
[0.243s][info][gc,phases,start] GC(12) Phase 3: Adjust pointers
[0.245s][info][gc,phases      ] GC(12) Phase 3: Adjust pointers 2.069ms
[0.245s][info][gc,phases,start] GC(12) Phase 4: Move objects
[0.246s][info][gc,phases      ] GC(12) Phase 4: Move objects 1.463ms
[0.246s][info][gc,heap        ] GC(12) DefNew: 2688K(2688K)->0K(5376K) Eden: 2432K(2432K)->0K(4800K) From: 256K(256K)->0K(576K)
[0.246s][info][gc,heap        ] GC(12) Tenured: 5754K(5768K)->7132K(11888K)
[0.246s][info][gc,metaspace   ] GC(12) Metaspace: 6296K(6464K)->6296K(6464K) NonClass: 5763K(5824K)->5763K(5824K) Class: 533K(640K)->533K(640K)
[0.247s][info][gc             ] GC(12) Pause Full (Allocation Failure) 7M->6M(16M) 10.226ms
[0.247s][info][gc,cpu         ] GC(12) User=0.00s Sys=0.00s Real=0.01s
[0.252s][info][gc,start       ] GC(13) Pause Young (Allocation Failure)
[0.257s][info][gc,heap        ] GC(13) DefNew: 4800K(5376K)->576K(5376K) Eden: 4800K(4800K)->0K(4800K) From: 0K(576K)->576K(576K)
[0.257s][info][gc,heap        ] GC(13) Tenured: 7132K(11888K)->9027K(11888K)
[0.257s][info][gc,metaspace   ] GC(13) Metaspace: 6296K(6464K)->6296K(6464K) NonClass: 5763K(5824K)->5763K(5824K) Class: 533K(640K)->533K(640K)
[0.257s][info][gc             ] GC(13) Pause Young (Allocation Failure) 11M->9M(16M) 5.118ms
[0.257s][info][gc,cpu         ] GC(13) User=0.00s Sys=0.00s Real=0.01s
[0.262s][info][gc,start       ] GC(14) Pause Young (Allocation Failure)
[0.268s][info][gc,heap        ] GC(14) DefNew: 5376K(5376K)->576K(5376K) Eden: 4800K(4800K)->0K(4800K) From: 576K(576K)->576K(576K)
[0.268s][info][gc,heap        ] GC(14) Tenured: 9027K(11888K)->11746K(11888K)
[0.268s][info][gc,metaspace   ] GC(14) Metaspace: 6296K(6464K)->6296K(6464K) NonClass: 5763K(5824K)->5763K(5824K) Class: 533K(640K)->533K(640K)
[0.268s][info][gc             ] GC(14) Pause Young (Allocation Failure) 14M->12M(16M) 5.941ms
[0.268s][info][gc,cpu         ] GC(14) User=0.00s Sys=0.00s Real=0.01s
[0.272s][info][gc,start       ] GC(15) Pause Young (Allocation Failure)
[0.278s][info][gc             ] GC(15) Pause Young (Allocation Failure) 16M->14M(19M) 5.910ms
[0.278s][info][gc,cpu         ] GC(15) User=0.00s Sys=0.00s Real=0.01s
[0.278s][info][gc,start       ] GC(16) Pause Full (Allocation Failure)
[0.278s][info][gc,phases,start] GC(16) Phase 1: Mark live objects
[0.286s][info][gc,phases      ] GC(16) Phase 1: Mark live objects 7.726ms
[0.286s][info][gc,phases,start] GC(16) Phase 2: Compute new object addresses
[0.289s][info][gc,phases      ] GC(16) Phase 2: Compute new object addresses 2.554ms
[0.289s][info][gc,phases,start] GC(16) Phase 3: Adjust pointers
[0.292s][info][gc,phases      ] GC(16) Phase 3: Adjust pointers 2.987ms
[0.292s][info][gc,phases,start] GC(16) Phase 4: Move objects
[0.292s][info][gc,phases      ] GC(16) Phase 4: Move objects 0.185ms
[0.292s][info][gc,heap        ] GC(16) DefNew: 5376K(5376K)->411K(10880K) Eden: 4800K(4800K)->411K(9728K) From: 576K(576K)->0K(1152K)
[0.292s][info][gc,heap        ] GC(16) Tenured: 11746K(11888K)->14384K(23976K)
[0.292s][info][gc,metaspace   ] GC(16) Metaspace: 6298K(6464K)->6298K(6464K) NonClass: 5765K(5824K)->5765K(5824K) Class: 533K(640K)->533K(640K)
[0.292s][info][gc             ] GC(16) Pause Full (Allocation Failure) 14M->14M(34M) 13.802ms
[0.292s][info][gc,cpu         ] GC(16) User=0.02s Sys=0.00s Real=0.01s
[0.299s][info][gc,start       ] GC(17) Pause Young (Allocation Failure)
[0.311s][info][gc,heap        ] GC(17) DefNew: 9728K(10880K)->1151K(10880K) Eden: 9728K(9728K)->0K(9728K) From: 0K(1152K)->1151K(1152K)
[0.311s][info][gc,heap        ] GC(17) Tenured: 14384K(23976K)->18409K(23976K)
[0.311s][info][gc,metaspace   ] GC(17) Metaspace: 6298K(6464K)->6298K(6464K) NonClass: 5765K(5824K)->5765K(5824K) Class: 533K(640K)->533K(640K)
[0.311s][info][gc             ] GC(17) Pause Young (Allocation Failure) 23M->19M(34M) 12.251ms
[0.311s][info][gc,cpu         ] GC(17) User=0.00s Sys=0.00s Real=0.01s
[0.319s][info][gc,start       ] GC(18) Pause Young (Allocation Failure)
[0.331s][info][gc,heap        ] GC(18) DefNew: 10879K(10880K)->1152K(10880K) Eden: 9728K(9728K)->0K(9728K) From: 1151K(1152K)->1152K(1152K)
[0.331s][info][gc,heap        ] GC(18) Tenured: 18409K(23976K)->23929K(23976K)
[0.331s][info][gc,metaspace   ] GC(18) Metaspace: 6298K(6464K)->6298K(6464K) NonClass: 5765K(5824K)->5765K(5824K) Class: 533K(640K)->533K(640K)
[0.331s][info][gc             ] GC(18) Pause Young (Allocation Failure) 28M->24M(34M) 11.715ms
[0.331s][info][gc,cpu         ] GC(18) User=0.00s Sys=0.00s Real=0.01s
[0.336s][info][gc,start       ] GC(19) Pause Young (Allocation Failure)
[0.347s][info][gc             ] GC(19) Pause Young (Allocation Failure) 33M->29M(38M) 10.517ms
[0.347s][info][gc,cpu         ] GC(19) User=0.00s Sys=0.00s Real=0.01s
[0.347s][info][gc,start       ] GC(20) Pause Full (Allocation Failure)
[0.347s][info][gc,phases,start] GC(20) Phase 1: Mark live objects
[0.360s][info][gc,phases      ] GC(20) Phase 1: Mark live objects 13.342ms
[0.360s][info][gc,phases,start] GC(20) Phase 2: Compute new object addresses
[0.365s][info][gc,phases      ] GC(20) Phase 2: Compute new object addresses 4.554ms
[0.365s][info][gc,phases,start] GC(20) Phase 3: Adjust pointers
[0.370s][info][gc,phases      ] GC(20) Phase 3: Adjust pointers 5.233ms
[0.370s][info][gc,phases,start] GC(20) Phase 4: Move objects
[0.370s][info][gc,phases      ] GC(20) Phase 4: Move objects 0.176ms
[0.370s][info][gc,heap        ] GC(20) DefNew: 10880K(10880K)->1073K(21888K) Eden: 9728K(9728K)->1073K(19520K) From: 1152K(1152K)->0K(2368K)
[0.370s][info][gc,heap        ] GC(20) Tenured: 23929K(23976K)->29035K(48396K)
[0.370s][info][gc,metaspace   ] GC(20) Metaspace: 6298K(6464K)->6298K(6464K) NonClass: 5765K(5824K)->5765K(5824K) Class: 533K(640K)->533K(640K)
[0.370s][info][gc             ] GC(20) Pause Full (Allocation Failure) 29M->29M(68M) 23.692ms
[0.370s][info][gc,cpu         ] GC(20) User=0.03s Sys=0.00s Real=0.02s
[0.387s][info][gc,start       ] GC(21) Pause Young (Allocation Failure)
[0.418s][info][gc,heap        ] GC(21) DefNew: 19520K(21888K)->2368K(21888K) Eden: 19520K(19520K)->0K(19520K) From: 0K(2368K)->2368K(2368K)
[0.418s][info][gc,heap        ] GC(21) Tenured: 29035K(48396K)->40993K(48396K)
[0.418s][info][gc,metaspace   ] GC(21) Metaspace: 6298K(6464K)->6298K(6464K) NonClass: 5765K(5824K)->5765K(5824K) Class: 533K(640K)->533K(640K)
[0.418s][info][gc             ] GC(21) Pause Young (Allocation Failure) 47M->42M(68M) 30.360ms
[0.418s][info][gc,cpu         ] GC(21) User=0.02s Sys=0.00s Real=0.03s
[0.438s][info][gc,start       ] GC(22) Pause Young (Allocation Failure)
[0.476s][info][gc             ] GC(22) Pause Young (Allocation Failure) 61M->61M(80M) 38.196ms
[0.476s][info][gc,cpu         ] GC(22) User=0.02s Sys=0.00s Real=0.04s
[0.476s][info][gc,start       ] GC(23) Pause Full (Allocation Failure)
[0.476s][info][gc,phases,start] GC(23) Phase 1: Mark live objects
[0.502s][info][gc,phases      ] GC(23) Phase 1: Mark live objects 25.803ms
[0.502s][info][gc,phases,start] GC(23) Phase 2: Compute new object addresses
[0.512s][info][gc,phases      ] GC(23) Phase 2: Compute new object addresses 9.914ms
[0.512s][info][gc,phases,start] GC(23) Phase 3: Adjust pointers
[0.523s][info][gc,phases      ] GC(23) Phase 3: Adjust pointers 10.917ms
[0.523s][info][gc,phases,start] GC(23) Phase 4: Move objects
[0.524s][info][gc,phases      ] GC(23) Phase 4: Move objects 0.338ms
[0.524s][info][gc,heap        ] GC(23) DefNew: 21888K(21888K)->2356K(45440K) Eden: 19520K(19520K)->2356K(40448K) From: 2368K(2368K)->0K(4992K)
[0.524s][info][gc,heap        ] GC(23) Tenured: 40993K(48396K)->60492K(100820K)
[0.524s][info][gc,metaspace   ] GC(23) Metaspace: 6298K(6464K)->6298K(6464K) NonClass: 5765K(5824K)->5765K(5824K) Class: 533K(640K)->533K(640K)
[0.524s][info][gc             ] GC(23) Pause Full (Allocation Failure) 61M->61M(142M) 47.617ms
[0.524s][info][gc,cpu         ] GC(23) User=0.05s Sys=0.00s Real=0.05s
[0.570s][info][gc,start       ] GC(24) Pause Young (Allocation Failure)
[0.635s][info][gc,heap        ] GC(24) DefNew: 40448K(45440K)->4991K(45440K) Eden: 40448K(40448K)->0K(40448K) From: 0K(4992K)->4991K(4992K)
[0.635s][info][gc,heap        ] GC(24) Tenured: 60492K(100820K)->95919K(100820K)
[0.635s][info][gc,metaspace   ] GC(24) Metaspace: 6298K(6464K)->6298K(6464K) NonClass: 5765K(5824K)->5765K(5824K) Class: 533K(640K)->533K(640K)
[0.635s][info][gc             ] GC(24) Pause Young (Allocation Failure) 98M->98M(142M) 65.069ms
[0.635s][info][gc,cpu         ] GC(24) User=0.03s Sys=0.03s Real=0.07s
[0.668s][info][gc,start       ] GC(25) Pause Young (Allocation Failure)
[0.745s][info][gc             ] GC(25) Pause Young (Allocation Failure) 138M->138M(177M) 76.322ms
[0.745s][info][gc,cpu         ] GC(25) User=0.03s Sys=0.02s Real=0.08s
[0.745s][info][gc,start       ] GC(26) Pause Full (Allocation Failure)
[0.745s][info][gc,phases,start] GC(26) Phase 1: Mark live objects
[0.801s][info][gc,phases      ] GC(26) Phase 1: Mark live objects 56.194ms
[0.801s][info][gc,phases,start] GC(26) Phase 2: Compute new object addresses
[0.824s][info][gc,phases      ] GC(26) Phase 2: Compute new object addresses 22.955ms
[0.824s][info][gc,phases,start] GC(26) Phase 3: Adjust pointers
[0.851s][info][gc,phases      ] GC(26) Phase 3: Adjust pointers 26.741ms
[0.851s][info][gc,phases,start] GC(26) Phase 4: Move objects
[0.876s][info][gc,phases      ] GC(26) Phase 4: Move objects 25.002ms
[0.876s][info][gc,heap        ] GC(26) DefNew: 45439K(45440K)->1075K(102400K) Eden: 40448K(40448K)->1075K(91072K) From: 4991K(4992K)->0K(11328K)
[0.876s][info][gc,heap        ] GC(26) Tenured: 95919K(100820K)->136407K(227348K)
[0.876s][info][gc,metaspace   ] GC(26) Metaspace: 6298K(6464K)->6298K(6464K) NonClass: 5765K(5824K)->5765K(5824K) Class: 533K(640K)->533K(640K)
[0.876s][info][gc             ] GC(26) Pause Full (Allocation Failure) 138M->134M(322M) 131.713ms
[0.876s][info][gc,cpu         ] GC(26) User=0.14s Sys=0.00s Real=0.13s
[0.970s][info][gc,start       ] GC(27) Pause Young (Allocation Failure)
[1.124s][info][gc,heap        ] GC(27) DefNew: 91072K(102400K)->11327K(102400K) Eden: 91072K(91072K)->0K(91072K) From: 0K(11328K)->11327K(11328K)
[1.124s][info][gc,heap        ] GC(27) Tenured: 136407K(227348K)->216124K(227348K)
[1.124s][info][gc,metaspace   ] GC(27) Metaspace: 6298K(6464K)->6298K(6464K) NonClass: 5765K(5824K)->5765K(5824K) Class: 533K(640K)->533K(640K)
[1.124s][info][gc             ] GC(27) Pause Young (Allocation Failure) 222M->222M(322M) 154.082ms
[1.124s][info][gc,cpu         ] GC(27) User=0.11s Sys=0.03s Real=0.15s
[1.205s][info][gc,start       ] GC(28) Pause Young (Allocation Failure)
[1.376s][info][gc             ] GC(28) Pause Young (Allocation Failure) 311M->311M(400M) 171.311ms
[1.376s][info][gc,cpu         ] GC(28) User=0.14s Sys=0.02s Real=0.17s
[1.376s][info][gc,start       ] GC(29) Pause Full (Allocation Failure)
[1.376s][info][gc,phases,start] GC(29) Phase 1: Mark live objects
[1.516s][info][gc,phases      ] GC(29) Phase 1: Mark live objects 139.915ms
[1.516s][info][gc,phases,start] GC(29) Phase 2: Compute new object addresses
[1.572s][info][gc,phases      ] GC(29) Phase 2: Compute new object addresses 55.901ms
[1.572s][info][gc,phases,start] GC(29) Phase 3: Adjust pointers
[1.628s][info][gc,phases      ] GC(29) Phase 3: Adjust pointers 56.110ms
[1.628s][info][gc,phases,start] GC(29) Phase 4: Move objects
[1.631s][info][gc,phases      ] GC(29) Phase 4: Move objects 2.577ms
[1.632s][info][gc,heap        ] GC(29) DefNew: 102399K(102400K)->11143K(230592K) Eden: 91072K(91072K)->11143K(204992K) From: 11327K(11328K)->0K(25600K)
[1.632s][info][gc,heap        ] GC(29) Tenured: 216124K(227348K)->307351K(512256K)
[1.632s][info][gc,metaspace   ] GC(29) Metaspace: 6298K(6464K)->6298K(6464K) NonClass: 5765K(5824K)->5765K(5824K) Class: 533K(640K)->533K(640K)
[1.632s][info][gc             ] GC(29) Pause Full (Allocation Failure) 311M->311M(725M) 255.775ms
[1.632s][info][gc,cpu         ] GC(29) User=0.25s Sys=0.00s Real=0.26s
[1.848s][info][gc,start       ] GC(30) Pause Young (Allocation Failure)
[2.200s][info][gc,heap        ] GC(30) DefNew: 204992K(230592K)->25600K(230592K) Eden: 204992K(204992K)->0K(204992K) From: 0K(25600K)->25600K(25600K)
[2.200s][info][gc,heap        ] GC(30) Tenured: 307351K(512256K)->486718K(512256K)
[2.200s][info][gc,metaspace   ] GC(30) Metaspace: 6298K(6464K)->6298K(6464K) NonClass: 5765K(5824K)->5765K(5824K) Class: 533K(640K)->533K(640K)
[2.200s][info][gc             ] GC(30) Pause Young (Allocation Failure) 500M->500M(725M) 352.155ms
[2.200s][info][gc,cpu         ] GC(30) User=0.28s Sys=0.03s Real=0.35s
[2.386s][info][gc,start       ] GC(31) Pause Young (Allocation Failure)
[2.776s][info][gc             ] GC(31) Pause Young (Allocation Failure) 700M->700M(900M) 389.083ms
[2.776s][info][gc,cpu         ] GC(31) User=0.31s Sys=0.06s Real=0.39s
[2.776s][info][gc,start       ] GC(32) Pause Full (Allocation Failure)
[2.776s][info][gc,phases,start] GC(32) Phase 1: Mark live objects
[3.092s][info][gc,phases      ] GC(32) Phase 1: Mark live objects 316.545ms
[3.092s][info][gc,phases,start] GC(32) Phase 2: Compute new object addresses
[3.204s][info][gc,phases      ] GC(32) Phase 2: Compute new object addresses 111.418ms
[3.204s][info][gc,phases,start] GC(32) Phase 3: Adjust pointers
[3.322s][info][gc,phases      ] GC(32) Phase 3: Adjust pointers 117.897ms
[3.322s][info][gc,phases,start] GC(32) Phase 4: Move objects
[3.327s][info][gc,phases      ] GC(32) Phase 4: Move objects 5.248ms
[3.329s][info][gc,heap        ] GC(32) DefNew: 230592K(230592K)->25434K(518976K) Eden: 204992K(204992K)->25434K(461376K) From: 25600K(25600K)->0K(57600K)
[3.329s][info][gc,heap        ] GC(32) Tenured: 486718K(512256K)->691843K(1153076K)
[3.329s][info][gc,metaspace   ] GC(32) Metaspace: 6298K(6464K)->6298K(6464K) NonClass: 5765K(5824K)->5765K(5824K) Class: 533K(640K)->533K(640K)
[3.329s][info][gc             ] GC(32) Pause Full (Allocation Failure) 700M->700M(1632M) 553.397ms
[3.329s][info][gc,cpu         ] GC(32) User=0.55s Sys=0.00s Real=0.55s
[3.808s][info][gc,start       ] GC(33) Pause Young (Allocation Failure)
[4.600s][info][gc,heap        ] GC(33) DefNew: 461376K(518976K)->57599K(518976K) Eden: 461376K(461376K)->0K(461376K) From: 0K(57600K)->57599K(57600K)
[4.600s][info][gc,heap        ] GC(33) Tenured: 691843K(1153076K)->1095590K(1153076K)
[4.600s][info][gc,metaspace   ] GC(33) Metaspace: 6298K(6464K)->6298K(6464K) NonClass: 5765K(5824K)->5765K(5824K) Class: 533K(640K)->533K(640K)
[4.600s][info][gc             ] GC(33) Pause Young (Allocation Failure) 1126M->1126M(1632M) 791.760ms
[4.600s][info][gc,cpu         ] GC(33) User=0.64s Sys=0.16s Real=0.79s
[5.062s][info][gc,start       ] GC(34) Pause Young (Allocation Failure)
[5.809s][info][gc             ] GC(34) Pause Young (Allocation Failure) 1576M->1526M(1977M) 746.259ms
[5.809s][info][gc,cpu         ] GC(34) User=0.62s Sys=0.09s Real=0.75s
[5.809s][info][gc,start       ] GC(35) Pause Full (Allocation Failure)
[5.809s][info][gc,phases,start] GC(35) Phase 1: Mark live objects
[6.488s][info][gc,phases      ] GC(35) Phase 1: Mark live objects 679.001ms
[6.488s][info][gc,phases,start] GC(35) Phase 2: Compute new object addresses
[6.713s][info][gc,phases      ] GC(35) Phase 2: Compute new object addresses 225.125ms
[6.713s][info][gc,phases,start] GC(35) Phase 3: Adjust pointers
[6.982s][info][gc,phases      ] GC(35) Phase 3: Adjust pointers 268.726ms
[6.982s][info][gc,phases,start] GC(35) Phase 4: Move objects
[6.993s][info][gc,phases      ] GC(35) Phase 4: Move objects 11.132ms
[6.997s][info][gc,heap        ] GC(35) DefNew: 518975K(518976K)->57424K(1129536K) Eden: 461376K(461376K)->57424K(1004032K) From: 57599K(57600K)->0K(125504K)
[6.997s][info][gc,heap        ] GC(35) Tenured: 1095590K(1153076K)->1506039K(2510068K)
[6.997s][info][gc,metaspace   ] GC(35) Metaspace: 6298K(6464K)->6298K(6464K) NonClass: 5765K(5824K)->5765K(5824K) Class: 533K(640K)->533K(640K)
[6.997s][info][gc             ] GC(35) Pause Full (Allocation Failure) 1526M->1526M(3554M) 1188.611ms
[6.997s][info][gc,cpu         ] GC(35) User=1.19s Sys=0.00s Real=1.19s
[8.000s][info][gc,start       ] GC(36) Pause Young (Allocation Failure)
[9.816s][info][gc,heap        ] GC(36) DefNew: 1004032K(1129536K)->125503K(1129536K) Eden: 1004032K(1004032K)->0K(1004032K) From: 0K(125504K)->125503K(125504K)
[9.816s][info][gc,heap        ] GC(36) Tenured: 1506039K(2510068K)->2384538K(2510068K)
[9.816s][info][gc,metaspace   ] GC(36) Metaspace: 6298K(6464K)->6298K(6464K) NonClass: 5765K(5824K)->5765K(5824K) Class: 533K(640K)->533K(640K)
[9.816s][info][gc             ] GC(36) Pause Young (Allocation Failure) 2451M->2451M(3554M) 1815.938ms
[9.816s][info][gc,cpu         ] GC(36) User=1.58s Sys=0.23s Real=1.82s
[10.809s][info][gc,start       ] GC(37) Pause Young (Allocation Failure)
[12.558s][info][gc             ] GC(37) Pause Young (Allocation Failure) 3431M->3431M(4412M) 1749.216ms
[12.558s][info][gc,cpu         ] GC(37) User=1.33s Sys=0.41s Real=1.75s
[12.558s][info][gc,start       ] GC(38) Pause Full (Allocation Failure)
[12.558s][info][gc,phases,start] GC(38) Phase 1: Mark live objects
[14.155s][info][gc,phases      ] GC(38) Phase 1: Mark live objects 1596.634ms
[14.155s][info][gc,phases,start] GC(38) Phase 2: Compute new object addresses
[14.689s][info][gc,phases      ] GC(38) Phase 2: Compute new object addresses 534.205ms
[14.689s][info][gc,phases,start] GC(38) Phase 3: Adjust pointers
[15.376s][info][gc,phases      ] GC(38) Phase 3: Adjust pointers 686.338ms
[15.376s][info][gc,phases,start] GC(38) Phase 4: Move objects
[16.027s][info][gc,phases      ] GC(38) Phase 4: Move objects 651.488ms
[16.037s][info][gc,heap        ] GC(38) DefNew: 1129535K(1129536K)->31234K(2541504K) Eden: 1004032K(1004032K)->31234K(2259136K) From: 125503K(125504K)->0K(282368K)
[16.037s][info][gc,heap        ] GC(38) Tenured: 2384538K(2510068K)->3388599K(5647668K)
[16.037s][info][gc,metaspace   ] GC(38) Metaspace: 6298K(6464K)->6298K(6464K) NonClass: 5765K(5824K)->5765K(5824K) Class: 533K(640K)->533K(640K)
[16.037s][info][gc             ] GC(38) Pause Full (Allocation Failure) 3431M->3339M(7997M) 3478.660ms
[16.037s][info][gc,cpu         ] GC(38) User=3.42s Sys=0.02s Real=3.48s
[18.347s][info][gc,start       ] GC(39) Pause Young (Allocation Failure)
[22.339s][info][gc,heap        ] GC(39) DefNew: 2259136K(2541504K)->282367K(2541504K) Eden: 2259136K(2259136K)->0K(2259136K) From: 0K(282368K)->282367K(282368K)
[22.339s][info][gc,heap        ] GC(39) Tenured: 3388599K(5647668K)->5365338K(5647668K)
[22.339s][info][gc,metaspace   ] GC(39) Metaspace: 6298K(6464K)->6298K(6464K) NonClass: 5765K(5824K)->5765K(5824K) Class: 533K(640K)->533K(640K)
[22.339s][info][gc             ] GC(39) Pause Young (Allocation Failure) 5515M->5515M(7997M) 3991.832ms
[22.339s][info][gc,cpu         ] GC(39) User=3.31s Sys=0.64s Real=3.99s
[24.483s][info][gc,start       ] GC(40) Pause Young (Allocation Failure)
[28.367s][info][gc             ] GC(40) Pause Young (Allocation Failure) 7721M->7721M(9927M) 3883.534ms
[28.367s][info][gc,cpu         ] GC(40) User=3.31s Sys=0.56s Real=3.88s
[28.367s][info][gc,start       ] GC(41) Pause Full (Allocation Failure)
[28.367s][info][gc,phases,start] GC(41) Phase 1: Mark live objects
[32.001s][info][gc,phases      ] GC(41) Phase 1: Mark live objects 3634.591ms
[32.001s][info][gc,phases,start] GC(41) Phase 2: Compute new object addresses
[33.195s][info][gc,phases      ] GC(41) Phase 2: Compute new object addresses 1194.063ms
[33.196s][info][gc,phases,start] GC(41) Phase 3: Adjust pointers
[34.618s][info][gc,phases      ] GC(41) Phase 3: Adjust pointers 1421.971ms
[34.618s][info][gc,phases,start] GC(41) Phase 4: Move objects
[34.647s][info][gc,phases      ] GC(41) Phase 4: Move objects 29.251ms
[34.679s][info][gc,heap        ] GC(41) DefNew: 2541503K(2541504K)->282367K(4024320K) Eden: 2259136K(2259136K)->282367K(3577216K) From: 282367K(282368K)->0K(447104K)
[34.680s][info][gc,heap        ] GC(41) Tenured: 5365338K(5647668K)->7624446K(8942976K)
[34.680s][info][gc,metaspace   ] GC(41) Metaspace: 6298K(6464K)->6298K(6464K) NonClass: 5765K(5824K)->5765K(5824K) Class: 533K(640K)->533K(640K)
[34.680s][info][gc             ] GC(41) Pause Full (Allocation Failure) 7721M->7721M(12663M) 6312.907ms
[34.680s][info][gc,cpu         ] GC(41) User=6.27s Sys=0.00s Real=6.31s
[37.829s][info][gc,start       ] GC(42) Pause Young (Allocation Failure)
[37.829s][info][gc             ] GC(42) Pause Young (Allocation Failure) 10939M->10939M(12663M) 0.126ms
[37.829s][info][gc,cpu         ] GC(42) User=0.00s Sys=0.00s Real=0.00s
[37.829s][info][gc,start       ] GC(43) Pause Full (Allocation Failure)
[37.829s][info][gc,phases,start] GC(43) Phase 1: Mark live objects
[42.903s][info][gc,phases      ] GC(43) Phase 1: Mark live objects 5073.742ms
[42.903s][info][gc,phases,start] GC(43) Phase 2: Compute new object addresses
[44.622s][info][gc,phases      ] GC(43) Phase 2: Compute new object addresses 1719.551ms
[44.623s][info][gc,phases,start] GC(43) Phase 3: Adjust pointers
[46.916s][info][gc,phases      ] GC(43) Phase 3: Adjust pointers 2293.669ms
[46.916s][info][gc,phases,start] GC(43) Phase 4: Move objects
[47.888s][info][gc,phases      ] GC(43) Phase 4: Move objects 971.985ms
[47.889s][info][gc,heap        ] GC(43) DefNew: 3577216K(4024320K)->2258654K(4024320K) Eden: 3577216K(3577216K)->2258654K(3577216K) From: 0K(447104K)->0K(447104K)
[47.889s][info][gc,heap        ] GC(43) Tenured: 7624446K(8942976K)->8942975K(8942976K)
[47.889s][info][gc,metaspace   ] GC(43) Metaspace: 6298K(6464K)->6298K(6464K) NonClass: 5765K(5824K)->5765K(5824K) Class: 533K(640K)->533K(640K)
[47.889s][info][gc             ] GC(43) Pause Full (Allocation Failure) 10939M->10939M(12663M) 10060.249ms
[47.889s][info][gc,cpu         ] GC(43) User=9.75s Sys=0.27s Real=10.06s
[52.605s][info][gc,start       ] GC(44) Pause Full (Allocation Failure)
[52.605s][info][gc,phases,start] GC(44) Phase 1: Mark live objects
[58.525s][info][gc,phases      ] GC(44) Phase 1: Mark live objects 5920.622ms
[58.525s][info][gc,phases,start] GC(44) Phase 2: Compute new object addresses
[60.215s][info][gc,phases      ] GC(44) Phase 2: Compute new object addresses 1689.552ms
[60.215s][info][gc,phases,start] GC(44) Phase 3: Adjust pointers
[62.536s][info][gc,phases      ] GC(44) Phase 3: Adjust pointers 2320.500ms
[62.536s][info][gc,phases,start] GC(44) Phase 4: Move objects
[62.762s][info][gc,phases      ] GC(44) Phase 4: Move objects 226.644ms
[62.763s][info][gc,heap        ] GC(44) DefNew: 4024319K(4024320K)->4024311K(4024320K) Eden: 3577216K(3577216K)->3577215K(3577216K) From: 447103K(447104K)->447095K(447104K)
[62.763s][info][gc,heap        ] GC(44) Tenured: 8942975K(8942976K)->8942975K(8942976K)
[62.763s][info][gc,metaspace   ] GC(44) Metaspace: 6298K(6464K)->6298K(6464K) NonClass: 5765K(5824K)->5765K(5824K) Class: 533K(640K)->533K(640K)
[62.763s][info][gc             ] GC(44) Pause Full (Allocation Failure) 12663M->12663M(12663M) 10158.609ms
[62.763s][info][gc,cpu         ] GC(44) User=10.06s Sys=0.02s Real=10.16s
[62.764s][info][gc,start       ] GC(45) Pause Full (Allocation Failure)
[62.764s][info][gc,phases,start] GC(45) Phase 1: Mark live objects
[68.325s][info][gc,phases      ] GC(45) Phase 1: Mark live objects 5560.806ms
[68.325s][info][gc,phases,start] GC(45) Phase 2: Compute new object addresses
[70.006s][info][gc,phases      ] GC(45) Phase 2: Compute new object addresses 1681.783ms
[70.006s][info][gc,phases,start] GC(45) Phase 3: Adjust pointers
[72.702s][info][gc,phases      ] GC(45) Phase 3: Adjust pointers 2696.008ms
[72.703s][info][gc,phases,start] GC(45) Phase 4: Move objects
[74.490s][info][gc,phases      ] GC(45) Phase 4: Move objects 1787.694ms
[74.491s][info][gc,heap        ] GC(45) DefNew: 4024319K(4024320K)->3631103K(4024320K) Eden: 3577216K(3577216K)->3577216K(3577216K) From: 447103K(447104K)->53887K(447104K)
[74.491s][info][gc,heap        ] GC(45) Tenured: 8942975K(8942976K)->8942975K(8942976K)
[74.491s][info][gc,metaspace   ] GC(45) Metaspace: 6298K(6464K)->6298K(6464K) NonClass: 5765K(5824K)->5765K(5824K) Class: 533K(640K)->533K(640K)
[74.491s][info][gc             ] GC(45) Pause Full (Allocation Failure) 12663M->12279M(12663M) 11727.487ms
[74.491s][info][gc,cpu         ] GC(45) User=11.66s Sys=0.00s Real=11.73s
[75.577s][info][gc,start       ] GC(46) Pause Full (Allocation Failure)
[75.577s][info][gc,phases,start] GC(46) Phase 1: Mark live objects
[81.343s][info][gc,phases      ] GC(46) Phase 1: Mark live objects 5765.580ms
[81.343s][info][gc,phases,start] GC(46) Phase 2: Compute new object addresses
[83.079s][info][gc,phases      ] GC(46) Phase 2: Compute new object addresses 1736.088ms
[83.079s][info][gc,phases,start] GC(46) Phase 3: Adjust pointers
[85.408s][info][gc,phases      ] GC(46) Phase 3: Adjust pointers 2328.432ms
[85.408s][info][gc,phases,start] GC(46) Phase 4: Move objects
[85.408s][info][gc,phases      ] GC(46) Phase 4: Move objects 0.016ms
[85.408s][info][gc,heap        ] GC(46) DefNew: 4024319K(4024320K)->4024319K(4024320K) Eden: 3577216K(3577216K)->3577216K(3577216K) From: 447103K(447104K)->447103K(447104K)
[85.408s][info][gc,heap        ] GC(46) Tenured: 8942975K(8942976K)->8942975K(8942976K)
[85.408s][info][gc,metaspace   ] GC(46) Metaspace: 6298K(6464K)->6298K(6464K) NonClass: 5765K(5824K)->5765K(5824K) Class: 533K(640K)->533K(640K)
[85.408s][info][gc             ] GC(46) Pause Full (Allocation Failure) 12663M->12663M(12663M) 9831.124ms
[85.408s][info][gc,cpu         ] GC(46) User=9.77s Sys=0.00s Real=9.83s
[85.408s][info][gc,start       ] GC(47) Pause Full (Allocation Failure)
[85.408s][info][gc,phases,start] GC(47) Phase 1: Mark live objects
[91.157s][info][gc,phases      ] GC(47) Phase 1: Mark live objects 5748.783ms
[91.157s][info][gc,phases,start] GC(47) Phase 2: Compute new object addresses
[92.897s][info][gc,phases      ] GC(47) Phase 2: Compute new object addresses 1739.546ms
[92.897s][info][gc,phases,start] GC(47) Phase 3: Adjust pointers
[95.737s][info][gc,phases      ] GC(47) Phase 3: Adjust pointers 2840.333ms
[95.737s][info][gc,phases,start] GC(47) Phase 4: Move objects
[97.845s][info][gc,phases      ] GC(47) Phase 4: Move objects 2108.220ms
[97.846s][info][gc,heap        ] GC(47) DefNew: 4024319K(4024320K)->4024315K(4024320K) Eden: 3577216K(3577216K)->3577216K(3577216K) From: 447103K(447104K)->447099K(447104K)
[97.846s][info][gc,heap        ] GC(47) Tenured: 8942975K(8942976K)->8942975K(8942976K)
[97.846s][info][gc,metaspace   ] GC(47) Metaspace: 6298K(6464K)->6296K(6464K) NonClass: 5765K(5824K)->5763K(5824K) Class: 533K(640K)->532K(640K)
[97.846s][info][gc             ] GC(47) Pause Full (Allocation Failure) 12663M->12663M(12663M) 12437.944ms
[97.846s][info][gc,cpu         ] GC(47) User=12.44s Sys=0.00s Real=12.44s
[97.847s][info][gc,start       ] GC(48) Pause Full (Allocation Failure)
[97.847s][info][gc,phases,start] GC(48) Phase 1: Mark live objects
[103.615s][info][gc,phases      ] GC(48) Phase 1: Mark live objects 5767.871ms
[103.615s][info][gc,phases,start] GC(48) Phase 2: Compute new object addresses
[105.504s][info][gc,phases      ] GC(48) Phase 2: Compute new object addresses 1889.471ms
[105.504s][info][gc,phases,start] GC(48) Phase 3: Adjust pointers
[107.843s][info][gc,phases      ] GC(48) Phase 3: Adjust pointers 2338.658ms
[107.843s][info][gc,phases,start] GC(48) Phase 4: Move objects
[107.843s][info][gc,phases      ] GC(48) Phase 4: Move objects 0.017ms
[107.844s][info][gc,heap        ] GC(48) DefNew: 4024319K(4024320K)->4024319K(4024320K) Eden: 3577216K(3577216K)->3577216K(3577216K) From: 447103K(447104K)->447103K(447104K)
[107.844s][info][gc,heap        ] GC(48) Tenured: 8942975K(8942976K)->8942975K(8942976K)
[107.844s][info][gc,metaspace   ] GC(48) Metaspace: 6296K(6464K)->6296K(6464K) NonClass: 5763K(5824K)->5763K(5824K) Class: 532K(640K)->532K(640K)
[107.844s][info][gc             ] GC(48) Pause Full (Allocation Failure) 12663M->12663M(12663M) 9996.962ms
[107.844s][info][gc,cpu         ] GC(48) User=9.94s Sys=0.00s Real=10.00s
[107.844s][info][gc,start       ] GC(49) Pause Full (Allocation Failure)
[107.844s][info][gc,phases,start] GC(49) Phase 1: Mark live objects
[113.609s][info][gc,phases      ] GC(49) Phase 1: Mark live objects 5764.639ms
[113.609s][info][gc,phases,start] GC(49) Phase 2: Compute new object addresses
[115.349s][info][gc,phases      ] GC(49) Phase 2: Compute new object addresses 1740.115ms
[115.349s][info][gc,phases,start] GC(49) Phase 3: Adjust pointers
[117.682s][info][gc,phases      ] GC(49) Phase 3: Adjust pointers 2333.475ms
[117.682s][info][gc,phases,start] GC(49) Phase 4: Move objects
[117.682s][info][gc,phases      ] GC(49) Phase 4: Move objects 0.017ms
[117.683s][info][gc,heap        ] GC(49) DefNew: 4024319K(4024320K)->4024319K(4024320K) Eden: 3577216K(3577216K)->3577216K(3577216K) From: 447103K(447104K)->447103K(447104K)
[117.683s][info][gc,heap        ] GC(49) Tenured: 8942975K(8942976K)->8942975K(8942976K)
[117.683s][info][gc,metaspace   ] GC(49) Metaspace: 6296K(6464K)->6296K(6464K) NonClass: 5763K(5824K)->5763K(5824K) Class: 532K(640K)->532K(640K)
[117.683s][info][gc             ] GC(49) Pause Full (Allocation Failure) 12663M->12663M(12663M) 9839.180ms
[117.683s][info][gc,cpu         ] GC(49) User=9.78s Sys=0.02s Real=9.84s
[117.684s][info][gc,start       ] GC(50) Pause Full (Allocation Failure)
[117.684s][info][gc,phases,start] GC(50) Phase 1: Mark live objects
[123.467s][info][gc,phases      ] GC(50) Phase 1: Mark live objects 5783.445ms
[123.467s][info][gc,phases,start] GC(50) Phase 2: Compute new object addresses
[125.210s][info][gc,phases      ] GC(50) Phase 2: Compute new object addresses 1742.708ms
[125.210s][info][gc,phases,start] GC(50) Phase 3: Adjust pointers
[127.552s][info][gc,phases      ] GC(50) Phase 3: Adjust pointers 2342.055ms
[127.552s][info][gc,phases,start] GC(50) Phase 4: Move objects
[127.552s][info][gc,phases      ] GC(50) Phase 4: Move objects 0.017ms
[127.553s][info][gc,heap        ] GC(50) DefNew: 4024319K(4024320K)->4024319K(4024320K) Eden: 3577216K(3577216K)->3577216K(3577216K) From: 447103K(447104K)->447103K(447104K)
[127.553s][info][gc,heap        ] GC(50) Tenured: 8942975K(8942976K)->8942975K(8942976K)
[127.553s][info][gc,metaspace   ] GC(50) Metaspace: 6296K(6464K)->6296K(6464K) NonClass: 5763K(5824K)->5763K(5824K) Class: 532K(640K)->532K(640K)
[127.553s][info][gc             ] GC(50) Pause Full (Allocation Failure) 12663M->12663M(12663M) 9869.208ms
[127.553s][info][gc,cpu         ] GC(50) User=9.83s Sys=0.00s Real=9.87s
[127.553s][info][gc,start       ] GC(51) Pause Full (Allocation Failure)
[127.554s][info][gc,phases,start] GC(51) Phase 1: Mark live objects
[133.312s][info][gc,phases      ] GC(51) Phase 1: Mark live objects 5758.490ms
[133.312s][info][gc,phases,start] GC(51) Phase 2: Compute new object addresses
[135.043s][info][gc,phases      ] GC(51) Phase 2: Compute new object addresses 1731.401ms
[135.044s][info][gc,phases,start] GC(51) Phase 3: Adjust pointers
[137.366s][info][gc,phases      ] GC(51) Phase 3: Adjust pointers 2322.087ms
[137.366s][info][gc,phases,start] GC(51) Phase 4: Move objects
[137.366s][info][gc,phases      ] GC(51) Phase 4: Move objects 0.017ms
[137.366s][info][gc,heap        ] GC(51) DefNew: 4024319K(4024320K)->4024319K(4024320K) Eden: 3577216K(3577216K)->3577216K(3577216K) From: 447103K(447104K)->447103K(447104K)
[137.366s][info][gc,heap        ] GC(51) Tenured: 8942975K(8942976K)->8942975K(8942976K)
[137.366s][info][gc,metaspace   ] GC(51) Metaspace: 6296K(6464K)->6296K(6464K) NonClass: 5763K(5824K)->5763K(5824K) Class: 532K(640K)->532K(640K)
[137.366s][info][gc             ] GC(51) Pause Full (Allocation Failure) 12663M->12663M(12663M) 9812.987ms
[137.366s][info][gc,cpu         ] GC(51) User=9.70s Sys=0.02s Real=9.81s
[137.367s][info][gc,start       ] GC(52) Pause Full (Allocation Failure)
[137.367s][info][gc,phases,start] GC(52) Phase 1: Mark live objects
[143.140s][info][gc,phases      ] GC(52) Phase 1: Mark live objects 5773.465ms
[143.140s][info][gc,phases,start] GC(52) Phase 2: Compute new object addresses
[144.882s][info][gc,phases      ] GC(52) Phase 2: Compute new object addresses 1741.714ms
[144.882s][info][gc,phases,start] GC(52) Phase 3: Adjust pointers
[147.225s][info][gc,phases      ] GC(52) Phase 3: Adjust pointers 2342.794ms
[147.225s][info][gc,phases,start] GC(52) Phase 4: Move objects
[147.225s][info][gc,phases      ] GC(52) Phase 4: Move objects 0.017ms
[147.226s][info][gc,heap        ] GC(52) DefNew: 4024320K(4024320K)->4024320K(4024320K) Eden: 3577216K(3577216K)->3577216K(3577216K) From: 447104K(447104K)->447104K(447104K)
[147.226s][info][gc,heap        ] GC(52) Tenured: 8942975K(8942976K)->8942975K(8942976K)
[147.226s][info][gc,metaspace   ] GC(52) Metaspace: 6296K(6464K)->6296K(6464K) NonClass: 5763K(5824K)->5763K(5824K) Class: 532K(640K)->532K(640K)
[147.226s][info][gc             ] GC(52) Pause Full (Allocation Failure) 12663M->12663M(12663M) 9858.995ms
[147.226s][info][gc,cpu         ] GC(52) User=9.84s Sys=0.00s Real=9.86s
[147.226s][info][gc,start       ] GC(53) Pause Full (Allocation Failure)
[147.226s][info][gc,phases,start] GC(53) Phase 1: Mark live objects
[152.998s][info][gc,phases      ] GC(53) Phase 1: Mark live objects 5772.576ms
[152.998s][info][gc,phases,start] GC(53) Phase 2: Compute new object addresses
[154.747s][info][gc,phases      ] GC(53) Phase 2: Compute new object addresses 1748.555ms
[154.747s][info][gc,phases,start] GC(53) Phase 3: Adjust pointers
[157.583s][info][gc,phases      ] GC(53) Phase 3: Adjust pointers 2836.346ms
[157.583s][info][gc,phases,start] GC(53) Phase 4: Move objects
[159.680s][info][gc,phases      ] GC(53) Phase 4: Move objects 2096.435ms
[159.681s][info][gc,heap        ] GC(53) DefNew: 4024320K(4024320K)->4024318K(4024320K) Eden: 3577216K(3577216K)->3577216K(3577216K) From: 447104K(447104K)->447102K(447104K)
[159.681s][info][gc,heap        ] GC(53) Tenured: 8942975K(8942976K)->8942975K(8942976K)
[159.681s][info][gc,metaspace   ] GC(53) Metaspace: 6296K(6464K)->6296K(6464K) NonClass: 5763K(5824K)->5763K(5824K) Class: 532K(640K)->532K(640K)
[159.681s][info][gc             ] GC(53) Pause Full (Allocation Failure) 12663M->12663M(12663M) 12455.239ms
[159.681s][info][gc,cpu         ] GC(53) User=12.44s Sys=0.00s Real=12.45s
[159.682s][info][gc,start       ] GC(54) Pause Full (Allocation Failure)
[159.682s][info][gc,phases,start] GC(54) Phase 1: Mark live objects
[165.454s][info][gc,phases      ] GC(54) Phase 1: Mark live objects 5772.287ms
[165.455s][info][gc,phases,start] GC(54) Phase 2: Compute new object addresses
[167.203s][info][gc,phases      ] GC(54) Phase 2: Compute new object addresses 1747.987ms
[167.203s][info][gc,phases,start] GC(54) Phase 3: Adjust pointers
[169.585s][info][gc,phases      ] GC(54) Phase 3: Adjust pointers 2382.244ms
[169.585s][info][gc,phases,start] GC(54) Phase 4: Move objects
[169.585s][info][gc,phases      ] GC(54) Phase 4: Move objects 0.017ms
[169.586s][info][gc,heap        ] GC(54) DefNew: 4024319K(4024320K)->4024318K(4024320K) Eden: 3577216K(3577216K)->3577216K(3577216K) From: 447103K(447104K)->447102K(447104K)
[169.586s][info][gc,heap        ] GC(54) Tenured: 8942975K(8942976K)->8942975K(8942976K)
[169.586s][info][gc,metaspace   ] GC(54) Metaspace: 6298K(6464K)->6298K(6464K) NonClass: 5764K(5824K)->5764K(5824K) Class: 533K(640K)->533K(640K)
[169.586s][info][gc             ] GC(54) Pause Full (Allocation Failure) 12663M->12663M(12663M) 9903.738ms
[169.586s][info][gc,cpu         ] GC(54) User=9.83s Sys=0.00s Real=9.90s
[169.586s][info][gc,heap,exit   ] Heap
[169.586s][info][gc,heap,exit   ]  def new generation   total 4024320K, used 4024319K [0x00000004cd400000, 0x00000005de2a0000, 0x00000005de2a0000)
[169.586s][info][gc,heap,exit   ]   eden space 3577216K, 100% used [0x00000004cd400000, 0x00000005a7960000, 0x00000005a7960000)
[169.586s][info][gc,heap,exit   ]   from space 447104K,  99% used [0x00000005a7960000, 0x00000005c2dffef8, 0x00000005c2e00000)
[169.586s][info][gc,heap,exit   ]   to   space 447104K,   0% used [0x00000005c2e00000, 0x00000005c2e00000, 0x00000005de2a0000)
[169.586s][info][gc,heap,exit   ]  tenured generation   total 8942976K, used 8942975K [0x00000005de2a0000, 0x0000000800000000, 0x0000000800000000)
[169.586s][info][gc,heap,exit   ]    the space 8942976K,  99% used [0x00000005de2a0000, 0x00000007ffffffe8, 0x0000000800000000, 0x0000000800000000)
[169.586s][info][gc,heap,exit   ]  Metaspace       used 6301K, committed 6464K, reserved 1114112K
[169.586s][info][gc,heap,exit   ]   class space    used 534K, committed 640K, reserved 1048576K
