[0.011s][info][gc,init] CardTable entry size: 512
[0.011s][info][gc     ] Using Parallel
[0.012s][info][gc,init] Version: 18.0.1+10 (release)
[0.012s][info][gc,init] CPUs: 8 total, 8 available
[0.012s][info][gc,init] Memory: 16063M
[0.012s][info][gc,init] Large Page Support: Disabled
[0.012s][info][gc,init] NUMA Support: Disabled
[0.012s][info][gc,init] Compressed Oops: Enabled (Zero based)
[0.012s][info][gc,init] Alignments: Space 512K, Generation 512K, Heap 2M
[0.012s][info][gc,init] Heap Min Capacity: 2M
[0.012s][info][gc,init] Heap Initial Capacity: 2M
[0.012s][info][gc,init] Heap Max Capacity: 3200M
[0.012s][info][gc,init] Pre-touch: Disabled
[0.012s][info][gc,init] Parallel Workers: 8
[0.012s][info][gc,metaspace] CDS archive(s) not mapped
[0.012s][info][gc,metaspace] Compressed class space mapped at: 0x0000000800000000-0x0000000840000000, reserved size: 1073741824
[0.012s][info][gc,metaspace] Narrow klass base: 0x0000000800000000, Narrow klass shift: 0, Narrow klass range: 0x40000000
[0.102s][info][gc,start    ] GC(0) Pause Young (Allocation Failure)
[0.103s][info][gc,heap     ] GC(0) PSYoungGen: 512K(1024K)->480K(1024K) Eden: 512K(512K)->0K(512K) From: 0K(512K)->480K(512K)
[0.103s][info][gc,heap     ] GC(0) ParOldGen: 0K(512K)->8K(512K)
[0.104s][info][gc,metaspace] GC(0) Metaspace: 4229K(4352K)->4229K(4352K) NonClass: 3908K(3968K)->3908K(3968K) Class: 321K(384K)->321K(384K)
[0.104s][info][gc          ] GC(0) Pause Young (Allocation Failure) 0M->0M(1M) 1.507ms
[0.104s][info][gc,cpu      ] GC(0) User=0.00s Sys=0.00s Real=0.00s
[0.171s][info][gc,start    ] GC(1) Pause Young (Allocation Failure)
[0.172s][info][gc,heap     ] GC(1) PSYoungGen: 991K(1024K)->512K(1536K) Eden: 511K(512K)->0K(1024K) From: 480K(512K)->512K(512K)
[0.172s][info][gc,heap     ] GC(1) ParOldGen: 8K(512K)->84K(512K)
[0.172s][info][gc,metaspace] GC(1) Metaspace: 5877K(5952K)->5877K(5952K) NonClass: 5380K(5440K)->5380K(5440K) Class: 496K(512K)->496K(512K)
[0.172s][info][gc          ] GC(1) Pause Young (Allocation Failure) 0M->0M(2M) 1.076ms
[0.172s][info][gc,cpu      ] GC(1) User=0.00s Sys=0.00s Real=0.00s
[0.192s][info][gc,start    ] GC(2) Pause Young (Allocation Failure)
[0.193s][info][gc,heap     ] GC(2) PSYoungGen: 1536K(1536K)->512K(1536K) Eden: 1024K(1024K)->0K(1024K) From: 512K(512K)->512K(512K)
[0.193s][info][gc,heap     ] GC(2) ParOldGen: 84K(512K)->500K(512K)
[0.194s][info][gc,metaspace] GC(2) Metaspace: 6296K(6464K)->6296K(6464K) NonClass: 5762K(5824K)->5762K(5824K) Class: 533K(640K)->533K(640K)
[0.194s][info][gc          ] GC(2) Pause Young (Allocation Failure) 1M->0M(2M) 1.422ms
[0.194s][info][gc,cpu      ] GC(2) User=0.00s Sys=0.00s Real=0.00s
[0.194s][info][gc,start    ] GC(3) Pause Full (Ergonomics)
[0.194s][info][gc,phases,start] GC(3) Marking Phase
[0.195s][info][gc,phases      ] GC(3) Marking Phase 1.017ms
[0.195s][info][gc,phases,start] GC(3) Summary Phase
[0.195s][info][gc,phases      ] GC(3) Summary Phase 0.018ms
[0.195s][info][gc,phases,start] GC(3) Adjust Roots
[0.195s][info][gc,phases      ] GC(3) Adjust Roots 0.358ms
[0.195s][info][gc,phases,start] GC(3) Compaction Phase
[0.197s][info][gc,phases      ] GC(3) Compaction Phase 1.601ms
[0.197s][info][gc,phases,start] GC(3) Post Compact
[0.197s][info][gc,phases      ] GC(3) Post Compact 0.069ms
[0.197s][info][gc,heap        ] GC(3) PSYoungGen: 512K(1536K)->507K(1536K) Eden: 0K(1024K)->0K(1024K) From: 512K(512K)->507K(512K)
[0.197s][info][gc,heap        ] GC(3) ParOldGen: 500K(512K)->473K(2048K)
[0.197s][info][gc,metaspace   ] GC(3) Metaspace: 6296K(6464K)->6296K(6464K) NonClass: 5762K(5824K)->5762K(5824K) Class: 533K(640K)->533K(640K)
[0.197s][info][gc             ] GC(3) Pause Full (Ergonomics) 0M->0M(3M) 3.305ms
[0.197s][info][gc,cpu         ] GC(3) User=0.00s Sys=0.00s Real=0.00s
[0.199s][info][gc,start       ] GC(4) Pause Young (Allocation Failure)
[0.200s][info][gc,heap        ] GC(4) PSYoungGen: 1531K(1536K)->480K(2560K) Eden: 1024K(1024K)->0K(2048K) From: 507K(512K)->480K(512K)
[0.200s][info][gc,heap        ] GC(4) ParOldGen: 473K(2048K)->1037K(2048K)
[0.200s][info][gc,metaspace   ] GC(4) Metaspace: 6296K(6464K)->6296K(6464K) NonClass: 5762K(5824K)->5762K(5824K) Class: 533K(640K)->533K(640K)
[0.200s][info][gc             ] GC(4) Pause Young (Allocation Failure) 1M->1M(4M) 1.372ms
[0.200s][info][gc,cpu         ] GC(4) User=0.00s Sys=0.00s Real=0.00s
[0.203s][info][gc,start       ] GC(5) Pause Young (Allocation Failure)
[0.204s][info][gc,heap        ] GC(5) PSYoungGen: 2528K(2560K)->480K(2560K) Eden: 2048K(2048K)->0K(2048K) From: 480K(512K)->480K(512K)
[0.204s][info][gc,heap        ] GC(5) ParOldGen: 1037K(2048K)->2097K(2560K)
[0.205s][info][gc,metaspace   ] GC(5) Metaspace: 6296K(6464K)->6296K(6464K) NonClass: 5762K(5824K)->5762K(5824K) Class: 533K(640K)->533K(640K)
[0.205s][info][gc             ] GC(5) Pause Young (Allocation Failure) 3M->2M(5M) 1.672ms
[0.205s][info][gc,cpu         ] GC(5) User=0.00s Sys=0.00s Real=0.00s
[0.205s][info][gc,start       ] GC(6) Pause Full (Ergonomics)
[0.205s][info][gc,phases,start] GC(6) Marking Phase
[0.206s][info][gc,phases      ] GC(6) Marking Phase 1.576ms
[0.206s][info][gc,phases,start] GC(6) Summary Phase
[0.206s][info][gc,phases      ] GC(6) Summary Phase 0.015ms
[0.206s][info][gc,phases,start] GC(6) Adjust Roots
[0.207s][info][gc,phases      ] GC(6) Adjust Roots 0.319ms
[0.207s][info][gc,phases,start] GC(6) Compaction Phase
[0.209s][info][gc,phases      ] GC(6) Compaction Phase 2.047ms
[0.209s][info][gc,phases,start] GC(6) Post Compact
[0.209s][info][gc,phases      ] GC(6) Post Compact 0.029ms
[0.209s][info][gc,heap        ] GC(6) PSYoungGen: 480K(2560K)->0K(4096K) Eden: 0K(2048K)->0K(3072K) From: 480K(512K)->0K(1024K)
[0.209s][info][gc,heap        ] GC(6) ParOldGen: 2097K(2560K)->2542K(6144K)
[0.209s][info][gc,metaspace   ] GC(6) Metaspace: 6296K(6464K)->6296K(6464K) NonClass: 5762K(5824K)->5762K(5824K) Class: 533K(640K)->533K(640K)
[0.209s][info][gc             ] GC(6) Pause Full (Ergonomics) 2M->2M(10M) 4.323ms
[0.209s][info][gc,cpu         ] GC(6) User=0.00s Sys=0.00s Real=0.00s
[0.213s][info][gc,start       ] GC(7) Pause Young (Allocation Failure)
[0.215s][info][gc,heap        ] GC(7) PSYoungGen: 3072K(4096K)->1664K(5120K) Eden: 3072K(3072K)->0K(3072K) From: 0K(1024K)->1664K(2048K)
[0.215s][info][gc,heap        ] GC(7) ParOldGen: 2542K(6144K)->2542K(6144K)
[0.215s][info][gc,metaspace   ] GC(7) Metaspace: 6296K(6464K)->6296K(6464K) NonClass: 5762K(5824K)->5762K(5824K) Class: 533K(640K)->533K(640K)
[0.215s][info][gc             ] GC(7) Pause Young (Allocation Failure) 5M->4M(11M) 1.818ms
[0.215s][info][gc,cpu         ] GC(7) User=0.00s Sys=0.00s Real=0.00s
[0.220s][info][gc,start       ] GC(8) Pause Young (Allocation Failure)
[0.223s][info][gc,heap        ] GC(8) PSYoungGen: 4736K(5120K)->2016K(5632K) Eden: 3072K(3072K)->0K(3584K) From: 1664K(2048K)->2016K(2048K)
[0.223s][info][gc,heap        ] GC(8) ParOldGen: 2542K(6144K)->3774K(6144K)
[0.223s][info][gc,metaspace   ] GC(8) Metaspace: 6296K(6464K)->6296K(6464K) NonClass: 5762K(5824K)->5762K(5824K) Class: 533K(640K)->533K(640K)
[0.223s][info][gc             ] GC(8) Pause Young (Allocation Failure) 7M->5M(11M) 3.506ms
[0.223s][info][gc,cpu         ] GC(8) User=0.00s Sys=0.00s Real=0.00s
[0.229s][info][gc,start       ] GC(9) Pause Young (Allocation Failure)
[0.232s][info][gc,heap        ] GC(9) PSYoungGen: 5600K(5632K)->3040K(6656K) Eden: 3584K(3584K)->0K(3584K) From: 2016K(2048K)->3040K(3072K)
[0.232s][info][gc,heap        ] GC(9) ParOldGen: 3774K(6144K)->4614K(6144K)
[0.232s][info][gc,metaspace   ] GC(9) Metaspace: 6296K(6464K)->6296K(6464K) NonClass: 5762K(5824K)->5762K(5824K) Class: 533K(640K)->533K(640K)
[0.232s][info][gc             ] GC(9) Pause Young (Allocation Failure) 9M->7M(12M) 3.433ms
[0.232s][info][gc,cpu         ] GC(9) User=0.00s Sys=0.00s Real=0.00s
[0.236s][info][gc,start       ] GC(10) Pause Young (Allocation Failure)
[0.240s][info][gc,heap        ] GC(10) PSYoungGen: 6624K(6656K)->4064K(8704K) Eden: 3584K(3584K)->0K(4608K) From: 3040K(3072K)->4064K(4096K)
[0.240s][info][gc,heap        ] GC(10) ParOldGen: 4614K(6144K)->5462K(6144K)
[0.240s][info][gc,metaspace   ] GC(10) Metaspace: 6296K(6464K)->6296K(6464K) NonClass: 5762K(5824K)->5762K(5824K) Class: 533K(640K)->533K(640K)
[0.240s][info][gc             ] GC(10) Pause Young (Allocation Failure) 10M->9M(14M) 3.681ms
[0.240s][info][gc,cpu         ] GC(10) User=0.00s Sys=0.00s Real=0.00s
[0.240s][info][gc,start       ] GC(11) Pause Full (Ergonomics)
[0.240s][info][gc,phases,start] GC(11) Marking Phase
[0.245s][info][gc,phases      ] GC(11) Marking Phase 4.597ms
[0.245s][info][gc,phases,start] GC(11) Summary Phase
[0.245s][info][gc,phases      ] GC(11) Summary Phase 0.019ms
[0.245s][info][gc,phases,start] GC(11) Adjust Roots
[0.245s][info][gc,phases      ] GC(11) Adjust Roots 0.344ms
[0.245s][info][gc,phases,start] GC(11) Compaction Phase
[0.251s][info][gc,phases      ] GC(11) Compaction Phase 5.983ms
[0.251s][info][gc,phases,start] GC(11) Post Compact
[0.251s][info][gc,phases      ] GC(11) Post Compact 0.080ms
[0.251s][info][gc,heap        ] GC(11) PSYoungGen: 4064K(8704K)->3545K(8704K) Eden: 0K(4608K)->0K(4608K) From: 4064K(4096K)->3545K(4096K)
[0.251s][info][gc,heap        ] GC(11) ParOldGen: 5462K(6144K)->5831K(10752K)
[0.251s][info][gc,metaspace   ] GC(11) Metaspace: 6296K(6464K)->6296K(6464K) NonClass: 5762K(5824K)->5762K(5824K) Class: 533K(640K)->533K(640K)
[0.251s][info][gc             ] GC(11) Pause Full (Ergonomics) 9M->9M(19M) 11.337ms
[0.251s][info][gc,cpu         ] GC(11) User=0.00s Sys=0.00s Real=0.01s
[0.256s][info][gc,start       ] GC(12) Pause Young (Allocation Failure)
[0.260s][info][gc,heap        ] GC(12) PSYoungGen: 8013K(8704K)->5088K(9728K) Eden: 4468K(4608K)->0K(4608K) From: 3545K(4096K)->5088K(5120K)
[0.260s][info][gc,heap        ] GC(12) ParOldGen: 5831K(10752K)->6615K(10752K)
[0.260s][info][gc,metaspace   ] GC(12) Metaspace: 6296K(6464K)->6296K(6464K) NonClass: 5762K(5824K)->5762K(5824K) Class: 533K(640K)->533K(640K)
[0.260s][info][gc             ] GC(12) Pause Young (Allocation Failure) 13M->11M(20M) 3.969ms
[0.260s][info][gc,cpu         ] GC(12) User=0.00s Sys=0.00s Real=0.00s
[0.265s][info][gc,start       ] GC(13) Pause Young (Allocation Failure)
[0.270s][info][gc,heap        ] GC(13) PSYoungGen: 9696K(9728K)->6112K(11264K) Eden: 4608K(4608K)->0K(5120K) From: 5088K(5120K)->6112K(6144K)
[0.270s][info][gc,heap        ] GC(13) ParOldGen: 6615K(10752K)->7983K(10752K)
[0.270s][info][gc,metaspace   ] GC(13) Metaspace: 6296K(6464K)->6296K(6464K) NonClass: 5762K(5824K)->5762K(5824K) Class: 533K(640K)->533K(640K)
[0.270s][info][gc             ] GC(13) Pause Young (Allocation Failure) 15M->13M(21M) 5.233ms
[0.270s][info][gc,cpu         ] GC(13) User=0.00s Sys=0.00s Real=0.00s
[0.274s][info][gc,start       ] GC(14) Pause Young (Allocation Failure)
[0.280s][info][gc,heap        ] GC(14) PSYoungGen: 11232K(11264K)->5216K(12800K) Eden: 5120K(5120K)->0K(5120K) From: 6112K(6144K)->5216K(7680K)
[0.280s][info][gc,heap        ] GC(14) ParOldGen: 7983K(10752K)->11591K(11776K)
[0.280s][info][gc,metaspace   ] GC(14) Metaspace: 6298K(6464K)->6298K(6464K) NonClass: 5764K(5824K)->5764K(5824K) Class: 533K(640K)->533K(640K)
[0.280s][info][gc             ] GC(14) Pause Young (Allocation Failure) 18M->16M(24M) 5.428ms
[0.280s][info][gc,cpu         ] GC(14) User=0.02s Sys=0.00s Real=0.01s
[0.280s][info][gc,start       ] GC(15) Pause Full (Ergonomics)
[0.280s][info][gc,phases,start] GC(15) Marking Phase
[0.287s][info][gc,phases      ] GC(15) Marking Phase 6.972ms
[0.287s][info][gc,phases,start] GC(15) Summary Phase
[0.287s][info][gc,phases      ] GC(15) Summary Phase 0.019ms
[0.287s][info][gc,phases,start] GC(15) Adjust Roots
[0.287s][info][gc,phases      ] GC(15) Adjust Roots 0.219ms
[0.287s][info][gc,phases,start] GC(15) Compaction Phase
[0.294s][info][gc,phases      ] GC(15) Compaction Phase 6.415ms
[0.294s][info][gc,phases,start] GC(15) Post Compact
[0.294s][info][gc,phases      ] GC(15) Post Compact 0.074ms
[0.294s][info][gc,heap        ] GC(15) PSYoungGen: 5216K(12800K)->5173K(12800K) Eden: 0K(5120K)->0K(5120K) From: 5216K(7680K)->5173K(7680K)
[0.294s][info][gc,heap        ] GC(15) ParOldGen: 11591K(11776K)->11477K(18432K)
[0.294s][info][gc,metaspace   ] GC(15) Metaspace: 6298K(6464K)->6298K(6464K) NonClass: 5764K(5824K)->5764K(5824K) Class: 533K(640K)->533K(640K)
[0.294s][info][gc             ] GC(15) Pause Full (Ergonomics) 16M->16M(30M) 14.006ms
[0.294s][info][gc,cpu         ] GC(15) User=0.02s Sys=0.00s Real=0.01s
[0.298s][info][gc,start       ] GC(16) Pause Young (Allocation Failure)
[0.304s][info][gc,heap        ] GC(16) PSYoungGen: 10293K(12800K)->2688K(14336K) Eden: 5120K(5120K)->0K(7168K) From: 5173K(7680K)->2688K(7168K)
[0.304s][info][gc,heap        ] GC(16) ParOldGen: 11477K(18432K)->16725K(18432K)
[0.304s][info][gc,metaspace   ] GC(16) Metaspace: 6298K(6464K)->6298K(6464K) NonClass: 5764K(5824K)->5764K(5824K) Class: 533K(640K)->533K(640K)
[0.304s][info][gc             ] GC(16) Pause Young (Allocation Failure) 21M->18M(32M) 5.864ms
[0.304s][info][gc,cpu         ] GC(16) User=0.00s Sys=0.00s Real=0.01s
[0.304s][info][gc,start       ] GC(17) Pause Full (Ergonomics)
[0.304s][info][gc,phases,start] GC(17) Marking Phase
[0.312s][info][gc,phases      ] GC(17) Marking Phase 8.137ms
[0.312s][info][gc,phases,start] GC(17) Summary Phase
[0.312s][info][gc,phases      ] GC(17) Summary Phase 0.018ms
[0.312s][info][gc,phases,start] GC(17) Adjust Roots
[0.313s][info][gc,phases      ] GC(17) Adjust Roots 0.220ms
[0.313s][info][gc,phases,start] GC(17) Compaction Phase
[0.319s][info][gc,phases      ] GC(17) Compaction Phase 5.829ms
[0.319s][info][gc,phases,start] GC(17) Post Compact
[0.319s][info][gc,phases      ] GC(17) Post Compact 0.086ms
[0.319s][info][gc,heap        ] GC(17) PSYoungGen: 2688K(14336K)->1105K(14848K) Eden: 0K(7168K)->0K(7680K) From: 2688K(7168K)->1105K(7168K)
[0.319s][info][gc,heap        ] GC(17) ParOldGen: 16725K(18432K)->18183K(27648K)
[0.319s][info][gc,metaspace   ] GC(17) Metaspace: 6298K(6464K)->6298K(6464K) NonClass: 5764K(5824K)->5764K(5824K) Class: 533K(640K)->533K(640K)
[0.319s][info][gc             ] GC(17) Pause Full (Ergonomics) 18M->18M(41M) 14.638ms
[0.319s][info][gc,cpu         ] GC(17) User=0.00s Sys=0.00s Real=0.01s
[0.323s][info][gc,start       ] GC(18) Pause Young (Allocation Failure)
[0.328s][info][gc,heap        ] GC(18) PSYoungGen: 7799K(14848K)->3456K(15360K) Eden: 6694K(7680K)->0K(7680K) From: 1105K(7168K)->3456K(7680K)
[0.328s][info][gc,heap        ] GC(18) ParOldGen: 18183K(27648K)->19311K(27648K)
[0.328s][info][gc,metaspace   ] GC(18) Metaspace: 6298K(6464K)->6298K(6464K) NonClass: 5764K(5824K)->5764K(5824K) Class: 533K(640K)->533K(640K)
[0.328s][info][gc             ] GC(18) Pause Young (Allocation Failure) 25M->22M(42M) 4.769ms
[0.328s][info][gc,cpu         ] GC(18) User=0.00s Sys=0.00s Real=0.01s
[0.335s][info][gc,start       ] GC(19) Pause Young (Allocation Failure)
[0.342s][info][gc,heap        ] GC(19) PSYoungGen: 11135K(15360K)->4512K(17920K) Eden: 7679K(7680K)->0K(10240K) From: 3456K(7680K)->4512K(7680K)
[0.342s][info][gc,heap        ] GC(19) ParOldGen: 19311K(27648K)->22767K(27648K)
[0.342s][info][gc,metaspace   ] GC(19) Metaspace: 6298K(6464K)->6298K(6464K) NonClass: 5764K(5824K)->5764K(5824K) Class: 533K(640K)->533K(640K)
[0.342s][info][gc             ] GC(19) Pause Young (Allocation Failure) 29M->26M(44M) 7.141ms
[0.342s][info][gc,cpu         ] GC(19) User=0.02s Sys=0.00s Real=0.01s
[0.348s][info][gc,start       ] GC(20) Pause Young (Allocation Failure)
[0.355s][info][gc,heap        ] GC(20) PSYoungGen: 14752K(17920K)->5312K(17920K) Eden: 10240K(10240K)->0K(10240K) From: 4512K(7680K)->5312K(7680K)
[0.355s][info][gc,heap        ] GC(20) ParOldGen: 22767K(27648K)->27295K(27648K)
[0.356s][info][gc,metaspace   ] GC(20) Metaspace: 6298K(6464K)->6298K(6464K) NonClass: 5764K(5824K)->5764K(5824K) Class: 533K(640K)->533K(640K)
[0.356s][info][gc             ] GC(20) Pause Young (Allocation Failure) 36M->31M(44M) 7.189ms
[0.356s][info][gc,cpu         ] GC(20) User=0.02s Sys=0.00s Real=0.01s
[0.356s][info][gc,start       ] GC(21) Pause Full (Ergonomics)
[0.356s][info][gc,phases,start] GC(21) Marking Phase
[0.369s][info][gc,phases      ] GC(21) Marking Phase 13.299ms
[0.369s][info][gc,phases,start] GC(21) Summary Phase
[0.369s][info][gc,phases      ] GC(21) Summary Phase 0.014ms
[0.369s][info][gc,phases,start] GC(21) Adjust Roots
[0.369s][info][gc,phases      ] GC(21) Adjust Roots 0.237ms
[0.369s][info][gc,phases,start] GC(21) Compaction Phase
[0.383s][info][gc,phases      ] GC(21) Compaction Phase 13.443ms
[0.383s][info][gc,phases,start] GC(21) Post Compact
[0.383s][info][gc,phases      ] GC(21) Post Compact 0.146ms
[0.383s][info][gc,heap        ] GC(21) PSYoungGen: 5312K(17920K)->4779K(17920K) Eden: 0K(10240K)->0K(10240K) From: 5312K(7680K)->4779K(7680K)
[0.383s][info][gc,heap        ] GC(21) ParOldGen: 27295K(27648K)->27139K(38912K)
[0.383s][info][gc,metaspace   ] GC(21) Metaspace: 6298K(6464K)->6298K(6464K) NonClass: 5764K(5824K)->5764K(5824K) Class: 533K(640K)->533K(640K)
[0.383s][info][gc             ] GC(21) Pause Full (Ergonomics) 31M->31M(55M) 27.664ms
[0.383s][info][gc,cpu         ] GC(21) User=0.00s Sys=0.00s Real=0.03s
[0.393s][info][gc,start       ] GC(22) Pause Young (Allocation Failure)
[0.405s][info][gc,heap        ] GC(22) PSYoungGen: 15019K(17920K)->8192K(17920K) Eden: 10240K(10240K)->0K(9728K) From: 4779K(7680K)->8192K(8192K)
[0.405s][info][gc,heap        ] GC(22) ParOldGen: 27139K(38912K)->32963K(38912K)
[0.405s][info][gc,metaspace   ] GC(22) Metaspace: 6298K(6464K)->6298K(6464K) NonClass: 5764K(5824K)->5764K(5824K) Class: 533K(640K)->533K(640K)
[0.405s][info][gc             ] GC(22) Pause Young (Allocation Failure) 41M->40M(55M) 12.418ms
[0.405s][info][gc,cpu         ] GC(22) User=0.02s Sys=0.00s Real=0.01s
[0.405s][info][gc,start       ] GC(23) Pause Full (Ergonomics)
[0.405s][info][gc,phases,start] GC(23) Marking Phase
[0.421s][info][gc,phases      ] GC(23) Marking Phase 16.253ms
[0.421s][info][gc,phases,start] GC(23) Summary Phase
[0.422s][info][gc,phases      ] GC(23) Summary Phase 0.020ms
[0.422s][info][gc,phases,start] GC(23) Adjust Roots
[0.422s][info][gc,phases      ] GC(23) Adjust Roots 0.182ms
[0.422s][info][gc,phases,start] GC(23) Compaction Phase
[0.433s][info][gc,phases      ] GC(23) Compaction Phase 11.070ms
[0.433s][info][gc,phases,start] GC(23) Post Compact
[0.433s][info][gc,phases      ] GC(23) Post Compact 0.201ms
[0.433s][info][gc,heap        ] GC(23) PSYoungGen: 8192K(17920K)->2555K(17920K) Eden: 0K(9728K)->0K(9728K) From: 8192K(8192K)->2555K(8192K)
[0.433s][info][gc,heap        ] GC(23) ParOldGen: 32963K(38912K)->38484K(52736K)
[0.433s][info][gc,metaspace   ] GC(23) Metaspace: 6298K(6464K)->6298K(6464K) NonClass: 5764K(5824K)->5764K(5824K) Class: 533K(640K)->533K(640K)
[0.433s][info][gc             ] GC(23) Pause Full (Ergonomics) 40M->40M(69M) 28.099ms
[0.433s][info][gc,cpu         ] GC(23) User=0.02s Sys=0.00s Real=0.03s
[0.445s][info][gc,start       ] GC(24) Pause Young (Allocation Failure)
[0.455s][info][gc,heap        ] GC(24) PSYoungGen: 12283K(17920K)->9728K(20992K) Eden: 9728K(9728K)->0K(9728K) From: 2555K(8192K)->9728K(11264K)
[0.455s][info][gc,heap        ] GC(24) ParOldGen: 38484K(52736K)->41084K(52736K)
[0.455s][info][gc,metaspace   ] GC(24) Metaspace: 6298K(6464K)->6298K(6464K) NonClass: 5764K(5824K)->5764K(5824K) Class: 533K(640K)->533K(640K)
[0.455s][info][gc             ] GC(24) Pause Young (Allocation Failure) 49M->49M(72M) 9.963ms
[0.455s][info][gc,cpu         ] GC(24) User=0.00s Sys=0.00s Real=0.01s
[0.464s][info][gc,start       ] GC(25) Pause Young (Allocation Failure)
[0.477s][info][gc,heap        ] GC(25) PSYoungGen: 19456K(20992K)->12768K(19968K) Eden: 9728K(9728K)->0K(7168K) From: 9728K(11264K)->12768K(12800K)
[0.477s][info][gc,heap        ] GC(25) ParOldGen: 41084K(52736K)->47852K(52736K)
[0.477s][info][gc,metaspace   ] GC(25) Metaspace: 6298K(6464K)->6298K(6464K) NonClass: 5764K(5824K)->5764K(5824K) Class: 533K(640K)->533K(640K)
[0.477s][info][gc             ] GC(25) Pause Young (Allocation Failure) 59M->59M(71M) 12.651ms
[0.477s][info][gc,cpu         ] GC(25) User=0.00s Sys=0.00s Real=0.01s
[0.477s][info][gc,start       ] GC(26) Pause Full (Ergonomics)
[0.477s][info][gc,phases,start] GC(26) Marking Phase
[0.500s][info][gc,phases      ] GC(26) Marking Phase 22.742ms
[0.500s][info][gc,phases,start] GC(26) Summary Phase
[0.500s][info][gc,phases      ] GC(26) Summary Phase 0.019ms
[0.500s][info][gc,phases,start] GC(26) Adjust Roots
[0.500s][info][gc,phases      ] GC(26) Adjust Roots 0.158ms
[0.500s][info][gc,phases,start] GC(26) Compaction Phase
[0.519s][info][gc,phases      ] GC(26) Compaction Phase 19.167ms
[0.519s][info][gc,phases,start] GC(26) Post Compact
[0.520s][info][gc,phases      ] GC(26) Post Compact 0.236ms
[0.520s][info][gc,heap        ] GC(26) PSYoungGen: 12768K(19968K)->7122K(19968K) Eden: 0K(7168K)->0K(7168K) From: 12768K(12800K)->7122K(12800K)
[0.520s][info][gc,heap        ] GC(26) ParOldGen: 47852K(52736K)->52294K(69120K)
[0.520s][info][gc,metaspace   ] GC(26) Metaspace: 6298K(6464K)->6298K(6464K) NonClass: 5764K(5824K)->5764K(5824K) Class: 533K(640K)->533K(640K)
[0.520s][info][gc             ] GC(26) Pause Full (Ergonomics) 59M->58M(87M) 42.754ms
[0.520s][info][gc,cpu         ] GC(26) User=0.03s Sys=0.00s Real=0.04s
[0.527s][info][gc,start       ] GC(27) Pause Young (Allocation Failure)
[0.540s][info][gc,heap        ] GC(27) PSYoungGen: 14290K(19968K)->7168K(24576K) Eden: 7168K(7168K)->0K(7168K) From: 7122K(12800K)->7168K(17408K)
[0.540s][info][gc,heap        ] GC(27) ParOldGen: 52294K(69120K)->59542K(69120K)
[0.540s][info][gc,metaspace   ] GC(27) Metaspace: 6298K(6464K)->6298K(6464K) NonClass: 5764K(5824K)->5764K(5824K) Class: 533K(640K)->533K(640K)
[0.540s][info][gc             ] GC(27) Pause Young (Allocation Failure) 65M->65M(91M) 13.570ms
[0.540s][info][gc,cpu         ] GC(27) User=0.00s Sys=0.00s Real=0.01s
[0.547s][info][gc,start       ] GC(28) Pause Young (Allocation Failure)
[0.558s][info][gc,heap        ] GC(28) PSYoungGen: 14336K(24576K)->14336K(23040K) Eden: 7168K(7168K)->0K(6656K) From: 7168K(17408K)->14336K(16384K)
[0.558s][info][gc,heap        ] GC(28) ParOldGen: 59542K(69120K)->59542K(69120K)
[0.558s][info][gc,metaspace   ] GC(28) Metaspace: 6298K(6464K)->6298K(6464K) NonClass: 5764K(5824K)->5764K(5824K) Class: 533K(640K)->533K(640K)
[0.558s][info][gc             ] GC(28) Pause Young (Allocation Failure) 72M->72M(90M) 10.325ms
[0.558s][info][gc,cpu         ] GC(28) User=0.00s Sys=0.02s Real=0.01s
[0.565s][info][gc,start       ] GC(29) Pause Young (Allocation Failure)
[0.579s][info][gc,heap        ] GC(29) PSYoungGen: 20992K(23040K)->13824K(25088K) Eden: 6656K(6656K)->0K(6656K) From: 14336K(16384K)->13824K(18432K)
[0.579s][info][gc,heap        ] GC(29) ParOldGen: 59542K(69120K)->66806K(69120K)
[0.579s][info][gc,metaspace   ] GC(29) Metaspace: 6298K(6464K)->6298K(6464K) NonClass: 5764K(5824K)->5764K(5824K) Class: 533K(640K)->533K(640K)
[0.579s][info][gc             ] GC(29) Pause Young (Allocation Failure) 78M->78M(92M) 13.506ms
[0.579s][info][gc,cpu         ] GC(29) User=0.00s Sys=0.00s Real=0.01s
[0.579s][info][gc,start       ] GC(30) Pause Full (Ergonomics)
[0.579s][info][gc,phases,start] GC(30) Marking Phase
[0.611s][info][gc,phases      ] GC(30) Marking Phase 31.992ms
[0.611s][info][gc,phases,start] GC(30) Summary Phase
[0.611s][info][gc,phases      ] GC(30) Summary Phase 0.020ms
[0.611s][info][gc,phases,start] GC(30) Adjust Roots
[0.611s][info][gc,phases      ] GC(30) Adjust Roots 0.162ms
[0.611s][info][gc,phases,start] GC(30) Compaction Phase
[0.629s][info][gc,phases      ] GC(30) Compaction Phase 18.365ms
[0.629s][info][gc,phases,start] GC(30) Post Compact
[0.630s][info][gc,phases      ] GC(30) Post Compact 0.358ms
[0.630s][info][gc,heap        ] GC(30) PSYoungGen: 13824K(25088K)->11209K(25088K) Eden: 0K(6656K)->0K(6656K) From: 13824K(18432K)->11209K(18432K)
[0.630s][info][gc,heap        ] GC(30) ParOldGen: 66806K(69120K)->69110K(89600K)
[0.630s][info][gc,metaspace   ] GC(30) Metaspace: 6298K(6464K)->6298K(6464K) NonClass: 5764K(5824K)->5764K(5824K) Class: 533K(640K)->533K(640K)
[0.630s][info][gc             ] GC(30) Pause Full (Ergonomics) 78M->78M(112M) 51.326ms
[0.630s][info][gc,cpu         ] GC(30) User=0.06s Sys=0.00s Real=0.05s
[0.637s][info][gc,start       ] GC(31) Pause Young (Allocation Failure)
[0.654s][info][gc,heap        ] GC(31) PSYoungGen: 17865K(25088K)->12000K(27648K) Eden: 6656K(6656K)->0K(8192K) From: 11209K(18432K)->12000K(19456K)
[0.654s][info][gc,heap        ] GC(31) ParOldGen: 69110K(89600K)->75118K(89600K)
[0.654s][info][gc,metaspace   ] GC(31) Metaspace: 6298K(6464K)->6298K(6464K) NonClass: 5764K(5824K)->5764K(5824K) Class: 533K(640K)->533K(640K)
[0.654s][info][gc             ] GC(31) Pause Young (Allocation Failure) 84M->85M(114M) 16.750ms
[0.654s][info][gc,cpu         ] GC(31) User=0.03s Sys=0.00s Real=0.02s
[0.669s][info][gc,start       ] GC(32) Pause Young (Allocation Failure)
[0.683s][info][gc,heap        ] GC(32) PSYoungGen: 20192K(27648K)->14848K(28160K) Eden: 8192K(8192K)->0K(8192K) From: 12000K(19456K)->14848K(19968K)
[0.683s][info][gc,heap        ] GC(32) ParOldGen: 75118K(89600K)->80518K(89600K)
[0.683s][info][gc,metaspace   ] GC(32) Metaspace: 6298K(6464K)->6298K(6464K) NonClass: 5764K(5824K)->5764K(5824K) Class: 533K(640K)->533K(640K)
[0.683s][info][gc             ] GC(32) Pause Young (Allocation Failure) 93M->93M(115M) 13.890ms
[0.683s][info][gc,cpu         ] GC(32) User=0.00s Sys=0.00s Real=0.01s
[0.683s][info][gc,start       ] GC(33) Pause Full (Ergonomics)
[0.683s][info][gc,phases,start] GC(33) Marking Phase
[0.718s][info][gc,phases      ] GC(33) Marking Phase 35.370ms
[0.718s][info][gc,phases,start] GC(33) Summary Phase
[0.718s][info][gc,phases      ] GC(33) Summary Phase 0.020ms
[0.718s][info][gc,phases,start] GC(33) Adjust Roots
[0.718s][info][gc,phases      ] GC(33) Adjust Roots 0.156ms
[0.718s][info][gc,phases,start] GC(33) Compaction Phase
[0.745s][info][gc,phases      ] GC(33) Compaction Phase 26.879ms
[0.745s][info][gc,phases,start] GC(33) Post Compact
[0.746s][info][gc,phases      ] GC(33) Post Compact 0.347ms
[0.746s][info][gc,heap        ] GC(33) PSYoungGen: 14848K(28160K)->3553K(28160K) Eden: 0K(8192K)->0K(8192K) From: 14848K(19968K)->3553K(19968K)
[0.746s][info][gc,heap        ] GC(33) ParOldGen: 80518K(89600K)->89522K(112128K)
[0.746s][info][gc,metaspace   ] GC(33) Metaspace: 6298K(6464K)->6298K(6464K) NonClass: 5764K(5824K)->5764K(5824K) Class: 533K(640K)->533K(640K)
[0.746s][info][gc             ] GC(33) Pause Full (Ergonomics) 93M->90M(137M) 63.145ms
[0.746s][info][gc,cpu         ] GC(33) User=0.09s Sys=0.00s Real=0.06s
[0.754s][info][gc,start       ] GC(34) Pause Young (Allocation Failure)
[0.767s][info][gc,heap        ] GC(34) PSYoungGen: 11745K(28160K)->10144K(29184K) Eden: 8192K(8192K)->0K(9728K) From: 3553K(19968K)->10144K(19456K)
[0.767s][info][gc,heap        ] GC(34) ParOldGen: 89522K(112128K)->91186K(112128K)
[0.767s][info][gc,metaspace   ] GC(34) Metaspace: 6298K(6464K)->6298K(6464K) NonClass: 5764K(5824K)->5764K(5824K) Class: 533K(640K)->533K(640K)
[0.767s][info][gc             ] GC(34) Pause Young (Allocation Failure) 98M->98M(138M) 13.345ms
[0.767s][info][gc,cpu         ] GC(34) User=0.02s Sys=0.00s Real=0.01s
[0.775s][info][gc,start       ] GC(35) Pause Young (Allocation Failure)
[0.786s][info][gc,heap        ] GC(35) PSYoungGen: 19872K(29184K)->19872K(30208K) Eden: 9728K(9728K)->0K(9728K) From: 10144K(19456K)->19872K(20480K)
[0.786s][info][gc,heap        ] GC(35) ParOldGen: 91186K(112128K)->91186K(112128K)
[0.786s][info][gc,metaspace   ] GC(35) Metaspace: 6298K(6464K)->6298K(6464K) NonClass: 5764K(5824K)->5764K(5824K) Class: 533K(640K)->533K(640K)
[0.786s][info][gc             ] GC(35) Pause Young (Allocation Failure) 108M->108M(139M) 10.450ms
[0.786s][info][gc,cpu         ] GC(35) User=0.02s Sys=0.00s Real=0.01s
[0.795s][info][gc,start       ] GC(36) Pause Young (Allocation Failure)
[0.811s][info][gc,heap        ] GC(36) PSYoungGen: 29600K(30208K)->23552K(29184K) Eden: 9728K(9728K)->0K(5632K) From: 19872K(20480K)->23552K(23552K)
[0.811s][info][gc,heap        ] GC(36) ParOldGen: 91186K(112128K)->97258K(112128K)
[0.811s][info][gc,metaspace   ] GC(36) Metaspace: 6298K(6464K)->6298K(6464K) NonClass: 5764K(5824K)->5764K(5824K) Class: 533K(640K)->533K(640K)
[0.811s][info][gc             ] GC(36) Pause Young (Allocation Failure) 117M->117M(138M) 15.968ms
[0.811s][info][gc,cpu         ] GC(36) User=0.02s Sys=0.00s Real=0.02s
[0.816s][info][gc,start       ] GC(37) Pause Young (Allocation Failure)
[0.830s][info][gc,heap        ] GC(37) PSYoungGen: 29184K(29184K)->19840K(34816K) Eden: 5632K(5632K)->0K(5632K) From: 23552K(23552K)->19840K(29184K)
[0.830s][info][gc,heap        ] GC(37) ParOldGen: 97258K(112128K)->106786K(112128K)
[0.830s][info][gc,metaspace   ] GC(37) Metaspace: 6298K(6464K)->6298K(6464K) NonClass: 5764K(5824K)->5764K(5824K) Class: 533K(640K)->533K(640K)
[0.830s][info][gc             ] GC(37) Pause Young (Allocation Failure) 123M->123M(143M) 14.101ms
[0.831s][info][gc,cpu         ] GC(37) User=0.00s Sys=0.02s Real=0.01s
[0.831s][info][gc,start       ] GC(38) Pause Full (Ergonomics)
[0.831s][info][gc,phases,start] GC(38) Marking Phase
[0.864s][info][gc,phases      ] GC(38) Marking Phase 33.255ms
[0.864s][info][gc,phases,start] GC(38) Summary Phase
[0.864s][info][gc,phases      ] GC(38) Summary Phase 0.018ms
[0.864s][info][gc,phases,start] GC(38) Adjust Roots
[0.864s][info][gc,phases      ] GC(38) Adjust Roots 0.148ms
[0.864s][info][gc,phases,start] GC(38) Compaction Phase
[0.883s][info][gc,phases      ] GC(38) Compaction Phase 18.724ms
[0.883s][info][gc,phases,start] GC(38) Post Compact
[0.884s][info][gc,phases      ] GC(38) Post Compact 0.608ms
[0.884s][info][gc,heap        ] GC(38) PSYoungGen: 19840K(34816K)->14113K(34816K) Eden: 0K(5632K)->0K(5632K) From: 19840K(29184K)->14113K(29184K)
[0.884s][info][gc,heap        ] GC(38) ParOldGen: 106786K(112128K)->112111K(137728K)
[0.884s][info][gc,metaspace   ] GC(38) Metaspace: 6298K(6464K)->6298K(6464K) NonClass: 5764K(5824K)->5764K(5824K) Class: 533K(640K)->533K(640K)
[0.884s][info][gc             ] GC(38) Pause Full (Ergonomics) 123M->123M(168M) 53.204ms
[0.884s][info][gc,cpu         ] GC(38) User=0.12s Sys=0.00s Real=0.05s
[0.889s][info][gc,start       ] GC(39) Pause Young (Allocation Failure)
[0.905s][info][gc,heap        ] GC(39) PSYoungGen: 19745K(34816K)->10016K(35328K) Eden: 5632K(5632K)->0K(7168K) From: 14113K(29184K)->10016K(28160K)
[0.906s][info][gc,heap        ] GC(39) ParOldGen: 112111K(137728K)->122055K(137728K)
[0.906s][info][gc,metaspace   ] GC(39) Metaspace: 6298K(6464K)->6298K(6464K) NonClass: 5764K(5824K)->5764K(5824K) Class: 533K(640K)->533K(640K)
[0.906s][info][gc             ] GC(39) Pause Young (Allocation Failure) 128M->128M(169M) 16.405ms
[0.906s][info][gc,cpu         ] GC(39) User=0.02s Sys=0.00s Real=0.02s
[0.912s][info][gc,start       ] GC(40) Pause Young (Allocation Failure)
[0.922s][info][gc,heap        ] GC(40) PSYoungGen: 17184K(35328K)->12832K(36352K) Eden: 7168K(7168K)->0K(7168K) From: 10016K(28160K)->12832K(29184K)
[0.922s][info][gc,heap        ] GC(40) ParOldGen: 122055K(137728K)->126479K(137728K)
[0.922s][info][gc,metaspace   ] GC(40) Metaspace: 6298K(6464K)->6298K(6464K) NonClass: 5764K(5824K)->5764K(5824K) Class: 533K(640K)->533K(640K)
[0.922s][info][gc             ] GC(40) Pause Young (Allocation Failure) 135M->136M(170M) 9.168ms
[0.922s][info][gc,cpu         ] GC(40) User=0.02s Sys=0.00s Real=0.01s
[0.922s][info][gc,start       ] GC(41) Pause Full (Ergonomics)
[0.922s][info][gc,phases,start] GC(41) Marking Phase
[0.955s][info][gc,phases      ] GC(41) Marking Phase 32.802ms
[0.955s][info][gc,phases,start] GC(41) Summary Phase
[0.955s][info][gc,phases      ] GC(41) Summary Phase 0.017ms
[0.955s][info][gc,phases,start] GC(41) Adjust Roots
[0.955s][info][gc,phases      ] GC(41) Adjust Roots 0.142ms
[0.955s][info][gc,phases,start] GC(41) Compaction Phase
[0.973s][info][gc,phases      ] GC(41) Compaction Phase 17.860ms
[0.973s][info][gc,phases,start] GC(41) Post Compact
[0.973s][info][gc,phases      ] GC(41) Post Compact 0.732ms
[0.974s][info][gc,heap        ] GC(41) PSYoungGen: 12832K(36352K)->1494K(36352K) Eden: 0K(7168K)->0K(7168K) From: 12832K(29184K)->1494K(29184K)
[0.974s][info][gc,heap        ] GC(41) ParOldGen: 126479K(137728K)->137465K(165888K)
[0.974s][info][gc,metaspace   ] GC(41) Metaspace: 6298K(6464K)->6298K(6464K) NonClass: 5764K(5824K)->5764K(5824K) Class: 533K(640K)->533K(640K)
[0.974s][info][gc             ] GC(41) Pause Full (Ergonomics) 136M->135M(197M) 52.159ms
[0.974s][info][gc,cpu         ] GC(41) User=0.19s Sys=0.00s Real=0.05s
[0.981s][info][gc,start       ] GC(42) Pause Young (Allocation Failure)
[0.993s][info][gc,heap        ] GC(42) PSYoungGen: 8662K(36352K)->8512K(34304K) Eden: 7168K(7168K)->0K(8704K) From: 1494K(29184K)->8512K(25600K)
[0.993s][info][gc,heap        ] GC(42) ParOldGen: 137465K(165888K)->137705K(165888K)
[0.993s][info][gc,metaspace   ] GC(42) Metaspace: 6298K(6464K)->6298K(6464K) NonClass: 5764K(5824K)->5764K(5824K) Class: 533K(640K)->533K(640K)
[0.993s][info][gc             ] GC(42) Pause Young (Allocation Failure) 142M->142M(195M) 12.280ms
[0.993s][info][gc,cpu         ] GC(42) User=0.00s Sys=0.00s Real=0.01s
[1.002s][info][gc,start       ] GC(43) Pause Young (Allocation Failure)
[1.012s][info][gc,heap        ] GC(43) PSYoungGen: 17216K(34304K)->17184K(35328K) Eden: 8704K(8704K)->0K(8704K) From: 8512K(25600K)->17184K(26624K)
[1.012s][info][gc,heap        ] GC(43) ParOldGen: 137705K(165888K)->137705K(165888K)
[1.012s][info][gc,metaspace   ] GC(43) Metaspace: 6298K(6464K)->6298K(6464K) NonClass: 5764K(5824K)->5764K(5824K) Class: 533K(640K)->533K(640K)
[1.012s][info][gc             ] GC(43) Pause Young (Allocation Failure) 151M->151M(196M) 10.478ms
[1.012s][info][gc,cpu         ] GC(43) User=0.00s Sys=0.00s Real=0.01s
[1.021s][info][gc,start       ] GC(44) Pause Young (Allocation Failure)
[1.033s][info][gc,heap        ] GC(44) PSYoungGen: 25888K(35328K)->25856K(33792K) Eden: 8704K(8704K)->0K(6656K) From: 17184K(26624K)->25856K(27136K)
[1.033s][info][gc,heap        ] GC(44) ParOldGen: 137705K(165888K)->137705K(165888K)
[1.033s][info][gc,metaspace   ] GC(44) Metaspace: 6298K(6464K)->6298K(6464K) NonClass: 5764K(5824K)->5764K(5824K) Class: 533K(640K)->533K(640K)
[1.033s][info][gc             ] GC(44) Pause Young (Allocation Failure) 159M->159M(195M) 12.680ms
[1.033s][info][gc,cpu         ] GC(44) User=0.02s Sys=0.00s Real=0.01s
[1.040s][info][gc,start       ] GC(45) Pause Young (Allocation Failure)
[1.054s][info][gc,heap        ] GC(45) PSYoungGen: 32512K(33792K)->30720K(37376K) Eden: 6656K(6656K)->0K(6656K) From: 25856K(27136K)->30720K(30720K)
[1.054s][info][gc,heap        ] GC(45) ParOldGen: 137705K(165888K)->139457K(165888K)
[1.054s][info][gc,metaspace   ] GC(45) Metaspace: 6298K(6464K)->6298K(6464K) NonClass: 5764K(5824K)->5764K(5824K) Class: 533K(640K)->533K(640K)
[1.054s][info][gc             ] GC(45) Pause Young (Allocation Failure) 166M->166M(198M) 14.280ms
[1.054s][info][gc,cpu         ] GC(45) User=0.02s Sys=0.00s Real=0.01s
[1.061s][info][gc,start       ] GC(46) Pause Young (Allocation Failure)
[1.078s][info][gc,heap        ] GC(46) PSYoungGen: 37376K(37376K)->21696K(44032K) Eden: 6656K(6656K)->0K(8192K) From: 30720K(30720K)->21696K(35840K)
[1.079s][info][gc,heap        ] GC(46) ParOldGen: 139457K(165888K)->155393K(165888K)
[1.079s][info][gc,metaspace   ] GC(46) Metaspace: 6298K(6464K)->6298K(6464K) NonClass: 5764K(5824K)->5764K(5824K) Class: 533K(640K)->533K(640K)
[1.079s][info][gc             ] GC(46) Pause Young (Allocation Failure) 172M->172M(205M) 17.293ms
[1.079s][info][gc,cpu         ] GC(46) User=0.03s Sys=0.00s Real=0.02s
[1.079s][info][gc,start       ] GC(47) Pause Full (Ergonomics)
[1.079s][info][gc,phases,start] GC(47) Marking Phase
[1.125s][info][gc,phases      ] GC(47) Marking Phase 46.294ms
[1.125s][info][gc,phases,start] GC(47) Summary Phase
[1.125s][info][gc,phases      ] GC(47) Summary Phase 0.023ms
[1.125s][info][gc,phases,start] GC(47) Adjust Roots
[1.125s][info][gc,phases      ] GC(47) Adjust Roots 0.140ms
[1.125s][info][gc,phases,start] GC(47) Compaction Phase
[1.148s][info][gc,phases      ] GC(47) Compaction Phase 22.886ms
[1.148s][info][gc,phases,start] GC(47) Post Compact
[1.149s][info][gc,phases      ] GC(47) Post Compact 0.902ms
[1.149s][info][gc,heap        ] GC(47) PSYoungGen: 21696K(44032K)->10874K(44032K) Eden: 0K(8192K)->0K(8192K) From: 21696K(35840K)->10874K(35840K)
[1.149s][info][gc,heap        ] GC(47) ParOldGen: 155393K(165888K)->165814K(199168K)
[1.149s][info][gc,metaspace   ] GC(47) Metaspace: 6298K(6464K)->6298K(6464K) NonClass: 5764K(5824K)->5764K(5824K) Class: 533K(640K)->533K(640K)
[1.149s][info][gc             ] GC(47) Pause Full (Ergonomics) 172M->172M(237M) 70.745ms
[1.149s][info][gc,cpu         ] GC(47) User=0.14s Sys=0.02s Real=0.07s
[1.180s][info][gc,start       ] GC(48) Pause Young (Allocation Failure)
[1.198s][info][gc,heap        ] GC(48) PSYoungGen: 19066K(44032K)->11904K(44032K) Eden: 8192K(8192K)->0K(8192K) From: 10874K(35840K)->11904K(35840K)
[1.198s][info][gc,heap        ] GC(48) ParOldGen: 174006K(199168K)->181342K(199168K)
[1.198s][info][gc,metaspace   ] GC(48) Metaspace: 6298K(6464K)->6298K(6464K) NonClass: 5764K(5824K)->5764K(5824K) Class: 533K(640K)->533K(640K)
[1.198s][info][gc             ] GC(48) Pause Young (Allocation Failure) 188M->188M(237M) 18.319ms
[1.198s][info][gc,cpu         ] GC(48) User=0.09s Sys=0.00s Real=0.02s
[1.206s][info][gc,start       ] GC(49) Pause Young (Allocation Failure)
[1.216s][info][gc,heap        ] GC(49) PSYoungGen: 20096K(44032K)->16480K(41472K) Eden: 8192K(8192K)->0K(9728K) From: 11904K(35840K)->16480K(31744K)
[1.216s][info][gc,heap        ] GC(49) ParOldGen: 181342K(199168K)->185086K(199168K)
[1.216s][info][gc,metaspace   ] GC(49) Metaspace: 6298K(6464K)->6298K(6464K) NonClass: 5764K(5824K)->5764K(5824K) Class: 533K(640K)->533K(640K)
[1.216s][info][gc             ] GC(49) Pause Young (Allocation Failure) 196M->196M(235M) 10.259ms
[1.216s][info][gc,cpu         ] GC(49) User=0.00s Sys=0.00s Real=0.01s
[1.225s][info][gc,start       ] GC(50) Pause Young (Allocation Failure)
[1.237s][info][gc,heap        ] GC(50) PSYoungGen: 26208K(41472K)->17984K(43008K) Eden: 9728K(9728K)->0K(9728K) From: 16480K(31744K)->17984K(33280K)
[1.237s][info][gc,heap        ] GC(50) ParOldGen: 185086K(199168K)->193390K(199168K)
[1.238s][info][gc,metaspace   ] GC(50) Metaspace: 6298K(6464K)->6298K(6464K) NonClass: 5764K(5824K)->5764K(5824K) Class: 533K(640K)->533K(640K)
[1.238s][info][gc             ] GC(50) Pause Young (Allocation Failure) 206M->206M(236M) 12.664ms
[1.238s][info][gc,cpu         ] GC(50) User=0.02s Sys=0.00s Real=0.01s
[1.238s][info][gc,start       ] GC(51) Pause Full (Ergonomics)
[1.238s][info][gc,phases,start] GC(51) Marking Phase
[1.292s][info][gc,phases      ] GC(51) Marking Phase 54.739ms
[1.292s][info][gc,phases,start] GC(51) Summary Phase
[1.292s][info][gc,phases      ] GC(51) Summary Phase 0.017ms
[1.292s][info][gc,phases,start] GC(51) Adjust Roots
[1.293s][info][gc,phases      ] GC(51) Adjust Roots 0.143ms
[1.293s][info][gc,phases,start] GC(51) Compaction Phase
[1.333s][info][gc,phases      ] GC(51) Compaction Phase 40.180ms
[1.333s][info][gc,phases,start] GC(51) Post Compact
[1.334s][info][gc,phases      ] GC(51) Post Compact 0.945ms
[1.334s][info][gc,heap        ] GC(51) PSYoungGen: 17984K(43008K)->7643K(43008K) Eden: 0K(9728K)->0K(9728K) From: 17984K(33280K)->7643K(33280K)
[1.334s][info][gc,heap        ] GC(51) ParOldGen: 193390K(199168K)->199166K(233984K)
[1.334s][info][gc,metaspace   ] GC(51) Metaspace: 6298K(6464K)->6298K(6464K) NonClass: 5764K(5824K)->5764K(5824K) Class: 533K(640K)->533K(640K)
[1.334s][info][gc             ] GC(51) Pause Full (Ergonomics) 206M->201M(270M) 96.479ms
[1.334s][info][gc,cpu         ] GC(51) User=0.28s Sys=0.03s Real=0.10s
[1.346s][info][gc,start       ] GC(52) Pause Young (Allocation Failure)
[1.365s][info][gc,heap        ] GC(52) PSYoungGen: 17371K(43008K)->9792K(42496K) Eden: 9728K(9728K)->0K(11264K) From: 7643K(33280K)->9792K(31232K)
[1.365s][info][gc,heap        ] GC(52) ParOldGen: 199166K(233984K)->206942K(233984K)
[1.365s][info][gc,metaspace   ] GC(52) Metaspace: 6298K(6464K)->6298K(6464K) NonClass: 5764K(5824K)->5764K(5824K) Class: 533K(640K)->533K(640K)
[1.365s][info][gc             ] GC(52) Pause Young (Allocation Failure) 211M->211M(270M) 19.164ms
[1.365s][info][gc,cpu         ] GC(52) User=0.09s Sys=0.00s Real=0.02s
[1.376s][info][gc,start       ] GC(53) Pause Young (Allocation Failure)
[1.387s][info][gc,heap        ] GC(53) PSYoungGen: 21056K(42496K)->21056K(43008K) Eden: 11264K(11264K)->0K(11264K) From: 9792K(31232K)->21056K(31744K)
[1.388s][info][gc,heap        ] GC(53) ParOldGen: 206942K(233984K)->206942K(233984K)
[1.388s][info][gc,metaspace   ] GC(53) Metaspace: 6298K(6464K)->6298K(6464K) NonClass: 5764K(5824K)->5764K(5824K) Class: 533K(640K)->533K(640K)
[1.388s][info][gc             ] GC(53) Pause Young (Allocation Failure) 222M->222M(270M) 11.126ms
[1.388s][info][gc,cpu         ] GC(53) User=0.02s Sys=0.00s Real=0.01s
[1.400s][info][gc,start       ] GC(54) Pause Young (Allocation Failure)
[1.415s][info][gc,heap        ] GC(54) PSYoungGen: 32320K(43008K)->22624K(44544K) Eden: 11264K(11264K)->0K(12288K) From: 21056K(31744K)->22624K(32256K)
[1.415s][info][gc,heap        ] GC(54) ParOldGen: 206942K(233984K)->216814K(233984K)
[1.415s][info][gc,metaspace   ] GC(54) Metaspace: 6298K(6464K)->6298K(6464K) NonClass: 5764K(5824K)->5764K(5824K) Class: 533K(640K)->533K(640K)
[1.415s][info][gc             ] GC(54) Pause Young (Allocation Failure) 233M->233M(272M) 15.240ms
[1.415s][info][gc,cpu         ] GC(54) User=0.02s Sys=0.00s Real=0.02s
[1.429s][info][gc,start       ] GC(55) Pause Young (Allocation Failure)
[1.446s][info][gc,heap        ] GC(55) PSYoungGen: 34912K(44544K)->23616K(45056K) Eden: 12288K(12288K)->0K(12288K) From: 22624K(32256K)->23616K(32768K)
[1.446s][info][gc,heap        ] GC(55) ParOldGen: 216814K(233984K)->228246K(233984K)
[1.446s][info][gc,metaspace   ] GC(55) Metaspace: 6298K(6464K)->6298K(6464K) NonClass: 5764K(5824K)->5764K(5824K) Class: 533K(640K)->533K(640K)
[1.446s][info][gc             ] GC(55) Pause Young (Allocation Failure) 245M->245M(272M) 17.025ms
[1.446s][info][gc,cpu         ] GC(55) User=0.03s Sys=0.00s Real=0.02s
[1.446s][info][gc,start       ] GC(56) Pause Full (Ergonomics)
[1.446s][info][gc,phases,start] GC(56) Marking Phase
[1.504s][info][gc,phases      ] GC(56) Marking Phase 58.335ms
[1.504s][info][gc,phases,start] GC(56) Summary Phase
[1.504s][info][gc,phases      ] GC(56) Summary Phase 0.018ms
[1.505s][info][gc,phases,start] GC(56) Adjust Roots
[1.505s][info][gc,phases      ] GC(56) Adjust Roots 0.194ms
[1.505s][info][gc,phases,start] GC(56) Compaction Phase
[1.537s][info][gc,phases      ] GC(56) Compaction Phase 32.367ms
[1.537s][info][gc,phases,start] GC(56) Post Compact
[1.538s][info][gc,phases      ] GC(56) Post Compact 1.122ms
[1.539s][info][gc,heap        ] GC(56) PSYoungGen: 23616K(45056K)->17356K(45056K) Eden: 0K(12288K)->0K(12288K) From: 23616K(32768K)->17356K(32768K)
[1.539s][info][gc,heap        ] GC(56) ParOldGen: 228246K(233984K)->233875K(272896K)
[1.539s][info][gc,metaspace   ] GC(56) Metaspace: 6298K(6464K)->6298K(6464K) NonClass: 5764K(5824K)->5764K(5824K) Class: 533K(640K)->533K(640K)
[1.539s][info][gc             ] GC(56) Pause Full (Ergonomics) 245M->245M(310M) 92.499ms
[1.539s][info][gc,cpu         ] GC(56) User=0.47s Sys=0.00s Real=0.09s
[1.553s][info][gc,start       ] GC(57) Pause Young (Allocation Failure)
[1.578s][info][gc,heap        ] GC(57) PSYoungGen: 29644K(45056K)->21568K(47104K) Eden: 12288K(12288K)->0K(13824K) From: 17356K(32768K)->21568K(33280K)
[1.578s][info][gc,heap        ] GC(57) ParOldGen: 233875K(272896K)->242211K(272896K)
[1.578s][info][gc,metaspace   ] GC(57) Metaspace: 6298K(6464K)->6298K(6464K) NonClass: 5764K(5824K)->5764K(5824K) Class: 533K(640K)->533K(640K)
[1.578s][info][gc             ] GC(57) Pause Young (Allocation Failure) 257M->257M(312M) 24.767ms
[1.578s][info][gc,cpu         ] GC(57) User=0.12s Sys=0.00s Real=0.02s
[1.593s][info][gc,start       ] GC(58) Pause Young (Allocation Failure)
[1.610s][info][gc,heap        ] GC(58) PSYoungGen: 35392K(47104K)->33792K(47616K) Eden: 13824K(13824K)->0K(13824K) From: 21568K(33280K)->33792K(33792K)
[1.610s][info][gc,heap        ] GC(58) ParOldGen: 242211K(272896K)->243731K(272896K)
[1.610s][info][gc,metaspace   ] GC(58) Metaspace: 6298K(6464K)->6298K(6464K) NonClass: 5764K(5824K)->5764K(5824K) Class: 533K(640K)->533K(640K)
[1.610s][info][gc             ] GC(58) Pause Young (Allocation Failure) 271M->271M(313M) 17.431ms
[1.610s][info][gc,cpu         ] GC(58) User=0.03s Sys=0.00s Real=0.02s
[1.626s][info][gc,start       ] GC(59) Pause Young (Allocation Failure)
[1.648s][info][gc,heap        ] GC(59) PSYoungGen: 47616K(47616K)->27328K(53760K) Eden: 13824K(13824K)->0K(14848K) From: 33792K(33792K)->27328K(38912K)
[1.648s][info][gc,heap        ] GC(59) ParOldGen: 243731K(272896K)->264411K(272896K)
[1.648s][info][gc,metaspace   ] GC(59) Metaspace: 6298K(6464K)->6298K(6464K) NonClass: 5764K(5824K)->5764K(5824K) Class: 533K(640K)->533K(640K)
[1.648s][info][gc             ] GC(59) Pause Young (Allocation Failure) 284M->284M(319M) 22.284ms
[1.649s][info][gc,cpu         ] GC(59) User=0.08s Sys=0.02s Real=0.02s
[1.649s][info][gc,start       ] GC(60) Pause Full (Ergonomics)
[1.649s][info][gc,phases,start] GC(60) Marking Phase
[1.712s][info][gc,phases      ] GC(60) Marking Phase 63.487ms
[1.712s][info][gc,phases,start] GC(60) Summary Phase
[1.712s][info][gc,phases      ] GC(60) Summary Phase 0.018ms
[1.712s][info][gc,phases,start] GC(60) Adjust Roots
[1.712s][info][gc,phases      ] GC(60) Adjust Roots 0.148ms
[1.712s][info][gc,phases,start] GC(60) Compaction Phase
[1.742s][info][gc,phases      ] GC(60) Compaction Phase 30.133ms
[1.743s][info][gc,phases,start] GC(60) Post Compact
[1.744s][info][gc,phases      ] GC(60) Post Compact 1.334ms
[1.744s][info][gc,heap        ] GC(60) PSYoungGen: 27328K(53760K)->18459K(53760K) Eden: 0K(14848K)->0K(14848K) From: 27328K(38912K)->18459K(38912K)
[1.744s][info][gc,heap        ] GC(60) ParOldGen: 264411K(272896K)->272609K(318464K)
[1.744s][info][gc,metaspace   ] GC(60) Metaspace: 6298K(6464K)->6298K(6464K) NonClass: 5764K(5824K)->5764K(5824K) Class: 533K(640K)->533K(640K)
[1.744s][info][gc             ] GC(60) Pause Full (Ergonomics) 284M->284M(363M) 95.604ms
[1.744s][info][gc,cpu         ] GC(60) User=0.41s Sys=0.03s Real=0.10s
[1.762s][info][gc,start       ] GC(61) Pause Young (Allocation Failure)
[1.788s][info][gc,heap        ] GC(61) PSYoungGen: 33307K(53760K)->24416K(54272K) Eden: 14848K(14848K)->0K(14848K) From: 18459K(38912K)->24416K(39424K)
[1.788s][info][gc,heap        ] GC(61) ParOldGen: 272609K(318464K)->281833K(318464K)
[1.788s][info][gc,metaspace   ] GC(61) Metaspace: 6298K(6464K)->6298K(6464K) NonClass: 5764K(5824K)->5764K(5824K) Class: 533K(640K)->533K(640K)
[1.788s][info][gc             ] GC(61) Pause Young (Allocation Failure) 298M->299M(364M) 25.977ms
[1.788s][info][gc,cpu         ] GC(61) User=0.12s Sys=0.00s Real=0.03s
[1.805s][info][gc,start       ] GC(62) Pause Young (Allocation Failure)
[1.824s][info][gc,heap        ] GC(62) PSYoungGen: 39264K(54272K)->39200K(51712K) Eden: 14848K(14848K)->0K(12288K) From: 24416K(39424K)->39200K(39424K)
[1.824s][info][gc,heap        ] GC(62) ParOldGen: 281833K(318464K)->281833K(318464K)
[1.824s][info][gc,metaspace   ] GC(62) Metaspace: 6298K(6464K)->6298K(6464K) NonClass: 5764K(5824K)->5764K(5824K) Class: 533K(640K)->533K(640K)
[1.824s][info][gc             ] GC(62) Pause Young (Allocation Failure) 313M->313M(361M) 19.512ms
[1.824s][info][gc,cpu         ] GC(62) User=0.11s Sys=0.02s Real=0.02s
[1.838s][info][gc,start       ] GC(63) Pause Young (Allocation Failure)
[1.861s][info][gc,heap        ] GC(63) PSYoungGen: 51488K(51712K)->42144K(56320K) Eden: 12288K(12288K)->0K(12288K) From: 39200K(39424K)->42144K(44032K)
[1.861s][info][gc,heap        ] GC(63) ParOldGen: 281833K(318464K)->291377K(318464K)
[1.861s][info][gc,metaspace   ] GC(63) Metaspace: 6298K(6464K)->6298K(6464K) NonClass: 5764K(5824K)->5764K(5824K) Class: 533K(640K)->533K(640K)
[1.861s][info][gc             ] GC(63) Pause Young (Allocation Failure) 325M->325M(366M) 23.046ms
[1.861s][info][gc,cpu         ] GC(63) User=0.25s Sys=0.00s Real=0.02s
[1.875s][info][gc,start       ] GC(64) Pause Young (Allocation Failure)
[1.900s][info][gc,heap        ] GC(64) PSYoungGen: 54432K(56320K)->39520K(60416K) Eden: 12288K(12288K)->0K(11264K) From: 42144K(44032K)->39520K(49152K)
[1.900s][info][gc,heap        ] GC(64) ParOldGen: 291377K(318464K)->306433K(318464K)
[1.900s][info][gc,metaspace   ] GC(64) Metaspace: 6298K(6464K)->6298K(6464K) NonClass: 5764K(5824K)->5764K(5824K) Class: 533K(640K)->533K(640K)
[1.900s][info][gc             ] GC(64) Pause Young (Allocation Failure) 337M->337M(370M) 25.405ms
[1.900s][info][gc,cpu         ] GC(64) User=0.11s Sys=0.00s Real=0.03s
[1.900s][info][gc,start       ] GC(65) Pause Full (Ergonomics)
[1.900s][info][gc,phases,start] GC(65) Marking Phase
[1.971s][info][gc,phases      ] GC(65) Marking Phase 71.092ms
[1.971s][info][gc,phases,start] GC(65) Summary Phase
[1.971s][info][gc,phases      ] GC(65) Summary Phase 0.027ms
[1.971s][info][gc,phases,start] GC(65) Adjust Roots
[1.971s][info][gc,phases      ] GC(65) Adjust Roots 0.198ms
[1.971s][info][gc,phases,start] GC(65) Compaction Phase
[2.010s][info][gc,phases      ] GC(65) Compaction Phase 38.095ms
[2.010s][info][gc,phases,start] GC(65) Post Compact
[2.011s][info][gc,phases      ] GC(65) Post Compact 1.559ms
[2.011s][info][gc,heap        ] GC(65) PSYoungGen: 39520K(60416K)->27068K(60416K) Eden: 0K(11264K)->0K(11264K) From: 39520K(49152K)->27068K(49152K)
[2.011s][info][gc,heap        ] GC(65) ParOldGen: 306433K(318464K)->318149K(366592K)
[2.011s][info][gc,metaspace   ] GC(65) Metaspace: 6298K(6464K)->6298K(6464K) NonClass: 5764K(5824K)->5764K(5824K) Class: 533K(640K)->533K(640K)
[2.011s][info][gc             ] GC(65) Pause Full (Ergonomics) 337M->337M(417M) 111.490ms
[2.012s][info][gc,cpu         ] GC(65) User=0.77s Sys=0.00s Real=0.11s
[2.103s][info][gc,start       ] GC(66) Pause Young (Allocation Failure)
[2.133s][info][gc,heap        ] GC(66) PSYoungGen: 38332K(60416K)->20064K(63488K) Eden: 11264K(11264K)->0K(11264K) From: 27068K(49152K)->20064K(52224K)
[2.134s][info][gc,heap        ] GC(66) ParOldGen: 334533K(366592K)->353181K(366592K)
[2.134s][info][gc,metaspace   ] GC(66) Metaspace: 6298K(6464K)->6298K(6464K) NonClass: 5764K(5824K)->5764K(5824K) Class: 533K(640K)->533K(640K)
[2.134s][info][gc             ] GC(66) Pause Young (Allocation Failure) 364M->364M(420M) 30.936ms
[2.134s][info][gc,cpu         ] GC(66) User=0.12s Sys=0.02s Real=0.03s
[2.134s][info][gc,start       ] GC(67) Pause Full (Ergonomics)
[2.134s][info][gc,phases,start] GC(67) Marking Phase
[2.215s][info][gc,phases      ] GC(67) Marking Phase 81.406ms
[2.215s][info][gc,phases,start] GC(67) Summary Phase
[2.215s][info][gc,phases      ] GC(67) Summary Phase 0.024ms
[2.215s][info][gc,phases,start] GC(67) Adjust Roots
[2.215s][info][gc,phases      ] GC(67) Adjust Roots 0.149ms
[2.215s][info][gc,phases,start] GC(67) Compaction Phase
[2.276s][info][gc,phases      ] GC(67) Compaction Phase 60.820ms
[2.276s][info][gc,phases,start] GC(67) Post Compact
[2.278s][info][gc,phases      ] GC(67) Post Compact 1.833ms
[2.278s][info][gc,heap        ] GC(67) PSYoungGen: 20064K(63488K)->0K(63488K) Eden: 0K(11264K)->0K(12800K) From: 20064K(52224K)->0K(50688K)
[2.278s][info][gc,heap        ] GC(67) ParOldGen: 353181K(366592K)->364638K(418816K)
[2.278s][info][gc,metaspace   ] GC(67) Metaspace: 6298K(6464K)->6298K(6464K) NonClass: 5764K(5824K)->5764K(5824K) Class: 533K(640K)->533K(640K)
[2.278s][info][gc             ] GC(67) Pause Full (Ergonomics) 364M->356M(471M) 144.732ms
[2.278s][info][gc,cpu         ] GC(67) User=1.03s Sys=0.00s Real=0.14s
[2.292s][info][gc,start       ] GC(68) Pause Young (Allocation Failure)
[2.301s][info][gc,heap        ] GC(68) PSYoungGen: 12800K(63488K)->12960K(63488K) Eden: 12800K(12800K)->0K(12800K) From: 0K(50688K)->12960K(50688K)
[2.301s][info][gc,heap        ] GC(68) ParOldGen: 364638K(418816K)->364638K(418816K)
[2.301s][info][gc,metaspace   ] GC(68) Metaspace: 6298K(6464K)->6298K(6464K) NonClass: 5764K(5824K)->5764K(5824K) Class: 533K(640K)->533K(640K)
[2.301s][info][gc             ] GC(68) Pause Young (Allocation Failure) 368M->368M(471M) 8.918ms
[2.301s][info][gc,cpu         ] GC(68) User=0.00s Sys=0.00s Real=0.01s
[2.315s][info][gc,start       ] GC(69) Pause Young (Allocation Failure)
[2.328s][info][gc,heap        ] GC(69) PSYoungGen: 25760K(63488K)->25728K(60928K) Eden: 12800K(12800K)->0K(14336K) From: 12960K(50688K)->25728K(46592K)
[2.328s][info][gc,heap        ] GC(69) ParOldGen: 364638K(418816K)->364638K(418816K)
[2.328s][info][gc,metaspace   ] GC(69) Metaspace: 6298K(6464K)->6298K(6464K) NonClass: 5764K(5824K)->5764K(5824K) Class: 533K(640K)->533K(640K)
[2.328s][info][gc             ] GC(69) Pause Young (Allocation Failure) 381M->381M(468M) 13.036ms
[2.328s][info][gc,cpu         ] GC(69) User=0.02s Sys=0.00s Real=0.01s
[2.342s][info][gc,start       ] GC(70) Pause Young (Allocation Failure)
[2.360s][info][gc,heap        ] GC(70) PSYoungGen: 40064K(60928K)->40032K(62976K) Eden: 14336K(14336K)->0K(14336K) From: 25728K(46592K)->40032K(48640K)
[2.360s][info][gc,heap        ] GC(70) ParOldGen: 364638K(418816K)->364638K(418816K)
[2.361s][info][gc,metaspace   ] GC(70) Metaspace: 6298K(6464K)->6298K(6464K) NonClass: 5764K(5824K)->5764K(5824K) Class: 533K(640K)->533K(640K)
[2.361s][info][gc             ] GC(70) Pause Young (Allocation Failure) 395M->395M(470M) 18.922ms
[2.361s][info][gc,cpu         ] GC(70) User=0.12s Sys=0.00s Real=0.02s
[2.375s][info][gc,start       ] GC(71) Pause Young (Allocation Failure)
[2.400s][info][gc,heap        ] GC(71) PSYoungGen: 54368K(62976K)->51712K(59392K) Eden: 14336K(14336K)->0K(7680K) From: 40032K(48640K)->51712K(51712K)
[2.400s][info][gc,heap        ] GC(71) ParOldGen: 364638K(418816K)->367262K(418816K)
[2.400s][info][gc,metaspace   ] GC(71) Metaspace: 6298K(6464K)->6298K(6464K) NonClass: 5764K(5824K)->5764K(5824K) Class: 533K(640K)->533K(640K)
[2.400s][info][gc             ] GC(71) Pause Young (Allocation Failure) 409M->409M(467M) 24.739ms
[2.400s][info][gc,cpu         ] GC(71) User=0.11s Sys=0.02s Real=0.03s
[2.407s][info][gc,start       ] GC(72) Pause Young (Allocation Failure)
[2.433s][info][gc,heap        ] GC(72) PSYoungGen: 59392K(59392K)->46848K(67584K) Eden: 7680K(7680K)->0K(7680K) From: 51712K(51712K)->46848K(59904K)
[2.433s][info][gc,heap        ] GC(72) ParOldGen: 367262K(418816K)->380078K(418816K)
[2.433s][info][gc,metaspace   ] GC(72) Metaspace: 6298K(6464K)->6298K(6464K) NonClass: 5764K(5824K)->5764K(5824K) Class: 533K(640K)->533K(640K)
[2.433s][info][gc             ] GC(72) Pause Young (Allocation Failure) 416M->416M(475M) 25.643ms
[2.433s][info][gc,cpu         ] GC(72) User=0.14s Sys=0.00s Real=0.03s
[2.441s][info][gc,start       ] GC(73) Pause Young (Allocation Failure)
[2.466s][info][gc,heap        ] GC(73) PSYoungGen: 54528K(67584K)->29120K(66560K) Eden: 7680K(7680K)->0K(9216K) From: 46848K(59904K)->29120K(57344K)
[2.466s][info][gc,heap        ] GC(73) ParOldGen: 380078K(418816K)->405838K(418816K)
[2.466s][info][gc,metaspace   ] GC(73) Metaspace: 6298K(6464K)->6298K(6464K) NonClass: 5764K(5824K)->5764K(5824K) Class: 533K(640K)->533K(640K)
[2.466s][info][gc             ] GC(73) Pause Young (Allocation Failure) 424M->424M(474M) 24.805ms
[2.466s][info][gc,cpu         ] GC(73) User=0.12s Sys=0.02s Real=0.03s
[2.466s][info][gc,start       ] GC(74) Pause Full (Ergonomics)
[2.466s][info][gc,phases,start] GC(74) Marking Phase
[2.563s][info][gc,phases      ] GC(74) Marking Phase 97.240ms
[2.563s][info][gc,phases,start] GC(74) Summary Phase
[2.563s][info][gc,phases      ] GC(74) Summary Phase 0.020ms
[2.563s][info][gc,phases,start] GC(74) Adjust Roots
[2.563s][info][gc,phases      ] GC(74) Adjust Roots 0.151ms
[2.563s][info][gc,phases,start] GC(74) Compaction Phase
[2.611s][info][gc,phases      ] GC(74) Compaction Phase 47.707ms
[2.611s][info][gc,phases,start] GC(74) Post Compact
[2.613s][info][gc,phases      ] GC(74) Post Compact 2.099ms
[2.614s][info][gc,heap        ] GC(74) PSYoungGen: 29120K(66560K)->15618K(68096K) Eden: 0K(9216K)->0K(10752K) From: 29120K(57344K)->15618K(57344K)
[2.614s][info][gc,heap        ] GC(74) ParOldGen: 405838K(418816K)->418462K(479232K)
[2.614s][info][gc,metaspace   ] GC(74) Metaspace: 6298K(6464K)->6298K(6464K) NonClass: 5764K(5824K)->5764K(5824K) Class: 533K(640K)->533K(640K)
[2.614s][info][gc             ] GC(74) Pause Full (Ergonomics) 424M->423M(534M) 147.908ms
[2.614s][info][gc,cpu         ] GC(74) User=0.97s Sys=0.00s Real=0.15s
[2.624s][info][gc,start       ] GC(75) Pause Young (Allocation Failure)
[2.654s][info][gc,heap        ] GC(75) PSYoungGen: 26370K(68096K)->14080K(71168K) Eden: 10752K(10752K)->0K(10752K) From: 15618K(57344K)->14080K(60416K)
[2.654s][info][gc,heap        ] GC(75) ParOldGen: 418462K(479232K)->431054K(479232K)
[2.654s][info][gc,metaspace   ] GC(75) Metaspace: 6298K(6464K)->6298K(6464K) NonClass: 5764K(5824K)->5764K(5824K) Class: 533K(640K)->533K(640K)
[2.654s][info][gc             ] GC(75) Pause Young (Allocation Failure) 434M->434M(537M) 29.893ms
[2.654s][info][gc,cpu         ] GC(75) User=0.12s Sys=0.02s Real=0.03s
[2.666s][info][gc,start       ] GC(76) Pause Young (Allocation Failure)
[2.679s][info][gc,heap        ] GC(76) PSYoungGen: 24832K(71168K)->21600K(68608K) Eden: 10752K(10752K)->0K(12288K) From: 14080K(60416K)->21600K(56320K)
[2.679s][info][gc,heap        ] GC(76) ParOldGen: 431054K(479232K)->434334K(479232K)
[2.679s][info][gc,metaspace   ] GC(76) Metaspace: 6298K(6464K)->6298K(6464K) NonClass: 5764K(5824K)->5764K(5824K) Class: 533K(640K)->533K(640K)
[2.679s][info][gc             ] GC(76) Pause Young (Allocation Failure) 445M->445M(535M) 12.991ms
[2.679s][info][gc,cpu         ] GC(76) User=0.02s Sys=0.00s Real=0.01s
[2.692s][info][gc,start       ] GC(77) Pause Young (Allocation Failure)
[2.709s][info][gc,heap        ] GC(77) PSYoungGen: 33888K(68608K)->23168K(35840K) Eden: 12288K(12288K)->0K(12288K) From: 21600K(56320K)->23168K(23552K)
[2.709s][info][gc,heap        ] GC(77) ParOldGen: 434334K(479232K)->445230K(479232K)
[2.709s][info][gc,metaspace   ] GC(77) Metaspace: 6298K(6464K)->6298K(6464K) NonClass: 5764K(5824K)->5764K(5824K) Class: 533K(640K)->533K(640K)
[2.709s][info][gc             ] GC(77) Pause Young (Allocation Failure) 457M->457M(503M) 17.359ms
[2.709s][info][gc,cpu         ] GC(77) User=0.12s Sys=0.00s Real=0.02s
[2.723s][info][gc,start       ] GC(78) Pause Young (Allocation Failure)
[2.741s][info][gc,heap        ] GC(78) PSYoungGen: 35456K(35840K)->24672K(65024K) Eden: 12288K(12288K)->0K(13824K) From: 23168K(23552K)->24672K(51200K)
[2.741s][info][gc,heap        ] GC(78) ParOldGen: 445230K(479232K)->456126K(479232K)
[2.741s][info][gc,metaspace   ] GC(78) Metaspace: 6298K(6464K)->6298K(6464K) NonClass: 5764K(5824K)->5764K(5824K) Class: 533K(640K)->533K(640K)
[2.741s][info][gc             ] GC(78) Pause Young (Allocation Failure) 469M->469M(531M) 18.348ms
[2.741s][info][gc,cpu         ] GC(78) User=0.12s Sys=0.00s Real=0.02s
[2.741s][info][gc,start       ] GC(79) Pause Full (Ergonomics)
[2.741s][info][gc,phases,start] GC(79) Marking Phase
[2.845s][info][gc,phases      ] GC(79) Marking Phase 103.790ms
[2.845s][info][gc,phases,start] GC(79) Summary Phase
[2.845s][info][gc,phases      ] GC(79) Summary Phase 0.027ms
[2.845s][info][gc,phases,start] GC(79) Adjust Roots
[2.845s][info][gc,phases      ] GC(79) Adjust Roots 0.151ms
[2.845s][info][gc,phases,start] GC(79) Compaction Phase
[2.892s][info][gc,phases      ] GC(79) Compaction Phase 46.993ms
[2.892s][info][gc,phases,start] GC(79) Post Compact
[2.894s][info][gc,phases      ] GC(79) Post Compact 2.299ms
[2.895s][info][gc,heap        ] GC(79) PSYoungGen: 24672K(65024K)->1017K(67072K) Eden: 0K(13824K)->0K(15872K) From: 24672K(51200K)->1017K(51200K)
[2.895s][info][gc,heap        ] GC(79) ParOldGen: 456126K(479232K)->479017K(540672K)
[2.895s][info][gc,metaspace   ] GC(79) Metaspace: 6298K(6464K)->6298K(6464K) NonClass: 5764K(5824K)->5764K(5824K) Class: 533K(640K)->533K(640K)
[2.895s][info][gc             ] GC(79) Pause Full (Ergonomics) 469M->468M(593M) 153.818ms
[2.895s][info][gc,cpu         ] GC(79) User=1.02s Sys=0.00s Real=0.15s
[2.913s][info][gc,start       ] GC(80) Pause Young (Allocation Failure)
[2.944s][info][gc,heap        ] GC(80) PSYoungGen: 16889K(67072K)->15968K(69632K) Eden: 15872K(15872K)->0K(15872K) From: 1017K(51200K)->15968K(53760K)
[2.944s][info][gc,heap        ] GC(80) ParOldGen: 479017K(540672K)->480081K(540672K)
[2.944s][info][gc,metaspace   ] GC(80) Metaspace: 6298K(6464K)->6298K(6464K) NonClass: 5764K(5824K)->5764K(5824K) Class: 533K(640K)->533K(640K)
[2.945s][info][gc             ] GC(80) Pause Young (Allocation Failure) 484M->484M(596M) 31.409ms
[2.945s][info][gc,cpu         ] GC(80) User=0.14s Sys=0.00s Real=0.03s
[2.961s][info][gc,start       ] GC(81) Pause Young (Allocation Failure)
[2.978s][info][gc,heap        ] GC(81) PSYoungGen: 31840K(69632K)->31904K(70144K) Eden: 15872K(15872K)->0K(17920K) From: 15968K(53760K)->31904K(52224K)
[2.978s][info][gc,heap        ] GC(81) ParOldGen: 480081K(540672K)->480081K(540672K)
[2.978s][info][gc,metaspace   ] GC(81) Metaspace: 6298K(6464K)->6298K(6464K) NonClass: 5764K(5824K)->5764K(5824K) Class: 533K(640K)->533K(640K)
[2.978s][info][gc             ] GC(81) Pause Young (Allocation Failure) 499M->499M(596M) 16.762ms
[2.978s][info][gc,cpu         ] GC(81) User=0.02s Sys=0.00s Real=0.02s
[2.999s][info][gc,start       ] GC(82) Pause Young (Allocation Failure)
[3.024s][info][gc,heap        ] GC(82) PSYoungGen: 49824K(70144K)->33920K(70656K) Eden: 17920K(17920K)->0K(17920K) From: 31904K(52224K)->33920K(52736K)
[3.024s][info][gc,heap        ] GC(82) ParOldGen: 480081K(540672K)->496177K(540672K)
[3.024s][info][gc,metaspace   ] GC(82) Metaspace: 6298K(6464K)->6298K(6464K) NonClass: 5764K(5824K)->5764K(5824K) Class: 533K(640K)->533K(640K)
[3.024s][info][gc             ] GC(82) Pause Young (Allocation Failure) 517M->517M(597M) 25.107ms
[3.024s][info][gc,cpu         ] GC(82) User=0.12s Sys=0.00s Real=0.02s
[3.044s][info][gc,start       ] GC(83) Pause Young (Allocation Failure)
[3.070s][info][gc,heap        ] GC(83) PSYoungGen: 51840K(70656K)->35936K(72192K) Eden: 17920K(17920K)->0K(19456K) From: 33920K(52736K)->35936K(52736K)
[3.070s][info][gc,heap        ] GC(83) ParOldGen: 496177K(540672K)->512257K(540672K)
[3.070s][info][gc,metaspace   ] GC(83) Metaspace: 6298K(6464K)->6298K(6464K) NonClass: 5764K(5824K)->5764K(5824K) Class: 533K(640K)->533K(640K)
[3.070s][info][gc             ] GC(83) Pause Young (Allocation Failure) 535M->535M(598M) 26.206ms
[3.070s][info][gc,cpu         ] GC(83) User=0.12s Sys=0.00s Real=0.03s
[3.092s][info][gc,start       ] GC(84) Pause Young (Allocation Failure)
[3.119s][info][gc,heap        ] GC(84) PSYoungGen: 55392K(72192K)->37504K(72704K) Eden: 19456K(19456K)->0K(19456K) From: 35936K(52736K)->37504K(53248K)
[3.119s][info][gc,heap        ] GC(84) ParOldGen: 512257K(540672K)->530417K(540672K)
[3.119s][info][gc,metaspace   ] GC(84) Metaspace: 6298K(6464K)->6298K(6464K) NonClass: 5764K(5824K)->5764K(5824K) Class: 533K(640K)->533K(640K)
[3.119s][info][gc             ] GC(84) Pause Young (Allocation Failure) 554M->554M(599M) 27.869ms
[3.119s][info][gc,cpu         ] GC(84) User=0.11s Sys=0.02s Real=0.03s
[3.119s][info][gc,start       ] GC(85) Pause Full (Ergonomics)
[3.120s][info][gc,phases,start] GC(85) Marking Phase
[3.244s][info][gc,phases      ] GC(85) Marking Phase 124.888ms
[3.244s][info][gc,phases,start] GC(85) Summary Phase
[3.244s][info][gc,phases      ] GC(85) Summary Phase 0.022ms
[3.244s][info][gc,phases,start] GC(85) Adjust Roots
[3.245s][info][gc,phases      ] GC(85) Adjust Roots 0.169ms
[3.245s][info][gc,phases,start] GC(85) Compaction Phase
[3.305s][info][gc,phases      ] GC(85) Compaction Phase 59.940ms
[3.305s][info][gc,phases,start] GC(85) Post Compact
[3.306s][info][gc,phases      ] GC(85) Post Compact 0.934ms
[3.306s][info][gc,heap        ] GC(85) PSYoungGen: 37504K(72704K)->26582K(72704K) Eden: 0K(19456K)->0K(19456K) From: 37504K(53248K)->26582K(53248K)
[3.306s][info][gc,heap        ] GC(85) ParOldGen: 530417K(540672K)->540328K(609792K)
[3.306s][info][gc,metaspace   ] GC(85) Metaspace: 6298K(6464K)->6298K(6464K) NonClass: 5764K(5824K)->5764K(5824K) Class: 533K(640K)->533K(640K)
[3.306s][info][gc             ] GC(85) Pause Full (Ergonomics) 554M->553M(666M) 186.602ms
[3.306s][info][gc,cpu         ] GC(85) User=1.19s Sys=0.00s Real=0.19s
[3.330s][info][gc,start       ] GC(86) Pause Young (Allocation Failure)
[3.373s][info][gc,heap        ] GC(86) PSYoungGen: 46038K(72704K)->33728K(73216K) Eden: 19456K(19456K)->0K(21504K) From: 26582K(53248K)->33728K(51712K)
[3.373s][info][gc,heap        ] GC(86) ParOldGen: 540328K(609792K)->553000K(609792K)
[3.373s][info][gc,metaspace   ] GC(86) Metaspace: 6298K(6464K)->6298K(6464K) NonClass: 5764K(5824K)->5764K(5824K) Class: 533K(640K)->533K(640K)
[3.373s][info][gc             ] GC(86) Pause Young (Allocation Failure) 572M->572M(667M) 43.520ms
[3.373s][info][gc,cpu         ] GC(86) User=0.27s Sys=0.00s Real=0.04s
[3.397s][info][gc,start       ] GC(87) Pause Young (Allocation Failure)
[3.425s][info][gc,heap        ] GC(87) PSYoungGen: 55232K(73216K)->53248K(74752K) Eden: 21504K(21504K)->0K(21504K) From: 33728K(51712K)->53248K(53248K)
[3.425s][info][gc,heap        ] GC(87) ParOldGen: 553000K(609792K)->554944K(609792K)
[3.425s][info][gc,metaspace   ] GC(87) Metaspace: 6298K(6464K)->6298K(6464K) NonClass: 5764K(5824K)->5764K(5824K) Class: 533K(640K)->533K(640K)
[3.425s][info][gc             ] GC(87) Pause Young (Allocation Failure) 593M->593M(668M) 28.002ms
[3.425s][info][gc,cpu         ] GC(87) User=0.14s Sys=0.00s Real=0.03s
[3.451s][info][gc,start       ] GC(88) Pause Young (Allocation Failure)
[3.489s][info][gc,heap        ] GC(88) PSYoungGen: 74752K(74752K)->42496K(83456K) Eden: 21504K(21504K)->0K(23040K) From: 53248K(53248K)->42496K(60416K)
[3.489s][info][gc,heap        ] GC(88) ParOldGen: 554944K(609792K)->587760K(609792K)
[3.489s][info][gc,metaspace   ] GC(88) Metaspace: 6298K(6464K)->6298K(6464K) NonClass: 5764K(5824K)->5764K(5824K) Class: 533K(640K)->533K(640K)
[3.489s][info][gc             ] GC(88) Pause Young (Allocation Failure) 614M->615M(677M) 38.277ms
[3.489s][info][gc,cpu         ] GC(88) User=0.22s Sys=0.03s Real=0.04s
[3.489s][info][gc,start       ] GC(89) Pause Full (Ergonomics)
[3.489s][info][gc,phases,start] GC(89) Marking Phase
[3.628s][info][gc,phases      ] GC(89) Marking Phase 138.661ms
[3.628s][info][gc,phases,start] GC(89) Summary Phase
[3.628s][info][gc,phases      ] GC(89) Summary Phase 0.021ms
[3.628s][info][gc,phases,start] GC(89) Adjust Roots
[3.628s][info][gc,phases      ] GC(89) Adjust Roots 0.153ms
[3.628s][info][gc,phases,start] GC(89) Compaction Phase
[3.687s][info][gc,phases      ] GC(89) Compaction Phase 58.504ms
[3.687s][info][gc,phases,start] GC(89) Post Compact
[3.688s][info][gc,phases      ] GC(89) Post Compact 1.064ms
[3.688s][info][gc,heap        ] GC(89) PSYoungGen: 42496K(83456K)->19768K(83456K) Eden: 0K(23040K)->0K(23040K) From: 42496K(60416K)->19768K(60416K)
[3.688s][info][gc,heap        ] GC(89) ParOldGen: 587760K(609792K)->609507K(689664K)
[3.688s][info][gc,metaspace   ] GC(89) Metaspace: 6298K(6464K)->6298K(6464K) NonClass: 5764K(5824K)->5764K(5824K) Class: 533K(640K)->533K(640K)
[3.688s][info][gc             ] GC(89) Pause Full (Ergonomics) 615M->614M(755M) 198.948ms
[3.688s][info][gc,cpu         ] GC(89) User=1.36s Sys=0.00s Real=0.20s
[3.720s][info][gc,start       ] GC(90) Pause Young (Allocation Failure)
[3.768s][info][gc,heap        ] GC(90) PSYoungGen: 42808K(83456K)->32960K(84480K) Eden: 23040K(23040K)->0K(23040K) From: 19768K(60416K)->32960K(61440K)
[3.768s][info][gc,heap        ] GC(90) ParOldGen: 609507K(689664K)->619707K(689664K)
[3.768s][info][gc,metaspace   ] GC(90) Metaspace: 6298K(6464K)->6298K(6464K) NonClass: 5764K(5824K)->5764K(5824K) Class: 533K(640K)->533K(640K)
[3.769s][info][gc             ] GC(90) Pause Young (Allocation Failure) 637M->637M(756M) 48.751ms
[3.769s][info][gc,cpu         ] GC(90) User=0.27s Sys=0.00s Real=0.05s
[3.796s][info][gc,start       ] GC(91) Pause Young (Allocation Failure)
[3.825s][info][gc,heap        ] GC(91) PSYoungGen: 56000K(84480K)->56032K(78848K) Eden: 23040K(23040K)->0K(19968K) From: 32960K(61440K)->56032K(58880K)
[3.826s][info][gc,heap        ] GC(91) ParOldGen: 619707K(689664K)->619707K(689664K)
[3.826s][info][gc,metaspace   ] GC(91) Metaspace: 6298K(6464K)->6298K(6464K) NonClass: 5764K(5824K)->5764K(5824K) Class: 533K(640K)->533K(640K)
[3.826s][info][gc             ] GC(91) Pause Young (Allocation Failure) 659M->659M(750M) 29.505ms
[3.826s][info][gc,cpu         ] GC(91) User=0.12s Sys=0.00s Real=0.03s
[3.852s][info][gc,start       ] GC(92) Pause Young (Allocation Failure)
[3.890s][info][gc,heap        ] GC(92) PSYoungGen: 76000K(78848K)->64512K(84480K) Eden: 19968K(19968K)->0K(19968K) From: 56032K(58880K)->64512K(64512K)
[3.890s][info][gc,heap        ] GC(92) ParOldGen: 619707K(689664K)->631187K(689664K)
[3.890s][info][gc,metaspace   ] GC(92) Metaspace: 6298K(6464K)->6298K(6464K) NonClass: 5764K(5824K)->5764K(5824K) Class: 533K(640K)->533K(640K)
[3.890s][info][gc             ] GC(92) Pause Young (Allocation Failure) 679M->679M(756M) 38.405ms
[3.890s][info][gc,cpu         ] GC(92) User=0.23s Sys=0.00s Real=0.04s
[4.053s][info][gc,start       ] GC(93) Pause Full (Ergonomics)
[4.053s][info][gc,phases,start] GC(93) Marking Phase
[4.209s][info][gc,phases      ] GC(93) Marking Phase 156.162ms
[4.209s][info][gc,phases,start] GC(93) Summary Phase
[4.209s][info][gc,phases      ] GC(93) Summary Phase 0.031ms
[4.209s][info][gc,phases,start] GC(93) Adjust Roots
[4.209s][info][gc,phases      ] GC(93) Adjust Roots 0.149ms
[4.210s][info][gc,phases,start] GC(93) Compaction Phase
[4.337s][info][gc,phases      ] GC(93) Compaction Phase 127.589ms
[4.337s][info][gc,phases,start] GC(93) Post Compact
[4.339s][info][gc,phases      ] GC(93) Post Compact 1.663ms
[4.339s][info][gc,heap        ] GC(93) PSYoungGen: 84480K(84480K)->41890K(84480K) Eden: 19968K(19968K)->0K(19968K) From: 64512K(64512K)->41890K(64512K)
[4.339s][info][gc,heap        ] GC(93) ParOldGen: 663955K(689664K)->689661K(770048K)
[4.339s][info][gc,metaspace   ] GC(93) Metaspace: 6298K(6464K)->6298K(6464K) NonClass: 5764K(5824K)->5764K(5824K) Class: 533K(640K)->533K(640K)
[4.339s][info][gc             ] GC(93) Pause Full (Ergonomics) 730M->714M(834M) 286.260ms
[4.339s][info][gc,cpu         ] GC(93) User=1.83s Sys=0.02s Real=0.29s
[4.362s][info][gc,start       ] GC(94) Pause Young (Allocation Failure)
[4.418s][info][gc,heap        ] GC(94) PSYoungGen: 61858K(84480K)->42688K(93696K) Eden: 19968K(19968K)->0K(22016K) From: 41890K(64512K)->42688K(71680K)
[4.419s][info][gc,heap        ] GC(94) ParOldGen: 689661K(770048K)->709309K(770048K)
[4.419s][info][gc,metaspace   ] GC(94) Metaspace: 6298K(6464K)->6298K(6464K) NonClass: 5764K(5824K)->5764K(5824K) Class: 533K(640K)->533K(640K)
[4.419s][info][gc             ] GC(94) Pause Young (Allocation Failure) 733M->734M(843M) 56.094ms
[4.419s][info][gc,cpu         ] GC(94) User=0.38s Sys=0.02s Real=0.06s
[4.442s][info][gc,start       ] GC(95) Pause Young (Allocation Failure)
[4.473s][info][gc,heap        ] GC(95) PSYoungGen: 64704K(93696K)->64672K(96256K) Eden: 22016K(22016K)->0K(22016K) From: 42688K(71680K)->64672K(74240K)
[4.473s][info][gc,heap        ] GC(95) ParOldGen: 709309K(770048K)->709309K(770048K)
[4.473s][info][gc,metaspace   ] GC(95) Metaspace: 6298K(6464K)->6298K(6464K) NonClass: 5764K(5824K)->5764K(5824K) Class: 533K(640K)->533K(640K)
[4.473s][info][gc             ] GC(95) Pause Young (Allocation Failure) 755M->755M(846M) 31.634ms
[4.473s][info][gc,cpu         ] GC(95) User=0.14s Sys=0.00s Real=0.03s
[4.497s][info][gc,start       ] GC(96) Pause Young (Allocation Failure)
[4.538s][info][gc,heap        ] GC(96) PSYoungGen: 86688K(96256K)->79872K(91648K) Eden: 22016K(22016K)->0K(11776K) From: 64672K(74240K)->79872K(79872K)
[4.538s][info][gc,heap        ] GC(96) ParOldGen: 709309K(770048K)->716149K(770048K)
[4.538s][info][gc,metaspace   ] GC(96) Metaspace: 6298K(6464K)->6298K(6464K) NonClass: 5764K(5824K)->5764K(5824K) Class: 533K(640K)->533K(640K)
[4.538s][info][gc             ] GC(96) Pause Young (Allocation Failure) 777M->777M(841M) 40.738ms
[4.538s][info][gc,cpu         ] GC(96) User=0.23s Sys=0.02s Real=0.04s
[4.550s][info][gc,start       ] GC(97) Pause Young (Allocation Failure)
[4.591s][info][gc,heap        ] GC(97) PSYoungGen: 91648K(91648K)->71104K(104448K) Eden: 11776K(11776K)->0K(11776K) From: 79872K(79872K)->71104K(92672K)
[4.592s][info][gc,heap        ] GC(97) ParOldGen: 716149K(770048K)->737037K(770048K)
[4.592s][info][gc,metaspace   ] GC(97) Metaspace: 6298K(6464K)->6298K(6464K) NonClass: 5764K(5824K)->5764K(5824K) Class: 533K(640K)->533K(640K)
[4.592s][info][gc             ] GC(97) Pause Young (Allocation Failure) 788M->789M(854M) 41.699ms
[4.592s][info][gc,cpu         ] GC(97) User=0.22s Sys=0.02s Real=0.04s
[4.604s][info][gc,start       ] GC(98) Pause Young (Allocation Failure)
[4.642s][info][gc,heap        ] GC(98) PSYoungGen: 82880K(104448K)->44352K(103424K) Eden: 11776K(11776K)->0K(13824K) From: 71104K(92672K)->44352K(89600K)
[4.642s][info][gc,heap        ] GC(98) ParOldGen: 737037K(770048K)->776045K(776192K)
[4.642s][info][gc,metaspace   ] GC(98) Metaspace: 6298K(6464K)->6298K(6464K) NonClass: 5764K(5824K)->5764K(5824K) Class: 533K(640K)->533K(640K)
[4.642s][info][gc             ] GC(98) Pause Young (Allocation Failure) 800M->801M(859M) 38.453ms
[4.642s][info][gc,cpu         ] GC(98) User=0.17s Sys=0.00s Real=0.04s
[4.642s][info][gc,start       ] GC(99) Pause Full (Ergonomics)
[4.642s][info][gc,phases,start] GC(99) Marking Phase
[4.822s][info][gc,phases      ] GC(99) Marking Phase 179.737ms
[4.822s][info][gc,phases,start] GC(99) Summary Phase
[4.822s][info][gc,phases      ] GC(99) Summary Phase 0.022ms
[4.822s][info][gc,phases,start] GC(99) Adjust Roots
[4.822s][info][gc,phases      ] GC(99) Adjust Roots 0.151ms
[4.822s][info][gc,phases,start] GC(99) Compaction Phase
[4.916s][info][gc,phases      ] GC(99) Compaction Phase 93.608ms
[4.916s][info][gc,phases,start] GC(99) Post Compact
[4.918s][info][gc,phases      ] GC(99) Post Compact 1.722ms
[4.918s][info][gc,heap        ] GC(99) PSYoungGen: 44352K(103424K)->43114K(105472K) Eden: 0K(13824K)->0K(15872K) From: 44352K(89600K)->43114K(89600K)
[4.918s][info][gc,heap        ] GC(99) ParOldGen: 776045K(776192K)->775839K(870912K)
[4.918s][info][gc,metaspace   ] GC(99) Metaspace: 6298K(6464K)->6298K(6464K) NonClass: 5764K(5824K)->5764K(5824K) Class: 533K(640K)->533K(640K)
[4.918s][info][gc             ] GC(99) Pause Full (Ergonomics) 801M->799M(953M) 275.925ms
[4.918s][info][gc,cpu         ] GC(99) User=1.94s Sys=0.02s Real=0.28s
[4.936s][info][gc,start       ] GC(100) Pause Young (Allocation Failure)
[4.993s][info][gc,heap        ] GC(100) PSYoungGen: 58986K(105472K)->27584K(109056K) Eden: 15872K(15872K)->0K(15872K) From: 43114K(89600K)->27584K(93184K)
[4.993s][info][gc,heap        ] GC(100) ParOldGen: 775839K(870912K)->807823K(870912K)
[4.993s][info][gc,metaspace   ] GC(100) Metaspace: 6298K(6464K)->6298K(6464K) NonClass: 5764K(5824K)->5764K(5824K) Class: 533K(640K)->533K(640K)
[4.993s][info][gc             ] GC(100) Pause Young (Allocation Failure) 815M->815M(957M) 56.802ms
[4.993s][info][gc,cpu         ] GC(100) User=0.36s Sys=0.02s Real=0.06s
[5.011s][info][gc,start       ] GC(101) Pause Young (Allocation Failure)
[5.033s][info][gc,heap        ] GC(101) PSYoungGen: 43456K(109056K)->31872K(105984K) Eden: 15872K(15872K)->0K(17920K) From: 27584K(93184K)->31872K(88064K)
[5.033s][info][gc,heap        ] GC(101) ParOldGen: 807823K(870912K)->819607K(870912K)
[5.033s][info][gc,metaspace   ] GC(101) Metaspace: 6298K(6464K)->6298K(6464K) NonClass: 5764K(5824K)->5764K(5824K) Class: 533K(640K)->533K(640K)
[5.033s][info][gc             ] GC(101) Pause Young (Allocation Failure) 831M->831M(954M) 22.505ms
[5.033s][info][gc,cpu         ] GC(101) User=0.12s Sys=0.00s Real=0.02s
[5.052s][info][gc,start       ] GC(102) Pause Young (Allocation Failure)
[5.077s][info][gc,heap        ] GC(102) PSYoungGen: 49792K(105984K)->33952K(52224K) Eden: 17920K(17920K)->0K(17920K) From: 31872K(88064K)->33952K(34304K)
[5.077s][info][gc,heap        ] GC(102) ParOldGen: 819607K(870912K)->835703K(870912K)
[5.077s][info][gc,metaspace   ] GC(102) Metaspace: 6298K(6464K)->6298K(6464K) NonClass: 5764K(5824K)->5764K(5824K) Class: 533K(640K)->533K(640K)
[5.077s][info][gc             ] GC(102) Pause Young (Allocation Failure) 849M->849M(901M) 25.567ms
[5.077s][info][gc,cpu         ] GC(102) User=0.09s Sys=0.05s Real=0.03s
[5.077s][info][gc,start       ] GC(103) Pause Full (Ergonomics)
[5.077s][info][gc,phases,start] GC(103) Marking Phase
[5.262s][info][gc,phases      ] GC(103) Marking Phase 184.596ms
[5.262s][info][gc,phases,start] GC(103) Summary Phase
[5.262s][info][gc,phases      ] GC(103) Summary Phase 0.034ms
[5.262s][info][gc,phases,start] GC(103) Adjust Roots
[5.262s][info][gc,phases      ] GC(103) Adjust Roots 0.155ms
[5.262s][info][gc,phases,start] GC(103) Compaction Phase
[5.348s][info][gc,phases      ] GC(103) Compaction Phase 85.525ms
[5.348s][info][gc,phases,start] GC(103) Post Compact
[5.350s][info][gc,phases      ] GC(103) Post Compact 1.642ms
[5.350s][info][gc,heap        ] GC(103) PSYoungGen: 33952K(52224K)->0K(107520K) Eden: 0K(17920K)->0K(19968K) From: 33952K(34304K)->0K(87552K)
[5.350s][info][gc,heap        ] GC(103) ParOldGen: 835703K(870912K)->868522K(969728K)
[5.350s][info][gc,metaspace   ] GC(103) Metaspace: 6298K(6464K)->6298K(6464K) NonClass: 5764K(5824K)->5764K(5824K) Class: 533K(640K)->533K(640K)
[5.350s][info][gc             ] GC(103) Pause Full (Ergonomics) 849M->848M(1052M) 272.697ms
[5.350s][info][gc,cpu         ] GC(103) User=1.84s Sys=0.02s Real=0.27s
[5.372s][info][gc,start       ] GC(104) Pause Young (Allocation Failure)
[5.386s][info][gc,heap        ] GC(104) PSYoungGen: 19968K(107520K)->20096K(107520K) Eden: 19968K(19968K)->0K(19968K) From: 0K(87552K)->20096K(87552K)
[5.387s][info][gc,heap        ] GC(104) ParOldGen: 868522K(969728K)->868522K(969728K)
[5.387s][info][gc,metaspace   ] GC(104) Metaspace: 6298K(6464K)->6298K(6464K) NonClass: 5764K(5824K)->5764K(5824K) Class: 533K(640K)->533K(640K)
[5.387s][info][gc             ] GC(104) Pause Young (Allocation Failure) 867M->867M(1052M) 14.413ms
[5.387s][info][gc,cpu         ] GC(104) User=0.02s Sys=0.00s Real=0.01s
[5.408s][info][gc,start       ] GC(105) Pause Young (Allocation Failure)
[5.430s][info][gc,heap        ] GC(105) PSYoungGen: 40064K(107520K)->40160K(100352K) Eden: 19968K(19968K)->0K(22016K) From: 20096K(87552K)->40160K(78336K)
[5.430s][info][gc,heap        ] GC(105) ParOldGen: 868522K(969728K)->868522K(969728K)
[5.430s][info][gc,metaspace   ] GC(105) Metaspace: 6298K(6464K)->6298K(6464K) NonClass: 5764K(5824K)->5764K(5824K) Class: 533K(640K)->533K(640K)
[5.430s][info][gc             ] GC(105) Pause Young (Allocation Failure) 887M->887M(1045M) 21.372ms
[5.430s][info][gc,cpu         ] GC(105) User=0.12s Sys=0.00s Real=0.02s
[5.455s][info][gc,start       ] GC(106) Pause Young (Allocation Failure)
[5.485s][info][gc,heap        ] GC(106) PSYoungGen: 62176K(100352K)->62144K(104960K) Eden: 22016K(22016K)->0K(22016K) From: 40160K(78336K)->62144K(82944K)
[5.485s][info][gc,heap        ] GC(106) ParOldGen: 868522K(969728K)->868522K(969728K)
[5.486s][info][gc,metaspace   ] GC(106) Metaspace: 6298K(6464K)->6298K(6464K) NonClass: 5764K(5824K)->5764K(5824K) Class: 533K(640K)->533K(640K)
[5.486s][info][gc             ] GC(106) Pause Young (Allocation Failure) 908M->908M(1049M) 30.610ms
[5.486s][info][gc,cpu         ] GC(106) User=0.14s Sys=0.00s Real=0.03s
[5.509s][info][gc,start       ] GC(107) Pause Young (Allocation Failure)
[5.549s][info][gc,heap        ] GC(107) PSYoungGen: 84160K(104960K)->84192K(100352K) Eden: 22016K(22016K)->0K(13824K) From: 62144K(82944K)->84192K(86528K)
[5.549s][info][gc,heap        ] GC(107) ParOldGen: 868522K(969728K)->868522K(969728K)
[5.549s][info][gc,metaspace   ] GC(107) Metaspace: 6298K(6464K)->6298K(6464K) NonClass: 5764K(5824K)->5764K(5824K) Class: 533K(640K)->533K(640K)
[5.549s][info][gc             ] GC(107) Pause Young (Allocation Failure) 930M->930M(1045M) 39.446ms
[5.549s][info][gc,cpu         ] GC(107) User=0.31s Sys=0.03s Real=0.04s
[5.563s][info][gc,start       ] GC(108) Pause Young (Allocation Failure)
[5.608s][info][gc,heap        ] GC(108) PSYoungGen: 98016K(100352K)->77952K(111104K) Eden: 13824K(13824K)->0K(13824K) From: 84192K(86528K)->77952K(97280K)
[5.608s][info][gc,heap        ] GC(108) ParOldGen: 868522K(969728K)->888754K(969728K)
[5.608s][info][gc,metaspace   ] GC(108) Metaspace: 6298K(6464K)->6298K(6464K) NonClass: 5764K(5824K)->5764K(5824K) Class: 533K(640K)->533K(640K)
[5.608s][info][gc             ] GC(108) Pause Young (Allocation Failure) 943M->944M(1055M) 44.686ms
[5.608s][info][gc,cpu         ] GC(108) User=0.27s Sys=0.00s Real=0.04s
[5.623s][info][gc,start       ] GC(109) Pause Young (Allocation Failure)
[5.667s][info][gc,heap        ] GC(109) PSYoungGen: 91776K(111104K)->71840K(116736K) Eden: 13824K(13824K)->0K(13312K) From: 77952K(97280K)->71840K(103424K)
[5.667s][info][gc,heap        ] GC(109) ParOldGen: 888754K(969728K)->908994K(969728K)
[5.667s][info][gc,metaspace   ] GC(109) Metaspace: 6298K(6464K)->6298K(6464K) NonClass: 5764K(5824K)->5764K(5824K) Class: 533K(640K)->533K(640K)
[5.667s][info][gc             ] GC(109) Pause Young (Allocation Failure) 957M->957M(1061M) 43.763ms
[5.667s][info][gc,cpu         ] GC(109) User=0.22s Sys=0.02s Real=0.04s
[5.682s][info][gc,start       ] GC(110) Pause Young (Allocation Failure)
[5.723s][info][gc,heap        ] GC(110) PSYoungGen: 85152K(116736K)->41088K(54784K) Eden: 13312K(13312K)->0K(13312K) From: 71840K(103424K)->41088K(41472K)
[5.723s][info][gc,heap        ] GC(110) ParOldGen: 908994K(969728K)->953602K(969728K)
[5.723s][info][gc,metaspace   ] GC(110) Metaspace: 6298K(6464K)->6298K(6464K) NonClass: 5764K(5824K)->5764K(5824K) Class: 533K(640K)->533K(640K)
[5.723s][info][gc             ] GC(110) Pause Young (Allocation Failure) 970M->971M(1000M) 40.943ms
[5.723s][info][gc,cpu         ] GC(110) User=0.25s Sys=0.00s Real=0.04s
[5.723s][info][gc,start       ] GC(111) Pause Full (Ergonomics)
[5.723s][info][gc,phases,start] GC(111) Marking Phase
[5.956s][info][gc,phases      ] GC(111) Marking Phase 233.399ms
[5.956s][info][gc,phases,start] GC(111) Summary Phase
[5.956s][info][gc,phases      ] GC(111) Summary Phase 0.024ms
[5.956s][info][gc,phases,start] GC(111) Adjust Roots
[5.956s][info][gc,phases      ] GC(111) Adjust Roots 0.148ms
[5.956s][info][gc,phases,start] GC(111) Compaction Phase
[6.052s][info][gc,phases      ] GC(111) Compaction Phase 95.890ms
[6.052s][info][gc,phases,start] GC(111) Post Compact
[6.054s][info][gc,phases      ] GC(111) Post Compact 1.919ms
[6.055s][info][gc,heap        ] GC(111) PSYoungGen: 41088K(54784K)->24006K(54784K) Eden: 0K(13312K)->0K(13312K) From: 41088K(41472K)->24006K(41472K)
[6.055s][info][gc,heap        ] GC(111) ParOldGen: 953602K(969728K)->969225K(1083904K)
[6.055s][info][gc,metaspace   ] GC(111) Metaspace: 6298K(6464K)->6298K(6464K) NonClass: 5764K(5824K)->5764K(5824K) Class: 533K(640K)->533K(640K)
[6.055s][info][gc             ] GC(111) Pause Full (Ergonomics) 971M->969M(1112M) 332.236ms
[6.055s][info][gc,cpu         ] GC(111) User=2.33s Sys=0.00s Real=0.33s
[6.072s][info][gc,start       ] GC(112) Pause Young (Allocation Failure)
[6.131s][info][gc,heap        ] GC(112) PSYoungGen: 37318K(54784K)->21440K(118272K) Eden: 13312K(13312K)->0K(15360K) From: 24006K(41472K)->21440K(102912K)
[6.131s][info][gc,heap        ] GC(112) ParOldGen: 969225K(1083904K)->985409K(1083904K)
[6.131s][info][gc,metaspace   ] GC(112) Metaspace: 6298K(6464K)->6298K(6464K) NonClass: 5764K(5824K)->5764K(5824K) Class: 533K(640K)->533K(640K)
[6.131s][info][gc             ] GC(112) Pause Young (Allocation Failure) 982M->983M(1174M) 58.708ms
[6.131s][info][gc,cpu         ] GC(112) User=0.47s Sys=0.03s Real=0.06s
[6.148s][info][gc,start       ] GC(113) Pause Young (Allocation Failure)
[6.169s][info][gc,heap        ] GC(113) PSYoungGen: 36800K(118272K)->28800K(118272K) Eden: 15360K(15360K)->0K(15360K) From: 21440K(102912K)->28800K(102912K)
[6.169s][info][gc,heap        ] GC(113) ParOldGen: 985409K(1083904K)->993617K(1083904K)
[6.169s][info][gc,metaspace   ] GC(113) Metaspace: 6298K(6464K)->6298K(6464K) NonClass: 5764K(5824K)->5764K(5824K) Class: 533K(640K)->533K(640K)
[6.169s][info][gc             ] GC(113) Pause Young (Allocation Failure) 998M->998M(1174M) 21.108ms
[6.169s][info][gc,cpu         ] GC(113) User=0.14s Sys=0.00s Real=0.02s
[6.186s][info][gc,start       ] GC(114) Pause Young (Allocation Failure)
[6.210s][info][gc,heap        ] GC(114) PSYoungGen: 44160K(118272K)->30784K(113152K) Eden: 15360K(15360K)->0K(17408K) From: 28800K(102912K)->30784K(95744K)
[6.210s][info][gc,heap        ] GC(114) ParOldGen: 993617K(1083904K)->1007121K(1083904K)
[6.210s][info][gc,metaspace   ] GC(114) Metaspace: 6298K(6464K)->6298K(6464K) NonClass: 5764K(5824K)->5764K(5824K) Class: 533K(640K)->533K(640K)
[6.210s][info][gc             ] GC(114) Pause Young (Allocation Failure) 1013M->1013M(1169M) 24.164ms
[6.210s][info][gc,cpu         ] GC(114) User=0.11s Sys=0.02s Real=0.02s
[6.229s][info][gc,start       ] GC(115) Pause Young (Allocation Failure)
[6.255s][info][gc,heap        ] GC(115) PSYoungGen: 48192K(113152K)->32896K(50688K) Eden: 17408K(17408K)->0K(17408K) From: 30784K(95744K)->32896K(33280K)
[6.255s][info][gc,heap        ] GC(115) ParOldGen: 1007121K(1083904K)->1022681K(1083904K)
[6.255s][info][gc,metaspace   ] GC(115) Metaspace: 6298K(6464K)->6298K(6464K) NonClass: 5764K(5824K)->5764K(5824K) Class: 533K(640K)->533K(640K)
[6.255s][info][gc             ] GC(115) Pause Young (Allocation Failure) 1030M->1030M(1108M) 25.918ms
[6.255s][info][gc,cpu         ] GC(115) User=0.12s Sys=0.00s Real=0.03s
[6.275s][info][gc,start       ] GC(116) Pause Young (Allocation Failure)
[6.302s][info][gc,heap        ] GC(116) PSYoungGen: 50304K(50688K)->34944K(107008K) Eden: 17408K(17408K)->0K(19456K) From: 32896K(33280K)->34944K(87552K)
[6.302s][info][gc,heap        ] GC(116) ParOldGen: 1022681K(1083904K)->1038249K(1083904K)
[6.302s][info][gc,metaspace   ] GC(116) Metaspace: 6298K(6464K)->6298K(6464K) NonClass: 5764K(5824K)->5764K(5824K) Class: 533K(640K)->533K(640K)
[6.302s][info][gc             ] GC(116) Pause Young (Allocation Failure) 1047M->1048M(1163M) 26.618ms
[6.302s][info][gc,cpu         ] GC(116) User=0.12s Sys=0.00s Real=0.03s
[6.325s][info][gc,start       ] GC(117) Pause Young (Allocation Failure)
[6.354s][info][gc,heap        ] GC(117) PSYoungGen: 54400K(107008K)->36992K(56832K) Eden: 19456K(19456K)->0K(19456K) From: 34944K(87552K)->36992K(37376K)
[6.354s][info][gc,heap        ] GC(117) ParOldGen: 1038249K(1083904K)->1055897K(1083904K)
[6.354s][info][gc,metaspace   ] GC(117) Metaspace: 6298K(6464K)->6298K(6464K) NonClass: 5764K(5824K)->5764K(5824K) Class: 533K(640K)->533K(640K)
[6.354s][info][gc             ] GC(117) Pause Young (Allocation Failure) 1067M->1067M(1114M) 29.053ms
[6.354s][info][gc,cpu         ] GC(117) User=0.14s Sys=0.00s Real=0.03s
[6.354s][info][gc,start       ] GC(118) Pause Full (Ergonomics)
[6.354s][info][gc,phases,start] GC(118) Marking Phase
[6.599s][info][gc,phases      ] GC(118) Marking Phase 245.168ms
[6.599s][info][gc,phases,start] GC(118) Summary Phase
[6.599s][info][gc,phases      ] GC(118) Summary Phase 0.024ms
[6.599s][info][gc,phases,start] GC(118) Adjust Roots
[6.600s][info][gc,phases      ] GC(118) Adjust Roots 0.149ms
[6.600s][info][gc,phases,start] GC(118) Compaction Phase
[6.698s][info][gc,phases      ] GC(118) Compaction Phase 98.172ms
[6.698s][info][gc,phases,start] GC(118) Post Compact
[6.700s][info][gc,phases      ] GC(118) Post Compact 1.760ms
[6.700s][info][gc,heap        ] GC(118) PSYoungGen: 36992K(56832K)->7673K(56832K) Eden: 0K(19456K)->0K(19456K) From: 36992K(37376K)->7673K(37376K)
[6.700s][info][gc,heap        ] GC(118) ParOldGen: 1055897K(1083904K)->1083665K(1193984K)
[6.700s][info][gc,metaspace   ] GC(118) Metaspace: 6298K(6464K)->6298K(6464K) NonClass: 5764K(5824K)->5764K(5824K) Class: 533K(640K)->533K(640K)
[6.700s][info][gc             ] GC(118) Pause Full (Ergonomics) 1067M->1065M(1221M) 345.943ms
[6.700s][info][gc,cpu         ] GC(118) User=2.53s Sys=0.02s Real=0.35s
[6.725s][info][gc,start       ] GC(119) Pause Young (Allocation Failure)
[6.786s][info][gc,heap        ] GC(119) PSYoungGen: 27129K(56832K)->25248K(105472K) Eden: 19456K(19456K)->0K(21504K) From: 7673K(37376K)->25248K(83968K)
[6.786s][info][gc,heap        ] GC(119) ParOldGen: 1083665K(1193984K)->1085753K(1193984K)
[6.786s][info][gc,metaspace   ] GC(119) Metaspace: 6298K(6464K)->6298K(6464K) NonClass: 5764K(5824K)->5764K(5824K) Class: 533K(640K)->533K(640K)
[6.786s][info][gc             ] GC(119) Pause Young (Allocation Failure) 1084M->1084M(1269M) 60.694ms
[6.786s][info][gc,cpu         ] GC(119) User=0.38s Sys=0.00s Real=0.06s
[6.810s][info][gc,start       ] GC(120) Pause Young (Allocation Failure)
[6.836s][info][gc,heap        ] GC(120) PSYoungGen: 46752K(105472K)->46752K(107520K) Eden: 21504K(21504K)->0K(21504K) From: 25248K(83968K)->46752K(86016K)
[6.836s][info][gc,heap        ] GC(120) ParOldGen: 1085753K(1193984K)->1085753K(1193984K)
[6.836s][info][gc,metaspace   ] GC(120) Metaspace: 6298K(6464K)->6298K(6464K) NonClass: 5764K(5824K)->5764K(5824K) Class: 533K(640K)->533K(640K)
[6.836s][info][gc             ] GC(120) Pause Young (Allocation Failure) 1105M->1105M(1271M) 26.367ms
[6.836s][info][gc,cpu         ] GC(120) User=0.12s Sys=0.00s Real=0.03s
[6.860s][info][gc,start       ] GC(121) Pause Young (Allocation Failure)
[6.895s][info][gc,heap        ] GC(121) PSYoungGen: 68256K(107520K)->68288K(102400K) Eden: 21504K(21504K)->0K(18432K) From: 46752K(86016K)->68288K(83968K)
[6.895s][info][gc,heap        ] GC(121) ParOldGen: 1085753K(1193984K)->1085753K(1193984K)
[6.895s][info][gc,metaspace   ] GC(121) Metaspace: 6298K(6464K)->6298K(6464K) NonClass: 5764K(5824K)->5764K(5824K) Class: 533K(640K)->533K(640K)
[6.895s][info][gc             ] GC(121) Pause Young (Allocation Failure) 1126M->1126M(1266M) 34.993ms
[6.895s][info][gc,cpu         ] GC(121) User=0.16s Sys=0.00s Real=0.04s
[6.917s][info][gc,start       ] GC(122) Pause Young (Allocation Failure)
[6.961s][info][gc,heap        ] GC(122) PSYoungGen: 86720K(102400K)->81120K(108032K) Eden: 18432K(18432K)->0K(18432K) From: 68288K(83968K)->81120K(89600K)
[6.961s][info][gc,heap        ] GC(122) ParOldGen: 1085753K(1193984K)->1091497K(1193984K)
[6.961s][info][gc,metaspace   ] GC(122) Metaspace: 6298K(6464K)->6298K(6464K) NonClass: 5764K(5824K)->5764K(5824K) Class: 533K(640K)->533K(640K)
[6.961s][info][gc             ] GC(122) Pause Young (Allocation Failure) 1144M->1145M(1271M) 44.108ms
[6.961s][info][gc,cpu         ] GC(122) User=0.25s Sys=0.00s Real=0.04s
[6.984s][info][gc,start       ] GC(123) Pause Young (Allocation Failure)
[7.037s][info][gc,heap        ] GC(123) PSYoungGen: 99552K(108032K)->80064K(113152K) Eden: 18432K(18432K)->0K(14336K) From: 81120K(89600K)->80064K(98816K)
[7.037s][info][gc,heap        ] GC(123) ParOldGen: 1091497K(1193984K)->1111209K(1193984K)
[7.037s][info][gc,metaspace   ] GC(123) Metaspace: 6298K(6464K)->6298K(6464K) NonClass: 5764K(5824K)->5764K(5824K) Class: 533K(640K)->533K(640K)
[7.037s][info][gc             ] GC(123) Pause Young (Allocation Failure) 1163M->1163M(1276M) 53.490ms
[7.037s][info][gc,cpu         ] GC(123) User=0.39s Sys=0.00s Real=0.05s
[7.055s][info][gc,start       ] GC(124) Pause Young (Allocation Failure)
[7.106s][info][gc,heap        ] GC(124) PSYoungGen: 94400K(113152K)->51360K(66048K) Eden: 14336K(14336K)->0K(14336K) From: 80064K(98816K)->51360K(51712K)
[7.106s][info][gc,heap        ] GC(124) ParOldGen: 1111209K(1193984K)->1154761K(1193984K)
[7.106s][info][gc,metaspace   ] GC(124) Metaspace: 6298K(6464K)->6298K(6464K) NonClass: 5764K(5824K)->5764K(5824K) Class: 533K(640K)->533K(640K)
[7.106s][info][gc             ] GC(124) Pause Young (Allocation Failure) 1177M->1177M(1230M) 51.713ms
[7.106s][info][gc,cpu         ] GC(124) User=0.27s Sys=0.02s Real=0.05s
[7.106s][info][gc,start       ] GC(125) Pause Full (Ergonomics)
[7.106s][info][gc,phases,start] GC(125) Marking Phase
[7.381s][info][gc,phases      ] GC(125) Marking Phase 275.159ms
[7.382s][info][gc,phases,start] GC(125) Summary Phase
[7.382s][info][gc,phases      ] GC(125) Summary Phase 0.026ms
[7.382s][info][gc,phases,start] GC(125) Adjust Roots
[7.382s][info][gc,phases      ] GC(125) Adjust Roots 0.152ms
[7.382s][info][gc,phases,start] GC(125) Compaction Phase
[7.481s][info][gc,phases      ] GC(125) Compaction Phase 99.586ms
[7.481s][info][gc,phases,start] GC(125) Post Compact
[7.483s][info][gc,phases      ] GC(125) Post Compact 1.942ms
[7.484s][info][gc,heap        ] GC(125) PSYoungGen: 51360K(66048K)->11260K(66048K) Eden: 0K(14336K)->0K(14336K) From: 51360K(51712K)->11260K(51712K)
[7.484s][info][gc,heap        ] GC(125) ParOldGen: 1154761K(1193984K)->1193556K(1319936K)
[7.484s][info][gc,metaspace   ] GC(125) Metaspace: 6298K(6464K)->6298K(6464K) NonClass: 5764K(5824K)->5764K(5824K) Class: 533K(640K)->533K(640K)
[7.484s][info][gc             ] GC(125) Pause Full (Ergonomics) 1177M->1176M(1353M) 377.594ms
[7.484s][info][gc,cpu         ] GC(125) User=2.75s Sys=0.05s Real=0.38s
[7.502s][info][gc,start       ] GC(126) Pause Young (Allocation Failure)
[7.569s][info][gc,heap        ] GC(126) PSYoungGen: 25596K(66048K)->18592K(116224K) Eden: 14336K(14336K)->0K(15872K) From: 11260K(51712K)->18592K(100352K)
[7.569s][info][gc,heap        ] GC(126) ParOldGen: 1193556K(1319936K)->1200804K(1319936K)
[7.569s][info][gc,metaspace   ] GC(126) Metaspace: 6298K(6464K)->6298K(6464K) NonClass: 5764K(5824K)->5764K(5824K) Class: 533K(640K)->533K(640K)
[7.569s][info][gc             ] GC(126) Pause Young (Allocation Failure) 1190M->1190M(1402M) 67.051ms
[7.569s][info][gc,cpu         ] GC(126) User=0.36s Sys=0.02s Real=0.07s
[7.588s][info][gc,start       ] GC(127) Pause Young (Allocation Failure)
[7.609s][info][gc,heap        ] GC(127) PSYoungGen: 34464K(116224K)->30336K(116736K) Eden: 15872K(15872K)->0K(15872K) From: 18592K(100352K)->30336K(100864K)
[7.609s][info][gc,heap        ] GC(127) ParOldGen: 1200804K(1319936K)->1205044K(1319936K)
[7.609s][info][gc,metaspace   ] GC(127) Metaspace: 6298K(6464K)->6298K(6464K) NonClass: 5764K(5824K)->5764K(5824K) Class: 533K(640K)->533K(640K)
[7.609s][info][gc             ] GC(127) Pause Young (Allocation Failure) 1206M->1206M(1403M) 21.215ms
[7.609s][info][gc,cpu         ] GC(127) User=0.25s Sys=0.00s Real=0.02s
[7.627s][info][gc,start       ] GC(128) Pause Young (Allocation Failure)
[7.653s][info][gc,heap        ] GC(128) PSYoungGen: 46208K(116736K)->31872K(110592K) Eden: 15872K(15872K)->0K(17920K) From: 30336K(100864K)->31872K(92672K)
[7.653s][info][gc,heap        ] GC(128) ParOldGen: 1205044K(1319936K)->1219580K(1319936K)
[7.653s][info][gc,metaspace   ] GC(128) Metaspace: 6298K(6464K)->6298K(6464K) NonClass: 5764K(5824K)->5764K(5824K) Class: 533K(640K)->533K(640K)
[7.653s][info][gc             ] GC(128) Pause Young (Allocation Failure) 1221M->1222M(1397M) 26.200ms
[7.653s][info][gc,cpu         ] GC(128) User=0.12s Sys=0.00s Real=0.03s
[7.674s][info][gc,start       ] GC(129) Pause Young (Allocation Failure)
[7.702s][info][gc,heap        ] GC(129) PSYoungGen: 49792K(110592K)->33920K(52224K) Eden: 17920K(17920K)->0K(17920K) From: 31872K(92672K)->33920K(34304K)
[7.702s][info][gc,heap        ] GC(129) ParOldGen: 1219580K(1319936K)->1235676K(1319936K)
[7.702s][info][gc,metaspace   ] GC(129) Metaspace: 6298K(6464K)->6298K(6464K) NonClass: 5764K(5824K)->5764K(5824K) Class: 533K(640K)->533K(640K)
[7.702s][info][gc             ] GC(129) Pause Young (Allocation Failure) 1239M->1239M(1340M) 28.019ms
[7.702s][info][gc,cpu         ] GC(129) User=0.12s Sys=0.02s Real=0.03s
[7.725s][info][gc,start       ] GC(130) Pause Young (Allocation Failure)
[7.754s][info][gc,heap        ] GC(130) PSYoungGen: 51840K(52224K)->35968K(105472K) Eden: 17920K(17920K)->0K(19968K) From: 33920K(34304K)->35968K(85504K)
[7.754s][info][gc,heap        ] GC(130) ParOldGen: 1235676K(1319936K)->1251764K(1319936K)
[7.754s][info][gc,metaspace   ] GC(130) Metaspace: 6298K(6464K)->6298K(6464K) NonClass: 5764K(5824K)->5764K(5824K) Class: 533K(640K)->533K(640K)
[7.754s][info][gc             ] GC(130) Pause Young (Allocation Failure) 1257M->1257M(1392M) 29.011ms
[7.754s][info][gc,cpu         ] GC(130) User=0.12s Sys=0.02s Real=0.03s
[7.780s][info][gc,start       ] GC(131) Pause Young (Allocation Failure)
[7.810s][info][gc,heap        ] GC(131) PSYoungGen: 55936K(105472K)->35392K(55808K) Eden: 19968K(19968K)->0K(19968K) From: 35968K(85504K)->35392K(35840K)
[7.810s][info][gc,heap        ] GC(131) ParOldGen: 1251764K(1319936K)->1269940K(1319936K)
[7.810s][info][gc,metaspace   ] GC(131) Metaspace: 6298K(6464K)->6298K(6464K) NonClass: 5764K(5824K)->5764K(5824K) Class: 533K(640K)->533K(640K)
[7.810s][info][gc             ] GC(131) Pause Young (Allocation Failure) 1277M->1274M(1343M) 29.963ms
[7.810s][info][gc,cpu         ] GC(131) User=0.12s Sys=0.00s Real=0.03s
[7.825s][info][gc,start       ] GC(132) Pause Young (Allocation Failure)
[7.852s][info][gc,heap        ] GC(132) PSYoungGen: 55360K(55808K)->27872K(103936K) Eden: 19968K(19968K)->0K(22528K) From: 35392K(35840K)->27872K(81408K)
[7.852s][info][gc,heap        ] GC(132) ParOldGen: 1269940K(1319936K)->1288100K(1319936K)
[7.852s][info][gc,metaspace   ] GC(132) Metaspace: 6298K(6464K)->6298K(6464K) NonClass: 5764K(5824K)->5764K(5824K) Class: 533K(640K)->533K(640K)
[7.852s][info][gc             ] GC(132) Pause Young (Allocation Failure) 1294M->1285M(1390M) 26.631ms
[7.852s][info][gc,cpu         ] GC(132) User=0.12s Sys=0.02s Real=0.03s
[7.852s][info][gc,start       ] GC(133) Pause Full (Ergonomics)
[7.852s][info][gc,phases,start] GC(133) Marking Phase
[8.153s][info][gc,phases      ] GC(133) Marking Phase 300.818ms
[8.153s][info][gc,phases,start] GC(133) Summary Phase
[8.153s][info][gc,phases      ] GC(133) Summary Phase 0.058ms
[8.153s][info][gc,phases,start] GC(133) Adjust Roots
[8.153s][info][gc,phases      ] GC(133) Adjust Roots 0.160ms
[8.153s][info][gc,phases,start] GC(133) Compaction Phase
[8.262s][info][gc,phases      ] GC(133) Compaction Phase 109.068ms
[8.262s][info][gc,phases,start] GC(133) Post Compact
[8.264s][info][gc,phases      ] GC(133) Post Compact 2.003ms
[8.265s][info][gc,heap        ] GC(133) PSYoungGen: 27872K(103936K)->0K(105984K) Eden: 0K(22528K)->0K(22528K) From: 27872K(81408K)->0K(83456K)
[8.265s][info][gc,heap        ] GC(133) ParOldGen: 1288100K(1319936K)->1314265K(1441280K)
[8.265s][info][gc,metaspace   ] GC(133) Metaspace: 6298K(6464K)->6298K(6464K) NonClass: 5764K(5824K)->5764K(5824K) Class: 533K(640K)->533K(640K)
[8.265s][info][gc             ] GC(133) Pause Full (Ergonomics) 1285M->1283M(1511M) 412.835ms
[8.265s][info][gc,cpu         ] GC(133) User=3.02s Sys=0.02s Real=0.41s
[8.288s][info][gc,start       ] GC(134) Pause Young (Allocation Failure)
[8.303s][info][gc,heap        ] GC(134) PSYoungGen: 22528K(105984K)->14816K(108544K) Eden: 22528K(22528K)->0K(25088K) From: 0K(83456K)->14816K(83456K)
[8.303s][info][gc,heap        ] GC(134) ParOldGen: 1314265K(1441280K)->1314265K(1441280K)
[8.303s][info][gc,metaspace   ] GC(134) Metaspace: 6298K(6464K)->6298K(6464K) NonClass: 5764K(5824K)->5764K(5824K) Class: 533K(640K)->533K(640K)
[8.303s][info][gc             ] GC(134) Pause Young (Allocation Failure) 1305M->1297M(1513M) 15.034ms
[8.303s][info][gc,cpu         ] GC(134) User=0.02s Sys=0.00s Real=0.01s
[8.334s][info][gc,start       ] GC(135) Pause Young (Allocation Failure)
[8.358s][info][gc,heap        ] GC(135) PSYoungGen: 39904K(108544K)->39968K(65536K) Eden: 25088K(25088K)->0K(25088K) From: 14816K(83456K)->39968K(40448K)
[8.358s][info][gc,heap        ] GC(135) ParOldGen: 1314265K(1441280K)->1314265K(1441280K)
[8.358s][info][gc,metaspace   ] GC(135) Metaspace: 6298K(6464K)->6298K(6464K) NonClass: 5764K(5824K)->5764K(5824K) Class: 533K(640K)->533K(640K)
[8.358s][info][gc             ] GC(135) Pause Young (Allocation Failure) 1322M->1322M(1471M) 23.632ms
[8.358s][info][gc,cpu         ] GC(135) User=0.14s Sys=0.00s Real=0.02s
[8.388s][info][gc,start       ] GC(136) Pause Young (Allocation Failure)
[8.422s][info][gc,heap        ] GC(136) PSYoungGen: 65056K(65536K)->65056K(101888K) Eden: 25088K(25088K)->0K(22016K) From: 39968K(40448K)->65056K(79872K)
[8.422s][info][gc,heap        ] GC(136) ParOldGen: 1314265K(1441280K)->1314265K(1441280K)
[8.422s][info][gc,metaspace   ] GC(136) Metaspace: 6298K(6464K)->6298K(6464K) NonClass: 5764K(5824K)->5764K(5824K) Class: 533K(640K)->533K(640K)
[8.422s][info][gc             ] GC(136) Pause Young (Allocation Failure) 1346M->1346M(1507M) 34.261ms
[8.422s][info][gc,cpu         ] GC(136) User=0.16s Sys=0.00s Real=0.03s
[8.449s][info][gc,start       ] GC(137) Pause Young (Allocation Failure)
[8.493s][info][gc,heap        ] GC(137) PSYoungGen: 87072K(101888K)->85504K(107520K) Eden: 22016K(22016K)->0K(22016K) From: 65056K(79872K)->85504K(85504K)
[8.493s][info][gc,heap        ] GC(137) ParOldGen: 1314265K(1441280K)->1315849K(1441280K)
[8.493s][info][gc,metaspace   ] GC(137) Metaspace: 6298K(6464K)->6298K(6464K) NonClass: 5764K(5824K)->5764K(5824K) Class: 533K(640K)->533K(640K)
[8.493s][info][gc             ] GC(137) Pause Young (Allocation Failure) 1368M->1368M(1512M) 43.982ms
[8.493s][info][gc,cpu         ] GC(137) User=0.25s Sys=0.00s Real=0.04s
[8.767s][info][gc,start       ] GC(138) Pause Young (Allocation Failure)
[8.846s][info][gc,heap        ] GC(138) PSYoungGen: 107520K(107520K)->68512K(119808K) Eden: 22016K(22016K)->0K(21504K) From: 85504K(85504K)->68512K(98304K)
[8.846s][info][gc,heap        ] GC(138) ParOldGen: 1381385K(1441280K)->1420961K(1441280K)
[8.846s][info][gc,metaspace   ] GC(138) Metaspace: 6298K(6464K)->6298K(6464K) NonClass: 5764K(5824K)->5764K(5824K) Class: 533K(640K)->533K(640K)
[8.846s][info][gc             ] GC(138) Pause Young (Allocation Failure) 1454M->1454M(1524M) 79.804ms
[8.846s][info][gc,cpu         ] GC(138) User=0.50s Sys=0.02s Real=0.08s
[8.847s][info][gc,start       ] GC(139) Pause Full (Ergonomics)
[8.847s][info][gc,phases,start] GC(139) Marking Phase
[9.170s][info][gc,phases      ] GC(139) Marking Phase 323.943ms
[9.171s][info][gc,phases,start] GC(139) Summary Phase
[9.171s][info][gc,phases      ] GC(139) Summary Phase 0.028ms
[9.171s][info][gc,phases,start] GC(139) Adjust Roots
[9.171s][info][gc,phases      ] GC(139) Adjust Roots 0.239ms
[9.171s][info][gc,phases,start] GC(139) Compaction Phase
[9.496s][info][gc,phases      ] GC(139) Compaction Phase 324.852ms
[9.496s][info][gc,phases,start] GC(139) Post Compact
[9.499s][info][gc,phases      ] GC(139) Post Compact 2.995ms
[9.499s][info][gc,heap        ] GC(139) PSYoungGen: 68512K(119808K)->14592K(119808K) Eden: 0K(21504K)->0K(21504K) From: 68512K(98304K)->14592K(98304K)
[9.499s][info][gc,heap        ] GC(139) ParOldGen: 1420961K(1441280K)->1441229K(1584128K)
[9.499s][info][gc,metaspace   ] GC(139) Metaspace: 6298K(6464K)->6298K(6464K) NonClass: 5764K(5824K)->5764K(5824K) Class: 533K(640K)->533K(640K)
[9.499s][info][gc             ] GC(139) Pause Full (Ergonomics) 1454M->1421M(1664M) 652.866ms
[9.499s][info][gc,cpu         ] GC(139) User=4.59s Sys=0.03s Real=0.65s
[9.523s][info][gc,start       ] GC(140) Pause Young (Allocation Failure)
[9.602s][info][gc,heap        ] GC(140) PSYoungGen: 36096K(119808K)->36256K(57856K) Eden: 21504K(21504K)->0K(21504K) From: 14592K(98304K)->36256K(36352K)
[9.602s][info][gc,heap        ] GC(140) ParOldGen: 1441229K(1584128K)->1441229K(1584128K)
[9.602s][info][gc,metaspace   ] GC(140) Metaspace: 6298K(6464K)->6298K(6464K) NonClass: 5764K(5824K)->5764K(5824K) Class: 533K(640K)->533K(640K)
[9.602s][info][gc             ] GC(140) Pause Young (Allocation Failure) 1442M->1442M(1603M) 78.639ms
[9.602s][info][gc,cpu         ] GC(140) User=0.41s Sys=0.00s Real=0.08s
[9.623s][info][gc,start       ] GC(141) Pause Young (Allocation Failure)
[9.656s][info][gc,heap        ] GC(141) PSYoungGen: 57760K(57856K)->57792K(119808K) Eden: 21504K(21504K)->0K(23552K) From: 36256K(36352K)->57792K(96256K)
[9.656s][info][gc,heap        ] GC(141) ParOldGen: 1441229K(1584128K)->1441229K(1584128K)
[9.656s][info][gc,metaspace   ] GC(141) Metaspace: 6298K(6464K)->6298K(6464K) NonClass: 5764K(5824K)->5764K(5824K) Class: 533K(640K)->533K(640K)
[9.656s][info][gc             ] GC(141) Pause Young (Allocation Failure) 1463M->1463M(1664M) 32.566ms
[9.656s][info][gc,cpu         ] GC(141) User=0.06s Sys=0.00s Real=0.03s
[9.679s][info][gc,start       ] GC(142) Pause Young (Allocation Failure)
[9.719s][info][gc,heap        ] GC(142) PSYoungGen: 81344K(119808K)->81344K(120832K) Eden: 23552K(23552K)->0K(23552K) From: 57792K(96256K)->81344K(97280K)
[9.719s][info][gc,heap        ] GC(142) ParOldGen: 1441229K(1584128K)->1441229K(1584128K)
[9.719s][info][gc,metaspace   ] GC(142) Metaspace: 6298K(6464K)->6298K(6464K) NonClass: 5764K(5824K)->5764K(5824K) Class: 533K(640K)->533K(640K)
[9.719s][info][gc             ] GC(142) Pause Young (Allocation Failure) 1486M->1486M(1665M) 40.249ms
[9.719s][info][gc,cpu         ] GC(142) User=0.11s Sys=0.00s Real=0.04s
[9.742s][info][gc,start       ] GC(143) Pause Young (Allocation Failure)
[9.792s][info][gc,heap        ] GC(143) PSYoungGen: 104896K(120832K)->104448K(115712K) Eden: 23552K(23552K)->0K(11264K) From: 81344K(97280K)->104448K(104448K)
[9.792s][info][gc,heap        ] GC(143) ParOldGen: 1441229K(1584128K)->1441629K(1584128K)
[9.792s][info][gc,metaspace   ] GC(143) Metaspace: 6298K(6464K)->6298K(6464K) NonClass: 5764K(5824K)->5764K(5824K) Class: 533K(640K)->533K(640K)
[9.792s][info][gc             ] GC(143) Pause Young (Allocation Failure) 1509M->1509M(1660M) 49.573ms
[9.792s][info][gc,cpu         ] GC(143) User=0.33s Sys=0.05s Real=0.05s
[9.803s][info][gc,start       ] GC(144) Pause Young (Allocation Failure)
[9.855s][info][gc,heap        ] GC(144) PSYoungGen: 115712K(115712K)->104576K(130560K) Eden: 11264K(11264K)->0K(11264K) From: 104448K(104448K)->104576K(119296K)
[9.855s][info][gc,heap        ] GC(144) ParOldGen: 1441629K(1584128K)->1453045K(1584128K)
[9.855s][info][gc,metaspace   ] GC(144) Metaspace: 6298K(6464K)->6298K(6464K) NonClass: 5764K(5824K)->5764K(5824K) Class: 533K(640K)->533K(640K)
[9.855s][info][gc             ] GC(144) Pause Young (Allocation Failure) 1520M->1521M(1674M) 51.554ms
[9.855s][info][gc,cpu         ] GC(144) User=0.39s Sys=0.00s Real=0.05s
[9.866s][info][gc,start       ] GC(145) Pause Young (Allocation Failure)
[9.919s][info][gc,heap        ] GC(145) PSYoungGen: 115840K(130560K)->91072K(139264K) Eden: 11264K(11264K)->0K(8704K) From: 104576K(119296K)->91072K(130560K)
[9.919s][info][gc,heap        ] GC(145) ParOldGen: 1453045K(1584128K)->1478085K(1584128K)
[9.919s][info][gc,metaspace   ] GC(145) Metaspace: 6298K(6464K)->6298K(6464K) NonClass: 5764K(5824K)->5764K(5824K) Class: 533K(640K)->533K(640K)
[9.919s][info][gc             ] GC(145) Pause Young (Allocation Failure) 1532M->1532M(1683M) 52.791ms
[9.919s][info][gc,cpu         ] GC(145) User=0.38s Sys=0.02s Real=0.05s
[9.929s][info][gc,start       ] GC(146) Pause Young (Allocation Failure)
[9.976s][info][gc,heap        ] GC(146) PSYoungGen: 99776K(139264K)->54816K(64000K) Eden: 8704K(8704K)->0K(8704K) From: 91072K(130560K)->54816K(55296K)
[9.976s][info][gc,heap        ] GC(146) ParOldGen: 1478085K(1584128K)->1523501K(1584128K)
[9.976s][info][gc,metaspace   ] GC(146) Metaspace: 6298K(6464K)->6298K(6464K) NonClass: 5764K(5824K)->5764K(5824K) Class: 533K(640K)->533K(640K)
[9.976s][info][gc             ] GC(146) Pause Young (Allocation Failure) 1540M->1541M(1609M) 47.482ms
[9.976s][info][gc,cpu         ] GC(146) User=0.23s Sys=0.03s Real=0.05s
[9.985s][info][gc,start       ] GC(147) Pause Young (Allocation Failure)
[10.019s][info][gc,heap        ] GC(147) PSYoungGen: 63520K(64000K)->28768K(137728K) Eden: 8704K(8704K)->0K(10240K) From: 54816K(55296K)->28768K(127488K)
[10.019s][info][gc,heap        ] GC(147) ParOldGen: 1523501K(1584128K)->1558629K(1584128K)
[10.019s][info][gc,metaspace   ] GC(147) Metaspace: 6298K(6464K)->6298K(6464K) NonClass: 5764K(5824K)->5764K(5824K) Class: 533K(640K)->533K(640K)
[10.019s][info][gc             ] GC(147) Pause Young (Allocation Failure) 1549M->1550M(1681M) 33.837ms
[10.019s][info][gc,cpu         ] GC(147) User=0.11s Sys=0.03s Real=0.03s
[10.019s][info][gc,start       ] GC(148) Pause Full (Ergonomics)
[10.019s][info][gc,phases,start] GC(148) Marking Phase
[10.369s][info][gc,phases      ] GC(148) Marking Phase 349.812ms
[10.369s][info][gc,phases,start] GC(148) Summary Phase
[10.369s][info][gc,phases      ] GC(148) Summary Phase 0.035ms
[10.369s][info][gc,phases,start] GC(148) Adjust Roots
[10.369s][info][gc,phases      ] GC(148) Adjust Roots 0.164ms
[10.369s][info][gc,phases,start] GC(148) Compaction Phase
[10.535s][info][gc,phases      ] GC(148) Compaction Phase 165.736ms
[10.535s][info][gc,phases,start] GC(148) Post Compact
[10.538s][info][gc,phases      ] GC(148) Post Compact 2.990ms
[10.539s][info][gc,heap        ] GC(148) PSYoungGen: 28768K(137728K)->1501K(138752K) Eden: 0K(10240K)->0K(11264K) From: 28768K(127488K)->1501K(127488K)
[10.539s][info][gc,heap        ] GC(148) ParOldGen: 1558629K(1584128K)->1584124K(1750016K)
[10.539s][info][gc,metaspace   ] GC(148) Metaspace: 6298K(6464K)->6298K(6464K) NonClass: 5764K(5824K)->5764K(5824K) Class: 533K(640K)->533K(640K)
[10.539s][info][gc             ] GC(148) Pause Full (Ergonomics) 1550M->1548M(1844M) 519.860ms
[10.539s][info][gc,cpu         ] GC(148) User=3.61s Sys=0.02s Real=0.52s
[10.553s][info][gc,start       ] GC(149) Pause Young (Allocation Failure)
[10.631s][info][gc,heap        ] GC(149) PSYoungGen: 12765K(138752K)->12672K(139776K) Eden: 11264K(11264K)->0K(11264K) From: 1501K(127488K)->12672K(128512K)
[10.631s][info][gc,heap        ] GC(149) ParOldGen: 1584124K(1750016K)->1584388K(1750016K)
[10.631s][info][gc,metaspace   ] GC(149) Metaspace: 6298K(6464K)->6298K(6464K) NonClass: 5764K(5824K)->5764K(5824K) Class: 533K(640K)->533K(640K)
[10.632s][info][gc             ] GC(149) Pause Young (Allocation Failure) 1559M->1559M(1845M) 78.939ms
[10.632s][info][gc,cpu         ] GC(149) User=0.50s Sys=0.00s Real=0.08s
[10.644s][info][gc,start       ] GC(150) Pause Young (Allocation Failure)
[10.669s][info][gc,heap        ] GC(150) PSYoungGen: 23936K(139776K)->11392K(142848K) Eden: 11264K(11264K)->0K(12800K) From: 12672K(128512K)->11392K(130048K)
[10.670s][info][gc,heap        ] GC(150) ParOldGen: 1584388K(1750016K)->1597092K(1750016K)
[10.670s][info][gc,metaspace   ] GC(150) Metaspace: 6298K(6464K)->6298K(6464K) NonClass: 5764K(5824K)->5764K(5824K) Class: 533K(640K)->533K(640K)
[10.670s][info][gc             ] GC(150) Pause Young (Allocation Failure) 1570M->1570M(1848M) 25.368ms
[10.670s][info][gc,cpu         ] GC(150) User=0.03s Sys=0.00s Real=0.03s
[10.682s][info][gc,start       ] GC(151) Pause Young (Allocation Failure)
[10.705s][info][gc,heap        ] GC(151) PSYoungGen: 24192K(142848K)->12960K(142848K) Eden: 12800K(12800K)->0K(12800K) From: 11392K(130048K)->12960K(130048K)
[10.705s][info][gc,heap        ] GC(151) ParOldGen: 1597092K(1750016K)->1608500K(1750016K)
[10.705s][info][gc,metaspace   ] GC(151) Metaspace: 6298K(6464K)->6298K(6464K) NonClass: 5764K(5824K)->5764K(5824K) Class: 533K(640K)->533K(640K)
[10.705s][info][gc             ] GC(151) Pause Young (Allocation Failure) 1583M->1583M(1848M) 23.605ms
[10.705s][info][gc,cpu         ] GC(151) User=0.02s Sys=0.00s Real=0.02s
[10.719s][info][gc,start       ] GC(152) Pause Young (Allocation Failure)
[10.742s][info][gc,heap        ] GC(152) PSYoungGen: 25760K(142848K)->12928K(138240K) Eden: 12800K(12800K)->0K(14848K) From: 12960K(130048K)->12928K(123392K)
[10.742s][info][gc,heap        ] GC(152) ParOldGen: 1608500K(1750016K)->1621476K(1750016K)
[10.742s][info][gc,metaspace   ] GC(152) Metaspace: 6298K(6464K)->6298K(6464K) NonClass: 5764K(5824K)->5764K(5824K) Class: 533K(640K)->533K(640K)
[10.742s][info][gc             ] GC(152) Pause Young (Allocation Failure) 1595M->1596M(1844M) 23.677ms
[10.742s][info][gc,cpu         ] GC(152) User=0.02s Sys=0.00s Real=0.02s
[10.757s][info][gc,start       ] GC(153) Pause Young (Allocation Failure)
[10.783s][info][gc,heap        ] GC(153) PSYoungGen: 27776K(138240K)->14944K(30208K) Eden: 14848K(14848K)->0K(14848K) From: 12928K(123392K)->14944K(15360K)
[10.783s][info][gc,heap        ] GC(153) ParOldGen: 1621476K(1750016K)->1634444K(1750016K)
[10.783s][info][gc,metaspace   ] GC(153) Metaspace: 6298K(6464K)->6298K(6464K) NonClass: 5764K(5824K)->5764K(5824K) Class: 533K(640K)->533K(640K)
[10.783s][info][gc             ] GC(153) Pause Young (Allocation Failure) 1610M->1610M(1738M) 25.740ms
[10.783s][info][gc,cpu         ] GC(153) User=0.03s Sys=0.00s Real=0.03s
[10.797s][info][gc,start       ] GC(154) Pause Young (Allocation Failure)
[10.822s][info][gc,heap        ] GC(154) PSYoungGen: 29792K(30208K)->14976K(131584K) Eden: 14848K(14848K)->0K(16896K) From: 14944K(15360K)->14976K(114688K)
[10.822s][info][gc,heap        ] GC(154) ParOldGen: 1634444K(1750016K)->1649484K(1750016K)
[10.822s][info][gc,metaspace   ] GC(154) Metaspace: 6298K(6464K)->6298K(6464K) NonClass: 5764K(5824K)->5764K(5824K) Class: 533K(640K)->533K(640K)
[10.822s][info][gc             ] GC(154) Pause Young (Allocation Failure) 1625M->1625M(1837M) 24.864ms
[10.822s][info][gc,cpu         ] GC(154) User=0.03s Sys=0.00s Real=0.03s
[10.838s][info][gc,start       ] GC(155) Pause Young (Allocation Failure)
[10.862s][info][gc,heap        ] GC(155) PSYoungGen: 31872K(131584K)->17024K(34304K) Eden: 16896K(16896K)->0K(16896K) From: 14976K(114688K)->17024K(17408K)
[10.862s][info][gc,heap        ] GC(155) ParOldGen: 1649484K(1750016K)->1664532K(1750016K)
[10.862s][info][gc,metaspace   ] GC(155) Metaspace: 6298K(6464K)->6298K(6464K) NonClass: 5764K(5824K)->5764K(5824K) Class: 533K(640K)->533K(640K)
[10.862s][info][gc             ] GC(155) Pause Young (Allocation Failure) 1641M->1642M(1742M) 24.151ms
[10.862s][info][gc,cpu         ] GC(155) User=0.05s Sys=0.00s Real=0.02s
[10.879s][info][gc,start       ] GC(156) Pause Young (Allocation Failure)
[10.904s][info][gc,heap        ] GC(156) PSYoungGen: 33920K(34304K)->17024K(124928K) Eden: 16896K(16896K)->0K(19456K) From: 17024K(17408K)->17024K(105472K)
[10.904s][info][gc,heap        ] GC(156) ParOldGen: 1664532K(1750016K)->1681660K(1750016K)
[10.904s][info][gc,metaspace   ] GC(156) Metaspace: 6298K(6464K)->6298K(6464K) NonClass: 5764K(5824K)->5764K(5824K) Class: 533K(640K)->533K(640K)
[10.904s][info][gc             ] GC(156) Pause Young (Allocation Failure) 1658M->1658M(1831M) 25.380ms
[10.904s][info][gc,cpu         ] GC(156) User=0.03s Sys=0.00s Real=0.03s
[10.923s][info][gc,start       ] GC(157) Pause Young (Allocation Failure)
[10.951s][info][gc,heap        ] GC(157) PSYoungGen: 36480K(124928K)->19616K(39424K) Eden: 19456K(19456K)->0K(19456K) From: 17024K(105472K)->19616K(19968K)
[10.951s][info][gc,heap        ] GC(157) ParOldGen: 1681660K(1750016K)->1698772K(1750016K)
[10.951s][info][gc,metaspace   ] GC(157) Metaspace: 6298K(6464K)->6298K(6464K) NonClass: 5764K(5824K)->5764K(5824K) Class: 533K(640K)->533K(640K)
[10.951s][info][gc             ] GC(157) Pause Young (Allocation Failure) 1677M->1678M(1747M) 28.475ms
[10.951s][info][gc,cpu         ] GC(157) User=0.05s Sys=0.00s Real=0.03s
[10.972s][info][gc,start       ] GC(158) Pause Young (Allocation Failure)
[11.001s][info][gc,heap        ] GC(158) PSYoungGen: 39072K(39424K)->19552K(116736K) Eden: 19456K(19456K)->0K(22016K) From: 19616K(19968K)->19552K(94720K)
[11.001s][info][gc,heap        ] GC(158) ParOldGen: 1698772K(1750016K)->1718484K(1750016K)
[11.001s][info][gc,metaspace   ] GC(158) Metaspace: 6298K(6464K)->6298K(6464K) NonClass: 5764K(5824K)->5764K(5824K) Class: 533K(640K)->533K(640K)
[11.001s][info][gc             ] GC(158) Pause Young (Allocation Failure) 1697M->1697M(1823M) 29.748ms
[11.001s][info][gc,cpu         ] GC(158) User=0.03s Sys=0.00s Real=0.03s
[11.002s][info][gc,start       ] GC(159) Pause Full (Ergonomics)
[11.002s][info][gc,phases,start] GC(159) Marking Phase
[11.388s][info][gc,phases      ] GC(159) Marking Phase 386.370ms
[11.388s][info][gc,phases,start] GC(159) Summary Phase
[11.388s][info][gc,phases      ] GC(159) Summary Phase 0.047ms
[11.388s][info][gc,phases,start] GC(159) Adjust Roots
[11.388s][info][gc,phases      ] GC(159) Adjust Roots 0.168ms
[11.388s][info][gc,phases,start] GC(159) Compaction Phase
[11.550s][info][gc,phases      ] GC(159) Compaction Phase 161.316ms
[11.550s][info][gc,phases,start] GC(159) Post Compact
[11.553s][info][gc,phases      ] GC(159) Post Compact 3.011ms
[11.553s][info][gc,heap        ] GC(159) PSYoungGen: 19552K(116736K)->0K(121856K) Eden: 0K(22016K)->0K(22016K) From: 19552K(94720K)->0K(99840K)
[11.553s][info][gc,heap        ] GC(159) ParOldGen: 1718484K(1750016K)->1735835K(1895936K)
[11.553s][info][gc,metaspace   ] GC(159) Metaspace: 6298K(6464K)->6298K(6464K) NonClass: 5764K(5824K)->5764K(5824K) Class: 533K(640K)->533K(640K)
[11.553s][info][gc             ] GC(159) Pause Full (Ergonomics) 1697M->1695M(1970M) 551.788ms
[11.553s][info][gc,cpu         ] GC(159) User=4.05s Sys=0.00s Real=0.55s
[11.579s][info][gc,start       ] GC(160) Pause Young (Allocation Failure)
[11.605s][info][gc,heap        ] GC(160) PSYoungGen: 22016K(121856K)->22208K(113664K) Eden: 22016K(22016K)->0K(24576K) From: 0K(99840K)->22208K(89088K)
[11.605s][info][gc,heap        ] GC(160) ParOldGen: 1735835K(1895936K)->1735835K(1895936K)
[11.605s][info][gc,metaspace   ] GC(160) Metaspace: 6298K(6464K)->6298K(6464K) NonClass: 5764K(5824K)->5764K(5824K) Class: 533K(640K)->533K(640K)
[11.605s][info][gc             ] GC(160) Pause Young (Allocation Failure) 1716M->1716M(1962M) 25.363ms
[11.605s][info][gc,cpu         ] GC(160) User=0.03s Sys=0.00s Real=0.03s
[11.632s][info][gc,start       ] GC(161) Pause Young (Allocation Failure)
[11.663s][info][gc,heap        ] GC(161) PSYoungGen: 46784K(113664K)->46752K(119296K) Eden: 24576K(24576K)->0K(24576K) From: 22208K(89088K)->46752K(94720K)
[11.663s][info][gc,heap        ] GC(161) ParOldGen: 1735835K(1895936K)->1735835K(1895936K)
[11.663s][info][gc,metaspace   ] GC(161) Metaspace: 6298K(6464K)->6298K(6464K) NonClass: 5764K(5824K)->5764K(5824K) Class: 533K(640K)->533K(640K)
[11.663s][info][gc             ] GC(161) Pause Young (Allocation Failure) 1740M->1740M(1968M) 30.962ms
[11.663s][info][gc,cpu         ] GC(161) User=0.14s Sys=0.00s Real=0.03s
[11.689s][info][gc,start       ] GC(162) Pause Young (Allocation Failure)
[11.727s][info][gc,heap        ] GC(162) PSYoungGen: 71328K(119296K)->49344K(121344K) Eden: 24576K(24576K)->0K(27136K) From: 46752K(94720K)->49344K(94208K)
[11.727s][info][gc,heap        ] GC(162) ParOldGen: 1735835K(1895936K)->1758147K(1895936K)
[11.727s][info][gc,metaspace   ] GC(162) Metaspace: 6298K(6464K)->6298K(6464K) NonClass: 5764K(5824K)->5764K(5824K) Class: 533K(640K)->533K(640K)
[11.727s][info][gc             ] GC(162) Pause Young (Allocation Failure) 1764M->1765M(1970M) 38.053ms
[11.727s][info][gc,cpu         ] GC(162) User=0.16s Sys=0.00s Real=0.04s
[11.754s][info][gc,start       ] GC(163) Pause Young (Allocation Failure)
[11.794s][info][gc,heap        ] GC(163) PSYoungGen: 76480K(121344K)->51872K(121344K) Eden: 27136K(27136K)->0K(27136K) From: 49344K(94208K)->51872K(94208K)
[11.794s][info][gc,heap        ] GC(163) ParOldGen: 1758147K(1895936K)->1783051K(1895936K)
[11.794s][info][gc,metaspace   ] GC(163) Metaspace: 6298K(6464K)->6298K(6464K) NonClass: 5764K(5824K)->5764K(5824K) Class: 533K(640K)->533K(640K)
[11.794s][info][gc             ] GC(163) Pause Young (Allocation Failure) 1791M->1791M(1970M) 39.967ms
[11.794s][info][gc,cpu         ] GC(163) User=0.23s Sys=0.03s Real=0.04s
[11.824s][info][gc,start       ] GC(164) Pause Young (Allocation Failure)
[11.865s][info][gc,heap        ] GC(164) PSYoungGen: 79008K(121344K)->54432K(124416K) Eden: 27136K(27136K)->0K(29184K) From: 51872K(94208K)->54432K(95232K)
[11.865s][info][gc,heap        ] GC(164) ParOldGen: 1783051K(1895936K)->1807947K(1895936K)
[11.865s][info][gc,metaspace   ] GC(164) Metaspace: 6298K(6464K)->6298K(6464K) NonClass: 5764K(5824K)->5764K(5824K) Class: 533K(640K)->533K(640K)
[11.865s][info][gc             ] GC(164) Pause Young (Allocation Failure) 1818M->1818M(1973M) 40.674ms
[11.865s][info][gc,cpu         ] GC(164) User=0.25s Sys=0.00s Real=0.04s
[11.898s][info][gc,start       ] GC(165) Pause Young (Allocation Failure)
[11.941s][info][gc,heap        ] GC(165) PSYoungGen: 83616K(124416K)->56576K(125440K) Eden: 29184K(29184K)->0K(29184K) From: 54432K(95232K)->56576K(96256K)
[11.941s][info][gc,heap        ] GC(165) ParOldGen: 1807947K(1895936K)->1835427K(1895936K)
[11.941s][info][gc,metaspace   ] GC(165) Metaspace: 6298K(6464K)->6298K(6464K) NonClass: 5764K(5824K)->5764K(5824K) Class: 533K(640K)->533K(640K)
[11.941s][info][gc             ] GC(165) Pause Young (Allocation Failure) 1847M->1847M(1974M) 43.221ms
[11.941s][info][gc,cpu         ] GC(165) User=0.27s Sys=0.00s Real=0.04s
[11.974s][info][gc,start       ] GC(166) Pause Young (Allocation Failure)
[12.017s][info][gc,heap        ] GC(166) PSYoungGen: 85760K(125440K)->58560K(128512K) Eden: 29184K(29184K)->0K(31232K) From: 56576K(96256K)->58560K(97280K)
[12.017s][info][gc,heap        ] GC(166) ParOldGen: 1835427K(1895936K)->1862915K(1895936K)
[12.017s][info][gc,metaspace   ] GC(166) Metaspace: 6298K(6464K)->6298K(6464K) NonClass: 5764K(5824K)->5764K(5824K) Class: 533K(640K)->533K(640K)
[12.017s][info][gc             ] GC(166) Pause Young (Allocation Failure) 1876M->1876M(1977M) 43.482ms
[12.017s][info][gc,cpu         ] GC(166) User=0.23s Sys=0.03s Real=0.04s
[12.017s][info][gc,start       ] GC(167) Pause Full (Ergonomics)
[12.017s][info][gc,phases,start] GC(167) Marking Phase
[12.448s][info][gc,phases      ] GC(167) Marking Phase 431.209ms
[12.448s][info][gc,phases,start] GC(167) Summary Phase
[12.448s][info][gc,phases      ] GC(167) Summary Phase 0.036ms
[12.448s][info][gc,phases,start] GC(167) Adjust Roots
[12.449s][info][gc,phases      ] GC(167) Adjust Roots 0.190ms
[12.449s][info][gc,phases,start] GC(167) Compaction Phase
[12.647s][info][gc,phases      ] GC(167) Compaction Phase 198.663ms
[12.647s][info][gc,phases,start] GC(167) Post Compact
[12.651s][info][gc,phases      ] GC(167) Post Compact 3.403ms
[12.651s][info][gc,heap        ] GC(167) PSYoungGen: 58560K(128512K)->23562K(128512K) Eden: 0K(31232K)->0K(31232K) From: 58560K(97280K)->23562K(97280K)
[12.651s][info][gc,heap        ] GC(167) ParOldGen: 1862915K(1895936K)->1895859K(2077696K)
[12.651s][info][gc,metaspace   ] GC(167) Metaspace: 6298K(6464K)->6298K(6464K) NonClass: 5764K(5824K)->5764K(5824K) Class: 533K(640K)->533K(640K)
[12.652s][info][gc             ] GC(167) Pause Full (Ergonomics) 1876M->1874M(2154M) 634.425ms
[12.652s][info][gc,cpu         ] GC(167) User=4.39s Sys=0.00s Real=0.63s
[12.689s][info][gc,start       ] GC(168) Pause Young (Allocation Failure)
[12.795s][info][gc,heap        ] GC(168) PSYoungGen: 54794K(128512K)->43712K(75264K) Eden: 31232K(31232K)->0K(31232K) From: 23562K(97280K)->43712K(44032K)
[12.795s][info][gc,heap        ] GC(168) ParOldGen: 1895859K(2077696K)->1907331K(2077696K)
[12.795s][info][gc,metaspace   ] GC(168) Metaspace: 6298K(6464K)->6298K(6464K) NonClass: 5764K(5824K)->5764K(5824K) Class: 533K(640K)->533K(640K)
[12.795s][info][gc             ] GC(168) Pause Young (Allocation Failure) 1904M->1905M(2102M) 105.577ms
[12.795s][info][gc,cpu         ] GC(168) User=0.62s Sys=0.02s Real=0.11s
[12.831s][info][gc,start       ] GC(169) Pause Young (Allocation Failure)
[12.872s][info][gc,heap        ] GC(169) PSYoungGen: 74944K(75264K)->74976K(120832K) Eden: 31232K(31232K)->0K(27136K) From: 43712K(44032K)->74976K(93696K)
[12.872s][info][gc,heap        ] GC(169) ParOldGen: 1907331K(2077696K)->1907331K(2077696K)
[12.872s][info][gc,metaspace   ] GC(169) Metaspace: 6298K(6464K)->6298K(6464K) NonClass: 5764K(5824K)->5764K(5824K) Class: 533K(640K)->533K(640K)
[12.872s][info][gc             ] GC(169) Pause Young (Allocation Failure) 1935M->1935M(2147M) 41.410ms
[12.872s][info][gc,cpu         ] GC(169) User=0.27s Sys=0.00s Real=0.04s
[12.907s][info][gc,start       ] GC(170) Pause Young (Allocation Failure)
[12.959s][info][gc,heap        ] GC(170) PSYoungGen: 102112K(120832K)->100864K(128000K) Eden: 27136K(27136K)->0K(27136K) From: 74976K(93696K)->100864K(100864K)
[12.959s][info][gc,heap        ] GC(170) ParOldGen: 1907331K(2077696K)->1908571K(2077696K)
[12.959s][info][gc,metaspace   ] GC(170) Metaspace: 6298K(6464K)->6298K(6464K) NonClass: 5764K(5824K)->5764K(5824K) Class: 533K(640K)->533K(640K)
[12.959s][info][gc             ] GC(170) Pause Young (Allocation Failure) 1962M->1962M(2154M) 52.155ms
[12.959s][info][gc,cpu         ] GC(170) User=0.38s Sys=0.00s Real=0.05s
[12.993s][info][gc,start       ] GC(171) Pause Young (Allocation Failure)
[13.058s][info][gc,heap        ] GC(171) PSYoungGen: 128000K(128000K)->84896K(140800K) Eden: 27136K(27136K)->0K(24064K) From: 100864K(100864K)->84896K(116736K)
[13.058s][info][gc,heap        ] GC(171) ParOldGen: 1908571K(2077696K)->1952227K(2077696K)
[13.058s][info][gc,metaspace   ] GC(171) Metaspace: 6298K(6464K)->6298K(6464K) NonClass: 5764K(5824K)->5764K(5824K) Class: 533K(640K)->533K(640K)
[13.058s][info][gc             ] GC(171) Pause Young (Allocation Failure) 1988M->1989M(2166M) 65.790ms
[13.058s][info][gc,cpu         ] GC(171) User=0.42s Sys=0.02s Real=0.07s
[13.083s][info][gc,start       ] GC(172) Pause Young (Allocation Failure)
[13.139s][info][gc,heap        ] GC(172) PSYoungGen: 108960K(140800K)->78048K(146944K) Eden: 24064K(24064K)->0K(24064K) From: 84896K(116736K)->78048K(122880K)
[13.139s][info][gc,heap        ] GC(172) ParOldGen: 1952227K(2077696K)->1983539K(2077696K)
[13.139s][info][gc,metaspace   ] GC(172) Metaspace: 6298K(6464K)->6298K(6464K) NonClass: 5764K(5824K)->5764K(5824K) Class: 533K(640K)->533K(640K)
[13.139s][info][gc             ] GC(172) Pause Young (Allocation Failure) 2012M->2013M(2172M) 55.539ms
[13.139s][info][gc,cpu         ] GC(172) User=0.36s Sys=0.03s Real=0.06s
[13.164s][info][gc,start       ] GC(173) Pause Young (Allocation Failure)
[13.217s][info][gc,heap        ] GC(173) PSYoungGen: 102112K(146944K)->75456K(152064K) Eden: 24064K(24064K)->0K(27136K) From: 78048K(122880K)->75456K(124928K)
[13.217s][info][gc,heap        ] GC(173) ParOldGen: 1983539K(2077696K)->2010595K(2077696K)
[13.217s][info][gc,metaspace   ] GC(173) Metaspace: 6298K(6464K)->6298K(6464K) NonClass: 5764K(5824K)->5764K(5824K) Class: 533K(640K)->533K(640K)
[13.217s][info][gc             ] GC(173) Pause Young (Allocation Failure) 2036M->2037M(2177M) 52.972ms
[13.217s][info][gc,cpu         ] GC(173) User=0.38s Sys=0.02s Real=0.05s
[13.245s][info][gc,start       ] GC(174) Pause Young (Allocation Failure)
[13.298s][info][gc,heap        ] GC(174) PSYoungGen: 102592K(152064K)->51424K(78848K) Eden: 27136K(27136K)->0K(27136K) From: 75456K(124928K)->51424K(51712K)
[13.299s][info][gc,heap        ] GC(174) ParOldGen: 2010595K(2077696K)->2062467K(2077696K)
[13.299s][info][gc,metaspace   ] GC(174) Metaspace: 6298K(6464K)->6298K(6464K) NonClass: 5764K(5824K)->5764K(5824K) Class: 533K(640K)->533K(640K)
[13.299s][info][gc             ] GC(174) Pause Young (Allocation Failure) 2063M->2064M(2106M) 53.760ms
[13.299s][info][gc,cpu         ] GC(174) User=0.34s Sys=0.02s Real=0.05s
[13.299s][info][gc,start       ] GC(175) Pause Full (Ergonomics)
[13.299s][info][gc,phases,start] GC(175) Marking Phase
[13.763s][info][gc,phases      ] GC(175) Marking Phase 464.545ms
[13.763s][info][gc,phases,start] GC(175) Summary Phase
[13.763s][info][gc,phases      ] GC(175) Summary Phase 0.036ms
[13.763s][info][gc,phases,start] GC(175) Adjust Roots
[13.764s][info][gc,phases      ] GC(175) Adjust Roots 0.192ms
[13.764s][info][gc,phases,start] GC(175) Compaction Phase
[13.970s][info][gc,phases      ] GC(175) Compaction Phase 206.224ms
[13.970s][info][gc,phases,start] GC(175) Post Compact
[13.974s][info][gc,phases      ] GC(175) Post Compact 4.138ms
[13.975s][info][gc,heap        ] GC(175) PSYoungGen: 51424K(78848K)->33764K(78848K) Eden: 0K(27136K)->0K(27136K) From: 51424K(51712K)->33764K(51712K)
[13.975s][info][gc,heap        ] GC(175) ParOldGen: 2062467K(2077696K)->2077435K(2184704K)
[13.975s][info][gc,metaspace   ] GC(175) Metaspace: 6298K(6464K)->6298K(6464K) NonClass: 5764K(5824K)->5764K(5824K) Class: 533K(640K)->533K(640K)
[13.975s][info][gc             ] GC(175) Pause Full (Ergonomics) 2064M->2061M(2210M) 675.995ms
[13.975s][info][gc,cpu         ] GC(175) User=4.84s Sys=0.02s Real=0.68s
[14.004s][info][gc,start       ] GC(176) Pause Young (Allocation Failure)
[14.126s][info][gc,heap        ] GC(176) PSYoungGen: 60900K(78848K)->27232K(146944K) Eden: 27136K(27136K)->0K(30208K) From: 33764K(51712K)->27232K(116736K)
[14.126s][info][gc,heap        ] GC(176) ParOldGen: 2077435K(2184704K)->2111619K(2184704K)
[14.126s][info][gc,metaspace   ] GC(176) Metaspace: 6298K(6464K)->6298K(6464K) NonClass: 5764K(5824K)->5764K(5824K) Class: 533K(640K)->533K(640K)
[14.126s][info][gc             ] GC(176) Pause Young (Allocation Failure) 2088M->2088M(2277M) 121.695ms
[14.126s][info][gc,cpu         ] GC(176) User=0.77s Sys=0.02s Real=0.12s
[14.157s][info][gc,start       ] GC(177) Pause Young (Allocation Failure)
[14.192s][info][gc,heap        ] GC(177) PSYoungGen: 57440K(146944K)->30368K(148480K) Eden: 30208K(30208K)->0K(30208K) From: 27232K(116736K)->30368K(118272K)
[14.192s][info][gc,heap        ] GC(177) ParOldGen: 2111619K(2184704K)->2139115K(2184704K)
[14.192s][info][gc,metaspace   ] GC(177) Metaspace: 6298K(6464K)->6298K(6464K) NonClass: 5764K(5824K)->5764K(5824K) Class: 533K(640K)->533K(640K)
[14.192s][info][gc             ] GC(177) Pause Young (Allocation Failure) 2118M->2118M(2278M) 35.444ms
[14.192s][info][gc,cpu         ] GC(177) User=0.17s Sys=0.00s Real=0.03s
[14.193s][info][gc,start       ] GC(178) Pause Full (Ergonomics)
[14.193s][info][gc,phases,start] GC(178) Marking Phase
[14.666s][info][gc,phases      ] GC(178) Marking Phase 473.571ms
[14.666s][info][gc,phases,start] GC(178) Summary Phase
[14.666s][info][gc,phases      ] GC(178) Summary Phase 0.043ms
[14.666s][info][gc,phases,start] GC(178) Adjust Roots
[14.666s][info][gc,phases      ] GC(178) Adjust Roots 0.164ms
[14.666s][info][gc,phases,start] GC(178) Compaction Phase
[14.838s][info][gc,phases      ] GC(178) Compaction Phase 171.256ms
[14.838s][info][gc,phases,start] GC(178) Post Compact
[14.842s][info][gc,phases      ] GC(178) Post Compact 3.888ms
[14.842s][info][gc,heap        ] GC(178) PSYoungGen: 30368K(148480K)->0K(150016K) Eden: 0K(30208K)->0K(33792K) From: 30368K(118272K)->0K(116224K)
[14.842s][info][gc,heap        ] GC(178) ParOldGen: 2139115K(2184704K)->2168483K(2184704K)
[14.842s][info][gc,metaspace   ] GC(178) Metaspace: 6298K(6464K)->6298K(6464K) NonClass: 5764K(5824K)->5764K(5824K) Class: 533K(640K)->533K(640K)
[14.842s][info][gc             ] GC(178) Pause Full (Ergonomics) 2118M->2117M(2280M) 649.254ms
[14.842s][info][gc,cpu         ] GC(178) User=4.78s Sys=0.00s Real=0.65s
[14.881s][info][gc,start       ] GC(179) Pause Full (Ergonomics)
[14.881s][info][gc,phases,start] GC(179) Marking Phase
[15.370s][info][gc,phases      ] GC(179) Marking Phase 488.509ms
[15.370s][info][gc,phases,start] GC(179) Summary Phase
[15.370s][info][gc,phases      ] GC(179) Summary Phase 0.038ms
[15.370s][info][gc,phases,start] GC(179) Adjust Roots
[15.370s][info][gc,phases      ] GC(179) Adjust Roots 0.197ms
[15.370s][info][gc,phases,start] GC(179) Compaction Phase
[15.532s][info][gc,phases      ] GC(179) Compaction Phase 161.440ms
[15.532s][info][gc,phases,start] GC(179) Post Compact
[15.536s][info][gc,phases      ] GC(179) Post Compact 3.927ms
[15.536s][info][gc,heap        ] GC(179) PSYoungGen: 33792K(150016K)->17902K(150016K) Eden: 33792K(33792K)->17902K(33792K) From: 0K(116224K)->0K(116224K)
[15.536s][info][gc,heap        ] GC(179) ParOldGen: 2168483K(2184704K)->2184341K(2184704K)
[15.536s][info][gc,metaspace   ] GC(179) Metaspace: 6298K(6464K)->6298K(6464K) NonClass: 5764K(5824K)->5764K(5824K) Class: 533K(640K)->533K(640K)
[15.536s][info][gc             ] GC(179) Pause Full (Ergonomics) 2150M->2150M(2280M) 654.527ms
[15.536s][info][gc,cpu         ] GC(179) User=4.78s Sys=0.02s Real=0.65s
[15.559s][info][gc,start       ] GC(180) Pause Full (Ergonomics)
[15.559s][info][gc,phases,start] GC(180) Marking Phase
[16.065s][info][gc,phases      ] GC(180) Marking Phase 506.020ms
[16.065s][info][gc,phases,start] GC(180) Summary Phase
[16.065s][info][gc,phases      ] GC(180) Summary Phase 0.032ms
[16.065s][info][gc,phases,start] GC(180) Adjust Roots
[16.065s][info][gc,phases      ] GC(180) Adjust Roots 0.163ms
[16.065s][info][gc,phases,start] GC(180) Compaction Phase
[16.219s][info][gc,phases      ] GC(180) Compaction Phase 153.887ms
[16.219s][info][gc,phases,start] GC(180) Post Compact
[16.223s][info][gc,phases      ] GC(180) Post Compact 3.686ms
[16.223s][info][gc,heap        ] GC(180) PSYoungGen: 33792K(150016K)->33776K(150016K) Eden: 33792K(33792K)->33776K(33792K) From: 0K(116224K)->0K(116224K)
[16.223s][info][gc,heap        ] GC(180) ParOldGen: 2184341K(2184704K)->2184341K(2184704K)
[16.223s][info][gc,metaspace   ] GC(180) Metaspace: 6298K(6464K)->6298K(6464K) NonClass: 5764K(5824K)->5764K(5824K) Class: 533K(640K)->533K(640K)
[16.223s][info][gc             ] GC(180) Pause Full (Ergonomics) 2166M->2166M(2280M) 664.180ms
[16.223s][info][gc,cpu         ] GC(180) User=4.83s Sys=0.00s Real=0.66s
[16.223s][info][gc,start       ] GC(181) Pause Full (Ergonomics)
[16.223s][info][gc,phases,start] GC(181) Marking Phase
[16.736s][info][gc,phases      ] GC(181) Marking Phase 512.933ms
[16.736s][info][gc,phases,start] GC(181) Summary Phase
[16.736s][info][gc,phases      ] GC(181) Summary Phase 0.032ms
[16.736s][info][gc,phases,start] GC(181) Adjust Roots
[16.736s][info][gc,phases      ] GC(181) Adjust Roots 0.163ms
[16.736s][info][gc,phases,start] GC(181) Compaction Phase
[16.885s][info][gc,phases      ] GC(181) Compaction Phase 148.601ms
[16.885s][info][gc,phases,start] GC(181) Post Compact
[16.889s][info][gc,phases      ] GC(181) Post Compact 3.832ms
[16.889s][info][gc,heap        ] GC(181) PSYoungGen: 33792K(150016K)->33791K(150016K) Eden: 33792K(33792K)->33791K(33792K) From: 0K(116224K)->0K(116224K)
[16.889s][info][gc,heap        ] GC(181) ParOldGen: 2184341K(2184704K)->2184341K(2184704K)
[16.889s][info][gc,metaspace   ] GC(181) Metaspace: 6298K(6464K)->6298K(6464K) NonClass: 5764K(5824K)->5764K(5824K) Class: 533K(640K)->533K(640K)
[16.889s][info][gc             ] GC(181) Pause Full (Ergonomics) 2166M->2166M(2280M) 665.912ms
[16.889s][info][gc,cpu         ] GC(181) User=4.98s Sys=0.00s Real=0.67s
[16.889s][info][gc,start       ] GC(182) Pause Full (Ergonomics)
[16.889s][info][gc,phases,start] GC(182) Marking Phase
[17.405s][info][gc,phases      ] GC(182) Marking Phase 516.163ms
[17.405s][info][gc,phases,start] GC(182) Summary Phase
[17.405s][info][gc,phases      ] GC(182) Summary Phase 0.032ms
[17.405s][info][gc,phases,start] GC(182) Adjust Roots
[17.406s][info][gc,phases      ] GC(182) Adjust Roots 0.162ms
[17.406s][info][gc,phases,start] GC(182) Compaction Phase
[17.556s][info][gc,phases      ] GC(182) Compaction Phase 150.322ms
[17.556s][info][gc,phases,start] GC(182) Post Compact
[17.561s][info][gc,phases      ] GC(182) Post Compact 5.316ms
[17.561s][info][gc,heap        ] GC(182) PSYoungGen: 33791K(150016K)->33791K(150016K) Eden: 33791K(33792K)->33791K(33792K) From: 0K(116224K)->0K(116224K)
[17.561s][info][gc,heap        ] GC(182) ParOldGen: 2184341K(2184704K)->2184341K(2184704K)
[17.561s][info][gc,metaspace   ] GC(182) Metaspace: 6298K(6464K)->6298K(6464K) NonClass: 5764K(5824K)->5764K(5824K) Class: 533K(640K)->533K(640K)
[17.562s][info][gc             ] GC(182) Pause Full (Ergonomics) 2166M->2166M(2280M) 672.394ms
[17.562s][info][gc,cpu         ] GC(182) User=5.03s Sys=0.00s Real=0.67s
[17.562s][info][gc,start       ] GC(183) Pause Full (Ergonomics)
[17.562s][info][gc,phases,start] GC(183) Marking Phase
[18.063s][info][gc,phases      ] GC(183) Marking Phase 500.697ms
[18.063s][info][gc,phases,start] GC(183) Summary Phase
[18.063s][info][gc,phases      ] GC(183) Summary Phase 0.033ms
[18.063s][info][gc,phases,start] GC(183) Adjust Roots
[18.063s][info][gc,phases      ] GC(183) Adjust Roots 0.190ms
[18.063s][info][gc,phases,start] GC(183) Compaction Phase
[18.214s][info][gc,phases      ] GC(183) Compaction Phase 150.696ms
[18.214s][info][gc,phases,start] GC(183) Post Compact
[18.218s][info][gc,phases      ] GC(183) Post Compact 4.134ms
[18.218s][info][gc,heap        ] GC(183) PSYoungGen: 33792K(150016K)->33792K(150016K) Eden: 33792K(33792K)->33792K(33792K) From: 0K(116224K)->0K(116224K)
[18.218s][info][gc,heap        ] GC(183) ParOldGen: 2184345K(2184704K)->2184345K(2184704K)
[18.218s][info][gc,metaspace   ] GC(183) Metaspace: 6298K(6464K)->6298K(6464K) NonClass: 5764K(5824K)->5764K(5824K) Class: 533K(640K)->533K(640K)
[18.218s][info][gc             ] GC(183) Pause Full (Ergonomics) 2166M->2166M(2280M) 656.101ms
[18.218s][info][gc,cpu         ] GC(183) User=4.94s Sys=0.00s Real=0.66s
[18.218s][info][gc,start       ] GC(184) Pause Full (Ergonomics)
[18.218s][info][gc,phases,start] GC(184) Marking Phase
[18.719s][info][gc,phases      ] GC(184) Marking Phase 500.765ms
[18.719s][info][gc,phases,start] GC(184) Summary Phase
[18.719s][info][gc,phases      ] GC(184) Summary Phase 0.033ms
[18.719s][info][gc,phases,start] GC(184) Adjust Roots
[18.719s][info][gc,phases      ] GC(184) Adjust Roots 0.203ms
[18.719s][info][gc,phases,start] GC(184) Compaction Phase
[18.868s][info][gc,phases      ] GC(184) Compaction Phase 148.413ms
[18.868s][info][gc,phases,start] GC(184) Post Compact
[18.872s][info][gc,phases      ] GC(184) Post Compact 4.300ms
[18.872s][info][gc,heap        ] GC(184) PSYoungGen: 33792K(150016K)->33792K(150016K) Eden: 33792K(33792K)->33792K(33792K) From: 0K(116224K)->0K(116224K)
[18.872s][info][gc,heap        ] GC(184) ParOldGen: 2184350K(2184704K)->2184350K(2184704K)
[18.872s][info][gc,metaspace   ] GC(184) Metaspace: 6298K(6464K)->6298K(6464K) NonClass: 5764K(5824K)->5764K(5824K) Class: 533K(640K)->533K(640K)
[18.872s][info][gc             ] GC(184) Pause Full (Ergonomics) 2166M->2166M(2280M) 654.066ms
[18.872s][info][gc,cpu         ] GC(184) User=4.97s Sys=0.00s Real=0.65s
[18.872s][info][gc,start       ] GC(185) Pause Full (Ergonomics)
[18.872s][info][gc,phases,start] GC(185) Marking Phase
[19.368s][info][gc,phases      ] GC(185) Marking Phase 495.618ms
[19.368s][info][gc,phases,start] GC(185) Summary Phase
[19.368s][info][gc,phases      ] GC(185) Summary Phase 0.035ms
[19.368s][info][gc,phases,start] GC(185) Adjust Roots
[19.368s][info][gc,phases      ] GC(185) Adjust Roots 0.172ms
[19.368s][info][gc,phases,start] GC(185) Compaction Phase
[19.531s][info][gc,phases      ] GC(185) Compaction Phase 162.430ms
[19.531s][info][gc,phases,start] GC(185) Post Compact
[19.536s][info][gc,phases      ] GC(185) Post Compact 5.158ms
[19.536s][info][gc,heap        ] GC(185) PSYoungGen: 33792K(150016K)->33792K(150016K) Eden: 33792K(33792K)->33792K(33792K) From: 0K(116224K)->0K(116224K)
[19.536s][info][gc,heap        ] GC(185) ParOldGen: 2184355K(2184704K)->2184355K(2184704K)
[19.536s][info][gc,metaspace   ] GC(185) Metaspace: 6298K(6464K)->6298K(6464K) NonClass: 5764K(5824K)->5764K(5824K) Class: 533K(640K)->533K(640K)
[19.536s][info][gc             ] GC(185) Pause Full (Ergonomics) 2166M->2166M(2280M) 663.826ms
[19.536s][info][gc,cpu         ] GC(185) User=4.83s Sys=0.00s Real=0.66s
[19.537s][info][gc,start       ] GC(186) Pause Full (Ergonomics)
[19.537s][info][gc,phases,start] GC(186) Marking Phase
[20.068s][info][gc,phases      ] GC(186) Marking Phase 531.077ms
[20.068s][info][gc,phases,start] GC(186) Summary Phase
[20.068s][info][gc,phases      ] GC(186) Summary Phase 0.042ms
[20.068s][info][gc,phases,start] GC(186) Adjust Roots
[20.068s][info][gc,phases      ] GC(186) Adjust Roots 0.202ms
[20.068s][info][gc,phases,start] GC(186) Compaction Phase
[20.237s][info][gc,phases      ] GC(186) Compaction Phase 169.087ms
[20.237s][info][gc,phases,start] GC(186) Post Compact
[20.241s][info][gc,phases      ] GC(186) Post Compact 4.130ms
[20.241s][info][gc,heap        ] GC(186) PSYoungGen: 33792K(150016K)->33792K(150016K) Eden: 33792K(33792K)->33792K(33792K) From: 0K(116224K)->0K(116224K)
[20.241s][info][gc,heap        ] GC(186) ParOldGen: 2184359K(2184704K)->2184359K(2184704K)
[20.241s][info][gc,metaspace   ] GC(186) Metaspace: 6298K(6464K)->6298K(6464K) NonClass: 5764K(5824K)->5764K(5824K) Class: 533K(640K)->533K(640K)
[20.241s][info][gc             ] GC(186) Pause Full (Ergonomics) 2166M->2166M(2280M) 704.928ms
[20.241s][info][gc,cpu         ] GC(186) User=4.98s Sys=0.00s Real=0.71s
[20.242s][info][gc,start       ] GC(187) Pause Full (Ergonomics)
[20.242s][info][gc,phases,start] GC(187) Marking Phase
[20.752s][info][gc,phases      ] GC(187) Marking Phase 510.123ms
[20.752s][info][gc,phases,start] GC(187) Summary Phase
[20.752s][info][gc,phases      ] GC(187) Summary Phase 0.035ms
[20.752s][info][gc,phases,start] GC(187) Adjust Roots
[20.752s][info][gc,phases      ] GC(187) Adjust Roots 0.167ms
[20.752s][info][gc,phases,start] GC(187) Compaction Phase
[20.903s][info][gc,phases      ] GC(187) Compaction Phase 151.283ms
[20.903s][info][gc,phases,start] GC(187) Post Compact
[20.907s][info][gc,phases      ] GC(187) Post Compact 3.760ms
[20.907s][info][gc,heap        ] GC(187) PSYoungGen: 33792K(150016K)->33792K(150016K) Eden: 33792K(33792K)->33792K(33792K) From: 0K(116224K)->0K(116224K)
[20.907s][info][gc,heap        ] GC(187) ParOldGen: 2184364K(2184704K)->2184364K(2184704K)
[20.907s][info][gc,metaspace   ] GC(187) Metaspace: 6298K(6464K)->6298K(6464K) NonClass: 5764K(5824K)->5764K(5824K) Class: 533K(640K)->533K(640K)
[20.907s][info][gc             ] GC(187) Pause Full (Ergonomics) 2166M->2166M(2280M) 665.738ms
[20.907s][info][gc,cpu         ] GC(187) User=4.91s Sys=0.00s Real=0.67s
[20.908s][info][gc,start       ] GC(188) Pause Full (Ergonomics)
[20.908s][info][gc,phases,start] GC(188) Marking Phase
[21.400s][info][gc,phases      ] GC(188) Marking Phase 492.437ms
[21.400s][info][gc,phases,start] GC(188) Summary Phase
[21.400s][info][gc,phases      ] GC(188) Summary Phase 0.033ms
[21.400s][info][gc,phases,start] GC(188) Adjust Roots
[21.400s][info][gc,phases      ] GC(188) Adjust Roots 0.162ms
[21.400s][info][gc,phases,start] GC(188) Compaction Phase
[21.558s][info][gc,phases      ] GC(188) Compaction Phase 157.825ms
[21.558s][info][gc,phases,start] GC(188) Post Compact
[21.562s][info][gc,phases      ] GC(188) Post Compact 4.179ms
[21.563s][info][gc,heap        ] GC(188) PSYoungGen: 33792K(150016K)->33792K(150016K) Eden: 33792K(33792K)->33792K(33792K) From: 0K(116224K)->0K(116224K)
[21.563s][info][gc,heap        ] GC(188) ParOldGen: 2184369K(2184704K)->2184369K(2184704K)
[21.563s][info][gc,metaspace   ] GC(188) Metaspace: 6298K(6464K)->6298K(6464K) NonClass: 5764K(5824K)->5764K(5824K) Class: 533K(640K)->533K(640K)
[21.563s][info][gc             ] GC(188) Pause Full (Ergonomics) 2166M->2166M(2280M) 654.977ms
[21.563s][info][gc,cpu         ] GC(188) User=4.88s Sys=0.00s Real=0.65s
[21.563s][info][gc,start       ] GC(189) Pause Full (Ergonomics)
[21.563s][info][gc,phases,start] GC(189) Marking Phase
[22.074s][info][gc,phases      ] GC(189) Marking Phase 510.800ms
[22.074s][info][gc,phases,start] GC(189) Summary Phase
[22.074s][info][gc,phases      ] GC(189) Summary Phase 0.032ms
[22.074s][info][gc,phases,start] GC(189) Adjust Roots
[22.074s][info][gc,phases      ] GC(189) Adjust Roots 0.176ms
[22.074s][info][gc,phases,start] GC(189) Compaction Phase
[22.247s][info][gc,phases      ] GC(189) Compaction Phase 173.094ms
[22.247s][info][gc,phases,start] GC(189) Post Compact
[22.251s][info][gc,phases      ] GC(189) Post Compact 4.167ms
[22.251s][info][gc,heap        ] GC(189) PSYoungGen: 33792K(150016K)->33792K(150016K) Eden: 33792K(33792K)->33792K(33792K) From: 0K(116224K)->0K(116224K)
[22.251s][info][gc,heap        ] GC(189) ParOldGen: 2184373K(2184704K)->2184373K(2184704K)
[22.251s][info][gc,metaspace   ] GC(189) Metaspace: 6298K(6464K)->6298K(6464K) NonClass: 5764K(5824K)->5764K(5824K) Class: 533K(640K)->533K(640K)
[22.251s][info][gc             ] GC(189) Pause Full (Ergonomics) 2166M->2166M(2280M) 688.610ms
[22.251s][info][gc,cpu         ] GC(189) User=5.00s Sys=0.00s Real=0.69s
[22.252s][info][gc,start       ] GC(190) Pause Full (Ergonomics)
[22.252s][info][gc,phases,start] GC(190) Marking Phase
[22.756s][info][gc,phases      ] GC(190) Marking Phase 504.707ms
[22.756s][info][gc,phases,start] GC(190) Summary Phase
[22.757s][info][gc,phases      ] GC(190) Summary Phase 0.038ms
[22.757s][info][gc,phases,start] GC(190) Adjust Roots
[22.757s][info][gc,phases      ] GC(190) Adjust Roots 0.183ms
[22.757s][info][gc,phases,start] GC(190) Compaction Phase
[22.909s][info][gc,phases      ] GC(190) Compaction Phase 151.928ms
[22.909s][info][gc,phases,start] GC(190) Post Compact
[22.913s][info][gc,phases      ] GC(190) Post Compact 4.057ms
[22.913s][info][gc,heap        ] GC(190) PSYoungGen: 33792K(150016K)->33792K(150016K) Eden: 33792K(33792K)->33792K(33792K) From: 0K(116224K)->0K(116224K)
[22.913s][info][gc,heap        ] GC(190) ParOldGen: 2184378K(2184704K)->2184378K(2184704K)
[22.913s][info][gc,metaspace   ] GC(190) Metaspace: 6298K(6464K)->6298K(6464K) NonClass: 5764K(5824K)->5764K(5824K) Class: 533K(640K)->533K(640K)
[22.913s][info][gc             ] GC(190) Pause Full (Ergonomics) 2166M->2166M(2280M) 661.285ms
[22.913s][info][gc,cpu         ] GC(190) User=5.00s Sys=0.02s Real=0.66s
[22.913s][info][gc,start       ] GC(191) Pause Full (Ergonomics)
[22.913s][info][gc,phases,start] GC(191) Marking Phase
[23.432s][info][gc,phases      ] GC(191) Marking Phase 518.398ms
[23.432s][info][gc,phases,start] GC(191) Summary Phase
[23.432s][info][gc,phases      ] GC(191) Summary Phase 0.032ms
[23.432s][info][gc,phases,start] GC(191) Adjust Roots
[23.432s][info][gc,phases      ] GC(191) Adjust Roots 0.188ms
[23.432s][info][gc,phases,start] GC(191) Compaction Phase
[23.590s][info][gc,phases      ] GC(191) Compaction Phase 157.737ms
[23.590s][info][gc,phases,start] GC(191) Post Compact
[23.594s][info][gc,phases      ] GC(191) Post Compact 4.114ms
[23.594s][info][gc,heap        ] GC(191) PSYoungGen: 33792K(150016K)->33792K(150016K) Eden: 33792K(33792K)->33792K(33792K) From: 0K(116224K)->0K(116224K)
[23.594s][info][gc,heap        ] GC(191) ParOldGen: 2184383K(2184704K)->2184383K(2184704K)
[23.594s][info][gc,metaspace   ] GC(191) Metaspace: 6298K(6464K)->6298K(6464K) NonClass: 5764K(5824K)->5764K(5824K) Class: 533K(640K)->533K(640K)
[23.594s][info][gc             ] GC(191) Pause Full (Ergonomics) 2166M->2166M(2280M) 680.815ms
[23.594s][info][gc,cpu         ] GC(191) User=5.06s Sys=0.00s Real=0.68s
[23.594s][info][gc,start       ] GC(192) Pause Full (Ergonomics)
[23.594s][info][gc,phases,start] GC(192) Marking Phase
[24.098s][info][gc,phases      ] GC(192) Marking Phase 503.399ms
[24.098s][info][gc,phases,start] GC(192) Summary Phase
[24.098s][info][gc,phases      ] GC(192) Summary Phase 0.051ms
[24.098s][info][gc,phases,start] GC(192) Adjust Roots
[24.098s][info][gc,phases      ] GC(192) Adjust Roots 0.187ms
[24.098s][info][gc,phases,start] GC(192) Compaction Phase
[24.270s][info][gc,phases      ] GC(192) Compaction Phase 172.303ms
[24.270s][info][gc,phases,start] GC(192) Post Compact
[24.275s][info][gc,phases      ] GC(192) Post Compact 4.185ms
[24.275s][info][gc,heap        ] GC(192) PSYoungGen: 33792K(150016K)->33792K(150016K) Eden: 33792K(33792K)->33792K(33792K) From: 0K(116224K)->0K(116224K)
[24.275s][info][gc,heap        ] GC(192) ParOldGen: 2184387K(2184704K)->2184387K(2184704K)
[24.275s][info][gc,metaspace   ] GC(192) Metaspace: 6298K(6464K)->6298K(6464K) NonClass: 5764K(5824K)->5764K(5824K) Class: 533K(640K)->533K(640K)
[24.275s][info][gc             ] GC(192) Pause Full (Ergonomics) 2166M->2166M(2280M) 680.476ms
[24.275s][info][gc,cpu         ] GC(192) User=4.94s Sys=0.00s Real=0.68s
[24.275s][info][gc,start       ] GC(193) Pause Full (Ergonomics)
[24.275s][info][gc,phases,start] GC(193) Marking Phase
[24.774s][info][gc,phases      ] GC(193) Marking Phase 499.338ms
[24.774s][info][gc,phases,start] GC(193) Summary Phase
[24.774s][info][gc,phases      ] GC(193) Summary Phase 0.036ms
[24.774s][info][gc,phases,start] GC(193) Adjust Roots
[24.775s][info][gc,phases      ] GC(193) Adjust Roots 0.164ms
[24.775s][info][gc,phases,start] GC(193) Compaction Phase
[24.948s][info][gc,phases      ] GC(193) Compaction Phase 172.980ms
[24.948s][info][gc,phases,start] GC(193) Post Compact
[24.952s][info][gc,phases      ] GC(193) Post Compact 4.339ms
[24.952s][info][gc,heap        ] GC(193) PSYoungGen: 33792K(150016K)->33792K(150016K) Eden: 33792K(33792K)->33792K(33792K) From: 0K(116224K)->0K(116224K)
[24.952s][info][gc,heap        ] GC(193) ParOldGen: 2184392K(2184704K)->2184392K(2184704K)
[24.952s][info][gc,metaspace   ] GC(193) Metaspace: 6298K(6464K)->6298K(6464K) NonClass: 5764K(5824K)->5764K(5824K) Class: 533K(640K)->533K(640K)
[24.952s][info][gc             ] GC(193) Pause Full (Ergonomics) 2166M->2166M(2280M) 677.217ms
[24.952s][info][gc,cpu         ] GC(193) User=5.09s Sys=0.00s Real=0.68s
[24.952s][info][gc,start       ] GC(194) Pause Full (Ergonomics)
[24.952s][info][gc,phases,start] GC(194) Marking Phase
[25.453s][info][gc,phases      ] GC(194) Marking Phase 500.452ms
[25.453s][info][gc,phases,start] GC(194) Summary Phase
[25.453s][info][gc,phases      ] GC(194) Summary Phase 0.033ms
[25.453s][info][gc,phases,start] GC(194) Adjust Roots
[25.453s][info][gc,phases      ] GC(194) Adjust Roots 0.166ms
[25.453s][info][gc,phases,start] GC(194) Compaction Phase
[25.631s][info][gc,phases      ] GC(194) Compaction Phase 177.644ms
[25.631s][info][gc,phases,start] GC(194) Post Compact
[25.635s][info][gc,phases      ] GC(194) Post Compact 4.430ms
[25.635s][info][gc,heap        ] GC(194) PSYoungGen: 33792K(150016K)->33792K(150016K) Eden: 33792K(33792K)->33792K(33792K) From: 0K(116224K)->0K(116224K)
[25.635s][info][gc,heap        ] GC(194) ParOldGen: 2184397K(2184704K)->2184397K(2184704K)
[25.635s][info][gc,metaspace   ] GC(194) Metaspace: 6298K(6464K)->6298K(6464K) NonClass: 5764K(5824K)->5764K(5824K) Class: 533K(640K)->533K(640K)
[25.635s][info][gc             ] GC(194) Pause Full (Ergonomics) 2166M->2166M(2280M) 683.103ms
[25.635s][info][gc,cpu         ] GC(194) User=4.98s Sys=0.00s Real=0.68s
[25.636s][info][gc,start       ] GC(195) Pause Full (Ergonomics)
[25.636s][info][gc,phases,start] GC(195) Marking Phase
[26.140s][info][gc,phases      ] GC(195) Marking Phase 504.757ms
[26.141s][info][gc,phases,start] GC(195) Summary Phase
[26.141s][info][gc,phases      ] GC(195) Summary Phase 0.035ms
[26.141s][info][gc,phases,start] GC(195) Adjust Roots
[26.141s][info][gc,phases      ] GC(195) Adjust Roots 0.170ms
[26.141s][info][gc,phases,start] GC(195) Compaction Phase
[26.330s][info][gc,phases      ] GC(195) Compaction Phase 188.906ms
[26.330s][info][gc,phases,start] GC(195) Post Compact
[26.334s][info][gc,phases      ] GC(195) Post Compact 4.437ms
[26.334s][info][gc,heap        ] GC(195) PSYoungGen: 33792K(150016K)->33792K(150016K) Eden: 33792K(33792K)->33792K(33792K) From: 0K(116224K)->0K(116224K)
[26.334s][info][gc,heap        ] GC(195) ParOldGen: 2184401K(2184704K)->2184401K(2184704K)
[26.334s][info][gc,metaspace   ] GC(195) Metaspace: 6298K(6464K)->6298K(6464K) NonClass: 5764K(5824K)->5764K(5824K) Class: 533K(640K)->533K(640K)
[26.334s][info][gc             ] GC(195) Pause Full (Ergonomics) 2166M->2166M(2280M) 698.665ms
[26.334s][info][gc,cpu         ] GC(195) User=4.83s Sys=0.00s Real=0.70s
[26.335s][info][gc,start       ] GC(196) Pause Full (Ergonomics)
[26.335s][info][gc,phases,start] GC(196) Marking Phase
[26.821s][info][gc,phases      ] GC(196) Marking Phase 486.437ms
[26.821s][info][gc,phases,start] GC(196) Summary Phase
[26.821s][info][gc,phases      ] GC(196) Summary Phase 0.032ms
[26.821s][info][gc,phases,start] GC(196) Adjust Roots
[26.821s][info][gc,phases      ] GC(196) Adjust Roots 0.184ms
[26.821s][info][gc,phases,start] GC(196) Compaction Phase
[26.985s][info][gc,phases      ] GC(196) Compaction Phase 163.753ms
[26.985s][info][gc,phases,start] GC(196) Post Compact
[26.990s][info][gc,phases      ] GC(196) Post Compact 4.500ms
[26.990s][info][gc,heap        ] GC(196) PSYoungGen: 33792K(150016K)->33792K(150016K) Eden: 33792K(33792K)->33792K(33792K) From: 0K(116224K)->0K(116224K)
[26.990s][info][gc,heap        ] GC(196) ParOldGen: 2184406K(2184704K)->2184406K(2184704K)
[26.990s][info][gc,metaspace   ] GC(196) Metaspace: 6298K(6464K)->6298K(6464K) NonClass: 5764K(5824K)->5764K(5824K) Class: 533K(640K)->533K(640K)
[26.990s][info][gc             ] GC(196) Pause Full (Ergonomics) 2166M->2166M(2280M) 655.274ms
[26.990s][info][gc,cpu         ] GC(196) User=4.94s Sys=0.00s Real=0.65s
[26.990s][info][gc,start       ] GC(197) Pause Full (Ergonomics)
[26.990s][info][gc,phases,start] GC(197) Marking Phase
[27.491s][info][gc,phases      ] GC(197) Marking Phase 500.950ms
[27.491s][info][gc,phases,start] GC(197) Summary Phase
[27.491s][info][gc,phases      ] GC(197) Summary Phase 0.033ms
[27.491s][info][gc,phases,start] GC(197) Adjust Roots
[27.491s][info][gc,phases      ] GC(197) Adjust Roots 0.230ms
[27.491s][info][gc,phases,start] GC(197) Compaction Phase
[27.638s][info][gc,phases      ] GC(197) Compaction Phase 146.438ms
[27.638s][info][gc,phases,start] GC(197) Post Compact
[27.643s][info][gc,phases      ] GC(197) Post Compact 5.378ms
[27.643s][info][gc,heap        ] GC(197) PSYoungGen: 33792K(150016K)->33792K(150016K) Eden: 33792K(33792K)->33792K(33792K) From: 0K(116224K)->0K(116224K)
[27.643s][info][gc,heap        ] GC(197) ParOldGen: 2184411K(2184704K)->2184411K(2184704K)
[27.644s][info][gc,metaspace   ] GC(197) Metaspace: 6298K(6464K)->6298K(6464K) NonClass: 5764K(5824K)->5764K(5824K) Class: 533K(640K)->533K(640K)
[27.644s][info][gc             ] GC(197) Pause Full (Ergonomics) 2166M->2166M(2280M) 653.456ms
[27.644s][info][gc,cpu         ] GC(197) User=5.00s Sys=0.00s Real=0.65s
[27.644s][info][gc,start       ] GC(198) Pause Full (Ergonomics)
[27.644s][info][gc,phases,start] GC(198) Marking Phase
[28.153s][info][gc,phases      ] GC(198) Marking Phase 508.712ms
[28.153s][info][gc,phases,start] GC(198) Summary Phase
[28.153s][info][gc,phases      ] GC(198) Summary Phase 0.035ms
[28.153s][info][gc,phases,start] GC(198) Adjust Roots
[28.153s][info][gc,phases      ] GC(198) Adjust Roots 0.207ms
[28.153s][info][gc,phases,start] GC(198) Compaction Phase
[28.316s][info][gc,phases      ] GC(198) Compaction Phase 163.364ms
[28.316s][info][gc,phases,start] GC(198) Post Compact
[28.321s][info][gc,phases      ] GC(198) Post Compact 4.440ms
[28.321s][info][gc,heap        ] GC(198) PSYoungGen: 33792K(150016K)->33792K(150016K) Eden: 33792K(33792K)->33792K(33792K) From: 0K(116224K)->0K(116224K)
[28.321s][info][gc,heap        ] GC(198) ParOldGen: 2184415K(2184704K)->2184415K(2184704K)
[28.321s][info][gc,metaspace   ] GC(198) Metaspace: 6298K(6464K)->6298K(6464K) NonClass: 5764K(5824K)->5764K(5824K) Class: 533K(640K)->533K(640K)
[28.321s][info][gc             ] GC(198) Pause Full (Ergonomics) 2166M->2166M(2280M) 677.124ms
[28.321s][info][gc,cpu         ] GC(198) User=4.84s Sys=0.00s Real=0.68s
[28.321s][info][gc,start       ] GC(199) Pause Full (Ergonomics)
[28.321s][info][gc,phases,start] GC(199) Marking Phase
[28.828s][info][gc,phases      ] GC(199) Marking Phase 506.444ms
[28.828s][info][gc,phases,start] GC(199) Summary Phase
[28.828s][info][gc,phases      ] GC(199) Summary Phase 0.033ms
[28.828s][info][gc,phases,start] GC(199) Adjust Roots
[28.828s][info][gc,phases      ] GC(199) Adjust Roots 0.164ms
[28.828s][info][gc,phases,start] GC(199) Compaction Phase
[28.983s][info][gc,phases      ] GC(199) Compaction Phase 155.202ms
[28.983s][info][gc,phases,start] GC(199) Post Compact
[28.989s][info][gc,phases      ] GC(199) Post Compact 5.412ms
[28.989s][info][gc,heap        ] GC(199) PSYoungGen: 33792K(150016K)->33792K(150016K) Eden: 33792K(33792K)->33792K(33792K) From: 0K(116224K)->0K(116224K)
[28.989s][info][gc,heap        ] GC(199) ParOldGen: 2184420K(2184704K)->2184420K(2184704K)
[28.989s][info][gc,metaspace   ] GC(199) Metaspace: 6298K(6464K)->6298K(6464K) NonClass: 5764K(5824K)->5764K(5824K) Class: 533K(640K)->533K(640K)
[28.989s][info][gc             ] GC(199) Pause Full (Ergonomics) 2166M->2166M(2280M) 667.675ms
[28.989s][info][gc,cpu         ] GC(199) User=4.95s Sys=0.00s Real=0.67s
[28.989s][info][gc,start       ] GC(200) Pause Full (Ergonomics)
[28.989s][info][gc,phases,start] GC(200) Marking Phase
[29.506s][info][gc,phases      ] GC(200) Marking Phase 516.424ms
[29.506s][info][gc,phases,start] GC(200) Summary Phase
[29.506s][info][gc,phases      ] GC(200) Summary Phase 0.038ms
[29.506s][info][gc,phases,start] GC(200) Adjust Roots
[29.506s][info][gc,phases      ] GC(200) Adjust Roots 0.185ms
[29.506s][info][gc,phases,start] GC(200) Compaction Phase
[29.658s][info][gc,phases      ] GC(200) Compaction Phase 151.924ms
[29.658s][info][gc,phases,start] GC(200) Post Compact
[29.662s][info][gc,phases      ] GC(200) Post Compact 3.975ms
[29.662s][info][gc,heap        ] GC(200) PSYoungGen: 33792K(150016K)->33792K(150016K) Eden: 33792K(33792K)->33792K(33792K) From: 0K(116224K)->0K(116224K)
[29.662s][info][gc,heap        ] GC(200) ParOldGen: 2184425K(2184704K)->2184425K(2184704K)
[29.662s][info][gc,metaspace   ] GC(200) Metaspace: 6298K(6464K)->6298K(6464K) NonClass: 5764K(5824K)->5764K(5824K) Class: 533K(640K)->533K(640K)
[29.662s][info][gc             ] GC(200) Pause Full (Ergonomics) 2166M->2166M(2280M) 672.916ms
[29.662s][info][gc,cpu         ] GC(200) User=5.12s Sys=0.00s Real=0.67s
[29.662s][info][gc,start       ] GC(201) Pause Full (Ergonomics)
[29.662s][info][gc,phases,start] GC(201) Marking Phase
[30.170s][info][gc,phases      ] GC(201) Marking Phase 508.142ms
[30.171s][info][gc,phases,start] GC(201) Summary Phase
[30.171s][info][gc,phases      ] GC(201) Summary Phase 0.035ms
[30.171s][info][gc,phases,start] GC(201) Adjust Roots
[30.171s][info][gc,phases      ] GC(201) Adjust Roots 0.189ms
[30.171s][info][gc,phases,start] GC(201) Compaction Phase
[30.322s][info][gc,phases      ] GC(201) Compaction Phase 151.093ms
[30.322s][info][gc,phases,start] GC(201) Post Compact
[30.326s][info][gc,phases      ] GC(201) Post Compact 3.969ms
[30.326s][info][gc,heap        ] GC(201) PSYoungGen: 33792K(150016K)->33792K(150016K) Eden: 33792K(33792K)->33792K(33792K) From: 0K(116224K)->0K(116224K)
[30.326s][info][gc,heap        ] GC(201) ParOldGen: 2184429K(2184704K)->2184429K(2184704K)
[30.326s][info][gc,metaspace   ] GC(201) Metaspace: 6298K(6464K)->6298K(6464K) NonClass: 5764K(5824K)->5764K(5824K) Class: 533K(640K)->533K(640K)
[30.326s][info][gc             ] GC(201) Pause Full (Ergonomics) 2166M->2166M(2280M) 663.803ms
[30.326s][info][gc,cpu         ] GC(201) User=4.91s Sys=0.00s Real=0.66s
[30.326s][info][gc,start       ] GC(202) Pause Full (Ergonomics)
[30.326s][info][gc,phases,start] GC(202) Marking Phase
[30.831s][info][gc,phases      ] GC(202) Marking Phase 504.740ms
[30.831s][info][gc,phases,start] GC(202) Summary Phase
[30.831s][info][gc,phases      ] GC(202) Summary Phase 0.042ms
[30.831s][info][gc,phases,start] GC(202) Adjust Roots
[30.831s][info][gc,phases      ] GC(202) Adjust Roots 0.199ms
[30.831s][info][gc,phases,start] GC(202) Compaction Phase
[30.986s][info][gc,phases      ] GC(202) Compaction Phase 154.596ms
[30.986s][info][gc,phases,start] GC(202) Post Compact
[30.990s][info][gc,phases      ] GC(202) Post Compact 3.955ms
[30.990s][info][gc,heap        ] GC(202) PSYoungGen: 33792K(150016K)->33792K(150016K) Eden: 33792K(33792K)->33792K(33792K) From: 0K(116224K)->0K(116224K)
[30.990s][info][gc,heap        ] GC(202) ParOldGen: 2184434K(2184704K)->2184434K(2184704K)
[30.990s][info][gc,metaspace   ] GC(202) Metaspace: 6298K(6464K)->6298K(6464K) NonClass: 5764K(5824K)->5764K(5824K) Class: 533K(640K)->533K(640K)
[30.990s][info][gc             ] GC(202) Pause Full (Ergonomics) 2166M->2166M(2280M) 663.912ms
[30.990s][info][gc,cpu         ] GC(202) User=4.98s Sys=0.00s Real=0.66s
[30.990s][info][gc,start       ] GC(203) Pause Full (Ergonomics)
[30.990s][info][gc,phases,start] GC(203) Marking Phase
[31.485s][info][gc,phases      ] GC(203) Marking Phase 494.516ms
[31.485s][info][gc,phases,start] GC(203) Summary Phase
[31.485s][info][gc,phases      ] GC(203) Summary Phase 0.033ms
[31.485s][info][gc,phases,start] GC(203) Adjust Roots
[31.485s][info][gc,phases      ] GC(203) Adjust Roots 0.169ms
[31.485s][info][gc,phases,start] GC(203) Compaction Phase
[31.659s][info][gc,phases      ] GC(203) Compaction Phase 174.005ms
[31.659s][info][gc,phases,start] GC(203) Post Compact
[31.664s][info][gc,phases      ] GC(203) Post Compact 4.480ms
[31.664s][info][gc,heap        ] GC(203) PSYoungGen: 33792K(150016K)->33792K(150016K) Eden: 33792K(33792K)->33792K(33792K) From: 0K(116224K)->0K(116224K)
[31.664s][info][gc,heap        ] GC(203) ParOldGen: 2184439K(2184704K)->2184439K(2184704K)
[31.664s][info][gc,metaspace   ] GC(203) Metaspace: 6298K(6464K)->6298K(6464K) NonClass: 5764K(5824K)->5764K(5824K) Class: 533K(640K)->533K(640K)
[31.664s][info][gc             ] GC(203) Pause Full (Ergonomics) 2166M->2166M(2280M) 673.557ms
[31.664s][info][gc,cpu         ] GC(203) User=4.84s Sys=0.00s Real=0.67s
[31.664s][info][gc,start       ] GC(204) Pause Full (Ergonomics)
[31.664s][info][gc,phases,start] GC(204) Marking Phase
[32.168s][info][gc,phases      ] GC(204) Marking Phase 503.581ms
[32.168s][info][gc,phases,start] GC(204) Summary Phase
[32.168s][info][gc,phases      ] GC(204) Summary Phase 0.032ms
[32.168s][info][gc,phases,start] GC(204) Adjust Roots
[32.168s][info][gc,phases      ] GC(204) Adjust Roots 0.167ms
[32.168s][info][gc,phases,start] GC(204) Compaction Phase
[32.348s][info][gc,phases      ] GC(204) Compaction Phase 179.580ms
[32.348s][info][gc,phases,start] GC(204) Post Compact
[32.352s][info][gc,phases      ] GC(204) Post Compact 4.356ms
[32.352s][info][gc,heap        ] GC(204) PSYoungGen: 33792K(150016K)->33792K(150016K) Eden: 33792K(33792K)->33792K(33792K) From: 0K(116224K)->0K(116224K)
[32.352s][info][gc,heap        ] GC(204) ParOldGen: 2184443K(2184704K)->2184443K(2184704K)
[32.352s][info][gc,metaspace   ] GC(204) Metaspace: 6298K(6464K)->6298K(6464K) NonClass: 5764K(5824K)->5764K(5824K) Class: 533K(640K)->533K(640K)
[32.352s][info][gc             ] GC(204) Pause Full (Ergonomics) 2166M->2166M(2280M) 688.065ms
[32.352s][info][gc,cpu         ] GC(204) User=4.98s Sys=0.00s Real=0.69s
[32.353s][info][gc,start       ] GC(205) Pause Full (Ergonomics)
[32.353s][info][gc,phases,start] GC(205) Marking Phase
[32.834s][info][gc,phases      ] GC(205) Marking Phase 481.562ms
[32.834s][info][gc,phases,start] GC(205) Summary Phase
[32.834s][info][gc,phases      ] GC(205) Summary Phase 0.042ms
[32.834s][info][gc,phases,start] GC(205) Adjust Roots
[32.834s][info][gc,phases      ] GC(205) Adjust Roots 0.208ms
[32.834s][info][gc,phases,start] GC(205) Compaction Phase
[33.002s][info][gc,phases      ] GC(205) Compaction Phase 167.103ms
[33.002s][info][gc,phases,start] GC(205) Post Compact
[33.006s][info][gc,phases      ] GC(205) Post Compact 4.784ms
[33.007s][info][gc,heap        ] GC(205) PSYoungGen: 33792K(150016K)->33792K(150016K) Eden: 33792K(33792K)->33792K(33792K) From: 0K(116224K)->0K(116224K)
[33.007s][info][gc,heap        ] GC(205) ParOldGen: 2184448K(2184704K)->2184448K(2184704K)
[33.007s][info][gc,metaspace   ] GC(205) Metaspace: 6298K(6464K)->6298K(6464K) NonClass: 5764K(5824K)->5764K(5824K) Class: 533K(640K)->533K(640K)
[33.007s][info][gc             ] GC(205) Pause Full (Ergonomics) 2166M->2166M(2280M) 654.123ms
[33.007s][info][gc,cpu         ] GC(205) User=4.86s Sys=0.02s Real=0.65s
[33.007s][info][gc,start       ] GC(206) Pause Full (Ergonomics)
[33.007s][info][gc,phases,start] GC(206) Marking Phase
[33.519s][info][gc,phases      ] GC(206) Marking Phase 512.155ms
[33.519s][info][gc,phases,start] GC(206) Summary Phase
[33.519s][info][gc,phases      ] GC(206) Summary Phase 0.033ms
[33.519s][info][gc,phases,start] GC(206) Adjust Roots
[33.519s][info][gc,phases      ] GC(206) Adjust Roots 0.194ms
[33.519s][info][gc,phases,start] GC(206) Compaction Phase
[33.701s][info][gc,phases      ] GC(206) Compaction Phase 181.129ms
[33.701s][info][gc,phases,start] GC(206) Post Compact
[33.705s][info][gc,phases      ] GC(206) Post Compact 4.043ms
[33.705s][info][gc,heap        ] GC(206) PSYoungGen: 33792K(150016K)->33792K(150016K) Eden: 33792K(33792K)->33792K(33792K) From: 0K(116224K)->0K(116224K)
[33.705s][info][gc,heap        ] GC(206) ParOldGen: 2184453K(2184704K)->2184453K(2184704K)
[33.705s][info][gc,metaspace   ] GC(206) Metaspace: 6298K(6464K)->6298K(6464K) NonClass: 5764K(5824K)->5764K(5824K) Class: 533K(640K)->533K(640K)
[33.705s][info][gc             ] GC(206) Pause Full (Ergonomics) 2166M->2166M(2280M) 697.911ms
[33.705s][info][gc,cpu         ] GC(206) User=4.89s Sys=0.00s Real=0.70s
[33.705s][info][gc,start       ] GC(207) Pause Full (Ergonomics)
[33.705s][info][gc,phases,start] GC(207) Marking Phase
[34.212s][info][gc,phases      ] GC(207) Marking Phase 506.712ms
[34.212s][info][gc,phases,start] GC(207) Summary Phase
[34.212s][info][gc,phases      ] GC(207) Summary Phase 0.048ms
[34.212s][info][gc,phases,start] GC(207) Adjust Roots
[34.212s][info][gc,phases      ] GC(207) Adjust Roots 0.257ms
[34.212s][info][gc,phases,start] GC(207) Compaction Phase
[34.370s][info][gc,phases      ] GC(207) Compaction Phase 158.083ms
[34.370s][info][gc,phases,start] GC(207) Post Compact
[34.375s][info][gc,phases      ] GC(207) Post Compact 4.259ms
[34.375s][info][gc,heap        ] GC(207) PSYoungGen: 33792K(150016K)->33792K(150016K) Eden: 33792K(33792K)->33792K(33792K) From: 0K(116224K)->0K(116224K)
[34.375s][info][gc,heap        ] GC(207) ParOldGen: 2184457K(2184704K)->2184457K(2184704K)
[34.375s][info][gc,metaspace   ] GC(207) Metaspace: 6298K(6464K)->6298K(6464K) NonClass: 5764K(5824K)->5764K(5824K) Class: 533K(640K)->533K(640K)
[34.375s][info][gc             ] GC(207) Pause Full (Ergonomics) 2166M->2166M(2280M) 669.775ms
[34.375s][info][gc,cpu         ] GC(207) User=5.05s Sys=0.00s Real=0.67s
[34.375s][info][gc,start       ] GC(208) Pause Full (Ergonomics)
[34.375s][info][gc,phases,start] GC(208) Marking Phase
[34.885s][info][gc,phases      ] GC(208) Marking Phase 509.796ms
[34.885s][info][gc,phases,start] GC(208) Summary Phase
[34.885s][info][gc,phases      ] GC(208) Summary Phase 0.034ms
[34.885s][info][gc,phases,start] GC(208) Adjust Roots
[34.885s][info][gc,phases      ] GC(208) Adjust Roots 0.199ms
[34.885s][info][gc,phases,start] GC(208) Compaction Phase
[35.044s][info][gc,phases      ] GC(208) Compaction Phase 158.687ms
[35.044s][info][gc,phases,start] GC(208) Post Compact
[35.049s][info][gc,phases      ] GC(208) Post Compact 4.860ms
[35.049s][info][gc,heap        ] GC(208) PSYoungGen: 33792K(150016K)->33792K(150016K) Eden: 33792K(33792K)->33792K(33792K) From: 0K(116224K)->0K(116224K)
[35.049s][info][gc,heap        ] GC(208) ParOldGen: 2184462K(2184704K)->2184462K(2184704K)
[35.049s][info][gc,metaspace   ] GC(208) Metaspace: 6298K(6464K)->6298K(6464K) NonClass: 5764K(5824K)->5764K(5824K) Class: 533K(640K)->533K(640K)
[35.049s][info][gc             ] GC(208) Pause Full (Ergonomics) 2166M->2166M(2280M) 673.992ms
[35.049s][info][gc,cpu         ] GC(208) User=4.83s Sys=0.00s Real=0.67s
[35.049s][info][gc,start       ] GC(209) Pause Full (Ergonomics)
[35.049s][info][gc,phases,start] GC(209) Marking Phase
[35.570s][info][gc,phases      ] GC(209) Marking Phase 520.497ms
[35.570s][info][gc,phases,start] GC(209) Summary Phase
[35.570s][info][gc,phases      ] GC(209) Summary Phase 0.034ms
[35.570s][info][gc,phases,start] GC(209) Adjust Roots
[35.570s][info][gc,phases      ] GC(209) Adjust Roots 0.162ms
[35.570s][info][gc,phases,start] GC(209) Compaction Phase
[35.726s][info][gc,phases      ] GC(209) Compaction Phase 155.827ms
[35.726s][info][gc,phases,start] GC(209) Post Compact
[35.731s][info][gc,phases      ] GC(209) Post Compact 4.729ms
[35.731s][info][gc,heap        ] GC(209) PSYoungGen: 33792K(150016K)->33792K(150016K) Eden: 33792K(33792K)->33792K(33792K) From: 0K(116224K)->0K(116224K)
[35.731s][info][gc,heap        ] GC(209) ParOldGen: 2184467K(2184704K)->2184467K(2184704K)
[35.731s][info][gc,metaspace   ] GC(209) Metaspace: 6298K(6464K)->6298K(6464K) NonClass: 5764K(5824K)->5764K(5824K) Class: 533K(640K)->533K(640K)
[35.731s][info][gc             ] GC(209) Pause Full (Ergonomics) 2166M->2166M(2280M) 681.626ms
[35.731s][info][gc,cpu         ] GC(209) User=5.14s Sys=0.00s Real=0.68s
[35.731s][info][gc,start       ] GC(210) Pause Full (Ergonomics)
[35.731s][info][gc,phases,start] GC(210) Marking Phase
[36.236s][info][gc,phases      ] GC(210) Marking Phase 505.044ms
[36.236s][info][gc,phases,start] GC(210) Summary Phase
[36.236s][info][gc,phases      ] GC(210) Summary Phase 0.033ms
[36.236s][info][gc,phases,start] GC(210) Adjust Roots
[36.237s][info][gc,phases      ] GC(210) Adjust Roots 0.177ms
[36.237s][info][gc,phases,start] GC(210) Compaction Phase
[36.385s][info][gc,phases      ] GC(210) Compaction Phase 148.213ms
[36.385s][info][gc,phases,start] GC(210) Post Compact
[36.389s][info][gc,phases      ] GC(210) Post Compact 3.887ms
[36.389s][info][gc,heap        ] GC(210) PSYoungGen: 33792K(150016K)->33792K(150016K) Eden: 33792K(33792K)->33792K(33792K) From: 0K(116224K)->0K(116224K)
[36.389s][info][gc,heap        ] GC(210) ParOldGen: 2184471K(2184704K)->2184471K(2184704K)
[36.389s][info][gc,metaspace   ] GC(210) Metaspace: 6298K(6464K)->6298K(6464K) NonClass: 5764K(5824K)->5764K(5824K) Class: 533K(640K)->533K(640K)
[36.389s][info][gc             ] GC(210) Pause Full (Ergonomics) 2166M->2166M(2280M) 657.713ms
[36.389s][info][gc,cpu         ] GC(210) User=4.92s Sys=0.00s Real=0.66s
[36.389s][info][gc,start       ] GC(211) Pause Full (Ergonomics)
[36.389s][info][gc,phases,start] GC(211) Marking Phase
[36.917s][info][gc,phases      ] GC(211) Marking Phase 528.302ms
[36.918s][info][gc,phases,start] GC(211) Summary Phase
[36.918s][info][gc,phases      ] GC(211) Summary Phase 0.040ms
[36.918s][info][gc,phases,start] GC(211) Adjust Roots
[36.918s][info][gc,phases      ] GC(211) Adjust Roots 0.190ms
[36.918s][info][gc,phases,start] GC(211) Compaction Phase
[37.078s][info][gc,phases      ] GC(211) Compaction Phase 160.566ms
[37.078s][info][gc,phases,start] GC(211) Post Compact
[37.083s][info][gc,phases      ] GC(211) Post Compact 4.143ms
[37.083s][info][gc,heap        ] GC(211) PSYoungGen: 33792K(150016K)->33792K(150016K) Eden: 33792K(33792K)->33792K(33792K) From: 0K(116224K)->0K(116224K)
[37.083s][info][gc,heap        ] GC(211) ParOldGen: 2184476K(2184704K)->2184476K(2184704K)
[37.083s][info][gc,metaspace   ] GC(211) Metaspace: 6298K(6464K)->6298K(6464K) NonClass: 5764K(5824K)->5764K(5824K) Class: 533K(640K)->533K(640K)
[37.083s][info][gc             ] GC(211) Pause Full (Ergonomics) 2166M->2166M(2280M) 693.601ms
[37.083s][info][gc,cpu         ] GC(211) User=5.08s Sys=0.00s Real=0.69s
[37.083s][info][gc,start       ] GC(212) Pause Full (Ergonomics)
[37.083s][info][gc,phases,start] GC(212) Marking Phase
[37.586s][info][gc,phases      ] GC(212) Marking Phase 503.269ms
[37.586s][info][gc,phases,start] GC(212) Summary Phase
[37.586s][info][gc,phases      ] GC(212) Summary Phase 0.033ms
[37.586s][info][gc,phases,start] GC(212) Adjust Roots
[37.587s][info][gc,phases      ] GC(212) Adjust Roots 0.165ms
[37.587s][info][gc,phases,start] GC(212) Compaction Phase
[37.747s][info][gc,phases      ] GC(212) Compaction Phase 159.998ms
[37.747s][info][gc,phases,start] GC(212) Post Compact
[37.751s][info][gc,phases      ] GC(212) Post Compact 4.264ms
[37.751s][info][gc,heap        ] GC(212) PSYoungGen: 33792K(150016K)->33792K(150016K) Eden: 33792K(33792K)->33792K(33792K) From: 0K(116224K)->0K(116224K)
[37.751s][info][gc,heap        ] GC(212) ParOldGen: 2184481K(2184704K)->2184481K(2184704K)
[37.751s][info][gc,metaspace   ] GC(212) Metaspace: 6298K(6464K)->6298K(6464K) NonClass: 5764K(5824K)->5764K(5824K) Class: 533K(640K)->533K(640K)
[37.751s][info][gc             ] GC(212) Pause Full (Ergonomics) 2166M->2166M(2280M) 668.148ms
[37.751s][info][gc,cpu         ] GC(212) User=5.05s Sys=0.00s Real=0.67s
[37.751s][info][gc,start       ] GC(213) Pause Full (Ergonomics)
[37.751s][info][gc,phases,start] GC(213) Marking Phase
[38.261s][info][gc,phases      ] GC(213) Marking Phase 509.583ms
[38.261s][info][gc,phases,start] GC(213) Summary Phase
[38.261s][info][gc,phases      ] GC(213) Summary Phase 0.034ms
[38.261s][info][gc,phases,start] GC(213) Adjust Roots
[38.261s][info][gc,phases      ] GC(213) Adjust Roots 0.209ms
[38.261s][info][gc,phases,start] GC(213) Compaction Phase
[38.454s][info][gc,phases      ] GC(213) Compaction Phase 193.040ms
[38.454s][info][gc,phases,start] GC(213) Post Compact
[38.458s][info][gc,phases      ] GC(213) Post Compact 4.018ms
[38.459s][info][gc,heap        ] GC(213) PSYoungGen: 33792K(150016K)->33792K(150016K) Eden: 33792K(33792K)->33792K(33792K) From: 0K(116224K)->0K(116224K)
[38.459s][info][gc,heap        ] GC(213) ParOldGen: 2184485K(2184704K)->2184485K(2184704K)
[38.459s][info][gc,metaspace   ] GC(213) Metaspace: 6298K(6464K)->6298K(6464K) NonClass: 5764K(5824K)->5764K(5824K) Class: 533K(640K)->533K(640K)
[38.459s][info][gc             ] GC(213) Pause Full (Ergonomics) 2166M->2166M(2280M) 707.238ms
[38.459s][info][gc,cpu         ] GC(213) User=4.97s Sys=0.00s Real=0.71s
[38.459s][info][gc,start       ] GC(214) Pause Full (Ergonomics)
[38.459s][info][gc,phases,start] GC(214) Marking Phase
[38.950s][info][gc,phases      ] GC(214) Marking Phase 491.095ms
[38.950s][info][gc,phases,start] GC(214) Summary Phase
[38.950s][info][gc,phases      ] GC(214) Summary Phase 0.034ms
[38.950s][info][gc,phases,start] GC(214) Adjust Roots
[38.950s][info][gc,phases      ] GC(214) Adjust Roots 0.174ms
[38.950s][info][gc,phases,start] GC(214) Compaction Phase
[39.130s][info][gc,phases      ] GC(214) Compaction Phase 179.369ms
[39.130s][info][gc,phases,start] GC(214) Post Compact
[39.134s][info][gc,phases      ] GC(214) Post Compact 4.496ms
[39.134s][info][gc,heap        ] GC(214) PSYoungGen: 33792K(150016K)->33792K(150016K) Eden: 33792K(33792K)->33792K(33792K) From: 0K(116224K)->0K(116224K)
[39.134s][info][gc,heap        ] GC(214) ParOldGen: 2184490K(2184704K)->2184490K(2184704K)
[39.134s][info][gc,metaspace   ] GC(214) Metaspace: 6298K(6464K)->6298K(6464K) NonClass: 5764K(5824K)->5764K(5824K) Class: 533K(640K)->533K(640K)
[39.134s][info][gc             ] GC(214) Pause Full (Ergonomics) 2166M->2166M(2280M) 675.564ms
[39.134s][info][gc,cpu         ] GC(214) User=4.84s Sys=0.02s Real=0.68s
[39.135s][info][gc,start       ] GC(215) Pause Full (Ergonomics)
[39.135s][info][gc,phases,start] GC(215) Marking Phase
[39.639s][info][gc,phases      ] GC(215) Marking Phase 504.669ms
[39.639s][info][gc,phases,start] GC(215) Summary Phase
[39.639s][info][gc,phases      ] GC(215) Summary Phase 0.034ms
[39.639s][info][gc,phases,start] GC(215) Adjust Roots
[39.640s][info][gc,phases      ] GC(215) Adjust Roots 0.162ms
[39.640s][info][gc,phases,start] GC(215) Compaction Phase
[39.802s][info][gc,phases      ] GC(215) Compaction Phase 162.325ms
[39.802s][info][gc,phases,start] GC(215) Post Compact
[39.807s][info][gc,phases      ] GC(215) Post Compact 4.662ms
[39.807s][info][gc,heap        ] GC(215) PSYoungGen: 33792K(150016K)->33792K(150016K) Eden: 33792K(33792K)->33792K(33792K) From: 0K(116224K)->0K(116224K)
[39.807s][info][gc,heap        ] GC(215) ParOldGen: 2184495K(2184704K)->2184495K(2184704K)
[39.807s][info][gc,metaspace   ] GC(215) Metaspace: 6298K(6464K)->6298K(6464K) NonClass: 5764K(5824K)->5764K(5824K) Class: 533K(640K)->533K(640K)
[39.807s][info][gc             ] GC(215) Pause Full (Ergonomics) 2166M->2166M(2280M) 672.231ms
[39.807s][info][gc,cpu         ] GC(215) User=5.02s Sys=0.00s Real=0.67s
[39.807s][info][gc,start       ] GC(216) Pause Full (Ergonomics)
[39.807s][info][gc,phases,start] GC(216) Marking Phase
[40.334s][info][gc,phases      ] GC(216) Marking Phase 526.525ms
[40.334s][info][gc,phases,start] GC(216) Summary Phase
[40.334s][info][gc,phases      ] GC(216) Summary Phase 0.038ms
[40.334s][info][gc,phases,start] GC(216) Adjust Roots
[40.334s][info][gc,phases      ] GC(216) Adjust Roots 0.193ms
[40.334s][info][gc,phases,start] GC(216) Compaction Phase
[40.501s][info][gc,phases      ] GC(216) Compaction Phase 167.403ms
[40.501s][info][gc,phases,start] GC(216) Post Compact
[40.507s][info][gc,phases      ] GC(216) Post Compact 5.184ms
[40.507s][info][gc,heap        ] GC(216) PSYoungGen: 33792K(150016K)->33792K(150016K) Eden: 33792K(33792K)->33792K(33792K) From: 0K(116224K)->0K(116224K)
[40.507s][info][gc,heap        ] GC(216) ParOldGen: 2184499K(2184704K)->2184499K(2184704K)
[40.507s][info][gc,metaspace   ] GC(216) Metaspace: 6298K(6464K)->6298K(6464K) NonClass: 5764K(5824K)->5764K(5824K) Class: 533K(640K)->533K(640K)
[40.507s][info][gc             ] GC(216) Pause Full (Ergonomics) 2166M->2166M(2280M) 699.757ms
[40.507s][info][gc,cpu         ] GC(216) User=4.38s Sys=0.00s Real=0.70s
[40.507s][info][gc,start       ] GC(217) Pause Full (Ergonomics)
[40.507s][info][gc,phases,start] GC(217) Marking Phase
[41.054s][info][gc,phases      ] GC(217) Marking Phase 547.107ms
[41.054s][info][gc,phases,start] GC(217) Summary Phase
[41.054s][info][gc,phases      ] GC(217) Summary Phase 0.045ms
[41.054s][info][gc,phases,start] GC(217) Adjust Roots
[41.055s][info][gc,phases      ] GC(217) Adjust Roots 0.230ms
[41.055s][info][gc,phases,start] GC(217) Compaction Phase
[41.228s][info][gc,phases      ] GC(217) Compaction Phase 173.610ms
[41.228s][info][gc,phases,start] GC(217) Post Compact
[41.234s][info][gc,phases      ] GC(217) Post Compact 6.160ms
[41.235s][info][gc,heap        ] GC(217) PSYoungGen: 33792K(150016K)->33792K(150016K) Eden: 33792K(33792K)->33792K(33792K) From: 0K(116224K)->0K(116224K)
[41.235s][info][gc,heap        ] GC(217) ParOldGen: 2184504K(2184704K)->2184504K(2184704K)
[41.235s][info][gc,metaspace   ] GC(217) Metaspace: 6298K(6464K)->6298K(6464K) NonClass: 5764K(5824K)->5764K(5824K) Class: 533K(640K)->533K(640K)
[41.235s][info][gc             ] GC(217) Pause Full (Ergonomics) 2166M->2166M(2280M) 727.595ms
[41.235s][info][gc,cpu         ] GC(217) User=5.08s Sys=0.00s Real=0.73s
[41.235s][info][gc,start       ] GC(218) Pause Full (Ergonomics)
[41.235s][info][gc,phases,start] GC(218) Marking Phase
[41.770s][info][gc,phases      ] GC(218) Marking Phase 534.632ms
[41.770s][info][gc,phases,start] GC(218) Summary Phase
[41.770s][info][gc,phases      ] GC(218) Summary Phase 0.039ms
[41.770s][info][gc,phases,start] GC(218) Adjust Roots
[41.770s][info][gc,phases      ] GC(218) Adjust Roots 0.226ms
[41.770s][info][gc,phases,start] GC(218) Compaction Phase
[41.936s][info][gc,phases      ] GC(218) Compaction Phase 166.307ms
[41.936s][info][gc,phases,start] GC(218) Post Compact
[41.941s][info][gc,phases      ] GC(218) Post Compact 4.406ms
[41.941s][info][gc,heap        ] GC(218) PSYoungGen: 33792K(150016K)->33792K(150016K) Eden: 33792K(33792K)->33792K(33792K) From: 0K(116224K)->0K(116224K)
[41.941s][info][gc,heap        ] GC(218) ParOldGen: 2184509K(2184704K)->2184509K(2184704K)
[41.941s][info][gc,metaspace   ] GC(218) Metaspace: 6298K(6464K)->6298K(6464K) NonClass: 5764K(5824K)->5764K(5824K) Class: 533K(640K)->533K(640K)
[41.941s][info][gc             ] GC(218) Pause Full (Ergonomics) 2166M->2166M(2280M) 705.989ms
[41.941s][info][gc,cpu         ] GC(218) User=4.77s Sys=0.00s Real=0.71s
[41.941s][info][gc,start       ] GC(219) Pause Full (Ergonomics)
[41.941s][info][gc,phases,start] GC(219) Marking Phase
[42.463s][info][gc,phases      ] GC(219) Marking Phase 522.034ms
[42.463s][info][gc,phases,start] GC(219) Summary Phase
[42.463s][info][gc,phases      ] GC(219) Summary Phase 0.036ms
[42.463s][info][gc,phases,start] GC(219) Adjust Roots
[42.464s][info][gc,phases      ] GC(219) Adjust Roots 0.254ms
[42.464s][info][gc,phases,start] GC(219) Compaction Phase
[42.626s][info][gc,phases      ] GC(219) Compaction Phase 161.873ms
[42.626s][info][gc,phases,start] GC(219) Post Compact
[42.630s][info][gc,phases      ] GC(219) Post Compact 4.566ms
[42.630s][info][gc,heap        ] GC(219) PSYoungGen: 33792K(150016K)->33792K(150016K) Eden: 33792K(33792K)->33792K(33792K) From: 0K(116224K)->0K(116224K)
[42.630s][info][gc,heap        ] GC(219) ParOldGen: 2184513K(2184704K)->2184513K(2184704K)
[42.630s][info][gc,metaspace   ] GC(219) Metaspace: 6298K(6464K)->6298K(6464K) NonClass: 5764K(5824K)->5764K(5824K) Class: 533K(640K)->533K(640K)
[42.630s][info][gc             ] GC(219) Pause Full (Ergonomics) 2166M->2166M(2280M) 689.142ms
[42.630s][info][gc,cpu         ] GC(219) User=4.86s Sys=0.00s Real=0.69s
[42.631s][info][gc,start       ] GC(220) Pause Full (Ergonomics)
[42.631s][info][gc,phases,start] GC(220) Marking Phase
[43.133s][info][gc,phases      ] GC(220) Marking Phase 502.912ms
[43.134s][info][gc,phases,start] GC(220) Summary Phase
[43.134s][info][gc,phases      ] GC(220) Summary Phase 0.057ms
[43.134s][info][gc,phases,start] GC(220) Adjust Roots
[43.134s][info][gc,phases      ] GC(220) Adjust Roots 0.205ms
[43.134s][info][gc,phases,start] GC(220) Compaction Phase
[43.292s][info][gc,phases      ] GC(220) Compaction Phase 157.880ms
[43.292s][info][gc,phases,start] GC(220) Post Compact
[43.296s][info][gc,phases      ] GC(220) Post Compact 4.495ms
[43.296s][info][gc,heap        ] GC(220) PSYoungGen: 33792K(150016K)->33792K(150016K) Eden: 33792K(33792K)->33792K(33792K) From: 0K(116224K)->0K(116224K)
[43.296s][info][gc,heap        ] GC(220) ParOldGen: 2184518K(2184704K)->2184518K(2184704K)
[43.296s][info][gc,metaspace   ] GC(220) Metaspace: 6298K(6464K)->6298K(6464K) NonClass: 5764K(5824K)->5764K(5824K) Class: 533K(640K)->533K(640K)
[43.296s][info][gc             ] GC(220) Pause Full (Ergonomics) 2166M->2166M(2280M) 665.981ms
[43.297s][info][gc,cpu         ] GC(220) User=4.94s Sys=0.00s Real=0.67s
[43.297s][info][gc,start       ] GC(221) Pause Full (Ergonomics)
[43.297s][info][gc,phases,start] GC(221) Marking Phase
[43.881s][info][gc,phases      ] GC(221) Marking Phase 584.227ms
[43.881s][info][gc,phases,start] GC(221) Summary Phase
[43.881s][info][gc,phases      ] GC(221) Summary Phase 0.056ms
[43.881s][info][gc,phases,start] GC(221) Adjust Roots
[43.881s][info][gc,phases      ] GC(221) Adjust Roots 0.305ms
[43.881s][info][gc,phases,start] GC(221) Compaction Phase
[44.097s][info][gc,phases      ] GC(221) Compaction Phase 215.103ms
[44.097s][info][gc,phases,start] GC(221) Post Compact
[44.101s][info][gc,phases      ] GC(221) Post Compact 4.656ms
[44.101s][info][gc,heap        ] GC(221) PSYoungGen: 33792K(150016K)->33792K(150016K) Eden: 33792K(33792K)->33792K(33792K) From: 0K(116224K)->0K(116224K)
[44.101s][info][gc,heap        ] GC(221) ParOldGen: 2184523K(2184704K)->2184523K(2184704K)
[44.101s][info][gc,metaspace   ] GC(221) Metaspace: 6298K(6464K)->6298K(6464K) NonClass: 5764K(5824K)->5764K(5824K) Class: 533K(640K)->533K(640K)
[44.101s][info][gc             ] GC(221) Pause Full (Ergonomics) 2166M->2166M(2280M) 804.782ms
[44.102s][info][gc,cpu         ] GC(221) User=5.11s Sys=0.02s Real=0.81s
[44.102s][info][gc,start       ] GC(222) Pause Full (Ergonomics)
[44.102s][info][gc,phases,start] GC(222) Marking Phase
[44.620s][info][gc,phases      ] GC(222) Marking Phase 518.555ms
[44.620s][info][gc,phases,start] GC(222) Summary Phase
[44.620s][info][gc,phases      ] GC(222) Summary Phase 0.034ms
[44.620s][info][gc,phases,start] GC(222) Adjust Roots
[44.621s][info][gc,phases      ] GC(222) Adjust Roots 0.170ms
[44.621s][info][gc,phases,start] GC(222) Compaction Phase
[44.787s][info][gc,phases      ] GC(222) Compaction Phase 166.765ms
[44.787s][info][gc,phases,start] GC(222) Post Compact
[44.792s][info][gc,phases      ] GC(222) Post Compact 4.274ms
[44.792s][info][gc,heap        ] GC(222) PSYoungGen: 33792K(150016K)->33792K(150016K) Eden: 33792K(33792K)->33792K(33792K) From: 0K(116224K)->0K(116224K)
[44.792s][info][gc,heap        ] GC(222) ParOldGen: 2184527K(2184704K)->2184527K(2184704K)
[44.792s][info][gc,metaspace   ] GC(222) Metaspace: 6298K(6464K)->6298K(6464K) NonClass: 5764K(5824K)->5764K(5824K) Class: 533K(640K)->533K(640K)
[44.792s][info][gc             ] GC(222) Pause Full (Ergonomics) 2166M->2166M(2280M) 690.207ms
[44.792s][info][gc,cpu         ] GC(222) User=5.12s Sys=0.00s Real=0.69s
[44.792s][info][gc,start       ] GC(223) Pause Full (Ergonomics)
[44.792s][info][gc,phases,start] GC(223) Marking Phase
[45.309s][info][gc,phases      ] GC(223) Marking Phase 516.743ms
[45.309s][info][gc,phases,start] GC(223) Summary Phase
[45.309s][info][gc,phases      ] GC(223) Summary Phase 0.041ms
[45.309s][info][gc,phases,start] GC(223) Adjust Roots
[45.309s][info][gc,phases      ] GC(223) Adjust Roots 0.219ms
[45.309s][info][gc,phases,start] GC(223) Compaction Phase
[45.466s][info][gc,phases      ] GC(223) Compaction Phase 156.795ms
[45.466s][info][gc,phases,start] GC(223) Post Compact
[45.470s][info][gc,phases      ] GC(223) Post Compact 4.059ms
[45.470s][info][gc,heap        ] GC(223) PSYoungGen: 33792K(150016K)->33792K(150016K) Eden: 33792K(33792K)->33792K(33792K) From: 0K(116224K)->0K(116224K)
[45.470s][info][gc,heap        ] GC(223) ParOldGen: 2184532K(2184704K)->2184532K(2184704K)
[45.470s][info][gc,metaspace   ] GC(223) Metaspace: 6298K(6464K)->6298K(6464K) NonClass: 5764K(5824K)->5764K(5824K) Class: 533K(640K)->533K(640K)
[45.470s][info][gc             ] GC(223) Pause Full (Ergonomics) 2166M->2166M(2280M) 678.241ms
[45.470s][info][gc,cpu         ] GC(223) User=4.94s Sys=0.00s Real=0.68s
[45.471s][info][gc,start       ] GC(224) Pause Full (Ergonomics)
[45.471s][info][gc,phases,start] GC(224) Marking Phase
[45.953s][info][gc,phases      ] GC(224) Marking Phase 482.317ms
[45.953s][info][gc,phases,start] GC(224) Summary Phase
[45.953s][info][gc,phases      ] GC(224) Summary Phase 0.045ms
[45.953s][info][gc,phases,start] GC(224) Adjust Roots
[45.953s][info][gc,phases      ] GC(224) Adjust Roots 0.274ms
[45.953s][info][gc,phases,start] GC(224) Compaction Phase
[46.121s][info][gc,phases      ] GC(224) Compaction Phase 167.428ms
[46.121s][info][gc,phases,start] GC(224) Post Compact
[46.125s][info][gc,phases      ] GC(224) Post Compact 4.453ms
[46.126s][info][gc,heap        ] GC(224) PSYoungGen: 33792K(150016K)->33792K(150016K) Eden: 33792K(33792K)->33792K(33792K) From: 0K(116224K)->0K(116224K)
[46.126s][info][gc,heap        ] GC(224) ParOldGen: 2184537K(2184704K)->2184537K(2184704K)
[46.126s][info][gc,metaspace   ] GC(224) Metaspace: 6298K(6464K)->6298K(6464K) NonClass: 5764K(5824K)->5764K(5824K) Class: 533K(640K)->533K(640K)
[46.126s][info][gc             ] GC(224) Pause Full (Ergonomics) 2166M->2166M(2280M) 654.941ms
[46.126s][info][gc,cpu         ] GC(224) User=4.88s Sys=0.00s Real=0.65s
[46.126s][info][gc,start       ] GC(225) Pause Full (Ergonomics)
[46.126s][info][gc,phases,start] GC(225) Marking Phase
[46.634s][info][gc,phases      ] GC(225) Marking Phase 508.112ms
[46.634s][info][gc,phases,start] GC(225) Summary Phase
[46.634s][info][gc,phases      ] GC(225) Summary Phase 0.033ms
[46.634s][info][gc,phases,start] GC(225) Adjust Roots
[46.634s][info][gc,phases      ] GC(225) Adjust Roots 0.190ms
[46.634s][info][gc,phases,start] GC(225) Compaction Phase
[46.820s][info][gc,phases      ] GC(225) Compaction Phase 186.028ms
[46.820s][info][gc,phases,start] GC(225) Post Compact
[46.825s][info][gc,phases      ] GC(225) Post Compact 4.423ms
[46.825s][info][gc,heap        ] GC(225) PSYoungGen: 33792K(150016K)->33792K(150016K) Eden: 33792K(33792K)->33792K(33792K) From: 0K(116224K)->0K(116224K)
[46.825s][info][gc,heap        ] GC(225) ParOldGen: 2184541K(2184704K)->2184541K(2184704K)
[46.825s][info][gc,metaspace   ] GC(225) Metaspace: 6298K(6464K)->6298K(6464K) NonClass: 5764K(5824K)->5764K(5824K) Class: 533K(640K)->533K(640K)
[46.825s][info][gc             ] GC(225) Pause Full (Ergonomics) 2166M->2166M(2280M) 699.156ms
[46.825s][info][gc,cpu         ] GC(225) User=5.02s Sys=0.00s Real=0.70s
[46.825s][info][gc,start       ] GC(226) Pause Full (Ergonomics)
[46.825s][info][gc,phases,start] GC(226) Marking Phase
[47.351s][info][gc,phases      ] GC(226) Marking Phase 525.405ms
[47.351s][info][gc,phases,start] GC(226) Summary Phase
[47.351s][info][gc,phases      ] GC(226) Summary Phase 0.033ms
[47.351s][info][gc,phases,start] GC(226) Adjust Roots
[47.351s][info][gc,phases      ] GC(226) Adjust Roots 0.185ms
[47.351s][info][gc,phases,start] GC(226) Compaction Phase
[47.509s][info][gc,phases      ] GC(226) Compaction Phase 157.860ms
[47.509s][info][gc,phases,start] GC(226) Post Compact
[47.513s][info][gc,phases      ] GC(226) Post Compact 3.914ms
[47.513s][info][gc,heap        ] GC(226) PSYoungGen: 33792K(150016K)->33792K(150016K) Eden: 33792K(33792K)->33792K(33792K) From: 0K(116224K)->0K(116224K)
[47.513s][info][gc,heap        ] GC(226) ParOldGen: 2184546K(2184704K)->2184546K(2184704K)
[47.513s][info][gc,metaspace   ] GC(226) Metaspace: 6298K(6464K)->6298K(6464K) NonClass: 5764K(5824K)->5764K(5824K) Class: 533K(640K)->533K(640K)
[47.513s][info][gc             ] GC(226) Pause Full (Ergonomics) 2166M->2166M(2280M) 687.756ms
[47.513s][info][gc,cpu         ] GC(226) User=5.23s Sys=0.00s Real=0.69s
[47.513s][info][gc,start       ] GC(227) Pause Full (Ergonomics)
[47.513s][info][gc,phases,start] GC(227) Marking Phase
[48.028s][info][gc,phases      ] GC(227) Marking Phase 514.535ms
[48.028s][info][gc,phases,start] GC(227) Summary Phase
[48.028s][info][gc,phases      ] GC(227) Summary Phase 0.034ms
[48.028s][info][gc,phases,start] GC(227) Adjust Roots
[48.028s][info][gc,phases      ] GC(227) Adjust Roots 0.204ms
[48.028s][info][gc,phases,start] GC(227) Compaction Phase
[48.224s][info][gc,phases      ] GC(227) Compaction Phase 195.603ms
[48.224s][info][gc,phases,start] GC(227) Post Compact
[48.228s][info][gc,phases      ] GC(227) Post Compact 4.425ms
[48.228s][info][gc,heap        ] GC(227) PSYoungGen: 33792K(150016K)->33792K(150016K) Eden: 33792K(33792K)->33792K(33792K) From: 0K(116224K)->0K(116224K)
[48.228s][info][gc,heap        ] GC(227) ParOldGen: 2184551K(2184704K)->2184551K(2184704K)
[48.228s][info][gc,metaspace   ] GC(227) Metaspace: 6298K(6464K)->6298K(6464K) NonClass: 5764K(5824K)->5764K(5824K) Class: 533K(640K)->533K(640K)
[48.228s][info][gc             ] GC(227) Pause Full (Ergonomics) 2166M->2166M(2280M) 715.210ms
[48.228s][info][gc,cpu         ] GC(227) User=5.08s Sys=0.02s Real=0.72s
[48.229s][info][gc,start       ] GC(228) Pause Full (Ergonomics)
[48.229s][info][gc,phases,start] GC(228) Marking Phase
[48.723s][info][gc,phases      ] GC(228) Marking Phase 494.761ms
[48.723s][info][gc,phases,start] GC(228) Summary Phase
[48.724s][info][gc,phases      ] GC(228) Summary Phase 0.041ms
[48.724s][info][gc,phases,start] GC(228) Adjust Roots
[48.724s][info][gc,phases      ] GC(228) Adjust Roots 0.185ms
[48.724s][info][gc,phases,start] GC(228) Compaction Phase
[48.877s][info][gc,phases      ] GC(228) Compaction Phase 153.390ms
[48.877s][info][gc,phases,start] GC(228) Post Compact
[48.882s][info][gc,phases      ] GC(228) Post Compact 4.586ms
[48.882s][info][gc,heap        ] GC(228) PSYoungGen: 33792K(150016K)->33792K(150016K) Eden: 33792K(33792K)->33792K(33792K) From: 0K(116224K)->0K(116224K)
[48.882s][info][gc,heap        ] GC(228) ParOldGen: 2184555K(2184704K)->2184555K(2184704K)
[48.882s][info][gc,metaspace   ] GC(228) Metaspace: 6298K(6464K)->6298K(6464K) NonClass: 5764K(5824K)->5764K(5824K) Class: 533K(640K)->533K(640K)
[48.882s][info][gc             ] GC(228) Pause Full (Ergonomics) 2166M->2166M(2280M) 653.364ms
[48.882s][info][gc,cpu         ] GC(228) User=4.83s Sys=0.00s Real=0.65s
[48.882s][info][gc,start       ] GC(229) Pause Full (Ergonomics)
[48.882s][info][gc,phases,start] GC(229) Marking Phase
[49.392s][info][gc,phases      ] GC(229) Marking Phase 510.051ms
[49.392s][info][gc,phases,start] GC(229) Summary Phase
[49.392s][info][gc,phases      ] GC(229) Summary Phase 0.039ms
[49.392s][info][gc,phases,start] GC(229) Adjust Roots
[49.393s][info][gc,phases      ] GC(229) Adjust Roots 0.207ms
[49.393s][info][gc,phases,start] GC(229) Compaction Phase
[49.584s][info][gc,phases      ] GC(229) Compaction Phase 191.404ms
[49.584s][info][gc,phases,start] GC(229) Post Compact
[49.589s][info][gc,phases      ] GC(229) Post Compact 4.911ms
[49.589s][info][gc,heap        ] GC(229) PSYoungGen: 33792K(150016K)->33792K(150016K) Eden: 33792K(33792K)->33792K(33792K) From: 0K(116224K)->0K(116224K)
[49.589s][info][gc,heap        ] GC(229) ParOldGen: 2184560K(2184704K)->2184560K(2184704K)
[49.589s][info][gc,metaspace   ] GC(229) Metaspace: 6298K(6464K)->6298K(6464K) NonClass: 5764K(5824K)->5764K(5824K) Class: 533K(640K)->533K(640K)
[49.589s][info][gc             ] GC(229) Pause Full (Ergonomics) 2166M->2166M(2280M) 706.998ms
[49.589s][info][gc,cpu         ] GC(229) User=5.02s Sys=0.00s Real=0.71s
[49.590s][info][gc,start       ] GC(230) Pause Full (Ergonomics)
[49.590s][info][gc,phases,start] GC(230) Marking Phase
[50.098s][info][gc,phases      ] GC(230) Marking Phase 507.907ms
[50.098s][info][gc,phases,start] GC(230) Summary Phase
[50.098s][info][gc,phases      ] GC(230) Summary Phase 0.033ms
[50.098s][info][gc,phases,start] GC(230) Adjust Roots
[50.098s][info][gc,phases      ] GC(230) Adjust Roots 0.218ms
[50.098s][info][gc,phases,start] GC(230) Compaction Phase
[50.267s][info][gc,phases      ] GC(230) Compaction Phase 169.202ms
[50.267s][info][gc,phases,start] GC(230) Post Compact
[50.272s][info][gc,phases      ] GC(230) Post Compact 4.617ms
[50.272s][info][gc,heap        ] GC(230) PSYoungGen: 33792K(150016K)->33792K(150016K) Eden: 33792K(33792K)->33792K(33792K) From: 0K(116224K)->0K(116224K)
[50.272s][info][gc,heap        ] GC(230) ParOldGen: 2184565K(2184704K)->2184565K(2184704K)
[50.272s][info][gc,metaspace   ] GC(230) Metaspace: 6298K(6464K)->6298K(6464K) NonClass: 5764K(5824K)->5764K(5824K) Class: 533K(640K)->533K(640K)
[50.272s][info][gc             ] GC(230) Pause Full (Ergonomics) 2166M->2166M(2280M) 682.371ms
[50.272s][info][gc,cpu         ] GC(230) User=4.80s Sys=0.00s Real=0.68s
[50.272s][info][gc,start       ] GC(231) Pause Full (Ergonomics)
[50.272s][info][gc,phases,start] GC(231) Marking Phase
[50.774s][info][gc,phases      ] GC(231) Marking Phase 501.969ms
[50.774s][info][gc,phases,start] GC(231) Summary Phase
[50.774s][info][gc,phases      ] GC(231) Summary Phase 0.034ms
[50.774s][info][gc,phases,start] GC(231) Adjust Roots
[50.775s][info][gc,phases      ] GC(231) Adjust Roots 0.189ms
[50.775s][info][gc,phases,start] GC(231) Compaction Phase
[50.928s][info][gc,phases      ] GC(231) Compaction Phase 153.895ms
[50.929s][info][gc,phases,start] GC(231) Post Compact
[50.932s][info][gc,phases      ] GC(231) Post Compact 3.922ms
[50.933s][info][gc,heap        ] GC(231) PSYoungGen: 33792K(150016K)->33792K(150016K) Eden: 33792K(33792K)->33792K(33792K) From: 0K(116224K)->0K(116224K)
[50.933s][info][gc,heap        ] GC(231) ParOldGen: 2184569K(2184704K)->2184569K(2184704K)
[50.933s][info][gc,metaspace   ] GC(231) Metaspace: 6298K(6464K)->6298K(6464K) NonClass: 5764K(5824K)->5764K(5824K) Class: 533K(640K)->533K(640K)
[50.933s][info][gc             ] GC(231) Pause Full (Ergonomics) 2166M->2166M(2280M) 660.364ms
[50.933s][info][gc,cpu         ] GC(231) User=5.12s Sys=0.00s Real=0.66s
[50.933s][info][gc,start       ] GC(232) Pause Full (Ergonomics)
[50.933s][info][gc,phases,start] GC(232) Marking Phase
[51.436s][info][gc,phases      ] GC(232) Marking Phase 502.642ms
[51.436s][info][gc,phases,start] GC(232) Summary Phase
[51.436s][info][gc,phases      ] GC(232) Summary Phase 0.035ms
[51.436s][info][gc,phases,start] GC(232) Adjust Roots
[51.436s][info][gc,phases      ] GC(232) Adjust Roots 0.178ms
[51.436s][info][gc,phases,start] GC(232) Compaction Phase
[51.617s][info][gc,phases      ] GC(232) Compaction Phase 181.255ms
[51.617s][info][gc,phases,start] GC(232) Post Compact
[51.622s][info][gc,phases      ] GC(232) Post Compact 4.423ms
[51.622s][info][gc,heap        ] GC(232) PSYoungGen: 33792K(150016K)->33792K(150016K) Eden: 33792K(33792K)->33792K(33792K) From: 0K(116224K)->0K(116224K)
[51.622s][info][gc,heap        ] GC(232) ParOldGen: 2184574K(2184704K)->2184574K(2184704K)
[51.622s][info][gc,metaspace   ] GC(232) Metaspace: 6298K(6464K)->6298K(6464K) NonClass: 5764K(5824K)->5764K(5824K) Class: 533K(640K)->533K(640K)
[51.622s][info][gc             ] GC(232) Pause Full (Ergonomics) 2166M->2166M(2280M) 688.915ms
[51.622s][info][gc,cpu         ] GC(232) User=4.86s Sys=0.00s Real=0.69s
[51.622s][info][gc,start       ] GC(233) Pause Full (Ergonomics)
[51.622s][info][gc,phases,start] GC(233) Marking Phase
[52.123s][info][gc,phases      ] GC(233) Marking Phase 500.705ms
[52.123s][info][gc,phases,start] GC(233) Summary Phase
[52.123s][info][gc,phases      ] GC(233) Summary Phase 0.034ms
[52.123s][info][gc,phases,start] GC(233) Adjust Roots
[52.123s][info][gc,phases      ] GC(233) Adjust Roots 0.200ms
[52.123s][info][gc,phases,start] GC(233) Compaction Phase
[52.289s][info][gc,phases      ] GC(233) Compaction Phase 165.930ms
[52.289s][info][gc,phases,start] GC(233) Post Compact
[52.294s][info][gc,phases      ] GC(233) Post Compact 4.669ms
[52.294s][info][gc,heap        ] GC(233) PSYoungGen: 33792K(150016K)->33792K(150016K) Eden: 33792K(33792K)->33792K(33792K) From: 0K(116224K)->0K(116224K)
[52.294s][info][gc,heap        ] GC(233) ParOldGen: 2184579K(2184704K)->2184579K(2184704K)
[52.294s][info][gc,metaspace   ] GC(233) Metaspace: 6298K(6464K)->6298K(6464K) NonClass: 5764K(5824K)->5764K(5824K) Class: 533K(640K)->533K(640K)
[52.294s][info][gc             ] GC(233) Pause Full (Ergonomics) 2166M->2166M(2280M) 672.031ms
[52.294s][info][gc,cpu         ] GC(233) User=4.91s Sys=0.00s Real=0.67s
[52.294s][info][gc,start       ] GC(234) Pause Full (Ergonomics)
[52.294s][info][gc,phases,start] GC(234) Marking Phase
[52.804s][info][gc,phases      ] GC(234) Marking Phase 509.934ms
[52.804s][info][gc,phases,start] GC(234) Summary Phase
[52.804s][info][gc,phases      ] GC(234) Summary Phase 0.034ms
[52.804s][info][gc,phases,start] GC(234) Adjust Roots
[52.805s][info][gc,phases      ] GC(234) Adjust Roots 0.227ms
[52.805s][info][gc,phases,start] GC(234) Compaction Phase
[52.965s][info][gc,phases      ] GC(234) Compaction Phase 160.793ms
[52.966s][info][gc,phases,start] GC(234) Post Compact
[52.970s][info][gc,phases      ] GC(234) Post Compact 4.093ms
[52.970s][info][gc,heap        ] GC(234) PSYoungGen: 33792K(150016K)->33792K(150016K) Eden: 33792K(33792K)->33792K(33792K) From: 0K(116224K)->0K(116224K)
[52.970s][info][gc,heap        ] GC(234) ParOldGen: 2184583K(2184704K)->2184583K(2184704K)
[52.970s][info][gc,metaspace   ] GC(234) Metaspace: 6298K(6464K)->6298K(6464K) NonClass: 5764K(5824K)->5764K(5824K) Class: 533K(640K)->533K(640K)
[52.970s][info][gc             ] GC(234) Pause Full (Ergonomics) 2166M->2166M(2280M) 675.442ms
[52.970s][info][gc,cpu         ] GC(234) User=4.97s Sys=0.00s Real=0.67s
[52.970s][info][gc,start       ] GC(235) Pause Full (Ergonomics)
[52.970s][info][gc,phases,start] GC(235) Marking Phase
[53.489s][info][gc,phases      ] GC(235) Marking Phase 518.616ms
[53.489s][info][gc,phases,start] GC(235) Summary Phase
[53.489s][info][gc,phases      ] GC(235) Summary Phase 0.034ms
[53.489s][info][gc,phases,start] GC(235) Adjust Roots
[53.489s][info][gc,phases      ] GC(235) Adjust Roots 0.181ms
[53.489s][info][gc,phases,start] GC(235) Compaction Phase
[53.644s][info][gc,phases      ] GC(235) Compaction Phase 155.544ms
[53.645s][info][gc,phases,start] GC(235) Post Compact
[53.650s][info][gc,phases      ] GC(235) Post Compact 5.859ms
[53.651s][info][gc,heap        ] GC(235) PSYoungGen: 33792K(150016K)->33792K(150016K) Eden: 33792K(33792K)->33792K(33792K) From: 0K(116224K)->0K(116224K)
[53.651s][info][gc,heap        ] GC(235) ParOldGen: 2184588K(2184704K)->2184588K(2184704K)
[53.651s][info][gc,metaspace   ] GC(235) Metaspace: 6298K(6464K)->6298K(6464K) NonClass: 5764K(5824K)->5764K(5824K) Class: 533K(640K)->533K(640K)
[53.651s][info][gc             ] GC(235) Pause Full (Ergonomics) 2166M->2166M(2280M) 680.664ms
[53.651s][info][gc,cpu         ] GC(235) User=5.06s Sys=0.00s Real=0.68s
[53.651s][info][gc,start       ] GC(236) Pause Full (Ergonomics)
[53.651s][info][gc,phases,start] GC(236) Marking Phase
[54.167s][info][gc,phases      ] GC(236) Marking Phase 515.911ms
[54.167s][info][gc,phases,start] GC(236) Summary Phase
[54.167s][info][gc,phases      ] GC(236) Summary Phase 0.034ms
[54.167s][info][gc,phases,start] GC(236) Adjust Roots
[54.167s][info][gc,phases      ] GC(236) Adjust Roots 0.222ms
[54.167s][info][gc,phases,start] GC(236) Compaction Phase
[54.328s][info][gc,phases      ] GC(236) Compaction Phase 160.530ms
[54.328s][info][gc,phases,start] GC(236) Post Compact
[54.332s][info][gc,phases      ] GC(236) Post Compact 4.479ms
[54.332s][info][gc,heap        ] GC(236) PSYoungGen: 33792K(150016K)->33792K(150016K) Eden: 33792K(33792K)->33792K(33792K) From: 0K(116224K)->0K(116224K)
[54.333s][info][gc,heap        ] GC(236) ParOldGen: 2184593K(2184704K)->2184593K(2184704K)
[54.333s][info][gc,metaspace   ] GC(236) Metaspace: 6298K(6464K)->6298K(6464K) NonClass: 5764K(5824K)->5764K(5824K) Class: 533K(640K)->533K(640K)
[54.333s][info][gc             ] GC(236) Pause Full (Ergonomics) 2166M->2166M(2280M) 681.669ms
[54.333s][info][gc,cpu         ] GC(236) User=4.95s Sys=0.00s Real=0.68s
[54.333s][info][gc,start       ] GC(237) Pause Full (Ergonomics)
[54.333s][info][gc,phases,start] GC(237) Marking Phase
[54.827s][info][gc,phases      ] GC(237) Marking Phase 493.868ms
[54.827s][info][gc,phases,start] GC(237) Summary Phase
[54.827s][info][gc,phases      ] GC(237) Summary Phase 0.039ms
[54.827s][info][gc,phases,start] GC(237) Adjust Roots
[54.827s][info][gc,phases      ] GC(237) Adjust Roots 0.183ms
[54.827s][info][gc,phases,start] GC(237) Compaction Phase
[54.987s][info][gc,phases      ] GC(237) Compaction Phase 160.386ms
[54.988s][info][gc,phases,start] GC(237) Post Compact
[54.992s][info][gc,phases      ] GC(237) Post Compact 4.106ms
[54.992s][info][gc,heap        ] GC(237) PSYoungGen: 33792K(150016K)->33792K(150016K) Eden: 33792K(33792K)->33792K(33792K) From: 0K(116224K)->0K(116224K)
[54.992s][info][gc,heap        ] GC(237) ParOldGen: 2184597K(2184704K)->2184597K(2184704K)
[54.992s][info][gc,metaspace   ] GC(237) Metaspace: 6298K(6464K)->6298K(6464K) NonClass: 5764K(5824K)->5764K(5824K) Class: 533K(640K)->533K(640K)
[54.992s][info][gc             ] GC(237) Pause Full (Ergonomics) 2166M->2166M(2280M) 658.940ms
[54.992s][info][gc,cpu         ] GC(237) User=4.66s Sys=0.03s Real=0.66s
[54.992s][info][gc,start       ] GC(238) Pause Full (Ergonomics)
[54.992s][info][gc,phases,start] GC(238) Marking Phase
[55.497s][info][gc,phases      ] GC(238) Marking Phase 504.578ms
[55.497s][info][gc,phases,start] GC(238) Summary Phase
[55.497s][info][gc,phases      ] GC(238) Summary Phase 0.033ms
[55.497s][info][gc,phases,start] GC(238) Adjust Roots
[55.497s][info][gc,phases      ] GC(238) Adjust Roots 0.180ms
[55.497s][info][gc,phases,start] GC(238) Compaction Phase
[55.645s][info][gc,phases      ] GC(238) Compaction Phase 148.412ms
[55.645s][info][gc,phases,start] GC(238) Post Compact
[55.649s][info][gc,phases      ] GC(238) Post Compact 3.721ms
[55.649s][info][gc,heap        ] GC(238) PSYoungGen: 33792K(150016K)->33792K(150016K) Eden: 33792K(33792K)->33792K(33792K) From: 0K(116224K)->0K(116224K)
[55.649s][info][gc,heap        ] GC(238) ParOldGen: 2184602K(2184704K)->2184602K(2184704K)
[55.649s][info][gc,metaspace   ] GC(238) Metaspace: 6298K(6464K)->6298K(6464K) NonClass: 5764K(5824K)->5764K(5824K) Class: 533K(640K)->533K(640K)
[55.649s][info][gc             ] GC(238) Pause Full (Ergonomics) 2166M->2166M(2280M) 657.272ms
[55.649s][info][gc,cpu         ] GC(238) User=4.95s Sys=0.00s Real=0.66s
[55.650s][info][gc,start       ] GC(239) Pause Full (Ergonomics)
[55.650s][info][gc,phases,start] GC(239) Marking Phase
[56.159s][info][gc,phases      ] GC(239) Marking Phase 509.861ms
[56.159s][info][gc,phases,start] GC(239) Summary Phase
[56.160s][info][gc,phases      ] GC(239) Summary Phase 0.033ms
[56.160s][info][gc,phases,start] GC(239) Adjust Roots
[56.160s][info][gc,phases      ] GC(239) Adjust Roots 0.177ms
[56.160s][info][gc,phases,start] GC(239) Compaction Phase
[56.323s][info][gc,phases      ] GC(239) Compaction Phase 162.872ms
[56.323s][info][gc,phases,start] GC(239) Post Compact
[56.327s][info][gc,phases      ] GC(239) Post Compact 4.200ms
[56.327s][info][gc,heap        ] GC(239) PSYoungGen: 33792K(150016K)->33792K(150016K) Eden: 33792K(33792K)->33792K(33792K) From: 0K(116224K)->0K(116224K)
[56.327s][info][gc,heap        ] GC(239) ParOldGen: 2184607K(2184704K)->2184607K(2184704K)
[56.327s][info][gc,metaspace   ] GC(239) Metaspace: 6298K(6464K)->6298K(6464K) NonClass: 5764K(5824K)->5764K(5824K) Class: 533K(640K)->533K(640K)
[56.327s][info][gc             ] GC(239) Pause Full (Ergonomics) 2166M->2166M(2280M) 677.533ms
[56.327s][info][gc,cpu         ] GC(239) User=4.94s Sys=0.00s Real=0.68s
[56.327s][info][gc,start       ] GC(240) Pause Full (Ergonomics)
[56.327s][info][gc,phases,start] GC(240) Marking Phase
[56.842s][info][gc,phases      ] GC(240) Marking Phase 514.634ms
[56.842s][info][gc,phases,start] GC(240) Summary Phase
[56.842s][info][gc,phases      ] GC(240) Summary Phase 0.033ms
[56.842s][info][gc,phases,start] GC(240) Adjust Roots
[56.842s][info][gc,phases      ] GC(240) Adjust Roots 0.187ms
[56.842s][info][gc,phases,start] GC(240) Compaction Phase
[57.003s][info][gc,phases      ] GC(240) Compaction Phase 161.015ms
[57.003s][info][gc,phases,start] GC(240) Post Compact
[57.009s][info][gc,phases      ] GC(240) Post Compact 5.099ms
[57.009s][info][gc,heap        ] GC(240) PSYoungGen: 33792K(150016K)->33792K(150016K) Eden: 33792K(33792K)->33792K(33792K) From: 0K(116224K)->0K(116224K)
[57.009s][info][gc,heap        ] GC(240) ParOldGen: 2184611K(2184704K)->2184611K(2184704K)
[57.009s][info][gc,metaspace   ] GC(240) Metaspace: 6298K(6464K)->6298K(6464K) NonClass: 5764K(5824K)->5764K(5824K) Class: 533K(640K)->533K(640K)
[57.009s][info][gc             ] GC(240) Pause Full (Ergonomics) 2166M->2166M(2280M) 681.386ms
[57.009s][info][gc,cpu         ] GC(240) User=5.06s Sys=0.00s Real=0.68s
[57.009s][info][gc,start       ] GC(241) Pause Full (Ergonomics)
[57.009s][info][gc,phases,start] GC(241) Marking Phase
[57.512s][info][gc,phases      ] GC(241) Marking Phase 502.873ms
[57.512s][info][gc,phases,start] GC(241) Summary Phase
[57.512s][info][gc,phases      ] GC(241) Summary Phase 0.033ms
[57.512s][info][gc,phases,start] GC(241) Adjust Roots
[57.512s][info][gc,phases      ] GC(241) Adjust Roots 0.180ms
[57.512s][info][gc,phases,start] GC(241) Compaction Phase
[57.673s][info][gc,phases      ] GC(241) Compaction Phase 160.491ms
[57.673s][info][gc,phases,start] GC(241) Post Compact
[57.677s][info][gc,phases      ] GC(241) Post Compact 4.120ms
[57.677s][info][gc,heap        ] GC(241) PSYoungGen: 33792K(150016K)->33792K(150016K) Eden: 33792K(33792K)->33792K(33792K) From: 0K(116224K)->0K(116224K)
[57.677s][info][gc,heap        ] GC(241) ParOldGen: 2184616K(2184704K)->2184616K(2184704K)
[57.677s][info][gc,metaspace   ] GC(241) Metaspace: 6298K(6464K)->6298K(6464K) NonClass: 5764K(5824K)->5764K(5824K) Class: 533K(640K)->533K(640K)
[57.677s][info][gc             ] GC(241) Pause Full (Ergonomics) 2166M->2166M(2280M) 668.045ms
[57.677s][info][gc,cpu         ] GC(241) User=4.94s Sys=0.02s Real=0.67s
[57.677s][info][gc,start       ] GC(242) Pause Full (Ergonomics)
[57.677s][info][gc,phases,start] GC(242) Marking Phase
[58.177s][info][gc,phases      ] GC(242) Marking Phase 499.560ms
[58.177s][info][gc,phases,start] GC(242) Summary Phase
[58.177s][info][gc,phases      ] GC(242) Summary Phase 0.032ms
[58.177s][info][gc,phases,start] GC(242) Adjust Roots
[58.177s][info][gc,phases      ] GC(242) Adjust Roots 0.186ms
[58.177s][info][gc,phases,start] GC(242) Compaction Phase
[58.331s][info][gc,phases      ] GC(242) Compaction Phase 153.823ms
[58.331s][info][gc,phases,start] GC(242) Post Compact
[58.335s][info][gc,phases      ] GC(242) Post Compact 3.962ms
[58.335s][info][gc,heap        ] GC(242) PSYoungGen: 33792K(150016K)->33792K(150016K) Eden: 33792K(33792K)->33792K(33792K) From: 0K(116224K)->0K(116224K)
[58.335s][info][gc,heap        ] GC(242) ParOldGen: 2184621K(2184704K)->2184621K(2184704K)
[58.335s][info][gc,metaspace   ] GC(242) Metaspace: 6298K(6464K)->6298K(6464K) NonClass: 5764K(5824K)->5764K(5824K) Class: 533K(640K)->533K(640K)
[58.335s][info][gc             ] GC(242) Pause Full (Ergonomics) 2166M->2166M(2280M) 657.925ms
[58.335s][info][gc,cpu         ] GC(242) User=4.94s Sys=0.00s Real=0.66s
[58.335s][info][gc,start       ] GC(243) Pause Full (Ergonomics)
[58.336s][info][gc,phases,start] GC(243) Marking Phase
[58.857s][info][gc,phases      ] GC(243) Marking Phase 521.341ms
[58.857s][info][gc,phases,start] GC(243) Summary Phase
[58.857s][info][gc,phases      ] GC(243) Summary Phase 0.105ms
[58.857s][info][gc,phases,start] GC(243) Adjust Roots
[58.857s][info][gc,phases      ] GC(243) Adjust Roots 0.178ms
[58.857s][info][gc,phases,start] GC(243) Compaction Phase
[59.009s][info][gc,phases      ] GC(243) Compaction Phase 151.723ms
[59.009s][info][gc,phases,start] GC(243) Post Compact
[59.013s][info][gc,phases      ] GC(243) Post Compact 3.812ms
[59.013s][info][gc,heap        ] GC(243) PSYoungGen: 33792K(150016K)->33792K(150016K) Eden: 33792K(33792K)->33792K(33792K) From: 0K(116224K)->0K(116224K)
[59.013s][info][gc,heap        ] GC(243) ParOldGen: 2184625K(2184704K)->2184625K(2184704K)
[59.013s][info][gc,metaspace   ] GC(243) Metaspace: 6298K(6464K)->6298K(6464K) NonClass: 5764K(5824K)->5764K(5824K) Class: 533K(640K)->533K(640K)
[59.013s][info][gc             ] GC(243) Pause Full (Ergonomics) 2166M->2166M(2280M) 677.493ms
[59.013s][info][gc,cpu         ] GC(243) User=5.12s Sys=0.00s Real=0.68s
[59.013s][info][gc,start       ] GC(244) Pause Full (Ergonomics)
[59.013s][info][gc,phases,start] GC(244) Marking Phase
[59.528s][info][gc,phases      ] GC(244) Marking Phase 515.010ms
[59.528s][info][gc,phases,start] GC(244) Summary Phase
[59.528s][info][gc,phases      ] GC(244) Summary Phase 0.051ms
[59.528s][info][gc,phases,start] GC(244) Adjust Roots
[59.529s][info][gc,phases      ] GC(244) Adjust Roots 0.287ms
[59.529s][info][gc,phases,start] GC(244) Compaction Phase
[59.692s][info][gc,phases      ] GC(244) Compaction Phase 163.116ms
[59.692s][info][gc,phases,start] GC(244) Post Compact
[59.697s][info][gc,phases      ] GC(244) Post Compact 4.845ms
[59.697s][info][gc,heap        ] GC(244) PSYoungGen: 33792K(150016K)->33792K(150016K) Eden: 33792K(33792K)->33792K(33792K) From: 0K(116224K)->0K(116224K)
[59.697s][info][gc,heap        ] GC(244) ParOldGen: 2184630K(2184704K)->2184630K(2184704K)
[59.697s][info][gc,metaspace   ] GC(244) Metaspace: 6298K(6464K)->6298K(6464K) NonClass: 5764K(5824K)->5764K(5824K) Class: 533K(640K)->533K(640K)
[59.697s][info][gc             ] GC(244) Pause Full (Ergonomics) 2166M->2166M(2280M) 683.786ms
[59.697s][info][gc,cpu         ] GC(244) User=5.16s Sys=0.02s Real=0.68s
[59.697s][info][gc,start       ] GC(245) Pause Full (Ergonomics)
[59.697s][info][gc,phases,start] GC(245) Marking Phase
[60.206s][info][gc,phases      ] GC(245) Marking Phase 508.687ms
[60.206s][info][gc,phases,start] GC(245) Summary Phase
[60.206s][info][gc,phases      ] GC(245) Summary Phase 0.051ms
[60.206s][info][gc,phases,start] GC(245) Adjust Roots
[60.206s][info][gc,phases      ] GC(245) Adjust Roots 0.319ms
[60.206s][info][gc,phases,start] GC(245) Compaction Phase
[60.379s][info][gc,phases      ] GC(245) Compaction Phase 172.418ms
[60.379s][info][gc,phases,start] GC(245) Post Compact
[60.385s][info][gc,phases      ] GC(245) Post Compact 6.017ms
[60.385s][info][gc,heap        ] GC(245) PSYoungGen: 33792K(150016K)->33792K(150016K) Eden: 33792K(33792K)->33792K(33792K) From: 0K(116224K)->0K(116224K)
[60.385s][info][gc,heap        ] GC(245) ParOldGen: 2184635K(2184704K)->2184635K(2184704K)
[60.385s][info][gc,metaspace   ] GC(245) Metaspace: 6298K(6464K)->6298K(6464K) NonClass: 5764K(5824K)->5764K(5824K) Class: 533K(640K)->533K(640K)
[60.385s][info][gc             ] GC(245) Pause Full (Ergonomics) 2166M->2166M(2280M) 688.076ms
[60.385s][info][gc,cpu         ] GC(245) User=5.16s Sys=0.00s Real=0.69s
[60.386s][info][gc,start       ] GC(246) Pause Full (Ergonomics)
[60.386s][info][gc,phases,start] GC(246) Marking Phase
[60.908s][info][gc,phases      ] GC(246) Marking Phase 522.068ms
[60.908s][info][gc,phases,start] GC(246) Summary Phase
[60.908s][info][gc,phases      ] GC(246) Summary Phase 0.051ms
[60.908s][info][gc,phases,start] GC(246) Adjust Roots
[60.908s][info][gc,phases      ] GC(246) Adjust Roots 0.276ms
[60.908s][info][gc,phases,start] GC(246) Compaction Phase
[61.102s][info][gc,phases      ] GC(246) Compaction Phase 193.498ms
[61.102s][info][gc,phases,start] GC(246) Post Compact
[61.106s][info][gc,phases      ] GC(246) Post Compact 4.120ms
[61.106s][info][gc,heap        ] GC(246) PSYoungGen: 33792K(150016K)->33792K(150016K) Eden: 33792K(33792K)->33792K(33792K) From: 0K(116224K)->0K(116224K)
[61.106s][info][gc,heap        ] GC(246) ParOldGen: 2184639K(2184704K)->2184639K(2184704K)
[61.106s][info][gc,metaspace   ] GC(246) Metaspace: 6298K(6464K)->6298K(6464K) NonClass: 5764K(5824K)->5764K(5824K) Class: 533K(640K)->533K(640K)
[61.106s][info][gc             ] GC(246) Pause Full (Ergonomics) 2166M->2166M(2280M) 720.572ms
[61.106s][info][gc,cpu         ] GC(246) User=5.00s Sys=0.02s Real=0.72s
[61.106s][info][gc,start       ] GC(247) Pause Full (Ergonomics)
[61.106s][info][gc,phases,start] GC(247) Marking Phase
[61.612s][info][gc,phases      ] GC(247) Marking Phase 505.749ms
[61.612s][info][gc,phases,start] GC(247) Summary Phase
[61.612s][info][gc,phases      ] GC(247) Summary Phase 0.052ms
[61.612s][info][gc,phases,start] GC(247) Adjust Roots
[61.613s][info][gc,phases      ] GC(247) Adjust Roots 0.272ms
[61.613s][info][gc,phases,start] GC(247) Compaction Phase
[61.777s][info][gc,phases      ] GC(247) Compaction Phase 164.041ms
[61.777s][info][gc,phases,start] GC(247) Post Compact
[61.782s][info][gc,phases      ] GC(247) Post Compact 5.402ms
[61.782s][info][gc,heap        ] GC(247) PSYoungGen: 33792K(150016K)->33792K(150016K) Eden: 33792K(33792K)->33792K(33792K) From: 0K(116224K)->0K(116224K)
[61.782s][info][gc,heap        ] GC(247) ParOldGen: 2184644K(2184704K)->2184644K(2184704K)
[61.782s][info][gc,metaspace   ] GC(247) Metaspace: 6298K(6464K)->6298K(6464K) NonClass: 5764K(5824K)->5764K(5824K) Class: 533K(640K)->533K(640K)
[61.782s][info][gc             ] GC(247) Pause Full (Ergonomics) 2166M->2166M(2280M) 675.995ms
[61.782s][info][gc,cpu         ] GC(247) User=4.95s Sys=0.00s Real=0.68s
[61.783s][info][gc,start       ] GC(248) Pause Full (Ergonomics)
[61.783s][info][gc,phases,start] GC(248) Marking Phase
[62.300s][info][gc,phases      ] GC(248) Marking Phase 517.728ms
[62.301s][info][gc,phases,start] GC(248) Summary Phase
[62.301s][info][gc,phases      ] GC(248) Summary Phase 0.056ms
[62.301s][info][gc,phases,start] GC(248) Adjust Roots
[62.301s][info][gc,phases      ] GC(248) Adjust Roots 0.302ms
[62.301s][info][gc,phases,start] GC(248) Compaction Phase
[62.494s][info][gc,phases      ] GC(248) Compaction Phase 192.728ms
[62.494s][info][gc,phases,start] GC(248) Post Compact
[62.499s][info][gc,phases      ] GC(248) Post Compact 5.403ms
[62.499s][info][gc,heap        ] GC(248) PSYoungGen: 33792K(150016K)->33792K(150016K) Eden: 33792K(33792K)->33792K(33792K) From: 0K(116224K)->0K(116224K)
[62.499s][info][gc,heap        ] GC(248) ParOldGen: 2184649K(2184704K)->2184649K(2184704K)
[62.499s][info][gc,metaspace   ] GC(248) Metaspace: 6298K(6464K)->6298K(6464K) NonClass: 5764K(5824K)->5764K(5824K) Class: 533K(640K)->533K(640K)
[62.499s][info][gc             ] GC(248) Pause Full (Ergonomics) 2166M->2166M(2280M) 716.675ms
[62.499s][info][gc,cpu         ] GC(248) User=5.28s Sys=0.00s Real=0.72s
[62.500s][info][gc,start       ] GC(249) Pause Full (Ergonomics)
[62.500s][info][gc,phases,start] GC(249) Marking Phase
[63.002s][info][gc,phases      ] GC(249) Marking Phase 502.365ms
[63.002s][info][gc,phases,start] GC(249) Summary Phase
[63.002s][info][gc,phases      ] GC(249) Summary Phase 0.043ms
[63.002s][info][gc,phases,start] GC(249) Adjust Roots
[63.002s][info][gc,phases      ] GC(249) Adjust Roots 0.229ms
[63.002s][info][gc,phases,start] GC(249) Compaction Phase
[63.171s][info][gc,phases      ] GC(249) Compaction Phase 168.507ms
[63.171s][info][gc,phases,start] GC(249) Post Compact
[63.175s][info][gc,phases      ] GC(249) Post Compact 4.057ms
[63.175s][info][gc,heap        ] GC(249) PSYoungGen: 33792K(150016K)->33792K(150016K) Eden: 33792K(33792K)->33792K(33792K) From: 0K(116224K)->0K(116224K)
[63.175s][info][gc,heap        ] GC(249) ParOldGen: 2184653K(2184704K)->2184653K(2184704K)
[63.175s][info][gc,metaspace   ] GC(249) Metaspace: 6298K(6464K)->6298K(6464K) NonClass: 5764K(5824K)->5764K(5824K) Class: 533K(640K)->533K(640K)
[63.175s][info][gc             ] GC(249) Pause Full (Ergonomics) 2166M->2166M(2280M) 675.754ms
[63.175s][info][gc,cpu         ] GC(249) User=4.97s Sys=0.00s Real=0.68s
[63.176s][info][gc,start       ] GC(250) Pause Full (Ergonomics)
[63.176s][info][gc,phases,start] GC(250) Marking Phase
[63.685s][info][gc,phases      ] GC(250) Marking Phase 509.244ms
[63.685s][info][gc,phases,start] GC(250) Summary Phase
[63.685s][info][gc,phases      ] GC(250) Summary Phase 0.042ms
[63.685s][info][gc,phases,start] GC(250) Adjust Roots
[63.685s][info][gc,phases      ] GC(250) Adjust Roots 0.277ms
[63.685s][info][gc,phases,start] GC(250) Compaction Phase
[63.845s][info][gc,phases      ] GC(250) Compaction Phase 159.819ms
[63.845s][info][gc,phases,start] GC(250) Post Compact
[63.849s][info][gc,phases      ] GC(250) Post Compact 3.875ms
[63.849s][info][gc,heap        ] GC(250) PSYoungGen: 33792K(150016K)->33792K(150016K) Eden: 33792K(33792K)->33792K(33792K) From: 0K(116224K)->0K(116224K)
[63.849s][info][gc,heap        ] GC(250) ParOldGen: 2184658K(2184704K)->2184658K(2184704K)
[63.849s][info][gc,metaspace   ] GC(250) Metaspace: 6298K(6464K)->6298K(6464K) NonClass: 5764K(5824K)->5764K(5824K) Class: 533K(640K)->533K(640K)
[63.849s][info][gc             ] GC(250) Pause Full (Ergonomics) 2166M->2166M(2280M) 673.614ms
[63.849s][info][gc,cpu         ] GC(250) User=5.00s Sys=0.00s Real=0.67s
[63.850s][info][gc,start       ] GC(251) Pause Full (Ergonomics)
[63.850s][info][gc,phases,start] GC(251) Marking Phase
[64.358s][info][gc,phases      ] GC(251) Marking Phase 508.619ms
[64.358s][info][gc,phases,start] GC(251) Summary Phase
[64.358s][info][gc,phases      ] GC(251) Summary Phase 0.053ms
[64.358s][info][gc,phases,start] GC(251) Adjust Roots
[64.359s][info][gc,phases      ] GC(251) Adjust Roots 0.247ms
[64.359s][info][gc,phases,start] GC(251) Compaction Phase
[64.514s][info][gc,phases      ] GC(251) Compaction Phase 155.169ms
[64.514s][info][gc,phases,start] GC(251) Post Compact
[64.518s][info][gc,phases      ] GC(251) Post Compact 4.103ms
[64.518s][info][gc,heap        ] GC(251) PSYoungGen: 33792K(150016K)->33792K(150016K) Eden: 33792K(33792K)->33792K(33792K) From: 0K(116224K)->0K(116224K)
[64.518s][info][gc,heap        ] GC(251) ParOldGen: 2184663K(2184704K)->2184663K(2184704K)
[64.518s][info][gc,metaspace   ] GC(251) Metaspace: 6298K(6464K)->6298K(6464K) NonClass: 5764K(5824K)->5764K(5824K) Class: 533K(640K)->533K(640K)
[64.518s][info][gc             ] GC(251) Pause Full (Ergonomics) 2166M->2166M(2280M) 668.576ms
[64.518s][info][gc,cpu         ] GC(251) User=4.94s Sys=0.00s Real=0.67s
[64.518s][info][gc,start       ] GC(252) Pause Full (Ergonomics)
[64.518s][info][gc,phases,start] GC(252) Marking Phase
[65.027s][info][gc,phases      ] GC(252) Marking Phase 508.279ms
[65.027s][info][gc,phases,start] GC(252) Summary Phase
[65.027s][info][gc,phases      ] GC(252) Summary Phase 0.036ms
[65.027s][info][gc,phases,start] GC(252) Adjust Roots
[65.027s][info][gc,phases      ] GC(252) Adjust Roots 0.229ms
[65.027s][info][gc,phases,start] GC(252) Compaction Phase
[65.202s][info][gc,phases      ] GC(252) Compaction Phase 175.124ms
[65.202s][info][gc,phases,start] GC(252) Post Compact
[65.207s][info][gc,phases      ] GC(252) Post Compact 4.994ms
[65.207s][info][gc,heap        ] GC(252) PSYoungGen: 33792K(150016K)->33792K(150016K) Eden: 33792K(33792K)->33792K(33792K) From: 0K(116224K)->0K(116224K)
[65.207s][info][gc,heap        ] GC(252) ParOldGen: 2184667K(2184704K)->2184667K(2184704K)
[65.207s][info][gc,metaspace   ] GC(252) Metaspace: 6298K(6464K)->6298K(6464K) NonClass: 5764K(5824K)->5764K(5824K) Class: 533K(640K)->533K(640K)
[65.207s][info][gc             ] GC(252) Pause Full (Ergonomics) 2166M->2166M(2280M) 689.045ms
[65.207s][info][gc,cpu         ] GC(252) User=4.92s Sys=0.00s Real=0.69s
[65.208s][info][gc,start       ] GC(253) Pause Full (Ergonomics)
[65.208s][info][gc,phases,start] GC(253) Marking Phase
[65.705s][info][gc,phases      ] GC(253) Marking Phase 497.866ms
[65.705s][info][gc,phases,start] GC(253) Summary Phase
[65.706s][info][gc,phases      ] GC(253) Summary Phase 0.055ms
[65.706s][info][gc,phases,start] GC(253) Adjust Roots
[65.706s][info][gc,phases      ] GC(253) Adjust Roots 0.213ms
[65.706s][info][gc,phases,start] GC(253) Compaction Phase
[65.863s][info][gc,phases      ] GC(253) Compaction Phase 157.405ms
[65.863s][info][gc,phases,start] GC(253) Post Compact
[65.868s][info][gc,phases      ] GC(253) Post Compact 4.207ms
[65.868s][info][gc,heap        ] GC(253) PSYoungGen: 33792K(150016K)->33792K(150016K) Eden: 33792K(33792K)->33792K(33792K) From: 0K(116224K)->0K(116224K)
[65.868s][info][gc,heap        ] GC(253) ParOldGen: 2184672K(2184704K)->2184672K(2184704K)
[65.868s][info][gc,metaspace   ] GC(253) Metaspace: 6298K(6464K)->6298K(6464K) NonClass: 5764K(5824K)->5764K(5824K) Class: 533K(640K)->533K(640K)
[65.868s][info][gc             ] GC(253) Pause Full (Ergonomics) 2166M->2166M(2280M) 660.201ms
[65.868s][info][gc,cpu         ] GC(253) User=4.95s Sys=0.00s Real=0.66s
[65.868s][info][gc,start       ] GC(254) Pause Full (Ergonomics)
[65.868s][info][gc,phases,start] GC(254) Marking Phase
[66.386s][info][gc,phases      ] GC(254) Marking Phase 518.017ms
[66.386s][info][gc,phases,start] GC(254) Summary Phase
[66.386s][info][gc,phases      ] GC(254) Summary Phase 0.047ms
[66.386s][info][gc,phases,start] GC(254) Adjust Roots
[66.386s][info][gc,phases      ] GC(254) Adjust Roots 0.213ms
[66.386s][info][gc,phases,start] GC(254) Compaction Phase
[66.552s][info][gc,phases      ] GC(254) Compaction Phase 165.540ms
[66.552s][info][gc,phases,start] GC(254) Post Compact
[66.556s][info][gc,phases      ] GC(254) Post Compact 4.058ms
[66.556s][info][gc,heap        ] GC(254) PSYoungGen: 33792K(150016K)->33792K(150016K) Eden: 33792K(33792K)->33792K(33792K) From: 0K(116224K)->0K(116224K)
[66.556s][info][gc,heap        ] GC(254) ParOldGen: 2184677K(2184704K)->2184677K(2184704K)
[66.556s][info][gc,metaspace   ] GC(254) Metaspace: 6298K(6464K)->6298K(6464K) NonClass: 5764K(5824K)->5764K(5824K) Class: 533K(640K)->533K(640K)
[66.556s][info][gc             ] GC(254) Pause Full (Ergonomics) 2166M->2166M(2280M) 688.263ms
[66.556s][info][gc,cpu         ] GC(254) User=5.06s Sys=0.00s Real=0.69s
[66.557s][info][gc,start       ] GC(255) Pause Full (Ergonomics)
[66.557s][info][gc,phases,start] GC(255) Marking Phase
[67.064s][info][gc,phases      ] GC(255) Marking Phase 507.938ms
[67.065s][info][gc,phases,start] GC(255) Summary Phase
[67.065s][info][gc,phases      ] GC(255) Summary Phase 0.038ms
[67.065s][info][gc,phases,start] GC(255) Adjust Roots
[67.065s][info][gc,phases      ] GC(255) Adjust Roots 0.188ms
[67.065s][info][gc,phases,start] GC(255) Compaction Phase
[67.219s][info][gc,phases      ] GC(255) Compaction Phase 154.335ms
[67.219s][info][gc,phases,start] GC(255) Post Compact
[67.225s][info][gc,phases      ] GC(255) Post Compact 5.911ms
[67.225s][info][gc,heap        ] GC(255) PSYoungGen: 33792K(150016K)->33792K(150016K) Eden: 33792K(33792K)->33792K(33792K) From: 0K(116224K)->0K(116224K)
[67.225s][info][gc,heap        ] GC(255) ParOldGen: 2184681K(2184704K)->2184681K(2184704K)
[67.225s][info][gc,metaspace   ] GC(255) Metaspace: 6298K(6464K)->6298K(6464K) NonClass: 5764K(5824K)->5764K(5824K) Class: 533K(640K)->533K(640K)
[67.225s][info][gc             ] GC(255) Pause Full (Ergonomics) 2166M->2166M(2280M) 668.836ms
[67.225s][info][gc,cpu         ] GC(255) User=4.95s Sys=0.00s Real=0.67s
[67.226s][info][gc,start       ] GC(256) Pause Full (Ergonomics)
[67.226s][info][gc,phases,start] GC(256) Marking Phase
[67.745s][info][gc,phases      ] GC(256) Marking Phase 518.943ms
[67.745s][info][gc,phases,start] GC(256) Summary Phase
[67.745s][info][gc,phases      ] GC(256) Summary Phase 0.056ms
[67.745s][info][gc,phases,start] GC(256) Adjust Roots
[67.745s][info][gc,phases      ] GC(256) Adjust Roots 0.268ms
[67.745s][info][gc,phases,start] GC(256) Compaction Phase
[67.921s][info][gc,phases      ] GC(256) Compaction Phase 176.370ms
[67.922s][info][gc,phases,start] GC(256) Post Compact
[67.926s][info][gc,phases      ] GC(256) Post Compact 4.587ms
[67.926s][info][gc,heap        ] GC(256) PSYoungGen: 33792K(150016K)->33792K(150016K) Eden: 33792K(33792K)->33792K(33792K) From: 0K(116224K)->0K(116224K)
[67.926s][info][gc,heap        ] GC(256) ParOldGen: 2184686K(2184704K)->2184686K(2184704K)
[67.926s][info][gc,metaspace   ] GC(256) Metaspace: 6298K(6464K)->6298K(6464K) NonClass: 5764K(5824K)->5764K(5824K) Class: 533K(640K)->533K(640K)
[67.926s][info][gc             ] GC(256) Pause Full (Ergonomics) 2166M->2166M(2280M) 700.667ms
[67.926s][info][gc,cpu         ] GC(256) User=5.16s Sys=0.00s Real=0.70s
[67.927s][info][gc,start       ] GC(257) Pause Full (Ergonomics)
[67.927s][info][gc,phases,start] GC(257) Marking Phase
[68.416s][info][gc,phases      ] GC(257) Marking Phase 489.351ms
[68.416s][info][gc,phases,start] GC(257) Summary Phase
[68.416s][info][gc,phases      ] GC(257) Summary Phase 0.040ms
[68.416s][info][gc,phases,start] GC(257) Adjust Roots
[68.416s][info][gc,phases      ] GC(257) Adjust Roots 0.179ms
[68.416s][info][gc,phases,start] GC(257) Compaction Phase
[68.567s][info][gc,phases      ] GC(257) Compaction Phase 150.648ms
[68.567s][info][gc,phases,start] GC(257) Post Compact
[68.571s][info][gc,phases      ] GC(257) Post Compact 4.137ms
[68.571s][info][gc,heap        ] GC(257) PSYoungGen: 33792K(150016K)->33792K(150016K) Eden: 33792K(33792K)->33792K(33792K) From: 0K(116224K)->0K(116224K)
[68.571s][info][gc,heap        ] GC(257) ParOldGen: 2184691K(2184704K)->2184691K(2184704K)
[68.571s][info][gc,metaspace   ] GC(257) Metaspace: 6298K(6464K)->6298K(6464K) NonClass: 5764K(5824K)->5764K(5824K) Class: 533K(640K)->533K(640K)
[68.571s][info][gc             ] GC(257) Pause Full (Ergonomics) 2166M->2166M(2280M) 644.712ms
[68.571s][info][gc,cpu         ] GC(257) User=4.86s Sys=0.00s Real=0.64s
[68.572s][info][gc,start       ] GC(258) Pause Full (Ergonomics)
[68.572s][info][gc,phases,start] GC(258) Marking Phase
[69.075s][info][gc,phases      ] GC(258) Marking Phase 503.123ms
[69.075s][info][gc,phases,start] GC(258) Summary Phase
[69.075s][info][gc,phases      ] GC(258) Summary Phase 0.036ms
[69.075s][info][gc,phases,start] GC(258) Adjust Roots
[69.075s][info][gc,phases      ] GC(258) Adjust Roots 0.245ms
[69.075s][info][gc,phases,start] GC(258) Compaction Phase
[69.235s][info][gc,phases      ] GC(258) Compaction Phase 160.244ms
[69.235s][info][gc,phases,start] GC(258) Post Compact
[69.241s][info][gc,phases      ] GC(258) Post Compact 5.902ms
[69.241s][info][gc,heap        ] GC(258) PSYoungGen: 33792K(150016K)->33792K(150016K) Eden: 33792K(33792K)->33792K(33792K) From: 0K(116224K)->0K(116224K)
[69.241s][info][gc,heap        ] GC(258) ParOldGen: 2184695K(2184704K)->2184695K(2184704K)
[69.241s][info][gc,metaspace   ] GC(258) Metaspace: 6298K(6464K)->6298K(6464K) NonClass: 5764K(5824K)->5764K(5824K) Class: 533K(640K)->533K(640K)
[69.242s][info][gc             ] GC(258) Pause Full (Ergonomics) 2166M->2166M(2280M) 670.012ms
[69.242s][info][gc,cpu         ] GC(258) User=5.03s Sys=0.00s Real=0.67s
[69.242s][info][gc,start       ] GC(259) Pause Full (Ergonomics)
[69.242s][info][gc,phases,start] GC(259) Marking Phase
[69.751s][info][gc,phases      ] GC(259) Marking Phase 509.264ms
[69.751s][info][gc,phases,start] GC(259) Summary Phase
[69.751s][info][gc,phases      ] GC(259) Summary Phase 0.034ms
[69.751s][info][gc,phases,start] GC(259) Adjust Roots
[69.751s][info][gc,phases      ] GC(259) Adjust Roots 0.186ms
[69.751s][info][gc,phases,start] GC(259) Compaction Phase
[69.913s][info][gc,phases      ] GC(259) Compaction Phase 161.326ms
[69.913s][info][gc,phases,start] GC(259) Post Compact
[69.917s][info][gc,phases      ] GC(259) Post Compact 3.903ms
[69.917s][info][gc,heap        ] GC(259) PSYoungGen: 33792K(150016K)->33792K(150016K) Eden: 33792K(33792K)->33792K(33792K) From: 0K(116224K)->0K(116224K)
[69.917s][info][gc,heap        ] GC(259) ParOldGen: 2184700K(2184704K)->2184700K(2184704K)
[69.917s][info][gc,metaspace   ] GC(259) Metaspace: 6298K(6464K)->6298K(6464K) NonClass: 5764K(5824K)->5764K(5824K) Class: 533K(640K)->533K(640K)
[69.917s][info][gc             ] GC(259) Pause Full (Ergonomics) 2166M->2166M(2280M) 675.191ms
[69.917s][info][gc,cpu         ] GC(259) User=4.91s Sys=0.00s Real=0.67s
[69.917s][info][gc,start       ] GC(260) Pause Full (Ergonomics)
[69.917s][info][gc,phases,start] GC(260) Marking Phase
[70.425s][info][gc,phases      ] GC(260) Marking Phase 507.735ms
[70.425s][info][gc,phases,start] GC(260) Summary Phase
[70.425s][info][gc,phases      ] GC(260) Summary Phase 0.043ms
[70.425s][info][gc,phases,start] GC(260) Adjust Roots
[70.425s][info][gc,phases      ] GC(260) Adjust Roots 0.237ms
[70.425s][info][gc,phases,start] GC(260) Compaction Phase
[70.588s][info][gc,phases      ] GC(260) Compaction Phase 162.843ms
[70.588s][info][gc,phases,start] GC(260) Post Compact
[70.593s][info][gc,phases      ] GC(260) Post Compact 4.631ms
[70.593s][info][gc,heap        ] GC(260) PSYoungGen: 33792K(150016K)->33792K(150016K) Eden: 33792K(33792K)->33792K(33792K) From: 0K(116224K)->0K(116224K)
[70.593s][info][gc,heap        ] GC(260) ParOldGen: 2184703K(2184704K)->2184703K(2184704K)
[70.593s][info][gc,metaspace   ] GC(260) Metaspace: 6298K(6464K)->6298K(6464K) NonClass: 5764K(5824K)->5764K(5824K) Class: 533K(640K)->533K(640K)
[70.593s][info][gc             ] GC(260) Pause Full (Ergonomics) 2166M->2166M(2280M) 675.911ms
[70.593s][info][gc,cpu         ] GC(260) User=4.95s Sys=0.00s Real=0.68s
[70.593s][info][gc,start       ] GC(261) Pause Full (Allocation Failure)
[70.593s][info][gc,phases,start] GC(261) Marking Phase
[71.114s][info][gc,phases      ] GC(261) Marking Phase 520.613ms
[71.114s][info][gc,phases,start] GC(261) Summary Phase
[71.114s][info][gc,phases      ] GC(261) Summary Phase 0.038ms
[71.114s][info][gc,phases,start] GC(261) Adjust Roots
[71.114s][info][gc,phases      ] GC(261) Adjust Roots 0.397ms
[71.114s][info][gc,phases,start] GC(261) Compaction Phase
[71.683s][info][gc,phases      ] GC(261) Compaction Phase 568.804ms
[71.683s][info][gc,phases,start] GC(261) Post Compact
[71.688s][info][gc,phases      ] GC(261) Post Compact 4.538ms
[71.688s][info][gc,heap        ] GC(261) PSYoungGen: 33792K(150016K)->33792K(150016K) Eden: 33792K(33792K)->33792K(33792K) From: 0K(116224K)->0K(116224K)
[71.688s][info][gc,heap        ] GC(261) ParOldGen: 2184703K(2184704K)->2184699K(2184704K)
[71.688s][info][gc,metaspace   ] GC(261) Metaspace: 6298K(6464K)->6296K(6464K) NonClass: 5764K(5824K)->5763K(5824K) Class: 533K(640K)->532K(640K)
[71.688s][info][gc             ] GC(261) Pause Full (Allocation Failure) 2166M->2166M(2280M) 1094.783ms
[71.688s][info][gc,cpu         ] GC(261) User=7.91s Sys=0.00s Real=1.10s
[71.689s][info][gc,start       ] GC(262) Pause Full (Ergonomics)
[71.689s][info][gc,phases,start] GC(262) Marking Phase
[72.201s][info][gc,phases      ] GC(262) Marking Phase 512.249ms
[72.201s][info][gc,phases,start] GC(262) Summary Phase
[72.201s][info][gc,phases      ] GC(262) Summary Phase 0.052ms
[72.201s][info][gc,phases,start] GC(262) Adjust Roots
[72.201s][info][gc,phases      ] GC(262) Adjust Roots 0.214ms
[72.201s][info][gc,phases,start] GC(262) Compaction Phase
[72.386s][info][gc,phases      ] GC(262) Compaction Phase 184.994ms
[72.386s][info][gc,phases,start] GC(262) Post Compact
[72.391s][info][gc,phases      ] GC(262) Post Compact 4.510ms
[72.391s][info][gc,heap        ] GC(262) PSYoungGen: 33792K(150016K)->33792K(150016K) Eden: 33792K(33792K)->33792K(33792K) From: 0K(116224K)->0K(116224K)
[72.391s][info][gc,heap        ] GC(262) ParOldGen: 2184701K(2184704K)->2184701K(2184704K)
[72.391s][info][gc,metaspace   ] GC(262) Metaspace: 6296K(6464K)->6296K(6464K) NonClass: 5763K(5824K)->5763K(5824K) Class: 532K(640K)->532K(640K)
[72.391s][info][gc             ] GC(262) Pause Full (Ergonomics) 2166M->2166M(2280M) 702.425ms
[72.391s][info][gc,cpu         ] GC(262) User=5.06s Sys=0.02s Real=0.70s
[72.391s][info][gc,start       ] GC(263) Pause Full (Ergonomics)
[72.392s][info][gc,phases,start] GC(263) Marking Phase
[72.901s][info][gc,phases      ] GC(263) Marking Phase 509.773ms
[72.901s][info][gc,phases,start] GC(263) Summary Phase
[72.901s][info][gc,phases      ] GC(263) Summary Phase 0.049ms
[72.901s][info][gc,phases,start] GC(263) Adjust Roots
[72.902s][info][gc,phases      ] GC(263) Adjust Roots 0.280ms
[72.902s][info][gc,phases,start] GC(263) Compaction Phase
[73.097s][info][gc,phases      ] GC(263) Compaction Phase 194.820ms
[73.097s][info][gc,phases,start] GC(263) Post Compact
[73.101s][info][gc,phases      ] GC(263) Post Compact 4.629ms
[73.101s][info][gc,heap        ] GC(263) PSYoungGen: 33792K(150016K)->33792K(150016K) Eden: 33792K(33792K)->33792K(33792K) From: 0K(116224K)->0K(116224K)
[73.101s][info][gc,heap        ] GC(263) ParOldGen: 2184703K(2184704K)->2184703K(2184704K)
[73.101s][info][gc,metaspace   ] GC(263) Metaspace: 6296K(6464K)->6296K(6464K) NonClass: 5763K(5824K)->5763K(5824K) Class: 532K(640K)->532K(640K)
[73.101s][info][gc             ] GC(263) Pause Full (Ergonomics) 2166M->2166M(2280M) 709.970ms
[73.101s][info][gc,cpu         ] GC(263) User=5.09s Sys=0.00s Real=0.71s
[73.102s][info][gc,start       ] GC(264) Pause Full (Allocation Failure)
[73.102s][info][gc,phases,start] GC(264) Marking Phase
[73.596s][info][gc,phases      ] GC(264) Marking Phase 494.297ms
[73.596s][info][gc,phases,start] GC(264) Summary Phase
[73.596s][info][gc,phases      ] GC(264) Summary Phase 0.033ms
[73.596s][info][gc,phases,start] GC(264) Adjust Roots
[73.596s][info][gc,phases      ] GC(264) Adjust Roots 0.167ms
[73.596s][info][gc,phases,start] GC(264) Compaction Phase
[73.753s][info][gc,phases      ] GC(264) Compaction Phase 157.027ms
[73.753s][info][gc,phases,start] GC(264) Post Compact
[73.758s][info][gc,phases      ] GC(264) Post Compact 4.597ms
[73.758s][info][gc,heap        ] GC(264) PSYoungGen: 33792K(150016K)->33792K(150016K) Eden: 33792K(33792K)->33792K(33792K) From: 0K(116224K)->0K(116224K)
[73.758s][info][gc,heap        ] GC(264) ParOldGen: 2184703K(2184704K)->2184703K(2184704K)
[73.758s][info][gc,metaspace   ] GC(264) Metaspace: 6296K(6464K)->6296K(6464K) NonClass: 5763K(5824K)->5763K(5824K) Class: 532K(640K)->532K(640K)
[73.758s][info][gc             ] GC(264) Pause Full (Allocation Failure) 2166M->2166M(2280M) 656.524ms
[73.758s][info][gc,cpu         ] GC(264) User=4.86s Sys=0.00s Real=0.66s
[73.759s][info][gc,start       ] GC(265) Pause Full (Ergonomics)
[73.759s][info][gc,phases,start] GC(265) Marking Phase
[74.264s][info][gc,phases      ] GC(265) Marking Phase 505.762ms
[74.264s][info][gc,phases,start] GC(265) Summary Phase
[74.264s][info][gc,phases      ] GC(265) Summary Phase 0.052ms
[74.265s][info][gc,phases,start] GC(265) Adjust Roots
[74.265s][info][gc,phases      ] GC(265) Adjust Roots 0.379ms
[74.265s][info][gc,phases,start] GC(265) Compaction Phase
[74.841s][info][gc,phases      ] GC(265) Compaction Phase 576.137ms
[74.841s][info][gc,phases,start] GC(265) Post Compact
[74.846s][info][gc,phases      ] GC(265) Post Compact 5.064ms
[74.846s][info][gc,heap        ] GC(265) PSYoungGen: 33792K(150016K)->33792K(150016K) Eden: 33792K(33792K)->33792K(33792K) From: 0K(116224K)->0K(116224K)
[74.846s][info][gc,heap        ] GC(265) ParOldGen: 2184703K(2184704K)->2184702K(2184704K)
[74.846s][info][gc,metaspace   ] GC(265) Metaspace: 6296K(6464K)->6296K(6464K) NonClass: 5763K(5824K)->5763K(5824K) Class: 532K(640K)->532K(640K)
[74.846s][info][gc             ] GC(265) Pause Full (Ergonomics) 2166M->2166M(2280M) 1087.909ms
[74.846s][info][gc,cpu         ] GC(265) User=8.03s Sys=0.02s Real=1.09s
[74.847s][info][gc,start       ] GC(266) Pause Full (Ergonomics)
[74.847s][info][gc,phases,start] GC(266) Marking Phase
[75.349s][info][gc,phases      ] GC(266) Marking Phase 501.596ms
[75.349s][info][gc,phases,start] GC(266) Summary Phase
[75.349s][info][gc,phases      ] GC(266) Summary Phase 0.041ms
[75.349s][info][gc,phases,start] GC(266) Adjust Roots
[75.349s][info][gc,phases      ] GC(266) Adjust Roots 0.245ms
[75.349s][info][gc,phases,start] GC(266) Compaction Phase
[75.505s][info][gc,phases      ] GC(266) Compaction Phase 156.102ms
[75.505s][info][gc,phases,start] GC(266) Post Compact
[75.510s][info][gc,phases      ] GC(266) Post Compact 4.461ms
[75.510s][info][gc,heap        ] GC(266) PSYoungGen: 33792K(150016K)->33792K(150016K) Eden: 33792K(33792K)->33792K(33792K) From: 0K(116224K)->0K(116224K)
[75.510s][info][gc,heap        ] GC(266) ParOldGen: 2184703K(2184704K)->2184702K(2184704K)
[75.510s][info][gc,metaspace   ] GC(266) Metaspace: 6296K(6464K)->6296K(6464K) NonClass: 5763K(5824K)->5763K(5824K) Class: 532K(640K)->532K(640K)
[75.510s][info][gc             ] GC(266) Pause Full (Ergonomics) 2166M->2166M(2280M) 662.875ms
[75.510s][info][gc,cpu         ] GC(266) User=5.02s Sys=0.00s Real=0.66s
[75.512s][info][gc,start       ] GC(267) Pause Full (Ergonomics)
[75.512s][info][gc,phases,start] GC(267) Marking Phase
[76.025s][info][gc,phases      ] GC(267) Marking Phase 513.015ms
[76.025s][info][gc,phases,start] GC(267) Summary Phase
[76.025s][info][gc,phases      ] GC(267) Summary Phase 0.050ms
[76.025s][info][gc,phases,start] GC(267) Adjust Roots
[76.025s][info][gc,phases      ] GC(267) Adjust Roots 0.388ms
[76.025s][info][gc,phases,start] GC(267) Compaction Phase
[76.585s][info][gc,phases      ] GC(267) Compaction Phase 559.383ms
[76.585s][info][gc,phases,start] GC(267) Post Compact
[76.589s][info][gc,phases      ] GC(267) Post Compact 4.657ms
[76.589s][info][gc,heap        ] GC(267) PSYoungGen: 33792K(150016K)->33792K(150016K) Eden: 33792K(33792K)->33792K(33792K) From: 0K(116224K)->0K(116224K)
[76.589s][info][gc,heap        ] GC(267) ParOldGen: 2184704K(2184704K)->2184701K(2184704K)
[76.589s][info][gc,metaspace   ] GC(267) Metaspace: 6301K(6464K)->6301K(6464K) NonClass: 5766K(5824K)->5766K(5824K) Class: 534K(640K)->534K(640K)
[76.590s][info][gc             ] GC(267) Pause Full (Ergonomics) 2166M->2166M(2280M) 1077.930ms
[76.590s][info][gc,cpu         ] GC(267) User=7.75s Sys=0.00s Real=1.08s
[76.590s][info][gc,heap,exit   ] Heap
[76.590s][info][gc,heap,exit   ]  PSYoungGen      total 150016K, used 33792K [0x00000007bd580000, 0x00000007cdd80000, 0x0000000800000000)
[76.590s][info][gc,heap,exit   ]   eden space 33792K, 100% used [0x00000007bd580000,0x00000007bf680000,0x00000007bf680000)
[76.590s][info][gc,heap,exit   ]   from space 116224K, 0% used [0x00000007bf680000,0x00000007bf680000,0x00000007c6800000)
[76.590s][info][gc,heap,exit   ]   to   space 116224K, 0% used [0x00000007c6800000,0x00000007c6800000,0x00000007cd980000)
[76.590s][info][gc,heap,exit   ]  ParOldGen       total 2184704K, used 2184701K [0x0000000738000000, 0x00000007bd580000, 0x00000007bd580000)
[76.590s][info][gc,heap,exit   ]   object space 2184704K, 99% used [0x0000000738000000,0x00000007bd57f618,0x00000007bd580000)
[76.590s][info][gc,heap,exit   ]  Metaspace       used 6301K, committed 6464K, reserved 1114112K
[76.590s][info][gc,heap,exit   ]   class space    used 534K, committed 640K, reserved 1048576K
