[0.012s][info][gc,init] CardTable entry size: 512
[0.012s][info][gc     ] Using Serial
[0.012s][info][gc,init] Version: 18.0.1+10 (release)
[0.012s][info][gc,init] CPUs: 8 total, 8 available
[0.012s][info][gc,init] Memory: 16063M
[0.012s][info][gc,init] Large Page Support: Disabled
[0.012s][info][gc,init] NUMA Support: Disabled
[0.012s][info][gc,init] Compressed Oops: Enabled (Zero based)
[0.012s][info][gc,init] Heap Min Capacity: 2M
[0.012s][info][gc,init] Heap Initial Capacity: 2M
[0.012s][info][gc,init] Heap Max Capacity: 5800M
[0.012s][info][gc,init] Pre-touch: Disabled
[0.013s][info][gc,metaspace] CDS archive(s) not mapped
[0.013s][info][gc,metaspace] Compressed class space mapped at: 0x0000000800000000-0x0000000840000000, reserved size: 1073741824
[0.013s][info][gc,metaspace] Narrow klass base: 0x0000000800000000, Narrow klass shift: 0, Narrow klass range: 0x40000000
[0.187s][info][gc,start    ] GC(0) Pause Young (Allocation Failure)
[0.189s][info][gc,heap     ] GC(0) DefNew: 1023K(1152K)->127K(1152K) Eden: 1023K(1024K)->0K(1024K) From: 0K(128K)->127K(128K)
[0.189s][info][gc,heap     ] GC(0) Tenured: 0K(768K)->439K(768K)
[0.189s][info][gc,metaspace] GC(0) Metaspace: 5900K(6016K)->5900K(6016K) NonClass: 5401K(5504K)->5401K(5504K) Class: 499K(512K)->499K(512K)
[0.189s][info][gc          ] GC(0) Pause Young (Allocation Failure) 0M->0M(1M) 1.793ms
[0.189s][info][gc,cpu      ] GC(0) User=0.00s Sys=0.00s Real=0.00s
[0.209s][info][gc,start    ] GC(1) Pause Young (Allocation Failure)
[0.211s][info][gc          ] GC(1) Pause Young (Allocation Failure) 1M->0M(2M) 1.510ms
[0.211s][info][gc,cpu      ] GC(1) User=0.00s Sys=0.00s Real=0.00s
[0.211s][info][gc,start    ] GC(2) Pause Full (Allocation Failure)
[0.211s][info][gc,phases,start] GC(2) Phase 1: Mark live objects
[0.212s][info][gc,phases      ] GC(2) Phase 1: Mark live objects 1.321ms
[0.212s][info][gc,phases,start] GC(2) Phase 2: Compute new object addresses
[0.213s][info][gc,phases      ] GC(2) Phase 2: Compute new object addresses 0.278ms
[0.213s][info][gc,phases,start] GC(2) Phase 3: Adjust pointers
[0.213s][info][gc,phases      ] GC(2) Phase 3: Adjust pointers 0.588ms
[0.213s][info][gc,phases,start] GC(2) Phase 4: Move objects
[0.213s][info][gc,phases      ] GC(2) Phase 4: Move objects 0.076ms
[0.213s][info][gc,heap        ] GC(2) DefNew: 1151K(1152K)->40K(1152K) Eden: 1024K(1024K)->40K(1024K) From: 127K(128K)->0K(128K)
[0.213s][info][gc,heap        ] GC(2) Tenured: 439K(768K)->959K(1600K)
[0.213s][info][gc,metaspace   ] GC(2) Metaspace: 6297K(6464K)->6297K(6464K) NonClass: 5763K(5824K)->5763K(5824K) Class: 533K(640K)->533K(640K)
[0.214s][info][gc             ] GC(2) Pause Full (Allocation Failure) 0M->0M(2M) 2.576ms
[0.214s][info][gc,cpu         ] GC(2) User=0.00s Sys=0.00s Real=0.00s
[0.215s][info][gc,start       ] GC(3) Pause Young (Allocation Failure)
[0.217s][info][gc,heap        ] GC(3) DefNew: 1024K(1152K)->128K(1152K) Eden: 1024K(1024K)->0K(1024K) From: 0K(128K)->128K(128K)
[0.217s][info][gc,heap        ] GC(3) Tenured: 959K(1600K)->1375K(1600K)
[0.217s][info][gc,metaspace   ] GC(3) Metaspace: 6297K(6464K)->6297K(6464K) NonClass: 5763K(5824K)->5763K(5824K) Class: 533K(640K)->533K(640K)
[0.217s][info][gc             ] GC(3) Pause Young (Allocation Failure) 1M->1M(2M) 1.829ms
[0.217s][info][gc,cpu         ] GC(3) User=0.00s Sys=0.00s Real=0.00s
[0.219s][info][gc,start       ] GC(4) Pause Young (Allocation Failure)
[0.220s][info][gc             ] GC(4) Pause Young (Allocation Failure) 2M->1M(3M) 1.557ms
[0.220s][info][gc,cpu         ] GC(4) User=0.00s Sys=0.00s Real=0.00s
[0.220s][info][gc,start       ] GC(5) Pause Full (Allocation Failure)
[0.220s][info][gc,phases,start] GC(5) Phase 1: Mark live objects
[0.222s][info][gc,phases      ] GC(5) Phase 1: Mark live objects 1.347ms
[0.222s][info][gc,phases,start] GC(5) Phase 2: Compute new object addresses
[0.222s][info][gc,phases      ] GC(5) Phase 2: Compute new object addresses 0.361ms
[0.222s][info][gc,phases,start] GC(5) Phase 3: Adjust pointers
[0.223s][info][gc,phases      ] GC(5) Phase 3: Adjust pointers 0.637ms
[0.223s][info][gc,phases,start] GC(5) Phase 4: Move objects
[0.223s][info][gc,phases      ] GC(5) Phase 4: Move objects 0.068ms
[0.223s][info][gc,heap        ] GC(5) DefNew: 1152K(1152K)->35K(1536K) Eden: 1024K(1024K)->35K(1408K) From: 128K(128K)->0K(128K)
[0.223s][info][gc,heap        ] GC(5) Tenured: 1375K(1600K)->1983K(3308K)
[0.223s][info][gc,metaspace   ] GC(5) Metaspace: 6297K(6464K)->6297K(6464K) NonClass: 5763K(5824K)->5763K(5824K) Class: 533K(640K)->533K(640K)
[0.223s][info][gc             ] GC(5) Pause Full (Allocation Failure) 1M->1M(4M) 2.726ms
[0.223s][info][gc,cpu         ] GC(5) User=0.00s Sys=0.00s Real=0.00s
[0.225s][info][gc,start       ] GC(6) Pause Young (Allocation Failure)
[0.227s][info][gc,heap        ] GC(6) DefNew: 1407K(1536K)->127K(1536K) Eden: 1407K(1408K)->0K(1408K) From: 0K(128K)->127K(128K)
[0.227s][info][gc,heap        ] GC(6) Tenured: 1983K(3308K)->2617K(3308K)
[0.227s][info][gc,metaspace   ] GC(6) Metaspace: 6297K(6464K)->6297K(6464K) NonClass: 5763K(5824K)->5763K(5824K) Class: 533K(640K)->533K(640K)
[0.227s][info][gc             ] GC(6) Pause Young (Allocation Failure) 3M->2M(4M) 1.746ms
[0.227s][info][gc,cpu         ] GC(6) User=0.00s Sys=0.00s Real=0.00s
[0.229s][info][gc,start       ] GC(7) Pause Young (Allocation Failure)
[0.231s][info][gc             ] GC(7) Pause Young (Allocation Failure) 4M->3M(4M) 2.093ms
[0.231s][info][gc,cpu         ] GC(7) User=0.00s Sys=0.00s Real=0.00s
[0.231s][info][gc,start       ] GC(8) Pause Full (Allocation Failure)
[0.231s][info][gc,phases,start] GC(8) Phase 1: Mark live objects
[0.234s][info][gc,phases      ] GC(8) Phase 1: Mark live objects 2.691ms
[0.234s][info][gc,phases,start] GC(8) Phase 2: Compute new object addresses
[0.235s][info][gc,phases      ] GC(8) Phase 2: Compute new object addresses 0.846ms
[0.235s][info][gc,phases,start] GC(8) Phase 3: Adjust pointers
[0.236s][info][gc,phases      ] GC(8) Phase 3: Adjust pointers 1.107ms
[0.236s][info][gc,phases,start] GC(8) Phase 4: Move objects
[0.236s][info][gc,phases      ] GC(8) Phase 4: Move objects 0.088ms
[0.236s][info][gc,heap        ] GC(8) DefNew: 1535K(1536K)->0K(2688K) Eden: 1408K(1408K)->0K(2432K) From: 127K(128K)->0K(256K)
[0.236s][info][gc,heap        ] GC(8) Tenured: 2617K(3308K)->3460K(5768K)
[0.236s][info][gc,metaspace   ] GC(8) Metaspace: 6297K(6464K)->6297K(6464K) NonClass: 5763K(5824K)->5763K(5824K) Class: 533K(640K)->533K(640K)
[0.236s][info][gc             ] GC(8) Pause Full (Allocation Failure) 3M->3M(8M) 5.117ms
[0.236s][info][gc,cpu         ] GC(8) User=0.00s Sys=0.00s Real=0.01s
[0.240s][info][gc,start       ] GC(9) Pause Young (Allocation Failure)
[0.243s][info][gc,heap        ] GC(9) DefNew: 2431K(2688K)->255K(2688K) Eden: 2431K(2432K)->0K(2432K) From: 0K(256K)->255K(256K)
[0.243s][info][gc,heap        ] GC(9) Tenured: 3460K(5768K)->4512K(5768K)
[0.243s][info][gc,metaspace   ] GC(9) Metaspace: 6297K(6464K)->6297K(6464K) NonClass: 5763K(5824K)->5763K(5824K) Class: 533K(640K)->533K(640K)
[0.243s][info][gc             ] GC(9) Pause Young (Allocation Failure) 5M->4M(8M) 2.851ms
[0.243s][info][gc,cpu         ] GC(9) User=0.00s Sys=0.00s Real=0.00s
[0.247s][info][gc,start       ] GC(10) Pause Young (Allocation Failure)
[0.250s][info][gc,heap        ] GC(10) DefNew: 2687K(2688K)->255K(2688K) Eden: 2432K(2432K)->0K(2432K) From: 255K(256K)->255K(256K)
[0.250s][info][gc,heap        ] GC(10) Tenured: 4512K(5768K)->5755K(5768K)
[0.250s][info][gc,metaspace   ] GC(10) Metaspace: 6297K(6464K)->6297K(6464K) NonClass: 5763K(5824K)->5763K(5824K) Class: 533K(640K)->533K(640K)
[0.250s][info][gc             ] GC(10) Pause Young (Allocation Failure) 7M->5M(8M) 3.508ms
[0.250s][info][gc,cpu         ] GC(10) User=0.00s Sys=0.00s Real=0.00s
[0.253s][info][gc,start       ] GC(11) Pause Young (Allocation Failure)
[0.256s][info][gc             ] GC(11) Pause Young (Allocation Failure) 8M->7M(9M) 3.267ms
[0.256s][info][gc,cpu         ] GC(11) User=0.02s Sys=0.00s Real=0.00s
[0.256s][info][gc,start       ] GC(12) Pause Full (Allocation Failure)
[0.256s][info][gc,phases,start] GC(12) Phase 1: Mark live objects
[0.261s][info][gc,phases      ] GC(12) Phase 1: Mark live objects 4.789ms
[0.261s][info][gc,phases,start] GC(12) Phase 2: Compute new object addresses
[0.263s][info][gc,phases      ] GC(12) Phase 2: Compute new object addresses 1.391ms
[0.263s][info][gc,phases,start] GC(12) Phase 3: Adjust pointers
[0.264s][info][gc,phases      ] GC(12) Phase 3: Adjust pointers 1.663ms
[0.264s][info][gc,phases,start] GC(12) Phase 4: Move objects
[0.266s][info][gc,phases      ] GC(12) Phase 4: Move objects 1.267ms
[0.266s][info][gc,heap        ] GC(12) DefNew: 2687K(2688K)->0K(5376K) Eden: 2432K(2432K)->0K(4800K) From: 255K(256K)->0K(576K)
[0.266s][info][gc,heap        ] GC(12) Tenured: 5755K(5768K)->7132K(11888K)
[0.266s][info][gc,metaspace   ] GC(12) Metaspace: 6297K(6464K)->6297K(6464K) NonClass: 5763K(5824K)->5763K(5824K) Class: 533K(640K)->533K(640K)
[0.266s][info][gc             ] GC(12) Pause Full (Allocation Failure) 7M->6M(16M) 9.628ms
[0.266s][info][gc,cpu         ] GC(12) User=0.00s Sys=0.00s Real=0.01s
[0.270s][info][gc,start       ] GC(13) Pause Young (Allocation Failure)
[0.276s][info][gc,heap        ] GC(13) DefNew: 4800K(5376K)->575K(5376K) Eden: 4800K(4800K)->0K(4800K) From: 0K(576K)->575K(576K)
[0.276s][info][gc,heap        ] GC(13) Tenured: 7132K(11888K)->9027K(11888K)
[0.276s][info][gc,metaspace   ] GC(13) Metaspace: 6297K(6464K)->6297K(6464K) NonClass: 5763K(5824K)->5763K(5824K) Class: 533K(640K)->533K(640K)
[0.276s][info][gc             ] GC(13) Pause Young (Allocation Failure) 11M->9M(16M) 5.542ms
[0.276s][info][gc,cpu         ] GC(13) User=0.02s Sys=0.00s Real=0.01s
[0.280s][info][gc,start       ] GC(14) Pause Young (Allocation Failure)
[0.286s][info][gc,heap        ] GC(14) DefNew: 5375K(5376K)->576K(5376K) Eden: 4800K(4800K)->0K(4800K) From: 575K(576K)->576K(576K)
[0.286s][info][gc,heap        ] GC(14) Tenured: 9027K(11888K)->11746K(11888K)
[0.286s][info][gc,metaspace   ] GC(14) Metaspace: 6297K(6464K)->6297K(6464K) NonClass: 5763K(5824K)->5763K(5824K) Class: 533K(640K)->533K(640K)
[0.286s][info][gc             ] GC(14) Pause Young (Allocation Failure) 14M->12M(16M) 6.043ms
[0.286s][info][gc,cpu         ] GC(14) User=0.00s Sys=0.00s Real=0.01s
[0.291s][info][gc,start       ] GC(15) Pause Young (Allocation Failure)
[0.297s][info][gc             ] GC(15) Pause Young (Allocation Failure) 16M->14M(19M) 5.512ms
[0.297s][info][gc,cpu         ] GC(15) User=0.00s Sys=0.00s Real=0.00s
[0.297s][info][gc,start       ] GC(16) Pause Full (Allocation Failure)
[0.297s][info][gc,phases,start] GC(16) Phase 1: Mark live objects
[0.305s][info][gc,phases      ] GC(16) Phase 1: Mark live objects 7.621ms
[0.305s][info][gc,phases,start] GC(16) Phase 2: Compute new object addresses
[0.308s][info][gc,phases      ] GC(16) Phase 2: Compute new object addresses 2.796ms
[0.308s][info][gc,phases,start] GC(16) Phase 3: Adjust pointers
[0.311s][info][gc,phases      ] GC(16) Phase 3: Adjust pointers 3.109ms
[0.311s][info][gc,phases,start] GC(16) Phase 4: Move objects
[0.311s][info][gc,phases      ] GC(16) Phase 4: Move objects 0.182ms
[0.311s][info][gc,heap        ] GC(16) DefNew: 5376K(5376K)->386K(10880K) Eden: 4800K(4800K)->386K(9728K) From: 576K(576K)->0K(1152K)
[0.311s][info][gc,heap        ] GC(16) Tenured: 11746K(11888K)->14384K(23976K)
[0.311s][info][gc,metaspace   ] GC(16) Metaspace: 6298K(6464K)->6298K(6464K) NonClass: 5765K(5824K)->5765K(5824K) Class: 533K(640K)->533K(640K)
[0.311s][info][gc             ] GC(16) Pause Full (Allocation Failure) 14M->14M(34M) 14.100ms
[0.311s][info][gc,cpu         ] GC(16) User=0.02s Sys=0.00s Real=0.02s
[0.320s][info][gc,start       ] GC(17) Pause Young (Allocation Failure)
[0.332s][info][gc,heap        ] GC(17) DefNew: 9728K(10880K)->1151K(10880K) Eden: 9728K(9728K)->0K(9728K) From: 0K(1152K)->1151K(1152K)
[0.332s][info][gc,heap        ] GC(17) Tenured: 14384K(23976K)->18415K(23976K)
[0.332s][info][gc,metaspace   ] GC(17) Metaspace: 6298K(6464K)->6298K(6464K) NonClass: 5765K(5824K)->5765K(5824K) Class: 533K(640K)->533K(640K)
[0.332s][info][gc             ] GC(17) Pause Young (Allocation Failure) 23M->19M(34M) 12.715ms
[0.332s][info][gc,cpu         ] GC(17) User=0.00s Sys=0.00s Real=0.01s
[0.340s][info][gc,start       ] GC(18) Pause Young (Allocation Failure)
[0.353s][info][gc,heap        ] GC(18) DefNew: 10879K(10880K)->1151K(10880K) Eden: 9728K(9728K)->0K(9728K) From: 1151K(1152K)->1151K(1152K)
[0.353s][info][gc,heap        ] GC(18) Tenured: 18415K(23976K)->23936K(23976K)
[0.353s][info][gc,metaspace   ] GC(18) Metaspace: 6298K(6464K)->6298K(6464K) NonClass: 5765K(5824K)->5765K(5824K) Class: 533K(640K)->533K(640K)
[0.353s][info][gc             ] GC(18) Pause Young (Allocation Failure) 28M->24M(34M) 13.094ms
[0.353s][info][gc,cpu         ] GC(18) User=0.00s Sys=0.00s Real=0.01s
[0.360s][info][gc,start       ] GC(19) Pause Young (Allocation Failure)
[0.372s][info][gc             ] GC(19) Pause Young (Allocation Failure) 34M->29M(38M) 11.489ms
[0.372s][info][gc,cpu         ] GC(19) User=0.00s Sys=0.00s Real=0.01s
[0.372s][info][gc,start       ] GC(20) Pause Full (Allocation Failure)
[0.372s][info][gc,phases,start] GC(20) Phase 1: Mark live objects
[0.386s][info][gc,phases      ] GC(20) Phase 1: Mark live objects 13.924ms
[0.386s][info][gc,phases,start] GC(20) Phase 2: Compute new object addresses
[0.390s][info][gc,phases      ] GC(20) Phase 2: Compute new object addresses 4.649ms
[0.390s][info][gc,phases,start] GC(20) Phase 3: Adjust pointers
[0.396s][info][gc,phases      ] GC(20) Phase 3: Adjust pointers 5.393ms
[0.396s][info][gc,phases,start] GC(20) Phase 4: Move objects
[0.396s][info][gc,phases      ] GC(20) Phase 4: Move objects 0.187ms
[0.396s][info][gc,heap        ] GC(20) DefNew: 10879K(10880K)->1080K(21888K) Eden: 9728K(9728K)->1080K(19520K) From: 1151K(1152K)->0K(2368K)
[0.396s][info][gc,heap        ] GC(20) Tenured: 23936K(23976K)->29036K(48396K)
[0.396s][info][gc,metaspace   ] GC(20) Metaspace: 6298K(6464K)->6298K(6464K) NonClass: 5765K(5824K)->5765K(5824K) Class: 533K(640K)->533K(640K)
[0.396s][info][gc             ] GC(20) Pause Full (Allocation Failure) 29M->29M(68M) 24.544ms
[0.396s][info][gc,cpu         ] GC(20) User=0.03s Sys=0.00s Real=0.02s
[0.412s][info][gc,start       ] GC(21) Pause Young (Allocation Failure)
[0.441s][info][gc,heap        ] GC(21) DefNew: 19520K(21888K)->2367K(21888K) Eden: 19520K(19520K)->0K(19520K) From: 0K(2368K)->2367K(2368K)
[0.441s][info][gc,heap        ] GC(21) Tenured: 29036K(48396K)->39370K(48396K)
[0.441s][info][gc,metaspace   ] GC(21) Metaspace: 6298K(6464K)->6298K(6464K) NonClass: 5765K(5824K)->5765K(5824K) Class: 533K(640K)->533K(640K)
[0.441s][info][gc             ] GC(21) Pause Young (Allocation Failure) 47M->40M(68M) 28.489ms
[0.441s][info][gc,cpu         ] GC(21) User=0.02s Sys=0.00s Real=0.03s
[0.460s][info][gc,start       ] GC(22) Pause Young (Allocation Failure)
[0.496s][info][gc             ] GC(22) Pause Young (Allocation Failure) 59M->59M(78M) 35.561ms
[0.496s][info][gc,cpu         ] GC(22) User=0.03s Sys=0.00s Real=0.04s
[0.496s][info][gc,start       ] GC(23) Pause Full (Allocation Failure)
[0.496s][info][gc,phases,start] GC(23) Phase 1: Mark live objects
[0.522s][info][gc,phases      ] GC(23) Phase 1: Mark live objects 26.006ms
[0.522s][info][gc,phases,start] GC(23) Phase 2: Compute new object addresses
[0.532s][info][gc,phases      ] GC(23) Phase 2: Compute new object addresses 9.873ms
[0.532s][info][gc,phases,start] GC(23) Phase 3: Adjust pointers
[0.543s][info][gc,phases      ] GC(23) Phase 3: Adjust pointers 11.687ms
[0.543s][info][gc,phases,start] GC(23) Phase 4: Move objects
[0.544s][info][gc,phases      ] GC(23) Phase 4: Move objects 0.381ms
[0.544s][info][gc,heap        ] GC(23) DefNew: 21887K(21888K)->2271K(44288K) Eden: 19520K(19520K)->2271K(39424K) From: 2367K(2368K)->0K(4864K)
[0.544s][info][gc,heap        ] GC(23) Tenured: 39370K(48396K)->58955K(98260K)
[0.544s][info][gc,metaspace   ] GC(23) Metaspace: 6298K(6464K)->6298K(6464K) NonClass: 5765K(5824K)->5765K(5824K) Class: 533K(640K)->533K(640K)
[0.544s][info][gc             ] GC(23) Pause Full (Allocation Failure) 59M->59M(139M) 48.658ms
[0.544s][info][gc,cpu         ] GC(23) User=0.03s Sys=0.00s Real=0.05s
[0.588s][info][gc,start       ] GC(24) Pause Young (Allocation Failure)
[0.651s][info][gc,heap        ] GC(24) DefNew: 39424K(44288K)->4863K(44288K) Eden: 39424K(39424K)->0K(39424K) From: 0K(4864K)->4863K(4864K)
[0.651s][info][gc,heap        ] GC(24) Tenured: 58955K(98260K)->93487K(98260K)
[0.651s][info][gc,metaspace   ] GC(24) Metaspace: 6298K(6464K)->6298K(6464K) NonClass: 5765K(5824K)->5765K(5824K) Class: 533K(640K)->533K(640K)
[0.651s][info][gc             ] GC(24) Pause Young (Allocation Failure) 96M->96M(139M) 63.171ms
[0.651s][info][gc,cpu         ] GC(24) User=0.05s Sys=0.00s Real=0.06s
[0.683s][info][gc,start       ] GC(25) Pause Young (Allocation Failure)
[0.757s][info][gc             ] GC(25) Pause Young (Allocation Failure) 134M->134M(173M) 73.044ms
[0.757s][info][gc,cpu         ] GC(25) User=0.03s Sys=0.00s Real=0.07s
[0.757s][info][gc,start       ] GC(26) Pause Full (Allocation Failure)
[0.757s][info][gc,phases,start] GC(26) Phase 1: Mark live objects
[0.827s][info][gc,phases      ] GC(26) Phase 1: Mark live objects 70.283ms
[0.827s][info][gc,phases,start] GC(26) Phase 2: Compute new object addresses
[0.849s][info][gc,phases      ] GC(26) Phase 2: Compute new object addresses 21.772ms
[0.849s][info][gc,phases,start] GC(26) Phase 3: Adjust pointers
[0.880s][info][gc,phases      ] GC(26) Phase 3: Adjust pointers 31.100ms
[0.880s][info][gc,phases,start] GC(26) Phase 4: Move objects
[0.909s][info][gc,phases      ] GC(26) Phase 4: Move objects 29.204ms
[0.910s][info][gc,heap        ] GC(26) DefNew: 44287K(44288K)->1016K(99712K) Eden: 39424K(39424K)->1016K(88640K) From: 4863K(4864K)->0K(11072K)
[0.910s][info][gc,heap        ] GC(26) Tenured: 93487K(98260K)->132887K(221480K)
[0.910s][info][gc,metaspace   ] GC(26) Metaspace: 6298K(6464K)->6298K(6464K) NonClass: 5765K(5824K)->5765K(5824K) Class: 533K(640K)->533K(640K)
[0.910s][info][gc             ] GC(26) Pause Full (Allocation Failure) 134M->130M(313M) 153.193ms
[0.910s][info][gc,cpu         ] GC(26) User=0.11s Sys=0.00s Real=0.15s
[1.004s][info][gc,start       ] GC(27) Pause Young (Allocation Failure)
[1.163s][info][gc,heap        ] GC(27) DefNew: 88640K(99712K)->11072K(99712K) Eden: 88640K(88640K)->0K(88640K) From: 0K(11072K)->11072K(11072K)
[1.163s][info][gc,heap        ] GC(27) Tenured: 132887K(221480K)->210429K(221480K)
[1.163s][info][gc,metaspace   ] GC(27) Metaspace: 6298K(6464K)->6298K(6464K) NonClass: 5765K(5824K)->5765K(5824K) Class: 533K(640K)->533K(640K)
[1.163s][info][gc             ] GC(27) Pause Young (Allocation Failure) 216M->216M(313M) 159.779ms
[1.163s][info][gc,cpu         ] GC(27) User=0.16s Sys=0.00s Real=0.16s
[1.243s][info][gc,start       ] GC(28) Pause Young (Allocation Failure)
[1.413s][info][gc             ] GC(28) Pause Young (Allocation Failure) 302M->302M(389M) 169.799ms
[1.413s][info][gc,cpu         ] GC(28) User=0.09s Sys=0.06s Real=0.17s
[1.413s][info][gc,start       ] GC(29) Pause Full (Allocation Failure)
[1.413s][info][gc,phases,start] GC(29) Phase 1: Mark live objects
[1.547s][info][gc,phases      ] GC(29) Phase 1: Mark live objects 134.276ms
[1.547s][info][gc,phases,start] GC(29) Phase 2: Compute new object addresses
[1.595s][info][gc,phases      ] GC(29) Phase 2: Compute new object addresses 47.174ms
[1.595s][info][gc,phases,start] GC(29) Phase 3: Adjust pointers
[1.648s][info][gc,phases      ] GC(29) Phase 3: Adjust pointers 53.576ms
[1.648s][info][gc,phases,start] GC(29) Phase 4: Move objects
[1.650s][info][gc,phases      ] GC(29) Phase 4: Move objects 2.161ms
[1.651s][info][gc,heap        ] GC(29) DefNew: 99712K(99712K)->10926K(224448K) Eden: 88640K(88640K)->10926K(199552K) From: 11072K(11072K)->0K(24896K)
[1.651s][info][gc,heap        ] GC(29) Tenured: 210429K(221480K)->299180K(498636K)
[1.651s][info][gc,metaspace   ] GC(29) Metaspace: 6298K(6464K)->6298K(6464K) NonClass: 5765K(5824K)->5765K(5824K) Class: 533K(640K)->533K(640K)
[1.652s][info][gc             ] GC(29) Pause Full (Allocation Failure) 302M->302M(706M) 238.480ms
[1.652s][info][gc,cpu         ] GC(29) User=0.23s Sys=0.00s Real=0.24s
[1.864s][info][gc,start       ] GC(30) Pause Young (Allocation Failure)
[2.199s][info][gc,heap        ] GC(30) DefNew: 199552K(224448K)->24896K(224448K) Eden: 199552K(199552K)->0K(199552K) From: 0K(24896K)->24896K(24896K)
[2.199s][info][gc,heap        ] GC(30) Tenured: 299180K(498636K)->473805K(498636K)
[2.199s][info][gc,metaspace   ] GC(30) Metaspace: 6298K(6464K)->6298K(6464K) NonClass: 5765K(5824K)->5765K(5824K) Class: 533K(640K)->533K(640K)
[2.199s][info][gc             ] GC(30) Pause Young (Allocation Failure) 487M->487M(706M) 334.551ms
[2.199s][info][gc,cpu         ] GC(30) User=0.30s Sys=0.00s Real=0.33s
[2.384s][info][gc,start       ] GC(31) Pause Young (Allocation Failure)
[2.763s][info][gc             ] GC(31) Pause Young (Allocation Failure) 681M->681M(876M) 378.325ms
[2.763s][info][gc,cpu         ] GC(31) User=0.31s Sys=0.05s Real=0.38s
[2.763s][info][gc,start       ] GC(32) Pause Full (Allocation Failure)
[2.763s][info][gc,phases,start] GC(32) Phase 1: Mark live objects
[3.078s][info][gc,phases      ] GC(32) Phase 1: Mark live objects 314.688ms
[3.078s][info][gc,phases,start] GC(32) Phase 2: Compute new object addresses
[3.186s][info][gc,phases      ] GC(32) Phase 2: Compute new object addresses 108.118ms
[3.186s][info][gc,phases,start] GC(32) Phase 3: Adjust pointers
[3.302s][info][gc,phases      ] GC(32) Phase 3: Adjust pointers 116.135ms
[3.302s][info][gc,phases,start] GC(32) Phase 4: Move objects
[3.307s][info][gc,phases      ] GC(32) Phase 4: Move objects 5.445ms
[3.309s][info][gc,heap        ] GC(32) DefNew: 224448K(224448K)->24800K(505152K) Eden: 199552K(199552K)->24800K(449088K) From: 24896K(24896K)->0K(56064K)
[3.309s][info][gc,heap        ] GC(32) Tenured: 473805K(498636K)->673423K(1122376K)
[3.309s][info][gc,metaspace   ] GC(32) Metaspace: 6298K(6464K)->6298K(6464K) NonClass: 5765K(5824K)->5765K(5824K) Class: 533K(640K)->533K(640K)
[3.310s][info][gc             ] GC(32) Pause Full (Allocation Failure) 681M->681M(1589M) 546.701ms
[3.310s][info][gc,cpu         ] GC(32) User=0.55s Sys=0.00s Real=0.55s
[3.768s][info][gc,start       ] GC(33) Pause Young (Allocation Failure)
[4.527s][info][gc,heap        ] GC(33) DefNew: 449088K(505152K)->56063K(505152K) Eden: 449088K(449088K)->0K(449088K) From: 0K(56064K)->56063K(56064K)
[4.527s][info][gc,heap        ] GC(33) Tenured: 673423K(1122376K)->1066421K(1122376K)
[4.527s][info][gc,metaspace   ] GC(33) Metaspace: 6298K(6464K)->6298K(6464K) NonClass: 5765K(5824K)->5765K(5824K) Class: 533K(640K)->533K(640K)
[4.527s][info][gc             ] GC(33) Pause Young (Allocation Failure) 1096M->1096M(1589M) 759.326ms
[4.527s][info][gc,cpu         ] GC(33) User=0.61s Sys=0.14s Real=0.76s
[4.985s][info][gc,start       ] GC(34) Pause Young (Allocation Failure)
[5.689s][info][gc             ] GC(34) Pause Young (Allocation Failure) 1534M->1476M(1915M) 703.389ms
[5.689s][info][gc,cpu         ] GC(34) User=0.64s Sys=0.06s Real=0.70s
[5.689s][info][gc,start       ] GC(35) Pause Full (Allocation Failure)
[5.689s][info][gc,phases,start] GC(35) Phase 1: Mark live objects
[6.356s][info][gc,phases      ] GC(35) Phase 1: Mark live objects 666.898ms
[6.356s][info][gc,phases,start] GC(35) Phase 2: Compute new object addresses
[6.613s][info][gc,phases      ] GC(35) Phase 2: Compute new object addresses 256.938ms
[6.613s][info][gc,phases,start] GC(35) Phase 3: Adjust pointers
[6.888s][info][gc,phases      ] GC(35) Phase 3: Adjust pointers 275.679ms
[6.889s][info][gc,phases,start] GC(35) Phase 4: Move objects
[6.900s][info][gc,phases      ] GC(35) Phase 4: Move objects 11.087ms
[6.904s][info][gc,heap        ] GC(35) DefNew: 505151K(505152K)->56015K(1092160K) Eden: 449088K(449088K)->56015K(970816K) From: 56063K(56064K)->0K(121344K)
[6.904s][info][gc,heap        ] GC(35) Tenured: 1066421K(1122376K)->1456139K(2426900K)
[6.904s][info][gc,metaspace   ] GC(35) Metaspace: 6298K(6464K)->6298K(6464K) NonClass: 5765K(5824K)->5765K(5824K) Class: 533K(640K)->533K(640K)
[6.904s][info][gc             ] GC(35) Pause Full (Allocation Failure) 1476M->1476M(3436M) 1214.953ms
[6.904s][info][gc,cpu         ] GC(35) User=1.16s Sys=0.00s Real=1.22s
[7.902s][info][gc,start       ] GC(36) Pause Young (Allocation Failure)
[9.592s][info][gc,heap        ] GC(36) DefNew: 970816K(1092160K)->121344K(1092160K) Eden: 970816K(970816K)->0K(970816K) From: 0K(121344K)->121344K(121344K)
[9.592s][info][gc,heap        ] GC(36) Tenured: 1456139K(2426900K)->2305582K(2426900K)
[9.592s][info][gc,metaspace   ] GC(36) Metaspace: 6298K(6464K)->6298K(6464K) NonClass: 5765K(5824K)->5765K(5824K) Class: 533K(640K)->533K(640K)
[9.592s][info][gc             ] GC(36) Pause Young (Allocation Failure) 2370M->2370M(3436M) 1689.900ms
[9.592s][info][gc,cpu         ] GC(36) User=1.50s Sys=0.17s Real=1.69s
[10.583s][info][gc,start       ] GC(37) Pause Young (Allocation Failure)
[12.204s][info][gc             ] GC(37) Pause Young (Allocation Failure) 3318M->3318M(4266M) 1620.607ms
[12.204s][info][gc,cpu         ] GC(37) User=1.28s Sys=0.30s Real=1.62s
[12.204s][info][gc,start       ] GC(38) Pause Full (Allocation Failure)
[12.204s][info][gc,phases,start] GC(38) Phase 1: Mark live objects
[13.653s][info][gc,phases      ] GC(38) Phase 1: Mark live objects 1449.032ms
[13.653s][info][gc,phases,start] GC(38) Phase 2: Compute new object addresses
[14.121s][info][gc,phases      ] GC(38) Phase 2: Compute new object addresses 468.417ms
[14.121s][info][gc,phases,start] GC(38) Phase 3: Adjust pointers
[14.763s][info][gc,phases      ] GC(38) Phase 3: Adjust pointers 641.670ms
[14.763s][info][gc,phases,start] GC(38) Phase 4: Move objects
[15.363s][info][gc,phases      ] GC(38) Phase 4: Move objects 599.791ms
[15.367s][info][gc,heap        ] GC(38) DefNew: 1092160K(1092160K)->27066K(1781760K) Eden: 970816K(970816K)->27066K(1583808K) From: 121344K(121344K)->0K(197952K)
[15.367s][info][gc,heap        ] GC(38) Tenured: 2305582K(2426900K)->3276439K(3959488K)
[15.367s][info][gc,metaspace   ] GC(38) Metaspace: 6298K(6464K)->6298K(6464K) NonClass: 5765K(5824K)->5765K(5824K) Class: 533K(640K)->533K(640K)
[15.367s][info][gc             ] GC(38) Pause Full (Allocation Failure) 3318M->3226M(5606M) 3163.101ms
[15.367s][info][gc,cpu         ] GC(38) User=3.16s Sys=0.00s Real=3.16s
[16.823s][info][gc,start       ] GC(39) Pause Young (Allocation Failure)
[16.823s][info][gc             ] GC(39) Pause Young (Allocation Failure) 4746M->4746M(5606M) 0.157ms
[16.823s][info][gc,cpu         ] GC(39) User=0.00s Sys=0.00s Real=0.00s
[16.823s][info][gc,start       ] GC(40) Pause Full (Allocation Failure)
[16.823s][info][gc,phases,start] GC(40) Phase 1: Mark live objects
[18.993s][info][gc,phases      ] GC(40) Phase 1: Mark live objects 2170.224ms
[18.993s][info][gc,phases,start] GC(40) Phase 2: Compute new object addresses
[19.663s][info][gc,phases      ] GC(40) Phase 2: Compute new object addresses 670.064ms
[19.664s][info][gc,phases,start] GC(40) Phase 3: Adjust pointers
[20.663s][info][gc,phases      ] GC(40) Phase 3: Adjust pointers 999.591ms
[20.663s][info][gc,phases,start] GC(40) Phase 4: Move objects
[21.101s][info][gc,phases      ] GC(40) Phase 4: Move objects 437.805ms
[21.102s][info][gc,heap        ] GC(40) DefNew: 1583808K(1781760K)->900729K(1781760K) Eden: 1583808K(1583808K)->900729K(1583808K) From: 0K(197952K)->0K(197952K)
[21.102s][info][gc,heap        ] GC(40) Tenured: 3276439K(3959488K)->3959487K(3959488K)
[21.102s][info][gc,metaspace   ] GC(40) Metaspace: 6298K(6464K)->6298K(6464K) NonClass: 5765K(5824K)->5765K(5824K) Class: 533K(640K)->533K(640K)
[21.102s][info][gc             ] GC(40) Pause Full (Allocation Failure) 4746M->4746M(5606M) 4279.039ms
[21.102s][info][gc,cpu         ] GC(40) User=4.06s Sys=0.19s Real=4.28s
[22.307s][info][gc,start       ] GC(41) Pause Full (Allocation Failure)
[22.307s][info][gc,phases,start] GC(41) Phase 1: Mark live objects
[24.880s][info][gc,phases      ] GC(41) Phase 1: Mark live objects 2572.779ms
[24.880s][info][gc,phases,start] GC(41) Phase 2: Compute new object addresses
[25.657s][info][gc,phases      ] GC(41) Phase 2: Compute new object addresses 776.908ms
[25.657s][info][gc,phases,start] GC(41) Phase 3: Adjust pointers
[26.818s][info][gc,phases      ] GC(41) Phase 3: Adjust pointers 1161.221ms
[26.818s][info][gc,phases,start] GC(41) Phase 4: Move objects
[26.950s][info][gc,phases      ] GC(41) Phase 4: Move objects 131.729ms
[26.951s][info][gc,heap        ] GC(41) DefNew: 1781759K(1781760K)->1781746K(1781760K) Eden: 1583808K(1583808K)->1583807K(1583808K) From: 197951K(197952K)->197938K(197952K)
[26.951s][info][gc,heap        ] GC(41) Tenured: 3959487K(3959488K)->3959487K(3959488K)
[26.951s][info][gc,metaspace   ] GC(41) Metaspace: 6298K(6464K)->6298K(6464K) NonClass: 5765K(5824K)->5765K(5824K) Class: 533K(640K)->533K(640K)
[26.951s][info][gc             ] GC(41) Pause Full (Allocation Failure) 5606M->5606M(5606M) 4644.203ms
[26.951s][info][gc,cpu         ] GC(41) User=4.62s Sys=0.00s Real=4.64s
[26.952s][info][gc,start       ] GC(42) Pause Full (Allocation Failure)
[26.952s][info][gc,phases,start] GC(42) Phase 1: Mark live objects
[29.540s][info][gc,phases      ] GC(42) Phase 1: Mark live objects 2587.832ms
[29.540s][info][gc,phases,start] GC(42) Phase 2: Compute new object addresses
[30.319s][info][gc,phases      ] GC(42) Phase 2: Compute new object addresses 779.533ms
[30.319s][info][gc,phases,start] GC(42) Phase 3: Adjust pointers
[31.420s][info][gc,phases      ] GC(42) Phase 3: Adjust pointers 1100.696ms
[31.420s][info][gc,phases,start] GC(42) Phase 4: Move objects
[31.420s][info][gc,phases      ] GC(42) Phase 4: Move objects 0.016ms
[31.421s][info][gc,heap        ] GC(42) DefNew: 1781759K(1781760K)->1781759K(1781760K) Eden: 1583807K(1583808K)->1583807K(1583808K) From: 197951K(197952K)->197951K(197952K)
[31.421s][info][gc,heap        ] GC(42) Tenured: 3959487K(3959488K)->3959487K(3959488K)
[31.421s][info][gc,metaspace   ] GC(42) Metaspace: 6298K(6464K)->6298K(6464K) NonClass: 5765K(5824K)->5765K(5824K) Class: 533K(640K)->533K(640K)
[31.421s][info][gc             ] GC(42) Pause Full (Allocation Failure) 5606M->5606M(5606M) 4469.167ms
[31.421s][info][gc,cpu         ] GC(42) User=4.44s Sys=0.00s Real=4.47s
[31.421s][info][gc,start       ] GC(43) Pause Full (Allocation Failure)
[31.421s][info][gc,phases,start] GC(43) Phase 1: Mark live objects
[34.017s][info][gc,phases      ] GC(43) Phase 1: Mark live objects 2596.480ms
[34.017s][info][gc,phases,start] GC(43) Phase 2: Compute new object addresses
[34.805s][info][gc,phases      ] GC(43) Phase 2: Compute new object addresses 787.195ms
[34.805s][info][gc,phases,start] GC(43) Phase 3: Adjust pointers
[36.134s][info][gc,phases      ] GC(43) Phase 3: Adjust pointers 1329.382ms
[36.134s][info][gc,phases,start] GC(43) Phase 4: Move objects
[37.051s][info][gc,phases      ] GC(43) Phase 4: Move objects 916.764ms
[37.052s][info][gc,heap        ] GC(43) DefNew: 1781759K(1781760K)->1781755K(1781760K) Eden: 1583807K(1583808K)->1583807K(1583808K) From: 197951K(197952K)->197947K(197952K)
[37.052s][info][gc,heap        ] GC(43) Tenured: 3959487K(3959488K)->3959487K(3959488K)
[37.052s][info][gc,metaspace   ] GC(43) Metaspace: 6298K(6464K)->6297K(6464K) NonClass: 5765K(5824K)->5764K(5824K) Class: 533K(640K)->532K(640K)
[37.052s][info][gc             ] GC(43) Pause Full (Allocation Failure) 5606M->5606M(5606M) 5631.315ms
[37.052s][info][gc,cpu         ] GC(43) User=5.61s Sys=0.00s Real=5.63s
[37.053s][info][gc,start       ] GC(44) Pause Full (Allocation Failure)
[37.053s][info][gc,phases,start] GC(44) Phase 1: Mark live objects
[39.617s][info][gc,phases      ] GC(44) Phase 1: Mark live objects 2564.468ms
[39.617s][info][gc,phases,start] GC(44) Phase 2: Compute new object addresses
[40.390s][info][gc,phases      ] GC(44) Phase 2: Compute new object addresses 773.030ms
[40.390s][info][gc,phases,start] GC(44) Phase 3: Adjust pointers
[41.479s][info][gc,phases      ] GC(44) Phase 3: Adjust pointers 1088.947ms
[41.479s][info][gc,phases,start] GC(44) Phase 4: Move objects
[41.479s][info][gc,phases      ] GC(44) Phase 4: Move objects 0.020ms
[41.480s][info][gc,heap        ] GC(44) DefNew: 1781759K(1781760K)->1781759K(1781760K) Eden: 1583807K(1583808K)->1583807K(1583808K) From: 197951K(197952K)->197951K(197952K)
[41.480s][info][gc,heap        ] GC(44) Tenured: 3959487K(3959488K)->3959487K(3959488K)
[41.480s][info][gc,metaspace   ] GC(44) Metaspace: 6297K(6464K)->6297K(6464K) NonClass: 5764K(5824K)->5764K(5824K) Class: 532K(640K)->532K(640K)
[41.480s][info][gc             ] GC(44) Pause Full (Allocation Failure) 5606M->5606M(5606M) 4427.579ms
[41.480s][info][gc,cpu         ] GC(44) User=4.39s Sys=0.00s Real=4.43s
[41.480s][info][gc,start       ] GC(45) Pause Full (Allocation Failure)
[41.480s][info][gc,phases,start] GC(45) Phase 1: Mark live objects
[44.060s][info][gc,phases      ] GC(45) Phase 1: Mark live objects 2579.281ms
[44.060s][info][gc,phases,start] GC(45) Phase 2: Compute new object addresses
[44.840s][info][gc,phases      ] GC(45) Phase 2: Compute new object addresses 779.794ms
[44.840s][info][gc,phases,start] GC(45) Phase 3: Adjust pointers
[45.934s][info][gc,phases      ] GC(45) Phase 3: Adjust pointers 1094.156ms
[45.934s][info][gc,phases,start] GC(45) Phase 4: Move objects
[45.934s][info][gc,phases      ] GC(45) Phase 4: Move objects 0.017ms
[45.935s][info][gc,heap        ] GC(45) DefNew: 1781759K(1781760K)->1781759K(1781760K) Eden: 1583807K(1583808K)->1583807K(1583808K) From: 197951K(197952K)->197951K(197952K)
[45.935s][info][gc,heap        ] GC(45) Tenured: 3959487K(3959488K)->3959487K(3959488K)
[45.935s][info][gc,metaspace   ] GC(45) Metaspace: 6297K(6464K)->6297K(6464K) NonClass: 5764K(5824K)->5764K(5824K) Class: 532K(640K)->532K(640K)
[45.935s][info][gc             ] GC(45) Pause Full (Allocation Failure) 5606M->5606M(5606M) 4454.325ms
[45.935s][info][gc,cpu         ] GC(45) User=4.47s Sys=0.00s Real=4.45s
[45.935s][info][gc,start       ] GC(46) Pause Full (Allocation Failure)
[45.936s][info][gc,phases,start] GC(46) Phase 1: Mark live objects
[48.527s][info][gc,phases      ] GC(46) Phase 1: Mark live objects 2591.214ms
[48.527s][info][gc,phases,start] GC(46) Phase 2: Compute new object addresses
[49.330s][info][gc,phases      ] GC(46) Phase 2: Compute new object addresses 802.817ms
[49.330s][info][gc,phases,start] GC(46) Phase 3: Adjust pointers
[50.460s][info][gc,phases      ] GC(46) Phase 3: Adjust pointers 1130.488ms
[50.460s][info][gc,phases,start] GC(46) Phase 4: Move objects
[50.460s][info][gc,phases      ] GC(46) Phase 4: Move objects 0.017ms
[50.461s][info][gc,heap        ] GC(46) DefNew: 1781759K(1781760K)->1781759K(1781760K) Eden: 1583808K(1583808K)->1583808K(1583808K) From: 197951K(197952K)->197951K(197952K)
[50.461s][info][gc,heap        ] GC(46) Tenured: 3959487K(3959488K)->3959487K(3959488K)
[50.461s][info][gc,metaspace   ] GC(46) Metaspace: 6297K(6464K)->6297K(6464K) NonClass: 5764K(5824K)->5764K(5824K) Class: 532K(640K)->532K(640K)
[50.461s][info][gc             ] GC(46) Pause Full (Allocation Failure) 5606M->5606M(5606M) 4525.618ms
[50.461s][info][gc,cpu         ] GC(46) User=4.48s Sys=0.00s Real=4.53s
[50.461s][info][gc,start       ] GC(47) Pause Full (Allocation Failure)
[50.461s][info][gc,phases,start] GC(47) Phase 1: Mark live objects
[53.052s][info][gc,phases      ] GC(47) Phase 1: Mark live objects 2591.163ms
[53.052s][info][gc,phases,start] GC(47) Phase 2: Compute new object addresses
[53.833s][info][gc,phases      ] GC(47) Phase 2: Compute new object addresses 780.609ms
[53.833s][info][gc,phases,start] GC(47) Phase 3: Adjust pointers
[55.221s][info][gc,phases      ] GC(47) Phase 3: Adjust pointers 1388.092ms
[55.221s][info][gc,phases,start] GC(47) Phase 4: Move objects
[56.152s][info][gc,phases      ] GC(47) Phase 4: Move objects 930.710ms
[56.153s][info][gc,heap        ] GC(47) DefNew: 1781759K(1781760K)->1781758K(1781760K) Eden: 1583808K(1583808K)->1583808K(1583808K) From: 197951K(197952K)->197950K(197952K)
[56.153s][info][gc,heap        ] GC(47) Tenured: 3959487K(3959488K)->3959487K(3959488K)
[56.153s][info][gc,metaspace   ] GC(47) Metaspace: 6297K(6464K)->6297K(6464K) NonClass: 5764K(5824K)->5764K(5824K) Class: 532K(640K)->532K(640K)
[56.153s][info][gc             ] GC(47) Pause Full (Allocation Failure) 5606M->5606M(5606M) 5692.070ms
[56.153s][info][gc,cpu         ] GC(47) User=5.56s Sys=0.00s Real=5.69s
[56.154s][info][gc,start       ] GC(48) Pause Full (Allocation Failure)
[56.154s][info][gc,phases,start] GC(48) Phase 1: Mark live objects
[58.772s][info][gc,phases      ] GC(48) Phase 1: Mark live objects 2618.120ms
[58.772s][info][gc,phases,start] GC(48) Phase 2: Compute new object addresses
[59.549s][info][gc,phases      ] GC(48) Phase 2: Compute new object addresses 776.957ms
[59.550s][info][gc,phases,start] GC(48) Phase 3: Adjust pointers
[60.661s][info][gc,phases      ] GC(48) Phase 3: Adjust pointers 1111.354ms
[60.661s][info][gc,phases,start] GC(48) Phase 4: Move objects
[60.661s][info][gc,phases      ] GC(48) Phase 4: Move objects 0.017ms
[60.662s][info][gc,heap        ] GC(48) DefNew: 1781759K(1781760K)->1781758K(1781760K) Eden: 1583808K(1583808K)->1583808K(1583808K) From: 197951K(197952K)->197950K(197952K)
[60.662s][info][gc,heap        ] GC(48) Tenured: 3959487K(3959488K)->3959487K(3959488K)
[60.662s][info][gc,metaspace   ] GC(48) Metaspace: 6299K(6464K)->6299K(6464K) NonClass: 5765K(5824K)->5765K(5824K) Class: 533K(640K)->533K(640K)
[60.662s][info][gc             ] GC(48) Pause Full (Allocation Failure) 5606M->5606M(5606M) 4507.590ms
[60.662s][info][gc,cpu         ] GC(48) User=4.47s Sys=0.00s Real=4.51s
[60.662s][info][gc,heap,exit   ] Heap
[60.662s][info][gc,heap,exit   ]  def new generation   total 1781760K, used 1781759K [0x0000000695800000, 0x000000070e550000, 0x000000070e550000)
[60.662s][info][gc,heap,exit   ]   eden space 1583808K, 100% used [0x0000000695800000, 0x00000006f62b0000, 0x00000006f62b0000)
[60.662s][info][gc,heap,exit   ]   from space 197952K,  99% used [0x00000006f62b0000, 0x00000007023fff60, 0x0000000702400000)
[60.662s][info][gc,heap,exit   ]   to   space 197952K,   0% used [0x0000000702400000, 0x0000000702400000, 0x000000070e550000)
[60.662s][info][gc,heap,exit   ]  tenured generation   total 3959488K, used 3959487K [0x000000070e550000, 0x0000000800000000, 0x0000000800000000)
[60.662s][info][gc,heap,exit   ]    the space 3959488K,  99% used [0x000000070e550000, 0x00000007ffffffc0, 0x0000000800000000, 0x0000000800000000)
[60.662s][info][gc,heap,exit   ]  Metaspace       used 6302K, committed 6464K, reserved 1114112K
[60.662s][info][gc,heap,exit   ]   class space    used 534K, committed 640K, reserved 1048576K
