[0.012s][info][gc,init] CardTable entry size: 512
[0.012s][info][gc     ] Using Serial
[0.012s][info][gc,init] Version: 18.0.1+10 (release)
[0.012s][info][gc,init] CPUs: 8 total, 8 available
[0.012s][info][gc,init] Memory: 16063M
[0.013s][info][gc,init] Large Page Support: Disabled
[0.013s][info][gc,init] NUMA Support: Disabled
[0.013s][info][gc,init] Compressed Oops: Enabled (Zero based)
[0.013s][info][gc,init] Heap Min Capacity: 2M
[0.013s][info][gc,init] Heap Initial Capacity: 2M
[0.013s][info][gc,init] Heap Max Capacity: 11900M
[0.013s][info][gc,init] Pre-touch: Disabled
[0.013s][info][gc,metaspace] CDS archive(s) not mapped
[0.013s][info][gc,metaspace] Compressed class space mapped at: 0x0000000800000000-0x0000000840000000, reserved size: 1073741824
[0.013s][info][gc,metaspace] Narrow klass base: 0x0000000800000000, Narrow klass shift: 0, Narrow klass range: 0x40000000
[0.166s][info][gc,start    ] GC(0) Pause Young (Allocation Failure)
[0.168s][info][gc,heap     ] GC(0) DefNew: 1023K(1152K)->127K(1152K) Eden: 1023K(1024K)->0K(1024K) From: 0K(128K)->127K(128K)
[0.168s][info][gc,heap     ] GC(0) Tenured: 0K(768K)->439K(768K)
[0.168s][info][gc,metaspace] GC(0) Metaspace: 5904K(6016K)->5904K(6016K) NonClass: 5404K(5504K)->5404K(5504K) Class: 499K(512K)->499K(512K)
[0.168s][info][gc          ] GC(0) Pause Young (Allocation Failure) 0M->0M(1M) 1.500ms
[0.168s][info][gc,cpu      ] GC(0) User=0.00s Sys=0.00s Real=0.00s
[0.187s][info][gc,start    ] GC(1) Pause Young (Allocation Failure)
[0.188s][info][gc          ] GC(1) Pause Young (Allocation Failure) 1M->0M(2M) 1.345ms
[0.188s][info][gc,cpu      ] GC(1) User=0.00s Sys=0.00s Real=0.00s
[0.188s][info][gc,start    ] GC(2) Pause Full (Allocation Failure)
[0.188s][info][gc,phases,start] GC(2) Phase 1: Mark live objects
[0.189s][info][gc,phases      ] GC(2) Phase 1: Mark live objects 0.944ms
[0.189s][info][gc,phases,start] GC(2) Phase 2: Compute new object addresses
[0.189s][info][gc,phases      ] GC(2) Phase 2: Compute new object addresses 0.209ms
[0.189s][info][gc,phases,start] GC(2) Phase 3: Adjust pointers
[0.190s][info][gc,phases      ] GC(2) Phase 3: Adjust pointers 0.456ms
[0.190s][info][gc,phases,start] GC(2) Phase 4: Move objects
[0.190s][info][gc,phases      ] GC(2) Phase 4: Move objects 0.065ms
[0.190s][info][gc,heap        ] GC(2) DefNew: 1151K(1152K)->41K(1152K) Eden: 1024K(1024K)->41K(1024K) From: 127K(128K)->0K(128K)
[0.190s][info][gc,heap        ] GC(2) Tenured: 439K(768K)->959K(1600K)
[0.190s][info][gc,metaspace   ] GC(2) Metaspace: 6300K(6528K)->6300K(6528K) NonClass: 5767K(5888K)->5767K(5888K) Class: 533K(640K)->533K(640K)
[0.190s][info][gc             ] GC(2) Pause Full (Allocation Failure) 0M->0M(2M) 1.945ms
[0.190s][info][gc,cpu         ] GC(2) User=0.00s Sys=0.00s Real=0.00s
[0.191s][info][gc,start       ] GC(3) Pause Young (Allocation Failure)
[0.193s][info][gc,heap        ] GC(3) DefNew: 1024K(1152K)->128K(1152K) Eden: 1024K(1024K)->0K(1024K) From: 0K(128K)->128K(128K)
[0.193s][info][gc,heap        ] GC(3) Tenured: 959K(1600K)->1375K(1600K)
[0.193s][info][gc,metaspace   ] GC(3) Metaspace: 6300K(6528K)->6300K(6528K) NonClass: 5767K(5888K)->5767K(5888K) Class: 533K(640K)->533K(640K)
[0.193s][info][gc             ] GC(3) Pause Young (Allocation Failure) 1M->1M(2M) 1.327ms
[0.193s][info][gc,cpu         ] GC(3) User=0.00s Sys=0.00s Real=0.00s
[0.195s][info][gc,start       ] GC(4) Pause Young (Allocation Failure)
[0.196s][info][gc             ] GC(4) Pause Young (Allocation Failure) 2M->1M(3M) 1.168ms
[0.196s][info][gc,cpu         ] GC(4) User=0.00s Sys=0.00s Real=0.00s
[0.196s][info][gc,start       ] GC(5) Pause Full (Allocation Failure)
[0.196s][info][gc,phases,start] GC(5) Phase 1: Mark live objects
[0.197s][info][gc,phases      ] GC(5) Phase 1: Mark live objects 1.322ms
[0.197s][info][gc,phases,start] GC(5) Phase 2: Compute new object addresses
[0.198s][info][gc,phases      ] GC(5) Phase 2: Compute new object addresses 0.338ms
[0.198s][info][gc,phases,start] GC(5) Phase 3: Adjust pointers
[0.198s][info][gc,phases      ] GC(5) Phase 3: Adjust pointers 0.598ms
[0.199s][info][gc,phases,start] GC(5) Phase 4: Move objects
[0.199s][info][gc,phases      ] GC(5) Phase 4: Move objects 0.072ms
[0.199s][info][gc,heap        ] GC(5) DefNew: 1152K(1152K)->35K(1536K) Eden: 1024K(1024K)->35K(1408K) From: 128K(128K)->0K(128K)
[0.199s][info][gc,heap        ] GC(5) Tenured: 1375K(1600K)->1983K(3308K)
[0.199s][info][gc,metaspace   ] GC(5) Metaspace: 6300K(6528K)->6300K(6528K) NonClass: 5767K(5888K)->5767K(5888K) Class: 533K(640K)->533K(640K)
[0.199s][info][gc             ] GC(5) Pause Full (Allocation Failure) 1M->1M(4M) 2.645ms
[0.199s][info][gc,cpu         ] GC(5) User=0.00s Sys=0.00s Real=0.00s
[0.200s][info][gc,start       ] GC(6) Pause Young (Allocation Failure)
[0.202s][info][gc,heap        ] GC(6) DefNew: 1408K(1536K)->127K(1536K) Eden: 1408K(1408K)->0K(1408K) From: 0K(128K)->127K(128K)
[0.202s][info][gc,heap        ] GC(6) Tenured: 1983K(3308K)->2617K(3308K)
[0.202s][info][gc,metaspace   ] GC(6) Metaspace: 6300K(6528K)->6300K(6528K) NonClass: 5767K(5888K)->5767K(5888K) Class: 533K(640K)->533K(640K)
[0.202s][info][gc             ] GC(6) Pause Young (Allocation Failure) 3M->2M(4M) 1.642ms
[0.202s][info][gc,cpu         ] GC(6) User=0.00s Sys=0.00s Real=0.00s
[0.205s][info][gc,start       ] GC(7) Pause Young (Allocation Failure)
[0.206s][info][gc             ] GC(7) Pause Young (Allocation Failure) 4M->3M(4M) 1.507ms
[0.206s][info][gc,cpu         ] GC(7) User=0.00s Sys=0.00s Real=0.00s
[0.206s][info][gc,start       ] GC(8) Pause Full (Allocation Failure)
[0.206s][info][gc,phases,start] GC(8) Phase 1: Mark live objects
[0.208s][info][gc,phases      ] GC(8) Phase 1: Mark live objects 2.200ms
[0.208s][info][gc,phases,start] GC(8) Phase 2: Compute new object addresses
[0.209s][info][gc,phases      ] GC(8) Phase 2: Compute new object addresses 0.629ms
[0.209s][info][gc,phases,start] GC(8) Phase 3: Adjust pointers
[0.210s][info][gc,phases      ] GC(8) Phase 3: Adjust pointers 0.910ms
[0.210s][info][gc,phases,start] GC(8) Phase 4: Move objects
[0.210s][info][gc,phases      ] GC(8) Phase 4: Move objects 0.078ms
[0.210s][info][gc,heap        ] GC(8) DefNew: 1535K(1536K)->0K(2688K) Eden: 1408K(1408K)->0K(2432K) From: 127K(128K)->0K(256K)
[0.210s][info][gc,heap        ] GC(8) Tenured: 2617K(3308K)->3460K(5768K)
[0.210s][info][gc,metaspace   ] GC(8) Metaspace: 6300K(6528K)->6300K(6528K) NonClass: 5767K(5888K)->5767K(5888K) Class: 533K(640K)->533K(640K)
[0.210s][info][gc             ] GC(8) Pause Full (Allocation Failure) 3M->3M(8M) 4.121ms
[0.210s][info][gc,cpu         ] GC(8) User=0.00s Sys=0.00s Real=0.00s
[0.214s][info][gc,start       ] GC(9) Pause Young (Allocation Failure)
[0.217s][info][gc,heap        ] GC(9) DefNew: 2431K(2688K)->256K(2688K) Eden: 2431K(2432K)->0K(2432K) From: 0K(256K)->256K(256K)
[0.217s][info][gc,heap        ] GC(9) Tenured: 3460K(5768K)->4513K(5768K)
[0.217s][info][gc,metaspace   ] GC(9) Metaspace: 6300K(6528K)->6300K(6528K) NonClass: 5767K(5888K)->5767K(5888K) Class: 533K(640K)->533K(640K)
[0.217s][info][gc             ] GC(9) Pause Young (Allocation Failure) 5M->4M(8M) 3.531ms
[0.217s][info][gc,cpu         ] GC(9) User=0.00s Sys=0.00s Real=0.00s
[0.220s][info][gc,start       ] GC(10) Pause Young (Allocation Failure)
[0.222s][info][gc,heap        ] GC(10) DefNew: 2688K(2688K)->255K(2688K) Eden: 2432K(2432K)->0K(2432K) From: 256K(256K)->255K(256K)
[0.222s][info][gc,heap        ] GC(10) Tenured: 4513K(5768K)->5755K(5768K)
[0.222s][info][gc,metaspace   ] GC(10) Metaspace: 6300K(6528K)->6300K(6528K) NonClass: 5767K(5888K)->5767K(5888K) Class: 533K(640K)->533K(640K)
[0.223s][info][gc             ] GC(10) Pause Young (Allocation Failure) 7M->5M(8M) 2.928ms
[0.223s][info][gc,cpu         ] GC(10) User=0.00s Sys=0.00s Real=0.00s
[0.226s][info][gc,start       ] GC(11) Pause Young (Allocation Failure)
[0.229s][info][gc             ] GC(11) Pause Young (Allocation Failure) 8M->7M(9M) 3.259ms
[0.229s][info][gc,cpu         ] GC(11) User=0.00s Sys=0.00s Real=0.00s
[0.229s][info][gc,start       ] GC(12) Pause Full (Allocation Failure)
[0.229s][info][gc,phases,start] GC(12) Phase 1: Mark live objects
[0.234s][info][gc,phases      ] GC(12) Phase 1: Mark live objects 4.591ms
[0.234s][info][gc,phases,start] GC(12) Phase 2: Compute new object addresses
[0.235s][info][gc,phases      ] GC(12) Phase 2: Compute new object addresses 1.484ms
[0.235s][info][gc,phases,start] GC(12) Phase 3: Adjust pointers
[0.237s][info][gc,phases      ] GC(12) Phase 3: Adjust pointers 2.231ms
[0.238s][info][gc,phases,start] GC(12) Phase 4: Move objects
[0.239s][info][gc,phases      ] GC(12) Phase 4: Move objects 1.519ms
[0.239s][info][gc,heap        ] GC(12) DefNew: 2687K(2688K)->0K(5376K) Eden: 2432K(2432K)->0K(4800K) From: 255K(256K)->0K(576K)
[0.239s][info][gc,heap        ] GC(12) Tenured: 5755K(5768K)->7131K(11888K)
[0.239s][info][gc,metaspace   ] GC(12) Metaspace: 6300K(6528K)->6300K(6528K) NonClass: 5767K(5888K)->5767K(5888K) Class: 533K(640K)->533K(640K)
[0.239s][info][gc             ] GC(12) Pause Full (Allocation Failure) 7M->6M(16M) 10.324ms
[0.239s][info][gc,cpu         ] GC(12) User=0.00s Sys=0.00s Real=0.01s
[0.245s][info][gc,start       ] GC(13) Pause Young (Allocation Failure)
[0.251s][info][gc,heap        ] GC(13) DefNew: 4800K(5376K)->575K(5376K) Eden: 4800K(4800K)->0K(4800K) From: 0K(576K)->575K(576K)
[0.251s][info][gc,heap        ] GC(13) Tenured: 7131K(11888K)->9026K(11888K)
[0.251s][info][gc,metaspace   ] GC(13) Metaspace: 6300K(6528K)->6300K(6528K) NonClass: 5767K(5888K)->5767K(5888K) Class: 533K(640K)->533K(640K)
[0.251s][info][gc             ] GC(13) Pause Young (Allocation Failure) 11M->9M(16M) 5.756ms
[0.251s][info][gc,cpu         ] GC(13) User=0.00s Sys=0.00s Real=0.01s
[0.257s][info][gc,start       ] GC(14) Pause Young (Allocation Failure)
[0.264s][info][gc,heap        ] GC(14) DefNew: 5375K(5376K)->576K(5376K) Eden: 4800K(4800K)->0K(4800K) From: 575K(576K)->576K(576K)
[0.264s][info][gc,heap        ] GC(14) Tenured: 9026K(11888K)->11746K(11888K)
[0.264s][info][gc,metaspace   ] GC(14) Metaspace: 6300K(6528K)->6300K(6528K) NonClass: 5767K(5888K)->5767K(5888K) Class: 533K(640K)->533K(640K)
[0.264s][info][gc             ] GC(14) Pause Young (Allocation Failure) 14M->12M(16M) 6.627ms
[0.264s][info][gc,cpu         ] GC(14) User=0.00s Sys=0.00s Real=0.01s
[0.268s][info][gc,start       ] GC(15) Pause Young (Allocation Failure)
[0.274s][info][gc             ] GC(15) Pause Young (Allocation Failure) 16M->14M(19M) 5.772ms
[0.274s][info][gc,cpu         ] GC(15) User=0.00s Sys=0.00s Real=0.01s
[0.274s][info][gc,start       ] GC(16) Pause Full (Allocation Failure)
[0.274s][info][gc,phases,start] GC(16) Phase 1: Mark live objects
[0.282s][info][gc,phases      ] GC(16) Phase 1: Mark live objects 7.890ms
[0.282s][info][gc,phases,start] GC(16) Phase 2: Compute new object addresses
[0.284s][info][gc,phases      ] GC(16) Phase 2: Compute new object addresses 2.370ms
[0.284s][info][gc,phases,start] GC(16) Phase 3: Adjust pointers
[0.287s][info][gc,phases      ] GC(16) Phase 3: Adjust pointers 2.874ms
[0.287s][info][gc,phases,start] GC(16) Phase 4: Move objects
[0.287s][info][gc,phases      ] GC(16) Phase 4: Move objects 0.172ms
[0.287s][info][gc,heap        ] GC(16) DefNew: 5376K(5376K)->386K(10880K) Eden: 4800K(4800K)->386K(9728K) From: 576K(576K)->0K(1152K)
[0.287s][info][gc,heap        ] GC(16) Tenured: 11746K(11888K)->14383K(23976K)
[0.287s][info][gc,metaspace   ] GC(16) Metaspace: 6302K(6528K)->6302K(6528K) NonClass: 5769K(5888K)->5769K(5888K) Class: 533K(640K)->533K(640K)
[0.287s][info][gc             ] GC(16) Pause Full (Allocation Failure) 14M->14M(34M) 13.620ms
[0.287s][info][gc,cpu         ] GC(16) User=0.02s Sys=0.00s Real=0.01s
[0.296s][info][gc,start       ] GC(17) Pause Young (Allocation Failure)
[0.309s][info][gc,heap        ] GC(17) DefNew: 9728K(10880K)->1151K(10880K) Eden: 9728K(9728K)->0K(9728K) From: 0K(1152K)->1151K(1152K)
[0.309s][info][gc,heap        ] GC(17) Tenured: 14383K(23976K)->18414K(23976K)
[0.309s][info][gc,metaspace   ] GC(17) Metaspace: 6302K(6528K)->6302K(6528K) NonClass: 5769K(5888K)->5769K(5888K) Class: 533K(640K)->533K(640K)
[0.309s][info][gc             ] GC(17) Pause Young (Allocation Failure) 23M->19M(34M) 13.251ms
[0.309s][info][gc,cpu         ] GC(17) User=0.00s Sys=0.02s Real=0.01s
[0.317s][info][gc,start       ] GC(18) Pause Young (Allocation Failure)
[0.330s][info][gc,heap        ] GC(18) DefNew: 10879K(10880K)->1151K(10880K) Eden: 9728K(9728K)->0K(9728K) From: 1151K(1152K)->1151K(1152K)
[0.330s][info][gc,heap        ] GC(18) Tenured: 18414K(23976K)->23936K(23976K)
[0.330s][info][gc,metaspace   ] GC(18) Metaspace: 6302K(6528K)->6302K(6528K) NonClass: 5769K(5888K)->5769K(5888K) Class: 533K(640K)->533K(640K)
[0.330s][info][gc             ] GC(18) Pause Young (Allocation Failure) 28M->24M(34M) 13.289ms
[0.330s][info][gc,cpu         ] GC(18) User=0.02s Sys=0.00s Real=0.01s
[0.337s][info][gc,start       ] GC(19) Pause Young (Allocation Failure)
[0.349s][info][gc             ] GC(19) Pause Young (Allocation Failure) 34M->29M(38M) 11.878ms
[0.349s][info][gc,cpu         ] GC(19) User=0.00s Sys=0.00s Real=0.01s
[0.349s][info][gc,start       ] GC(20) Pause Full (Allocation Failure)
[0.349s][info][gc,phases,start] GC(20) Phase 1: Mark live objects
[0.363s][info][gc,phases      ] GC(20) Phase 1: Mark live objects 14.573ms
[0.363s][info][gc,phases,start] GC(20) Phase 2: Compute new object addresses
[0.368s][info][gc,phases      ] GC(20) Phase 2: Compute new object addresses 4.815ms
[0.368s][info][gc,phases,start] GC(20) Phase 3: Adjust pointers
[0.374s][info][gc,phases      ] GC(20) Phase 3: Adjust pointers 5.418ms
[0.374s][info][gc,phases,start] GC(20) Phase 4: Move objects
[0.374s][info][gc,phases      ] GC(20) Phase 4: Move objects 0.231ms
[0.374s][info][gc,heap        ] GC(20) DefNew: 10879K(10880K)->1079K(21888K) Eden: 9728K(9728K)->1079K(19520K) From: 1151K(1152K)->0K(2368K)
[0.374s][info][gc,heap        ] GC(20) Tenured: 23936K(23976K)->29035K(48396K)
[0.374s][info][gc,metaspace   ] GC(20) Metaspace: 6302K(6528K)->6302K(6528K) NonClass: 5769K(5888K)->5769K(5888K) Class: 533K(640K)->533K(640K)
[0.374s][info][gc             ] GC(20) Pause Full (Allocation Failure) 29M->29M(68M) 25.466ms
[0.374s][info][gc,cpu         ] GC(20) User=0.03s Sys=0.00s Real=0.02s
[0.389s][info][gc,start       ] GC(21) Pause Young (Allocation Failure)
[0.423s][info][gc,heap        ] GC(21) DefNew: 19520K(21888K)->2367K(21888K) Eden: 19520K(19520K)->0K(19520K) From: 0K(2368K)->2367K(2368K)
[0.423s][info][gc,heap        ] GC(21) Tenured: 29035K(48396K)->41010K(48396K)
[0.423s][info][gc,metaspace   ] GC(21) Metaspace: 6302K(6528K)->6302K(6528K) NonClass: 5769K(5888K)->5769K(5888K) Class: 533K(640K)->533K(640K)
[0.423s][info][gc             ] GC(21) Pause Young (Allocation Failure) 47M->42M(68M) 33.853ms
[0.423s][info][gc,cpu         ] GC(21) User=0.03s Sys=0.00s Real=0.03s
[0.441s][info][gc,start       ] GC(22) Pause Young (Allocation Failure)
[0.477s][info][gc             ] GC(22) Pause Young (Allocation Failure) 61M->61M(80M) 35.876ms
[0.477s][info][gc,cpu         ] GC(22) User=0.02s Sys=0.02s Real=0.04s
[0.477s][info][gc,start       ] GC(23) Pause Full (Allocation Failure)
[0.477s][info][gc,phases,start] GC(23) Phase 1: Mark live objects
[0.503s][info][gc,phases      ] GC(23) Phase 1: Mark live objects 26.431ms
[0.503s][info][gc,phases,start] GC(23) Phase 2: Compute new object addresses
[0.513s][info][gc,phases      ] GC(23) Phase 2: Compute new object addresses 10.044ms
[0.513s][info][gc,phases,start] GC(23) Phase 3: Adjust pointers
[0.524s][info][gc,phases      ] GC(23) Phase 3: Adjust pointers 10.960ms
[0.524s][info][gc,phases,start] GC(23) Phase 4: Move objects
[0.525s][info][gc,phases      ] GC(23) Phase 4: Move objects 0.398ms
[0.525s][info][gc,heap        ] GC(23) DefNew: 21887K(21888K)->2183K(45568K) Eden: 19520K(19520K)->2183K(40512K) From: 2367K(2368K)->0K(5056K)
[0.525s][info][gc,heap        ] GC(23) Tenured: 41010K(48396K)->60683K(101140K)
[0.525s][info][gc,metaspace   ] GC(23) Metaspace: 6302K(6528K)->6302K(6528K) NonClass: 5769K(5888K)->5769K(5888K) Class: 533K(640K)->533K(640K)
[0.525s][info][gc             ] GC(23) Pause Full (Allocation Failure) 61M->61M(143M) 48.537ms
[0.525s][info][gc,cpu         ] GC(23) User=0.06s Sys=0.00s Real=0.05s
[0.568s][info][gc,start       ] GC(24) Pause Young (Allocation Failure)
[0.634s][info][gc,heap        ] GC(24) DefNew: 40512K(45568K)->5055K(45568K) Eden: 40512K(40512K)->0K(40512K) From: 0K(5056K)->5055K(5056K)
[0.634s][info][gc,heap        ] GC(24) Tenured: 60683K(101140K)->96114K(101140K)
[0.634s][info][gc,metaspace   ] GC(24) Metaspace: 6302K(6528K)->6302K(6528K) NonClass: 5769K(5888K)->5769K(5888K) Class: 533K(640K)->533K(640K)
[0.634s][info][gc             ] GC(24) Pause Young (Allocation Failure) 98M->98M(143M) 65.404ms
[0.634s][info][gc,cpu         ] GC(24) User=0.06s Sys=0.00s Real=0.07s
[0.664s][info][gc,start       ] GC(25) Pause Young (Allocation Failure)
[0.739s][info][gc             ] GC(25) Pause Young (Allocation Failure) 138M->138M(178M) 74.333ms
[0.739s][info][gc,cpu         ] GC(25) User=0.05s Sys=0.02s Real=0.07s
[0.739s][info][gc,start       ] GC(26) Pause Full (Allocation Failure)
[0.739s][info][gc,phases,start] GC(26) Phase 1: Mark live objects
[0.799s][info][gc,phases      ] GC(26) Phase 1: Mark live objects 59.830ms
[0.799s][info][gc,phases,start] GC(26) Phase 2: Compute new object addresses
[0.821s][info][gc,phases      ] GC(26) Phase 2: Compute new object addresses 22.245ms
[0.821s][info][gc,phases,start] GC(26) Phase 3: Adjust pointers
[0.849s][info][gc,phases      ] GC(26) Phase 3: Adjust pointers 28.393ms
[0.849s][info][gc,phases,start] GC(26) Phase 4: Move objects
[0.875s][info][gc,phases      ] GC(26) Phase 4: Move objects 25.757ms
[0.876s][info][gc,heap        ] GC(26) DefNew: 45567K(45568K)->1083K(102592K) Eden: 40512K(40512K)->1083K(91200K) From: 5055K(5056K)->0K(11392K)
[0.876s][info][gc,heap        ] GC(26) Tenured: 96114K(101140K)->136727K(227880K)
[0.876s][info][gc,metaspace   ] GC(26) Metaspace: 6302K(6528K)->6302K(6528K) NonClass: 5769K(5888K)->5769K(5888K) Class: 533K(640K)->533K(640K)
[0.876s][info][gc             ] GC(26) Pause Full (Allocation Failure) 138M->134M(322M) 137.076ms
[0.876s][info][gc,cpu         ] GC(26) User=0.14s Sys=0.00s Real=0.14s
[0.968s][info][gc,start       ] GC(27) Pause Young (Allocation Failure)
[1.121s][info][gc,heap        ] GC(27) DefNew: 91200K(102592K)->11391K(102592K) Eden: 91200K(91200K)->0K(91200K) From: 0K(11392K)->11391K(11392K)
[1.122s][info][gc,heap        ] GC(27) Tenured: 136727K(227880K)->216508K(227880K)
[1.122s][info][gc,metaspace   ] GC(27) Metaspace: 6302K(6528K)->6302K(6528K) NonClass: 5769K(5888K)->5769K(5888K) Class: 533K(640K)->533K(640K)
[1.122s][info][gc             ] GC(27) Pause Young (Allocation Failure) 222M->222M(322M) 153.716ms
[1.122s][info][gc,cpu         ] GC(27) User=0.12s Sys=0.02s Real=0.15s
[1.205s][info][gc,start       ] GC(28) Pause Young (Allocation Failure)
[1.385s][info][gc             ] GC(28) Pause Young (Allocation Failure) 311M->311M(400M) 179.812ms
[1.385s][info][gc,cpu         ] GC(28) User=0.09s Sys=0.03s Real=0.18s
[1.385s][info][gc,start       ] GC(29) Pause Full (Allocation Failure)
[1.385s][info][gc,phases,start] GC(29) Phase 1: Mark live objects
[1.526s][info][gc,phases      ] GC(29) Phase 1: Mark live objects 140.472ms
[1.526s][info][gc,phases,start] GC(29) Phase 2: Compute new object addresses
[1.578s][info][gc,phases      ] GC(29) Phase 2: Compute new object addresses 52.044ms
[1.578s][info][gc,phases,start] GC(29) Phase 3: Adjust pointers
[1.633s][info][gc,phases      ] GC(29) Phase 3: Adjust pointers 54.775ms
[1.633s][info][gc,phases,start] GC(29) Phase 4: Move objects
[1.635s][info][gc,phases      ] GC(29) Phase 4: Move objects 2.449ms
[1.636s][info][gc,heap        ] GC(29) DefNew: 102591K(102592K)->11378K(230848K) Eden: 91200K(91200K)->11378K(205248K) From: 11391K(11392K)->0K(25600K)
[1.636s][info][gc,heap        ] GC(29) Tenured: 216508K(227880K)->307691K(512820K)
[1.636s][info][gc,metaspace   ] GC(29) Metaspace: 6302K(6528K)->6302K(6528K) NonClass: 5769K(5888K)->5769K(5888K) Class: 533K(640K)->533K(640K)
[1.636s][info][gc             ] GC(29) Pause Full (Allocation Failure) 311M->311M(726M) 251.186ms
[1.636s][info][gc,cpu         ] GC(29) User=0.27s Sys=0.00s Real=0.25s
[1.861s][info][gc,start       ] GC(30) Pause Young (Allocation Failure)
[2.237s][info][gc,heap        ] GC(30) DefNew: 205248K(230848K)->25599K(230848K) Eden: 205248K(205248K)->0K(205248K) From: 0K(25600K)->25599K(25600K)
[2.237s][info][gc,heap        ] GC(30) Tenured: 307691K(512820K)->487315K(512820K)
[2.237s][info][gc,metaspace   ] GC(30) Metaspace: 6302K(6528K)->6302K(6528K) NonClass: 5769K(5888K)->5769K(5888K) Class: 533K(640K)->533K(640K)
[2.237s][info][gc             ] GC(30) Pause Young (Allocation Failure) 500M->500M(726M) 376.597ms
[2.237s][info][gc,cpu         ] GC(30) User=0.33s Sys=0.05s Real=0.38s
[2.428s][info][gc,start       ] GC(31) Pause Young (Allocation Failure)
[2.822s][info][gc             ] GC(31) Pause Young (Allocation Failure) 701M->700M(901M) 393.998ms
[2.822s][info][gc,cpu         ] GC(31) User=0.34s Sys=0.00s Real=0.39s
[2.822s][info][gc,start       ] GC(32) Pause Full (Allocation Failure)
[2.822s][info][gc,phases,start] GC(32) Phase 1: Mark live objects
[3.145s][info][gc,phases      ] GC(32) Phase 1: Mark live objects 322.632ms
[3.145s][info][gc,phases,start] GC(32) Phase 2: Compute new object addresses
[3.251s][info][gc,phases      ] GC(32) Phase 2: Compute new object addresses 106.032ms
[3.251s][info][gc,phases,start] GC(32) Phase 3: Adjust pointers
[3.368s][info][gc,phases      ] GC(32) Phase 3: Adjust pointers 116.956ms
[3.368s][info][gc,phases,start] GC(32) Phase 4: Move objects
[3.373s][info][gc,phases      ] GC(32) Phase 4: Move objects 5.203ms
[3.375s][info][gc,heap        ] GC(32) DefNew: 230847K(230848K)->25508K(518976K) Eden: 205248K(205248K)->25508K(461312K) From: 25599K(25600K)->0K(57664K)
[3.375s][info][gc,heap        ] GC(32) Tenured: 487315K(512820K)->691955K(1153260K)
[3.375s][info][gc,metaspace   ] GC(32) Metaspace: 6302K(6528K)->6302K(6528K) NonClass: 5769K(5888K)->5769K(5888K) Class: 533K(640K)->533K(640K)
[3.375s][info][gc             ] GC(32) Pause Full (Allocation Failure) 700M->700M(1633M) 553.028ms
[3.375s][info][gc,cpu         ] GC(32) User=0.56s Sys=0.00s Real=0.55s
[3.837s][info][gc,start       ] GC(33) Pause Young (Allocation Failure)
[4.623s][info][gc,heap        ] GC(33) DefNew: 461312K(518976K)->57663K(518976K) Eden: 461312K(461312K)->0K(461312K) From: 0K(57664K)->57663K(57664K)
[4.623s][info][gc,heap        ] GC(33) Tenured: 691955K(1153260K)->1095574K(1153260K)
[4.623s][info][gc,metaspace   ] GC(33) Metaspace: 6302K(6528K)->6302K(6528K) NonClass: 5769K(5888K)->5769K(5888K) Class: 533K(640K)->533K(640K)
[4.623s][info][gc             ] GC(33) Pause Young (Allocation Failure) 1126M->1126M(1633M) 785.796ms
[4.623s][info][gc,cpu         ] GC(33) User=0.70s Sys=0.06s Real=0.79s
[5.092s][info][gc,start       ] GC(34) Pause Young (Allocation Failure)
[5.835s][info][gc             ] GC(34) Pause Young (Allocation Failure) 1576M->1526M(1977M) 743.052ms
[5.835s][info][gc,cpu         ] GC(34) User=0.59s Sys=0.14s Real=0.74s
[5.835s][info][gc,start       ] GC(35) Pause Full (Allocation Failure)
[5.835s][info][gc,phases,start] GC(35) Phase 1: Mark live objects
[6.520s][info][gc,phases      ] GC(35) Phase 1: Mark live objects 684.640ms
[6.520s][info][gc,phases,start] GC(35) Phase 2: Compute new object addresses
[6.740s][info][gc,phases      ] GC(35) Phase 2: Compute new object addresses 219.839ms
[6.740s][info][gc,phases,start] GC(35) Phase 3: Adjust pointers
[7.011s][info][gc,phases      ] GC(35) Phase 3: Adjust pointers 270.860ms
[7.011s][info][gc,phases,start] GC(35) Phase 4: Move objects
[7.022s][info][gc,phases      ] GC(35) Phase 4: Move objects 11.189ms
[7.026s][info][gc,heap        ] GC(35) DefNew: 518975K(518976K)->57608K(1129472K) Eden: 461312K(461312K)->57608K(1004032K) From: 57663K(57664K)->0K(125440K)
[7.026s][info][gc,heap        ] GC(35) Tenured: 1095574K(1153260K)->1505840K(2509736K)
[7.026s][info][gc,metaspace   ] GC(35) Metaspace: 6302K(6528K)->6302K(6528K) NonClass: 5769K(5888K)->5769K(5888K) Class: 533K(640K)->533K(640K)
[7.026s][info][gc             ] GC(35) Pause Full (Allocation Failure) 1526M->1526M(3553M) 1191.140ms
[7.026s][info][gc,cpu         ] GC(35) User=1.17s Sys=0.02s Real=1.19s
[8.003s][info][gc,start       ] GC(36) Pause Young (Allocation Failure)
[9.798s][info][gc,heap        ] GC(36) DefNew: 1004032K(1129472K)->125439K(1129472K) Eden: 1004032K(1004032K)->0K(1004032K) From: 0K(125440K)->125439K(125440K)
[9.798s][info][gc,heap        ] GC(36) Tenured: 1505840K(2509736K)->2384400K(2509736K)
[9.798s][info][gc,metaspace   ] GC(36) Metaspace: 6302K(6528K)->6302K(6528K) NonClass: 5769K(5888K)->5769K(5888K) Class: 533K(640K)->533K(640K)
[9.798s][info][gc             ] GC(36) Pause Young (Allocation Failure) 2451M->2451M(3553M) 1795.557ms
[9.798s][info][gc,cpu         ] GC(36) User=1.42s Sys=0.31s Real=1.79s
[10.802s][info][gc,start       ] GC(37) Pause Young (Allocation Failure)
[12.532s][info][gc             ] GC(37) Pause Young (Allocation Failure) 3431M->3431M(4412M) 1730.300ms
[12.532s][info][gc,cpu         ] GC(37) User=1.36s Sys=0.36s Real=1.73s
[12.532s][info][gc,start       ] GC(38) Pause Full (Allocation Failure)
[12.532s][info][gc,phases,start] GC(38) Phase 1: Mark live objects
[14.129s][info][gc,phases      ] GC(38) Phase 1: Mark live objects 1596.934ms
[14.129s][info][gc,phases,start] GC(38) Phase 2: Compute new object addresses
[14.649s][info][gc,phases      ] GC(38) Phase 2: Compute new object addresses 519.565ms
[14.649s][info][gc,phases,start] GC(38) Phase 3: Adjust pointers
[15.321s][info][gc,phases      ] GC(38) Phase 3: Adjust pointers 672.792ms
[15.322s][info][gc,phases,start] GC(38) Phase 4: Move objects
[15.959s][info][gc,phases      ] GC(38) Phase 4: Move objects 637.373ms
[15.969s][info][gc,heap        ] GC(38) DefNew: 1129471K(1129472K)->31176K(2541376K) Eden: 1004032K(1004032K)->31176K(2259008K) From: 125439K(125440K)->0K(282368K)
[15.969s][info][gc,heap        ] GC(38) Tenured: 2384400K(2509736K)->3388459K(5647436K)
[15.969s][info][gc,metaspace   ] GC(38) Metaspace: 6302K(6528K)->6302K(6528K) NonClass: 5769K(5888K)->5769K(5888K) Class: 533K(640K)->533K(640K)
[15.969s][info][gc             ] GC(38) Pause Full (Allocation Failure) 3431M->3339M(7996M) 3437.166ms
[15.969s][info][gc,cpu         ] GC(38) User=3.44s Sys=0.00s Real=3.44s
[18.228s][info][gc,start       ] GC(39) Pause Young (Allocation Failure)
[22.847s][info][gc,heap        ] GC(39) DefNew: 2259008K(2541376K)->282367K(2541376K) Eden: 2259008K(2259008K)->0K(2259008K) From: 0K(282368K)->282367K(282368K)
[22.847s][info][gc,heap        ] GC(39) Tenured: 3388459K(5647436K)->5365069K(5647436K)
[22.847s][info][gc,metaspace   ] GC(39) Metaspace: 6302K(6528K)->6302K(6528K) NonClass: 5769K(5888K)->5769K(5888K) Class: 533K(640K)->533K(640K)
[22.847s][info][gc             ] GC(39) Pause Young (Allocation Failure) 5515M->5515M(7996M) 4619.420ms
[22.847s][info][gc,cpu         ] GC(39) User=3.45s Sys=1.11s Real=4.62s
[24.946s][info][gc,start       ] GC(40) Pause Young (Allocation Failure)
[29.747s][info][gc             ] GC(40) Pause Young (Allocation Failure) 7721M->7721M(9927M) 4801.604ms
[29.747s][info][gc,cpu         ] GC(40) User=2.94s Sys=1.84s Real=4.80s
[29.747s][info][gc,start       ] GC(41) Pause Full (Allocation Failure)
[29.747s][info][gc,phases,start] GC(41) Phase 1: Mark live objects
[33.455s][info][gc,phases      ] GC(41) Phase 1: Mark live objects 3707.537ms
[33.455s][info][gc,phases,start] GC(41) Phase 2: Compute new object addresses
[34.716s][info][gc,phases      ] GC(41) Phase 2: Compute new object addresses 1261.176ms
[34.716s][info][gc,phases,start] GC(41) Phase 3: Adjust pointers
[36.031s][info][gc,phases      ] GC(41) Phase 3: Adjust pointers 1314.975ms
[36.031s][info][gc,phases,start] GC(41) Phase 4: Move objects
[36.060s][info][gc,phases      ] GC(41) Phase 4: Move objects 28.823ms
[36.086s][info][gc,heap        ] GC(41) DefNew: 2541375K(2541376K)->282367K(3655680K) Eden: 2259008K(2259008K)->282367K(3249536K) From: 282367K(282368K)->0K(406144K)
[36.086s][info][gc,heap        ] GC(41) Tenured: 5365069K(5647436K)->7624046K(8123776K)
[36.086s][info][gc,metaspace   ] GC(41) Metaspace: 6302K(6528K)->6302K(6528K) NonClass: 5769K(5888K)->5769K(5888K) Class: 533K(640K)->533K(640K)
[36.086s][info][gc             ] GC(41) Pause Full (Allocation Failure) 7721M->7721M(11503M) 6338.828ms
[36.086s][info][gc,cpu         ] GC(41) User=6.28s Sys=0.00s Real=6.34s
[38.801s][info][gc,start       ] GC(42) Pause Young (Allocation Failure)
[38.801s][info][gc             ] GC(42) Pause Young (Allocation Failure) 10618M->10618M(11503M) 0.113ms
[38.801s][info][gc,cpu         ] GC(42) User=0.00s Sys=0.00s Real=0.00s
[38.801s][info][gc,start       ] GC(43) Pause Full (Allocation Failure)
[38.802s][info][gc,phases,start] GC(43) Phase 1: Mark live objects
[43.690s][info][gc,phases      ] GC(43) Phase 1: Mark live objects 4888.300ms
[43.690s][info][gc,phases,start] GC(43) Phase 2: Compute new object addresses
[45.192s][info][gc,phases      ] GC(43) Phase 2: Compute new object addresses 1501.988ms
[45.192s][info][gc,phases,start] GC(43) Phase 3: Adjust pointers
[47.363s][info][gc,phases      ] GC(43) Phase 3: Adjust pointers 2170.986ms
[47.363s][info][gc,phases,start] GC(43) Phase 4: Move objects
[48.129s][info][gc,phases      ] GC(43) Phase 4: Move objects 765.705ms
[48.130s][info][gc,heap        ] GC(43) DefNew: 3249536K(3655680K)->2749775K(3655680K) Eden: 3249536K(3249536K)->2749775K(3249536K) From: 0K(406144K)->0K(406144K)
[48.130s][info][gc,heap        ] GC(43) Tenured: 7624046K(8123776K)->8123775K(8123776K)
[48.130s][info][gc,metaspace   ] GC(43) Metaspace: 6302K(6528K)->6302K(6528K) NonClass: 5769K(5888K)->5769K(5888K) Class: 533K(640K)->533K(640K)
[48.130s][info][gc             ] GC(43) Pause Full (Allocation Failure) 10618M->10618M(11503M) 9328.163ms
[48.130s][info][gc,cpu         ] GC(43) User=8.95s Sys=0.20s Real=9.33s
[49.748s][info][gc,start       ] GC(44) Pause Full (Allocation Failure)
[49.748s][info][gc,phases,start] GC(44) Phase 1: Mark live objects
[55.224s][info][gc,phases      ] GC(44) Phase 1: Mark live objects 5476.486ms
[55.224s][info][gc,phases,start] GC(44) Phase 2: Compute new object addresses
[57.016s][info][gc,phases      ] GC(44) Phase 2: Compute new object addresses 1791.629ms
[57.016s][info][gc,phases,start] GC(44) Phase 3: Adjust pointers
[59.232s][info][gc,phases      ] GC(44) Phase 3: Adjust pointers 2215.853ms
[59.232s][info][gc,phases,start] GC(44) Phase 4: Move objects
[59.354s][info][gc,phases      ] GC(44) Phase 4: Move objects 122.189ms
[59.355s][info][gc,heap        ] GC(44) DefNew: 3595248K(3655680K)->3595243K(3655680K) Eden: 3249536K(3249536K)->3249535K(3249536K) From: 345712K(406144K)->345707K(406144K)
[59.355s][info][gc,heap        ] GC(44) Tenured: 8123775K(8123776K)->8123775K(8123776K)
[59.355s][info][gc,metaspace   ] GC(44) Metaspace: 6302K(6528K)->6302K(6528K) NonClass: 5769K(5888K)->5769K(5888K) Class: 533K(640K)->533K(640K)
[59.355s][info][gc             ] GC(44) Pause Full (Allocation Failure) 11444M->11444M(11503M) 9607.434ms
[59.355s][info][gc,cpu         ] GC(44) User=9.55s Sys=0.00s Real=9.61s
[59.355s][info][gc,start       ] GC(45) Pause Full (Allocation Failure)
[59.355s][info][gc,phases,start] GC(45) Phase 1: Mark live objects
[64.634s][info][gc,phases      ] GC(45) Phase 1: Mark live objects 5278.455ms
[64.634s][info][gc,phases,start] GC(45) Phase 2: Compute new object addresses
[66.219s][info][gc,phases      ] GC(45) Phase 2: Compute new object addresses 1584.972ms
[66.219s][info][gc,phases,start] GC(45) Phase 3: Adjust pointers
[68.804s][info][gc,phases      ] GC(45) Phase 3: Adjust pointers 2585.505ms
[68.804s][info][gc,phases,start] GC(45) Phase 4: Move objects
[70.988s][info][gc,phases      ] GC(45) Phase 4: Move objects 2183.692ms
[70.989s][info][gc,heap        ] GC(45) DefNew: 3595243K(3655680K)->3464166K(3655680K) Eden: 3249535K(3249536K)->3249535K(3249536K) From: 345707K(406144K)->214631K(406144K)
[70.989s][info][gc,heap        ] GC(45) Tenured: 8123775K(8123776K)->8123775K(8123776K)
[70.989s][info][gc,metaspace   ] GC(45) Metaspace: 6302K(6528K)->6300K(6528K) NonClass: 5769K(5888K)->5768K(5888K) Class: 533K(640K)->532K(640K)
[70.989s][info][gc             ] GC(45) Pause Full (Allocation Failure) 11444M->11316M(11503M) 11633.632ms
[70.989s][info][gc,cpu         ] GC(45) User=11.59s Sys=0.00s Real=11.63s
[70.990s][info][gc,heap,exit   ] Heap
[70.990s][info][gc,heap,exit   ]  def new generation   total 3655680K, used 3464169K [0x0000000518400000, 0x00000006102a0000, 0x00000006102a0000)
[70.990s][info][gc,heap,exit   ]   eden space 3249536K, 100% used [0x0000000518400000, 0x00000005de960000, 0x00000005de960000)
[70.990s][info][gc,heap,exit   ]   from space 406144K,  52% used [0x00000005de960000, 0x00000005ebafa488, 0x00000005f7600000)
[70.990s][info][gc,heap,exit   ]   to   space 406144K,   0% used [0x00000005f7600000, 0x00000005f7600000, 0x00000006102a0000)
[70.990s][info][gc,heap,exit   ]  tenured generation   total 8123776K, used 8123775K [0x00000006102a0000, 0x0000000800000000, 0x0000000800000000)
[70.990s][info][gc,heap,exit   ]    the space 8123776K,  99% used [0x00000006102a0000, 0x00000007ffffffe8, 0x0000000800000000, 0x0000000800000000)
[70.990s][info][gc,heap,exit   ]  Metaspace       used 6305K, committed 6528K, reserved 1114112K
[70.990s][info][gc,heap,exit   ]   class space    used 534K, committed 640K, reserved 1048576K
