[0.013s][info][gc,init] CardTable entry size: 512
[0.013s][info][gc     ] Using Parallel
[0.014s][info][gc,init] Version: 18.0.1+10 (release)
[0.014s][info][gc,init] CPUs: 8 total, 8 available
[0.014s][info][gc,init] Memory: 16063M
[0.014s][info][gc,init] Large Page Support: Disabled
[0.014s][info][gc,init] NUMA Support: Disabled
[0.014s][info][gc,init] Compressed Oops: Enabled (Zero based)
[0.014s][info][gc,init] Alignments: Space 512K, Generation 512K, Heap 2M
[0.014s][info][gc,init] Heap Min Capacity: 2M
[0.014s][info][gc,init] Heap Initial Capacity: 2M
[0.014s][info][gc,init] Heap Max Capacity: 7000M
[0.014s][info][gc,init] Pre-touch: Disabled
[0.014s][info][gc,init] Parallel Workers: 8
[0.014s][info][gc,metaspace] CDS archive(s) not mapped
[0.014s][info][gc,metaspace] Compressed class space mapped at: 0x0000000800000000-0x0000000840000000, reserved size: 1073741824
[0.014s][info][gc,metaspace] Narrow klass base: 0x0000000800000000, Narrow klass shift: 0, Narrow klass range: 0x40000000
[0.104s][info][gc,start    ] GC(0) Pause Young (Allocation Failure)
[0.105s][info][gc,heap     ] GC(0) PSYoungGen: 512K(1024K)->480K(1024K) Eden: 512K(512K)->0K(512K) From: 0K(512K)->480K(512K)
[0.105s][info][gc,heap     ] GC(0) ParOldGen: 0K(512K)->8K(512K)
[0.105s][info][gc,metaspace] GC(0) Metaspace: 4228K(4352K)->4228K(4352K) NonClass: 3907K(3968K)->3907K(3968K) Class: 321K(384K)->321K(384K)
[0.105s][info][gc          ] GC(0) Pause Young (Allocation Failure) 0M->0M(1M) 1.607ms
[0.105s][info][gc,cpu      ] GC(0) User=0.00s Sys=0.00s Real=0.00s
[0.175s][info][gc,start    ] GC(1) Pause Young (Allocation Failure)
[0.175s][info][gc,heap     ] GC(1) PSYoungGen: 991K(1024K)->512K(1536K) Eden: 511K(512K)->0K(1024K) From: 480K(512K)->512K(512K)
[0.175s][info][gc,heap     ] GC(1) ParOldGen: 8K(512K)->92K(512K)
[0.175s][info][gc,metaspace] GC(1) Metaspace: 5876K(5952K)->5876K(5952K) NonClass: 5379K(5440K)->5379K(5440K) Class: 496K(512K)->496K(512K)
[0.175s][info][gc          ] GC(1) Pause Young (Allocation Failure) 0M->0M(2M) 0.905ms
[0.175s][info][gc,cpu      ] GC(1) User=0.00s Sys=0.00s Real=0.00s
[0.195s][info][gc,start    ] GC(2) Pause Young (Allocation Failure)
[0.196s][info][gc,heap     ] GC(2) PSYoungGen: 1536K(1536K)->512K(1536K) Eden: 1024K(1024K)->0K(1024K) From: 512K(512K)->512K(512K)
[0.196s][info][gc,heap     ] GC(2) ParOldGen: 92K(512K)->508K(512K)
[0.196s][info][gc,metaspace] GC(2) Metaspace: 6296K(6464K)->6296K(6464K) NonClass: 5763K(5824K)->5763K(5824K) Class: 533K(640K)->533K(640K)
[0.196s][info][gc          ] GC(2) Pause Young (Allocation Failure) 1M->0M(2M) 1.196ms
[0.196s][info][gc,cpu      ] GC(2) User=0.00s Sys=0.00s Real=0.00s
[0.196s][info][gc,start    ] GC(3) Pause Full (Ergonomics)
[0.196s][info][gc,phases,start] GC(3) Marking Phase
[0.197s][info][gc,phases      ] GC(3) Marking Phase 0.976ms
[0.197s][info][gc,phases,start] GC(3) Summary Phase
[0.197s][info][gc,phases      ] GC(3) Summary Phase 0.016ms
[0.197s][info][gc,phases,start] GC(3) Adjust Roots
[0.197s][info][gc,phases      ] GC(3) Adjust Roots 0.345ms
[0.197s][info][gc,phases,start] GC(3) Compaction Phase
[0.199s][info][gc,phases      ] GC(3) Compaction Phase 1.452ms
[0.199s][info][gc,phases,start] GC(3) Post Compact
[0.199s][info][gc,phases      ] GC(3) Post Compact 0.068ms
[0.199s][info][gc,heap        ] GC(3) PSYoungGen: 512K(1536K)->505K(1536K) Eden: 0K(1024K)->0K(1024K) From: 512K(512K)->505K(512K)
[0.199s][info][gc,heap        ] GC(3) ParOldGen: 508K(512K)->475K(2048K)
[0.199s][info][gc,metaspace   ] GC(3) Metaspace: 6296K(6464K)->6296K(6464K) NonClass: 5763K(5824K)->5763K(5824K) Class: 533K(640K)->533K(640K)
[0.199s][info][gc             ] GC(3) Pause Full (Ergonomics) 0M->0M(3M) 3.102ms
[0.199s][info][gc,cpu         ] GC(3) User=0.00s Sys=0.00s Real=0.00s
[0.200s][info][gc,start       ] GC(4) Pause Young (Allocation Failure)
[0.202s][info][gc,heap        ] GC(4) PSYoungGen: 1529K(1536K)->480K(2560K) Eden: 1024K(1024K)->0K(2048K) From: 505K(512K)->480K(512K)
[0.202s][info][gc,heap        ] GC(4) ParOldGen: 475K(2048K)->1035K(2048K)
[0.202s][info][gc,metaspace   ] GC(4) Metaspace: 6296K(6464K)->6296K(6464K) NonClass: 5763K(5824K)->5763K(5824K) Class: 533K(640K)->533K(640K)
[0.202s][info][gc             ] GC(4) Pause Young (Allocation Failure) 1M->1M(4M) 1.604ms
[0.202s][info][gc,cpu         ] GC(4) User=0.00s Sys=0.00s Real=0.00s
[0.205s][info][gc,start       ] GC(5) Pause Young (Allocation Failure)
[0.206s][info][gc,heap        ] GC(5) PSYoungGen: 2528K(2560K)->480K(2560K) Eden: 2048K(2048K)->0K(2048K) From: 480K(512K)->480K(512K)
[0.207s][info][gc,heap        ] GC(5) ParOldGen: 1035K(2048K)->2107K(2560K)
[0.207s][info][gc,metaspace   ] GC(5) Metaspace: 6296K(6464K)->6296K(6464K) NonClass: 5763K(5824K)->5763K(5824K) Class: 533K(640K)->533K(640K)
[0.207s][info][gc             ] GC(5) Pause Young (Allocation Failure) 3M->2M(5M) 1.755ms
[0.207s][info][gc,cpu         ] GC(5) User=0.00s Sys=0.00s Real=0.00s
[0.207s][info][gc,start       ] GC(6) Pause Full (Ergonomics)
[0.207s][info][gc,phases,start] GC(6) Marking Phase
[0.208s][info][gc,phases      ] GC(6) Marking Phase 1.536ms
[0.208s][info][gc,phases,start] GC(6) Summary Phase
[0.208s][info][gc,phases      ] GC(6) Summary Phase 0.016ms
[0.208s][info][gc,phases,start] GC(6) Adjust Roots
[0.209s][info][gc,phases      ] GC(6) Adjust Roots 0.394ms
[0.209s][info][gc,phases,start] GC(6) Compaction Phase
[0.211s][info][gc,phases      ] GC(6) Compaction Phase 2.566ms
[0.211s][info][gc,phases,start] GC(6) Post Compact
[0.211s][info][gc,phases      ] GC(6) Post Compact 0.032ms
[0.211s][info][gc,heap        ] GC(6) PSYoungGen: 480K(2560K)->0K(4096K) Eden: 0K(2048K)->0K(3072K) From: 480K(512K)->0K(1024K)
[0.212s][info][gc,heap        ] GC(6) ParOldGen: 2107K(2560K)->2542K(6144K)
[0.212s][info][gc,metaspace   ] GC(6) Metaspace: 6296K(6464K)->6296K(6464K) NonClass: 5763K(5824K)->5763K(5824K) Class: 533K(640K)->533K(640K)
[0.212s][info][gc             ] GC(6) Pause Full (Ergonomics) 2M->2M(10M) 4.921ms
[0.212s][info][gc,cpu         ] GC(6) User=0.00s Sys=0.00s Real=0.00s
[0.217s][info][gc,start       ] GC(7) Pause Young (Allocation Failure)
[0.219s][info][gc,heap        ] GC(7) PSYoungGen: 3072K(4096K)->1696K(5120K) Eden: 3072K(3072K)->0K(3072K) From: 0K(1024K)->1696K(2048K)
[0.219s][info][gc,heap        ] GC(7) ParOldGen: 2542K(6144K)->2542K(6144K)
[0.219s][info][gc,metaspace   ] GC(7) Metaspace: 6296K(6464K)->6296K(6464K) NonClass: 5763K(5824K)->5763K(5824K) Class: 533K(640K)->533K(640K)
[0.219s][info][gc             ] GC(7) Pause Young (Allocation Failure) 5M->4M(11M) 2.074ms
[0.219s][info][gc,cpu         ] GC(7) User=0.00s Sys=0.00s Real=0.00s
[0.223s][info][gc,start       ] GC(8) Pause Young (Allocation Failure)
[0.226s][info][gc,heap        ] GC(8) PSYoungGen: 4768K(5120K)->2016K(5632K) Eden: 3072K(3072K)->0K(3584K) From: 1696K(2048K)->2016K(2048K)
[0.226s][info][gc,heap        ] GC(8) ParOldGen: 2542K(6144K)->3774K(6144K)
[0.226s][info][gc,metaspace   ] GC(8) Metaspace: 6296K(6464K)->6296K(6464K) NonClass: 5763K(5824K)->5763K(5824K) Class: 533K(640K)->533K(640K)
[0.226s][info][gc             ] GC(8) Pause Young (Allocation Failure) 7M->5M(11M) 2.943ms
[0.226s][info][gc,cpu         ] GC(8) User=0.00s Sys=0.00s Real=0.00s
[0.232s][info][gc,start       ] GC(9) Pause Young (Allocation Failure)
[0.235s][info][gc,heap        ] GC(9) PSYoungGen: 5600K(5632K)->3040K(6656K) Eden: 3584K(3584K)->0K(3584K) From: 2016K(2048K)->3040K(3072K)
[0.235s][info][gc,heap        ] GC(9) ParOldGen: 3774K(6144K)->4614K(6144K)
[0.235s][info][gc,metaspace   ] GC(9) Metaspace: 6296K(6464K)->6296K(6464K) NonClass: 5763K(5824K)->5763K(5824K) Class: 533K(640K)->533K(640K)
[0.235s][info][gc             ] GC(9) Pause Young (Allocation Failure) 9M->7M(12M) 3.132ms
[0.235s][info][gc,cpu         ] GC(9) User=0.00s Sys=0.00s Real=0.00s
[0.239s][info][gc,start       ] GC(10) Pause Young (Allocation Failure)
[0.243s][info][gc,heap        ] GC(10) PSYoungGen: 6624K(6656K)->4064K(8704K) Eden: 3584K(3584K)->0K(4608K) From: 3040K(3072K)->4064K(4096K)
[0.243s][info][gc,heap        ] GC(10) ParOldGen: 4614K(6144K)->5454K(6144K)
[0.243s][info][gc,metaspace   ] GC(10) Metaspace: 6296K(6464K)->6296K(6464K) NonClass: 5763K(5824K)->5763K(5824K) Class: 533K(640K)->533K(640K)
[0.243s][info][gc             ] GC(10) Pause Young (Allocation Failure) 10M->9M(14M) 3.986ms
[0.243s][info][gc,cpu         ] GC(10) User=0.00s Sys=0.00s Real=0.00s
[0.243s][info][gc,start       ] GC(11) Pause Full (Ergonomics)
[0.243s][info][gc,phases,start] GC(11) Marking Phase
[0.247s][info][gc,phases      ] GC(11) Marking Phase 4.447ms
[0.247s][info][gc,phases,start] GC(11) Summary Phase
[0.247s][info][gc,phases      ] GC(11) Summary Phase 0.018ms
[0.247s][info][gc,phases,start] GC(11) Adjust Roots
[0.248s][info][gc,phases      ] GC(11) Adjust Roots 0.346ms
[0.248s][info][gc,phases,start] GC(11) Compaction Phase
[0.254s][info][gc,phases      ] GC(11) Compaction Phase 5.719ms
[0.254s][info][gc,phases,start] GC(11) Post Compact
[0.254s][info][gc,phases      ] GC(11) Post Compact 0.074ms
[0.254s][info][gc,heap        ] GC(11) PSYoungGen: 4064K(8704K)->3545K(8704K) Eden: 0K(4608K)->0K(4608K) From: 4064K(4096K)->3545K(4096K)
[0.254s][info][gc,heap        ] GC(11) ParOldGen: 5454K(6144K)->5831K(10752K)
[0.254s][info][gc,metaspace   ] GC(11) Metaspace: 6296K(6464K)->6296K(6464K) NonClass: 5763K(5824K)->5763K(5824K) Class: 533K(640K)->533K(640K)
[0.254s][info][gc             ] GC(11) Pause Full (Ergonomics) 9M->9M(19M) 10.969ms
[0.254s][info][gc,cpu         ] GC(11) User=0.02s Sys=0.00s Real=0.01s
[0.258s][info][gc,start       ] GC(12) Pause Young (Allocation Failure)
[0.262s][info][gc,heap        ] GC(12) PSYoungGen: 8013K(8704K)->5088K(9728K) Eden: 4468K(4608K)->0K(4608K) From: 3545K(4096K)->5088K(5120K)
[0.262s][info][gc,heap        ] GC(12) ParOldGen: 5831K(10752K)->6615K(10752K)
[0.262s][info][gc,metaspace   ] GC(12) Metaspace: 6296K(6464K)->6296K(6464K) NonClass: 5763K(5824K)->5763K(5824K) Class: 533K(640K)->533K(640K)
[0.262s][info][gc             ] GC(12) Pause Young (Allocation Failure) 13M->11M(20M) 3.550ms
[0.262s][info][gc,cpu         ] GC(12) User=0.00s Sys=0.00s Real=0.00s
[0.268s][info][gc,start       ] GC(13) Pause Young (Allocation Failure)
[0.274s][info][gc,heap        ] GC(13) PSYoungGen: 9696K(9728K)->6112K(11264K) Eden: 4608K(4608K)->0K(5120K) From: 5088K(5120K)->6112K(6144K)
[0.274s][info][gc,heap        ] GC(13) ParOldGen: 6615K(10752K)->7983K(10752K)
[0.274s][info][gc,metaspace   ] GC(13) Metaspace: 6296K(6464K)->6296K(6464K) NonClass: 5763K(5824K)->5763K(5824K) Class: 533K(640K)->533K(640K)
[0.274s][info][gc             ] GC(13) Pause Young (Allocation Failure) 15M->13M(21M) 6.190ms
[0.274s][info][gc,cpu         ] GC(13) User=0.00s Sys=0.00s Real=0.01s
[0.278s][info][gc,start       ] GC(14) Pause Young (Allocation Failure)
[0.283s][info][gc,heap        ] GC(14) PSYoungGen: 11232K(11264K)->5248K(12800K) Eden: 5120K(5120K)->0K(5120K) From: 6112K(6144K)->5248K(7680K)
[0.283s][info][gc,heap        ] GC(14) ParOldGen: 7983K(10752K)->11567K(11776K)
[0.283s][info][gc,metaspace   ] GC(14) Metaspace: 6298K(6464K)->6298K(6464K) NonClass: 5765K(5824K)->5765K(5824K) Class: 533K(640K)->533K(640K)
[0.283s][info][gc             ] GC(14) Pause Young (Allocation Failure) 18M->16M(24M) 5.213ms
[0.283s][info][gc,cpu         ] GC(14) User=0.02s Sys=0.00s Real=0.01s
[0.283s][info][gc,start       ] GC(15) Pause Full (Ergonomics)
[0.283s][info][gc,phases,start] GC(15) Marking Phase
[0.290s][info][gc,phases      ] GC(15) Marking Phase 7.042ms
[0.291s][info][gc,phases,start] GC(15) Summary Phase
[0.291s][info][gc,phases      ] GC(15) Summary Phase 0.019ms
[0.291s][info][gc,phases,start] GC(15) Adjust Roots
[0.291s][info][gc,phases      ] GC(15) Adjust Roots 0.206ms
[0.291s][info][gc,phases,start] GC(15) Compaction Phase
[0.298s][info][gc,phases      ] GC(15) Compaction Phase 7.349ms
[0.298s][info][gc,phases,start] GC(15) Post Compact
[0.298s][info][gc,phases      ] GC(15) Post Compact 0.083ms
[0.298s][info][gc,heap        ] GC(15) PSYoungGen: 5248K(12800K)->5194K(12800K) Eden: 0K(5120K)->0K(5120K) From: 5248K(7680K)->5194K(7680K)
[0.298s][info][gc,heap        ] GC(15) ParOldGen: 11567K(11776K)->11456K(18432K)
[0.298s][info][gc,metaspace   ] GC(15) Metaspace: 6298K(6464K)->6298K(6464K) NonClass: 5765K(5824K)->5765K(5824K) Class: 533K(640K)->533K(640K)
[0.298s][info][gc             ] GC(15) Pause Full (Ergonomics) 16M->16M(30M) 15.045ms
[0.298s][info][gc,cpu         ] GC(15) User=0.00s Sys=0.00s Real=0.01s
[0.302s][info][gc,start       ] GC(16) Pause Young (Allocation Failure)
[0.308s][info][gc,heap        ] GC(16) PSYoungGen: 10314K(12800K)->2688K(14336K) Eden: 5120K(5120K)->0K(7168K) From: 5194K(7680K)->2688K(7168K)
[0.308s][info][gc,heap        ] GC(16) ParOldGen: 11456K(18432K)->16728K(18432K)
[0.308s][info][gc,metaspace   ] GC(16) Metaspace: 6298K(6464K)->6298K(6464K) NonClass: 5765K(5824K)->5765K(5824K) Class: 533K(640K)->533K(640K)
[0.308s][info][gc             ] GC(16) Pause Young (Allocation Failure) 21M->18M(32M) 6.268ms
[0.308s][info][gc,cpu         ] GC(16) User=0.00s Sys=0.00s Real=0.01s
[0.308s][info][gc,start       ] GC(17) Pause Full (Ergonomics)
[0.308s][info][gc,phases,start] GC(17) Marking Phase
[0.316s][info][gc,phases      ] GC(17) Marking Phase 8.265ms
[0.316s][info][gc,phases,start] GC(17) Summary Phase
[0.316s][info][gc,phases      ] GC(17) Summary Phase 0.018ms
[0.316s][info][gc,phases,start] GC(17) Adjust Roots
[0.317s][info][gc,phases      ] GC(17) Adjust Roots 0.215ms
[0.317s][info][gc,phases,start] GC(17) Compaction Phase
[0.323s][info][gc,phases      ] GC(17) Compaction Phase 6.801ms
[0.324s][info][gc,phases,start] GC(17) Post Compact
[0.324s][info][gc,phases      ] GC(17) Post Compact 0.097ms
[0.324s][info][gc,heap        ] GC(17) PSYoungGen: 2688K(14336K)->1105K(14848K) Eden: 0K(7168K)->0K(7680K) From: 2688K(7168K)->1105K(7168K)
[0.324s][info][gc,heap        ] GC(17) ParOldGen: 16728K(18432K)->18183K(27648K)
[0.324s][info][gc,metaspace   ] GC(17) Metaspace: 6298K(6464K)->6298K(6464K) NonClass: 5765K(5824K)->5765K(5824K) Class: 533K(640K)->533K(640K)
[0.324s][info][gc             ] GC(17) Pause Full (Ergonomics) 18M->18M(41M) 15.761ms
[0.324s][info][gc,cpu         ] GC(17) User=0.02s Sys=0.00s Real=0.02s
[0.328s][info][gc,start       ] GC(18) Pause Young (Allocation Failure)
[0.333s][info][gc,heap        ] GC(18) PSYoungGen: 7799K(14848K)->3424K(15360K) Eden: 6694K(7680K)->0K(7680K) From: 1105K(7168K)->3424K(7680K)
[0.333s][info][gc,heap        ] GC(18) ParOldGen: 18183K(27648K)->19319K(27648K)
[0.333s][info][gc,metaspace   ] GC(18) Metaspace: 6298K(6464K)->6298K(6464K) NonClass: 5765K(5824K)->5765K(5824K) Class: 533K(640K)->533K(640K)
[0.333s][info][gc             ] GC(18) Pause Young (Allocation Failure) 25M->22M(42M) 5.227ms
[0.333s][info][gc,cpu         ] GC(18) User=0.00s Sys=0.00s Real=0.01s
[0.340s][info][gc,start       ] GC(19) Pause Young (Allocation Failure)
[0.347s][info][gc,heap        ] GC(19) PSYoungGen: 11103K(15360K)->4480K(17920K) Eden: 7679K(7680K)->0K(10240K) From: 3424K(7680K)->4480K(7680K)
[0.347s][info][gc,heap        ] GC(19) ParOldGen: 19319K(27648K)->22775K(27648K)
[0.347s][info][gc,metaspace   ] GC(19) Metaspace: 6298K(6464K)->6298K(6464K) NonClass: 5765K(5824K)->5765K(5824K) Class: 533K(640K)->533K(640K)
[0.347s][info][gc             ] GC(19) Pause Young (Allocation Failure) 29M->26M(44M) 6.739ms
[0.347s][info][gc,cpu         ] GC(19) User=0.00s Sys=0.00s Real=0.01s
[0.354s][info][gc,start       ] GC(20) Pause Young (Allocation Failure)
[0.361s][info][gc,heap        ] GC(20) PSYoungGen: 14720K(17920K)->5344K(17920K) Eden: 10240K(10240K)->0K(10240K) From: 4480K(7680K)->5344K(7680K)
[0.361s][info][gc,heap        ] GC(20) ParOldGen: 22775K(27648K)->27295K(27648K)
[0.361s][info][gc,metaspace   ] GC(20) Metaspace: 6298K(6464K)->6298K(6464K) NonClass: 5765K(5824K)->5765K(5824K) Class: 533K(640K)->533K(640K)
[0.361s][info][gc             ] GC(20) Pause Young (Allocation Failure) 36M->31M(44M) 6.973ms
[0.361s][info][gc,cpu         ] GC(20) User=0.00s Sys=0.02s Real=0.01s
[0.361s][info][gc,start       ] GC(21) Pause Full (Ergonomics)
[0.361s][info][gc,phases,start] GC(21) Marking Phase
[0.375s][info][gc,phases      ] GC(21) Marking Phase 13.338ms
[0.375s][info][gc,phases,start] GC(21) Summary Phase
[0.375s][info][gc,phases      ] GC(21) Summary Phase 0.019ms
[0.375s][info][gc,phases,start] GC(21) Adjust Roots
[0.375s][info][gc,phases      ] GC(21) Adjust Roots 0.185ms
[0.375s][info][gc,phases,start] GC(21) Compaction Phase
[0.389s][info][gc,phases      ] GC(21) Compaction Phase 13.775ms
[0.389s][info][gc,phases,start] GC(21) Post Compact
[0.389s][info][gc,phases      ] GC(21) Post Compact 0.107ms
[0.389s][info][gc,heap        ] GC(21) PSYoungGen: 5344K(17920K)->4779K(17920K) Eden: 0K(10240K)->0K(10240K) From: 5344K(7680K)->4779K(7680K)
[0.389s][info][gc,heap        ] GC(21) ParOldGen: 27295K(27648K)->27140K(38912K)
[0.389s][info][gc,metaspace   ] GC(21) Metaspace: 6298K(6464K)->6298K(6464K) NonClass: 5765K(5824K)->5765K(5824K) Class: 533K(640K)->533K(640K)
[0.389s][info][gc             ] GC(21) Pause Full (Ergonomics) 31M->31M(55M) 27.949ms
[0.389s][info][gc,cpu         ] GC(21) User=0.02s Sys=0.00s Real=0.03s
[0.399s][info][gc,start       ] GC(22) Pause Young (Allocation Failure)
[0.411s][info][gc,heap        ] GC(22) PSYoungGen: 15019K(17920K)->8192K(17920K) Eden: 10240K(10240K)->0K(9728K) From: 4779K(7680K)->8192K(8192K)
[0.411s][info][gc,heap        ] GC(22) ParOldGen: 27140K(38912K)->32964K(38912K)
[0.411s][info][gc,metaspace   ] GC(22) Metaspace: 6298K(6464K)->6298K(6464K) NonClass: 5765K(5824K)->5765K(5824K) Class: 533K(640K)->533K(640K)
[0.411s][info][gc             ] GC(22) Pause Young (Allocation Failure) 41M->40M(55M) 12.066ms
[0.411s][info][gc,cpu         ] GC(22) User=0.00s Sys=0.00s Real=0.01s
[0.411s][info][gc,start       ] GC(23) Pause Full (Ergonomics)
[0.411s][info][gc,phases,start] GC(23) Marking Phase
[0.428s][info][gc,phases      ] GC(23) Marking Phase 16.943ms
[0.428s][info][gc,phases,start] GC(23) Summary Phase
[0.428s][info][gc,phases      ] GC(23) Summary Phase 0.018ms
[0.428s][info][gc,phases,start] GC(23) Adjust Roots
[0.428s][info][gc,phases      ] GC(23) Adjust Roots 0.169ms
[0.428s][info][gc,phases,start] GC(23) Compaction Phase
[0.440s][info][gc,phases      ] GC(23) Compaction Phase 11.544ms
[0.440s][info][gc,phases,start] GC(23) Post Compact
[0.440s][info][gc,phases      ] GC(23) Post Compact 0.192ms
[0.440s][info][gc,heap        ] GC(23) PSYoungGen: 8192K(17920K)->2555K(17920K) Eden: 0K(9728K)->0K(9728K) From: 8192K(8192K)->2555K(8192K)
[0.440s][info][gc,heap        ] GC(23) ParOldGen: 32964K(38912K)->38481K(52736K)
[0.440s][info][gc,metaspace   ] GC(23) Metaspace: 6298K(6464K)->6298K(6464K) NonClass: 5765K(5824K)->5765K(5824K) Class: 533K(640K)->533K(640K)
[0.440s][info][gc             ] GC(23) Pause Full (Ergonomics) 40M->40M(69M) 29.239ms
[0.440s][info][gc,cpu         ] GC(23) User=0.03s Sys=0.02s Real=0.03s
[0.454s][info][gc,start       ] GC(24) Pause Young (Allocation Failure)
[0.465s][info][gc,heap        ] GC(24) PSYoungGen: 12283K(17920K)->9760K(20992K) Eden: 9728K(9728K)->0K(9728K) From: 2555K(8192K)->9760K(11264K)
[0.465s][info][gc,heap        ] GC(24) ParOldGen: 38481K(52736K)->41081K(52736K)
[0.465s][info][gc,metaspace   ] GC(24) Metaspace: 6298K(6464K)->6298K(6464K) NonClass: 5765K(5824K)->5765K(5824K) Class: 533K(640K)->533K(640K)
[0.465s][info][gc             ] GC(24) Pause Young (Allocation Failure) 49M->49M(72M) 10.770ms
[0.465s][info][gc,cpu         ] GC(24) User=0.00s Sys=0.00s Real=0.01s
[0.475s][info][gc,start       ] GC(25) Pause Young (Allocation Failure)
[0.488s][info][gc,heap        ] GC(25) PSYoungGen: 19488K(20992K)->12768K(19968K) Eden: 9728K(9728K)->0K(7168K) From: 9760K(11264K)->12768K(12800K)
[0.488s][info][gc,heap        ] GC(25) ParOldGen: 41081K(52736K)->47849K(52736K)
[0.488s][info][gc,metaspace   ] GC(25) Metaspace: 6298K(6464K)->6298K(6464K) NonClass: 5765K(5824K)->5765K(5824K) Class: 533K(640K)->533K(640K)
[0.488s][info][gc             ] GC(25) Pause Young (Allocation Failure) 59M->59M(71M) 13.144ms
[0.488s][info][gc,cpu         ] GC(25) User=0.00s Sys=0.02s Real=0.01s
[0.488s][info][gc,start       ] GC(26) Pause Full (Ergonomics)
[0.488s][info][gc,phases,start] GC(26) Marking Phase
[0.511s][info][gc,phases      ] GC(26) Marking Phase 22.357ms
[0.511s][info][gc,phases,start] GC(26) Summary Phase
[0.511s][info][gc,phases      ] GC(26) Summary Phase 0.019ms
[0.511s][info][gc,phases,start] GC(26) Adjust Roots
[0.511s][info][gc,phases      ] GC(26) Adjust Roots 0.159ms
[0.511s][info][gc,phases,start] GC(26) Compaction Phase
[0.530s][info][gc,phases      ] GC(26) Compaction Phase 19.070ms
[0.530s][info][gc,phases,start] GC(26) Post Compact
[0.530s][info][gc,phases      ] GC(26) Post Compact 0.231ms
[0.531s][info][gc,heap        ] GC(26) PSYoungGen: 12768K(19968K)->7122K(19968K) Eden: 0K(7168K)->0K(7168K) From: 12768K(12800K)->7122K(12800K)
[0.531s][info][gc,heap        ] GC(26) ParOldGen: 47849K(52736K)->52294K(69120K)
[0.531s][info][gc,metaspace   ] GC(26) Metaspace: 6298K(6464K)->6298K(6464K) NonClass: 5765K(5824K)->5765K(5824K) Class: 533K(640K)->533K(640K)
[0.531s][info][gc             ] GC(26) Pause Full (Ergonomics) 59M->58M(87M) 42.267ms
[0.531s][info][gc,cpu         ] GC(26) User=0.03s Sys=0.00s Real=0.04s
[0.539s][info][gc,start       ] GC(27) Pause Young (Allocation Failure)
[0.553s][info][gc,heap        ] GC(27) PSYoungGen: 14290K(19968K)->7200K(24576K) Eden: 7168K(7168K)->0K(7168K) From: 7122K(12800K)->7200K(17408K)
[0.553s][info][gc,heap        ] GC(27) ParOldGen: 52294K(69120K)->59542K(69120K)
[0.553s][info][gc,metaspace   ] GC(27) Metaspace: 6298K(6464K)->6298K(6464K) NonClass: 5765K(5824K)->5765K(5824K) Class: 533K(640K)->533K(640K)
[0.553s][info][gc             ] GC(27) Pause Young (Allocation Failure) 65M->65M(91M) 13.991ms
[0.553s][info][gc,cpu         ] GC(27) User=0.00s Sys=0.00s Real=0.01s
[0.561s][info][gc,start       ] GC(28) Pause Young (Allocation Failure)
[0.571s][info][gc,heap        ] GC(28) PSYoungGen: 14368K(24576K)->14336K(23040K) Eden: 7168K(7168K)->0K(6656K) From: 7200K(17408K)->14336K(16384K)
[0.571s][info][gc,heap        ] GC(28) ParOldGen: 59542K(69120K)->59542K(69120K)
[0.571s][info][gc,metaspace   ] GC(28) Metaspace: 6298K(6464K)->6298K(6464K) NonClass: 5765K(5824K)->5765K(5824K) Class: 533K(640K)->533K(640K)
[0.571s][info][gc             ] GC(28) Pause Young (Allocation Failure) 72M->72M(90M) 10.272ms
[0.571s][info][gc,cpu         ] GC(28) User=0.02s Sys=0.00s Real=0.01s
[0.579s][info][gc,start       ] GC(29) Pause Young (Allocation Failure)
[0.592s][info][gc,heap        ] GC(29) PSYoungGen: 20992K(23040K)->13824K(25088K) Eden: 6656K(6656K)->0K(6656K) From: 14336K(16384K)->13824K(18432K)
[0.592s][info][gc,heap        ] GC(29) ParOldGen: 59542K(69120K)->66798K(69120K)
[0.592s][info][gc,metaspace   ] GC(29) Metaspace: 6298K(6464K)->6298K(6464K) NonClass: 5765K(5824K)->5765K(5824K) Class: 533K(640K)->533K(640K)
[0.592s][info][gc             ] GC(29) Pause Young (Allocation Failure) 78M->78M(92M) 13.538ms
[0.592s][info][gc,cpu         ] GC(29) User=0.00s Sys=0.00s Real=0.01s
[0.592s][info][gc,start       ] GC(30) Pause Full (Ergonomics)
[0.592s][info][gc,phases,start] GC(30) Marking Phase
[0.625s][info][gc,phases      ] GC(30) Marking Phase 33.167ms
[0.625s][info][gc,phases,start] GC(30) Summary Phase
[0.625s][info][gc,phases      ] GC(30) Summary Phase 0.015ms
[0.626s][info][gc,phases,start] GC(30) Adjust Roots
[0.626s][info][gc,phases      ] GC(30) Adjust Roots 0.163ms
[0.626s][info][gc,phases,start] GC(30) Compaction Phase
[0.646s][info][gc,phases      ] GC(30) Compaction Phase 20.794ms
[0.647s][info][gc,phases,start] GC(30) Post Compact
[0.647s][info][gc,phases      ] GC(30) Post Compact 0.347ms
[0.647s][info][gc,heap        ] GC(30) PSYoungGen: 13824K(25088K)->11209K(25088K) Eden: 0K(6656K)->0K(6656K) From: 13824K(18432K)->11209K(18432K)
[0.647s][info][gc,heap        ] GC(30) ParOldGen: 66798K(69120K)->69110K(89600K)
[0.647s][info][gc,metaspace   ] GC(30) Metaspace: 6298K(6464K)->6298K(6464K) NonClass: 5765K(5824K)->5765K(5824K) Class: 533K(640K)->533K(640K)
[0.647s][info][gc             ] GC(30) Pause Full (Ergonomics) 78M->78M(112M) 54.832ms
[0.647s][info][gc,cpu         ] GC(30) User=0.09s Sys=0.00s Real=0.05s
[0.654s][info][gc,start       ] GC(31) Pause Young (Allocation Failure)
[0.671s][info][gc,heap        ] GC(31) PSYoungGen: 17865K(25088K)->11936K(27648K) Eden: 6656K(6656K)->0K(8192K) From: 11209K(18432K)->11936K(19456K)
[0.671s][info][gc,heap        ] GC(31) ParOldGen: 69110K(89600K)->75158K(89600K)
[0.671s][info][gc,metaspace   ] GC(31) Metaspace: 6298K(6464K)->6298K(6464K) NonClass: 5765K(5824K)->5765K(5824K) Class: 533K(640K)->533K(640K)
[0.671s][info][gc             ] GC(31) Pause Young (Allocation Failure) 84M->85M(114M) 17.716ms
[0.671s][info][gc,cpu         ] GC(31) User=0.02s Sys=0.00s Real=0.02s
[0.686s][info][gc,start       ] GC(32) Pause Young (Allocation Failure)
[0.699s][info][gc,heap        ] GC(32) PSYoungGen: 20128K(27648K)->19936K(28160K) Eden: 8192K(8192K)->0K(8192K) From: 11936K(19456K)->19936K(19968K)
[0.699s][info][gc,heap        ] GC(32) ParOldGen: 75158K(89600K)->75334K(89600K)
[0.699s][info][gc,metaspace   ] GC(32) Metaspace: 6298K(6464K)->6298K(6464K) NonClass: 5765K(5824K)->5765K(5824K) Class: 533K(640K)->533K(640K)
[0.699s][info][gc             ] GC(32) Pause Young (Allocation Failure) 93M->93M(115M) 12.667ms
[0.699s][info][gc,cpu         ] GC(32) User=0.02s Sys=0.00s Real=0.01s
[0.706s][info][gc,start       ] GC(33) Pause Young (Allocation Failure)
[0.723s][info][gc,heap        ] GC(33) PSYoungGen: 28128K(28160K)->16352K(31744K) Eden: 8192K(8192K)->0K(8704K) From: 19936K(19968K)->16352K(23040K)
[0.723s][info][gc,heap        ] GC(33) ParOldGen: 75334K(89600K)->87294K(89600K)
[0.723s][info][gc,metaspace   ] GC(33) Metaspace: 6298K(6464K)->6298K(6464K) NonClass: 5765K(5824K)->5765K(5824K) Class: 533K(640K)->533K(640K)
[0.723s][info][gc             ] GC(33) Pause Young (Allocation Failure) 101M->101M(118M) 17.445ms
[0.723s][info][gc,cpu         ] GC(33) User=0.00s Sys=0.02s Real=0.02s
[0.723s][info][gc,start       ] GC(34) Pause Full (Ergonomics)
[0.723s][info][gc,phases,start] GC(34) Marking Phase
[0.763s][info][gc,phases      ] GC(34) Marking Phase 40.242ms
[0.763s][info][gc,phases,start] GC(34) Summary Phase
[0.763s][info][gc,phases      ] GC(34) Summary Phase 0.020ms
[0.763s][info][gc,phases,start] GC(34) Adjust Roots
[0.764s][info][gc,phases      ] GC(34) Adjust Roots 0.157ms
[0.764s][info][gc,phases,start] GC(34) Compaction Phase
[0.794s][info][gc,phases      ] GC(34) Compaction Phase 30.687ms
[0.794s][info][gc,phases,start] GC(34) Post Compact
[0.795s][info][gc,phases      ] GC(34) Post Compact 0.335ms
[0.795s][info][gc,heap        ] GC(34) PSYoungGen: 16352K(31744K)->11687K(31744K) Eden: 0K(8704K)->0K(8704K) From: 16352K(23040K)->11687K(23040K)
[0.795s][info][gc,heap        ] GC(34) ParOldGen: 87294K(89600K)->89545K(114176K)
[0.795s][info][gc,metaspace   ] GC(34) Metaspace: 6298K(6464K)->6298K(6464K) NonClass: 5765K(5824K)->5765K(5824K) Class: 533K(640K)->533K(640K)
[0.795s][info][gc             ] GC(34) Pause Full (Ergonomics) 101M->98M(142M) 71.841ms
[0.795s][info][gc,cpu         ] GC(34) User=0.09s Sys=0.00s Real=0.07s
[0.804s][info][gc,start       ] GC(35) Pause Young (Allocation Failure)
[0.820s][info][gc,heap        ] GC(35) PSYoungGen: 20391K(31744K)->8736K(33280K) Eden: 8704K(8704K)->0K(8704K) From: 11687K(23040K)->8736K(24576K)
[0.820s][info][gc,heap        ] GC(35) ParOldGen: 89545K(114176K)->101425K(114176K)
[0.820s][info][gc,metaspace   ] GC(35) Metaspace: 6298K(6464K)->6298K(6464K) NonClass: 5765K(5824K)->5765K(5824K) Class: 533K(640K)->533K(640K)
[0.820s][info][gc             ] GC(35) Pause Young (Allocation Failure) 107M->107M(144M) 16.505ms
[0.820s][info][gc,cpu         ] GC(35) User=0.05s Sys=0.00s Real=0.02s
[0.820s][info][gc,start       ] GC(36) Pause Full (Ergonomics)
[0.820s][info][gc,phases,start] GC(36) Marking Phase
[0.850s][info][gc,phases      ] GC(36) Marking Phase 29.793ms
[0.850s][info][gc,phases,start] GC(36) Summary Phase
[0.850s][info][gc,phases      ] GC(36) Summary Phase 0.027ms
[0.850s][info][gc,phases,start] GC(36) Adjust Roots
[0.851s][info][gc,phases      ] GC(36) Adjust Roots 0.165ms
[0.851s][info][gc,phases,start] GC(36) Compaction Phase
[0.866s][info][gc,phases      ] GC(36) Compaction Phase 15.713ms
[0.866s][info][gc,phases,start] GC(36) Post Compact
[0.867s][info][gc,phases      ] GC(36) Post Compact 0.546ms
[0.867s][info][gc,heap        ] GC(36) PSYoungGen: 8736K(33280K)->0K(33280K) Eden: 0K(8704K)->0K(10240K) From: 8736K(24576K)->0K(23040K)
[0.867s][info][gc,heap        ] GC(36) ParOldGen: 101425K(114176K)->109905K(138752K)
[0.867s][info][gc,metaspace   ] GC(36) Metaspace: 6298K(6464K)->6298K(6464K) NonClass: 5765K(5824K)->5765K(5824K) Class: 533K(640K)->533K(640K)
[0.867s][info][gc             ] GC(36) Pause Full (Ergonomics) 107M->107M(168M) 46.688ms
[0.867s][info][gc,cpu         ] GC(36) User=0.08s Sys=0.00s Real=0.05s
[0.878s][info][gc,start       ] GC(37) Pause Young (Allocation Failure)
[0.884s][info][gc,heap        ] GC(37) PSYoungGen: 10240K(33280K)->10304K(33280K) Eden: 10240K(10240K)->0K(10240K) From: 0K(23040K)->10304K(23040K)
[0.884s][info][gc,heap        ] GC(37) ParOldGen: 109905K(138752K)->109905K(138752K)
[0.884s][info][gc,metaspace   ] GC(37) Metaspace: 6298K(6464K)->6298K(6464K) NonClass: 5765K(5824K)->5765K(5824K) Class: 533K(640K)->533K(640K)
[0.884s][info][gc             ] GC(37) Pause Young (Allocation Failure) 117M->117M(168M) 6.321ms
[0.884s][info][gc,cpu         ] GC(37) User=0.00s Sys=0.00s Real=0.01s
[0.894s][info][gc,start       ] GC(38) Pause Young (Allocation Failure)
[0.904s][info][gc,heap        ] GC(38) PSYoungGen: 20544K(33280K)->20544K(31232K) Eden: 10240K(10240K)->0K(9216K) From: 10304K(23040K)->20544K(22016K)
[0.904s][info][gc,heap        ] GC(38) ParOldGen: 109905K(138752K)->109905K(138752K)
[0.904s][info][gc,metaspace   ] GC(38) Metaspace: 6298K(6464K)->6298K(6464K) NonClass: 5765K(5824K)->5765K(5824K) Class: 533K(640K)->533K(640K)
[0.904s][info][gc             ] GC(38) Pause Young (Allocation Failure) 127M->127M(166M) 10.236ms
[0.904s][info][gc,cpu         ] GC(38) User=0.00s Sys=0.00s Real=0.01s
[0.914s][info][gc,start       ] GC(39) Pause Young (Allocation Failure)
[0.929s][info][gc,heap        ] GC(39) PSYoungGen: 29760K(31232K)->24576K(33792K) Eden: 9216K(9216K)->0K(9216K) From: 20544K(22016K)->24576K(24576K)
[0.929s][info][gc,heap        ] GC(39) ParOldGen: 109905K(138752K)->115073K(138752K)
[0.929s][info][gc,metaspace   ] GC(39) Metaspace: 6298K(6464K)->6298K(6464K) NonClass: 5765K(5824K)->5765K(5824K) Class: 533K(640K)->533K(640K)
[0.929s][info][gc             ] GC(39) Pause Young (Allocation Failure) 136M->136M(168M) 15.167ms
[0.929s][info][gc,cpu         ] GC(39) User=0.02s Sys=0.00s Real=0.01s
[0.939s][info][gc,start       ] GC(40) Pause Young (Allocation Failure)
[0.955s][info][gc,heap        ] GC(40) PSYoungGen: 33792K(33792K)->26272K(37888K) Eden: 9216K(9216K)->0K(7680K) From: 24576K(24576K)->26272K(30208K)
[0.955s][info][gc,heap        ] GC(40) ParOldGen: 115073K(138752K)->122769K(138752K)
[0.955s][info][gc,metaspace   ] GC(40) Metaspace: 6298K(6464K)->6298K(6464K) NonClass: 5765K(5824K)->5765K(5824K) Class: 533K(640K)->533K(640K)
[0.955s][info][gc             ] GC(40) Pause Young (Allocation Failure) 145M->145M(172M) 16.231ms
[0.955s][info][gc,cpu         ] GC(40) User=0.00s Sys=0.02s Real=0.02s
[0.964s][info][gc,start       ] GC(41) Pause Young (Allocation Failure)
[0.980s][info][gc,heap        ] GC(41) PSYoungGen: 33952K(37888K)->24512K(40960K) Eden: 7680K(7680K)->0K(7680K) From: 26272K(30208K)->24512K(33280K)
[0.980s][info][gc,heap        ] GC(41) ParOldGen: 122769K(138752K)->132313K(138752K)
[0.980s][info][gc,metaspace   ] GC(41) Metaspace: 6298K(6464K)->6298K(6464K) NonClass: 5765K(5824K)->5765K(5824K) Class: 533K(640K)->533K(640K)
[0.980s][info][gc             ] GC(41) Pause Young (Allocation Failure) 153M->153M(175M) 16.009ms
[0.980s][info][gc,cpu         ] GC(41) User=0.02s Sys=0.00s Real=0.02s
[0.980s][info][gc,start       ] GC(42) Pause Full (Ergonomics)
[0.980s][info][gc,phases,start] GC(42) Marking Phase
[1.024s][info][gc,phases      ] GC(42) Marking Phase 44.426ms
[1.024s][info][gc,phases,start] GC(42) Summary Phase
[1.024s][info][gc,phases      ] GC(42) Summary Phase 0.023ms
[1.024s][info][gc,phases,start] GC(42) Adjust Roots
[1.024s][info][gc,phases      ] GC(42) Adjust Roots 0.189ms
[1.025s][info][gc,phases,start] GC(42) Compaction Phase
[1.048s][info][gc,phases      ] GC(42) Compaction Phase 23.753ms
[1.048s][info][gc,phases,start] GC(42) Post Compact
[1.049s][info][gc,phases      ] GC(42) Post Compact 0.827ms
[1.049s][info][gc,heap        ] GC(42) PSYoungGen: 24512K(40960K)->17776K(40960K) Eden: 0K(7680K)->0K(7680K) From: 24512K(33280K)->17776K(33280K)
[1.049s][info][gc,heap        ] GC(42) ParOldGen: 132313K(138752K)->138572K(169472K)
[1.049s][info][gc,metaspace   ] GC(42) Metaspace: 6298K(6464K)->6298K(6464K) NonClass: 5765K(5824K)->5765K(5824K) Class: 533K(640K)->533K(640K)
[1.049s][info][gc             ] GC(42) Pause Full (Ergonomics) 153M->152M(205M) 69.688ms
[1.049s][info][gc,cpu         ] GC(42) User=0.16s Sys=0.02s Real=0.07s
[1.057s][info][gc,start       ] GC(43) Pause Young (Allocation Failure)
[1.076s][info][gc,heap        ] GC(43) PSYoungGen: 25456K(40960K)->20512K(44544K) Eden: 7680K(7680K)->0K(9216K) From: 17776K(33280K)->20512K(35328K)
[1.076s][info][gc,heap        ] GC(43) ParOldGen: 138572K(169472K)->143724K(169472K)
[1.076s][info][gc,metaspace   ] GC(43) Metaspace: 6298K(6464K)->6298K(6464K) NonClass: 5765K(5824K)->5765K(5824K) Class: 533K(640K)->533K(640K)
[1.076s][info][gc             ] GC(43) Pause Young (Allocation Failure) 160M->160M(209M) 19.508ms
[1.076s][info][gc,cpu         ] GC(43) User=0.06s Sys=0.00s Real=0.02s
[1.085s][info][gc,start       ] GC(44) Pause Young (Allocation Failure)
[1.100s][info][gc,heap        ] GC(44) PSYoungGen: 29728K(44544K)->22688K(44544K) Eden: 9216K(9216K)->0K(9216K) From: 20512K(35328K)->22688K(35328K)
[1.100s][info][gc,heap        ] GC(44) ParOldGen: 143724K(169472K)->150844K(169472K)
[1.100s][info][gc,metaspace   ] GC(44) Metaspace: 6298K(6464K)->6298K(6464K) NonClass: 5765K(5824K)->5765K(5824K) Class: 533K(640K)->533K(640K)
[1.100s][info][gc             ] GC(44) Pause Young (Allocation Failure) 169M->169M(209M) 15.328ms
[1.100s][info][gc,cpu         ] GC(44) User=0.02s Sys=0.00s Real=0.01s
[1.136s][info][gc,start       ] GC(45) Pause Full (Ergonomics)
[1.136s][info][gc,phases,start] GC(45) Marking Phase
[1.182s][info][gc,phases      ] GC(45) Marking Phase 46.153ms
[1.182s][info][gc,phases,start] GC(45) Summary Phase
[1.182s][info][gc,phases      ] GC(45) Summary Phase 0.019ms
[1.182s][info][gc,phases,start] GC(45) Adjust Roots
[1.182s][info][gc,phases      ] GC(45) Adjust Roots 0.166ms
[1.182s][info][gc,phases,start] GC(45) Compaction Phase
[1.220s][info][gc,phases      ] GC(45) Compaction Phase 37.783ms
[1.220s][info][gc,phases,start] GC(45) Post Compact
[1.221s][info][gc,phases      ] GC(45) Post Compact 0.811ms
[1.221s][info][gc,heap        ] GC(45) PSYoungGen: 31904K(44544K)->17445K(44544K) Eden: 9216K(9216K)->0K(9216K) From: 22688K(35328K)->17445K(35328K)
[1.221s][info][gc,heap        ] GC(45) ParOldGen: 159036K(169472K)->169008K(201216K)
[1.221s][info][gc,metaspace   ] GC(45) Metaspace: 6298K(6464K)->6298K(6464K) NonClass: 5765K(5824K)->5765K(5824K) Class: 533K(640K)->533K(640K)
[1.221s][info][gc             ] GC(45) Pause Full (Ergonomics) 186M->182M(240M) 85.432ms
[1.221s][info][gc,cpu         ] GC(45) User=0.22s Sys=0.03s Real=0.09s
[1.232s][info][gc,start       ] GC(46) Pause Young (Allocation Failure)
[1.253s][info][gc,heap        ] GC(46) PSYoungGen: 26661K(44544K)->21984K(46592K) Eden: 9216K(9216K)->0K(10752K) From: 17445K(35328K)->21984K(35840K)
[1.253s][info][gc,heap        ] GC(46) ParOldGen: 169008K(201216K)->173864K(201216K)
[1.253s][info][gc,metaspace   ] GC(46) Metaspace: 6298K(6464K)->6298K(6464K) NonClass: 5765K(5824K)->5765K(5824K) Class: 533K(640K)->533K(640K)
[1.253s][info][gc             ] GC(46) Pause Young (Allocation Failure) 191M->191M(242M) 21.613ms
[1.253s][info][gc,cpu         ] GC(46) User=0.05s Sys=0.02s Real=0.02s
[1.265s][info][gc,start       ] GC(47) Pause Young (Allocation Failure)
[1.282s][info][gc,heap        ] GC(47) PSYoungGen: 32736K(46592K)->32704K(46592K) Eden: 10752K(10752K)->0K(10752K) From: 21984K(35840K)->32704K(35840K)
[1.282s][info][gc,heap        ] GC(47) ParOldGen: 173864K(201216K)->173864K(201216K)
[1.282s][info][gc,metaspace   ] GC(47) Metaspace: 6298K(6464K)->6298K(6464K) NonClass: 5765K(5824K)->5765K(5824K) Class: 533K(640K)->533K(640K)
[1.282s][info][gc             ] GC(47) Pause Young (Allocation Failure) 201M->201M(242M) 16.835ms
[1.282s][info][gc,cpu         ] GC(47) User=0.11s Sys=0.00s Real=0.02s
[1.293s][info][gc,start       ] GC(48) Pause Young (Allocation Failure)
[1.314s][info][gc,heap        ] GC(48) PSYoungGen: 43456K(46592K)->37664K(47104K) Eden: 10752K(10752K)->0K(7168K) From: 32704K(35840K)->37664K(39936K)
[1.314s][info][gc,heap        ] GC(48) ParOldGen: 173864K(201216K)->179776K(201216K)
[1.314s][info][gc,metaspace   ] GC(48) Metaspace: 6298K(6464K)->6298K(6464K) NonClass: 5765K(5824K)->5765K(5824K) Class: 533K(640K)->533K(640K)
[1.314s][info][gc             ] GC(48) Pause Young (Allocation Failure) 212M->212M(242M) 20.986ms
[1.314s][info][gc,cpu         ] GC(48) User=0.09s Sys=0.00s Real=0.02s
[1.322s][info][gc,start       ] GC(49) Pause Young (Allocation Failure)
[1.344s][info][gc,heap        ] GC(49) PSYoungGen: 44832K(47104K)->37920K(52224K) Eden: 7168K(7168K)->0K(7168K) From: 37664K(39936K)->37920K(45056K)
[1.344s][info][gc,heap        ] GC(49) ParOldGen: 179776K(201216K)->186776K(201216K)
[1.344s][info][gc,metaspace   ] GC(49) Metaspace: 6298K(6464K)->6298K(6464K) NonClass: 5765K(5824K)->5765K(5824K) Class: 533K(640K)->533K(640K)
[1.344s][info][gc             ] GC(49) Pause Young (Allocation Failure) 219M->219M(247M) 21.307ms
[1.344s][info][gc,cpu         ] GC(49) User=0.06s Sys=0.00s Real=0.02s
[1.352s][info][gc,start       ] GC(50) Pause Young (Allocation Failure)
[1.374s][info][gc,heap        ] GC(50) PSYoungGen: 45088K(52224K)->25120K(54272K) Eden: 7168K(7168K)->0K(8704K) From: 37920K(45056K)->25120K(45568K)
[1.374s][info][gc,heap        ] GC(50) ParOldGen: 186776K(201216K)->207000K(207360K)
[1.374s][info][gc,metaspace   ] GC(50) Metaspace: 6298K(6464K)->6298K(6464K) NonClass: 5765K(5824K)->5765K(5824K) Class: 533K(640K)->533K(640K)
[1.374s][info][gc             ] GC(50) Pause Young (Allocation Failure) 226M->226M(255M) 22.384ms
[1.374s][info][gc,cpu         ] GC(50) User=0.06s Sys=0.00s Real=0.02s
[1.375s][info][gc,start       ] GC(51) Pause Full (Ergonomics)
[1.375s][info][gc,phases,start] GC(51) Marking Phase
[1.431s][info][gc,phases      ] GC(51) Marking Phase 56.603ms
[1.431s][info][gc,phases,start] GC(51) Summary Phase
[1.431s][info][gc,phases      ] GC(51) Summary Phase 0.020ms
[1.431s][info][gc,phases,start] GC(51) Adjust Roots
[1.431s][info][gc,phases      ] GC(51) Adjust Roots 0.148ms
[1.431s][info][gc,phases,start] GC(51) Compaction Phase
[1.468s][info][gc,phases      ] GC(51) Compaction Phase 36.656ms
[1.468s][info][gc,phases,start] GC(51) Post Compact
[1.470s][info][gc,phases      ] GC(51) Post Compact 1.413ms
[1.470s][info][gc,heap        ] GC(51) PSYoungGen: 25120K(54272K)->24478K(55808K) Eden: 0K(8704K)->0K(10240K) From: 25120K(45568K)->24478K(45568K)
[1.470s][info][gc,heap        ] GC(51) ParOldGen: 207000K(207360K)->206869K(244736K)
[1.470s][info][gc,metaspace   ] GC(51) Metaspace: 6298K(6464K)->6298K(6464K) NonClass: 5765K(5824K)->5765K(5824K) Class: 533K(640K)->533K(640K)
[1.470s][info][gc             ] GC(51) Pause Full (Ergonomics) 226M->225M(293M) 95.371ms
[1.470s][info][gc,cpu         ] GC(51) User=0.47s Sys=0.00s Real=0.10s
[1.483s][info][gc,start       ] GC(52) Pause Young (Allocation Failure)
[1.507s][info][gc,heap        ] GC(52) PSYoungGen: 34718K(55808K)->17248K(57344K) Eden: 10240K(10240K)->0K(10240K) From: 24478K(45568K)->17248K(47104K)
[1.507s][info][gc,heap        ] GC(52) ParOldGen: 206869K(244736K)->224701K(244736K)
[1.507s][info][gc,metaspace   ] GC(52) Metaspace: 6298K(6464K)->6298K(6464K) NonClass: 5765K(5824K)->5765K(5824K) Class: 533K(640K)->533K(640K)
[1.507s][info][gc             ] GC(52) Pause Young (Allocation Failure) 235M->236M(295M) 24.002ms
[1.507s][info][gc,cpu         ] GC(52) User=0.12s Sys=0.00s Real=0.02s
[1.507s][info][gc,start       ] GC(53) Pause Full (Ergonomics)
[1.507s][info][gc,phases,start] GC(53) Marking Phase
[1.562s][info][gc,phases      ] GC(53) Marking Phase 54.986ms
[1.562s][info][gc,phases,start] GC(53) Summary Phase
[1.562s][info][gc,phases      ] GC(53) Summary Phase 0.020ms
[1.562s][info][gc,phases,start] GC(53) Adjust Roots
[1.562s][info][gc,phases      ] GC(53) Adjust Roots 0.165ms
[1.562s][info][gc,phases,start] GC(53) Compaction Phase
[1.586s][info][gc,phases      ] GC(53) Compaction Phase 23.988ms
[1.586s][info][gc,phases,start] GC(53) Post Compact
[1.588s][info][gc,phases      ] GC(53) Post Compact 1.388ms
[1.588s][info][gc,heap        ] GC(53) PSYoungGen: 17248K(57344K)->0K(57344K) Eden: 0K(10240K)->0K(11776K) From: 17248K(47104K)->0K(45568K)
[1.588s][info][gc,heap        ] GC(53) ParOldGen: 224701K(244736K)->241558K(284672K)
[1.588s][info][gc,metaspace   ] GC(53) Metaspace: 6298K(6464K)->6298K(6464K) NonClass: 5765K(5824K)->5765K(5824K) Class: 533K(640K)->533K(640K)
[1.588s][info][gc             ] GC(53) Pause Full (Ergonomics) 236M->235M(334M) 81.061ms
[1.588s][info][gc,cpu         ] GC(53) User=0.41s Sys=0.03s Real=0.08s
[1.601s][info][gc,start       ] GC(54) Pause Young (Allocation Failure)
[1.607s][info][gc,heap        ] GC(54) PSYoungGen: 11776K(57344K)->11904K(57344K) Eden: 11776K(11776K)->0K(11776K) From: 0K(45568K)->11904K(45568K)
[1.607s][info][gc,heap        ] GC(54) ParOldGen: 241558K(284672K)->241558K(284672K)
[1.607s][info][gc,metaspace   ] GC(54) Metaspace: 6298K(6464K)->6298K(6464K) NonClass: 5765K(5824K)->5765K(5824K) Class: 533K(640K)->533K(640K)
[1.608s][info][gc             ] GC(54) Pause Young (Allocation Failure) 247M->247M(334M) 6.599ms
[1.608s][info][gc,cpu         ] GC(54) User=0.00s Sys=0.00s Real=0.01s
[1.621s][info][gc,start       ] GC(55) Pause Young (Allocation Failure)
[1.633s][info][gc,heap        ] GC(55) PSYoungGen: 23680K(57344K)->23616K(55296K) Eden: 11776K(11776K)->0K(13312K) From: 11904K(45568K)->23616K(41984K)
[1.633s][info][gc,heap        ] GC(55) ParOldGen: 241558K(284672K)->241558K(284672K)
[1.633s][info][gc,metaspace   ] GC(55) Metaspace: 6298K(6464K)->6298K(6464K) NonClass: 5765K(5824K)->5765K(5824K) Class: 533K(640K)->533K(640K)
[1.633s][info][gc             ] GC(55) Pause Young (Allocation Failure) 259M->258M(332M) 12.136ms
[1.633s][info][gc,cpu         ] GC(55) User=0.02s Sys=0.00s Real=0.01s
[1.647s][info][gc,start       ] GC(56) Pause Young (Allocation Failure)
[1.665s][info][gc,heap        ] GC(56) PSYoungGen: 36928K(55296K)->36960K(56832K) Eden: 13312K(13312K)->0K(13312K) From: 23616K(41984K)->36960K(43520K)
[1.666s][info][gc,heap        ] GC(56) ParOldGen: 241558K(284672K)->241558K(284672K)
[1.666s][info][gc,metaspace   ] GC(56) Metaspace: 6298K(6464K)->6298K(6464K) NonClass: 5765K(5824K)->5765K(5824K) Class: 533K(640K)->533K(640K)
[1.666s][info][gc             ] GC(56) Pause Young (Allocation Failure) 271M->271M(333M) 18.223ms
[1.666s][info][gc,cpu         ] GC(56) User=0.03s Sys=0.00s Real=0.02s
[1.681s][info][gc,start       ] GC(57) Pause Young (Allocation Failure)
[1.705s][info][gc,heap        ] GC(57) PSYoungGen: 50272K(56832K)->47104K(54272K) Eden: 13312K(13312K)->0K(7168K) From: 36960K(43520K)->47104K(47104K)
[1.705s][info][gc,heap        ] GC(57) ParOldGen: 241558K(284672K)->244670K(284672K)
[1.705s][info][gc,metaspace   ] GC(57) Metaspace: 6298K(6464K)->6298K(6464K) NonClass: 5765K(5824K)->5765K(5824K) Class: 533K(640K)->533K(640K)
[1.705s][info][gc             ] GC(57) Pause Young (Allocation Failure) 284M->284M(331M) 23.458ms
[1.705s][info][gc,cpu         ] GC(57) User=0.14s Sys=0.00s Real=0.02s
[1.713s][info][gc,start       ] GC(58) Pause Young (Allocation Failure)
[1.737s][info][gc,heap        ] GC(58) PSYoungGen: 54272K(54272K)->43328K(61952K) Eden: 7168K(7168K)->0K(7168K) From: 47104K(47104K)->43328K(54784K)
[1.737s][info][gc,heap        ] GC(58) ParOldGen: 244670K(284672K)->255830K(284672K)
[1.737s][info][gc,metaspace   ] GC(58) Metaspace: 6298K(6464K)->6298K(6464K) NonClass: 5765K(5824K)->5765K(5824K) Class: 533K(640K)->533K(640K)
[1.737s][info][gc             ] GC(58) Pause Young (Allocation Failure) 291M->292M(338M) 24.575ms
[1.737s][info][gc,cpu         ] GC(58) User=0.11s Sys=0.00s Real=0.02s
[1.746s][info][gc,start       ] GC(59) Pause Young (Allocation Failure)
[1.769s][info][gc,heap        ] GC(59) PSYoungGen: 50496K(61952K)->39616K(66560K) Eden: 7168K(7168K)->0K(7680K) From: 43328K(54784K)->39616K(58880K)
[1.769s][info][gc,heap        ] GC(59) ParOldGen: 255830K(284672K)->266926K(284672K)
[1.769s][info][gc,metaspace   ] GC(59) Metaspace: 6298K(6464K)->6298K(6464K) NonClass: 5765K(5824K)->5765K(5824K) Class: 533K(640K)->533K(640K)
[1.769s][info][gc             ] GC(59) Pause Young (Allocation Failure) 299M->299M(343M) 22.548ms
[1.769s][info][gc,cpu         ] GC(59) User=0.14s Sys=0.00s Real=0.02s
[1.769s][info][gc,start       ] GC(60) Pause Full (Ergonomics)
[1.769s][info][gc,phases,start] GC(60) Marking Phase
[1.834s][info][gc,phases      ] GC(60) Marking Phase 65.134ms
[1.834s][info][gc,phases,start] GC(60) Summary Phase
[1.834s][info][gc,phases      ] GC(60) Summary Phase 0.021ms
[1.834s][info][gc,phases,start] GC(60) Adjust Roots
[1.834s][info][gc,phases      ] GC(60) Adjust Roots 0.223ms
[1.834s][info][gc,phases,start] GC(60) Compaction Phase
[1.866s][info][gc,phases      ] GC(60) Compaction Phase 31.514ms
[1.866s][info][gc,phases,start] GC(60) Post Compact
[1.867s][info][gc,phases      ] GC(60) Post Compact 1.318ms
[1.867s][info][gc,heap        ] GC(60) PSYoungGen: 39616K(66560K)->21501K(66560K) Eden: 0K(7680K)->0K(7680K) From: 39616K(58880K)->21501K(58880K)
[1.867s][info][gc,heap        ] GC(60) ParOldGen: 266926K(284672K)->284380K(329216K)
[1.867s][info][gc,metaspace   ] GC(60) Metaspace: 6298K(6464K)->6298K(6464K) NonClass: 5765K(5824K)->5765K(5824K) Class: 533K(640K)->533K(640K)
[1.867s][info][gc             ] GC(60) Pause Full (Ergonomics) 299M->298M(386M) 98.718ms
[1.867s][info][gc,cpu         ] GC(60) User=0.61s Sys=0.02s Real=0.10s
[1.876s][info][gc,start       ] GC(61) Pause Young (Allocation Failure)
[1.902s][info][gc,heap        ] GC(61) PSYoungGen: 29181K(66560K)->16672K(67584K) Eden: 7680K(7680K)->0K(7680K) From: 21501K(58880K)->16672K(59904K)
[1.902s][info][gc,heap        ] GC(61) ParOldGen: 284380K(329216K)->297212K(329216K)
[1.902s][info][gc,metaspace   ] GC(61) Metaspace: 6298K(6464K)->6298K(6464K) NonClass: 5765K(5824K)->5765K(5824K) Class: 533K(640K)->533K(640K)
[1.902s][info][gc             ] GC(61) Pause Young (Allocation Failure) 306M->306M(387M) 25.279ms
[1.902s][info][gc,cpu         ] GC(61) User=0.12s Sys=0.00s Real=0.03s
[1.910s][info][gc,start       ] GC(62) Pause Young (Allocation Failure)
[1.923s][info][gc,heap        ] GC(62) PSYoungGen: 24352K(67584K)->19776K(65024K) Eden: 7680K(7680K)->0K(9216K) From: 16672K(59904K)->19776K(55808K)
[1.923s][info][gc,heap        ] GC(62) ParOldGen: 297212K(329216K)->301852K(329216K)
[1.923s][info][gc,metaspace   ] GC(62) Metaspace: 6298K(6464K)->6298K(6464K) NonClass: 5765K(5824K)->5765K(5824K) Class: 533K(640K)->533K(640K)
[1.923s][info][gc             ] GC(62) Pause Young (Allocation Failure) 314M->314M(385M) 13.061ms
[1.923s][info][gc,cpu         ] GC(62) User=0.02s Sys=0.00s Real=0.01s
[1.935s][info][gc,start       ] GC(63) Pause Young (Allocation Failure)
[1.949s][info][gc,heap        ] GC(63) PSYoungGen: 28992K(65024K)->24672K(34304K) Eden: 9216K(9216K)->0K(9216K) From: 19776K(55808K)->24672K(25088K)
[1.949s][info][gc,heap        ] GC(63) ParOldGen: 301852K(329216K)->306220K(329216K)
[1.949s][info][gc,metaspace   ] GC(63) Metaspace: 6298K(6464K)->6298K(6464K) NonClass: 5765K(5824K)->5765K(5824K) Class: 533K(640K)->533K(640K)
[1.949s][info][gc             ] GC(63) Pause Young (Allocation Failure) 323M->323M(355M) 14.468ms
[1.949s][info][gc,cpu         ] GC(63) User=0.02s Sys=0.00s Real=0.01s
[1.960s][info][gc,start       ] GC(64) Pause Young (Allocation Failure)
[1.976s][info][gc,heap        ] GC(64) PSYoungGen: 33888K(34304K)->18528K(62976K) Eden: 9216K(9216K)->0K(10752K) From: 24672K(25088K)->18528K(52224K)
[1.976s][info][gc,heap        ] GC(64) ParOldGen: 306220K(329216K)->321764K(329216K)
[1.976s][info][gc,metaspace   ] GC(64) Metaspace: 6298K(6464K)->6298K(6464K) NonClass: 5765K(5824K)->5765K(5824K) Class: 533K(640K)->533K(640K)
[1.976s][info][gc             ] GC(64) Pause Young (Allocation Failure) 332M->332M(383M) 16.749ms
[1.976s][info][gc,cpu         ] GC(64) User=0.02s Sys=0.00s Real=0.02s
[1.976s][info][gc,start       ] GC(65) Pause Full (Ergonomics)
[1.976s][info][gc,phases,start] GC(65) Marking Phase
[2.044s][info][gc,phases      ] GC(65) Marking Phase 67.931ms
[2.044s][info][gc,phases,start] GC(65) Summary Phase
[2.044s][info][gc,phases      ] GC(65) Summary Phase 0.020ms
[2.044s][info][gc,phases,start] GC(65) Adjust Roots
[2.045s][info][gc,phases      ] GC(65) Adjust Roots 0.168ms
[2.045s][info][gc,phases,start] GC(65) Compaction Phase
[2.078s][info][gc,phases      ] GC(65) Compaction Phase 33.632ms
[2.078s][info][gc,phases,start] GC(65) Post Compact
[2.080s][info][gc,phases      ] GC(65) Post Compact 1.648ms
[2.080s][info][gc,heap        ] GC(65) PSYoungGen: 18528K(62976K)->10696K(64000K) Eden: 0K(10752K)->0K(11776K) From: 18528K(52224K)->10696K(52224K)
[2.080s][info][gc,heap        ] GC(65) ParOldGen: 321764K(329216K)->328848K(377856K)
[2.080s][info][gc,metaspace   ] GC(65) Metaspace: 6298K(6464K)->6298K(6464K) NonClass: 5765K(5824K)->5765K(5824K) Class: 533K(640K)->533K(640K)
[2.080s][info][gc             ] GC(65) Pause Full (Ergonomics) 332M->331M(431M) 103.918ms
[2.080s][info][gc,cpu         ] GC(65) User=0.62s Sys=0.03s Real=0.10s
[2.093s][info][gc,start       ] GC(66) Pause Young (Allocation Failure)
[2.118s][info][gc,heap        ] GC(66) PSYoungGen: 22472K(64000K)->11904K(65024K) Eden: 11776K(11776K)->0K(11776K) From: 10696K(52224K)->11904K(53248K)
[2.118s][info][gc,heap        ] GC(66) ParOldGen: 328848K(377856K)->339712K(377856K)
[2.118s][info][gc,metaspace   ] GC(66) Metaspace: 6298K(6464K)->6298K(6464K) NonClass: 5765K(5824K)->5765K(5824K) Class: 533K(640K)->533K(640K)
[2.118s][info][gc             ] GC(66) Pause Young (Allocation Failure) 343M->343M(432M) 24.843ms
[2.118s][info][gc,cpu         ] GC(66) User=0.25s Sys=0.00s Real=0.03s
[2.196s][info][gc,start       ] GC(67) Pause Young (Allocation Failure)
[2.216s][info][gc,heap        ] GC(67) PSYoungGen: 23680K(65024K)->11904K(64000K) Eden: 11776K(11776K)->0K(13312K) From: 11904K(53248K)->11904K(50688K)
[2.216s][info][gc,heap        ] GC(67) ParOldGen: 356096K(377856K)->368040K(377856K)
[2.216s][info][gc,metaspace   ] GC(67) Metaspace: 6298K(6464K)->6298K(6464K) NonClass: 5765K(5824K)->5765K(5824K) Class: 533K(640K)->533K(640K)
[2.216s][info][gc             ] GC(67) Pause Young (Allocation Failure) 370M->371M(431M) 20.435ms
[2.216s][info][gc,cpu         ] GC(67) User=0.03s Sys=0.00s Real=0.02s
[2.216s][info][gc,start       ] GC(68) Pause Full (Ergonomics)
[2.216s][info][gc,phases,start] GC(68) Marking Phase
[2.295s][info][gc,phases      ] GC(68) Marking Phase 78.630ms
[2.295s][info][gc,phases,start] GC(68) Summary Phase
[2.295s][info][gc,phases      ] GC(68) Summary Phase 0.024ms
[2.295s][info][gc,phases,start] GC(68) Adjust Roots
[2.295s][info][gc,phases      ] GC(68) Adjust Roots 0.146ms
[2.295s][info][gc,phases,start] GC(68) Compaction Phase
[2.360s][info][gc,phases      ] GC(68) Compaction Phase 64.302ms
[2.360s][info][gc,phases,start] GC(68) Post Compact
[2.361s][info][gc,phases      ] GC(68) Post Compact 1.860ms
[2.362s][info][gc,heap        ] GC(68) PSYoungGen: 11904K(64000K)->0K(65024K) Eden: 0K(13312K)->0K(13312K) From: 11904K(50688K)->0K(51712K)
[2.362s][info][gc,heap        ] GC(68) ParOldGen: 368040K(377856K)->371228K(423936K)
[2.362s][info][gc,metaspace   ] GC(68) Metaspace: 6298K(6464K)->6298K(6464K) NonClass: 5765K(5824K)->5765K(5824K) Class: 533K(640K)->533K(640K)
[2.362s][info][gc             ] GC(68) Pause Full (Ergonomics) 371M->362M(477M) 145.481ms
[2.362s][info][gc,cpu         ] GC(68) User=0.94s Sys=0.02s Real=0.14s
[2.377s][info][gc,start       ] GC(69) Pause Young (Allocation Failure)
[2.386s][info][gc,heap        ] GC(69) PSYoungGen: 13312K(65024K)->13408K(64512K) Eden: 13312K(13312K)->0K(14848K) From: 0K(51712K)->13408K(49664K)
[2.386s][info][gc,heap        ] GC(69) ParOldGen: 371228K(423936K)->371228K(423936K)
[2.386s][info][gc,metaspace   ] GC(69) Metaspace: 6298K(6464K)->6298K(6464K) NonClass: 5765K(5824K)->5765K(5824K) Class: 533K(640K)->533K(640K)
[2.386s][info][gc             ] GC(69) Pause Young (Allocation Failure) 375M->375M(477M) 8.797ms
[2.386s][info][gc,cpu         ] GC(69) User=0.00s Sys=0.00s Real=0.01s
[2.402s][info][gc,start       ] GC(70) Pause Young (Allocation Failure)
[2.416s][info][gc,heap        ] GC(70) PSYoungGen: 28256K(64512K)->28320K(65536K) Eden: 14848K(14848K)->0K(14848K) From: 13408K(49664K)->28320K(50688K)
[2.416s][info][gc,heap        ] GC(70) ParOldGen: 371228K(423936K)->371228K(423936K)
[2.416s][info][gc,metaspace   ] GC(70) Metaspace: 6298K(6464K)->6298K(6464K) NonClass: 5765K(5824K)->5765K(5824K) Class: 533K(640K)->533K(640K)
[2.416s][info][gc             ] GC(70) Pause Young (Allocation Failure) 390M->390M(478M) 14.431ms
[2.416s][info][gc,cpu         ] GC(70) User=0.02s Sys=0.00s Real=0.01s
[2.433s][info][gc,start       ] GC(71) Pause Young (Allocation Failure)
[2.453s][info][gc,heap        ] GC(71) PSYoungGen: 43168K(65536K)->43136K(61952K) Eden: 14848K(14848K)->0K(11776K) From: 28320K(50688K)->43136K(50176K)
[2.453s][info][gc,heap        ] GC(71) ParOldGen: 371228K(423936K)->371228K(423936K)
[2.453s][info][gc,metaspace   ] GC(71) Metaspace: 6298K(6464K)->6298K(6464K) NonClass: 5765K(5824K)->5765K(5824K) Class: 533K(640K)->533K(640K)
[2.453s][info][gc             ] GC(71) Pause Young (Allocation Failure) 404M->404M(474M) 20.796ms
[2.453s][info][gc,cpu         ] GC(71) User=0.12s Sys=0.00s Real=0.02s
[2.465s][info][gc,start       ] GC(72) Pause Young (Allocation Failure)
[2.490s][info][gc,heap        ] GC(72) PSYoungGen: 54912K(61952K)->54784K(66560K) Eden: 11776K(11776K)->0K(11776K) From: 43136K(50176K)->54784K(54784K)
[2.490s][info][gc,heap        ] GC(72) ParOldGen: 371228K(423936K)->371316K(423936K)
[2.491s][info][gc,metaspace   ] GC(72) Metaspace: 6298K(6464K)->6298K(6464K) NonClass: 5765K(5824K)->5765K(5824K) Class: 533K(640K)->533K(640K)
[2.491s][info][gc             ] GC(72) Pause Young (Allocation Failure) 416M->416M(479M) 25.106ms
[2.491s][info][gc,cpu         ] GC(72) User=0.14s Sys=0.00s Real=0.03s
[2.503s][info][gc,start       ] GC(73) Pause Young (Allocation Failure)
[2.534s][info][gc,heap        ] GC(73) PSYoungGen: 66560K(66560K)->53280K(70144K) Eden: 11776K(11776K)->0K(7168K) From: 54784K(54784K)->53280K(62976K)
[2.534s][info][gc,heap        ] GC(73) ParOldGen: 371316K(423936K)->384812K(423936K)
[2.534s][info][gc,metaspace   ] GC(73) Metaspace: 6298K(6464K)->6298K(6464K) NonClass: 5765K(5824K)->5765K(5824K) Class: 533K(640K)->533K(640K)
[2.534s][info][gc             ] GC(73) Pause Young (Allocation Failure) 427M->427M(482M) 30.992ms
[2.534s][info][gc,cpu         ] GC(73) User=0.12s Sys=0.02s Real=0.03s
[2.542s][info][gc,start       ] GC(74) Pause Young (Allocation Failure)
[2.569s][info][gc,heap        ] GC(74) PSYoungGen: 60448K(70144K)->45600K(76288K) Eden: 7168K(7168K)->0K(7168K) From: 53280K(62976K)->45600K(69120K)
[2.569s][info][gc,heap        ] GC(74) ParOldGen: 384812K(423936K)->399844K(423936K)
[2.569s][info][gc,metaspace   ] GC(74) Metaspace: 6298K(6464K)->6298K(6464K) NonClass: 5765K(5824K)->5765K(5824K) Class: 533K(640K)->533K(640K)
[2.569s][info][gc             ] GC(74) Pause Young (Allocation Failure) 434M->435M(488M) 26.537ms
[2.569s][info][gc,cpu         ] GC(74) User=0.14s Sys=0.00s Real=0.03s
[2.576s][info][gc,start       ] GC(75) Pause Young (Allocation Failure)
[2.601s][info][gc,heap        ] GC(75) PSYoungGen: 52768K(76288K)->26176K(73728K) Eden: 7168K(7168K)->0K(8192K) From: 45600K(69120K)->26176K(65536K)
[2.601s][info][gc,heap        ] GC(75) ParOldGen: 399844K(423936K)->426740K(427008K)
[2.601s][info][gc,metaspace   ] GC(75) Metaspace: 6298K(6464K)->6298K(6464K) NonClass: 5765K(5824K)->5765K(5824K) Class: 533K(640K)->533K(640K)
[2.602s][info][gc             ] GC(75) Pause Young (Allocation Failure) 442M->442M(489M) 25.451ms
[2.602s][info][gc,cpu         ] GC(75) User=0.12s Sys=0.02s Real=0.02s
[2.602s][info][gc,start       ] GC(76) Pause Full (Ergonomics)
[2.602s][info][gc,phases,start] GC(76) Marking Phase
[2.706s][info][gc,phases      ] GC(76) Marking Phase 103.902ms
[2.706s][info][gc,phases,start] GC(76) Summary Phase
[2.706s][info][gc,phases      ] GC(76) Summary Phase 0.020ms
[2.706s][info][gc,phases,start] GC(76) Adjust Roots
[2.706s][info][gc,phases      ] GC(76) Adjust Roots 0.161ms
[2.706s][info][gc,phases,start] GC(76) Compaction Phase
[2.758s][info][gc,phases      ] GC(76) Compaction Phase 52.115ms
[2.758s][info][gc,phases,start] GC(76) Post Compact
[2.760s][info][gc,phases      ] GC(76) Post Compact 2.115ms
[2.760s][info][gc,heap        ] GC(76) PSYoungGen: 26176K(73728K)->24994K(75264K) Eden: 0K(8192K)->0K(9728K) From: 26176K(65536K)->24994K(65536K)
[2.760s][info][gc,heap        ] GC(76) ParOldGen: 426740K(427008K)->426912K(489984K)
[2.760s][info][gc,metaspace   ] GC(76) Metaspace: 6298K(6464K)->6298K(6464K) NonClass: 5765K(5824K)->5765K(5824K) Class: 533K(640K)->533K(640K)
[2.760s][info][gc             ] GC(76) Pause Full (Ergonomics) 442M->441M(552M) 158.901ms
[2.761s][info][gc,cpu         ] GC(76) User=1.03s Sys=0.00s Real=0.16s
[2.771s][info][gc,start       ] GC(77) Pause Young (Allocation Failure)
[2.803s][info][gc,heap        ] GC(77) PSYoungGen: 34722K(75264K)->16896K(77824K) Eden: 9728K(9728K)->0K(9728K) From: 24994K(65536K)->16896K(68096K)
[2.803s][info][gc,heap        ] GC(77) ParOldGen: 426912K(489984K)->445168K(489984K)
[2.803s][info][gc,metaspace   ] GC(77) Metaspace: 6298K(6464K)->6298K(6464K) NonClass: 5765K(5824K)->5765K(5824K) Class: 533K(640K)->533K(640K)
[2.803s][info][gc             ] GC(77) Pause Young (Allocation Failure) 450M->451M(554M) 32.205ms
[2.803s][info][gc,cpu         ] GC(77) User=0.14s Sys=0.00s Real=0.03s
[2.813s][info][gc,start       ] GC(78) Pause Young (Allocation Failure)
[2.828s][info][gc,heap        ] GC(78) PSYoungGen: 26624K(77824K)->9856K(77824K) Eden: 9728K(9728K)->0K(11264K) From: 16896K(68096K)->9856K(66560K)
[2.828s][info][gc,heap        ] GC(78) ParOldGen: 445168K(489984K)->462136K(489984K)
[2.828s][info][gc,metaspace   ] GC(78) Metaspace: 6298K(6464K)->6298K(6464K) NonClass: 5765K(5824K)->5765K(5824K) Class: 533K(640K)->533K(640K)
[2.828s][info][gc             ] GC(78) Pause Young (Allocation Failure) 460M->460M(554M) 14.351ms
[2.828s][info][gc,cpu         ] GC(78) User=0.00s Sys=0.00s Real=0.01s
[2.828s][info][gc,start       ] GC(79) Pause Full (Ergonomics)
[2.828s][info][gc,phases,start] GC(79) Marking Phase
[2.935s][info][gc,phases      ] GC(79) Marking Phase 107.197ms
[2.935s][info][gc,phases,start] GC(79) Summary Phase
[2.935s][info][gc,phases      ] GC(79) Summary Phase 0.024ms
[2.935s][info][gc,phases,start] GC(79) Adjust Roots
[2.935s][info][gc,phases      ] GC(79) Adjust Roots 0.153ms
[2.935s][info][gc,phases,start] GC(79) Compaction Phase
[2.980s][info][gc,phases      ] GC(79) Compaction Phase 45.022ms
[2.980s][info][gc,phases,start] GC(79) Post Compact
[2.983s][info][gc,phases      ] GC(79) Post Compact 2.457ms
[2.983s][info][gc,heap        ] GC(79) PSYoungGen: 9856K(77824K)->0K(77824K) Eden: 0K(11264K)->0K(11264K) From: 9856K(66560K)->0K(66560K)
[2.983s][info][gc,heap        ] GC(79) ParOldGen: 462136K(489984K)->471296K(540672K)
[2.983s][info][gc,metaspace   ] GC(79) Metaspace: 6298K(6464K)->6298K(6464K) NonClass: 5765K(5824K)->5765K(5824K) Class: 533K(640K)->533K(640K)
[2.983s][info][gc             ] GC(79) Pause Full (Ergonomics) 460M->460M(604M) 155.460ms
[2.983s][info][gc,cpu         ] GC(79) User=1.08s Sys=0.00s Real=0.16s
[2.996s][info][gc,start       ] GC(80) Pause Young (Allocation Failure)
[3.004s][info][gc,heap        ] GC(80) PSYoungGen: 11264K(77824K)->11392K(77312K) Eden: 11264K(11264K)->0K(12800K) From: 0K(66560K)->11392K(64512K)
[3.004s][info][gc,heap        ] GC(80) ParOldGen: 471296K(540672K)->471296K(540672K)
[3.004s][info][gc,metaspace   ] GC(80) Metaspace: 6298K(6464K)->6298K(6464K) NonClass: 5765K(5824K)->5765K(5824K) Class: 533K(640K)->533K(640K)
[3.004s][info][gc             ] GC(80) Pause Young (Allocation Failure) 471M->471M(603M) 8.260ms
[3.004s][info][gc,cpu         ] GC(80) User=0.02s Sys=0.00s Real=0.01s
[3.018s][info][gc,start       ] GC(81) Pause Young (Allocation Failure)
[3.031s][info][gc,heap        ] GC(81) PSYoungGen: 24192K(77312K)->24160K(37376K) Eden: 12800K(12800K)->0K(12800K) From: 11392K(64512K)->24160K(24576K)
[3.031s][info][gc,heap        ] GC(81) ParOldGen: 471296K(540672K)->471296K(540672K)
[3.031s][info][gc,metaspace   ] GC(81) Metaspace: 6298K(6464K)->6298K(6464K) NonClass: 5765K(5824K)->5765K(5824K) Class: 533K(640K)->533K(640K)
[3.031s][info][gc             ] GC(81) Pause Young (Allocation Failure) 483M->483M(564M) 12.909ms
[3.031s][info][gc,cpu         ] GC(81) User=0.02s Sys=0.00s Real=0.01s
[3.044s][info][gc,start       ] GC(82) Pause Young (Allocation Failure)
[3.063s][info][gc,heap        ] GC(82) PSYoungGen: 36960K(37376K)->36960K(75776K) Eden: 12800K(12800K)->0K(13824K) From: 24160K(24576K)->36960K(61952K)
[3.063s][info][gc,heap        ] GC(82) ParOldGen: 471296K(540672K)->471296K(540672K)
[3.063s][info][gc,metaspace   ] GC(82) Metaspace: 6298K(6464K)->6298K(6464K) NonClass: 5765K(5824K)->5765K(5824K) Class: 533K(640K)->533K(640K)
[3.063s][info][gc             ] GC(82) Pause Young (Allocation Failure) 496M->496M(602M) 18.317ms
[3.063s][info][gc,cpu         ] GC(82) User=0.14s Sys=0.00s Real=0.02s
[3.078s][info][gc,start       ] GC(83) Pause Young (Allocation Failure)
[3.103s][info][gc,heap        ] GC(83) PSYoungGen: 50784K(75776K)->50784K(76288K) Eden: 13824K(13824K)->0K(13824K) From: 36960K(61952K)->50784K(62464K)
[3.103s][info][gc,heap        ] GC(83) ParOldGen: 471296K(540672K)->471296K(540672K)
[3.103s][info][gc,metaspace   ] GC(83) Metaspace: 6298K(6464K)->6298K(6464K) NonClass: 5765K(5824K)->5765K(5824K) Class: 533K(640K)->533K(640K)
[3.103s][info][gc             ] GC(83) Pause Young (Allocation Failure) 509M->509M(602M) 24.922ms
[3.103s][info][gc,cpu         ] GC(83) User=0.12s Sys=0.00s Real=0.03s
[3.118s][info][gc,start       ] GC(84) Pause Young (Allocation Failure)
[3.148s][info][gc,heap        ] GC(84) PSYoungGen: 64608K(76288K)->53376K(77824K) Eden: 13824K(13824K)->0K(10240K) From: 50784K(62464K)->53376K(67584K)
[3.148s][info][gc,heap        ] GC(84) ParOldGen: 471296K(540672K)->482704K(540672K)
[3.148s][info][gc,metaspace   ] GC(84) Metaspace: 6298K(6464K)->6298K(6464K) NonClass: 5765K(5824K)->5765K(5824K) Class: 533K(640K)->533K(640K)
[3.148s][info][gc             ] GC(84) Pause Young (Allocation Failure) 523M->523M(604M) 29.915ms
[3.148s][info][gc,cpu         ] GC(84) User=0.14s Sys=0.00s Real=0.03s
[3.159s][info][gc,start       ] GC(85) Pause Young (Allocation Failure)
[3.189s][info][gc,heap        ] GC(85) PSYoungGen: 63616K(77824K)->50784K(82944K) Eden: 10240K(10240K)->0K(10240K) From: 53376K(67584K)->50784K(72704K)
[3.189s][info][gc,heap        ] GC(85) ParOldGen: 482704K(540672K)->495688K(540672K)
[3.189s][info][gc,metaspace   ] GC(85) Metaspace: 6298K(6464K)->6298K(6464K) NonClass: 5765K(5824K)->5765K(5824K) Class: 533K(640K)->533K(640K)
[3.189s][info][gc             ] GC(85) Pause Young (Allocation Failure) 533M->533M(609M) 29.474ms
[3.189s][info][gc,cpu         ] GC(85) User=0.14s Sys=0.00s Real=0.03s
[3.200s][info][gc,start       ] GC(86) Pause Young (Allocation Failure)
[3.229s][info][gc,heap        ] GC(86) PSYoungGen: 61024K(82944K)->34432K(79360K) Eden: 10240K(10240K)->0K(11776K) From: 50784K(72704K)->34432K(67584K)
[3.229s][info][gc,heap        ] GC(86) ParOldGen: 495688K(540672K)->522648K(540672K)
[3.229s][info][gc,metaspace   ] GC(86) Metaspace: 6298K(6464K)->6298K(6464K) NonClass: 5765K(5824K)->5765K(5824K) Class: 533K(640K)->533K(640K)
[3.229s][info][gc             ] GC(86) Pause Young (Allocation Failure) 543M->544M(605M) 29.377ms
[3.229s][info][gc,cpu         ] GC(86) User=0.08s Sys=0.06s Real=0.03s
[3.229s][info][gc,start       ] GC(87) Pause Full (Ergonomics)
[3.229s][info][gc,phases,start] GC(87) Marking Phase
[3.356s][info][gc,phases      ] GC(87) Marking Phase 126.601ms
[3.356s][info][gc,phases,start] GC(87) Summary Phase
[3.356s][info][gc,phases      ] GC(87) Summary Phase 0.025ms
[3.356s][info][gc,phases,start] GC(87) Adjust Roots
[3.356s][info][gc,phases      ] GC(87) Adjust Roots 0.163ms
[3.356s][info][gc,phases,start] GC(87) Compaction Phase
[3.409s][info][gc,phases      ] GC(87) Compaction Phase 52.430ms
[3.409s][info][gc,phases,start] GC(87) Post Compact
[3.410s][info][gc,phases      ] GC(87) Post Compact 0.945ms
[3.410s][info][gc,heap        ] GC(87) PSYoungGen: 34432K(79360K)->15819K(81408K) Eden: 0K(11776K)->0K(13824K) From: 34432K(67584K)->15819K(67584K)
[3.410s][info][gc,heap        ] GC(87) ParOldGen: 522648K(540672K)->540248K(615424K)
[3.410s][info][gc,metaspace   ] GC(87) Metaspace: 6298K(6464K)->6298K(6464K) NonClass: 5765K(5824K)->5765K(5824K) Class: 533K(640K)->533K(640K)
[3.410s][info][gc             ] GC(87) Pause Full (Ergonomics) 544M->543M(680M) 180.713ms
[3.410s][info][gc,cpu         ] GC(87) User=1.16s Sys=0.03s Real=0.18s
[3.426s][info][gc,start       ] GC(88) Pause Young (Allocation Failure)
[3.462s][info][gc,heap        ] GC(88) PSYoungGen: 29643K(81408K)->18848K(85504K) Eden: 13824K(13824K)->0K(13824K) From: 15819K(67584K)->18848K(71680K)
[3.462s][info][gc,heap        ] GC(88) ParOldGen: 540248K(615424K)->551392K(615424K)
[3.462s][info][gc,metaspace   ] GC(88) Metaspace: 6298K(6464K)->6298K(6464K) NonClass: 5765K(5824K)->5765K(5824K) Class: 533K(640K)->533K(640K)
[3.462s][info][gc             ] GC(88) Pause Young (Allocation Failure) 556M->556M(684M) 36.461ms
[3.462s][info][gc,cpu         ] GC(88) User=0.16s Sys=0.00s Real=0.04s
[3.478s][info][gc,start       ] GC(89) Pause Young (Allocation Failure)
[3.496s][info][gc,heap        ] GC(89) PSYoungGen: 32672K(85504K)->27776K(80384K) Eden: 13824K(13824K)->0K(15872K) From: 18848K(71680K)->27776K(64512K)
[3.496s][info][gc,heap        ] GC(89) ParOldGen: 551392K(615424K)->556344K(615424K)
[3.496s][info][gc,metaspace   ] GC(89) Metaspace: 6298K(6464K)->6298K(6464K) NonClass: 5765K(5824K)->5765K(5824K) Class: 533K(640K)->533K(640K)
[3.496s][info][gc             ] GC(89) Pause Young (Allocation Failure) 570M->570M(679M) 17.702ms
[3.496s][info][gc,cpu         ] GC(89) User=0.06s Sys=0.00s Real=0.02s
[3.513s][info][gc,start       ] GC(90) Pause Young (Allocation Failure)
[3.536s][info][gc,heap        ] GC(90) PSYoungGen: 43648K(80384K)->29824K(46080K) Eden: 15872K(15872K)->0K(15872K) From: 27776K(64512K)->29824K(30208K)
[3.536s][info][gc,heap        ] GC(90) ParOldGen: 556344K(615424K)->570360K(615424K)
[3.536s][info][gc,metaspace   ] GC(90) Metaspace: 6298K(6464K)->6298K(6464K) NonClass: 5765K(5824K)->5765K(5824K) Class: 533K(640K)->533K(640K)
[3.536s][info][gc             ] GC(90) Pause Young (Allocation Failure) 585M->586M(646M) 22.571ms
[3.536s][info][gc,cpu         ] GC(90) User=0.14s Sys=0.00s Real=0.02s
[3.554s][info][gc,start       ] GC(91) Pause Young (Allocation Failure)
[3.579s][info][gc,heap        ] GC(91) PSYoungGen: 45696K(46080K)->31904K(75264K) Eden: 15872K(15872K)->0K(17920K) From: 29824K(30208K)->31904K(57344K)
[3.579s][info][gc,heap        ] GC(91) ParOldGen: 570360K(615424K)->584384K(615424K)
[3.579s][info][gc,metaspace   ] GC(91) Metaspace: 6298K(6464K)->6298K(6464K) NonClass: 5765K(5824K)->5765K(5824K) Class: 533K(640K)->533K(640K)
[3.579s][info][gc             ] GC(91) Pause Young (Allocation Failure) 601M->601M(674M) 25.016ms
[3.579s][info][gc,cpu         ] GC(91) User=0.14s Sys=0.00s Real=0.03s
[3.602s][info][gc,start       ] GC(92) Pause Young (Allocation Failure)
[3.628s][info][gc,heap        ] GC(92) PSYoungGen: 49824K(75264K)->33856K(78848K) Eden: 17920K(17920K)->0K(17920K) From: 31904K(57344K)->33856K(60928K)
[3.628s][info][gc,heap        ] GC(92) ParOldGen: 584384K(615424K)->600464K(615424K)
[3.628s][info][gc,metaspace   ] GC(92) Metaspace: 6298K(6464K)->6298K(6464K) NonClass: 5765K(5824K)->5765K(5824K) Class: 533K(640K)->533K(640K)
[3.628s][info][gc             ] GC(92) Pause Young (Allocation Failure) 619M->619M(678M) 26.732ms
[3.628s][info][gc,cpu         ] GC(92) User=0.14s Sys=0.00s Real=0.03s
[3.629s][info][gc,start       ] GC(93) Pause Full (Ergonomics)
[3.629s][info][gc,phases,start] GC(93) Marking Phase
[3.772s][info][gc,phases      ] GC(93) Marking Phase 143.417ms
[3.772s][info][gc,phases,start] GC(93) Summary Phase
[3.772s][info][gc,phases      ] GC(93) Summary Phase 0.025ms
[3.772s][info][gc,phases,start] GC(93) Adjust Roots
[3.772s][info][gc,phases      ] GC(93) Adjust Roots 0.187ms
[3.772s][info][gc,phases,start] GC(93) Compaction Phase
[3.832s][info][gc,phases      ] GC(93) Compaction Phase 59.585ms
[3.832s][info][gc,phases,start] GC(93) Post Compact
[3.833s][info][gc,phases      ] GC(93) Post Compact 0.964ms
[3.833s][info][gc,heap        ] GC(93) PSYoungGen: 33856K(78848K)->17891K(78848K) Eden: 0K(17920K)->0K(17920K) From: 33856K(60928K)->17891K(60928K)
[3.833s][info][gc,heap        ] GC(93) ParOldGen: 600464K(615424K)->615335K(692224K)
[3.833s][info][gc,metaspace   ] GC(93) Metaspace: 6298K(6464K)->6298K(6464K) NonClass: 5765K(5824K)->5765K(5824K) Class: 533K(640K)->533K(640K)
[3.833s][info][gc             ] GC(93) Pause Full (Ergonomics) 619M->618M(753M) 204.734ms
[3.833s][info][gc,cpu         ] GC(93) User=1.39s Sys=0.00s Real=0.20s
[3.855s][info][gc,start       ] GC(94) Pause Young (Allocation Failure)
[3.898s][info][gc,heap        ] GC(94) PSYoungGen: 35811K(78848K)->27616K(74752K) Eden: 17920K(17920K)->0K(19968K) From: 17891K(60928K)->27616K(54784K)
[3.898s][info][gc,heap        ] GC(94) ParOldGen: 615335K(692224K)->623831K(692224K)
[3.898s][info][gc,metaspace   ] GC(94) Metaspace: 6298K(6464K)->6298K(6464K) NonClass: 5765K(5824K)->5765K(5824K) Class: 533K(640K)->533K(640K)
[3.898s][info][gc             ] GC(94) Pause Young (Allocation Failure) 635M->636M(749M) 42.888ms
[3.898s][info][gc,cpu         ] GC(94) User=0.27s Sys=0.00s Real=0.04s
[3.921s][info][gc,start       ] GC(95) Pause Young (Allocation Failure)
[3.946s][info][gc,heap        ] GC(95) PSYoungGen: 47584K(74752K)->47584K(76800K) Eden: 19968K(19968K)->0K(19968K) From: 27616K(54784K)->47584K(56832K)
[3.946s][info][gc,heap        ] GC(95) ParOldGen: 623831K(692224K)->623831K(692224K)
[3.946s][info][gc,metaspace   ] GC(95) Metaspace: 6298K(6464K)->6298K(6464K) NonClass: 5765K(5824K)->5765K(5824K) Class: 533K(640K)->533K(640K)
[3.946s][info][gc             ] GC(95) Pause Young (Allocation Failure) 655M->655M(751M) 25.421ms
[3.946s][info][gc,cpu         ] GC(95) User=0.14s Sys=0.00s Real=0.03s
[3.971s][info][gc,start       ] GC(96) Pause Young (Allocation Failure)
[4.006s][info][gc,heap        ] GC(96) PSYoungGen: 67552K(76800K)->57984K(75776K) Eden: 19968K(19968K)->0K(15360K) From: 47584K(56832K)->57984K(60416K)
[4.006s][info][gc,heap        ] GC(96) ParOldGen: 623831K(692224K)->633503K(692224K)
[4.006s][info][gc,metaspace   ] GC(96) Metaspace: 6298K(6464K)->6298K(6464K) NonClass: 5765K(5824K)->5765K(5824K) Class: 533K(640K)->533K(640K)
[4.007s][info][gc             ] GC(96) Pause Young (Allocation Failure) 675M->675M(750M) 35.276ms
[4.007s][info][gc,cpu         ] GC(96) User=0.16s Sys=0.00s Real=0.04s
[4.190s][info][gc,start       ] GC(97) Pause Young (Allocation Failure)
[4.241s][info][gc,heap        ] GC(97) PSYoungGen: 73344K(75776K)->55488K(82432K) Eden: 15360K(15360K)->0K(15360K) From: 57984K(60416K)->55488K(67072K)
[4.241s][info][gc,heap        ] GC(97) ParOldGen: 666271K(692224K)->684447K(692224K)
[4.241s][info][gc,metaspace   ] GC(97) Metaspace: 6298K(6464K)->6298K(6464K) NonClass: 5765K(5824K)->5765K(5824K) Class: 533K(640K)->533K(640K)
[4.241s][info][gc             ] GC(97) Pause Young (Allocation Failure) 722M->722M(756M) 50.508ms
[4.241s][info][gc,cpu         ] GC(97) User=0.31s Sys=0.00s Real=0.05s
[4.241s][info][gc,start       ] GC(98) Pause Full (Ergonomics)
[4.241s][info][gc,phases,start] GC(98) Marking Phase
[4.397s][info][gc,phases      ] GC(98) Marking Phase 155.905ms
[4.397s][info][gc,phases,start] GC(98) Summary Phase
[4.397s][info][gc,phases      ] GC(98) Summary Phase 0.022ms
[4.397s][info][gc,phases,start] GC(98) Adjust Roots
[4.397s][info][gc,phases      ] GC(98) Adjust Roots 0.150ms
[4.397s][info][gc,phases,start] GC(98) Compaction Phase
[4.518s][info][gc,phases      ] GC(98) Compaction Phase 120.540ms
[4.518s][info][gc,phases,start] GC(98) Post Compact
[4.519s][info][gc,phases      ] GC(98) Post Compact 1.476ms
[4.519s][info][gc,heap        ] GC(98) PSYoungGen: 55488K(82432K)->30674K(82432K) Eden: 0K(15360K)->0K(15360K) From: 55488K(67072K)->30674K(67072K)
[4.519s][info][gc,heap        ] GC(98) ParOldGen: 684447K(692224K)->692024K(772096K)
[4.519s][info][gc,metaspace   ] GC(98) Metaspace: 6298K(6464K)->6298K(6464K) NonClass: 5765K(5824K)->5765K(5824K) Class: 533K(640K)->533K(640K)
[4.519s][info][gc             ] GC(98) Pause Full (Ergonomics) 722M->705M(834M) 278.672ms
[4.520s][info][gc,cpu         ] GC(98) User=1.80s Sys=0.00s Real=0.28s
[4.538s][info][gc,start       ] GC(99) Pause Young (Allocation Failure)
[4.585s][info][gc,heap        ] GC(99) PSYoungGen: 46034K(82432K)->46240K(88064K) Eden: 15360K(15360K)->0K(16896K) From: 30674K(67072K)->46240K(71168K)
[4.585s][info][gc,heap        ] GC(99) ParOldGen: 692024K(772096K)->692024K(772096K)
[4.585s][info][gc,metaspace   ] GC(99) Metaspace: 6298K(6464K)->6298K(6464K) NonClass: 5765K(5824K)->5765K(5824K) Class: 533K(640K)->533K(640K)
[4.585s][info][gc             ] GC(99) Pause Young (Allocation Failure) 720M->720M(840M) 47.814ms
[4.585s][info][gc,cpu         ] GC(99) User=0.27s Sys=0.00s Real=0.05s
[4.603s][info][gc,start       ] GC(100) Pause Young (Allocation Failure)
[4.634s][info][gc,heap        ] GC(100) PSYoungGen: 63136K(88064K)->63136K(88064K) Eden: 16896K(16896K)->0K(16896K) From: 46240K(71168K)->63136K(71168K)
[4.634s][info][gc,heap        ] GC(100) ParOldGen: 692024K(772096K)->692024K(772096K)
[4.634s][info][gc,metaspace   ] GC(100) Metaspace: 6298K(6464K)->6298K(6464K) NonClass: 5765K(5824K)->5765K(5824K) Class: 533K(640K)->533K(640K)
[4.634s][info][gc             ] GC(100) Pause Young (Allocation Failure) 737M->737M(840M) 30.889ms
[4.634s][info][gc,cpu         ] GC(100) User=0.16s Sys=0.00s Real=0.03s
[4.653s][info][gc,start       ] GC(101) Pause Young (Allocation Failure)
[4.690s][info][gc,heap        ] GC(101) PSYoungGen: 80032K(88064K)->76800K(84480K) Eden: 16896K(16896K)->0K(7680K) From: 63136K(71168K)->76800K(76800K)
[4.690s][info][gc,heap        ] GC(101) ParOldGen: 692024K(772096K)->695200K(772096K)
[4.690s][info][gc,metaspace   ] GC(101) Metaspace: 6298K(6464K)->6298K(6464K) NonClass: 5765K(5824K)->5765K(5824K) Class: 533K(640K)->533K(640K)
[4.690s][info][gc             ] GC(101) Pause Young (Allocation Failure) 753M->753M(836M) 36.918ms
[4.690s][info][gc,cpu         ] GC(101) User=0.23s Sys=0.03s Real=0.04s
[4.698s][info][gc,start       ] GC(102) Pause Young (Allocation Failure)
[4.735s][info][gc,heap        ] GC(102) PSYoungGen: 84480K(84480K)->62208K(95744K) Eden: 7680K(7680K)->0K(7680K) From: 76800K(76800K)->62208K(88064K)
[4.735s][info][gc,heap        ] GC(102) ParOldGen: 695200K(772096K)->717784K(772096K)
[4.735s][info][gc,metaspace   ] GC(102) Metaspace: 6298K(6464K)->6298K(6464K) NonClass: 5765K(5824K)->5765K(5824K) Class: 533K(640K)->533K(640K)
[4.735s][info][gc             ] GC(102) Pause Young (Allocation Failure) 761M->761M(847M) 37.330ms
[4.735s][info][gc,cpu         ] GC(102) User=0.25s Sys=0.02s Real=0.04s
[4.743s][info][gc,start       ] GC(103) Pause Young (Allocation Failure)
[4.775s][info][gc,heap        ] GC(103) PSYoungGen: 69888K(95744K)->47456K(90624K) Eden: 7680K(7680K)->0K(8704K) From: 62208K(88064K)->47456K(81920K)
[4.775s][info][gc,heap        ] GC(103) ParOldGen: 717784K(772096K)->740480K(772096K)
[4.775s][info][gc,metaspace   ] GC(103) Metaspace: 6298K(6464K)->6298K(6464K) NonClass: 5765K(5824K)->5765K(5824K) Class: 533K(640K)->533K(640K)
[4.775s][info][gc             ] GC(103) Pause Young (Allocation Failure) 769M->769M(842M) 32.251ms
[4.775s][info][gc,cpu         ] GC(103) User=0.14s Sys=0.00s Real=0.03s
[4.784s][info][gc,start       ] GC(104) Pause Young (Allocation Failure)
[4.812s][info][gc,heap        ] GC(104) PSYoungGen: 56160K(90624K)->24128K(94720K) Eden: 8704K(8704K)->0K(8704K) From: 47456K(81920K)->24128K(86016K)
[4.812s][info][gc,heap        ] GC(104) ParOldGen: 740480K(772096K)->772896K(773120K)
[4.812s][info][gc,metaspace   ] GC(104) Metaspace: 6298K(6464K)->6298K(6464K) NonClass: 5765K(5824K)->5765K(5824K) Class: 533K(640K)->533K(640K)
[4.812s][info][gc             ] GC(104) Pause Young (Allocation Failure) 777M->778M(847M) 27.448ms
[4.812s][info][gc,cpu         ] GC(104) User=0.11s Sys=0.02s Real=0.03s
[4.812s][info][gc,start       ] GC(105) Pause Full (Ergonomics)
[4.812s][info][gc,phases,start] GC(105) Marking Phase
[4.986s][info][gc,phases      ] GC(105) Marking Phase 174.430ms
[4.986s][info][gc,phases,start] GC(105) Summary Phase
[4.986s][info][gc,phases      ] GC(105) Summary Phase 0.038ms
[4.986s][info][gc,phases,start] GC(105) Adjust Roots
[4.987s][info][gc,phases      ] GC(105) Adjust Roots 0.263ms
[4.987s][info][gc,phases,start] GC(105) Compaction Phase
[5.073s][info][gc,phases      ] GC(105) Compaction Phase 86.154ms
[5.073s][info][gc,phases,start] GC(105) Post Compact
[5.074s][info][gc,phases      ] GC(105) Post Compact 1.383ms
[5.075s][info][gc,heap        ] GC(105) PSYoungGen: 24128K(94720K)->22943K(94720K) Eden: 0K(8704K)->0K(8704K) From: 24128K(86016K)->22943K(86016K)
[5.075s][info][gc,heap        ] GC(105) ParOldGen: 772896K(773120K)->772779K(868352K)
[5.075s][info][gc,metaspace   ] GC(105) Metaspace: 6298K(6464K)->6298K(6464K) NonClass: 5765K(5824K)->5765K(5824K) Class: 533K(640K)->533K(640K)
[5.075s][info][gc             ] GC(105) Pause Full (Ergonomics) 778M->777M(940M) 262.977ms
[5.075s][info][gc,cpu         ] GC(105) User=1.69s Sys=0.03s Real=0.26s
[5.084s][info][gc,start       ] GC(106) Pause Young (Allocation Failure)
[5.129s][info][gc,heap        ] GC(106) PSYoungGen: 31647K(94720K)->17184K(95744K) Eden: 8704K(8704K)->0K(9728K) From: 22943K(86016K)->17184K(86016K)
[5.129s][info][gc,heap        ] GC(106) ParOldGen: 772779K(868352K)->787619K(868352K)
[5.129s][info][gc,metaspace   ] GC(106) Metaspace: 6298K(6464K)->6298K(6464K) NonClass: 5765K(5824K)->5765K(5824K) Class: 533K(640K)->533K(640K)
[5.129s][info][gc             ] GC(106) Pause Young (Allocation Failure) 785M->785M(941M) 45.806ms
[5.129s][info][gc,cpu         ] GC(106) User=0.27s Sys=0.00s Real=0.05s
[5.139s][info][gc,start       ] GC(107) Pause Young (Allocation Failure)
[5.156s][info][gc,heap        ] GC(107) PSYoungGen: 26912K(95744K)->9824K(96256K) Eden: 9728K(9728K)->0K(9728K) From: 17184K(86016K)->9824K(86528K)
[5.156s][info][gc,heap        ] GC(107) ParOldGen: 787619K(868352K)->804883K(868352K)
[5.156s][info][gc,metaspace   ] GC(107) Metaspace: 6298K(6464K)->6298K(6464K) NonClass: 5765K(5824K)->5765K(5824K) Class: 533K(640K)->533K(640K)
[5.156s][info][gc             ] GC(107) Pause Young (Allocation Failure) 795M->795M(942M) 16.747ms
[5.156s][info][gc,cpu         ] GC(107) User=0.02s Sys=0.02s Real=0.02s
[5.166s][info][gc,start       ] GC(108) Pause Young (Allocation Failure)
[5.182s][info][gc,heap        ] GC(108) PSYoungGen: 19552K(96256K)->9856K(98816K) Eden: 9728K(9728K)->0K(11264K) From: 9824K(86528K)->9856K(87552K)
[5.182s][info][gc,heap        ] GC(108) ParOldGen: 804883K(868352K)->814731K(868352K)
[5.182s][info][gc,metaspace   ] GC(108) Metaspace: 6298K(6464K)->6298K(6464K) NonClass: 5765K(5824K)->5765K(5824K) Class: 533K(640K)->533K(640K)
[5.182s][info][gc             ] GC(108) Pause Young (Allocation Failure) 805M->805M(944M) 15.689ms
[5.182s][info][gc,cpu         ] GC(108) User=0.02s Sys=0.00s Real=0.02s
[5.194s][info][gc,start       ] GC(109) Pause Young (Allocation Failure)
[5.208s][info][gc,heap        ] GC(109) PSYoungGen: 21120K(98816K)->11360K(98816K) Eden: 11264K(11264K)->0K(11264K) From: 9856K(87552K)->11360K(87552K)
[5.208s][info][gc,heap        ] GC(109) ParOldGen: 814731K(868352K)->824595K(868352K)
[5.209s][info][gc,metaspace   ] GC(109) Metaspace: 6298K(6464K)->6298K(6464K) NonClass: 5765K(5824K)->5765K(5824K) Class: 533K(640K)->533K(640K)
[5.209s][info][gc             ] GC(109) Pause Young (Allocation Failure) 816M->816M(944M) 14.732ms
[5.209s][info][gc,cpu         ] GC(109) User=0.00s Sys=0.00s Real=0.02s
[5.220s][info][gc,start       ] GC(110) Pause Young (Allocation Failure)
[5.236s][info][gc,heap        ] GC(110) PSYoungGen: 22624K(98816K)->11360K(96256K) Eden: 11264K(11264K)->0K(12800K) From: 11360K(87552K)->11360K(83456K)
[5.236s][info][gc,heap        ] GC(110) ParOldGen: 824595K(868352K)->836019K(868352K)
[5.236s][info][gc,metaspace   ] GC(110) Metaspace: 6298K(6464K)->6298K(6464K) NonClass: 5765K(5824K)->5765K(5824K) Class: 533K(640K)->533K(640K)
[5.236s][info][gc             ] GC(110) Pause Young (Allocation Failure) 827M->827M(942M) 15.852ms
[5.236s][info][gc,cpu         ] GC(110) User=0.02s Sys=0.00s Real=0.02s
[5.250s][info][gc,start       ] GC(111) Pause Young (Allocation Failure)
[5.267s][info][gc,heap        ] GC(111) PSYoungGen: 24160K(96256K)->12896K(26112K) Eden: 12800K(12800K)->0K(12800K) From: 11360K(83456K)->12896K(13312K)
[5.267s][info][gc,heap        ] GC(111) ParOldGen: 836019K(868352K)->847435K(868352K)
[5.267s][info][gc,metaspace   ] GC(111) Metaspace: 6298K(6464K)->6298K(6464K) NonClass: 5765K(5824K)->5765K(5824K) Class: 533K(640K)->533K(640K)
[5.267s][info][gc             ] GC(111) Pause Young (Allocation Failure) 840M->840M(873M) 16.848ms
[5.267s][info][gc,cpu         ] GC(111) User=0.03s Sys=0.00s Real=0.02s
[5.267s][info][gc,start       ] GC(112) Pause Full (Ergonomics)
[5.267s][info][gc,phases,start] GC(112) Marking Phase
[5.452s][info][gc,phases      ] GC(112) Marking Phase 185.108ms
[5.452s][info][gc,phases,start] GC(112) Summary Phase
[5.452s][info][gc,phases      ] GC(112) Summary Phase 0.037ms
[5.452s][info][gc,phases,start] GC(112) Adjust Roots
[5.452s][info][gc,phases      ] GC(112) Adjust Roots 0.157ms
[5.452s][info][gc,phases,start] GC(112) Compaction Phase
[5.536s][info][gc,phases      ] GC(112) Compaction Phase 83.353ms
[5.536s][info][gc,phases,start] GC(112) Post Compact
[5.537s][info][gc,phases      ] GC(112) Post Compact 1.550ms
[5.538s][info][gc,heap        ] GC(112) PSYoungGen: 12896K(26112K)->0K(96768K) Eden: 0K(12800K)->0K(14336K) From: 12896K(13312K)->0K(82432K)
[5.538s][info][gc,heap        ] GC(112) ParOldGen: 847435K(868352K)->859007K(952320K)
[5.538s][info][gc,metaspace   ] GC(112) Metaspace: 6298K(6464K)->6298K(6464K) NonClass: 5765K(5824K)->5765K(5824K) Class: 533K(640K)->533K(640K)
[5.538s][info][gc             ] GC(112) Pause Full (Ergonomics) 840M->838M(1024M) 270.925ms
[5.538s][info][gc,cpu         ] GC(112) User=1.92s Sys=0.00s Real=0.27s
[5.553s][info][gc,start       ] GC(113) Pause Young (Allocation Failure)
[5.567s][info][gc,heap        ] GC(113) PSYoungGen: 14336K(96768K)->14496K(29184K) Eden: 14336K(14336K)->0K(14336K) From: 0K(82432K)->14496K(14848K)
[5.567s][info][gc,heap        ] GC(113) ParOldGen: 859007K(952320K)->859007K(952320K)
[5.567s][info][gc,metaspace   ] GC(113) Metaspace: 6298K(6464K)->6298K(6464K) NonClass: 5765K(5824K)->5765K(5824K) Class: 533K(640K)->533K(640K)
[5.567s][info][gc             ] GC(113) Pause Young (Allocation Failure) 852M->853M(958M) 13.886ms
[5.567s][info][gc,cpu         ] GC(113) User=0.00s Sys=0.00s Real=0.01s
[5.583s][info][gc,start       ] GC(114) Pause Young (Allocation Failure)
[5.601s][info][gc,heap        ] GC(114) PSYoungGen: 28832K(29184K)->28832K(85504K) Eden: 14336K(14336K)->0K(15872K) From: 14496K(14848K)->28832K(69632K)
[5.601s][info][gc,heap        ] GC(114) ParOldGen: 859007K(952320K)->859007K(952320K)
[5.601s][info][gc,metaspace   ] GC(114) Metaspace: 6298K(6464K)->6298K(6464K) NonClass: 5765K(5824K)->5765K(5824K) Class: 533K(640K)->533K(640K)
[5.601s][info][gc             ] GC(114) Pause Young (Allocation Failure) 867M->867M(1013M) 17.926ms
[5.601s][info][gc,cpu         ] GC(114) User=0.03s Sys=0.00s Real=0.02s
[5.618s][info][gc,start       ] GC(115) Pause Young (Allocation Failure)
[5.640s][info][gc,heap        ] GC(115) PSYoungGen: 44704K(85504K)->44704K(90624K) Eden: 15872K(15872K)->0K(15872K) From: 28832K(69632K)->44704K(74752K)
[5.640s][info][gc,heap        ] GC(115) ParOldGen: 859007K(952320K)->859007K(952320K)
[5.640s][info][gc,metaspace   ] GC(115) Metaspace: 6298K(6464K)->6298K(6464K) NonClass: 5765K(5824K)->5765K(5824K) Class: 533K(640K)->533K(640K)
[5.640s][info][gc             ] GC(115) Pause Young (Allocation Failure) 882M->882M(1018M) 22.812ms
[5.640s][info][gc,cpu         ] GC(115) User=0.12s Sys=0.00s Real=0.02s
[5.658s][info][gc,start       ] GC(116) Pause Young (Allocation Failure)
[5.689s][info][gc,heap        ] GC(116) PSYoungGen: 60576K(90624K)->46240K(92672K) Eden: 15872K(15872K)->0K(16384K) From: 44704K(74752K)->46240K(76288K)
[5.689s][info][gc,heap        ] GC(116) ParOldGen: 859007K(952320K)->873543K(952320K)
[5.689s][info][gc,metaspace   ] GC(116) Metaspace: 6298K(6464K)->6298K(6464K) NonClass: 5765K(5824K)->5765K(5824K) Class: 533K(640K)->533K(640K)
[5.689s][info][gc             ] GC(116) Pause Young (Allocation Failure) 898M->898M(1020M) 30.720ms
[5.689s][info][gc,cpu         ] GC(116) User=0.12s Sys=0.00s Real=0.03s
[5.707s][info][gc,start       ] GC(117) Pause Young (Allocation Failure)
[5.738s][info][gc,heap        ] GC(117) PSYoungGen: 62624K(92672K)->48256K(94208K) Eden: 16384K(16384K)->0K(16384K) From: 46240K(76288K)->48256K(77824K)
[5.738s][info][gc,heap        ] GC(117) ParOldGen: 873543K(952320K)->888055K(952320K)
[5.738s][info][gc,metaspace   ] GC(117) Metaspace: 6298K(6464K)->6298K(6464K) NonClass: 5765K(5824K)->5765K(5824K) Class: 533K(640K)->533K(640K)
[5.738s][info][gc             ] GC(117) Pause Young (Allocation Failure) 914M->914M(1022M) 30.740ms
[5.738s][info][gc,cpu         ] GC(117) User=0.14s Sys=0.00s Real=0.03s
[5.756s][info][gc,start       ] GC(118) Pause Young (Allocation Failure)
[5.788s][info][gc,heap        ] GC(118) PSYoungGen: 64640K(94208K)->48800K(97280K) Eden: 16384K(16384K)->0K(17408K) From: 48256K(77824K)->48800K(79872K)
[5.788s][info][gc,heap        ] GC(118) ParOldGen: 888055K(952320K)->904135K(952320K)
[5.788s][info][gc,metaspace   ] GC(118) Metaspace: 6298K(6464K)->6298K(6464K) NonClass: 5765K(5824K)->5765K(5824K) Class: 533K(640K)->533K(640K)
[5.788s][info][gc             ] GC(118) Pause Young (Allocation Failure) 930M->930M(1025M) 31.784ms
[5.788s][info][gc,cpu         ] GC(118) User=0.14s Sys=0.00s Real=0.03s
[5.807s][info][gc,start       ] GC(119) Pause Young (Allocation Failure)
[5.840s][info][gc,heap        ] GC(119) PSYoungGen: 66208K(97280K)->33920K(51712K) Eden: 17408K(17408K)->0K(17408K) From: 48800K(79872K)->33920K(34304K)
[5.840s][info][gc,heap        ] GC(119) ParOldGen: 904135K(952320K)->936807K(952320K)
[5.840s][info][gc,metaspace   ] GC(119) Metaspace: 6298K(6464K)->6298K(6464K) NonClass: 5765K(5824K)->5765K(5824K) Class: 533K(640K)->533K(640K)
[5.840s][info][gc             ] GC(119) Pause Young (Allocation Failure) 947M->947M(980M) 32.964ms
[5.840s][info][gc,cpu         ] GC(119) User=0.16s Sys=0.00s Real=0.03s
[5.840s][info][gc,start       ] GC(120) Pause Full (Ergonomics)
[5.840s][info][gc,phases,start] GC(120) Marking Phase
[6.050s][info][gc,phases      ] GC(120) Marking Phase 210.173ms
[6.050s][info][gc,phases,start] GC(120) Summary Phase
[6.050s][info][gc,phases      ] GC(120) Summary Phase 0.031ms
[6.050s][info][gc,phases,start] GC(120) Adjust Roots
[6.050s][info][gc,phases      ] GC(120) Adjust Roots 0.162ms
[6.050s][info][gc,phases,start] GC(120) Compaction Phase
[6.138s][info][gc,phases      ] GC(120) Compaction Phase 87.280ms
[6.138s][info][gc,phases,start] GC(120) Post Compact
[6.139s][info][gc,phases      ] GC(120) Post Compact 1.595ms
[6.140s][info][gc,heap        ] GC(120) PSYoungGen: 33920K(51712K)->17375K(51712K) Eden: 0K(17408K)->0K(17408K) From: 33920K(34304K)->17375K(34304K)
[6.140s][info][gc,heap        ] GC(120) ParOldGen: 936807K(952320K)->952004K(1056768K)
[6.140s][info][gc,metaspace   ] GC(120) Metaspace: 6298K(6464K)->6298K(6464K) NonClass: 5765K(5824K)->5765K(5824K) Class: 533K(640K)->533K(640K)
[6.140s][info][gc             ] GC(120) Pause Full (Ergonomics) 947M->946M(1082M) 300.164ms
[6.140s][info][gc,cpu         ] GC(120) User=2.28s Sys=0.00s Real=0.30s
[6.161s][info][gc,start       ] GC(121) Pause Young (Allocation Failure)
[6.217s][info][gc,heap        ] GC(121) PSYoungGen: 34783K(51712K)->17536K(93184K) Eden: 17408K(17408K)->0K(19456K) From: 17375K(34304K)->17536K(73728K)
[6.217s][info][gc,heap        ] GC(121) ParOldGen: 952004K(1056768K)->969612K(1056768K)
[6.217s][info][gc,metaspace   ] GC(121) Metaspace: 6298K(6464K)->6298K(6464K) NonClass: 5765K(5824K)->5765K(5824K) Class: 533K(640K)->533K(640K)
[6.217s][info][gc             ] GC(121) Pause Young (Allocation Failure) 963M->964M(1123M) 56.776ms
[6.217s][info][gc,cpu         ] GC(121) User=0.33s Sys=0.05s Real=0.06s
[6.239s][info][gc,start       ] GC(122) Pause Young (Allocation Failure)
[6.261s][info][gc,heap        ] GC(122) PSYoungGen: 36992K(93184K)->19584K(94720K) Eden: 19456K(19456K)->0K(19456K) From: 17536K(73728K)->19584K(75264K)
[6.261s][info][gc,heap        ] GC(122) ParOldGen: 969612K(1056768K)->987260K(1056768K)
[6.261s][info][gc,metaspace   ] GC(122) Metaspace: 6298K(6464K)->6298K(6464K) NonClass: 5765K(5824K)->5765K(5824K) Class: 533K(640K)->533K(640K)
[6.261s][info][gc             ] GC(122) Pause Young (Allocation Failure) 983M->983M(1124M) 21.834ms
[6.261s][info][gc,cpu         ] GC(122) User=0.12s Sys=0.00s Real=0.02s
[6.284s][info][gc,start       ] GC(123) Pause Young (Allocation Failure)
[6.307s][info][gc,heap        ] GC(123) PSYoungGen: 39040K(94720K)->19584K(90624K) Eden: 19456K(19456K)->0K(21504K) From: 19584K(75264K)->19584K(69120K)
[6.307s][info][gc,heap        ] GC(123) ParOldGen: 987260K(1056768K)->1006988K(1056768K)
[6.307s][info][gc,metaspace   ] GC(123) Metaspace: 6298K(6464K)->6298K(6464K) NonClass: 5765K(5824K)->5765K(5824K) Class: 533K(640K)->533K(640K)
[6.307s][info][gc             ] GC(123) Pause Young (Allocation Failure) 1002M->1002M(1120M) 22.741ms
[6.307s][info][gc,cpu         ] GC(123) User=0.12s Sys=0.00s Real=0.02s
[6.330s][info][gc,start       ] GC(124) Pause Young (Allocation Failure)
[6.355s][info][gc,heap        ] GC(124) PSYoungGen: 41088K(90624K)->21632K(92672K) Eden: 21504K(21504K)->0K(21504K) From: 19584K(69120K)->21632K(71168K)
[6.355s][info][gc,heap        ] GC(124) ParOldGen: 1006988K(1056768K)->1026708K(1056768K)
[6.355s][info][gc,metaspace   ] GC(124) Metaspace: 6298K(6464K)->6298K(6464K) NonClass: 5765K(5824K)->5765K(5824K) Class: 533K(640K)->533K(640K)
[6.355s][info][gc             ] GC(124) Pause Young (Allocation Failure) 1023M->1023M(1122M) 24.998ms
[6.355s][info][gc,cpu         ] GC(124) User=0.12s Sys=0.00s Real=0.03s
[6.355s][info][gc,start       ] GC(125) Pause Full (Ergonomics)
[6.355s][info][gc,phases,start] GC(125) Marking Phase
[6.594s][info][gc,phases      ] GC(125) Marking Phase 239.111ms
[6.594s][info][gc,phases,start] GC(125) Summary Phase
[6.594s][info][gc,phases      ] GC(125) Summary Phase 0.032ms
[6.594s][info][gc,phases,start] GC(125) Adjust Roots
[6.595s][info][gc,phases      ] GC(125) Adjust Roots 0.162ms
[6.595s][info][gc,phases,start] GC(125) Compaction Phase
[6.685s][info][gc,phases      ] GC(125) Compaction Phase 90.569ms
[6.685s][info][gc,phases,start] GC(125) Post Compact
[6.687s][info][gc,phases      ] GC(125) Post Compact 1.633ms
[6.687s][info][gc,heap        ] GC(125) PSYoungGen: 21632K(92672K)->0K(92672K) Eden: 0K(21504K)->0K(24064K) From: 21632K(71168K)->0K(68608K)
[6.687s][info][gc,heap        ] GC(125) ParOldGen: 1026708K(1056768K)->1047064K(1159168K)
[6.687s][info][gc,metaspace   ] GC(125) Metaspace: 6298K(6464K)->6298K(6464K) NonClass: 5765K(5824K)->5765K(5824K) Class: 533K(640K)->533K(640K)
[6.687s][info][gc             ] GC(125) Pause Full (Ergonomics) 1023M->1022M(1222M) 332.160ms
[6.687s][info][gc,cpu         ] GC(125) User=2.42s Sys=0.02s Real=0.33s
[6.715s][info][gc,start       ] GC(126) Pause Young (Allocation Failure)
[6.733s][info][gc,heap        ] GC(126) PSYoungGen: 24064K(92672K)->24192K(48640K) Eden: 24064K(24064K)->0K(24064K) From: 0K(68608K)->24192K(24576K)
[6.733s][info][gc,heap        ] GC(126) ParOldGen: 1047064K(1159168K)->1047064K(1159168K)
[6.733s][info][gc,metaspace   ] GC(126) Metaspace: 6298K(6464K)->6298K(6464K) NonClass: 5765K(5824K)->5765K(5824K) Class: 533K(640K)->533K(640K)
[6.733s][info][gc             ] GC(126) Pause Young (Allocation Failure) 1046M->1046M(1179M) 17.474ms
[6.733s][info][gc,cpu         ] GC(126) User=0.03s Sys=0.00s Real=0.02s
[6.760s][info][gc,start       ] GC(127) Pause Young (Allocation Failure)
[6.786s][info][gc,heap        ] GC(127) PSYoungGen: 48256K(48640K)->48288K(88576K) Eden: 24064K(24064K)->0K(23040K) From: 24192K(24576K)->48288K(65536K)
[6.786s][info][gc,heap        ] GC(127) ParOldGen: 1047064K(1159168K)->1047064K(1159168K)
[6.786s][info][gc,metaspace   ] GC(127) Metaspace: 6298K(6464K)->6298K(6464K) NonClass: 5765K(5824K)->5765K(5824K) Class: 533K(640K)->533K(640K)
[6.786s][info][gc             ] GC(127) Pause Young (Allocation Failure) 1069M->1069M(1218M) 25.749ms
[6.786s][info][gc,cpu         ] GC(127) User=0.14s Sys=0.00s Real=0.03s
[6.813s][info][gc,start       ] GC(128) Pause Young (Allocation Failure)
[6.848s][info][gc,heap        ] GC(128) PSYoungGen: 71328K(88576K)->69120K(92160K) Eden: 23040K(23040K)->0K(23040K) From: 48288K(65536K)->69120K(69120K)
[6.848s][info][gc,heap        ] GC(128) ParOldGen: 1047064K(1159168K)->1049232K(1159168K)
[6.848s][info][gc,metaspace   ] GC(128) Metaspace: 6298K(6464K)->6298K(6464K) NonClass: 5765K(5824K)->5765K(5824K) Class: 533K(640K)->533K(640K)
[6.848s][info][gc             ] GC(128) Pause Young (Allocation Failure) 1092M->1092M(1222M) 35.089ms
[6.848s][info][gc,cpu         ] GC(128) User=0.25s Sys=0.00s Real=0.03s
[6.873s][info][gc,start       ] GC(129) Pause Young (Allocation Failure)
[6.921s][info][gc,heap        ] GC(129) PSYoungGen: 92160K(92160K)->45696K(104960K) Eden: 23040K(23040K)->0K(25600K) From: 69120K(69120K)->45696K(79360K)
[6.921s][info][gc,heap        ] GC(129) ParOldGen: 1049232K(1159168K)->1096408K(1159168K)
[6.921s][info][gc,metaspace   ] GC(129) Metaspace: 6298K(6464K)->6298K(6464K) NonClass: 5765K(5824K)->5765K(5824K) Class: 533K(640K)->533K(640K)
[6.921s][info][gc             ] GC(129) Pause Young (Allocation Failure) 1114M->1115M(1234M) 48.094ms
[6.921s][info][gc,cpu         ] GC(129) User=0.23s Sys=0.03s Real=0.05s
[6.950s][info][gc,start       ] GC(130) Pause Young (Allocation Failure)
[6.987s][info][gc,heap        ] GC(130) PSYoungGen: 71296K(104960K)->48832K(105472K) Eden: 25600K(25600K)->0K(25600K) From: 45696K(79360K)->48832K(79872K)
[6.987s][info][gc,heap        ] GC(130) ParOldGen: 1096408K(1159168K)->1119216K(1159168K)
[6.987s][info][gc,metaspace   ] GC(130) Metaspace: 6298K(6464K)->6298K(6464K) NonClass: 5765K(5824K)->5765K(5824K) Class: 533K(640K)->533K(640K)
[6.987s][info][gc             ] GC(130) Pause Young (Allocation Failure) 1140M->1140M(1235M) 36.729ms
[6.987s][info][gc,cpu         ] GC(130) User=0.25s Sys=0.00s Real=0.04s
[6.987s][info][gc,start       ] GC(131) Pause Full (Ergonomics)
[6.987s][info][gc,phases,start] GC(131) Marking Phase
[7.244s][info][gc,phases      ] GC(131) Marking Phase 257.217ms
[7.244s][info][gc,phases,start] GC(131) Summary Phase
[7.244s][info][gc,phases      ] GC(131) Summary Phase 0.046ms
[7.244s][info][gc,phases,start] GC(131) Adjust Roots
[7.244s][info][gc,phases      ] GC(131) Adjust Roots 0.192ms
[7.245s][info][gc,phases,start] GC(131) Compaction Phase
[7.342s][info][gc,phases      ] GC(131) Compaction Phase 97.121ms
[7.342s][info][gc,phases,start] GC(131) Post Compact
[7.344s][info][gc,phases      ] GC(131) Post Compact 1.924ms
[7.344s][info][gc,heap        ] GC(131) PSYoungGen: 48832K(105472K)->7702K(105472K) Eden: 0K(25600K)->0K(25600K) From: 48832K(79872K)->7702K(79872K)
[7.344s][info][gc,heap        ] GC(131) ParOldGen: 1119216K(1159168K)->1159008K(1288704K)
[7.344s][info][gc,metaspace   ] GC(131) Metaspace: 6298K(6464K)->6298K(6464K) NonClass: 5765K(5824K)->5765K(5824K) Class: 533K(640K)->533K(640K)
[7.344s][info][gc             ] GC(131) Pause Full (Ergonomics) 1140M->1139M(1361M) 357.266ms
[7.344s][info][gc,cpu         ] GC(131) User=2.56s Sys=0.08s Real=0.36s
[7.374s][info][gc,start       ] GC(132) Pause Young (Allocation Failure)
[7.445s][info][gc,heap        ] GC(132) PSYoungGen: 33302K(105472K)->28736K(102400K) Eden: 25600K(25600K)->0K(28160K) From: 7702K(79872K)->28736K(74240K)
[7.445s][info][gc,heap        ] GC(132) ParOldGen: 1159008K(1288704K)->1163784K(1288704K)
[7.445s][info][gc,metaspace   ] GC(132) Metaspace: 6298K(6464K)->6298K(6464K) NonClass: 5765K(5824K)->5765K(5824K) Class: 533K(640K)->533K(640K)
[7.445s][info][gc             ] GC(132) Pause Young (Allocation Failure) 1164M->1164M(1358M) 70.893ms
[7.445s][info][gc,cpu         ] GC(132) User=0.50s Sys=0.00s Real=0.07s
[7.479s][info][gc,start       ] GC(133) Pause Young (Allocation Failure)
[7.512s][info][gc,heap        ] GC(133) PSYoungGen: 56896K(102400K)->56960K(105472K) Eden: 28160K(28160K)->0K(28160K) From: 28736K(74240K)->56960K(77312K)
[7.512s][info][gc,heap        ] GC(133) ParOldGen: 1163784K(1288704K)->1163784K(1288704K)
[7.512s][info][gc,metaspace   ] GC(133) Metaspace: 6298K(6464K)->6298K(6464K) NonClass: 5765K(5824K)->5765K(5824K) Class: 533K(640K)->533K(640K)
[7.512s][info][gc             ] GC(133) Pause Young (Allocation Failure) 1192M->1192M(1361M) 32.905ms
[7.512s][info][gc,cpu         ] GC(133) User=0.16s Sys=0.00s Real=0.03s
[7.546s][info][gc,start       ] GC(134) Pause Young (Allocation Failure)
[7.591s][info][gc,heap        ] GC(134) PSYoungGen: 85120K(105472K)->80896K(98816K) Eden: 28160K(28160K)->0K(17920K) From: 56960K(77312K)->80896K(80896K)
[7.591s][info][gc,heap        ] GC(134) ParOldGen: 1163784K(1288704K)->1167992K(1288704K)
[7.591s][info][gc,metaspace   ] GC(134) Metaspace: 6298K(6464K)->6298K(6464K) NonClass: 5765K(5824K)->5765K(5824K) Class: 533K(640K)->533K(640K)
[7.591s][info][gc             ] GC(134) Pause Young (Allocation Failure) 1219M->1219M(1355M) 44.562ms
[7.591s][info][gc,cpu         ] GC(134) User=0.34s Sys=0.03s Real=0.04s
[7.612s][info][gc,start       ] GC(135) Pause Young (Allocation Failure)
[7.663s][info][gc,heap        ] GC(135) PSYoungGen: 98816K(98816K)->71904K(111616K) Eden: 17920K(17920K)->0K(17920K) From: 80896K(80896K)->71904K(93696K)
[7.663s][info][gc,heap        ] GC(135) ParOldGen: 1167992K(1288704K)->1195352K(1288704K)
[7.663s][info][gc,metaspace   ] GC(135) Metaspace: 6298K(6464K)->6298K(6464K) NonClass: 5765K(5824K)->5765K(5824K) Class: 533K(640K)->533K(640K)
[7.663s][info][gc             ] GC(135) Pause Young (Allocation Failure) 1237M->1237M(1367M) 51.174ms
[7.663s][info][gc,cpu         ] GC(135) User=0.31s Sys=0.06s Real=0.05s
[7.686s][info][gc,start       ] GC(136) Pause Young (Allocation Failure)
[7.733s][info][gc,heap        ] GC(136) PSYoungGen: 89824K(111616K)->62976K(118272K) Eden: 17920K(17920K)->0K(18944K) From: 71904K(93696K)->62976K(99328K)
[7.733s][info][gc,heap        ] GC(136) ParOldGen: 1195352K(1288704K)->1222568K(1288704K)
[7.733s][info][gc,metaspace   ] GC(136) Metaspace: 6298K(6464K)->6298K(6464K) NonClass: 5765K(5824K)->5765K(5824K) Class: 533K(640K)->533K(640K)
[7.733s][info][gc             ] GC(136) Pause Young (Allocation Failure) 1255M->1255M(1374M) 47.749ms
[7.733s][info][gc,cpu         ] GC(136) User=0.23s Sys=0.03s Real=0.05s
[7.758s][info][gc,start       ] GC(137) Pause Young (Allocation Failure)
[7.800s][info][gc,heap        ] GC(137) PSYoungGen: 81920K(118272K)->53984K(73216K) Eden: 18944K(18944K)->0K(18944K) From: 62976K(99328K)->53984K(54272K)
[7.800s][info][gc,heap        ] GC(137) ParOldGen: 1222568K(1288704K)->1249904K(1288704K)
[7.800s][info][gc,metaspace   ] GC(137) Metaspace: 6298K(6464K)->6298K(6464K) NonClass: 5765K(5824K)->5765K(5824K) Class: 533K(640K)->533K(640K)
[7.800s][info][gc             ] GC(137) Pause Young (Allocation Failure) 1273M->1273M(1330M) 41.708ms
[7.800s][info][gc,cpu         ] GC(137) User=0.27s Sys=0.00s Real=0.04s
[7.800s][info][gc,start       ] GC(138) Pause Full (Ergonomics)
[7.800s][info][gc,phases,start] GC(138) Marking Phase
[8.087s][info][gc,phases      ] GC(138) Marking Phase 287.156ms
[8.087s][info][gc,phases,start] GC(138) Summary Phase
[8.087s][info][gc,phases      ] GC(138) Summary Phase 0.038ms
[8.087s][info][gc,phases,start] GC(138) Adjust Roots
[8.087s][info][gc,phases      ] GC(138) Adjust Roots 0.265ms
[8.088s][info][gc,phases,start] GC(138) Compaction Phase
[8.441s][info][gc,phases      ] GC(138) Compaction Phase 353.237ms
[8.441s][info][gc,phases,start] GC(138) Post Compact
[8.443s][info][gc,phases      ] GC(138) Post Compact 2.591ms
[8.444s][info][gc,heap        ] GC(138) PSYoungGen: 53984K(73216K)->13835K(73216K) Eden: 0K(18944K)->0K(18944K) From: 53984K(54272K)->13835K(54272K)
[8.444s][info][gc,heap        ] GC(138) ParOldGen: 1249904K(1288704K)->1288384K(1432064K)
[8.444s][info][gc,metaspace   ] GC(138) Metaspace: 6298K(6464K)->6298K(6464K) NonClass: 5765K(5824K)->5765K(5824K) Class: 533K(640K)->533K(640K)
[8.444s][info][gc             ] GC(138) Pause Full (Ergonomics) 1273M->1271M(1470M) 644.133ms
[8.444s][info][gc,cpu         ] GC(138) User=4.52s Sys=0.02s Real=0.64s
[8.461s][info][gc,start       ] GC(139) Pause Young (Allocation Failure)
[8.538s][info][gc,heap        ] GC(139) PSYoungGen: 32779K(73216K)->17728K(118272K) Eden: 18944K(18944K)->0K(20992K) From: 13835K(54272K)->17728K(97280K)
[8.538s][info][gc,heap        ] GC(139) ParOldGen: 1288384K(1432064K)->1294576K(1432064K)
[8.538s][info][gc,metaspace   ] GC(139) Metaspace: 6298K(6464K)->6298K(6464K) NonClass: 5765K(5824K)->5765K(5824K) Class: 533K(640K)->533K(640K)
[8.538s][info][gc             ] GC(139) Pause Young (Allocation Failure) 1290M->1281M(1514M) 77.339ms
[8.538s][info][gc,cpu         ] GC(139) User=0.41s Sys=0.00s Real=0.08s
[8.557s][info][gc,start       ] GC(140) Pause Young (Allocation Failure)
[8.579s][info][gc,heap        ] GC(140) PSYoungGen: 38720K(118272K)->30528K(118784K) Eden: 20992K(20992K)->0K(20992K) From: 17728K(97280K)->30528K(97792K)
[8.579s][info][gc,heap        ] GC(140) ParOldGen: 1294576K(1432064K)->1294576K(1432064K)
[8.579s][info][gc,metaspace   ] GC(140) Metaspace: 6298K(6464K)->6298K(6464K) NonClass: 5765K(5824K)->5765K(5824K) Class: 533K(640K)->533K(640K)
[8.579s][info][gc             ] GC(140) Pause Young (Allocation Failure) 1302M->1294M(1514M) 21.740ms
[8.579s][info][gc,cpu         ] GC(140) User=0.03s Sys=0.00s Real=0.02s
[8.606s][info][gc,start       ] GC(141) Pause Young (Allocation Failure)
[8.637s][info][gc,heap        ] GC(141) PSYoungGen: 51520K(118784K)->51520K(113664K) Eden: 20992K(20992K)->0K(23552K) From: 30528K(97792K)->51520K(90112K)
[8.637s][info][gc,heap        ] GC(141) ParOldGen: 1294576K(1432064K)->1294576K(1432064K)
[8.637s][info][gc,metaspace   ] GC(141) Metaspace: 6298K(6464K)->6298K(6464K) NonClass: 5765K(5824K)->5765K(5824K) Class: 533K(640K)->533K(640K)
[8.637s][info][gc             ] GC(141) Pause Young (Allocation Failure) 1314M->1314M(1509M) 31.207ms
[8.637s][info][gc,cpu         ] GC(141) User=0.14s Sys=0.00s Real=0.03s
[8.666s][info][gc,start       ] GC(142) Pause Young (Allocation Failure)
[8.705s][info][gc,heap        ] GC(142) PSYoungGen: 75072K(113664K)->75136K(116224K) Eden: 23552K(23552K)->0K(23552K) From: 51520K(90112K)->75136K(92672K)
[8.705s][info][gc,heap        ] GC(142) ParOldGen: 1294576K(1432064K)->1294576K(1432064K)
[8.705s][info][gc,metaspace   ] GC(142) Metaspace: 6298K(6464K)->6298K(6464K) NonClass: 5765K(5824K)->5765K(5824K) Class: 533K(640K)->533K(640K)
[8.705s][info][gc             ] GC(142) Pause Young (Allocation Failure) 1337M->1337M(1512M) 39.199ms
[8.705s][info][gc,cpu         ] GC(142) User=0.25s Sys=0.00s Real=0.04s
[8.735s][info][gc,start       ] GC(143) Pause Young (Allocation Failure)
[8.790s][info][gc,heap        ] GC(143) PSYoungGen: 98688K(116224K)->95648K(113152K) Eden: 23552K(23552K)->0K(13824K) From: 75136K(92672K)->95648K(99328K)
[8.790s][info][gc,heap        ] GC(143) ParOldGen: 1294576K(1432064K)->1297672K(1432064K)
[8.790s][info][gc,metaspace   ] GC(143) Metaspace: 6298K(6464K)->6298K(6464K) NonClass: 5765K(5824K)->5765K(5824K) Class: 533K(640K)->533K(640K)
[8.790s][info][gc             ] GC(143) Pause Young (Allocation Failure) 1360M->1360M(1509M) 55.133ms
[8.790s][info][gc,cpu         ] GC(143) User=0.28s Sys=0.02s Real=0.06s
[8.808s][info][gc,start       ] GC(144) Pause Young (Allocation Failure)
[8.867s][info][gc,heap        ] GC(144) PSYoungGen: 109472K(113152K)->104736K(125952K) Eden: 13824K(13824K)->0K(13824K) From: 95648K(99328K)->104736K(112128K)
[8.867s][info][gc,heap        ] GC(144) ParOldGen: 1297672K(1432064K)->1302480K(1432064K)
[8.867s][info][gc,metaspace   ] GC(144) Metaspace: 6298K(6464K)->6298K(6464K) NonClass: 5765K(5824K)->5765K(5824K) Class: 533K(640K)->533K(640K)
[8.867s][info][gc             ] GC(144) Pause Young (Allocation Failure) 1374M->1374M(1521M) 59.191ms
[8.867s][info][gc,cpu         ] GC(144) User=0.39s Sys=0.00s Real=0.06s
[9.124s][info][gc,start       ] GC(145) Pause Young (Allocation Failure)
[9.211s][info][gc,heap        ] GC(145) PSYoungGen: 118560K(125952K)->95936K(134144K) Eden: 13824K(13824K)->0K(8704K) From: 104736K(112128K)->95936K(125440K)
[9.211s][info][gc,heap        ] GC(145) ParOldGen: 1368016K(1432064K)->1390912K(1432064K)
[9.211s][info][gc,metaspace   ] GC(145) Metaspace: 6298K(6464K)->6298K(6464K) NonClass: 5765K(5824K)->5765K(5824K) Class: 533K(640K)->533K(640K)
[9.211s][info][gc             ] GC(145) Pause Young (Allocation Failure) 1451M->1452M(1529M) 86.688ms
[9.211s][info][gc,cpu         ] GC(145) User=0.72s Sys=0.03s Real=0.09s
[9.220s][info][gc,start       ] GC(146) Pause Young (Allocation Failure)
[9.269s][info][gc,heap        ] GC(146) PSYoungGen: 104639K(134144K)->83648K(141312K) Eden: 8703K(8704K)->0K(8704K) From: 95936K(125440K)->83648K(132608K)
[9.269s][info][gc,heap        ] GC(146) ParOldGen: 1390912K(1432064K)->1412184K(1432064K)
[9.269s][info][gc,metaspace   ] GC(146) Metaspace: 6298K(6464K)->6298K(6464K) NonClass: 5765K(5824K)->5765K(5824K) Class: 533K(640K)->533K(640K)
[9.269s][info][gc             ] GC(146) Pause Young (Allocation Failure) 1460M->1460M(1536M) 48.654ms
[9.269s][info][gc,cpu         ] GC(146) User=0.30s Sys=0.02s Real=0.05s
[9.269s][info][gc,start       ] GC(147) Pause Full (Ergonomics)
[9.269s][info][gc,phases,start] GC(147) Marking Phase
[9.592s][info][gc,phases      ] GC(147) Marking Phase 322.895ms
[9.592s][info][gc,phases,start] GC(147) Summary Phase
[9.592s][info][gc,phases      ] GC(147) Summary Phase 0.051ms
[9.592s][info][gc,phases,start] GC(147) Adjust Roots
[9.592s][info][gc,phases      ] GC(147) Adjust Roots 0.186ms
[9.592s][info][gc,phases,start] GC(147) Compaction Phase
[9.831s][info][gc,phases      ] GC(147) Compaction Phase 238.655ms
[9.831s][info][gc,phases,start] GC(147) Post Compact
[9.834s][info][gc,phases      ] GC(147) Post Compact 2.961ms
[9.834s][info][gc,heap        ] GC(147) PSYoungGen: 83648K(141312K)->30175K(141312K) Eden: 0K(8704K)->0K(8704K) From: 83648K(132608K)->30175K(132608K)
[9.834s][info][gc,heap        ] GC(147) ParOldGen: 1412184K(1432064K)->1431639K(1580032K)
[9.834s][info][gc,metaspace   ] GC(147) Metaspace: 6298K(6464K)->6298K(6464K) NonClass: 5765K(5824K)->5765K(5824K) Class: 533K(640K)->533K(640K)
[9.834s][info][gc             ] GC(147) Pause Full (Ergonomics) 1460M->1427M(1681M) 565.610ms
[9.834s][info][gc,cpu         ] GC(147) User=3.88s Sys=0.02s Real=0.57s
[9.844s][info][gc,start       ] GC(148) Pause Young (Allocation Failure)
[9.924s][info][gc,heap        ] GC(148) PSYoungGen: 38879K(141312K)->26560K(141312K) Eden: 8704K(8704K)->0K(9728K) From: 30175K(132608K)->26560K(131584K)
[9.924s][info][gc,heap        ] GC(148) ParOldGen: 1431639K(1580032K)->1444271K(1580032K)
[9.924s][info][gc,metaspace   ] GC(148) Metaspace: 6298K(6464K)->6298K(6464K) NonClass: 5765K(5824K)->5765K(5824K) Class: 533K(640K)->533K(640K)
[9.924s][info][gc             ] GC(148) Pause Young (Allocation Failure) 1436M->1436M(1681M) 79.434ms
[9.924s][info][gc,cpu         ] GC(148) User=0.41s Sys=0.00s Real=0.08s
[9.933s][info][gc,start       ] GC(149) Pause Young (Allocation Failure)
[9.959s][info][gc,heap        ] GC(149) PSYoungGen: 36288K(141312K)->31904K(41984K) Eden: 9728K(9728K)->0K(9728K) From: 26560K(131584K)->31904K(32256K)
[9.959s][info][gc,heap        ] GC(149) ParOldGen: 1444271K(1580032K)->1448775K(1580032K)
[9.959s][info][gc,metaspace   ] GC(149) Metaspace: 6298K(6464K)->6298K(6464K) NonClass: 5765K(5824K)->5765K(5824K) Class: 533K(640K)->533K(640K)
[9.959s][info][gc             ] GC(149) Pause Young (Allocation Failure) 1445M->1445M(1584M) 25.726ms
[9.959s][info][gc,cpu         ] GC(149) User=0.03s Sys=0.00s Real=0.03s
[9.968s][info][gc,start       ] GC(150) Pause Young (Allocation Failure)
[9.995s][info][gc,heap        ] GC(150) PSYoungGen: 41632K(41984K)->39648K(133632K) Eden: 9728K(9728K)->0K(11264K) From: 31904K(32256K)->39648K(122368K)
[9.995s][info][gc,heap        ] GC(150) ParOldGen: 1448775K(1580032K)->1450727K(1580032K)
[9.995s][info][gc,metaspace   ] GC(150) Metaspace: 6298K(6464K)->6298K(6464K) NonClass: 5765K(5824K)->5765K(5824K) Class: 533K(640K)->533K(640K)
[9.995s][info][gc             ] GC(150) Pause Young (Allocation Failure) 1455M->1455M(1673M) 26.916ms
[9.995s][info][gc,cpu         ] GC(150) User=0.05s Sys=0.00s Real=0.03s
[10.005s][info][gc,start       ] GC(151) Pause Young (Allocation Failure)
[10.034s][info][gc,heap        ] GC(151) PSYoungGen: 50912K(133632K)->39488K(51200K) Eden: 11264K(11264K)->0K(11264K) From: 39648K(122368K)->39488K(39936K)
[10.034s][info][gc,heap        ] GC(151) ParOldGen: 1450727K(1580032K)->1462287K(1580032K)
[10.034s][info][gc,metaspace   ] GC(151) Metaspace: 6298K(6464K)->6298K(6464K) NonClass: 5765K(5824K)->5765K(5824K) Class: 533K(640K)->533K(640K)
[10.034s][info][gc             ] GC(151) Pause Young (Allocation Failure) 1466M->1466M(1593M) 29.232ms
[10.034s][info][gc,cpu         ] GC(151) User=0.03s Sys=0.00s Real=0.03s
[10.044s][info][gc,start       ] GC(152) Pause Young (Allocation Failure)
[10.075s][info][gc,heap        ] GC(152) PSYoungGen: 50752K(51200K)->32384K(129024K) Eden: 11264K(11264K)->0K(13312K) From: 39488K(39936K)->32384K(115712K)
[10.075s][info][gc,heap        ] GC(152) ParOldGen: 1462287K(1580032K)->1480919K(1580032K)
[10.075s][info][gc,metaspace   ] GC(152) Metaspace: 6298K(6464K)->6298K(6464K) NonClass: 5765K(5824K)->5765K(5824K) Class: 533K(640K)->533K(640K)
[10.075s][info][gc             ] GC(152) Pause Young (Allocation Failure) 1477M->1477M(1669M) 30.373ms
[10.075s][info][gc,cpu         ] GC(152) User=0.03s Sys=0.00s Real=0.03s
[10.087s][info][gc,start       ] GC(153) Pause Young (Allocation Failure)
[10.116s][info][gc,heap        ] GC(153) PSYoungGen: 45696K(129024K)->24704K(132096K) Eden: 13312K(13312K)->0K(13312K) From: 32384K(115712K)->24704K(118784K)
[10.116s][info][gc,heap        ] GC(153) ParOldGen: 1480919K(1580032K)->1502151K(1580032K)
[10.116s][info][gc,metaspace   ] GC(153) Metaspace: 6298K(6464K)->6298K(6464K) NonClass: 5765K(5824K)->5765K(5824K) Class: 533K(640K)->533K(640K)
[10.116s][info][gc             ] GC(153) Pause Young (Allocation Failure) 1490M->1491M(1672M) 28.487ms
[10.116s][info][gc,cpu         ] GC(153) User=0.05s Sys=0.00s Real=0.03s
[10.129s][info][gc,start       ] GC(154) Pause Young (Allocation Failure)
[10.155s][info][gc,heap        ] GC(154) PSYoungGen: 38016K(132096K)->13408K(131072K) Eden: 13312K(13312K)->0K(15360K) From: 24704K(118784K)->13408K(115712K)
[10.155s][info][gc,heap        ] GC(154) ParOldGen: 1502151K(1580032K)->1527015K(1580032K)
[10.155s][info][gc,metaspace   ] GC(154) Metaspace: 6298K(6464K)->6298K(6464K) NonClass: 5765K(5824K)->5765K(5824K) Class: 533K(640K)->533K(640K)
[10.155s][info][gc             ] GC(154) Pause Young (Allocation Failure) 1504M->1504M(1671M) 26.757ms
[10.155s][info][gc,cpu         ] GC(154) User=0.03s Sys=0.00s Real=0.03s
[10.171s][info][gc,start       ] GC(155) Pause Young (Allocation Failure)
[10.198s][info][gc,heap        ] GC(155) PSYoungGen: 28768K(131072K)->15456K(131584K) Eden: 15360K(15360K)->0K(15360K) From: 13408K(115712K)->15456K(116224K)
[10.198s][info][gc,heap        ] GC(155) ParOldGen: 1527015K(1580032K)->1540527K(1580032K)
[10.198s][info][gc,metaspace   ] GC(155) Metaspace: 6298K(6464K)->6298K(6464K) NonClass: 5765K(5824K)->5765K(5824K) Class: 533K(640K)->533K(640K)
[10.198s][info][gc             ] GC(155) Pause Young (Allocation Failure) 1519M->1519M(1671M) 26.703ms
[10.198s][info][gc,cpu         ] GC(155) User=0.03s Sys=0.02s Real=0.03s
[10.213s][info][gc,start       ] GC(156) Pause Young (Allocation Failure)
[10.242s][info][gc,heap        ] GC(156) PSYoungGen: 30816K(131584K)->15552K(126464K) Eden: 15360K(15360K)->0K(17408K) From: 15456K(116224K)->15552K(109056K)
[10.242s][info][gc,heap        ] GC(156) ParOldGen: 1540527K(1580032K)->1556135K(1580032K)
[10.242s][info][gc,metaspace   ] GC(156) Metaspace: 6298K(6464K)->6298K(6464K) NonClass: 5765K(5824K)->5765K(5824K) Class: 533K(640K)->533K(640K)
[10.242s][info][gc             ] GC(156) Pause Young (Allocation Failure) 1534M->1534M(1666M) 28.297ms
[10.242s][info][gc,cpu         ] GC(156) User=0.03s Sys=0.00s Real=0.03s
[10.242s][info][gc,start       ] GC(157) Pause Full (Ergonomics)
[10.242s][info][gc,phases,start] GC(157) Marking Phase
[10.572s][info][gc,phases      ] GC(157) Marking Phase 330.664ms
[10.573s][info][gc,phases,start] GC(157) Summary Phase
[10.573s][info][gc,phases      ] GC(157) Summary Phase 0.037ms
[10.573s][info][gc,phases,start] GC(157) Adjust Roots
[10.573s][info][gc,phases      ] GC(157) Adjust Roots 0.170ms
[10.573s][info][gc,phases,start] GC(157) Compaction Phase
[10.726s][info][gc,phases      ] GC(157) Compaction Phase 152.816ms
[10.726s][info][gc,phases,start] GC(157) Post Compact
[10.728s][info][gc,phases      ] GC(157) Post Compact 2.809ms
[10.730s][info][gc,heap        ] GC(157) PSYoungGen: 15552K(126464K)->0K(129024K) Eden: 0K(17408K)->0K(17408K) From: 15552K(109056K)->0K(111616K)
[10.730s][info][gc,heap        ] GC(157) ParOldGen: 1556135K(1580032K)->1569571K(1723904K)
[10.730s][info][gc,metaspace   ] GC(157) Metaspace: 6298K(6464K)->6298K(6464K) NonClass: 5765K(5824K)->5765K(5824K) Class: 533K(640K)->533K(640K)
[10.730s][info][gc             ] GC(157) Pause Full (Ergonomics) 1534M->1532M(1809M) 488.055ms
[10.730s][info][gc,cpu         ] GC(157) User=3.44s Sys=0.02s Real=0.49s
[10.748s][info][gc,start       ] GC(158) Pause Young (Allocation Failure)
[10.772s][info][gc,heap        ] GC(158) PSYoungGen: 17408K(129024K)->17568K(123392K) Eden: 17408K(17408K)->0K(19456K) From: 0K(111616K)->17568K(103936K)
[10.772s][info][gc,heap        ] GC(158) ParOldGen: 1569571K(1723904K)->1569571K(1723904K)
[10.772s][info][gc,metaspace   ] GC(158) Metaspace: 6298K(6464K)->6298K(6464K) NonClass: 5765K(5824K)->5765K(5824K) Class: 533K(640K)->533K(640K)
[10.772s][info][gc             ] GC(158) Pause Young (Allocation Failure) 1549M->1549M(1804M) 23.877ms
[10.772s][info][gc,cpu         ] GC(158) User=0.03s Sys=0.00s Real=0.02s
[10.791s][info][gc,start       ] GC(159) Pause Young (Allocation Failure)
[10.820s][info][gc,heap        ] GC(159) PSYoungGen: 37024K(123392K)->19584K(39424K) Eden: 19456K(19456K)->0K(19456K) From: 17568K(103936K)->19584K(19968K)
[10.820s][info][gc,heap        ] GC(159) ParOldGen: 1569571K(1723904K)->1587251K(1723904K)
[10.820s][info][gc,metaspace   ] GC(159) Metaspace: 6298K(6464K)->6298K(6464K) NonClass: 5765K(5824K)->5765K(5824K) Class: 533K(640K)->533K(640K)
[10.820s][info][gc             ] GC(159) Pause Young (Allocation Failure) 1568M->1569M(1722M) 29.110ms
[10.820s][info][gc,cpu         ] GC(159) User=0.02s Sys=0.02s Real=0.03s
[10.839s][info][gc,start       ] GC(160) Pause Young (Allocation Failure)
[10.868s][info][gc,heap        ] GC(160) PSYoungGen: 39040K(39424K)->19584K(117760K) Eden: 19456K(19456K)->0K(22016K) From: 19584K(19968K)->19584K(95744K)
[10.868s][info][gc,heap        ] GC(160) ParOldGen: 1587251K(1723904K)->1607003K(1723904K)
[10.868s][info][gc,metaspace   ] GC(160) Metaspace: 6298K(6464K)->6298K(6464K) NonClass: 5765K(5824K)->5765K(5824K) Class: 533K(640K)->533K(640K)
[10.868s][info][gc             ] GC(160) Pause Young (Allocation Failure) 1588M->1588M(1798M) 29.312ms
[10.868s][info][gc,cpu         ] GC(160) User=0.05s Sys=0.09s Real=0.03s
[10.890s][info][gc,start       ] GC(161) Pause Young (Allocation Failure)
[10.920s][info][gc,heap        ] GC(161) PSYoungGen: 41600K(117760K)->22208K(44544K) Eden: 22016K(22016K)->0K(22016K) From: 19584K(95744K)->22208K(22528K)
[10.920s][info][gc,heap        ] GC(161) ParOldGen: 1607003K(1723904K)->1626747K(1723904K)
[10.920s][info][gc,metaspace   ] GC(161) Metaspace: 6298K(6464K)->6298K(6464K) NonClass: 5765K(5824K)->5765K(5824K) Class: 533K(640K)->533K(640K)
[10.920s][info][gc             ] GC(161) Pause Young (Allocation Failure) 1609M->1610M(1727M) 29.556ms
[10.920s][info][gc,cpu         ] GC(161) User=0.06s Sys=0.00s Real=0.03s
[10.943s][info][gc,start       ] GC(162) Pause Young (Allocation Failure)
[10.974s][info][gc,heap        ] GC(162) PSYoungGen: 44224K(44544K)->22112K(111104K) Eden: 22016K(22016K)->0K(24576K) From: 22208K(22528K)->22112K(86528K)
[10.974s][info][gc,heap        ] GC(162) ParOldGen: 1626747K(1723904K)->1649107K(1723904K)
[10.974s][info][gc,metaspace   ] GC(162) Metaspace: 6298K(6464K)->6298K(6464K) NonClass: 5765K(5824K)->5765K(5824K) Class: 533K(640K)->533K(640K)
[10.974s][info][gc             ] GC(162) Pause Young (Allocation Failure) 1631M->1632M(1792M) 31.022ms
[10.974s][info][gc,cpu         ] GC(162) User=0.03s Sys=0.02s Real=0.03s
[10.999s][info][gc,start       ] GC(163) Pause Young (Allocation Failure)
[11.031s][info][gc,heap        ] GC(163) PSYoungGen: 46688K(111104K)->24768K(49664K) Eden: 24576K(24576K)->0K(24576K) From: 22112K(86528K)->24768K(25088K)
[11.031s][info][gc,heap        ] GC(163) ParOldGen: 1649107K(1723904K)->1671451K(1723904K)
[11.031s][info][gc,metaspace   ] GC(163) Metaspace: 6298K(6464K)->6298K(6464K) NonClass: 5765K(5824K)->5765K(5824K) Class: 533K(640K)->533K(640K)
[11.031s][info][gc             ] GC(163) Pause Young (Allocation Failure) 1656M->1656M(1732M) 31.703ms
[11.031s][info][gc,cpu         ] GC(163) User=0.14s Sys=0.11s Real=0.03s
[11.056s][info][gc,start       ] GC(164) Pause Young (Allocation Failure)
[11.091s][info][gc,heap        ] GC(164) PSYoungGen: 49344K(49664K)->24768K(104960K) Eden: 24576K(24576K)->0K(27648K) From: 24768K(25088K)->24768K(77312K)
[11.091s][info][gc,heap        ] GC(164) ParOldGen: 1671451K(1723904K)->1696419K(1723904K)
[11.091s][info][gc,metaspace   ] GC(164) Metaspace: 6298K(6464K)->6298K(6464K) NonClass: 5765K(5824K)->5765K(5824K) Class: 533K(640K)->533K(640K)
[11.091s][info][gc             ] GC(164) Pause Young (Allocation Failure) 1680M->1680M(1786M) 35.441ms
[11.091s][info][gc,cpu         ] GC(164) User=0.08s Sys=0.06s Real=0.04s
[11.091s][info][gc,start       ] GC(165) Pause Full (Ergonomics)
[11.091s][info][gc,phases,start] GC(165) Marking Phase
[11.466s][info][gc,phases      ] GC(165) Marking Phase 375.048ms
[11.466s][info][gc,phases,start] GC(165) Summary Phase
[11.466s][info][gc,phases      ] GC(165) Summary Phase 0.050ms
[11.466s][info][gc,phases,start] GC(165) Adjust Roots
[11.467s][info][gc,phases      ] GC(165) Adjust Roots 0.206ms
[11.467s][info][gc,phases,start] GC(165) Compaction Phase
[11.623s][info][gc,phases      ] GC(165) Compaction Phase 156.343ms
[11.623s][info][gc,phases,start] GC(165) Post Compact
[11.626s][info][gc,phases      ] GC(165) Post Compact 3.304ms
[11.628s][info][gc,heap        ] GC(165) PSYoungGen: 24768K(104960K)->0K(109568K) Eden: 0K(27648K)->0K(27648K) From: 24768K(77312K)->0K(81920K)
[11.628s][info][gc,heap        ] GC(165) ParOldGen: 1696419K(1723904K)->1718842K(1889280K)
[11.628s][info][gc,metaspace   ] GC(165) Metaspace: 6298K(6464K)->6298K(6464K) NonClass: 5765K(5824K)->5765K(5824K) Class: 533K(640K)->533K(640K)
[11.628s][info][gc             ] GC(165) Pause Full (Ergonomics) 1680M->1678M(1952M) 537.363ms
[11.629s][info][gc,cpu         ] GC(165) User=3.86s Sys=0.02s Real=0.54s
[11.658s][info][gc,start       ] GC(166) Pause Young (Allocation Failure)
[11.685s][info][gc,heap        ] GC(166) PSYoungGen: 27648K(109568K)->27808K(101888K) Eden: 27648K(27648K)->0K(30208K) From: 0K(81920K)->27808K(71680K)
[11.685s][info][gc,heap        ] GC(166) ParOldGen: 1718842K(1889280K)->1718842K(1889280K)
[11.685s][info][gc,metaspace   ] GC(166) Metaspace: 6298K(6464K)->6298K(6464K) NonClass: 5765K(5824K)->5765K(5824K) Class: 533K(640K)->533K(640K)
[11.685s][info][gc             ] GC(166) Pause Young (Allocation Failure) 1705M->1705M(1944M) 26.674ms
[11.685s][info][gc,cpu         ] GC(166) User=0.02s Sys=0.00s Real=0.03s
[11.718s][info][gc,start       ] GC(167) Pause Young (Allocation Failure)
[11.753s][info][gc,heap        ] GC(167) PSYoungGen: 58016K(101888K)->58048K(107520K) Eden: 30208K(30208K)->0K(30208K) From: 27808K(71680K)->58048K(77312K)
[11.753s][info][gc,heap        ] GC(167) ParOldGen: 1718842K(1889280K)->1718842K(1889280K)
[11.753s][info][gc,metaspace   ] GC(167) Metaspace: 6298K(6464K)->6298K(6464K) NonClass: 5765K(5824K)->5765K(5824K) Class: 533K(640K)->533K(640K)
[11.753s][info][gc             ] GC(167) Pause Young (Allocation Failure) 1735M->1735M(1950M) 35.430ms
[11.753s][info][gc,cpu         ] GC(167) User=0.27s Sys=0.00s Real=0.04s
[11.786s][info][gc,start       ] GC(168) Pause Young (Allocation Failure)
[11.835s][info][gc,heap        ] GC(168) PSYoungGen: 88256K(107520K)->82944K(100864K) Eden: 30208K(30208K)->0K(17920K) From: 58048K(77312K)->82944K(82944K)
[11.836s][info][gc,heap        ] GC(168) ParOldGen: 1718842K(1889280K)->1724154K(1889280K)
[11.836s][info][gc,metaspace   ] GC(168) Metaspace: 6298K(6464K)->6298K(6464K) NonClass: 5765K(5824K)->5765K(5824K) Class: 533K(640K)->533K(640K)
[11.836s][info][gc             ] GC(168) Pause Young (Allocation Failure) 1764M->1764M(1943M) 49.348ms
[11.836s][info][gc,cpu         ] GC(168) User=0.28s Sys=0.00s Real=0.05s
[11.854s][info][gc,start       ] GC(169) Pause Young (Allocation Failure)
[11.925s][info][gc,heap        ] GC(169) PSYoungGen: 100864K(100864K)->45504K(63488K) Eden: 17920K(17920K)->0K(17920K) From: 82944K(82944K)->45504K(45568K)
[11.925s][info][gc,heap        ] GC(169) ParOldGen: 1724154K(1889280K)->1780418K(1889280K)
[11.925s][info][gc,metaspace   ] GC(169) Metaspace: 6298K(6464K)->6298K(6464K) NonClass: 5765K(5824K)->5765K(5824K) Class: 533K(640K)->533K(640K)
[11.925s][info][gc             ] GC(169) Pause Young (Allocation Failure) 1782M->1783M(1907M) 70.761ms
[11.925s][info][gc,cpu         ] GC(169) User=0.23s Sys=0.28s Real=0.07s
[11.942s][info][gc,start       ] GC(170) Pause Young (Allocation Failure)
[11.986s][info][gc,heap        ] GC(170) PSYoungGen: 63424K(63488K)->36000K(105984K) Eden: 17920K(17920K)->0K(20480K) From: 45504K(45568K)->36000K(85504K)
[11.986s][info][gc,heap        ] GC(170) ParOldGen: 1780418K(1889280K)->1808282K(1889280K)
[11.986s][info][gc,metaspace   ] GC(170) Metaspace: 6298K(6464K)->6298K(6464K) NonClass: 5765K(5824K)->5765K(5824K) Class: 533K(640K)->533K(640K)
[11.986s][info][gc             ] GC(170) Pause Young (Allocation Failure) 1800M->1801M(1948M) 43.733ms
[11.986s][info][gc,cpu         ] GC(170) User=0.17s Sys=0.09s Real=0.04s
[12.008s][info][gc,start       ] GC(171) Pause Young (Allocation Failure)
[12.053s][info][gc,heap        ] GC(171) PSYoungGen: 56480K(105984K)->20640K(110592K) Eden: 20480K(20480K)->0K(20480K) From: 36000K(85504K)->20640K(90112K)
[12.053s][info][gc,heap        ] GC(171) ParOldGen: 1808282K(1889280K)->1844642K(1889280K)
[12.053s][info][gc,metaspace   ] GC(171) Metaspace: 6298K(6464K)->6298K(6464K) NonClass: 5765K(5824K)->5765K(5824K) Class: 533K(640K)->533K(640K)
[12.053s][info][gc             ] GC(171) Pause Young (Allocation Failure) 1821M->1821M(1953M) 44.415ms
[12.053s][info][gc,cpu         ] GC(171) User=0.19s Sys=0.08s Real=0.05s
[12.053s][info][gc,start       ] GC(172) Pause Full (Ergonomics)
[12.053s][info][gc,phases,start] GC(172) Marking Phase
[12.467s][info][gc,phases      ] GC(172) Marking Phase 414.259ms
[12.467s][info][gc,phases,start] GC(172) Summary Phase
[12.467s][info][gc,phases      ] GC(172) Summary Phase 0.040ms
[12.467s][info][gc,phases,start] GC(172) Adjust Roots
[12.467s][info][gc,phases      ] GC(172) Adjust Roots 0.157ms
[12.467s][info][gc,phases,start] GC(172) Compaction Phase
[12.633s][info][gc,phases      ] GC(172) Compaction Phase 165.921ms
[12.633s][info][gc,phases,start] GC(172) Post Compact
[12.637s][info][gc,phases      ] GC(172) Post Compact 3.562ms
[12.639s][info][gc,heap        ] GC(172) PSYoungGen: 20640K(110592K)->0K(111104K) Eden: 0K(20480K)->0K(23040K) From: 20640K(90112K)->0K(88064K)
[12.639s][info][gc,heap        ] GC(172) ParOldGen: 1844642K(1889280K)->1863034K(2063872K)
[12.639s][info][gc,metaspace   ] GC(172) Metaspace: 6298K(6464K)->6298K(6464K) NonClass: 5765K(5824K)->5765K(5824K) Class: 533K(640K)->533K(640K)
[12.639s][info][gc             ] GC(172) Pause Full (Ergonomics) 1821M->1819M(2124M) 586.249ms
[12.639s][info][gc,cpu         ] GC(172) User=4.28s Sys=0.05s Real=0.59s
[12.664s][info][gc,start       ] GC(173) Pause Young (Allocation Failure)
[12.688s][info][gc,heap        ] GC(173) PSYoungGen: 23040K(111104K)->23200K(111104K) Eden: 23040K(23040K)->0K(23040K) From: 0K(88064K)->23200K(88064K)
[12.688s][info][gc,heap        ] GC(173) ParOldGen: 1863034K(2063872K)->1863034K(2063872K)
[12.688s][info][gc,metaspace   ] GC(173) Metaspace: 6298K(6464K)->6298K(6464K) NonClass: 5765K(5824K)->5765K(5824K) Class: 533K(640K)->533K(640K)
[12.688s][info][gc             ] GC(173) Pause Young (Allocation Failure) 1841M->1842M(2124M) 23.515ms
[12.688s][info][gc,cpu         ] GC(173) User=0.05s Sys=0.00s Real=0.02s
[12.715s][info][gc,start       ] GC(174) Pause Young (Allocation Failure)
[12.745s][info][gc,heap        ] GC(174) PSYoungGen: 46240K(111104K)->46272K(109056K) Eden: 23040K(23040K)->0K(25600K) From: 23200K(88064K)->46272K(83456K)
[12.745s][info][gc,heap        ] GC(174) ParOldGen: 1863034K(2063872K)->1863034K(2063872K)
[12.745s][info][gc,metaspace   ] GC(174) Metaspace: 6298K(6464K)->6298K(6464K) NonClass: 5765K(5824K)->5765K(5824K) Class: 533K(640K)->533K(640K)
[12.745s][info][gc             ] GC(174) Pause Young (Allocation Failure) 1864M->1864M(2122M) 29.595ms
[12.745s][info][gc,cpu         ] GC(174) User=0.12s Sys=0.00s Real=0.03s
[12.771s][info][gc,start       ] GC(175) Pause Young (Allocation Failure)
[12.810s][info][gc,heap        ] GC(175) PSYoungGen: 71872K(109056K)->71840K(110080K) Eden: 25600K(25600K)->0K(25600K) From: 46272K(83456K)->71840K(84480K)
[12.810s][info][gc,heap        ] GC(175) ParOldGen: 1863034K(2063872K)->1863034K(2063872K)
[12.810s][info][gc,metaspace   ] GC(175) Metaspace: 6298K(6464K)->6298K(6464K) NonClass: 5765K(5824K)->5765K(5824K) Class: 533K(640K)->533K(640K)
[12.810s][info][gc             ] GC(175) Pause Young (Allocation Failure) 1889M->1889M(2123M) 38.788ms
[12.810s][info][gc,cpu         ] GC(175) User=0.16s Sys=0.00s Real=0.04s
[12.840s][info][gc,start       ] GC(176) Pause Young (Allocation Failure)
[12.896s][info][gc,heap        ] GC(176) PSYoungGen: 97440K(110080K)->74432K(114176K) Eden: 25600K(25600K)->0K(21504K) From: 71840K(84480K)->74432K(92672K)
[12.896s][info][gc,heap        ] GC(176) ParOldGen: 1863034K(2063872K)->1886426K(2063872K)
[12.896s][info][gc,metaspace   ] GC(176) Metaspace: 6298K(6464K)->6298K(6464K) NonClass: 5765K(5824K)->5765K(5824K) Class: 533K(640K)->533K(640K)
[12.896s][info][gc             ] GC(176) Pause Young (Allocation Failure) 1914M->1914M(2127M) 56.093ms
[12.896s][info][gc,cpu         ] GC(176) User=0.25s Sys=0.14s Real=0.06s
[12.923s][info][gc,start       ] GC(177) Pause Young (Allocation Failure)
[12.977s][info][gc,heap        ] GC(177) PSYoungGen: 95936K(114176K)->72928K(121344K) Eden: 21504K(21504K)->0K(21504K) From: 74432K(92672K)->72928K(99840K)
[12.977s][info][gc,heap        ] GC(177) ParOldGen: 1886426K(2063872K)->1909818K(2063872K)
[12.977s][info][gc,metaspace   ] GC(177) Metaspace: 6298K(6464K)->6298K(6464K) NonClass: 5765K(5824K)->5765K(5824K) Class: 533K(640K)->533K(640K)
[12.977s][info][gc             ] GC(177) Pause Young (Allocation Failure) 1935M->1936M(2134M) 53.215ms
[12.977s][info][gc,cpu         ] GC(177) User=0.36s Sys=0.02s Real=0.05s
[13.002s][info][gc,start       ] GC(178) Pause Young (Allocation Failure)
[13.056s][info][gc,heap        ] GC(178) PSYoungGen: 94432K(121344K)->68768K(128000K) Eden: 21504K(21504K)->0K(22528K) From: 72928K(99840K)->68768K(105472K)
[13.056s][info][gc,heap        ] GC(178) ParOldGen: 1909818K(2063872K)->1935802K(2063872K)
[13.056s][info][gc,metaspace   ] GC(178) Metaspace: 6298K(6464K)->6298K(6464K) NonClass: 5765K(5824K)->5765K(5824K) Class: 533K(640K)->533K(640K)
[13.056s][info][gc             ] GC(178) Pause Young (Allocation Failure) 1957M->1957M(2140M) 54.206ms
[13.056s][info][gc,cpu         ] GC(178) User=0.30s Sys=0.08s Real=0.05s
[13.086s][info][gc,start       ] GC(179) Pause Young (Allocation Failure)
[13.138s][info][gc,heap        ] GC(179) PSYoungGen: 91296K(128000K)->65696K(130048K) Eden: 22528K(22528K)->0K(22528K) From: 68768K(105472K)->65696K(107520K)
[13.138s][info][gc,heap        ] GC(179) ParOldGen: 1935802K(2063872K)->1961794K(2063872K)
[13.138s][info][gc,metaspace   ] GC(179) Metaspace: 6298K(6464K)->6298K(6464K) NonClass: 5765K(5824K)->5765K(5824K) Class: 533K(640K)->533K(640K)
[13.138s][info][gc             ] GC(179) Pause Young (Allocation Failure) 1979M->1979M(2142M) 52.291ms
[13.138s][info][gc,cpu         ] GC(179) User=0.30s Sys=0.08s Real=0.05s
[13.164s][info][gc,start       ] GC(180) Pause Young (Allocation Failure)
[13.222s][info][gc,heap        ] GC(180) PSYoungGen: 88224K(130048K)->45216K(123392K) Eden: 22528K(22528K)->0K(25600K) From: 65696K(107520K)->45216K(97792K)
[13.222s][info][gc,heap        ] GC(180) ParOldGen: 1961794K(2063872K)->2005426K(2063872K)
[13.222s][info][gc,metaspace   ] GC(180) Metaspace: 6298K(6464K)->6298K(6464K) NonClass: 5765K(5824K)->5765K(5824K) Class: 533K(640K)->533K(640K)
[13.222s][info][gc             ] GC(180) Pause Young (Allocation Failure) 2001M->2002M(2136M) 58.147ms
[13.222s][info][gc,cpu         ] GC(180) User=0.25s Sys=0.14s Real=0.06s
[13.248s][info][gc,start       ] GC(181) Pause Young (Allocation Failure)
[13.301s][info][gc,heap        ] GC(181) PSYoungGen: 70816K(123392K)->25792K(128512K) Eden: 25600K(25600K)->0K(25600K) From: 45216K(97792K)->25792K(102912K)
[13.301s][info][gc,heap        ] GC(181) ParOldGen: 2005426K(2063872K)->2051154K(2063872K)
[13.301s][info][gc,metaspace   ] GC(181) Metaspace: 6298K(6464K)->6298K(6464K) NonClass: 5765K(5824K)->5765K(5824K) Class: 533K(640K)->533K(640K)
[13.301s][info][gc             ] GC(181) Pause Young (Allocation Failure) 2027M->2028M(2141M) 52.557ms
[13.301s][info][gc,cpu         ] GC(181) User=0.28s Sys=0.11s Real=0.05s
[13.301s][info][gc,start       ] GC(182) Pause Full (Ergonomics)
[13.301s][info][gc,phases,start] GC(182) Marking Phase
[13.752s][info][gc,phases      ] GC(182) Marking Phase 450.899ms
[13.752s][info][gc,phases,start] GC(182) Summary Phase
[13.752s][info][gc,phases      ] GC(182) Summary Phase 0.032ms
[13.752s][info][gc,phases,start] GC(182) Adjust Roots
[13.752s][info][gc,phases      ] GC(182) Adjust Roots 0.168ms
[13.752s][info][gc,phases,start] GC(182) Compaction Phase
[13.947s][info][gc,phases      ] GC(182) Compaction Phase 194.785ms
[13.947s][info][gc,phases,start] GC(182) Post Compact
[13.951s][info][gc,phases      ] GC(182) Post Compact 3.719ms
[13.952s][info][gc,heap        ] GC(182) PSYoungGen: 25792K(128512K)->10238K(128512K) Eden: 0K(25600K)->0K(25600K) From: 25792K(102912K)->10238K(102912K)
[13.952s][info][gc,heap        ] GC(182) ParOldGen: 2051154K(2063872K)->2063445K(2288640K)
[13.952s][info][gc,metaspace   ] GC(182) Metaspace: 6298K(6464K)->6298K(6464K) NonClass: 5765K(5824K)->5765K(5824K) Class: 533K(640K)->533K(640K)
[13.952s][info][gc             ] GC(182) Pause Full (Ergonomics) 2028M->2025M(2360M) 651.532ms
[13.952s][info][gc,cpu         ] GC(182) User=4.61s Sys=0.06s Real=0.65s
[13.979s][info][gc,start       ] GC(183) Pause Young (Allocation Failure)
[14.090s][info][gc,heap        ] GC(183) PSYoungGen: 35838K(128512K)->25728K(126976K) Eden: 25600K(25600K)->0K(28672K) From: 10238K(102912K)->25728K(98304K)
[14.090s][info][gc,heap        ] GC(183) ParOldGen: 2063445K(2288640K)->2073877K(2288640K)
[14.090s][info][gc,metaspace   ] GC(183) Metaspace: 6298K(6464K)->6298K(6464K) NonClass: 5765K(5824K)->5765K(5824K) Class: 533K(640K)->533K(640K)
[14.090s][info][gc             ] GC(183) Pause Young (Allocation Failure) 2050M->2050M(2359M) 110.684ms
[14.090s][info][gc,cpu         ] GC(183) User=0.66s Sys=0.00s Real=0.11s
[14.121s][info][gc,start       ] GC(184) Pause Young (Allocation Failure)
[14.160s][info][gc,heap        ] GC(184) PSYoungGen: 54400K(126976K)->28864K(129024K) Eden: 28672K(28672K)->0K(28672K) From: 25728K(98304K)->28864K(100352K)
[14.160s][info][gc,heap        ] GC(184) ParOldGen: 2073877K(2288640K)->2099869K(2288640K)
[14.160s][info][gc,metaspace   ] GC(184) Metaspace: 6298K(6464K)->6298K(6464K) NonClass: 5765K(5824K)->5765K(5824K) Class: 533K(640K)->533K(640K)
[14.160s][info][gc             ] GC(184) Pause Young (Allocation Failure) 2078M->2078M(2361M) 39.074ms
[14.160s][info][gc,cpu         ] GC(184) User=0.20s Sys=0.06s Real=0.04s
[14.189s][info][gc,start       ] GC(185) Pause Young (Allocation Failure)
[14.232s][info][gc,heap        ] GC(185) PSYoungGen: 57536K(129024K)->28800K(123904K) Eden: 28672K(28672K)->0K(32256K) From: 28864K(100352K)->28800K(91648K)
[14.232s][info][gc,heap        ] GC(185) ParOldGen: 2099869K(2288640K)->2128973K(2288640K)
[14.232s][info][gc,metaspace   ] GC(185) Metaspace: 6298K(6464K)->6298K(6464K) NonClass: 5765K(5824K)->5765K(5824K) Class: 533K(640K)->533K(640K)
[14.232s][info][gc             ] GC(185) Pause Young (Allocation Failure) 2106M->2107M(2356M) 42.526ms
[14.232s][info][gc,cpu         ] GC(185) User=0.16s Sys=0.09s Real=0.04s
[14.267s][info][gc,start       ] GC(186) Pause Young (Allocation Failure)
[14.310s][info][gc,heap        ] GC(186) PSYoungGen: 61056K(123904K)->32416K(126976K) Eden: 32256K(32256K)->0K(32256K) From: 28800K(91648K)->32416K(94720K)
[14.310s][info][gc,heap        ] GC(186) ParOldGen: 2128973K(2288640K)->2158085K(2288640K)
[14.310s][info][gc,metaspace   ] GC(186) Metaspace: 6298K(6464K)->6298K(6464K) NonClass: 5765K(5824K)->5765K(5824K) Class: 533K(640K)->533K(640K)
[14.310s][info][gc             ] GC(186) Pause Young (Allocation Failure) 2138M->2139M(2359M) 43.144ms
[14.310s][info][gc,cpu         ] GC(186) User=0.25s Sys=0.00s Real=0.04s
[14.348s][info][gc,start       ] GC(187) Pause Young (Allocation Failure)
[14.396s][info][gc,heap        ] GC(187) PSYoungGen: 64672K(126976K)->32480K(120320K) Eden: 32256K(32256K)->0K(36352K) From: 32416K(94720K)->32480K(83968K)
[14.396s][info][gc,heap        ] GC(187) ParOldGen: 2158085K(2288640K)->2190837K(2288640K)
[14.396s][info][gc,metaspace   ] GC(187) Metaspace: 6298K(6464K)->6298K(6464K) NonClass: 5765K(5824K)->5765K(5824K) Class: 533K(640K)->533K(640K)
[14.396s][info][gc             ] GC(187) Pause Young (Allocation Failure) 2170M->2171M(2352M) 47.630ms
[14.396s][info][gc,cpu         ] GC(187) User=0.14s Sys=0.12s Real=0.05s
[14.441s][info][gc,start       ] GC(188) Pause Young (Allocation Failure)
[14.492s][info][gc,heap        ] GC(188) PSYoungGen: 68832K(120320K)->36512K(123904K) Eden: 36352K(36352K)->0K(36352K) From: 32480K(83968K)->36512K(87552K)
[14.492s][info][gc,heap        ] GC(188) ParOldGen: 2190837K(2288640K)->2223605K(2288640K)
[14.492s][info][gc,metaspace   ] GC(188) Metaspace: 6298K(6464K)->6298K(6464K) NonClass: 5765K(5824K)->5765K(5824K) Class: 533K(640K)->533K(640K)
[14.492s][info][gc             ] GC(188) Pause Young (Allocation Failure) 2206M->2207M(2356M) 51.270ms
[14.492s][info][gc,cpu         ] GC(188) User=0.14s Sys=0.12s Real=0.05s
[14.535s][info][gc,start       ] GC(189) Pause Young (Allocation Failure)
[14.588s][info][gc,heap        ] GC(189) PSYoungGen: 72864K(123904K)->36576K(117248K) Eden: 36352K(36352K)->0K(40960K) From: 36512K(87552K)->36576K(76288K)
[14.588s][info][gc,heap        ] GC(189) ParOldGen: 2223605K(2288640K)->2260485K(2288640K)
[14.588s][info][gc,metaspace   ] GC(189) Metaspace: 6298K(6464K)->6298K(6464K) NonClass: 5765K(5824K)->5765K(5824K) Class: 533K(640K)->533K(640K)
[14.588s][info][gc             ] GC(189) Pause Young (Allocation Failure) 2242M->2243M(2349M) 53.209ms
[14.588s][info][gc,cpu         ] GC(189) User=0.23s Sys=0.14s Real=0.05s
[14.588s][info][gc,start       ] GC(190) Pause Full (Ergonomics)
[14.588s][info][gc,phases,start] GC(190) Marking Phase
[15.086s][info][gc,phases      ] GC(190) Marking Phase 497.893ms
[15.086s][info][gc,phases,start] GC(190) Summary Phase
[15.086s][info][gc,phases      ] GC(190) Summary Phase 0.034ms
[15.086s][info][gc,phases,start] GC(190) Adjust Roots
[15.086s][info][gc,phases      ] GC(190) Adjust Roots 0.171ms
[15.086s][info][gc,phases,start] GC(190) Compaction Phase
[15.292s][info][gc,phases      ] GC(190) Compaction Phase 205.659ms
[15.292s][info][gc,phases,start] GC(190) Post Compact
[15.296s][info][gc,phases      ] GC(190) Post Compact 4.274ms
[15.298s][info][gc,heap        ] GC(190) PSYoungGen: 36576K(117248K)->5155K(120832K) Eden: 0K(40960K)->0K(44544K) From: 36576K(76288K)->5155K(76288K)
[15.298s][info][gc,heap        ] GC(190) ParOldGen: 2260485K(2288640K)->2288466K(2527744K)
[15.298s][info][gc,metaspace   ] GC(190) Metaspace: 6298K(6464K)->6298K(6464K) NonClass: 5765K(5824K)->5765K(5824K) Class: 533K(640K)->533K(640K)
[15.298s][info][gc             ] GC(190) Pause Full (Ergonomics) 2243M->2239M(2586M) 710.047ms
[15.298s][info][gc,cpu         ] GC(190) User=5.22s Sys=0.14s Real=0.71s
[15.348s][info][gc,start       ] GC(191) Pause Young (Allocation Failure)
[15.472s][info][gc,heap        ] GC(191) PSYoungGen: 49699K(120832K)->44736K(124416K) Eden: 44544K(44544K)->0K(44544K) From: 5155K(76288K)->44736K(79872K)
[15.472s][info][gc,heap        ] GC(191) ParOldGen: 2288466K(2527744K)->2293706K(2527744K)
[15.472s][info][gc,metaspace   ] GC(191) Metaspace: 6298K(6464K)->6298K(6464K) NonClass: 5765K(5824K)->5765K(5824K) Class: 533K(640K)->533K(640K)
[15.472s][info][gc             ] GC(191) Pause Young (Allocation Failure) 2283M->2283M(2590M) 123.269ms
[15.472s][info][gc,cpu         ] GC(191) User=0.75s Sys=0.02s Real=0.12s
[15.524s][info][gc,start       ] GC(192) Pause Young (Allocation Failure)
[15.579s][info][gc,heap        ] GC(192) PSYoungGen: 89280K(124416K)->77824K(112640K) Eden: 44544K(44544K)->0K(34816K) From: 44736K(79872K)->77824K(77824K)
[15.579s][info][gc,heap        ] GC(192) ParOldGen: 2293706K(2527744K)->2305202K(2527744K)
[15.579s][info][gc,metaspace   ] GC(192) Metaspace: 6298K(6464K)->6298K(6464K) NonClass: 5765K(5824K)->5765K(5824K) Class: 533K(640K)->533K(640K)
[15.579s][info][gc             ] GC(192) Pause Young (Allocation Failure) 2327M->2327M(2578M) 55.706ms
[15.579s][info][gc,cpu         ] GC(192) User=0.23s Sys=0.12s Real=0.06s
[15.619s][info][gc,start       ] GC(193) Pause Young (Allocation Failure)
[15.711s][info][gc,heap        ] GC(193) PSYoungGen: 112640K(112640K)->34976K(126976K) Eden: 34816K(34816K)->0K(34816K) From: 77824K(77824K)->34976K(92160K)
[15.711s][info][gc,heap        ] GC(193) ParOldGen: 2305202K(2527744K)->2383602K(2527744K)
[15.711s][info][gc,metaspace   ] GC(193) Metaspace: 6298K(6464K)->6298K(6464K) NonClass: 5765K(5824K)->5765K(5824K) Class: 533K(640K)->533K(640K)
[15.711s][info][gc             ] GC(193) Pause Young (Allocation Failure) 2361M->2361M(2592M) 91.499ms
[15.711s][info][gc,cpu         ] GC(193) User=0.41s Sys=0.23s Real=0.09s
[15.753s][info][gc,start       ] GC(194) Pause Young (Allocation Failure)
[15.803s][info][gc,heap        ] GC(194) PSYoungGen: 69792K(126976K)->34944K(122880K) Eden: 34816K(34816K)->0K(38912K) From: 34976K(92160K)->34944K(83968K)
[15.803s][info][gc,heap        ] GC(194) ParOldGen: 2383602K(2527744K)->2418722K(2527744K)
[15.803s][info][gc,metaspace   ] GC(194) Metaspace: 6298K(6464K)->6298K(6464K) NonClass: 5765K(5824K)->5765K(5824K) Class: 533K(640K)->533K(640K)
[15.803s][info][gc             ] GC(194) Pause Young (Allocation Failure) 2395M->2396M(2588M) 50.506ms
[15.803s][info][gc,cpu         ] GC(194) User=0.16s Sys=0.12s Real=0.05s
[15.850s][info][gc,start       ] GC(195) Pause Young (Allocation Failure)
[15.902s][info][gc,heap        ] GC(195) PSYoungGen: 73856K(122880K)->39104K(125440K) Eden: 38912K(38912K)->0K(38912K) From: 34944K(83968K)->39104K(86528K)
[15.902s][info][gc,heap        ] GC(195) ParOldGen: 2418722K(2527744K)->2453850K(2527744K)
[15.902s][info][gc,metaspace   ] GC(195) Metaspace: 6298K(6464K)->6298K(6464K) NonClass: 5765K(5824K)->5765K(5824K) Class: 533K(640K)->533K(640K)
[15.902s][info][gc             ] GC(195) Pause Young (Allocation Failure) 2434M->2434M(2591M) 52.322ms
[15.902s][info][gc,cpu         ] GC(195) User=0.27s Sys=0.02s Real=0.05s
[15.947s][info][gc,start       ] GC(196) Pause Young (Allocation Failure)
[16.001s][info][gc,heap        ] GC(196) PSYoungGen: 78016K(125440K)->39072K(119296K) Eden: 38912K(38912K)->0K(43520K) From: 39104K(86528K)->39072K(75776K)
[16.001s][info][gc,heap        ] GC(196) ParOldGen: 2453850K(2527744K)->2493114K(2527744K)
[16.001s][info][gc,metaspace   ] GC(196) Metaspace: 6298K(6464K)->6298K(6464K) NonClass: 5765K(5824K)->5765K(5824K) Class: 533K(640K)->533K(640K)
[16.001s][info][gc             ] GC(196) Pause Young (Allocation Failure) 2472M->2472M(2585M) 54.875ms
[16.001s][info][gc,cpu         ] GC(196) User=0.30s Sys=0.09s Real=0.05s
[16.001s][info][gc,start       ] GC(197) Pause Full (Ergonomics)
[16.002s][info][gc,phases,start] GC(197) Marking Phase
[16.586s][info][gc,phases      ] GC(197) Marking Phase 584.538ms
[16.586s][info][gc,phases,start] GC(197) Summary Phase
[16.586s][info][gc,phases      ] GC(197) Summary Phase 0.048ms
[16.586s][info][gc,phases,start] GC(197) Adjust Roots
[16.586s][info][gc,phases      ] GC(197) Adjust Roots 0.163ms
[16.586s][info][gc,phases,start] GC(197) Compaction Phase
[16.798s][info][gc,phases      ] GC(197) Compaction Phase 211.994ms
[16.798s][info][gc,phases,start] GC(197) Post Compact
[16.803s][info][gc,phases      ] GC(197) Post Compact 4.324ms
[16.805s][info][gc,heap        ] GC(197) PSYoungGen: 39072K(119296K)->2600K(122880K) Eden: 0K(43520K)->0K(47104K) From: 39072K(75776K)->2600K(75776K)
[16.805s][info][gc,heap        ] GC(197) ParOldGen: 2493114K(2527744K)->2527379K(2799104K)
[16.805s][info][gc,metaspace   ] GC(197) Metaspace: 6298K(6464K)->6298K(6464K) NonClass: 5765K(5824K)->5765K(5824K) Class: 533K(640K)->533K(640K)
[16.805s][info][gc             ] GC(197) Pause Full (Ergonomics) 2472M->2470M(2853M) 803.427ms
[16.805s][info][gc,cpu         ] GC(197) User=5.97s Sys=0.12s Real=0.80s
[16.862s][info][gc,start       ] GC(198) Pause Young (Allocation Failure)
[16.998s][info][gc,heap        ] GC(198) PSYoungGen: 49704K(122880K)->47360K(126464K) Eden: 47104K(47104K)->0K(47104K) From: 2600K(75776K)->47360K(79360K)
[16.998s][info][gc,heap        ] GC(198) ParOldGen: 2527379K(2799104K)->2530043K(2799104K)
[16.998s][info][gc,metaspace   ] GC(198) Metaspace: 6298K(6464K)->6298K(6464K) NonClass: 5765K(5824K)->5765K(5824K) Class: 533K(640K)->533K(640K)
[16.998s][info][gc             ] GC(198) Pause Young (Allocation Failure) 2516M->2516M(2857M) 135.745ms
[16.998s][info][gc,cpu         ] GC(198) User=0.80s Sys=0.00s Real=0.14s
[17.057s][info][gc,start       ] GC(199) Pause Young (Allocation Failure)
[17.117s][info][gc,heap        ] GC(199) PSYoungGen: 94464K(126464K)->77312K(113152K) Eden: 47104K(47104K)->0K(35840K) From: 47360K(79360K)->77312K(77312K)
[17.117s][info][gc,heap        ] GC(199) ParOldGen: 2530043K(2799104K)->2547211K(2799104K)
[17.117s][info][gc,metaspace   ] GC(199) Metaspace: 6298K(6464K)->6298K(6464K) NonClass: 5765K(5824K)->5765K(5824K) Class: 533K(640K)->533K(640K)
[17.117s][info][gc             ] GC(199) Pause Young (Allocation Failure) 2562M->2563M(2844M) 59.887ms
[17.117s][info][gc,cpu         ] GC(199) User=0.31s Sys=0.08s Real=0.06s
[17.162s][info][gc,start       ] GC(200) Pause Young (Allocation Failure)
[17.248s][info][gc,heap        ] GC(200) PSYoungGen: 113152K(113152K)->35968K(129024K) Eden: 35840K(35840K)->0K(35840K) From: 77312K(77312K)->35968K(93184K)
[17.248s][info][gc,heap        ] GC(200) ParOldGen: 2547211K(2799104K)->2625099K(2799104K)
[17.248s][info][gc,metaspace   ] GC(200) Metaspace: 6298K(6464K)->6298K(6464K) NonClass: 5765K(5824K)->5765K(5824K) Class: 533K(640K)->533K(640K)
[17.248s][info][gc             ] GC(200) Pause Young (Allocation Failure) 2598M->2598M(2859M) 85.762ms
[17.248s][info][gc,cpu         ] GC(200) User=0.48s Sys=0.14s Real=0.09s
[17.294s][info][gc,start       ] GC(201) Pause Young (Allocation Failure)
[17.348s][info][gc,heap        ] GC(201) PSYoungGen: 71808K(129024K)->36000K(125440K) Eden: 35840K(35840K)->0K(39936K) From: 35968K(93184K)->36000K(85504K)
[17.348s][info][gc,heap        ] GC(201) ParOldGen: 2625099K(2799104K)->2661259K(2799104K)
[17.348s][info][gc,metaspace   ] GC(201) Metaspace: 6298K(6464K)->6298K(6464K) NonClass: 5765K(5824K)->5765K(5824K) Class: 533K(640K)->533K(640K)
[17.348s][info][gc             ] GC(201) Pause Young (Allocation Failure) 2633M->2634M(2856M) 54.351ms
[17.348s][info][gc,cpu         ] GC(201) User=0.30s Sys=0.09s Real=0.05s
[17.394s][info][gc,start       ] GC(202) Pause Young (Allocation Failure)
[17.450s][info][gc,heap        ] GC(202) PSYoungGen: 75936K(125440K)->40160K(128000K) Eden: 39936K(39936K)->0K(39936K) From: 36000K(85504K)->40160K(88064K)
[17.450s][info][gc,heap        ] GC(202) ParOldGen: 2661259K(2799104K)->2697427K(2799104K)
[17.450s][info][gc,metaspace   ] GC(202) Metaspace: 6298K(6464K)->6298K(6464K) NonClass: 5765K(5824K)->5765K(5824K) Class: 533K(640K)->533K(640K)
[17.450s][info][gc             ] GC(202) Pause Young (Allocation Failure) 2673M->2673M(2858M) 56.057ms
[17.450s][info][gc,cpu         ] GC(202) User=0.27s Sys=0.11s Real=0.06s
[17.495s][info][gc,start       ] GC(203) Pause Young (Allocation Failure)
[17.552s][info][gc,heap        ] GC(203) PSYoungGen: 80096K(128000K)->40160K(123392K) Eden: 39936K(39936K)->0K(44544K) From: 40160K(88064K)->40160K(78848K)
[17.552s][info][gc,heap        ] GC(203) ParOldGen: 2697427K(2799104K)->2737723K(2799104K)
[17.552s][info][gc,metaspace   ] GC(203) Metaspace: 6298K(6464K)->6298K(6464K) NonClass: 5765K(5824K)->5765K(5824K) Class: 533K(640K)->533K(640K)
[17.552s][info][gc             ] GC(203) Pause Young (Allocation Failure) 2712M->2712M(2854M) 56.527ms
[17.552s][info][gc,cpu         ] GC(203) User=0.25s Sys=0.12s Real=0.06s
[17.552s][info][gc,start       ] GC(204) Pause Full (Ergonomics)
[17.552s][info][gc,phases,start] GC(204) Marking Phase
[18.159s][info][gc,phases      ] GC(204) Marking Phase 607.168ms
[18.159s][info][gc,phases,start] GC(204) Summary Phase
[18.159s][info][gc,phases      ] GC(204) Summary Phase 0.053ms
[18.159s][info][gc,phases,start] GC(204) Adjust Roots
[18.159s][info][gc,phases      ] GC(204) Adjust Roots 0.177ms
[18.159s][info][gc,phases,start] GC(204) Compaction Phase
[18.377s][info][gc,phases      ] GC(204) Compaction Phase 217.873ms
[18.377s][info][gc,phases,start] GC(204) Post Compact
[18.382s][info][gc,phases      ] GC(204) Post Compact 4.612ms
[18.384s][info][gc,heap        ] GC(204) PSYoungGen: 40160K(123392K)->0K(126464K) Eden: 0K(44544K)->0K(44544K) From: 40160K(78848K)->0K(81920K)
[18.384s][info][gc,heap        ] GC(204) ParOldGen: 2737723K(2799104K)->2775560K(3075072K)
[18.384s][info][gc,metaspace   ] GC(204) Metaspace: 6298K(6464K)->6298K(6464K) NonClass: 5765K(5824K)->5765K(5824K) Class: 533K(640K)->533K(640K)
[18.384s][info][gc             ] GC(204) Pause Full (Ergonomics) 2712M->2710M(3126M) 832.256ms
[18.384s][info][gc,cpu         ] GC(204) User=6.25s Sys=0.06s Real=0.83s
[18.434s][info][gc,start       ] GC(205) Pause Young (Allocation Failure)
[18.466s][info][gc,heap        ] GC(205) PSYoungGen: 44544K(126464K)->44736K(122368K) Eden: 44544K(44544K)->0K(48640K) From: 0K(81920K)->44736K(73728K)
[18.466s][info][gc,heap        ] GC(205) ParOldGen: 2775560K(3075072K)->2775560K(3075072K)
[18.466s][info][gc,metaspace   ] GC(205) Metaspace: 6298K(6464K)->6298K(6464K) NonClass: 5765K(5824K)->5765K(5824K) Class: 533K(640K)->533K(640K)
[18.466s][info][gc             ] GC(205) Pause Young (Allocation Failure) 2754M->2754M(3122M) 31.247ms
[18.466s][info][gc,cpu         ] GC(205) User=0.14s Sys=0.00s Real=0.03s
[19.135s][info][gc,start       ] GC(206) Pause Young (Allocation Failure)
[19.253s][info][gc,heap        ] GC(206) PSYoungGen: 93376K(122368K)->78336K(126976K) Eden: 48640K(48640K)->0K(48640K) From: 44736K(73728K)->78336K(78336K)
[19.253s][info][gc,heap        ] GC(206) ParOldGen: 2906632K(3075072K)->2921752K(3075072K)
[19.253s][info][gc,metaspace   ] GC(206) Metaspace: 6298K(6464K)->6298K(6464K) NonClass: 5765K(5824K)->5765K(5824K) Class: 533K(640K)->533K(640K)
[19.253s][info][gc             ] GC(206) Pause Young (Allocation Failure) 2929M->2929M(3127M) 118.069ms
[19.253s][info][gc,cpu         ] GC(206) User=0.69s Sys=0.02s Real=0.12s
[19.308s][info][gc,start       ] GC(207) Pause Young (Allocation Failure)
[19.398s][info][gc,heap        ] GC(207) PSYoungGen: 126976K(126976K)->48864K(138240K) Eden: 48640K(48640K)->0K(53248K) From: 78336K(78336K)->48864K(84992K)
[19.398s][info][gc,heap        ] GC(207) ParOldGen: 2921752K(3075072K)->3000656K(3075072K)
[19.398s][info][gc,metaspace   ] GC(207) Metaspace: 6298K(6464K)->6298K(6464K) NonClass: 5765K(5824K)->5765K(5824K) Class: 533K(640K)->533K(640K)
[19.398s][info][gc             ] GC(207) Pause Young (Allocation Failure) 2977M->2978M(3138M) 89.808ms
[19.398s][info][gc,cpu         ] GC(207) User=0.38s Sys=0.22s Real=0.09s
[19.398s][info][gc,start       ] GC(208) Pause Full (Ergonomics)
[19.398s][info][gc,phases,start] GC(208) Marking Phase
[20.060s][info][gc,phases      ] GC(208) Marking Phase 662.306ms
[20.060s][info][gc,phases,start] GC(208) Summary Phase
[20.060s][info][gc,phases      ] GC(208) Summary Phase 0.072ms
[20.060s][info][gc,phases,start] GC(208) Adjust Roots
[20.061s][info][gc,phases      ] GC(208) Adjust Roots 0.158ms
[20.061s][info][gc,phases,start] GC(208) Compaction Phase
[20.516s][info][gc,phases      ] GC(208) Compaction Phase 455.236ms
[20.516s][info][gc,phases,start] GC(208) Post Compact
[20.522s][info][gc,phases      ] GC(208) Post Compact 6.289ms
[20.525s][info][gc,heap        ] GC(208) PSYoungGen: 48864K(138240K)->0K(141824K) Eden: 0K(53248K)->0K(53248K) From: 48864K(84992K)->0K(88576K)
[20.525s][info][gc,heap        ] GC(208) ParOldGen: 3000656K(3075072K)->2982823K(3317760K)
[20.525s][info][gc,metaspace   ] GC(208) Metaspace: 6298K(6464K)->6298K(6464K) NonClass: 5765K(5824K)->5765K(5824K) Class: 533K(640K)->533K(640K)
[20.525s][info][gc             ] GC(208) Pause Full (Ergonomics) 2978M->2912M(3378M) 1127.073ms
[20.525s][info][gc,cpu         ] GC(208) User=8.02s Sys=0.02s Real=1.13s
[20.586s][info][gc,start       ] GC(209) Pause Young (Allocation Failure)
[20.635s][info][gc,heap        ] GC(209) PSYoungGen: 53248K(141824K)->53504K(140800K) Eden: 53248K(53248K)->0K(57344K) From: 0K(88576K)->53504K(83456K)
[20.635s][info][gc,heap        ] GC(209) ParOldGen: 2982823K(3317760K)->2982823K(3317760K)
[20.635s][info][gc,metaspace   ] GC(209) Metaspace: 6298K(6464K)->6298K(6464K) NonClass: 5765K(5824K)->5765K(5824K) Class: 533K(640K)->533K(640K)
[20.635s][info][gc             ] GC(209) Pause Young (Allocation Failure) 2964M->2965M(3377M) 49.200ms
[20.635s][info][gc,cpu         ] GC(209) User=0.05s Sys=0.00s Real=0.05s
[20.689s][info][gc,start       ] GC(210) Pause Young (Allocation Failure)
[20.754s][info][gc,heap        ] GC(210) PSYoungGen: 110848K(140800K)->86528K(143872K) Eden: 57344K(57344K)->0K(57344K) From: 53504K(83456K)->86528K(86528K)
[20.754s][info][gc,heap        ] GC(210) ParOldGen: 2982823K(3317760K)->3007279K(3317760K)
[20.754s][info][gc,metaspace   ] GC(210) Metaspace: 6298K(6464K)->6298K(6464K) NonClass: 5765K(5824K)->5765K(5824K) Class: 533K(640K)->533K(640K)
[20.754s][info][gc             ] GC(210) Pause Young (Allocation Failure) 3021M->3021M(3380M) 64.903ms
[20.754s][info][gc,cpu         ] GC(210) User=0.19s Sys=0.02s Real=0.07s
[20.809s][info][gc,start       ] GC(211) Pause Young (Allocation Failure)
[20.920s][info][gc,heap        ] GC(211) PSYoungGen: 143872K(143872K)->104352K(155136K) Eden: 57344K(57344K)->0K(49664K) From: 86528K(86528K)->104352K(105472K)
[20.921s][info][gc,heap        ] GC(211) ParOldGen: 3007279K(3317760K)->3047335K(3317760K)
[20.921s][info][gc,metaspace   ] GC(211) Metaspace: 6298K(6464K)->6298K(6464K) NonClass: 5765K(5824K)->5765K(5824K) Class: 533K(640K)->533K(640K)
[20.921s][info][gc             ] GC(211) Pause Young (Allocation Failure) 3077M->3077M(3391M) 111.156ms
[20.921s][info][gc,cpu         ] GC(211) User=0.34s Sys=0.41s Real=0.11s
[20.977s][info][gc,start       ] GC(212) Pause Young (Allocation Failure)
[21.069s][info][gc,heap        ] GC(212) PSYoungGen: 154016K(155136K)->118272K(167936K) Eden: 49664K(49664K)->0K(49664K) From: 104352K(105472K)->118272K(118272K)
[21.069s][info][gc,heap        ] GC(212) ParOldGen: 3047335K(3317760K)->3083295K(3317760K)
[21.069s][info][gc,metaspace   ] GC(212) Metaspace: 6298K(6464K)->6298K(6464K) NonClass: 5765K(5824K)->5765K(5824K) Class: 533K(640K)->533K(640K)
[21.069s][info][gc             ] GC(212) Pause Young (Allocation Failure) 3126M->3126M(3404M) 91.886ms
[21.069s][info][gc,cpu         ] GC(212) User=0.42s Sys=0.11s Real=0.09s
[21.126s][info][gc,start       ] GC(213) Pause Young (Allocation Failure)
[21.244s][info][gc,heap        ] GC(213) PSYoungGen: 167936K(167936K)->82336K(196608K) Eden: 49664K(49664K)->0K(55296K) From: 118272K(118272K)->82336K(141312K)
[21.244s][info][gc,heap        ] GC(213) ParOldGen: 3083295K(3317760K)->3169759K(3317760K)
[21.244s][info][gc,metaspace   ] GC(213) Metaspace: 6298K(6464K)->6298K(6464K) NonClass: 5765K(5824K)->5765K(5824K) Class: 533K(640K)->533K(640K)
[21.244s][info][gc             ] GC(213) Pause Young (Allocation Failure) 3175M->3175M(3432M) 118.571ms
[21.245s][info][gc,cpu         ] GC(213) User=0.58s Sys=0.30s Real=0.12s
[21.304s][info][gc,start       ] GC(214) Pause Young (Allocation Failure)
[21.383s][info][gc,heap        ] GC(214) PSYoungGen: 137632K(196608K)->105248K(199168K) Eden: 55296K(55296K)->0K(55296K) From: 82336K(141312K)->105248K(143872K)
[21.383s][info][gc,heap        ] GC(214) ParOldGen: 3169759K(3317760K)->3202447K(3317760K)
[21.383s][info][gc,metaspace   ] GC(214) Metaspace: 6298K(6464K)->6298K(6464K) NonClass: 5765K(5824K)->5765K(5824K) Class: 533K(640K)->533K(640K)
[21.383s][info][gc             ] GC(214) Pause Young (Allocation Failure) 3229M->3230M(3434M) 79.851ms
[21.383s][info][gc,cpu         ] GC(214) User=0.39s Sys=0.12s Real=0.08s
[21.443s][info][gc,start       ] GC(215) Pause Young (Allocation Failure)
[21.551s][info][gc,heap        ] GC(215) PSYoungGen: 160544K(199168K)->110880K(204288K) Eden: 55296K(55296K)->0K(55296K) From: 105248K(143872K)->110880K(148992K)
[21.551s][info][gc,heap        ] GC(215) ParOldGen: 3202447K(3317760K)->3252559K(3317760K)
[21.551s][info][gc,metaspace   ] GC(215) Metaspace: 6298K(6464K)->6298K(6464K) NonClass: 5765K(5824K)->5765K(5824K) Class: 533K(640K)->533K(640K)
[21.551s][info][gc             ] GC(215) Pause Young (Allocation Failure) 3284M->3284M(3439M) 108.543ms
[21.551s][info][gc,cpu         ] GC(215) User=0.47s Sys=0.30s Real=0.11s
[21.551s][info][gc,start       ] GC(216) Pause Full (Ergonomics)
[21.551s][info][gc,phases,start] GC(216) Marking Phase
[22.276s][info][gc,phases      ] GC(216) Marking Phase 724.765ms
[22.276s][info][gc,phases,start] GC(216) Summary Phase
[22.276s][info][gc,phases      ] GC(216) Summary Phase 0.055ms
[22.276s][info][gc,phases,start] GC(216) Adjust Roots
[22.276s][info][gc,phases      ] GC(216) Adjust Roots 0.165ms
[22.276s][info][gc,phases,start] GC(216) Compaction Phase
[22.982s][info][gc,phases      ] GC(216) Compaction Phase 705.688ms
[22.982s][info][gc,phases,start] GC(216) Post Compact
[22.989s][info][gc,phases      ] GC(216) Post Compact 6.981ms
[22.993s][info][gc,heap        ] GC(216) PSYoungGen: 110880K(204288K)->43085K(204288K) Eden: 0K(55296K)->0K(55296K) From: 110880K(148992K)->43085K(148992K)
[22.993s][info][gc,heap        ] GC(216) ParOldGen: 3252559K(3317760K)->3317374K(3680768K)
[22.993s][info][gc,metaspace   ] GC(216) Metaspace: 6298K(6464K)->6298K(6464K) NonClass: 5765K(5824K)->5765K(5824K) Class: 533K(640K)->533K(640K)
[22.993s][info][gc             ] GC(216) Pause Full (Ergonomics) 3284M->3281M(3794M) 1441.837ms
[22.993s][info][gc,cpu         ] GC(216) User=10.14s Sys=0.11s Real=1.44s
[23.054s][info][gc,start       ] GC(217) Pause Young (Allocation Failure)
[23.238s][info][gc,heap        ] GC(217) PSYoungGen: 98381K(204288K)->82688K(138240K) Eden: 55296K(55296K)->0K(55296K) From: 43085K(148992K)->82688K(82944K)
[23.239s][info][gc,heap        ] GC(217) ParOldGen: 3317374K(3680768K)->3333526K(3680768K)
[23.239s][info][gc,metaspace   ] GC(217) Metaspace: 6298K(6464K)->6298K(6464K) NonClass: 5765K(5824K)->5765K(5824K) Class: 533K(640K)->533K(640K)
[23.239s][info][gc             ] GC(217) Pause Young (Allocation Failure) 3335M->3336M(3729M) 184.144ms
[23.239s][info][gc,cpu         ] GC(217) User=1.22s Sys=0.05s Real=0.18s
[23.295s][info][gc,start       ] GC(218) Pause Young (Allocation Failure)
[23.379s][info][gc,heap        ] GC(218) PSYoungGen: 137984K(138240K)->138080K(195072K) Eden: 55296K(55296K)->0K(46080K) From: 82688K(82944K)->138080K(148992K)
[23.379s][info][gc,heap        ] GC(218) ParOldGen: 3333526K(3680768K)->3333526K(3680768K)
[23.379s][info][gc,metaspace   ] GC(218) Metaspace: 6298K(6464K)->6298K(6464K) NonClass: 5765K(5824K)->5765K(5824K) Class: 533K(640K)->533K(640K)
[23.379s][info][gc             ] GC(218) Pause Young (Allocation Failure) 3390M->3390M(3785M) 84.633ms
[23.379s][info][gc,cpu         ] GC(218) User=0.23s Sys=0.08s Real=0.08s
[23.421s][info][gc,start       ] GC(219) Pause Young (Allocation Failure)
[23.517s][info][gc,heap        ] GC(219) PSYoungGen: 184160K(195072K)->163840K(209920K) Eden: 46080K(46080K)->0K(46080K) From: 138080K(148992K)->163840K(163840K)
[23.517s][info][gc,heap        ] GC(219) ParOldGen: 3333526K(3680768K)->3353958K(3680768K)
[23.517s][info][gc,metaspace   ] GC(219) Metaspace: 6298K(6464K)->6298K(6464K) NonClass: 5765K(5824K)->5765K(5824K) Class: 533K(640K)->533K(640K)
[23.517s][info][gc             ] GC(219) Pause Young (Allocation Failure) 3435M->3435M(3799M) 96.844ms
[23.518s][info][gc,cpu         ] GC(219) User=0.45s Sys=0.06s Real=0.10s
[23.562s][info][gc,start       ] GC(220) Pause Young (Allocation Failure)
[23.700s][info][gc,heap        ] GC(220) PSYoungGen: 209920K(209920K)->135200K(239104K) Eden: 46080K(46080K)->0K(46080K) From: 163840K(163840K)->135200K(193024K)
[23.700s][info][gc,heap        ] GC(220) ParOldGen: 3353958K(3680768K)->3429366K(3680768K)
[23.700s][info][gc,metaspace   ] GC(220) Metaspace: 6298K(6464K)->6298K(6464K) NonClass: 5765K(5824K)->5765K(5824K) Class: 533K(640K)->533K(640K)
[23.700s][info][gc             ] GC(220) Pause Young (Allocation Failure) 3480M->3481M(3828M) 137.900ms
[23.700s][info][gc,cpu         ] GC(220) User=0.78s Sys=0.34s Real=0.14s
[23.751s][info][gc,start       ] GC(221) Pause Young (Allocation Failure)
[23.856s][info][gc,heap        ] GC(221) PSYoungGen: 181280K(239104K)->135872K(244224K) Eden: 46080K(46080K)->0K(46080K) From: 135200K(193024K)->135872K(198144K)
[23.857s][info][gc,heap        ] GC(221) ParOldGen: 3429366K(3680768K)->3475270K(3680768K)
[23.857s][info][gc,metaspace   ] GC(221) Metaspace: 6298K(6464K)->6298K(6464K) NonClass: 5765K(5824K)->5765K(5824K) Class: 533K(640K)->533K(640K)
[23.857s][info][gc             ] GC(221) Pause Young (Allocation Failure) 3526M->3526M(3833M) 105.620ms
[23.857s][info][gc,cpu         ] GC(221) User=0.64s Sys=0.09s Real=0.11s
[23.911s][info][gc,start       ] GC(222) Pause Young (Allocation Failure)
[24.034s][info][gc,heap        ] GC(222) PSYoungGen: 181952K(244224K)->92384K(237568K) Eden: 46080K(46080K)->0K(52224K) From: 135872K(198144K)->92384K(185344K)
[24.034s][info][gc,heap        ] GC(222) ParOldGen: 3475270K(3680768K)->3565470K(3680768K)
[24.034s][info][gc,metaspace   ] GC(222) Metaspace: 6298K(6464K)->6298K(6464K) NonClass: 5765K(5824K)->5765K(5824K) Class: 533K(640K)->533K(640K)
[24.034s][info][gc             ] GC(222) Pause Young (Allocation Failure) 3571M->3572M(3826M) 122.620ms
[24.034s][info][gc,cpu         ] GC(222) User=0.59s Sys=0.30s Real=0.12s
[24.086s][info][gc,start       ] GC(223) Pause Young (Allocation Failure)
[24.189s][info][gc,heap        ] GC(223) PSYoungGen: 144608K(237568K)->52416K(245760K) Eden: 52224K(52224K)->0K(52224K) From: 92384K(185344K)->52416K(193536K)
[24.189s][info][gc,heap        ] GC(223) ParOldGen: 3565470K(3680768K)->3658422K(3680768K)
[24.189s][info][gc,metaspace   ] GC(223) Metaspace: 6298K(6464K)->6298K(6464K) NonClass: 5765K(5824K)->5765K(5824K) Class: 533K(640K)->533K(640K)
[24.189s][info][gc             ] GC(223) Pause Young (Allocation Failure) 3623M->3623M(3834M) 103.142ms
[24.190s][info][gc,cpu         ] GC(223) User=0.31s Sys=0.44s Real=0.10s
[24.190s][info][gc,start       ] GC(224) Pause Full (Ergonomics)
[24.190s][info][gc,phases,start] GC(224) Marking Phase
[25.027s][info][gc,phases      ] GC(224) Marking Phase 836.995ms
[25.027s][info][gc,phases,start] GC(224) Summary Phase
[25.027s][info][gc,phases      ] GC(224) Summary Phase 0.055ms
[25.027s][info][gc,phases,start] GC(224) Adjust Roots
[25.027s][info][gc,phases      ] GC(224) Adjust Roots 0.164ms
[25.027s][info][gc,phases,start] GC(224) Compaction Phase
[25.373s][info][gc,phases      ] GC(224) Compaction Phase 346.319ms
[25.373s][info][gc,phases,start] GC(224) Post Compact
[25.380s][info][gc,phases      ] GC(224) Post Compact 6.709ms
[25.383s][info][gc,heap        ] GC(224) PSYoungGen: 52416K(245760K)->26638K(245760K) Eden: 0K(52224K)->0K(52224K) From: 52416K(193536K)->26638K(193536K)
[25.383s][info][gc,heap        ] GC(224) ParOldGen: 3658422K(3680768K)->3680740K(4104704K)
[25.383s][info][gc,metaspace   ] GC(224) Metaspace: 6298K(6464K)->6298K(6464K) NonClass: 5765K(5824K)->5765K(5824K) Class: 533K(640K)->533K(640K)
[25.383s][info][gc             ] GC(224) Pause Full (Ergonomics) 3623M->3620M(4248M) 1193.796ms
[25.383s][info][gc,cpu         ] GC(224) User=8.72s Sys=0.12s Real=1.19s
[25.437s][info][gc,start       ] GC(225) Pause Young (Allocation Failure)
[25.639s][info][gc,heap        ] GC(225) PSYoungGen: 78862K(245760K)->52416K(245248K) Eden: 52224K(52224K)->0K(57856K) From: 26638K(193536K)->52416K(187392K)
[25.639s][info][gc,heap        ] GC(225) ParOldGen: 3680740K(4104704K)->3707644K(4104704K)
[25.639s][info][gc,metaspace   ] GC(225) Metaspace: 6298K(6464K)->6298K(6464K) NonClass: 5765K(5824K)->5765K(5824K) Class: 533K(640K)->533K(640K)
[25.639s][info][gc             ] GC(225) Pause Young (Allocation Failure) 3671M->3671M(4248M) 202.184ms
[25.639s][info][gc,cpu         ] GC(225) User=1.30s Sys=0.17s Real=0.20s
[25.694s][info][gc,start       ] GC(226) Pause Young (Allocation Failure)
[25.769s][info][gc,heap        ] GC(226) PSYoungGen: 110272K(245248K)->58112K(248832K) Eden: 57856K(57856K)->0K(57856K) From: 52416K(187392K)->58112K(190976K)
[25.769s][info][gc,heap        ] GC(226) ParOldGen: 3707644K(4104704K)->3760324K(4104704K)
[25.769s][info][gc,metaspace   ] GC(226) Metaspace: 6298K(6464K)->6298K(6464K) NonClass: 5765K(5824K)->5765K(5824K) Class: 533K(640K)->533K(640K)
[25.769s][info][gc             ] GC(226) Pause Young (Allocation Failure) 3728M->3728M(4251M) 74.811ms
[25.769s][info][gc,cpu         ] GC(226) User=0.27s Sys=0.25s Real=0.07s
[25.832s][info][gc,start       ] GC(227) Pause Young (Allocation Failure)
[25.915s][info][gc,heap        ] GC(227) PSYoungGen: 115968K(248832K)->58080K(242176K) Eden: 57856K(57856K)->0K(64512K) From: 58112K(190976K)->58080K(177664K)
[25.915s][info][gc,heap        ] GC(227) ParOldGen: 3760324K(4104704K)->3818700K(4104704K)
[25.915s][info][gc,metaspace   ] GC(227) Metaspace: 6298K(6464K)->6298K(6464K) NonClass: 5765K(5824K)->5765K(5824K) Class: 533K(640K)->533K(640K)
[25.915s][info][gc             ] GC(227) Pause Young (Allocation Failure) 3785M->3785M(4245M) 83.055ms
[25.916s][info][gc,cpu         ] GC(227) User=0.27s Sys=0.20s Real=0.08s
[25.984s][info][gc,start       ] GC(228) Pause Young (Allocation Failure)
[26.067s][info][gc,heap        ] GC(228) PSYoungGen: 122592K(242176K)->64768K(246784K) Eden: 64512K(64512K)->0K(64512K) From: 58080K(177664K)->64768K(182272K)
[26.067s][info][gc,heap        ] GC(228) ParOldGen: 3818700K(4104704K)->3877084K(4104704K)
[26.067s][info][gc,metaspace   ] GC(228) Metaspace: 6298K(6464K)->6298K(6464K) NonClass: 5765K(5824K)->5765K(5824K) Class: 533K(640K)->533K(640K)
[26.067s][info][gc             ] GC(228) Pause Young (Allocation Failure) 3848M->3849M(4249M) 82.572ms
[26.067s][info][gc,cpu         ] GC(228) User=0.38s Sys=0.11s Real=0.08s
[26.129s][info][gc,start       ] GC(229) Pause Young (Allocation Failure)
[26.218s][info][gc,heap        ] GC(229) PSYoungGen: 129280K(246784K)->64736K(236032K) Eden: 64512K(64512K)->0K(72192K) From: 64768K(182272K)->64736K(163840K)
[26.218s][info][gc,heap        ] GC(229) ParOldGen: 3877084K(4104704K)->3942164K(4104704K)
[26.218s][info][gc,metaspace   ] GC(229) Metaspace: 6298K(6464K)->6298K(6464K) NonClass: 5765K(5824K)->5765K(5824K) Class: 533K(640K)->533K(640K)
[26.218s][info][gc             ] GC(229) Pause Young (Allocation Failure) 3912M->3912M(4239M) 88.593ms
[26.218s][info][gc,cpu         ] GC(229) User=0.34s Sys=0.27s Real=0.09s
[26.297s][info][gc,start       ] GC(230) Pause Young (Allocation Failure)
[26.388s][info][gc,heap        ] GC(230) PSYoungGen: 136928K(236032K)->72384K(242176K) Eden: 72192K(72192K)->0K(72192K) From: 64736K(163840K)->72384K(169984K)
[26.388s][info][gc,heap        ] GC(230) ParOldGen: 3942164K(4104704K)->4007244K(4104704K)
[26.388s][info][gc,metaspace   ] GC(230) Metaspace: 6298K(6464K)->6298K(6464K) NonClass: 5765K(5824K)->5765K(5824K) Class: 533K(640K)->533K(640K)
[26.388s][info][gc             ] GC(230) Pause Young (Allocation Failure) 3983M->3984M(4245M) 90.719ms
[26.388s][info][gc,cpu         ] GC(230) User=0.41s Sys=0.20s Real=0.09s
[26.388s][info][gc,start       ] GC(231) Pause Full (Ergonomics)
[26.388s][info][gc,phases,start] GC(231) Marking Phase
[27.289s][info][gc,phases      ] GC(231) Marking Phase 901.147ms
[27.289s][info][gc,phases,start] GC(231) Summary Phase
[27.289s][info][gc,phases      ] GC(231) Summary Phase 0.078ms
[27.289s][info][gc,phases,start] GC(231) Adjust Roots
[27.289s][info][gc,phases      ] GC(231) Adjust Roots 0.158ms
[27.289s][info][gc,phases,start] GC(231) Compaction Phase
[27.691s][info][gc,phases      ] GC(231) Compaction Phase 401.333ms
[27.691s][info][gc,phases,start] GC(231) Post Compact
[27.697s][info][gc,phases      ] GC(231) Post Compact 5.974ms
[27.700s][info][gc,heap        ] GC(231) PSYoungGen: 72384K(242176K)->0K(243200K) Eden: 0K(72192K)->0K(80384K) From: 72384K(169984K)->0K(162816K)
[27.700s][info][gc,heap        ] GC(231) ParOldGen: 4007244K(4104704K)->4076345K(4524032K)
[27.700s][info][gc,metaspace   ] GC(231) Metaspace: 6298K(6464K)->6298K(6464K) NonClass: 5765K(5824K)->5765K(5824K) Class: 533K(640K)->533K(640K)
[27.700s][info][gc             ] GC(231) Pause Full (Ergonomics) 3984M->3980M(4655M) 1312.585ms
[27.700s][info][gc,cpu         ] GC(231) User=9.56s Sys=0.23s Real=1.31s
[27.790s][info][gc,start       ] GC(232) Pause Young (Allocation Failure)
[27.849s][info][gc,heap        ] GC(232) PSYoungGen: 80384K(243200K)->80672K(161280K) Eden: 80384K(80384K)->0K(80384K) From: 0K(162816K)->80672K(80896K)
[27.849s][info][gc,heap        ] GC(232) ParOldGen: 4076345K(4524032K)->4076345K(4524032K)
[27.849s][info][gc,metaspace   ] GC(232) Metaspace: 6298K(6464K)->6298K(6464K) NonClass: 5765K(5824K)->5765K(5824K) Class: 533K(640K)->533K(640K)
[27.849s][info][gc             ] GC(232) Pause Young (Allocation Failure) 4059M->4059M(4575M) 58.967ms
[27.849s][info][gc,cpu         ] GC(232) User=0.19s Sys=0.00s Real=0.06s
[27.929s][info][gc,start       ] GC(233) Pause Young (Allocation Failure)
[28.015s][info][gc,heap        ] GC(233) PSYoungGen: 161056K(161280K)->154624K(219648K) Eden: 80384K(80384K)->0K(65024K) From: 80672K(80896K)->154624K(154624K)
[28.015s][info][gc,heap        ] GC(233) ParOldGen: 4076345K(4524032K)->4082857K(4524032K)
[28.015s][info][gc,metaspace   ] GC(233) Metaspace: 6298K(6464K)->6298K(6464K) NonClass: 5765K(5824K)->5765K(5824K) Class: 533K(640K)->533K(640K)
[28.015s][info][gc             ] GC(233) Pause Young (Allocation Failure) 4138M->4138M(4632M) 86.260ms
[28.015s][info][gc,cpu         ] GC(233) User=0.42s Sys=0.00s Real=0.09s
[28.089s][info][gc,start       ] GC(234) Pause Young (Allocation Failure)
[28.260s][info][gc,heap        ] GC(234) PSYoungGen: 219648K(219648K)->65248K(242176K) Eden: 65024K(65024K)->0K(65024K) From: 154624K(154624K)->65248K(177152K)
[28.260s][info][gc,heap        ] GC(234) ParOldGen: 4082857K(4524032K)->4238553K(4524032K)
[28.260s][info][gc,metaspace   ] GC(234) Metaspace: 6298K(6464K)->6298K(6464K) NonClass: 5765K(5824K)->5765K(5824K) Class: 533K(640K)->533K(640K)
[28.260s][info][gc             ] GC(234) Pause Young (Allocation Failure) 4201M->4202M(4654M) 171.368ms
[28.260s][info][gc,cpu         ] GC(234) User=0.70s Sys=0.56s Real=0.17s
[28.342s][info][gc,start       ] GC(235) Pause Young (Allocation Failure)
[28.447s][info][gc,heap        ] GC(235) PSYoungGen: 130272K(242176K)->65248K(235008K) Eden: 65024K(65024K)->0K(72192K) From: 65248K(177152K)->65248K(162816K)
[28.447s][info][gc,heap        ] GC(235) ParOldGen: 4238553K(4524032K)->4304161K(4524032K)
[28.447s][info][gc,metaspace   ] GC(235) Metaspace: 6298K(6464K)->6298K(6464K) NonClass: 5765K(5824K)->5765K(5824K) Class: 533K(640K)->533K(640K)
[28.447s][info][gc             ] GC(235) Pause Young (Allocation Failure) 4266M->4267M(4647M) 105.341ms
[28.447s][info][gc,cpu         ] GC(235) User=0.41s Sys=0.39s Real=0.11s
[28.523s][info][gc,start       ] GC(236) Pause Young (Allocation Failure)
[28.630s][info][gc,heap        ] GC(236) PSYoungGen: 137440K(235008K)->72448K(239616K) Eden: 72192K(72192K)->0K(72192K) From: 65248K(162816K)->72448K(167424K)
[28.630s][info][gc,heap        ] GC(236) ParOldGen: 4304161K(4524032K)->4369769K(4524032K)
[28.630s][info][gc,metaspace   ] GC(236) Metaspace: 6298K(6464K)->6298K(6464K) NonClass: 5765K(5824K)->5765K(5824K) Class: 533K(640K)->533K(640K)
[28.630s][info][gc             ] GC(236) Pause Young (Allocation Failure) 4337M->4338M(4652M) 106.939ms
[28.630s][info][gc,cpu         ] GC(236) User=0.36s Sys=0.41s Real=0.11s
[28.708s][info][gc,start       ] GC(237) Pause Young (Allocation Failure)
[28.825s][info][gc,heap        ] GC(237) PSYoungGen: 144640K(239616K)->72480K(230400K) Eden: 72192K(72192K)->0K(80896K) From: 72448K(167424K)->72480K(149504K)
[28.825s][info][gc,heap        ] GC(237) ParOldGen: 4369769K(4524032K)->4442601K(4524032K)
[28.825s][info][gc,metaspace   ] GC(237) Metaspace: 6298K(6464K)->6298K(6464K) NonClass: 5765K(5824K)->5765K(5824K) Class: 533K(640K)->533K(640K)
[28.826s][info][gc             ] GC(237) Pause Young (Allocation Failure) 4408M->4409M(4643M) 117.241ms
[28.826s][info][gc,cpu         ] GC(237) User=0.50s Sys=0.28s Real=0.12s
[28.826s][info][gc,start       ] GC(238) Pause Full (Ergonomics)
[28.826s][info][gc,phases,start] GC(238) Marking Phase
[29.816s][info][gc,phases      ] GC(238) Marking Phase 990.015ms
[29.816s][info][gc,phases,start] GC(238) Summary Phase
[29.816s][info][gc,phases      ] GC(238) Summary Phase 0.098ms
[29.816s][info][gc,phases,start] GC(238) Adjust Roots
[29.816s][info][gc,phases      ] GC(238) Adjust Roots 0.166ms
[29.816s][info][gc,phases,start] GC(238) Compaction Phase
[30.238s][info][gc,phases      ] GC(238) Compaction Phase 422.386ms
[30.238s][info][gc,phases,start] GC(238) Post Compact
[30.246s][info][gc,phases      ] GC(238) Post Compact 7.170ms
[30.248s][info][gc,heap        ] GC(238) PSYoungGen: 72480K(230400K)->0K(236032K) Eden: 0K(80896K)->0K(80896K) From: 72480K(149504K)->0K(155136K)
[30.248s][info][gc,heap        ] GC(238) ParOldGen: 4442601K(4524032K)->4511362K(4779008K)
[30.248s][info][gc,metaspace   ] GC(238) Metaspace: 6298K(6464K)->6298K(6464K) NonClass: 5765K(5824K)->5765K(5824K) Class: 533K(640K)->533K(640K)
[30.248s][info][gc             ] GC(238) Pause Full (Ergonomics) 4409M->4405M(4897M) 1422.365ms
[30.248s][info][gc,cpu         ] GC(238) User=10.36s Sys=0.20s Real=1.42s
[30.349s][info][gc,start       ] GC(239) Pause Young (Allocation Failure)
[30.414s][info][gc,heap        ] GC(239) PSYoungGen: 80896K(236032K)->81152K(227840K) Eden: 80896K(80896K)->0K(88576K) From: 0K(155136K)->81152K(139264K)
[30.414s][info][gc,heap        ] GC(239) ParOldGen: 4511362K(4779008K)->4511362K(4779008K)
[30.414s][info][gc,metaspace   ] GC(239) Metaspace: 6298K(6464K)->6298K(6464K) NonClass: 5765K(5824K)->5765K(5824K) Class: 533K(640K)->533K(640K)
[30.414s][info][gc             ] GC(239) Pause Young (Allocation Failure) 4484M->4484M(4889M) 65.472ms
[30.414s][info][gc,cpu         ] GC(239) User=0.19s Sys=0.00s Real=0.07s
[30.511s][info][gc,start       ] GC(240) Pause Young (Allocation Failure)
[30.607s][info][gc,heap        ] GC(240) PSYoungGen: 169728K(227840K)->147968K(236544K) Eden: 88576K(88576K)->0K(88576K) From: 81152K(139264K)->147968K(147968K)
[30.607s][info][gc,heap        ] GC(240) ParOldGen: 4511362K(4779008K)->4533354K(4779008K)
[30.607s][info][gc,metaspace   ] GC(240) Metaspace: 6298K(6464K)->6298K(6464K) NonClass: 5765K(5824K)->5765K(5824K) Class: 533K(640K)->533K(640K)
[30.607s][info][gc             ] GC(240) Pause Young (Allocation Failure) 4571M->4571M(4898M) 96.392ms
[30.607s][info][gc,cpu         ] GC(240) User=0.53s Sys=0.09s Real=0.10s
[30.704s][info][gc,start       ] GC(241) Pause Young (Allocation Failure)
[30.913s][info][gc,heap        ] GC(241) PSYoungGen: 236544K(236544K)->88832K(256512K) Eden: 88576K(88576K)->0K(97792K) From: 147968K(147968K)->88832K(158720K)
[30.913s][info][gc,heap        ] GC(241) ParOldGen: 4533354K(4779008K)->4682394K(4779008K)
[30.913s][info][gc,metaspace   ] GC(241) Metaspace: 6298K(6464K)->6298K(6464K) NonClass: 5765K(5824K)->5765K(5824K) Class: 533K(640K)->533K(640K)
[30.913s][info][gc             ] GC(241) Pause Young (Allocation Failure) 4658M->4659M(4917M) 208.637ms
[30.913s][info][gc,cpu         ] GC(241) User=0.75s Sys=0.77s Real=0.21s
[30.913s][info][gc,start       ] GC(242) Pause Full (Ergonomics)
[30.913s][info][gc,phases,start] GC(242) Marking Phase
[31.959s][info][gc,phases      ] GC(242) Marking Phase 1045.718ms
[31.959s][info][gc,phases,start] GC(242) Summary Phase
[31.959s][info][gc,phases      ] GC(242) Summary Phase 0.094ms
[31.959s][info][gc,phases,start] GC(242) Adjust Roots
[31.959s][info][gc,phases      ] GC(242) Adjust Roots 0.169ms
[31.959s][info][gc,phases,start] GC(242) Compaction Phase
[32.307s][info][gc,phases      ] GC(242) Compaction Phase 347.482ms
[32.307s][info][gc,phases,start] GC(242) Post Compact
[32.321s][info][gc,phases      ] GC(242) Post Compact 14.678ms
[32.322s][info][gc,heap        ] GC(242) PSYoungGen: 88832K(256512K)->0K(263680K) Eden: 0K(97792K)->0K(97792K) From: 88832K(158720K)->0K(165888K)
[32.322s][info][gc,heap        ] GC(242) ParOldGen: 4682394K(4779008K)->4769317K(4779008K)
[32.322s][info][gc,metaspace   ] GC(242) Metaspace: 6298K(6464K)->6298K(6464K) NonClass: 5765K(5824K)->5765K(5824K) Class: 533K(640K)->533K(640K)
[32.322s][info][gc             ] GC(242) Pause Full (Ergonomics) 4659M->4657M(4924M) 1408.623ms
[32.322s][info][gc,cpu         ] GC(242) User=10.70s Sys=0.22s Real=1.41s
[32.432s][info][gc,start       ] GC(243) Pause Full (Ergonomics)
[32.432s][info][gc,phases,start] GC(243) Marking Phase
[33.515s][info][gc,phases      ] GC(243) Marking Phase 1082.561ms
[33.515s][info][gc,phases,start] GC(243) Summary Phase
[33.515s][info][gc,phases      ] GC(243) Summary Phase 0.056ms
[33.515s][info][gc,phases,start] GC(243) Adjust Roots
[33.515s][info][gc,phases      ] GC(243) Adjust Roots 0.162ms
[33.515s][info][gc,phases,start] GC(243) Compaction Phase
[33.813s][info][gc,phases      ] GC(243) Compaction Phase 297.814ms
[33.813s][info][gc,phases,start] GC(243) Post Compact
[33.819s][info][gc,phases      ] GC(243) Post Compact 5.928ms
[33.819s][info][gc,heap        ] GC(243) PSYoungGen: 97792K(263680K)->88543K(263680K) Eden: 97792K(97792K)->88543K(97792K) From: 0K(165888K)->0K(165888K)
[33.819s][info][gc,heap        ] GC(243) ParOldGen: 4769317K(4779008K)->4778530K(4779008K)
[33.819s][info][gc,metaspace   ] GC(243) Metaspace: 6298K(6464K)->6298K(6464K) NonClass: 5765K(5824K)->5765K(5824K) Class: 533K(640K)->533K(640K)
[33.819s][info][gc             ] GC(243) Pause Full (Ergonomics) 4753M->4753M(4924M) 1386.863ms
[33.819s][info][gc,cpu         ] GC(243) User=10.59s Sys=0.02s Real=1.39s
[33.830s][info][gc,start       ] GC(244) Pause Full (Ergonomics)
[33.830s][info][gc,phases,start] GC(244) Marking Phase
[34.901s][info][gc,phases      ] GC(244) Marking Phase 1070.375ms
[34.901s][info][gc,phases,start] GC(244) Summary Phase
[34.901s][info][gc,phases      ] GC(244) Summary Phase 0.053ms
[34.901s][info][gc,phases,start] GC(244) Adjust Roots
[34.901s][info][gc,phases      ] GC(244) Adjust Roots 0.161ms
[34.901s][info][gc,phases,start] GC(244) Compaction Phase
[35.197s][info][gc,phases      ] GC(244) Compaction Phase 296.274ms
[35.197s][info][gc,phases,start] GC(244) Post Compact
[35.204s][info][gc,phases      ] GC(244) Post Compact 6.537ms
[35.204s][info][gc,heap        ] GC(244) PSYoungGen: 97792K(263680K)->97788K(263680K) Eden: 97792K(97792K)->97788K(97792K) From: 0K(165888K)->0K(165888K)
[35.204s][info][gc,heap        ] GC(244) ParOldGen: 4778530K(4779008K)->4778530K(4779008K)
[35.204s][info][gc,metaspace   ] GC(244) Metaspace: 6298K(6464K)->6298K(6464K) NonClass: 5765K(5824K)->5765K(5824K) Class: 533K(640K)->533K(640K)
[35.204s][info][gc             ] GC(244) Pause Full (Ergonomics) 4762M->4762M(4924M) 1373.762ms
[35.204s][info][gc,cpu         ] GC(244) User=10.52s Sys=0.00s Real=1.37s
[35.204s][info][gc,start       ] GC(245) Pause Full (Ergonomics)
[35.204s][info][gc,phases,start] GC(245) Marking Phase
[36.279s][info][gc,phases      ] GC(245) Marking Phase 1074.671ms
[36.279s][info][gc,phases,start] GC(245) Summary Phase
[36.279s][info][gc,phases      ] GC(245) Summary Phase 0.053ms
[36.279s][info][gc,phases,start] GC(245) Adjust Roots
[36.279s][info][gc,phases      ] GC(245) Adjust Roots 0.159ms
[36.279s][info][gc,phases,start] GC(245) Compaction Phase
[36.571s][info][gc,phases      ] GC(245) Compaction Phase 292.337ms
[36.571s][info][gc,phases,start] GC(245) Post Compact
[36.579s][info][gc,phases      ] GC(245) Post Compact 7.609ms
[36.579s][info][gc,heap        ] GC(245) PSYoungGen: 97792K(263680K)->97791K(263680K) Eden: 97792K(97792K)->97791K(97792K) From: 0K(165888K)->0K(165888K)
[36.579s][info][gc,heap        ] GC(245) ParOldGen: 4778530K(4779008K)->4778530K(4779008K)
[36.579s][info][gc,metaspace   ] GC(245) Metaspace: 6298K(6464K)->6298K(6464K) NonClass: 5765K(5824K)->5765K(5824K) Class: 533K(640K)->533K(640K)
[36.579s][info][gc             ] GC(245) Pause Full (Ergonomics) 4762M->4762M(4924M) 1375.171ms
[36.579s][info][gc,cpu         ] GC(245) User=10.64s Sys=0.00s Real=1.38s
[36.579s][info][gc,start       ] GC(246) Pause Full (Ergonomics)
[36.579s][info][gc,phases,start] GC(246) Marking Phase
[37.659s][info][gc,phases      ] GC(246) Marking Phase 1079.255ms
[37.659s][info][gc,phases,start] GC(246) Summary Phase
[37.659s][info][gc,phases      ] GC(246) Summary Phase 0.053ms
[37.659s][info][gc,phases,start] GC(246) Adjust Roots
[37.659s][info][gc,phases      ] GC(246) Adjust Roots 0.159ms
[37.659s][info][gc,phases,start] GC(246) Compaction Phase
[37.963s][info][gc,phases      ] GC(246) Compaction Phase 303.510ms
[37.963s][info][gc,phases,start] GC(246) Post Compact
[37.969s][info][gc,phases      ] GC(246) Post Compact 6.603ms
[37.969s][info][gc,heap        ] GC(246) PSYoungGen: 97791K(263680K)->97791K(263680K) Eden: 97791K(97792K)->97791K(97792K) From: 0K(165888K)->0K(165888K)
[37.969s][info][gc,heap        ] GC(246) ParOldGen: 4778530K(4779008K)->4778530K(4779008K)
[37.969s][info][gc,metaspace   ] GC(246) Metaspace: 6298K(6464K)->6298K(6464K) NonClass: 5765K(5824K)->5765K(5824K) Class: 533K(640K)->533K(640K)
[37.969s][info][gc             ] GC(246) Pause Full (Ergonomics) 4762M->4762M(4924M) 1389.892ms
[37.969s][info][gc,cpu         ] GC(246) User=10.66s Sys=0.00s Real=1.39s
[37.969s][info][gc,start       ] GC(247) Pause Full (Ergonomics)
[37.970s][info][gc,phases,start] GC(247) Marking Phase
[39.040s][info][gc,phases      ] GC(247) Marking Phase 1070.242ms
[39.040s][info][gc,phases,start] GC(247) Summary Phase
[39.040s][info][gc,phases      ] GC(247) Summary Phase 0.053ms
[39.040s][info][gc,phases,start] GC(247) Adjust Roots
[39.040s][info][gc,phases      ] GC(247) Adjust Roots 0.162ms
[39.040s][info][gc,phases,start] GC(247) Compaction Phase
[39.343s][info][gc,phases      ] GC(247) Compaction Phase 302.690ms
[39.343s][info][gc,phases,start] GC(247) Post Compact
[39.350s][info][gc,phases      ] GC(247) Post Compact 7.371ms
[39.350s][info][gc,heap        ] GC(247) PSYoungGen: 97791K(263680K)->97791K(263680K) Eden: 97791K(97792K)->97791K(97792K) From: 0K(165888K)->0K(165888K)
[39.350s][info][gc,heap        ] GC(247) ParOldGen: 4778535K(4779008K)->4778535K(4779008K)
[39.350s][info][gc,metaspace   ] GC(247) Metaspace: 6298K(6464K)->6298K(6464K) NonClass: 5765K(5824K)->5765K(5824K) Class: 533K(640K)->533K(640K)
[39.350s][info][gc             ] GC(247) Pause Full (Ergonomics) 4762M->4762M(4924M) 1380.841ms
[39.350s][info][gc,cpu         ] GC(247) User=10.58s Sys=0.00s Real=1.38s
[39.351s][info][gc,start       ] GC(248) Pause Full (Ergonomics)
[39.351s][info][gc,phases,start] GC(248) Marking Phase
[40.420s][info][gc,phases      ] GC(248) Marking Phase 1069.453ms
[40.420s][info][gc,phases,start] GC(248) Summary Phase
[40.420s][info][gc,phases      ] GC(248) Summary Phase 0.096ms
[40.420s][info][gc,phases,start] GC(248) Adjust Roots
[40.420s][info][gc,phases      ] GC(248) Adjust Roots 0.251ms
[40.421s][info][gc,phases,start] GC(248) Compaction Phase
[40.721s][info][gc,phases      ] GC(248) Compaction Phase 300.054ms
[40.721s][info][gc,phases,start] GC(248) Post Compact
[40.727s][info][gc,phases      ] GC(248) Post Compact 6.106ms
[40.727s][info][gc,heap        ] GC(248) PSYoungGen: 97791K(263680K)->97791K(263680K) Eden: 97791K(97792K)->97791K(97792K) From: 0K(165888K)->0K(165888K)
[40.727s][info][gc,heap        ] GC(248) ParOldGen: 4778540K(4779008K)->4778540K(4779008K)
[40.727s][info][gc,metaspace   ] GC(248) Metaspace: 6298K(6464K)->6298K(6464K) NonClass: 5765K(5824K)->5765K(5824K) Class: 533K(640K)->533K(640K)
[40.727s][info][gc             ] GC(248) Pause Full (Ergonomics) 4762M->4762M(4924M) 1376.335ms
[40.727s][info][gc,cpu         ] GC(248) User=10.64s Sys=0.00s Real=1.38s
[40.727s][info][gc,start       ] GC(249) Pause Full (Ergonomics)
[40.727s][info][gc,phases,start] GC(249) Marking Phase
[41.792s][info][gc,phases      ] GC(249) Marking Phase 1064.426ms
[41.792s][info][gc,phases,start] GC(249) Summary Phase
[41.792s][info][gc,phases      ] GC(249) Summary Phase 0.075ms
[41.792s][info][gc,phases,start] GC(249) Adjust Roots
[41.792s][info][gc,phases      ] GC(249) Adjust Roots 0.202ms
[41.792s][info][gc,phases,start] GC(249) Compaction Phase
[42.103s][info][gc,phases      ] GC(249) Compaction Phase 311.381ms
[42.103s][info][gc,phases,start] GC(249) Post Compact
[42.111s][info][gc,phases      ] GC(249) Post Compact 7.515ms
[42.111s][info][gc,heap        ] GC(249) PSYoungGen: 97791K(263680K)->97791K(263680K) Eden: 97791K(97792K)->97791K(97792K) From: 0K(165888K)->0K(165888K)
[42.111s][info][gc,heap        ] GC(249) ParOldGen: 4778545K(4779008K)->4778545K(4779008K)
[42.111s][info][gc,metaspace   ] GC(249) Metaspace: 6298K(6464K)->6298K(6464K) NonClass: 5765K(5824K)->5765K(5824K) Class: 533K(640K)->533K(640K)
[42.111s][info][gc             ] GC(249) Pause Full (Ergonomics) 4762M->4762M(4924M) 1383.944ms
[42.111s][info][gc,cpu         ] GC(249) User=10.64s Sys=0.00s Real=1.38s
[42.111s][info][gc,start       ] GC(250) Pause Full (Ergonomics)
[42.111s][info][gc,phases,start] GC(250) Marking Phase
[43.195s][info][gc,phases      ] GC(250) Marking Phase 1083.792ms
[43.195s][info][gc,phases,start] GC(250) Summary Phase
[43.195s][info][gc,phases      ] GC(250) Summary Phase 0.055ms
[43.195s][info][gc,phases,start] GC(250) Adjust Roots
[43.195s][info][gc,phases      ] GC(250) Adjust Roots 0.165ms
[43.195s][info][gc,phases,start] GC(250) Compaction Phase
[43.519s][info][gc,phases      ] GC(250) Compaction Phase 323.683ms
[43.519s][info][gc,phases,start] GC(250) Post Compact
[43.526s][info][gc,phases      ] GC(250) Post Compact 6.990ms
[43.526s][info][gc,heap        ] GC(250) PSYoungGen: 97791K(263680K)->97791K(263680K) Eden: 97791K(97792K)->97791K(97792K) From: 0K(165888K)->0K(165888K)
[43.526s][info][gc,heap        ] GC(250) ParOldGen: 4778549K(4779008K)->4778549K(4779008K)
[43.526s][info][gc,metaspace   ] GC(250) Metaspace: 6298K(6464K)->6298K(6464K) NonClass: 5765K(5824K)->5765K(5824K) Class: 533K(640K)->533K(640K)
[43.526s][info][gc             ] GC(250) Pause Full (Ergonomics) 4762M->4762M(4924M) 1415.026ms
[43.526s][info][gc,cpu         ] GC(250) User=10.70s Sys=0.00s Real=1.42s
[43.526s][info][gc,start       ] GC(251) Pause Full (Ergonomics)
[43.526s][info][gc,phases,start] GC(251) Marking Phase
[44.608s][info][gc,phases      ] GC(251) Marking Phase 1081.893ms
[44.608s][info][gc,phases,start] GC(251) Summary Phase
[44.608s][info][gc,phases      ] GC(251) Summary Phase 0.053ms
[44.608s][info][gc,phases,start] GC(251) Adjust Roots
[44.609s][info][gc,phases      ] GC(251) Adjust Roots 0.232ms
[44.609s][info][gc,phases,start] GC(251) Compaction Phase
[44.914s][info][gc,phases      ] GC(251) Compaction Phase 305.628ms
[44.914s][info][gc,phases,start] GC(251) Post Compact
[44.921s][info][gc,phases      ] GC(251) Post Compact 6.391ms
[44.921s][info][gc,heap        ] GC(251) PSYoungGen: 97791K(263680K)->97791K(263680K) Eden: 97791K(97792K)->97791K(97792K) From: 0K(165888K)->0K(165888K)
[44.921s][info][gc,heap        ] GC(251) ParOldGen: 4778554K(4779008K)->4778554K(4779008K)
[44.921s][info][gc,metaspace   ] GC(251) Metaspace: 6298K(6464K)->6298K(6464K) NonClass: 5765K(5824K)->5765K(5824K) Class: 533K(640K)->533K(640K)
[44.921s][info][gc             ] GC(251) Pause Full (Ergonomics) 4762M->4762M(4924M) 1394.519ms
[44.921s][info][gc,cpu         ] GC(251) User=10.78s Sys=0.00s Real=1.39s
[44.921s][info][gc,start       ] GC(252) Pause Full (Ergonomics)
[44.921s][info][gc,phases,start] GC(252) Marking Phase
[46.035s][info][gc,phases      ] GC(252) Marking Phase 1114.241ms
[46.035s][info][gc,phases,start] GC(252) Summary Phase
[46.036s][info][gc,phases      ] GC(252) Summary Phase 0.053ms
[46.036s][info][gc,phases,start] GC(252) Adjust Roots
[46.036s][info][gc,phases      ] GC(252) Adjust Roots 0.160ms
[46.036s][info][gc,phases,start] GC(252) Compaction Phase
[46.350s][info][gc,phases      ] GC(252) Compaction Phase 314.304ms
[46.350s][info][gc,phases,start] GC(252) Post Compact
[46.358s][info][gc,phases      ] GC(252) Post Compact 8.082ms
[46.358s][info][gc,heap        ] GC(252) PSYoungGen: 97791K(263680K)->97791K(263680K) Eden: 97791K(97792K)->97791K(97792K) From: 0K(165888K)->0K(165888K)
[46.358s][info][gc,heap        ] GC(252) ParOldGen: 4778559K(4779008K)->4778559K(4779008K)
[46.358s][info][gc,metaspace   ] GC(252) Metaspace: 6298K(6464K)->6298K(6464K) NonClass: 5765K(5824K)->5765K(5824K) Class: 533K(640K)->533K(640K)
[46.358s][info][gc             ] GC(252) Pause Full (Ergonomics) 4762M->4762M(4924M) 1437.183ms
[46.358s][info][gc,cpu         ] GC(252) User=10.97s Sys=0.02s Real=1.44s
[46.359s][info][gc,start       ] GC(253) Pause Full (Ergonomics)
[46.359s][info][gc,phases,start] GC(253) Marking Phase
[47.430s][info][gc,phases      ] GC(253) Marking Phase 1071.364ms
[47.430s][info][gc,phases,start] GC(253) Summary Phase
[47.430s][info][gc,phases      ] GC(253) Summary Phase 0.053ms
[47.430s][info][gc,phases,start] GC(253) Adjust Roots
[47.430s][info][gc,phases      ] GC(253) Adjust Roots 0.163ms
[47.430s][info][gc,phases,start] GC(253) Compaction Phase
[47.749s][info][gc,phases      ] GC(253) Compaction Phase 318.926ms
[47.749s][info][gc,phases,start] GC(253) Post Compact
[47.756s][info][gc,phases      ] GC(253) Post Compact 7.196ms
[47.757s][info][gc,heap        ] GC(253) PSYoungGen: 97791K(263680K)->97791K(263680K) Eden: 97791K(97792K)->97791K(97792K) From: 0K(165888K)->0K(165888K)
[47.757s][info][gc,heap        ] GC(253) ParOldGen: 4778564K(4779008K)->4778564K(4779008K)
[47.757s][info][gc,metaspace   ] GC(253) Metaspace: 6298K(6464K)->6298K(6464K) NonClass: 5765K(5824K)->5765K(5824K) Class: 533K(640K)->533K(640K)
[47.757s][info][gc             ] GC(253) Pause Full (Ergonomics) 4762M->4762M(4924M) 1398.034ms
[47.757s][info][gc,cpu         ] GC(253) User=10.77s Sys=0.00s Real=1.40s
[47.757s][info][gc,start       ] GC(254) Pause Full (Ergonomics)
[47.757s][info][gc,phases,start] GC(254) Marking Phase
[48.843s][info][gc,phases      ] GC(254) Marking Phase 1086.436ms
[48.843s][info][gc,phases,start] GC(254) Summary Phase
[48.843s][info][gc,phases      ] GC(254) Summary Phase 0.053ms
[48.843s][info][gc,phases,start] GC(254) Adjust Roots
[48.844s][info][gc,phases      ] GC(254) Adjust Roots 0.168ms
[48.844s][info][gc,phases,start] GC(254) Compaction Phase
[49.172s][info][gc,phases      ] GC(254) Compaction Phase 328.429ms
[49.172s][info][gc,phases,start] GC(254) Post Compact
[49.179s][info][gc,phases      ] GC(254) Post Compact 7.419ms
[49.180s][info][gc,heap        ] GC(254) PSYoungGen: 97791K(263680K)->97791K(263680K) Eden: 97791K(97792K)->97791K(97792K) From: 0K(165888K)->0K(165888K)
[49.180s][info][gc,heap        ] GC(254) ParOldGen: 4778569K(4779008K)->4778569K(4779008K)
[49.180s][info][gc,metaspace   ] GC(254) Metaspace: 6298K(6464K)->6298K(6464K) NonClass: 5765K(5824K)->5765K(5824K) Class: 533K(640K)->533K(640K)
[49.180s][info][gc             ] GC(254) Pause Full (Ergonomics) 4762M->4762M(4924M) 1422.814ms
[49.180s][info][gc,cpu         ] GC(254) User=10.83s Sys=0.00s Real=1.42s
[49.180s][info][gc,start       ] GC(255) Pause Full (Ergonomics)
[49.180s][info][gc,phases,start] GC(255) Marking Phase
[50.283s][info][gc,phases      ] GC(255) Marking Phase 1103.558ms
[50.283s][info][gc,phases,start] GC(255) Summary Phase
[50.284s][info][gc,phases      ] GC(255) Summary Phase 0.068ms
[50.284s][info][gc,phases,start] GC(255) Adjust Roots
[50.284s][info][gc,phases      ] GC(255) Adjust Roots 0.186ms
[50.284s][info][gc,phases,start] GC(255) Compaction Phase
[50.611s][info][gc,phases      ] GC(255) Compaction Phase 327.066ms
[50.611s][info][gc,phases,start] GC(255) Post Compact
[50.617s][info][gc,phases      ] GC(255) Post Compact 6.096ms
[50.617s][info][gc,heap        ] GC(255) PSYoungGen: 97791K(263680K)->97791K(263680K) Eden: 97791K(97792K)->97791K(97792K) From: 0K(165888K)->0K(165888K)
[50.617s][info][gc,heap        ] GC(255) ParOldGen: 4778574K(4779008K)->4778574K(4779008K)
[50.617s][info][gc,metaspace   ] GC(255) Metaspace: 6298K(6464K)->6298K(6464K) NonClass: 5765K(5824K)->5765K(5824K) Class: 533K(640K)->533K(640K)
[50.617s][info][gc             ] GC(255) Pause Full (Ergonomics) 4762M->4762M(4924M) 1437.286ms
[50.617s][info][gc,cpu         ] GC(255) User=10.98s Sys=0.00s Real=1.44s
[50.617s][info][gc,start       ] GC(256) Pause Full (Ergonomics)
[50.617s][info][gc,phases,start] GC(256) Marking Phase
[51.676s][info][gc,phases      ] GC(256) Marking Phase 1058.453ms
[51.676s][info][gc,phases,start] GC(256) Summary Phase
[51.676s][info][gc,phases      ] GC(256) Summary Phase 0.052ms
[51.676s][info][gc,phases,start] GC(256) Adjust Roots
[51.676s][info][gc,phases      ] GC(256) Adjust Roots 0.160ms
[51.676s][info][gc,phases,start] GC(256) Compaction Phase
[51.989s][info][gc,phases      ] GC(256) Compaction Phase 312.616ms
[51.989s][info][gc,phases,start] GC(256) Post Compact
[51.995s][info][gc,phases      ] GC(256) Post Compact 6.145ms
[51.995s][info][gc,heap        ] GC(256) PSYoungGen: 97791K(263680K)->97791K(263680K) Eden: 97791K(97792K)->97791K(97792K) From: 0K(165888K)->0K(165888K)
[51.995s][info][gc,heap        ] GC(256) ParOldGen: 4778578K(4779008K)->4778578K(4779008K)
[51.995s][info][gc,metaspace   ] GC(256) Metaspace: 6298K(6464K)->6298K(6464K) NonClass: 5765K(5824K)->5765K(5824K) Class: 533K(640K)->533K(640K)
[51.995s][info][gc             ] GC(256) Pause Full (Ergonomics) 4762M->4762M(4924M) 1377.850ms
[51.995s][info][gc,cpu         ] GC(256) User=10.62s Sys=0.00s Real=1.38s
[51.995s][info][gc,start       ] GC(257) Pause Full (Ergonomics)
[51.995s][info][gc,phases,start] GC(257) Marking Phase
[53.092s][info][gc,phases      ] GC(257) Marking Phase 1096.285ms
[53.092s][info][gc,phases,start] GC(257) Summary Phase
[53.092s][info][gc,phases      ] GC(257) Summary Phase 0.054ms
[53.092s][info][gc,phases,start] GC(257) Adjust Roots
[53.092s][info][gc,phases      ] GC(257) Adjust Roots 0.163ms
[53.092s][info][gc,phases,start] GC(257) Compaction Phase
[53.420s][info][gc,phases      ] GC(257) Compaction Phase 328.321ms
[53.420s][info][gc,phases,start] GC(257) Post Compact
[53.427s][info][gc,phases      ] GC(257) Post Compact 6.848ms
[53.427s][info][gc,heap        ] GC(257) PSYoungGen: 97791K(263680K)->97791K(263680K) Eden: 97791K(97792K)->97791K(97792K) From: 0K(165888K)->0K(165888K)
[53.427s][info][gc,heap        ] GC(257) ParOldGen: 4778583K(4779008K)->4778583K(4779008K)
[53.427s][info][gc,metaspace   ] GC(257) Metaspace: 6298K(6464K)->6298K(6464K) NonClass: 5765K(5824K)->5765K(5824K) Class: 533K(640K)->533K(640K)
[53.427s][info][gc             ] GC(257) Pause Full (Ergonomics) 4762M->4762M(4924M) 1431.976ms
[53.427s][info][gc,cpu         ] GC(257) User=11.16s Sys=0.00s Real=1.43s
[53.427s][info][gc,start       ] GC(258) Pause Full (Ergonomics)
[53.428s][info][gc,phases,start] GC(258) Marking Phase
[54.527s][info][gc,phases      ] GC(258) Marking Phase 1099.826ms
[54.527s][info][gc,phases,start] GC(258) Summary Phase
[54.527s][info][gc,phases      ] GC(258) Summary Phase 0.053ms
[54.527s][info][gc,phases,start] GC(258) Adjust Roots
[54.528s][info][gc,phases      ] GC(258) Adjust Roots 0.168ms
[54.528s][info][gc,phases,start] GC(258) Compaction Phase
[54.866s][info][gc,phases      ] GC(258) Compaction Phase 337.997ms
[54.866s][info][gc,phases,start] GC(258) Post Compact
[54.873s][info][gc,phases      ] GC(258) Post Compact 7.007ms
[54.873s][info][gc,heap        ] GC(258) PSYoungGen: 97791K(263680K)->97791K(263680K) Eden: 97791K(97792K)->97791K(97792K) From: 0K(165888K)->0K(165888K)
[54.873s][info][gc,heap        ] GC(258) ParOldGen: 4778588K(4779008K)->4778588K(4779008K)
[54.873s][info][gc,metaspace   ] GC(258) Metaspace: 6298K(6464K)->6298K(6464K) NonClass: 5765K(5824K)->5765K(5824K) Class: 533K(640K)->533K(640K)
[54.873s][info][gc             ] GC(258) Pause Full (Ergonomics) 4762M->4762M(4924M) 1445.361ms
[54.873s][info][gc,cpu         ] GC(258) User=11.05s Sys=0.00s Real=1.45s
[54.873s][info][gc,start       ] GC(259) Pause Full (Ergonomics)
[54.873s][info][gc,phases,start] GC(259) Marking Phase
[55.982s][info][gc,phases      ] GC(259) Marking Phase 1108.768ms
[55.982s][info][gc,phases,start] GC(259) Summary Phase
[55.982s][info][gc,phases      ] GC(259) Summary Phase 0.057ms
[55.982s][info][gc,phases,start] GC(259) Adjust Roots
[55.982s][info][gc,phases      ] GC(259) Adjust Roots 0.162ms
[55.982s][info][gc,phases,start] GC(259) Compaction Phase
[56.302s][info][gc,phases      ] GC(259) Compaction Phase 319.775ms
[56.302s][info][gc,phases,start] GC(259) Post Compact
[56.309s][info][gc,phases      ] GC(259) Post Compact 6.644ms
[56.309s][info][gc,heap        ] GC(259) PSYoungGen: 97791K(263680K)->97791K(263680K) Eden: 97791K(97792K)->97791K(97792K) From: 0K(165888K)->0K(165888K)
[56.309s][info][gc,heap        ] GC(259) ParOldGen: 4778593K(4779008K)->4778593K(4779008K)
[56.309s][info][gc,metaspace   ] GC(259) Metaspace: 6298K(6464K)->6298K(6464K) NonClass: 5765K(5824K)->5765K(5824K) Class: 533K(640K)->533K(640K)
[56.309s][info][gc             ] GC(259) Pause Full (Ergonomics) 4762M->4762M(4924M) 1435.728ms
[56.309s][info][gc,cpu         ] GC(259) User=11.31s Sys=0.00s Real=1.44s
[56.309s][info][gc,start       ] GC(260) Pause Full (Ergonomics)
[56.309s][info][gc,phases,start] GC(260) Marking Phase
[57.410s][info][gc,phases      ] GC(260) Marking Phase 1101.151ms
[57.410s][info][gc,phases,start] GC(260) Summary Phase
[57.410s][info][gc,phases      ] GC(260) Summary Phase 0.054ms
[57.410s][info][gc,phases,start] GC(260) Adjust Roots
[57.411s][info][gc,phases      ] GC(260) Adjust Roots 0.186ms
[57.411s][info][gc,phases,start] GC(260) Compaction Phase
[57.743s][info][gc,phases      ] GC(260) Compaction Phase 332.149ms
[57.743s][info][gc,phases,start] GC(260) Post Compact
[57.749s][info][gc,phases      ] GC(260) Post Compact 6.643ms
[57.750s][info][gc,heap        ] GC(260) PSYoungGen: 97791K(263680K)->97791K(263680K) Eden: 97791K(97792K)->97791K(97792K) From: 0K(165888K)->0K(165888K)
[57.750s][info][gc,heap        ] GC(260) ParOldGen: 4778598K(4779008K)->4778598K(4779008K)
[57.750s][info][gc,metaspace   ] GC(260) Metaspace: 6298K(6464K)->6298K(6464K) NonClass: 5765K(5824K)->5765K(5824K) Class: 533K(640K)->533K(640K)
[57.750s][info][gc             ] GC(260) Pause Full (Ergonomics) 4762M->4762M(4924M) 1440.496ms
[57.750s][info][gc,cpu         ] GC(260) User=11.12s Sys=0.00s Real=1.44s
[57.750s][info][gc,start       ] GC(261) Pause Full (Ergonomics)
[57.750s][info][gc,phases,start] GC(261) Marking Phase
[58.847s][info][gc,phases      ] GC(261) Marking Phase 1097.268ms
[58.847s][info][gc,phases,start] GC(261) Summary Phase
[58.847s][info][gc,phases      ] GC(261) Summary Phase 0.054ms
[58.847s][info][gc,phases,start] GC(261) Adjust Roots
[58.847s][info][gc,phases      ] GC(261) Adjust Roots 0.161ms
[58.847s][info][gc,phases,start] GC(261) Compaction Phase
[59.179s][info][gc,phases      ] GC(261) Compaction Phase 331.251ms
[59.179s][info][gc,phases,start] GC(261) Post Compact
[59.185s][info][gc,phases      ] GC(261) Post Compact 6.237ms
[59.185s][info][gc,heap        ] GC(261) PSYoungGen: 97791K(263680K)->97791K(263680K) Eden: 97791K(97792K)->97791K(97792K) From: 0K(165888K)->0K(165888K)
[59.185s][info][gc,heap        ] GC(261) ParOldGen: 4778603K(4779008K)->4778603K(4779008K)
[59.185s][info][gc,metaspace   ] GC(261) Metaspace: 6298K(6464K)->6298K(6464K) NonClass: 5765K(5824K)->5765K(5824K) Class: 533K(640K)->533K(640K)
[59.185s][info][gc             ] GC(261) Pause Full (Ergonomics) 4762M->4762M(4924M) 1435.287ms
[59.185s][info][gc,cpu         ] GC(261) User=10.98s Sys=0.00s Real=1.43s
[59.185s][info][gc,start       ] GC(262) Pause Full (Ergonomics)
[59.185s][info][gc,phases,start] GC(262) Marking Phase
[60.320s][info][gc,phases      ] GC(262) Marking Phase 1134.570ms
[60.320s][info][gc,phases,start] GC(262) Summary Phase
[60.320s][info][gc,phases      ] GC(262) Summary Phase 0.059ms
[60.320s][info][gc,phases,start] GC(262) Adjust Roots
[60.320s][info][gc,phases      ] GC(262) Adjust Roots 0.240ms
[60.320s][info][gc,phases,start] GC(262) Compaction Phase
[60.662s][info][gc,phases      ] GC(262) Compaction Phase 341.972ms
[60.662s][info][gc,phases,start] GC(262) Post Compact
[60.669s][info][gc,phases      ] GC(262) Post Compact 6.492ms
[60.669s][info][gc,heap        ] GC(262) PSYoungGen: 97791K(263680K)->97791K(263680K) Eden: 97791K(97792K)->97791K(97792K) From: 0K(165888K)->0K(165888K)
[60.669s][info][gc,heap        ] GC(262) ParOldGen: 4778607K(4779008K)->4778607K(4779008K)
[60.669s][info][gc,metaspace   ] GC(262) Metaspace: 6298K(6464K)->6298K(6464K) NonClass: 5765K(5824K)->5765K(5824K) Class: 533K(640K)->533K(640K)
[60.669s][info][gc             ] GC(262) Pause Full (Ergonomics) 4762M->4762M(4924M) 1483.670ms
[60.669s][info][gc,cpu         ] GC(262) User=11.41s Sys=0.00s Real=1.48s
[60.669s][info][gc,start       ] GC(263) Pause Full (Ergonomics)
[60.669s][info][gc,phases,start] GC(263) Marking Phase
[61.812s][info][gc,phases      ] GC(263) Marking Phase 1143.076ms
[61.812s][info][gc,phases,start] GC(263) Summary Phase
[61.812s][info][gc,phases      ] GC(263) Summary Phase 0.100ms
[61.813s][info][gc,phases,start] GC(263) Adjust Roots
[61.813s][info][gc,phases      ] GC(263) Adjust Roots 0.246ms
[61.813s][info][gc,phases,start] GC(263) Compaction Phase
[62.148s][info][gc,phases      ] GC(263) Compaction Phase 334.966ms
[62.148s][info][gc,phases,start] GC(263) Post Compact
[62.155s][info][gc,phases      ] GC(263) Post Compact 6.934ms
[62.155s][info][gc,heap        ] GC(263) PSYoungGen: 97791K(263680K)->97791K(263680K) Eden: 97791K(97792K)->97791K(97792K) From: 0K(165888K)->0K(165888K)
[62.155s][info][gc,heap        ] GC(263) ParOldGen: 4778612K(4779008K)->4778612K(4779008K)
[62.155s][info][gc,metaspace   ] GC(263) Metaspace: 6298K(6464K)->6298K(6464K) NonClass: 5765K(5824K)->5765K(5824K) Class: 533K(640K)->533K(640K)
[62.155s][info][gc             ] GC(263) Pause Full (Ergonomics) 4762M->4762M(4924M) 1485.754ms
[62.155s][info][gc,cpu         ] GC(263) User=11.48s Sys=0.00s Real=1.49s
[62.155s][info][gc,start       ] GC(264) Pause Full (Ergonomics)
[62.155s][info][gc,phases,start] GC(264) Marking Phase
[63.275s][info][gc,phases      ] GC(264) Marking Phase 1119.466ms
[63.275s][info][gc,phases,start] GC(264) Summary Phase
[63.275s][info][gc,phases      ] GC(264) Summary Phase 0.053ms
[63.275s][info][gc,phases,start] GC(264) Adjust Roots
[63.275s][info][gc,phases      ] GC(264) Adjust Roots 0.163ms
[63.275s][info][gc,phases,start] GC(264) Compaction Phase
[63.612s][info][gc,phases      ] GC(264) Compaction Phase 337.389ms
[63.612s][info][gc,phases,start] GC(264) Post Compact
[63.619s][info][gc,phases      ] GC(264) Post Compact 6.709ms
[63.619s][info][gc,heap        ] GC(264) PSYoungGen: 97791K(263680K)->97791K(263680K) Eden: 97791K(97792K)->97791K(97792K) From: 0K(165888K)->0K(165888K)
[63.619s][info][gc,heap        ] GC(264) ParOldGen: 4778617K(4779008K)->4778617K(4779008K)
[63.619s][info][gc,metaspace   ] GC(264) Metaspace: 6298K(6464K)->6298K(6464K) NonClass: 5765K(5824K)->5765K(5824K) Class: 533K(640K)->533K(640K)
[63.619s][info][gc             ] GC(264) Pause Full (Ergonomics) 4762M->4762M(4924M) 1464.077ms
[63.619s][info][gc,cpu         ] GC(264) User=11.36s Sys=0.00s Real=1.46s
[63.619s][info][gc,start       ] GC(265) Pause Full (Ergonomics)
[63.619s][info][gc,phases,start] GC(265) Marking Phase
[64.768s][info][gc,phases      ] GC(265) Marking Phase 1148.118ms
[64.768s][info][gc,phases,start] GC(265) Summary Phase
[64.768s][info][gc,phases      ] GC(265) Summary Phase 0.119ms
[64.768s][info][gc,phases,start] GC(265) Adjust Roots
[64.768s][info][gc,phases      ] GC(265) Adjust Roots 0.324ms
[64.768s][info][gc,phases,start] GC(265) Compaction Phase
[65.129s][info][gc,phases      ] GC(265) Compaction Phase 360.974ms
[65.129s][info][gc,phases,start] GC(265) Post Compact
[65.137s][info][gc,phases      ] GC(265) Post Compact 7.577ms
[65.137s][info][gc,heap        ] GC(265) PSYoungGen: 97791K(263680K)->97791K(263680K) Eden: 97791K(97792K)->97791K(97792K) From: 0K(165888K)->0K(165888K)
[65.137s][info][gc,heap        ] GC(265) ParOldGen: 4778622K(4779008K)->4778622K(4779008K)
[65.137s][info][gc,metaspace   ] GC(265) Metaspace: 6298K(6464K)->6298K(6464K) NonClass: 5765K(5824K)->5765K(5824K) Class: 533K(640K)->533K(640K)
[65.137s][info][gc             ] GC(265) Pause Full (Ergonomics) 4762M->4762M(4924M) 1517.589ms
[65.137s][info][gc,cpu         ] GC(265) User=11.47s Sys=0.00s Real=1.52s
[65.137s][info][gc,start       ] GC(266) Pause Full (Ergonomics)
[65.137s][info][gc,phases,start] GC(266) Marking Phase
[66.277s][info][gc,phases      ] GC(266) Marking Phase 1139.322ms
[66.277s][info][gc,phases,start] GC(266) Summary Phase
[66.277s][info][gc,phases      ] GC(266) Summary Phase 0.053ms
[66.277s][info][gc,phases,start] GC(266) Adjust Roots
[66.277s][info][gc,phases      ] GC(266) Adjust Roots 0.216ms
[66.277s][info][gc,phases,start] GC(266) Compaction Phase
[66.626s][info][gc,phases      ] GC(266) Compaction Phase 349.228ms
[66.626s][info][gc,phases,start] GC(266) Post Compact
[66.633s][info][gc,phases      ] GC(266) Post Compact 6.844ms
[66.633s][info][gc,heap        ] GC(266) PSYoungGen: 97791K(263680K)->97791K(263680K) Eden: 97791K(97792K)->97791K(97792K) From: 0K(165888K)->0K(165888K)
[66.633s][info][gc,heap        ] GC(266) ParOldGen: 4778627K(4779008K)->4778627K(4779008K)
[66.633s][info][gc,metaspace   ] GC(266) Metaspace: 6298K(6464K)->6298K(6464K) NonClass: 5765K(5824K)->5765K(5824K) Class: 533K(640K)->533K(640K)
[66.633s][info][gc             ] GC(266) Pause Full (Ergonomics) 4762M->4762M(4924M) 1496.062ms
[66.633s][info][gc,cpu         ] GC(266) User=11.59s Sys=0.00s Real=1.50s
[66.633s][info][gc,start       ] GC(267) Pause Full (Ergonomics)
[66.634s][info][gc,phases,start] GC(267) Marking Phase
[67.771s][info][gc,phases      ] GC(267) Marking Phase 1137.160ms
[67.771s][info][gc,phases,start] GC(267) Summary Phase
[67.771s][info][gc,phases      ] GC(267) Summary Phase 0.053ms
[67.771s][info][gc,phases,start] GC(267) Adjust Roots
[67.771s][info][gc,phases      ] GC(267) Adjust Roots 0.164ms
[67.771s][info][gc,phases,start] GC(267) Compaction Phase
[68.110s][info][gc,phases      ] GC(267) Compaction Phase 338.549ms
[68.110s][info][gc,phases,start] GC(267) Post Compact
[68.116s][info][gc,phases      ] GC(267) Post Compact 6.179ms
[68.116s][info][gc,heap        ] GC(267) PSYoungGen: 97791K(263680K)->97791K(263680K) Eden: 97791K(97792K)->97791K(97792K) From: 0K(165888K)->0K(165888K)
[68.116s][info][gc,heap        ] GC(267) ParOldGen: 4778632K(4779008K)->4778632K(4779008K)
[68.116s][info][gc,metaspace   ] GC(267) Metaspace: 6298K(6464K)->6298K(6464K) NonClass: 5765K(5824K)->5765K(5824K) Class: 533K(640K)->533K(640K)
[68.116s][info][gc             ] GC(267) Pause Full (Ergonomics) 4762M->4762M(4924M) 1482.395ms
[68.116s][info][gc,cpu         ] GC(267) User=11.41s Sys=0.00s Real=1.48s
[68.116s][info][gc,start       ] GC(268) Pause Full (Ergonomics)
[68.116s][info][gc,phases,start] GC(268) Marking Phase
[69.261s][info][gc,phases      ] GC(268) Marking Phase 1144.794ms
[69.261s][info][gc,phases,start] GC(268) Summary Phase
[69.261s][info][gc,phases      ] GC(268) Summary Phase 0.053ms
[69.261s][info][gc,phases,start] GC(268) Adjust Roots
[69.261s][info][gc,phases      ] GC(268) Adjust Roots 0.163ms
[69.261s][info][gc,phases,start] GC(268) Compaction Phase
[69.638s][info][gc,phases      ] GC(268) Compaction Phase 376.401ms
[69.638s][info][gc,phases,start] GC(268) Post Compact
[69.645s][info][gc,phases      ] GC(268) Post Compact 7.649ms
[69.645s][info][gc,heap        ] GC(268) PSYoungGen: 97791K(263680K)->97791K(263680K) Eden: 97791K(97792K)->97791K(97792K) From: 0K(165888K)->0K(165888K)
[69.645s][info][gc,heap        ] GC(268) ParOldGen: 4778636K(4779008K)->4778636K(4779008K)
[69.645s][info][gc,metaspace   ] GC(268) Metaspace: 6298K(6464K)->6298K(6464K) NonClass: 5765K(5824K)->5765K(5824K) Class: 533K(640K)->533K(640K)
[69.645s][info][gc             ] GC(268) Pause Full (Ergonomics) 4762M->4762M(4924M) 1529.387ms
[69.645s][info][gc,cpu         ] GC(268) User=11.69s Sys=0.00s Real=1.53s
[69.646s][info][gc,start       ] GC(269) Pause Full (Ergonomics)
[69.646s][info][gc,phases,start] GC(269) Marking Phase
[70.805s][info][gc,phases      ] GC(269) Marking Phase 1159.370ms
[70.805s][info][gc,phases,start] GC(269) Summary Phase
[70.805s][info][gc,phases      ] GC(269) Summary Phase 0.076ms
[70.805s][info][gc,phases,start] GC(269) Adjust Roots
[70.805s][info][gc,phases      ] GC(269) Adjust Roots 0.205ms
[70.805s][info][gc,phases,start] GC(269) Compaction Phase
[71.145s][info][gc,phases      ] GC(269) Compaction Phase 339.931ms
[71.145s][info][gc,phases,start] GC(269) Post Compact
[71.153s][info][gc,phases      ] GC(269) Post Compact 7.386ms
[71.153s][info][gc,heap        ] GC(269) PSYoungGen: 97791K(263680K)->97791K(263680K) Eden: 97791K(97792K)->97791K(97792K) From: 0K(165888K)->0K(165888K)
[71.153s][info][gc,heap        ] GC(269) ParOldGen: 4778641K(4779008K)->4778641K(4779008K)
[71.153s][info][gc,metaspace   ] GC(269) Metaspace: 6298K(6464K)->6298K(6464K) NonClass: 5765K(5824K)->5765K(5824K) Class: 533K(640K)->533K(640K)
[71.153s][info][gc             ] GC(269) Pause Full (Ergonomics) 4762M->4762M(4924M) 1507.383ms
[71.153s][info][gc,cpu         ] GC(269) User=11.44s Sys=0.02s Real=1.51s
[71.153s][info][gc,start       ] GC(270) Pause Full (Ergonomics)
[71.153s][info][gc,phases,start] GC(270) Marking Phase
[72.301s][info][gc,phases      ] GC(270) Marking Phase 1147.538ms
[72.301s][info][gc,phases,start] GC(270) Summary Phase
[72.301s][info][gc,phases      ] GC(270) Summary Phase 0.053ms
[72.301s][info][gc,phases,start] GC(270) Adjust Roots
[72.301s][info][gc,phases      ] GC(270) Adjust Roots 0.164ms
[72.301s][info][gc,phases,start] GC(270) Compaction Phase
[72.649s][info][gc,phases      ] GC(270) Compaction Phase 348.293ms
[72.650s][info][gc,phases,start] GC(270) Post Compact
[72.656s][info][gc,phases      ] GC(270) Post Compact 6.398ms
[72.656s][info][gc,heap        ] GC(270) PSYoungGen: 97791K(263680K)->97791K(263680K) Eden: 97791K(97792K)->97791K(97792K) From: 0K(165888K)->0K(165888K)
[72.656s][info][gc,heap        ] GC(270) ParOldGen: 4778646K(4779008K)->4778646K(4779008K)
[72.656s][info][gc,metaspace   ] GC(270) Metaspace: 6298K(6464K)->6298K(6464K) NonClass: 5765K(5824K)->5765K(5824K) Class: 533K(640K)->533K(640K)
[72.656s][info][gc             ] GC(270) Pause Full (Ergonomics) 4762M->4762M(4924M) 1502.764ms
[72.656s][info][gc,cpu         ] GC(270) User=11.69s Sys=0.00s Real=1.50s
[72.656s][info][gc,start       ] GC(271) Pause Full (Ergonomics)
[72.656s][info][gc,phases,start] GC(271) Marking Phase
[73.826s][info][gc,phases      ] GC(271) Marking Phase 1169.483ms
[73.826s][info][gc,phases,start] GC(271) Summary Phase
[73.826s][info][gc,phases      ] GC(271) Summary Phase 0.057ms
[73.826s][info][gc,phases,start] GC(271) Adjust Roots
[73.826s][info][gc,phases      ] GC(271) Adjust Roots 0.179ms
[73.826s][info][gc,phases,start] GC(271) Compaction Phase
[74.179s][info][gc,phases      ] GC(271) Compaction Phase 352.840ms
[74.179s][info][gc,phases,start] GC(271) Post Compact
[74.186s][info][gc,phases      ] GC(271) Post Compact 7.301ms
[74.186s][info][gc,heap        ] GC(271) PSYoungGen: 97791K(263680K)->97791K(263680K) Eden: 97791K(97792K)->97791K(97792K) From: 0K(165888K)->0K(165888K)
[74.186s][info][gc,heap        ] GC(271) ParOldGen: 4778651K(4779008K)->4778651K(4779008K)
[74.186s][info][gc,metaspace   ] GC(271) Metaspace: 6298K(6464K)->6298K(6464K) NonClass: 5765K(5824K)->5765K(5824K) Class: 533K(640K)->533K(640K)
[74.187s][info][gc             ] GC(271) Pause Full (Ergonomics) 4762M->4762M(4924M) 1530.240ms
[74.187s][info][gc,cpu         ] GC(271) User=11.78s Sys=0.00s Real=1.53s
[74.187s][info][gc,start       ] GC(272) Pause Full (Ergonomics)
[74.187s][info][gc,phases,start] GC(272) Marking Phase
[75.327s][info][gc,phases      ] GC(272) Marking Phase 1139.807ms
[75.327s][info][gc,phases,start] GC(272) Summary Phase
[75.327s][info][gc,phases      ] GC(272) Summary Phase 0.053ms
[75.327s][info][gc,phases,start] GC(272) Adjust Roots
[75.327s][info][gc,phases      ] GC(272) Adjust Roots 0.163ms
[75.327s][info][gc,phases,start] GC(272) Compaction Phase
[75.674s][info][gc,phases      ] GC(272) Compaction Phase 346.868ms
[75.674s][info][gc,phases,start] GC(272) Post Compact
[75.682s][info][gc,phases      ] GC(272) Post Compact 7.947ms
[75.682s][info][gc,heap        ] GC(272) PSYoungGen: 97791K(263680K)->97791K(263680K) Eden: 97791K(97792K)->97791K(97792K) From: 0K(165888K)->0K(165888K)
[75.682s][info][gc,heap        ] GC(272) ParOldGen: 4778656K(4779008K)->4778656K(4779008K)
[75.682s][info][gc,metaspace   ] GC(272) Metaspace: 6298K(6464K)->6298K(6464K) NonClass: 5765K(5824K)->5765K(5824K) Class: 533K(640K)->533K(640K)
[75.682s][info][gc             ] GC(272) Pause Full (Ergonomics) 4762M->4762M(4924M) 1495.180ms
[75.682s][info][gc,cpu         ] GC(272) User=11.66s Sys=0.00s Real=1.50s
[75.682s][info][gc,start       ] GC(273) Pause Full (Ergonomics)
[75.682s][info][gc,phases,start] GC(273) Marking Phase
[76.869s][info][gc,phases      ] GC(273) Marking Phase 1186.352ms
[76.869s][info][gc,phases,start] GC(273) Summary Phase
[76.869s][info][gc,phases      ] GC(273) Summary Phase 0.068ms
[76.869s][info][gc,phases,start] GC(273) Adjust Roots
[76.869s][info][gc,phases      ] GC(273) Adjust Roots 0.220ms
[76.869s][info][gc,phases,start] GC(273) Compaction Phase
[77.208s][info][gc,phases      ] GC(273) Compaction Phase 339.258ms
[77.208s][info][gc,phases,start] GC(273) Post Compact
[77.216s][info][gc,phases      ] GC(273) Post Compact 7.599ms
[77.216s][info][gc,heap        ] GC(273) PSYoungGen: 97791K(263680K)->97791K(263680K) Eden: 97791K(97792K)->97791K(97792K) From: 0K(165888K)->0K(165888K)
[77.216s][info][gc,heap        ] GC(273) ParOldGen: 4778661K(4779008K)->4778661K(4779008K)
[77.216s][info][gc,metaspace   ] GC(273) Metaspace: 6298K(6464K)->6298K(6464K) NonClass: 5765K(5824K)->5765K(5824K) Class: 533K(640K)->533K(640K)
[77.216s][info][gc             ] GC(273) Pause Full (Ergonomics) 4762M->4762M(4924M) 1533.973ms
[77.216s][info][gc,cpu         ] GC(273) User=12.06s Sys=0.00s Real=1.54s
[77.216s][info][gc,start       ] GC(274) Pause Full (Ergonomics)
[77.216s][info][gc,phases,start] GC(274) Marking Phase
[78.389s][info][gc,phases      ] GC(274) Marking Phase 1172.131ms
[78.389s][info][gc,phases,start] GC(274) Summary Phase
[78.389s][info][gc,phases      ] GC(274) Summary Phase 0.053ms
[78.389s][info][gc,phases,start] GC(274) Adjust Roots
[78.389s][info][gc,phases      ] GC(274) Adjust Roots 0.162ms
[78.389s][info][gc,phases,start] GC(274) Compaction Phase
[78.730s][info][gc,phases      ] GC(274) Compaction Phase 340.796ms
[78.730s][info][gc,phases,start] GC(274) Post Compact
[78.736s][info][gc,phases      ] GC(274) Post Compact 6.469ms
[78.736s][info][gc,heap        ] GC(274) PSYoungGen: 97791K(263680K)->97791K(263680K) Eden: 97791K(97792K)->97791K(97792K) From: 0K(165888K)->0K(165888K)
[78.736s][info][gc,heap        ] GC(274) ParOldGen: 4778665K(4779008K)->4778665K(4779008K)
[78.736s][info][gc,metaspace   ] GC(274) Metaspace: 6298K(6464K)->6298K(6464K) NonClass: 5765K(5824K)->5765K(5824K) Class: 533K(640K)->533K(640K)
[78.736s][info][gc             ] GC(274) Pause Full (Ergonomics) 4762M->4762M(4924M) 1519.923ms
[78.736s][info][gc,cpu         ] GC(274) User=11.97s Sys=0.00s Real=1.52s
[78.737s][info][gc,start       ] GC(275) Pause Full (Ergonomics)
[78.737s][info][gc,phases,start] GC(275) Marking Phase
[79.918s][info][gc,phases      ] GC(275) Marking Phase 1180.942ms
[79.918s][info][gc,phases,start] GC(275) Summary Phase
[79.918s][info][gc,phases      ] GC(275) Summary Phase 0.053ms
[79.918s][info][gc,phases,start] GC(275) Adjust Roots
[79.918s][info][gc,phases      ] GC(275) Adjust Roots 0.163ms
[79.918s][info][gc,phases,start] GC(275) Compaction Phase
[80.260s][info][gc,phases      ] GC(275) Compaction Phase 342.517ms
[80.260s][info][gc,phases,start] GC(275) Post Compact
[80.268s][info][gc,phases      ] GC(275) Post Compact 7.795ms
[80.268s][info][gc,heap        ] GC(275) PSYoungGen: 97791K(263680K)->97791K(263680K) Eden: 97791K(97792K)->97791K(97792K) From: 0K(165888K)->0K(165888K)
[80.268s][info][gc,heap        ] GC(275) ParOldGen: 4778670K(4779008K)->4778670K(4779008K)
[80.268s][info][gc,metaspace   ] GC(275) Metaspace: 6298K(6464K)->6298K(6464K) NonClass: 5765K(5824K)->5765K(5824K) Class: 533K(640K)->533K(640K)
[80.268s][info][gc             ] GC(275) Pause Full (Ergonomics) 4762M->4762M(4924M) 1531.861ms
[80.268s][info][gc,cpu         ] GC(275) User=11.94s Sys=0.00s Real=1.53s
[80.269s][info][gc,start       ] GC(276) Pause Full (Ergonomics)
[80.269s][info][gc,phases,start] GC(276) Marking Phase
[81.453s][info][gc,phases      ] GC(276) Marking Phase 1183.894ms
[81.453s][info][gc,phases,start] GC(276) Summary Phase
[81.453s][info][gc,phases      ] GC(276) Summary Phase 0.053ms
[81.453s][info][gc,phases,start] GC(276) Adjust Roots
[81.453s][info][gc,phases      ] GC(276) Adjust Roots 0.163ms
[81.453s][info][gc,phases,start] GC(276) Compaction Phase
[81.805s][info][gc,phases      ] GC(276) Compaction Phase 352.052ms
[81.805s][info][gc,phases,start] GC(276) Post Compact
[81.811s][info][gc,phases      ] GC(276) Post Compact 6.433ms
[81.812s][info][gc,heap        ] GC(276) PSYoungGen: 97791K(263680K)->97791K(263680K) Eden: 97791K(97792K)->97791K(97792K) From: 0K(165888K)->0K(165888K)
[81.812s][info][gc,heap        ] GC(276) ParOldGen: 4778675K(4779008K)->4778675K(4779008K)
[81.812s][info][gc,metaspace   ] GC(276) Metaspace: 6298K(6464K)->6298K(6464K) NonClass: 5765K(5824K)->5765K(5824K) Class: 533K(640K)->533K(640K)
[81.812s][info][gc             ] GC(276) Pause Full (Ergonomics) 4762M->4762M(4924M) 1542.927ms
[81.812s][info][gc,cpu         ] GC(276) User=11.80s Sys=0.02s Real=1.54s
[81.812s][info][gc,start       ] GC(277) Pause Full (Ergonomics)
[81.812s][info][gc,phases,start] GC(277) Marking Phase
[83.010s][info][gc,phases      ] GC(277) Marking Phase 1198.141ms
[83.010s][info][gc,phases,start] GC(277) Summary Phase
[83.010s][info][gc,phases      ] GC(277) Summary Phase 0.053ms
[83.010s][info][gc,phases,start] GC(277) Adjust Roots
[83.010s][info][gc,phases      ] GC(277) Adjust Roots 0.160ms
[83.010s][info][gc,phases,start] GC(277) Compaction Phase
[83.375s][info][gc,phases      ] GC(277) Compaction Phase 364.206ms
[83.375s][info][gc,phases,start] GC(277) Post Compact
[83.382s][info][gc,phases      ] GC(277) Post Compact 7.255ms
[83.382s][info][gc,heap        ] GC(277) PSYoungGen: 97791K(263680K)->97791K(263680K) Eden: 97791K(97792K)->97791K(97792K) From: 0K(165888K)->0K(165888K)
[83.382s][info][gc,heap        ] GC(277) ParOldGen: 4778680K(4779008K)->4778680K(4779008K)
[83.382s][info][gc,metaspace   ] GC(277) Metaspace: 6298K(6464K)->6298K(6464K) NonClass: 5765K(5824K)->5765K(5824K) Class: 533K(640K)->533K(640K)
[83.382s][info][gc             ] GC(277) Pause Full (Ergonomics) 4762M->4762M(4924M) 1570.131ms
[83.382s][info][gc,cpu         ] GC(277) User=12.16s Sys=0.00s Real=1.57s
[83.382s][info][gc,start       ] GC(278) Pause Full (Ergonomics)
[83.382s][info][gc,phases,start] GC(278) Marking Phase
[84.564s][info][gc,phases      ] GC(278) Marking Phase 1182.253ms
[84.565s][info][gc,phases,start] GC(278) Summary Phase
[84.565s][info][gc,phases      ] GC(278) Summary Phase 0.053ms
[84.565s][info][gc,phases,start] GC(278) Adjust Roots
[84.565s][info][gc,phases      ] GC(278) Adjust Roots 0.166ms
[84.565s][info][gc,phases,start] GC(278) Compaction Phase
[84.926s][info][gc,phases      ] GC(278) Compaction Phase 361.280ms
[84.926s][info][gc,phases,start] GC(278) Post Compact
[84.933s][info][gc,phases      ] GC(278) Post Compact 7.213ms
[84.933s][info][gc,heap        ] GC(278) PSYoungGen: 97791K(263680K)->97791K(263680K) Eden: 97791K(97792K)->97791K(97792K) From: 0K(165888K)->0K(165888K)
[84.933s][info][gc,heap        ] GC(278) ParOldGen: 4778685K(4779008K)->4778685K(4779008K)
[84.933s][info][gc,metaspace   ] GC(278) Metaspace: 6298K(6464K)->6298K(6464K) NonClass: 5765K(5824K)->5765K(5824K) Class: 533K(640K)->533K(640K)
[84.933s][info][gc             ] GC(278) Pause Full (Ergonomics) 4762M->4762M(4924M) 1551.295ms
[84.934s][info][gc,cpu         ] GC(278) User=11.95s Sys=0.00s Real=1.55s
[84.934s][info][gc,start       ] GC(279) Pause Full (Ergonomics)
[84.934s][info][gc,phases,start] GC(279) Marking Phase
[86.130s][info][gc,phases      ] GC(279) Marking Phase 1196.233ms
[86.130s][info][gc,phases,start] GC(279) Summary Phase
[86.130s][info][gc,phases      ] GC(279) Summary Phase 0.052ms
[86.130s][info][gc,phases,start] GC(279) Adjust Roots
[86.130s][info][gc,phases      ] GC(279) Adjust Roots 0.166ms
[86.130s][info][gc,phases,start] GC(279) Compaction Phase
[86.484s][info][gc,phases      ] GC(279) Compaction Phase 353.783ms
[86.484s][info][gc,phases,start] GC(279) Post Compact
[86.492s][info][gc,phases      ] GC(279) Post Compact 7.671ms
[86.492s][info][gc,heap        ] GC(279) PSYoungGen: 97791K(263680K)->97791K(263680K) Eden: 97791K(97792K)->97791K(97792K) From: 0K(165888K)->0K(165888K)
[86.492s][info][gc,heap        ] GC(279) ParOldGen: 4778690K(4779008K)->4778690K(4779008K)
[86.492s][info][gc,metaspace   ] GC(279) Metaspace: 6298K(6464K)->6298K(6464K) NonClass: 5765K(5824K)->5765K(5824K) Class: 533K(640K)->533K(640K)
[86.492s][info][gc             ] GC(279) Pause Full (Ergonomics) 4762M->4762M(4924M) 1558.256ms
[86.492s][info][gc,cpu         ] GC(279) User=12.11s Sys=0.00s Real=1.56s
[86.492s][info][gc,start       ] GC(280) Pause Full (Ergonomics)
[86.492s][info][gc,phases,start] GC(280) Marking Phase
[87.679s][info][gc,phases      ] GC(280) Marking Phase 1186.304ms
[87.679s][info][gc,phases,start] GC(280) Summary Phase
[87.679s][info][gc,phases      ] GC(280) Summary Phase 0.054ms
[87.679s][info][gc,phases,start] GC(280) Adjust Roots
[87.679s][info][gc,phases      ] GC(280) Adjust Roots 0.161ms
[87.679s][info][gc,phases,start] GC(280) Compaction Phase
[88.050s][info][gc,phases      ] GC(280) Compaction Phase 371.500ms
[88.050s][info][gc,phases,start] GC(280) Post Compact
[88.057s][info][gc,phases      ] GC(280) Post Compact 6.830ms
[88.057s][info][gc,heap        ] GC(280) PSYoungGen: 97791K(263680K)->97791K(263680K) Eden: 97791K(97792K)->97791K(97792K) From: 0K(165888K)->0K(165888K)
[88.057s][info][gc,heap        ] GC(280) ParOldGen: 4778694K(4779008K)->4778694K(4779008K)
[88.057s][info][gc,metaspace   ] GC(280) Metaspace: 6298K(6464K)->6298K(6464K) NonClass: 5765K(5824K)->5765K(5824K) Class: 533K(640K)->533K(640K)
[88.057s][info][gc             ] GC(280) Pause Full (Ergonomics) 4762M->4762M(4924M) 1565.169ms
[88.057s][info][gc,cpu         ] GC(280) User=12.05s Sys=0.00s Real=1.57s
[88.058s][info][gc,start       ] GC(281) Pause Full (Ergonomics)
[88.058s][info][gc,phases,start] GC(281) Marking Phase
[89.262s][info][gc,phases      ] GC(281) Marking Phase 1204.060ms
[89.262s][info][gc,phases,start] GC(281) Summary Phase
[89.262s][info][gc,phases      ] GC(281) Summary Phase 0.077ms
[89.262s][info][gc,phases,start] GC(281) Adjust Roots
[89.262s][info][gc,phases      ] GC(281) Adjust Roots 0.183ms
[89.262s][info][gc,phases,start] GC(281) Compaction Phase
[89.627s][info][gc,phases      ] GC(281) Compaction Phase 365.210ms
[89.627s][info][gc,phases,start] GC(281) Post Compact
[89.634s][info][gc,phases      ] GC(281) Post Compact 7.074ms
[89.635s][info][gc,heap        ] GC(281) PSYoungGen: 97791K(263680K)->97791K(263680K) Eden: 97791K(97792K)->97791K(97792K) From: 0K(165888K)->0K(165888K)
[89.635s][info][gc,heap        ] GC(281) ParOldGen: 4778699K(4779008K)->4778699K(4779008K)
[89.635s][info][gc,metaspace   ] GC(281) Metaspace: 6298K(6464K)->6298K(6464K) NonClass: 5765K(5824K)->5765K(5824K) Class: 533K(640K)->533K(640K)
[89.635s][info][gc             ] GC(281) Pause Full (Ergonomics) 4762M->4762M(4924M) 1576.961ms
[89.635s][info][gc,cpu         ] GC(281) User=12.14s Sys=0.03s Real=1.58s
[89.635s][info][gc,start       ] GC(282) Pause Full (Ergonomics)
[89.635s][info][gc,phases,start] GC(282) Marking Phase
[90.825s][info][gc,phases      ] GC(282) Marking Phase 1190.043ms
[90.825s][info][gc,phases,start] GC(282) Summary Phase
[90.825s][info][gc,phases      ] GC(282) Summary Phase 0.054ms
[90.825s][info][gc,phases,start] GC(282) Adjust Roots
[90.825s][info][gc,phases      ] GC(282) Adjust Roots 0.163ms
[90.825s][info][gc,phases,start] GC(282) Compaction Phase
[91.194s][info][gc,phases      ] GC(282) Compaction Phase 368.658ms
[91.194s][info][gc,phases,start] GC(282) Post Compact
[91.201s][info][gc,phases      ] GC(282) Post Compact 6.802ms
[91.201s][info][gc,heap        ] GC(282) PSYoungGen: 97791K(263680K)->97791K(263680K) Eden: 97791K(97792K)->97791K(97792K) From: 0K(165888K)->0K(165888K)
[91.201s][info][gc,heap        ] GC(282) ParOldGen: 4778704K(4779008K)->4778704K(4779008K)
[91.201s][info][gc,metaspace   ] GC(282) Metaspace: 6298K(6464K)->6298K(6464K) NonClass: 5765K(5824K)->5765K(5824K) Class: 533K(640K)->533K(640K)
[91.201s][info][gc             ] GC(282) Pause Full (Ergonomics) 4762M->4762M(4924M) 1566.023ms
[91.201s][info][gc,cpu         ] GC(282) User=12.23s Sys=0.00s Real=1.57s
[91.201s][info][gc,start       ] GC(283) Pause Full (Ergonomics)
[91.201s][info][gc,phases,start] GC(283) Marking Phase
[92.401s][info][gc,phases      ] GC(283) Marking Phase 1199.569ms
[92.401s][info][gc,phases,start] GC(283) Summary Phase
[92.401s][info][gc,phases      ] GC(283) Summary Phase 0.063ms
[92.401s][info][gc,phases,start] GC(283) Adjust Roots
[92.401s][info][gc,phases      ] GC(283) Adjust Roots 0.168ms
[92.401s][info][gc,phases,start] GC(283) Compaction Phase
[92.783s][info][gc,phases      ] GC(283) Compaction Phase 381.875ms
[92.783s][info][gc,phases,start] GC(283) Post Compact
[92.790s][info][gc,phases      ] GC(283) Post Compact 6.994ms
[92.790s][info][gc,heap        ] GC(283) PSYoungGen: 97791K(263680K)->97791K(263680K) Eden: 97791K(97792K)->97791K(97792K) From: 0K(165888K)->0K(165888K)
[92.790s][info][gc,heap        ] GC(283) ParOldGen: 4778709K(4779008K)->4778709K(4779008K)
[92.790s][info][gc,metaspace   ] GC(283) Metaspace: 6298K(6464K)->6298K(6464K) NonClass: 5765K(5824K)->5765K(5824K) Class: 533K(640K)->533K(640K)
[92.790s][info][gc             ] GC(283) Pause Full (Ergonomics) 4762M->4762M(4924M) 1588.977ms
[92.790s][info][gc,cpu         ] GC(283) User=12.20s Sys=0.00s Real=1.59s
[92.790s][info][gc,start       ] GC(284) Pause Full (Ergonomics)
[92.790s][info][gc,phases,start] GC(284) Marking Phase
[93.979s][info][gc,phases      ] GC(284) Marking Phase 1189.087ms
[93.979s][info][gc,phases,start] GC(284) Summary Phase
[93.979s][info][gc,phases      ] GC(284) Summary Phase 0.053ms
[93.979s][info][gc,phases,start] GC(284) Adjust Roots
[93.980s][info][gc,phases      ] GC(284) Adjust Roots 0.164ms
[93.980s][info][gc,phases,start] GC(284) Compaction Phase
[94.344s][info][gc,phases      ] GC(284) Compaction Phase 363.851ms
[94.344s][info][gc,phases,start] GC(284) Post Compact
[94.351s][info][gc,phases      ] GC(284) Post Compact 7.602ms
[94.351s][info][gc,heap        ] GC(284) PSYoungGen: 97791K(263680K)->97791K(263680K) Eden: 97791K(97792K)->97791K(97792K) From: 0K(165888K)->0K(165888K)
[94.351s][info][gc,heap        ] GC(284) ParOldGen: 4778714K(4779008K)->4778714K(4779008K)
[94.351s][info][gc,metaspace   ] GC(284) Metaspace: 6298K(6464K)->6298K(6464K) NonClass: 5765K(5824K)->5765K(5824K) Class: 533K(640K)->533K(640K)
[94.351s][info][gc             ] GC(284) Pause Full (Ergonomics) 4762M->4762M(4924M) 1561.080ms
[94.351s][info][gc,cpu         ] GC(284) User=12.02s Sys=0.00s Real=1.56s
[94.352s][info][gc,start       ] GC(285) Pause Full (Ergonomics)
[94.352s][info][gc,phases,start] GC(285) Marking Phase
[95.536s][info][gc,phases      ] GC(285) Marking Phase 1184.721ms
[95.536s][info][gc,phases,start] GC(285) Summary Phase
[95.536s][info][gc,phases      ] GC(285) Summary Phase 0.062ms
[95.536s][info][gc,phases,start] GC(285) Adjust Roots
[95.537s][info][gc,phases      ] GC(285) Adjust Roots 0.202ms
[95.537s][info][gc,phases,start] GC(285) Compaction Phase
[95.903s][info][gc,phases      ] GC(285) Compaction Phase 366.223ms
[95.903s][info][gc,phases,start] GC(285) Post Compact
[95.910s][info][gc,phases      ] GC(285) Post Compact 6.867ms
[95.910s][info][gc,heap        ] GC(285) PSYoungGen: 97791K(263680K)->97791K(263680K) Eden: 97791K(97792K)->97791K(97792K) From: 0K(165888K)->0K(165888K)
[95.910s][info][gc,heap        ] GC(285) ParOldGen: 4778719K(4779008K)->4778719K(4779008K)
[95.910s][info][gc,metaspace   ] GC(285) Metaspace: 6298K(6464K)->6298K(6464K) NonClass: 5765K(5824K)->5765K(5824K) Class: 533K(640K)->533K(640K)
[95.910s][info][gc             ] GC(285) Pause Full (Ergonomics) 4762M->4762M(4924M) 1558.405ms
[95.910s][info][gc,cpu         ] GC(285) User=11.95s Sys=0.00s Real=1.56s
[95.910s][info][gc,start       ] GC(286) Pause Full (Ergonomics)
[95.910s][info][gc,phases,start] GC(286) Marking Phase
[97.137s][info][gc,phases      ] GC(286) Marking Phase 1226.491ms
[97.137s][info][gc,phases,start] GC(286) Summary Phase
[97.137s][info][gc,phases      ] GC(286) Summary Phase 0.053ms
[97.137s][info][gc,phases,start] GC(286) Adjust Roots
[97.137s][info][gc,phases      ] GC(286) Adjust Roots 0.161ms
[97.137s][info][gc,phases,start] GC(286) Compaction Phase
[97.517s][info][gc,phases      ] GC(286) Compaction Phase 380.443ms
[97.518s][info][gc,phases,start] GC(286) Post Compact
[97.524s][info][gc,phases      ] GC(286) Post Compact 6.968ms
[97.525s][info][gc,heap        ] GC(286) PSYoungGen: 97791K(263680K)->97791K(263680K) Eden: 97791K(97792K)->97791K(97792K) From: 0K(165888K)->0K(165888K)
[97.525s][info][gc,heap        ] GC(286) ParOldGen: 4778723K(4779008K)->4778723K(4779008K)
[97.525s][info][gc,metaspace   ] GC(286) Metaspace: 6298K(6464K)->6298K(6464K) NonClass: 5765K(5824K)->5765K(5824K) Class: 533K(640K)->533K(640K)
[97.525s][info][gc             ] GC(286) Pause Full (Ergonomics) 4762M->4762M(4924M) 1614.451ms
[97.525s][info][gc,cpu         ] GC(286) User=12.42s Sys=0.00s Real=1.62s
[97.525s][info][gc,start       ] GC(287) Pause Full (Ergonomics)
[97.525s][info][gc,phases,start] GC(287) Marking Phase
[98.715s][info][gc,phases      ] GC(287) Marking Phase 1189.745ms
[98.715s][info][gc,phases,start] GC(287) Summary Phase
[98.715s][info][gc,phases      ] GC(287) Summary Phase 0.062ms
[98.715s][info][gc,phases,start] GC(287) Adjust Roots
[98.715s][info][gc,phases      ] GC(287) Adjust Roots 0.192ms
[98.715s][info][gc,phases,start] GC(287) Compaction Phase
[99.075s][info][gc,phases      ] GC(287) Compaction Phase 360.157ms
[99.075s][info][gc,phases,start] GC(287) Post Compact
[99.082s][info][gc,phases      ] GC(287) Post Compact 6.448ms
[99.082s][info][gc,heap        ] GC(287) PSYoungGen: 97791K(263680K)->97791K(263680K) Eden: 97791K(97792K)->97791K(97792K) From: 0K(165888K)->0K(165888K)
[99.082s][info][gc,heap        ] GC(287) ParOldGen: 4778728K(4779008K)->4778728K(4779008K)
[99.082s][info][gc,metaspace   ] GC(287) Metaspace: 6298K(6464K)->6298K(6464K) NonClass: 5765K(5824K)->5765K(5824K) Class: 533K(640K)->533K(640K)
[99.082s][info][gc             ] GC(287) Pause Full (Ergonomics) 4762M->4762M(4924M) 1556.952ms
[99.082s][info][gc,cpu         ] GC(287) User=11.91s Sys=0.00s Real=1.56s
[99.082s][info][gc,start       ] GC(288) Pause Full (Ergonomics)
[99.082s][info][gc,phases,start] GC(288) Marking Phase
[100.294s][info][gc,phases      ] GC(288) Marking Phase 1211.982ms
[100.294s][info][gc,phases,start] GC(288) Summary Phase
[100.294s][info][gc,phases      ] GC(288) Summary Phase 0.054ms
[100.294s][info][gc,phases,start] GC(288) Adjust Roots
[100.294s][info][gc,phases      ] GC(288) Adjust Roots 0.166ms
[100.294s][info][gc,phases,start] GC(288) Compaction Phase
[100.670s][info][gc,phases      ] GC(288) Compaction Phase 375.636ms
[100.670s][info][gc,phases,start] GC(288) Post Compact
[100.677s][info][gc,phases      ] GC(288) Post Compact 6.709ms
[100.677s][info][gc,heap        ] GC(288) PSYoungGen: 97791K(263680K)->97791K(263680K) Eden: 97791K(97792K)->97791K(97792K) From: 0K(165888K)->0K(165888K)
[100.677s][info][gc,heap        ] GC(288) ParOldGen: 4778733K(4779008K)->4778733K(4779008K)
[100.677s][info][gc,metaspace   ] GC(288) Metaspace: 6298K(6464K)->6298K(6464K) NonClass: 5765K(5824K)->5765K(5824K) Class: 533K(640K)->533K(640K)
[100.677s][info][gc             ] GC(288) Pause Full (Ergonomics) 4762M->4762M(4924M) 1594.876ms
[100.677s][info][gc,cpu         ] GC(288) User=12.20s Sys=0.02s Real=1.59s
[100.677s][info][gc,start       ] GC(289) Pause Full (Ergonomics)
[100.677s][info][gc,phases,start] GC(289) Marking Phase
[101.934s][info][gc,phases      ] GC(289) Marking Phase 1257.052ms
[101.934s][info][gc,phases,start] GC(289) Summary Phase
[101.934s][info][gc,phases      ] GC(289) Summary Phase 0.085ms
[101.934s][info][gc,phases,start] GC(289) Adjust Roots
[101.935s][info][gc,phases      ] GC(289) Adjust Roots 0.314ms
[101.935s][info][gc,phases,start] GC(289) Compaction Phase
[102.333s][info][gc,phases      ] GC(289) Compaction Phase 398.555ms
[102.333s][info][gc,phases,start] GC(289) Post Compact
[102.341s][info][gc,phases      ] GC(289) Post Compact 7.672ms
[102.341s][info][gc,heap        ] GC(289) PSYoungGen: 97791K(263680K)->97791K(263680K) Eden: 97791K(97792K)->97791K(97792K) From: 0K(165888K)->0K(165888K)
[102.341s][info][gc,heap        ] GC(289) ParOldGen: 4778738K(4779008K)->4778738K(4779008K)
[102.341s][info][gc,metaspace   ] GC(289) Metaspace: 6298K(6464K)->6298K(6464K) NonClass: 5765K(5824K)->5765K(5824K) Class: 533K(640K)->533K(640K)
[102.341s][info][gc             ] GC(289) Pause Full (Ergonomics) 4762M->4762M(4924M) 1664.109ms
[102.341s][info][gc,cpu         ] GC(289) User=12.55s Sys=0.00s Real=1.66s
[102.341s][info][gc,start       ] GC(290) Pause Full (Ergonomics)
[102.342s][info][gc,phases,start] GC(290) Marking Phase
[103.672s][info][gc,phases      ] GC(290) Marking Phase 1330.159ms
[103.672s][info][gc,phases,start] GC(290) Summary Phase
[103.672s][info][gc,phases      ] GC(290) Summary Phase 0.083ms
[103.672s][info][gc,phases,start] GC(290) Adjust Roots
[103.672s][info][gc,phases      ] GC(290) Adjust Roots 0.367ms
[103.672s][info][gc,phases,start] GC(290) Compaction Phase
[104.044s][info][gc,phases      ] GC(290) Compaction Phase 371.529ms
[104.044s][info][gc,phases,start] GC(290) Post Compact
[104.052s][info][gc,phases      ] GC(290) Post Compact 8.194ms
[104.052s][info][gc,heap        ] GC(290) PSYoungGen: 97791K(263680K)->97791K(263680K) Eden: 97791K(97792K)->97791K(97792K) From: 0K(165888K)->0K(165888K)
[104.052s][info][gc,heap        ] GC(290) ParOldGen: 4778743K(4779008K)->4778743K(4779008K)
[104.052s][info][gc,metaspace   ] GC(290) Metaspace: 6298K(6464K)->6298K(6464K) NonClass: 5765K(5824K)->5765K(5824K) Class: 533K(640K)->533K(640K)
[104.052s][info][gc             ] GC(290) Pause Full (Ergonomics) 4762M->4762M(4924M) 1710.703ms
[104.052s][info][gc,cpu         ] GC(290) User=12.69s Sys=0.02s Real=1.71s
[104.052s][info][gc,start       ] GC(291) Pause Full (Ergonomics)
[104.053s][info][gc,phases,start] GC(291) Marking Phase
[105.306s][info][gc,phases      ] GC(291) Marking Phase 1252.964ms
[105.306s][info][gc,phases,start] GC(291) Summary Phase
[105.306s][info][gc,phases      ] GC(291) Summary Phase 0.059ms
[105.306s][info][gc,phases,start] GC(291) Adjust Roots
[105.306s][info][gc,phases      ] GC(291) Adjust Roots 0.181ms
[105.306s][info][gc,phases,start] GC(291) Compaction Phase
[105.701s][info][gc,phases      ] GC(291) Compaction Phase 394.840ms
[105.701s][info][gc,phases,start] GC(291) Post Compact
[105.707s][info][gc,phases      ] GC(291) Post Compact 6.544ms
[105.707s][info][gc,heap        ] GC(291) PSYoungGen: 97791K(263680K)->97791K(263680K) Eden: 97791K(97792K)->97791K(97792K) From: 0K(165888K)->0K(165888K)
[105.707s][info][gc,heap        ] GC(291) ParOldGen: 4778748K(4779008K)->4778748K(4779008K)
[105.707s][info][gc,metaspace   ] GC(291) Metaspace: 6298K(6464K)->6298K(6464K) NonClass: 5765K(5824K)->5765K(5824K) Class: 533K(640K)->533K(640K)
[105.707s][info][gc             ] GC(291) Pause Full (Ergonomics) 4762M->4762M(4924M) 1654.977ms
[105.707s][info][gc,cpu         ] GC(291) User=12.61s Sys=0.00s Real=1.66s
[105.708s][info][gc,start       ] GC(292) Pause Full (Ergonomics)
[105.708s][info][gc,phases,start] GC(292) Marking Phase
[106.948s][info][gc,phases      ] GC(292) Marking Phase 1239.973ms
[106.948s][info][gc,phases,start] GC(292) Summary Phase
[106.948s][info][gc,phases      ] GC(292) Summary Phase 0.054ms
[106.948s][info][gc,phases,start] GC(292) Adjust Roots
[106.948s][info][gc,phases      ] GC(292) Adjust Roots 0.189ms
[106.948s][info][gc,phases,start] GC(292) Compaction Phase
[107.339s][info][gc,phases      ] GC(292) Compaction Phase 390.598ms
[107.339s][info][gc,phases,start] GC(292) Post Compact
[107.347s][info][gc,phases      ] GC(292) Post Compact 8.775ms
[107.348s][info][gc,heap        ] GC(292) PSYoungGen: 97791K(263680K)->97791K(263680K) Eden: 97791K(97792K)->97791K(97792K) From: 0K(165888K)->0K(165888K)
[107.348s][info][gc,heap        ] GC(292) ParOldGen: 4778752K(4779008K)->4778752K(4779008K)
[107.348s][info][gc,metaspace   ] GC(292) Metaspace: 6298K(6464K)->6298K(6464K) NonClass: 5765K(5824K)->5765K(5824K) Class: 533K(640K)->533K(640K)
[107.348s][info][gc             ] GC(292) Pause Full (Ergonomics) 4762M->4762M(4924M) 1639.949ms
[107.348s][info][gc,cpu         ] GC(292) User=12.27s Sys=0.00s Real=1.64s
[107.348s][info][gc,start       ] GC(293) Pause Full (Ergonomics)
[107.348s][info][gc,phases,start] GC(293) Marking Phase
[108.651s][info][gc,phases      ] GC(293) Marking Phase 1302.918ms
[108.651s][info][gc,phases,start] GC(293) Summary Phase
[108.651s][info][gc,phases      ] GC(293) Summary Phase 0.062ms
[108.651s][info][gc,phases,start] GC(293) Adjust Roots
[108.651s][info][gc,phases      ] GC(293) Adjust Roots 0.319ms
[108.651s][info][gc,phases,start] GC(293) Compaction Phase
[109.041s][info][gc,phases      ] GC(293) Compaction Phase 389.730ms
[109.041s][info][gc,phases,start] GC(293) Post Compact
[109.049s][info][gc,phases      ] GC(293) Post Compact 7.882ms
[109.049s][info][gc,heap        ] GC(293) PSYoungGen: 97791K(263680K)->97791K(263680K) Eden: 97791K(97792K)->97791K(97792K) From: 0K(165888K)->0K(165888K)
[109.049s][info][gc,heap        ] GC(293) ParOldGen: 4778757K(4779008K)->4778757K(4779008K)
[109.049s][info][gc,metaspace   ] GC(293) Metaspace: 6298K(6464K)->6298K(6464K) NonClass: 5765K(5824K)->5765K(5824K) Class: 533K(640K)->533K(640K)
[109.049s][info][gc             ] GC(293) Pause Full (Ergonomics) 4762M->4762M(4924M) 1701.277ms
[109.049s][info][gc,cpu         ] GC(293) User=12.41s Sys=0.00s Real=1.70s
[109.049s][info][gc,start       ] GC(294) Pause Full (Ergonomics)
[109.049s][info][gc,phases,start] GC(294) Marking Phase
[110.274s][info][gc,phases      ] GC(294) Marking Phase 1224.039ms
[110.274s][info][gc,phases,start] GC(294) Summary Phase
[110.274s][info][gc,phases      ] GC(294) Summary Phase 0.055ms
[110.274s][info][gc,phases,start] GC(294) Adjust Roots
[110.274s][info][gc,phases      ] GC(294) Adjust Roots 0.201ms
[110.274s][info][gc,phases,start] GC(294) Compaction Phase
[110.693s][info][gc,phases      ] GC(294) Compaction Phase 418.990ms
[110.693s][info][gc,phases,start] GC(294) Post Compact
[110.701s][info][gc,phases      ] GC(294) Post Compact 7.716ms
[110.701s][info][gc,heap        ] GC(294) PSYoungGen: 97791K(263680K)->97791K(263680K) Eden: 97791K(97792K)->97791K(97792K) From: 0K(165888K)->0K(165888K)
[110.701s][info][gc,heap        ] GC(294) ParOldGen: 4778762K(4779008K)->4778762K(4779008K)
[110.701s][info][gc,metaspace   ] GC(294) Metaspace: 6298K(6464K)->6298K(6464K) NonClass: 5765K(5824K)->5765K(5824K) Class: 533K(640K)->533K(640K)
[110.701s][info][gc             ] GC(294) Pause Full (Ergonomics) 4762M->4762M(4924M) 1651.359ms
[110.701s][info][gc,cpu         ] GC(294) User=12.44s Sys=0.00s Real=1.65s
[110.701s][info][gc,start       ] GC(295) Pause Full (Ergonomics)
[110.701s][info][gc,phases,start] GC(295) Marking Phase
[111.975s][info][gc,phases      ] GC(295) Marking Phase 1273.875ms
[111.975s][info][gc,phases,start] GC(295) Summary Phase
[111.975s][info][gc,phases      ] GC(295) Summary Phase 0.064ms
[111.975s][info][gc,phases,start] GC(295) Adjust Roots
[111.975s][info][gc,phases      ] GC(295) Adjust Roots 0.171ms
[111.975s][info][gc,phases,start] GC(295) Compaction Phase
[112.342s][info][gc,phases      ] GC(295) Compaction Phase 366.935ms
[112.342s][info][gc,phases,start] GC(295) Post Compact
[112.350s][info][gc,phases      ] GC(295) Post Compact 7.108ms
[112.350s][info][gc,heap        ] GC(295) PSYoungGen: 97791K(263680K)->97791K(263680K) Eden: 97791K(97792K)->97791K(97792K) From: 0K(165888K)->0K(165888K)
[112.350s][info][gc,heap        ] GC(295) ParOldGen: 4778767K(4779008K)->4778767K(4779008K)
[112.350s][info][gc,metaspace   ] GC(295) Metaspace: 6298K(6464K)->6298K(6464K) NonClass: 5765K(5824K)->5765K(5824K) Class: 533K(640K)->533K(640K)
[112.350s][info][gc             ] GC(295) Pause Full (Ergonomics) 4762M->4762M(4924M) 1648.483ms
[112.350s][info][gc,cpu         ] GC(295) User=12.50s Sys=0.00s Real=1.65s
[112.350s][info][gc,start       ] GC(296) Pause Full (Ergonomics)
[112.350s][info][gc,phases,start] GC(296) Marking Phase
[113.626s][info][gc,phases      ] GC(296) Marking Phase 1275.884ms
[113.626s][info][gc,phases,start] GC(296) Summary Phase
[113.626s][info][gc,phases      ] GC(296) Summary Phase 0.061ms
[113.626s][info][gc,phases,start] GC(296) Adjust Roots
[113.626s][info][gc,phases      ] GC(296) Adjust Roots 0.170ms
[113.626s][info][gc,phases,start] GC(296) Compaction Phase
[113.985s][info][gc,phases      ] GC(296) Compaction Phase 359.075ms
[113.985s][info][gc,phases,start] GC(296) Post Compact
[113.993s][info][gc,phases      ] GC(296) Post Compact 7.667ms
[113.993s][info][gc,heap        ] GC(296) PSYoungGen: 97791K(263680K)->97791K(263680K) Eden: 97791K(97792K)->97791K(97792K) From: 0K(165888K)->0K(165888K)
[113.993s][info][gc,heap        ] GC(296) ParOldGen: 4778772K(4779008K)->4778772K(4779008K)
[113.993s][info][gc,metaspace   ] GC(296) Metaspace: 6298K(6464K)->6298K(6464K) NonClass: 5765K(5824K)->5765K(5824K) Class: 533K(640K)->533K(640K)
[113.993s][info][gc             ] GC(296) Pause Full (Ergonomics) 4762M->4762M(4924M) 1643.221ms
[113.993s][info][gc,cpu         ] GC(296) User=12.62s Sys=0.02s Real=1.64s
[113.993s][info][gc,start       ] GC(297) Pause Full (Ergonomics)
[113.993s][info][gc,phases,start] GC(297) Marking Phase
[115.239s][info][gc,phases      ] GC(297) Marking Phase 1245.284ms
[115.239s][info][gc,phases,start] GC(297) Summary Phase
[115.239s][info][gc,phases      ] GC(297) Summary Phase 0.063ms
[115.239s][info][gc,phases,start] GC(297) Adjust Roots
[115.239s][info][gc,phases      ] GC(297) Adjust Roots 0.172ms
[115.239s][info][gc,phases,start] GC(297) Compaction Phase
[115.611s][info][gc,phases      ] GC(297) Compaction Phase 371.829ms
[115.611s][info][gc,phases,start] GC(297) Post Compact
[115.618s][info][gc,phases      ] GC(297) Post Compact 7.241ms
[115.618s][info][gc,heap        ] GC(297) PSYoungGen: 97791K(263680K)->97791K(263680K) Eden: 97791K(97792K)->97791K(97792K) From: 0K(165888K)->0K(165888K)
[115.618s][info][gc,heap        ] GC(297) ParOldGen: 4778777K(4779008K)->4778777K(4779008K)
[115.618s][info][gc,metaspace   ] GC(297) Metaspace: 6298K(6464K)->6298K(6464K) NonClass: 5765K(5824K)->5765K(5824K) Class: 533K(640K)->533K(640K)
[115.618s][info][gc             ] GC(297) Pause Full (Ergonomics) 4762M->4762M(4924M) 1624.912ms
[115.618s][info][gc,cpu         ] GC(297) User=12.45s Sys=0.02s Real=1.62s
[115.618s][info][gc,start       ] GC(298) Pause Full (Ergonomics)
[115.618s][info][gc,phases,start] GC(298) Marking Phase
[116.837s][info][gc,phases      ] GC(298) Marking Phase 1218.427ms
[116.837s][info][gc,phases,start] GC(298) Summary Phase
[116.837s][info][gc,phases      ] GC(298) Summary Phase 0.053ms
[116.837s][info][gc,phases,start] GC(298) Adjust Roots
[116.837s][info][gc,phases      ] GC(298) Adjust Roots 0.164ms
[116.837s][info][gc,phases,start] GC(298) Compaction Phase
[117.197s][info][gc,phases      ] GC(298) Compaction Phase 360.205ms
[117.198s][info][gc,phases,start] GC(298) Post Compact
[117.206s][info][gc,phases      ] GC(298) Post Compact 8.129ms
[117.206s][info][gc,heap        ] GC(298) PSYoungGen: 97791K(263680K)->97791K(263680K) Eden: 97791K(97792K)->97791K(97792K) From: 0K(165888K)->0K(165888K)
[117.206s][info][gc,heap        ] GC(298) ParOldGen: 4778781K(4779008K)->4778781K(4779008K)
[117.206s][info][gc,metaspace   ] GC(298) Metaspace: 6298K(6464K)->6298K(6464K) NonClass: 5765K(5824K)->5765K(5824K) Class: 533K(640K)->533K(640K)
[117.206s][info][gc             ] GC(298) Pause Full (Ergonomics) 4762M->4762M(4924M) 1587.305ms
[117.206s][info][gc,cpu         ] GC(298) User=12.41s Sys=0.00s Real=1.59s
[117.206s][info][gc,start       ] GC(299) Pause Full (Ergonomics)
[117.206s][info][gc,phases,start] GC(299) Marking Phase
[118.478s][info][gc,phases      ] GC(299) Marking Phase 1271.537ms
[118.478s][info][gc,phases,start] GC(299) Summary Phase
[118.478s][info][gc,phases      ] GC(299) Summary Phase 0.053ms
[118.478s][info][gc,phases,start] GC(299) Adjust Roots
[118.478s][info][gc,phases      ] GC(299) Adjust Roots 0.166ms
[118.478s][info][gc,phases,start] GC(299) Compaction Phase
[118.843s][info][gc,phases      ] GC(299) Compaction Phase 365.332ms
[118.843s][info][gc,phases,start] GC(299) Post Compact
[118.851s][info][gc,phases      ] GC(299) Post Compact 7.660ms
[118.851s][info][gc,heap        ] GC(299) PSYoungGen: 97791K(263680K)->97791K(263680K) Eden: 97791K(97792K)->97791K(97792K) From: 0K(165888K)->0K(165888K)
[118.851s][info][gc,heap        ] GC(299) ParOldGen: 4778786K(4779008K)->4778786K(4779008K)
[118.851s][info][gc,metaspace   ] GC(299) Metaspace: 6298K(6464K)->6298K(6464K) NonClass: 5765K(5824K)->5765K(5824K) Class: 533K(640K)->533K(640K)
[118.851s][info][gc             ] GC(299) Pause Full (Ergonomics) 4762M->4762M(4924M) 1645.113ms
[118.851s][info][gc,cpu         ] GC(299) User=12.66s Sys=0.00s Real=1.64s
[118.851s][info][gc,start       ] GC(300) Pause Full (Ergonomics)
[118.851s][info][gc,phases,start] GC(300) Marking Phase
[120.085s][info][gc,phases      ] GC(300) Marking Phase 1233.178ms
[120.085s][info][gc,phases,start] GC(300) Summary Phase
[120.085s][info][gc,phases      ] GC(300) Summary Phase 0.063ms
[120.085s][info][gc,phases,start] GC(300) Adjust Roots
[120.085s][info][gc,phases      ] GC(300) Adjust Roots 0.172ms
[120.085s][info][gc,phases,start] GC(300) Compaction Phase
[120.454s][info][gc,phases      ] GC(300) Compaction Phase 369.304ms
[120.454s][info][gc,phases,start] GC(300) Post Compact
[120.461s][info][gc,phases      ] GC(300) Post Compact 6.864ms
[120.461s][info][gc,heap        ] GC(300) PSYoungGen: 97791K(263680K)->97791K(263680K) Eden: 97791K(97792K)->97791K(97792K) From: 0K(165888K)->0K(165888K)
[120.461s][info][gc,heap        ] GC(300) ParOldGen: 4778791K(4779008K)->4778791K(4779008K)
[120.461s][info][gc,metaspace   ] GC(300) Metaspace: 6298K(6464K)->6298K(6464K) NonClass: 5765K(5824K)->5765K(5824K) Class: 533K(640K)->533K(640K)
[120.461s][info][gc             ] GC(300) Pause Full (Ergonomics) 4762M->4762M(4924M) 1609.900ms
[120.461s][info][gc,cpu         ] GC(300) User=12.36s Sys=0.00s Real=1.61s
[120.461s][info][gc,start       ] GC(301) Pause Full (Ergonomics)
[120.461s][info][gc,phases,start] GC(301) Marking Phase
[121.689s][info][gc,phases      ] GC(301) Marking Phase 1227.347ms
[121.689s][info][gc,phases,start] GC(301) Summary Phase
[121.689s][info][gc,phases      ] GC(301) Summary Phase 0.063ms
[121.689s][info][gc,phases,start] GC(301) Adjust Roots
[121.689s][info][gc,phases      ] GC(301) Adjust Roots 0.167ms
[121.689s][info][gc,phases,start] GC(301) Compaction Phase
[122.074s][info][gc,phases      ] GC(301) Compaction Phase 384.726ms
[122.074s][info][gc,phases,start] GC(301) Post Compact
[122.081s][info][gc,phases      ] GC(301) Post Compact 7.023ms
[122.081s][info][gc,heap        ] GC(301) PSYoungGen: 97791K(263680K)->97791K(263680K) Eden: 97791K(97792K)->97791K(97792K) From: 0K(165888K)->0K(165888K)
[122.081s][info][gc,heap        ] GC(301) ParOldGen: 4778796K(4779008K)->4778796K(4779008K)
[122.081s][info][gc,metaspace   ] GC(301) Metaspace: 6298K(6464K)->6298K(6464K) NonClass: 5765K(5824K)->5765K(5824K) Class: 533K(640K)->533K(640K)
[122.081s][info][gc             ] GC(301) Pause Full (Ergonomics) 4762M->4762M(4924M) 1619.645ms
[122.081s][info][gc,cpu         ] GC(301) User=12.36s Sys=0.00s Real=1.62s
[122.081s][info][gc,start       ] GC(302) Pause Full (Ergonomics)
[122.081s][info][gc,phases,start] GC(302) Marking Phase
[123.290s][info][gc,phases      ] GC(302) Marking Phase 1209.075ms
[123.290s][info][gc,phases,start] GC(302) Summary Phase
[123.291s][info][gc,phases      ] GC(302) Summary Phase 0.053ms
[123.291s][info][gc,phases,start] GC(302) Adjust Roots
[123.291s][info][gc,phases      ] GC(302) Adjust Roots 0.166ms
[123.291s][info][gc,phases,start] GC(302) Compaction Phase
[123.688s][info][gc,phases      ] GC(302) Compaction Phase 397.655ms
[123.688s][info][gc,phases,start] GC(302) Post Compact
[123.696s][info][gc,phases      ] GC(302) Post Compact 7.090ms
[123.696s][info][gc,heap        ] GC(302) PSYoungGen: 97791K(263680K)->97791K(263680K) Eden: 97791K(97792K)->97791K(97792K) From: 0K(165888K)->0K(165888K)
[123.696s][info][gc,heap        ] GC(302) ParOldGen: 4778801K(4779008K)->4778801K(4779008K)
[123.696s][info][gc,metaspace   ] GC(302) Metaspace: 6298K(6464K)->6298K(6464K) NonClass: 5765K(5824K)->5765K(5824K) Class: 533K(640K)->533K(640K)
[123.696s][info][gc             ] GC(302) Pause Full (Ergonomics) 4762M->4762M(4924M) 1614.400ms
[123.696s][info][gc,cpu         ] GC(302) User=12.30s Sys=0.00s Real=1.62s
[123.696s][info][gc,start       ] GC(303) Pause Full (Ergonomics)
[123.696s][info][gc,phases,start] GC(303) Marking Phase
[124.920s][info][gc,phases      ] GC(303) Marking Phase 1224.466ms
[124.920s][info][gc,phases,start] GC(303) Summary Phase
[124.921s][info][gc,phases      ] GC(303) Summary Phase 0.053ms
[124.921s][info][gc,phases,start] GC(303) Adjust Roots
[124.921s][info][gc,phases      ] GC(303) Adjust Roots 0.167ms
[124.921s][info][gc,phases,start] GC(303) Compaction Phase
[125.284s][info][gc,phases      ] GC(303) Compaction Phase 363.496ms
[125.284s][info][gc,phases,start] GC(303) Post Compact
[125.292s][info][gc,phases      ] GC(303) Post Compact 7.671ms
[125.292s][info][gc,heap        ] GC(303) PSYoungGen: 97791K(263680K)->97791K(263680K) Eden: 97791K(97792K)->97791K(97792K) From: 0K(165888K)->0K(165888K)
[125.292s][info][gc,heap        ] GC(303) ParOldGen: 4778806K(4779008K)->4778806K(4779008K)
[125.292s][info][gc,metaspace   ] GC(303) Metaspace: 6298K(6464K)->6298K(6464K) NonClass: 5765K(5824K)->5765K(5824K) Class: 533K(640K)->533K(640K)
[125.292s][info][gc             ] GC(303) Pause Full (Ergonomics) 4762M->4762M(4924M) 1596.181ms
[125.292s][info][gc,cpu         ] GC(303) User=12.42s Sys=0.00s Real=1.60s
[125.292s][info][gc,start       ] GC(304) Pause Full (Ergonomics)
[125.292s][info][gc,phases,start] GC(304) Marking Phase
[126.504s][info][gc,phases      ] GC(304) Marking Phase 1211.348ms
[126.504s][info][gc,phases,start] GC(304) Summary Phase
[126.504s][info][gc,phases      ] GC(304) Summary Phase 0.062ms
[126.504s][info][gc,phases,start] GC(304) Adjust Roots
[126.504s][info][gc,phases      ] GC(304) Adjust Roots 0.189ms
[126.504s][info][gc,phases,start] GC(304) Compaction Phase
[126.883s][info][gc,phases      ] GC(304) Compaction Phase 378.905ms
[126.883s][info][gc,phases,start] GC(304) Post Compact
[126.890s][info][gc,phases      ] GC(304) Post Compact 6.478ms
[126.890s][info][gc,heap        ] GC(304) PSYoungGen: 97791K(263680K)->97791K(263680K) Eden: 97791K(97792K)->97791K(97792K) From: 0K(165888K)->0K(165888K)
[126.890s][info][gc,heap        ] GC(304) ParOldGen: 4778810K(4779008K)->4778810K(4779008K)
[126.890s][info][gc,metaspace   ] GC(304) Metaspace: 6298K(6464K)->6298K(6464K) NonClass: 5765K(5824K)->5765K(5824K) Class: 533K(640K)->533K(640K)
[126.890s][info][gc             ] GC(304) Pause Full (Ergonomics) 4762M->4762M(4924M) 1597.309ms
[126.890s][info][gc,cpu         ] GC(304) User=12.19s Sys=0.00s Real=1.60s
[126.890s][info][gc,start       ] GC(305) Pause Full (Ergonomics)
[126.890s][info][gc,phases,start] GC(305) Marking Phase
[128.138s][info][gc,phases      ] GC(305) Marking Phase 1248.318ms
[128.138s][info][gc,phases,start] GC(305) Summary Phase
[128.138s][info][gc,phases      ] GC(305) Summary Phase 0.061ms
[128.138s][info][gc,phases,start] GC(305) Adjust Roots
[128.139s][info][gc,phases      ] GC(305) Adjust Roots 0.192ms
[128.139s][info][gc,phases,start] GC(305) Compaction Phase
[128.510s][info][gc,phases      ] GC(305) Compaction Phase 370.943ms
[128.510s][info][gc,phases,start] GC(305) Post Compact
[128.517s][info][gc,phases      ] GC(305) Post Compact 7.053ms
[128.517s][info][gc,heap        ] GC(305) PSYoungGen: 97791K(263680K)->97791K(263680K) Eden: 97791K(97792K)->97791K(97792K) From: 0K(165888K)->0K(165888K)
[128.517s][info][gc,heap        ] GC(305) ParOldGen: 4778815K(4779008K)->4778815K(4779008K)
[128.517s][info][gc,metaspace   ] GC(305) Metaspace: 6298K(6464K)->6298K(6464K) NonClass: 5765K(5824K)->5765K(5824K) Class: 533K(640K)->533K(640K)
[128.517s][info][gc             ] GC(305) Pause Full (Ergonomics) 4762M->4762M(4924M) 1626.880ms
[128.517s][info][gc,cpu         ] GC(305) User=12.59s Sys=0.00s Real=1.63s
[128.517s][info][gc,start       ] GC(306) Pause Full (Ergonomics)
[128.517s][info][gc,phases,start] GC(306) Marking Phase
[129.745s][info][gc,phases      ] GC(306) Marking Phase 1228.332ms
[129.745s][info][gc,phases,start] GC(306) Summary Phase
[129.745s][info][gc,phases      ] GC(306) Summary Phase 0.074ms
[129.745s][info][gc,phases,start] GC(306) Adjust Roots
[129.746s][info][gc,phases      ] GC(306) Adjust Roots 0.171ms
[129.746s][info][gc,phases,start] GC(306) Compaction Phase
[130.102s][info][gc,phases      ] GC(306) Compaction Phase 356.154ms
[130.102s][info][gc,phases,start] GC(306) Post Compact
[130.109s][info][gc,phases      ] GC(306) Post Compact 7.574ms
[130.110s][info][gc,heap        ] GC(306) PSYoungGen: 97791K(263680K)->97791K(263680K) Eden: 97791K(97792K)->97791K(97792K) From: 0K(165888K)->0K(165888K)
[130.110s][info][gc,heap        ] GC(306) ParOldGen: 4778820K(4779008K)->4778820K(4779008K)
[130.110s][info][gc,metaspace   ] GC(306) Metaspace: 6298K(6464K)->6298K(6464K) NonClass: 5765K(5824K)->5765K(5824K) Class: 533K(640K)->533K(640K)
[130.110s][info][gc             ] GC(306) Pause Full (Ergonomics) 4762M->4762M(4924M) 1592.652ms
[130.110s][info][gc,cpu         ] GC(306) User=12.44s Sys=0.00s Real=1.59s
[130.110s][info][gc,start       ] GC(307) Pause Full (Ergonomics)
[130.110s][info][gc,phases,start] GC(307) Marking Phase
[131.333s][info][gc,phases      ] GC(307) Marking Phase 1223.049ms
[131.333s][info][gc,phases,start] GC(307) Summary Phase
[131.333s][info][gc,phases      ] GC(307) Summary Phase 0.052ms
[131.333s][info][gc,phases,start] GC(307) Adjust Roots
[131.333s][info][gc,phases      ] GC(307) Adjust Roots 0.165ms
[131.333s][info][gc,phases,start] GC(307) Compaction Phase
[131.691s][info][gc,phases      ] GC(307) Compaction Phase 357.547ms
[131.691s][info][gc,phases,start] GC(307) Post Compact
[131.698s][info][gc,phases      ] GC(307) Post Compact 7.236ms
[131.698s][info][gc,heap        ] GC(307) PSYoungGen: 97791K(263680K)->97791K(263680K) Eden: 97791K(97792K)->97791K(97792K) From: 0K(165888K)->0K(165888K)
[131.698s][info][gc,heap        ] GC(307) ParOldGen: 4778825K(4779008K)->4778825K(4779008K)
[131.698s][info][gc,metaspace   ] GC(307) Metaspace: 6298K(6464K)->6298K(6464K) NonClass: 5765K(5824K)->5765K(5824K) Class: 533K(640K)->533K(640K)
[131.698s][info][gc             ] GC(307) Pause Full (Ergonomics) 4762M->4762M(4924M) 1588.368ms
[131.698s][info][gc,cpu         ] GC(307) User=12.27s Sys=0.00s Real=1.59s
[131.698s][info][gc,start       ] GC(308) Pause Full (Ergonomics)
[131.698s][info][gc,phases,start] GC(308) Marking Phase
[132.944s][info][gc,phases      ] GC(308) Marking Phase 1245.199ms
[132.944s][info][gc,phases,start] GC(308) Summary Phase
[132.944s][info][gc,phases      ] GC(308) Summary Phase 0.053ms
[132.944s][info][gc,phases,start] GC(308) Adjust Roots
[132.944s][info][gc,phases      ] GC(308) Adjust Roots 0.165ms
[132.944s][info][gc,phases,start] GC(308) Compaction Phase
[133.307s][info][gc,phases      ] GC(308) Compaction Phase 363.440ms
[133.307s][info][gc,phases,start] GC(308) Post Compact
[133.315s][info][gc,phases      ] GC(308) Post Compact 7.121ms
[133.315s][info][gc,heap        ] GC(308) PSYoungGen: 97791K(263680K)->97791K(263680K) Eden: 97791K(97792K)->97791K(97792K) From: 0K(165888K)->0K(165888K)
[133.315s][info][gc,heap        ] GC(308) ParOldGen: 4778830K(4779008K)->4778830K(4779008K)
[133.315s][info][gc,metaspace   ] GC(308) Metaspace: 6298K(6464K)->6298K(6464K) NonClass: 5765K(5824K)->5765K(5824K) Class: 533K(640K)->533K(640K)
[133.315s][info][gc             ] GC(308) Pause Full (Ergonomics) 4762M->4762M(4924M) 1616.292ms
[133.315s][info][gc,cpu         ] GC(308) User=12.38s Sys=0.00s Real=1.62s
[133.315s][info][gc,start       ] GC(309) Pause Full (Ergonomics)
[133.315s][info][gc,phases,start] GC(309) Marking Phase
[134.552s][info][gc,phases      ] GC(309) Marking Phase 1236.835ms
[134.552s][info][gc,phases,start] GC(309) Summary Phase
[134.552s][info][gc,phases      ] GC(309) Summary Phase 0.053ms
[134.552s][info][gc,phases,start] GC(309) Adjust Roots
[134.552s][info][gc,phases      ] GC(309) Adjust Roots 0.171ms
[134.552s][info][gc,phases,start] GC(309) Compaction Phase
[134.940s][info][gc,phases      ] GC(309) Compaction Phase 387.649ms
[134.940s][info][gc,phases,start] GC(309) Post Compact
[134.947s][info][gc,phases      ] GC(309) Post Compact 7.083ms
[134.947s][info][gc,heap        ] GC(309) PSYoungGen: 97791K(263680K)->97791K(263680K) Eden: 97791K(97792K)->97791K(97792K) From: 0K(165888K)->0K(165888K)
[134.947s][info][gc,heap        ] GC(309) ParOldGen: 4778835K(4779008K)->4778835K(4779008K)
[134.947s][info][gc,metaspace   ] GC(309) Metaspace: 6298K(6464K)->6298K(6464K) NonClass: 5765K(5824K)->5765K(5824K) Class: 533K(640K)->533K(640K)
[134.947s][info][gc             ] GC(309) Pause Full (Ergonomics) 4762M->4762M(4924M) 1632.159ms
[134.947s][info][gc,cpu         ] GC(309) User=12.44s Sys=0.00s Real=1.63s
[134.947s][info][gc,start       ] GC(310) Pause Full (Ergonomics)
[134.947s][info][gc,phases,start] GC(310) Marking Phase
[136.147s][info][gc,phases      ] GC(310) Marking Phase 1199.731ms
[136.147s][info][gc,phases,start] GC(310) Summary Phase
[136.147s][info][gc,phases      ] GC(310) Summary Phase 0.055ms
[136.147s][info][gc,phases,start] GC(310) Adjust Roots
[136.147s][info][gc,phases      ] GC(310) Adjust Roots 0.204ms
[136.147s][info][gc,phases,start] GC(310) Compaction Phase
[136.512s][info][gc,phases      ] GC(310) Compaction Phase 364.290ms
[136.512s][info][gc,phases,start] GC(310) Post Compact
[136.519s][info][gc,phases      ] GC(310) Post Compact 7.152ms
[136.519s][info][gc,heap        ] GC(310) PSYoungGen: 97791K(263680K)->97791K(263680K) Eden: 97791K(97792K)->97791K(97792K) From: 0K(165888K)->0K(165888K)
[136.519s][info][gc,heap        ] GC(310) ParOldGen: 4778839K(4779008K)->4778839K(4779008K)
[136.519s][info][gc,metaspace   ] GC(310) Metaspace: 6298K(6464K)->6298K(6464K) NonClass: 5765K(5824K)->5765K(5824K) Class: 533K(640K)->533K(640K)
[136.519s][info][gc             ] GC(310) Pause Full (Ergonomics) 4762M->4762M(4924M) 1571.763ms
[136.519s][info][gc,cpu         ] GC(310) User=12.23s Sys=0.00s Real=1.57s
[136.519s][info][gc,start       ] GC(311) Pause Full (Ergonomics)
[136.519s][info][gc,phases,start] GC(311) Marking Phase
[137.735s][info][gc,phases      ] GC(311) Marking Phase 1215.805ms
[137.735s][info][gc,phases,start] GC(311) Summary Phase
[137.735s][info][gc,phases      ] GC(311) Summary Phase 0.053ms
[137.735s][info][gc,phases,start] GC(311) Adjust Roots
[137.735s][info][gc,phases      ] GC(311) Adjust Roots 0.189ms
[137.735s][info][gc,phases,start] GC(311) Compaction Phase
[138.119s][info][gc,phases      ] GC(311) Compaction Phase 383.973ms
[138.119s][info][gc,phases,start] GC(311) Post Compact
[138.127s][info][gc,phases      ] GC(311) Post Compact 7.066ms
[138.127s][info][gc,heap        ] GC(311) PSYoungGen: 97791K(263680K)->97791K(263680K) Eden: 97791K(97792K)->97791K(97792K) From: 0K(165888K)->0K(165888K)
[138.127s][info][gc,heap        ] GC(311) ParOldGen: 4778844K(4779008K)->4778844K(4779008K)
[138.127s][info][gc,metaspace   ] GC(311) Metaspace: 6298K(6464K)->6298K(6464K) NonClass: 5765K(5824K)->5765K(5824K) Class: 533K(640K)->533K(640K)
[138.127s][info][gc             ] GC(311) Pause Full (Ergonomics) 4762M->4762M(4924M) 1607.399ms
[138.127s][info][gc,cpu         ] GC(311) User=12.25s Sys=0.00s Real=1.61s
[138.127s][info][gc,start       ] GC(312) Pause Full (Ergonomics)
[138.127s][info][gc,phases,start] GC(312) Marking Phase
[139.342s][info][gc,phases      ] GC(312) Marking Phase 1214.969ms
[139.342s][info][gc,phases,start] GC(312) Summary Phase
[139.342s][info][gc,phases      ] GC(312) Summary Phase 0.056ms
[139.342s][info][gc,phases,start] GC(312) Adjust Roots
[139.342s][info][gc,phases      ] GC(312) Adjust Roots 0.178ms
[139.342s][info][gc,phases,start] GC(312) Compaction Phase
[139.712s][info][gc,phases      ] GC(312) Compaction Phase 369.860ms
[139.712s][info][gc,phases,start] GC(312) Post Compact
[139.719s][info][gc,phases      ] GC(312) Post Compact 7.111ms
[139.719s][info][gc,heap        ] GC(312) PSYoungGen: 97791K(263680K)->97791K(263680K) Eden: 97791K(97792K)->97791K(97792K) From: 0K(165888K)->0K(165888K)
[139.719s][info][gc,heap        ] GC(312) ParOldGen: 4778849K(4779008K)->4778849K(4779008K)
[139.719s][info][gc,metaspace   ] GC(312) Metaspace: 6298K(6464K)->6298K(6464K) NonClass: 5765K(5824K)->5765K(5824K) Class: 533K(640K)->533K(640K)
[139.719s][info][gc             ] GC(312) Pause Full (Ergonomics) 4762M->4762M(4924M) 1592.526ms
[139.719s][info][gc,cpu         ] GC(312) User=12.20s Sys=0.03s Real=1.59s
[139.720s][info][gc,start       ] GC(313) Pause Full (Ergonomics)
[139.720s][info][gc,phases,start] GC(313) Marking Phase
[140.914s][info][gc,phases      ] GC(313) Marking Phase 1194.749ms
[140.914s][info][gc,phases,start] GC(313) Summary Phase
[140.915s][info][gc,phases      ] GC(313) Summary Phase 0.053ms
[140.915s][info][gc,phases,start] GC(313) Adjust Roots
[140.915s][info][gc,phases      ] GC(313) Adjust Roots 0.188ms
[140.915s][info][gc,phases,start] GC(313) Compaction Phase
[141.275s][info][gc,phases      ] GC(313) Compaction Phase 360.566ms
[141.275s][info][gc,phases,start] GC(313) Post Compact
[141.283s][info][gc,phases      ] GC(313) Post Compact 7.969ms
[141.283s][info][gc,heap        ] GC(313) PSYoungGen: 97791K(263680K)->97791K(263680K) Eden: 97791K(97792K)->97791K(97792K) From: 0K(165888K)->0K(165888K)
[141.283s][info][gc,heap        ] GC(313) ParOldGen: 4778854K(4779008K)->4778854K(4779008K)
[141.283s][info][gc,metaspace   ] GC(313) Metaspace: 6298K(6464K)->6298K(6464K) NonClass: 5765K(5824K)->5765K(5824K) Class: 533K(640K)->533K(640K)
[141.283s][info][gc             ] GC(313) Pause Full (Ergonomics) 4762M->4762M(4924M) 1563.864ms
[141.284s][info][gc,cpu         ] GC(313) User=12.08s Sys=0.00s Real=1.56s
[141.284s][info][gc,start       ] GC(314) Pause Full (Ergonomics)
[141.284s][info][gc,phases,start] GC(314) Marking Phase
[142.492s][info][gc,phases      ] GC(314) Marking Phase 1208.444ms
[142.492s][info][gc,phases,start] GC(314) Summary Phase
[142.492s][info][gc,phases      ] GC(314) Summary Phase 0.053ms
[142.492s][info][gc,phases,start] GC(314) Adjust Roots
[142.493s][info][gc,phases      ] GC(314) Adjust Roots 0.173ms
[142.493s][info][gc,phases,start] GC(314) Compaction Phase
[142.848s][info][gc,phases      ] GC(314) Compaction Phase 355.170ms
[142.848s][info][gc,phases,start] GC(314) Post Compact
[142.856s][info][gc,phases      ] GC(314) Post Compact 8.623ms
[142.857s][info][gc,heap        ] GC(314) PSYoungGen: 97791K(263680K)->97791K(263680K) Eden: 97791K(97792K)->97791K(97792K) From: 0K(165888K)->0K(165888K)
[142.857s][info][gc,heap        ] GC(314) ParOldGen: 4778859K(4779008K)->4778859K(4779008K)
[142.857s][info][gc,metaspace   ] GC(314) Metaspace: 6298K(6464K)->6298K(6464K) NonClass: 5765K(5824K)->5765K(5824K) Class: 533K(640K)->533K(640K)
[142.857s][info][gc             ] GC(314) Pause Full (Ergonomics) 4762M->4762M(4924M) 1572.845ms
[142.857s][info][gc,cpu         ] GC(314) User=12.17s Sys=0.00s Real=1.57s
[142.857s][info][gc,start       ] GC(315) Pause Full (Ergonomics)
[142.857s][info][gc,phases,start] GC(315) Marking Phase
[144.069s][info][gc,phases      ] GC(315) Marking Phase 1212.081ms
[144.069s][info][gc,phases,start] GC(315) Summary Phase
[144.069s][info][gc,phases      ] GC(315) Summary Phase 0.054ms
[144.069s][info][gc,phases,start] GC(315) Adjust Roots
[144.069s][info][gc,phases      ] GC(315) Adjust Roots 0.167ms
[144.069s][info][gc,phases,start] GC(315) Compaction Phase
[144.450s][info][gc,phases      ] GC(315) Compaction Phase 380.510ms
[144.450s][info][gc,phases,start] GC(315) Post Compact
[144.457s][info][gc,phases      ] GC(315) Post Compact 7.037ms
[144.457s][info][gc,heap        ] GC(315) PSYoungGen: 97791K(263680K)->97791K(263680K) Eden: 97791K(97792K)->97791K(97792K) From: 0K(165888K)->0K(165888K)
[144.457s][info][gc,heap        ] GC(315) ParOldGen: 4778864K(4779008K)->4778864K(4779008K)
[144.457s][info][gc,metaspace   ] GC(315) Metaspace: 6298K(6464K)->6298K(6464K) NonClass: 5765K(5824K)->5765K(5824K) Class: 533K(640K)->533K(640K)
[144.457s][info][gc             ] GC(315) Pause Full (Ergonomics) 4762M->4762M(4924M) 1600.161ms
[144.457s][info][gc,cpu         ] GC(315) User=12.19s Sys=0.03s Real=1.60s
[144.457s][info][gc,start       ] GC(316) Pause Full (Ergonomics)
[144.457s][info][gc,phases,start] GC(316) Marking Phase
[145.695s][info][gc,phases      ] GC(316) Marking Phase 1238.057ms
[145.695s][info][gc,phases,start] GC(316) Summary Phase
[145.695s][info][gc,phases      ] GC(316) Summary Phase 0.053ms
[145.695s][info][gc,phases,start] GC(316) Adjust Roots
[145.696s][info][gc,phases      ] GC(316) Adjust Roots 0.159ms
[145.696s][info][gc,phases,start] GC(316) Compaction Phase
[146.059s][info][gc,phases      ] GC(316) Compaction Phase 363.043ms
[146.059s][info][gc,phases,start] GC(316) Post Compact
[146.066s][info][gc,phases      ] GC(316) Post Compact 6.731ms
[146.066s][info][gc,heap        ] GC(316) PSYoungGen: 97791K(263680K)->97791K(263680K) Eden: 97791K(97792K)->97791K(97792K) From: 0K(165888K)->0K(165888K)
[146.066s][info][gc,heap        ] GC(316) ParOldGen: 4778868K(4779008K)->4778868K(4779008K)
[146.066s][info][gc,metaspace   ] GC(316) Metaspace: 6298K(6464K)->6298K(6464K) NonClass: 5765K(5824K)->5765K(5824K) Class: 533K(640K)->533K(640K)
[146.066s][info][gc             ] GC(316) Pause Full (Ergonomics) 4762M->4762M(4924M) 1608.383ms
[146.066s][info][gc,cpu         ] GC(316) User=12.50s Sys=0.00s Real=1.61s
[146.066s][info][gc,start       ] GC(317) Pause Full (Ergonomics)
[146.066s][info][gc,phases,start] GC(317) Marking Phase
[147.286s][info][gc,phases      ] GC(317) Marking Phase 1220.147ms
[147.286s][info][gc,phases,start] GC(317) Summary Phase
[147.286s][info][gc,phases      ] GC(317) Summary Phase 0.063ms
[147.286s][info][gc,phases,start] GC(317) Adjust Roots
[147.286s][info][gc,phases      ] GC(317) Adjust Roots 0.181ms
[147.286s][info][gc,phases,start] GC(317) Compaction Phase
[147.657s][info][gc,phases      ] GC(317) Compaction Phase 370.654ms
[147.657s][info][gc,phases,start] GC(317) Post Compact
[147.664s][info][gc,phases      ] GC(317) Post Compact 6.398ms
[147.664s][info][gc,heap        ] GC(317) PSYoungGen: 97791K(263680K)->97791K(263680K) Eden: 97791K(97792K)->97791K(97792K) From: 0K(165888K)->0K(165888K)
[147.664s][info][gc,heap        ] GC(317) ParOldGen: 4778873K(4779008K)->4778873K(4779008K)
[147.664s][info][gc,metaspace   ] GC(317) Metaspace: 6298K(6464K)->6298K(6464K) NonClass: 5765K(5824K)->5765K(5824K) Class: 533K(640K)->533K(640K)
[147.664s][info][gc             ] GC(317) Pause Full (Ergonomics) 4762M->4762M(4924M) 1597.777ms
[147.664s][info][gc,cpu         ] GC(317) User=12.33s Sys=0.00s Real=1.60s
[147.664s][info][gc,start       ] GC(318) Pause Full (Ergonomics)
[147.664s][info][gc,phases,start] GC(318) Marking Phase
[148.871s][info][gc,phases      ] GC(318) Marking Phase 1206.869ms
[148.871s][info][gc,phases,start] GC(318) Summary Phase
[148.871s][info][gc,phases      ] GC(318) Summary Phase 0.062ms
[148.871s][info][gc,phases,start] GC(318) Adjust Roots
[148.871s][info][gc,phases      ] GC(318) Adjust Roots 0.171ms
[148.871s][info][gc,phases,start] GC(318) Compaction Phase
[149.282s][info][gc,phases      ] GC(318) Compaction Phase 410.873ms
[149.282s][info][gc,phases,start] GC(318) Post Compact
[149.289s][info][gc,phases      ] GC(318) Post Compact 6.958ms
[149.289s][info][gc,heap        ] GC(318) PSYoungGen: 97791K(263680K)->97791K(263680K) Eden: 97791K(97792K)->97791K(97792K) From: 0K(165888K)->0K(165888K)
[149.289s][info][gc,heap        ] GC(318) ParOldGen: 4778878K(4779008K)->4778878K(4779008K)
[149.289s][info][gc,metaspace   ] GC(318) Metaspace: 6298K(6464K)->6298K(6464K) NonClass: 5765K(5824K)->5765K(5824K) Class: 533K(640K)->533K(640K)
[149.289s][info][gc             ] GC(318) Pause Full (Ergonomics) 4762M->4762M(4924M) 1625.249ms
[149.289s][info][gc,cpu         ] GC(318) User=12.12s Sys=0.00s Real=1.62s
[149.289s][info][gc,start       ] GC(319) Pause Full (Ergonomics)
[149.289s][info][gc,phases,start] GC(319) Marking Phase
[150.493s][info][gc,phases      ] GC(319) Marking Phase 1204.163ms
[150.493s][info][gc,phases,start] GC(319) Summary Phase
[150.494s][info][gc,phases      ] GC(319) Summary Phase 0.057ms
[150.494s][info][gc,phases,start] GC(319) Adjust Roots
[150.494s][info][gc,phases      ] GC(319) Adjust Roots 0.212ms
[150.494s][info][gc,phases,start] GC(319) Compaction Phase
[150.885s][info][gc,phases      ] GC(319) Compaction Phase 390.915ms
[150.885s][info][gc,phases,start] GC(319) Post Compact
[150.892s][info][gc,phases      ] GC(319) Post Compact 7.599ms
[150.892s][info][gc,heap        ] GC(319) PSYoungGen: 97791K(263680K)->97791K(263680K) Eden: 97791K(97792K)->97791K(97792K) From: 0K(165888K)->0K(165888K)
[150.892s][info][gc,heap        ] GC(319) ParOldGen: 4778883K(4779008K)->4778883K(4779008K)
[150.893s][info][gc,metaspace   ] GC(319) Metaspace: 6298K(6464K)->6298K(6464K) NonClass: 5765K(5824K)->5765K(5824K) Class: 533K(640K)->533K(640K)
[150.893s][info][gc             ] GC(319) Pause Full (Ergonomics) 4762M->4762M(4924M) 1603.294ms
[150.893s][info][gc,cpu         ] GC(319) User=11.95s Sys=0.03s Real=1.60s
[150.893s][info][gc,start       ] GC(320) Pause Full (Ergonomics)
[150.893s][info][gc,phases,start] GC(320) Marking Phase
[152.119s][info][gc,phases      ] GC(320) Marking Phase 1226.435ms
[152.119s][info][gc,phases,start] GC(320) Summary Phase
[152.119s][info][gc,phases      ] GC(320) Summary Phase 0.120ms
[152.120s][info][gc,phases,start] GC(320) Adjust Roots
[152.120s][info][gc,phases      ] GC(320) Adjust Roots 0.505ms
[152.120s][info][gc,phases,start] GC(320) Compaction Phase
[152.607s][info][gc,phases      ] GC(320) Compaction Phase 486.322ms
[152.607s][info][gc,phases,start] GC(320) Post Compact
[152.613s][info][gc,phases      ] GC(320) Post Compact 6.863ms
[152.614s][info][gc,heap        ] GC(320) PSYoungGen: 97791K(263680K)->97791K(263680K) Eden: 97791K(97792K)->97791K(97792K) From: 0K(165888K)->0K(165888K)
[152.614s][info][gc,heap        ] GC(320) ParOldGen: 4778888K(4779008K)->4778888K(4779008K)
[152.614s][info][gc,metaspace   ] GC(320) Metaspace: 6298K(6464K)->6298K(6464K) NonClass: 5765K(5824K)->5765K(5824K) Class: 533K(640K)->533K(640K)
[152.614s][info][gc             ] GC(320) Pause Full (Ergonomics) 4762M->4762M(4924M) 1720.862ms
[152.614s][info][gc,cpu         ] GC(320) User=11.78s Sys=0.03s Real=1.72s
[152.614s][info][gc,start       ] GC(321) Pause Full (Ergonomics)
[152.614s][info][gc,phases,start] GC(321) Marking Phase
[153.857s][info][gc,phases      ] GC(321) Marking Phase 1242.817ms
[153.857s][info][gc,phases,start] GC(321) Summary Phase
[153.857s][info][gc,phases      ] GC(321) Summary Phase 0.055ms
[153.857s][info][gc,phases,start] GC(321) Adjust Roots
[153.857s][info][gc,phases      ] GC(321) Adjust Roots 0.168ms
[153.857s][info][gc,phases,start] GC(321) Compaction Phase
[154.223s][info][gc,phases      ] GC(321) Compaction Phase 365.509ms
[154.223s][info][gc,phases,start] GC(321) Post Compact
[154.230s][info][gc,phases      ] GC(321) Post Compact 6.921ms
[154.230s][info][gc,heap        ] GC(321) PSYoungGen: 97791K(263680K)->97791K(263680K) Eden: 97791K(97792K)->97791K(97792K) From: 0K(165888K)->0K(165888K)
[154.230s][info][gc,heap        ] GC(321) ParOldGen: 4778893K(4779008K)->4778893K(4779008K)
[154.230s][info][gc,metaspace   ] GC(321) Metaspace: 6298K(6464K)->6298K(6464K) NonClass: 5765K(5824K)->5765K(5824K) Class: 533K(640K)->533K(640K)
[154.230s][info][gc             ] GC(321) Pause Full (Ergonomics) 4762M->4762M(4924M) 1615.771ms
[154.230s][info][gc,cpu         ] GC(321) User=12.25s Sys=0.02s Real=1.62s
[154.230s][info][gc,start       ] GC(322) Pause Full (Ergonomics)
[154.230s][info][gc,phases,start] GC(322) Marking Phase
[155.424s][info][gc,phases      ] GC(322) Marking Phase 1193.878ms
[155.424s][info][gc,phases,start] GC(322) Summary Phase
[155.424s][info][gc,phases      ] GC(322) Summary Phase 0.056ms
[155.424s][info][gc,phases,start] GC(322) Adjust Roots
[155.424s][info][gc,phases      ] GC(322) Adjust Roots 0.180ms
[155.424s][info][gc,phases,start] GC(322) Compaction Phase
[155.788s][info][gc,phases      ] GC(322) Compaction Phase 363.597ms
[155.788s][info][gc,phases,start] GC(322) Post Compact
[155.794s][info][gc,phases      ] GC(322) Post Compact 6.303ms
[155.794s][info][gc,heap        ] GC(322) PSYoungGen: 97791K(263680K)->97791K(263680K) Eden: 97791K(97792K)->97791K(97792K) From: 0K(165888K)->0K(165888K)
[155.794s][info][gc,heap        ] GC(322) ParOldGen: 4778897K(4779008K)->4778897K(4779008K)
[155.794s][info][gc,metaspace   ] GC(322) Metaspace: 6298K(6464K)->6298K(6464K) NonClass: 5765K(5824K)->5765K(5824K) Class: 533K(640K)->533K(640K)
[155.794s][info][gc             ] GC(322) Pause Full (Ergonomics) 4762M->4762M(4924M) 1564.352ms
[155.794s][info][gc,cpu         ] GC(322) User=12.02s Sys=0.00s Real=1.56s
[155.795s][info][gc,start       ] GC(323) Pause Full (Ergonomics)
[155.795s][info][gc,phases,start] GC(323) Marking Phase
[157.035s][info][gc,phases      ] GC(323) Marking Phase 1240.528ms
[157.035s][info][gc,phases,start] GC(323) Summary Phase
[157.035s][info][gc,phases      ] GC(323) Summary Phase 0.063ms
[157.035s][info][gc,phases,start] GC(323) Adjust Roots
[157.035s][info][gc,phases      ] GC(323) Adjust Roots 0.171ms
[157.035s][info][gc,phases,start] GC(323) Compaction Phase
[157.413s][info][gc,phases      ] GC(323) Compaction Phase 377.160ms
[157.413s][info][gc,phases,start] GC(323) Post Compact
[157.419s][info][gc,phases      ] GC(323) Post Compact 6.121ms
[157.419s][info][gc,heap        ] GC(323) PSYoungGen: 97791K(263680K)->97791K(263680K) Eden: 97791K(97792K)->97791K(97792K) From: 0K(165888K)->0K(165888K)
[157.419s][info][gc,heap        ] GC(323) ParOldGen: 4778902K(4779008K)->4778902K(4779008K)
[157.419s][info][gc,metaspace   ] GC(323) Metaspace: 6298K(6464K)->6298K(6464K) NonClass: 5765K(5824K)->5765K(5824K) Class: 533K(640K)->533K(640K)
[157.419s][info][gc             ] GC(323) Pause Full (Ergonomics) 4762M->4762M(4924M) 1624.360ms
[157.419s][info][gc,cpu         ] GC(323) User=12.33s Sys=0.00s Real=1.62s
[157.419s][info][gc,start       ] GC(324) Pause Full (Ergonomics)
[157.419s][info][gc,phases,start] GC(324) Marking Phase
[158.659s][info][gc,phases      ] GC(324) Marking Phase 1239.712ms
[158.659s][info][gc,phases,start] GC(324) Summary Phase
[158.659s][info][gc,phases      ] GC(324) Summary Phase 0.058ms
[158.659s][info][gc,phases,start] GC(324) Adjust Roots
[158.659s][info][gc,phases      ] GC(324) Adjust Roots 0.167ms
[158.659s][info][gc,phases,start] GC(324) Compaction Phase
[159.036s][info][gc,phases      ] GC(324) Compaction Phase 376.685ms
[159.036s][info][gc,phases,start] GC(324) Post Compact
[159.042s][info][gc,phases      ] GC(324) Post Compact 6.468ms
[159.042s][info][gc,heap        ] GC(324) PSYoungGen: 97791K(263680K)->97791K(263680K) Eden: 97791K(97792K)->97791K(97792K) From: 0K(165888K)->0K(165888K)
[159.042s][info][gc,heap        ] GC(324) ParOldGen: 4778907K(4779008K)->4778907K(4779008K)
[159.042s][info][gc,metaspace   ] GC(324) Metaspace: 6298K(6464K)->6298K(6464K) NonClass: 5765K(5824K)->5765K(5824K) Class: 533K(640K)->533K(640K)
[159.043s][info][gc             ] GC(324) Pause Full (Ergonomics) 4762M->4762M(4924M) 1623.419ms
[159.043s][info][gc,cpu         ] GC(324) User=12.23s Sys=0.00s Real=1.62s
[159.043s][info][gc,start       ] GC(325) Pause Full (Ergonomics)
[159.043s][info][gc,phases,start] GC(325) Marking Phase
[160.287s][info][gc,phases      ] GC(325) Marking Phase 1244.244ms
[160.287s][info][gc,phases,start] GC(325) Summary Phase
[160.287s][info][gc,phases      ] GC(325) Summary Phase 0.065ms
[160.287s][info][gc,phases,start] GC(325) Adjust Roots
[160.287s][info][gc,phases      ] GC(325) Adjust Roots 0.202ms
[160.287s][info][gc,phases,start] GC(325) Compaction Phase
[160.653s][info][gc,phases      ] GC(325) Compaction Phase 365.606ms
[160.653s][info][gc,phases,start] GC(325) Post Compact
[160.660s][info][gc,phases      ] GC(325) Post Compact 7.108ms
[160.660s][info][gc,heap        ] GC(325) PSYoungGen: 97791K(263680K)->97791K(263680K) Eden: 97791K(97792K)->97791K(97792K) From: 0K(165888K)->0K(165888K)
[160.660s][info][gc,heap        ] GC(325) ParOldGen: 4778912K(4779008K)->4778912K(4779008K)
[160.660s][info][gc,metaspace   ] GC(325) Metaspace: 6298K(6464K)->6298K(6464K) NonClass: 5765K(5824K)->5765K(5824K) Class: 533K(640K)->533K(640K)
[160.660s][info][gc             ] GC(325) Pause Full (Ergonomics) 4762M->4762M(4924M) 1617.537ms
[160.660s][info][gc,cpu         ] GC(325) User=11.97s Sys=0.00s Real=1.62s
[160.660s][info][gc,start       ] GC(326) Pause Full (Ergonomics)
[160.660s][info][gc,phases,start] GC(326) Marking Phase
[161.835s][info][gc,phases      ] GC(326) Marking Phase 1174.934ms
[161.835s][info][gc,phases,start] GC(326) Summary Phase
[161.836s][info][gc,phases      ] GC(326) Summary Phase 0.063ms
[161.836s][info][gc,phases,start] GC(326) Adjust Roots
[161.836s][info][gc,phases      ] GC(326) Adjust Roots 0.169ms
[161.836s][info][gc,phases,start] GC(326) Compaction Phase
[162.202s][info][gc,phases      ] GC(326) Compaction Phase 365.811ms
[162.202s][info][gc,phases,start] GC(326) Post Compact
[162.209s][info][gc,phases      ] GC(326) Post Compact 7.209ms
[162.209s][info][gc,heap        ] GC(326) PSYoungGen: 97791K(263680K)->97791K(263680K) Eden: 97791K(97792K)->97791K(97792K) From: 0K(165888K)->0K(165888K)
[162.209s][info][gc,heap        ] GC(326) ParOldGen: 4778917K(4779008K)->4778917K(4779008K)
[162.209s][info][gc,metaspace   ] GC(326) Metaspace: 6298K(6464K)->6298K(6464K) NonClass: 5765K(5824K)->5765K(5824K) Class: 533K(640K)->533K(640K)
[162.209s][info][gc             ] GC(326) Pause Full (Ergonomics) 4762M->4762M(4924M) 1548.502ms
[162.209s][info][gc,cpu         ] GC(326) User=11.91s Sys=0.03s Real=1.55s
[162.209s][info][gc,start       ] GC(327) Pause Full (Ergonomics)
[162.209s][info][gc,phases,start] GC(327) Marking Phase
[163.421s][info][gc,phases      ] GC(327) Marking Phase 1211.415ms
[163.421s][info][gc,phases,start] GC(327) Summary Phase
[163.421s][info][gc,phases      ] GC(327) Summary Phase 0.055ms
[163.421s][info][gc,phases,start] GC(327) Adjust Roots
[163.421s][info][gc,phases      ] GC(327) Adjust Roots 0.169ms
[163.421s][info][gc,phases,start] GC(327) Compaction Phase
[163.814s][info][gc,phases      ] GC(327) Compaction Phase 393.043ms
[163.814s][info][gc,phases,start] GC(327) Post Compact
[163.821s][info][gc,phases      ] GC(327) Post Compact 7.032ms
[163.821s][info][gc,heap        ] GC(327) PSYoungGen: 97791K(263680K)->97791K(263680K) Eden: 97791K(97792K)->97791K(97792K) From: 0K(165888K)->0K(165888K)
[163.821s][info][gc,heap        ] GC(327) ParOldGen: 4778922K(4779008K)->4778922K(4779008K)
[163.821s][info][gc,metaspace   ] GC(327) Metaspace: 6298K(6464K)->6298K(6464K) NonClass: 5765K(5824K)->5765K(5824K) Class: 533K(640K)->533K(640K)
[163.821s][info][gc             ] GC(327) Pause Full (Ergonomics) 4762M->4762M(4924M) 1612.031ms
[163.821s][info][gc,cpu         ] GC(327) User=11.91s Sys=0.00s Real=1.61s
[163.821s][info][gc,start       ] GC(328) Pause Full (Ergonomics)
[163.821s][info][gc,phases,start] GC(328) Marking Phase
[165.008s][info][gc,phases      ] GC(328) Marking Phase 1186.979ms
[165.009s][info][gc,phases,start] GC(328) Summary Phase
[165.009s][info][gc,phases      ] GC(328) Summary Phase 0.053ms
[165.009s][info][gc,phases,start] GC(328) Adjust Roots
[165.009s][info][gc,phases      ] GC(328) Adjust Roots 0.168ms
[165.009s][info][gc,phases,start] GC(328) Compaction Phase
[165.391s][info][gc,phases      ] GC(328) Compaction Phase 382.593ms
[165.391s][info][gc,phases,start] GC(328) Post Compact
[165.398s][info][gc,phases      ] GC(328) Post Compact 6.715ms
[165.398s][info][gc,heap        ] GC(328) PSYoungGen: 97791K(263680K)->97791K(263680K) Eden: 97791K(97792K)->97791K(97792K) From: 0K(165888K)->0K(165888K)
[165.398s][info][gc,heap        ] GC(328) ParOldGen: 4778926K(4779008K)->4778926K(4779008K)
[165.398s][info][gc,metaspace   ] GC(328) Metaspace: 6298K(6464K)->6298K(6464K) NonClass: 5765K(5824K)->5765K(5824K) Class: 533K(640K)->533K(640K)
[165.398s][info][gc             ] GC(328) Pause Full (Ergonomics) 4762M->4762M(4924M) 1576.836ms
[165.398s][info][gc,cpu         ] GC(328) User=11.97s Sys=0.02s Real=1.58s
[165.398s][info][gc,start       ] GC(329) Pause Full (Ergonomics)
[165.398s][info][gc,phases,start] GC(329) Marking Phase
[166.630s][info][gc,phases      ] GC(329) Marking Phase 1231.266ms
[166.630s][info][gc,phases,start] GC(329) Summary Phase
[166.630s][info][gc,phases      ] GC(329) Summary Phase 0.078ms
[166.630s][info][gc,phases,start] GC(329) Adjust Roots
[166.630s][info][gc,phases      ] GC(329) Adjust Roots 0.276ms
[166.630s][info][gc,phases,start] GC(329) Compaction Phase
[167.000s][info][gc,phases      ] GC(329) Compaction Phase 369.319ms
[167.000s][info][gc,phases,start] GC(329) Post Compact
[167.008s][info][gc,phases      ] GC(329) Post Compact 8.113ms
[167.008s][info][gc,heap        ] GC(329) PSYoungGen: 97791K(263680K)->97791K(263680K) Eden: 97791K(97792K)->97791K(97792K) From: 0K(165888K)->0K(165888K)
[167.008s][info][gc,heap        ] GC(329) ParOldGen: 4778931K(4779008K)->4778931K(4779008K)
[167.008s][info][gc,metaspace   ] GC(329) Metaspace: 6298K(6464K)->6298K(6464K) NonClass: 5765K(5824K)->5765K(5824K) Class: 533K(640K)->533K(640K)
[167.008s][info][gc             ] GC(329) Pause Full (Ergonomics) 4762M->4762M(4924M) 1609.436ms
[167.008s][info][gc,cpu         ] GC(329) User=11.67s Sys=0.02s Real=1.61s
[167.008s][info][gc,start       ] GC(330) Pause Full (Ergonomics)
[167.008s][info][gc,phases,start] GC(330) Marking Phase
[168.186s][info][gc,phases      ] GC(330) Marking Phase 1178.177ms
[168.186s][info][gc,phases,start] GC(330) Summary Phase
[168.186s][info][gc,phases      ] GC(330) Summary Phase 0.079ms
[168.187s][info][gc,phases,start] GC(330) Adjust Roots
[168.187s][info][gc,phases      ] GC(330) Adjust Roots 0.204ms
[168.187s][info][gc,phases,start] GC(330) Compaction Phase
[168.555s][info][gc,phases      ] GC(330) Compaction Phase 368.667ms
[168.556s][info][gc,phases,start] GC(330) Post Compact
[168.567s][info][gc,phases      ] GC(330) Post Compact 11.914ms
[168.568s][info][gc,heap        ] GC(330) PSYoungGen: 97791K(263680K)->97791K(263680K) Eden: 97791K(97792K)->97791K(97792K) From: 0K(165888K)->0K(165888K)
[168.568s][info][gc,heap        ] GC(330) ParOldGen: 4778936K(4779008K)->4778936K(4779008K)
[168.568s][info][gc,metaspace   ] GC(330) Metaspace: 6298K(6464K)->6298K(6464K) NonClass: 5765K(5824K)->5765K(5824K) Class: 533K(640K)->533K(640K)
[168.568s][info][gc             ] GC(330) Pause Full (Ergonomics) 4762M->4762M(4924M) 1559.484ms
[168.568s][info][gc,cpu         ] GC(330) User=11.83s Sys=0.00s Real=1.56s
[168.568s][info][gc,start       ] GC(331) Pause Full (Ergonomics)
[168.568s][info][gc,phases,start] GC(331) Marking Phase
[169.774s][info][gc,phases      ] GC(331) Marking Phase 1206.445ms
[169.774s][info][gc,phases,start] GC(331) Summary Phase
[169.774s][info][gc,phases      ] GC(331) Summary Phase 0.067ms
[169.775s][info][gc,phases,start] GC(331) Adjust Roots
[169.775s][info][gc,phases      ] GC(331) Adjust Roots 0.228ms
[169.775s][info][gc,phases,start] GC(331) Compaction Phase
[170.140s][info][gc,phases      ] GC(331) Compaction Phase 364.853ms
[170.140s][info][gc,phases,start] GC(331) Post Compact
[170.146s][info][gc,phases      ] GC(331) Post Compact 6.428ms
[170.146s][info][gc,heap        ] GC(331) PSYoungGen: 97791K(263680K)->97791K(263680K) Eden: 97791K(97792K)->97791K(97792K) From: 0K(165888K)->0K(165888K)
[170.146s][info][gc,heap        ] GC(331) ParOldGen: 4778941K(4779008K)->4778941K(4779008K)
[170.146s][info][gc,metaspace   ] GC(331) Metaspace: 6298K(6464K)->6298K(6464K) NonClass: 5765K(5824K)->5765K(5824K) Class: 533K(640K)->533K(640K)
[170.146s][info][gc             ] GC(331) Pause Full (Ergonomics) 4762M->4762M(4924M) 1578.356ms
[170.146s][info][gc,cpu         ] GC(331) User=12.20s Sys=0.00s Real=1.58s
[170.146s][info][gc,start       ] GC(332) Pause Full (Ergonomics)
[170.146s][info][gc,phases,start] GC(332) Marking Phase
[171.322s][info][gc,phases      ] GC(332) Marking Phase 1175.156ms
[171.322s][info][gc,phases,start] GC(332) Summary Phase
[171.322s][info][gc,phases      ] GC(332) Summary Phase 0.053ms
[171.322s][info][gc,phases,start] GC(332) Adjust Roots
[171.322s][info][gc,phases      ] GC(332) Adjust Roots 0.165ms
[171.322s][info][gc,phases,start] GC(332) Compaction Phase
[171.686s][info][gc,phases      ] GC(332) Compaction Phase 364.516ms
[171.687s][info][gc,phases,start] GC(332) Post Compact
[171.693s][info][gc,phases      ] GC(332) Post Compact 6.438ms
[171.693s][info][gc,heap        ] GC(332) PSYoungGen: 97791K(263680K)->97791K(263680K) Eden: 97791K(97792K)->97791K(97792K) From: 0K(165888K)->0K(165888K)
[171.693s][info][gc,heap        ] GC(332) ParOldGen: 4778946K(4779008K)->4778946K(4779008K)
[171.693s][info][gc,metaspace   ] GC(332) Metaspace: 6298K(6464K)->6298K(6464K) NonClass: 5765K(5824K)->5765K(5824K) Class: 533K(640K)->533K(640K)
[171.693s][info][gc             ] GC(332) Pause Full (Ergonomics) 4762M->4762M(4924M) 1546.646ms
[171.693s][info][gc,cpu         ] GC(332) User=11.89s Sys=0.03s Real=1.55s
[171.693s][info][gc,start       ] GC(333) Pause Full (Ergonomics)
[171.693s][info][gc,phases,start] GC(333) Marking Phase
[172.938s][info][gc,phases      ] GC(333) Marking Phase 1244.218ms
[172.938s][info][gc,phases,start] GC(333) Summary Phase
[172.938s][info][gc,phases      ] GC(333) Summary Phase 0.079ms
[172.938s][info][gc,phases,start] GC(333) Adjust Roots
[172.938s][info][gc,phases      ] GC(333) Adjust Roots 0.317ms
[172.938s][info][gc,phases,start] GC(333) Compaction Phase
[173.429s][info][gc,phases      ] GC(333) Compaction Phase 490.676ms
[173.429s][info][gc,phases,start] GC(333) Post Compact
[173.439s][info][gc,phases      ] GC(333) Post Compact 9.657ms
[173.439s][info][gc,heap        ] GC(333) PSYoungGen: 97791K(263680K)->97791K(263680K) Eden: 97791K(97792K)->97791K(97792K) From: 0K(165888K)->0K(165888K)
[173.439s][info][gc,heap        ] GC(333) ParOldGen: 4778951K(4779008K)->4778951K(4779008K)
[173.439s][info][gc,metaspace   ] GC(333) Metaspace: 6298K(6464K)->6298K(6464K) NonClass: 5765K(5824K)->5765K(5824K) Class: 533K(640K)->533K(640K)
[173.439s][info][gc             ] GC(333) Pause Full (Ergonomics) 4762M->4762M(4924M) 1745.466ms
[173.439s][info][gc,cpu         ] GC(333) User=11.89s Sys=0.02s Real=1.75s
[173.439s][info][gc,start       ] GC(334) Pause Full (Ergonomics)
[173.439s][info][gc,phases,start] GC(334) Marking Phase
[174.774s][info][gc,phases      ] GC(334) Marking Phase 1334.512ms
[174.774s][info][gc,phases,start] GC(334) Summary Phase
[174.774s][info][gc,phases      ] GC(334) Summary Phase 0.071ms
[174.774s][info][gc,phases,start] GC(334) Adjust Roots
[174.774s][info][gc,phases      ] GC(334) Adjust Roots 0.221ms
[174.774s][info][gc,phases,start] GC(334) Compaction Phase
[175.185s][info][gc,phases      ] GC(334) Compaction Phase 411.228ms
[175.185s][info][gc,phases,start] GC(334) Post Compact
[175.195s][info][gc,phases      ] GC(334) Post Compact 9.339ms
[175.195s][info][gc,heap        ] GC(334) PSYoungGen: 97791K(263680K)->97791K(263680K) Eden: 97791K(97792K)->97791K(97792K) From: 0K(165888K)->0K(165888K)
[175.195s][info][gc,heap        ] GC(334) ParOldGen: 4778955K(4779008K)->4778955K(4779008K)
[175.195s][info][gc,metaspace   ] GC(334) Metaspace: 6298K(6464K)->6298K(6464K) NonClass: 5765K(5824K)->5765K(5824K) Class: 533K(640K)->533K(640K)
[175.195s][info][gc             ] GC(334) Pause Full (Ergonomics) 4762M->4762M(4924M) 1755.774ms
[175.195s][info][gc,cpu         ] GC(334) User=11.72s Sys=0.02s Real=1.76s
[175.195s][info][gc,start       ] GC(335) Pause Full (Ergonomics)
[175.195s][info][gc,phases,start] GC(335) Marking Phase
[176.482s][info][gc,phases      ] GC(335) Marking Phase 1287.292ms
[176.482s][info][gc,phases,start] GC(335) Summary Phase
[176.483s][info][gc,phases      ] GC(335) Summary Phase 0.068ms
[176.483s][info][gc,phases,start] GC(335) Adjust Roots
[176.483s][info][gc,phases      ] GC(335) Adjust Roots 0.263ms
[176.483s][info][gc,phases,start] GC(335) Compaction Phase
[176.874s][info][gc,phases      ] GC(335) Compaction Phase 390.878ms
[176.874s][info][gc,phases,start] GC(335) Post Compact
[176.881s][info][gc,phases      ] GC(335) Post Compact 7.057ms
[176.881s][info][gc,heap        ] GC(335) PSYoungGen: 97791K(263680K)->97791K(263680K) Eden: 97791K(97792K)->97791K(97792K) From: 0K(165888K)->0K(165888K)
[176.881s][info][gc,heap        ] GC(335) ParOldGen: 4778960K(4779008K)->4778960K(4779008K)
[176.881s][info][gc,metaspace   ] GC(335) Metaspace: 6298K(6464K)->6298K(6464K) NonClass: 5765K(5824K)->5765K(5824K) Class: 533K(640K)->533K(640K)
[176.881s][info][gc             ] GC(335) Pause Full (Ergonomics) 4762M->4762M(4924M) 1685.977ms
[176.881s][info][gc,cpu         ] GC(335) User=12.06s Sys=0.00s Real=1.69s
[176.881s][info][gc,start       ] GC(336) Pause Full (Ergonomics)
[176.881s][info][gc,phases,start] GC(336) Marking Phase
[178.179s][info][gc,phases      ] GC(336) Marking Phase 1297.386ms
[178.179s][info][gc,phases,start] GC(336) Summary Phase
[178.179s][info][gc,phases      ] GC(336) Summary Phase 0.077ms
[178.179s][info][gc,phases,start] GC(336) Adjust Roots
[178.179s][info][gc,phases      ] GC(336) Adjust Roots 0.382ms
[178.179s][info][gc,phases,start] GC(336) Compaction Phase
[178.575s][info][gc,phases      ] GC(336) Compaction Phase 395.364ms
[178.575s][info][gc,phases,start] GC(336) Post Compact
[178.586s][info][gc,phases      ] GC(336) Post Compact 10.913ms
[178.586s][info][gc,heap        ] GC(336) PSYoungGen: 97791K(263680K)->97791K(263680K) Eden: 97791K(97792K)->97791K(97792K) From: 0K(165888K)->0K(165888K)
[178.586s][info][gc,heap        ] GC(336) ParOldGen: 4778965K(4779008K)->4778965K(4779008K)
[178.586s][info][gc,metaspace   ] GC(336) Metaspace: 6298K(6464K)->6298K(6464K) NonClass: 5765K(5824K)->5765K(5824K) Class: 533K(640K)->533K(640K)
[178.586s][info][gc             ] GC(336) Pause Full (Ergonomics) 4762M->4762M(4924M) 1704.628ms
[178.586s][info][gc,cpu         ] GC(336) User=11.70s Sys=0.02s Real=1.71s
[178.586s][info][gc,start       ] GC(337) Pause Full (Ergonomics)
[178.586s][info][gc,phases,start] GC(337) Marking Phase
[179.848s][info][gc,phases      ] GC(337) Marking Phase 1261.383ms
[179.848s][info][gc,phases,start] GC(337) Summary Phase
[179.848s][info][gc,phases      ] GC(337) Summary Phase 0.064ms
[179.848s][info][gc,phases,start] GC(337) Adjust Roots
[179.848s][info][gc,phases      ] GC(337) Adjust Roots 0.352ms
[179.848s][info][gc,phases,start] GC(337) Compaction Phase
[180.254s][info][gc,phases      ] GC(337) Compaction Phase 405.800ms
[180.254s][info][gc,phases,start] GC(337) Post Compact
[180.264s][info][gc,phases      ] GC(337) Post Compact 10.236ms
[180.264s][info][gc,heap        ] GC(337) PSYoungGen: 97791K(263680K)->97791K(263680K) Eden: 97791K(97792K)->97791K(97792K) From: 0K(165888K)->0K(165888K)
[180.264s][info][gc,heap        ] GC(337) ParOldGen: 4778970K(4779008K)->4778970K(4779008K)
[180.265s][info][gc,metaspace   ] GC(337) Metaspace: 6298K(6464K)->6298K(6464K) NonClass: 5765K(5824K)->5765K(5824K) Class: 533K(640K)->533K(640K)
[180.265s][info][gc             ] GC(337) Pause Full (Ergonomics) 4762M->4762M(4924M) 1678.462ms
[180.265s][info][gc,cpu         ] GC(337) User=11.95s Sys=0.05s Real=1.68s
[180.265s][info][gc,start       ] GC(338) Pause Full (Ergonomics)
[180.265s][info][gc,phases,start] GC(338) Marking Phase
[181.497s][info][gc,phases      ] GC(338) Marking Phase 1232.119ms
[181.497s][info][gc,phases,start] GC(338) Summary Phase
[181.497s][info][gc,phases      ] GC(338) Summary Phase 0.065ms
[181.497s][info][gc,phases,start] GC(338) Adjust Roots
[181.497s][info][gc,phases      ] GC(338) Adjust Roots 0.234ms
[181.497s][info][gc,phases,start] GC(338) Compaction Phase
[181.901s][info][gc,phases      ] GC(338) Compaction Phase 403.157ms
[181.901s][info][gc,phases,start] GC(338) Post Compact
[181.910s][info][gc,phases      ] GC(338) Post Compact 8.878ms
[181.910s][info][gc,heap        ] GC(338) PSYoungGen: 97791K(263680K)->97791K(263680K) Eden: 97791K(97792K)->97791K(97792K) From: 0K(165888K)->0K(165888K)
[181.910s][info][gc,heap        ] GC(338) ParOldGen: 4778975K(4779008K)->4778975K(4779008K)
[181.910s][info][gc,metaspace   ] GC(338) Metaspace: 6298K(6464K)->6298K(6464K) NonClass: 5765K(5824K)->5765K(5824K) Class: 533K(640K)->533K(640K)
[181.910s][info][gc             ] GC(338) Pause Full (Ergonomics) 4762M->4762M(4924M) 1644.896ms
[181.910s][info][gc,cpu         ] GC(338) User=11.67s Sys=0.05s Real=1.64s
[181.910s][info][gc,start       ] GC(339) Pause Full (Ergonomics)
[181.910s][info][gc,phases,start] GC(339) Marking Phase
[183.184s][info][gc,phases      ] GC(339) Marking Phase 1273.539ms
[183.184s][info][gc,phases,start] GC(339) Summary Phase
[183.184s][info][gc,phases      ] GC(339) Summary Phase 0.093ms
[183.184s][info][gc,phases,start] GC(339) Adjust Roots
[183.184s][info][gc,phases      ] GC(339) Adjust Roots 0.312ms
[183.184s][info][gc,phases,start] GC(339) Compaction Phase
[183.549s][info][gc,phases      ] GC(339) Compaction Phase 364.638ms
[183.549s][info][gc,phases,start] GC(339) Post Compact
[183.558s][info][gc,phases      ] GC(339) Post Compact 8.821ms
[183.558s][info][gc,heap        ] GC(339) PSYoungGen: 97791K(263680K)->97791K(263680K) Eden: 97791K(97792K)->97791K(97792K) From: 0K(165888K)->0K(165888K)
[183.558s][info][gc,heap        ] GC(339) ParOldGen: 4778980K(4779008K)->4778980K(4779008K)
[183.558s][info][gc,metaspace   ] GC(339) Metaspace: 6298K(6464K)->6298K(6464K) NonClass: 5765K(5824K)->5765K(5824K) Class: 533K(640K)->533K(640K)
[183.558s][info][gc             ] GC(339) Pause Full (Ergonomics) 4762M->4762M(4924M) 1647.956ms
[183.558s][info][gc,cpu         ] GC(339) User=11.81s Sys=0.00s Real=1.65s
[183.558s][info][gc,start       ] GC(340) Pause Full (Ergonomics)
[183.558s][info][gc,phases,start] GC(340) Marking Phase
[184.727s][info][gc,phases      ] GC(340) Marking Phase 1169.097ms
[184.727s][info][gc,phases,start] GC(340) Summary Phase
[184.727s][info][gc,phases      ] GC(340) Summary Phase 0.072ms
[184.727s][info][gc,phases,start] GC(340) Adjust Roots
[184.728s][info][gc,phases      ] GC(340) Adjust Roots 0.278ms
[184.728s][info][gc,phases,start] GC(340) Compaction Phase
[185.100s][info][gc,phases      ] GC(340) Compaction Phase 372.687ms
[185.101s][info][gc,phases,start] GC(340) Post Compact
[185.108s][info][gc,phases      ] GC(340) Post Compact 7.377ms
[185.108s][info][gc,heap        ] GC(340) PSYoungGen: 97791K(263680K)->97791K(263680K) Eden: 97791K(97792K)->97791K(97792K) From: 0K(165888K)->0K(165888K)
[185.108s][info][gc,heap        ] GC(340) ParOldGen: 4778984K(4779008K)->4778984K(4779008K)
[185.108s][info][gc,metaspace   ] GC(340) Metaspace: 6298K(6464K)->6298K(6464K) NonClass: 5765K(5824K)->5765K(5824K) Class: 533K(640K)->533K(640K)
[185.108s][info][gc             ] GC(340) Pause Full (Ergonomics) 4762M->4762M(4924M) 1549.945ms
[185.108s][info][gc,cpu         ] GC(340) User=11.97s Sys=0.00s Real=1.55s
[185.108s][info][gc,start       ] GC(341) Pause Full (Ergonomics)
[185.108s][info][gc,phases,start] GC(341) Marking Phase
[186.306s][info][gc,phases      ] GC(341) Marking Phase 1197.704ms
[186.306s][info][gc,phases,start] GC(341) Summary Phase
[186.306s][info][gc,phases      ] GC(341) Summary Phase 0.078ms
[186.306s][info][gc,phases,start] GC(341) Adjust Roots
[186.307s][info][gc,phases      ] GC(341) Adjust Roots 0.200ms
[186.307s][info][gc,phases,start] GC(341) Compaction Phase
[186.694s][info][gc,phases      ] GC(341) Compaction Phase 387.259ms
[186.694s][info][gc,phases,start] GC(341) Post Compact
[186.700s][info][gc,phases      ] GC(341) Post Compact 6.564ms
[186.701s][info][gc,heap        ] GC(341) PSYoungGen: 97791K(263680K)->97791K(263680K) Eden: 97791K(97792K)->97791K(97792K) From: 0K(165888K)->0K(165888K)
[186.701s][info][gc,heap        ] GC(341) ParOldGen: 4778989K(4779008K)->4778989K(4779008K)
[186.701s][info][gc,metaspace   ] GC(341) Metaspace: 6298K(6464K)->6298K(6464K) NonClass: 5765K(5824K)->5765K(5824K) Class: 533K(640K)->533K(640K)
[186.701s][info][gc             ] GC(341) Pause Full (Ergonomics) 4762M->4762M(4924M) 1592.176ms
[186.701s][info][gc,cpu         ] GC(341) User=11.64s Sys=0.00s Real=1.59s
[186.701s][info][gc,start       ] GC(342) Pause Full (Ergonomics)
[186.701s][info][gc,phases,start] GC(342) Marking Phase
[187.870s][info][gc,phases      ] GC(342) Marking Phase 1168.921ms
[187.870s][info][gc,phases,start] GC(342) Summary Phase
[187.870s][info][gc,phases      ] GC(342) Summary Phase 0.103ms
[187.870s][info][gc,phases,start] GC(342) Adjust Roots
[187.870s][info][gc,phases      ] GC(342) Adjust Roots 0.174ms
[187.870s][info][gc,phases,start] GC(342) Compaction Phase
[188.218s][info][gc,phases      ] GC(342) Compaction Phase 347.930ms
[188.218s][info][gc,phases,start] GC(342) Post Compact
[188.226s][info][gc,phases      ] GC(342) Post Compact 7.635ms
[188.226s][info][gc,heap        ] GC(342) PSYoungGen: 97791K(263680K)->97791K(263680K) Eden: 97791K(97792K)->97791K(97792K) From: 0K(165888K)->0K(165888K)
[188.226s][info][gc,heap        ] GC(342) ParOldGen: 4778994K(4779008K)->4778994K(4779008K)
[188.226s][info][gc,metaspace   ] GC(342) Metaspace: 6298K(6464K)->6298K(6464K) NonClass: 5765K(5824K)->5765K(5824K) Class: 533K(640K)->533K(640K)
[188.226s][info][gc             ] GC(342) Pause Full (Ergonomics) 4762M->4762M(4924M) 1525.214ms
[188.226s][info][gc,cpu         ] GC(342) User=11.81s Sys=0.00s Real=1.52s
[188.226s][info][gc,start       ] GC(343) Pause Full (Ergonomics)
[188.226s][info][gc,phases,start] GC(343) Marking Phase
[189.415s][info][gc,phases      ] GC(343) Marking Phase 1188.635ms
[189.415s][info][gc,phases,start] GC(343) Summary Phase
[189.415s][info][gc,phases      ] GC(343) Summary Phase 0.105ms
[189.415s][info][gc,phases,start] GC(343) Adjust Roots
[189.416s][info][gc,phases      ] GC(343) Adjust Roots 0.200ms
[189.416s][info][gc,phases,start] GC(343) Compaction Phase
[189.774s][info][gc,phases      ] GC(343) Compaction Phase 358.147ms
[189.774s][info][gc,phases,start] GC(343) Post Compact
[189.781s][info][gc,phases      ] GC(343) Post Compact 7.326ms
[189.781s][info][gc,heap        ] GC(343) PSYoungGen: 97791K(263680K)->97791K(263680K) Eden: 97791K(97792K)->97791K(97792K) From: 0K(165888K)->0K(165888K)
[189.781s][info][gc,heap        ] GC(343) ParOldGen: 4778999K(4779008K)->4778999K(4779008K)
[189.781s][info][gc,metaspace   ] GC(343) Metaspace: 6298K(6464K)->6298K(6464K) NonClass: 5765K(5824K)->5765K(5824K) Class: 533K(640K)->533K(640K)
[189.781s][info][gc             ] GC(343) Pause Full (Ergonomics) 4762M->4762M(4924M) 1554.777ms
[189.781s][info][gc,cpu         ] GC(343) User=11.94s Sys=0.00s Real=1.56s
[189.781s][info][gc,start       ] GC(344) Pause Full (Ergonomics)
[189.781s][info][gc,phases,start] GC(344) Marking Phase
[190.941s][info][gc,phases      ] GC(344) Marking Phase 1159.642ms
[190.941s][info][gc,phases,start] GC(344) Summary Phase
[190.941s][info][gc,phases      ] GC(344) Summary Phase 0.057ms
[190.941s][info][gc,phases,start] GC(344) Adjust Roots
[190.941s][info][gc,phases      ] GC(344) Adjust Roots 0.221ms
[190.941s][info][gc,phases,start] GC(344) Compaction Phase
[191.279s][info][gc,phases      ] GC(344) Compaction Phase 337.856ms
[191.279s][info][gc,phases,start] GC(344) Post Compact
[191.287s][info][gc,phases      ] GC(344) Post Compact 7.499ms
[191.287s][info][gc,heap        ] GC(344) PSYoungGen: 97791K(263680K)->97791K(263680K) Eden: 97791K(97792K)->97791K(97792K) From: 0K(165888K)->0K(165888K)
[191.287s][info][gc,heap        ] GC(344) ParOldGen: 4779004K(4779008K)->4779004K(4779008K)
[191.287s][info][gc,metaspace   ] GC(344) Metaspace: 6298K(6464K)->6298K(6464K) NonClass: 5765K(5824K)->5765K(5824K) Class: 533K(640K)->533K(640K)
[191.287s][info][gc             ] GC(344) Pause Full (Ergonomics) 4762M->4762M(4924M) 1505.615ms
[191.287s][info][gc,cpu         ] GC(344) User=11.58s Sys=0.00s Real=1.51s
[191.287s][info][gc,start       ] GC(345) Pause Full (Ergonomics)
[191.287s][info][gc,phases,start] GC(345) Marking Phase
[192.438s][info][gc,phases      ] GC(345) Marking Phase 1150.897ms
[192.438s][info][gc,phases,start] GC(345) Summary Phase
[192.438s][info][gc,phases      ] GC(345) Summary Phase 0.056ms
[192.438s][info][gc,phases,start] GC(345) Adjust Roots
[192.439s][info][gc,phases      ] GC(345) Adjust Roots 0.184ms
[192.439s][info][gc,phases,start] GC(345) Compaction Phase
[192.802s][info][gc,phases      ] GC(345) Compaction Phase 363.083ms
[192.802s][info][gc,phases,start] GC(345) Post Compact
[192.808s][info][gc,phases      ] GC(345) Post Compact 6.798ms
[192.809s][info][gc,heap        ] GC(345) PSYoungGen: 97791K(263680K)->97791K(263680K) Eden: 97791K(97792K)->97791K(97792K) From: 0K(165888K)->0K(165888K)
[192.809s][info][gc,heap        ] GC(345) ParOldGen: 4779007K(4779008K)->4779007K(4779008K)
[192.809s][info][gc,metaspace   ] GC(345) Metaspace: 6298K(6464K)->6298K(6464K) NonClass: 5765K(5824K)->5765K(5824K) Class: 533K(640K)->533K(640K)
[192.809s][info][gc             ] GC(345) Pause Full (Ergonomics) 4762M->4762M(4924M) 1521.348ms
[192.809s][info][gc,cpu         ] GC(345) User=11.58s Sys=0.02s Real=1.52s
[192.809s][info][gc,start       ] GC(346) Pause Full (Allocation Failure)
[192.809s][info][gc,phases,start] GC(346) Marking Phase
[193.959s][info][gc,phases      ] GC(346) Marking Phase 1150.826ms
[193.960s][info][gc,phases,start] GC(346) Summary Phase
[193.960s][info][gc,phases      ] GC(346) Summary Phase 0.053ms
[193.960s][info][gc,phases,start] GC(346) Adjust Roots
[193.960s][info][gc,phases      ] GC(346) Adjust Roots 0.393ms
[193.960s][info][gc,phases,start] GC(346) Compaction Phase
[195.182s][info][gc,phases      ] GC(346) Compaction Phase 1222.110ms
[195.182s][info][gc,phases,start] GC(346) Post Compact
[195.190s][info][gc,phases      ] GC(346) Post Compact 7.341ms
[195.190s][info][gc,heap        ] GC(346) PSYoungGen: 97791K(263680K)->97791K(263680K) Eden: 97791K(97792K)->97791K(97792K) From: 0K(165888K)->0K(165888K)
[195.190s][info][gc,heap        ] GC(346) ParOldGen: 4779007K(4779008K)->4779003K(4779008K)
[195.190s][info][gc,metaspace   ] GC(346) Metaspace: 6298K(6464K)->6297K(6464K) NonClass: 5765K(5824K)->5764K(5824K) Class: 533K(640K)->532K(640K)
[195.190s][info][gc             ] GC(346) Pause Full (Allocation Failure) 4762M->4762M(4924M) 2381.048ms
[195.190s][info][gc,cpu         ] GC(346) User=17.73s Sys=0.00s Real=2.38s
[195.190s][info][gc,start       ] GC(347) Pause Full (Ergonomics)
[195.190s][info][gc,phases,start] GC(347) Marking Phase
[196.335s][info][gc,phases      ] GC(347) Marking Phase 1145.108ms
[196.335s][info][gc,phases,start] GC(347) Summary Phase
[196.335s][info][gc,phases      ] GC(347) Summary Phase 0.053ms
[196.335s][info][gc,phases,start] GC(347) Adjust Roots
[196.336s][info][gc,phases      ] GC(347) Adjust Roots 0.164ms
[196.336s][info][gc,phases,start] GC(347) Compaction Phase
[196.673s][info][gc,phases      ] GC(347) Compaction Phase 337.823ms
[196.673s][info][gc,phases,start] GC(347) Post Compact
[196.680s][info][gc,phases      ] GC(347) Post Compact 6.886ms
[196.680s][info][gc,heap        ] GC(347) PSYoungGen: 97791K(263680K)->97791K(263680K) Eden: 97791K(97792K)->97791K(97792K) From: 0K(165888K)->0K(165888K)
[196.680s][info][gc,heap        ] GC(347) ParOldGen: 4779004K(4779008K)->4779004K(4779008K)
[196.680s][info][gc,metaspace   ] GC(347) Metaspace: 6297K(6464K)->6297K(6464K) NonClass: 5764K(5824K)->5764K(5824K) Class: 532K(640K)->532K(640K)
[196.680s][info][gc             ] GC(347) Pause Full (Ergonomics) 4762M->4762M(4924M) 1490.361ms
[196.680s][info][gc,cpu         ] GC(347) User=11.52s Sys=0.03s Real=1.49s
[196.681s][info][gc,start       ] GC(348) Pause Full (Ergonomics)
[196.681s][info][gc,phases,start] GC(348) Marking Phase
[197.816s][info][gc,phases      ] GC(348) Marking Phase 1134.967ms
[197.816s][info][gc,phases,start] GC(348) Summary Phase
[197.816s][info][gc,phases      ] GC(348) Summary Phase 0.052ms
[197.816s][info][gc,phases,start] GC(348) Adjust Roots
[197.816s][info][gc,phases      ] GC(348) Adjust Roots 0.161ms
[197.816s][info][gc,phases,start] GC(348) Compaction Phase
[198.172s][info][gc,phases      ] GC(348) Compaction Phase 355.657ms
[198.172s][info][gc,phases,start] GC(348) Post Compact
[198.179s][info][gc,phases      ] GC(348) Post Compact 7.066ms
[198.179s][info][gc,heap        ] GC(348) PSYoungGen: 97791K(263680K)->97791K(263680K) Eden: 97791K(97792K)->97791K(97792K) From: 0K(165888K)->0K(165888K)
[198.179s][info][gc,heap        ] GC(348) ParOldGen: 4779007K(4779008K)->4779007K(4779008K)
[198.179s][info][gc,metaspace   ] GC(348) Metaspace: 6297K(6464K)->6297K(6464K) NonClass: 5764K(5824K)->5764K(5824K) Class: 532K(640K)->532K(640K)
[198.179s][info][gc             ] GC(348) Pause Full (Ergonomics) 4762M->4762M(4924M) 1498.235ms
[198.179s][info][gc,cpu         ] GC(348) User=11.42s Sys=0.00s Real=1.50s
[198.179s][info][gc,start       ] GC(349) Pause Full (Allocation Failure)
[198.179s][info][gc,phases,start] GC(349) Marking Phase
[199.309s][info][gc,phases      ] GC(349) Marking Phase 1130.098ms
[199.309s][info][gc,phases,start] GC(349) Summary Phase
[199.309s][info][gc,phases      ] GC(349) Summary Phase 0.053ms
[199.309s][info][gc,phases,start] GC(349) Adjust Roots
[199.310s][info][gc,phases      ] GC(349) Adjust Roots 0.163ms
[199.310s][info][gc,phases,start] GC(349) Compaction Phase
[199.659s][info][gc,phases      ] GC(349) Compaction Phase 349.880ms
[199.660s][info][gc,phases,start] GC(349) Post Compact
[199.666s][info][gc,phases      ] GC(349) Post Compact 6.199ms
[199.666s][info][gc,heap        ] GC(349) PSYoungGen: 97791K(263680K)->97791K(263680K) Eden: 97791K(97792K)->97791K(97792K) From: 0K(165888K)->0K(165888K)
[199.666s][info][gc,heap        ] GC(349) ParOldGen: 4779007K(4779008K)->4779007K(4779008K)
[199.666s][info][gc,metaspace   ] GC(349) Metaspace: 6297K(6464K)->6297K(6464K) NonClass: 5764K(5824K)->5764K(5824K) Class: 532K(640K)->532K(640K)
[199.666s][info][gc             ] GC(349) Pause Full (Allocation Failure) 4762M->4762M(4924M) 1486.686ms
[199.666s][info][gc,cpu         ] GC(349) User=11.47s Sys=0.00s Real=1.49s
[199.666s][info][gc,start       ] GC(350) Pause Full (Ergonomics)
[199.666s][info][gc,phases,start] GC(350) Marking Phase
[200.807s][info][gc,phases      ] GC(350) Marking Phase 1141.065ms
[200.807s][info][gc,phases,start] GC(350) Summary Phase
[200.808s][info][gc,phases      ] GC(350) Summary Phase 0.053ms
[200.808s][info][gc,phases,start] GC(350) Adjust Roots
[200.808s][info][gc,phases      ] GC(350) Adjust Roots 0.244ms
[200.808s][info][gc,phases,start] GC(350) Compaction Phase
[202.027s][info][gc,phases      ] GC(350) Compaction Phase 1219.465ms
[202.027s][info][gc,phases,start] GC(350) Post Compact
[202.035s][info][gc,phases      ] GC(350) Post Compact 7.204ms
[202.035s][info][gc,heap        ] GC(350) PSYoungGen: 97792K(263680K)->97792K(263680K) Eden: 97792K(97792K)->97792K(97792K) From: 0K(165888K)->0K(165888K)
[202.035s][info][gc,heap        ] GC(350) ParOldGen: 4779007K(4779008K)->4779006K(4779008K)
[202.035s][info][gc,metaspace   ] GC(350) Metaspace: 6297K(6464K)->6297K(6464K) NonClass: 5764K(5824K)->5764K(5824K) Class: 532K(640K)->532K(640K)
[202.035s][info][gc             ] GC(350) Pause Full (Ergonomics) 4762M->4762M(4924M) 2368.405ms
[202.035s][info][gc,cpu         ] GC(350) User=17.67s Sys=0.00s Real=2.37s
[202.035s][info][gc,start       ] GC(351) Pause Full (Ergonomics)
[202.035s][info][gc,phases,start] GC(351) Marking Phase
[203.172s][info][gc,phases      ] GC(351) Marking Phase 1136.422ms
[203.172s][info][gc,phases,start] GC(351) Summary Phase
[203.172s][info][gc,phases      ] GC(351) Summary Phase 0.053ms
[203.172s][info][gc,phases,start] GC(351) Adjust Roots
[203.172s][info][gc,phases      ] GC(351) Adjust Roots 0.169ms
[203.172s][info][gc,phases,start] GC(351) Compaction Phase
[203.512s][info][gc,phases      ] GC(351) Compaction Phase 339.733ms
[203.512s][info][gc,phases,start] GC(351) Post Compact
[203.518s][info][gc,phases      ] GC(351) Post Compact 6.376ms
[203.518s][info][gc,heap        ] GC(351) PSYoungGen: 97792K(263680K)->97792K(263680K) Eden: 97792K(97792K)->97792K(97792K) From: 0K(165888K)->0K(165888K)
[203.518s][info][gc,heap        ] GC(351) ParOldGen: 4779007K(4779008K)->4779006K(4779008K)
[203.518s][info][gc,metaspace   ] GC(351) Metaspace: 6297K(6464K)->6297K(6464K) NonClass: 5764K(5824K)->5764K(5824K) Class: 532K(640K)->532K(640K)
[203.518s][info][gc             ] GC(351) Pause Full (Ergonomics) 4762M->4762M(4924M) 1483.091ms
[203.518s][info][gc,cpu         ] GC(351) User=11.47s Sys=0.00s Real=1.48s
[203.520s][info][gc,start       ] GC(352) Pause Full (Ergonomics)
[203.520s][info][gc,phases,start] GC(352) Marking Phase
[204.647s][info][gc,phases      ] GC(352) Marking Phase 1127.587ms
[204.647s][info][gc,phases,start] GC(352) Summary Phase
[204.647s][info][gc,phases      ] GC(352) Summary Phase 0.054ms
[204.647s][info][gc,phases,start] GC(352) Adjust Roots
[204.648s][info][gc,phases      ] GC(352) Adjust Roots 0.309ms
[204.648s][info][gc,phases,start] GC(352) Compaction Phase
[205.866s][info][gc,phases      ] GC(352) Compaction Phase 1217.977ms
[205.866s][info][gc,phases,start] GC(352) Post Compact
[205.873s][info][gc,phases      ] GC(352) Post Compact 7.516ms
[205.873s][info][gc,heap        ] GC(352) PSYoungGen: 97792K(263680K)->97792K(263680K) Eden: 97792K(97792K)->97792K(97792K) From: 0K(165888K)->0K(165888K)
[205.873s][info][gc,heap        ] GC(352) ParOldGen: 4779007K(4779008K)->4779005K(4779008K)
[205.873s][info][gc,metaspace   ] GC(352) Metaspace: 6300K(6464K)->6300K(6464K) NonClass: 5766K(5824K)->5766K(5824K) Class: 534K(640K)->534K(640K)
[205.873s][info][gc             ] GC(352) Pause Full (Ergonomics) 4762M->4762M(4924M) 2353.828ms
[205.873s][info][gc,cpu         ] GC(352) User=17.73s Sys=0.03s Real=2.35s
[205.874s][info][gc,heap,exit   ] Heap
[205.874s][info][gc,heap,exit   ]  PSYoungGen      total 263680K, used 97792K [0x000000076e300000, 0x0000000789080000, 0x0000000800000000)
[205.874s][info][gc,heap,exit   ]   eden space 97792K, 100% used [0x000000076e300000,0x0000000774280000,0x0000000774280000)
[205.874s][info][gc,heap,exit   ]   from space 165888K, 0% used [0x0000000774280000,0x0000000774280000,0x000000077e480000)
[205.874s][info][gc,heap,exit   ]   to   space 165888K, 0% used [0x000000077ee80000,0x000000077ee80000,0x0000000789080000)
[205.874s][info][gc,heap,exit   ]  ParOldGen       total 4779008K, used 4779005K [0x000000064a800000, 0x000000076e300000, 0x000000076e300000)
[205.874s][info][gc,heap,exit   ]   object space 4779008K, 99% used [0x000000064a800000,0x000000076e2ff5f8,0x000000076e300000)
[205.874s][info][gc,heap,exit   ]  Metaspace       used 6301K, committed 6464K, reserved 1114112K
[205.874s][info][gc,heap,exit   ]   class space    used 534K, committed 640K, reserved 1048576K
