[0.011s][info][gc,init] CardTable entry size: 512
[0.011s][info][gc     ] Using Serial
[0.011s][info][gc,init] Version: 18.0.1+10 (release)
[0.011s][info][gc,init] CPUs: 8 total, 8 available
[0.011s][info][gc,init] Memory: 16063M
[0.011s][info][gc,init] Large Page Support: Disabled
[0.011s][info][gc,init] NUMA Support: Disabled
[0.011s][info][gc,init] Compressed Oops: Enabled (32-bit)
[0.011s][info][gc,init] Heap Min Capacity: 2M
[0.011s][info][gc,init] Heap Initial Capacity: 2M
[0.011s][info][gc,init] Heap Max Capacity: 1500M
[0.011s][info][gc,init] Pre-touch: Disabled
[0.012s][info][gc,metaspace] CDS archive(s) not mapped
[0.012s][info][gc,metaspace] Compressed class space mapped at: 0x0000000100000000-0x0000000140000000, reserved size: 1073741824
[0.012s][info][gc,metaspace] Narrow klass base: 0x0000000000000000, Narrow klass shift: 3, Narrow klass range: 0x140000000
[0.187s][info][gc,start    ] GC(0) Pause Young (Allocation Failure)
[0.189s][info][gc,heap     ] GC(0) DefNew: 1023K(1152K)->127K(1152K) Eden: 1023K(1024K)->0K(1024K) From: 0K(128K)->127K(128K)
[0.189s][info][gc,heap     ] GC(0) Tenured: 0K(768K)->439K(768K)
[0.189s][info][gc,metaspace] GC(0) Metaspace: 5897K(6016K)->5897K(6016K) NonClass: 5398K(5504K)->5398K(5504K) Class: 499K(512K)->499K(512K)
[0.189s][info][gc          ] GC(0) Pause Young (Allocation Failure) 0M->0M(1M) 1.520ms
[0.189s][info][gc,cpu      ] GC(0) User=0.00s Sys=0.00s Real=0.00s
[0.208s][info][gc,start    ] GC(1) Pause Young (Allocation Failure)
[0.210s][info][gc          ] GC(1) Pause Young (Allocation Failure) 1M->0M(2M) 1.309ms
[0.210s][info][gc,cpu      ] GC(1) User=0.00s Sys=0.00s Real=0.00s
[0.210s][info][gc,start    ] GC(2) Pause Full (Allocation Failure)
[0.210s][info][gc,phases,start] GC(2) Phase 1: Mark live objects
[0.211s][info][gc,phases      ] GC(2) Phase 1: Mark live objects 0.992ms
[0.211s][info][gc,phases,start] GC(2) Phase 2: Compute new object addresses
[0.211s][info][gc,phases      ] GC(2) Phase 2: Compute new object addresses 0.258ms
[0.211s][info][gc,phases,start] GC(2) Phase 3: Adjust pointers
[0.212s][info][gc,phases      ] GC(2) Phase 3: Adjust pointers 0.549ms
[0.212s][info][gc,phases,start] GC(2) Phase 4: Move objects
[0.212s][info][gc,phases      ] GC(2) Phase 4: Move objects 0.068ms
[0.212s][info][gc,heap        ] GC(2) DefNew: 1151K(1152K)->40K(1152K) Eden: 1024K(1024K)->40K(1024K) From: 127K(128K)->0K(128K)
[0.212s][info][gc,heap        ] GC(2) Tenured: 439K(768K)->959K(1600K)
[0.212s][info][gc,metaspace   ] GC(2) Metaspace: 6295K(6464K)->6295K(6464K) NonClass: 5762K(5824K)->5762K(5824K) Class: 533K(640K)->533K(640K)
[0.212s][info][gc             ] GC(2) Pause Full (Allocation Failure) 0M->0M(2M) 2.141ms
[0.212s][info][gc,cpu         ] GC(2) User=0.00s Sys=0.00s Real=0.00s
[0.213s][info][gc,start       ] GC(3) Pause Young (Allocation Failure)
[0.214s][info][gc,heap        ] GC(3) DefNew: 1024K(1152K)->128K(1152K) Eden: 1024K(1024K)->0K(1024K) From: 0K(128K)->128K(128K)
[0.214s][info][gc,heap        ] GC(3) Tenured: 959K(1600K)->1375K(1600K)
[0.214s][info][gc,metaspace   ] GC(3) Metaspace: 6295K(6464K)->6295K(6464K) NonClass: 5762K(5824K)->5762K(5824K) Class: 533K(640K)->533K(640K)
[0.215s][info][gc             ] GC(3) Pause Young (Allocation Failure) 1M->1M(2M) 1.431ms
[0.215s][info][gc,cpu         ] GC(3) User=0.00s Sys=0.00s Real=0.00s
[0.216s][info][gc,start       ] GC(4) Pause Young (Allocation Failure)
[0.217s][info][gc             ] GC(4) Pause Young (Allocation Failure) 2M->1M(3M) 1.060ms
[0.217s][info][gc,cpu         ] GC(4) User=0.00s Sys=0.00s Real=0.00s
[0.217s][info][gc,start       ] GC(5) Pause Full (Allocation Failure)
[0.217s][info][gc,phases,start] GC(5) Phase 1: Mark live objects
[0.218s][info][gc,phases      ] GC(5) Phase 1: Mark live objects 1.277ms
[0.218s][info][gc,phases,start] GC(5) Phase 2: Compute new object addresses
[0.219s][info][gc,phases      ] GC(5) Phase 2: Compute new object addresses 0.375ms
[0.219s][info][gc,phases,start] GC(5) Phase 3: Adjust pointers
[0.219s][info][gc,phases      ] GC(5) Phase 3: Adjust pointers 0.665ms
[0.220s][info][gc,phases,start] GC(5) Phase 4: Move objects
[0.220s][info][gc,phases      ] GC(5) Phase 4: Move objects 0.067ms
[0.220s][info][gc,heap        ] GC(5) DefNew: 1152K(1152K)->35K(1536K) Eden: 1024K(1024K)->35K(1408K) From: 128K(128K)->0K(128K)
[0.220s][info][gc,heap        ] GC(5) Tenured: 1375K(1600K)->1983K(3308K)
[0.220s][info][gc,metaspace   ] GC(5) Metaspace: 6295K(6464K)->6295K(6464K) NonClass: 5762K(5824K)->5762K(5824K) Class: 533K(640K)->533K(640K)
[0.220s][info][gc             ] GC(5) Pause Full (Allocation Failure) 1M->1M(4M) 2.714ms
[0.220s][info][gc,cpu         ] GC(5) User=0.00s Sys=0.00s Real=0.00s
[0.223s][info][gc,start       ] GC(6) Pause Young (Allocation Failure)
[0.225s][info][gc,heap        ] GC(6) DefNew: 1407K(1536K)->127K(1536K) Eden: 1407K(1408K)->0K(1408K) From: 0K(128K)->127K(128K)
[0.225s][info][gc,heap        ] GC(6) Tenured: 1983K(3308K)->2617K(3308K)
[0.225s][info][gc,metaspace   ] GC(6) Metaspace: 6295K(6464K)->6295K(6464K) NonClass: 5762K(5824K)->5762K(5824K) Class: 533K(640K)->533K(640K)
[0.225s][info][gc             ] GC(6) Pause Young (Allocation Failure) 3M->2M(4M) 2.161ms
[0.225s][info][gc,cpu         ] GC(6) User=0.00s Sys=0.00s Real=0.00s
[0.227s][info][gc,start       ] GC(7) Pause Young (Allocation Failure)
[0.229s][info][gc             ] GC(7) Pause Young (Allocation Failure) 4M->3M(4M) 2.222ms
[0.229s][info][gc,cpu         ] GC(7) User=0.00s Sys=0.00s Real=0.00s
[0.229s][info][gc,start       ] GC(8) Pause Full (Allocation Failure)
[0.229s][info][gc,phases,start] GC(8) Phase 1: Mark live objects
[0.231s][info][gc,phases      ] GC(8) Phase 1: Mark live objects 2.171ms
[0.231s][info][gc,phases,start] GC(8) Phase 2: Compute new object addresses
[0.232s][info][gc,phases      ] GC(8) Phase 2: Compute new object addresses 0.632ms
[0.232s][info][gc,phases,start] GC(8) Phase 3: Adjust pointers
[0.233s][info][gc,phases      ] GC(8) Phase 3: Adjust pointers 0.990ms
[0.233s][info][gc,phases,start] GC(8) Phase 4: Move objects
[0.233s][info][gc,phases      ] GC(8) Phase 4: Move objects 0.108ms
[0.233s][info][gc,heap        ] GC(8) DefNew: 1535K(1536K)->0K(2688K) Eden: 1408K(1408K)->0K(2432K) From: 127K(128K)->0K(256K)
[0.233s][info][gc,heap        ] GC(8) Tenured: 2617K(3308K)->3460K(5768K)
[0.233s][info][gc,metaspace   ] GC(8) Metaspace: 6295K(6464K)->6295K(6464K) NonClass: 5762K(5824K)->5762K(5824K) Class: 533K(640K)->533K(640K)
[0.233s][info][gc             ] GC(8) Pause Full (Allocation Failure) 3M->3M(8M) 4.191ms
[0.233s][info][gc,cpu         ] GC(8) User=0.00s Sys=0.00s Real=0.00s
[0.238s][info][gc,start       ] GC(9) Pause Young (Allocation Failure)
[0.241s][info][gc,heap        ] GC(9) DefNew: 2431K(2688K)->255K(2688K) Eden: 2431K(2432K)->0K(2432K) From: 0K(256K)->255K(256K)
[0.241s][info][gc,heap        ] GC(9) Tenured: 3460K(5768K)->4512K(5768K)
[0.241s][info][gc,metaspace   ] GC(9) Metaspace: 6295K(6464K)->6295K(6464K) NonClass: 5762K(5824K)->5762K(5824K) Class: 533K(640K)->533K(640K)
[0.241s][info][gc             ] GC(9) Pause Young (Allocation Failure) 5M->4M(8M) 2.397ms
[0.241s][info][gc,cpu         ] GC(9) User=0.00s Sys=0.00s Real=0.00s
[0.245s][info][gc,start       ] GC(10) Pause Young (Allocation Failure)
[0.247s][info][gc,heap        ] GC(10) DefNew: 2687K(2688K)->255K(2688K) Eden: 2432K(2432K)->0K(2432K) From: 255K(256K)->255K(256K)
[0.247s][info][gc,heap        ] GC(10) Tenured: 4512K(5768K)->5755K(5768K)
[0.247s][info][gc,metaspace   ] GC(10) Metaspace: 6295K(6464K)->6295K(6464K) NonClass: 5762K(5824K)->5762K(5824K) Class: 533K(640K)->533K(640K)
[0.247s][info][gc             ] GC(10) Pause Young (Allocation Failure) 7M->5M(8M) 2.865ms
[0.247s][info][gc,cpu         ] GC(10) User=0.00s Sys=0.00s Real=0.00s
[0.251s][info][gc,start       ] GC(11) Pause Young (Allocation Failure)
[0.255s][info][gc             ] GC(11) Pause Young (Allocation Failure) 8M->7M(9M) 3.700ms
[0.255s][info][gc,cpu         ] GC(11) User=0.00s Sys=0.00s Real=0.00s
[0.255s][info][gc,start       ] GC(12) Pause Full (Allocation Failure)
[0.255s][info][gc,phases,start] GC(12) Phase 1: Mark live objects
[0.260s][info][gc,phases      ] GC(12) Phase 1: Mark live objects 4.621ms
[0.260s][info][gc,phases,start] GC(12) Phase 2: Compute new object addresses
[0.261s][info][gc,phases      ] GC(12) Phase 2: Compute new object addresses 1.206ms
[0.261s][info][gc,phases,start] GC(12) Phase 3: Adjust pointers
[0.263s][info][gc,phases      ] GC(12) Phase 3: Adjust pointers 1.682ms
[0.263s][info][gc,phases,start] GC(12) Phase 4: Move objects
[0.264s][info][gc,phases      ] GC(12) Phase 4: Move objects 1.299ms
[0.265s][info][gc,heap        ] GC(12) DefNew: 2687K(2688K)->0K(5376K) Eden: 2432K(2432K)->0K(4800K) From: 255K(256K)->0K(576K)
[0.265s][info][gc,heap        ] GC(12) Tenured: 5755K(5768K)->7132K(11888K)
[0.265s][info][gc,metaspace   ] GC(12) Metaspace: 6295K(6464K)->6295K(6464K) NonClass: 5762K(5824K)->5762K(5824K) Class: 533K(640K)->533K(640K)
[0.265s][info][gc             ] GC(12) Pause Full (Allocation Failure) 7M->6M(16M) 9.315ms
[0.265s][info][gc,cpu         ] GC(12) User=0.00s Sys=0.00s Real=0.01s
[0.271s][info][gc,start       ] GC(13) Pause Young (Allocation Failure)
[0.276s][info][gc,heap        ] GC(13) DefNew: 4800K(5376K)->575K(5376K) Eden: 4800K(4800K)->0K(4800K) From: 0K(576K)->575K(576K)
[0.276s][info][gc,heap        ] GC(13) Tenured: 7132K(11888K)->9027K(11888K)
[0.276s][info][gc,metaspace   ] GC(13) Metaspace: 6295K(6464K)->6295K(6464K) NonClass: 5762K(5824K)->5762K(5824K) Class: 533K(640K)->533K(640K)
[0.276s][info][gc             ] GC(13) Pause Young (Allocation Failure) 11M->9M(16M) 4.895ms
[0.276s][info][gc,cpu         ] GC(13) User=0.00s Sys=0.00s Real=0.01s
[0.282s][info][gc,start       ] GC(14) Pause Young (Allocation Failure)
[0.288s][info][gc,heap        ] GC(14) DefNew: 5375K(5376K)->576K(5376K) Eden: 4800K(4800K)->0K(4800K) From: 575K(576K)->576K(576K)
[0.288s][info][gc,heap        ] GC(14) Tenured: 9027K(11888K)->11746K(11888K)
[0.288s][info][gc,metaspace   ] GC(14) Metaspace: 6295K(6464K)->6295K(6464K) NonClass: 5762K(5824K)->5762K(5824K) Class: 533K(640K)->533K(640K)
[0.288s][info][gc             ] GC(14) Pause Young (Allocation Failure) 14M->12M(16M) 6.056ms
[0.288s][info][gc,cpu         ] GC(14) User=0.00s Sys=0.00s Real=0.01s
[0.292s][info][gc,start       ] GC(15) Pause Young (Allocation Failure)
[0.298s][info][gc             ] GC(15) Pause Young (Allocation Failure) 16M->14M(19M) 6.201ms
[0.298s][info][gc,cpu         ] GC(15) User=0.00s Sys=0.00s Real=0.01s
[0.298s][info][gc,start       ] GC(16) Pause Full (Allocation Failure)
[0.298s][info][gc,phases,start] GC(16) Phase 1: Mark live objects
[0.307s][info][gc,phases      ] GC(16) Phase 1: Mark live objects 8.416ms
[0.307s][info][gc,phases,start] GC(16) Phase 2: Compute new object addresses
[0.310s][info][gc,phases      ] GC(16) Phase 2: Compute new object addresses 3.140ms
[0.310s][info][gc,phases,start] GC(16) Phase 3: Adjust pointers
[0.314s][info][gc,phases      ] GC(16) Phase 3: Adjust pointers 3.960ms
[0.314s][info][gc,phases,start] GC(16) Phase 4: Move objects
[0.314s][info][gc,phases      ] GC(16) Phase 4: Move objects 0.258ms
[0.314s][info][gc,heap        ] GC(16) DefNew: 5376K(5376K)->387K(10880K) Eden: 4800K(4800K)->387K(9728K) From: 576K(576K)->0K(1152K)
[0.314s][info][gc,heap        ] GC(16) Tenured: 11746K(11888K)->14383K(23976K)
[0.314s][info][gc,metaspace   ] GC(16) Metaspace: 6297K(6464K)->6297K(6464K) NonClass: 5764K(5824K)->5764K(5824K) Class: 533K(640K)->533K(640K)
[0.314s][info][gc             ] GC(16) Pause Full (Allocation Failure) 14M->14M(34M) 16.217ms
[0.315s][info][gc,cpu         ] GC(16) User=0.02s Sys=0.00s Real=0.02s
[0.322s][info][gc,start       ] GC(17) Pause Young (Allocation Failure)
[0.335s][info][gc,heap        ] GC(17) DefNew: 9728K(10880K)->1151K(10880K) Eden: 9728K(9728K)->0K(9728K) From: 0K(1152K)->1151K(1152K)
[0.335s][info][gc,heap        ] GC(17) Tenured: 14383K(23976K)->18415K(23976K)
[0.335s][info][gc,metaspace   ] GC(17) Metaspace: 6297K(6464K)->6297K(6464K) NonClass: 5764K(5824K)->5764K(5824K) Class: 533K(640K)->533K(640K)
[0.335s][info][gc             ] GC(17) Pause Young (Allocation Failure) 23M->19M(34M) 12.477ms
[0.335s][info][gc,cpu         ] GC(17) User=0.00s Sys=0.00s Real=0.01s
[0.343s][info][gc,start       ] GC(18) Pause Young (Allocation Failure)
[0.355s][info][gc,heap        ] GC(18) DefNew: 10879K(10880K)->1151K(10880K) Eden: 9728K(9728K)->0K(9728K) From: 1151K(1152K)->1151K(1152K)
[0.355s][info][gc,heap        ] GC(18) Tenured: 18415K(23976K)->23936K(23976K)
[0.355s][info][gc,metaspace   ] GC(18) Metaspace: 6297K(6464K)->6297K(6464K) NonClass: 5764K(5824K)->5764K(5824K) Class: 533K(640K)->533K(640K)
[0.355s][info][gc             ] GC(18) Pause Young (Allocation Failure) 28M->24M(34M) 12.597ms
[0.355s][info][gc,cpu         ] GC(18) User=0.00s Sys=0.00s Real=0.01s
[0.361s][info][gc,start       ] GC(19) Pause Young (Allocation Failure)
[0.373s][info][gc             ] GC(19) Pause Young (Allocation Failure) 34M->29M(38M) 11.459ms
[0.373s][info][gc,cpu         ] GC(19) User=0.00s Sys=0.00s Real=0.01s
[0.373s][info][gc,start       ] GC(20) Pause Full (Allocation Failure)
[0.373s][info][gc,phases,start] GC(20) Phase 1: Mark live objects
[0.387s][info][gc,phases      ] GC(20) Phase 1: Mark live objects 13.651ms
[0.387s][info][gc,phases,start] GC(20) Phase 2: Compute new object addresses
[0.391s][info][gc,phases      ] GC(20) Phase 2: Compute new object addresses 4.586ms
[0.391s][info][gc,phases,start] GC(20) Phase 3: Adjust pointers
[0.397s][info][gc,phases      ] GC(20) Phase 3: Adjust pointers 5.169ms
[0.397s][info][gc,phases,start] GC(20) Phase 4: Move objects
[0.397s][info][gc,phases      ] GC(20) Phase 4: Move objects 0.165ms
[0.397s][info][gc,heap        ] GC(20) DefNew: 10879K(10880K)->1080K(21888K) Eden: 9728K(9728K)->1080K(19520K) From: 1151K(1152K)->0K(2368K)
[0.397s][info][gc,heap        ] GC(20) Tenured: 23936K(23976K)->29035K(48396K)
[0.397s][info][gc,metaspace   ] GC(20) Metaspace: 6297K(6464K)->6297K(6464K) NonClass: 5764K(5824K)->5764K(5824K) Class: 533K(640K)->533K(640K)
[0.397s][info][gc             ] GC(20) Pause Full (Allocation Failure) 29M->29M(68M) 23.963ms
[0.397s][info][gc,cpu         ] GC(20) User=0.03s Sys=0.00s Real=0.02s
[0.412s][info][gc,start       ] GC(21) Pause Young (Allocation Failure)
[0.441s][info][gc,heap        ] GC(21) DefNew: 19520K(21888K)->2367K(21888K) Eden: 19520K(19520K)->0K(19520K) From: 0K(2368K)->2367K(2368K)
[0.441s][info][gc,heap        ] GC(21) Tenured: 29035K(48396K)->39351K(48396K)
[0.441s][info][gc,metaspace   ] GC(21) Metaspace: 6297K(6464K)->6297K(6464K) NonClass: 5764K(5824K)->5764K(5824K) Class: 533K(640K)->533K(640K)
[0.441s][info][gc             ] GC(21) Pause Young (Allocation Failure) 47M->40M(68M) 28.270ms
[0.441s][info][gc,cpu         ] GC(21) User=0.02s Sys=0.00s Real=0.03s
[0.459s][info][gc,start       ] GC(22) Pause Young (Allocation Failure)
[0.495s][info][gc             ] GC(22) Pause Young (Allocation Failure) 59M->59M(78M) 35.388ms
[0.495s][info][gc,cpu         ] GC(22) User=0.03s Sys=0.00s Real=0.04s
[0.495s][info][gc,start       ] GC(23) Pause Full (Allocation Failure)
[0.495s][info][gc,phases,start] GC(23) Phase 1: Mark live objects
[0.519s][info][gc,phases      ] GC(23) Phase 1: Mark live objects 24.365ms
[0.519s][info][gc,phases,start] GC(23) Phase 2: Compute new object addresses
[0.528s][info][gc,phases      ] GC(23) Phase 2: Compute new object addresses 9.304ms
[0.528s][info][gc,phases,start] GC(23) Phase 3: Adjust pointers
[0.539s][info][gc,phases      ] GC(23) Phase 3: Adjust pointers 10.355ms
[0.539s][info][gc,phases,start] GC(23) Phase 4: Move objects
[0.539s][info][gc,phases      ] GC(23) Phase 4: Move objects 0.351ms
[0.539s][info][gc,heap        ] GC(23) DefNew: 21887K(21888K)->2252K(44288K) Eden: 19520K(19520K)->2252K(39424K) From: 2367K(2368K)->0K(4864K)
[0.539s][info][gc,heap        ] GC(23) Tenured: 39351K(48396K)->58955K(98260K)
[0.539s][info][gc,metaspace   ] GC(23) Metaspace: 6297K(6464K)->6297K(6464K) NonClass: 5764K(5824K)->5764K(5824K) Class: 533K(640K)->533K(640K)
[0.540s][info][gc             ] GC(23) Pause Full (Allocation Failure) 59M->59M(139M) 44.994ms
[0.540s][info][gc,cpu         ] GC(23) User=0.05s Sys=0.00s Real=0.04s
[0.580s][info][gc,start       ] GC(24) Pause Young (Allocation Failure)
[0.643s][info][gc,heap        ] GC(24) DefNew: 39424K(44288K)->4863K(44288K) Eden: 39424K(39424K)->0K(39424K) From: 0K(4864K)->4863K(4864K)
[0.643s][info][gc,heap        ] GC(24) Tenured: 58955K(98260K)->93487K(98260K)
[0.643s][info][gc,metaspace   ] GC(24) Metaspace: 6297K(6464K)->6297K(6464K) NonClass: 5764K(5824K)->5764K(5824K) Class: 533K(640K)->533K(640K)
[0.643s][info][gc             ] GC(24) Pause Young (Allocation Failure) 96M->96M(139M) 62.858ms
[0.643s][info][gc,cpu         ] GC(24) User=0.05s Sys=0.00s Real=0.06s
[0.675s][info][gc,start       ] GC(25) Pause Young (Allocation Failure)
[0.744s][info][gc             ] GC(25) Pause Young (Allocation Failure) 134M->134M(173M) 68.966ms
[0.744s][info][gc,cpu         ] GC(25) User=0.05s Sys=0.02s Real=0.07s
[0.744s][info][gc,start       ] GC(26) Pause Full (Allocation Failure)
[0.744s][info][gc,phases,start] GC(26) Phase 1: Mark live objects
[0.797s][info][gc,phases      ] GC(26) Phase 1: Mark live objects 52.780ms
[0.797s][info][gc,phases,start] GC(26) Phase 2: Compute new object addresses
[0.818s][info][gc,phases      ] GC(26) Phase 2: Compute new object addresses 21.232ms
[0.818s][info][gc,phases,start] GC(26) Phase 3: Adjust pointers
[0.846s][info][gc,phases      ] GC(26) Phase 3: Adjust pointers 27.588ms
[0.846s][info][gc,phases,start] GC(26) Phase 4: Move objects
[0.870s][info][gc,phases      ] GC(26) Phase 4: Move objects 24.702ms
[0.871s][info][gc,heap        ] GC(26) DefNew: 44287K(44288K)->1014K(99712K) Eden: 39424K(39424K)->1014K(88640K) From: 4863K(4864K)->0K(11072K)
[0.871s][info][gc,heap        ] GC(26) Tenured: 93487K(98260K)->132887K(221480K)
[0.871s][info][gc,metaspace   ] GC(26) Metaspace: 6297K(6464K)->6297K(6464K) NonClass: 5764K(5824K)->5764K(5824K) Class: 533K(640K)->533K(640K)
[0.871s][info][gc             ] GC(26) Pause Full (Allocation Failure) 134M->130M(313M) 127.139ms
[0.871s][info][gc,cpu         ] GC(26) User=0.11s Sys=0.00s Real=0.13s
[0.963s][info][gc,start       ] GC(27) Pause Young (Allocation Failure)
[1.108s][info][gc,heap        ] GC(27) DefNew: 88640K(99712K)->11071K(99712K) Eden: 88640K(88640K)->0K(88640K) From: 0K(11072K)->11071K(11072K)
[1.108s][info][gc,heap        ] GC(27) Tenured: 132887K(221480K)->210430K(221480K)
[1.108s][info][gc,metaspace   ] GC(27) Metaspace: 6297K(6464K)->6297K(6464K) NonClass: 5764K(5824K)->5764K(5824K) Class: 533K(640K)->533K(640K)
[1.108s][info][gc             ] GC(27) Pause Young (Allocation Failure) 216M->216M(313M) 144.481ms
[1.108s][info][gc,cpu         ] GC(27) User=0.09s Sys=0.03s Real=0.14s
[1.190s][info][gc,start       ] GC(28) Pause Young (Allocation Failure)
[1.350s][info][gc             ] GC(28) Pause Young (Allocation Failure) 302M->302M(389M) 159.468ms
[1.350s][info][gc,cpu         ] GC(28) User=0.09s Sys=0.05s Real=0.16s
[1.350s][info][gc,start       ] GC(29) Pause Full (Allocation Failure)
[1.350s][info][gc,phases,start] GC(29) Phase 1: Mark live objects
[1.482s][info][gc,phases      ] GC(29) Phase 1: Mark live objects 132.728ms
[1.482s][info][gc,phases,start] GC(29) Phase 2: Compute new object addresses
[1.531s][info][gc,phases      ] GC(29) Phase 2: Compute new object addresses 48.251ms
[1.531s][info][gc,phases,start] GC(29) Phase 3: Adjust pointers
[1.588s][info][gc,phases      ] GC(29) Phase 3: Adjust pointers 57.011ms
[1.588s][info][gc,phases,start] GC(29) Phase 4: Move objects
[1.590s][info][gc,phases      ] GC(29) Phase 4: Move objects 2.110ms
[1.591s][info][gc,heap        ] GC(29) DefNew: 99711K(99712K)->10931K(224448K) Eden: 88640K(88640K)->10931K(199552K) From: 11071K(11072K)->0K(24896K)
[1.591s][info][gc,heap        ] GC(29) Tenured: 210430K(221480K)->299179K(498636K)
[1.591s][info][gc,metaspace   ] GC(29) Metaspace: 6297K(6464K)->6297K(6464K) NonClass: 5764K(5824K)->5764K(5824K) Class: 533K(640K)->533K(640K)
[1.591s][info][gc             ] GC(29) Pause Full (Allocation Failure) 302M->302M(706M) 241.375ms
[1.591s][info][gc,cpu         ] GC(29) User=0.23s Sys=0.02s Real=0.24s
[1.796s][info][gc,start       ] GC(30) Pause Young (Allocation Failure)
[2.123s][info][gc,heap        ] GC(30) DefNew: 199552K(224448K)->24895K(224448K) Eden: 199552K(199552K)->0K(199552K) From: 0K(24896K)->24895K(24896K)
[2.123s][info][gc,heap        ] GC(30) Tenured: 299179K(498636K)->473810K(498636K)
[2.123s][info][gc,metaspace   ] GC(30) Metaspace: 6297K(6464K)->6297K(6464K) NonClass: 5764K(5824K)->5764K(5824K) Class: 533K(640K)->533K(640K)
[2.123s][info][gc             ] GC(30) Pause Young (Allocation Failure) 487M->487M(706M) 326.878ms
[2.123s][info][gc,cpu         ] GC(30) User=0.25s Sys=0.06s Real=0.33s
[2.300s][info][gc,start       ] GC(31) Pause Young (Allocation Failure)
[2.668s][info][gc             ] GC(31) Pause Young (Allocation Failure) 681M->681M(876M) 368.055ms
[2.668s][info][gc,cpu         ] GC(31) User=0.31s Sys=0.03s Real=0.37s
[2.668s][info][gc,start       ] GC(32) Pause Full (Allocation Failure)
[2.668s][info][gc,phases,start] GC(32) Phase 1: Mark live objects
[2.973s][info][gc,phases      ] GC(32) Phase 1: Mark live objects 305.084ms
[2.973s][info][gc,phases,start] GC(32) Phase 2: Compute new object addresses
[3.077s][info][gc,phases      ] GC(32) Phase 2: Compute new object addresses 103.995ms
[3.077s][info][gc,phases,start] GC(32) Phase 3: Adjust pointers
[3.191s][info][gc,phases      ] GC(32) Phase 3: Adjust pointers 114.168ms
[3.192s][info][gc,phases,start] GC(32) Phase 4: Move objects
[3.197s][info][gc,phases      ] GC(32) Phase 4: Move objects 5.394ms
[3.198s][info][gc,heap        ] GC(32) DefNew: 224447K(224448K)->24805K(460800K) Eden: 199552K(199552K)->24805K(409600K) From: 24895K(24896K)->0K(51200K)
[3.198s][info][gc,heap        ] GC(32) Tenured: 473810K(498636K)->673423K(1024000K)
[3.199s][info][gc,metaspace   ] GC(32) Metaspace: 6297K(6464K)->6297K(6464K) NonClass: 5764K(5824K)->5764K(5824K) Class: 533K(640K)->533K(640K)
[3.199s][info][gc             ] GC(32) Pause Full (Allocation Failure) 681M->681M(1450M) 530.489ms
[3.199s][info][gc,cpu         ] GC(32) User=0.53s Sys=0.00s Real=0.53s
[3.598s][info][gc,start       ] GC(33) Pause Young (Allocation Failure)
[4.335s][info][gc,promotion   ] GC(33) Promotion failed
[4.336s][info][gc             ] GC(33) Pause Young (Allocation Failure) 1057M->1449M(1450M) 737.315ms
[4.336s][info][gc,cpu         ] GC(33) User=0.59s Sys=0.12s Real=0.74s
[4.336s][info][gc,start       ] GC(34) Pause Full (Allocation Failure)
[4.336s][info][gc,phases,start] GC(34) Phase 1: Mark live objects
[4.808s][info][gc,phases      ] GC(34) Phase 1: Mark live objects 472.139ms
[4.808s][info][gc,phases,start] GC(34) Phase 2: Compute new object addresses
[4.999s][info][gc,phases      ] GC(34) Phase 2: Compute new object addresses 191.575ms
[5.000s][info][gc,phases,start] GC(34) Phase 3: Adjust pointers
[5.182s][info][gc,phases      ] GC(34) Phase 3: Adjust pointers 182.602ms
[5.182s][info][gc,phases,start] GC(34) Phase 4: Move objects
[5.192s][info][gc,phases      ] GC(34) Phase 4: Move objects 10.210ms
[5.193s][info][gc,heap        ] GC(34) DefNew: 409600K(460800K)->58998K(460800K) Eden: 409600K(409600K)->58998K(409600K) From: 0K(51200K)->0K(51200K)
[5.193s][info][gc,heap        ] GC(34) Tenured: 673423K(1024000K)->1023999K(1024000K)
[5.193s][info][gc,metaspace   ] GC(34) Metaspace: 6297K(6464K)->6297K(6464K) NonClass: 5764K(5824K)->5764K(5824K) Class: 533K(640K)->533K(640K)
[5.193s][info][gc             ] GC(34) Pause Full (Allocation Failure) 1449M->1057M(1450M) 857.132ms
[5.193s][info][gc,cpu         ] GC(34) User=0.86s Sys=0.00s Real=0.86s
[5.604s][info][gc,start       ] GC(35) Pause Full (Allocation Failure)
[5.604s][info][gc,phases,start] GC(35) Phase 1: Mark live objects
[6.256s][info][gc,phases      ] GC(35) Phase 1: Mark live objects 652.095ms
[6.256s][info][gc,phases,start] GC(35) Phase 2: Compute new object addresses
[6.464s][info][gc,phases      ] GC(35) Phase 2: Compute new object addresses 207.833ms
[6.464s][info][gc,phases,start] GC(35) Phase 3: Adjust pointers
[6.797s][info][gc,phases      ] GC(35) Phase 3: Adjust pointers 332.687ms
[6.797s][info][gc,phases,start] GC(35) Phase 4: Move objects
[7.054s][info][gc,phases      ] GC(35) Phase 4: Move objects 257.296ms
[7.054s][info][gc,heap        ] GC(35) DefNew: 441015K(460800K)->406559K(460800K) Eden: 409600K(409600K)->406559K(409600K) From: 31415K(51200K)->0K(51200K)
[7.055s][info][gc,heap        ] GC(35) Tenured: 1023999K(1024000K)->1003128K(1024000K)
[7.055s][info][gc,metaspace   ] GC(35) Metaspace: 6297K(6464K)->6297K(6464K) NonClass: 5764K(5824K)->5764K(5824K) Class: 533K(640K)->533K(640K)
[7.055s][info][gc             ] GC(35) Pause Full (Allocation Failure) 1430M->1376M(1450M) 1450.613ms
[7.055s][info][gc,cpu         ] GC(35) User=1.44s Sys=0.00s Real=1.45s
[7.055s][info][gc,start       ] GC(36) Pause Full (Allocation Failure)
[7.055s][info][gc,phases,start] GC(36) Phase 1: Mark live objects
[7.690s][info][gc,phases      ] GC(36) Phase 1: Mark live objects 635.549ms
[7.690s][info][gc,phases,start] GC(36) Phase 2: Compute new object addresses
[7.893s][info][gc,phases      ] GC(36) Phase 2: Compute new object addresses 202.906ms
[7.893s][info][gc,phases,start] GC(36) Phase 3: Adjust pointers
[8.202s][info][gc,phases      ] GC(36) Phase 3: Adjust pointers 308.323ms
[8.202s][info][gc,phases,start] GC(36) Phase 4: Move objects
[8.368s][info][gc,phases      ] GC(36) Phase 4: Move objects 166.596ms
[8.369s][info][gc,heap        ] GC(36) DefNew: 406559K(460800K)->406559K(460800K) Eden: 406559K(409600K)->406559K(409600K) From: 0K(51200K)->0K(51200K)
[8.369s][info][gc,heap        ] GC(36) Tenured: 1003128K(1024000K)->1003124K(1024000K)
[8.369s][info][gc,metaspace   ] GC(36) Metaspace: 6297K(6464K)->6295K(6464K) NonClass: 5764K(5824K)->5762K(5824K) Class: 533K(640K)->532K(640K)
[8.369s][info][gc             ] GC(36) Pause Full (Allocation Failure) 1376M->1376M(1450M) 1314.067ms
[8.369s][info][gc,cpu         ] GC(36) User=1.31s Sys=0.00s Real=1.31s
[8.370s][info][gc,heap,exit   ] Heap
[8.370s][info][gc,heap,exit   ]  def new generation   total 460800K, used 409600K [0x00000000a2400000, 0x00000000c1800000, 0x00000000c1800000)
[8.370s][info][gc,heap,exit   ]   eden space 409600K, 100% used [0x00000000a2400000, 0x00000000bb400000, 0x00000000bb400000)
[8.370s][info][gc,heap,exit   ]   from space 51200K,   0% used [0x00000000be600000, 0x00000000be600370, 0x00000000c1800000)
[8.370s][info][gc,heap,exit   ]   to   space 51200K,   0% used [0x00000000bb400000, 0x00000000bb400000, 0x00000000be600000)
[8.370s][info][gc,heap,exit   ]  tenured generation   total 1024000K, used 1003124K [0x00000000c1800000, 0x0000000100000000, 0x0000000100000000)
[8.370s][info][gc,heap,exit   ]    the space 1024000K,  97% used [0x00000000c1800000, 0x00000000feb9d270, 0x00000000feb9d400, 0x0000000100000000)
[8.370s][info][gc,heap,exit   ]  Metaspace       used 6300K, committed 6464K, reserved 1114112K
[8.370s][info][gc,heap,exit   ]   class space    used 534K, committed 640K, reserved 1048576K
