[0.019s][info][gc,init] CardTable entry size: 512
[0.019s][info][gc     ] Using Parallel
[0.021s][info][gc,init] Version: 18.0.1+10 (release)
[0.021s][info][gc,init] CPUs: 8 total, 8 available
[0.021s][info][gc,init] Memory: 16063M
[0.021s][info][gc,init] Large Page Support: Disabled
[0.021s][info][gc,init] NUMA Support: Disabled
[0.021s][info][gc,init] Compressed Oops: Enabled (Zero based)
[0.021s][info][gc,init] Alignments: Space 512K, Generation 512K, Heap 2M
[0.021s][info][gc,init] Heap Min Capacity: 2M
[0.021s][info][gc,init] Heap Initial Capacity: 2M
[0.021s][info][gc,init] Heap Max Capacity: 14100M
[0.021s][info][gc,init] Pre-touch: Disabled
[0.021s][info][gc,init] Parallel Workers: 8
[0.021s][info][gc,metaspace] CDS archive(s) not mapped
[0.021s][info][gc,metaspace] Compressed class space mapped at: 0x0000000800000000-0x0000000840000000, reserved size: 1073741824
[0.021s][info][gc,metaspace] Narrow klass base: 0x0000000800000000, Narrow klass shift: 0, Narrow klass range: 0x40000000
[0.108s][info][gc,start    ] GC(0) Pause Young (Allocation Failure)
[0.109s][info][gc,heap     ] GC(0) PSYoungGen: 512K(1024K)->480K(1024K) Eden: 512K(512K)->0K(512K) From: 0K(512K)->480K(512K)
[0.109s][info][gc,heap     ] GC(0) ParOldGen: 0K(512K)->8K(512K)
[0.109s][info][gc,metaspace] GC(0) Metaspace: 4229K(4352K)->4229K(4352K) NonClass: 3908K(3968K)->3908K(3968K) Class: 321K(384K)->321K(384K)
[0.109s][info][gc          ] GC(0) Pause Young (Allocation Failure) 0M->0M(1M) 1.458ms
[0.109s][info][gc,cpu      ] GC(0) User=0.00s Sys=0.00s Real=0.00s
[0.182s][info][gc,start    ] GC(1) Pause Young (Allocation Failure)
[0.183s][info][gc,heap     ] GC(1) PSYoungGen: 991K(1024K)->512K(1536K) Eden: 511K(512K)->0K(1024K) From: 480K(512K)->512K(512K)
[0.183s][info][gc,heap     ] GC(1) ParOldGen: 8K(512K)->88K(512K)
[0.183s][info][gc,metaspace] GC(1) Metaspace: 5878K(6016K)->5878K(6016K) NonClass: 5382K(5504K)->5382K(5504K) Class: 496K(512K)->496K(512K)
[0.183s][info][gc          ] GC(1) Pause Young (Allocation Failure) 0M->0M(2M) 0.919ms
[0.183s][info][gc,cpu      ] GC(1) User=0.00s Sys=0.00s Real=0.00s
[0.207s][info][gc,start    ] GC(2) Pause Young (Allocation Failure)
[0.209s][info][gc,heap     ] GC(2) PSYoungGen: 1536K(1536K)->512K(1536K) Eden: 1024K(1024K)->0K(1024K) From: 512K(512K)->512K(512K)
[0.209s][info][gc,heap     ] GC(2) ParOldGen: 88K(512K)->492K(512K)
[0.209s][info][gc,metaspace] GC(2) Metaspace: 6298K(6464K)->6298K(6464K) NonClass: 5764K(5824K)->5764K(5824K) Class: 533K(640K)->533K(640K)
[0.209s][info][gc          ] GC(2) Pause Young (Allocation Failure) 1M->0M(2M) 1.527ms
[0.209s][info][gc,cpu      ] GC(2) User=0.00s Sys=0.00s Real=0.00s
[0.209s][info][gc,start    ] GC(3) Pause Full (Ergonomics)
[0.209s][info][gc,phases,start] GC(3) Marking Phase
[0.210s][info][gc,phases      ] GC(3) Marking Phase 1.159ms
[0.210s][info][gc,phases,start] GC(3) Summary Phase
[0.210s][info][gc,phases      ] GC(3) Summary Phase 0.017ms
[0.210s][info][gc,phases,start] GC(3) Adjust Roots
[0.210s][info][gc,phases      ] GC(3) Adjust Roots 0.378ms
[0.210s][info][gc,phases,start] GC(3) Compaction Phase
[0.212s][info][gc,phases      ] GC(3) Compaction Phase 1.398ms
[0.212s][info][gc,phases,start] GC(3) Post Compact
[0.212s][info][gc,phases      ] GC(3) Post Compact 0.088ms
[0.212s][info][gc,heap        ] GC(3) PSYoungGen: 512K(1536K)->510K(1536K) Eden: 0K(1024K)->0K(1024K) From: 512K(512K)->510K(512K)
[0.212s][info][gc,heap        ] GC(3) ParOldGen: 492K(512K)->470K(2048K)
[0.212s][info][gc,metaspace   ] GC(3) Metaspace: 6298K(6464K)->6298K(6464K) NonClass: 5764K(5824K)->5764K(5824K) Class: 533K(640K)->533K(640K)
[0.212s][info][gc             ] GC(3) Pause Full (Ergonomics) 0M->0M(3M) 3.316ms
[0.212s][info][gc,cpu         ] GC(3) User=0.00s Sys=0.00s Real=0.00s
[0.214s][info][gc,start       ] GC(4) Pause Young (Allocation Failure)
[0.215s][info][gc,heap        ] GC(4) PSYoungGen: 1534K(1536K)->480K(2560K) Eden: 1024K(1024K)->0K(2048K) From: 510K(512K)->480K(512K)
[0.216s][info][gc,heap        ] GC(4) ParOldGen: 470K(2048K)->1027K(2048K)
[0.216s][info][gc,metaspace   ] GC(4) Metaspace: 6298K(6464K)->6298K(6464K) NonClass: 5764K(5824K)->5764K(5824K) Class: 533K(640K)->533K(640K)
[0.216s][info][gc             ] GC(4) Pause Young (Allocation Failure) 1M->1M(4M) 1.869ms
[0.216s][info][gc,cpu         ] GC(4) User=0.00s Sys=0.00s Real=0.00s
[0.219s][info][gc,start       ] GC(5) Pause Young (Allocation Failure)
[0.221s][info][gc,heap        ] GC(5) PSYoungGen: 2528K(2560K)->480K(2560K) Eden: 2048K(2048K)->0K(2048K) From: 480K(512K)->480K(512K)
[0.221s][info][gc,heap        ] GC(5) ParOldGen: 1027K(2048K)->2099K(2560K)
[0.221s][info][gc,metaspace   ] GC(5) Metaspace: 6298K(6464K)->6298K(6464K) NonClass: 5764K(5824K)->5764K(5824K) Class: 533K(640K)->533K(640K)
[0.221s][info][gc             ] GC(5) Pause Young (Allocation Failure) 3M->2M(5M) 1.844ms
[0.221s][info][gc,cpu         ] GC(5) User=0.00s Sys=0.00s Real=0.00s
[0.221s][info][gc,start       ] GC(6) Pause Full (Ergonomics)
[0.221s][info][gc,phases,start] GC(6) Marking Phase
[0.223s][info][gc,phases      ] GC(6) Marking Phase 1.748ms
[0.223s][info][gc,phases,start] GC(6) Summary Phase
[0.223s][info][gc,phases      ] GC(6) Summary Phase 0.017ms
[0.223s][info][gc,phases,start] GC(6) Adjust Roots
[0.223s][info][gc,phases      ] GC(6) Adjust Roots 0.325ms
[0.223s][info][gc,phases,start] GC(6) Compaction Phase
[0.225s][info][gc,phases      ] GC(6) Compaction Phase 2.390ms
[0.225s][info][gc,phases,start] GC(6) Post Compact
[0.225s][info][gc,phases      ] GC(6) Post Compact 0.030ms
[0.226s][info][gc,heap        ] GC(6) PSYoungGen: 480K(2560K)->0K(4096K) Eden: 0K(2048K)->0K(3072K) From: 480K(512K)->0K(1024K)
[0.226s][info][gc,heap        ] GC(6) ParOldGen: 2099K(2560K)->2542K(6144K)
[0.226s][info][gc,metaspace   ] GC(6) Metaspace: 6298K(6464K)->6298K(6464K) NonClass: 5764K(5824K)->5764K(5824K) Class: 533K(640K)->533K(640K)
[0.226s][info][gc             ] GC(6) Pause Full (Ergonomics) 2M->2M(10M) 4.848ms
[0.226s][info][gc,cpu         ] GC(6) User=0.00s Sys=0.00s Real=0.01s
[0.234s][info][gc,start       ] GC(7) Pause Young (Allocation Failure)
[0.237s][info][gc,heap        ] GC(7) PSYoungGen: 3072K(4096K)->1664K(5120K) Eden: 3072K(3072K)->0K(3072K) From: 0K(1024K)->1664K(2048K)
[0.237s][info][gc,heap        ] GC(7) ParOldGen: 2542K(6144K)->2542K(6144K)
[0.237s][info][gc,metaspace   ] GC(7) Metaspace: 6298K(6464K)->6298K(6464K) NonClass: 5764K(5824K)->5764K(5824K) Class: 533K(640K)->533K(640K)
[0.237s][info][gc             ] GC(7) Pause Young (Allocation Failure) 5M->4M(11M) 2.831ms
[0.237s][info][gc,cpu         ] GC(7) User=0.00s Sys=0.00s Real=0.00s
[0.243s][info][gc,start       ] GC(8) Pause Young (Allocation Failure)
[0.247s][info][gc,heap        ] GC(8) PSYoungGen: 4736K(5120K)->2016K(5632K) Eden: 3072K(3072K)->0K(3584K) From: 1664K(2048K)->2016K(2048K)
[0.247s][info][gc,heap        ] GC(8) ParOldGen: 2542K(6144K)->3774K(6144K)
[0.247s][info][gc,metaspace   ] GC(8) Metaspace: 6298K(6464K)->6298K(6464K) NonClass: 5764K(5824K)->5764K(5824K) Class: 533K(640K)->533K(640K)
[0.247s][info][gc             ] GC(8) Pause Young (Allocation Failure) 7M->5M(11M) 4.167ms
[0.247s][info][gc,cpu         ] GC(8) User=0.00s Sys=0.00s Real=0.00s
[0.254s][info][gc,start       ] GC(9) Pause Young (Allocation Failure)
[0.259s][info][gc,heap        ] GC(9) PSYoungGen: 5600K(5632K)->3040K(6656K) Eden: 3584K(3584K)->0K(3584K) From: 2016K(2048K)->3040K(3072K)
[0.259s][info][gc,heap        ] GC(9) ParOldGen: 3774K(6144K)->4614K(6144K)
[0.259s][info][gc,metaspace   ] GC(9) Metaspace: 6298K(6464K)->6298K(6464K) NonClass: 5764K(5824K)->5764K(5824K) Class: 533K(640K)->533K(640K)
[0.259s][info][gc             ] GC(9) Pause Young (Allocation Failure) 9M->7M(12M) 4.883ms
[0.259s][info][gc,cpu         ] GC(9) User=0.00s Sys=0.00s Real=0.01s
[0.264s][info][gc,start       ] GC(10) Pause Young (Allocation Failure)
[0.268s][info][gc,heap        ] GC(10) PSYoungGen: 6624K(6656K)->4064K(9216K) Eden: 3584K(3584K)->0K(5120K) From: 3040K(3072K)->4064K(4096K)
[0.268s][info][gc,heap        ] GC(10) ParOldGen: 4614K(6144K)->5462K(6144K)
[0.268s][info][gc,metaspace   ] GC(10) Metaspace: 6298K(6464K)->6298K(6464K) NonClass: 5764K(5824K)->5764K(5824K) Class: 533K(640K)->533K(640K)
[0.268s][info][gc             ] GC(10) Pause Young (Allocation Failure) 10M->9M(15M) 4.647ms
[0.268s][info][gc,cpu         ] GC(10) User=0.00s Sys=0.00s Real=0.01s
[0.268s][info][gc,start       ] GC(11) Pause Full (Ergonomics)
[0.268s][info][gc,phases,start] GC(11) Marking Phase
[0.274s][info][gc,phases      ] GC(11) Marking Phase 5.388ms
[0.274s][info][gc,phases,start] GC(11) Summary Phase
[0.274s][info][gc,phases      ] GC(11) Summary Phase 0.015ms
[0.274s][info][gc,phases,start] GC(11) Adjust Roots
[0.274s][info][gc,phases      ] GC(11) Adjust Roots 0.423ms
[0.274s][info][gc,phases,start] GC(11) Compaction Phase
[0.282s][info][gc,phases      ] GC(11) Compaction Phase 7.808ms
[0.282s][info][gc,phases,start] GC(11) Post Compact
[0.282s][info][gc,phases      ] GC(11) Post Compact 0.038ms
[0.282s][info][gc,heap        ] GC(11) PSYoungGen: 4064K(9216K)->3545K(9216K) Eden: 0K(5120K)->0K(5120K) From: 4064K(4096K)->3545K(4096K)
[0.282s][info][gc,heap        ] GC(11) ParOldGen: 5462K(6144K)->5831K(10752K)
[0.282s][info][gc,metaspace   ] GC(11) Metaspace: 6298K(6464K)->6298K(6464K) NonClass: 5764K(5824K)->5764K(5824K) Class: 533K(640K)->533K(640K)
[0.282s][info][gc             ] GC(11) Pause Full (Ergonomics) 9M->9M(19M) 13.976ms
[0.282s][info][gc,cpu         ] GC(11) User=0.00s Sys=0.00s Real=0.01s
[0.290s][info][gc,start       ] GC(12) Pause Young (Allocation Failure)
[0.295s][info][gc,heap        ] GC(12) PSYoungGen: 8665K(9216K)->5088K(10240K) Eden: 5120K(5120K)->0K(5120K) From: 3545K(4096K)->5088K(5120K)
[0.295s][info][gc,heap        ] GC(12) ParOldGen: 5831K(10752K)->6951K(10752K)
[0.295s][info][gc,metaspace   ] GC(12) Metaspace: 6298K(6464K)->6298K(6464K) NonClass: 5764K(5824K)->5764K(5824K) Class: 533K(640K)->533K(640K)
[0.295s][info][gc             ] GC(12) Pause Young (Allocation Failure) 14M->11M(20M) 5.788ms
[0.295s][info][gc,cpu         ] GC(12) User=0.00s Sys=0.00s Real=0.01s
[0.301s][info][gc,start       ] GC(13) Pause Young (Allocation Failure)
[0.308s][info][gc,heap        ] GC(13) PSYoungGen: 10208K(10240K)->6464K(12800K) Eden: 5120K(5120K)->0K(6144K) From: 5088K(5120K)->6464K(6656K)
[0.308s][info][gc,heap        ] GC(13) ParOldGen: 6951K(10752K)->8247K(10752K)
[0.308s][info][gc,metaspace   ] GC(13) Metaspace: 6300K(6464K)->6300K(6464K) NonClass: 5766K(5824K)->5766K(5824K) Class: 533K(640K)->533K(640K)
[0.308s][info][gc             ] GC(13) Pause Young (Allocation Failure) 16M->14M(23M) 7.529ms
[0.308s][info][gc,cpu         ] GC(13) User=0.02s Sys=0.00s Real=0.01s
[0.313s][info][gc,start       ] GC(14) Pause Young (Allocation Failure)
[0.321s][info][gc,heap        ] GC(14) PSYoungGen: 12608K(12800K)->5792K(13824K) Eden: 6144K(6144K)->0K(6144K) From: 6464K(6656K)->5792K(7680K)
[0.321s][info][gc,heap        ] GC(14) ParOldGen: 8247K(10752K)->12127K(12288K)
[0.321s][info][gc,metaspace   ] GC(14) Metaspace: 6300K(6464K)->6300K(6464K) NonClass: 5766K(5824K)->5766K(5824K) Class: 533K(640K)->533K(640K)
[0.321s][info][gc             ] GC(14) Pause Young (Allocation Failure) 20M->17M(25M) 7.566ms
[0.321s][info][gc,cpu         ] GC(14) User=0.02s Sys=0.00s Real=0.01s
[0.321s][info][gc,start       ] GC(15) Pause Full (Ergonomics)
[0.321s][info][gc,phases,start] GC(15) Marking Phase
[0.330s][info][gc,phases      ] GC(15) Marking Phase 8.720ms
[0.330s][info][gc,phases,start] GC(15) Summary Phase
[0.330s][info][gc,phases      ] GC(15) Summary Phase 0.019ms
[0.330s][info][gc,phases,start] GC(15) Adjust Roots
[0.330s][info][gc,phases      ] GC(15) Adjust Roots 0.251ms
[0.330s][info][gc,phases,start] GC(15) Compaction Phase
[0.340s][info][gc,phases      ] GC(15) Compaction Phase 9.916ms
[0.340s][info][gc,phases,start] GC(15) Post Compact
[0.340s][info][gc,phases      ] GC(15) Post Compact 0.094ms
[0.340s][info][gc,heap        ] GC(15) PSYoungGen: 5792K(13824K)->5758K(13824K) Eden: 0K(6144K)->0K(6144K) From: 5792K(7680K)->5758K(7680K)
[0.340s][info][gc,heap        ] GC(15) ParOldGen: 12127K(12288K)->12006K(18944K)
[0.340s][info][gc,metaspace   ] GC(15) Metaspace: 6300K(6464K)->6300K(6464K) NonClass: 5766K(5824K)->5766K(5824K) Class: 533K(640K)->533K(640K)
[0.340s][info][gc             ] GC(15) Pause Full (Ergonomics) 17M->17M(32M) 19.370ms
[0.340s][info][gc,cpu         ] GC(15) User=0.00s Sys=0.00s Real=0.02s
[0.345s][info][gc,start       ] GC(16) Pause Young (Allocation Failure)
[0.353s][info][gc,heap        ] GC(16) PSYoungGen: 11902K(13824K)->3200K(15360K) Eden: 6144K(6144K)->0K(8704K) From: 5758K(7680K)->3200K(6656K)
[0.353s][info][gc,heap        ] GC(16) ParOldGen: 12006K(18944K)->17862K(18944K)
[0.353s][info][gc,metaspace   ] GC(16) Metaspace: 6300K(6464K)->6300K(6464K) NonClass: 5766K(5824K)->5766K(5824K) Class: 533K(640K)->533K(640K)
[0.353s][info][gc             ] GC(16) Pause Young (Allocation Failure) 23M->20M(33M) 8.463ms
[0.353s][info][gc,cpu         ] GC(16) User=0.02s Sys=0.00s Real=0.01s
[0.354s][info][gc,start       ] GC(17) Pause Full (Ergonomics)
[0.354s][info][gc,phases,start] GC(17) Marking Phase
[0.364s][info][gc,phases      ] GC(17) Marking Phase 10.563ms
[0.364s][info][gc,phases,start] GC(17) Summary Phase
[0.364s][info][gc,phases      ] GC(17) Summary Phase 0.019ms
[0.364s][info][gc,phases,start] GC(17) Adjust Roots
[0.365s][info][gc,phases      ] GC(17) Adjust Roots 0.279ms
[0.365s][info][gc,phases,start] GC(17) Compaction Phase
[0.372s][info][gc,phases      ] GC(17) Compaction Phase 7.245ms
[0.372s][info][gc,phases,start] GC(17) Post Compact
[0.372s][info][gc,phases      ] GC(17) Post Compact 0.135ms
[0.372s][info][gc,heap        ] GC(17) PSYoungGen: 3200K(15360K)->2146K(16384K) Eden: 0K(8704K)->0K(9728K) From: 3200K(6656K)->2146K(6656K)
[0.372s][info][gc,heap        ] GC(17) ParOldGen: 17862K(18944K)->18786K(28672K)
[0.372s][info][gc,metaspace   ] GC(17) Metaspace: 6300K(6464K)->6300K(6464K) NonClass: 5766K(5824K)->5766K(5824K) Class: 533K(640K)->533K(640K)
[0.372s][info][gc             ] GC(17) Pause Full (Ergonomics) 20M->20M(44M) 18.587ms
[0.372s][info][gc,cpu         ] GC(17) User=0.02s Sys=0.00s Real=0.02s
[0.382s][info][gc,start       ] GC(18) Pause Young (Allocation Failure)
[0.390s][info][gc,heap        ] GC(18) PSYoungGen: 11874K(16384K)->5568K(17408K) Eden: 9728K(9728K)->0K(9728K) From: 2146K(6656K)->5568K(7680K)
[0.390s][info][gc,heap        ] GC(18) ParOldGen: 18786K(28672K)->20970K(28672K)
[0.390s][info][gc,metaspace   ] GC(18) Metaspace: 6300K(6464K)->6300K(6464K) NonClass: 5766K(5824K)->5766K(5824K) Class: 533K(640K)->533K(640K)
[0.390s][info][gc             ] GC(18) Pause Young (Allocation Failure) 29M->25M(45M) 7.746ms
[0.390s][info][gc,cpu         ] GC(18) User=0.02s Sys=0.00s Real=0.01s
[0.397s][info][gc,start       ] GC(19) Pause Young (Allocation Failure)
[0.406s][info][gc,heap        ] GC(19) PSYoungGen: 15296K(17408K)->5056K(21504K) Eden: 9728K(9728K)->0K(13312K) From: 5568K(7680K)->5056K(8192K)
[0.406s][info][gc,heap        ] GC(19) ParOldGen: 20970K(28672K)->26570K(28672K)
[0.406s][info][gc,metaspace   ] GC(19) Metaspace: 6300K(6464K)->6300K(6464K) NonClass: 5766K(5824K)->5766K(5824K) Class: 533K(640K)->533K(640K)
[0.406s][info][gc             ] GC(19) Pause Young (Allocation Failure) 35M->30M(49M) 8.996ms
[0.406s][info][gc,cpu         ] GC(19) User=0.02s Sys=0.00s Real=0.01s
[0.406s][info][gc,start       ] GC(20) Pause Full (Ergonomics)
[0.406s][info][gc,phases,start] GC(20) Marking Phase
[0.421s][info][gc,phases      ] GC(20) Marking Phase 14.894ms
[0.421s][info][gc,phases,start] GC(20) Summary Phase
[0.421s][info][gc,phases      ] GC(20) Summary Phase 0.018ms
[0.421s][info][gc,phases,start] GC(20) Adjust Roots
[0.421s][info][gc,phases      ] GC(20) Adjust Roots 0.198ms
[0.421s][info][gc,phases,start] GC(20) Compaction Phase
[0.434s][info][gc,phases      ] GC(20) Compaction Phase 12.882ms
[0.434s][info][gc,phases,start] GC(20) Post Compact
[0.434s][info][gc,phases      ] GC(20) Post Compact 0.146ms
[0.434s][info][gc,heap        ] GC(20) PSYoungGen: 5056K(21504K)->2471K(21504K) Eden: 0K(13312K)->0K(13312K) From: 5056K(8192K)->2471K(8192K)
[0.434s][info][gc,heap        ] GC(20) ParOldGen: 26570K(28672K)->28497K(40448K)
[0.434s][info][gc,metaspace   ] GC(20) Metaspace: 6300K(6464K)->6300K(6464K) NonClass: 5766K(5824K)->5766K(5824K) Class: 533K(640K)->533K(640K)
[0.434s][info][gc             ] GC(20) Pause Full (Ergonomics) 30M->30M(60M) 28.629ms
[0.434s][info][gc,cpu         ] GC(20) User=0.02s Sys=0.00s Real=0.03s
[0.447s][info][gc,start       ] GC(21) Pause Young (Allocation Failure)
[0.461s][info][gc,heap        ] GC(21) PSYoungGen: 15783K(21504K)->8192K(21504K) Eden: 13312K(13312K)->0K(13312K) From: 2471K(8192K)->8192K(8192K)
[0.461s][info][gc,heap        ] GC(21) ParOldGen: 28497K(40448K)->34193K(40448K)
[0.461s][info][gc,metaspace   ] GC(21) Metaspace: 6300K(6464K)->6300K(6464K) NonClass: 5766K(5824K)->5766K(5824K) Class: 533K(640K)->533K(640K)
[0.461s][info][gc             ] GC(21) Pause Young (Allocation Failure) 43M->41M(60M) 13.242ms
[0.461s][info][gc,cpu         ] GC(21) User=0.00s Sys=0.00s Real=0.01s
[0.461s][info][gc,start       ] GC(22) Pause Full (Ergonomics)
[0.461s][info][gc,phases,start] GC(22) Marking Phase
[0.480s][info][gc,phases      ] GC(22) Marking Phase 18.755ms
[0.480s][info][gc,phases,start] GC(22) Summary Phase
[0.480s][info][gc,phases      ] GC(22) Summary Phase 0.020ms
[0.480s][info][gc,phases,start] GC(22) Adjust Roots
[0.480s][info][gc,phases      ] GC(22) Adjust Roots 0.184ms
[0.480s][info][gc,phases,start] GC(22) Compaction Phase
[0.492s][info][gc,phases      ] GC(22) Compaction Phase 12.293ms
[0.492s][info][gc,phases,start] GC(22) Post Compact
[0.492s][info][gc,phases      ] GC(22) Post Compact 0.211ms
[0.493s][info][gc,heap        ] GC(22) PSYoungGen: 8192K(21504K)->2044K(21504K) Eden: 0K(13312K)->0K(13312K) From: 8192K(8192K)->2044K(8192K)
[0.493s][info][gc,heap        ] GC(22) ParOldGen: 34193K(40448K)->40233K(54784K)
[0.493s][info][gc,metaspace   ] GC(22) Metaspace: 6300K(6464K)->6300K(6464K) NonClass: 5766K(5824K)->5766K(5824K) Class: 533K(640K)->533K(640K)
[0.493s][info][gc             ] GC(22) Pause Full (Ergonomics) 41M->41M(74M) 31.873ms
[0.493s][info][gc,cpu         ] GC(22) User=0.05s Sys=0.00s Real=0.03s
[0.512s][info][gc,start       ] GC(23) Pause Young (Allocation Failure)
[0.527s][info][gc,heap        ] GC(23) PSYoungGen: 15356K(21504K)->11744K(25088K) Eden: 13312K(13312K)->0K(13312K) From: 2044K(8192K)->11744K(11776K)
[0.527s][info][gc,heap        ] GC(23) ParOldGen: 40233K(54784K)->43905K(54784K)
[0.527s][info][gc,metaspace   ] GC(23) Metaspace: 6300K(6464K)->6300K(6464K) NonClass: 5766K(5824K)->5766K(5824K) Class: 533K(640K)->533K(640K)
[0.527s][info][gc             ] GC(23) Pause Young (Allocation Failure) 54M->54M(78M) 14.932ms
[0.527s][info][gc,cpu         ] GC(23) User=0.02s Sys=0.00s Real=0.01s
[0.541s][info][gc,start       ] GC(24) Pause Young (Allocation Failure)
[0.556s][info][gc,heap        ] GC(24) PSYoungGen: 25056K(25088K)->13344K(28160K) Eden: 13312K(13312K)->0K(13312K) From: 11744K(11776K)->13344K(14848K)
[0.556s][info][gc,heap        ] GC(24) ParOldGen: 43905K(54784K)->55793K(55808K)
[0.556s][info][gc,metaspace   ] GC(24) Metaspace: 6300K(6464K)->6300K(6464K) NonClass: 5766K(5824K)->5766K(5824K) Class: 533K(640K)->533K(640K)
[0.556s][info][gc             ] GC(24) Pause Young (Allocation Failure) 67M->67M(82M) 15.299ms
[0.556s][info][gc,cpu         ] GC(24) User=0.02s Sys=0.00s Real=0.01s
[0.557s][info][gc,start       ] GC(25) Pause Full (Ergonomics)
[0.557s][info][gc,phases,start] GC(25) Marking Phase
[0.585s][info][gc,phases      ] GC(25) Marking Phase 28.462ms
[0.585s][info][gc,phases,start] GC(25) Summary Phase
[0.585s][info][gc,phases      ] GC(25) Summary Phase 0.018ms
[0.585s][info][gc,phases,start] GC(25) Adjust Roots
[0.585s][info][gc,phases      ] GC(25) Adjust Roots 0.178ms
[0.585s][info][gc,phases,start] GC(25) Compaction Phase
[0.609s][info][gc,phases      ] GC(25) Compaction Phase 23.280ms
[0.609s][info][gc,phases,start] GC(25) Post Compact
[0.609s][info][gc,phases      ] GC(25) Post Compact 0.242ms
[0.609s][info][gc,heap        ] GC(25) PSYoungGen: 13344K(28160K)->12254K(28160K) Eden: 0K(13312K)->0K(13312K) From: 13344K(14848K)->12254K(14848K)
[0.609s][info][gc,heap        ] GC(25) ParOldGen: 55793K(55808K)->55559K(74752K)
[0.609s][info][gc,metaspace   ] GC(25) Metaspace: 6300K(6464K)->6300K(6464K) NonClass: 5766K(5824K)->5766K(5824K) Class: 533K(640K)->533K(640K)
[0.609s][info][gc             ] GC(25) Pause Full (Ergonomics) 67M->66M(100M) 52.524ms
[0.609s][info][gc,cpu         ] GC(25) User=0.08s Sys=0.00s Real=0.05s
[0.621s][info][gc,start       ] GC(26) Pause Young (Allocation Failure)
[0.642s][info][gc,heap        ] GC(26) PSYoungGen: 25566K(28160K)->16896K(27136K) Eden: 13312K(13312K)->0K(10240K) From: 12254K(14848K)->16896K(16896K)
[0.642s][info][gc,heap        ] GC(26) ParOldGen: 55559K(74752K)->64383K(74752K)
[0.642s][info][gc,metaspace   ] GC(26) Metaspace: 6300K(6464K)->6300K(6464K) NonClass: 5766K(5824K)->5766K(5824K) Class: 533K(640K)->533K(640K)
[0.642s][info][gc             ] GC(26) Pause Young (Allocation Failure) 79M->79M(99M) 20.958ms
[0.642s][info][gc,cpu         ] GC(26) User=0.03s Sys=0.00s Real=0.02s
[0.642s][info][gc,start       ] GC(27) Pause Full (Ergonomics)
[0.642s][info][gc,phases,start] GC(27) Marking Phase
[0.675s][info][gc,phases      ] GC(27) Marking Phase 32.182ms
[0.675s][info][gc,phases,start] GC(27) Summary Phase
[0.675s][info][gc,phases      ] GC(27) Summary Phase 0.019ms
[0.675s][info][gc,phases,start] GC(27) Adjust Roots
[0.675s][info][gc,phases      ] GC(27) Adjust Roots 0.154ms
[0.675s][info][gc,phases,start] GC(27) Compaction Phase
[0.695s][info][gc,phases      ] GC(27) Compaction Phase 20.384ms
[0.695s][info][gc,phases,start] GC(27) Post Compact
[0.696s][info][gc,phases      ] GC(27) Post Compact 0.342ms
[0.696s][info][gc,heap        ] GC(27) PSYoungGen: 16896K(27136K)->6642K(27136K) Eden: 0K(10240K)->0K(10240K) From: 16896K(16896K)->6642K(16896K)
[0.696s][info][gc,heap        ] GC(27) ParOldGen: 64383K(74752K)->74454K(96768K)
[0.696s][info][gc,metaspace   ] GC(27) Metaspace: 6300K(6464K)->6300K(6464K) NonClass: 5766K(5824K)->5766K(5824K) Class: 533K(640K)->533K(640K)
[0.696s][info][gc             ] GC(27) Pause Full (Ergonomics) 79M->79M(121M) 53.513ms
[0.696s][info][gc,cpu         ] GC(27) User=0.08s Sys=0.00s Real=0.05s
[0.705s][info][gc,start       ] GC(28) Pause Young (Allocation Failure)
[0.720s][info][gc,heap        ] GC(28) PSYoungGen: 14408K(27136K)->7680K(33280K) Eden: 7765K(10240K)->0K(10240K) From: 6642K(16896K)->7680K(23040K)
[0.720s][info][gc,heap        ] GC(28) ParOldGen: 74454K(96768K)->81214K(96768K)
[0.720s][info][gc,metaspace   ] GC(28) Metaspace: 6300K(6464K)->6300K(6464K) NonClass: 5766K(5824K)->5766K(5824K) Class: 533K(640K)->533K(640K)
[0.720s][info][gc             ] GC(28) Pause Young (Allocation Failure) 86M->86M(127M) 15.099ms
[0.720s][info][gc,cpu         ] GC(28) User=0.02s Sys=0.00s Real=0.02s
[0.737s][info][gc,start       ] GC(29) Pause Young (Allocation Failure)
[0.747s][info][gc,heap        ] GC(29) PSYoungGen: 17920K(33280K)->17952K(32256K) Eden: 10240K(10240K)->0K(10240K) From: 7680K(23040K)->17952K(22016K)
[0.747s][info][gc,heap        ] GC(29) ParOldGen: 81214K(96768K)->81214K(96768K)
[0.747s][info][gc,metaspace   ] GC(29) Metaspace: 6300K(6464K)->6300K(6464K) NonClass: 5766K(5824K)->5766K(5824K) Class: 533K(640K)->533K(640K)
[0.747s][info][gc             ] GC(29) Pause Young (Allocation Failure) 96M->96M(126M) 9.366ms
[0.747s][info][gc,cpu         ] GC(29) User=0.02s Sys=0.00s Real=0.01s
[0.757s][info][gc,start       ] GC(30) Pause Young (Allocation Failure)
[0.769s][info][gc,heap        ] GC(30) PSYoungGen: 28192K(32256K)->24032K(34304K) Eden: 10240K(10240K)->0K(10240K) From: 17952K(22016K)->24032K(24064K)
[0.769s][info][gc,heap        ] GC(30) ParOldGen: 81214K(96768K)->85366K(96768K)
[0.769s][info][gc,metaspace   ] GC(30) Metaspace: 6300K(6464K)->6300K(6464K) NonClass: 5766K(5824K)->5766K(5824K) Class: 533K(640K)->533K(640K)
[0.769s][info][gc             ] GC(30) Pause Young (Allocation Failure) 106M->106M(128M) 12.267ms
[0.769s][info][gc,cpu         ] GC(30) User=0.02s Sys=0.00s Real=0.01s
[0.781s][info][gc,start       ] GC(31) Pause Young (Allocation Failure)
[0.797s][info][gc,heap        ] GC(31) PSYoungGen: 34272K(34304K)->18240K(41472K) Eden: 10240K(10240K)->0K(11776K) From: 24032K(24064K)->18240K(29696K)
[0.797s][info][gc,heap        ] GC(31) ParOldGen: 85366K(96768K)->101590K(101888K)
[0.797s][info][gc,metaspace   ] GC(31) Metaspace: 6300K(6464K)->6300K(6464K) NonClass: 5766K(5824K)->5766K(5824K) Class: 533K(640K)->533K(640K)
[0.797s][info][gc             ] GC(31) Pause Young (Allocation Failure) 116M->117M(140M) 16.461ms
[0.797s][info][gc,cpu         ] GC(31) User=0.05s Sys=0.00s Real=0.02s
[0.797s][info][gc,start       ] GC(32) Pause Full (Ergonomics)
[0.797s][info][gc,phases,start] GC(32) Marking Phase
[0.829s][info][gc,phases      ] GC(32) Marking Phase 31.594ms
[0.829s][info][gc,phases,start] GC(32) Summary Phase
[0.829s][info][gc,phases      ] GC(32) Summary Phase 0.019ms
[0.829s][info][gc,phases,start] GC(32) Adjust Roots
[0.829s][info][gc,phases      ] GC(32) Adjust Roots 0.149ms
[0.829s][info][gc,phases,start] GC(32) Compaction Phase
[0.858s][info][gc,phases      ] GC(32) Compaction Phase 29.417ms
[0.858s][info][gc,phases,start] GC(32) Post Compact
[0.859s][info][gc,phases      ] GC(32) Post Compact 0.509ms
[0.859s][info][gc,heap        ] GC(32) PSYoungGen: 18240K(41472K)->15618K(41472K) Eden: 0K(11776K)->0K(11776K) From: 18240K(29696K)->15618K(29696K)
[0.859s][info][gc,heap        ] GC(32) ParOldGen: 101590K(101888K)->101699K(129024K)
[0.859s][info][gc,metaspace   ] GC(32) Metaspace: 6300K(6464K)->6300K(6464K) NonClass: 5766K(5824K)->5766K(5824K) Class: 533K(640K)->533K(640K)
[0.859s][info][gc             ] GC(32) Pause Full (Ergonomics) 117M->114M(166M) 62.113ms
[0.859s][info][gc,cpu         ] GC(32) User=0.11s Sys=0.00s Real=0.06s
[0.873s][info][gc,start       ] GC(33) Pause Young (Allocation Failure)
[0.892s][info][gc,heap        ] GC(33) PSYoungGen: 27394K(41472K)->27488K(41984K) Eden: 11776K(11776K)->0K(11776K) From: 15618K(29696K)->27488K(30208K)
[0.892s][info][gc,heap        ] GC(33) ParOldGen: 101699K(129024K)->101699K(129024K)
[0.892s][info][gc,metaspace   ] GC(33) Metaspace: 6300K(6464K)->6300K(6464K) NonClass: 5766K(5824K)->5766K(5824K) Class: 533K(640K)->533K(640K)
[0.892s][info][gc             ] GC(33) Pause Young (Allocation Failure) 126M->126M(167M) 19.452ms
[0.892s][info][gc,cpu         ] GC(33) User=0.05s Sys=0.00s Real=0.02s
[0.904s][info][gc,start       ] GC(34) Pause Young (Allocation Failure)
[0.926s][info][gc,heap        ] GC(34) PSYoungGen: 39264K(41984K)->34304K(40960K) Eden: 11776K(11776K)->0K(6656K) From: 27488K(30208K)->34304K(34304K)
[0.926s][info][gc,heap        ] GC(34) ParOldGen: 101699K(129024K)->106667K(129024K)
[0.926s][info][gc,metaspace   ] GC(34) Metaspace: 6300K(6464K)->6300K(6464K) NonClass: 5766K(5824K)->5766K(5824K) Class: 533K(640K)->533K(640K)
[0.926s][info][gc             ] GC(34) Pause Young (Allocation Failure) 137M->137M(166M) 21.243ms
[0.926s][info][gc,cpu         ] GC(34) User=0.06s Sys=0.00s Real=0.02s
[0.933s][info][gc,start       ] GC(35) Pause Young (Allocation Failure)
[0.954s][info][gc,heap        ] GC(35) PSYoungGen: 40960K(40960K)->27840K(48640K) Eden: 6656K(6656K)->0K(6656K) From: 34304K(34304K)->27840K(41984K)
[0.954s][info][gc,heap        ] GC(35) ParOldGen: 106667K(129024K)->119979K(129024K)
[0.954s][info][gc,metaspace   ] GC(35) Metaspace: 6300K(6464K)->6300K(6464K) NonClass: 5766K(5824K)->5766K(5824K) Class: 533K(640K)->533K(640K)
[0.954s][info][gc             ] GC(35) Pause Young (Allocation Failure) 144M->144M(173M) 21.177ms
[0.954s][info][gc,cpu         ] GC(35) User=0.03s Sys=0.02s Real=0.02s
[0.954s][info][gc,start       ] GC(36) Pause Full (Ergonomics)
[0.954s][info][gc,phases,start] GC(36) Marking Phase
[0.995s][info][gc,phases      ] GC(36) Marking Phase 40.154ms
[0.995s][info][gc,phases,start] GC(36) Summary Phase
[0.995s][info][gc,phases      ] GC(36) Summary Phase 0.022ms
[0.995s][info][gc,phases,start] GC(36) Adjust Roots
[0.995s][info][gc,phases      ] GC(36) Adjust Roots 0.164ms
[0.995s][info][gc,phases,start] GC(36) Compaction Phase
[1.018s][info][gc,phases      ] GC(36) Compaction Phase 22.759ms
[1.018s][info][gc,phases,start] GC(36) Post Compact
[1.018s][info][gc,phases      ] GC(36) Post Compact 0.648ms
[1.019s][info][gc,heap        ] GC(36) PSYoungGen: 27840K(48640K)->18565K(48640K) Eden: 0K(6656K)->0K(6656K) From: 27840K(41984K)->18565K(41984K)
[1.019s][info][gc,heap        ] GC(36) ParOldGen: 119979K(129024K)->128865K(158720K)
[1.019s][info][gc,metaspace   ] GC(36) Metaspace: 6300K(6464K)->6300K(6464K) NonClass: 5766K(5824K)->5766K(5824K) Class: 533K(640K)->533K(640K)
[1.019s][info][gc             ] GC(36) Pause Full (Ergonomics) 144M->143M(202M) 64.216ms
[1.019s][info][gc,cpu         ] GC(36) User=0.19s Sys=0.00s Real=0.07s
[1.026s][info][gc,start       ] GC(37) Pause Young (Allocation Failure)
[1.046s][info][gc,heap        ] GC(37) PSYoungGen: 25221K(48640K)->11360K(48640K) Eden: 6656K(6656K)->0K(8192K) From: 18565K(41984K)->11360K(40448K)
[1.046s][info][gc,heap        ] GC(37) ParOldGen: 128865K(158720K)->143017K(158720K)
[1.046s][info][gc,metaspace   ] GC(37) Metaspace: 6300K(6464K)->6300K(6464K) NonClass: 5766K(5824K)->5766K(5824K) Class: 533K(640K)->533K(640K)
[1.046s][info][gc             ] GC(37) Pause Young (Allocation Failure) 150M->150M(202M) 20.346ms
[1.046s][info][gc,cpu         ] GC(37) User=0.06s Sys=0.00s Real=0.02s
[1.046s][info][gc,start       ] GC(38) Pause Full (Ergonomics)
[1.046s][info][gc,phases,start] GC(38) Marking Phase
[1.088s][info][gc,phases      ] GC(38) Marking Phase 41.669ms
[1.088s][info][gc,phases,start] GC(38) Summary Phase
[1.088s][info][gc,phases      ] GC(38) Summary Phase 0.018ms
[1.088s][info][gc,phases,start] GC(38) Adjust Roots
[1.088s][info][gc,phases      ] GC(38) Adjust Roots 0.158ms
[1.088s][info][gc,phases,start] GC(38) Compaction Phase
[1.107s][info][gc,phases      ] GC(38) Compaction Phase 18.485ms
[1.107s][info][gc,phases,start] GC(38) Post Compact
[1.108s][info][gc,phases      ] GC(38) Post Compact 0.750ms
[1.108s][info][gc,heap        ] GC(38) PSYoungGen: 11360K(48640K)->0K(50176K) Eden: 0K(8192K)->0K(8192K) From: 11360K(40448K)->0K(41984K)
[1.108s][info][gc,heap        ] GC(38) ParOldGen: 143017K(158720K)->154056K(188416K)
[1.108s][info][gc,metaspace   ] GC(38) Metaspace: 6300K(6464K)->6300K(6464K) NonClass: 5766K(5824K)->5766K(5824K) Class: 533K(640K)->533K(640K)
[1.108s][info][gc             ] GC(38) Pause Full (Ergonomics) 150M->150M(233M) 61.525ms
[1.108s][info][gc,cpu         ] GC(38) User=0.17s Sys=0.00s Real=0.06s
[1.116s][info][gc,start       ] GC(39) Pause Young (Allocation Failure)
[1.121s][info][gc,heap        ] GC(39) PSYoungGen: 8192K(50176K)->8256K(49664K) Eden: 8192K(8192K)->0K(9728K) From: 0K(41984K)->8256K(39936K)
[1.121s][info][gc,heap        ] GC(39) ParOldGen: 154056K(188416K)->154056K(188416K)
[1.121s][info][gc,metaspace   ] GC(39) Metaspace: 6300K(6464K)->6300K(6464K) NonClass: 5766K(5824K)->5766K(5824K) Class: 533K(640K)->533K(640K)
[1.121s][info][gc             ] GC(39) Pause Young (Allocation Failure) 158M->158M(232M) 4.983ms
[1.121s][info][gc,cpu         ] GC(39) User=0.02s Sys=0.00s Real=0.01s
[1.132s][info][gc,start       ] GC(40) Pause Young (Allocation Failure)
[1.141s][info][gc,heap        ] GC(40) PSYoungGen: 17984K(49664K)->18016K(50688K) Eden: 9728K(9728K)->0K(9728K) From: 8256K(39936K)->18016K(40960K)
[1.141s][info][gc,heap        ] GC(40) ParOldGen: 154056K(188416K)->154056K(188416K)
[1.141s][info][gc,metaspace   ] GC(40) Metaspace: 6300K(6464K)->6300K(6464K) NonClass: 5766K(5824K)->5766K(5824K) Class: 533K(640K)->533K(640K)
[1.141s][info][gc             ] GC(40) Pause Young (Allocation Failure) 168M->168M(233M) 9.405ms
[1.141s][info][gc,cpu         ] GC(40) User=0.02s Sys=0.00s Real=0.01s
[1.173s][info][gc,start       ] GC(41) Pause Young (Allocation Failure)
[1.191s][info][gc,heap        ] GC(41) PSYoungGen: 27744K(50688K)->27680K(48640K) Eden: 9728K(9728K)->0K(9216K) From: 18016K(40960K)->27680K(39424K)
[1.191s][info][gc,heap        ] GC(41) ParOldGen: 162248K(188416K)->162248K(188416K)
[1.191s][info][gc,metaspace   ] GC(41) Metaspace: 6300K(6464K)->6300K(6464K) NonClass: 5766K(5824K)->5766K(5824K) Class: 533K(640K)->533K(640K)
[1.191s][info][gc             ] GC(41) Pause Young (Allocation Failure) 185M->185M(231M) 17.286ms
[1.191s][info][gc,cpu         ] GC(41) User=0.06s Sys=0.00s Real=0.02s
[1.199s][info][gc,start       ] GC(42) Pause Young (Allocation Failure)
[1.216s][info][gc,heap        ] GC(42) PSYoungGen: 36896K(48640K)->36896K(50688K) Eden: 9216K(9216K)->0K(9216K) From: 27680K(39424K)->36896K(41472K)
[1.216s][info][gc,heap        ] GC(42) ParOldGen: 162248K(188416K)->162248K(188416K)
[1.216s][info][gc,metaspace   ] GC(42) Metaspace: 6300K(6464K)->6300K(6464K) NonClass: 5766K(5824K)->5766K(5824K) Class: 533K(640K)->533K(640K)
[1.216s][info][gc             ] GC(42) Pause Young (Allocation Failure) 194M->194M(233M) 16.430ms
[1.216s][info][gc,cpu         ] GC(42) User=0.08s Sys=0.00s Real=0.02s
[1.225s][info][gc,start       ] GC(43) Pause Young (Allocation Failure)
[1.247s][info][gc,heap        ] GC(43) PSYoungGen: 46112K(50688K)->46080K(49664K) Eden: 9216K(9216K)->0K(3584K) From: 36896K(41472K)->46080K(46080K)
[1.247s][info][gc,heap        ] GC(43) ParOldGen: 162248K(188416K)->162256K(188416K)
[1.247s][info][gc,metaspace   ] GC(43) Metaspace: 6300K(6464K)->6300K(6464K) NonClass: 5766K(5824K)->5766K(5824K) Class: 533K(640K)->533K(640K)
[1.247s][info][gc             ] GC(43) Pause Young (Allocation Failure) 203M->203M(232M) 22.714ms
[1.247s][info][gc,cpu         ] GC(43) User=0.08s Sys=0.00s Real=0.02s
[1.251s][info][gc,start       ] GC(44) Pause Young (Allocation Failure)
[1.274s][info][gc,heap        ] GC(44) PSYoungGen: 49664K(49664K)->41472K(56832K) Eden: 3584K(3584K)->0K(3584K) From: 46080K(46080K)->41472K(53248K)
[1.274s][info][gc,heap        ] GC(44) ParOldGen: 162256K(188416K)->170568K(188416K)
[1.274s][info][gc,metaspace   ] GC(44) Metaspace: 6300K(6464K)->6300K(6464K) NonClass: 5766K(5824K)->5766K(5824K) Class: 533K(640K)->533K(640K)
[1.274s][info][gc             ] GC(44) Pause Young (Allocation Failure) 206M->207M(239M) 23.240ms
[1.274s][info][gc,cpu         ] GC(44) User=0.09s Sys=0.00s Real=0.02s
[1.278s][info][gc,start       ] GC(45) Pause Young (Allocation Failure)
[1.301s][info][gc,heap        ] GC(45) PSYoungGen: 45056K(56832K)->25600K(56320K) Eden: 3584K(3584K)->0K(4608K) From: 41472K(53248K)->25600K(51712K)
[1.301s][info][gc,heap        ] GC(45) ParOldGen: 170568K(188416K)->190272K(190464K)
[1.301s][info][gc,metaspace   ] GC(45) Metaspace: 6300K(6464K)->6300K(6464K) NonClass: 5766K(5824K)->5766K(5824K) Class: 533K(640K)->533K(640K)
[1.301s][info][gc             ] GC(45) Pause Young (Allocation Failure) 210M->210M(241M) 22.396ms
[1.301s][info][gc,cpu         ] GC(45) User=0.05s Sys=0.00s Real=0.02s
[1.301s][info][gc,start       ] GC(46) Pause Full (Ergonomics)
[1.301s][info][gc,phases,start] GC(46) Marking Phase
[1.356s][info][gc,phases      ] GC(46) Marking Phase 55.126ms
[1.356s][info][gc,phases,start] GC(46) Summary Phase
[1.356s][info][gc,phases      ] GC(46) Summary Phase 0.020ms
[1.356s][info][gc,phases,start] GC(46) Adjust Roots
[1.356s][info][gc,phases      ] GC(46) Adjust Roots 0.171ms
[1.356s][info][gc,phases,start] GC(46) Compaction Phase
[1.408s][info][gc,phases      ] GC(46) Compaction Phase 51.674ms
[1.408s][info][gc,phases,start] GC(46) Post Compact
[1.409s][info][gc,phases      ] GC(46) Post Compact 1.045ms
[1.409s][info][gc,heap        ] GC(46) PSYoungGen: 25600K(56320K)->20875K(57344K) Eden: 0K(4608K)->0K(5632K) From: 25600K(51712K)->20875K(51712K)
[1.409s][info][gc,heap        ] GC(46) ParOldGen: 190272K(190464K)->190307K(229376K)
[1.409s][info][gc,metaspace   ] GC(46) Metaspace: 6300K(6464K)->6300K(6464K) NonClass: 5766K(5824K)->5766K(5824K) Class: 533K(640K)->533K(640K)
[1.409s][info][gc             ] GC(46) Pause Full (Ergonomics) 210M->206M(280M) 108.526ms
[1.409s][info][gc,cpu         ] GC(46) User=0.30s Sys=0.00s Real=0.11s
[1.416s][info][gc,start       ] GC(47) Pause Young (Allocation Failure)
[1.438s][info][gc,heap        ] GC(47) PSYoungGen: 26507K(57344K)->11392K(60416K) Eden: 5632K(5632K)->0K(5632K) From: 20875K(51712K)->11392K(54784K)
[1.438s][info][gc,heap        ] GC(47) ParOldGen: 190307K(229376K)->205755K(229376K)
[1.438s][info][gc,metaspace   ] GC(47) Metaspace: 6300K(6464K)->6300K(6464K) NonClass: 5766K(5824K)->5766K(5824K) Class: 533K(640K)->533K(640K)
[1.438s][info][gc             ] GC(47) Pause Young (Allocation Failure) 211M->212M(283M) 21.908ms
[1.438s][info][gc,cpu         ] GC(47) User=0.05s Sys=0.00s Real=0.02s
[1.445s][info][gc,start       ] GC(48) Pause Young (Allocation Failure)
[1.454s][info][gc,heap        ] GC(48) PSYoungGen: 17024K(60416K)->11328K(58368K) Eden: 5632K(5632K)->0K(6656K) From: 11392K(54784K)->11328K(51712K)
[1.454s][info][gc,heap        ] GC(48) ParOldGen: 205755K(229376K)->211539K(229376K)
[1.454s][info][gc,metaspace   ] GC(48) Metaspace: 6300K(6464K)->6300K(6464K) NonClass: 5766K(5824K)->5766K(5824K) Class: 533K(640K)->533K(640K)
[1.454s][info][gc             ] GC(48) Pause Young (Allocation Failure) 217M->217M(281M) 9.522ms
[1.454s][info][gc,cpu         ] GC(48) User=0.00s Sys=0.00s Real=0.01s
[1.454s][info][gc,start       ] GC(49) Pause Full (Ergonomics)
[1.454s][info][gc,phases,start] GC(49) Marking Phase
[1.510s][info][gc,phases      ] GC(49) Marking Phase 56.038ms
[1.510s][info][gc,phases,start] GC(49) Summary Phase
[1.510s][info][gc,phases      ] GC(49) Summary Phase 0.019ms
[1.510s][info][gc,phases,start] GC(49) Adjust Roots
[1.510s][info][gc,phases      ] GC(49) Adjust Roots 0.150ms
[1.510s][info][gc,phases,start] GC(49) Compaction Phase
[1.534s][info][gc,phases      ] GC(49) Compaction Phase 23.504ms
[1.534s][info][gc,phases,start] GC(49) Post Compact
[1.535s][info][gc,phases      ] GC(49) Post Compact 0.885ms
[1.535s][info][gc,heap        ] GC(49) PSYoungGen: 11328K(58368K)->0K(59392K) Eden: 0K(6656K)->0K(6656K) From: 11328K(51712K)->0K(52736K)
[1.535s][info][gc,heap        ] GC(49) ParOldGen: 211539K(229376K)->222388K(264704K)
[1.535s][info][gc,metaspace   ] GC(49) Metaspace: 6300K(6464K)->6300K(6464K) NonClass: 5766K(5824K)->5766K(5824K) Class: 533K(640K)->533K(640K)
[1.535s][info][gc             ] GC(49) Pause Full (Ergonomics) 217M->217M(316M) 81.056ms
[1.535s][info][gc,cpu         ] GC(49) User=0.28s Sys=0.00s Real=0.08s
[1.543s][info][gc,start       ] GC(50) Pause Young (Allocation Failure)
[1.547s][info][gc,heap        ] GC(50) PSYoungGen: 6656K(59392K)->6752K(58880K) Eden: 6656K(6656K)->0K(7680K) From: 0K(52736K)->6752K(51200K)
[1.547s][info][gc,heap        ] GC(50) ParOldGen: 222388K(264704K)->222388K(264704K)
[1.547s][info][gc,metaspace   ] GC(50) Metaspace: 6300K(6464K)->6300K(6464K) NonClass: 5766K(5824K)->5766K(5824K) Class: 533K(640K)->533K(640K)
[1.548s][info][gc             ] GC(50) Pause Young (Allocation Failure) 223M->223M(316M) 4.966ms
[1.548s][info][gc,cpu         ] GC(50) User=0.00s Sys=0.00s Real=0.00s
[1.557s][info][gc,start       ] GC(51) Pause Young (Allocation Failure)
[1.564s][info][gc,heap        ] GC(51) PSYoungGen: 14432K(58880K)->14432K(22528K) Eden: 7680K(7680K)->0K(7680K) From: 6752K(51200K)->14432K(14848K)
[1.564s][info][gc,heap        ] GC(51) ParOldGen: 222388K(264704K)->222388K(264704K)
[1.564s][info][gc,metaspace   ] GC(51) Metaspace: 6300K(6464K)->6300K(6464K) NonClass: 5766K(5824K)->5766K(5824K) Class: 533K(640K)->533K(640K)
[1.564s][info][gc             ] GC(51) Pause Young (Allocation Failure) 231M->231M(280M) 7.889ms
[1.564s][info][gc,cpu         ] GC(51) User=0.00s Sys=0.00s Real=0.01s
[1.574s][info][gc,start       ] GC(52) Pause Young (Allocation Failure)
[1.586s][info][gc,heap        ] GC(52) PSYoungGen: 22112K(22528K)->22080K(54784K) Eden: 7680K(7680K)->0K(8704K) From: 14432K(14848K)->22080K(46080K)
[1.586s][info][gc,heap        ] GC(52) ParOldGen: 222388K(264704K)->222388K(264704K)
[1.586s][info][gc,metaspace   ] GC(52) Metaspace: 6300K(6464K)->6300K(6464K) NonClass: 5766K(5824K)->5766K(5824K) Class: 533K(640K)->533K(640K)
[1.586s][info][gc             ] GC(52) Pause Young (Allocation Failure) 238M->238M(312M) 11.643ms
[1.586s][info][gc,cpu         ] GC(52) User=0.00s Sys=0.00s Real=0.01s
[1.596s][info][gc,start       ] GC(53) Pause Young (Allocation Failure)
[1.611s][info][gc,heap        ] GC(53) PSYoungGen: 30784K(54784K)->30784K(56832K) Eden: 8704K(8704K)->0K(8704K) From: 22080K(46080K)->30784K(48128K)
[1.611s][info][gc,heap        ] GC(53) ParOldGen: 222388K(264704K)->222388K(264704K)
[1.611s][info][gc,metaspace   ] GC(53) Metaspace: 6300K(6464K)->6300K(6464K) NonClass: 5766K(5824K)->5766K(5824K) Class: 533K(640K)->533K(640K)
[1.611s][info][gc             ] GC(53) Pause Young (Allocation Failure) 247M->247M(314M) 15.298ms
[1.611s][info][gc,cpu         ] GC(53) User=0.02s Sys=0.00s Real=0.02s
[1.622s][info][gc,start       ] GC(54) Pause Young (Allocation Failure)
[1.641s][info][gc,heap        ] GC(54) PSYoungGen: 39488K(56832K)->32800K(57856K) Eden: 8704K(8704K)->0K(8704K) From: 30784K(48128K)->32800K(49152K)
[1.641s][info][gc,heap        ] GC(54) ParOldGen: 222388K(264704K)->229132K(264704K)
[1.641s][info][gc,metaspace   ] GC(54) Metaspace: 6300K(6464K)->6300K(6464K) NonClass: 5766K(5824K)->5766K(5824K) Class: 533K(640K)->533K(640K)
[1.641s][info][gc             ] GC(54) Pause Young (Allocation Failure) 255M->255M(315M) 18.663ms
[1.641s][info][gc,cpu         ] GC(54) User=0.08s Sys=0.00s Real=0.02s
[1.652s][info][gc,start       ] GC(55) Pause Young (Allocation Failure)
[1.672s][info][gc,heap        ] GC(55) PSYoungGen: 41504K(57856K)->33888K(59392K) Eden: 8704K(8704K)->0K(8704K) From: 32800K(49152K)->33888K(50688K)
[1.672s][info][gc,heap        ] GC(55) ParOldGen: 229132K(264704K)->236924K(264704K)
[1.672s][info][gc,metaspace   ] GC(55) Metaspace: 6300K(6464K)->6300K(6464K) NonClass: 5766K(5824K)->5766K(5824K) Class: 533K(640K)->533K(640K)
[1.672s][info][gc             ] GC(55) Pause Young (Allocation Failure) 264M->264M(316M) 20.475ms
[1.672s][info][gc,cpu         ] GC(55) User=0.08s Sys=0.00s Real=0.02s
[1.683s][info][gc,start       ] GC(56) Pause Young (Allocation Failure)
[1.703s][info][gc,heap        ] GC(56) PSYoungGen: 42592K(59392K)->34912K(60928K) Eden: 8704K(8704K)->0K(8704K) From: 33888K(50688K)->34912K(52224K)
[1.703s][info][gc,heap        ] GC(56) ParOldGen: 236924K(264704K)->244700K(264704K)
[1.703s][info][gc,metaspace   ] GC(56) Metaspace: 6300K(6464K)->6300K(6464K) NonClass: 5766K(5824K)->5766K(5824K) Class: 533K(640K)->533K(640K)
[1.703s][info][gc             ] GC(56) Pause Young (Allocation Failure) 272M->273M(318M) 20.377ms
[1.703s][info][gc,cpu         ] GC(56) User=0.08s Sys=0.02s Real=0.02s
[1.714s][info][gc,start       ] GC(57) Pause Young (Allocation Failure)
[1.736s][info][gc,heap        ] GC(57) PSYoungGen: 43616K(60928K)->26176K(35328K) Eden: 8704K(8704K)->0K(8704K) From: 34912K(52224K)->26176K(26624K)
[1.736s][info][gc,heap        ] GC(57) ParOldGen: 244700K(264704K)->262332K(264704K)
[1.736s][info][gc,metaspace   ] GC(57) Metaspace: 6300K(6464K)->6300K(6464K) NonClass: 5766K(5824K)->5766K(5824K) Class: 533K(640K)->533K(640K)
[1.736s][info][gc             ] GC(57) Pause Young (Allocation Failure) 281M->281M(293M) 22.286ms
[1.736s][info][gc,cpu         ] GC(57) User=0.08s Sys=0.00s Real=0.02s
[1.736s][info][gc,start       ] GC(58) Pause Full (Ergonomics)
[1.736s][info][gc,phases,start] GC(58) Marking Phase
[1.805s][info][gc,phases      ] GC(58) Marking Phase 68.862ms
[1.805s][info][gc,phases,start] GC(58) Summary Phase
[1.805s][info][gc,phases      ] GC(58) Summary Phase 0.021ms
[1.805s][info][gc,phases,start] GC(58) Adjust Roots
[1.805s][info][gc,phases      ] GC(58) Adjust Roots 0.171ms
[1.805s][info][gc,phases,start] GC(58) Compaction Phase
[1.838s][info][gc,phases      ] GC(58) Compaction Phase 32.202ms
[1.838s][info][gc,phases,start] GC(58) Post Compact
[1.839s][info][gc,phases      ] GC(58) Post Compact 1.400ms
[1.839s][info][gc,heap        ] GC(58) PSYoungGen: 26176K(35328K)->23469K(35328K) Eden: 0K(8704K)->0K(8704K) From: 26176K(26624K)->23469K(26624K)
[1.839s][info][gc,heap        ] GC(58) ParOldGen: 262332K(264704K)->264205K(309248K)
[1.839s][info][gc,metaspace   ] GC(58) Metaspace: 6300K(6464K)->6300K(6464K) NonClass: 5766K(5824K)->5766K(5824K) Class: 533K(640K)->533K(640K)
[1.839s][info][gc             ] GC(58) Pause Full (Ergonomics) 281M->280M(336M) 103.176ms
[1.839s][info][gc,cpu         ] GC(58) User=0.48s Sys=0.02s Real=0.10s
[1.849s][info][gc,start       ] GC(59) Pause Young (Allocation Failure)
[1.874s][info][gc,heap        ] GC(59) PSYoungGen: 32173K(35328K)->16672K(58880K) Eden: 8704K(8704K)->0K(10240K) From: 23469K(26624K)->16672K(48640K)
[1.874s][info][gc,heap        ] GC(59) ParOldGen: 264205K(309248K)->280085K(309248K)
[1.874s][info][gc,metaspace   ] GC(59) Metaspace: 6300K(6464K)->6300K(6464K) NonClass: 5766K(5824K)->5766K(5824K) Class: 533K(640K)->533K(640K)
[1.874s][info][gc             ] GC(59) Pause Young (Allocation Failure) 289M->289M(359M) 24.827ms
[1.874s][info][gc,cpu         ] GC(59) User=0.14s Sys=0.00s Real=0.03s
[1.885s][info][gc,start       ] GC(60) Pause Young (Allocation Failure)
[1.900s][info][gc,heap        ] GC(60) PSYoungGen: 26912K(58880K)->19040K(60416K) Eden: 10240K(10240K)->0K(10240K) From: 16672K(48640K)->19040K(50176K)
[1.900s][info][gc,heap        ] GC(60) ParOldGen: 280085K(309248K)->288069K(309248K)
[1.900s][info][gc,metaspace   ] GC(60) Metaspace: 6300K(6464K)->6300K(6464K) NonClass: 5766K(5824K)->5766K(5824K) Class: 533K(640K)->533K(640K)
[1.900s][info][gc             ] GC(60) Pause Young (Allocation Failure) 299M->299M(361M) 14.499ms
[1.900s][info][gc,cpu         ] GC(60) User=0.02s Sys=0.00s Real=0.01s
[1.900s][info][gc,start       ] GC(61) Pause Full (Ergonomics)
[1.900s][info][gc,phases,start] GC(61) Marking Phase
[1.966s][info][gc,phases      ] GC(61) Marking Phase 66.306ms
[1.966s][info][gc,phases,start] GC(61) Summary Phase
[1.966s][info][gc,phases      ] GC(61) Summary Phase 0.023ms
[1.966s][info][gc,phases,start] GC(61) Adjust Roots
[1.966s][info][gc,phases      ] GC(61) Adjust Roots 0.182ms
[1.966s][info][gc,phases,start] GC(61) Compaction Phase
[1.995s][info][gc,phases      ] GC(61) Compaction Phase 28.256ms
[1.995s][info][gc,phases,start] GC(61) Post Compact
[1.996s][info][gc,phases      ] GC(61) Post Compact 1.437ms
[1.996s][info][gc,heap        ] GC(61) PSYoungGen: 19040K(60416K)->0K(60416K) Eden: 0K(10240K)->0K(11776K) From: 19040K(50176K)->0K(48640K)
[1.996s][info][gc,heap        ] GC(61) ParOldGen: 288069K(309248K)->306559K(355328K)
[1.996s][info][gc,metaspace   ] GC(61) Metaspace: 6300K(6464K)->6300K(6464K) NonClass: 5766K(5824K)->5766K(5824K) Class: 533K(640K)->533K(640K)
[1.997s][info][gc             ] GC(61) Pause Full (Ergonomics) 299M->299M(406M) 96.755ms
[1.997s][info][gc,cpu         ] GC(61) User=0.59s Sys=0.03s Real=0.10s
[2.011s][info][gc,start       ] GC(62) Pause Young (Allocation Failure)
[2.018s][info][gc,heap        ] GC(62) PSYoungGen: 11776K(60416K)->11840K(60416K) Eden: 11776K(11776K)->0K(11776K) From: 0K(48640K)->11840K(48640K)
[2.018s][info][gc,heap        ] GC(62) ParOldGen: 306559K(355328K)->306559K(355328K)
[2.018s][info][gc,metaspace   ] GC(62) Metaspace: 6300K(6464K)->6300K(6464K) NonClass: 5766K(5824K)->5766K(5824K) Class: 533K(640K)->533K(640K)
[2.018s][info][gc             ] GC(62) Pause Young (Allocation Failure) 310M->310M(406M) 7.400ms
[2.018s][info][gc,cpu         ] GC(62) User=0.00s Sys=0.00s Real=0.01s
[2.031s][info][gc,start       ] GC(63) Pause Young (Allocation Failure)
[2.044s][info][gc,heap        ] GC(63) PSYoungGen: 23616K(60416K)->23648K(57856K) Eden: 11776K(11776K)->0K(13312K) From: 11840K(48640K)->23648K(44544K)
[2.044s][info][gc,heap        ] GC(63) ParOldGen: 306559K(355328K)->306559K(355328K)
[2.044s][info][gc,metaspace   ] GC(63) Metaspace: 6300K(6464K)->6300K(6464K) NonClass: 5766K(5824K)->5766K(5824K) Class: 533K(640K)->533K(640K)
[2.044s][info][gc             ] GC(63) Pause Young (Allocation Failure) 322M->322M(403M) 12.678ms
[2.044s][info][gc,cpu         ] GC(63) User=0.02s Sys=0.00s Real=0.01s
[2.059s][info][gc,start       ] GC(64) Pause Young (Allocation Failure)
[2.078s][info][gc,heap        ] GC(64) PSYoungGen: 36960K(57856K)->36928K(59392K) Eden: 13312K(13312K)->0K(13312K) From: 23648K(44544K)->36928K(46080K)
[2.078s][info][gc,heap        ] GC(64) ParOldGen: 306559K(355328K)->306559K(355328K)
[2.078s][info][gc,metaspace   ] GC(64) Metaspace: 6300K(6464K)->6300K(6464K) NonClass: 5766K(5824K)->5766K(5824K) Class: 533K(640K)->533K(640K)
[2.078s][info][gc             ] GC(64) Pause Young (Allocation Failure) 335M->335M(405M) 18.935ms
[2.078s][info][gc,cpu         ] GC(64) User=0.12s Sys=0.00s Real=0.02s
[2.164s][info][gc,start       ] GC(65) Pause Young (Allocation Failure)
[2.197s][info][gc,heap        ] GC(65) PSYoungGen: 50240K(59392K)->49152K(56832K) Eden: 13312K(13312K)->0K(7680K) From: 36928K(46080K)->49152K(49152K)
[2.197s][info][gc,heap        ] GC(65) ParOldGen: 322943K(355328K)->323991K(355328K)
[2.197s][info][gc,metaspace   ] GC(65) Metaspace: 6300K(6464K)->6300K(6464K) NonClass: 5766K(5824K)->5766K(5824K) Class: 533K(640K)->533K(640K)
[2.197s][info][gc             ] GC(65) Pause Young (Allocation Failure) 364M->364M(402M) 32.864ms
[2.197s][info][gc,cpu         ] GC(65) User=0.23s Sys=0.02s Real=0.03s
[2.205s][info][gc,start       ] GC(66) Pause Young (Allocation Failure)
[2.230s][info][gc,heap        ] GC(66) PSYoungGen: 56832K(56832K)->45568K(64000K) Eden: 7680K(7680K)->0K(7680K) From: 49152K(49152K)->45568K(56320K)
[2.230s][info][gc,heap        ] GC(66) ParOldGen: 323991K(355328K)->335591K(355328K)
[2.230s][info][gc,metaspace   ] GC(66) Metaspace: 6300K(6464K)->6300K(6464K) NonClass: 5766K(5824K)->5766K(5824K) Class: 533K(640K)->533K(640K)
[2.230s][info][gc             ] GC(66) Pause Young (Allocation Failure) 371M->372M(409M) 25.745ms
[2.230s][info][gc,cpu         ] GC(66) User=0.14s Sys=0.00s Real=0.03s
[2.230s][info][gc,start       ] GC(67) Pause Full (Ergonomics)
[2.230s][info][gc,phases,start] GC(67) Marking Phase
[2.312s][info][gc,phases      ] GC(67) Marking Phase 82.141ms
[2.313s][info][gc,phases,start] GC(67) Summary Phase
[2.313s][info][gc,phases      ] GC(67) Summary Phase 0.019ms
[2.313s][info][gc,phases,start] GC(67) Adjust Roots
[2.313s][info][gc,phases      ] GC(67) Adjust Roots 0.148ms
[2.313s][info][gc,phases,start] GC(67) Compaction Phase
[2.380s][info][gc,phases      ] GC(67) Compaction Phase 67.100ms
[2.380s][info][gc,phases,start] GC(67) Post Compact
[2.382s][info][gc,phases      ] GC(67) Post Compact 2.078ms
[2.382s][info][gc,heap        ] GC(67) PSYoungGen: 45568K(64000K)->17202K(64000K) Eden: 0K(7680K)->0K(7680K) From: 45568K(56320K)->17202K(56320K)
[2.382s][info][gc,heap        ] GC(67) ParOldGen: 335591K(355328K)->355247K(405504K)
[2.382s][info][gc,metaspace   ] GC(67) Metaspace: 6300K(6464K)->6300K(6464K) NonClass: 5766K(5824K)->5766K(5824K) Class: 533K(640K)->533K(640K)
[2.382s][info][gc             ] GC(67) Pause Full (Ergonomics) 372M->363M(458M) 151.991ms
[2.382s][info][gc,cpu         ] GC(67) User=0.86s Sys=0.00s Real=0.15s
[2.392s][info][gc,start       ] GC(68) Pause Young (Allocation Failure)
[2.422s][info][gc,heap        ] GC(68) PSYoungGen: 24882K(64000K)->20192K(64512K) Eden: 7680K(7680K)->0K(8704K) From: 17202K(56320K)->20192K(55808K)
[2.422s][info][gc,heap        ] GC(68) ParOldGen: 355247K(405504K)->360119K(405504K)
[2.422s][info][gc,metaspace   ] GC(68) Metaspace: 6300K(6464K)->6300K(6464K) NonClass: 5766K(5824K)->5766K(5824K) Class: 533K(640K)->533K(640K)
[2.423s][info][gc             ] GC(68) Pause Young (Allocation Failure) 371M->371M(459M) 30.967ms
[2.423s][info][gc,cpu         ] GC(68) User=0.05s Sys=0.00s Real=0.03s
[2.435s][info][gc,start       ] GC(69) Pause Young (Allocation Failure)
[2.450s][info][gc,heap        ] GC(69) PSYoungGen: 28896K(64512K)->28896K(37888K) Eden: 8704K(8704K)->0K(8704K) From: 20192K(55808K)->28896K(29184K)
[2.450s][info][gc,heap        ] GC(69) ParOldGen: 360119K(405504K)->360119K(405504K)
[2.450s][info][gc,metaspace   ] GC(69) Metaspace: 6300K(6464K)->6300K(6464K) NonClass: 5766K(5824K)->5766K(5824K) Class: 533K(640K)->533K(640K)
[2.450s][info][gc             ] GC(69) Pause Young (Allocation Failure) 379M->379M(433M) 15.792ms
[2.450s][info][gc,cpu         ] GC(69) User=0.02s Sys=0.00s Real=0.02s
[2.461s][info][gc,start       ] GC(70) Pause Young (Allocation Failure)
[2.481s][info][gc,heap        ] GC(70) PSYoungGen: 37600K(37888K)->33760K(65536K) Eden: 8704K(8704K)->0K(10240K) From: 28896K(29184K)->33760K(55296K)
[2.481s][info][gc,heap        ] GC(70) ParOldGen: 360119K(405504K)->364079K(405504K)
[2.481s][info][gc,metaspace   ] GC(70) Metaspace: 6300K(6464K)->6300K(6464K) NonClass: 5766K(5824K)->5766K(5824K) Class: 533K(640K)->533K(640K)
[2.481s][info][gc             ] GC(70) Pause Young (Allocation Failure) 388M->388M(460M) 19.703ms
[2.481s][info][gc,cpu         ] GC(70) User=0.02s Sys=0.00s Real=0.02s
[2.493s][info][gc,start       ] GC(71) Pause Young (Allocation Failure)
[2.515s][info][gc,heap        ] GC(71) PSYoungGen: 44000K(65536K)->37408K(65536K) Eden: 10240K(10240K)->0K(10240K) From: 33760K(55296K)->37408K(55296K)
[2.515s][info][gc,heap        ] GC(71) ParOldGen: 364079K(405504K)->370695K(405504K)
[2.515s][info][gc,metaspace   ] GC(71) Metaspace: 6300K(6464K)->6300K(6464K) NonClass: 5766K(5824K)->5766K(5824K) Class: 533K(640K)->533K(640K)
[2.515s][info][gc             ] GC(71) Pause Young (Allocation Failure) 398M->398M(460M) 22.006ms
[2.515s][info][gc,cpu         ] GC(71) User=0.09s Sys=0.00s Real=0.02s
[2.526s][info][gc,start       ] GC(72) Pause Young (Allocation Failure)
[2.549s][info][gc,heap        ] GC(72) PSYoungGen: 47648K(65536K)->37952K(67584K) Eden: 10240K(10240K)->0K(11264K) From: 37408K(55296K)->37952K(56320K)
[2.549s][info][gc,heap        ] GC(72) ParOldGen: 370695K(405504K)->380527K(405504K)
[2.549s][info][gc,metaspace   ] GC(72) Metaspace: 6300K(6464K)->6300K(6464K) NonClass: 5766K(5824K)->5766K(5824K) Class: 533K(640K)->533K(640K)
[2.549s][info][gc             ] GC(72) Pause Young (Allocation Failure) 408M->408M(462M) 23.160ms
[2.549s][info][gc,cpu         ] GC(72) User=0.12s Sys=0.00s Real=0.02s
[2.560s][info][gc,start       ] GC(73) Pause Young (Allocation Failure)
[2.586s][info][gc,heap        ] GC(73) PSYoungGen: 49216K(67584K)->31776K(43520K) Eden: 11264K(11264K)->0K(11264K) From: 37952K(56320K)->31776K(32256K)
[2.586s][info][gc,heap        ] GC(73) ParOldGen: 380527K(405504K)->398135K(405504K)
[2.586s][info][gc,metaspace   ] GC(73) Metaspace: 6300K(6464K)->6300K(6464K) NonClass: 5766K(5824K)->5766K(5824K) Class: 533K(640K)->533K(640K)
[2.586s][info][gc             ] GC(73) Pause Young (Allocation Failure) 419M->419M(438M) 25.483ms
[2.586s][info][gc,cpu         ] GC(73) User=0.08s Sys=0.02s Real=0.03s
[2.586s][info][gc,start       ] GC(74) Pause Full (Ergonomics)
[2.586s][info][gc,phases,start] GC(74) Marking Phase
[2.689s][info][gc,phases      ] GC(74) Marking Phase 103.553ms
[2.689s][info][gc,phases,start] GC(74) Summary Phase
[2.690s][info][gc,phases      ] GC(74) Summary Phase 0.021ms
[2.690s][info][gc,phases,start] GC(74) Adjust Roots
[2.690s][info][gc,phases      ] GC(74) Adjust Roots 0.219ms
[2.690s][info][gc,phases,start] GC(74) Compaction Phase
[2.745s][info][gc,phases      ] GC(74) Compaction Phase 55.623ms
[2.745s][info][gc,phases,start] GC(74) Post Compact
[2.747s][info][gc,phases      ] GC(74) Post Compact 2.004ms
[2.748s][info][gc,heap        ] GC(74) PSYoungGen: 31776K(43520K)->23980K(43520K) Eden: 0K(11264K)->0K(11264K) From: 31776K(32256K)->23980K(32256K)
[2.748s][info][gc,heap        ] GC(74) ParOldGen: 398135K(405504K)->405103K(458752K)
[2.748s][info][gc,metaspace   ] GC(74) Metaspace: 6300K(6464K)->6300K(6464K) NonClass: 5766K(5824K)->5766K(5824K) Class: 533K(640K)->533K(640K)
[2.748s][info][gc             ] GC(74) Pause Full (Ergonomics) 419M->419M(490M) 162.010ms
[2.748s][info][gc,cpu         ] GC(74) User=0.98s Sys=0.00s Real=0.16s
[2.760s][info][gc,start       ] GC(75) Pause Young (Allocation Failure)
[2.795s][info][gc,heap        ] GC(75) PSYoungGen: 35244K(43520K)->20160K(65536K) Eden: 11264K(11264K)->0K(12800K) From: 23980K(32256K)->20160K(52736K)
[2.796s][info][gc,heap        ] GC(75) ParOldGen: 405103K(458752K)->420527K(458752K)
[2.796s][info][gc,metaspace   ] GC(75) Metaspace: 6300K(6464K)->6300K(6464K) NonClass: 5766K(5824K)->5766K(5824K) Class: 533K(640K)->533K(640K)
[2.796s][info][gc             ] GC(75) Pause Young (Allocation Failure) 430M->430M(512M) 35.651ms
[2.796s][info][gc,cpu         ] GC(75) User=0.22s Sys=0.00s Real=0.04s
[2.810s][info][gc,start       ] GC(76) Pause Young (Allocation Failure)
[2.827s][info][gc,heap        ] GC(76) PSYoungGen: 32960K(65536K)->24160K(66560K) Eden: 12800K(12800K)->0K(12800K) From: 20160K(52736K)->24160K(53760K)
[2.827s][info][gc,heap        ] GC(76) ParOldGen: 420527K(458752K)->429487K(458752K)
[2.827s][info][gc,metaspace   ] GC(76) Metaspace: 6300K(6464K)->6300K(6464K) NonClass: 5766K(5824K)->5766K(5824K) Class: 533K(640K)->533K(640K)
[2.827s][info][gc             ] GC(76) Pause Young (Allocation Failure) 442M->443M(513M) 17.484ms
[2.827s][info][gc,cpu         ] GC(76) User=0.05s Sys=0.02s Real=0.02s
[2.841s][info][gc,start       ] GC(77) Pause Young (Allocation Failure)
[2.861s][info][gc,heap        ] GC(77) PSYoungGen: 36960K(66560K)->25792K(63488K) Eden: 12800K(12800K)->0K(14336K) From: 24160K(53760K)->25792K(49152K)
[2.861s][info][gc,heap        ] GC(77) ParOldGen: 429487K(458752K)->440911K(458752K)
[2.861s][info][gc,metaspace   ] GC(77) Metaspace: 6300K(6464K)->6300K(6464K) NonClass: 5766K(5824K)->5766K(5824K) Class: 533K(640K)->533K(640K)
[2.861s][info][gc             ] GC(77) Pause Young (Allocation Failure) 455M->455M(510M) 19.994ms
[2.861s][info][gc,cpu         ] GC(77) User=0.11s Sys=0.00s Real=0.02s
[2.861s][info][gc,start       ] GC(78) Pause Full (Ergonomics)
[2.861s][info][gc,phases,start] GC(78) Marking Phase
[2.968s][info][gc,phases      ] GC(78) Marking Phase 107.350ms
[2.968s][info][gc,phases,start] GC(78) Summary Phase
[2.968s][info][gc,phases      ] GC(78) Summary Phase 0.022ms
[2.968s][info][gc,phases,start] GC(78) Adjust Roots
[2.969s][info][gc,phases      ] GC(78) Adjust Roots 0.198ms
[2.969s][info][gc,phases,start] GC(78) Compaction Phase
[3.015s][info][gc,phases      ] GC(78) Compaction Phase 46.675ms
[3.015s][info][gc,phases,start] GC(78) Post Compact
[3.018s][info][gc,phases      ] GC(78) Post Compact 2.252ms
[3.018s][info][gc,heap        ] GC(78) PSYoungGen: 25792K(63488K)->7143K(65024K) Eden: 0K(14336K)->0K(15872K) From: 25792K(49152K)->7143K(49152K)
[3.018s][info][gc,heap        ] GC(78) ParOldGen: 440911K(458752K)->458713K(516608K)
[3.018s][info][gc,metaspace   ] GC(78) Metaspace: 6300K(6464K)->6300K(6464K) NonClass: 5766K(5824K)->5766K(5824K) Class: 533K(640K)->533K(640K)
[3.018s][info][gc             ] GC(78) Pause Full (Ergonomics) 455M->454M(568M) 157.135ms
[3.018s][info][gc,cpu         ] GC(78) User=0.89s Sys=0.00s Real=0.16s
[3.036s][info][gc,start       ] GC(79) Pause Young (Allocation Failure)
[3.066s][info][gc,heap        ] GC(79) PSYoungGen: 23015K(65024K)->16000K(66560K) Eden: 15872K(15872K)->0K(15872K) From: 7143K(49152K)->16000K(50688K)
[3.066s][info][gc,heap        ] GC(79) ParOldGen: 458713K(516608K)->465977K(516608K)
[3.066s][info][gc,metaspace   ] GC(79) Metaspace: 6300K(6464K)->6300K(6464K) NonClass: 5766K(5824K)->5766K(5824K) Class: 533K(640K)->533K(640K)
[3.067s][info][gc             ] GC(79) Pause Young (Allocation Failure) 470M->470M(569M) 30.021ms
[3.067s][info][gc,cpu         ] GC(79) User=0.14s Sys=0.00s Real=0.03s
[3.084s][info][gc,start       ] GC(80) Pause Young (Allocation Failure)
[3.101s][info][gc,heap        ] GC(80) PSYoungGen: 31872K(66560K)->31872K(66560K) Eden: 15872K(15872K)->0K(17920K) From: 16000K(50688K)->31872K(48640K)
[3.101s][info][gc,heap        ] GC(80) ParOldGen: 465977K(516608K)->465977K(516608K)
[3.101s][info][gc,metaspace   ] GC(80) Metaspace: 6300K(6464K)->6300K(6464K) NonClass: 5766K(5824K)->5766K(5824K) Class: 533K(640K)->533K(640K)
[3.101s][info][gc             ] GC(80) Pause Young (Allocation Failure) 486M->486M(569M) 17.216ms
[3.101s][info][gc,cpu         ] GC(80) User=0.03s Sys=0.00s Real=0.02s
[3.121s][info][gc,start       ] GC(81) Pause Young (Allocation Failure)
[3.146s][info][gc,heap        ] GC(81) PSYoungGen: 49792K(66560K)->49664K(67584K) Eden: 17920K(17920K)->0K(17920K) From: 31872K(48640K)->49664K(49664K)
[3.146s][info][gc,heap        ] GC(81) ParOldGen: 465977K(516608K)->466097K(516608K)
[3.146s][info][gc,metaspace   ] GC(81) Metaspace: 6300K(6464K)->6300K(6464K) NonClass: 5766K(5824K)->5766K(5824K) Class: 533K(640K)->533K(640K)
[3.146s][info][gc             ] GC(81) Pause Young (Allocation Failure) 503M->503M(570M) 24.882ms
[3.146s][info][gc,cpu         ] GC(81) User=0.12s Sys=0.00s Real=0.02s
[3.165s][info][gc,start       ] GC(82) Pause Young (Allocation Failure)
[3.198s][info][gc,heap        ] GC(82) PSYoungGen: 67584K(67584K)->35904K(75776K) Eden: 17920K(17920K)->0K(19968K) From: 49664K(49664K)->35904K(55808K)
[3.198s][info][gc,heap        ] GC(82) ParOldGen: 466097K(516608K)->498185K(516608K)
[3.198s][info][gc,metaspace   ] GC(82) Metaspace: 6300K(6464K)->6300K(6464K) NonClass: 5766K(5824K)->5766K(5824K) Class: 533K(640K)->533K(640K)
[3.198s][info][gc             ] GC(82) Pause Young (Allocation Failure) 521M->521M(578M) 33.644ms
[3.198s][info][gc,cpu         ] GC(82) User=0.19s Sys=0.00s Real=0.03s
[3.198s][info][gc,start       ] GC(83) Pause Full (Ergonomics)
[3.198s][info][gc,phases,start] GC(83) Marking Phase
[3.313s][info][gc,phases      ] GC(83) Marking Phase 114.845ms
[3.313s][info][gc,phases,start] GC(83) Summary Phase
[3.313s][info][gc,phases      ] GC(83) Summary Phase 0.019ms
[3.313s][info][gc,phases,start] GC(83) Adjust Roots
[3.313s][info][gc,phases      ] GC(83) Adjust Roots 0.147ms
[3.313s][info][gc,phases,start] GC(83) Compaction Phase
[3.363s][info][gc,phases      ] GC(83) Compaction Phase 50.047ms
[3.364s][info][gc,phases,start] GC(83) Post Compact
[3.366s][info][gc,phases      ] GC(83) Post Compact 2.516ms
[3.366s][info][gc,heap        ] GC(83) PSYoungGen: 35904K(75776K)->16809K(75776K) Eden: 0K(19968K)->0K(19968K) From: 35904K(55808K)->16809K(55808K)
[3.366s][info][gc,heap        ] GC(83) ParOldGen: 498185K(516608K)->516508K(584704K)
[3.366s][info][gc,metaspace   ] GC(83) Metaspace: 6300K(6464K)->6300K(6464K) NonClass: 5766K(5824K)->5766K(5824K) Class: 533K(640K)->533K(640K)
[3.366s][info][gc             ] GC(83) Pause Full (Ergonomics) 521M->520M(645M) 168.169ms
[3.366s][info][gc,cpu         ] GC(83) User=1.14s Sys=0.02s Real=0.17s
[3.388s][info][gc,start       ] GC(84) Pause Young (Allocation Failure)
[3.426s][info][gc,heap        ] GC(84) PSYoungGen: 36777K(75776K)->28480K(48640K) Eden: 19968K(19968K)->0K(19968K) From: 16809K(55808K)->28480K(28672K)
[3.426s][info][gc,heap        ] GC(84) ParOldGen: 516508K(584704K)->525108K(584704K)
[3.426s][info][gc,metaspace   ] GC(84) Metaspace: 6300K(6464K)->6300K(6464K) NonClass: 5766K(5824K)->5766K(5824K) Class: 533K(640K)->533K(640K)
[3.426s][info][gc             ] GC(84) Pause Young (Allocation Failure) 540M->540M(618M) 37.903ms
[3.426s][info][gc,cpu         ] GC(84) User=0.25s Sys=0.00s Real=0.04s
[3.449s][info][gc,start       ] GC(85) Pause Young (Allocation Failure)
[3.474s][info][gc,heap        ] GC(85) PSYoungGen: 48448K(48640K)->48448K(70656K) Eden: 19968K(19968K)->0K(17408K) From: 28480K(28672K)->48448K(53248K)
[3.474s][info][gc,heap        ] GC(85) ParOldGen: 525108K(584704K)->525108K(584704K)
[3.474s][info][gc,metaspace   ] GC(85) Metaspace: 6300K(6464K)->6300K(6464K) NonClass: 5766K(5824K)->5766K(5824K) Class: 533K(640K)->533K(640K)
[3.474s][info][gc             ] GC(85) Pause Young (Allocation Failure) 560M->560M(640M) 25.270ms
[3.474s][info][gc,cpu         ] GC(85) User=0.12s Sys=0.00s Real=0.03s
[3.494s][info][gc,start       ] GC(86) Pause Young (Allocation Failure)
[3.526s][info][gc,heap        ] GC(86) PSYoungGen: 65856K(70656K)->57440K(75264K) Eden: 17408K(17408K)->0K(17408K) From: 48448K(53248K)->57440K(57856K)
[3.526s][info][gc,heap        ] GC(86) ParOldGen: 525108K(584704K)->533596K(584704K)
[3.526s][info][gc,metaspace   ] GC(86) Metaspace: 6300K(6464K)->6300K(6464K) NonClass: 5766K(5824K)->5766K(5824K) Class: 533K(640K)->533K(640K)
[3.526s][info][gc             ] GC(86) Pause Young (Allocation Failure) 577M->577M(644M) 32.687ms
[3.526s][info][gc,cpu         ] GC(86) User=0.16s Sys=0.00s Real=0.03s
[3.546s][info][gc,start       ] GC(87) Pause Young (Allocation Failure)
[3.585s][info][gc,heap        ] GC(87) PSYoungGen: 74848K(75264K)->54912K(79360K) Eden: 17408K(17408K)->0K(14848K) From: 57440K(57856K)->54912K(64512K)
[3.585s][info][gc,heap        ] GC(87) ParOldGen: 533596K(584704K)->553836K(584704K)
[3.585s][info][gc,metaspace   ] GC(87) Metaspace: 6300K(6464K)->6300K(6464K) NonClass: 5766K(5824K)->5766K(5824K) Class: 533K(640K)->533K(640K)
[3.585s][info][gc             ] GC(87) Pause Young (Allocation Failure) 594M->594M(648M) 38.944ms
[3.585s][info][gc,cpu         ] GC(87) User=0.25s Sys=0.00s Real=0.04s
[3.603s][info][gc,start       ] GC(88) Pause Young (Allocation Failure)
[3.639s][info][gc,heap        ] GC(88) PSYoungGen: 69760K(79360K)->49824K(83968K) Eden: 14848K(14848K)->0K(14848K) From: 54912K(64512K)->49824K(69120K)
[3.639s][info][gc,heap        ] GC(88) ParOldGen: 553836K(584704K)->574068K(584704K)
[3.639s][info][gc,metaspace   ] GC(88) Metaspace: 6300K(6464K)->6300K(6464K) NonClass: 5766K(5824K)->5766K(5824K) Class: 533K(640K)->533K(640K)
[3.639s][info][gc             ] GC(88) Pause Young (Allocation Failure) 608M->609M(653M) 36.000ms
[3.639s][info][gc,cpu         ] GC(88) User=0.16s Sys=0.00s Real=0.04s
[3.639s][info][gc,start       ] GC(89) Pause Full (Ergonomics)
[3.639s][info][gc,phases,start] GC(89) Marking Phase
[3.784s][info][gc,phases      ] GC(89) Marking Phase 145.200ms
[3.784s][info][gc,phases,start] GC(89) Summary Phase
[3.784s][info][gc,phases      ] GC(89) Summary Phase 0.039ms
[3.784s][info][gc,phases,start] GC(89) Adjust Roots
[3.784s][info][gc,phases      ] GC(89) Adjust Roots 0.216ms
[3.784s][info][gc,phases,start] GC(89) Compaction Phase
[3.849s][info][gc,phases      ] GC(89) Compaction Phase 64.458ms
[3.849s][info][gc,phases,start] GC(89) Post Compact
[3.850s][info][gc,phases      ] GC(89) Post Compact 1.038ms
[3.850s][info][gc,heap        ] GC(89) PSYoungGen: 49824K(83968K)->38328K(83968K) Eden: 0K(14848K)->0K(14848K) From: 49824K(69120K)->38328K(69120K)
[3.850s][info][gc,heap        ] GC(89) ParOldGen: 574068K(584704K)->584430K(657920K)
[3.850s][info][gc,metaspace   ] GC(89) Metaspace: 6300K(6464K)->6300K(6464K) NonClass: 5766K(5824K)->5766K(5824K) Class: 533K(640K)->533K(640K)
[3.850s][info][gc             ] GC(89) Pause Full (Ergonomics) 609M->608M(724M) 211.536ms
[3.850s][info][gc,cpu         ] GC(89) User=1.50s Sys=0.02s Real=0.21s
[3.868s][info][gc,start       ] GC(90) Pause Young (Allocation Failure)
[3.915s][info][gc,heap        ] GC(90) PSYoungGen: 53176K(83968K)->27168K(84480K) Eden: 14848K(14848K)->0K(16384K) From: 38328K(69120K)->27168K(68096K)
[3.915s][info][gc,heap        ] GC(90) ParOldGen: 584430K(657920K)->610974K(657920K)
[3.916s][info][gc,metaspace   ] GC(90) Metaspace: 6300K(6464K)->6300K(6464K) NonClass: 5766K(5824K)->5766K(5824K) Class: 533K(640K)->533K(640K)
[3.916s][info][gc             ] GC(90) Pause Young (Allocation Failure) 622M->623M(725M) 47.138ms
[3.916s][info][gc,cpu         ] GC(90) User=0.27s Sys=0.00s Real=0.05s
[3.935s][info][gc,start       ] GC(91) Pause Young (Allocation Failure)
[3.960s][info][gc,heap        ] GC(91) PSYoungGen: 43552K(84480K)->31360K(48128K) Eden: 16384K(16384K)->0K(16384K) From: 27168K(68096K)->31360K(31744K)
[3.960s][info][gc,heap        ] GC(91) ParOldGen: 610974K(657920K)->623350K(657920K)
[3.960s][info][gc,metaspace   ] GC(91) Metaspace: 6300K(6464K)->6300K(6464K) NonClass: 5766K(5824K)->5766K(5824K) Class: 533K(640K)->533K(640K)
[3.960s][info][gc             ] GC(91) Pause Young (Allocation Failure) 639M->639M(689M) 24.840ms
[3.960s][info][gc,cpu         ] GC(91) User=0.12s Sys=0.00s Real=0.02s
[3.979s][info][gc,start       ] GC(92) Pause Young (Allocation Failure)
[4.005s][info][gc,heap        ] GC(92) PSYoungGen: 47744K(48128K)->32928K(80384K) Eden: 16384K(16384K)->0K(18432K) From: 31360K(31744K)->32928K(61952K)
[4.005s][info][gc,heap        ] GC(92) ParOldGen: 623350K(657920K)->638406K(657920K)
[4.005s][info][gc,metaspace   ] GC(92) Metaspace: 6300K(6464K)->6300K(6464K) NonClass: 5766K(5824K)->5766K(5824K) Class: 533K(640K)->533K(640K)
[4.005s][info][gc             ] GC(92) Pause Young (Allocation Failure) 655M->655M(721M) 25.772ms
[4.005s][info][gc,cpu         ] GC(92) User=0.12s Sys=0.00s Real=0.03s
[4.005s][info][gc,start       ] GC(93) Pause Full (Ergonomics)
[4.005s][info][gc,phases,start] GC(93) Marking Phase
[4.158s][info][gc,phases      ] GC(93) Marking Phase 153.547ms
[4.158s][info][gc,phases,start] GC(93) Summary Phase
[4.158s][info][gc,phases      ] GC(93) Summary Phase 0.022ms
[4.158s][info][gc,phases,start] GC(93) Adjust Roots
[4.159s][info][gc,phases      ] GC(93) Adjust Roots 0.183ms
[4.159s][info][gc,phases,start] GC(93) Compaction Phase
[4.219s][info][gc,phases      ] GC(93) Compaction Phase 60.750ms
[4.219s][info][gc,phases,start] GC(93) Post Compact
[4.221s][info][gc,phases      ] GC(93) Post Compact 1.074ms
[4.221s][info][gc,heap        ] GC(93) PSYoungGen: 32928K(80384K)->12776K(82944K) Eden: 0K(18432K)->0K(20992K) From: 32928K(61952K)->12776K(61952K)
[4.221s][info][gc,heap        ] GC(93) ParOldGen: 638406K(657920K)->657505K(737280K)
[4.221s][info][gc,metaspace   ] GC(93) Metaspace: 6300K(6464K)->6300K(6464K) NonClass: 5766K(5824K)->5766K(5824K) Class: 533K(640K)->533K(640K)
[4.221s][info][gc             ] GC(93) Pause Full (Ergonomics) 655M->654M(801M) 216.207ms
[4.221s][info][gc,cpu         ] GC(93) User=1.59s Sys=0.03s Real=0.22s
[4.247s][info][gc,start       ] GC(94) Pause Young (Allocation Failure)
[4.292s][info][gc,heap        ] GC(94) PSYoungGen: 33768K(82944K)->28960K(85504K) Eden: 20992K(20992K)->0K(20992K) From: 12776K(61952K)->28960K(64512K)
[4.292s][info][gc,heap        ] GC(94) ParOldGen: 657505K(737280K)->662569K(737280K)
[4.292s][info][gc,metaspace   ] GC(94) Metaspace: 6300K(6464K)->6300K(6464K) NonClass: 5766K(5824K)->5766K(5824K) Class: 533K(640K)->533K(640K)
[4.292s][info][gc             ] GC(94) Pause Young (Allocation Failure) 675M->675M(803M) 45.265ms
[4.292s][info][gc,cpu         ] GC(94) User=0.27s Sys=0.00s Real=0.05s
[4.445s][info][gc,start       ] GC(95) Pause Young (Allocation Failure)
[4.483s][info][gc,heap        ] GC(95) PSYoungGen: 49952K(85504K)->49984K(83968K) Eden: 20992K(20992K)->0K(20992K) From: 28960K(64512K)->49984K(62976K)
[4.483s][info][gc,heap        ] GC(95) ParOldGen: 695337K(737280K)->695337K(737280K)
[4.483s][info][gc,metaspace   ] GC(95) Metaspace: 6300K(6464K)->6300K(6464K) NonClass: 5766K(5824K)->5766K(5824K) Class: 533K(640K)->533K(640K)
[4.483s][info][gc             ] GC(95) Pause Young (Allocation Failure) 727M->727M(802M) 37.690ms
[4.483s][info][gc,cpu         ] GC(95) User=0.38s Sys=0.00s Real=0.04s
[4.507s][info][gc,start       ] GC(96) Pause Young (Allocation Failure)
[4.542s][info][gc,heap        ] GC(96) PSYoungGen: 70976K(83968K)->65536K(86528K) Eden: 20992K(20992K)->0K(20992K) From: 49984K(62976K)->65536K(65536K)
[4.542s][info][gc,heap        ] GC(96) ParOldGen: 695337K(737280K)->700745K(737280K)
[4.542s][info][gc,metaspace   ] GC(96) Metaspace: 6300K(6464K)->6300K(6464K) NonClass: 5766K(5824K)->5766K(5824K) Class: 533K(640K)->533K(640K)
[4.542s][info][gc             ] GC(96) Pause Young (Allocation Failure) 748M->748M(804M) 35.346ms
[4.542s][info][gc,cpu         ] GC(96) User=0.19s Sys=0.00s Real=0.04s
[4.564s][info][gc,start       ] GC(97) Pause Young (Allocation Failure)
[4.606s][info][gc,heap        ] GC(97) PSYoungGen: 86528K(86528K)->60608K(94720K) Eden: 20992K(20992K)->0K(19456K) From: 65536K(65536K)->60608K(75264K)
[4.606s][info][gc,heap        ] GC(97) ParOldGen: 700745K(737280K)->727137K(737280K)
[4.606s][info][gc,metaspace   ] GC(97) Metaspace: 6300K(6464K)->6300K(6464K) NonClass: 5766K(5824K)->5766K(5824K) Class: 533K(640K)->533K(640K)
[4.606s][info][gc             ] GC(97) Pause Young (Allocation Failure) 768M->769M(812M) 41.383ms
[4.606s][info][gc,cpu         ] GC(97) User=0.22s Sys=0.05s Real=0.04s
[4.606s][info][gc,start       ] GC(98) Pause Full (Ergonomics)
[4.606s][info][gc,phases,start] GC(98) Marking Phase
[4.778s][info][gc,phases      ] GC(98) Marking Phase 172.086ms
[4.778s][info][gc,phases,start] GC(98) Summary Phase
[4.778s][info][gc,phases      ] GC(98) Summary Phase 0.031ms
[4.778s][info][gc,phases,start] GC(98) Adjust Roots
[4.778s][info][gc,phases      ] GC(98) Adjust Roots 0.215ms
[4.778s][info][gc,phases,start] GC(98) Compaction Phase
[4.912s][info][gc,phases      ] GC(98) Compaction Phase 133.172ms
[4.912s][info][gc,phases,start] GC(98) Post Compact
[4.913s][info][gc,phases      ] GC(98) Post Compact 1.399ms
[4.913s][info][gc,heap        ] GC(98) PSYoungGen: 60608K(94720K)->33260K(94720K) Eden: 0K(19456K)->0K(19456K) From: 60608K(75264K)->33260K(75264K)
[4.913s][info][gc,heap        ] GC(98) ParOldGen: 727137K(737280K)->737254K(824320K)
[4.913s][info][gc,metaspace   ] GC(98) Metaspace: 6300K(6464K)->6300K(6464K) NonClass: 5766K(5824K)->5766K(5824K) Class: 533K(640K)->533K(640K)
[4.913s][info][gc             ] GC(98) Pause Full (Ergonomics) 769M->752M(897M) 307.519ms
[4.913s][info][gc,cpu         ] GC(98) User=2.00s Sys=0.03s Real=0.31s
[4.936s][info][gc,start       ] GC(99) Pause Young (Allocation Failure)
[4.988s][info][gc,heap        ] GC(99) PSYoungGen: 52716K(94720K)->41408K(60928K) Eden: 19456K(19456K)->0K(19456K) From: 33260K(75264K)->41408K(41472K)
[4.989s][info][gc,heap        ] GC(99) ParOldGen: 737254K(824320K)->748926K(824320K)
[4.989s][info][gc,metaspace   ] GC(99) Metaspace: 6300K(6464K)->6300K(6464K) NonClass: 5766K(5824K)->5766K(5824K) Class: 533K(640K)->533K(640K)
[4.989s][info][gc             ] GC(99) Pause Young (Allocation Failure) 771M->771M(864M) 52.803ms
[4.989s][info][gc,cpu         ] GC(99) User=0.38s Sys=0.00s Real=0.05s
[5.009s][info][gc,start       ] GC(100) Pause Young (Allocation Failure)
[5.038s][info][gc,heap        ] GC(100) PSYoungGen: 60864K(60928K)->60896K(93696K) Eden: 19456K(19456K)->0K(17920K) From: 41408K(41472K)->60896K(75776K)
[5.038s][info][gc,heap        ] GC(100) ParOldGen: 748926K(824320K)->748926K(824320K)
[5.038s][info][gc,metaspace   ] GC(100) Metaspace: 6300K(6464K)->6300K(6464K) NonClass: 5766K(5824K)->5766K(5824K) Class: 533K(640K)->533K(640K)
[5.038s][info][gc             ] GC(100) Pause Young (Allocation Failure) 790M->790M(896M) 29.779ms
[5.038s][info][gc,cpu         ] GC(100) User=0.12s Sys=0.00s Real=0.03s
[5.057s][info][gc,start       ] GC(101) Pause Young (Allocation Failure)
[5.093s][info][gc,heap        ] GC(101) PSYoungGen: 78816K(93696K)->78816K(97280K) Eden: 17920K(17920K)->0K(17920K) From: 60896K(75776K)->78816K(79360K)
[5.093s][info][gc,heap        ] GC(101) ParOldGen: 748926K(824320K)->748926K(824320K)
[5.093s][info][gc,metaspace   ] GC(101) Metaspace: 6300K(6464K)->6300K(6464K) NonClass: 5766K(5824K)->5766K(5824K) Class: 533K(640K)->533K(640K)
[5.093s][info][gc             ] GC(101) Pause Young (Allocation Failure) 808M->808M(900M) 35.623ms
[5.093s][info][gc,cpu         ] GC(101) User=0.25s Sys=0.00s Real=0.04s
[5.112s][info][gc,start       ] GC(102) Pause Young (Allocation Failure)
[5.160s][info][gc,heap        ] GC(102) PSYoungGen: 96736K(97280K)->86496K(98816K) Eden: 17920K(17920K)->0K(9728K) From: 78816K(79360K)->86496K(89088K)
[5.160s][info][gc,heap        ] GC(102) ParOldGen: 748926K(824320K)->759278K(824320K)
[5.160s][info][gc,metaspace   ] GC(102) Metaspace: 6300K(6464K)->6300K(6464K) NonClass: 5766K(5824K)->5766K(5824K) Class: 533K(640K)->533K(640K)
[5.160s][info][gc             ] GC(102) Pause Young (Allocation Failure) 825M->825M(901M) 48.482ms
[5.160s][info][gc,cpu         ] GC(102) User=0.22s Sys=0.06s Real=0.05s
[5.172s][info][gc,start       ] GC(103) Pause Young (Allocation Failure)
[5.216s][info][gc,heap        ] GC(103) PSYoungGen: 96224K(98816K)->65120K(109056K) Eden: 9728K(9728K)->0K(9728K) From: 86496K(89088K)->65120K(99328K)
[5.216s][info][gc,heap        ] GC(103) ParOldGen: 759278K(824320K)->790710K(824320K)
[5.216s][info][gc,metaspace   ] GC(103) Metaspace: 6300K(6464K)->6300K(6464K) NonClass: 5766K(5824K)->5766K(5824K) Class: 533K(640K)->533K(640K)
[5.216s][info][gc             ] GC(103) Pause Young (Allocation Failure) 835M->835M(911M) 44.083ms
[5.216s][info][gc,cpu         ] GC(103) User=0.23s Sys=0.03s Real=0.05s
[5.226s][info][gc,start       ] GC(104) Pause Young (Allocation Failure)
[5.262s][info][gc,heap        ] GC(104) PSYoungGen: 74848K(109056K)->37504K(106496K) Eden: 9728K(9728K)->0K(11264K) From: 65120K(99328K)->37504K(95232K)
[5.262s][info][gc,heap        ] GC(104) ParOldGen: 790710K(824320K)->828566K(828928K)
[5.262s][info][gc,metaspace   ] GC(104) Metaspace: 6300K(6464K)->6300K(6464K) NonClass: 5766K(5824K)->5766K(5824K) Class: 533K(640K)->533K(640K)
[5.262s][info][gc             ] GC(104) Pause Young (Allocation Failure) 845M->845M(913M) 36.066ms
[5.262s][info][gc,cpu         ] GC(104) User=0.33s Sys=0.03s Real=0.03s
[5.262s][info][gc,start       ] GC(105) Pause Full (Ergonomics)
[5.262s][info][gc,phases,start] GC(105) Marking Phase
[5.439s][info][gc,phases      ] GC(105) Marking Phase 176.232ms
[5.439s][info][gc,phases,start] GC(105) Summary Phase
[5.439s][info][gc,phases      ] GC(105) Summary Phase 0.022ms
[5.439s][info][gc,phases,start] GC(105) Adjust Roots
[5.439s][info][gc,phases      ] GC(105) Adjust Roots 0.158ms
[5.439s][info][gc,phases,start] GC(105) Compaction Phase
[5.531s][info][gc,phases      ] GC(105) Compaction Phase 91.716ms
[5.531s][info][gc,phases,start] GC(105) Post Compact
[5.532s][info][gc,phases      ] GC(105) Post Compact 1.290ms
[5.532s][info][gc,heap        ] GC(105) PSYoungGen: 37504K(106496K)->35754K(108544K) Eden: 0K(11264K)->0K(13312K) From: 37504K(95232K)->35754K(95232K)
[5.532s][info][gc,heap        ] GC(105) ParOldGen: 828566K(828928K)->828786K(930304K)
[5.532s][info][gc,metaspace   ] GC(105) Metaspace: 6300K(6464K)->6300K(6464K) NonClass: 5766K(5824K)->5766K(5824K) Class: 533K(640K)->533K(640K)
[5.532s][info][gc             ] GC(105) Pause Full (Ergonomics) 845M->844M(1014M) 270.112ms
[5.532s][info][gc,cpu         ] GC(105) User=1.77s Sys=0.00s Real=0.27s
[5.549s][info][gc,start       ] GC(106) Pause Young (Allocation Failure)
[5.602s][info][gc,heap        ] GC(106) PSYoungGen: 49066K(108544K)->22560K(110592K) Eden: 13312K(13312K)->0K(13312K) From: 35754K(95232K)->22560K(97280K)
[5.602s][info][gc,heap        ] GC(106) ParOldGen: 828786K(930304K)->855786K(930304K)
[5.602s][info][gc,metaspace   ] GC(106) Metaspace: 6300K(6464K)->6300K(6464K) NonClass: 5766K(5824K)->5766K(5824K) Class: 533K(640K)->533K(640K)
[5.602s][info][gc             ] GC(106) Pause Young (Allocation Failure) 857M->857M(1016M) 53.364ms
[5.602s][info][gc,cpu         ] GC(106) User=0.38s Sys=0.00s Real=0.05s
[5.616s][info][gc,start       ] GC(107) Pause Young (Allocation Failure)
[5.636s][info][gc,heap        ] GC(107) PSYoungGen: 35872K(110592K)->13472K(112128K) Eden: 13312K(13312K)->0K(14336K) From: 22560K(97280K)->13472K(97792K)
[5.636s][info][gc,heap        ] GC(107) ParOldGen: 855786K(930304K)->878546K(930304K)
[5.636s][info][gc,metaspace   ] GC(107) Metaspace: 6300K(6464K)->6300K(6464K) NonClass: 5766K(5824K)->5766K(5824K) Class: 533K(640K)->533K(640K)
[5.636s][info][gc             ] GC(107) Pause Young (Allocation Failure) 870M->871M(1018M) 20.495ms
[5.636s][info][gc,cpu         ] GC(107) User=0.14s Sys=0.00s Real=0.02s
[5.652s][info][gc,start       ] GC(108) Pause Young (Allocation Failure)
[5.670s][info][gc,heap        ] GC(108) PSYoungGen: 27808K(112128K)->14464K(113152K) Eden: 14336K(14336K)->0K(14336K) From: 13472K(97792K)->14464K(98816K)
[5.670s][info][gc,heap        ] GC(108) ParOldGen: 878546K(930304K)->892042K(930304K)
[5.670s][info][gc,metaspace   ] GC(108) Metaspace: 6300K(6464K)->6300K(6464K) NonClass: 5766K(5824K)->5766K(5824K) Class: 533K(640K)->533K(640K)
[5.670s][info][gc             ] GC(108) Pause Young (Allocation Failure) 885M->885M(1019M) 17.895ms
[5.670s][info][gc,cpu         ] GC(108) User=0.03s Sys=0.00s Real=0.02s
[5.670s][info][gc,start       ] GC(109) Pause Full (Ergonomics)
[5.670s][info][gc,phases,start] GC(109) Marking Phase
[5.870s][info][gc,phases      ] GC(109) Marking Phase 199.751ms
[5.870s][info][gc,phases,start] GC(109) Summary Phase
[5.870s][info][gc,phases      ] GC(109) Summary Phase 0.036ms
[5.870s][info][gc,phases,start] GC(109) Adjust Roots
[5.870s][info][gc,phases      ] GC(109) Adjust Roots 0.192ms
[5.870s][info][gc,phases,start] GC(109) Compaction Phase
[5.952s][info][gc,phases      ] GC(109) Compaction Phase 81.710ms
[5.952s][info][gc,phases,start] GC(109) Post Compact
[5.953s][info][gc,phases      ] GC(109) Post Compact 1.488ms
[5.954s][info][gc,heap        ] GC(109) PSYoungGen: 14464K(113152K)->0K(115200K) Eden: 0K(14336K)->0K(16384K) From: 14464K(98816K)->0K(98816K)
[5.954s][info][gc,heap        ] GC(109) ParOldGen: 892042K(930304K)->905407K(1013248K)
[5.954s][info][gc,metaspace   ] GC(109) Metaspace: 6300K(6464K)->6300K(6464K) NonClass: 5766K(5824K)->5766K(5824K) Class: 533K(640K)->533K(640K)
[5.954s][info][gc             ] GC(109) Pause Full (Ergonomics) 885M->884M(1102M) 283.767ms
[5.954s][info][gc,cpu         ] GC(109) User=1.89s Sys=0.03s Real=0.28s
[5.974s][info][gc,start       ] GC(110) Pause Young (Allocation Failure)
[5.988s][info][gc,heap        ] GC(110) PSYoungGen: 16384K(115200K)->16544K(115200K) Eden: 16384K(16384K)->0K(16384K) From: 0K(98816K)->16544K(98816K)
[5.988s][info][gc,heap        ] GC(110) ParOldGen: 905407K(1013248K)->905407K(1013248K)
[5.988s][info][gc,metaspace   ] GC(110) Metaspace: 6300K(6464K)->6300K(6464K) NonClass: 5766K(5824K)->5766K(5824K) Class: 533K(640K)->533K(640K)
[5.988s][info][gc             ] GC(110) Pause Young (Allocation Failure) 900M->900M(1102M) 14.304ms
[5.988s][info][gc,cpu         ] GC(110) User=0.02s Sys=0.00s Real=0.01s
[6.005s][info][gc,start       ] GC(111) Pause Young (Allocation Failure)
[6.025s][info][gc,heap        ] GC(111) PSYoungGen: 32928K(115200K)->32928K(106496K) Eden: 16384K(16384K)->0K(18432K) From: 16544K(98816K)->32928K(88064K)
[6.025s][info][gc,heap        ] GC(111) ParOldGen: 905407K(1013248K)->905407K(1013248K)
[6.025s][info][gc,metaspace   ] GC(111) Metaspace: 6300K(6464K)->6300K(6464K) NonClass: 5766K(5824K)->5766K(5824K) Class: 533K(640K)->533K(640K)
[6.025s][info][gc             ] GC(111) Pause Young (Allocation Failure) 916M->916M(1093M) 20.490ms
[6.025s][info][gc,cpu         ] GC(111) User=0.05s Sys=0.00s Real=0.02s
[6.046s][info][gc,start       ] GC(112) Pause Young (Allocation Failure)
[6.072s][info][gc,heap        ] GC(112) PSYoungGen: 51360K(106496K)->51296K(111104K) Eden: 18432K(18432K)->0K(18432K) From: 32928K(88064K)->51296K(92672K)
[6.072s][info][gc,heap        ] GC(112) ParOldGen: 905407K(1013248K)->905407K(1013248K)
[6.072s][info][gc,metaspace   ] GC(112) Metaspace: 6300K(6464K)->6300K(6464K) NonClass: 5766K(5824K)->5766K(5824K) Class: 533K(640K)->533K(640K)
[6.072s][info][gc             ] GC(112) Pause Young (Allocation Failure) 934M->934M(1098M) 25.677ms
[6.072s][info][gc,cpu         ] GC(112) User=0.12s Sys=0.00s Real=0.03s
[6.092s][info][gc,start       ] GC(113) Pause Young (Allocation Failure)
[6.125s][info][gc,heap        ] GC(113) PSYoungGen: 69728K(111104K)->69792K(105984K) Eden: 18432K(18432K)->0K(14336K) From: 51296K(92672K)->69792K(91648K)
[6.125s][info][gc,heap        ] GC(113) ParOldGen: 905407K(1013248K)->905407K(1013248K)
[6.125s][info][gc,metaspace   ] GC(113) Metaspace: 6300K(6464K)->6300K(6464K) NonClass: 5766K(5824K)->5766K(5824K) Class: 533K(640K)->533K(640K)
[6.125s][info][gc             ] GC(113) Pause Young (Allocation Failure) 952M->952M(1093M) 33.513ms
[6.125s][info][gc,cpu         ] GC(113) User=0.14s Sys=0.00s Real=0.03s
[6.141s][info][gc,start       ] GC(114) Pause Young (Allocation Failure)
[6.182s][info][gc,heap        ] GC(114) PSYoungGen: 84128K(105984K)->67744K(112128K) Eden: 14336K(14336K)->0K(14336K) From: 69792K(91648K)->67744K(97792K)
[6.182s][info][gc,heap        ] GC(114) ParOldGen: 905407K(1013248K)->922031K(1013248K)
[6.182s][info][gc,metaspace   ] GC(114) Metaspace: 6300K(6464K)->6300K(6464K) NonClass: 5766K(5824K)->5766K(5824K) Class: 533K(640K)->533K(640K)
[6.182s][info][gc             ] GC(114) Pause Young (Allocation Failure) 966M->966M(1099M) 40.578ms
[6.182s][info][gc,cpu         ] GC(114) User=0.22s Sys=0.03s Real=0.04s
[6.197s][info][gc,start       ] GC(115) Pause Young (Allocation Failure)
[6.237s][info][gc,heap        ] GC(115) PSYoungGen: 82080K(112128K)->65696K(115712K) Eden: 14336K(14336K)->0K(14336K) From: 67744K(97792K)->65696K(101376K)
[6.237s][info][gc,heap        ] GC(115) ParOldGen: 922031K(1013248K)->938655K(1013248K)
[6.237s][info][gc,metaspace   ] GC(115) Metaspace: 6300K(6464K)->6300K(6464K) NonClass: 5766K(5824K)->5766K(5824K) Class: 533K(640K)->533K(640K)
[6.237s][info][gc             ] GC(115) Pause Young (Allocation Failure) 980M->980M(1102M) 39.373ms
[6.237s][info][gc,cpu         ] GC(115) User=0.22s Sys=0.03s Real=0.04s
[6.253s][info][gc,start       ] GC(116) Pause Young (Allocation Failure)
[6.291s][info][gc,heap        ] GC(116) PSYoungGen: 80032K(115712K)->43136K(57856K) Eden: 14336K(14336K)->0K(14336K) From: 65696K(101376K)->43136K(43520K)
[6.292s][info][gc,heap        ] GC(116) ParOldGen: 938655K(1013248K)->975999K(1013248K)
[6.292s][info][gc,metaspace   ] GC(116) Metaspace: 6300K(6464K)->6300K(6464K) NonClass: 5766K(5824K)->5766K(5824K) Class: 533K(640K)->533K(640K)
[6.292s][info][gc             ] GC(116) Pause Young (Allocation Failure) 994M->995M(1046M) 38.392ms
[6.292s][info][gc,cpu         ] GC(116) User=0.27s Sys=0.00s Real=0.04s
[6.292s][info][gc,start       ] GC(117) Pause Full (Ergonomics)
[6.292s][info][gc,phases,start] GC(117) Marking Phase
[6.505s][info][gc,phases      ] GC(117) Marking Phase 213.172ms
[6.505s][info][gc,phases,start] GC(117) Summary Phase
[6.505s][info][gc,phases      ] GC(117) Summary Phase 0.031ms
[6.505s][info][gc,phases,start] GC(117) Adjust Roots
[6.505s][info][gc,phases      ] GC(117) Adjust Roots 0.167ms
[6.505s][info][gc,phases,start] GC(117) Compaction Phase
[6.596s][info][gc,phases      ] GC(117) Compaction Phase 91.358ms
[6.597s][info][gc,phases,start] GC(117) Post Compact
[6.598s][info][gc,phases      ] GC(117) Post Compact 1.608ms
[6.599s][info][gc,heap        ] GC(117) PSYoungGen: 43136K(57856K)->4594K(57856K) Eden: 0K(14336K)->0K(14336K) From: 43136K(43520K)->4594K(43520K)
[6.599s][info][gc,heap        ] GC(117) ParOldGen: 975999K(1013248K)->1013235K(1129472K)
[6.599s][info][gc,metaspace   ] GC(117) Metaspace: 6300K(6464K)->6300K(6464K) NonClass: 5766K(5824K)->5766K(5824K) Class: 533K(640K)->533K(640K)
[6.599s][info][gc             ] GC(117) Pause Full (Ergonomics) 995M->993M(1159M) 307.117ms
[6.599s][info][gc,cpu         ] GC(117) User=2.16s Sys=0.02s Real=0.31s
[6.616s][info][gc,start       ] GC(118) Pause Young (Allocation Failure)
[6.667s][info][gc,heap        ] GC(118) PSYoungGen: 18930K(57856K)->16960K(114688K) Eden: 14336K(14336K)->0K(16384K) From: 4594K(43520K)->16960K(98304K)
[6.667s][info][gc,heap        ] GC(118) ParOldGen: 1013235K(1129472K)->1015435K(1129472K)
[6.667s][info][gc,metaspace   ] GC(118) Metaspace: 6300K(6464K)->6300K(6464K) NonClass: 5766K(5824K)->5766K(5824K) Class: 533K(640K)->533K(640K)
[6.667s][info][gc             ] GC(118) Pause Young (Allocation Failure) 1007M->1008M(1215M) 51.058ms
[6.667s][info][gc,cpu         ] GC(118) User=0.31s Sys=0.00s Real=0.05s
[6.685s][info][gc,start       ] GC(119) Pause Young (Allocation Failure)
[6.705s][info][gc,heap        ] GC(119) PSYoungGen: 33344K(114688K)->30848K(47616K) Eden: 16384K(16384K)->0K(16384K) From: 16960K(98304K)->30848K(31232K)
[6.705s][info][gc,heap        ] GC(119) ParOldGen: 1015435K(1129472K)->1017947K(1129472K)
[6.705s][info][gc,metaspace   ] GC(119) Metaspace: 6300K(6464K)->6300K(6464K) NonClass: 5766K(5824K)->5766K(5824K) Class: 533K(640K)->533K(640K)
[6.705s][info][gc             ] GC(119) Pause Young (Allocation Failure) 1024M->1024M(1149M) 19.921ms
[6.705s][info][gc,cpu         ] GC(119) User=0.02s Sys=0.00s Real=0.02s
[6.722s][info][gc,start       ] GC(120) Pause Young (Allocation Failure)
[6.748s][info][gc,heap        ] GC(120) PSYoungGen: 47232K(47616K)->32896K(106496K) Eden: 16384K(16384K)->0K(18432K) From: 30848K(31232K)->32896K(88064K)
[6.748s][info][gc,heap        ] GC(120) ParOldGen: 1017947K(1129472K)->1032483K(1129472K)
[6.748s][info][gc,metaspace   ] GC(120) Metaspace: 6300K(6464K)->6300K(6464K) NonClass: 5766K(5824K)->5766K(5824K) Class: 533K(640K)->533K(640K)
[6.748s][info][gc             ] GC(120) Pause Young (Allocation Failure) 1040M->1040M(1207M) 25.422ms
[6.748s][info][gc,cpu         ] GC(120) User=0.14s Sys=0.00s Real=0.02s
[6.770s][info][gc,start       ] GC(121) Pause Young (Allocation Failure)
[6.800s][info][gc,heap        ] GC(121) PSYoungGen: 51328K(106496K)->34912K(53760K) Eden: 18432K(18432K)->0K(18432K) From: 32896K(88064K)->34912K(35328K)
[6.800s][info][gc,heap        ] GC(121) ParOldGen: 1032483K(1129472K)->1049115K(1129472K)
[6.800s][info][gc,metaspace   ] GC(121) Metaspace: 6300K(6464K)->6300K(6464K) NonClass: 5766K(5824K)->5766K(5824K) Class: 533K(640K)->533K(640K)
[6.800s][info][gc             ] GC(121) Pause Young (Allocation Failure) 1058M->1058M(1155M) 30.019ms
[6.800s][info][gc,cpu         ] GC(121) User=0.12s Sys=0.00s Real=0.03s
[6.821s][info][gc,start       ] GC(122) Pause Young (Allocation Failure)
[6.851s][info][gc,heap        ] GC(122) PSYoungGen: 53344K(53760K)->37024K(100864K) Eden: 18432K(18432K)->0K(20992K) From: 34912K(35328K)->37024K(79872K)
[6.851s][info][gc,heap        ] GC(122) ParOldGen: 1049115K(1129472K)->1065715K(1129472K)
[6.851s][info][gc,metaspace   ] GC(122) Metaspace: 6300K(6464K)->6300K(6464K) NonClass: 5766K(5824K)->5766K(5824K) Class: 533K(640K)->533K(640K)
[6.851s][info][gc             ] GC(122) Pause Young (Allocation Failure) 1076M->1076M(1201M) 29.872ms
[6.851s][info][gc,cpu         ] GC(122) User=0.09s Sys=0.03s Real=0.03s
[6.876s][info][gc,start       ] GC(123) Pause Young (Allocation Failure)
[6.907s][info][gc,heap        ] GC(123) PSYoungGen: 58016K(100864K)->39520K(60928K) Eden: 20992K(20992K)->0K(20992K) From: 37024K(79872K)->39520K(39936K)
[6.907s][info][gc,heap        ] GC(123) ParOldGen: 1065715K(1129472K)->1084403K(1129472K)
[6.907s][info][gc,metaspace   ] GC(123) Metaspace: 6300K(6464K)->6300K(6464K) NonClass: 5766K(5824K)->5766K(5824K) Class: 533K(640K)->533K(640K)
[6.907s][info][gc             ] GC(123) Pause Young (Allocation Failure) 1097M->1097M(1162M) 31.132ms
[6.907s][info][gc,cpu         ] GC(123) User=0.14s Sys=0.00s Real=0.03s
[6.930s][info][gc,start       ] GC(124) Pause Young (Allocation Failure)
[6.962s][info][gc,heap        ] GC(124) PSYoungGen: 60512K(60928K)->42144K(96256K) Eden: 20992K(20992K)->0K(23552K) From: 39520K(39936K)->42144K(72704K)
[6.962s][info][gc,heap        ] GC(124) ParOldGen: 1084403K(1129472K)->1103075K(1129472K)
[6.962s][info][gc,metaspace   ] GC(124) Metaspace: 6300K(6464K)->6300K(6464K) NonClass: 5766K(5824K)->5766K(5824K) Class: 533K(640K)->533K(640K)
[6.962s][info][gc             ] GC(124) Pause Young (Allocation Failure) 1118M->1118M(1197M) 32.417ms
[6.962s][info][gc,cpu         ] GC(124) User=0.14s Sys=0.00s Real=0.03s
[6.962s][info][gc,start       ] GC(125) Pause Full (Ergonomics)
[6.962s][info][gc,phases,start] GC(125) Marking Phase
[7.216s][info][gc,phases      ] GC(125) Marking Phase 253.961ms
[7.216s][info][gc,phases,start] GC(125) Summary Phase
[7.216s][info][gc,phases      ] GC(125) Summary Phase 0.028ms
[7.216s][info][gc,phases,start] GC(125) Adjust Roots
[7.216s][info][gc,phases      ] GC(125) Adjust Roots 0.150ms
[7.216s][info][gc,phases,start] GC(125) Compaction Phase
[7.320s][info][gc,phases      ] GC(125) Compaction Phase 103.498ms
[7.320s][info][gc,phases,start] GC(125) Post Compact
[7.322s][info][gc,phases      ] GC(125) Post Compact 1.742ms
[7.322s][info][gc,heap        ] GC(125) PSYoungGen: 42144K(96256K)->14332K(99328K) Eden: 0K(23552K)->0K(26624K) From: 42144K(72704K)->14332K(72704K)
[7.322s][info][gc,heap        ] GC(125) ParOldGen: 1103075K(1129472K)->1129235K(1247744K)
[7.322s][info][gc,metaspace   ] GC(125) Metaspace: 6300K(6464K)->6300K(6464K) NonClass: 5766K(5824K)->5766K(5824K) Class: 533K(640K)->533K(640K)
[7.322s][info][gc             ] GC(125) Pause Full (Ergonomics) 1118M->1116M(1315M) 360.113ms
[7.322s][info][gc,cpu         ] GC(125) User=2.47s Sys=0.05s Real=0.36s
[7.354s][info][gc,start       ] GC(126) Pause Young (Allocation Failure)
[7.419s][info][gc,heap        ] GC(126) PSYoungGen: 40956K(99328K)->34048K(102912K) Eden: 26624K(26624K)->0K(26624K) From: 14332K(72704K)->34048K(76288K)
[7.419s][info][gc,heap        ] GC(126) ParOldGen: 1129235K(1247744K)->1136419K(1247744K)
[7.419s][info][gc,metaspace   ] GC(126) Metaspace: 6300K(6464K)->6300K(6464K) NonClass: 5766K(5824K)->5766K(5824K) Class: 533K(640K)->533K(640K)
[7.419s][info][gc             ] GC(126) Pause Young (Allocation Failure) 1142M->1143M(1319M) 65.904ms
[7.419s][info][gc,cpu         ] GC(126) User=0.39s Sys=0.00s Real=0.07s
[7.450s][info][gc,start       ] GC(127) Pause Young (Allocation Failure)
[7.482s][info][gc,heap        ] GC(127) PSYoungGen: 60672K(102912K)->60704K(99840K) Eden: 26624K(26624K)->0K(25600K) From: 34048K(76288K)->60704K(74240K)
[7.482s][info][gc,heap        ] GC(127) ParOldGen: 1136419K(1247744K)->1136419K(1247744K)
[7.482s][info][gc,metaspace   ] GC(127) Metaspace: 6300K(6464K)->6300K(6464K) NonClass: 5766K(5824K)->5766K(5824K) Class: 533K(640K)->533K(640K)
[7.482s][info][gc             ] GC(127) Pause Young (Allocation Failure) 1169M->1169M(1316M) 31.914ms
[7.482s][info][gc,cpu         ] GC(127) User=0.14s Sys=0.00s Real=0.03s
[7.514s][info][gc,start       ] GC(128) Pause Young (Allocation Failure)
[7.558s][info][gc,heap        ] GC(128) PSYoungGen: 86304K(99840K)->78336K(103936K) Eden: 25600K(25600K)->0K(25600K) From: 60704K(74240K)->78336K(78336K)
[7.558s][info][gc,heap        ] GC(128) ParOldGen: 1136419K(1247744K)->1144539K(1247744K)
[7.558s][info][gc,metaspace   ] GC(128) Metaspace: 6300K(6464K)->6300K(6464K) NonClass: 5766K(5824K)->5766K(5824K) Class: 533K(640K)->533K(640K)
[7.558s][info][gc             ] GC(128) Pause Young (Allocation Failure) 1194M->1194M(1320M) 44.266ms
[7.558s][info][gc,cpu         ] GC(128) User=0.27s Sys=0.00s Real=0.04s
[7.588s][info][gc,start       ] GC(129) Pause Young (Allocation Failure)
[7.647s][info][gc,heap        ] GC(129) PSYoungGen: 103936K(103936K)->51040K(115200K) Eden: 25600K(25600K)->0K(28672K) From: 78336K(78336K)->51040K(86528K)
[7.647s][info][gc,heap        ] GC(129) ParOldGen: 1144539K(1247744K)->1198099K(1247744K)
[7.647s][info][gc,metaspace   ] GC(129) Metaspace: 6300K(6464K)->6300K(6464K) NonClass: 5766K(5824K)->5766K(5824K) Class: 533K(640K)->533K(640K)
[7.647s][info][gc             ] GC(129) Pause Young (Allocation Failure) 1219M->1219M(1331M) 59.483ms
[7.647s][info][gc,cpu         ] GC(129) User=0.31s Sys=0.06s Real=0.06s
[7.682s][info][gc,start       ] GC(130) Pause Young (Allocation Failure)
[7.726s][info][gc,heap        ] GC(130) PSYoungGen: 79712K(115200K)->54464K(117248K) Eden: 28672K(28672K)->0K(28672K) From: 51040K(86528K)->54464K(88576K)
[7.726s][info][gc,heap        ] GC(130) ParOldGen: 1198099K(1247744K)->1223715K(1247744K)
[7.726s][info][gc,metaspace   ] GC(130) Metaspace: 6300K(6464K)->6300K(6464K) NonClass: 5766K(5824K)->5766K(5824K) Class: 533K(640K)->533K(640K)
[7.726s][info][gc             ] GC(130) Pause Young (Allocation Failure) 1247M->1248M(1333M) 43.972ms
[7.726s][info][gc,cpu         ] GC(130) User=0.23s Sys=0.02s Real=0.04s
[7.726s][info][gc,start       ] GC(131) Pause Full (Ergonomics)
[7.726s][info][gc,phases,start] GC(131) Marking Phase
[8.017s][info][gc,phases      ] GC(131) Marking Phase 291.423ms
[8.017s][info][gc,phases,start] GC(131) Summary Phase
[8.017s][info][gc,phases      ] GC(131) Summary Phase 0.042ms
[8.017s][info][gc,phases,start] GC(131) Adjust Roots
[8.018s][info][gc,phases      ] GC(131) Adjust Roots 0.208ms
[8.018s][info][gc,phases,start] GC(131) Compaction Phase
[8.129s][info][gc,phases      ] GC(131) Compaction Phase 111.719ms
[8.129s][info][gc,phases,start] GC(131) Post Compact
[8.131s][info][gc,phases      ] GC(131) Post Compact 2.023ms
[8.133s][info][gc,heap        ] GC(131) PSYoungGen: 54464K(117248K)->29168K(117248K) Eden: 0K(28672K)->0K(28672K) From: 54464K(88576K)->29168K(88576K)
[8.133s][info][gc,heap        ] GC(131) ParOldGen: 1223715K(1247744K)->1247358K(1384960K)
[8.133s][info][gc,metaspace   ] GC(131) Metaspace: 6300K(6464K)->6300K(6464K) NonClass: 5766K(5824K)->5766K(5824K) Class: 533K(640K)->533K(640K)
[8.133s][info][gc             ] GC(131) Pause Full (Ergonomics) 1248M->1246M(1467M) 407.081ms
[8.133s][info][gc,cpu         ] GC(131) User=3.00s Sys=0.06s Real=0.41s
[8.169s][info][gc,start       ] GC(132) Pause Young (Allocation Failure)
[8.251s][info][gc,heap        ] GC(132) PSYoungGen: 57840K(117248K)->42528K(112128K) Eden: 28672K(28672K)->0K(31744K) From: 29168K(88576K)->42528K(80384K)
[8.251s][info][gc,heap        ] GC(132) ParOldGen: 1247358K(1384960K)->1261158K(1384960K)
[8.251s][info][gc,metaspace   ] GC(132) Metaspace: 6300K(6464K)->6300K(6464K) NonClass: 5766K(5824K)->5766K(5824K) Class: 533K(640K)->533K(640K)
[8.251s][info][gc             ] GC(132) Pause Young (Allocation Failure) 1274M->1273M(1462M) 82.287ms
[8.251s][info][gc,cpu         ] GC(132) User=0.50s Sys=0.02s Real=0.08s
[8.277s][info][gc,start       ] GC(133) Pause Young (Allocation Failure)
[8.309s][info][gc,heap        ] GC(133) PSYoungGen: 74272K(112128K)->58976K(115712K) Eden: 31744K(31744K)->0K(31744K) From: 42528K(80384K)->58976K(83968K)
[8.309s][info][gc,heap        ] GC(133) ParOldGen: 1261158K(1384960K)->1261158K(1384960K)
[8.309s][info][gc,metaspace   ] GC(133) Metaspace: 6300K(6464K)->6300K(6464K) NonClass: 5766K(5824K)->5766K(5824K) Class: 533K(640K)->533K(640K)
[8.309s][info][gc             ] GC(133) Pause Young (Allocation Failure) 1304M->1289M(1465M) 32.383ms
[8.309s][info][gc,cpu         ] GC(133) User=0.16s Sys=0.00s Real=0.03s
[8.347s][info][gc,start       ] GC(134) Pause Young (Allocation Failure)
[8.407s][info][gc,heap        ] GC(134) PSYoungGen: 90720K(115712K)->73952K(114688K) Eden: 31744K(31744K)->0K(29696K) From: 58976K(83968K)->73952K(84992K)
[8.407s][info][gc,heap        ] GC(134) ParOldGen: 1261158K(1384960K)->1277006K(1384960K)
[8.407s][info][gc,metaspace   ] GC(134) Metaspace: 6300K(6464K)->6300K(6464K) NonClass: 5766K(5824K)->5766K(5824K) Class: 533K(640K)->533K(640K)
[8.407s][info][gc             ] GC(134) Pause Young (Allocation Failure) 1320M->1319M(1464M) 59.969ms
[8.407s][info][gc,cpu         ] GC(134) User=0.25s Sys=0.14s Real=0.06s
[8.444s][info][gc,start       ] GC(135) Pause Young (Allocation Failure)
[8.504s][info][gc,heap        ] GC(135) PSYoungGen: 103648K(114688K)->77056K(120320K) Eden: 29696K(29696K)->0K(29696K) From: 73952K(84992K)->77056K(90624K)
[8.504s][info][gc,heap        ] GC(135) ParOldGen: 1277006K(1384960K)->1304134K(1384960K)
[8.504s][info][gc,metaspace   ] GC(135) Metaspace: 6300K(6464K)->6300K(6464K) NonClass: 5766K(5824K)->5766K(5824K) Class: 533K(640K)->533K(640K)
[8.504s][info][gc             ] GC(135) Pause Young (Allocation Failure) 1348M->1348M(1470M) 60.493ms
[8.504s][info][gc,cpu         ] GC(135) User=0.34s Sys=0.14s Real=0.06s
[8.540s][info][gc,start       ] GC(136) Pause Young (Allocation Failure)
[8.611s][info][gc,heap        ] GC(136) PSYoungGen: 106752K(120320K)->90272K(120320K) Eden: 29696K(29696K)->0K(24064K) From: 77056K(90624K)->90272K(96256K)
[8.611s][info][gc,heap        ] GC(136) ParOldGen: 1304134K(1384960K)->1320846K(1384960K)
[8.611s][info][gc,metaspace   ] GC(136) Metaspace: 6300K(6464K)->6300K(6464K) NonClass: 5766K(5824K)->5766K(5824K) Class: 533K(640K)->533K(640K)
[8.611s][info][gc             ] GC(136) Pause Young (Allocation Failure) 1377M->1378M(1470M) 70.947ms
[8.611s][info][gc,cpu         ] GC(136) User=0.28s Sys=0.12s Real=0.07s
[8.931s][info][gc,start       ] GC(137) Pause Young (Allocation Failure)
[9.040s][info][gc,heap        ] GC(137) PSYoungGen: 114336K(120320K)->53952K(78336K) Eden: 24064K(24064K)->0K(24064K) From: 90272K(96256K)->53952K(54272K)
[9.040s][info][gc,heap        ] GC(137) ParOldGen: 1386382K(1451008K)->1447566K(1451008K)
[9.040s][info][gc,metaspace   ] GC(137) Metaspace: 6300K(6464K)->6300K(6464K) NonClass: 5766K(5824K)->5766K(5824K) Class: 533K(640K)->533K(640K)
[9.040s][info][gc             ] GC(137) Pause Young (Allocation Failure) 1465M->1466M(1493M) 108.950ms
[9.040s][info][gc,cpu         ] GC(137) User=0.53s Sys=0.23s Real=0.11s
[9.040s][info][gc,start       ] GC(138) Pause Full (Ergonomics)
[9.040s][info][gc,phases,start] GC(138) Marking Phase
[9.368s][info][gc,phases      ] GC(138) Marking Phase 328.056ms
[9.368s][info][gc,phases,start] GC(138) Summary Phase
[9.369s][info][gc,phases      ] GC(138) Summary Phase 0.032ms
[9.369s][info][gc,phases,start] GC(138) Adjust Roots
[9.369s][info][gc,phases      ] GC(138) Adjust Roots 0.256ms
[9.369s][info][gc,phases,start] GC(138) Compaction Phase
[9.718s][info][gc,phases      ] GC(138) Compaction Phase 349.388ms
[9.718s][info][gc,phases,start] GC(138) Post Compact
[9.721s][info][gc,phases      ] GC(138) Post Compact 2.627ms
[9.722s][info][gc,heap        ] GC(138) PSYoungGen: 53952K(78336K)->15892K(78336K) Eden: 0K(24064K)->0K(24064K) From: 53952K(54272K)->15892K(54272K)
[9.722s][info][gc,heap        ] GC(138) ParOldGen: 1447566K(1451008K)->1450523K(1605120K)
[9.722s][info][gc,metaspace   ] GC(138) Metaspace: 6300K(6464K)->6300K(6464K) NonClass: 5766K(5824K)->5766K(5824K) Class: 533K(640K)->533K(640K)
[9.722s][info][gc             ] GC(138) Pause Full (Ergonomics) 1466M->1432M(1644M) 681.261ms
[9.722s][info][gc,cpu         ] GC(138) User=4.69s Sys=0.02s Real=0.68s
[9.747s][info][gc,start       ] GC(139) Pause Young (Allocation Failure)
[9.828s][info][gc,heap        ] GC(139) PSYoungGen: 39956K(78336K)->34624K(126464K) Eden: 24064K(24064K)->0K(26624K) From: 15892K(54272K)->34624K(99840K)
[9.828s][info][gc,heap        ] GC(139) ParOldGen: 1450523K(1605120K)->1456139K(1605120K)
[9.828s][info][gc,metaspace   ] GC(139) Metaspace: 6300K(6464K)->6300K(6464K) NonClass: 5766K(5824K)->5766K(5824K) Class: 533K(640K)->533K(640K)
[9.828s][info][gc             ] GC(139) Pause Young (Allocation Failure) 1455M->1455M(1691M) 81.259ms
[9.828s][info][gc,cpu         ] GC(139) User=0.39s Sys=0.00s Real=0.08s
[9.853s][info][gc,start       ] GC(140) Pause Young (Allocation Failure)
[9.886s][info][gc,heap        ] GC(140) PSYoungGen: 61248K(126464K)->61248K(127488K) Eden: 26624K(26624K)->0K(26624K) From: 34624K(99840K)->61248K(100864K)
[9.886s][info][gc,heap        ] GC(140) ParOldGen: 1456139K(1605120K)->1456139K(1605120K)
[9.886s][info][gc,metaspace   ] GC(140) Metaspace: 6300K(6464K)->6300K(6464K) NonClass: 5766K(5824K)->5766K(5824K) Class: 533K(640K)->533K(640K)
[9.886s][info][gc             ] GC(140) Pause Young (Allocation Failure) 1481M->1481M(1692M) 32.733ms
[9.886s][info][gc,cpu         ] GC(140) User=0.06s Sys=0.00s Real=0.03s
[9.911s][info][gc,start       ] GC(141) Pause Young (Allocation Failure)
[9.953s][info][gc,heap        ] GC(141) PSYoungGen: 87872K(127488K)->87936K(120832K) Eden: 26624K(26624K)->0K(22016K) From: 61248K(100864K)->87936K(98816K)
[9.953s][info][gc,heap        ] GC(141) ParOldGen: 1456139K(1605120K)->1456139K(1605120K)
[9.953s][info][gc,metaspace   ] GC(141) Metaspace: 6300K(6464K)->6300K(6464K) NonClass: 5766K(5824K)->5766K(5824K) Class: 533K(640K)->533K(640K)
[9.953s][info][gc             ] GC(141) Pause Young (Allocation Failure) 1507M->1507M(1685M) 41.680ms
[9.953s][info][gc,cpu         ] GC(141) User=0.27s Sys=0.00s Real=0.04s
[9.975s][info][gc,start       ] GC(142) Pause Young (Allocation Failure)
[10.028s][info][gc,heap        ] GC(142) PSYoungGen: 109952K(120832K)->99520K(128512K) Eden: 22016K(22016K)->0K(22016K) From: 87936K(98816K)->99520K(106496K)
[10.028s][info][gc,heap        ] GC(142) ParOldGen: 1456139K(1605120K)->1466691K(1605120K)
[10.028s][info][gc,metaspace   ] GC(142) Metaspace: 6300K(6464K)->6300K(6464K) NonClass: 5766K(5824K)->5766K(5824K) Class: 533K(640K)->533K(640K)
[10.028s][info][gc             ] GC(142) Pause Young (Allocation Failure) 1529M->1529M(1693M) 52.792ms
[10.028s][info][gc,cpu         ] GC(142) User=0.42s Sys=0.08s Real=0.05s
[10.051s][info][gc,start       ] GC(143) Pause Young (Allocation Failure)
[10.128s][info][gc,heap        ] GC(143) PSYoungGen: 121536K(128512K)->70848K(137216K) Eden: 22016K(22016K)->0K(25088K) From: 99520K(106496K)->70848K(112128K)
[10.128s][info][gc,heap        ] GC(143) ParOldGen: 1466691K(1605120K)->1518091K(1605120K)
[10.128s][info][gc,metaspace   ] GC(143) Metaspace: 6300K(6464K)->6300K(6464K) NonClass: 5766K(5824K)->5766K(5824K) Class: 533K(640K)->533K(640K)
[10.128s][info][gc             ] GC(143) Pause Young (Allocation Failure) 1551M->1551M(1701M) 76.897ms
[10.128s][info][gc,cpu         ] GC(143) User=0.41s Sys=0.09s Real=0.08s
[10.153s][info][gc,start       ] GC(144) Pause Young (Allocation Failure)
[10.218s][info][gc,heap        ] GC(144) PSYoungGen: 95936K(137216K)->47296K(139264K) Eden: 25088K(25088K)->0K(25088K) From: 70848K(112128K)->47296K(114176K)
[10.218s][info][gc,heap        ] GC(144) ParOldGen: 1518091K(1605120K)->1567419K(1605120K)
[10.218s][info][gc,metaspace   ] GC(144) Metaspace: 6300K(6464K)->6300K(6464K) NonClass: 5766K(5824K)->5766K(5824K) Class: 533K(640K)->533K(640K)
[10.219s][info][gc             ] GC(144) Pause Young (Allocation Failure) 1576M->1576M(1703M) 65.484ms
[10.219s][info][gc,cpu         ] GC(144) User=0.23s Sys=0.17s Real=0.06s
[10.219s][info][gc,start       ] GC(145) Pause Full (Ergonomics)
[10.219s][info][gc,phases,start] GC(145) Marking Phase
[10.569s][info][gc,phases      ] GC(145) Marking Phase 350.324ms
[10.569s][info][gc,phases,start] GC(145) Summary Phase
[10.569s][info][gc,phases      ] GC(145) Summary Phase 0.044ms
[10.569s][info][gc,phases,start] GC(145) Adjust Roots
[10.569s][info][gc,phases      ] GC(145) Adjust Roots 0.187ms
[10.569s][info][gc,phases,start] GC(145) Compaction Phase
[10.732s][info][gc,phases      ] GC(145) Compaction Phase 163.084ms
[10.732s][info][gc,phases,start] GC(145) Post Compact
[10.735s][info][gc,phases      ] GC(145) Post Compact 3.070ms
[10.737s][info][gc,heap        ] GC(145) PSYoungGen: 47296K(139264K)->7704K(139264K) Eden: 0K(25088K)->0K(25088K) From: 47296K(114176K)->7704K(114176K)
[10.737s][info][gc,heap        ] GC(145) ParOldGen: 1567419K(1605120K)->1604963K(1780736K)
[10.737s][info][gc,metaspace   ] GC(145) Metaspace: 6300K(6464K)->6300K(6464K) NonClass: 5766K(5824K)->5766K(5824K) Class: 533K(640K)->533K(640K)
[10.737s][info][gc             ] GC(145) Pause Full (Ergonomics) 1576M->1574M(1875M) 518.831ms
[10.737s][info][gc,cpu         ] GC(145) User=3.66s Sys=0.03s Real=0.52s
[10.763s][info][gc,start       ] GC(146) Pause Young (Allocation Failure)
[10.845s][info][gc,heap        ] GC(146) PSYoungGen: 32792K(139264K)->25248K(139776K) Eden: 25088K(25088K)->0K(27648K) From: 7704K(114176K)->25248K(112128K)
[10.845s][info][gc,heap        ] GC(146) ParOldGen: 1604963K(1780736K)->1612811K(1780736K)
[10.845s][info][gc,metaspace   ] GC(146) Metaspace: 6300K(6464K)->6300K(6464K) NonClass: 5766K(5824K)->5766K(5824K) Class: 533K(640K)->533K(640K)
[10.845s][info][gc             ] GC(146) Pause Young (Allocation Failure) 1599M->1599M(1875M) 82.117ms
[10.845s][info][gc,cpu         ] GC(146) User=0.47s Sys=0.00s Real=0.08s
[10.875s][info][gc,start       ] GC(147) Pause Young (Allocation Failure)
[10.912s][info][gc,heap        ] GC(147) PSYoungGen: 52896K(139776K)->27808K(140800K) Eden: 27648K(27648K)->0K(27648K) From: 25248K(112128K)->27808K(113152K)
[10.912s][info][gc,heap        ] GC(147) ParOldGen: 1612811K(1780736K)->1638283K(1780736K)
[10.912s][info][gc,metaspace   ] GC(147) Metaspace: 6300K(6464K)->6300K(6464K) NonClass: 5766K(5824K)->5766K(5824K) Class: 533K(640K)->533K(640K)
[10.912s][info][gc             ] GC(147) Pause Young (Allocation Failure) 1626M->1627M(1876M) 36.936ms
[10.912s][info][gc,cpu         ] GC(147) User=0.14s Sys=0.11s Real=0.04s
[10.939s][info][gc,start       ] GC(148) Pause Young (Allocation Failure)
[10.977s][info][gc,heap        ] GC(148) PSYoungGen: 55456K(140800K)->27776K(141824K) Eden: 27648K(27648K)->0K(30720K) From: 27808K(113152K)->27776K(111104K)
[10.977s][info][gc,heap        ] GC(148) ParOldGen: 1638283K(1780736K)->1666371K(1780736K)
[10.977s][info][gc,metaspace   ] GC(148) Metaspace: 6300K(6464K)->6300K(6464K) NonClass: 5766K(5824K)->5766K(5824K) Class: 533K(640K)->533K(640K)
[10.977s][info][gc             ] GC(148) Pause Young (Allocation Failure) 1654M->1654M(1877M) 38.064ms
[10.977s][info][gc,cpu         ] GC(148) User=0.14s Sys=0.12s Real=0.04s
[11.008s][info][gc,start       ] GC(149) Pause Young (Allocation Failure)
[11.047s][info][gc,heap        ] GC(149) PSYoungGen: 58496K(141824K)->30880K(142848K) Eden: 30720K(30720K)->0K(30720K) From: 27776K(111104K)->30880K(112128K)
[11.047s][info][gc,heap        ] GC(149) ParOldGen: 1666371K(1780736K)->1694451K(1780736K)
[11.047s][info][gc,metaspace   ] GC(149) Metaspace: 6300K(6464K)->6300K(6464K) NonClass: 5766K(5824K)->5766K(5824K) Class: 533K(640K)->533K(640K)
[11.048s][info][gc             ] GC(149) Pause Young (Allocation Failure) 1684M->1684M(1878M) 39.728ms
[11.048s][info][gc,cpu         ] GC(149) User=0.14s Sys=0.05s Real=0.04s
[11.080s][info][gc,start       ] GC(150) Pause Young (Allocation Failure)
[11.122s][info][gc,heap        ] GC(150) PSYoungGen: 61600K(142848K)->30848K(138752K) Eden: 30720K(30720K)->0K(34304K) From: 30880K(112128K)->30848K(104448K)
[11.122s][info][gc,heap        ] GC(150) ParOldGen: 1694451K(1780736K)->1725643K(1780736K)
[11.122s][info][gc,metaspace   ] GC(150) Metaspace: 6300K(6464K)->6300K(6464K) NonClass: 5766K(5824K)->5766K(5824K) Class: 533K(640K)->533K(640K)
[11.122s][info][gc             ] GC(150) Pause Young (Allocation Failure) 1714M->1715M(1874M) 41.631ms
[11.122s][info][gc,cpu         ] GC(150) User=0.19s Sys=0.08s Real=0.04s
[11.122s][info][gc,start       ] GC(151) Pause Full (Ergonomics)
[11.122s][info][gc,phases,start] GC(151) Marking Phase
[11.494s][info][gc,phases      ] GC(151) Marking Phase 371.461ms
[11.494s][info][gc,phases,start] GC(151) Summary Phase
[11.494s][info][gc,phases      ] GC(151) Summary Phase 0.065ms
[11.494s][info][gc,phases,start] GC(151) Adjust Roots
[11.494s][info][gc,phases      ] GC(151) Adjust Roots 0.209ms
[11.494s][info][gc,phases,start] GC(151) Compaction Phase
[11.662s][info][gc,phases      ] GC(151) Compaction Phase 168.452ms
[11.662s][info][gc,phases,start] GC(151) Post Compact
[11.665s][info][gc,phases      ] GC(151) Post Compact 2.715ms
[11.666s][info][gc,heap        ] GC(151) PSYoungGen: 30848K(138752K)->0K(141312K) Eden: 0K(34304K)->0K(34304K) From: 30848K(104448K)->0K(107008K)
[11.666s][info][gc,heap        ] GC(151) ParOldGen: 1725643K(1780736K)->1754343K(1934848K)
[11.666s][info][gc,metaspace   ] GC(151) Metaspace: 6300K(6464K)->6300K(6464K) NonClass: 5766K(5824K)->5766K(5824K) Class: 533K(640K)->533K(640K)
[11.667s][info][gc             ] GC(151) Pause Full (Ergonomics) 1715M->1713M(2027M) 544.441ms
[11.667s][info][gc,cpu         ] GC(151) User=3.80s Sys=0.08s Real=0.54s
[11.708s][info][gc,start       ] GC(152) Pause Young (Allocation Failure)
[11.735s][info][gc,heap        ] GC(152) PSYoungGen: 34304K(141312K)->34496K(137216K) Eden: 34304K(34304K)->0K(37888K) From: 0K(107008K)->34496K(99328K)
[11.735s][info][gc,heap        ] GC(152) ParOldGen: 1754343K(1934848K)->1754343K(1934848K)
[11.735s][info][gc,metaspace   ] GC(152) Metaspace: 6300K(6464K)->6300K(6464K) NonClass: 5766K(5824K)->5766K(5824K) Class: 533K(640K)->533K(640K)
[11.735s][info][gc             ] GC(152) Pause Young (Allocation Failure) 1746M->1746M(2023M) 26.487ms
[11.735s][info][gc,cpu         ] GC(152) User=0.05s Sys=0.00s Real=0.03s
[11.774s][info][gc,start       ] GC(153) Pause Young (Allocation Failure)
[11.814s][info][gc,heap        ] GC(153) PSYoungGen: 72384K(137216K)->72416K(141312K) Eden: 37888K(37888K)->0K(37888K) From: 34496K(99328K)->72416K(103424K)
[11.814s][info][gc,heap        ] GC(153) ParOldGen: 1754343K(1934848K)->1754343K(1934848K)
[11.814s][info][gc,metaspace   ] GC(153) Metaspace: 6300K(6464K)->6300K(6464K) NonClass: 5766K(5824K)->5766K(5824K) Class: 533K(640K)->533K(640K)
[11.814s][info][gc             ] GC(153) Pause Young (Allocation Failure) 1783M->1783M(2027M) 40.231ms
[11.814s][info][gc,cpu         ] GC(153) User=0.14s Sys=0.00s Real=0.04s
[11.853s][info][gc,start       ] GC(154) Pause Young (Allocation Failure)
[11.917s][info][gc,heap        ] GC(154) PSYoungGen: 110304K(141312K)->107520K(132608K) Eden: 37888K(37888K)->0K(25088K) From: 72416K(103424K)->107520K(107520K)
[11.917s][info][gc,heap        ] GC(154) ParOldGen: 1754343K(1934848K)->1757111K(1934848K)
[11.917s][info][gc,metaspace   ] GC(154) Metaspace: 6300K(6464K)->6300K(6464K) NonClass: 5766K(5824K)->5766K(5824K) Class: 533K(640K)->533K(640K)
[11.917s][info][gc             ] GC(154) Pause Young (Allocation Failure) 1820M->1820M(2019M) 63.990ms
[11.917s][info][gc,cpu         ] GC(154) User=0.25s Sys=0.14s Real=0.06s
[11.944s][info][gc,start       ] GC(155) Pause Young (Allocation Failure)
[12.030s][info][gc,heap        ] GC(155) PSYoungGen: 132608K(132608K)->62752K(88064K) Eden: 25088K(25088K)->0K(25088K) From: 107520K(107520K)->62752K(62976K)
[12.030s][info][gc,heap        ] GC(155) ParOldGen: 1757111K(1934848K)->1828063K(1934848K)
[12.030s][info][gc,metaspace   ] GC(155) Metaspace: 6300K(6464K)->6300K(6464K) NonClass: 5766K(5824K)->5766K(5824K) Class: 533K(640K)->533K(640K)
[12.030s][info][gc             ] GC(155) Pause Young (Allocation Failure) 1845M->1846M(1975M) 85.914ms
[12.030s][info][gc,cpu         ] GC(155) User=0.39s Sys=0.36s Real=0.09s
[12.058s][info][gc,start       ] GC(156) Pause Young (Allocation Failure)
[12.111s][info][gc,heap        ] GC(156) PSYoungGen: 87840K(88064K)->50336K(137728K) Eden: 25088K(25088K)->0K(28160K) From: 62752K(62976K)->50336K(109568K)
[12.111s][info][gc,heap        ] GC(156) ParOldGen: 1828063K(1934848K)->1866079K(1934848K)
[12.111s][info][gc,metaspace   ] GC(156) Metaspace: 6300K(6464K)->6300K(6464K) NonClass: 5766K(5824K)->5766K(5824K) Class: 533K(640K)->533K(640K)
[12.111s][info][gc             ] GC(156) Pause Young (Allocation Failure) 1870M->1871M(2024M) 53.654ms
[12.111s][info][gc,cpu         ] GC(156) User=0.17s Sys=0.20s Real=0.05s
[12.111s][info][gc,start       ] GC(157) Pause Full (Ergonomics)
[12.111s][info][gc,phases,start] GC(157) Marking Phase
[12.528s][info][gc,phases      ] GC(157) Marking Phase 416.777ms
[12.528s][info][gc,phases,start] GC(157) Summary Phase
[12.528s][info][gc,phases      ] GC(157) Summary Phase 0.052ms
[12.528s][info][gc,phases,start] GC(157) Adjust Roots
[12.529s][info][gc,phases      ] GC(157) Adjust Roots 0.159ms
[12.529s][info][gc,phases,start] GC(157) Compaction Phase
[12.698s][info][gc,phases      ] GC(157) Compaction Phase 168.937ms
[12.698s][info][gc,phases,start] GC(157) Post Compact
[12.701s][info][gc,phases      ] GC(157) Post Compact 3.750ms
[12.703s][info][gc,heap        ] GC(157) PSYoungGen: 50336K(137728K)->0K(142848K) Eden: 0K(28160K)->0K(28160K) From: 50336K(109568K)->0K(114688K)
[12.703s][info][gc,heap        ] GC(157) ParOldGen: 1866079K(1934848K)->1914450K(2120704K)
[12.703s][info][gc,metaspace   ] GC(157) Metaspace: 6300K(6464K)->6300K(6464K) NonClass: 5766K(5824K)->5766K(5824K) Class: 533K(640K)->533K(640K)
[12.703s][info][gc             ] GC(157) Pause Full (Ergonomics) 1871M->1869M(2210M) 591.949ms
[12.703s][info][gc,cpu         ] GC(157) User=4.22s Sys=0.09s Real=0.59s
[12.736s][info][gc,start       ] GC(158) Pause Young (Allocation Failure)
[12.760s][info][gc,heap        ] GC(158) PSYoungGen: 28160K(142848K)->28352K(142336K) Eden: 28160K(28160K)->0K(31232K) From: 0K(114688K)->28352K(111104K)
[12.761s][info][gc,heap        ] GC(158) ParOldGen: 1914450K(2120704K)->1914450K(2120704K)
[12.761s][info][gc,metaspace   ] GC(158) Metaspace: 6300K(6464K)->6300K(6464K) NonClass: 5766K(5824K)->5766K(5824K) Class: 533K(640K)->533K(640K)
[12.761s][info][gc             ] GC(158) Pause Young (Allocation Failure) 1897M->1897M(2210M) 24.276ms
[12.761s][info][gc,cpu         ] GC(158) User=0.03s Sys=0.00s Real=0.02s
[12.798s][info][gc,start       ] GC(159) Pause Young (Allocation Failure)
[12.833s][info][gc,heap        ] GC(159) PSYoungGen: 59584K(142336K)->59552K(91136K) Eden: 31232K(31232K)->0K(31232K) From: 28352K(111104K)->59552K(59904K)
[12.833s][info][gc,heap        ] GC(159) ParOldGen: 1914450K(2120704K)->1914450K(2120704K)
[12.833s][info][gc,metaspace   ] GC(159) Metaspace: 6300K(6464K)->6300K(6464K) NonClass: 5766K(5824K)->5766K(5824K) Class: 533K(640K)->533K(640K)
[12.833s][info][gc             ] GC(159) Pause Young (Allocation Failure) 1927M->1927M(2160M) 34.311ms
[12.833s][info][gc,cpu         ] GC(159) User=0.16s Sys=0.00s Real=0.03s
[12.867s][info][gc,start       ] GC(160) Pause Young (Allocation Failure)
[12.913s][info][gc,heap        ] GC(160) PSYoungGen: 90784K(91136K)->90880K(135680K) Eden: 31232K(31232K)->0K(26112K) From: 59552K(59904K)->90880K(109568K)
[12.913s][info][gc,heap        ] GC(160) ParOldGen: 1914450K(2120704K)->1914450K(2120704K)
[12.913s][info][gc,metaspace   ] GC(160) Metaspace: 6300K(6464K)->6300K(6464K) NonClass: 5766K(5824K)->5766K(5824K) Class: 533K(640K)->533K(640K)
[12.913s][info][gc             ] GC(160) Pause Young (Allocation Failure) 1958M->1958M(2203M) 45.160ms
[12.913s][info][gc,cpu         ] GC(160) User=0.22s Sys=0.00s Real=0.04s
[12.944s][info][gc,start       ] GC(161) Pause Young (Allocation Failure)
[13.002s][info][gc,heap        ] GC(161) PSYoungGen: 116992K(135680K)->116960K(143872K) Eden: 26112K(26112K)->0K(26112K) From: 90880K(109568K)->116960K(117760K)
[13.002s][info][gc,heap        ] GC(161) ParOldGen: 1914450K(2120704K)->1914450K(2120704K)
[13.002s][info][gc,metaspace   ] GC(161) Metaspace: 6300K(6464K)->6300K(6464K) NonClass: 5766K(5824K)->5766K(5824K) Class: 533K(640K)->533K(640K)
[13.002s][info][gc             ] GC(161) Pause Young (Allocation Failure) 1983M->1983M(2211M) 58.423ms
[13.002s][info][gc,cpu         ] GC(161) User=0.50s Sys=0.00s Real=0.06s
[13.030s][info][gc,start       ] GC(162) Pause Young (Allocation Failure)
[13.114s][info][gc,heap        ] GC(162) PSYoungGen: 143072K(143872K)->114944K(151552K) Eden: 26112K(26112K)->0K(17408K) From: 116960K(117760K)->114944K(134144K)
[13.114s][info][gc,heap        ] GC(162) ParOldGen: 1914450K(2120704K)->1943018K(2120704K)
[13.114s][info][gc,metaspace   ] GC(162) Metaspace: 6300K(6464K)->6300K(6464K) NonClass: 5766K(5824K)->5766K(5824K) Class: 533K(640K)->533K(640K)
[13.114s][info][gc             ] GC(162) Pause Young (Allocation Failure) 2009M->2009M(2219M) 83.878ms
[13.114s][info][gc,cpu         ] GC(162) User=0.33s Sys=0.17s Real=0.08s
[13.133s][info][gc,start       ] GC(163) Pause Young (Allocation Failure)
[13.204s][info][gc,heap        ] GC(163) PSYoungGen: 132352K(151552K)->101088K(163328K) Eden: 17408K(17408K)->0K(17408K) From: 114944K(134144K)->101088K(145920K)
[13.204s][info][gc,heap        ] GC(163) ParOldGen: 1943018K(2120704K)->1974714K(2120704K)
[13.204s][info][gc,metaspace   ] GC(163) Metaspace: 6300K(6464K)->6300K(6464K) NonClass: 5766K(5824K)->5766K(5824K) Class: 533K(640K)->533K(640K)
[13.204s][info][gc             ] GC(163) Pause Young (Allocation Failure) 2026M->2027M(2230M) 71.488ms
[13.205s][info][gc,cpu         ] GC(163) User=0.44s Sys=0.03s Real=0.07s
[13.224s][info][gc,start       ] GC(164) Pause Young (Allocation Failure)
[13.302s][info][gc,heap        ] GC(164) PSYoungGen: 118496K(163328K)->61088K(158208K) Eden: 17408K(17408K)->0K(19968K) From: 101088K(145920K)->61088K(138240K)
[13.302s][info][gc,heap        ] GC(164) ParOldGen: 1974714K(2120704K)->2032890K(2120704K)
[13.302s][info][gc,metaspace   ] GC(164) Metaspace: 6300K(6464K)->6300K(6464K) NonClass: 5766K(5824K)->5766K(5824K) Class: 533K(640K)->533K(640K)
[13.302s][info][gc             ] GC(164) Pause Young (Allocation Failure) 2044M->2044M(2225M) 77.852ms
[13.302s][info][gc,cpu         ] GC(164) User=0.36s Sys=0.16s Real=0.08s
[13.322s][info][gc,start       ] GC(165) Pause Young (Allocation Failure)
[13.376s][info][gc,heap        ] GC(165) PSYoungGen: 81056K(158208K)->37504K(164352K) Eden: 19968K(19968K)->0K(19968K) From: 61088K(138240K)->37504K(144384K)
[13.376s][info][gc,heap        ] GC(165) ParOldGen: 2032890K(2120704K)->2077042K(2120704K)
[13.376s][info][gc,metaspace   ] GC(165) Metaspace: 6300K(6464K)->6300K(6464K) NonClass: 5766K(5824K)->5766K(5824K) Class: 533K(640K)->533K(640K)
[13.376s][info][gc             ] GC(165) Pause Young (Allocation Failure) 2064M->2064M(2231M) 53.786ms
[13.376s][info][gc,cpu         ] GC(165) User=0.27s Sys=0.09s Real=0.05s
[13.376s][info][gc,start       ] GC(166) Pause Full (Ergonomics)
[13.376s][info][gc,phases,start] GC(166) Marking Phase
[13.836s][info][gc,phases      ] GC(166) Marking Phase 459.755ms
[13.836s][info][gc,phases,start] GC(166) Summary Phase
[13.836s][info][gc,phases      ] GC(166) Summary Phase 0.053ms
[13.836s][info][gc,phases,start] GC(166) Adjust Roots
[13.836s][info][gc,phases      ] GC(166) Adjust Roots 0.171ms
[13.836s][info][gc,phases,start] GC(166) Compaction Phase
[14.024s][info][gc,phases      ] GC(166) Compaction Phase 187.878ms
[14.024s][info][gc,phases,start] GC(166) Post Compact
[14.027s][info][gc,phases      ] GC(166) Post Compact 3.418ms
[14.029s][info][gc,heap        ] GC(166) PSYoungGen: 37504K(164352K)->0K(165888K) Eden: 0K(19968K)->0K(23040K) From: 37504K(144384K)->0K(142848K)
[14.029s][info][gc,heap        ] GC(166) ParOldGen: 2077042K(2120704K)->2111844K(2338816K)
[14.029s][info][gc,metaspace   ] GC(166) Metaspace: 6300K(6464K)->6300K(6464K) NonClass: 5766K(5824K)->5766K(5824K) Class: 533K(640K)->533K(640K)
[14.029s][info][gc             ] GC(166) Pause Full (Ergonomics) 2064M->2062M(2446M) 653.191ms
[14.029s][info][gc,cpu         ] GC(166) User=4.73s Sys=0.06s Real=0.65s
[14.057s][info][gc,start       ] GC(167) Pause Young (Allocation Failure)
[14.078s][info][gc,heap        ] GC(167) PSYoungGen: 23040K(165888K)->23136K(165888K) Eden: 23040K(23040K)->0K(23040K) From: 0K(142848K)->23136K(142848K)
[14.078s][info][gc,heap        ] GC(167) ParOldGen: 2111844K(2338816K)->2111844K(2338816K)
[14.078s][info][gc,metaspace   ] GC(167) Metaspace: 6300K(6464K)->6300K(6464K) NonClass: 5766K(5824K)->5766K(5824K) Class: 533K(640K)->533K(640K)
[14.078s][info][gc             ] GC(167) Pause Young (Allocation Failure) 2084M->2084M(2446M) 20.917ms
[14.078s][info][gc,cpu         ] GC(167) User=0.02s Sys=0.00s Real=0.02s
[14.100s][info][gc,start       ] GC(168) Pause Young (Allocation Failure)
[14.133s][info][gc,heap        ] GC(168) PSYoungGen: 46176K(165888K)->23168K(165376K) Eden: 23040K(23040K)->0K(25600K) From: 23136K(142848K)->23168K(139776K)
[14.133s][info][gc,heap        ] GC(168) ParOldGen: 2111844K(2338816K)->2135244K(2338816K)
[14.133s][info][gc,metaspace   ] GC(168) Metaspace: 6300K(6464K)->6300K(6464K) NonClass: 5766K(5824K)->5766K(5824K) Class: 533K(640K)->533K(640K)
[14.133s][info][gc             ] GC(168) Pause Young (Allocation Failure) 2107M->2107M(2445M) 32.774ms
[14.133s][info][gc,cpu         ] GC(168) User=0.08s Sys=0.09s Real=0.03s
[14.160s][info][gc,start       ] GC(169) Pause Young (Allocation Failure)
[14.194s][info][gc,heap        ] GC(169) PSYoungGen: 48768K(165376K)->25760K(166912K) Eden: 25600K(25600K)->0K(25600K) From: 23168K(139776K)->25760K(141312K)
[14.195s][info][gc,heap        ] GC(169) ParOldGen: 2135244K(2338816K)->2158644K(2338816K)
[14.195s][info][gc,metaspace   ] GC(169) Metaspace: 6300K(6464K)->6300K(6464K) NonClass: 5766K(5824K)->5766K(5824K) Class: 533K(640K)->533K(640K)
[14.195s][info][gc             ] GC(169) Pause Young (Allocation Failure) 2132M->2133M(2447M) 34.479ms
[14.195s][info][gc,cpu         ] GC(169) User=0.14s Sys=0.03s Real=0.03s
[14.224s][info][gc,start       ] GC(170) Pause Young (Allocation Failure)
[14.260s][info][gc,heap        ] GC(170) PSYoungGen: 51360K(166912K)->25760K(161280K) Eden: 25600K(25600K)->0K(28672K) From: 25760K(141312K)->25760K(132608K)
[14.260s][info][gc,heap        ] GC(170) ParOldGen: 2158644K(2338816K)->2184636K(2338816K)
[14.260s][info][gc,metaspace   ] GC(170) Metaspace: 6300K(6464K)->6300K(6464K) NonClass: 5766K(5824K)->5766K(5824K) Class: 533K(640K)->533K(640K)
[14.260s][info][gc             ] GC(170) Pause Young (Allocation Failure) 2158M->2158M(2441M) 36.098ms
[14.260s][info][gc,cpu         ] GC(170) User=0.19s Sys=0.08s Real=0.04s
[14.296s][info][gc,start       ] GC(171) Pause Young (Allocation Failure)
[14.333s][info][gc,heap        ] GC(171) PSYoungGen: 54432K(161280K)->28864K(57856K) Eden: 28672K(28672K)->0K(28672K) From: 25760K(132608K)->28864K(29184K)
[14.333s][info][gc,heap        ] GC(171) ParOldGen: 2184636K(2338816K)->2210636K(2338816K)
[14.333s][info][gc,metaspace   ] GC(171) Metaspace: 6300K(6464K)->6300K(6464K) NonClass: 5766K(5824K)->5766K(5824K) Class: 533K(640K)->533K(640K)
[14.333s][info][gc             ] GC(171) Pause Young (Allocation Failure) 2186M->2187M(2340M) 36.842ms
[14.333s][info][gc,cpu         ] GC(171) User=0.09s Sys=0.16s Real=0.04s
[14.368s][info][gc,start       ] GC(172) Pause Young (Allocation Failure)
[14.409s][info][gc,heap        ] GC(172) PSYoungGen: 57536K(57856K)->28864K(154624K) Eden: 28672K(28672K)->0K(32256K) From: 28864K(29184K)->28864K(122368K)
[14.409s][info][gc,heap        ] GC(172) ParOldGen: 2210636K(2338816K)->2239764K(2338816K)
[14.409s][info][gc,metaspace   ] GC(172) Metaspace: 6300K(6464K)->6300K(6464K) NonClass: 5766K(5824K)->5766K(5824K) Class: 533K(640K)->533K(640K)
[14.409s][info][gc             ] GC(172) Pause Young (Allocation Failure) 2215M->2215M(2435M) 41.075ms
[14.409s][info][gc,cpu         ] GC(172) User=0.14s Sys=0.11s Real=0.04s
[14.446s][info][gc,start       ] GC(173) Pause Young (Allocation Failure)
[14.488s][info][gc,heap        ] GC(173) PSYoungGen: 61120K(154624K)->32416K(65024K) Eden: 32256K(32256K)->0K(32256K) From: 28864K(122368K)->32416K(32768K)
[14.488s][info][gc,heap        ] GC(173) ParOldGen: 2239764K(2338816K)->2268772K(2338816K)
[14.488s][info][gc,metaspace   ] GC(173) Metaspace: 6300K(6464K)->6300K(6464K) NonClass: 5766K(5824K)->5766K(5824K) Class: 533K(640K)->533K(640K)
[14.488s][info][gc             ] GC(173) Pause Young (Allocation Failure) 2246M->2247M(2347M) 42.200ms
[14.488s][info][gc,cpu         ] GC(173) User=0.23s Sys=0.02s Real=0.04s
[14.525s][info][gc,start       ] GC(174) Pause Young (Allocation Failure)
[14.570s][info][gc,heap        ] GC(174) PSYoungGen: 64672K(65024K)->32416K(147456K) Eden: 32256K(32256K)->0K(35840K) From: 32416K(32768K)->32416K(111616K)
[14.570s][info][gc,heap        ] GC(174) ParOldGen: 2268772K(2338816K)->2301324K(2338816K)
[14.570s][info][gc,metaspace   ] GC(174) Metaspace: 6300K(6464K)->6300K(6464K) NonClass: 5766K(5824K)->5766K(5824K) Class: 533K(640K)->533K(640K)
[14.570s][info][gc             ] GC(174) Pause Young (Allocation Failure) 2278M->2279M(2428M) 45.497ms
[14.570s][info][gc,cpu         ] GC(174) User=0.12s Sys=0.12s Real=0.05s
[14.570s][info][gc,start       ] GC(175) Pause Full (Ergonomics)
[14.570s][info][gc,phases,start] GC(175) Marking Phase
[15.071s][info][gc,phases      ] GC(175) Marking Phase 500.708ms
[15.071s][info][gc,phases,start] GC(175) Summary Phase
[15.071s][info][gc,phases      ] GC(175) Summary Phase 0.055ms
[15.071s][info][gc,phases,start] GC(175) Adjust Roots
[15.071s][info][gc,phases      ] GC(175) Adjust Roots 0.159ms
[15.071s][info][gc,phases,start] GC(175) Compaction Phase
[15.273s][info][gc,phases      ] GC(175) Compaction Phase 202.094ms
[15.273s][info][gc,phases,start] GC(175) Post Compact
[15.278s][info][gc,phases      ] GC(175) Post Compact 4.462ms
[15.280s][info][gc,heap        ] GC(175) PSYoungGen: 32416K(147456K)->0K(152576K) Eden: 0K(35840K)->0K(35840K) From: 32416K(111616K)->0K(116736K)
[15.280s][info][gc,heap        ] GC(175) ParOldGen: 2301324K(2338816K)->2330718K(2554368K)
[15.280s][info][gc,metaspace   ] GC(175) Metaspace: 6300K(6464K)->6300K(6464K) NonClass: 5766K(5824K)->5766K(5824K) Class: 533K(640K)->533K(640K)
[15.280s][info][gc             ] GC(175) Pause Full (Ergonomics) 2279M->2276M(2643M) 710.191ms
[15.281s][info][gc,cpu         ] GC(175) User=5.30s Sys=0.05s Real=0.71s
[15.324s][info][gc,start       ] GC(176) Pause Young (Allocation Failure)
[15.351s][info][gc,heap        ] GC(176) PSYoungGen: 35840K(152576K)->36000K(144384K) Eden: 35840K(35840K)->0K(39424K) From: 0K(116736K)->36000K(104960K)
[15.351s][info][gc,heap        ] GC(176) ParOldGen: 2330718K(2554368K)->2330718K(2554368K)
[15.351s][info][gc,metaspace   ] GC(176) Metaspace: 6300K(6464K)->6300K(6464K) NonClass: 5766K(5824K)->5766K(5824K) Class: 533K(640K)->533K(640K)
[15.351s][info][gc             ] GC(176) Pause Young (Allocation Failure) 2311M->2311M(2635M) 27.407ms
[15.351s][info][gc,cpu         ] GC(176) User=0.03s Sys=0.00s Real=0.03s
[15.394s][info][gc,start       ] GC(177) Pause Young (Allocation Failure)
[15.434s][info][gc,heap        ] GC(177) PSYoungGen: 75424K(144384K)->75456K(150528K) Eden: 39424K(39424K)->0K(39424K) From: 36000K(104960K)->75456K(111104K)
[15.434s][info][gc,heap        ] GC(177) ParOldGen: 2330718K(2554368K)->2330718K(2554368K)
[15.434s][info][gc,metaspace   ] GC(177) Metaspace: 6300K(6464K)->6300K(6464K) NonClass: 5766K(5824K)->5766K(5824K) Class: 533K(640K)->533K(640K)
[15.434s][info][gc             ] GC(177) Pause Young (Allocation Failure) 2349M->2349M(2641M) 39.837ms
[15.434s][info][gc,cpu         ] GC(177) User=0.27s Sys=0.00s Real=0.04s
[15.480s][info][gc,start       ] GC(178) Pause Young (Allocation Failure)
[15.538s][info][gc,heap        ] GC(178) PSYoungGen: 114880K(150528K)->114944K(141824K) Eden: 39424K(39424K)->0K(25600K) From: 75456K(111104K)->114944K(116224K)
[15.538s][info][gc,heap        ] GC(178) ParOldGen: 2330718K(2554368K)->2330718K(2554368K)
[15.538s][info][gc,metaspace   ] GC(178) Metaspace: 6300K(6464K)->6300K(6464K) NonClass: 5766K(5824K)->5766K(5824K) Class: 533K(640K)->533K(640K)
[15.538s][info][gc             ] GC(178) Pause Young (Allocation Failure) 2388M->2388M(2633M) 58.548ms
[15.538s][info][gc,cpu         ] GC(178) User=0.34s Sys=0.03s Real=0.06s
[15.567s][info][gc,start       ] GC(179) Pause Young (Allocation Failure)
[15.635s][info][gc,heap        ] GC(179) PSYoungGen: 140544K(141824K)->134144K(159744K) Eden: 25600K(25600K)->0K(25600K) From: 114944K(116224K)->134144K(134144K)
[15.635s][info][gc,heap        ] GC(179) ParOldGen: 2330718K(2554368K)->2337118K(2554368K)
[15.635s][info][gc,metaspace   ] GC(179) Metaspace: 6300K(6464K)->6300K(6464K) NonClass: 5766K(5824K)->5766K(5824K) Class: 533K(640K)->533K(640K)
[15.635s][info][gc             ] GC(179) Pause Young (Allocation Failure) 2413M->2413M(2650M) 67.866ms
[15.635s][info][gc,cpu         ] GC(179) User=0.39s Sys=0.00s Real=0.07s
[15.668s][info][gc,start       ] GC(180) Pause Young (Allocation Failure)
[15.767s][info][gc,heap        ] GC(180) PSYoungGen: 159744K(159744K)->87616K(185856K) Eden: 25600K(25600K)->0K(28672K) From: 134144K(134144K)->87616K(157184K)
[15.767s][info][gc,heap        ] GC(180) ParOldGen: 2337118K(2554368K)->2409918K(2554368K)
[15.767s][info][gc,metaspace   ] GC(180) Metaspace: 6300K(6464K)->6300K(6464K) NonClass: 5766K(5824K)->5766K(5824K) Class: 533K(640K)->533K(640K)
[15.768s][info][gc             ] GC(180) Pause Young (Allocation Failure) 2438M->2438M(2676M) 99.509ms
[15.768s][info][gc,cpu         ] GC(180) User=0.62s Sys=0.12s Real=0.10s
[15.801s][info][gc,start       ] GC(181) Pause Young (Allocation Failure)
[15.869s][info][gc,heap        ] GC(181) PSYoungGen: 116288K(185856K)->78688K(186368K) Eden: 28672K(28672K)->0K(28672K) From: 87616K(157184K)->78688K(157696K)
[15.869s][info][gc,heap        ] GC(181) ParOldGen: 2409918K(2554368K)->2447830K(2554368K)
[15.869s][info][gc,metaspace   ] GC(181) Metaspace: 6300K(6464K)->6300K(6464K) NonClass: 5766K(5824K)->5766K(5824K) Class: 533K(640K)->533K(640K)
[15.869s][info][gc             ] GC(181) Pause Young (Allocation Failure) 2466M->2467M(2676M) 67.480ms
[15.869s][info][gc,cpu         ] GC(181) User=0.36s Sys=0.08s Real=0.07s
[15.902s][info][gc,start       ] GC(182) Pause Young (Allocation Failure)
[15.970s][info][gc,heap        ] GC(182) PSYoungGen: 107360K(186368K)->57536K(172032K) Eden: 28672K(28672K)->0K(32768K) From: 78688K(157696K)->57536K(139264K)
[15.970s][info][gc,heap        ] GC(182) ParOldGen: 2447830K(2554368K)->2498062K(2554368K)
[15.970s][info][gc,metaspace   ] GC(182) Metaspace: 6300K(6464K)->6300K(6464K) NonClass: 5766K(5824K)->5766K(5824K) Class: 533K(640K)->533K(640K)
[15.970s][info][gc             ] GC(182) Pause Young (Allocation Failure) 2495M->2495M(2662M) 67.579ms
[15.970s][info][gc,cpu         ] GC(182) User=0.30s Sys=0.11s Real=0.07s
[15.970s][info][gc,start       ] GC(183) Pause Full (Ergonomics)
[15.970s][info][gc,phases,start] GC(183) Marking Phase
[16.532s][info][gc,phases      ] GC(183) Marking Phase 561.656ms
[16.532s][info][gc,phases,start] GC(183) Summary Phase
[16.532s][info][gc,phases      ] GC(183) Summary Phase 0.053ms
[16.532s][info][gc,phases,start] GC(183) Adjust Roots
[16.532s][info][gc,phases      ] GC(183) Adjust Roots 0.179ms
[16.532s][info][gc,phases,start] GC(183) Compaction Phase
[16.744s][info][gc,phases      ] GC(183) Compaction Phase 212.267ms
[16.744s][info][gc,phases,start] GC(183) Post Compact
[16.749s][info][gc,phases      ] GC(183) Post Compact 4.159ms
[16.751s][info][gc,heap        ] GC(183) PSYoungGen: 57536K(172032K)->0K(179200K) Eden: 0K(32768K)->0K(32768K) From: 57536K(139264K)->0K(146432K)
[16.751s][info][gc,heap        ] GC(183) ParOldGen: 2498062K(2554368K)->2553738K(2812416K)
[16.751s][info][gc,metaspace   ] GC(183) Metaspace: 6300K(6464K)->6300K(6464K) NonClass: 5766K(5824K)->5766K(5824K) Class: 533K(640K)->533K(640K)
[16.751s][info][gc             ] GC(183) Pause Full (Ergonomics) 2495M->2493M(2921M) 780.445ms
[16.751s][info][gc,cpu         ] GC(183) User=5.83s Sys=0.12s Real=0.78s
[16.788s][info][gc,start       ] GC(184) Pause Young (Allocation Failure)
[16.816s][info][gc,heap        ] GC(184) PSYoungGen: 32768K(179200K)->32928K(177152K) Eden: 32768K(32768K)->0K(36352K) From: 0K(146432K)->32928K(140800K)
[16.816s][info][gc,heap        ] GC(184) ParOldGen: 2553738K(2812416K)->2553738K(2812416K)
[16.816s][info][gc,metaspace   ] GC(184) Metaspace: 6300K(6464K)->6300K(6464K) NonClass: 5766K(5824K)->5766K(5824K) Class: 533K(640K)->533K(640K)
[16.816s][info][gc             ] GC(184) Pause Young (Allocation Failure) 2525M->2526M(2919M) 27.675ms
[16.816s][info][gc,cpu         ] GC(184) User=0.12s Sys=0.00s Real=0.03s
[16.858s][info][gc,start       ] GC(185) Pause Young (Allocation Failure)
[16.899s][info][gc,heap        ] GC(185) PSYoungGen: 69280K(177152K)->69312K(105984K) Eden: 36352K(36352K)->0K(36352K) From: 32928K(140800K)->69312K(69632K)
[16.899s][info][gc,heap        ] GC(185) ParOldGen: 2553738K(2812416K)->2553738K(2812416K)
[16.899s][info][gc,metaspace   ] GC(185) Metaspace: 6300K(6464K)->6300K(6464K) NonClass: 5766K(5824K)->5766K(5824K) Class: 533K(640K)->533K(640K)
[16.899s][info][gc             ] GC(185) Pause Young (Allocation Failure) 2561M->2561M(2850M) 40.520ms
[16.899s][info][gc,cpu         ] GC(185) User=0.17s Sys=0.00s Real=0.04s
[16.942s][info][gc,start       ] GC(186) Pause Young (Allocation Failure)
[17.000s][info][gc,heap        ] GC(186) PSYoungGen: 105664K(105984K)->105696K(170496K) Eden: 36352K(36352K)->0K(32256K) From: 69312K(69632K)->105696K(138240K)
[17.000s][info][gc,heap        ] GC(186) ParOldGen: 2553738K(2812416K)->2553738K(2812416K)
[17.000s][info][gc,metaspace   ] GC(186) Metaspace: 6300K(6464K)->6300K(6464K) NonClass: 5766K(5824K)->5766K(5824K) Class: 533K(640K)->533K(640K)
[17.000s][info][gc             ] GC(186) Pause Young (Allocation Failure) 2597M->2597M(2913M) 58.309ms
[17.000s][info][gc,cpu         ] GC(186) User=0.28s Sys=0.11s Real=0.06s
[17.039s][info][gc,start       ] GC(187) Pause Young (Allocation Failure)
[17.115s][info][gc,heap        ] GC(187) PSYoungGen: 137952K(170496K)->105216K(178688K) Eden: 32256K(32256K)->0K(32256K) From: 105696K(138240K)->105216K(146432K)
[17.115s][info][gc,heap        ] GC(187) ParOldGen: 2553738K(2812416K)->2586802K(2812416K)
[17.115s][info][gc,metaspace   ] GC(187) Metaspace: 6300K(6464K)->6300K(6464K) NonClass: 5766K(5824K)->5766K(5824K) Class: 533K(640K)->533K(640K)
[17.115s][info][gc             ] GC(187) Pause Young (Allocation Failure) 2628M->2628M(2921M) 76.690ms
[17.115s][info][gc,cpu         ] GC(187) User=0.55s Sys=0.06s Real=0.08s
[17.152s][info][gc,start       ] GC(188) Pause Young (Allocation Failure)
[17.231s][info][gc,heap        ] GC(188) PSYoungGen: 137472K(178688K)->101120K(185856K) Eden: 32256K(32256K)->0K(33280K) From: 105216K(146432K)->101120K(152576K)
[17.231s][info][gc,heap        ] GC(188) ParOldGen: 2586802K(2812416K)->2623482K(2812416K)
[17.231s][info][gc,metaspace   ] GC(188) Metaspace: 6300K(6464K)->6300K(6464K) NonClass: 5766K(5824K)->5766K(5824K) Class: 533K(640K)->533K(640K)
[17.231s][info][gc             ] GC(188) Pause Young (Allocation Failure) 2660M->2660M(2928M) 78.864ms
[17.231s][info][gc,cpu         ] GC(188) User=0.20s Sys=0.30s Real=0.08s
[17.269s][info][gc,start       ] GC(189) Pause Young (Allocation Failure)
[17.348s][info][gc,heap        ] GC(189) PSYoungGen: 134400K(185856K)->98016K(188928K) Eden: 33280K(33280K)->0K(33280K) From: 101120K(152576K)->98016K(155648K)
[17.348s][info][gc,heap        ] GC(189) ParOldGen: 2623482K(2812416K)->2660162K(2812416K)
[17.348s][info][gc,metaspace   ] GC(189) Metaspace: 6300K(6464K)->6300K(6464K) NonClass: 5766K(5824K)->5766K(5824K) Class: 533K(640K)->533K(640K)
[17.348s][info][gc             ] GC(189) Pause Young (Allocation Failure) 2693M->2693M(2931M) 79.225ms
[17.348s][info][gc,cpu         ] GC(189) User=0.39s Sys=0.12s Real=0.08s
[17.386s][info][gc,start       ] GC(190) Pause Young (Allocation Failure)
[17.476s][info][gc,heap        ] GC(190) PSYoungGen: 131296K(188928K)->66720K(181760K) Eden: 33280K(33280K)->0K(37888K) From: 98016K(155648K)->66720K(143872K)
[17.476s][info][gc,heap        ] GC(190) ParOldGen: 2660162K(2812416K)->2725218K(2812416K)
[17.476s][info][gc,metaspace   ] GC(190) Metaspace: 6300K(6464K)->6300K(6464K) NonClass: 5766K(5824K)->5766K(5824K) Class: 533K(640K)->533K(640K)
[17.476s][info][gc             ] GC(190) Pause Young (Allocation Failure) 2726M->2726M(2924M) 89.685ms
[17.476s][info][gc,cpu         ] GC(190) User=0.44s Sys=0.19s Real=0.09s
[17.519s][info][gc,start       ] GC(191) Pause Young (Allocation Failure)
[17.594s][info][gc,heap        ] GC(191) PSYoungGen: 104608K(181760K)->38112K(187904K) Eden: 37888K(37888K)->0K(37888K) From: 66720K(143872K)->38112K(150016K)
[17.594s][info][gc,heap        ] GC(191) ParOldGen: 2725218K(2812416K)->2792338K(2812416K)
[17.594s][info][gc,metaspace   ] GC(191) Metaspace: 6300K(6464K)->6300K(6464K) NonClass: 5766K(5824K)->5766K(5824K) Class: 533K(640K)->533K(640K)
[17.594s][info][gc             ] GC(191) Pause Young (Allocation Failure) 2763M->2764M(2930M) 75.231ms
[17.594s][info][gc,cpu         ] GC(191) User=0.31s Sys=0.20s Real=0.07s
[17.594s][info][gc,start       ] GC(192) Pause Full (Ergonomics)
[17.594s][info][gc,phases,start] GC(192) Marking Phase
[18.230s][info][gc,phases      ] GC(192) Marking Phase 636.104ms
[18.230s][info][gc,phases,start] GC(192) Summary Phase
[18.230s][info][gc,phases      ] GC(192) Summary Phase 0.037ms
[18.230s][info][gc,phases,start] GC(192) Adjust Roots
[18.230s][info][gc,phases      ] GC(192) Adjust Roots 0.159ms
[18.230s][info][gc,phases,start] GC(192) Compaction Phase
[18.457s][info][gc,phases      ] GC(192) Compaction Phase 226.977ms
[18.457s][info][gc,phases,start] GC(192) Post Compact
[18.462s][info][gc,phases      ] GC(192) Post Compact 4.419ms
[18.464s][info][gc,heap        ] GC(192) PSYoungGen: 38112K(187904K)->15882K(187904K) Eden: 0K(37888K)->0K(37888K) From: 38112K(150016K)->15882K(150016K)
[18.464s][info][gc,heap        ] GC(192) ParOldGen: 2792338K(2812416K)->2812042K(3106304K)
[18.464s][info][gc,metaspace   ] GC(192) Metaspace: 6300K(6464K)->6300K(6464K) NonClass: 5766K(5824K)->5766K(5824K) Class: 533K(640K)->533K(640K)
[18.464s][info][gc             ] GC(192) Pause Full (Ergonomics) 2764M->2761M(3217M) 870.077ms
[18.464s][info][gc,cpu         ] GC(192) User=6.53s Sys=0.06s Real=0.87s
[19.084s][info][gc,start       ] GC(193) Pause Young (Allocation Failure)
[19.241s][info][gc,heap        ] GC(193) PSYoungGen: 53770K(187904K)->38080K(185856K) Eden: 37888K(37888K)->0K(41984K) From: 15882K(150016K)->38080K(143872K)
[19.241s][info][gc,heap        ] GC(193) ParOldGen: 2943114K(3106304K)->2959178K(3106304K)
[19.241s][info][gc,metaspace   ] GC(193) Metaspace: 6300K(6464K)->6300K(6464K) NonClass: 5766K(5824K)->5766K(5824K) Class: 533K(640K)->533K(640K)
[19.241s][info][gc             ] GC(193) Pause Young (Allocation Failure) 2926M->2927M(3215M) 156.880ms
[19.241s][info][gc,cpu         ] GC(193) User=1.03s Sys=0.00s Real=0.16s
[19.285s][info][gc,start       ] GC(194) Pause Young (Allocation Failure)
[19.356s][info][gc,heap        ] GC(194) PSYoungGen: 80064K(185856K)->42144K(188928K) Eden: 41984K(41984K)->0K(41984K) From: 38080K(143872K)->42144K(146944K)
[19.356s][info][gc,heap        ] GC(194) ParOldGen: 2959178K(3106304K)->2997418K(3106304K)
[19.356s][info][gc,metaspace   ] GC(194) Metaspace: 6300K(6464K)->6300K(6464K) NonClass: 5766K(5824K)->5766K(5824K) Class: 533K(640K)->533K(640K)
[19.356s][info][gc             ] GC(194) Pause Young (Allocation Failure) 2968M->2968M(3218M) 71.383ms
[19.356s][info][gc,cpu         ] GC(194) User=0.22s Sys=0.09s Real=0.07s
[19.400s][info][gc,start       ] GC(195) Pause Young (Allocation Failure)
[19.464s][info][gc,heap        ] GC(195) PSYoungGen: 84128K(188928K)->42176K(183296K) Eden: 41984K(41984K)->0K(47104K) From: 42144K(146944K)->42176K(136192K)
[19.464s][info][gc,heap        ] GC(195) ParOldGen: 2997418K(3106304K)->3039786K(3106304K)
[19.464s][info][gc,metaspace   ] GC(195) Metaspace: 6300K(6464K)->6300K(6464K) NonClass: 5766K(5824K)->5766K(5824K) Class: 533K(640K)->533K(640K)
[19.464s][info][gc             ] GC(195) Pause Young (Allocation Failure) 3009M->3009M(3212M) 63.710ms
[19.464s][info][gc,cpu         ] GC(195) User=0.14s Sys=0.14s Real=0.06s
[19.464s][info][gc,start       ] GC(196) Pause Full (Ergonomics)
[19.464s][info][gc,phases,start] GC(196) Marking Phase
[20.115s][info][gc,phases      ] GC(196) Marking Phase 650.709ms
[20.115s][info][gc,phases,start] GC(196) Summary Phase
[20.115s][info][gc,phases      ] GC(196) Summary Phase 0.072ms
[20.115s][info][gc,phases,start] GC(196) Adjust Roots
[20.115s][info][gc,phases      ] GC(196) Adjust Roots 0.161ms
[20.115s][info][gc,phases,start] GC(196) Compaction Phase
[20.568s][info][gc,phases      ] GC(196) Compaction Phase 452.645ms
[20.568s][info][gc,phases,start] GC(196) Post Compact
[20.575s][info][gc,phases      ] GC(196) Post Compact 7.173ms
[20.577s][info][gc,heap        ] GC(196) PSYoungGen: 42176K(183296K)->0K(186880K) Eden: 0K(47104K)->0K(47104K) From: 42176K(136192K)->0K(139776K)
[20.577s][info][gc,heap        ] GC(196) ParOldGen: 3039786K(3106304K)->3015225K(3324928K)
[20.577s][info][gc,metaspace   ] GC(196) Metaspace: 6300K(6464K)->6300K(6464K) NonClass: 5766K(5824K)->5766K(5824K) Class: 533K(640K)->533K(640K)
[20.577s][info][gc             ] GC(196) Pause Full (Ergonomics) 3009M->2944M(3429M) 1112.810ms
[20.577s][info][gc,cpu         ] GC(196) User=7.88s Sys=0.06s Real=1.11s
[20.623s][info][gc,start       ] GC(197) Pause Young (Allocation Failure)
[20.664s][info][gc,heap        ] GC(197) PSYoungGen: 47104K(186880K)->47296K(181248K) Eden: 47104K(47104K)->0K(51712K) From: 0K(139776K)->47296K(129536K)
[20.664s][info][gc,heap        ] GC(197) ParOldGen: 3015225K(3324928K)->3015225K(3324928K)
[20.664s][info][gc,metaspace   ] GC(197) Metaspace: 6300K(6464K)->6300K(6464K) NonClass: 5766K(5824K)->5766K(5824K) Class: 533K(640K)->533K(640K)
[20.664s][info][gc             ] GC(197) Pause Young (Allocation Failure) 2990M->2990M(3424M) 41.711ms
[20.664s][info][gc,cpu         ] GC(197) User=0.05s Sys=0.00s Real=0.04s
[20.711s][info][gc,start       ] GC(198) Pause Young (Allocation Failure)
[20.767s][info][gc,heap        ] GC(198) PSYoungGen: 99008K(181248K)->99104K(186880K) Eden: 51712K(51712K)->0K(51712K) From: 47296K(129536K)->99104K(135168K)
[20.767s][info][gc,heap        ] GC(198) ParOldGen: 3015225K(3324928K)->3015225K(3324928K)
[20.767s][info][gc,metaspace   ] GC(198) Metaspace: 6300K(6464K)->6300K(6464K) NonClass: 5766K(5824K)->5766K(5824K) Class: 533K(640K)->533K(640K)
[20.767s][info][gc             ] GC(198) Pause Young (Allocation Failure) 3041M->3041M(3429M) 56.847ms
[20.767s][info][gc,cpu         ] GC(198) User=0.17s Sys=0.00s Real=0.06s
[20.821s][info][gc,start       ] GC(199) Pause Young (Allocation Failure)
[20.907s][info][gc,heap        ] GC(199) PSYoungGen: 150816K(186880K)->141824K(175104K) Eden: 51712K(51712K)->0K(33280K) From: 99104K(135168K)->141824K(141824K)
[20.907s][info][gc,heap        ] GC(199) ParOldGen: 3015225K(3324928K)->3024233K(3324928K)
[20.907s][info][gc,metaspace   ] GC(199) Metaspace: 6300K(6464K)->6300K(6464K) NonClass: 5766K(5824K)->5766K(5824K) Class: 533K(640K)->533K(640K)
[20.907s][info][gc             ] GC(199) Pause Young (Allocation Failure) 3091M->3091M(3418M) 86.011ms
[20.907s][info][gc,cpu         ] GC(199) User=0.23s Sys=0.19s Real=0.09s
[20.945s][info][gc,start       ] GC(200) Pause Young (Allocation Failure)
[21.048s][info][gc,heap        ] GC(200) PSYoungGen: 175104K(175104K)->82496K(116224K) Eden: 33280K(33280K)->0K(33280K) From: 141824K(141824K)->82496K(82944K)
[21.048s][info][gc,heap        ] GC(200) ParOldGen: 3024233K(3324928K)->3117689K(3324928K)
[21.048s][info][gc,metaspace   ] GC(200) Metaspace: 6300K(6464K)->6300K(6464K) NonClass: 5766K(5824K)->5766K(5824K) Class: 533K(640K)->533K(640K)
[21.048s][info][gc             ] GC(200) Pause Young (Allocation Failure) 3124M->3125M(3360M) 102.659ms
[21.048s][info][gc,cpu         ] GC(200) User=0.64s Sys=0.23s Real=0.10s
[21.086s][info][gc,start       ] GC(201) Pause Young (Allocation Failure)
[21.157s][info][gc,heap        ] GC(201) PSYoungGen: 115776K(116224K)->66784K(182784K) Eden: 33280K(33280K)->0K(37376K) From: 82496K(82944K)->66784K(145408K)
[21.157s][info][gc,heap        ] GC(201) ParOldGen: 3117689K(3324928K)->3167073K(3324928K)
[21.157s][info][gc,metaspace   ] GC(201) Metaspace: 6300K(6464K)->6300K(6464K) NonClass: 5766K(5824K)->5766K(5824K) Class: 533K(640K)->533K(640K)
[21.157s][info][gc             ] GC(201) Pause Young (Allocation Failure) 3157M->3158M(3425M) 71.432ms
[21.157s][info][gc,cpu         ] GC(201) User=0.33s Sys=0.27s Real=0.07s
[21.193s][info][gc,start       ] GC(202) Pause Young (Allocation Failure)
[21.260s][info][gc,heap        ] GC(202) PSYoungGen: 104160K(182784K)->70880K(108544K) Eden: 37376K(37376K)->0K(37376K) From: 66784K(145408K)->70880K(71168K)
[21.260s][info][gc,heap        ] GC(202) ParOldGen: 3167073K(3324928K)->3200649K(3324928K)
[21.260s][info][gc,metaspace   ] GC(202) Metaspace: 6300K(6464K)->6300K(6464K) NonClass: 5766K(5824K)->5766K(5824K) Class: 533K(640K)->533K(640K)
[21.260s][info][gc             ] GC(202) Pause Young (Allocation Failure) 3194M->3194M(3353M) 67.389ms
[21.260s][info][gc,cpu         ] GC(202) User=0.28s Sys=0.02s Real=0.07s
[21.297s][info][gc,start       ] GC(203) Pause Young (Allocation Failure)
[21.370s][info][gc,heap        ] GC(203) PSYoungGen: 108256K(108544K)->37568K(186368K) Eden: 37376K(37376K)->0K(42496K) From: 70880K(71168K)->37568K(143872K)
[21.370s][info][gc,heap        ] GC(203) ParOldGen: 3200649K(3324928K)->3271897K(3324928K)
[21.370s][info][gc,metaspace   ] GC(203) Metaspace: 6300K(6464K)->6300K(6464K) NonClass: 5766K(5824K)->5766K(5824K) Class: 533K(640K)->533K(640K)
[21.370s][info][gc             ] GC(203) Pause Young (Allocation Failure) 3231M->3231M(3429M) 73.627ms
[21.370s][info][gc,cpu         ] GC(203) User=0.28s Sys=0.23s Real=0.07s
[21.370s][info][gc,start       ] GC(204) Pause Full (Ergonomics)
[21.370s][info][gc,phases,start] GC(204) Marking Phase
[22.072s][info][gc,phases      ] GC(204) Marking Phase 702.132ms
[22.072s][info][gc,phases,start] GC(204) Summary Phase
[22.073s][info][gc,phases      ] GC(204) Summary Phase 0.093ms
[22.073s][info][gc,phases,start] GC(204) Adjust Roots
[22.073s][info][gc,phases      ] GC(204) Adjust Roots 0.243ms
[22.073s][info][gc,phases,start] GC(204) Compaction Phase
[22.388s][info][gc,phases      ] GC(204) Compaction Phase 315.318ms
[22.388s][info][gc,phases,start] GC(204) Post Compact
[22.393s][info][gc,phases      ] GC(204) Post Compact 5.072ms
[22.395s][info][gc,heap        ] GC(204) PSYoungGen: 37568K(186368K)->0K(186880K) Eden: 0K(42496K)->0K(42496K) From: 37568K(143872K)->0K(144384K)
[22.396s][info][gc,heap        ] GC(204) ParOldGen: 3271897K(3324928K)->3306853K(3656704K)
[22.396s][info][gc,metaspace   ] GC(204) Metaspace: 6300K(6464K)->6300K(6464K) NonClass: 5766K(5824K)->5766K(5824K) Class: 533K(640K)->533K(640K)
[22.396s][info][gc             ] GC(204) Pause Full (Ergonomics) 3231M->3229M(3753M) 1025.320ms
[22.396s][info][gc,cpu         ] GC(204) User=7.30s Sys=0.05s Real=1.02s
[22.439s][info][gc,start       ] GC(205) Pause Young (Allocation Failure)
[22.483s][info][gc,heap        ] GC(205) PSYoungGen: 42496K(186880K)->42688K(183296K) Eden: 42496K(42496K)->0K(46592K) From: 0K(144384K)->42688K(136704K)
[22.483s][info][gc,heap        ] GC(205) ParOldGen: 3306853K(3656704K)->3306853K(3656704K)
[22.483s][info][gc,metaspace   ] GC(205) Metaspace: 6300K(6464K)->6300K(6464K) NonClass: 5766K(5824K)->5766K(5824K) Class: 533K(640K)->533K(640K)
[22.483s][info][gc             ] GC(205) Pause Young (Allocation Failure) 3270M->3271M(3750M) 43.270ms
[22.483s][info][gc,cpu         ] GC(205) User=0.06s Sys=0.00s Real=0.04s
[22.531s][info][gc,start       ] GC(206) Pause Young (Allocation Failure)
[22.590s][info][gc,heap        ] GC(206) PSYoungGen: 89280K(183296K)->89376K(187904K) Eden: 46592K(46592K)->0K(46592K) From: 42688K(136704K)->89376K(141312K)
[22.590s][info][gc,heap        ] GC(206) ParOldGen: 3306853K(3656704K)->3306853K(3656704K)
[22.590s][info][gc,metaspace   ] GC(206) Metaspace: 6300K(6464K)->6300K(6464K) NonClass: 5766K(5824K)->5766K(5824K) Class: 533K(640K)->533K(640K)
[22.590s][info][gc             ] GC(206) Pause Young (Allocation Failure) 3316M->3316M(3754M) 58.930ms
[22.590s][info][gc,cpu         ] GC(206) User=0.19s Sys=0.00s Real=0.06s
[22.640s][info][gc,start       ] GC(207) Pause Young (Allocation Failure)
[22.719s][info][gc,heap        ] GC(207) PSYoungGen: 135968K(187904K)->93440K(192512K) Eden: 46592K(46592K)->0K(50176K) From: 89376K(141312K)->93440K(142336K)
[22.719s][info][gc,heap        ] GC(207) ParOldGen: 3306853K(3656704K)->3349733K(3656704K)
[22.719s][info][gc,metaspace   ] GC(207) Metaspace: 6300K(6464K)->6300K(6464K) NonClass: 5766K(5824K)->5766K(5824K) Class: 533K(640K)->533K(640K)
[22.719s][info][gc             ] GC(207) Pause Young (Allocation Failure) 3362M->3362M(3759M) 78.866ms
[22.719s][info][gc,cpu         ] GC(207) User=0.38s Sys=0.12s Real=0.08s
[22.765s][info][gc,start       ] GC(208) Pause Young (Allocation Failure)
[22.849s][info][gc,heap        ] GC(208) PSYoungGen: 143616K(192512K)->96992K(194048K) Eden: 50176K(50176K)->0K(50176K) From: 93440K(142336K)->96992K(143872K)
[22.850s][info][gc,heap        ] GC(208) ParOldGen: 3349733K(3656704K)->3396749K(3656704K)
[22.850s][info][gc,metaspace   ] GC(208) Metaspace: 6300K(6464K)->6300K(6464K) NonClass: 5766K(5824K)->5766K(5824K) Class: 533K(640K)->533K(640K)
[22.850s][info][gc             ] GC(208) Pause Young (Allocation Failure) 3411M->3411M(3760M) 84.655ms
[22.850s][info][gc,cpu         ] GC(208) User=0.42s Sys=0.16s Real=0.08s
[22.896s][info][gc,start       ] GC(209) Pause Young (Allocation Failure)
[22.981s][info][gc,heap        ] GC(209) PSYoungGen: 147168K(194048K)->100608K(199680K) Eden: 50176K(50176K)->0K(53760K) From: 96992K(143872K)->100608K(145920K)
[22.981s][info][gc,heap        ] GC(209) ParOldGen: 3396749K(3656704K)->3443757K(3656704K)
[22.981s][info][gc,metaspace   ] GC(209) Metaspace: 6300K(6464K)->6300K(6464K) NonClass: 5766K(5824K)->5766K(5824K) Class: 533K(640K)->533K(640K)
[22.981s][info][gc             ] GC(209) Pause Young (Allocation Failure) 3460M->3461M(3766M) 84.952ms
[22.981s][info][gc,cpu         ] GC(209) User=0.56s Sys=0.05s Real=0.09s
[23.035s][info][gc,start       ] GC(210) Pause Young (Allocation Failure)
[23.123s][info][gc,heap        ] GC(210) PSYoungGen: 154368K(199680K)->104224K(202240K) Eden: 53760K(53760K)->0K(53760K) From: 100608K(145920K)->104224K(148480K)
[23.123s][info][gc,heap        ] GC(210) ParOldGen: 3443757K(3656704K)->3494381K(3656704K)
[23.123s][info][gc,metaspace   ] GC(210) Metaspace: 6300K(6464K)->6300K(6464K) NonClass: 5766K(5824K)->5766K(5824K) Class: 533K(640K)->533K(640K)
[23.123s][info][gc             ] GC(210) Pause Young (Allocation Failure) 3513M->3514M(3768M) 88.092ms
[23.123s][info][gc,cpu         ] GC(210) User=0.56s Sys=0.08s Real=0.09s
[23.183s][info][gc,start       ] GC(211) Pause Young (Allocation Failure)
[23.273s][info][gc,heap        ] GC(211) PSYoungGen: 157984K(202240K)->107808K(208896K) Eden: 53760K(53760K)->0K(57344K) From: 104224K(148480K)->107808K(151552K)
[23.273s][info][gc,heap        ] GC(211) ParOldGen: 3494381K(3656704K)->3545013K(3656704K)
[23.273s][info][gc,metaspace   ] GC(211) Metaspace: 6300K(6464K)->6300K(6464K) NonClass: 5766K(5824K)->5766K(5824K) Class: 533K(640K)->533K(640K)
[23.273s][info][gc             ] GC(211) Pause Young (Allocation Failure) 3566M->3567M(3775M) 89.588ms
[23.273s][info][gc,cpu         ] GC(211) User=0.44s Sys=0.19s Real=0.09s
[23.331s][info][gc,start       ] GC(212) Pause Young (Allocation Failure)
[23.457s][info][gc,heap        ] GC(212) PSYoungGen: 165152K(208896K)->57536K(211968K) Eden: 57344K(57344K)->0K(57344K) From: 107808K(151552K)->57536K(154624K)
[23.457s][info][gc,heap        ] GC(212) ParOldGen: 3545013K(3656704K)->3653453K(3656704K)
[23.457s][info][gc,metaspace   ] GC(212) Metaspace: 6300K(6464K)->6300K(6464K) NonClass: 5766K(5824K)->5766K(5824K) Class: 533K(640K)->533K(640K)
[23.457s][info][gc             ] GC(212) Pause Young (Allocation Failure) 3623M->3624M(3778M) 126.207ms
[23.457s][info][gc,cpu         ] GC(212) User=0.45s Sys=0.44s Real=0.13s
[23.457s][info][gc,start       ] GC(213) Pause Full (Ergonomics)
[23.457s][info][gc,phases,start] GC(213) Marking Phase
[24.258s][info][gc,phases      ] GC(213) Marking Phase 801.183ms
[24.258s][info][gc,phases,start] GC(213) Summary Phase
[24.258s][info][gc,phases      ] GC(213) Summary Phase 0.044ms
[24.258s][info][gc,phases,start] GC(213) Adjust Roots
[24.259s][info][gc,phases      ] GC(213) Adjust Roots 0.160ms
[24.259s][info][gc,phases,start] GC(213) Compaction Phase
[25.051s][info][gc,phases      ] GC(213) Compaction Phase 792.721ms
[25.051s][info][gc,phases,start] GC(213) Post Compact
[25.057s][info][gc,phases      ] GC(213) Post Compact 5.838ms
[25.061s][info][gc,heap        ] GC(213) PSYoungGen: 57536K(211968K)->51179K(211968K) Eden: 0K(57344K)->0K(57344K) From: 57536K(154624K)->51179K(154624K)
[25.061s][info][gc,heap        ] GC(213) ParOldGen: 3653453K(3656704K)->3656312K(4047360K)
[25.061s][info][gc,metaspace   ] GC(213) Metaspace: 6300K(6464K)->6300K(6464K) NonClass: 5766K(5824K)->5766K(5824K) Class: 533K(640K)->533K(640K)
[25.061s][info][gc             ] GC(213) Pause Full (Ergonomics) 3624M->3620M(4159M) 1603.768ms
[25.061s][info][gc,cpu         ] GC(213) User=11.23s Sys=0.08s Real=1.60s
[25.114s][info][gc,start       ] GC(214) Pause Young (Allocation Failure)
[25.327s][info][gc,heap        ] GC(214) PSYoungGen: 108523K(211968K)->57568K(207360K) Eden: 57344K(57344K)->0K(63488K) From: 51179K(154624K)->57568K(143872K)
[25.327s][info][gc,heap        ] GC(214) ParOldGen: 3656312K(4047360K)->3707968K(4047360K)
[25.327s][info][gc,metaspace   ] GC(214) Metaspace: 6300K(6464K)->6300K(6464K) NonClass: 5766K(5824K)->5766K(5824K) Class: 533K(640K)->533K(640K)
[25.327s][info][gc             ] GC(214) Pause Young (Allocation Failure) 3676M->3677M(4155M) 212.725ms
[25.327s][info][gc,cpu         ] GC(214) User=1.34s Sys=0.19s Real=0.21s
[25.388s][info][gc,start       ] GC(215) Pause Young (Allocation Failure)
[25.459s][info][gc,heap        ] GC(215) PSYoungGen: 121056K(207360K)->121184K(211968K) Eden: 63488K(63488K)->0K(63488K) From: 57568K(143872K)->121184K(148480K)
[25.459s][info][gc,heap        ] GC(215) ParOldGen: 3707968K(4047360K)->3707968K(4047360K)
[25.459s][info][gc,metaspace   ] GC(215) Metaspace: 6300K(6464K)->6300K(6464K) NonClass: 5766K(5824K)->5766K(5824K) Class: 533K(640K)->533K(640K)
[25.459s][info][gc             ] GC(215) Pause Young (Allocation Failure) 3739M->3739M(4159M) 71.376ms
[25.459s][info][gc,cpu         ] GC(215) User=0.31s Sys=0.00s Real=0.07s
[25.525s][info][gc,start       ] GC(216) Pause Young (Allocation Failure)
[25.642s][info][gc,heap        ] GC(216) PSYoungGen: 184672K(211968K)->157184K(196608K) Eden: 63488K(63488K)->0K(39424K) From: 121184K(148480K)->157184K(157184K)
[25.642s][info][gc,heap        ] GC(216) ParOldGen: 3707968K(4047360K)->3735600K(4047360K)
[25.642s][info][gc,metaspace   ] GC(216) Metaspace: 6300K(6464K)->6300K(6464K) NonClass: 5766K(5824K)->5766K(5824K) Class: 533K(640K)->533K(640K)
[25.642s][info][gc             ] GC(216) Pause Young (Allocation Failure) 3801M->3801M(4144M) 116.983ms
[25.642s][info][gc,cpu         ] GC(216) User=0.58s Sys=0.30s Real=0.12s
[25.681s][info][gc,start       ] GC(217) Pause Young (Allocation Failure)
[25.812s][info][gc,heap        ] GC(217) PSYoungGen: 196608K(196608K)->97472K(137216K) Eden: 39424K(39424K)->0K(39424K) From: 157184K(157184K)->97472K(97792K)
[25.812s][info][gc,heap        ] GC(217) ParOldGen: 3735600K(4047360K)->3835608K(4047360K)
[25.812s][info][gc,metaspace   ] GC(217) Metaspace: 6300K(6464K)->6300K(6464K) NonClass: 5766K(5824K)->5766K(5824K) Class: 533K(640K)->533K(640K)
[25.812s][info][gc             ] GC(217) Pause Young (Allocation Failure) 3840M->3840M(4086M) 130.747ms
[25.812s][info][gc,cpu         ] GC(217) User=0.45s Sys=0.42s Real=0.13s
[25.850s][info][gc,start       ] GC(218) Pause Young (Allocation Failure)
[25.938s][info][gc,heap        ] GC(218) PSYoungGen: 136896K(137216K)->79072K(212480K) Eden: 39424K(39424K)->0K(44544K) From: 97472K(97792K)->79072K(167936K)
[25.938s][info][gc,heap        ] GC(218) ParOldGen: 3835608K(4047360K)->3893912K(4047360K)
[25.938s][info][gc,metaspace   ] GC(218) Metaspace: 6300K(6464K)->6300K(6464K) NonClass: 5766K(5824K)->5766K(5824K) Class: 533K(640K)->533K(640K)
[25.938s][info][gc             ] GC(218) Pause Young (Allocation Failure) 3879M->3879M(4160M) 88.704ms
[25.938s][info][gc,cpu         ] GC(218) User=0.58s Sys=0.17s Real=0.09s
[25.981s][info][gc,start       ] GC(219) Pause Young (Allocation Failure)
[26.070s][info][gc,heap        ] GC(219) PSYoungGen: 123616K(212480K)->44768K(218624K) Eden: 44544K(44544K)->0K(44544K) From: 79072K(167936K)->44768K(174080K)
[26.070s][info][gc,heap        ] GC(219) ParOldGen: 3893912K(4047360K)->3973408K(4047360K)
[26.070s][info][gc,metaspace   ] GC(219) Metaspace: 6300K(6464K)->6300K(6464K) NonClass: 5766K(5824K)->5766K(5824K) Class: 533K(640K)->533K(640K)
[26.070s][info][gc             ] GC(219) Pause Young (Allocation Failure) 3923M->3924M(4166M) 88.823ms
[26.070s][info][gc,cpu         ] GC(219) User=0.36s Sys=0.27s Real=0.09s
[26.070s][info][gc,start       ] GC(220) Pause Full (Ergonomics)
[26.070s][info][gc,phases,start] GC(220) Marking Phase
[26.931s][info][gc,phases      ] GC(220) Marking Phase 860.697ms
[26.931s][info][gc,phases,start] GC(220) Summary Phase
[26.931s][info][gc,phases      ] GC(220) Summary Phase 0.077ms
[26.931s][info][gc,phases,start] GC(220) Adjust Roots
[26.931s][info][gc,phases      ] GC(220) Adjust Roots 0.169ms
[26.931s][info][gc,phases,start] GC(220) Compaction Phase
[27.291s][info][gc,phases      ] GC(220) Compaction Phase 359.372ms
[27.291s][info][gc,phases,start] GC(220) Post Compact
[27.298s][info][gc,phases      ] GC(220) Post Compact 6.996ms
[27.300s][info][gc,heap        ] GC(220) PSYoungGen: 44768K(218624K)->0K(224256K) Eden: 0K(44544K)->0K(50688K) From: 44768K(174080K)->0K(173568K)
[27.300s][info][gc,heap        ] GC(220) ParOldGen: 3973408K(4047360K)->4015010K(4445184K)
[27.300s][info][gc,metaspace   ] GC(220) Metaspace: 6300K(6464K)->6300K(6464K) NonClass: 5766K(5824K)->5766K(5824K) Class: 533K(640K)->533K(640K)
[27.301s][info][gc             ] GC(220) Pause Full (Ergonomics) 3924M->3920M(4560M) 1230.409ms
[27.301s][info][gc,cpu         ] GC(220) User=8.97s Sys=0.08s Real=1.23s
[27.350s][info][gc,start       ] GC(221) Pause Young (Allocation Failure)
[27.397s][info][gc,heap        ] GC(221) PSYoungGen: 50688K(224256K)->50944K(224256K) Eden: 50688K(50688K)->0K(50688K) From: 0K(173568K)->50944K(173568K)
[27.397s][info][gc,heap        ] GC(221) ParOldGen: 4015010K(4445184K)->4015010K(4445184K)
[27.397s][info][gc,metaspace   ] GC(221) Metaspace: 6300K(6464K)->6300K(6464K) NonClass: 5766K(5824K)->5766K(5824K) Class: 533K(640K)->533K(640K)
[27.397s][info][gc             ] GC(221) Pause Young (Allocation Failure) 3970M->3970M(4560M) 47.676ms
[27.397s][info][gc,cpu         ] GC(221) User=0.17s Sys=0.00s Real=0.05s
[27.453s][info][gc,start       ] GC(222) Pause Young (Allocation Failure)
[27.518s][info][gc,heap        ] GC(222) PSYoungGen: 101632K(224256K)->101600K(222720K) Eden: 50688K(50688K)->0K(55808K) From: 50944K(173568K)->101600K(166912K)
[27.518s][info][gc,heap        ] GC(222) ParOldGen: 4015010K(4445184K)->4015010K(4445184K)
[27.518s][info][gc,metaspace   ] GC(222) Metaspace: 6300K(6464K)->6300K(6464K) NonClass: 5766K(5824K)->5766K(5824K) Class: 533K(640K)->533K(640K)
[27.518s][info][gc             ] GC(222) Pause Young (Allocation Failure) 4020M->4020M(4558M) 64.533ms
[27.518s][info][gc,cpu         ] GC(222) User=0.17s Sys=0.00s Real=0.06s
[27.572s][info][gc,start       ] GC(223) Pause Young (Allocation Failure)
[27.652s][info][gc,heap        ] GC(223) PSYoungGen: 157408K(222720K)->157568K(224768K) Eden: 55808K(55808K)->0K(55808K) From: 101600K(166912K)->157568K(168960K)
[27.652s][info][gc,heap        ] GC(223) ParOldGen: 4015010K(4445184K)->4015010K(4445184K)
[27.652s][info][gc,metaspace   ] GC(223) Metaspace: 6300K(6464K)->6300K(6464K) NonClass: 5766K(5824K)->5766K(5824K) Class: 533K(640K)->533K(640K)
[27.652s][info][gc             ] GC(223) Pause Young (Allocation Failure) 4074M->4074M(4560M) 79.312ms
[27.652s][info][gc,cpu         ] GC(223) User=0.39s Sys=0.00s Real=0.08s
[27.705s][info][gc,start       ] GC(224) Pause Young (Allocation Failure)
[27.833s][info][gc,heap        ] GC(224) PSYoungGen: 213376K(224768K)->162720K(232448K) Eden: 55808K(55808K)->0K(45056K) From: 157568K(168960K)->162720K(187392K)
[27.833s][info][gc,heap        ] GC(224) ParOldGen: 4015010K(4445184K)->4066154K(4445184K)
[27.833s][info][gc,metaspace   ] GC(224) Metaspace: 6300K(6464K)->6300K(6464K) NonClass: 5766K(5824K)->5766K(5824K) Class: 533K(640K)->533K(640K)
[27.833s][info][gc             ] GC(224) Pause Young (Allocation Failure) 4129M->4129M(4568M) 127.980ms
[27.833s][info][gc,cpu         ] GC(224) User=0.64s Sys=0.22s Real=0.13s
[27.879s][info][gc,start       ] GC(225) Pause Young (Allocation Failure)
[27.989s][info][gc,heap        ] GC(225) PSYoungGen: 207776K(232448K)->157056K(249344K) Eden: 45056K(45056K)->0K(45056K) From: 162720K(187392K)->157056K(204288K)
[27.989s][info][gc,heap        ] GC(225) ParOldGen: 4066154K(4445184K)->4117314K(4445184K)
[27.989s][info][gc,metaspace   ] GC(225) Metaspace: 6300K(6464K)->6300K(6464K) NonClass: 5766K(5824K)->5766K(5824K) Class: 533K(640K)->533K(640K)
[27.989s][info][gc             ] GC(225) Pause Young (Allocation Failure) 4173M->4174M(4584M) 110.307ms
[27.989s][info][gc,cpu         ] GC(225) User=0.62s Sys=0.17s Real=0.11s
[28.040s][info][gc,start       ] GC(226) Pause Young (Allocation Failure)
[28.157s][info][gc,heap        ] GC(226) PSYoungGen: 202112K(249344K)->146272K(261632K) Eden: 45056K(45056K)->0K(46592K) From: 157056K(204288K)->146272K(215040K)
[28.157s][info][gc,heap        ] GC(226) ParOldGen: 4117314K(4445184K)->4173634K(4445184K)
[28.158s][info][gc,metaspace   ] GC(226) Metaspace: 6300K(6464K)->6300K(6464K) NonClass: 5766K(5824K)->5766K(5824K) Class: 533K(640K)->533K(640K)
[28.158s][info][gc             ] GC(226) Pause Young (Allocation Failure) 4218M->4218M(4596M) 117.051ms
[28.158s][info][gc,cpu         ] GC(226) User=0.77s Sys=0.08s Real=0.12s
[28.214s][info][gc,start       ] GC(227) Pause Young (Allocation Failure)
[28.344s][info][gc,heap        ] GC(227) PSYoungGen: 192864K(261632K)->91904K(138752K) Eden: 46592K(46592K)->0K(46592K) From: 146272K(215040K)->91904K(92160K)
[28.344s][info][gc,heap        ] GC(227) ParOldGen: 4173634K(4445184K)->4275378K(4445184K)
[28.344s][info][gc,metaspace   ] GC(227) Metaspace: 6300K(6464K)->6300K(6464K) NonClass: 5766K(5824K)->5766K(5824K) Class: 533K(640K)->533K(640K)
[28.344s][info][gc             ] GC(227) Pause Young (Allocation Failure) 4264M->4264M(4476M) 129.992ms
[28.345s][info][gc,cpu         ] GC(227) User=0.48s Sys=0.38s Real=0.13s
[28.391s][info][gc,start       ] GC(228) Pause Young (Allocation Failure)
[28.496s][info][gc,heap        ] GC(228) PSYoungGen: 138496K(138752K)->46752K(264704K) Eden: 46592K(46592K)->0K(53248K) From: 91904K(92160K)->46752K(211456K)
[28.497s][info][gc,heap        ] GC(228) ParOldGen: 4275378K(4445184K)->4367810K(4445184K)
[28.497s][info][gc,metaspace   ] GC(228) Metaspace: 6300K(6464K)->6300K(6464K) NonClass: 5766K(5824K)->5766K(5824K) Class: 533K(640K)->533K(640K)
[28.497s][info][gc             ] GC(228) Pause Young (Allocation Failure) 4310M->4311M(4599M) 105.702ms
[28.497s][info][gc,cpu         ] GC(228) User=0.47s Sys=0.25s Real=0.11s
[28.497s][info][gc,start       ] GC(229) Pause Full (Ergonomics)
[28.497s][info][gc,phases,start] GC(229) Marking Phase
[29.467s][info][gc,phases      ] GC(229) Marking Phase 970.680ms
[29.467s][info][gc,phases,start] GC(229) Summary Phase
[29.467s][info][gc,phases      ] GC(229) Summary Phase 0.082ms
[29.467s][info][gc,phases,start] GC(229) Adjust Roots
[29.468s][info][gc,phases      ] GC(229) Adjust Roots 0.160ms
[29.468s][info][gc,phases,start] GC(229) Compaction Phase
[29.863s][info][gc,phases      ] GC(229) Compaction Phase 394.954ms
[29.863s][info][gc,phases,start] GC(229) Post Compact
[29.868s][info][gc,phases      ] GC(229) Post Compact 5.714ms
[29.872s][info][gc,heap        ] GC(229) PSYoungGen: 46752K(264704K)->0K(264704K) Eden: 0K(53248K)->0K(53248K) From: 46752K(211456K)->0K(211456K)
[29.872s][info][gc,heap        ] GC(229) ParOldGen: 4367810K(4445184K)->4411048K(4884992K)
[29.872s][info][gc,metaspace   ] GC(229) Metaspace: 6300K(6464K)->6300K(6464K) NonClass: 5766K(5824K)->5766K(5824K) Class: 533K(640K)->533K(640K)
[29.872s][info][gc             ] GC(229) Pause Full (Ergonomics) 4311M->4307M(5029M) 1375.254ms
[29.872s][info][gc,cpu         ] GC(229) User=10.12s Sys=0.05s Real=1.38s
[29.923s][info][gc,start       ] GC(230) Pause Young (Allocation Failure)
[29.966s][info][gc,heap        ] GC(230) PSYoungGen: 53248K(264704K)->53472K(262656K) Eden: 53248K(53248K)->0K(58880K) From: 0K(211456K)->53472K(203776K)
[29.967s][info][gc,heap        ] GC(230) ParOldGen: 4411048K(4884992K)->4411048K(4884992K)
[29.967s][info][gc,metaspace   ] GC(230) Metaspace: 6300K(6464K)->6300K(6464K) NonClass: 5766K(5824K)->5766K(5824K) Class: 533K(640K)->533K(640K)
[29.967s][info][gc             ] GC(230) Pause Young (Allocation Failure) 4359M->4359M(5027M) 43.681ms
[29.967s][info][gc,cpu         ] GC(230) User=0.17s Sys=0.00s Real=0.04s
[30.026s][info][gc,start       ] GC(231) Pause Young (Allocation Failure)
[30.102s][info][gc,heap        ] GC(231) PSYoungGen: 112352K(262656K)->59104K(267264K) Eden: 58880K(58880K)->0K(58880K) From: 53472K(203776K)->59104K(208384K)
[30.102s][info][gc,heap        ] GC(231) ParOldGen: 4411048K(4884992K)->4464752K(4884992K)
[30.102s][info][gc,metaspace   ] GC(231) Metaspace: 6300K(6464K)->6300K(6464K) NonClass: 5766K(5824K)->5766K(5824K) Class: 533K(640K)->533K(640K)
[30.102s][info][gc             ] GC(231) Pause Young (Allocation Failure) 4417M->4417M(5031M) 76.201ms
[30.102s][info][gc,cpu         ] GC(231) User=0.28s Sys=0.22s Real=0.08s
[30.171s][info][gc,start       ] GC(232) Pause Young (Allocation Failure)
[30.255s][info][gc,heap        ] GC(232) PSYoungGen: 117984K(267264K)->59104K(258560K) Eden: 58880K(58880K)->0K(65536K) From: 59104K(208384K)->59104K(193024K)
[30.255s][info][gc,heap        ] GC(232) ParOldGen: 4464752K(4884992K)->4524152K(4884992K)
[30.255s][info][gc,metaspace   ] GC(232) Metaspace: 6300K(6464K)->6300K(6464K) NonClass: 5766K(5824K)->5766K(5824K) Class: 533K(640K)->533K(640K)
[30.255s][info][gc             ] GC(232) Pause Young (Allocation Failure) 4475M->4475M(5023M) 83.534ms
[30.255s][info][gc,cpu         ] GC(232) User=0.34s Sys=0.19s Real=0.08s
[30.323s][info][gc,start       ] GC(233) Pause Young (Allocation Failure)
[30.411s][info][gc,heap        ] GC(233) PSYoungGen: 124640K(258560K)->65824K(263680K) Eden: 65536K(65536K)->0K(65536K) From: 59104K(193024K)->65824K(198144K)
[30.411s][info][gc,heap        ] GC(233) ParOldGen: 4524152K(4884992K)->4583552K(4884992K)
[30.411s][info][gc,metaspace   ] GC(233) Metaspace: 6300K(6464K)->6300K(6464K) NonClass: 5766K(5824K)->5766K(5824K) Class: 533K(640K)->533K(640K)
[30.411s][info][gc             ] GC(233) Pause Young (Allocation Failure) 4539M->4540M(5028M) 88.008ms
[30.411s][info][gc,cpu         ] GC(233) User=0.50s Sys=0.12s Real=0.09s
[30.476s][info][gc,start       ] GC(234) Pause Young (Allocation Failure)
[30.563s][info][gc,heap        ] GC(234) PSYoungGen: 131360K(263680K)->65760K(251904K) Eden: 65536K(65536K)->0K(73216K) From: 65824K(198144K)->65760K(178688K)
[30.563s][info][gc,heap        ] GC(234) ParOldGen: 4583552K(4884992K)->4649688K(4884992K)
[30.563s][info][gc,metaspace   ] GC(234) Metaspace: 6300K(6464K)->6300K(6464K) NonClass: 5766K(5824K)->5766K(5824K) Class: 533K(640K)->533K(640K)
[30.563s][info][gc             ] GC(234) Pause Young (Allocation Failure) 4604M->4604M(5016M) 87.082ms
[30.563s][info][gc,cpu         ] GC(234) User=0.56s Sys=0.19s Real=0.09s
[30.645s][info][gc,start       ] GC(235) Pause Young (Allocation Failure)
[30.740s][info][gc,heap        ] GC(235) PSYoungGen: 138976K(251904K)->73504K(258048K) Eden: 73216K(73216K)->0K(73216K) From: 65760K(178688K)->73504K(184832K)
[30.740s][info][gc,heap        ] GC(235) ParOldGen: 4649688K(4884992K)->4715808K(4884992K)
[30.740s][info][gc,metaspace   ] GC(235) Metaspace: 6300K(6464K)->6300K(6464K) NonClass: 5766K(5824K)->5766K(5824K) Class: 533K(640K)->533K(640K)
[30.740s][info][gc             ] GC(235) Pause Young (Allocation Failure) 4676M->4677M(5022M) 95.157ms
[30.740s][info][gc,cpu         ] GC(235) User=0.33s Sys=0.31s Real=0.10s
[30.818s][info][gc,start       ] GC(236) Pause Young (Allocation Failure)
[30.916s][info][gc,heap        ] GC(236) PSYoungGen: 146720K(258048K)->73504K(243712K) Eden: 73216K(73216K)->0K(81408K) From: 73504K(184832K)->73504K(162304K)
[30.916s][info][gc,heap        ] GC(236) ParOldGen: 4715808K(4884992K)->4789680K(4884992K)
[30.916s][info][gc,metaspace   ] GC(236) Metaspace: 6300K(6464K)->6300K(6464K) NonClass: 5766K(5824K)->5766K(5824K) Class: 533K(640K)->533K(640K)
[30.916s][info][gc             ] GC(236) Pause Young (Allocation Failure) 4748M->4749M(5008M) 98.147ms
[30.916s][info][gc,cpu         ] GC(236) User=0.47s Sys=0.19s Real=0.10s
[30.916s][info][gc,start       ] GC(237) Pause Full (Ergonomics)
[30.916s][info][gc,phases,start] GC(237) Marking Phase
[31.999s][info][gc,phases      ] GC(237) Marking Phase 1082.793ms
[31.999s][info][gc,phases,start] GC(237) Summary Phase
[31.999s][info][gc,phases      ] GC(237) Summary Phase 0.088ms
[31.999s][info][gc,phases,start] GC(237) Adjust Roots
[31.999s][info][gc,phases      ] GC(237) Adjust Roots 0.180ms
[31.999s][info][gc,phases,start] GC(237) Compaction Phase
[32.423s][info][gc,phases      ] GC(237) Compaction Phase 423.881ms
[32.423s][info][gc,phases,start] GC(237) Post Compact
[32.429s][info][gc,phases      ] GC(237) Post Compact 6.144ms
[32.433s][info][gc,heap        ] GC(237) PSYoungGen: 73504K(243712K)->0K(250880K) Eden: 0K(81408K)->0K(81408K) From: 73504K(162304K)->0K(169472K)
[32.433s][info][gc,heap        ] GC(237) ParOldGen: 4789680K(4884992K)->4859334K(5358592K)
[32.433s][info][gc,metaspace   ] GC(237) Metaspace: 6300K(6464K)->6300K(6464K) NonClass: 5766K(5824K)->5766K(5824K) Class: 533K(640K)->533K(640K)
[32.433s][info][gc             ] GC(237) Pause Full (Ergonomics) 4749M->4745M(5478M) 1516.753ms
[32.433s][info][gc,cpu         ] GC(237) User=11.30s Sys=0.14s Real=1.52s
[32.515s][info][gc,start       ] GC(238) Pause Young (Allocation Failure)
[32.570s][info][gc,heap        ] GC(238) PSYoungGen: 81408K(250880K)->81696K(238592K) Eden: 81408K(81408K)->0K(88576K) From: 0K(169472K)->81696K(150016K)
[32.570s][info][gc,heap        ] GC(238) ParOldGen: 4859334K(5358592K)->4859334K(5358592K)
[32.570s][info][gc,metaspace   ] GC(238) Metaspace: 6300K(6464K)->6300K(6464K) NonClass: 5766K(5824K)->5766K(5824K) Class: 533K(640K)->533K(640K)
[32.570s][info][gc             ] GC(238) Pause Young (Allocation Failure) 4824M->4825M(5466M) 55.285ms
[32.570s][info][gc,cpu         ] GC(238) User=0.23s Sys=0.00s Real=0.06s
[32.664s][info][gc,start       ] GC(239) Pause Young (Allocation Failure)
[32.754s][info][gc,heap        ] GC(239) PSYoungGen: 170272K(238592K)->160768K(249344K) Eden: 88576K(88576K)->0K(88576K) From: 81696K(150016K)->160768K(160768K)
[32.754s][info][gc,heap        ] GC(239) ParOldGen: 4859334K(5358592K)->4868958K(5358592K)
[32.754s][info][gc,metaspace   ] GC(239) Metaspace: 6300K(6464K)->6300K(6464K) NonClass: 5766K(5824K)->5766K(5824K) Class: 533K(640K)->533K(640K)
[32.754s][info][gc             ] GC(239) Pause Young (Allocation Failure) 4911M->4911M(5476M) 90.327ms
[32.754s][info][gc,cpu         ] GC(239) User=0.69s Sys=0.06s Real=0.09s
[32.848s][info][gc,start       ] GC(240) Pause Young (Allocation Failure)
[33.039s][info][gc,heap        ] GC(240) PSYoungGen: 249344K(249344K)->88896K(266752K) Eden: 88576K(88576K)->0K(97792K) From: 160768K(160768K)->88896K(168960K)
[33.039s][info][gc,heap        ] GC(240) ParOldGen: 4868958K(5358592K)->5030870K(5358592K)
[33.039s][info][gc,metaspace   ] GC(240) Metaspace: 6300K(6464K)->6300K(6464K) NonClass: 5766K(5824K)->5766K(5824K) Class: 533K(640K)->533K(640K)
[33.039s][info][gc             ] GC(240) Pause Young (Allocation Failure) 4998M->4999M(5493M) 190.833ms
[33.039s][info][gc,cpu         ] GC(240) User=1.03s Sys=0.47s Real=0.19s
[33.140s][info][gc,start       ] GC(241) Pause Young (Allocation Failure)
[33.239s][info][gc,heap        ] GC(241) PSYoungGen: 186688K(266752K)->176640K(274432K) Eden: 97792K(97792K)->0K(97792K) From: 88896K(168960K)->176640K(176640K)
[33.239s][info][gc,heap        ] GC(241) ParOldGen: 5030870K(5358592K)->5041030K(5358592K)
[33.239s][info][gc,metaspace   ] GC(241) Metaspace: 6300K(6464K)->6300K(6464K) NonClass: 5766K(5824K)->5766K(5824K) Class: 533K(640K)->533K(640K)
[33.239s][info][gc             ] GC(241) Pause Young (Allocation Failure) 5095M->5095M(5501M) 98.911ms
[33.239s][info][gc,cpu         ] GC(241) User=0.62s Sys=0.00s Real=0.10s
[33.347s][info][gc,start       ] GC(242) Pause Young (Allocation Failure)
[33.552s][info][gc,heap        ] GC(242) PSYoungGen: 274432K(274432K)->98080K(292864K) Eden: 97792K(97792K)->0K(108544K) From: 176640K(176640K)->98080K(184320K)
[33.552s][info][gc,heap        ] GC(242) ParOldGen: 5041030K(5358592K)->5218918K(5358592K)
[33.552s][info][gc,metaspace   ] GC(242) Metaspace: 6300K(6464K)->6300K(6464K) NonClass: 5766K(5824K)->5766K(5824K) Class: 533K(640K)->533K(640K)
[33.552s][info][gc             ] GC(242) Pause Young (Allocation Failure) 5190M->5192M(5519M) 205.118ms
[33.552s][info][gc,cpu         ] GC(242) User=1.05s Sys=0.56s Real=0.20s
[33.552s][info][gc,start       ] GC(243) Pause Full (Ergonomics)
[33.552s][info][gc,phases,start] GC(243) Marking Phase
[34.697s][info][gc,phases      ] GC(243) Marking Phase 1144.900ms
[34.697s][info][gc,phases,start] GC(243) Summary Phase
[34.697s][info][gc,phases      ] GC(243) Summary Phase 0.098ms
[34.697s][info][gc,phases,start] GC(243) Adjust Roots
[34.697s][info][gc,phases      ] GC(243) Adjust Roots 0.163ms
[34.697s][info][gc,phases,start] GC(243) Compaction Phase
[35.140s][info][gc,phases      ] GC(243) Compaction Phase 442.328ms
[35.140s][info][gc,phases,start] GC(243) Post Compact
[35.146s][info][gc,phases      ] GC(243) Post Compact 6.308ms
[35.151s][info][gc,heap        ] GC(243) PSYoungGen: 98080K(292864K)->0K(302080K) Eden: 0K(108544K)->0K(108544K) From: 98080K(184320K)->0K(193536K)
[35.151s][info][gc,heap        ] GC(243) ParOldGen: 5218918K(5358592K)->5313321K(5924864K)
[35.151s][info][gc,metaspace   ] GC(243) Metaspace: 6300K(6464K)->6300K(6464K) NonClass: 5766K(5824K)->5766K(5824K) Class: 533K(640K)->533K(640K)
[35.151s][info][gc             ] GC(243) Pause Full (Ergonomics) 5192M->5188M(6081M) 1598.584ms
[35.151s][info][gc,cpu         ] GC(243) User=12.03s Sys=0.17s Real=1.60s
[35.264s][info][gc,start       ] GC(244) Pause Young (Allocation Failure)
[35.333s][info][gc,heap        ] GC(244) PSYoungGen: 108544K(302080K)->108928K(297472K) Eden: 108544K(108544K)->0K(118272K) From: 0K(193536K)->108928K(179200K)
[35.333s][info][gc,heap        ] GC(244) ParOldGen: 5313321K(5924864K)->5313321K(5924864K)
[35.333s][info][gc,metaspace   ] GC(244) Metaspace: 6300K(6464K)->6300K(6464K) NonClass: 5766K(5824K)->5766K(5824K) Class: 533K(640K)->533K(640K)
[35.333s][info][gc             ] GC(244) Pause Young (Allocation Failure) 5294M->5295M(6076M) 68.578ms
[35.333s][info][gc,cpu         ] GC(244) User=0.39s Sys=0.02s Real=0.07s
[35.463s][info][gc,start       ] GC(245) Pause Young (Allocation Failure)
[35.594s][info][gc,heap        ] GC(245) PSYoungGen: 227200K(297472K)->187392K(305664K) Eden: 118272K(118272K)->0K(118272K) From: 108928K(179200K)->187392K(187392K)
[35.594s][info][gc,heap        ] GC(245) ParOldGen: 5313321K(5924864K)->5353465K(5924864K)
[35.594s][info][gc,metaspace   ] GC(245) Metaspace: 6300K(6464K)->6300K(6464K) NonClass: 5766K(5824K)->5766K(5824K) Class: 533K(640K)->533K(640K)
[35.594s][info][gc             ] GC(245) Pause Young (Allocation Failure) 5410M->5410M(6084M) 131.301ms
[35.594s][info][gc,cpu         ] GC(245) User=0.72s Sys=0.19s Real=0.13s
[35.721s][info][gc,start       ] GC(246) Pause Young (Allocation Failure)
[35.968s][info][gc,heap        ] GC(246) PSYoungGen: 305664K(305664K)->118592K(337408K) Eden: 118272K(118272K)->0K(130048K) From: 187392K(187392K)->118592K(207360K)
[35.968s][info][gc,heap        ] GC(246) ParOldGen: 5353465K(5924864K)->5542209K(5924864K)
[35.968s][info][gc,metaspace   ] GC(246) Metaspace: 6300K(6464K)->6300K(6464K) NonClass: 5766K(5824K)->5766K(5824K) Class: 533K(640K)->533K(640K)
[35.968s][info][gc             ] GC(246) Pause Young (Allocation Failure) 5526M->5528M(6115M) 247.190ms
[35.968s][info][gc,cpu         ] GC(246) User=0.89s Sys=0.69s Real=0.25s
[37.289s][info][gc,start       ] GC(247) Pause Full (Ergonomics)
[37.289s][info][gc,phases,start] GC(247) Marking Phase
[38.543s][info][gc,phases      ] GC(247) Marking Phase 1253.660ms
[38.543s][info][gc,phases,start] GC(247) Summary Phase
[38.543s][info][gc,phases      ] GC(247) Summary Phase 0.179ms
[38.543s][info][gc,phases,start] GC(247) Adjust Roots
[38.543s][info][gc,phases      ] GC(247) Adjust Roots 0.234ms
[38.543s][info][gc,phases,start] GC(247) Compaction Phase
[39.473s][info][gc,phases      ] GC(247) Compaction Phase 929.892ms
[39.473s][info][gc,phases,start] GC(247) Post Compact
[39.485s][info][gc,phases      ] GC(247) Post Compact 11.703ms
[39.492s][info][gc,heap        ] GC(247) PSYoungGen: 248640K(337408K)->0K(346112K) Eden: 130048K(130048K)->0K(130048K) From: 118592K(207360K)->0K(216064K)
[39.492s][info][gc,heap        ] GC(247) ParOldGen: 5804353K(5924864K)->5919401K(6601216K)
[39.492s][info][gc,metaspace   ] GC(247) Metaspace: 6300K(6464K)->6300K(6464K) NonClass: 5766K(5824K)->5766K(5824K) Class: 533K(640K)->533K(640K)
[39.492s][info][gc             ] GC(247) Pause Full (Ergonomics) 5911M->5780M(6784M) 2202.732ms
[39.492s][info][gc,cpu         ] GC(247) User=14.81s Sys=0.38s Real=2.20s
[39.625s][info][gc,start       ] GC(248) Pause Young (Allocation Failure)
[39.736s][info][gc,heap        ] GC(248) PSYoungGen: 130048K(346112K)->130432K(346624K) Eden: 130048K(130048K)->0K(140800K) From: 0K(216064K)->130432K(205824K)
[39.736s][info][gc,heap        ] GC(248) ParOldGen: 5919401K(6601216K)->5919401K(6601216K)
[39.736s][info][gc,metaspace   ] GC(248) Metaspace: 6300K(6464K)->6300K(6464K) NonClass: 5766K(5824K)->5766K(5824K) Class: 533K(640K)->533K(640K)
[39.736s][info][gc             ] GC(248) Pause Young (Allocation Failure) 5907M->5908M(6785M) 111.090ms
[39.736s][info][gc,cpu         ] GC(248) User=0.39s Sys=0.00s Real=0.11s
[39.874s][info][gc,start       ] GC(249) Pause Young (Allocation Failure)
[40.026s][info][gc,heap        ] GC(249) PSYoungGen: 271232K(346624K)->211968K(352768K) Eden: 140800K(140800K)->0K(140800K) From: 130432K(205824K)->211968K(211968K)
[40.026s][info][gc,heap        ] GC(249) ParOldGen: 5919401K(6601216K)->5979233K(6601216K)
[40.026s][info][gc,metaspace   ] GC(249) Metaspace: 6300K(6464K)->6300K(6464K) NonClass: 5766K(5824K)->5766K(5824K) Class: 533K(640K)->533K(640K)
[40.026s][info][gc             ] GC(249) Pause Young (Allocation Failure) 6045M->6046M(6791M) 152.240ms
[40.026s][info][gc,cpu         ] GC(249) User=0.66s Sys=0.19s Real=0.15s
[40.169s][info][gc,start       ] GC(250) Pause Young (Allocation Failure)
[40.439s][info][gc,heap        ] GC(250) PSYoungGen: 352768K(352768K)->245728K(384000K) Eden: 140800K(140800K)->0K(123904K) From: 211968K(211968K)->245728K(260096K)
[40.439s][info][gc,heap        ] GC(250) ParOldGen: 5979233K(6601216K)->6087417K(6601216K)
[40.439s][info][gc,metaspace   ] GC(250) Metaspace: 6300K(6464K)->6300K(6464K) NonClass: 5766K(5824K)->5766K(5824K) Class: 533K(640K)->533K(640K)
[40.439s][info][gc             ] GC(250) Pause Young (Allocation Failure) 6183M->6184M(6821M) 270.007ms
[40.439s][info][gc,cpu         ] GC(250) User=0.94s Sys=1.08s Real=0.27s
[40.562s][info][gc,start       ] GC(251) Pause Young (Allocation Failure)
[40.759s][info][gc,heap        ] GC(251) PSYoungGen: 369632K(384000K)->289280K(413184K) Eden: 123904K(123904K)->0K(123904K) From: 245728K(260096K)->289280K(289280K)
[40.759s][info][gc,heap        ] GC(251) ParOldGen: 6087417K(6601216K)->6168473K(6601216K)
[40.759s][info][gc,metaspace   ] GC(251) Metaspace: 6300K(6464K)->6300K(6464K) NonClass: 5766K(5824K)->5766K(5824K) Class: 533K(640K)->533K(640K)
[40.759s][info][gc             ] GC(251) Pause Young (Allocation Failure) 6305M->6306M(6850M) 196.643ms
[40.759s][info][gc,cpu         ] GC(251) User=1.19s Sys=0.33s Real=0.20s
[40.891s][info][gc,start       ] GC(252) Pause Young (Allocation Failure)
[41.173s][info][gc,heap        ] GC(252) PSYoungGen: 413184K(413184K)->210656K(492544K) Eden: 123904K(123904K)->0K(137728K) From: 289280K(289280K)->210656K(354816K)
[41.173s][info][gc,heap        ] GC(252) ParOldGen: 6168473K(6601216K)->6372745K(6601216K)
[41.173s][info][gc,metaspace   ] GC(252) Metaspace: 6300K(6464K)->6300K(6464K) NonClass: 5766K(5824K)->5766K(5824K) Class: 533K(640K)->533K(640K)
[41.173s][info][gc             ] GC(252) Pause Young (Allocation Failure) 6427M->6429M(6927M) 282.120ms
[41.173s][info][gc,cpu         ] GC(252) User=1.25s Sys=0.88s Real=0.28s
[41.314s][info][gc,start       ] GC(253) Pause Young (Allocation Failure)
[41.501s][info][gc,heap        ] GC(253) PSYoungGen: 348384K(492544K)->262240K(494080K) Eden: 137728K(137728K)->0K(137728K) From: 210656K(354816K)->262240K(356352K)
[41.501s][info][gc,heap        ] GC(253) ParOldGen: 6372745K(6601216K)->6459809K(6601216K)
[41.501s][info][gc,metaspace   ] GC(253) Metaspace: 6300K(6464K)->6300K(6464K) NonClass: 5766K(5824K)->5766K(5824K) Class: 533K(640K)->533K(640K)
[41.501s][info][gc             ] GC(253) Pause Young (Allocation Failure) 6563M->6564M(6929M) 186.871ms
[41.501s][info][gc,cpu         ] GC(253) User=0.95s Sys=0.44s Real=0.19s
[41.501s][info][gc,start       ] GC(254) Pause Full (Ergonomics)
[41.501s][info][gc,phases,start] GC(254) Marking Phase
[42.951s][info][gc,phases      ] GC(254) Marking Phase 1449.590ms
[42.951s][info][gc,phases,start] GC(254) Summary Phase
[42.951s][info][gc,phases      ] GC(254) Summary Phase 0.105ms
[42.951s][info][gc,phases,start] GC(254) Adjust Roots
[42.951s][info][gc,phases      ] GC(254) Adjust Roots 0.228ms
[42.951s][info][gc,phases,start] GC(254) Compaction Phase
[43.680s][info][gc,phases      ] GC(254) Compaction Phase 728.714ms
[43.680s][info][gc,phases,start] GC(254) Post Compact
[43.689s][info][gc,phases      ] GC(254) Post Compact 8.722ms
[43.694s][info][gc,heap        ] GC(254) PSYoungGen: 262240K(494080K)->115399K(494080K) Eden: 0K(137728K)->0K(137728K) From: 262240K(356352K)->115399K(356352K)
[43.694s][info][gc,heap        ] GC(254) ParOldGen: 6459809K(6601216K)->6600999K(7339520K)
[43.694s][info][gc,metaspace   ] GC(254) Metaspace: 6300K(6464K)->6300K(6464K) NonClass: 5766K(5824K)->5766K(5824K) Class: 533K(640K)->533K(640K)
[43.694s][info][gc             ] GC(254) Pause Full (Ergonomics) 6564M->6558M(7650M) 2192.483ms
[43.694s][info][gc,cpu         ] GC(254) User=15.47s Sys=0.23s Real=2.19s
[43.833s][info][gc,start       ] GC(255) Pause Young (Allocation Failure)
[44.236s][info][gc,heap        ] GC(255) PSYoungGen: 253127K(494080K)->203360K(499200K) Eden: 137728K(137728K)->0K(150528K) From: 115399K(356352K)->203360K(348672K)
[44.236s][info][gc,heap        ] GC(255) ParOldGen: 6600999K(7339520K)->6651823K(7339520K)
[44.236s][info][gc,metaspace   ] GC(255) Metaspace: 6300K(6464K)->6300K(6464K) NonClass: 5766K(5824K)->5766K(5824K) Class: 533K(640K)->533K(640K)
[44.236s][info][gc             ] GC(255) Pause Young (Allocation Failure) 6693M->6694M(7655M) 402.398ms
[44.236s][info][gc,cpu         ] GC(255) User=2.77s Sys=0.28s Real=0.40s
[44.390s][info][gc,start       ] GC(256) Pause Young (Allocation Failure)
[44.576s][info][gc,heap        ] GC(256) PSYoungGen: 353888K(499200K)->354144K(512000K) Eden: 150528K(150528K)->0K(150528K) From: 203360K(348672K)->354144K(361472K)
[44.576s][info][gc,heap        ] GC(256) ParOldGen: 6651823K(7339520K)->6651823K(7339520K)
[44.576s][info][gc,metaspace   ] GC(256) Metaspace: 6300K(6464K)->6300K(6464K) NonClass: 5766K(5824K)->5766K(5824K) Class: 533K(640K)->533K(640K)
[44.576s][info][gc             ] GC(256) Pause Young (Allocation Failure) 6841M->6841M(7667M) 185.902ms
[44.576s][info][gc,cpu         ] GC(256) User=1.03s Sys=0.00s Real=0.19s
[44.720s][info][gc,start       ] GC(257) Pause Young (Allocation Failure)
[45.077s][info][gc,heap        ] GC(257) PSYoungGen: 504672K(512000K)->407040K(479744K) Eden: 150528K(150528K)->0K(72704K) From: 354144K(361472K)->407040K(407040K)
[45.077s][info][gc,heap        ] GC(257) ParOldGen: 6651823K(7339520K)->6750311K(7339520K)
[45.077s][info][gc,metaspace   ] GC(257) Metaspace: 6300K(6464K)->6300K(6464K) NonClass: 5766K(5824K)->5766K(5824K) Class: 533K(640K)->533K(640K)
[45.077s][info][gc             ] GC(257) Pause Young (Allocation Failure) 6988M->6989M(7636M) 357.421ms
[45.077s][info][gc,cpu         ] GC(257) User=1.77s Sys=0.59s Real=0.36s
[45.149s][info][gc,start       ] GC(258) Pause Young (Allocation Failure)
[45.407s][info][gc,heap        ] GC(258) PSYoungGen: 479744K(479744K)->319168K(572416K) Eden: 72704K(72704K)->0K(72704K) From: 407040K(407040K)->319168K(499712K)
[45.407s][info][gc,heap        ] GC(258) ParOldGen: 6750311K(7339520K)->6912287K(7339520K)
[45.407s][info][gc,metaspace   ] GC(258) Metaspace: 6300K(6464K)->6300K(6464K) NonClass: 5766K(5824K)->5766K(5824K) Class: 533K(640K)->533K(640K)
[45.407s][info][gc             ] GC(258) Pause Young (Allocation Failure) 7060M->7061M(7726M) 258.001ms
[45.407s][info][gc,cpu         ] GC(258) User=1.50s Sys=0.20s Real=0.26s
[45.478s][info][gc,start       ] GC(259) Pause Young (Allocation Failure)
[45.669s][info][gc,heap        ] GC(259) PSYoungGen: 391872K(572416K)->263072K(553984K) Eden: 72704K(72704K)->0K(82432K) From: 319168K(499712K)->263072K(471552K)
[45.669s][info][gc,heap        ] GC(259) ParOldGen: 6912287K(7339520K)->7042223K(7339520K)
[45.669s][info][gc,metaspace   ] GC(259) Metaspace: 6300K(6464K)->6300K(6464K) NonClass: 5766K(5824K)->5766K(5824K) Class: 533K(640K)->533K(640K)
[45.669s][info][gc             ] GC(259) Pause Young (Allocation Failure) 7132M->7134M(7708M) 190.919ms
[45.669s][info][gc,cpu         ] GC(259) User=1.25s Sys=0.09s Real=0.19s
[45.756s][info][gc,start       ] GC(260) Pause Young (Allocation Failure)
[45.953s][info][gc,heap        ] GC(260) PSYoungGen: 345504K(553984K)->155488K(570880K) Eden: 82432K(82432K)->0K(82432K) From: 263072K(471552K)->155488K(488448K)
[45.953s][info][gc,heap        ] GC(260) ParOldGen: 7042223K(7339520K)->7233623K(7339520K)
[45.953s][info][gc,metaspace   ] GC(260) Metaspace: 6300K(6464K)->6300K(6464K) NonClass: 5766K(5824K)->5766K(5824K) Class: 533K(640K)->533K(640K)
[45.953s][info][gc             ] GC(260) Pause Young (Allocation Failure) 7214M->7215M(7725M) 197.272ms
[45.953s][info][gc,cpu         ] GC(260) User=0.91s Sys=0.12s Real=0.20s
[45.953s][info][gc,start       ] GC(261) Pause Full (Ergonomics)
[45.953s][info][gc,phases,start] GC(261) Marking Phase
[47.539s][info][gc,phases      ] GC(261) Marking Phase 1585.038ms
[47.539s][info][gc,phases,start] GC(261) Summary Phase
[47.539s][info][gc,phases      ] GC(261) Summary Phase 0.077ms
[47.539s][info][gc,phases,start] GC(261) Adjust Roots
[47.539s][info][gc,phases      ] GC(261) Adjust Roots 0.184ms
[47.539s][info][gc,phases,start] GC(261) Compaction Phase
[48.279s][info][gc,phases      ] GC(261) Compaction Phase 740.504ms
[48.279s][info][gc,phases,start] GC(261) Post Compact
[48.289s][info][gc,phases      ] GC(261) Post Compact 9.702ms
[48.292s][info][gc,heap        ] GC(261) PSYoungGen: 155488K(570880K)->43681K(570880K) Eden: 0K(82432K)->0K(82432K) From: 155488K(488448K)->43681K(488448K)
[48.292s][info][gc,heap        ] GC(261) ParOldGen: 7233623K(7339520K)->7339150K(8167424K)
[48.292s][info][gc,metaspace   ] GC(261) Metaspace: 6300K(6464K)->6300K(6464K) NonClass: 5766K(5824K)->5766K(5824K) Class: 533K(640K)->533K(640K)
[48.292s][info][gc             ] GC(261) Pause Full (Ergonomics) 7215M->7209M(8533M) 2338.569ms
[48.292s][info][gc,cpu         ] GC(261) User=16.64s Sys=0.17s Real=2.34s
[48.380s][info][gc,start       ] GC(262) Pause Young (Allocation Failure)
[48.753s][info][gc,heap        ] GC(262) PSYoungGen: 126113K(570880K)->82688K(569856K) Eden: 82432K(82432K)->0K(91648K) From: 43681K(488448K)->82688K(478208K)
[48.753s][info][gc,heap        ] GC(262) ParOldGen: 7339150K(8167424K)->7383254K(8167424K)
[48.753s][info][gc,metaspace   ] GC(262) Metaspace: 6300K(6464K)->6300K(6464K) NonClass: 5766K(5824K)->5766K(5824K) Class: 533K(640K)->533K(640K)
[48.753s][info][gc             ] GC(262) Pause Young (Allocation Failure) 7290M->7290M(8532M) 373.526ms
[48.753s][info][gc,cpu         ] GC(262) User=2.61s Sys=0.06s Real=0.37s
[48.843s][info][gc,start       ] GC(263) Pause Young (Allocation Failure)
[48.964s][info][gc,heap        ] GC(263) PSYoungGen: 174336K(569856K)->91904K(570880K) Eden: 91648K(91648K)->0K(91648K) From: 82688K(478208K)->91904K(479232K)
[48.964s][info][gc,heap        ] GC(263) ParOldGen: 7383254K(8167424K)->7466430K(8167424K)
[48.964s][info][gc,metaspace   ] GC(263) Metaspace: 6300K(6464K)->6300K(6464K) NonClass: 5766K(5824K)->5766K(5824K) Class: 533K(640K)->533K(640K)
[48.964s][info][gc             ] GC(263) Pause Young (Allocation Failure) 7380M->7381M(8533M) 121.062ms
[48.964s][info][gc,cpu         ] GC(263) User=0.52s Sys=0.02s Real=0.12s
[49.059s][info][gc,start       ] GC(264) Pause Young (Allocation Failure)
[49.181s][info][gc,heap        ] GC(264) PSYoungGen: 183552K(570880K)->91968K(560640K) Eden: 91648K(91648K)->0K(101888K) From: 91904K(479232K)->91968K(458752K)
[49.181s][info][gc,heap        ] GC(264) ParOldGen: 7466430K(8167424K)->7558894K(8167424K)
[49.181s][info][gc,metaspace   ] GC(264) Metaspace: 6300K(6464K)->6300K(6464K) NonClass: 5766K(5824K)->5766K(5824K) Class: 533K(640K)->533K(640K)
[49.181s][info][gc             ] GC(264) Pause Young (Allocation Failure) 7470M->7471M(8523M) 121.526ms
[49.181s][info][gc,cpu         ] GC(264) User=0.45s Sys=0.05s Real=0.12s
[49.283s][info][gc,start       ] GC(265) Pause Young (Allocation Failure)
[49.421s][info][gc,heap        ] GC(265) PSYoungGen: 193856K(560640K)->102208K(204288K) Eden: 101888K(101888K)->0K(101888K) From: 91968K(458752K)->102208K(102400K)
[49.421s][info][gc,heap        ] GC(265) ParOldGen: 7558894K(8167424K)->7651350K(8167424K)
[49.421s][info][gc,metaspace   ] GC(265) Metaspace: 6300K(6464K)->6300K(6464K) NonClass: 5766K(5824K)->5766K(5824K) Class: 533K(640K)->533K(640K)
[49.421s][info][gc             ] GC(265) Pause Young (Allocation Failure) 7571M->7571M(8175M) 138.439ms
[49.421s][info][gc,cpu         ] GC(265) User=0.42s Sys=0.03s Real=0.14s
[49.535s][info][gc,start       ] GC(266) Pause Young (Allocation Failure)
[49.668s][info][gc,heap        ] GC(266) PSYoungGen: 204096K(204288K)->102176K(542208K) Eden: 101888K(101888K)->0K(113152K) From: 102208K(102400K)->102176K(429056K)
[49.668s][info][gc,heap        ] GC(266) ParOldGen: 7651350K(8167424K)->7754166K(8167424K)
[49.668s][info][gc,metaspace   ] GC(266) Metaspace: 6300K(6464K)->6300K(6464K) NonClass: 5766K(5824K)->5766K(5824K) Class: 533K(640K)->533K(640K)
[49.668s][info][gc             ] GC(266) Pause Young (Allocation Failure) 7671M->7672M(8505M) 132.944ms
[49.668s][info][gc,cpu         ] GC(266) User=0.61s Sys=0.00s Real=0.13s
[49.787s][info][gc,start       ] GC(267) Pause Young (Allocation Failure)
[49.934s][info][gc,heap        ] GC(267) PSYoungGen: 215328K(542208K)->113472K(226816K) Eden: 113152K(113152K)->0K(113152K) From: 102176K(429056K)->113472K(113664K)
[49.934s][info][gc,heap        ] GC(267) ParOldGen: 7754166K(8167424K)->7856958K(8167424K)
[49.934s][info][gc,metaspace   ] GC(267) Metaspace: 6300K(6464K)->6300K(6464K) NonClass: 5766K(5824K)->5766K(5824K) Class: 533K(640K)->533K(640K)
[49.934s][info][gc             ] GC(267) Pause Young (Allocation Failure) 7782M->7783M(8197M) 146.896ms
[49.934s][info][gc,cpu         ] GC(267) User=0.81s Sys=0.08s Real=0.15s
[50.046s][info][gc,start       ] GC(268) Pause Young (Allocation Failure)
[50.192s][info][gc,heap        ] GC(268) PSYoungGen: 226624K(226816K)->113472K(520192K) Eden: 113152K(113152K)->0K(125952K) From: 113472K(113664K)->113472K(394240K)
[50.192s][info][gc,heap        ] GC(268) ParOldGen: 7856958K(8167424K)->7971118K(8167424K)
[50.192s][info][gc,metaspace   ] GC(268) Metaspace: 6300K(6464K)->6300K(6464K) NonClass: 5766K(5824K)->5766K(5824K) Class: 533K(640K)->533K(640K)
[50.192s][info][gc             ] GC(268) Pause Young (Allocation Failure) 7894M->7895M(8484M) 146.210ms
[50.192s][info][gc,cpu         ] GC(268) User=0.53s Sys=0.06s Real=0.15s
[50.315s][info][gc,start       ] GC(269) Pause Young (Allocation Failure)
[50.461s][info][gc,heap        ] GC(269) PSYoungGen: 239424K(520192K)->126304K(252416K) Eden: 125952K(125952K)->0K(125952K) From: 113472K(394240K)->126304K(126464K)
[50.461s][info][gc,heap        ] GC(269) ParOldGen: 7971118K(8167424K)->8085270K(8167424K)
[50.461s][info][gc,metaspace   ] GC(269) Metaspace: 6300K(6464K)->6300K(6464K) NonClass: 5766K(5824K)->5766K(5824K) Class: 533K(640K)->533K(640K)
[50.461s][info][gc             ] GC(269) Pause Young (Allocation Failure) 8018M->8019M(8222M) 145.495ms
[50.461s][info][gc,cpu         ] GC(269) User=0.75s Sys=0.14s Real=0.14s
[50.461s][info][gc,start       ] GC(270) Pause Full (Ergonomics)
[50.461s][info][gc,phases,start] GC(270) Marking Phase
[52.291s][info][gc,phases      ] GC(270) Marking Phase 1830.212ms
[52.291s][info][gc,phases,start] GC(270) Summary Phase
[52.291s][info][gc,phases      ] GC(270) Summary Phase 0.101ms
[52.291s][info][gc,phases,start] GC(270) Adjust Roots
[52.291s][info][gc,phases      ] GC(270) Adjust Roots 0.257ms
[52.291s][info][gc,phases,start] GC(270) Compaction Phase
[53.151s][info][gc,phases      ] GC(270) Compaction Phase 859.418ms
[53.151s][info][gc,phases,start] GC(270) Post Compact
[53.164s][info][gc,phases      ] GC(270) Post Compact 12.707ms
[53.167s][info][gc,heap        ] GC(270) PSYoungGen: 126304K(252416K)->37016K(252416K) Eden: 0K(125952K)->0K(125952K) From: 126304K(126464K)->37016K(126464K)
[53.167s][info][gc,heap        ] GC(270) ParOldGen: 8085270K(8167424K)->8167310K(8999424K)
[53.167s][info][gc,metaspace   ] GC(270) Metaspace: 6300K(6464K)->6300K(6464K) NonClass: 5766K(5824K)->5766K(5824K) Class: 533K(640K)->533K(640K)
[53.167s][info][gc             ] GC(270) Pause Full (Ergonomics) 8019M->8012M(9035M) 2705.910ms
[53.167s][info][gc,cpu         ] GC(270) User=19.28s Sys=0.09s Real=2.71s
[53.297s][info][gc,start       ] GC(271) Pause Young (Allocation Failure)
[53.747s][info][gc,heap        ] GC(271) PSYoungGen: 162968K(252416K)->126336K(492544K) Eden: 125952K(125952K)->0K(137728K) From: 37016K(126464K)->126336K(354816K)
[53.747s][info][gc,heap        ] GC(271) ParOldGen: 8167310K(8999424K)->8204702K(8999424K)
[53.747s][info][gc,metaspace   ] GC(271) Metaspace: 6300K(6464K)->6300K(6464K) NonClass: 5766K(5824K)->5766K(5824K) Class: 533K(640K)->533K(640K)
[53.747s][info][gc             ] GC(271) Pause Young (Allocation Failure) 8135M->8135M(9269M) 450.587ms
[53.747s][info][gc,cpu         ] GC(271) User=3.19s Sys=0.00s Real=0.45s
[53.879s][info][gc,start       ] GC(272) Pause Young (Allocation Failure)
[54.029s][info][gc,heap        ] GC(272) PSYoungGen: 264064K(492544K)->264320K(512512K) Eden: 137728K(137728K)->0K(137728K) From: 126336K(354816K)->264320K(374784K)
[54.029s][info][gc,heap        ] GC(272) ParOldGen: 8204702K(8999424K)->8204702K(8999424K)
[54.029s][info][gc,metaspace   ] GC(272) Metaspace: 6300K(6464K)->6300K(6464K) NonClass: 5766K(5824K)->5766K(5824K) Class: 533K(640K)->533K(640K)
[54.029s][info][gc             ] GC(272) Pause Young (Allocation Failure) 8270M->8270M(9289M) 150.093ms
[54.029s][info][gc,cpu         ] GC(272) User=0.81s Sys=0.00s Real=0.15s
[54.172s][info][gc,start       ] GC(273) Pause Young (Allocation Failure)
[54.368s][info][gc,heap        ] GC(273) PSYoungGen: 402048K(512512K)->392704K(479744K) Eden: 137728K(137728K)->0K(87040K) From: 264320K(374784K)->392704K(392704K)
[54.368s][info][gc,heap        ] GC(273) ParOldGen: 8204702K(8999424K)->8214302K(8999424K)
[54.368s][info][gc,metaspace   ] GC(273) Metaspace: 6300K(6464K)->6300K(6464K) NonClass: 5766K(5824K)->5766K(5824K) Class: 533K(640K)->533K(640K)
[54.368s][info][gc             ] GC(273) Pause Young (Allocation Failure) 8405M->8405M(9257M) 196.012ms
[54.368s][info][gc,cpu         ] GC(273) User=1.36s Sys=0.03s Real=0.20s
[54.454s][info][gc,start       ] GC(274) Pause Young (Allocation Failure)
[54.732s][info][gc,heap        ] GC(274) PSYoungGen: 479744K(479744K)->221664K(308736K) Eden: 87040K(87040K)->0K(87040K) From: 392704K(392704K)->221664K(221696K)
[54.732s][info][gc,heap        ] GC(274) ParOldGen: 8214302K(8999424K)->8474494K(8999424K)
[54.732s][info][gc,metaspace   ] GC(274) Metaspace: 6300K(6464K)->6300K(6464K) NonClass: 5766K(5824K)->5766K(5824K) Class: 533K(640K)->533K(640K)
[54.732s][info][gc             ] GC(274) Pause Young (Allocation Failure) 8490M->8492M(9090M) 278.409ms
[54.732s][info][gc,cpu         ] GC(274) User=1.47s Sys=0.11s Real=0.28s
[54.824s][info][gc,start       ] GC(275) Pause Young (Allocation Failure)
[55.009s][info][gc,heap        ] GC(275) PSYoungGen: 308704K(308736K)->174496K(496128K) Eden: 87040K(87040K)->0K(97280K) From: 221664K(221696K)->174496K(398848K)
[55.009s][info][gc,heap        ] GC(275) ParOldGen: 8474494K(8999424K)->8609766K(8999424K)
[55.009s][info][gc,metaspace   ] GC(275) Metaspace: 6300K(6464K)->6300K(6464K) NonClass: 5766K(5824K)->5766K(5824K) Class: 533K(640K)->533K(640K)
[55.009s][info][gc             ] GC(275) Pause Young (Allocation Failure) 8577M->8578M(9273M) 184.754ms
[55.009s][info][gc,cpu         ] GC(275) User=1.09s Sys=0.06s Real=0.18s
[55.105s][info][gc,start       ] GC(276) Pause Young (Allocation Failure)
[55.266s][info][gc,heap        ] GC(276) PSYoungGen: 271776K(496128K)->184768K(282112K) Eden: 97280K(97280K)->0K(97280K) From: 174496K(398848K)->184768K(184832K)
[55.266s][info][gc,heap        ] GC(276) ParOldGen: 8609766K(8999424K)->8697590K(8999424K)
[55.266s][info][gc,metaspace   ] GC(276) Metaspace: 6300K(6464K)->6300K(6464K) NonClass: 5766K(5824K)->5766K(5824K) Class: 533K(640K)->533K(640K)
[55.266s][info][gc             ] GC(276) Pause Young (Allocation Failure) 8673M->8674M(9064M) 160.723ms
[55.266s][info][gc,cpu         ] GC(276) User=0.91s Sys=0.02s Real=0.16s
[55.373s][info][gc,start       ] GC(277) Pause Young (Allocation Failure)
[55.553s][info][gc,heap        ] GC(277) PSYoungGen: 282048K(282112K)->97600K(498688K) Eden: 97280K(97280K)->0K(109056K) From: 184768K(184832K)->97600K(389632K)
[55.553s][info][gc,heap        ] GC(277) ParOldGen: 8697590K(8999424K)->8883518K(8999424K)
[55.553s][info][gc,metaspace   ] GC(277) Metaspace: 6300K(6464K)->6300K(6464K) NonClass: 5766K(5824K)->5766K(5824K) Class: 533K(640K)->533K(640K)
[55.553s][info][gc             ] GC(277) Pause Young (Allocation Failure) 8769M->8770M(9275M) 180.025ms
[55.553s][info][gc,cpu         ] GC(277) User=1.02s Sys=0.17s Real=0.18s
[55.553s][info][gc,start       ] GC(278) Pause Full (Ergonomics)
[55.553s][info][gc,phases,start] GC(278) Marking Phase
[57.518s][info][gc,phases      ] GC(278) Marking Phase 1964.836ms
[57.518s][info][gc,phases,start] GC(278) Summary Phase
[57.518s][info][gc,phases      ] GC(278) Summary Phase 0.176ms
[57.518s][info][gc,phases,start] GC(278) Adjust Roots
[57.518s][info][gc,phases      ] GC(278) Adjust Roots 0.244ms
[57.518s][info][gc,phases,start] GC(278) Compaction Phase
[58.354s][info][gc,phases      ] GC(278) Compaction Phase 835.801ms
[58.354s][info][gc,phases,start] GC(278) Post Compact
[58.365s][info][gc,phases      ] GC(278) Post Compact 10.814ms
[58.367s][info][gc,heap        ] GC(278) PSYoungGen: 97600K(498688K)->0K(503296K) Eden: 0K(109056K)->0K(109056K) From: 97600K(389632K)->0K(394240K)
[58.367s][info][gc,heap        ] GC(278) ParOldGen: 8883518K(8999424K)->8974156K(9625600K)
[58.367s][info][gc,metaspace   ] GC(278) Metaspace: 6300K(6464K)->6300K(6464K) NonClass: 5766K(5824K)->5766K(5824K) Class: 533K(640K)->533K(640K)
[58.367s][info][gc             ] GC(278) Pause Full (Ergonomics) 8770M->8763M(9891M) 2814.236ms
[58.367s][info][gc,cpu         ] GC(278) User=20.92s Sys=0.02s Real=2.82s
[58.484s][info][gc,start       ] GC(279) Pause Young (Allocation Failure)
[58.584s][info][gc,heap        ] GC(279) PSYoungGen: 109056K(503296K)->109376K(493056K) Eden: 109056K(109056K)->0K(119296K) From: 0K(394240K)->109376K(373760K)
[58.584s][info][gc,heap        ] GC(279) ParOldGen: 8974156K(9625600K)->8974156K(9625600K)
[58.584s][info][gc,metaspace   ] GC(279) Metaspace: 6300K(6464K)->6300K(6464K) NonClass: 5766K(5824K)->5766K(5824K) Class: 533K(640K)->533K(640K)
[58.584s][info][gc             ] GC(279) Pause Young (Allocation Failure) 8870M->8870M(9881M) 100.862ms
[58.584s][info][gc,cpu         ] GC(279) User=0.36s Sys=0.00s Real=0.10s
[58.719s][info][gc,start       ] GC(280) Pause Young (Allocation Failure)
[58.851s][info][gc,heap        ] GC(280) PSYoungGen: 228672K(493056K)->228928K(504832K) Eden: 119296K(119296K)->0K(119296K) From: 109376K(373760K)->228928K(385536K)
[58.851s][info][gc,heap        ] GC(280) ParOldGen: 8974156K(9625600K)->8974156K(9625600K)
[58.851s][info][gc,metaspace   ] GC(280) Metaspace: 6300K(6464K)->6300K(6464K) NonClass: 5766K(5824K)->5766K(5824K) Class: 533K(640K)->533K(640K)
[58.851s][info][gc             ] GC(280) Pause Young (Allocation Failure) 8987M->8987M(9893M) 132.507ms
[58.851s][info][gc,cpu         ] GC(280) User=0.62s Sys=0.00s Real=0.13s
[58.985s][info][gc,start       ] GC(281) Pause Young (Allocation Failure)
[59.163s][info][gc,heap        ] GC(281) PSYoungGen: 348224K(504832K)->348480K(474112K) Eden: 119296K(119296K)->0K(89600K) From: 228928K(385536K)->348480K(384512K)
[59.163s][info][gc,heap        ] GC(281) ParOldGen: 8974156K(9625600K)->8974156K(9625600K)
[59.163s][info][gc,metaspace   ] GC(281) Metaspace: 6300K(6464K)->6300K(6464K) NonClass: 5766K(5824K)->5766K(5824K) Class: 533K(640K)->533K(640K)
[59.163s][info][gc             ] GC(281) Pause Young (Allocation Failure) 9103M->9104M(9863M) 178.332ms
[59.163s][info][gc,cpu         ] GC(281) User=0.84s Sys=0.00s Real=0.18s
[59.259s][info][gc,start       ] GC(282) Pause Young (Allocation Failure)
[59.493s][info][gc,heap        ] GC(282) PSYoungGen: 438080K(474112K)->328928K(515584K) Eden: 89600K(89600K)->0K(89600K) From: 348480K(384512K)->328928K(425984K)
[59.493s][info][gc,heap        ] GC(282) ParOldGen: 8974156K(9625600K)->9084204K(9625600K)
[59.493s][info][gc,metaspace   ] GC(282) Metaspace: 6300K(6464K)->6300K(6464K) NonClass: 5766K(5824K)->5766K(5824K) Class: 533K(640K)->533K(640K)
[59.493s][info][gc             ] GC(282) Pause Young (Allocation Failure) 9191M->9192M(9903M) 233.962ms
[59.493s][info][gc,cpu         ] GC(282) User=1.41s Sys=0.19s Real=0.23s
[59.591s][info][gc,start       ] GC(283) Pause Young (Allocation Failure)
[59.830s][info][gc,heap        ] GC(283) PSYoungGen: 418528K(515584K)->299200K(543232K) Eden: 89600K(89600K)->0K(91136K) From: 328928K(425984K)->299200K(452096K)
[59.830s][info][gc,heap        ] GC(283) ParOldGen: 9084204K(9625600K)->9204572K(9625600K)
[59.830s][info][gc,metaspace   ] GC(283) Metaspace: 6300K(6464K)->6300K(6464K) NonClass: 5766K(5824K)->5766K(5824K) Class: 533K(640K)->533K(640K)
[59.830s][info][gc             ] GC(283) Pause Young (Allocation Failure) 9280M->9281M(9930M) 238.849ms
[59.830s][info][gc,cpu         ] GC(283) User=1.42s Sys=0.05s Real=0.24s
[59.929s][info][gc,start       ] GC(284) Pause Young (Allocation Failure)
[60.144s][info][gc,heap        ] GC(284) PSYoungGen: 390336K(543232K)->270880K(551936K) Eden: 91136K(91136K)->0K(91136K) From: 299200K(452096K)->270880K(460800K)
[60.144s][info][gc,heap        ] GC(284) ParOldGen: 9204572K(9625600K)->9324948K(9625600K)
[60.144s][info][gc,metaspace   ] GC(284) Metaspace: 6300K(6464K)->6300K(6464K) NonClass: 5766K(5824K)->5766K(5824K) Class: 533K(640K)->533K(640K)
[60.144s][info][gc             ] GC(284) Pause Young (Allocation Failure) 9370M->9370M(9939M) 215.564ms
[60.144s][info][gc,cpu         ] GC(284) User=1.47s Sys=0.09s Real=0.22s
[60.240s][info][gc,start       ] GC(285) Pause Young (Allocation Failure)
[60.444s][info][gc,heap        ] GC(285) PSYoungGen: 362016K(551936K)->182784K(526848K) Eden: 91136K(91136K)->0K(102912K) From: 270880K(460800K)->182784K(423936K)
[60.444s][info][gc,heap        ] GC(285) ParOldGen: 9324948K(9625600K)->9505732K(9625600K)
[60.444s][info][gc,metaspace   ] GC(285) Metaspace: 6300K(6464K)->6300K(6464K) NonClass: 5766K(5824K)->5766K(5824K) Class: 533K(640K)->533K(640K)
[60.444s][info][gc             ] GC(285) Pause Young (Allocation Failure) 9459M->9461M(9914M) 204.507ms
[60.444s][info][gc,cpu         ] GC(285) User=1.31s Sys=0.11s Real=0.20s
[60.444s][info][gc,start       ] GC(286) Pause Full (Ergonomics)
[60.444s][info][gc,phases,start] GC(286) Marking Phase
[62.603s][info][gc,phases      ] GC(286) Marking Phase 2158.835ms
[62.603s][info][gc,phases,start] GC(286) Summary Phase
[62.603s][info][gc,phases      ] GC(286) Summary Phase 0.144ms
[62.603s][info][gc,phases,start] GC(286) Adjust Roots
[62.604s][info][gc,phases      ] GC(286) Adjust Roots 0.267ms
[62.604s][info][gc,phases,start] GC(286) Compaction Phase
[63.442s][info][gc,phases      ] GC(286) Compaction Phase 838.333ms
[63.442s][info][gc,phases,start] GC(286) Post Compact
[63.456s][info][gc,phases      ] GC(286) Post Compact 14.012ms
[63.456s][info][gc,heap        ] GC(286) PSYoungGen: 182784K(526848K)->57527K(540160K) Eden: 0K(102912K)->0K(116224K) From: 182784K(423936K)->57527K(423936K)
[63.456s][info][gc,heap        ] GC(286) ParOldGen: 9505732K(9625600K)->9625517K(9625600K)
[63.456s][info][gc,metaspace   ] GC(286) Metaspace: 6300K(6464K)->6300K(6464K) NonClass: 5766K(5824K)->5766K(5824K) Class: 533K(640K)->533K(640K)
[63.456s][info][gc             ] GC(286) Pause Full (Ergonomics) 9461M->9456M(9927M) 3012.004ms
[63.456s][info][gc,cpu         ] GC(286) User=22.56s Sys=0.16s Real=3.01s
[63.573s][info][gc,start       ] GC(287) Pause Full (Ergonomics)
[63.573s][info][gc,phases,start] GC(287) Marking Phase
[65.758s][info][gc,phases      ] GC(287) Marking Phase 2184.772ms
[65.758s][info][gc,phases,start] GC(287) Summary Phase
[65.758s][info][gc,phases      ] GC(287) Summary Phase 0.098ms
[65.758s][info][gc,phases,start] GC(287) Adjust Roots
[65.758s][info][gc,phases      ] GC(287) Adjust Roots 0.213ms
[65.758s][info][gc,phases,start] GC(287) Compaction Phase
[66.525s][info][gc,phases      ] GC(287) Compaction Phase 766.328ms
[66.525s][info][gc,phases,start] GC(287) Post Compact
[66.539s][info][gc,phases      ] GC(287) Post Compact 14.708ms
[66.540s][info][gc,heap        ] GC(287) PSYoungGen: 173751K(540160K)->173719K(540160K) Eden: 116224K(116224K)->116191K(116224K) From: 57527K(423936K)->57527K(423936K)
[66.540s][info][gc,heap        ] GC(287) ParOldGen: 9625517K(9625600K)->9625517K(9625600K)
[66.540s][info][gc,metaspace   ] GC(287) Metaspace: 6300K(6464K)->6300K(6464K) NonClass: 5766K(5824K)->5766K(5824K) Class: 533K(640K)->533K(640K)
[66.540s][info][gc             ] GC(287) Pause Full (Ergonomics) 9569M->9569M(9927M) 2966.563ms
[66.540s][info][gc,cpu         ] GC(287) User=22.22s Sys=0.00s Real=2.97s
[66.540s][info][gc,start       ] GC(288) Pause Full (Ergonomics)
[66.540s][info][gc,phases,start] GC(288) Marking Phase
[68.716s][info][gc,phases      ] GC(288) Marking Phase 2175.731ms
[68.716s][info][gc,phases,start] GC(288) Summary Phase
[68.716s][info][gc,phases      ] GC(288) Summary Phase 0.121ms
[68.716s][info][gc,phases,start] GC(288) Adjust Roots
[68.716s][info][gc,phases      ] GC(288) Adjust Roots 0.226ms
[68.716s][info][gc,phases,start] GC(288) Compaction Phase
[69.454s][info][gc,phases      ] GC(288) Compaction Phase 737.412ms
[69.454s][info][gc,phases,start] GC(288) Post Compact
[69.466s][info][gc,phases      ] GC(288) Post Compact 12.877ms
[69.467s][info][gc,heap        ] GC(288) PSYoungGen: 173751K(540160K)->173751K(540160K) Eden: 116224K(116224K)->116223K(116224K) From: 57527K(423936K)->57527K(423936K)
[69.467s][info][gc,heap        ] GC(288) ParOldGen: 9625517K(9625600K)->9625517K(9625600K)
[69.467s][info][gc,metaspace   ] GC(288) Metaspace: 6300K(6464K)->6300K(6464K) NonClass: 5766K(5824K)->5766K(5824K) Class: 533K(640K)->533K(640K)
[69.467s][info][gc             ] GC(288) Pause Full (Ergonomics) 9569M->9569M(9927M) 2926.703ms
[69.467s][info][gc,cpu         ] GC(288) User=22.25s Sys=0.00s Real=2.93s
[69.467s][info][gc,start       ] GC(289) Pause Full (Ergonomics)
[69.467s][info][gc,phases,start] GC(289) Marking Phase
[71.669s][info][gc,phases      ] GC(289) Marking Phase 2202.563ms
[71.669s][info][gc,phases,start] GC(289) Summary Phase
[71.670s][info][gc,phases      ] GC(289) Summary Phase 0.093ms
[71.670s][info][gc,phases,start] GC(289) Adjust Roots
[71.670s][info][gc,phases      ] GC(289) Adjust Roots 0.178ms
[71.670s][info][gc,phases,start] GC(289) Compaction Phase
[72.386s][info][gc,phases      ] GC(289) Compaction Phase 716.298ms
[72.386s][info][gc,phases,start] GC(289) Post Compact
[72.399s][info][gc,phases      ] GC(289) Post Compact 12.981ms
[72.399s][info][gc,heap        ] GC(289) PSYoungGen: 173751K(540160K)->173751K(540160K) Eden: 116223K(116224K)->116223K(116224K) From: 57527K(423936K)->57527K(423936K)
[72.399s][info][gc,heap        ] GC(289) ParOldGen: 9625517K(9625600K)->9625517K(9625600K)
[72.399s][info][gc,metaspace   ] GC(289) Metaspace: 6300K(6464K)->6300K(6464K) NonClass: 5766K(5824K)->5766K(5824K) Class: 533K(640K)->533K(640K)
[72.399s][info][gc             ] GC(289) Pause Full (Ergonomics) 9569M->9569M(9927M) 2932.436ms
[72.399s][info][gc,cpu         ] GC(289) User=22.38s Sys=0.00s Real=2.93s
[72.399s][info][gc,start       ] GC(290) Pause Full (Ergonomics)
[72.399s][info][gc,phases,start] GC(290) Marking Phase
[74.587s][info][gc,phases      ] GC(290) Marking Phase 2187.500ms
[74.587s][info][gc,phases,start] GC(290) Summary Phase
[74.587s][info][gc,phases      ] GC(290) Summary Phase 0.087ms
[74.587s][info][gc,phases,start] GC(290) Adjust Roots
[74.587s][info][gc,phases      ] GC(290) Adjust Roots 0.165ms
[74.587s][info][gc,phases,start] GC(290) Compaction Phase
[75.331s][info][gc,phases      ] GC(290) Compaction Phase 744.116ms
[75.331s][info][gc,phases,start] GC(290) Post Compact
[75.343s][info][gc,phases      ] GC(290) Post Compact 11.541ms
[75.343s][info][gc,heap        ] GC(290) PSYoungGen: 173751K(540160K)->173751K(540160K) Eden: 116223K(116224K)->116223K(116224K) From: 57527K(423936K)->57527K(423936K)
[75.343s][info][gc,heap        ] GC(290) ParOldGen: 9625523K(9625600K)->9625523K(9625600K)
[75.343s][info][gc,metaspace   ] GC(290) Metaspace: 6300K(6464K)->6300K(6464K) NonClass: 5766K(5824K)->5766K(5824K) Class: 533K(640K)->533K(640K)
[75.343s][info][gc             ] GC(290) Pause Full (Ergonomics) 9569M->9569M(9927M) 2943.727ms
[75.343s][info][gc,cpu         ] GC(290) User=22.12s Sys=0.00s Real=2.94s
[75.343s][info][gc,start       ] GC(291) Pause Full (Ergonomics)
[75.343s][info][gc,phases,start] GC(291) Marking Phase
[77.531s][info][gc,phases      ] GC(291) Marking Phase 2187.380ms
[77.531s][info][gc,phases,start] GC(291) Summary Phase
[77.531s][info][gc,phases      ] GC(291) Summary Phase 0.180ms
[77.531s][info][gc,phases,start] GC(291) Adjust Roots
[77.531s][info][gc,phases      ] GC(291) Adjust Roots 0.234ms
[77.531s][info][gc,phases,start] GC(291) Compaction Phase
[78.284s][info][gc,phases      ] GC(291) Compaction Phase 753.002ms
[78.284s][info][gc,phases,start] GC(291) Post Compact
[78.296s][info][gc,phases      ] GC(291) Post Compact 11.768ms
[78.296s][info][gc,heap        ] GC(291) PSYoungGen: 173751K(540160K)->173751K(540160K) Eden: 116223K(116224K)->116223K(116224K) From: 57527K(423936K)->57527K(423936K)
[78.296s][info][gc,heap        ] GC(291) ParOldGen: 9625527K(9625600K)->9625527K(9625600K)
[78.296s][info][gc,metaspace   ] GC(291) Metaspace: 6300K(6464K)->6300K(6464K) NonClass: 5766K(5824K)->5766K(5824K) Class: 533K(640K)->533K(640K)
[78.296s][info][gc             ] GC(291) Pause Full (Ergonomics) 9569M->9569M(9927M) 2952.942ms
[78.296s][info][gc,cpu         ] GC(291) User=22.44s Sys=0.00s Real=2.95s
[78.296s][info][gc,start       ] GC(292) Pause Full (Ergonomics)
[78.297s][info][gc,phases,start] GC(292) Marking Phase
[80.518s][info][gc,phases      ] GC(292) Marking Phase 2221.691ms
[80.518s][info][gc,phases,start] GC(292) Summary Phase
[80.518s][info][gc,phases      ] GC(292) Summary Phase 0.090ms
[80.518s][info][gc,phases,start] GC(292) Adjust Roots
[80.519s][info][gc,phases      ] GC(292) Adjust Roots 0.182ms
[80.519s][info][gc,phases,start] GC(292) Compaction Phase
[81.268s][info][gc,phases      ] GC(292) Compaction Phase 749.561ms
[81.268s][info][gc,phases,start] GC(292) Post Compact
[81.280s][info][gc,phases      ] GC(292) Post Compact 11.640ms
[81.280s][info][gc,heap        ] GC(292) PSYoungGen: 173751K(540160K)->173751K(540160K) Eden: 116223K(116224K)->116223K(116224K) From: 57527K(423936K)->57527K(423936K)
[81.280s][info][gc,heap        ] GC(292) ParOldGen: 9625532K(9625600K)->9625532K(9625600K)
[81.280s][info][gc,metaspace   ] GC(292) Metaspace: 6300K(6464K)->6300K(6464K) NonClass: 5766K(5824K)->5766K(5824K) Class: 533K(640K)->533K(640K)
[81.280s][info][gc             ] GC(292) Pause Full (Ergonomics) 9569M->9569M(9927M) 2983.450ms
[81.280s][info][gc,cpu         ] GC(292) User=22.84s Sys=0.05s Real=2.98s
[81.280s][info][gc,start       ] GC(293) Pause Full (Ergonomics)
[81.280s][info][gc,phases,start] GC(293) Marking Phase
[83.554s][info][gc,phases      ] GC(293) Marking Phase 2274.093ms
[83.554s][info][gc,phases,start] GC(293) Summary Phase
[83.555s][info][gc,phases      ] GC(293) Summary Phase 0.136ms
[83.555s][info][gc,phases,start] GC(293) Adjust Roots
[83.555s][info][gc,phases      ] GC(293) Adjust Roots 0.227ms
[83.555s][info][gc,phases,start] GC(293) Compaction Phase
[84.302s][info][gc,phases      ] GC(293) Compaction Phase 747.240ms
[84.302s][info][gc,phases,start] GC(293) Post Compact
[84.315s][info][gc,phases      ] GC(293) Post Compact 13.186ms
[84.315s][info][gc,heap        ] GC(293) PSYoungGen: 173751K(540160K)->173751K(540160K) Eden: 116223K(116224K)->116223K(116224K) From: 57527K(423936K)->57527K(423936K)
[84.315s][info][gc,heap        ] GC(293) ParOldGen: 9625537K(9625600K)->9625537K(9625600K)
[84.315s][info][gc,metaspace   ] GC(293) Metaspace: 6300K(6464K)->6300K(6464K) NonClass: 5766K(5824K)->5766K(5824K) Class: 533K(640K)->533K(640K)
[84.315s][info][gc             ] GC(293) Pause Full (Ergonomics) 9569M->9569M(9927M) 3035.273ms
[84.315s][info][gc,cpu         ] GC(293) User=23.23s Sys=0.00s Real=3.04s
[84.316s][info][gc,start       ] GC(294) Pause Full (Ergonomics)
[84.316s][info][gc,phases,start] GC(294) Marking Phase
[86.574s][info][gc,phases      ] GC(294) Marking Phase 2258.349ms
[86.574s][info][gc,phases,start] GC(294) Summary Phase
[86.574s][info][gc,phases      ] GC(294) Summary Phase 0.087ms
[86.574s][info][gc,phases,start] GC(294) Adjust Roots
[86.574s][info][gc,phases      ] GC(294) Adjust Roots 0.169ms
[86.574s][info][gc,phases,start] GC(294) Compaction Phase
[87.358s][info][gc,phases      ] GC(294) Compaction Phase 783.622ms
[87.358s][info][gc,phases,start] GC(294) Post Compact
[87.370s][info][gc,phases      ] GC(294) Post Compact 11.650ms
[87.370s][info][gc,heap        ] GC(294) PSYoungGen: 173751K(540160K)->173751K(540160K) Eden: 116223K(116224K)->116223K(116224K) From: 57527K(423936K)->57527K(423936K)
[87.370s][info][gc,heap        ] GC(294) ParOldGen: 9625542K(9625600K)->9625542K(9625600K)
[87.370s][info][gc,metaspace   ] GC(294) Metaspace: 6300K(6464K)->6300K(6464K) NonClass: 5766K(5824K)->5766K(5824K) Class: 533K(640K)->533K(640K)
[87.370s][info][gc             ] GC(294) Pause Full (Ergonomics) 9569M->9569M(9927M) 3054.208ms
[87.370s][info][gc,cpu         ] GC(294) User=23.34s Sys=0.00s Real=3.05s
[87.370s][info][gc,start       ] GC(295) Pause Full (Ergonomics)
[87.370s][info][gc,phases,start] GC(295) Marking Phase
[89.641s][info][gc,phases      ] GC(295) Marking Phase 2270.983ms
[89.641s][info][gc,phases,start] GC(295) Summary Phase
[89.641s][info][gc,phases      ] GC(295) Summary Phase 0.094ms
[89.641s][info][gc,phases,start] GC(295) Adjust Roots
[89.641s][info][gc,phases      ] GC(295) Adjust Roots 0.209ms
[89.641s][info][gc,phases,start] GC(295) Compaction Phase
[90.409s][info][gc,phases      ] GC(295) Compaction Phase 767.529ms
[90.409s][info][gc,phases,start] GC(295) Post Compact
[90.421s][info][gc,phases      ] GC(295) Post Compact 11.600ms
[90.421s][info][gc,heap        ] GC(295) PSYoungGen: 173751K(540160K)->173751K(540160K) Eden: 116223K(116224K)->116223K(116224K) From: 57527K(423936K)->57527K(423936K)
[90.421s][info][gc,heap        ] GC(295) ParOldGen: 9625547K(9625600K)->9625547K(9625600K)
[90.421s][info][gc,metaspace   ] GC(295) Metaspace: 6300K(6464K)->6300K(6464K) NonClass: 5766K(5824K)->5766K(5824K) Class: 533K(640K)->533K(640K)
[90.421s][info][gc             ] GC(295) Pause Full (Ergonomics) 9569M->9569M(9927M) 3050.710ms
[90.421s][info][gc,cpu         ] GC(295) User=23.41s Sys=0.00s Real=3.05s
[90.421s][info][gc,start       ] GC(296) Pause Full (Ergonomics)
[90.421s][info][gc,phases,start] GC(296) Marking Phase
[92.719s][info][gc,phases      ] GC(296) Marking Phase 2297.828ms
[92.719s][info][gc,phases,start] GC(296) Summary Phase
[92.719s][info][gc,phases      ] GC(296) Summary Phase 0.089ms
[92.719s][info][gc,phases,start] GC(296) Adjust Roots
[92.719s][info][gc,phases      ] GC(296) Adjust Roots 0.174ms
[92.719s][info][gc,phases,start] GC(296) Compaction Phase
[93.497s][info][gc,phases      ] GC(296) Compaction Phase 777.348ms
[93.497s][info][gc,phases,start] GC(296) Post Compact
[93.508s][info][gc,phases      ] GC(296) Post Compact 11.640ms
[93.508s][info][gc,heap        ] GC(296) PSYoungGen: 173751K(540160K)->173751K(540160K) Eden: 116223K(116224K)->116223K(116224K) From: 57527K(423936K)->57527K(423936K)
[93.508s][info][gc,heap        ] GC(296) ParOldGen: 9625552K(9625600K)->9625552K(9625600K)
[93.508s][info][gc,metaspace   ] GC(296) Metaspace: 6300K(6464K)->6300K(6464K) NonClass: 5766K(5824K)->5766K(5824K) Class: 533K(640K)->533K(640K)
[93.508s][info][gc             ] GC(296) Pause Full (Ergonomics) 9569M->9569M(9927M) 3087.377ms
[93.508s][info][gc,cpu         ] GC(296) User=23.66s Sys=0.00s Real=3.09s
[93.509s][info][gc,start       ] GC(297) Pause Full (Ergonomics)
[93.509s][info][gc,phases,start] GC(297) Marking Phase
[95.845s][info][gc,phases      ] GC(297) Marking Phase 2336.793ms
[95.846s][info][gc,phases,start] GC(297) Summary Phase
[95.846s][info][gc,phases      ] GC(297) Summary Phase 0.096ms
[95.846s][info][gc,phases,start] GC(297) Adjust Roots
[95.846s][info][gc,phases      ] GC(297) Adjust Roots 0.212ms
[95.846s][info][gc,phases,start] GC(297) Compaction Phase
[96.633s][info][gc,phases      ] GC(297) Compaction Phase 786.857ms
[96.633s][info][gc,phases,start] GC(297) Post Compact
[96.646s][info][gc,phases      ] GC(297) Post Compact 13.139ms
[96.646s][info][gc,heap        ] GC(297) PSYoungGen: 173751K(540160K)->173751K(540160K) Eden: 116223K(116224K)->116223K(116224K) From: 57527K(423936K)->57527K(423936K)
[96.646s][info][gc,heap        ] GC(297) ParOldGen: 9625556K(9625600K)->9625556K(9625600K)
[96.646s][info][gc,metaspace   ] GC(297) Metaspace: 6300K(6464K)->6300K(6464K) NonClass: 5766K(5824K)->5766K(5824K) Class: 533K(640K)->533K(640K)
[96.646s][info][gc             ] GC(297) Pause Full (Ergonomics) 9569M->9569M(9927M) 3137.491ms
[96.646s][info][gc,cpu         ] GC(297) User=24.00s Sys=0.00s Real=3.14s
[96.646s][info][gc,start       ] GC(298) Pause Full (Ergonomics)
[96.646s][info][gc,phases,start] GC(298) Marking Phase
[98.975s][info][gc,phases      ] GC(298) Marking Phase 2328.637ms
[98.975s][info][gc,phases,start] GC(298) Summary Phase
[98.975s][info][gc,phases      ] GC(298) Summary Phase 0.090ms
[98.975s][info][gc,phases,start] GC(298) Adjust Roots
[98.975s][info][gc,phases      ] GC(298) Adjust Roots 0.202ms
[98.975s][info][gc,phases,start] GC(298) Compaction Phase
[99.812s][info][gc,phases      ] GC(298) Compaction Phase 836.226ms
[99.812s][info][gc,phases,start] GC(298) Post Compact
[99.823s][info][gc,phases      ] GC(298) Post Compact 11.636ms
[99.823s][info][gc,heap        ] GC(298) PSYoungGen: 173751K(540160K)->173751K(540160K) Eden: 116223K(116224K)->116223K(116224K) From: 57527K(423936K)->57527K(423936K)
[99.823s][info][gc,heap        ] GC(298) ParOldGen: 9625561K(9625600K)->9625561K(9625600K)
[99.823s][info][gc,metaspace   ] GC(298) Metaspace: 6300K(6464K)->6300K(6464K) NonClass: 5766K(5824K)->5766K(5824K) Class: 533K(640K)->533K(640K)
[99.823s][info][gc             ] GC(298) Pause Full (Ergonomics) 9569M->9569M(9927M) 3177.122ms
[99.823s][info][gc,cpu         ] GC(298) User=24.23s Sys=0.02s Real=3.18s
[99.824s][info][gc,start       ] GC(299) Pause Full (Ergonomics)
[99.824s][info][gc,phases,start] GC(299) Marking Phase
[102.150s][info][gc,phases      ] GC(299) Marking Phase 2326.680ms
[102.150s][info][gc,phases,start] GC(299) Summary Phase
[102.151s][info][gc,phases      ] GC(299) Summary Phase 0.094ms
[102.151s][info][gc,phases,start] GC(299) Adjust Roots
[102.151s][info][gc,phases      ] GC(299) Adjust Roots 0.189ms
[102.151s][info][gc,phases,start] GC(299) Compaction Phase
[102.965s][info][gc,phases      ] GC(299) Compaction Phase 814.067ms
[102.965s][info][gc,phases,start] GC(299) Post Compact
[102.977s][info][gc,phases      ] GC(299) Post Compact 11.674ms
[102.977s][info][gc,heap        ] GC(299) PSYoungGen: 173751K(540160K)->173751K(540160K) Eden: 116223K(116224K)->116223K(116224K) From: 57527K(423936K)->57527K(423936K)
[102.977s][info][gc,heap        ] GC(299) ParOldGen: 9625566K(9625600K)->9625566K(9625600K)
[102.977s][info][gc,metaspace   ] GC(299) Metaspace: 6300K(6464K)->6300K(6464K) NonClass: 5766K(5824K)->5766K(5824K) Class: 533K(640K)->533K(640K)
[102.977s][info][gc             ] GC(299) Pause Full (Ergonomics) 9569M->9569M(9927M) 3153.014ms
[102.977s][info][gc,cpu         ] GC(299) User=24.05s Sys=0.00s Real=3.15s
[102.977s][info][gc,start       ] GC(300) Pause Full (Ergonomics)
[102.977s][info][gc,phases,start] GC(300) Marking Phase
[105.327s][info][gc,phases      ] GC(300) Marking Phase 2349.969ms
[105.327s][info][gc,phases,start] GC(300) Summary Phase
[105.327s][info][gc,phases      ] GC(300) Summary Phase 0.089ms
[105.327s][info][gc,phases,start] GC(300) Adjust Roots
[105.327s][info][gc,phases      ] GC(300) Adjust Roots 0.158ms
[105.327s][info][gc,phases,start] GC(300) Compaction Phase
[106.139s][info][gc,phases      ] GC(300) Compaction Phase 811.443ms
[106.139s][info][gc,phases,start] GC(300) Post Compact
[106.150s][info][gc,phases      ] GC(300) Post Compact 11.672ms
[106.150s][info][gc,heap        ] GC(300) PSYoungGen: 173751K(540160K)->173751K(540160K) Eden: 116223K(116224K)->116223K(116224K) From: 57527K(423936K)->57527K(423936K)
[106.150s][info][gc,heap        ] GC(300) ParOldGen: 9625571K(9625600K)->9625571K(9625600K)
[106.151s][info][gc,metaspace   ] GC(300) Metaspace: 6300K(6464K)->6300K(6464K) NonClass: 5766K(5824K)->5766K(5824K) Class: 533K(640K)->533K(640K)
[106.151s][info][gc             ] GC(300) Pause Full (Ergonomics) 9569M->9569M(9927M) 3173.643ms
[106.151s][info][gc,cpu         ] GC(300) User=24.17s Sys=0.00s Real=3.17s
[106.151s][info][gc,start       ] GC(301) Pause Full (Ergonomics)
[106.151s][info][gc,phases,start] GC(301) Marking Phase
[108.475s][info][gc,phases      ] GC(301) Marking Phase 2323.943ms
[108.475s][info][gc,phases,start] GC(301) Summary Phase
[108.475s][info][gc,phases      ] GC(301) Summary Phase 0.161ms
[108.475s][info][gc,phases,start] GC(301) Adjust Roots
[108.475s][info][gc,phases      ] GC(301) Adjust Roots 0.260ms
[108.475s][info][gc,phases,start] GC(301) Compaction Phase
[109.268s][info][gc,phases      ] GC(301) Compaction Phase 792.315ms
[109.268s][info][gc,phases,start] GC(301) Post Compact
[109.280s][info][gc,phases      ] GC(301) Post Compact 12.046ms
[109.280s][info][gc,heap        ] GC(301) PSYoungGen: 173751K(540160K)->173751K(540160K) Eden: 116223K(116224K)->116223K(116224K) From: 57527K(423936K)->57527K(423936K)
[109.280s][info][gc,heap        ] GC(301) ParOldGen: 9625576K(9625600K)->9625576K(9625600K)
[109.280s][info][gc,metaspace   ] GC(301) Metaspace: 6300K(6464K)->6300K(6464K) NonClass: 5766K(5824K)->5766K(5824K) Class: 533K(640K)->533K(640K)
[109.280s][info][gc             ] GC(301) Pause Full (Ergonomics) 9569M->9569M(9927M) 3129.129ms
[109.280s][info][gc,cpu         ] GC(301) User=24.19s Sys=0.02s Real=3.13s
[109.280s][info][gc,start       ] GC(302) Pause Full (Ergonomics)
[109.280s][info][gc,phases,start] GC(302) Marking Phase
[111.612s][info][gc,phases      ] GC(302) Marking Phase 2331.851ms
[111.612s][info][gc,phases,start] GC(302) Summary Phase
[111.612s][info][gc,phases      ] GC(302) Summary Phase 0.091ms
[111.612s][info][gc,phases,start] GC(302) Adjust Roots
[111.612s][info][gc,phases      ] GC(302) Adjust Roots 0.188ms
[111.612s][info][gc,phases,start] GC(302) Compaction Phase
[112.448s][info][gc,phases      ] GC(302) Compaction Phase 835.663ms
[112.448s][info][gc,phases,start] GC(302) Post Compact
[112.460s][info][gc,phases      ] GC(302) Post Compact 11.626ms
[112.460s][info][gc,heap        ] GC(302) PSYoungGen: 173751K(540160K)->173751K(540160K) Eden: 116223K(116224K)->116223K(116224K) From: 57527K(423936K)->57527K(423936K)
[112.460s][info][gc,heap        ] GC(302) ParOldGen: 9625581K(9625600K)->9625581K(9625600K)
[112.460s][info][gc,metaspace   ] GC(302) Metaspace: 6300K(6464K)->6300K(6464K) NonClass: 5766K(5824K)->5766K(5824K) Class: 533K(640K)->533K(640K)
[112.460s][info][gc             ] GC(302) Pause Full (Ergonomics) 9569M->9569M(9927M) 3179.736ms
[112.460s][info][gc,cpu         ] GC(302) User=24.44s Sys=0.00s Real=3.18s
[112.460s][info][gc,start       ] GC(303) Pause Full (Ergonomics)
[112.460s][info][gc,phases,start] GC(303) Marking Phase
[114.808s][info][gc,phases      ] GC(303) Marking Phase 2348.124ms
[114.808s][info][gc,phases,start] GC(303) Summary Phase
[114.808s][info][gc,phases      ] GC(303) Summary Phase 0.110ms
[114.808s][info][gc,phases,start] GC(303) Adjust Roots
[114.809s][info][gc,phases      ] GC(303) Adjust Roots 0.168ms
[114.809s][info][gc,phases,start] GC(303) Compaction Phase
[115.602s][info][gc,phases      ] GC(303) Compaction Phase 793.769ms
[115.602s][info][gc,phases,start] GC(303) Post Compact
[115.614s][info][gc,phases      ] GC(303) Post Compact 11.413ms
[115.614s][info][gc,heap        ] GC(303) PSYoungGen: 173751K(540160K)->173751K(540160K) Eden: 116223K(116224K)->116223K(116224K) From: 57527K(423936K)->57527K(423936K)
[115.614s][info][gc,heap        ] GC(303) ParOldGen: 9625585K(9625600K)->9625585K(9625600K)
[115.614s][info][gc,metaspace   ] GC(303) Metaspace: 6300K(6464K)->6300K(6464K) NonClass: 5766K(5824K)->5766K(5824K) Class: 533K(640K)->533K(640K)
[115.614s][info][gc             ] GC(303) Pause Full (Ergonomics) 9569M->9569M(9927M) 3153.968ms
[115.614s][info][gc,cpu         ] GC(303) User=24.36s Sys=0.03s Real=3.15s
[115.614s][info][gc,start       ] GC(304) Pause Full (Ergonomics)
[115.614s][info][gc,phases,start] GC(304) Marking Phase
[117.980s][info][gc,phases      ] GC(304) Marking Phase 2365.506ms
[117.980s][info][gc,phases,start] GC(304) Summary Phase
[117.980s][info][gc,phases      ] GC(304) Summary Phase 0.103ms
[117.980s][info][gc,phases,start] GC(304) Adjust Roots
[117.980s][info][gc,phases      ] GC(304) Adjust Roots 0.190ms
[117.980s][info][gc,phases,start] GC(304) Compaction Phase
[118.774s][info][gc,phases      ] GC(304) Compaction Phase 794.234ms
[118.775s][info][gc,phases,start] GC(304) Post Compact
[118.789s][info][gc,phases      ] GC(304) Post Compact 14.245ms
[118.789s][info][gc,heap        ] GC(304) PSYoungGen: 173751K(540160K)->173751K(540160K) Eden: 116223K(116224K)->116223K(116224K) From: 57527K(423936K)->57527K(423936K)
[118.789s][info][gc,heap        ] GC(304) ParOldGen: 9625590K(9625600K)->9625590K(9625600K)
[118.789s][info][gc,metaspace   ] GC(304) Metaspace: 6300K(6464K)->6300K(6464K) NonClass: 5766K(5824K)->5766K(5824K) Class: 533K(640K)->533K(640K)
[118.789s][info][gc             ] GC(304) Pause Full (Ergonomics) 9569M->9569M(9927M) 3174.666ms
[118.789s][info][gc,cpu         ] GC(304) User=24.50s Sys=0.00s Real=3.17s
[118.789s][info][gc,start       ] GC(305) Pause Full (Ergonomics)
[118.789s][info][gc,phases,start] GC(305) Marking Phase
[121.123s][info][gc,phases      ] GC(305) Marking Phase 2333.319ms
[121.123s][info][gc,phases,start] GC(305) Summary Phase
[121.123s][info][gc,phases      ] GC(305) Summary Phase 0.111ms
[121.123s][info][gc,phases,start] GC(305) Adjust Roots
[121.123s][info][gc,phases      ] GC(305) Adjust Roots 0.168ms
[121.123s][info][gc,phases,start] GC(305) Compaction Phase
[121.917s][info][gc,phases      ] GC(305) Compaction Phase 794.382ms
[121.917s][info][gc,phases,start] GC(305) Post Compact
[121.929s][info][gc,phases      ] GC(305) Post Compact 11.525ms
[121.929s][info][gc,heap        ] GC(305) PSYoungGen: 173751K(540160K)->173751K(540160K) Eden: 116223K(116224K)->116223K(116224K) From: 57527K(423936K)->57527K(423936K)
[121.929s][info][gc,heap        ] GC(305) ParOldGen: 9625595K(9625600K)->9625595K(9625600K)
[121.929s][info][gc,metaspace   ] GC(305) Metaspace: 6300K(6464K)->6300K(6464K) NonClass: 5766K(5824K)->5766K(5824K) Class: 533K(640K)->533K(640K)
[121.929s][info][gc             ] GC(305) Pause Full (Ergonomics) 9569M->9569M(9927M) 3139.834ms
[121.929s][info][gc,cpu         ] GC(305) User=24.06s Sys=0.00s Real=3.14s
[121.929s][info][gc,start       ] GC(306) Pause Full (Ergonomics)
[121.929s][info][gc,phases,start] GC(306) Marking Phase
[124.315s][info][gc,phases      ] GC(306) Marking Phase 2386.085ms
[124.315s][info][gc,phases,start] GC(306) Summary Phase
[124.315s][info][gc,phases      ] GC(306) Summary Phase 0.088ms
[124.316s][info][gc,phases,start] GC(306) Adjust Roots
[124.316s][info][gc,phases      ] GC(306) Adjust Roots 0.163ms
[124.316s][info][gc,phases,start] GC(306) Compaction Phase
[125.157s][info][gc,phases      ] GC(306) Compaction Phase 841.105ms
[125.157s][info][gc,phases,start] GC(306) Post Compact
[125.169s][info][gc,phases      ] GC(306) Post Compact 11.633ms
[125.169s][info][gc,heap        ] GC(306) PSYoungGen: 173751K(540160K)->173751K(540160K) Eden: 116223K(116224K)->116223K(116224K) From: 57527K(423936K)->57527K(423936K)
[125.169s][info][gc,heap        ] GC(306) ParOldGen: 9625599K(9625600K)->9625599K(9625600K)
[125.169s][info][gc,metaspace   ] GC(306) Metaspace: 6300K(6464K)->6300K(6464K) NonClass: 5766K(5824K)->5766K(5824K) Class: 533K(640K)->533K(640K)
[125.169s][info][gc             ] GC(306) Pause Full (Ergonomics) 9569M->9569M(9927M) 3239.414ms
[125.169s][info][gc,cpu         ] GC(306) User=24.61s Sys=0.00s Real=3.24s
[125.169s][info][gc,start       ] GC(307) Pause Full (Allocation Failure)
[125.169s][info][gc,phases,start] GC(307) Marking Phase
[127.522s][info][gc,phases      ] GC(307) Marking Phase 2353.573ms
[127.522s][info][gc,phases,start] GC(307) Summary Phase
[127.523s][info][gc,phases      ] GC(307) Summary Phase 0.090ms
[127.523s][info][gc,phases,start] GC(307) Adjust Roots
[127.523s][info][gc,phases      ] GC(307) Adjust Roots 0.374ms
[127.523s][info][gc,phases,start] GC(307) Compaction Phase
[129.972s][info][gc,phases      ] GC(307) Compaction Phase 2448.656ms
[129.972s][info][gc,phases,start] GC(307) Post Compact
[129.984s][info][gc,phases      ] GC(307) Post Compact 11.925ms
[129.984s][info][gc,heap        ] GC(307) PSYoungGen: 173751K(540160K)->173751K(540160K) Eden: 116223K(116224K)->116223K(116224K) From: 57527K(423936K)->57527K(423936K)
[129.984s][info][gc,heap        ] GC(307) ParOldGen: 9625599K(9625600K)->9625595K(9625600K)
[129.984s][info][gc,metaspace   ] GC(307) Metaspace: 6300K(6464K)->6298K(6464K) NonClass: 5766K(5824K)->5765K(5824K) Class: 533K(640K)->532K(640K)
[129.984s][info][gc             ] GC(307) Pause Full (Allocation Failure) 9569M->9569M(9927M) 4814.953ms
[129.984s][info][gc,cpu         ] GC(307) User=36.12s Sys=0.03s Real=4.82s
[129.984s][info][gc,start       ] GC(308) Pause Full (Ergonomics)
[129.984s][info][gc,phases,start] GC(308) Marking Phase
[132.312s][info][gc,phases      ] GC(308) Marking Phase 2328.208ms
[132.312s][info][gc,phases,start] GC(308) Summary Phase
[132.313s][info][gc,phases      ] GC(308) Summary Phase 0.091ms
[132.313s][info][gc,phases,start] GC(308) Adjust Roots
[132.313s][info][gc,phases      ] GC(308) Adjust Roots 0.170ms
[132.313s][info][gc,phases,start] GC(308) Compaction Phase
[133.090s][info][gc,phases      ] GC(308) Compaction Phase 777.036ms
[133.090s][info][gc,phases,start] GC(308) Post Compact
[133.103s][info][gc,phases      ] GC(308) Post Compact 13.031ms
[133.103s][info][gc,heap        ] GC(308) PSYoungGen: 173751K(540160K)->173751K(540160K) Eden: 116223K(116224K)->116223K(116224K) From: 57527K(423936K)->57527K(423936K)
[133.103s][info][gc,heap        ] GC(308) ParOldGen: 9625596K(9625600K)->9625596K(9625600K)
[133.103s][info][gc,metaspace   ] GC(308) Metaspace: 6298K(6464K)->6298K(6464K) NonClass: 5765K(5824K)->5765K(5824K) Class: 532K(640K)->532K(640K)
[133.103s][info][gc             ] GC(308) Pause Full (Ergonomics) 9569M->9569M(9927M) 3118.854ms
[133.103s][info][gc,cpu         ] GC(308) User=24.08s Sys=0.00s Real=3.12s
[133.103s][info][gc,start       ] GC(309) Pause Full (Ergonomics)
[133.103s][info][gc,phases,start] GC(309) Marking Phase
[135.433s][info][gc,phases      ] GC(309) Marking Phase 2329.845ms
[135.433s][info][gc,phases,start] GC(309) Summary Phase
[135.433s][info][gc,phases      ] GC(309) Summary Phase 0.107ms
[135.433s][info][gc,phases,start] GC(309) Adjust Roots
[135.434s][info][gc,phases      ] GC(309) Adjust Roots 0.215ms
[135.434s][info][gc,phases,start] GC(309) Compaction Phase
[136.243s][info][gc,phases      ] GC(309) Compaction Phase 809.663ms
[136.243s][info][gc,phases,start] GC(309) Post Compact
[136.255s][info][gc,phases      ] GC(309) Post Compact 11.694ms
[136.255s][info][gc,heap        ] GC(309) PSYoungGen: 173751K(540160K)->173751K(540160K) Eden: 116223K(116224K)->116223K(116224K) From: 57527K(423936K)->57527K(423936K)
[136.255s][info][gc,heap        ] GC(309) ParOldGen: 9625599K(9625600K)->9625599K(9625600K)
[136.255s][info][gc,metaspace   ] GC(309) Metaspace: 6298K(6464K)->6298K(6464K) NonClass: 5765K(5824K)->5765K(5824K) Class: 532K(640K)->532K(640K)
[136.255s][info][gc             ] GC(309) Pause Full (Ergonomics) 9569M->9569M(9927M) 3151.874ms
[136.255s][info][gc,cpu         ] GC(309) User=24.08s Sys=0.00s Real=3.15s
[136.255s][info][gc,start       ] GC(310) Pause Full (Allocation Failure)
[136.255s][info][gc,phases,start] GC(310) Marking Phase
[138.570s][info][gc,phases      ] GC(310) Marking Phase 2314.463ms
[138.570s][info][gc,phases,start] GC(310) Summary Phase
[138.570s][info][gc,phases      ] GC(310) Summary Phase 0.099ms
[138.570s][info][gc,phases,start] GC(310) Adjust Roots
[138.570s][info][gc,phases      ] GC(310) Adjust Roots 0.228ms
[138.570s][info][gc,phases,start] GC(310) Compaction Phase
[139.347s][info][gc,phases      ] GC(310) Compaction Phase 776.406ms
[139.347s][info][gc,phases,start] GC(310) Post Compact
[139.362s][info][gc,phases      ] GC(310) Post Compact 15.252ms
[139.362s][info][gc,heap        ] GC(310) PSYoungGen: 173751K(540160K)->173751K(540160K) Eden: 116223K(116224K)->116223K(116224K) From: 57527K(423936K)->57527K(423936K)
[139.362s][info][gc,heap        ] GC(310) ParOldGen: 9625599K(9625600K)->9625599K(9625600K)
[139.362s][info][gc,metaspace   ] GC(310) Metaspace: 6298K(6464K)->6298K(6464K) NonClass: 5765K(5824K)->5765K(5824K) Class: 532K(640K)->532K(640K)
[139.362s][info][gc             ] GC(310) Pause Full (Allocation Failure) 9569M->9569M(9927M) 3106.778ms
[139.362s][info][gc,cpu         ] GC(310) User=24.05s Sys=0.00s Real=3.11s
[139.363s][info][gc,start       ] GC(311) Pause Full (Ergonomics)
[139.363s][info][gc,phases,start] GC(311) Marking Phase
[141.682s][info][gc,phases      ] GC(311) Marking Phase 2319.378ms
[141.682s][info][gc,phases,start] GC(311) Summary Phase
[141.682s][info][gc,phases      ] GC(311) Summary Phase 0.102ms
[141.682s][info][gc,phases,start] GC(311) Adjust Roots
[141.682s][info][gc,phases      ] GC(311) Adjust Roots 0.291ms
[141.683s][info][gc,phases,start] GC(311) Compaction Phase
[144.115s][info][gc,phases      ] GC(311) Compaction Phase 2432.635ms
[144.115s][info][gc,phases,start] GC(311) Post Compact
[144.129s][info][gc,phases      ] GC(311) Post Compact 14.216ms
[144.130s][info][gc,heap        ] GC(311) PSYoungGen: 173751K(540160K)->173751K(540160K) Eden: 116224K(116224K)->116224K(116224K) From: 57527K(423936K)->57527K(423936K)
[144.130s][info][gc,heap        ] GC(311) ParOldGen: 9625599K(9625600K)->9625598K(9625600K)
[144.130s][info][gc,metaspace   ] GC(311) Metaspace: 6298K(6464K)->6298K(6464K) NonClass: 5765K(5824K)->5765K(5824K) Class: 532K(640K)->532K(640K)
[144.130s][info][gc             ] GC(311) Pause Full (Ergonomics) 9569M->9569M(9927M) 4767.041ms
[144.130s][info][gc,cpu         ] GC(311) User=35.34s Sys=0.00s Real=4.77s
[144.130s][info][gc,start       ] GC(312) Pause Full (Ergonomics)
[144.130s][info][gc,phases,start] GC(312) Marking Phase
[146.427s][info][gc,phases      ] GC(312) Marking Phase 2296.523ms
[146.427s][info][gc,phases,start] GC(312) Summary Phase
[146.427s][info][gc,phases      ] GC(312) Summary Phase 0.098ms
[146.427s][info][gc,phases,start] GC(312) Adjust Roots
[146.427s][info][gc,phases      ] GC(312) Adjust Roots 0.201ms
[146.427s][info][gc,phases,start] GC(312) Compaction Phase
[147.214s][info][gc,phases      ] GC(312) Compaction Phase 786.798ms
[147.214s][info][gc,phases,start] GC(312) Post Compact
[147.229s][info][gc,phases      ] GC(312) Post Compact 14.533ms
[147.229s][info][gc,heap        ] GC(312) PSYoungGen: 173751K(540160K)->173751K(540160K) Eden: 116224K(116224K)->116224K(116224K) From: 57527K(423936K)->57527K(423936K)
[147.229s][info][gc,heap        ] GC(312) ParOldGen: 9625598K(9625600K)->9625598K(9625600K)
[147.229s][info][gc,metaspace   ] GC(312) Metaspace: 6298K(6464K)->6298K(6464K) NonClass: 5765K(5824K)->5765K(5824K) Class: 532K(640K)->532K(640K)
[147.229s][info][gc             ] GC(312) Pause Full (Ergonomics) 9569M->9569M(9927M) 3098.550ms
[147.229s][info][gc,cpu         ] GC(312) User=24.02s Sys=0.00s Real=3.10s
[147.230s][info][gc,start       ] GC(313) Pause Full (Ergonomics)
[147.230s][info][gc,phases,start] GC(313) Marking Phase
[149.541s][info][gc,phases      ] GC(313) Marking Phase 2311.782ms
[149.542s][info][gc,phases,start] GC(313) Summary Phase
[149.542s][info][gc,phases      ] GC(313) Summary Phase 0.164ms
[149.542s][info][gc,phases,start] GC(313) Adjust Roots
[149.542s][info][gc,phases      ] GC(313) Adjust Roots 0.461ms
[149.542s][info][gc,phases,start] GC(313) Compaction Phase
[151.977s][info][gc,phases      ] GC(313) Compaction Phase 2434.822ms
[151.977s][info][gc,phases,start] GC(313) Post Compact
[151.993s][info][gc,phases      ] GC(313) Post Compact 15.572ms
[151.993s][info][gc,heap        ] GC(313) PSYoungGen: 173751K(540160K)->173751K(540160K) Eden: 116224K(116224K)->116224K(116224K) From: 57527K(423936K)->57527K(423936K)
[151.993s][info][gc,heap        ] GC(313) ParOldGen: 9625599K(9625600K)->9625597K(9625600K)
[151.993s][info][gc,metaspace   ] GC(313) Metaspace: 6300K(6464K)->6300K(6464K) NonClass: 5766K(5824K)->5766K(5824K) Class: 533K(640K)->533K(640K)
[151.993s][info][gc             ] GC(313) Pause Full (Ergonomics) 9569M->9569M(9927M) 4763.324ms
[151.993s][info][gc,cpu         ] GC(313) User=32.20s Sys=0.02s Real=4.76s
[151.994s][info][gc,heap,exit   ] Heap
[151.994s][info][gc,heap,exit   ]  PSYoungGen      total 540160K, used 173751K [0x00000006da400000, 0x0000000717f00000, 0x0000000800000000)
[151.994s][info][gc,heap,exit   ]   eden space 116224K, 100% used [0x00000006da400000,0x00000006e1580000,0x00000006e1580000)
[151.994s][info][gc,heap,exit   ]   from space 423936K, 13% used [0x00000006fc580000,0x00000006ffdadfa0,0x0000000716380000)
[151.994s][info][gc,heap,exit   ]   to   space 439808K, 0% used [0x00000006e1580000,0x00000006e1580000,0x00000006fc300000)
[151.994s][info][gc,heap,exit   ]  ParOldGen       total 9625600K, used 9625597K [0x000000048ec00000, 0x00000006da400000, 0x00000006da400000)
[151.994s][info][gc,heap,exit   ]   object space 9625600K, 99% used [0x000000048ec00000,0x00000006da3ff780,0x00000006da400000)
[151.994s][info][gc,heap,exit   ]  Metaspace       used 6303K, committed 6528K, reserved 1114112K
[151.994s][info][gc,heap,exit   ]   class space    used 534K, committed 640K, reserved 1048576K
