[0.013s][info][gc,init] CardTable entry size: 512
[0.013s][info][gc     ] Using Serial
[0.013s][info][gc,init] Version: 18.0.1+10 (release)
[0.013s][info][gc,init] CPUs: 8 total, 8 available
[0.013s][info][gc,init] Memory: 16063M
[0.013s][info][gc,init] Large Page Support: Disabled
[0.013s][info][gc,init] NUMA Support: Disabled
[0.013s][info][gc,init] Compressed Oops: Enabled (Zero based)
[0.013s][info][gc,init] Heap Min Capacity: 2M
[0.013s][info][gc,init] Heap Initial Capacity: 2M
[0.013s][info][gc,init] Heap Max Capacity: 12700M
[0.013s][info][gc,init] Pre-touch: Disabled
[0.014s][info][gc,metaspace] CDS archive(s) not mapped
[0.014s][info][gc,metaspace] Compressed class space mapped at: 0x0000000800000000-0x0000000840000000, reserved size: 1073741824
[0.014s][info][gc,metaspace] Narrow klass base: 0x0000000800000000, Narrow klass shift: 0, Narrow klass range: 0x40000000
[0.164s][info][gc,start    ] GC(0) Pause Young (Allocation Failure)
[0.166s][info][gc,heap     ] GC(0) DefNew: 1023K(1152K)->127K(1152K) Eden: 1023K(1024K)->0K(1024K) From: 0K(128K)->127K(128K)
[0.166s][info][gc,heap     ] GC(0) Tenured: 0K(768K)->440K(768K)
[0.166s][info][gc,metaspace] GC(0) Metaspace: 5904K(6016K)->5904K(6016K) NonClass: 5405K(5504K)->5405K(5504K) Class: 499K(512K)->499K(512K)
[0.166s][info][gc          ] GC(0) Pause Young (Allocation Failure) 0M->0M(1M) 1.465ms
[0.166s][info][gc,cpu      ] GC(0) User=0.00s Sys=0.00s Real=0.00s
[0.184s][info][gc,start    ] GC(1) Pause Young (Allocation Failure)
[0.185s][info][gc          ] GC(1) Pause Young (Allocation Failure) 1M->0M(2M) 1.382ms
[0.186s][info][gc,cpu      ] GC(1) User=0.00s Sys=0.00s Real=0.00s
[0.186s][info][gc,start    ] GC(2) Pause Full (Allocation Failure)
[0.186s][info][gc,phases,start] GC(2) Phase 1: Mark live objects
[0.187s][info][gc,phases      ] GC(2) Phase 1: Mark live objects 1.020ms
[0.187s][info][gc,phases,start] GC(2) Phase 2: Compute new object addresses
[0.187s][info][gc,phases      ] GC(2) Phase 2: Compute new object addresses 0.225ms
[0.187s][info][gc,phases,start] GC(2) Phase 3: Adjust pointers
[0.187s][info][gc,phases      ] GC(2) Phase 3: Adjust pointers 0.477ms
[0.187s][info][gc,phases,start] GC(2) Phase 4: Move objects
[0.187s][info][gc,phases      ] GC(2) Phase 4: Move objects 0.072ms
[0.188s][info][gc,heap        ] GC(2) DefNew: 1151K(1152K)->40K(1152K) Eden: 1024K(1024K)->40K(1024K) From: 127K(128K)->0K(128K)
[0.188s][info][gc,heap        ] GC(2) Tenured: 440K(768K)->959K(1600K)
[0.188s][info][gc,metaspace   ] GC(2) Metaspace: 6300K(6528K)->6300K(6528K) NonClass: 5767K(5888K)->5767K(5888K) Class: 533K(640K)->533K(640K)
[0.188s][info][gc             ] GC(2) Pause Full (Allocation Failure) 0M->0M(2M) 2.061ms
[0.188s][info][gc,cpu         ] GC(2) User=0.00s Sys=0.00s Real=0.00s
[0.189s][info][gc,start       ] GC(3) Pause Young (Allocation Failure)
[0.190s][info][gc,heap        ] GC(3) DefNew: 1024K(1152K)->127K(1152K) Eden: 1024K(1024K)->0K(1024K) From: 0K(128K)->127K(128K)
[0.190s][info][gc,heap        ] GC(3) Tenured: 959K(1600K)->1375K(1600K)
[0.190s][info][gc,metaspace   ] GC(3) Metaspace: 6300K(6528K)->6300K(6528K) NonClass: 5767K(5888K)->5767K(5888K) Class: 533K(640K)->533K(640K)
[0.190s][info][gc             ] GC(3) Pause Young (Allocation Failure) 1M->1M(2M) 1.242ms
[0.190s][info][gc,cpu         ] GC(3) User=0.00s Sys=0.00s Real=0.00s
[0.191s][info][gc,start       ] GC(4) Pause Young (Allocation Failure)
[0.193s][info][gc             ] GC(4) Pause Young (Allocation Failure) 2M->1M(3M) 1.485ms
[0.193s][info][gc,cpu         ] GC(4) User=0.00s Sys=0.00s Real=0.00s
[0.193s][info][gc,start       ] GC(5) Pause Full (Allocation Failure)
[0.193s][info][gc,phases,start] GC(5) Phase 1: Mark live objects
[0.195s][info][gc,phases      ] GC(5) Phase 1: Mark live objects 1.589ms
[0.195s][info][gc,phases,start] GC(5) Phase 2: Compute new object addresses
[0.195s][info][gc,phases      ] GC(5) Phase 2: Compute new object addresses 0.426ms
[0.195s][info][gc,phases,start] GC(5) Phase 3: Adjust pointers
[0.196s][info][gc,phases      ] GC(5) Phase 3: Adjust pointers 0.795ms
[0.196s][info][gc,phases,start] GC(5) Phase 4: Move objects
[0.196s][info][gc,phases      ] GC(5) Phase 4: Move objects 0.073ms
[0.196s][info][gc,heap        ] GC(5) DefNew: 1151K(1152K)->34K(1536K) Eden: 1024K(1024K)->34K(1408K) From: 127K(128K)->0K(128K)
[0.196s][info][gc,heap        ] GC(5) Tenured: 1375K(1600K)->1984K(3308K)
[0.196s][info][gc,metaspace   ] GC(5) Metaspace: 6300K(6528K)->6300K(6528K) NonClass: 5767K(5888K)->5767K(5888K) Class: 533K(640K)->533K(640K)
[0.196s][info][gc             ] GC(5) Pause Full (Allocation Failure) 1M->1M(4M) 3.247ms
[0.196s][info][gc,cpu         ] GC(5) User=0.00s Sys=0.00s Real=0.00s
[0.198s][info][gc,start       ] GC(6) Pause Young (Allocation Failure)
[0.200s][info][gc,heap        ] GC(6) DefNew: 1408K(1536K)->127K(1536K) Eden: 1408K(1408K)->0K(1408K) From: 0K(128K)->127K(128K)
[0.200s][info][gc,heap        ] GC(6) Tenured: 1984K(3308K)->2617K(3308K)
[0.200s][info][gc,metaspace   ] GC(6) Metaspace: 6300K(6528K)->6300K(6528K) NonClass: 5767K(5888K)->5767K(5888K) Class: 533K(640K)->533K(640K)
[0.200s][info][gc             ] GC(6) Pause Young (Allocation Failure) 3M->2M(4M) 1.871ms
[0.200s][info][gc,cpu         ] GC(6) User=0.00s Sys=0.00s Real=0.00s
[0.201s][info][gc,start       ] GC(7) Pause Young (Allocation Failure)
[0.203s][info][gc             ] GC(7) Pause Young (Allocation Failure) 4M->3M(4M) 1.508ms
[0.203s][info][gc,cpu         ] GC(7) User=0.00s Sys=0.00s Real=0.00s
[0.203s][info][gc,start       ] GC(8) Pause Full (Allocation Failure)
[0.203s][info][gc,phases,start] GC(8) Phase 1: Mark live objects
[0.205s][info][gc,phases      ] GC(8) Phase 1: Mark live objects 1.948ms
[0.205s][info][gc,phases,start] GC(8) Phase 2: Compute new object addresses
[0.205s][info][gc,phases      ] GC(8) Phase 2: Compute new object addresses 0.546ms
[0.205s][info][gc,phases,start] GC(8) Phase 3: Adjust pointers
[0.206s][info][gc,phases      ] GC(8) Phase 3: Adjust pointers 0.809ms
[0.206s][info][gc,phases,start] GC(8) Phase 4: Move objects
[0.206s][info][gc,phases      ] GC(8) Phase 4: Move objects 0.075ms
[0.206s][info][gc,heap        ] GC(8) DefNew: 1535K(1536K)->0K(2688K) Eden: 1408K(1408K)->0K(2432K) From: 127K(128K)->0K(256K)
[0.206s][info][gc,heap        ] GC(8) Tenured: 2617K(3308K)->3459K(5768K)
[0.207s][info][gc,metaspace   ] GC(8) Metaspace: 6300K(6528K)->6300K(6528K) NonClass: 5767K(5888K)->5767K(5888K) Class: 533K(640K)->533K(640K)
[0.207s][info][gc             ] GC(8) Pause Full (Allocation Failure) 3M->3M(8M) 3.618ms
[0.207s][info][gc,cpu         ] GC(8) User=0.00s Sys=0.00s Real=0.00s
[0.210s][info][gc,start       ] GC(9) Pause Young (Allocation Failure)
[0.212s][info][gc,heap        ] GC(9) DefNew: 2432K(2688K)->255K(2688K) Eden: 2432K(2432K)->0K(2432K) From: 0K(256K)->255K(256K)
[0.212s][info][gc,heap        ] GC(9) Tenured: 3459K(5768K)->4512K(5768K)
[0.212s][info][gc,metaspace   ] GC(9) Metaspace: 6300K(6528K)->6300K(6528K) NonClass: 5767K(5888K)->5767K(5888K) Class: 533K(640K)->533K(640K)
[0.212s][info][gc             ] GC(9) Pause Young (Allocation Failure) 5M->4M(8M) 2.557ms
[0.212s][info][gc,cpu         ] GC(9) User=0.00s Sys=0.00s Real=0.00s
[0.215s][info][gc,start       ] GC(10) Pause Young (Allocation Failure)
[0.218s][info][gc,heap        ] GC(10) DefNew: 2687K(2688K)->256K(2688K) Eden: 2432K(2432K)->0K(2432K) From: 255K(256K)->256K(256K)
[0.218s][info][gc,heap        ] GC(10) Tenured: 4512K(5768K)->5754K(5768K)
[0.218s][info][gc,metaspace   ] GC(10) Metaspace: 6300K(6528K)->6300K(6528K) NonClass: 5767K(5888K)->5767K(5888K) Class: 533K(640K)->533K(640K)
[0.218s][info][gc             ] GC(10) Pause Young (Allocation Failure) 7M->5M(8M) 3.219ms
[0.218s][info][gc,cpu         ] GC(10) User=0.00s Sys=0.00s Real=0.00s
[0.221s][info][gc,start       ] GC(11) Pause Young (Allocation Failure)
[0.224s][info][gc             ] GC(11) Pause Young (Allocation Failure) 8M->7M(9M) 2.841ms
[0.224s][info][gc,cpu         ] GC(11) User=0.00s Sys=0.00s Real=0.00s
[0.224s][info][gc,start       ] GC(12) Pause Full (Allocation Failure)
[0.224s][info][gc,phases,start] GC(12) Phase 1: Mark live objects
[0.227s][info][gc,phases      ] GC(12) Phase 1: Mark live objects 3.665ms
[0.227s][info][gc,phases,start] GC(12) Phase 2: Compute new object addresses
[0.229s][info][gc,phases      ] GC(12) Phase 2: Compute new object addresses 1.118ms
[0.229s][info][gc,phases,start] GC(12) Phase 3: Adjust pointers
[0.230s][info][gc,phases      ] GC(12) Phase 3: Adjust pointers 1.847ms
[0.231s][info][gc,phases,start] GC(12) Phase 4: Move objects
[0.232s][info][gc,phases      ] GC(12) Phase 4: Move objects 1.278ms
[0.232s][info][gc,heap        ] GC(12) DefNew: 2688K(2688K)->0K(5376K) Eden: 2432K(2432K)->0K(4800K) From: 256K(256K)->0K(576K)
[0.232s][info][gc,heap        ] GC(12) Tenured: 5754K(5768K)->7132K(11888K)
[0.232s][info][gc,metaspace   ] GC(12) Metaspace: 6300K(6528K)->6300K(6528K) NonClass: 5767K(5888K)->5767K(5888K) Class: 533K(640K)->533K(640K)
[0.232s][info][gc             ] GC(12) Pause Full (Allocation Failure) 7M->6M(16M) 8.430ms
[0.232s][info][gc,cpu         ] GC(12) User=0.00s Sys=0.00s Real=0.01s
[0.237s][info][gc,start       ] GC(13) Pause Young (Allocation Failure)
[0.242s][info][gc,heap        ] GC(13) DefNew: 4800K(5376K)->576K(5376K) Eden: 4800K(4800K)->0K(4800K) From: 0K(576K)->576K(576K)
[0.243s][info][gc,heap        ] GC(13) Tenured: 7132K(11888K)->9027K(11888K)
[0.243s][info][gc,metaspace   ] GC(13) Metaspace: 6300K(6528K)->6300K(6528K) NonClass: 5767K(5888K)->5767K(5888K) Class: 533K(640K)->533K(640K)
[0.243s][info][gc             ] GC(13) Pause Young (Allocation Failure) 11M->9M(16M) 5.220ms
[0.243s][info][gc,cpu         ] GC(13) User=0.02s Sys=0.00s Real=0.01s
[0.247s][info][gc,start       ] GC(14) Pause Young (Allocation Failure)
[0.253s][info][gc,heap        ] GC(14) DefNew: 5376K(5376K)->576K(5376K) Eden: 4800K(4800K)->0K(4800K) From: 576K(576K)->576K(576K)
[0.254s][info][gc,heap        ] GC(14) Tenured: 9027K(11888K)->11746K(11888K)
[0.254s][info][gc,metaspace   ] GC(14) Metaspace: 6300K(6528K)->6300K(6528K) NonClass: 5767K(5888K)->5767K(5888K) Class: 533K(640K)->533K(640K)
[0.254s][info][gc             ] GC(14) Pause Young (Allocation Failure) 14M->12M(16M) 6.349ms
[0.254s][info][gc,cpu         ] GC(14) User=0.00s Sys=0.00s Real=0.01s
[0.258s][info][gc,start       ] GC(15) Pause Young (Allocation Failure)
[0.264s][info][gc             ] GC(15) Pause Young (Allocation Failure) 16M->14M(19M) 5.979ms
[0.264s][info][gc,cpu         ] GC(15) User=0.00s Sys=0.00s Real=0.01s
[0.264s][info][gc,start       ] GC(16) Pause Full (Allocation Failure)
[0.264s][info][gc,phases,start] GC(16) Phase 1: Mark live objects
[0.271s][info][gc,phases      ] GC(16) Phase 1: Mark live objects 7.199ms
[0.271s][info][gc,phases,start] GC(16) Phase 2: Compute new object addresses
[0.273s][info][gc,phases      ] GC(16) Phase 2: Compute new object addresses 2.279ms
[0.273s][info][gc,phases,start] GC(16) Phase 3: Adjust pointers
[0.276s][info][gc,phases      ] GC(16) Phase 3: Adjust pointers 2.855ms
[0.276s][info][gc,phases,start] GC(16) Phase 4: Move objects
[0.277s][info][gc,phases      ] GC(16) Phase 4: Move objects 0.192ms
[0.277s][info][gc,heap        ] GC(16) DefNew: 5376K(5376K)->386K(10880K) Eden: 4800K(4800K)->386K(9728K) From: 576K(576K)->0K(1152K)
[0.277s][info][gc,heap        ] GC(16) Tenured: 11746K(11888K)->14383K(23976K)
[0.277s][info][gc,metaspace   ] GC(16) Metaspace: 6302K(6528K)->6302K(6528K) NonClass: 5769K(5888K)->5769K(5888K) Class: 533K(640K)->533K(640K)
[0.277s][info][gc             ] GC(16) Pause Full (Allocation Failure) 14M->14M(34M) 12.885ms
[0.277s][info][gc,cpu         ] GC(16) User=0.02s Sys=0.00s Real=0.01s
[0.286s][info][gc,start       ] GC(17) Pause Young (Allocation Failure)
[0.299s][info][gc,heap        ] GC(17) DefNew: 9728K(10880K)->1152K(10880K) Eden: 9728K(9728K)->0K(9728K) From: 0K(1152K)->1152K(1152K)
[0.299s][info][gc,heap        ] GC(17) Tenured: 14383K(23976K)->18415K(23976K)
[0.299s][info][gc,metaspace   ] GC(17) Metaspace: 6302K(6528K)->6302K(6528K) NonClass: 5769K(5888K)->5769K(5888K) Class: 533K(640K)->533K(640K)
[0.299s][info][gc             ] GC(17) Pause Young (Allocation Failure) 23M->19M(34M) 13.171ms
[0.299s][info][gc,cpu         ] GC(17) User=0.00s Sys=0.00s Real=0.01s
[0.306s][info][gc,start       ] GC(18) Pause Young (Allocation Failure)
[0.319s][info][gc,heap        ] GC(18) DefNew: 10880K(10880K)->1151K(10880K) Eden: 9728K(9728K)->0K(9728K) From: 1152K(1152K)->1151K(1152K)
[0.319s][info][gc,heap        ] GC(18) Tenured: 18415K(23976K)->23936K(23976K)
[0.319s][info][gc,metaspace   ] GC(18) Metaspace: 6302K(6528K)->6302K(6528K) NonClass: 5769K(5888K)->5769K(5888K) Class: 533K(640K)->533K(640K)
[0.319s][info][gc             ] GC(18) Pause Young (Allocation Failure) 28M->24M(34M) 12.842ms
[0.319s][info][gc,cpu         ] GC(18) User=0.00s Sys=0.00s Real=0.01s
[0.326s][info][gc,start       ] GC(19) Pause Young (Allocation Failure)
[0.337s][info][gc             ] GC(19) Pause Young (Allocation Failure) 34M->29M(38M) 11.047ms
[0.337s][info][gc,cpu         ] GC(19) User=0.02s Sys=0.00s Real=0.01s
[0.337s][info][gc,start       ] GC(20) Pause Full (Allocation Failure)
[0.337s][info][gc,phases,start] GC(20) Phase 1: Mark live objects
[0.351s][info][gc,phases      ] GC(20) Phase 1: Mark live objects 13.724ms
[0.351s][info][gc,phases,start] GC(20) Phase 2: Compute new object addresses
[0.356s][info][gc,phases      ] GC(20) Phase 2: Compute new object addresses 4.639ms
[0.356s][info][gc,phases,start] GC(20) Phase 3: Adjust pointers
[0.361s][info][gc,phases      ] GC(20) Phase 3: Adjust pointers 5.292ms
[0.361s][info][gc,phases,start] GC(20) Phase 4: Move objects
[0.361s][info][gc,phases      ] GC(20) Phase 4: Move objects 0.179ms
[0.361s][info][gc,heap        ] GC(20) DefNew: 10879K(10880K)->1080K(21888K) Eden: 9728K(9728K)->1080K(19520K) From: 1151K(1152K)->0K(2368K)
[0.361s][info][gc,heap        ] GC(20) Tenured: 23936K(23976K)->29035K(48396K)
[0.361s][info][gc,metaspace   ] GC(20) Metaspace: 6302K(6528K)->6302K(6528K) NonClass: 5769K(5888K)->5769K(5888K) Class: 533K(640K)->533K(640K)
[0.361s][info][gc             ] GC(20) Pause Full (Allocation Failure) 29M->29M(68M) 24.235ms
[0.361s][info][gc,cpu         ] GC(20) User=0.02s Sys=0.00s Real=0.02s
[0.378s][info][gc,start       ] GC(21) Pause Young (Allocation Failure)
[0.409s][info][gc,heap        ] GC(21) DefNew: 19520K(21888K)->2367K(21888K) Eden: 19520K(19520K)->0K(19520K) From: 0K(2368K)->2367K(2368K)
[0.409s][info][gc,heap        ] GC(21) Tenured: 29035K(48396K)->41014K(48396K)
[0.409s][info][gc,metaspace   ] GC(21) Metaspace: 6302K(6528K)->6302K(6528K) NonClass: 5769K(5888K)->5769K(5888K) Class: 533K(640K)->533K(640K)
[0.409s][info][gc             ] GC(21) Pause Young (Allocation Failure) 47M->42M(68M) 30.950ms
[0.409s][info][gc,cpu         ] GC(21) User=0.02s Sys=0.00s Real=0.03s
[0.427s][info][gc,start       ] GC(22) Pause Young (Allocation Failure)
[0.463s][info][gc             ] GC(22) Pause Young (Allocation Failure) 61M->61M(80M) 35.164ms
[0.463s][info][gc,cpu         ] GC(22) User=0.03s Sys=0.00s Real=0.04s
[0.463s][info][gc,start       ] GC(23) Pause Full (Allocation Failure)
[0.463s][info][gc,phases,start] GC(23) Phase 1: Mark live objects
[0.488s][info][gc,phases      ] GC(23) Phase 1: Mark live objects 25.121ms
[0.488s][info][gc,phases,start] GC(23) Phase 2: Compute new object addresses
[0.498s][info][gc,phases      ] GC(23) Phase 2: Compute new object addresses 9.689ms
[0.498s][info][gc,phases,start] GC(23) Phase 3: Adjust pointers
[0.508s][info][gc,phases      ] GC(23) Phase 3: Adjust pointers 10.758ms
[0.508s][info][gc,phases,start] GC(23) Phase 4: Move objects
[0.509s][info][gc,phases      ] GC(23) Phase 4: Move objects 0.377ms
[0.509s][info][gc,heap        ] GC(23) DefNew: 21887K(21888K)->2186K(45568K) Eden: 19520K(19520K)->2186K(40512K) From: 2367K(2368K)->0K(5056K)
[0.509s][info][gc,heap        ] GC(23) Tenured: 41014K(48396K)->60683K(101140K)
[0.509s][info][gc,metaspace   ] GC(23) Metaspace: 6302K(6528K)->6302K(6528K) NonClass: 5769K(5888K)->5769K(5888K) Class: 533K(640K)->533K(640K)
[0.509s][info][gc             ] GC(23) Pause Full (Allocation Failure) 61M->61M(143M) 46.643ms
[0.509s][info][gc,cpu         ] GC(23) User=0.06s Sys=0.00s Real=0.05s
[0.551s][info][gc,start       ] GC(24) Pause Young (Allocation Failure)
[0.614s][info][gc,heap        ] GC(24) DefNew: 40512K(45568K)->5055K(45568K) Eden: 40512K(40512K)->0K(40512K) From: 0K(5056K)->5055K(5056K)
[0.614s][info][gc,heap        ] GC(24) Tenured: 60683K(101140K)->96114K(101140K)
[0.614s][info][gc,metaspace   ] GC(24) Metaspace: 6302K(6528K)->6302K(6528K) NonClass: 5769K(5888K)->5769K(5888K) Class: 533K(640K)->533K(640K)
[0.614s][info][gc             ] GC(24) Pause Young (Allocation Failure) 98M->98M(143M) 62.734ms
[0.614s][info][gc,cpu         ] GC(24) User=0.03s Sys=0.02s Real=0.06s
[0.647s][info][gc,start       ] GC(25) Pause Young (Allocation Failure)
[0.718s][info][gc             ] GC(25) Pause Young (Allocation Failure) 138M->138M(178M) 71.285ms
[0.718s][info][gc,cpu         ] GC(25) User=0.06s Sys=0.02s Real=0.07s
[0.718s][info][gc,start       ] GC(26) Pause Full (Allocation Failure)
[0.719s][info][gc,phases,start] GC(26) Phase 1: Mark live objects
[0.776s][info][gc,phases      ] GC(26) Phase 1: Mark live objects 57.049ms
[0.776s][info][gc,phases,start] GC(26) Phase 2: Compute new object addresses
[0.797s][info][gc,phases      ] GC(26) Phase 2: Compute new object addresses 21.178ms
[0.797s][info][gc,phases,start] GC(26) Phase 3: Adjust pointers
[0.825s][info][gc,phases      ] GC(26) Phase 3: Adjust pointers 27.715ms
[0.825s][info][gc,phases,start] GC(26) Phase 4: Move objects
[0.850s][info][gc,phases      ] GC(26) Phase 4: Move objects 25.472ms
[0.851s][info][gc,heap        ] GC(26) DefNew: 45567K(45568K)->1084K(102592K) Eden: 40512K(40512K)->1084K(91200K) From: 5055K(5056K)->0K(11392K)
[0.851s][info][gc,heap        ] GC(26) Tenured: 96114K(101140K)->136727K(227880K)
[0.851s][info][gc,metaspace   ] GC(26) Metaspace: 6302K(6528K)->6302K(6528K) NonClass: 5769K(5888K)->5769K(5888K) Class: 533K(640K)->533K(640K)
[0.851s][info][gc             ] GC(26) Pause Full (Allocation Failure) 138M->134M(322M) 132.297ms
[0.851s][info][gc,cpu         ] GC(26) User=0.12s Sys=0.00s Real=0.13s
[0.949s][info][gc,start       ] GC(27) Pause Young (Allocation Failure)
[1.102s][info][gc,heap        ] GC(27) DefNew: 91200K(102592K)->11392K(102592K) Eden: 91200K(91200K)->0K(91200K) From: 0K(11392K)->11392K(11392K)
[1.102s][info][gc,heap        ] GC(27) Tenured: 136727K(227880K)->216508K(227880K)
[1.102s][info][gc,metaspace   ] GC(27) Metaspace: 6302K(6528K)->6302K(6528K) NonClass: 5769K(5888K)->5769K(5888K) Class: 533K(640K)->533K(640K)
[1.102s][info][gc             ] GC(27) Pause Young (Allocation Failure) 222M->222M(322M) 152.162ms
[1.102s][info][gc,cpu         ] GC(27) User=0.16s Sys=0.00s Real=0.15s
[1.183s][info][gc,start       ] GC(28) Pause Young (Allocation Failure)
[1.356s][info][gc             ] GC(28) Pause Young (Allocation Failure) 311M->311M(400M) 173.247ms
[1.356s][info][gc,cpu         ] GC(28) User=0.09s Sys=0.06s Real=0.17s
[1.356s][info][gc,start       ] GC(29) Pause Full (Allocation Failure)
[1.356s][info][gc,phases,start] GC(29) Phase 1: Mark live objects
[1.495s][info][gc,phases      ] GC(29) Phase 1: Mark live objects 138.671ms
[1.495s][info][gc,phases,start] GC(29) Phase 2: Compute new object addresses
[1.546s][info][gc,phases      ] GC(29) Phase 2: Compute new object addresses 50.987ms
[1.546s][info][gc,phases,start] GC(29) Phase 3: Adjust pointers
[1.603s][info][gc,phases      ] GC(29) Phase 3: Adjust pointers 56.500ms
[1.603s][info][gc,phases,start] GC(29) Phase 4: Move objects
[1.605s][info][gc,phases      ] GC(29) Phase 4: Move objects 2.504ms
[1.606s][info][gc,heap        ] GC(29) DefNew: 102592K(102592K)->11379K(230848K) Eden: 91200K(91200K)->11379K(205248K) From: 11392K(11392K)->0K(25600K)
[1.606s][info][gc,heap        ] GC(29) Tenured: 216508K(227880K)->307691K(512820K)
[1.606s][info][gc,metaspace   ] GC(29) Metaspace: 6302K(6528K)->6302K(6528K) NonClass: 5769K(5888K)->5769K(5888K) Class: 533K(640K)->533K(640K)
[1.606s][info][gc             ] GC(29) Pause Full (Allocation Failure) 311M->311M(726M) 249.893ms
[1.606s][info][gc,cpu         ] GC(29) User=0.23s Sys=0.00s Real=0.25s
[1.822s][info][gc,start       ] GC(30) Pause Young (Allocation Failure)
[2.163s][info][gc,heap        ] GC(30) DefNew: 205248K(230848K)->25599K(230848K) Eden: 205248K(205248K)->0K(205248K) From: 0K(25600K)->25599K(25600K)
[2.163s][info][gc,heap        ] GC(30) Tenured: 307691K(512820K)->487314K(512820K)
[2.163s][info][gc,metaspace   ] GC(30) Metaspace: 6302K(6528K)->6302K(6528K) NonClass: 5769K(5888K)->5769K(5888K) Class: 533K(640K)->533K(640K)
[2.164s][info][gc             ] GC(30) Pause Young (Allocation Failure) 500M->500M(726M) 341.405ms
[2.164s][info][gc,cpu         ] GC(30) User=0.33s Sys=0.00s Real=0.34s
[2.343s][info][gc,start       ] GC(31) Pause Young (Allocation Failure)
[2.733s][info][gc             ] GC(31) Pause Young (Allocation Failure) 701M->700M(901M) 389.837ms
[2.733s][info][gc,cpu         ] GC(31) User=0.34s Sys=0.03s Real=0.39s
[2.733s][info][gc,start       ] GC(32) Pause Full (Allocation Failure)
[2.733s][info][gc,phases,start] GC(32) Phase 1: Mark live objects
[3.056s][info][gc,phases      ] GC(32) Phase 1: Mark live objects 322.213ms
[3.056s][info][gc,phases,start] GC(32) Phase 2: Compute new object addresses
[3.163s][info][gc,phases      ] GC(32) Phase 2: Compute new object addresses 107.383ms
[3.163s][info][gc,phases,start] GC(32) Phase 3: Adjust pointers
[3.281s][info][gc,phases      ] GC(32) Phase 3: Adjust pointers 118.289ms
[3.281s][info][gc,phases,start] GC(32) Phase 4: Move objects
[3.287s][info][gc,phases      ] GC(32) Phase 4: Move objects 5.299ms
[3.289s][info][gc,heap        ] GC(32) DefNew: 230847K(230848K)->25508K(518976K) Eden: 205248K(205248K)->25508K(461312K) From: 25599K(25600K)->0K(57664K)
[3.289s][info][gc,heap        ] GC(32) Tenured: 487314K(512820K)->691955K(1153260K)
[3.289s][info][gc,metaspace   ] GC(32) Metaspace: 6302K(6528K)->6302K(6528K) NonClass: 5769K(5888K)->5769K(5888K) Class: 533K(640K)->533K(640K)
[3.289s][info][gc             ] GC(32) Pause Full (Allocation Failure) 700M->700M(1633M) 555.450ms
[3.289s][info][gc,cpu         ] GC(32) User=0.56s Sys=0.00s Real=0.56s
[3.766s][info][gc,start       ] GC(33) Pause Young (Allocation Failure)
[4.577s][info][gc,heap        ] GC(33) DefNew: 461312K(518976K)->57663K(518976K) Eden: 461312K(461312K)->0K(461312K) From: 0K(57664K)->57663K(57664K)
[4.577s][info][gc,heap        ] GC(33) Tenured: 691955K(1153260K)->1095576K(1153260K)
[4.577s][info][gc,metaspace   ] GC(33) Metaspace: 6302K(6528K)->6302K(6528K) NonClass: 5769K(5888K)->5769K(5888K) Class: 533K(640K)->533K(640K)
[4.577s][info][gc             ] GC(33) Pause Young (Allocation Failure) 1126M->1126M(1633M) 811.156ms
[4.577s][info][gc,cpu         ] GC(33) User=0.67s Sys=0.12s Real=0.81s
[5.037s][info][gc,start       ] GC(34) Pause Young (Allocation Failure)
[5.774s][info][gc             ] GC(34) Pause Young (Allocation Failure) 1576M->1526M(1977M) 736.913ms
[5.774s][info][gc,cpu         ] GC(34) User=0.58s Sys=0.14s Real=0.74s
[5.774s][info][gc,start       ] GC(35) Pause Full (Allocation Failure)
[5.774s][info][gc,phases,start] GC(35) Phase 1: Mark live objects
[6.446s][info][gc,phases      ] GC(35) Phase 1: Mark live objects 672.132ms
[6.446s][info][gc,phases,start] GC(35) Phase 2: Compute new object addresses
[6.671s][info][gc,phases      ] GC(35) Phase 2: Compute new object addresses 224.741ms
[6.671s][info][gc,phases,start] GC(35) Phase 3: Adjust pointers
[6.936s][info][gc,phases      ] GC(35) Phase 3: Adjust pointers 265.355ms
[6.936s][info][gc,phases,start] GC(35) Phase 4: Move objects
[6.948s][info][gc,phases      ] GC(35) Phase 4: Move objects 11.126ms
[6.952s][info][gc,heap        ] GC(35) DefNew: 518975K(518976K)->57610K(1129472K) Eden: 461312K(461312K)->57610K(1004032K) From: 57663K(57664K)->0K(125440K)
[6.952s][info][gc,heap        ] GC(35) Tenured: 1095576K(1153260K)->1505839K(2509736K)
[6.952s][info][gc,metaspace   ] GC(35) Metaspace: 6302K(6528K)->6302K(6528K) NonClass: 5769K(5888K)->5769K(5888K) Class: 533K(640K)->533K(640K)
[6.952s][info][gc             ] GC(35) Pause Full (Allocation Failure) 1526M->1526M(3553M) 1177.862ms
[6.952s][info][gc,cpu         ] GC(35) User=1.16s Sys=0.00s Real=1.18s
[7.985s][info][gc,start       ] GC(36) Pause Young (Allocation Failure)
[10.258s][info][gc,heap        ] GC(36) DefNew: 1004032K(1129472K)->125439K(1129472K) Eden: 1004032K(1004032K)->0K(1004032K) From: 0K(125440K)->125439K(125440K)
[10.258s][info][gc,heap        ] GC(36) Tenured: 1505839K(2509736K)->2384401K(2509736K)
[10.258s][info][gc,metaspace   ] GC(36) Metaspace: 6302K(6528K)->6302K(6528K) NonClass: 5769K(5888K)->5769K(5888K) Class: 533K(640K)->533K(640K)
[10.258s][info][gc             ] GC(36) Pause Young (Allocation Failure) 2451M->2451M(3553M) 2273.315ms
[10.258s][info][gc,cpu         ] GC(36) User=1.62s Sys=0.25s Real=2.27s
[11.593s][info][gc,start       ] GC(37) Pause Young (Allocation Failure)
[13.828s][info][gc             ] GC(37) Pause Young (Allocation Failure) 3431M->3431M(4412M) 2235.193ms
[13.829s][info][gc,cpu         ] GC(37) User=1.55s Sys=0.31s Real=2.23s
[13.829s][info][gc,start       ] GC(38) Pause Full (Allocation Failure)
[13.829s][info][gc,phases,start] GC(38) Phase 1: Mark live objects
[15.731s][info][gc,phases      ] GC(38) Phase 1: Mark live objects 1902.798ms
[15.731s][info][gc,phases,start] GC(38) Phase 2: Compute new object addresses
[16.371s][info][gc,phases      ] GC(38) Phase 2: Compute new object addresses 639.738ms
[16.371s][info][gc,phases,start] GC(38) Phase 3: Adjust pointers
[17.279s][info][gc,phases      ] GC(38) Phase 3: Adjust pointers 908.066ms
[17.279s][info][gc,phases,start] GC(38) Phase 4: Move objects
[18.088s][info][gc,phases      ] GC(38) Phase 4: Move objects 808.739ms
[18.099s][info][gc,heap        ] GC(38) DefNew: 1129471K(1129472K)->31177K(2541376K) Eden: 1004032K(1004032K)->31177K(2259008K) From: 125439K(125440K)->0K(282368K)
[18.099s][info][gc,heap        ] GC(38) Tenured: 2384401K(2509736K)->3388459K(5647436K)
[18.099s][info][gc,metaspace   ] GC(38) Metaspace: 6302K(6528K)->6302K(6528K) NonClass: 5769K(5888K)->5769K(5888K) Class: 533K(640K)->533K(640K)
[18.099s][info][gc             ] GC(38) Pause Full (Allocation Failure) 3431M->3339M(7996M) 4270.813ms
[18.099s][info][gc,cpu         ] GC(38) User=3.97s Sys=0.00s Real=4.27s
[20.464s][info][gc,start       ] GC(39) Pause Young (Allocation Failure)
[25.059s][info][gc,heap        ] GC(39) DefNew: 2259008K(2541376K)->282367K(2541376K) Eden: 2259008K(2259008K)->0K(2259008K) From: 0K(282368K)->282367K(282368K)
[25.060s][info][gc,heap        ] GC(39) Tenured: 3388459K(5647436K)->5365069K(5647436K)
[25.060s][info][gc,metaspace   ] GC(39) Metaspace: 6302K(6528K)->6302K(6528K) NonClass: 5769K(5888K)->5769K(5888K) Class: 533K(640K)->533K(640K)
[25.060s][info][gc             ] GC(39) Pause Young (Allocation Failure) 5515M->5515M(7996M) 4595.932ms
[25.060s][info][gc,cpu         ] GC(39) User=3.77s Sys=0.80s Real=4.60s
[27.206s][info][gc,start       ] GC(40) Pause Young (Allocation Failure)
[32.676s][info][gc             ] GC(40) Pause Young (Allocation Failure) 7721M->7721M(9927M) 5469.668ms
[32.676s][info][gc,cpu         ] GC(40) User=3.44s Sys=2.00s Real=5.47s
[32.676s][info][gc,start       ] GC(41) Pause Full (Allocation Failure)
[32.676s][info][gc,phases,start] GC(41) Phase 1: Mark live objects
[36.383s][info][gc,phases      ] GC(41) Phase 1: Mark live objects 3707.245ms
[36.383s][info][gc,phases,start] GC(41) Phase 2: Compute new object addresses
[37.608s][info][gc,phases      ] GC(41) Phase 2: Compute new object addresses 1224.545ms
[37.608s][info][gc,phases,start] GC(41) Phase 3: Adjust pointers
[38.937s][info][gc,phases      ] GC(41) Phase 3: Adjust pointers 1328.727ms
[38.937s][info][gc,phases,start] GC(41) Phase 4: Move objects
[38.999s][info][gc,phases      ] GC(41) Phase 4: Move objects 61.885ms
[39.036s][info][gc,heap        ] GC(41) DefNew: 2541375K(2541376K)->282271K(3901440K) Eden: 2259008K(2259008K)->282271K(3467968K) From: 282367K(282368K)->0K(433472K)
[39.036s][info][gc,heap        ] GC(41) Tenured: 5365069K(5647436K)->7624144K(8669888K)
[39.036s][info][gc,metaspace   ] GC(41) Metaspace: 6302K(6528K)->6302K(6528K) NonClass: 5769K(5888K)->5769K(5888K) Class: 533K(640K)->533K(640K)
[39.036s][info][gc             ] GC(41) Pause Full (Allocation Failure) 7721M->7721M(12276M) 6360.222ms
[39.036s][info][gc,cpu         ] GC(41) User=6.20s Sys=0.00s Real=6.36s
[42.436s][info][gc,start       ] GC(42) Pause Young (Allocation Failure)
[42.436s][info][gc             ] GC(42) Pause Young (Allocation Failure) 10832M->10832M(12276M) 0.121ms
[42.436s][info][gc,cpu         ] GC(42) User=0.00s Sys=0.00s Real=0.00s
[42.436s][info][gc,start       ] GC(43) Pause Full (Allocation Failure)
[42.436s][info][gc,phases,start] GC(43) Phase 1: Mark live objects
[47.480s][info][gc,phases      ] GC(43) Phase 1: Mark live objects 5044.046ms
[47.480s][info][gc,phases,start] GC(43) Phase 2: Compute new object addresses
[49.085s][info][gc,phases      ] GC(43) Phase 2: Compute new object addresses 1604.706ms
[49.085s][info][gc,phases,start] GC(43) Phase 3: Adjust pointers
[51.352s][info][gc,phases      ] GC(43) Phase 3: Adjust pointers 2266.912ms
[51.352s][info][gc,phases,start] GC(43) Phase 4: Move objects
[52.615s][info][gc,phases      ] GC(43) Phase 4: Move objects 1263.061ms
[52.616s][info][gc,heap        ] GC(43) DefNew: 3467968K(3901440K)->2422196K(3901440K) Eden: 3467968K(3467968K)->2422196K(3467968K) From: 0K(433472K)->0K(433472K)
[52.616s][info][gc,heap        ] GC(43) Tenured: 7624144K(8669888K)->8669887K(8669888K)
[52.616s][info][gc,metaspace   ] GC(43) Metaspace: 6302K(6528K)->6302K(6528K) NonClass: 5769K(5888K)->5769K(5888K) Class: 533K(640K)->533K(640K)
[52.616s][info][gc             ] GC(43) Pause Full (Allocation Failure) 10832M->10832M(12276M) 10179.839ms
[52.616s][info][gc,cpu         ] GC(43) User=9.55s Sys=0.53s Real=10.18s
[53.206s][info][gc,start       ] GC(44) Pause Full (Allocation Failure)
[53.206s][info][gc,phases,start] GC(44) Phase 1: Mark live objects
[58.780s][info][gc,phases      ] GC(44) Phase 1: Mark live objects 5573.080ms
[58.780s][info][gc,phases,start] GC(44) Phase 2: Compute new object addresses
[60.641s][info][gc,phases      ] GC(44) Phase 2: Compute new object addresses 1860.967ms
[60.641s][info][gc,phases,start] GC(44) Phase 3: Adjust pointers
[62.858s][info][gc,phases      ] GC(44) Phase 3: Adjust pointers 2217.176ms
[62.858s][info][gc,phases,start] GC(44) Phase 4: Move objects
[62.945s][info][gc,phases      ] GC(44) Phase 4: Move objects 87.321ms
[62.946s][info][gc,heap        ] GC(44) DefNew: 3090453K(3901440K)->3049131K(3901440K) Eden: 3090453K(3467968K)->3049131K(3467968K) From: 0K(433472K)->0K(433472K)
[62.946s][info][gc,heap        ] GC(44) Tenured: 8669887K(8669888K)->8669887K(8669888K)
[62.946s][info][gc,metaspace   ] GC(44) Metaspace: 6302K(6528K)->6302K(6528K) NonClass: 5769K(5888K)->5769K(5888K) Class: 533K(640K)->533K(640K)
[62.946s][info][gc             ] GC(44) Pause Full (Allocation Failure) 11484M->11444M(12276M) 9739.920ms
[62.946s][info][gc,cpu         ] GC(44) User=9.67s Sys=0.00s Real=9.74s
[62.946s][info][gc,start       ] GC(45) Pause Full (Allocation Failure)
[62.946s][info][gc,phases,start] GC(45) Phase 1: Mark live objects
[68.111s][info][gc,phases      ] GC(45) Phase 1: Mark live objects 5165.189ms
[68.112s][info][gc,phases,start] GC(45) Phase 2: Compute new object addresses
[69.793s][info][gc,phases      ] GC(45) Phase 2: Compute new object addresses 1680.966ms
[69.793s][info][gc,phases,start] GC(45) Phase 3: Adjust pointers
[72.530s][info][gc,phases      ] GC(45) Phase 3: Adjust pointers 2737.474ms
[72.530s][info][gc,phases,start] GC(45) Phase 4: Move objects
[74.858s][info][gc,phases      ] GC(45) Phase 4: Move objects 2327.691ms
[74.859s][info][gc,heap        ] GC(45) DefNew: 3049131K(3901440K)->2918054K(3901440K) Eden: 3049131K(3467968K)->2918054K(3467968K) From: 0K(433472K)->0K(433472K)
[74.859s][info][gc,heap        ] GC(45) Tenured: 8669887K(8669888K)->8669887K(8669888K)
[74.859s][info][gc,metaspace   ] GC(45) Metaspace: 6302K(6528K)->6300K(6528K) NonClass: 5769K(5888K)->5768K(5888K) Class: 533K(640K)->532K(640K)
[74.859s][info][gc             ] GC(45) Pause Full (Allocation Failure) 11444M->11316M(12276M) 11912.406ms
[74.859s][info][gc,cpu         ] GC(45) User=11.67s Sys=0.00s Real=11.91s
[78.774s][info][gc,start       ] GC(46) Pause Full (Allocation Failure)
[78.774s][info][gc,phases,start] GC(46) Phase 1: Mark live objects
[85.901s][info][gc,phases      ] GC(46) Phase 1: Mark live objects 7126.468ms
[85.901s][info][gc,phases,start] GC(46) Phase 2: Compute new object addresses
[87.847s][info][gc,phases      ] GC(46) Phase 2: Compute new object addresses 1946.113ms
[87.847s][info][gc,phases,start] GC(46) Phase 3: Adjust pointers
[90.108s][info][gc,phases      ] GC(46) Phase 3: Adjust pointers 2261.303ms
[90.108s][info][gc,phases,start] GC(46) Phase 4: Move objects
[90.176s][info][gc,phases      ] GC(46) Phase 4: Move objects 67.482ms
[90.177s][info][gc,heap        ] GC(46) DefNew: 3901439K(3901440K)->3901439K(3901440K) Eden: 3467968K(3467968K)->3467967K(3467968K) From: 433471K(433472K)->433471K(433472K)
[90.177s][info][gc,heap        ] GC(46) Tenured: 8669887K(8669888K)->8669887K(8669888K)
[90.177s][info][gc,metaspace   ] GC(46) Metaspace: 6300K(6528K)->6300K(6528K) NonClass: 5768K(5888K)->5768K(5888K) Class: 532K(640K)->532K(640K)
[90.177s][info][gc             ] GC(46) Pause Full (Allocation Failure) 12276M->12276M(12276M) 11402.704ms
[90.177s][info][gc,cpu         ] GC(46) User=9.19s Sys=0.86s Real=11.40s
[90.177s][info][gc,start       ] GC(47) Pause Full (Allocation Failure)
[90.177s][info][gc,phases,start] GC(47) Phase 1: Mark live objects
[95.676s][info][gc,phases      ] GC(47) Phase 1: Mark live objects 5498.543ms
[95.676s][info][gc,phases,start] GC(47) Phase 2: Compute new object addresses
[97.329s][info][gc,phases      ] GC(47) Phase 2: Compute new object addresses 1653.286ms
[97.329s][info][gc,phases,start] GC(47) Phase 3: Adjust pointers
[99.527s][info][gc,phases      ] GC(47) Phase 3: Adjust pointers 2197.689ms
[99.527s][info][gc,phases,start] GC(47) Phase 4: Move objects
[99.527s][info][gc,phases      ] GC(47) Phase 4: Move objects 0.016ms
[99.528s][info][gc,heap        ] GC(47) DefNew: 3901439K(3901440K)->3901439K(3901440K) Eden: 3467967K(3467968K)->3467967K(3467968K) From: 433471K(433472K)->433471K(433472K)
[99.528s][info][gc,heap        ] GC(47) Tenured: 8669887K(8669888K)->8669887K(8669888K)
[99.528s][info][gc,metaspace   ] GC(47) Metaspace: 6300K(6528K)->6300K(6528K) NonClass: 5768K(5888K)->5768K(5888K) Class: 532K(640K)->532K(640K)
[99.528s][info][gc             ] GC(47) Pause Full (Allocation Failure) 12276M->12276M(12276M) 9350.554ms
[99.528s][info][gc,cpu         ] GC(47) User=9.31s Sys=0.02s Real=9.35s
[99.528s][info][gc,start       ] GC(48) Pause Full (Allocation Failure)
[99.528s][info][gc,phases,start] GC(48) Phase 1: Mark live objects
[105.011s][info][gc,phases      ] GC(48) Phase 1: Mark live objects 5482.906ms
[105.011s][info][gc,phases,start] GC(48) Phase 2: Compute new object addresses
[106.759s][info][gc,phases      ] GC(48) Phase 2: Compute new object addresses 1748.100ms
[106.759s][info][gc,phases,start] GC(48) Phase 3: Adjust pointers
[109.288s][info][gc,phases      ] GC(48) Phase 3: Adjust pointers 2528.817ms
[109.288s][info][gc,phases,start] GC(48) Phase 4: Move objects
[110.908s][info][gc,phases      ] GC(48) Phase 4: Move objects 1619.760ms
[110.908s][info][gc,heap        ] GC(48) DefNew: 3901439K(3901440K)->3639296K(3901440K) Eden: 3467967K(3467968K)->3467967K(3467968K) From: 433471K(433472K)->171328K(433472K)
[110.908s][info][gc,heap        ] GC(48) Tenured: 8669887K(8669888K)->8669887K(8669888K)
[110.908s][info][gc,metaspace   ] GC(48) Metaspace: 6300K(6528K)->6300K(6528K) NonClass: 5768K(5888K)->5768K(5888K) Class: 532K(640K)->532K(640K)
[110.908s][info][gc             ] GC(48) Pause Full (Allocation Failure) 12276M->12020M(12276M) 11380.577ms
[110.908s][info][gc,cpu         ] GC(48) User=11.31s Sys=0.00s Real=11.38s
[111.627s][info][gc,start       ] GC(49) Pause Full (Allocation Failure)
[111.627s][info][gc,phases,start] GC(49) Phase 1: Mark live objects
[117.209s][info][gc,phases      ] GC(49) Phase 1: Mark live objects 5581.470ms
[117.209s][info][gc,phases,start] GC(49) Phase 2: Compute new object addresses
[118.899s][info][gc,phases      ] GC(49) Phase 2: Compute new object addresses 1689.904ms
[118.899s][info][gc,phases,start] GC(49) Phase 3: Adjust pointers
[121.163s][info][gc,phases      ] GC(49) Phase 3: Adjust pointers 2264.161ms
[121.163s][info][gc,phases,start] GC(49) Phase 4: Move objects
[121.163s][info][gc,phases      ] GC(49) Phase 4: Move objects 0.017ms
[121.164s][info][gc,heap        ] GC(49) DefNew: 3901439K(3901440K)->3901439K(3901440K) Eden: 3467967K(3467968K)->3467967K(3467968K) From: 433471K(433472K)->433471K(433472K)
[121.164s][info][gc,heap        ] GC(49) Tenured: 8669887K(8669888K)->8669887K(8669888K)
[121.164s][info][gc,metaspace   ] GC(49) Metaspace: 6300K(6528K)->6300K(6528K) NonClass: 5768K(5888K)->5768K(5888K) Class: 532K(640K)->532K(640K)
[121.164s][info][gc             ] GC(49) Pause Full (Allocation Failure) 12276M->12276M(12276M) 9536.541ms
[121.164s][info][gc,cpu         ] GC(49) User=9.44s Sys=0.00s Real=9.54s
[121.164s][info][gc,start       ] GC(50) Pause Full (Allocation Failure)
[121.164s][info][gc,phases,start] GC(50) Phase 1: Mark live objects
[126.755s][info][gc,phases      ] GC(50) Phase 1: Mark live objects 5591.649ms
[126.755s][info][gc,phases,start] GC(50) Phase 2: Compute new object addresses
[128.444s][info][gc,phases      ] GC(50) Phase 2: Compute new object addresses 1688.805ms
[128.444s][info][gc,phases,start] GC(50) Phase 3: Adjust pointers
[130.708s][info][gc,phases      ] GC(50) Phase 3: Adjust pointers 2263.926ms
[130.708s][info][gc,phases,start] GC(50) Phase 4: Move objects
[130.708s][info][gc,phases      ] GC(50) Phase 4: Move objects 0.017ms
[130.709s][info][gc,heap        ] GC(50) DefNew: 3901439K(3901440K)->3901439K(3901440K) Eden: 3467967K(3467968K)->3467967K(3467968K) From: 433471K(433472K)->433471K(433472K)
[130.709s][info][gc,heap        ] GC(50) Tenured: 8669887K(8669888K)->8669887K(8669888K)
[130.709s][info][gc,metaspace   ] GC(50) Metaspace: 6300K(6528K)->6300K(6528K) NonClass: 5768K(5888K)->5768K(5888K) Class: 532K(640K)->532K(640K)
[130.709s][info][gc             ] GC(50) Pause Full (Allocation Failure) 12276M->12276M(12276M) 9545.374ms
[130.709s][info][gc,cpu         ] GC(50) User=9.52s Sys=0.00s Real=9.55s
[130.710s][info][gc,start       ] GC(51) Pause Full (Allocation Failure)
[130.711s][info][gc,phases,start] GC(51) Phase 1: Mark live objects
[136.297s][info][gc,phases      ] GC(51) Phase 1: Mark live objects 5586.544ms
[136.297s][info][gc,phases,start] GC(51) Phase 2: Compute new object addresses
[137.967s][info][gc,phases      ] GC(51) Phase 2: Compute new object addresses 1669.878ms
[137.967s][info][gc,phases,start] GC(51) Phase 3: Adjust pointers
[140.256s][info][gc,phases      ] GC(51) Phase 3: Adjust pointers 2288.945ms
[140.256s][info][gc,phases,start] GC(51) Phase 4: Move objects
[140.256s][info][gc,phases      ] GC(51) Phase 4: Move objects 0.016ms
[140.257s][info][gc,heap        ] GC(51) DefNew: 3901439K(3901440K)->3901439K(3901440K) Eden: 3467968K(3467968K)->3467968K(3467968K) From: 433471K(433472K)->433471K(433472K)
[140.257s][info][gc,heap        ] GC(51) Tenured: 8669887K(8669888K)->8669887K(8669888K)
[140.257s][info][gc,metaspace   ] GC(51) Metaspace: 6300K(6528K)->6300K(6528K) NonClass: 5768K(5888K)->5768K(5888K) Class: 532K(640K)->532K(640K)
[140.257s][info][gc             ] GC(51) Pause Full (Allocation Failure) 12276M->12276M(12276M) 9546.355ms
[140.257s][info][gc,cpu         ] GC(51) User=9.44s Sys=0.00s Real=9.55s
[140.257s][info][gc,start       ] GC(52) Pause Full (Allocation Failure)
[140.257s][info][gc,phases,start] GC(52) Phase 1: Mark live objects
[145.850s][info][gc,phases      ] GC(52) Phase 1: Mark live objects 5593.456ms
[145.850s][info][gc,phases,start] GC(52) Phase 2: Compute new object addresses
[147.540s][info][gc,phases      ] GC(52) Phase 2: Compute new object addresses 1689.260ms
[147.540s][info][gc,phases,start] GC(52) Phase 3: Adjust pointers
[150.289s][info][gc,phases      ] GC(52) Phase 3: Adjust pointers 2749.152ms
[150.289s][info][gc,phases,start] GC(52) Phase 4: Move objects
[152.320s][info][gc,phases      ] GC(52) Phase 4: Move objects 2031.320ms
[152.321s][info][gc,heap        ] GC(52) DefNew: 3901439K(3901440K)->3901438K(3901440K) Eden: 3467968K(3467968K)->3467968K(3467968K) From: 433471K(433472K)->433470K(433472K)
[152.321s][info][gc,heap        ] GC(52) Tenured: 8669887K(8669888K)->8669887K(8669888K)
[152.321s][info][gc,metaspace   ] GC(52) Metaspace: 6300K(6528K)->6300K(6528K) NonClass: 5768K(5888K)->5768K(5888K) Class: 532K(640K)->532K(640K)
[152.321s][info][gc             ] GC(52) Pause Full (Allocation Failure) 12276M->12276M(12276M) 12064.216ms
[152.321s][info][gc,cpu         ] GC(52) User=12.03s Sys=0.00s Real=12.07s
[152.326s][info][gc,start       ] GC(53) Pause Full (Allocation Failure)
[152.326s][info][gc,phases,start] GC(53) Phase 1: Mark live objects
[157.923s][info][gc,phases      ] GC(53) Phase 1: Mark live objects 5596.899ms
[157.923s][info][gc,phases,start] GC(53) Phase 2: Compute new object addresses
[159.671s][info][gc,phases      ] GC(53) Phase 2: Compute new object addresses 1747.326ms
[159.671s][info][gc,phases,start] GC(53) Phase 3: Adjust pointers
[162.669s][info][gc,phases      ] GC(53) Phase 3: Adjust pointers 2998.358ms
[162.669s][info][gc,phases,start] GC(53) Phase 4: Move objects
[164.768s][info][gc,phases      ] GC(53) Phase 4: Move objects 2098.774ms
[164.769s][info][gc,heap        ] GC(53) DefNew: 3901439K(3901440K)->3901436K(3901440K) Eden: 3467968K(3467968K)->3467968K(3467968K) From: 433471K(433472K)->433468K(433472K)
[164.769s][info][gc,heap        ] GC(53) Tenured: 8669887K(8669888K)->8669887K(8669888K)
[164.769s][info][gc,metaspace   ] GC(53) Metaspace: 6302K(6528K)->6302K(6528K) NonClass: 5768K(5888K)->5768K(5888K) Class: 533K(640K)->533K(640K)
[164.769s][info][gc             ] GC(53) Pause Full (Allocation Failure) 12276M->12276M(12276M) 12442.918ms
[164.769s][info][gc,cpu         ] GC(53) User=12.25s Sys=0.00s Real=12.44s
[164.771s][info][gc,heap,exit   ] Heap
[164.771s][info][gc,heap,exit   ]  def new generation   total 3901440K, used 3901437K [0x00000004e6400000, 0x00000005eed50000, 0x00000005eed50000)
[164.771s][info][gc,heap,exit   ]   eden space 3467968K, 100% used [0x00000004e6400000, 0x00000005b9eb0000, 0x00000005b9eb0000)
[164.771s][info][gc,heap,exit   ]   from space 433472K,  99% used [0x00000005b9eb0000, 0x00000005d45ff650, 0x00000005d4600000)
[164.771s][info][gc,heap,exit   ]   to   space 433472K,   0% used [0x00000005d4600000, 0x00000005d4600000, 0x00000005eed50000)
[164.771s][info][gc,heap,exit   ]  tenured generation   total 8669888K, used 8669887K [0x00000005eed50000, 0x0000000800000000, 0x0000000800000000)
[164.771s][info][gc,heap,exit   ]    the space 8669888K,  99% used [0x00000005eed50000, 0x00000007ffffff70, 0x0000000800000000, 0x0000000800000000)
[164.771s][info][gc,heap,exit   ]  Metaspace       used 6305K, committed 6528K, reserved 1114112K
[164.771s][info][gc,heap,exit   ]   class space    used 534K, committed 640K, reserved 1048576K
