[0.019s][info][gc,init] CardTable entry size: 512
[0.019s][info][gc     ] Using Serial
[0.019s][info][gc,init] Version: 18.0.1+10 (release)
[0.019s][info][gc,init] CPUs: 8 total, 8 available
[0.019s][info][gc,init] Memory: 16063M
[0.019s][info][gc,init] Large Page Support: Disabled
[0.019s][info][gc,init] NUMA Support: Disabled
[0.019s][info][gc,init] Compressed Oops: Enabled (Zero based)
[0.020s][info][gc,init] Heap Min Capacity: 2M
[0.020s][info][gc,init] Heap Initial Capacity: 2M
[0.020s][info][gc,init] Heap Max Capacity: 14800M
[0.020s][info][gc,init] Pre-touch: Disabled
[0.020s][info][gc,metaspace] CDS archive(s) not mapped
[0.020s][info][gc,metaspace] Compressed class space mapped at: 0x0000000800000000-0x0000000840000000, reserved size: 1073741824
[0.020s][info][gc,metaspace] Narrow klass base: 0x0000000800000000, Narrow klass shift: 0, Narrow klass range: 0x40000000
[0.176s][info][gc,start    ] GC(0) Pause Young (Allocation Failure)
[0.178s][info][gc,heap     ] GC(0) DefNew: 1023K(1152K)->127K(1152K) Eden: 1023K(1024K)->0K(1024K) From: 0K(128K)->127K(128K)
[0.178s][info][gc,heap     ] GC(0) Tenured: 0K(768K)->440K(768K)
[0.178s][info][gc,metaspace] GC(0) Metaspace: 5903K(6016K)->5903K(6016K) NonClass: 5404K(5504K)->5404K(5504K) Class: 499K(512K)->499K(512K)
[0.178s][info][gc          ] GC(0) Pause Young (Allocation Failure) 0M->0M(1M) 1.700ms
[0.178s][info][gc,cpu      ] GC(0) User=0.00s Sys=0.00s Real=0.00s
[0.195s][info][gc,start    ] GC(1) Pause Young (Allocation Failure)
[0.196s][info][gc          ] GC(1) Pause Young (Allocation Failure) 1M->0M(2M) 1.372ms
[0.196s][info][gc,cpu      ] GC(1) User=0.00s Sys=0.00s Real=0.00s
[0.196s][info][gc,start    ] GC(2) Pause Full (Allocation Failure)
[0.196s][info][gc,phases,start] GC(2) Phase 1: Mark live objects
[0.197s][info][gc,phases      ] GC(2) Phase 1: Mark live objects 1.005ms
[0.197s][info][gc,phases,start] GC(2) Phase 2: Compute new object addresses
[0.197s][info][gc,phases      ] GC(2) Phase 2: Compute new object addresses 0.217ms
[0.197s][info][gc,phases,start] GC(2) Phase 3: Adjust pointers
[0.198s][info][gc,phases      ] GC(2) Phase 3: Adjust pointers 0.454ms
[0.198s][info][gc,phases,start] GC(2) Phase 4: Move objects
[0.198s][info][gc,phases      ] GC(2) Phase 4: Move objects 0.063ms
[0.198s][info][gc,heap        ] GC(2) DefNew: 1151K(1152K)->40K(1152K) Eden: 1024K(1024K)->40K(1024K) From: 127K(128K)->0K(128K)
[0.198s][info][gc,heap        ] GC(2) Tenured: 440K(768K)->959K(1600K)
[0.198s][info][gc,metaspace   ] GC(2) Metaspace: 6301K(6528K)->6301K(6528K) NonClass: 5768K(5888K)->5768K(5888K) Class: 533K(640K)->533K(640K)
[0.198s][info][gc             ] GC(2) Pause Full (Allocation Failure) 0M->0M(2M) 1.982ms
[0.198s][info][gc,cpu         ] GC(2) User=0.00s Sys=0.00s Real=0.00s
[0.199s][info][gc,start       ] GC(3) Pause Young (Allocation Failure)
[0.201s][info][gc,heap        ] GC(3) DefNew: 1024K(1152K)->128K(1152K) Eden: 1024K(1024K)->0K(1024K) From: 0K(128K)->128K(128K)
[0.201s][info][gc,heap        ] GC(3) Tenured: 959K(1600K)->1374K(1600K)
[0.201s][info][gc,metaspace   ] GC(3) Metaspace: 6301K(6528K)->6301K(6528K) NonClass: 5768K(5888K)->5768K(5888K) Class: 533K(640K)->533K(640K)
[0.201s][info][gc             ] GC(3) Pause Young (Allocation Failure) 1M->1M(2M) 1.251ms
[0.201s][info][gc,cpu         ] GC(3) User=0.00s Sys=0.00s Real=0.00s
[0.202s][info][gc,start       ] GC(4) Pause Young (Allocation Failure)
[0.203s][info][gc             ] GC(4) Pause Young (Allocation Failure) 2M->1M(3M) 1.148ms
[0.203s][info][gc,cpu         ] GC(4) User=0.00s Sys=0.00s Real=0.00s
[0.203s][info][gc,start       ] GC(5) Pause Full (Allocation Failure)
[0.203s][info][gc,phases,start] GC(5) Phase 1: Mark live objects
[0.204s][info][gc,phases      ] GC(5) Phase 1: Mark live objects 1.317ms
[0.204s][info][gc,phases,start] GC(5) Phase 2: Compute new object addresses
[0.205s][info][gc,phases      ] GC(5) Phase 2: Compute new object addresses 0.337ms
[0.205s][info][gc,phases,start] GC(5) Phase 3: Adjust pointers
[0.205s][info][gc,phases      ] GC(5) Phase 3: Adjust pointers 0.600ms
[0.205s][info][gc,phases,start] GC(5) Phase 4: Move objects
[0.206s][info][gc,phases      ] GC(5) Phase 4: Move objects 0.072ms
[0.206s][info][gc,heap        ] GC(5) DefNew: 1152K(1152K)->34K(1536K) Eden: 1024K(1024K)->34K(1408K) From: 128K(128K)->0K(128K)
[0.206s][info][gc,heap        ] GC(5) Tenured: 1374K(1600K)->1984K(3308K)
[0.206s][info][gc,metaspace   ] GC(5) Metaspace: 6301K(6528K)->6301K(6528K) NonClass: 5768K(5888K)->5768K(5888K) Class: 533K(640K)->533K(640K)
[0.206s][info][gc             ] GC(5) Pause Full (Allocation Failure) 1M->1M(4M) 2.612ms
[0.206s][info][gc,cpu         ] GC(5) User=0.00s Sys=0.00s Real=0.00s
[0.208s][info][gc,start       ] GC(6) Pause Young (Allocation Failure)
[0.210s][info][gc,heap        ] GC(6) DefNew: 1408K(1536K)->127K(1536K) Eden: 1408K(1408K)->0K(1408K) From: 0K(128K)->127K(128K)
[0.210s][info][gc,heap        ] GC(6) Tenured: 1984K(3308K)->2617K(3308K)
[0.210s][info][gc,metaspace   ] GC(6) Metaspace: 6301K(6528K)->6301K(6528K) NonClass: 5768K(5888K)->5768K(5888K) Class: 533K(640K)->533K(640K)
[0.210s][info][gc             ] GC(6) Pause Young (Allocation Failure) 3M->2M(4M) 1.868ms
[0.210s][info][gc,cpu         ] GC(6) User=0.00s Sys=0.00s Real=0.00s
[0.212s][info][gc,start       ] GC(7) Pause Young (Allocation Failure)
[0.214s][info][gc             ] GC(7) Pause Young (Allocation Failure) 4M->3M(4M) 1.492ms
[0.214s][info][gc,cpu         ] GC(7) User=0.00s Sys=0.00s Real=0.00s
[0.214s][info][gc,start       ] GC(8) Pause Full (Allocation Failure)
[0.214s][info][gc,phases,start] GC(8) Phase 1: Mark live objects
[0.216s][info][gc,phases      ] GC(8) Phase 1: Mark live objects 1.880ms
[0.216s][info][gc,phases,start] GC(8) Phase 2: Compute new object addresses
[0.216s][info][gc,phases      ] GC(8) Phase 2: Compute new object addresses 0.583ms
[0.216s][info][gc,phases,start] GC(8) Phase 3: Adjust pointers
[0.217s][info][gc,phases      ] GC(8) Phase 3: Adjust pointers 0.868ms
[0.217s][info][gc,phases,start] GC(8) Phase 4: Move objects
[0.217s][info][gc,phases      ] GC(8) Phase 4: Move objects 0.067ms
[0.217s][info][gc,heap        ] GC(8) DefNew: 1535K(1536K)->0K(2688K) Eden: 1408K(1408K)->0K(2432K) From: 127K(128K)->0K(256K)
[0.217s][info][gc,heap        ] GC(8) Tenured: 2617K(3308K)->3459K(5768K)
[0.217s][info][gc,metaspace   ] GC(8) Metaspace: 6301K(6528K)->6301K(6528K) NonClass: 5768K(5888K)->5768K(5888K) Class: 533K(640K)->533K(640K)
[0.217s][info][gc             ] GC(8) Pause Full (Allocation Failure) 3M->3M(8M) 3.657ms
[0.217s][info][gc,cpu         ] GC(8) User=0.00s Sys=0.00s Real=0.00s
[0.221s][info][gc,start       ] GC(9) Pause Young (Allocation Failure)
[0.224s][info][gc,heap        ] GC(9) DefNew: 2432K(2688K)->256K(2688K) Eden: 2432K(2432K)->0K(2432K) From: 0K(256K)->256K(256K)
[0.224s][info][gc,heap        ] GC(9) Tenured: 3459K(5768K)->4512K(5768K)
[0.224s][info][gc,metaspace   ] GC(9) Metaspace: 6301K(6528K)->6301K(6528K) NonClass: 5768K(5888K)->5768K(5888K) Class: 533K(640K)->533K(640K)
[0.224s][info][gc             ] GC(9) Pause Young (Allocation Failure) 5M->4M(8M) 2.667ms
[0.224s][info][gc,cpu         ] GC(9) User=0.00s Sys=0.00s Real=0.00s
[0.227s][info][gc,start       ] GC(10) Pause Young (Allocation Failure)
[0.229s][info][gc,heap        ] GC(10) DefNew: 2688K(2688K)->255K(2688K) Eden: 2432K(2432K)->0K(2432K) From: 256K(256K)->255K(256K)
[0.229s][info][gc,heap        ] GC(10) Tenured: 4512K(5768K)->5755K(5768K)
[0.229s][info][gc,metaspace   ] GC(10) Metaspace: 6301K(6528K)->6301K(6528K) NonClass: 5768K(5888K)->5768K(5888K) Class: 533K(640K)->533K(640K)
[0.229s][info][gc             ] GC(10) Pause Young (Allocation Failure) 7M->5M(8M) 2.543ms
[0.229s][info][gc,cpu         ] GC(10) User=0.00s Sys=0.00s Real=0.00s
[0.232s][info][gc,start       ] GC(11) Pause Young (Allocation Failure)
[0.236s][info][gc             ] GC(11) Pause Young (Allocation Failure) 8M->7M(9M) 3.953ms
[0.236s][info][gc,cpu         ] GC(11) User=0.00s Sys=0.00s Real=0.00s
[0.236s][info][gc,start       ] GC(12) Pause Full (Allocation Failure)
[0.236s][info][gc,phases,start] GC(12) Phase 1: Mark live objects
[0.240s][info][gc,phases      ] GC(12) Phase 1: Mark live objects 4.137ms
[0.240s][info][gc,phases,start] GC(12) Phase 2: Compute new object addresses
[0.241s][info][gc,phases      ] GC(12) Phase 2: Compute new object addresses 1.144ms
[0.241s][info][gc,phases,start] GC(12) Phase 3: Adjust pointers
[0.243s][info][gc,phases      ] GC(12) Phase 3: Adjust pointers 1.717ms
[0.243s][info][gc,phases,start] GC(12) Phase 4: Move objects
[0.245s][info][gc,phases      ] GC(12) Phase 4: Move objects 1.325ms
[0.245s][info][gc,heap        ] GC(12) DefNew: 2687K(2688K)->0K(5376K) Eden: 2432K(2432K)->0K(4800K) From: 255K(256K)->0K(576K)
[0.245s][info][gc,heap        ] GC(12) Tenured: 5755K(5768K)->7132K(11888K)
[0.245s][info][gc,metaspace   ] GC(12) Metaspace: 6301K(6528K)->6301K(6528K) NonClass: 5768K(5888K)->5768K(5888K) Class: 533K(640K)->533K(640K)
[0.245s][info][gc             ] GC(12) Pause Full (Allocation Failure) 7M->6M(16M) 8.790ms
[0.245s][info][gc,cpu         ] GC(12) User=0.00s Sys=0.00s Real=0.01s
[0.250s][info][gc,start       ] GC(13) Pause Young (Allocation Failure)
[0.255s][info][gc,heap        ] GC(13) DefNew: 4800K(5376K)->576K(5376K) Eden: 4800K(4800K)->0K(4800K) From: 0K(576K)->576K(576K)
[0.255s][info][gc,heap        ] GC(13) Tenured: 7132K(11888K)->9027K(11888K)
[0.255s][info][gc,metaspace   ] GC(13) Metaspace: 6301K(6528K)->6301K(6528K) NonClass: 5768K(5888K)->5768K(5888K) Class: 533K(640K)->533K(640K)
[0.255s][info][gc             ] GC(13) Pause Young (Allocation Failure) 11M->9M(16M) 5.518ms
[0.255s][info][gc,cpu         ] GC(13) User=0.00s Sys=0.00s Real=0.01s
[0.261s][info][gc,start       ] GC(14) Pause Young (Allocation Failure)
[0.267s][info][gc,heap        ] GC(14) DefNew: 5376K(5376K)->576K(5376K) Eden: 4800K(4800K)->0K(4800K) From: 576K(576K)->576K(576K)
[0.267s][info][gc,heap        ] GC(14) Tenured: 9027K(11888K)->11746K(11888K)
[0.267s][info][gc,metaspace   ] GC(14) Metaspace: 6301K(6528K)->6301K(6528K) NonClass: 5768K(5888K)->5768K(5888K) Class: 533K(640K)->533K(640K)
[0.267s][info][gc             ] GC(14) Pause Young (Allocation Failure) 14M->12M(16M) 6.305ms
[0.267s][info][gc,cpu         ] GC(14) User=0.00s Sys=0.00s Real=0.01s
[0.271s][info][gc,start       ] GC(15) Pause Young (Allocation Failure)
[0.276s][info][gc             ] GC(15) Pause Young (Allocation Failure) 16M->14M(19M) 5.540ms
[0.276s][info][gc,cpu         ] GC(15) User=0.00s Sys=0.00s Real=0.01s
[0.276s][info][gc,start       ] GC(16) Pause Full (Allocation Failure)
[0.276s][info][gc,phases,start] GC(16) Phase 1: Mark live objects
[0.284s][info][gc,phases      ] GC(16) Phase 1: Mark live objects 7.494ms
[0.284s][info][gc,phases,start] GC(16) Phase 2: Compute new object addresses
[0.286s][info][gc,phases      ] GC(16) Phase 2: Compute new object addresses 2.248ms
[0.286s][info][gc,phases,start] GC(16) Phase 3: Adjust pointers
[0.289s][info][gc,phases      ] GC(16) Phase 3: Adjust pointers 2.829ms
[0.289s][info][gc,phases,start] GC(16) Phase 4: Move objects
[0.289s][info][gc,phases      ] GC(16) Phase 4: Move objects 0.251ms
[0.289s][info][gc,heap        ] GC(16) DefNew: 5376K(5376K)->386K(10880K) Eden: 4800K(4800K)->386K(9728K) From: 576K(576K)->0K(1152K)
[0.289s][info][gc,heap        ] GC(16) Tenured: 11746K(11888K)->14383K(23976K)
[0.289s][info][gc,metaspace   ] GC(16) Metaspace: 6303K(6528K)->6303K(6528K) NonClass: 5769K(5888K)->5769K(5888K) Class: 533K(640K)->533K(640K)
[0.289s][info][gc             ] GC(16) Pause Full (Allocation Failure) 14M->14M(34M) 13.183ms
[0.289s][info][gc,cpu         ] GC(16) User=0.02s Sys=0.00s Real=0.01s
[0.297s][info][gc,start       ] GC(17) Pause Young (Allocation Failure)
[0.311s][info][gc,heap        ] GC(17) DefNew: 9728K(10880K)->1152K(10880K) Eden: 9728K(9728K)->0K(9728K) From: 0K(1152K)->1152K(1152K)
[0.311s][info][gc,heap        ] GC(17) Tenured: 14383K(23976K)->18415K(23976K)
[0.311s][info][gc,metaspace   ] GC(17) Metaspace: 6303K(6528K)->6303K(6528K) NonClass: 5769K(5888K)->5769K(5888K) Class: 533K(640K)->533K(640K)
[0.311s][info][gc             ] GC(17) Pause Young (Allocation Failure) 23M->19M(34M) 13.230ms
[0.311s][info][gc,cpu         ] GC(17) User=0.00s Sys=0.00s Real=0.01s
[0.319s][info][gc,start       ] GC(18) Pause Young (Allocation Failure)
[0.332s][info][gc,heap        ] GC(18) DefNew: 10880K(10880K)->1151K(10880K) Eden: 9728K(9728K)->0K(9728K) From: 1152K(1152K)->1151K(1152K)
[0.332s][info][gc,heap        ] GC(18) Tenured: 18415K(23976K)->23936K(23976K)
[0.332s][info][gc,metaspace   ] GC(18) Metaspace: 6303K(6528K)->6303K(6528K) NonClass: 5769K(5888K)->5769K(5888K) Class: 533K(640K)->533K(640K)
[0.332s][info][gc             ] GC(18) Pause Young (Allocation Failure) 28M->24M(34M) 13.289ms
[0.332s][info][gc,cpu         ] GC(18) User=0.00s Sys=0.00s Real=0.01s
[0.339s][info][gc,start       ] GC(19) Pause Young (Allocation Failure)
[0.352s][info][gc             ] GC(19) Pause Young (Allocation Failure) 34M->29M(38M) 13.132ms
[0.352s][info][gc,cpu         ] GC(19) User=0.00s Sys=0.00s Real=0.01s
[0.352s][info][gc,start       ] GC(20) Pause Full (Allocation Failure)
[0.352s][info][gc,phases,start] GC(20) Phase 1: Mark live objects
[0.366s][info][gc,phases      ] GC(20) Phase 1: Mark live objects 14.013ms
[0.366s][info][gc,phases,start] GC(20) Phase 2: Compute new object addresses
[0.371s][info][gc,phases      ] GC(20) Phase 2: Compute new object addresses 4.612ms
[0.371s][info][gc,phases,start] GC(20) Phase 3: Adjust pointers
[0.376s][info][gc,phases      ] GC(20) Phase 3: Adjust pointers 5.662ms
[0.377s][info][gc,phases,start] GC(20) Phase 4: Move objects
[0.377s][info][gc,phases      ] GC(20) Phase 4: Move objects 0.172ms
[0.377s][info][gc,heap        ] GC(20) DefNew: 10879K(10880K)->1080K(21888K) Eden: 9728K(9728K)->1080K(19520K) From: 1151K(1152K)->0K(2368K)
[0.377s][info][gc,heap        ] GC(20) Tenured: 23936K(23976K)->29035K(48396K)
[0.377s][info][gc,metaspace   ] GC(20) Metaspace: 6303K(6528K)->6303K(6528K) NonClass: 5769K(5888K)->5769K(5888K) Class: 533K(640K)->533K(640K)
[0.377s][info][gc             ] GC(20) Pause Full (Allocation Failure) 29M->29M(68M) 24.884ms
[0.377s][info][gc,cpu         ] GC(20) User=0.03s Sys=0.00s Real=0.03s
[0.395s][info][gc,start       ] GC(21) Pause Young (Allocation Failure)
[0.427s][info][gc,heap        ] GC(21) DefNew: 19520K(21888K)->2367K(21888K) Eden: 19520K(19520K)->0K(19520K) From: 0K(2368K)->2367K(2368K)
[0.427s][info][gc,heap        ] GC(21) Tenured: 29035K(48396K)->41015K(48396K)
[0.427s][info][gc,metaspace   ] GC(21) Metaspace: 6303K(6528K)->6303K(6528K) NonClass: 5769K(5888K)->5769K(5888K) Class: 533K(640K)->533K(640K)
[0.427s][info][gc             ] GC(21) Pause Young (Allocation Failure) 47M->42M(68M) 31.622ms
[0.427s][info][gc,cpu         ] GC(21) User=0.02s Sys=0.00s Real=0.03s
[0.446s][info][gc,start       ] GC(22) Pause Young (Allocation Failure)
[0.482s][info][gc             ] GC(22) Pause Young (Allocation Failure) 61M->61M(80M) 35.513ms
[0.482s][info][gc,cpu         ] GC(22) User=0.02s Sys=0.02s Real=0.04s
[0.482s][info][gc,start       ] GC(23) Pause Full (Allocation Failure)
[0.482s][info][gc,phases,start] GC(23) Phase 1: Mark live objects
[0.507s][info][gc,phases      ] GC(23) Phase 1: Mark live objects 24.877ms
[0.507s][info][gc,phases,start] GC(23) Phase 2: Compute new object addresses
[0.516s][info][gc,phases      ] GC(23) Phase 2: Compute new object addresses 9.574ms
[0.516s][info][gc,phases,start] GC(23) Phase 3: Adjust pointers
[0.529s][info][gc,phases      ] GC(23) Phase 3: Adjust pointers 12.934ms
[0.529s][info][gc,phases,start] GC(23) Phase 4: Move objects
[0.530s][info][gc,phases      ] GC(23) Phase 4: Move objects 0.436ms
[0.530s][info][gc,heap        ] GC(23) DefNew: 21887K(21888K)->2187K(45568K) Eden: 19520K(19520K)->2187K(40512K) From: 2367K(2368K)->0K(5056K)
[0.530s][info][gc,heap        ] GC(23) Tenured: 41015K(48396K)->60683K(101140K)
[0.530s][info][gc,metaspace   ] GC(23) Metaspace: 6303K(6528K)->6303K(6528K) NonClass: 5769K(5888K)->5769K(5888K) Class: 533K(640K)->533K(640K)
[0.530s][info][gc             ] GC(23) Pause Full (Allocation Failure) 61M->61M(143M) 48.479ms
[0.530s][info][gc,cpu         ] GC(23) User=0.05s Sys=0.00s Real=0.05s
[0.571s][info][gc,start       ] GC(24) Pause Young (Allocation Failure)
[0.636s][info][gc,heap        ] GC(24) DefNew: 40512K(45568K)->5055K(45568K) Eden: 40512K(40512K)->0K(40512K) From: 0K(5056K)->5055K(5056K)
[0.636s][info][gc,heap        ] GC(24) Tenured: 60683K(101140K)->96114K(101140K)
[0.636s][info][gc,metaspace   ] GC(24) Metaspace: 6303K(6528K)->6303K(6528K) NonClass: 5769K(5888K)->5769K(5888K) Class: 533K(640K)->533K(640K)
[0.636s][info][gc             ] GC(24) Pause Young (Allocation Failure) 98M->98M(143M) 64.780ms
[0.636s][info][gc,cpu         ] GC(24) User=0.06s Sys=0.00s Real=0.07s
[0.670s][info][gc,start       ] GC(25) Pause Young (Allocation Failure)
[0.743s][info][gc             ] GC(25) Pause Young (Allocation Failure) 138M->138M(178M) 72.949ms
[0.743s][info][gc,cpu         ] GC(25) User=0.06s Sys=0.00s Real=0.07s
[0.743s][info][gc,start       ] GC(26) Pause Full (Allocation Failure)
[0.743s][info][gc,phases,start] GC(26) Phase 1: Mark live objects
[0.806s][info][gc,phases      ] GC(26) Phase 1: Mark live objects 63.402ms
[0.806s][info][gc,phases,start] GC(26) Phase 2: Compute new object addresses
[0.831s][info][gc,phases      ] GC(26) Phase 2: Compute new object addresses 25.097ms
[0.831s][info][gc,phases,start] GC(26) Phase 3: Adjust pointers
[0.865s][info][gc,phases      ] GC(26) Phase 3: Adjust pointers 33.198ms
[0.865s][info][gc,phases,start] GC(26) Phase 4: Move objects
[0.892s][info][gc,phases      ] GC(26) Phase 4: Move objects 27.413ms
[0.893s][info][gc,heap        ] GC(26) DefNew: 45567K(45568K)->1084K(102592K) Eden: 40512K(40512K)->1084K(91200K) From: 5055K(5056K)->0K(11392K)
[0.893s][info][gc,heap        ] GC(26) Tenured: 96114K(101140K)->136727K(227880K)
[0.893s][info][gc,metaspace   ] GC(26) Metaspace: 6303K(6528K)->6303K(6528K) NonClass: 5769K(5888K)->5769K(5888K) Class: 533K(640K)->533K(640K)
[0.893s][info][gc             ] GC(26) Pause Full (Allocation Failure) 138M->134M(322M) 149.950ms
[0.893s][info][gc,cpu         ] GC(26) User=0.14s Sys=0.00s Real=0.15s
[0.991s][info][gc,start       ] GC(27) Pause Young (Allocation Failure)
[1.146s][info][gc,heap        ] GC(27) DefNew: 91200K(102592K)->11392K(102592K) Eden: 91200K(91200K)->0K(91200K) From: 0K(11392K)->11392K(11392K)
[1.146s][info][gc,heap        ] GC(27) Tenured: 136727K(227880K)->216508K(227880K)
[1.146s][info][gc,metaspace   ] GC(27) Metaspace: 6303K(6528K)->6303K(6528K) NonClass: 5769K(5888K)->5769K(5888K) Class: 533K(640K)->533K(640K)
[1.146s][info][gc             ] GC(27) Pause Young (Allocation Failure) 222M->222M(322M) 155.145ms
[1.146s][info][gc,cpu         ] GC(27) User=0.11s Sys=0.03s Real=0.15s
[1.227s][info][gc,start       ] GC(28) Pause Young (Allocation Failure)
[1.399s][info][gc             ] GC(28) Pause Young (Allocation Failure) 311M->311M(400M) 171.433ms
[1.399s][info][gc,cpu         ] GC(28) User=0.14s Sys=0.02s Real=0.17s
[1.399s][info][gc,start       ] GC(29) Pause Full (Allocation Failure)
[1.399s][info][gc,phases,start] GC(29) Phase 1: Mark live objects
[1.537s][info][gc,phases      ] GC(29) Phase 1: Mark live objects 138.404ms
[1.537s][info][gc,phases,start] GC(29) Phase 2: Compute new object addresses
[1.589s][info][gc,phases      ] GC(29) Phase 2: Compute new object addresses 51.932ms
[1.589s][info][gc,phases,start] GC(29) Phase 3: Adjust pointers
[1.645s][info][gc,phases      ] GC(29) Phase 3: Adjust pointers 55.521ms
[1.645s][info][gc,phases,start] GC(29) Phase 4: Move objects
[1.647s][info][gc,phases      ] GC(29) Phase 4: Move objects 2.472ms
[1.648s][info][gc,heap        ] GC(29) DefNew: 102592K(102592K)->11379K(230848K) Eden: 91200K(91200K)->11379K(205248K) From: 11392K(11392K)->0K(25600K)
[1.648s][info][gc,heap        ] GC(29) Tenured: 216508K(227880K)->307692K(512820K)
[1.648s][info][gc,metaspace   ] GC(29) Metaspace: 6303K(6528K)->6303K(6528K) NonClass: 5769K(5888K)->5769K(5888K) Class: 533K(640K)->533K(640K)
[1.649s][info][gc             ] GC(29) Pause Full (Allocation Failure) 311M->311M(726M) 249.629ms
[1.649s][info][gc,cpu         ] GC(29) User=0.25s Sys=0.00s Real=0.25s
[1.862s][info][gc,start       ] GC(30) Pause Young (Allocation Failure)
[2.205s][info][gc,heap        ] GC(30) DefNew: 205248K(230848K)->25599K(230848K) Eden: 205248K(205248K)->0K(205248K) From: 0K(25600K)->25599K(25600K)
[2.205s][info][gc,heap        ] GC(30) Tenured: 307692K(512820K)->487315K(512820K)
[2.205s][info][gc,metaspace   ] GC(30) Metaspace: 6303K(6528K)->6303K(6528K) NonClass: 5769K(5888K)->5769K(5888K) Class: 533K(640K)->533K(640K)
[2.205s][info][gc             ] GC(30) Pause Young (Allocation Failure) 500M->500M(726M) 342.172ms
[2.205s][info][gc,cpu         ] GC(30) User=0.28s Sys=0.05s Real=0.34s
[2.397s][info][gc,start       ] GC(31) Pause Young (Allocation Failure)
[2.788s][info][gc             ] GC(31) Pause Young (Allocation Failure) 701M->700M(901M) 390.773ms
[2.788s][info][gc,cpu         ] GC(31) User=0.28s Sys=0.11s Real=0.39s
[2.788s][info][gc,start       ] GC(32) Pause Full (Allocation Failure)
[2.788s][info][gc,phases,start] GC(32) Phase 1: Mark live objects
[3.108s][info][gc,phases      ] GC(32) Phase 1: Mark live objects 319.699ms
[3.108s][info][gc,phases,start] GC(32) Phase 2: Compute new object addresses
[3.223s][info][gc,phases      ] GC(32) Phase 2: Compute new object addresses 114.689ms
[3.223s][info][gc,phases,start] GC(32) Phase 3: Adjust pointers
[3.348s][info][gc,phases      ] GC(32) Phase 3: Adjust pointers 125.041ms
[3.348s][info][gc,phases,start] GC(32) Phase 4: Move objects
[3.353s][info][gc,phases      ] GC(32) Phase 4: Move objects 5.495ms
[3.355s][info][gc,heap        ] GC(32) DefNew: 230847K(230848K)->25508K(518976K) Eden: 205248K(205248K)->25508K(461312K) From: 25599K(25600K)->0K(57664K)
[3.355s][info][gc,heap        ] GC(32) Tenured: 487315K(512820K)->691955K(1153260K)
[3.355s][info][gc,metaspace   ] GC(32) Metaspace: 6303K(6528K)->6303K(6528K) NonClass: 5769K(5888K)->5769K(5888K) Class: 533K(640K)->533K(640K)
[3.355s][info][gc             ] GC(32) Pause Full (Allocation Failure) 700M->700M(1633M) 567.307ms
[3.355s][info][gc,cpu         ] GC(32) User=0.52s Sys=0.00s Real=0.57s
[3.842s][info][gc,start       ] GC(33) Pause Young (Allocation Failure)
[4.678s][info][gc,heap        ] GC(33) DefNew: 461312K(518976K)->57663K(518976K) Eden: 461312K(461312K)->0K(461312K) From: 0K(57664K)->57663K(57664K)
[4.678s][info][gc,heap        ] GC(33) Tenured: 691955K(1153260K)->1095576K(1153260K)
[4.678s][info][gc,metaspace   ] GC(33) Metaspace: 6303K(6528K)->6303K(6528K) NonClass: 5769K(5888K)->5769K(5888K) Class: 533K(640K)->533K(640K)
[4.678s][info][gc             ] GC(33) Pause Young (Allocation Failure) 1126M->1126M(1633M) 836.245ms
[4.678s][info][gc,cpu         ] GC(33) User=0.70s Sys=0.12s Real=0.84s
[5.149s][info][gc,start       ] GC(34) Pause Young (Allocation Failure)
[5.919s][info][gc             ] GC(34) Pause Young (Allocation Failure) 1576M->1526M(1977M) 769.975ms
[5.919s][info][gc,cpu         ] GC(34) User=0.58s Sys=0.16s Real=0.77s
[5.919s][info][gc,start       ] GC(35) Pause Full (Allocation Failure)
[5.919s][info][gc,phases,start] GC(35) Phase 1: Mark live objects
[6.640s][info][gc,phases      ] GC(35) Phase 1: Mark live objects 721.292ms
[6.641s][info][gc,phases,start] GC(35) Phase 2: Compute new object addresses
[6.896s][info][gc,phases      ] GC(35) Phase 2: Compute new object addresses 255.055ms
[6.896s][info][gc,phases,start] GC(35) Phase 3: Adjust pointers
[7.169s][info][gc,phases      ] GC(35) Phase 3: Adjust pointers 273.635ms
[7.169s][info][gc,phases,start] GC(35) Phase 4: Move objects
[7.182s][info][gc,phases      ] GC(35) Phase 4: Move objects 12.161ms
[7.186s][info][gc,heap        ] GC(35) DefNew: 518975K(518976K)->57610K(1129472K) Eden: 461312K(461312K)->57610K(1004032K) From: 57663K(57664K)->0K(125440K)
[7.186s][info][gc,heap        ] GC(35) Tenured: 1095576K(1153260K)->1505840K(2509736K)
[7.186s][info][gc,metaspace   ] GC(35) Metaspace: 6303K(6528K)->6303K(6528K) NonClass: 5769K(5888K)->5769K(5888K) Class: 533K(640K)->533K(640K)
[7.186s][info][gc             ] GC(35) Pause Full (Allocation Failure) 1526M->1526M(3553M) 1266.826ms
[7.186s][info][gc,cpu         ] GC(35) User=1.23s Sys=0.00s Real=1.27s
[8.195s][info][gc,start       ] GC(36) Pause Young (Allocation Failure)
[10.020s][info][gc,heap        ] GC(36) DefNew: 1004032K(1129472K)->125439K(1129472K) Eden: 1004032K(1004032K)->0K(1004032K) From: 0K(125440K)->125439K(125440K)
[10.020s][info][gc,heap        ] GC(36) Tenured: 1505840K(2509736K)->2384400K(2509736K)
[10.020s][info][gc,metaspace   ] GC(36) Metaspace: 6303K(6528K)->6303K(6528K) NonClass: 5769K(5888K)->5769K(5888K) Class: 533K(640K)->533K(640K)
[10.020s][info][gc             ] GC(36) Pause Young (Allocation Failure) 2451M->2451M(3553M) 1824.839ms
[10.020s][info][gc,cpu         ] GC(36) User=1.48s Sys=0.25s Real=1.83s
[10.997s][info][gc,start       ] GC(37) Pause Young (Allocation Failure)
[12.746s][info][gc             ] GC(37) Pause Young (Allocation Failure) 3431M->3431M(4412M) 1748.741ms
[12.746s][info][gc,cpu         ] GC(37) User=1.42s Sys=0.31s Real=1.75s
[12.746s][info][gc,start       ] GC(38) Pause Full (Allocation Failure)
[12.746s][info][gc,phases,start] GC(38) Phase 1: Mark live objects
[14.321s][info][gc,phases      ] GC(38) Phase 1: Mark live objects 1575.029ms
[14.321s][info][gc,phases,start] GC(38) Phase 2: Compute new object addresses
[14.849s][info][gc,phases      ] GC(38) Phase 2: Compute new object addresses 527.526ms
[14.849s][info][gc,phases,start] GC(38) Phase 3: Adjust pointers
[15.540s][info][gc,phases      ] GC(38) Phase 3: Adjust pointers 691.071ms
[15.540s][info][gc,phases,start] GC(38) Phase 4: Move objects
[16.203s][info][gc,phases      ] GC(38) Phase 4: Move objects 663.185ms
[16.213s][info][gc,heap        ] GC(38) DefNew: 1129471K(1129472K)->31177K(2541376K) Eden: 1004032K(1004032K)->31177K(2259008K) From: 125439K(125440K)->0K(282368K)
[16.213s][info][gc,heap        ] GC(38) Tenured: 2384400K(2509736K)->3388459K(5647436K)
[16.213s][info][gc,metaspace   ] GC(38) Metaspace: 6303K(6528K)->6303K(6528K) NonClass: 5769K(5888K)->5769K(5888K) Class: 533K(640K)->533K(640K)
[16.213s][info][gc             ] GC(38) Pause Full (Allocation Failure) 3431M->3339M(7996M) 3466.736ms
[16.213s][info][gc,cpu         ] GC(38) User=3.45s Sys=0.02s Real=3.47s
[18.490s][info][gc,start       ] GC(39) Pause Young (Allocation Failure)
[22.443s][info][gc,heap        ] GC(39) DefNew: 2259008K(2541376K)->282367K(2541376K) Eden: 2259008K(2259008K)->0K(2259008K) From: 0K(282368K)->282367K(282368K)
[22.443s][info][gc,heap        ] GC(39) Tenured: 3388459K(5647436K)->5365069K(5647436K)
[22.443s][info][gc,metaspace   ] GC(39) Metaspace: 6303K(6528K)->6303K(6528K) NonClass: 5769K(5888K)->5769K(5888K) Class: 533K(640K)->533K(640K)
[22.443s][info][gc             ] GC(39) Pause Young (Allocation Failure) 5515M->5515M(7996M) 3953.314ms
[22.443s][info][gc,cpu         ] GC(39) User=3.36s Sys=0.56s Real=3.95s
[24.593s][info][gc,start       ] GC(40) Pause Young (Allocation Failure)
[28.544s][info][gc             ] GC(40) Pause Young (Allocation Failure) 7721M->7721M(9927M) 3951.010ms
[28.544s][info][gc,cpu         ] GC(40) User=3.31s Sys=0.62s Real=3.95s
[28.544s][info][gc,start       ] GC(41) Pause Full (Allocation Failure)
[28.544s][info][gc,phases,start] GC(41) Phase 1: Mark live objects
[32.198s][info][gc,phases      ] GC(41) Phase 1: Mark live objects 3653.636ms
[32.198s][info][gc,phases,start] GC(41) Phase 2: Compute new object addresses
[33.442s][info][gc,phases      ] GC(41) Phase 2: Compute new object addresses 1244.346ms
[33.442s][info][gc,phases,start] GC(41) Phase 3: Adjust pointers
[34.782s][info][gc,phases      ] GC(41) Phase 3: Adjust pointers 1339.847ms
[34.782s][info][gc,phases,start] GC(41) Phase 4: Move objects
[34.844s][info][gc,phases      ] GC(41) Phase 4: Move objects 61.784ms
[34.965s][info][gc,heap        ] GC(41) DefNew: 2541375K(2541376K)->282271K(4546560K) Eden: 2259008K(2259008K)->282271K(4041408K) From: 282367K(282368K)->0K(505152K)
[34.965s][info][gc,heap        ] GC(41) Tenured: 5365069K(5647436K)->7624144K(10103488K)
[34.965s][info][gc,metaspace   ] GC(41) Metaspace: 6303K(6528K)->6303K(6528K) NonClass: 5769K(5888K)->5769K(5888K) Class: 533K(640K)->533K(640K)
[34.965s][info][gc             ] GC(41) Pause Full (Allocation Failure) 7721M->7721M(14306M) 6420.667ms
[34.965s][info][gc,cpu         ] GC(41) User=6.28s Sys=0.00s Real=6.42s
[38.655s][info][gc,start       ] GC(42) Pause Young (Allocation Failure)
[48.345s][info][gc,promotion   ] GC(42) Promotion failed
[48.348s][info][gc             ] GC(42) Pause Young (Allocation Failure) 11392M->14306M(14306M) 9693.499ms
[48.349s][info][gc,cpu         ] GC(42) User=7.55s Sys=1.97s Real=9.69s
[48.349s][info][gc,start       ] GC(43) Pause Full (Allocation Failure)
[48.349s][info][gc,phases,start] GC(43) Phase 1: Mark live objects
[66.951s][info][gc,phases      ] GC(43) Phase 1: Mark live objects 18602.146ms
[66.951s][info][gc,phases,start] GC(43) Phase 2: Compute new object addresses
[76.780s][info][gc,phases      ] GC(43) Phase 2: Compute new object addresses 9828.342ms
[76.780s][info][gc,phases,start] GC(43) Phase 3: Adjust pointers
[80.369s][info][gc,phases      ] GC(43) Phase 3: Adjust pointers 3588.822ms
[80.369s][info][gc,phases,start] GC(43) Phase 4: Move objects
[83.674s][info][gc,phases      ] GC(43) Phase 4: Move objects 3305.041ms
[83.717s][info][gc,heap        ] GC(43) DefNew: 4041408K(4546560K)->1562036K(4546560K) Eden: 4041408K(4041408K)->1562036K(4041408K) From: 0K(505152K)->0K(505152K)
[83.717s][info][gc,heap        ] GC(43) Tenured: 7624144K(10103488K)->10103487K(10103488K)
[83.717s][info][gc,metaspace   ] GC(43) Metaspace: 6303K(6528K)->6303K(6528K) NonClass: 5769K(5888K)->5769K(5888K) Class: 533K(640K)->533K(640K)
[83.718s][info][gc             ] GC(43) Pause Full (Allocation Failure) 14306M->11392M(14306M) 35368.862ms
[83.718s][info][gc,cpu         ] GC(43) User=8.47s Sys=10.52s Real=35.37s
[91.540s][info][gc,start       ] GC(44) Pause Full (Allocation Failure)
[91.540s][info][gc,phases,start] GC(44) Phase 1: Mark live objects
[105.993s][info][gc,phases      ] GC(44) Phase 1: Mark live objects 14452.413ms
[105.993s][info][gc,phases,start] GC(44) Phase 2: Compute new object addresses
[109.125s][info][gc,phases      ] GC(44) Phase 2: Compute new object addresses 3132.236ms
[109.125s][info][gc,phases,start] GC(44) Phase 3: Adjust pointers
[112.007s][info][gc,phases      ] GC(44) Phase 3: Adjust pointers 2881.700ms
[112.007s][info][gc,phases,start] GC(44) Phase 4: Move objects
[112.443s][info][gc,phases      ] GC(44) Phase 4: Move objects 436.432ms
[112.448s][info][gc,heap        ] GC(44) DefNew: 4546559K(4546560K)->4546542K(4546560K) Eden: 4041408K(4041408K)->4041407K(4041408K) From: 505151K(505152K)->505134K(505152K)
[112.448s][info][gc,heap        ] GC(44) Tenured: 10103487K(10103488K)->10103487K(10103488K)
[112.448s][info][gc,metaspace   ] GC(44) Metaspace: 6303K(6528K)->6303K(6528K) NonClass: 5769K(5888K)->5769K(5888K) Class: 533K(640K)->533K(640K)
[112.448s][info][gc             ] GC(44) Pause Full (Allocation Failure) 14306M->14306M(14306M) 20908.043ms
[112.448s][info][gc,cpu         ] GC(44) User=11.11s Sys=6.27s Real=20.91s
[112.449s][info][gc,start       ] GC(45) Pause Full (Allocation Failure)
[112.449s][info][gc,phases,start] GC(45) Phase 1: Mark live objects
[119.014s][info][gc,phases      ] GC(45) Phase 1: Mark live objects 6565.419ms
[119.014s][info][gc,phases,start] GC(45) Phase 2: Compute new object addresses
[120.980s][info][gc,phases      ] GC(45) Phase 2: Compute new object addresses 1965.985ms
[120.980s][info][gc,phases,start] GC(45) Phase 3: Adjust pointers
[124.050s][info][gc,phases      ] GC(45) Phase 3: Adjust pointers 3069.651ms
[124.050s][info][gc,phases,start] GC(45) Phase 4: Move objects
[133.826s][info][gc,phases      ] GC(45) Phase 4: Move objects 9776.067ms
[133.827s][info][gc,heap        ] GC(45) DefNew: 4546559K(4546560K)->4153343K(4546560K) Eden: 4041407K(4041408K)->4041407K(4041408K) From: 505151K(505152K)->111935K(505152K)
[133.827s][info][gc,heap        ] GC(45) Tenured: 10103487K(10103488K)->10103487K(10103488K)
[133.827s][info][gc,metaspace   ] GC(45) Metaspace: 6303K(6528K)->6303K(6528K) NonClass: 5769K(5888K)->5769K(5888K) Class: 533K(640K)->533K(640K)
[133.827s][info][gc             ] GC(45) Pause Full (Allocation Failure) 14306M->13922M(14306M) 21378.594ms
[133.827s][info][gc,cpu         ] GC(45) User=14.27s Sys=6.91s Real=21.38s
[134.938s][info][gc,start       ] GC(46) Pause Full (Allocation Failure)
[134.938s][info][gc,phases,start] GC(46) Phase 1: Mark live objects
[150.600s][info][gc,phases      ] GC(46) Phase 1: Mark live objects 15662.161ms
[150.600s][info][gc,phases,start] GC(46) Phase 2: Compute new object addresses
[156.048s][info][gc,phases      ] GC(46) Phase 2: Compute new object addresses 5447.789ms
[156.049s][info][gc,phases,start] GC(46) Phase 3: Adjust pointers
[163.596s][info][gc,phases      ] GC(46) Phase 3: Adjust pointers 7546.999ms
[163.597s][info][gc,phases,start] GC(46) Phase 4: Move objects
[163.597s][info][gc,phases      ] GC(46) Phase 4: Move objects 0.114ms
[163.604s][info][gc,heap        ] GC(46) DefNew: 4546559K(4546560K)->4546559K(4546560K) Eden: 4041407K(4041408K)->4041407K(4041408K) From: 505151K(505152K)->505151K(505152K)
[163.604s][info][gc,heap        ] GC(46) Tenured: 10103487K(10103488K)->10103487K(10103488K)
[163.604s][info][gc,metaspace   ] GC(46) Metaspace: 6303K(6528K)->6303K(6528K) NonClass: 5769K(5888K)->5769K(5888K) Class: 533K(640K)->533K(640K)
[163.605s][info][gc             ] GC(46) Pause Full (Allocation Failure) 14306M->14306M(14306M) 28666.873ms
[163.605s][info][gc,cpu         ] GC(46) User=11.02s Sys=7.42s Real=28.67s
[163.605s][info][gc,start       ] GC(47) Pause Full (Allocation Failure)
[163.605s][info][gc,phases,start] GC(47) Phase 1: Mark live objects
[175.754s][info][gc,phases      ] GC(47) Phase 1: Mark live objects 12148.614ms
[175.754s][info][gc,phases,start] GC(47) Phase 2: Compute new object addresses
[185.079s][info][gc,phases      ] GC(47) Phase 2: Compute new object addresses 9323.853ms
[185.079s][info][gc,phases,start] GC(47) Phase 3: Adjust pointers
[198.685s][info][gc,phases      ] GC(47) Phase 3: Adjust pointers 13604.745ms
[198.688s][info][gc,phases,start] GC(47) Phase 4: Move objects
[222.857s][info][gc,phases      ] GC(47) Phase 4: Move objects 24169.439ms
[222.877s][info][gc,heap        ] GC(47) DefNew: 4546559K(4546560K)->4546555K(4546560K) Eden: 4041407K(4041408K)->4041408K(4041408K) From: 505151K(505152K)->505147K(505152K)
[222.878s][info][gc,heap        ] GC(47) Tenured: 10103487K(10103488K)->10103487K(10103488K)
[222.878s][info][gc,metaspace   ] GC(47) Metaspace: 6303K(6528K)->6301K(6528K) NonClass: 5769K(5888K)->5768K(5888K) Class: 533K(640K)->532K(640K)
[222.880s][info][gc             ] GC(47) Pause Full (Allocation Failure) 14306M->14306M(14306M) 59274.434ms
[222.880s][info][gc,cpu         ] GC(47) User=13.84s Sys=24.34s Real=59.27s
[222.906s][info][gc,start       ] GC(48) Pause Full (Allocation Failure)
[222.907s][info][gc,phases,start] GC(48) Phase 1: Mark live objects
[235.136s][info][gc,phases      ] GC(48) Phase 1: Mark live objects 12229.521ms
[235.136s][info][gc,phases,start] GC(48) Phase 2: Compute new object addresses
[244.708s][info][gc,phases      ] GC(48) Phase 2: Compute new object addresses 9571.580ms
[244.708s][info][gc,phases,start] GC(48) Phase 3: Adjust pointers
[253.672s][info][gc,phases      ] GC(48) Phase 3: Adjust pointers 8963.869ms
[253.672s][info][gc,phases,start] GC(48) Phase 4: Move objects
[253.673s][info][gc,phases      ] GC(48) Phase 4: Move objects 0.034ms
[253.694s][info][gc,heap        ] GC(48) DefNew: 4546559K(4546560K)->4546559K(4546560K) Eden: 4041408K(4041408K)->4041408K(4041408K) From: 505151K(505152K)->505151K(505152K)
[253.694s][info][gc,heap        ] GC(48) Tenured: 10103487K(10103488K)->10103487K(10103488K)
[253.694s][info][gc,metaspace   ] GC(48) Metaspace: 6301K(6528K)->6301K(6528K) NonClass: 5768K(5888K)->5768K(5888K) Class: 532K(640K)->532K(640K)
[253.694s][info][gc             ] GC(48) Pause Full (Allocation Failure) 14306M->14306M(14306M) 30788.468ms
[253.694s][info][gc,cpu         ] GC(48) User=12.19s Sys=10.92s Real=30.79s
[253.694s][info][gc,start       ] GC(49) Pause Full (Allocation Failure)
[253.694s][info][gc,phases,start] GC(49) Phase 1: Mark live objects
[271.681s][info][gc,phases      ] GC(49) Phase 1: Mark live objects 17986.317ms
[271.681s][info][gc,phases,start] GC(49) Phase 2: Compute new object addresses
[277.389s][info][gc,phases      ] GC(49) Phase 2: Compute new object addresses 5707.871ms
[277.389s][info][gc,phases,start] GC(49) Phase 3: Adjust pointers
[283.850s][info][gc,phases      ] GC(49) Phase 3: Adjust pointers 6461.195ms
[283.851s][info][gc,phases,start] GC(49) Phase 4: Move objects
[283.851s][info][gc,phases      ] GC(49) Phase 4: Move objects 0.112ms
[283.858s][info][gc,heap        ] GC(49) DefNew: 4546559K(4546560K)->4546559K(4546560K) Eden: 4041408K(4041408K)->4041408K(4041408K) From: 505151K(505152K)->505151K(505152K)
[283.858s][info][gc,heap        ] GC(49) Tenured: 10103487K(10103488K)->10103487K(10103488K)
[283.858s][info][gc,metaspace   ] GC(49) Metaspace: 6301K(6528K)->6301K(6528K) NonClass: 5768K(5888K)->5768K(5888K) Class: 532K(640K)->532K(640K)
[283.858s][info][gc             ] GC(49) Pause Full (Allocation Failure) 14306M->14306M(14306M) 30163.689ms
[283.858s][info][gc,cpu         ] GC(49) User=11.86s Sys=10.50s Real=30.16s
[283.874s][info][gc,start       ] GC(50) Pause Full (Allocation Failure)
[283.874s][info][gc,phases,start] GC(50) Phase 1: Mark live objects
[296.749s][info][gc,phases      ] GC(50) Phase 1: Mark live objects 12875.381ms
[296.749s][info][gc,phases,start] GC(50) Phase 2: Compute new object addresses
[307.187s][info][gc,phases      ] GC(50) Phase 2: Compute new object addresses 10437.391ms
[307.187s][info][gc,phases,start] GC(50) Phase 3: Adjust pointers
[318.985s][info][gc,phases      ] GC(50) Phase 3: Adjust pointers 11798.147ms
[318.986s][info][gc,phases,start] GC(50) Phase 4: Move objects
[318.986s][info][gc,phases      ] GC(50) Phase 4: Move objects 0.139ms
[319.009s][info][gc,heap        ] GC(50) DefNew: 4546560K(4546560K)->4546560K(4546560K) Eden: 4041408K(4041408K)->4041408K(4041408K) From: 505152K(505152K)->505152K(505152K)
[319.009s][info][gc,heap        ] GC(50) Tenured: 10103487K(10103488K)->10103487K(10103488K)
[319.009s][info][gc,metaspace   ] GC(50) Metaspace: 6301K(6528K)->6301K(6528K) NonClass: 5768K(5888K)->5768K(5888K) Class: 532K(640K)->532K(640K)
[319.009s][info][gc             ] GC(50) Pause Full (Allocation Failure) 14306M->14306M(14306M) 35135.500ms
[319.010s][info][gc,cpu         ] GC(50) User=11.61s Sys=12.14s Real=35.13s
[319.010s][info][gc,start       ] GC(51) Pause Full (Allocation Failure)
[319.010s][info][gc,phases,start] GC(51) Phase 1: Mark live objects
[336.119s][info][gc,phases      ] GC(51) Phase 1: Mark live objects 17109.500ms
[336.120s][info][gc,phases,start] GC(51) Phase 2: Compute new object addresses
[345.289s][info][gc,phases      ] GC(51) Phase 2: Compute new object addresses 9169.507ms
[345.289s][info][gc,phases,start] GC(51) Phase 3: Adjust pointers
[363.995s][info][gc,phases      ] GC(51) Phase 3: Adjust pointers 18705.180ms
[363.995s][info][gc,phases,start] GC(51) Phase 4: Move objects
[377.073s][info][gc,phases      ] GC(51) Phase 4: Move objects 13077.396ms
[377.121s][info][gc,heap        ] GC(51) DefNew: 4546560K(4546560K)->4546558K(4546560K) Eden: 4041408K(4041408K)->4041407K(4041408K) From: 505152K(505152K)->505150K(505152K)
[377.121s][info][gc,heap        ] GC(51) Tenured: 10103487K(10103488K)->10103487K(10103488K)
[377.121s][info][gc,metaspace   ] GC(51) Metaspace: 6301K(6528K)->6301K(6528K) NonClass: 5768K(5888K)->5768K(5888K) Class: 532K(640K)->532K(640K)
[377.123s][info][gc             ] GC(51) Pause Full (Allocation Failure) 14306M->14306M(14306M) 58112.638ms
[377.124s][info][gc,cpu         ] GC(51) User=16.16s Sys=28.38s Real=58.11s
[377.304s][info][gc,start       ] GC(52) Pause Full (Allocation Failure)
[377.305s][info][gc,phases,start] GC(52) Phase 1: Mark live objects
[398.325s][info][gc,phases      ] GC(52) Phase 1: Mark live objects 21020.219ms
[398.325s][info][gc,phases,start] GC(52) Phase 2: Compute new object addresses
[404.633s][info][gc,phases      ] GC(52) Phase 2: Compute new object addresses 6307.680ms
[404.633s][info][gc,phases,start] GC(52) Phase 3: Adjust pointers
[411.157s][info][gc,phases      ] GC(52) Phase 3: Adjust pointers 6523.591ms
[411.157s][info][gc,phases,start] GC(52) Phase 4: Move objects
[411.157s][info][gc,phases      ] GC(52) Phase 4: Move objects 0.028ms
[411.178s][info][gc,heap        ] GC(52) DefNew: 4546559K(4546560K)->4546558K(4546560K) Eden: 4041408K(4041408K)->4041407K(4041408K) From: 505151K(505152K)->505151K(505152K)
[411.178s][info][gc,heap        ] GC(52) Tenured: 10103487K(10103488K)->10103487K(10103488K)
[411.178s][info][gc,metaspace   ] GC(52) Metaspace: 6303K(6528K)->6303K(6528K) NonClass: 5769K(5888K)->5769K(5888K) Class: 533K(640K)->533K(640K)
[411.179s][info][gc             ] GC(52) Pause Full (Allocation Failure) 14306M->14306M(14306M) 33874.469ms
[411.179s][info][gc,cpu         ] GC(52) User=12.12s Sys=13.14s Real=33.88s
[411.199s][info][gc,heap,exit   ] Heap
[411.199s][info][gc,heap,exit   ]  def new generation   total 4546560K, used 4546559K [0x0000000463000000, 0x0000000597550000, 0x0000000597550000)
[411.199s][info][gc,heap,exit   ]   eden space 4041408K, 100% used [0x0000000463000000, 0x0000000559ab0000, 0x0000000559ab0000)
[411.199s][info][gc,heap,exit   ]   from space 505152K,  99% used [0x0000000578800000, 0x000000059754ff60, 0x0000000597550000)
[411.199s][info][gc,heap,exit   ]   to   space 505152K,   0% used [0x0000000559ab0000, 0x0000000559ab0000, 0x0000000578800000)
[411.199s][info][gc,heap,exit   ]  tenured generation   total 10103488K, used 10103487K [0x0000000597550000, 0x0000000800000000, 0x0000000800000000)
[411.199s][info][gc,heap,exit   ]    the space 10103488K,  99% used [0x0000000597550000, 0x00000007ffffffa0, 0x0000000800000000, 0x0000000800000000)
[411.199s][info][gc,heap,exit   ]  Metaspace       used 6306K, committed 6528K, reserved 1114112K
[411.199s][info][gc,heap,exit   ]   class space    used 534K, committed 640K, reserved 1048576K
