[0.011s][info][gc,init] CardTable entry size: 512
[0.011s][info][gc     ] Using Parallel
[0.012s][info][gc,init] Version: 18.0.1+10 (release)
[0.012s][info][gc,init] CPUs: 8 total, 8 available
[0.012s][info][gc,init] Memory: 16063M
[0.012s][info][gc,init] Large Page Support: Disabled
[0.013s][info][gc,init] NUMA Support: Disabled
[0.013s][info][gc,init] Compressed Oops: Enabled (Zero based)
[0.013s][info][gc,init] Alignments: Space 512K, Generation 512K, Heap 2M
[0.013s][info][gc,init] Heap Min Capacity: 2M
[0.013s][info][gc,init] Heap Initial Capacity: 2M
[0.013s][info][gc,init] Heap Max Capacity: 11700M
[0.013s][info][gc,init] Pre-touch: Disabled
[0.013s][info][gc,init] Parallel Workers: 8
[0.013s][info][gc,metaspace] CDS archive(s) not mapped
[0.013s][info][gc,metaspace] Compressed class space mapped at: 0x0000000800000000-0x0000000840000000, reserved size: 1073741824
[0.013s][info][gc,metaspace] Narrow klass base: 0x0000000800000000, Narrow klass shift: 0, Narrow klass range: 0x40000000
[0.119s][info][gc,start    ] GC(0) Pause Young (Allocation Failure)
[0.120s][info][gc,heap     ] GC(0) PSYoungGen: 512K(1024K)->480K(1024K) Eden: 512K(512K)->0K(512K) From: 0K(512K)->480K(512K)
[0.120s][info][gc,heap     ] GC(0) ParOldGen: 0K(512K)->8K(512K)
[0.120s][info][gc,metaspace] GC(0) Metaspace: 4229K(4352K)->4229K(4352K) NonClass: 3908K(3968K)->3908K(3968K) Class: 321K(384K)->321K(384K)
[0.120s][info][gc          ] GC(0) Pause Young (Allocation Failure) 0M->0M(1M) 1.274ms
[0.120s][info][gc,cpu      ] GC(0) User=0.00s Sys=0.00s Real=0.00s
[0.184s][info][gc,start    ] GC(1) Pause Young (Allocation Failure)
[0.185s][info][gc,heap     ] GC(1) PSYoungGen: 991K(1024K)->512K(1536K) Eden: 511K(512K)->0K(1024K) From: 480K(512K)->512K(512K)
[0.185s][info][gc,heap     ] GC(1) ParOldGen: 8K(512K)->88K(512K)
[0.185s][info][gc,metaspace] GC(1) Metaspace: 5882K(6016K)->5882K(6016K) NonClass: 5386K(5504K)->5386K(5504K) Class: 496K(512K)->496K(512K)
[0.185s][info][gc          ] GC(1) Pause Young (Allocation Failure) 0M->0M(2M) 0.965ms
[0.185s][info][gc,cpu      ] GC(1) User=0.00s Sys=0.00s Real=0.00s
[0.206s][info][gc,start    ] GC(2) Pause Young (Allocation Failure)
[0.207s][info][gc,heap     ] GC(2) PSYoungGen: 1536K(1536K)->512K(1536K) Eden: 1024K(1024K)->0K(1024K) From: 512K(512K)->512K(512K)
[0.207s][info][gc,heap     ] GC(2) ParOldGen: 88K(512K)->504K(512K)
[0.207s][info][gc,metaspace] GC(2) Metaspace: 6301K(6528K)->6301K(6528K) NonClass: 5767K(5888K)->5767K(5888K) Class: 533K(640K)->533K(640K)
[0.207s][info][gc          ] GC(2) Pause Young (Allocation Failure) 1M->0M(2M) 1.192ms
[0.207s][info][gc,cpu      ] GC(2) User=0.00s Sys=0.00s Real=0.00s
[0.208s][info][gc,start    ] GC(3) Pause Full (Ergonomics)
[0.208s][info][gc,phases,start] GC(3) Marking Phase
[0.208s][info][gc,phases      ] GC(3) Marking Phase 0.966ms
[0.209s][info][gc,phases,start] GC(3) Summary Phase
[0.209s][info][gc,phases      ] GC(3) Summary Phase 0.015ms
[0.209s][info][gc,phases,start] GC(3) Adjust Roots
[0.209s][info][gc,phases      ] GC(3) Adjust Roots 0.389ms
[0.209s][info][gc,phases,start] GC(3) Compaction Phase
[0.211s][info][gc,phases      ] GC(3) Compaction Phase 1.491ms
[0.211s][info][gc,phases,start] GC(3) Post Compact
[0.211s][info][gc,phases      ] GC(3) Post Compact 0.073ms
[0.211s][info][gc,heap        ] GC(3) PSYoungGen: 512K(1536K)->510K(1536K) Eden: 0K(1024K)->0K(1024K) From: 512K(512K)->510K(512K)
[0.211s][info][gc,heap        ] GC(3) ParOldGen: 504K(512K)->470K(2048K)
[0.211s][info][gc,metaspace   ] GC(3) Metaspace: 6301K(6528K)->6301K(6528K) NonClass: 5767K(5888K)->5767K(5888K) Class: 533K(640K)->533K(640K)
[0.211s][info][gc             ] GC(3) Pause Full (Ergonomics) 0M->0M(3M) 3.217ms
[0.211s][info][gc,cpu         ] GC(3) User=0.00s Sys=0.00s Real=0.00s
[0.212s][info][gc,start       ] GC(4) Pause Young (Allocation Failure)
[0.214s][info][gc,heap        ] GC(4) PSYoungGen: 1534K(1536K)->480K(2560K) Eden: 1024K(1024K)->0K(2048K) From: 510K(512K)->480K(512K)
[0.214s][info][gc,heap        ] GC(4) ParOldGen: 470K(2048K)->1034K(2048K)
[0.214s][info][gc,metaspace   ] GC(4) Metaspace: 6301K(6528K)->6301K(6528K) NonClass: 5767K(5888K)->5767K(5888K) Class: 533K(640K)->533K(640K)
[0.214s][info][gc             ] GC(4) Pause Young (Allocation Failure) 1M->1M(4M) 1.495ms
[0.214s][info][gc,cpu         ] GC(4) User=0.00s Sys=0.00s Real=0.00s
[0.217s][info][gc,start       ] GC(5) Pause Young (Allocation Failure)
[0.219s][info][gc,heap        ] GC(5) PSYoungGen: 2528K(2560K)->480K(2560K) Eden: 2048K(2048K)->0K(2048K) From: 480K(512K)->480K(512K)
[0.219s][info][gc,heap        ] GC(5) ParOldGen: 1034K(2048K)->2102K(2560K)
[0.219s][info][gc,metaspace   ] GC(5) Metaspace: 6301K(6528K)->6301K(6528K) NonClass: 5767K(5888K)->5767K(5888K) Class: 533K(640K)->533K(640K)
[0.219s][info][gc             ] GC(5) Pause Young (Allocation Failure) 3M->2M(5M) 1.683ms
[0.219s][info][gc,cpu         ] GC(5) User=0.00s Sys=0.00s Real=0.00s
[0.219s][info][gc,start       ] GC(6) Pause Full (Ergonomics)
[0.219s][info][gc,phases,start] GC(6) Marking Phase
[0.220s][info][gc,phases      ] GC(6) Marking Phase 1.580ms
[0.220s][info][gc,phases,start] GC(6) Summary Phase
[0.220s][info][gc,phases      ] GC(6) Summary Phase 0.016ms
[0.220s][info][gc,phases,start] GC(6) Adjust Roots
[0.221s][info][gc,phases      ] GC(6) Adjust Roots 0.375ms
[0.221s][info][gc,phases,start] GC(6) Compaction Phase
[0.223s][info][gc,phases      ] GC(6) Compaction Phase 2.591ms
[0.223s][info][gc,phases,start] GC(6) Post Compact
[0.223s][info][gc,phases      ] GC(6) Post Compact 0.031ms
[0.224s][info][gc,heap        ] GC(6) PSYoungGen: 480K(2560K)->0K(4096K) Eden: 0K(2048K)->0K(3072K) From: 480K(512K)->0K(1024K)
[0.224s][info][gc,heap        ] GC(6) ParOldGen: 2102K(2560K)->2542K(6144K)
[0.224s][info][gc,metaspace   ] GC(6) Metaspace: 6301K(6528K)->6301K(6528K) NonClass: 5767K(5888K)->5767K(5888K) Class: 533K(640K)->533K(640K)
[0.224s][info][gc             ] GC(6) Pause Full (Ergonomics) 2M->2M(10M) 4.959ms
[0.224s][info][gc,cpu         ] GC(6) User=0.02s Sys=0.00s Real=0.00s
[0.228s][info][gc,start       ] GC(7) Pause Young (Allocation Failure)
[0.230s][info][gc,heap        ] GC(7) PSYoungGen: 3072K(4096K)->1664K(5120K) Eden: 3072K(3072K)->0K(3072K) From: 0K(1024K)->1664K(2048K)
[0.230s][info][gc,heap        ] GC(7) ParOldGen: 2542K(6144K)->2542K(6144K)
[0.230s][info][gc,metaspace   ] GC(7) Metaspace: 6301K(6528K)->6301K(6528K) NonClass: 5767K(5888K)->5767K(5888K) Class: 533K(640K)->533K(640K)
[0.230s][info][gc             ] GC(7) Pause Young (Allocation Failure) 5M->4M(11M) 1.927ms
[0.230s][info][gc,cpu         ] GC(7) User=0.00s Sys=0.00s Real=0.00s
[0.235s][info][gc,start       ] GC(8) Pause Young (Allocation Failure)
[0.238s][info][gc,heap        ] GC(8) PSYoungGen: 4736K(5120K)->2016K(5632K) Eden: 3072K(3072K)->0K(3584K) From: 1664K(2048K)->2016K(2048K)
[0.238s][info][gc,heap        ] GC(8) ParOldGen: 2542K(6144K)->3774K(6144K)
[0.238s][info][gc,metaspace   ] GC(8) Metaspace: 6301K(6528K)->6301K(6528K) NonClass: 5767K(5888K)->5767K(5888K) Class: 533K(640K)->533K(640K)
[0.238s][info][gc             ] GC(8) Pause Young (Allocation Failure) 7M->5M(11M) 3.696ms
[0.238s][info][gc,cpu         ] GC(8) User=0.00s Sys=0.00s Real=0.00s
[0.244s][info][gc,start       ] GC(9) Pause Young (Allocation Failure)
[0.247s][info][gc,heap        ] GC(9) PSYoungGen: 5600K(5632K)->3040K(6656K) Eden: 3584K(3584K)->0K(3584K) From: 2016K(2048K)->3040K(3072K)
[0.247s][info][gc,heap        ] GC(9) ParOldGen: 3774K(6144K)->4614K(6144K)
[0.247s][info][gc,metaspace   ] GC(9) Metaspace: 6301K(6528K)->6301K(6528K) NonClass: 5767K(5888K)->5767K(5888K) Class: 533K(640K)->533K(640K)
[0.247s][info][gc             ] GC(9) Pause Young (Allocation Failure) 9M->7M(12M) 3.159ms
[0.247s][info][gc,cpu         ] GC(9) User=0.00s Sys=0.00s Real=0.00s
[0.251s][info][gc,start       ] GC(10) Pause Young (Allocation Failure)
[0.255s][info][gc,heap        ] GC(10) PSYoungGen: 6624K(6656K)->4064K(8704K) Eden: 3584K(3584K)->0K(4608K) From: 3040K(3072K)->4064K(4096K)
[0.256s][info][gc,heap        ] GC(10) ParOldGen: 4614K(6144K)->5454K(6144K)
[0.256s][info][gc,metaspace   ] GC(10) Metaspace: 6301K(6528K)->6301K(6528K) NonClass: 5767K(5888K)->5767K(5888K) Class: 533K(640K)->533K(640K)
[0.256s][info][gc             ] GC(10) Pause Young (Allocation Failure) 10M->9M(14M) 4.581ms
[0.256s][info][gc,cpu         ] GC(10) User=0.00s Sys=0.00s Real=0.00s
[0.256s][info][gc,start       ] GC(11) Pause Full (Ergonomics)
[0.256s][info][gc,phases,start] GC(11) Marking Phase
[0.261s][info][gc,phases      ] GC(11) Marking Phase 4.891ms
[0.261s][info][gc,phases,start] GC(11) Summary Phase
[0.261s][info][gc,phases      ] GC(11) Summary Phase 0.014ms
[0.261s][info][gc,phases,start] GC(11) Adjust Roots
[0.261s][info][gc,phases      ] GC(11) Adjust Roots 0.396ms
[0.261s][info][gc,phases,start] GC(11) Compaction Phase
[0.268s][info][gc,phases      ] GC(11) Compaction Phase 7.363ms
[0.269s][info][gc,phases,start] GC(11) Post Compact
[0.269s][info][gc,phases      ] GC(11) Post Compact 0.061ms
[0.269s][info][gc,heap        ] GC(11) PSYoungGen: 4064K(8704K)->3545K(8704K) Eden: 0K(4608K)->0K(4608K) From: 4064K(4096K)->3545K(4096K)
[0.269s][info][gc,heap        ] GC(11) ParOldGen: 5454K(6144K)->5831K(10752K)
[0.269s][info][gc,metaspace   ] GC(11) Metaspace: 6301K(6528K)->6301K(6528K) NonClass: 5767K(5888K)->5767K(5888K) Class: 533K(640K)->533K(640K)
[0.269s][info][gc             ] GC(11) Pause Full (Ergonomics) 9M->9M(19M) 13.070ms
[0.269s][info][gc,cpu         ] GC(11) User=0.00s Sys=0.00s Real=0.01s
[0.275s][info][gc,start       ] GC(12) Pause Young (Allocation Failure)
[0.279s][info][gc,heap        ] GC(12) PSYoungGen: 8013K(8704K)->5088K(9728K) Eden: 4468K(4608K)->0K(4608K) From: 3545K(4096K)->5088K(5120K)
[0.279s][info][gc,heap        ] GC(12) ParOldGen: 5831K(10752K)->6615K(10752K)
[0.279s][info][gc,metaspace   ] GC(12) Metaspace: 6301K(6528K)->6301K(6528K) NonClass: 5767K(5888K)->5767K(5888K) Class: 533K(640K)->533K(640K)
[0.279s][info][gc             ] GC(12) Pause Young (Allocation Failure) 13M->11M(20M) 4.095ms
[0.279s][info][gc,cpu         ] GC(12) User=0.00s Sys=0.00s Real=0.00s
[0.285s][info][gc,start       ] GC(13) Pause Young (Allocation Failure)
[0.291s][info][gc,heap        ] GC(13) PSYoungGen: 9696K(9728K)->6112K(11264K) Eden: 4608K(4608K)->0K(5120K) From: 5088K(5120K)->6112K(6144K)
[0.291s][info][gc,heap        ] GC(13) ParOldGen: 6615K(10752K)->7991K(10752K)
[0.291s][info][gc,metaspace   ] GC(13) Metaspace: 6301K(6528K)->6301K(6528K) NonClass: 5767K(5888K)->5767K(5888K) Class: 533K(640K)->533K(640K)
[0.291s][info][gc             ] GC(13) Pause Young (Allocation Failure) 15M->13M(21M) 6.330ms
[0.291s][info][gc,cpu         ] GC(13) User=0.00s Sys=0.00s Real=0.01s
[0.296s][info][gc,start       ] GC(14) Pause Young (Allocation Failure)
[0.302s][info][gc,heap        ] GC(14) PSYoungGen: 11232K(11264K)->5248K(12800K) Eden: 5120K(5120K)->0K(5120K) From: 6112K(6144K)->5248K(7680K)
[0.302s][info][gc,heap        ] GC(14) ParOldGen: 7991K(10752K)->11575K(11776K)
[0.302s][info][gc,metaspace   ] GC(14) Metaspace: 6303K(6528K)->6303K(6528K) NonClass: 5769K(5888K)->5769K(5888K) Class: 533K(640K)->533K(640K)
[0.302s][info][gc             ] GC(14) Pause Young (Allocation Failure) 18M->16M(24M) 6.533ms
[0.302s][info][gc,cpu         ] GC(14) User=0.02s Sys=0.00s Real=0.01s
[0.302s][info][gc,start       ] GC(15) Pause Full (Ergonomics)
[0.302s][info][gc,phases,start] GC(15) Marking Phase
[0.310s][info][gc,phases      ] GC(15) Marking Phase 7.927ms
[0.310s][info][gc,phases,start] GC(15) Summary Phase
[0.310s][info][gc,phases      ] GC(15) Summary Phase 0.018ms
[0.310s][info][gc,phases,start] GC(15) Adjust Roots
[0.310s][info][gc,phases      ] GC(15) Adjust Roots 0.204ms
[0.310s][info][gc,phases,start] GC(15) Compaction Phase
[0.318s][info][gc,phases      ] GC(15) Compaction Phase 7.265ms
[0.318s][info][gc,phases,start] GC(15) Post Compact
[0.318s][info][gc,phases      ] GC(15) Post Compact 0.081ms
[0.318s][info][gc,heap        ] GC(15) PSYoungGen: 5248K(12800K)->5192K(12800K) Eden: 0K(5120K)->0K(5120K) From: 5248K(7680K)->5192K(7680K)
[0.318s][info][gc,heap        ] GC(15) ParOldGen: 11575K(11776K)->11458K(18432K)
[0.318s][info][gc,metaspace   ] GC(15) Metaspace: 6303K(6528K)->6303K(6528K) NonClass: 5769K(5888K)->5769K(5888K) Class: 533K(640K)->533K(640K)
[0.318s][info][gc             ] GC(15) Pause Full (Ergonomics) 16M->16M(30M) 15.817ms
[0.318s][info][gc,cpu         ] GC(15) User=0.00s Sys=0.00s Real=0.02s
[0.322s][info][gc,start       ] GC(16) Pause Young (Allocation Failure)
[0.328s][info][gc,heap        ] GC(16) PSYoungGen: 10312K(12800K)->2656K(14336K) Eden: 5120K(5120K)->0K(7168K) From: 5192K(7680K)->2656K(7168K)
[0.328s][info][gc,heap        ] GC(16) ParOldGen: 11458K(18432K)->16738K(18432K)
[0.328s][info][gc,metaspace   ] GC(16) Metaspace: 6303K(6528K)->6303K(6528K) NonClass: 5769K(5888K)->5769K(5888K) Class: 533K(640K)->533K(640K)
[0.328s][info][gc             ] GC(16) Pause Young (Allocation Failure) 21M->18M(32M) 6.428ms
[0.328s][info][gc,cpu         ] GC(16) User=0.00s Sys=0.00s Real=0.01s
[0.328s][info][gc,start       ] GC(17) Pause Full (Ergonomics)
[0.328s][info][gc,phases,start] GC(17) Marking Phase
[0.336s][info][gc,phases      ] GC(17) Marking Phase 8.014ms
[0.336s][info][gc,phases,start] GC(17) Summary Phase
[0.336s][info][gc,phases      ] GC(17) Summary Phase 0.021ms
[0.336s][info][gc,phases,start] GC(17) Adjust Roots
[0.337s][info][gc,phases      ] GC(17) Adjust Roots 0.225ms
[0.337s][info][gc,phases,start] GC(17) Compaction Phase
[0.343s][info][gc,phases      ] GC(17) Compaction Phase 5.904ms
[0.343s][info][gc,phases,start] GC(17) Post Compact
[0.343s][info][gc,phases      ] GC(17) Post Compact 0.082ms
[0.343s][info][gc,heap        ] GC(17) PSYoungGen: 2656K(14336K)->1105K(14848K) Eden: 0K(7168K)->0K(7680K) From: 2656K(7168K)->1105K(7168K)
[0.343s][info][gc,heap        ] GC(17) ParOldGen: 16738K(18432K)->18183K(27648K)
[0.343s][info][gc,metaspace   ] GC(17) Metaspace: 6303K(6528K)->6303K(6528K) NonClass: 5769K(5888K)->5769K(5888K) Class: 533K(640K)->533K(640K)
[0.343s][info][gc             ] GC(17) Pause Full (Ergonomics) 18M->18M(41M) 14.611ms
[0.343s][info][gc,cpu         ] GC(17) User=0.00s Sys=0.00s Real=0.01s
[0.347s][info][gc,start       ] GC(18) Pause Young (Allocation Failure)
[0.352s][info][gc,heap        ] GC(18) PSYoungGen: 7799K(14848K)->3424K(15360K) Eden: 6694K(7680K)->0K(7680K) From: 1105K(7168K)->3424K(7680K)
[0.352s][info][gc,heap        ] GC(18) ParOldGen: 18183K(27648K)->19319K(27648K)
[0.352s][info][gc,metaspace   ] GC(18) Metaspace: 6303K(6528K)->6303K(6528K) NonClass: 5769K(5888K)->5769K(5888K) Class: 533K(640K)->533K(640K)
[0.352s][info][gc             ] GC(18) Pause Young (Allocation Failure) 25M->22M(42M) 5.098ms
[0.352s][info][gc,cpu         ] GC(18) User=0.00s Sys=0.00s Real=0.00s
[0.360s][info][gc,start       ] GC(19) Pause Young (Allocation Failure)
[0.367s][info][gc,heap        ] GC(19) PSYoungGen: 11103K(15360K)->4480K(17920K) Eden: 7679K(7680K)->0K(10240K) From: 3424K(7680K)->4480K(7680K)
[0.367s][info][gc,heap        ] GC(19) ParOldGen: 19319K(27648K)->22767K(27648K)
[0.367s][info][gc,metaspace   ] GC(19) Metaspace: 6303K(6528K)->6303K(6528K) NonClass: 5769K(5888K)->5769K(5888K) Class: 533K(640K)->533K(640K)
[0.367s][info][gc             ] GC(19) Pause Young (Allocation Failure) 29M->26M(44M) 6.679ms
[0.367s][info][gc,cpu         ] GC(19) User=0.02s Sys=0.00s Real=0.01s
[0.374s][info][gc,start       ] GC(20) Pause Young (Allocation Failure)
[0.381s][info][gc,heap        ] GC(20) PSYoungGen: 14720K(17920K)->5312K(17920K) Eden: 10240K(10240K)->0K(10240K) From: 4480K(7680K)->5312K(7680K)
[0.381s][info][gc,heap        ] GC(20) ParOldGen: 22767K(27648K)->27287K(27648K)
[0.381s][info][gc,metaspace   ] GC(20) Metaspace: 6303K(6528K)->6303K(6528K) NonClass: 5769K(5888K)->5769K(5888K) Class: 533K(640K)->533K(640K)
[0.381s][info][gc             ] GC(20) Pause Young (Allocation Failure) 36M->31M(44M) 7.131ms
[0.381s][info][gc,cpu         ] GC(20) User=0.02s Sys=0.00s Real=0.01s
[0.381s][info][gc,start       ] GC(21) Pause Full (Ergonomics)
[0.381s][info][gc,phases,start] GC(21) Marking Phase
[0.394s][info][gc,phases      ] GC(21) Marking Phase 12.949ms
[0.394s][info][gc,phases,start] GC(21) Summary Phase
[0.394s][info][gc,phases      ] GC(21) Summary Phase 0.017ms
[0.394s][info][gc,phases,start] GC(21) Adjust Roots
[0.394s][info][gc,phases      ] GC(21) Adjust Roots 0.241ms
[0.394s][info][gc,phases,start] GC(21) Compaction Phase
[0.409s][info][gc,phases      ] GC(21) Compaction Phase 14.694ms
[0.409s][info][gc,phases,start] GC(21) Post Compact
[0.409s][info][gc,phases      ] GC(21) Post Compact 0.122ms
[0.409s][info][gc,heap        ] GC(21) PSYoungGen: 5312K(17920K)->4779K(17920K) Eden: 0K(10240K)->0K(10240K) From: 5312K(7680K)->4779K(7680K)
[0.409s][info][gc,heap        ] GC(21) ParOldGen: 27287K(27648K)->27140K(38912K)
[0.409s][info][gc,metaspace   ] GC(21) Metaspace: 6303K(6528K)->6303K(6528K) NonClass: 5769K(5888K)->5769K(5888K) Class: 533K(640K)->533K(640K)
[0.410s][info][gc             ] GC(21) Pause Full (Ergonomics) 31M->31M(55M) 28.591ms
[0.410s][info][gc,cpu         ] GC(21) User=0.00s Sys=0.00s Real=0.03s
[0.419s][info][gc,start       ] GC(22) Pause Young (Allocation Failure)
[0.431s][info][gc,heap        ] GC(22) PSYoungGen: 15019K(17920K)->8192K(17920K) Eden: 10240K(10240K)->0K(9728K) From: 4779K(7680K)->8192K(8192K)
[0.431s][info][gc,heap        ] GC(22) ParOldGen: 27140K(38912K)->32964K(38912K)
[0.431s][info][gc,metaspace   ] GC(22) Metaspace: 6303K(6528K)->6303K(6528K) NonClass: 5769K(5888K)->5769K(5888K) Class: 533K(640K)->533K(640K)
[0.431s][info][gc             ] GC(22) Pause Young (Allocation Failure) 41M->40M(55M) 11.656ms
[0.431s][info][gc,cpu         ] GC(22) User=0.00s Sys=0.02s Real=0.01s
[0.431s][info][gc,start       ] GC(23) Pause Full (Ergonomics)
[0.431s][info][gc,phases,start] GC(23) Marking Phase
[0.447s][info][gc,phases      ] GC(23) Marking Phase 16.278ms
[0.447s][info][gc,phases,start] GC(23) Summary Phase
[0.447s][info][gc,phases      ] GC(23) Summary Phase 0.019ms
[0.448s][info][gc,phases,start] GC(23) Adjust Roots
[0.448s][info][gc,phases      ] GC(23) Adjust Roots 0.159ms
[0.448s][info][gc,phases,start] GC(23) Compaction Phase
[0.459s][info][gc,phases      ] GC(23) Compaction Phase 11.410ms
[0.459s][info][gc,phases,start] GC(23) Post Compact
[0.459s][info][gc,phases      ] GC(23) Post Compact 0.209ms
[0.460s][info][gc,heap        ] GC(23) PSYoungGen: 8192K(17920K)->2555K(17920K) Eden: 0K(9728K)->0K(9728K) From: 8192K(8192K)->2555K(8192K)
[0.460s][info][gc,heap        ] GC(23) ParOldGen: 32964K(38912K)->38487K(52736K)
[0.460s][info][gc,metaspace   ] GC(23) Metaspace: 6303K(6528K)->6303K(6528K) NonClass: 5769K(5888K)->5769K(5888K) Class: 533K(640K)->533K(640K)
[0.460s][info][gc             ] GC(23) Pause Full (Ergonomics) 40M->40M(69M) 28.457ms
[0.460s][info][gc,cpu         ] GC(23) User=0.02s Sys=0.00s Real=0.03s
[0.473s][info][gc,start       ] GC(24) Pause Young (Allocation Failure)
[0.484s][info][gc,heap        ] GC(24) PSYoungGen: 12283K(17920K)->9728K(20992K) Eden: 9728K(9728K)->0K(9728K) From: 2555K(8192K)->9728K(11264K)
[0.484s][info][gc,heap        ] GC(24) ParOldGen: 38487K(52736K)->41087K(52736K)
[0.484s][info][gc,metaspace   ] GC(24) Metaspace: 6303K(6528K)->6303K(6528K) NonClass: 5769K(5888K)->5769K(5888K) Class: 533K(640K)->533K(640K)
[0.484s][info][gc             ] GC(24) Pause Young (Allocation Failure) 49M->49M(72M) 10.160ms
[0.484s][info][gc,cpu         ] GC(24) User=0.00s Sys=0.00s Real=0.01s
[0.494s][info][gc,start       ] GC(25) Pause Young (Allocation Failure)
[0.511s][info][gc,heap        ] GC(25) PSYoungGen: 19456K(20992K)->12768K(19968K) Eden: 9728K(9728K)->0K(7168K) From: 9728K(11264K)->12768K(12800K)
[0.511s][info][gc,heap        ] GC(25) ParOldGen: 41087K(52736K)->47863K(52736K)
[0.511s][info][gc,metaspace   ] GC(25) Metaspace: 6303K(6528K)->6303K(6528K) NonClass: 5769K(5888K)->5769K(5888K) Class: 533K(640K)->533K(640K)
[0.511s][info][gc             ] GC(25) Pause Young (Allocation Failure) 59M->59M(71M) 17.076ms
[0.511s][info][gc,cpu         ] GC(25) User=0.03s Sys=0.00s Real=0.02s
[0.511s][info][gc,start       ] GC(26) Pause Full (Ergonomics)
[0.511s][info][gc,phases,start] GC(26) Marking Phase
[0.535s][info][gc,phases      ] GC(26) Marking Phase 24.179ms
[0.535s][info][gc,phases,start] GC(26) Summary Phase
[0.535s][info][gc,phases      ] GC(26) Summary Phase 0.019ms
[0.535s][info][gc,phases,start] GC(26) Adjust Roots
[0.535s][info][gc,phases      ] GC(26) Adjust Roots 0.163ms
[0.535s][info][gc,phases,start] GC(26) Compaction Phase
[0.555s][info][gc,phases      ] GC(26) Compaction Phase 19.283ms
[0.555s][info][gc,phases,start] GC(26) Post Compact
[0.555s][info][gc,phases      ] GC(26) Post Compact 0.190ms
[0.555s][info][gc,heap        ] GC(26) PSYoungGen: 12768K(19968K)->7122K(19968K) Eden: 0K(7168K)->0K(7168K) From: 12768K(12800K)->7122K(12800K)
[0.555s][info][gc,heap        ] GC(26) ParOldGen: 47863K(52736K)->52299K(69120K)
[0.555s][info][gc,metaspace   ] GC(26) Metaspace: 6303K(6528K)->6303K(6528K) NonClass: 5769K(5888K)->5769K(5888K) Class: 533K(640K)->533K(640K)
[0.555s][info][gc             ] GC(26) Pause Full (Ergonomics) 59M->58M(87M) 44.218ms
[0.555s][info][gc,cpu         ] GC(26) User=0.05s Sys=0.00s Real=0.04s
[0.562s][info][gc,start       ] GC(27) Pause Young (Allocation Failure)
[0.576s][info][gc,heap        ] GC(27) PSYoungGen: 14290K(19968K)->7168K(24576K) Eden: 7168K(7168K)->0K(7168K) From: 7122K(12800K)->7168K(17408K)
[0.576s][info][gc,heap        ] GC(27) ParOldGen: 52299K(69120K)->59539K(69120K)
[0.576s][info][gc,metaspace   ] GC(27) Metaspace: 6303K(6528K)->6303K(6528K) NonClass: 5769K(5888K)->5769K(5888K) Class: 533K(640K)->533K(640K)
[0.576s][info][gc             ] GC(27) Pause Young (Allocation Failure) 65M->65M(91M) 14.058ms
[0.576s][info][gc,cpu         ] GC(27) User=0.02s Sys=0.00s Real=0.01s
[0.584s][info][gc,start       ] GC(28) Pause Young (Allocation Failure)
[0.594s][info][gc,heap        ] GC(28) PSYoungGen: 14336K(24576K)->14336K(23040K) Eden: 7168K(7168K)->0K(6656K) From: 7168K(17408K)->14336K(16384K)
[0.594s][info][gc,heap        ] GC(28) ParOldGen: 59539K(69120K)->59539K(69120K)
[0.594s][info][gc,metaspace   ] GC(28) Metaspace: 6303K(6528K)->6303K(6528K) NonClass: 5769K(5888K)->5769K(5888K) Class: 533K(640K)->533K(640K)
[0.594s][info][gc             ] GC(28) Pause Young (Allocation Failure) 72M->72M(90M) 10.773ms
[0.594s][info][gc,cpu         ] GC(28) User=0.00s Sys=0.00s Real=0.01s
[0.602s][info][gc,start       ] GC(29) Pause Young (Allocation Failure)
[0.616s][info][gc,heap        ] GC(29) PSYoungGen: 20992K(23040K)->13824K(25088K) Eden: 6656K(6656K)->0K(6656K) From: 14336K(16384K)->13824K(18432K)
[0.616s][info][gc,heap        ] GC(29) ParOldGen: 59539K(69120K)->66803K(69120K)
[0.616s][info][gc,metaspace   ] GC(29) Metaspace: 6303K(6528K)->6303K(6528K) NonClass: 5769K(5888K)->5769K(5888K) Class: 533K(640K)->533K(640K)
[0.616s][info][gc             ] GC(29) Pause Young (Allocation Failure) 78M->78M(92M) 13.602ms
[0.616s][info][gc,cpu         ] GC(29) User=0.02s Sys=0.00s Real=0.01s
[0.616s][info][gc,start       ] GC(30) Pause Full (Ergonomics)
[0.616s][info][gc,phases,start] GC(30) Marking Phase
[0.647s][info][gc,phases      ] GC(30) Marking Phase 31.072ms
[0.647s][info][gc,phases,start] GC(30) Summary Phase
[0.647s][info][gc,phases      ] GC(30) Summary Phase 0.015ms
[0.647s][info][gc,phases,start] GC(30) Adjust Roots
[0.647s][info][gc,phases      ] GC(30) Adjust Roots 0.159ms
[0.647s][info][gc,phases,start] GC(30) Compaction Phase
[0.667s][info][gc,phases      ] GC(30) Compaction Phase 19.762ms
[0.667s][info][gc,phases,start] GC(30) Post Compact
[0.668s][info][gc,phases      ] GC(30) Post Compact 0.370ms
[0.668s][info][gc,heap        ] GC(30) PSYoungGen: 13824K(25088K)->11209K(25088K) Eden: 0K(6656K)->0K(6656K) From: 13824K(18432K)->11209K(18432K)
[0.668s][info][gc,heap        ] GC(30) ParOldGen: 66803K(69120K)->69115K(89600K)
[0.668s][info][gc,metaspace   ] GC(30) Metaspace: 6303K(6528K)->6303K(6528K) NonClass: 5769K(5888K)->5769K(5888K) Class: 533K(640K)->533K(640K)
[0.668s][info][gc             ] GC(30) Pause Full (Ergonomics) 78M->78M(112M) 51.763ms
[0.668s][info][gc,cpu         ] GC(30) User=0.06s Sys=0.02s Real=0.05s
[0.675s][info][gc,start       ] GC(31) Pause Young (Allocation Failure)
[0.692s][info][gc,heap        ] GC(31) PSYoungGen: 17865K(25088K)->11904K(27648K) Eden: 6656K(6656K)->0K(8192K) From: 11209K(18432K)->11904K(19456K)
[0.692s][info][gc,heap        ] GC(31) ParOldGen: 69115K(89600K)->75187K(89600K)
[0.692s][info][gc,metaspace   ] GC(31) Metaspace: 6303K(6528K)->6303K(6528K) NonClass: 5769K(5888K)->5769K(5888K) Class: 533K(640K)->533K(640K)
[0.692s][info][gc             ] GC(31) Pause Young (Allocation Failure) 84M->85M(114M) 17.010ms
[0.692s][info][gc,cpu         ] GC(31) User=0.03s Sys=0.03s Real=0.02s
[0.707s][info][gc,start       ] GC(32) Pause Young (Allocation Failure)
[0.721s][info][gc,heap        ] GC(32) PSYoungGen: 20096K(27648K)->14880K(28160K) Eden: 8192K(8192K)->0K(8192K) From: 11904K(19456K)->14880K(19968K)
[0.721s][info][gc,heap        ] GC(32) ParOldGen: 75187K(89600K)->80523K(89600K)
[0.721s][info][gc,metaspace   ] GC(32) Metaspace: 6303K(6528K)->6303K(6528K) NonClass: 5769K(5888K)->5769K(5888K) Class: 533K(640K)->533K(640K)
[0.721s][info][gc             ] GC(32) Pause Young (Allocation Failure) 93M->93M(115M) 13.984ms
[0.721s][info][gc,cpu         ] GC(32) User=0.00s Sys=0.00s Real=0.01s
[0.721s][info][gc,start       ] GC(33) Pause Full (Ergonomics)
[0.721s][info][gc,phases,start] GC(33) Marking Phase
[0.759s][info][gc,phases      ] GC(33) Marking Phase 37.685ms
[0.759s][info][gc,phases,start] GC(33) Summary Phase
[0.759s][info][gc,phases      ] GC(33) Summary Phase 0.018ms
[0.759s][info][gc,phases,start] GC(33) Adjust Roots
[0.759s][info][gc,phases      ] GC(33) Adjust Roots 0.204ms
[0.759s][info][gc,phases,start] GC(33) Compaction Phase
[0.784s][info][gc,phases      ] GC(33) Compaction Phase 24.774ms
[0.784s][info][gc,phases,start] GC(33) Post Compact
[0.785s][info][gc,phases      ] GC(33) Post Compact 0.482ms
[0.785s][info][gc,heap        ] GC(33) PSYoungGen: 14880K(28160K)->3553K(28160K) Eden: 0K(8192K)->0K(8192K) From: 14880K(19968K)->3553K(19968K)
[0.785s][info][gc,heap        ] GC(33) ParOldGen: 80523K(89600K)->89527K(112128K)
[0.785s][info][gc,metaspace   ] GC(33) Metaspace: 6303K(6528K)->6303K(6528K) NonClass: 5769K(5888K)->5769K(5888K) Class: 533K(640K)->533K(640K)
[0.785s][info][gc             ] GC(33) Pause Full (Ergonomics) 93M->90M(137M) 63.797ms
[0.785s][info][gc,cpu         ] GC(33) User=0.09s Sys=0.02s Real=0.06s
[0.792s][info][gc,start       ] GC(34) Pause Young (Allocation Failure)
[0.804s][info][gc,heap        ] GC(34) PSYoungGen: 11745K(28160K)->10144K(29184K) Eden: 8192K(8192K)->0K(9728K) From: 3553K(19968K)->10144K(19456K)
[0.804s][info][gc,heap        ] GC(34) ParOldGen: 89527K(112128K)->91191K(112128K)
[0.804s][info][gc,metaspace   ] GC(34) Metaspace: 6303K(6528K)->6303K(6528K) NonClass: 5769K(5888K)->5769K(5888K) Class: 533K(640K)->533K(640K)
[0.804s][info][gc             ] GC(34) Pause Young (Allocation Failure) 98M->98M(138M) 11.921ms
[0.804s][info][gc,cpu         ] GC(34) User=0.00s Sys=0.00s Real=0.01s
[0.812s][info][gc,start       ] GC(35) Pause Young (Allocation Failure)
[0.823s][info][gc,heap        ] GC(35) PSYoungGen: 19872K(29184K)->19840K(30208K) Eden: 9728K(9728K)->0K(9728K) From: 10144K(19456K)->19840K(20480K)
[0.823s][info][gc,heap        ] GC(35) ParOldGen: 91191K(112128K)->91191K(112128K)
[0.823s][info][gc,metaspace   ] GC(35) Metaspace: 6303K(6528K)->6303K(6528K) NonClass: 5769K(5888K)->5769K(5888K) Class: 533K(640K)->533K(640K)
[0.823s][info][gc             ] GC(35) Pause Young (Allocation Failure) 108M->108M(139M) 10.504ms
[0.823s][info][gc,cpu         ] GC(35) User=0.02s Sys=0.00s Real=0.01s
[0.833s][info][gc,start       ] GC(36) Pause Young (Allocation Failure)
[0.852s][info][gc,heap        ] GC(36) PSYoungGen: 29568K(30208K)->23552K(29184K) Eden: 9728K(9728K)->0K(5632K) From: 19840K(20480K)->23552K(23552K)
[0.852s][info][gc,heap        ] GC(36) ParOldGen: 91191K(112128K)->97263K(112128K)
[0.852s][info][gc,metaspace   ] GC(36) Metaspace: 6303K(6528K)->6303K(6528K) NonClass: 5769K(5888K)->5769K(5888K) Class: 533K(640K)->533K(640K)
[0.852s][info][gc             ] GC(36) Pause Young (Allocation Failure) 117M->117M(138M) 19.645ms
[0.852s][info][gc,cpu         ] GC(36) User=0.05s Sys=0.00s Real=0.02s
[0.859s][info][gc,start       ] GC(37) Pause Young (Allocation Failure)
[0.874s][info][gc,heap        ] GC(37) PSYoungGen: 29184K(29184K)->19648K(34816K) Eden: 5632K(5632K)->0K(5632K) From: 23552K(23552K)->19648K(29184K)
[0.874s][info][gc,heap        ] GC(37) ParOldGen: 97263K(112128K)->106959K(112128K)
[0.874s][info][gc,metaspace   ] GC(37) Metaspace: 6303K(6528K)->6303K(6528K) NonClass: 5769K(5888K)->5769K(5888K) Class: 533K(640K)->533K(640K)
[0.874s][info][gc             ] GC(37) Pause Young (Allocation Failure) 123M->123M(143M) 15.436ms
[0.874s][info][gc,cpu         ] GC(37) User=0.02s Sys=0.00s Real=0.02s
[0.874s][info][gc,start       ] GC(38) Pause Full (Ergonomics)
[0.874s][info][gc,phases,start] GC(38) Marking Phase
[0.911s][info][gc,phases      ] GC(38) Marking Phase 36.423ms
[0.911s][info][gc,phases,start] GC(38) Summary Phase
[0.911s][info][gc,phases      ] GC(38) Summary Phase 0.015ms
[0.911s][info][gc,phases,start] GC(38) Adjust Roots
[0.911s][info][gc,phases      ] GC(38) Adjust Roots 0.147ms
[0.911s][info][gc,phases,start] GC(38) Compaction Phase
[0.930s][info][gc,phases      ] GC(38) Compaction Phase 19.245ms
[0.930s][info][gc,phases,start] GC(38) Post Compact
[0.931s][info][gc,phases      ] GC(38) Post Compact 0.704ms
[0.931s][info][gc,heap        ] GC(38) PSYoungGen: 19648K(34816K)->14462K(34816K) Eden: 0K(5632K)->0K(5632K) From: 19648K(29184K)->14462K(29184K)
[0.931s][info][gc,heap        ] GC(38) ParOldGen: 106959K(112128K)->111766K(137728K)
[0.931s][info][gc,metaspace   ] GC(38) Metaspace: 6303K(6528K)->6303K(6528K) NonClass: 5769K(5888K)->5769K(5888K) Class: 533K(640K)->533K(640K)
[0.931s][info][gc             ] GC(38) Pause Full (Ergonomics) 123M->123M(168M) 57.027ms
[0.931s][info][gc,cpu         ] GC(38) User=0.16s Sys=0.00s Real=0.06s
[0.937s][info][gc,start       ] GC(39) Pause Young (Allocation Failure)
[0.954s][info][gc,heap        ] GC(39) PSYoungGen: 20094K(34816K)->10176K(35328K) Eden: 5632K(5632K)->0K(7168K) From: 14462K(29184K)->10176K(28160K)
[0.954s][info][gc,heap        ] GC(39) ParOldGen: 111766K(137728K)->121934K(137728K)
[0.954s][info][gc,metaspace   ] GC(39) Metaspace: 6303K(6528K)->6303K(6528K) NonClass: 5769K(5888K)->5769K(5888K) Class: 533K(640K)->533K(640K)
[0.954s][info][gc             ] GC(39) Pause Young (Allocation Failure) 128M->129M(169M) 17.493ms
[0.954s][info][gc,cpu         ] GC(39) User=0.02s Sys=0.00s Real=0.02s
[0.961s][info][gc,start       ] GC(40) Pause Young (Allocation Failure)
[0.971s][info][gc,heap        ] GC(40) PSYoungGen: 17344K(35328K)->12832K(36352K) Eden: 7168K(7168K)->0K(7168K) From: 10176K(28160K)->12832K(29184K)
[0.971s][info][gc,heap        ] GC(40) ParOldGen: 121934K(137728K)->126478K(137728K)
[0.971s][info][gc,metaspace   ] GC(40) Metaspace: 6303K(6528K)->6303K(6528K) NonClass: 5769K(5888K)->5769K(5888K) Class: 533K(640K)->533K(640K)
[0.971s][info][gc             ] GC(40) Pause Young (Allocation Failure) 136M->136M(170M) 9.941ms
[0.971s][info][gc,cpu         ] GC(40) User=0.00s Sys=0.00s Real=0.01s
[0.971s][info][gc,start       ] GC(41) Pause Full (Ergonomics)
[0.971s][info][gc,phases,start] GC(41) Marking Phase
[1.004s][info][gc,phases      ] GC(41) Marking Phase 33.103ms
[1.004s][info][gc,phases,start] GC(41) Summary Phase
[1.004s][info][gc,phases      ] GC(41) Summary Phase 0.016ms
[1.004s][info][gc,phases,start] GC(41) Adjust Roots
[1.005s][info][gc,phases      ] GC(41) Adjust Roots 0.139ms
[1.005s][info][gc,phases,start] GC(41) Compaction Phase
[1.021s][info][gc,phases      ] GC(41) Compaction Phase 16.465ms
[1.021s][info][gc,phases,start] GC(41) Post Compact
[1.022s][info][gc,phases      ] GC(41) Post Compact 0.698ms
[1.022s][info][gc,heap        ] GC(41) PSYoungGen: 12832K(36352K)->1495K(36352K) Eden: 0K(7168K)->0K(7168K) From: 12832K(29184K)->1495K(29184K)
[1.022s][info][gc,heap        ] GC(41) ParOldGen: 126478K(137728K)->137470K(166400K)
[1.022s][info][gc,metaspace   ] GC(41) Metaspace: 6303K(6528K)->6303K(6528K) NonClass: 5769K(5888K)->5769K(5888K) Class: 533K(640K)->533K(640K)
[1.022s][info][gc             ] GC(41) Pause Full (Ergonomics) 136M->135M(198M) 50.978ms
[1.022s][info][gc,cpu         ] GC(41) User=0.17s Sys=0.00s Real=0.05s
[1.030s][info][gc,start       ] GC(42) Pause Young (Allocation Failure)
[1.043s][info][gc,heap        ] GC(42) PSYoungGen: 8663K(36352K)->8384K(34304K) Eden: 7168K(7168K)->0K(8704K) From: 1495K(29184K)->8384K(25600K)
[1.043s][info][gc,heap        ] GC(42) ParOldGen: 137470K(166400K)->137814K(166400K)
[1.043s][info][gc,metaspace   ] GC(42) Metaspace: 6303K(6528K)->6303K(6528K) NonClass: 5769K(5888K)->5769K(5888K) Class: 533K(640K)->533K(640K)
[1.043s][info][gc             ] GC(42) Pause Young (Allocation Failure) 142M->142M(196M) 12.894ms
[1.043s][info][gc,cpu         ] GC(42) User=0.02s Sys=0.00s Real=0.01s
[1.051s][info][gc,start       ] GC(43) Pause Young (Allocation Failure)
[1.061s][info][gc,heap        ] GC(43) PSYoungGen: 17088K(34304K)->17088K(35328K) Eden: 8704K(8704K)->0K(8704K) From: 8384K(25600K)->17088K(26624K)
[1.061s][info][gc,heap        ] GC(43) ParOldGen: 137814K(166400K)->137814K(166400K)
[1.061s][info][gc,metaspace   ] GC(43) Metaspace: 6303K(6528K)->6303K(6528K) NonClass: 5769K(5888K)->5769K(5888K) Class: 533K(640K)->533K(640K)
[1.061s][info][gc             ] GC(43) Pause Young (Allocation Failure) 151M->151M(197M) 10.113ms
[1.061s][info][gc,cpu         ] GC(43) User=0.00s Sys=0.00s Real=0.01s
[1.070s][info][gc,start       ] GC(44) Pause Young (Allocation Failure)
[1.084s][info][gc,heap        ] GC(44) PSYoungGen: 25792K(35328K)->24608K(34304K) Eden: 8704K(8704K)->0K(7168K) From: 17088K(26624K)->24608K(27136K)
[1.084s][info][gc,heap        ] GC(44) ParOldGen: 137814K(166400K)->139030K(166400K)
[1.084s][info][gc,metaspace   ] GC(44) Metaspace: 6303K(6528K)->6303K(6528K) NonClass: 5769K(5888K)->5769K(5888K) Class: 533K(640K)->533K(640K)
[1.084s][info][gc             ] GC(44) Pause Young (Allocation Failure) 159M->159M(196M) 13.837ms
[1.084s][info][gc,cpu         ] GC(44) User=0.02s Sys=0.00s Real=0.01s
[1.091s][info][gc,start       ] GC(45) Pause Young (Allocation Failure)
[1.106s][info][gc,heap        ] GC(45) PSYoungGen: 31776K(34304K)->24576K(37376K) Eden: 7168K(7168K)->0K(7168K) From: 24608K(27136K)->24576K(30208K)
[1.106s][info][gc,heap        ] GC(45) ParOldGen: 139030K(166400K)->146294K(166400K)
[1.106s][info][gc,metaspace   ] GC(45) Metaspace: 6303K(6528K)->6303K(6528K) NonClass: 5769K(5888K)->5769K(5888K) Class: 533K(640K)->533K(640K)
[1.106s][info][gc             ] GC(45) Pause Young (Allocation Failure) 166M->166M(199M) 15.452ms
[1.106s][info][gc,cpu         ] GC(45) User=0.02s Sys=0.00s Real=0.02s
[1.139s][info][gc,start       ] GC(46) Pause Young (Allocation Failure)
[1.161s][info][gc,heap        ] GC(46) PSYoungGen: 31744K(37376K)->14400K(37888K) Eden: 7168K(7168K)->0K(8704K) From: 24576K(30208K)->14400K(29184K)
[1.161s][info][gc,heap        ] GC(46) ParOldGen: 154486K(166400K)->172110K(172544K)
[1.161s][info][gc,metaspace   ] GC(46) Metaspace: 6303K(6528K)->6303K(6528K) NonClass: 5769K(5888K)->5769K(5888K) Class: 533K(640K)->533K(640K)
[1.161s][info][gc             ] GC(46) Pause Young (Allocation Failure) 181M->182M(205M) 21.911ms
[1.161s][info][gc,cpu         ] GC(46) User=0.05s Sys=0.00s Real=0.02s
[1.161s][info][gc,start       ] GC(47) Pause Full (Ergonomics)
[1.161s][info][gc,phases,start] GC(47) Marking Phase
[1.213s][info][gc,phases      ] GC(47) Marking Phase 51.928ms
[1.213s][info][gc,phases,start] GC(47) Summary Phase
[1.213s][info][gc,phases      ] GC(47) Summary Phase 0.016ms
[1.213s][info][gc,phases,start] GC(47) Adjust Roots
[1.213s][info][gc,phases      ] GC(47) Adjust Roots 0.163ms
[1.213s][info][gc,phases,start] GC(47) Compaction Phase
[1.253s][info][gc,phases      ] GC(47) Compaction Phase 39.836ms
[1.253s][info][gc,phases,start] GC(47) Post Compact
[1.254s][info][gc,phases      ] GC(47) Post Compact 0.904ms
[1.255s][info][gc,heap        ] GC(47) PSYoungGen: 14400K(37888K)->9678K(39424K) Eden: 0K(8704K)->0K(10240K) From: 14400K(29184K)->9678K(29184K)
[1.255s][info][gc,heap        ] GC(47) ParOldGen: 172110K(172544K)->172137K(206848K)
[1.255s][info][gc,metaspace   ] GC(47) Metaspace: 6303K(6528K)->6303K(6528K) NonClass: 5769K(5888K)->5769K(5888K) Class: 533K(640K)->533K(640K)
[1.255s][info][gc             ] GC(47) Pause Full (Ergonomics) 182M->177M(240M) 93.394ms
[1.255s][info][gc,cpu         ] GC(47) User=0.19s Sys=0.00s Real=0.09s
[1.265s][info][gc,start       ] GC(48) Pause Young (Allocation Failure)
[1.284s][info][gc,heap        ] GC(48) PSYoungGen: 19918K(39424K)->15264K(40960K) Eden: 10240K(10240K)->0K(10240K) From: 9678K(29184K)->15264K(30720K)
[1.284s][info][gc,heap        ] GC(48) ParOldGen: 172137K(206848K)->176985K(206848K)
[1.284s][info][gc,metaspace   ] GC(48) Metaspace: 6303K(6528K)->6303K(6528K) NonClass: 5769K(5888K)->5769K(5888K) Class: 533K(640K)->533K(640K)
[1.284s][info][gc             ] GC(48) Pause Young (Allocation Failure) 187M->187M(242M) 19.181ms
[1.284s][info][gc,cpu         ] GC(48) User=0.06s Sys=0.00s Real=0.02s
[1.294s][info][gc,start       ] GC(49) Pause Young (Allocation Failure)
[1.307s][info][gc,heap        ] GC(49) PSYoungGen: 25504K(40960K)->25472K(38400K) Eden: 10240K(10240K)->0K(9216K) From: 15264K(30720K)->25472K(29184K)
[1.307s][info][gc,heap        ] GC(49) ParOldGen: 176985K(206848K)->176985K(206848K)
[1.307s][info][gc,metaspace   ] GC(49) Metaspace: 6303K(6528K)->6303K(6528K) NonClass: 5769K(5888K)->5769K(5888K) Class: 533K(640K)->533K(640K)
[1.307s][info][gc             ] GC(49) Pause Young (Allocation Failure) 197M->197M(239M) 12.947ms
[1.307s][info][gc,cpu         ] GC(49) User=0.03s Sys=0.00s Real=0.01s
[1.316s][info][gc,start       ] GC(50) Pause Young (Allocation Failure)
[1.333s][info][gc,heap        ] GC(50) PSYoungGen: 34688K(38400K)->29760K(40960K) Eden: 9216K(9216K)->0K(9216K) From: 25472K(29184K)->29760K(31744K)
[1.333s][info][gc,heap        ] GC(50) ParOldGen: 176985K(206848K)->181993K(206848K)
[1.333s][info][gc,metaspace   ] GC(50) Metaspace: 6303K(6528K)->6303K(6528K) NonClass: 5769K(5888K)->5769K(5888K) Class: 533K(640K)->533K(640K)
[1.333s][info][gc             ] GC(50) Pause Young (Allocation Failure) 206M->206M(242M) 16.460ms
[1.333s][info][gc,cpu         ] GC(50) User=0.02s Sys=0.00s Real=0.02s
[1.342s][info][gc,start       ] GC(51) Pause Young (Allocation Failure)
[1.363s][info][gc,heap        ] GC(51) PSYoungGen: 38976K(40960K)->28704K(43520K) Eden: 9216K(9216K)->0K(8192K) From: 29760K(31744K)->28704K(35328K)
[1.363s][info][gc,heap        ] GC(51) ParOldGen: 181993K(206848K)->192369K(206848K)
[1.363s][info][gc,metaspace   ] GC(51) Metaspace: 6303K(6528K)->6303K(6528K) NonClass: 5769K(5888K)->5769K(5888K) Class: 533K(640K)->533K(640K)
[1.363s][info][gc             ] GC(51) Pause Young (Allocation Failure) 215M->215M(244M) 20.252ms
[1.363s][info][gc,cpu         ] GC(51) User=0.05s Sys=0.03s Real=0.02s
[1.363s][info][gc,start       ] GC(52) Pause Full (Ergonomics)
[1.363s][info][gc,phases,start] GC(52) Marking Phase
[1.418s][info][gc,phases      ] GC(52) Marking Phase 55.653ms
[1.418s][info][gc,phases,start] GC(52) Summary Phase
[1.418s][info][gc,phases      ] GC(52) Summary Phase 0.018ms
[1.418s][info][gc,phases,start] GC(52) Adjust Roots
[1.419s][info][gc,phases      ] GC(52) Adjust Roots 0.155ms
[1.419s][info][gc,phases,start] GC(52) Compaction Phase
[1.450s][info][gc,phases      ] GC(52) Compaction Phase 31.069ms
[1.450s][info][gc,phases,start] GC(52) Post Compact
[1.451s][info][gc,phases      ] GC(52) Post Compact 1.160ms
[1.451s][info][gc,heap        ] GC(52) PSYoungGen: 28704K(43520K)->13760K(43520K) Eden: 0K(8192K)->0K(8192K) From: 28704K(35328K)->13760K(35328K)
[1.451s][info][gc,heap        ] GC(52) ParOldGen: 192369K(206848K)->206844K(242688K)
[1.451s][info][gc,metaspace   ] GC(52) Metaspace: 6303K(6528K)->6303K(6528K) NonClass: 5769K(5888K)->5769K(5888K) Class: 533K(640K)->533K(640K)
[1.451s][info][gc             ] GC(52) Pause Full (Ergonomics) 215M->215M(279M) 88.635ms
[1.451s][info][gc,cpu         ] GC(52) User=0.28s Sys=0.00s Real=0.09s
[1.461s][info][gc,start       ] GC(53) Pause Young (Allocation Failure)
[1.482s][info][gc,heap        ] GC(53) PSYoungGen: 21952K(43520K)->12544K(46080K) Eden: 8192K(8192K)->0K(8192K) From: 13760K(35328K)->12544K(37888K)
[1.483s][info][gc,heap        ] GC(53) ParOldGen: 206844K(242688K)->216500K(242688K)
[1.483s][info][gc,metaspace   ] GC(53) Metaspace: 6303K(6528K)->6303K(6528K) NonClass: 5769K(5888K)->5769K(5888K) Class: 533K(640K)->533K(640K)
[1.483s][info][gc             ] GC(53) Pause Young (Allocation Failure) 223M->223M(282M) 21.980ms
[1.483s][info][gc,cpu         ] GC(53) User=0.05s Sys=0.00s Real=0.02s
[1.491s][info][gc,start       ] GC(54) Pause Young (Allocation Failure)
[1.503s][info][gc,heap        ] GC(54) PSYoungGen: 20736K(46080K)->16512K(44032K) Eden: 8192K(8192K)->0K(9728K) From: 12544K(37888K)->16512K(34304K)
[1.503s][info][gc,heap        ] GC(54) ParOldGen: 216500K(242688K)->220844K(242688K)
[1.503s][info][gc,metaspace   ] GC(54) Metaspace: 6303K(6528K)->6303K(6528K) NonClass: 5769K(5888K)->5769K(5888K) Class: 533K(640K)->533K(640K)
[1.503s][info][gc             ] GC(54) Pause Young (Allocation Failure) 231M->231M(280M) 11.849ms
[1.503s][info][gc,cpu         ] GC(54) User=0.00s Sys=0.00s Real=0.01s
[1.514s][info][gc,start       ] GC(55) Pause Young (Allocation Failure)
[1.529s][info][gc,heap        ] GC(55) PSYoungGen: 26240K(44032K)->17984K(45056K) Eden: 9728K(9728K)->0K(9728K) From: 16512K(34304K)->17984K(35328K)
[1.529s][info][gc,heap        ] GC(55) ParOldGen: 220844K(242688K)->229148K(242688K)
[1.529s][info][gc,metaspace   ] GC(55) Metaspace: 6303K(6528K)->6303K(6528K) NonClass: 5769K(5888K)->5769K(5888K) Class: 533K(640K)->533K(640K)
[1.529s][info][gc             ] GC(55) Pause Young (Allocation Failure) 241M->241M(281M) 14.828ms
[1.529s][info][gc,cpu         ] GC(55) User=0.02s Sys=0.00s Real=0.01s
[1.529s][info][gc,start       ] GC(56) Pause Full (Ergonomics)
[1.529s][info][gc,phases,start] GC(56) Marking Phase
[1.591s][info][gc,phases      ] GC(56) Marking Phase 61.721ms
[1.591s][info][gc,phases,start] GC(56) Summary Phase
[1.591s][info][gc,phases      ] GC(56) Summary Phase 0.018ms
[1.591s][info][gc,phases,start] GC(56) Adjust Roots
[1.591s][info][gc,phases      ] GC(56) Adjust Roots 0.192ms
[1.591s][info][gc,phases,start] GC(56) Compaction Phase
[1.617s][info][gc,phases      ] GC(56) Compaction Phase 25.533ms
[1.617s][info][gc,phases,start] GC(56) Post Compact
[1.618s][info][gc,phases      ] GC(56) Post Compact 1.293ms
[1.618s][info][gc,heap        ] GC(56) PSYoungGen: 17984K(45056K)->4059K(45056K) Eden: 0K(9728K)->0K(9728K) From: 17984K(35328K)->4059K(35328K)
[1.618s][info][gc,heap        ] GC(56) ParOldGen: 229148K(242688K)->242564K(280064K)
[1.618s][info][gc,metaspace   ] GC(56) Metaspace: 6303K(6528K)->6303K(6528K) NonClass: 5769K(5888K)->5769K(5888K) Class: 533K(640K)->533K(640K)
[1.618s][info][gc             ] GC(56) Pause Full (Ergonomics) 241M->240M(317M) 89.279ms
[1.618s][info][gc,cpu         ] GC(56) User=0.38s Sys=0.02s Real=0.09s
[1.629s][info][gc,start       ] GC(57) Pause Young (Allocation Failure)
[1.648s][info][gc,heap        ] GC(57) PSYoungGen: 13787K(45056K)->9824K(44032K) Eden: 9728K(9728K)->0K(11264K) From: 4059K(35328K)->9824K(32768K)
[1.648s][info][gc,heap        ] GC(57) ParOldGen: 242564K(280064K)->246700K(280064K)
[1.648s][info][gc,metaspace   ] GC(57) Metaspace: 6303K(6528K)->6303K(6528K) NonClass: 5769K(5888K)->5769K(5888K) Class: 533K(640K)->533K(640K)
[1.648s][info][gc             ] GC(57) Pause Young (Allocation Failure) 250M->250M(316M) 18.207ms
[1.648s][info][gc,cpu         ] GC(57) User=0.03s Sys=0.00s Real=0.02s
[1.660s][info][gc,start       ] GC(58) Pause Young (Allocation Failure)
[1.672s][info][gc,heap        ] GC(58) PSYoungGen: 21088K(44032K)->21088K(44544K) Eden: 11264K(11264K)->0K(11264K) From: 9824K(32768K)->21088K(33280K)
[1.672s][info][gc,heap        ] GC(58) ParOldGen: 246700K(280064K)->246700K(280064K)
[1.672s][info][gc,metaspace   ] GC(58) Metaspace: 6303K(6528K)->6303K(6528K) NonClass: 5769K(5888K)->5769K(5888K) Class: 533K(640K)->533K(640K)
[1.672s][info][gc             ] GC(58) Pause Young (Allocation Failure) 261M->261M(317M) 11.438ms
[1.672s][info][gc,cpu         ] GC(58) User=0.00s Sys=0.00s Real=0.01s
[1.685s][info][gc,start       ] GC(59) Pause Young (Allocation Failure)
[1.701s][info][gc,heap        ] GC(59) PSYoungGen: 32352K(44544K)->32320K(41984K) Eden: 11264K(11264K)->0K(8704K) From: 21088K(33280K)->32320K(33280K)
[1.701s][info][gc,heap        ] GC(59) ParOldGen: 246700K(280064K)->246700K(280064K)
[1.701s][info][gc,metaspace   ] GC(59) Metaspace: 6303K(6528K)->6303K(6528K) NonClass: 5769K(5888K)->5769K(5888K) Class: 533K(640K)->533K(640K)
[1.701s][info][gc             ] GC(59) Pause Young (Allocation Failure) 272M->272M(314M) 15.711ms
[1.701s][info][gc,cpu         ] GC(59) User=0.00s Sys=0.00s Real=0.02s
[1.711s][info][gc,start       ] GC(60) Pause Young (Allocation Failure)
[1.730s][info][gc,heap        ] GC(60) PSYoungGen: 41024K(41984K)->31328K(46080K) Eden: 8704K(8704K)->0K(8704K) From: 32320K(33280K)->31328K(37376K)
[1.730s][info][gc,heap        ] GC(60) ParOldGen: 246700K(280064K)->256564K(280064K)
[1.730s][info][gc,metaspace   ] GC(60) Metaspace: 6303K(6528K)->6303K(6528K) NonClass: 5769K(5888K)->5769K(5888K) Class: 533K(640K)->533K(640K)
[1.730s][info][gc             ] GC(60) Pause Young (Allocation Failure) 280M->281M(318M) 19.358ms
[1.730s][info][gc,cpu         ] GC(60) User=0.06s Sys=0.05s Real=0.02s
[1.740s][info][gc,start       ] GC(61) Pause Young (Allocation Failure)
[1.759s][info][gc,heap        ] GC(61) PSYoungGen: 40032K(46080K)->28768K(48640K) Eden: 8704K(8704K)->0K(8704K) From: 31328K(37376K)->28768K(39936K)
[1.759s][info][gc,heap        ] GC(61) ParOldGen: 256564K(280064K)->267988K(280064K)
[1.759s][info][gc,metaspace   ] GC(61) Metaspace: 6303K(6528K)->6303K(6528K) NonClass: 5769K(5888K)->5769K(5888K) Class: 533K(640K)->533K(640K)
[1.759s][info][gc             ] GC(61) Pause Young (Allocation Failure) 289M->289M(321M) 19.210ms
[1.759s][info][gc,cpu         ] GC(61) User=0.11s Sys=0.00s Real=0.02s
[1.759s][info][gc,start       ] GC(62) Pause Full (Ergonomics)
[1.759s][info][gc,phases,start] GC(62) Marking Phase
[1.833s][info][gc,phases      ] GC(62) Marking Phase 73.790ms
[1.833s][info][gc,phases,start] GC(62) Summary Phase
[1.833s][info][gc,phases      ] GC(62) Summary Phase 0.021ms
[1.833s][info][gc,phases,start] GC(62) Adjust Roots
[1.833s][info][gc,phases      ] GC(62) Adjust Roots 0.233ms
[1.833s][info][gc,phases,start] GC(62) Compaction Phase
[1.865s][info][gc,phases      ] GC(62) Compaction Phase 31.490ms
[1.865s][info][gc,phases,start] GC(62) Post Compact
[1.867s][info][gc,phases      ] GC(62) Post Compact 2.175ms
[1.867s][info][gc,heap        ] GC(62) PSYoungGen: 28768K(48640K)->16308K(48640K) Eden: 0K(8704K)->0K(8704K) From: 28768K(39936K)->16308K(39936K)
[1.868s][info][gc,heap        ] GC(62) ParOldGen: 267988K(280064K)->279812K(321024K)
[1.868s][info][gc,metaspace   ] GC(62) Metaspace: 6303K(6528K)->6303K(6528K) NonClass: 5769K(5888K)->5769K(5888K) Class: 533K(640K)->533K(640K)
[1.868s][info][gc             ] GC(62) Pause Full (Ergonomics) 289M->289M(361M) 108.288ms
[1.868s][info][gc,cpu         ] GC(62) User=0.52s Sys=0.00s Real=0.11s
[1.878s][info][gc,start       ] GC(63) Pause Young (Allocation Failure)
[1.912s][info][gc,heap        ] GC(63) PSYoungGen: 25012K(48640K)->14240K(50176K) Eden: 8704K(8704K)->0K(8704K) From: 16308K(39936K)->14240K(41472K)
[1.912s][info][gc,heap        ] GC(63) ParOldGen: 279812K(321024K)->290884K(321024K)
[1.912s][info][gc,metaspace   ] GC(63) Metaspace: 6303K(6528K)->6303K(6528K) NonClass: 5769K(5888K)->5769K(5888K) Class: 533K(640K)->533K(640K)
[1.912s][info][gc             ] GC(63) Pause Young (Allocation Failure) 297M->297M(362M) 34.421ms
[1.912s][info][gc,cpu         ] GC(63) User=0.09s Sys=0.03s Real=0.04s
[1.923s][info][gc,start       ] GC(64) Pause Young (Allocation Failure)
[1.936s][info][gc,heap        ] GC(64) PSYoungGen: 22944K(50176K)->17536K(48128K) Eden: 8704K(8704K)->0K(10240K) From: 14240K(41472K)->17536K(37888K)
[1.936s][info][gc,heap        ] GC(64) ParOldGen: 290884K(321024K)->296428K(321024K)
[1.936s][info][gc,metaspace   ] GC(64) Metaspace: 6303K(6528K)->6303K(6528K) NonClass: 5769K(5888K)->5769K(5888K) Class: 533K(640K)->533K(640K)
[1.936s][info][gc             ] GC(64) Pause Young (Allocation Failure) 306M->306M(360M) 12.857ms
[1.936s][info][gc,cpu         ] GC(64) User=0.03s Sys=0.00s Real=0.01s
[1.948s][info][gc,start       ] GC(65) Pause Young (Allocation Failure)
[1.963s][info][gc,heap        ] GC(65) PSYoungGen: 27776K(48128K)->19040K(49152K) Eden: 10240K(10240K)->0K(10240K) From: 17536K(37888K)->19040K(38912K)
[1.963s][info][gc,heap        ] GC(65) ParOldGen: 296428K(321024K)->305252K(321024K)
[1.963s][info][gc,metaspace   ] GC(65) Metaspace: 6303K(6528K)->6303K(6528K) NonClass: 5769K(5888K)->5769K(5888K) Class: 533K(640K)->533K(640K)
[1.963s][info][gc             ] GC(65) Pause Young (Allocation Failure) 316M->316M(361M) 15.823ms
[1.963s][info][gc,cpu         ] GC(65) User=0.00s Sys=0.02s Real=0.02s
[1.975s][info][gc,start       ] GC(66) Pause Young (Allocation Failure)
[1.992s][info][gc,heap        ] GC(66) PSYoungGen: 29280K(49152K)->20608K(46080K) Eden: 10240K(10240K)->0K(11776K) From: 19040K(38912K)->20608K(34304K)
[1.992s][info][gc,heap        ] GC(66) ParOldGen: 305252K(321024K)->314084K(321024K)
[1.992s][info][gc,metaspace   ] GC(66) Metaspace: 6303K(6528K)->6303K(6528K) NonClass: 5769K(5888K)->5769K(5888K) Class: 533K(640K)->533K(640K)
[1.992s][info][gc             ] GC(66) Pause Young (Allocation Failure) 326M->326M(358M) 16.606ms
[1.992s][info][gc,cpu         ] GC(66) User=0.05s Sys=0.00s Real=0.02s
[1.992s][info][gc,start       ] GC(67) Pause Full (Ergonomics)
[1.992s][info][gc,phases,start] GC(67) Marking Phase
[2.070s][info][gc,phases      ] GC(67) Marking Phase 77.418ms
[2.070s][info][gc,phases,start] GC(67) Summary Phase
[2.070s][info][gc,phases      ] GC(67) Summary Phase 0.021ms
[2.070s][info][gc,phases,start] GC(67) Adjust Roots
[2.070s][info][gc,phases      ] GC(67) Adjust Roots 0.215ms
[2.070s][info][gc,phases,start] GC(67) Compaction Phase
[2.102s][info][gc,phases      ] GC(67) Compaction Phase 32.261ms
[2.102s][info][gc,phases,start] GC(67) Post Compact
[2.104s][info][gc,phases      ] GC(67) Post Compact 2.220ms
[2.105s][info][gc,heap        ] GC(67) PSYoungGen: 20608K(46080K)->13263K(47616K) Eden: 0K(11776K)->0K(13312K) From: 20608K(34304K)->13263K(34304K)
[2.105s][info][gc,heap        ] GC(67) ParOldGen: 314084K(321024K)->320621K(364032K)
[2.105s][info][gc,metaspace   ] GC(67) Metaspace: 6303K(6528K)->6303K(6528K) NonClass: 5769K(5888K)->5769K(5888K) Class: 533K(640K)->533K(640K)
[2.105s][info][gc             ] GC(67) Pause Full (Ergonomics) 326M->326M(402M) 112.687ms
[2.105s][info][gc,cpu         ] GC(67) User=0.64s Sys=0.00s Real=0.11s
[2.120s][info][gc,start       ] GC(68) Pause Young (Allocation Failure)
[2.148s][info][gc,heap        ] GC(68) PSYoungGen: 26575K(47616K)->13408K(49152K) Eden: 13312K(13312K)->0K(13312K) From: 13263K(34304K)->13408K(35840K)
[2.148s][info][gc,heap        ] GC(68) ParOldGen: 320621K(364032K)->334101K(364032K)
[2.148s][info][gc,metaspace   ] GC(68) Metaspace: 6303K(6528K)->6303K(6528K) NonClass: 5769K(5888K)->5769K(5888K) Class: 533K(640K)->533K(640K)
[2.148s][info][gc             ] GC(68) Pause Young (Allocation Failure) 339M->339M(403M) 28.510ms
[2.148s][info][gc,cpu         ] GC(68) User=0.11s Sys=0.03s Real=0.03s
[2.227s][info][gc,start       ] GC(69) Pause Full (Ergonomics)
[2.227s][info][gc,phases,start] GC(69) Marking Phase
[2.308s][info][gc,phases      ] GC(69) Marking Phase 81.318ms
[2.308s][info][gc,phases,start] GC(69) Summary Phase
[2.308s][info][gc,phases      ] GC(69) Summary Phase 0.021ms
[2.308s][info][gc,phases,start] GC(69) Adjust Roots
[2.309s][info][gc,phases      ] GC(69) Adjust Roots 0.231ms
[2.309s][info][gc,phases,start] GC(69) Compaction Phase
[2.382s][info][gc,phases      ] GC(69) Compaction Phase 72.887ms
[2.382s][info][gc,phases,start] GC(69) Post Compact
[2.384s][info][gc,phases      ] GC(69) Post Compact 2.123ms
[2.384s][info][gc,heap        ] GC(69) PSYoungGen: 26720K(49152K)->5103K(49152K) Eden: 13312K(13312K)->0K(13312K) From: 13408K(35840K)->5103K(35840K)
[2.384s][info][gc,heap        ] GC(69) ParOldGen: 350485K(364032K)->363536K(411648K)
[2.384s][info][gc,metaspace   ] GC(69) Metaspace: 6303K(6528K)->6303K(6528K) NonClass: 5769K(5888K)->5769K(5888K) Class: 533K(640K)->533K(640K)
[2.384s][info][gc             ] GC(69) Pause Full (Ergonomics) 368M->360M(450M) 157.162ms
[2.384s][info][gc,cpu         ] GC(69) User=0.92s Sys=0.02s Real=0.16s
[2.397s][info][gc,start       ] GC(70) Pause Young (Allocation Failure)
[2.420s][info][gc,heap        ] GC(70) PSYoungGen: 18415K(49152K)->13440K(49152K) Eden: 13312K(13312K)->0K(14848K) From: 5103K(35840K)->13440K(34304K)
[2.420s][info][gc,heap        ] GC(70) ParOldGen: 363536K(411648K)->368736K(411648K)
[2.420s][info][gc,metaspace   ] GC(70) Metaspace: 6303K(6528K)->6303K(6528K) NonClass: 5769K(5888K)->5769K(5888K) Class: 533K(640K)->533K(640K)
[2.420s][info][gc             ] GC(70) Pause Young (Allocation Failure) 373M->373M(450M) 22.853ms
[2.420s][info][gc,cpu         ] GC(70) User=0.12s Sys=0.00s Real=0.02s
[2.435s][info][gc,start       ] GC(71) Pause Young (Allocation Failure)
[2.450s][info][gc,heap        ] GC(71) PSYoungGen: 28288K(49152K)->28256K(49664K) Eden: 14848K(14848K)->0K(14848K) From: 13440K(34304K)->28256K(34816K)
[2.450s][info][gc,heap        ] GC(71) ParOldGen: 368736K(411648K)->368736K(411648K)
[2.450s][info][gc,metaspace   ] GC(71) Metaspace: 6303K(6528K)->6303K(6528K) NonClass: 5769K(5888K)->5769K(5888K) Class: 533K(640K)->533K(640K)
[2.450s][info][gc             ] GC(71) Pause Young (Allocation Failure) 387M->387M(450M) 14.629ms
[2.450s][info][gc,cpu         ] GC(71) User=0.02s Sys=0.00s Real=0.01s
[2.466s][info][gc,start       ] GC(72) Pause Young (Allocation Failure)
[2.487s][info][gc,heap        ] GC(72) PSYoungGen: 43104K(49664K)->36864K(47104K) Eden: 14848K(14848K)->0K(10240K) From: 28256K(34816K)->36864K(36864K)
[2.487s][info][gc,heap        ] GC(72) ParOldGen: 368736K(411648K)->374960K(411648K)
[2.487s][info][gc,metaspace   ] GC(72) Metaspace: 6303K(6528K)->6303K(6528K) NonClass: 5769K(5888K)->5769K(5888K) Class: 533K(640K)->533K(640K)
[2.487s][info][gc             ] GC(72) Pause Young (Allocation Failure) 402M->402M(448M) 21.456ms
[2.487s][info][gc,cpu         ] GC(72) User=0.12s Sys=0.02s Real=0.02s
[2.497s][info][gc,start       ] GC(73) Pause Young (Allocation Failure)
[2.520s][info][gc,heap        ] GC(73) PSYoungGen: 47104K(47104K)->23584K(53760K) Eden: 10240K(10240K)->0K(10240K) From: 36864K(36864K)->23584K(43520K)
[2.520s][info][gc,heap        ] GC(73) ParOldGen: 374960K(411648K)->398856K(411648K)
[2.520s][info][gc,metaspace   ] GC(73) Metaspace: 6303K(6528K)->6303K(6528K) NonClass: 5769K(5888K)->5769K(5888K) Class: 533K(640K)->533K(640K)
[2.520s][info][gc             ] GC(73) Pause Young (Allocation Failure) 412M->412M(454M) 22.963ms
[2.520s][info][gc,cpu         ] GC(73) User=0.14s Sys=0.00s Real=0.02s
[2.520s][info][gc,start       ] GC(74) Pause Full (Ergonomics)
[2.520s][info][gc,phases,start] GC(74) Marking Phase
[2.614s][info][gc,phases      ] GC(74) Marking Phase 93.966ms
[2.614s][info][gc,phases,start] GC(74) Summary Phase
[2.614s][info][gc,phases      ] GC(74) Summary Phase 0.020ms
[2.614s][info][gc,phases,start] GC(74) Adjust Roots
[2.615s][info][gc,phases      ] GC(74) Adjust Roots 0.167ms
[2.615s][info][gc,phases,start] GC(74) Compaction Phase
[2.662s][info][gc,phases      ] GC(74) Compaction Phase 47.794ms
[2.663s][info][gc,phases,start] GC(74) Post Compact
[2.665s][info][gc,phases      ] GC(74) Post Compact 2.421ms
[2.665s][info][gc,heap        ] GC(74) PSYoungGen: 23584K(53760K)->10153K(20480K) Eden: 0K(10240K)->0K(10240K) From: 23584K(43520K)->10153K(10240K)
[2.665s][info][gc,heap        ] GC(74) ParOldGen: 398856K(411648K)->411610K(466944K)
[2.665s][info][gc,metaspace   ] GC(74) Metaspace: 6303K(6528K)->6303K(6528K) NonClass: 5769K(5888K)->5769K(5888K) Class: 533K(640K)->533K(640K)
[2.665s][info][gc             ] GC(74) Pause Full (Ergonomics) 412M->411M(476M) 145.005ms
[2.665s][info][gc,cpu         ] GC(74) User=0.83s Sys=0.03s Real=0.14s
[2.676s][info][gc,start       ] GC(75) Pause Young (Allocation Failure)
[2.706s][info][gc,heap        ] GC(75) PSYoungGen: 20393K(20480K)->15840K(52224K) Eden: 10240K(10240K)->0K(11264K) From: 10153K(10240K)->15840K(40960K)
[2.706s][info][gc,heap        ] GC(75) ParOldGen: 411610K(466944K)->416402K(466944K)
[2.706s][info][gc,metaspace   ] GC(75) Metaspace: 6303K(6528K)->6303K(6528K) NonClass: 5769K(5888K)->5769K(5888K) Class: 533K(640K)->533K(640K)
[2.706s][info][gc             ] GC(75) Pause Young (Allocation Failure) 421M->422M(507M) 29.817ms
[2.706s][info][gc,cpu         ] GC(75) User=0.09s Sys=0.00s Real=0.03s
[2.718s][info][gc,start       ] GC(76) Pause Young (Allocation Failure)
[2.733s][info][gc,heap        ] GC(76) PSYoungGen: 27104K(52224K)->27040K(52736K) Eden: 11264K(11264K)->0K(11264K) From: 15840K(40960K)->27040K(41472K)
[2.733s][info][gc,heap        ] GC(76) ParOldGen: 416402K(466944K)->416402K(466944K)
[2.733s][info][gc,metaspace   ] GC(76) Metaspace: 6303K(6528K)->6303K(6528K) NonClass: 5769K(5888K)->5769K(5888K) Class: 533K(640K)->533K(640K)
[2.733s][info][gc             ] GC(76) Pause Young (Allocation Failure) 433M->433M(507M) 14.927ms
[2.733s][info][gc,cpu         ] GC(76) User=0.02s Sys=0.00s Real=0.01s
[2.745s][info][gc,start       ] GC(77) Pause Young (Allocation Failure)
[2.764s][info][gc,heap        ] GC(77) PSYoungGen: 38304K(52736K)->38336K(50176K) Eden: 11264K(11264K)->0K(8704K) From: 27040K(41472K)->38336K(41472K)
[2.764s][info][gc,heap        ] GC(77) ParOldGen: 416402K(466944K)->416402K(466944K)
[2.764s][info][gc,metaspace   ] GC(77) Metaspace: 6303K(6528K)->6303K(6528K) NonClass: 5769K(5888K)->5769K(5888K) Class: 533K(640K)->533K(640K)
[2.764s][info][gc             ] GC(77) Pause Young (Allocation Failure) 444M->444M(505M) 19.690ms
[2.764s][info][gc,cpu         ] GC(77) User=0.11s Sys=0.00s Real=0.02s
[2.774s][info][gc,start       ] GC(78) Pause Young (Allocation Failure)
[2.799s][info][gc,heap        ] GC(78) PSYoungGen: 47040K(50176K)->41600K(54272K) Eden: 8704K(8704K)->0K(8704K) From: 38336K(41472K)->41600K(45568K)
[2.799s][info][gc,heap        ] GC(78) ParOldGen: 416402K(466944K)->421954K(466944K)
[2.799s][info][gc,metaspace   ] GC(78) Metaspace: 6303K(6528K)->6303K(6528K) NonClass: 5769K(5888K)->5769K(5888K) Class: 533K(640K)->533K(640K)
[2.799s][info][gc             ] GC(78) Pause Young (Allocation Failure) 452M->452M(509M) 25.149ms
[2.799s][info][gc,cpu         ] GC(78) User=0.08s Sys=0.00s Real=0.03s
[2.809s][info][gc,start       ] GC(79) Pause Young (Allocation Failure)
[2.835s][info][gc,heap        ] GC(79) PSYoungGen: 50304K(54272K)->28800K(57856K) Eden: 8704K(8704K)->0K(10240K) From: 41600K(45568K)->28800K(47616K)
[2.835s][info][gc,heap        ] GC(79) ParOldGen: 421954K(466944K)->443722K(466944K)
[2.835s][info][gc,metaspace   ] GC(79) Metaspace: 6303K(6528K)->6303K(6528K) NonClass: 5769K(5888K)->5769K(5888K) Class: 533K(640K)->533K(640K)
[2.835s][info][gc             ] GC(79) Pause Young (Allocation Failure) 461M->461M(512M) 25.626ms
[2.835s][info][gc,cpu         ] GC(79) User=0.12s Sys=0.02s Real=0.03s
[2.846s][info][gc,start       ] GC(80) Pause Young (Allocation Failure)
[2.867s][info][gc,heap        ] GC(80) PSYoungGen: 39040K(57856K)->19040K(58880K) Eden: 10240K(10240K)->0K(10240K) From: 28800K(47616K)->19040K(48640K)
[2.867s][info][gc,heap        ] GC(80) ParOldGen: 443722K(466944K)->463946K(466944K)
[2.867s][info][gc,metaspace   ] GC(80) Metaspace: 6303K(6528K)->6303K(6528K) NonClass: 5769K(5888K)->5769K(5888K) Class: 533K(640K)->533K(640K)
[2.867s][info][gc             ] GC(80) Pause Young (Allocation Failure) 471M->471M(513M) 21.083ms
[2.867s][info][gc,cpu         ] GC(80) User=0.23s Sys=0.00s Real=0.02s
[2.867s][info][gc,start       ] GC(81) Pause Full (Ergonomics)
[2.867s][info][gc,phases,start] GC(81) Marking Phase
[2.979s][info][gc,phases      ] GC(81) Marking Phase 111.053ms
[2.979s][info][gc,phases,start] GC(81) Summary Phase
[2.979s][info][gc,phases      ] GC(81) Summary Phase 0.021ms
[2.979s][info][gc,phases,start] GC(81) Adjust Roots
[2.979s][info][gc,phases      ] GC(81) Adjust Roots 0.149ms
[2.979s][info][gc,phases,start] GC(81) Compaction Phase
[3.029s][info][gc,phases      ] GC(81) Compaction Phase 50.348ms
[3.029s][info][gc,phases,start] GC(81) Post Compact
[3.032s][info][gc,phases      ] GC(81) Post Compact 2.365ms
[3.032s][info][gc,heap        ] GC(81) PSYoungGen: 19040K(58880K)->15303K(58880K) Eden: 0K(10240K)->0K(10240K) From: 19040K(48640K)->15303K(48640K)
[3.032s][info][gc,heap        ] GC(81) ParOldGen: 463946K(466944K)->466691K(529920K)
[3.032s][info][gc,metaspace   ] GC(81) Metaspace: 6303K(6528K)->6303K(6528K) NonClass: 5769K(5888K)->5769K(5888K) Class: 533K(640K)->533K(640K)
[3.032s][info][gc             ] GC(81) Pause Full (Ergonomics) 471M->470M(575M) 164.538ms
[3.032s][info][gc,cpu         ] GC(81) User=0.98s Sys=0.00s Real=0.16s
[3.044s][info][gc,start       ] GC(82) Pause Young (Allocation Failure)
[3.075s][info][gc,heap        ] GC(82) PSYoungGen: 25543K(58880K)->10336K(58880K) Eden: 10240K(10240K)->0K(11264K) From: 15303K(48640K)->10336K(47616K)
[3.075s][info][gc,heap        ] GC(82) ParOldGen: 466691K(529920K)->482227K(529920K)
[3.075s][info][gc,metaspace   ] GC(82) Metaspace: 6303K(6528K)->6303K(6528K) NonClass: 5769K(5888K)->5769K(5888K) Class: 533K(640K)->533K(640K)
[3.075s][info][gc             ] GC(82) Pause Young (Allocation Failure) 480M->481M(575M) 31.163ms
[3.075s][info][gc,cpu         ] GC(82) User=0.12s Sys=0.02s Real=0.03s
[3.086s][info][gc,start       ] GC(83) Pause Young (Allocation Failure)
[3.099s][info][gc,heap        ] GC(83) PSYoungGen: 21600K(58880K)->11392K(59392K) Eden: 11264K(11264K)->0K(11264K) From: 10336K(47616K)->11392K(48128K)
[3.099s][info][gc,heap        ] GC(83) ParOldGen: 482227K(529920K)->492619K(529920K)
[3.099s][info][gc,metaspace   ] GC(83) Metaspace: 6303K(6528K)->6303K(6528K) NonClass: 5769K(5888K)->5769K(5888K) Class: 533K(640K)->533K(640K)
[3.099s][info][gc             ] GC(83) Pause Young (Allocation Failure) 492M->492M(575M) 12.567ms
[3.099s][info][gc,cpu         ] GC(83) User=0.02s Sys=0.00s Real=0.01s
[3.111s][info][gc,start       ] GC(84) Pause Young (Allocation Failure)
[3.124s][info][gc,heap        ] GC(84) PSYoungGen: 22656K(59392K)->11392K(59392K) Eden: 11264K(11264K)->0K(12800K) From: 11392K(48128K)->11392K(46592K)
[3.124s][info][gc,heap        ] GC(84) ParOldGen: 492619K(529920K)->504035K(529920K)
[3.124s][info][gc,metaspace   ] GC(84) Metaspace: 6303K(6528K)->6303K(6528K) NonClass: 5769K(5888K)->5769K(5888K) Class: 533K(640K)->533K(640K)
[3.124s][info][gc             ] GC(84) Pause Young (Allocation Failure) 503M->503M(575M) 12.804ms
[3.124s][info][gc,cpu         ] GC(84) User=0.02s Sys=0.00s Real=0.01s
[3.137s][info][gc,start       ] GC(85) Pause Young (Allocation Failure)
[3.152s][info][gc,heap        ] GC(85) PSYoungGen: 24192K(59392K)->12960K(59904K) Eden: 12800K(12800K)->0K(12800K) From: 11392K(46592K)->12960K(47104K)
[3.152s][info][gc,heap        ] GC(85) ParOldGen: 504035K(529920K)->515467K(529920K)
[3.152s][info][gc,metaspace   ] GC(85) Metaspace: 6303K(6528K)->6303K(6528K) NonClass: 5769K(5888K)->5769K(5888K) Class: 533K(640K)->533K(640K)
[3.152s][info][gc             ] GC(85) Pause Young (Allocation Failure) 515M->516M(576M) 14.118ms
[3.152s][info][gc,cpu         ] GC(85) User=0.02s Sys=0.00s Real=0.01s
[3.152s][info][gc,start       ] GC(86) Pause Full (Ergonomics)
[3.152s][info][gc,phases,start] GC(86) Marking Phase
[3.264s][info][gc,phases      ] GC(86) Marking Phase 112.715ms
[3.264s][info][gc,phases,start] GC(86) Summary Phase
[3.264s][info][gc,phases      ] GC(86) Summary Phase 0.039ms
[3.265s][info][gc,phases,start] GC(86) Adjust Roots
[3.265s][info][gc,phases      ] GC(86) Adjust Roots 0.153ms
[3.265s][info][gc,phases,start] GC(86) Compaction Phase
[3.312s][info][gc,phases      ] GC(86) Compaction Phase 47.795ms
[3.313s][info][gc,phases,start] GC(86) Post Compact
[3.313s][info][gc,phases      ] GC(86) Post Compact 0.816ms
[3.314s][info][gc,heap        ] GC(86) PSYoungGen: 12960K(59904K)->0K(60416K) Eden: 0K(12800K)->0K(14336K) From: 12960K(47104K)->0K(46080K)
[3.314s][info][gc,heap        ] GC(86) ParOldGen: 515467K(529920K)->527440K(592384K)
[3.314s][info][gc,metaspace   ] GC(86) Metaspace: 6303K(6528K)->6303K(6528K) NonClass: 5769K(5888K)->5769K(5888K) Class: 533K(640K)->533K(640K)
[3.314s][info][gc             ] GC(86) Pause Full (Ergonomics) 516M->515M(637M) 161.998ms
[3.314s][info][gc,cpu         ] GC(86) User=1.14s Sys=0.00s Real=0.16s
[3.330s][info][gc,start       ] GC(87) Pause Young (Allocation Failure)
[3.340s][info][gc,heap        ] GC(87) PSYoungGen: 14336K(60416K)->14432K(60416K) Eden: 14336K(14336K)->0K(14336K) From: 0K(46080K)->14432K(46080K)
[3.340s][info][gc,heap        ] GC(87) ParOldGen: 527440K(592384K)->527440K(592384K)
[3.340s][info][gc,metaspace   ] GC(87) Metaspace: 6303K(6528K)->6303K(6528K) NonClass: 5769K(5888K)->5769K(5888K) Class: 533K(640K)->533K(640K)
[3.340s][info][gc             ] GC(87) Pause Young (Allocation Failure) 529M->529M(637M) 10.123ms
[3.340s][info][gc,cpu         ] GC(87) User=0.02s Sys=0.00s Real=0.01s
[3.356s][info][gc,start       ] GC(88) Pause Young (Allocation Failure)
[3.371s][info][gc,heap        ] GC(88) PSYoungGen: 28768K(60416K)->28768K(59904K) Eden: 14336K(14336K)->0K(15360K) From: 14432K(46080K)->28768K(44544K)
[3.371s][info][gc,heap        ] GC(88) ParOldGen: 527440K(592384K)->527440K(592384K)
[3.371s][info][gc,metaspace   ] GC(88) Metaspace: 6303K(6528K)->6303K(6528K) NonClass: 5769K(5888K)->5769K(5888K) Class: 533K(640K)->533K(640K)
[3.371s][info][gc             ] GC(88) Pause Young (Allocation Failure) 543M->543M(637M) 15.410ms
[3.371s][info][gc,cpu         ] GC(88) User=0.02s Sys=0.00s Real=0.02s
[3.389s][info][gc,start       ] GC(89) Pause Young (Allocation Failure)
[3.411s][info][gc,heap        ] GC(89) PSYoungGen: 44128K(59904K)->44192K(60416K) Eden: 15360K(15360K)->0K(15360K) From: 28768K(44544K)->44192K(45056K)
[3.411s][info][gc,heap        ] GC(89) ParOldGen: 527440K(592384K)->527440K(592384K)
[3.411s][info][gc,metaspace   ] GC(89) Metaspace: 6303K(6528K)->6303K(6528K) NonClass: 5769K(5888K)->5769K(5888K) Class: 533K(640K)->533K(640K)
[3.411s][info][gc             ] GC(89) Pause Young (Allocation Failure) 558M->558M(637M) 22.079ms
[3.411s][info][gc,cpu         ] GC(89) User=0.14s Sys=0.00s Real=0.02s
[3.430s][info][gc,start       ] GC(90) Pause Young (Allocation Failure)
[3.458s][info][gc,heap        ] GC(90) PSYoungGen: 59552K(60416K)->51712K(58368K) Eden: 15360K(15360K)->0K(6656K) From: 44192K(45056K)->51712K(51712K)
[3.458s][info][gc,heap        ] GC(90) ParOldGen: 527440K(592384K)->535224K(592384K)
[3.458s][info][gc,metaspace   ] GC(90) Metaspace: 6303K(6528K)->6303K(6528K) NonClass: 5769K(5888K)->5769K(5888K) Class: 533K(640K)->533K(640K)
[3.458s][info][gc             ] GC(90) Pause Young (Allocation Failure) 573M->573M(635M) 28.705ms
[3.458s][info][gc,cpu         ] GC(90) User=0.12s Sys=0.02s Real=0.03s
[3.465s][info][gc,start       ] GC(91) Pause Young (Allocation Failure)
[3.492s][info][gc,heap        ] GC(91) PSYoungGen: 58368K(58368K)->33728K(68608K) Eden: 6656K(6656K)->0K(6656K) From: 51712K(51712K)->33728K(61952K)
[3.492s][info][gc,heap        ] GC(91) ParOldGen: 535224K(592384K)->560288K(592384K)
[3.492s][info][gc,metaspace   ] GC(91) Metaspace: 6303K(6528K)->6303K(6528K) NonClass: 5769K(5888K)->5769K(5888K) Class: 533K(640K)->533K(640K)
[3.492s][info][gc             ] GC(91) Pause Young (Allocation Failure) 579M->580M(645M) 26.301ms
[3.492s][info][gc,cpu         ] GC(91) User=0.12s Sys=0.02s Real=0.03s
[3.499s][info][gc,start       ] GC(92) Pause Young (Allocation Failure)
[3.519s][info][gc,heap        ] GC(92) PSYoungGen: 40384K(68608K)->13408K(67072K) Eden: 6656K(6656K)->0K(7680K) From: 33728K(61952K)->13408K(59392K)
[3.519s][info][gc,heap        ] GC(92) ParOldGen: 560288K(592384K)->587632K(592384K)
[3.519s][info][gc,metaspace   ] GC(92) Metaspace: 6303K(6528K)->6303K(6528K) NonClass: 5769K(5888K)->5769K(5888K) Class: 533K(640K)->533K(640K)
[3.519s][info][gc             ] GC(92) Pause Young (Allocation Failure) 586M->586M(644M) 20.236ms
[3.519s][info][gc,cpu         ] GC(92) User=0.11s Sys=0.02s Real=0.02s
[3.519s][info][gc,start       ] GC(93) Pause Full (Ergonomics)
[3.519s][info][gc,phases,start] GC(93) Marking Phase
[3.655s][info][gc,phases      ] GC(93) Marking Phase 135.119ms
[3.655s][info][gc,phases,start] GC(93) Summary Phase
[3.655s][info][gc,phases      ] GC(93) Summary Phase 0.041ms
[3.655s][info][gc,phases,start] GC(93) Adjust Roots
[3.655s][info][gc,phases      ] GC(93) Adjust Roots 0.260ms
[3.655s][info][gc,phases,start] GC(93) Compaction Phase
[3.712s][info][gc,phases      ] GC(93) Compaction Phase 56.601ms
[3.712s][info][gc,phases,start] GC(93) Post Compact
[3.713s][info][gc,phases      ] GC(93) Post Compact 1.118ms
[3.713s][info][gc,heap        ] GC(93) PSYoungGen: 13408K(67072K)->7629K(68096K) Eden: 0K(7680K)->0K(8704K) From: 13408K(59392K)->7629K(59392K)
[3.713s][info][gc,heap        ] GC(93) ParOldGen: 587632K(592384K)->592324K(668672K)
[3.713s][info][gc,metaspace   ] GC(93) Metaspace: 6303K(6528K)->6303K(6528K) NonClass: 5769K(5888K)->5769K(5888K) Class: 533K(640K)->533K(640K)
[3.713s][info][gc             ] GC(93) Pause Full (Ergonomics) 586M->585M(719M) 193.786ms
[3.713s][info][gc,cpu         ] GC(93) User=1.25s Sys=0.02s Real=0.19s
[3.724s][info][gc,start       ] GC(94) Pause Young (Allocation Failure)
[3.760s][info][gc,heap        ] GC(94) PSYoungGen: 16333K(68096K)->8832K(69120K) Eden: 8704K(8704K)->0K(8704K) From: 7629K(59392K)->8832K(60416K)
[3.760s][info][gc,heap        ] GC(94) ParOldGen: 592324K(668672K)->600084K(668672K)
[3.760s][info][gc,metaspace   ] GC(94) Metaspace: 6303K(6528K)->6303K(6528K) NonClass: 5769K(5888K)->5769K(5888K) Class: 533K(640K)->533K(640K)
[3.760s][info][gc             ] GC(94) Pause Young (Allocation Failure) 594M->594M(720M) 35.607ms
[3.760s][info][gc,cpu         ] GC(94) User=0.11s Sys=0.00s Real=0.04s
[3.770s][info][gc,start       ] GC(95) Pause Young (Allocation Failure)
[3.781s][info][gc,heap        ] GC(95) PSYoungGen: 17536K(69120K)->8832K(67584K) Eden: 8704K(8704K)->0K(9728K) From: 8832K(60416K)->8832K(57856K)
[3.781s][info][gc,heap        ] GC(95) ParOldGen: 600084K(668672K)->608924K(668672K)
[3.781s][info][gc,metaspace   ] GC(95) Metaspace: 6303K(6528K)->6303K(6528K) NonClass: 5769K(5888K)->5769K(5888K) Class: 533K(640K)->533K(640K)
[3.781s][info][gc             ] GC(95) Pause Young (Allocation Failure) 603M->603M(719M) 11.370ms
[3.781s][info][gc,cpu         ] GC(95) User=0.00s Sys=0.00s Real=0.01s
[3.793s][info][gc,start       ] GC(96) Pause Young (Allocation Failure)
[3.805s][info][gc,heap        ] GC(96) PSYoungGen: 18560K(67584K)->9824K(19968K) Eden: 9728K(9728K)->0K(9728K) From: 8832K(57856K)->9824K(10240K)
[3.805s][info][gc,heap        ] GC(96) ParOldGen: 608924K(668672K)->617748K(668672K)
[3.805s][info][gc,metaspace   ] GC(96) Metaspace: 6303K(6528K)->6303K(6528K) NonClass: 5769K(5888K)->5769K(5888K) Class: 533K(640K)->533K(640K)
[3.805s][info][gc             ] GC(96) Pause Young (Allocation Failure) 612M->612M(672M) 12.275ms
[3.805s][info][gc,cpu         ] GC(96) User=0.02s Sys=0.00s Real=0.01s
[3.817s][info][gc,start       ] GC(97) Pause Young (Allocation Failure)
[3.831s][info][gc,heap        ] GC(97) PSYoungGen: 19552K(19968K)->9824K(66048K) Eden: 9728K(9728K)->0K(11264K) From: 9824K(10240K)->9824K(54784K)
[3.831s][info][gc,heap        ] GC(97) ParOldGen: 617748K(668672K)->627620K(668672K)
[3.831s][info][gc,metaspace   ] GC(97) Metaspace: 6303K(6528K)->6303K(6528K) NonClass: 5769K(5888K)->5769K(5888K) Class: 533K(640K)->533K(640K)
[3.831s][info][gc             ] GC(97) Pause Young (Allocation Failure) 622M->622M(717M) 14.057ms
[3.831s][info][gc,cpu         ] GC(97) User=0.00s Sys=0.00s Real=0.01s
[3.846s][info][gc,start       ] GC(98) Pause Young (Allocation Failure)
[3.859s][info][gc,heap        ] GC(98) PSYoungGen: 21088K(66048K)->11328K(23040K) Eden: 11264K(11264K)->0K(11264K) From: 9824K(54784K)->11328K(11776K)
[3.859s][info][gc,heap        ] GC(98) ParOldGen: 627620K(668672K)->637484K(668672K)
[3.859s][info][gc,metaspace   ] GC(98) Metaspace: 6303K(6528K)->6303K(6528K) NonClass: 5769K(5888K)->5769K(5888K) Class: 533K(640K)->533K(640K)
[3.859s][info][gc             ] GC(98) Pause Young (Allocation Failure) 633M->633M(675M) 13.540ms
[3.859s][info][gc,cpu         ] GC(98) User=0.00s Sys=0.00s Real=0.01s
[3.872s][info][gc,start       ] GC(99) Pause Young (Allocation Failure)
[3.886s][info][gc,heap        ] GC(99) PSYoungGen: 22592K(23040K)->11360K(62464K) Eden: 11264K(11264K)->0K(12800K) From: 11328K(11776K)->11360K(49664K)
[3.886s][info][gc,heap        ] GC(99) ParOldGen: 637484K(668672K)->648908K(668672K)
[3.886s][info][gc,metaspace   ] GC(99) Metaspace: 6303K(6528K)->6303K(6528K) NonClass: 5769K(5888K)->5769K(5888K) Class: 533K(640K)->533K(640K)
[3.886s][info][gc             ] GC(99) Pause Young (Allocation Failure) 644M->644M(714M) 14.176ms
[3.886s][info][gc,cpu         ] GC(99) User=0.02s Sys=0.00s Real=0.01s
[3.886s][info][gc,start       ] GC(100) Pause Full (Ergonomics)
[3.886s][info][gc,phases,start] GC(100) Marking Phase
[4.034s][info][gc,phases      ] GC(100) Marking Phase 148.186ms
[4.035s][info][gc,phases,start] GC(100) Summary Phase
[4.035s][info][gc,phases      ] GC(100) Summary Phase 0.025ms
[4.035s][info][gc,phases,start] GC(100) Adjust Roots
[4.035s][info][gc,phases      ] GC(100) Adjust Roots 0.152ms
[4.035s][info][gc,phases,start] GC(100) Compaction Phase
[4.089s][info][gc,phases      ] GC(100) Compaction Phase 53.966ms
[4.089s][info][gc,phases,start] GC(100) Post Compact
[4.090s][info][gc,phases      ] GC(100) Post Compact 0.959ms
[4.090s][info][gc,heap        ] GC(100) PSYoungGen: 11360K(62464K)->0K(64512K) Eden: 0K(12800K)->0K(12800K) From: 11360K(49664K)->0K(51712K)
[4.090s][info][gc,heap        ] GC(100) ParOldGen: 648908K(668672K)->659149K(733184K)
[4.090s][info][gc,metaspace   ] GC(100) Metaspace: 6303K(6528K)->6303K(6528K) NonClass: 5769K(5888K)->5769K(5888K) Class: 533K(640K)->533K(640K)
[4.090s][info][gc             ] GC(100) Pause Full (Ergonomics) 644M->643M(779M) 203.763ms
[4.090s][info][gc,cpu         ] GC(100) User=1.47s Sys=0.02s Real=0.20s
[4.106s][info][gc,start       ] GC(101) Pause Young (Allocation Failure)
[4.116s][info][gc,heap        ] GC(101) PSYoungGen: 12800K(64512K)->12928K(61952K) Eden: 12800K(12800K)->0K(14336K) From: 0K(51712K)->12928K(47616K)
[4.116s][info][gc,heap        ] GC(101) ParOldGen: 659149K(733184K)->659149K(733184K)
[4.116s][info][gc,metaspace   ] GC(101) Metaspace: 6303K(6528K)->6303K(6528K) NonClass: 5769K(5888K)->5769K(5888K) Class: 533K(640K)->533K(640K)
[4.116s][info][gc             ] GC(101) Pause Young (Allocation Failure) 656M->656M(776M) 10.111ms
[4.116s][info][gc,cpu         ] GC(101) User=0.00s Sys=0.00s Real=0.01s
[4.133s][info][gc,start       ] GC(102) Pause Young (Allocation Failure)
[4.148s][info][gc,heap        ] GC(102) PSYoungGen: 27264K(61952K)->27264K(64000K) Eden: 14336K(14336K)->0K(14336K) From: 12928K(47616K)->27264K(49664K)
[4.148s][info][gc,heap        ] GC(102) ParOldGen: 659149K(733184K)->659149K(733184K)
[4.149s][info][gc,metaspace   ] GC(102) Metaspace: 6303K(6528K)->6303K(6528K) NonClass: 5769K(5888K)->5769K(5888K) Class: 533K(640K)->533K(640K)
[4.149s][info][gc             ] GC(102) Pause Young (Allocation Failure) 670M->670M(778M) 15.189ms
[4.149s][info][gc,cpu         ] GC(102) User=0.02s Sys=0.00s Real=0.02s
[4.167s][info][gc,start       ] GC(103) Pause Young (Allocation Failure)
[4.188s][info][gc,heap        ] GC(103) PSYoungGen: 41600K(64000K)->41568K(59904K) Eden: 14336K(14336K)->0K(10240K) From: 27264K(49664K)->41568K(49664K)
[4.188s][info][gc,heap        ] GC(103) ParOldGen: 659149K(733184K)->659149K(733184K)
[4.188s][info][gc,metaspace   ] GC(103) Metaspace: 6303K(6528K)->6303K(6528K) NonClass: 5769K(5888K)->5769K(5888K) Class: 533K(640K)->533K(640K)
[4.188s][info][gc             ] GC(103) Pause Young (Allocation Failure) 684M->684M(774M) 20.993ms
[4.188s][info][gc,cpu         ] GC(103) User=0.12s Sys=0.00s Real=0.02s
[4.327s][info][gc,start       ] GC(104) Pause Young (Allocation Failure)
[4.367s][info][gc,heap        ] GC(104) PSYoungGen: 51808K(59904K)->51840K(65536K) Eden: 10240K(10240K)->0K(10240K) From: 41568K(49664K)->51840K(55296K)
[4.367s][info][gc,heap        ] GC(104) ParOldGen: 691917K(733184K)->691917K(733184K)
[4.367s][info][gc,metaspace   ] GC(104) Metaspace: 6303K(6528K)->6303K(6528K) NonClass: 5769K(5888K)->5769K(5888K) Class: 533K(640K)->533K(640K)
[4.367s][info][gc             ] GC(104) Pause Young (Allocation Failure) 726M->726M(780M) 39.915ms
[4.367s][info][gc,cpu         ] GC(104) User=0.27s Sys=0.00s Real=0.04s
[4.378s][info][gc,start       ] GC(105) Pause Young (Allocation Failure)
[4.409s][info][gc,heap        ] GC(105) PSYoungGen: 62080K(65536K)->62112K(64000K) Eden: 10240K(10240K)->0K(1024K) From: 51840K(55296K)->62112K(62976K)
[4.409s][info][gc,heap        ] GC(105) ParOldGen: 691917K(733184K)->691917K(733184K)
[4.409s][info][gc,metaspace   ] GC(105) Metaspace: 6303K(6528K)->6303K(6528K) NonClass: 5769K(5888K)->5769K(5888K) Class: 533K(640K)->533K(640K)
[4.409s][info][gc             ] GC(105) Pause Young (Allocation Failure) 736M->736M(778M) 31.121ms
[4.409s][info][gc,cpu         ] GC(105) User=0.11s Sys=0.00s Real=0.03s
[4.410s][info][gc,start       ] GC(106) Pause Young (Allocation Failure)
[4.443s][info][gc,heap        ] GC(106) PSYoungGen: 63136K(64000K)->50240K(74240K) Eden: 1024K(1024K)->0K(1024K) From: 62112K(62976K)->50240K(73216K)
[4.443s][info][gc,heap        ] GC(106) ParOldGen: 691917K(733184K)->704909K(733184K)
[4.443s][info][gc,metaspace   ] GC(106) Metaspace: 6303K(6528K)->6303K(6528K) NonClass: 5769K(5888K)->5769K(5888K) Class: 533K(640K)->533K(640K)
[4.443s][info][gc             ] GC(106) Pause Young (Allocation Failure) 737M->737M(788M) 32.450ms
[4.443s][info][gc,cpu         ] GC(106) User=0.16s Sys=0.00s Real=0.03s
[4.444s][info][gc,start       ] GC(107) Pause Young (Allocation Failure)
[4.471s][info][gc,heap        ] GC(107) PSYoungGen: 51264K(74240K)->22592K(72192K) Eden: 1024K(1024K)->0K(1536K) From: 50240K(73216K)->22592K(70656K)
[4.471s][info][gc,heap        ] GC(107) ParOldGen: 704909K(733184K)->733989K(734208K)
[4.471s][info][gc,metaspace   ] GC(107) Metaspace: 6303K(6528K)->6303K(6528K) NonClass: 5769K(5888K)->5769K(5888K) Class: 533K(640K)->533K(640K)
[4.471s][info][gc             ] GC(107) Pause Young (Allocation Failure) 738M->738M(787M) 27.284ms
[4.472s][info][gc,cpu         ] GC(107) User=0.12s Sys=0.00s Real=0.03s
[4.472s][info][gc,start       ] GC(108) Pause Full (Ergonomics)
[4.472s][info][gc,phases,start] GC(108) Marking Phase
[4.644s][info][gc,phases      ] GC(108) Marking Phase 172.897ms
[4.645s][info][gc,phases,start] GC(108) Summary Phase
[4.645s][info][gc,phases      ] GC(108) Summary Phase 0.035ms
[4.645s][info][gc,phases,start] GC(108) Adjust Roots
[4.645s][info][gc,phases      ] GC(108) Adjust Roots 0.288ms
[4.645s][info][gc,phases,start] GC(108) Compaction Phase
[4.765s][info][gc,phases      ] GC(108) Compaction Phase 119.706ms
[4.765s][info][gc,phases,start] GC(108) Post Compact
[4.766s][info][gc,phases      ] GC(108) Post Compact 1.437ms
[4.766s][info][gc,heap        ] GC(108) PSYoungGen: 22592K(72192K)->5547K(72704K) Eden: 0K(1536K)->0K(2048K) From: 22592K(70656K)->5547K(70656K)
[4.766s][info][gc,heap        ] GC(108) ParOldGen: 733989K(734208K)->733760K(817664K)
[4.767s][info][gc,metaspace   ] GC(108) Metaspace: 6303K(6528K)->6303K(6528K) NonClass: 5769K(5888K)->5769K(5888K) Class: 533K(640K)->533K(640K)
[4.767s][info][gc             ] GC(108) Pause Full (Ergonomics) 738M->721M(869M) 294.971ms
[4.767s][info][gc,cpu         ] GC(108) User=1.73s Sys=0.00s Real=0.29s
[4.770s][info][gc,start       ] GC(109) Pause Young (Allocation Failure)
[4.806s][info][gc,heap        ] GC(109) PSYoungGen: 7595K(72704K)->2784K(75776K) Eden: 2048K(2048K)->0K(2048K) From: 5547K(70656K)->2784K(73728K)
[4.806s][info][gc,heap        ] GC(109) ParOldGen: 733760K(817664K)->738768K(817664K)
[4.806s][info][gc,metaspace   ] GC(109) Metaspace: 6303K(6528K)->6303K(6528K) NonClass: 5769K(5888K)->5769K(5888K) Class: 533K(640K)->533K(640K)
[4.806s][info][gc             ] GC(109) Pause Young (Allocation Failure) 723M->724M(872M) 36.222ms
[4.806s][info][gc,cpu         ] GC(109) User=0.14s Sys=0.00s Real=0.04s
[4.808s][info][gc,start       ] GC(110) Pause Young (Allocation Failure)
[4.820s][info][gc,heap        ] GC(110) PSYoungGen: 4832K(75776K)->4640K(74240K) Eden: 2048K(2048K)->0K(2560K) From: 2784K(73728K)->4640K(71680K)
[4.820s][info][gc,heap        ] GC(110) ParOldGen: 738768K(817664K)->738976K(817664K)
[4.820s][info][gc,metaspace   ] GC(110) Metaspace: 6303K(6528K)->6303K(6528K) NonClass: 5769K(5888K)->5769K(5888K) Class: 533K(640K)->533K(640K)
[4.820s][info][gc             ] GC(110) Pause Young (Allocation Failure) 726M->726M(871M) 11.633ms
[4.820s][info][gc,cpu         ] GC(110) User=0.00s Sys=0.00s Real=0.01s
[4.823s][info][gc,start       ] GC(111) Pause Young (Allocation Failure)
[4.839s][info][gc,heap        ] GC(111) PSYoungGen: 7200K(74240K)->4704K(7680K) Eden: 2560K(2560K)->0K(2560K) From: 4640K(71680K)->4704K(5120K)
[4.839s][info][gc,heap        ] GC(111) ParOldGen: 738976K(817664K)->741480K(817664K)
[4.839s][info][gc,metaspace   ] GC(111) Metaspace: 6303K(6528K)->6303K(6528K) NonClass: 5769K(5888K)->5769K(5888K) Class: 533K(640K)->533K(640K)
[4.839s][info][gc             ] GC(111) Pause Young (Allocation Failure) 728M->728M(806M) 15.907ms
[4.839s][info][gc,cpu         ] GC(111) User=0.00s Sys=0.00s Real=0.02s
[4.843s][info][gc,start       ] GC(112) Pause Young (Allocation Failure)
[4.852s][info][gc,heap        ] GC(112) PSYoungGen: 7264K(7680K)->2688K(71680K) Eden: 2560K(2560K)->0K(3072K) From: 4704K(5120K)->2688K(68608K)
[4.852s][info][gc,heap        ] GC(112) ParOldGen: 741480K(817664K)->746136K(817664K)
[4.852s][info][gc,metaspace   ] GC(112) Metaspace: 6303K(6528K)->6303K(6528K) NonClass: 5769K(5888K)->5769K(5888K) Class: 533K(640K)->533K(640K)
[4.853s][info][gc             ] GC(112) Pause Young (Allocation Failure) 731M->731M(868M) 9.572ms
[4.853s][info][gc,cpu         ] GC(112) User=0.02s Sys=0.00s Real=0.01s
[4.856s][info][gc,start       ] GC(113) Pause Young (Allocation Failure)
[4.866s][info][gc,heap        ] GC(113) PSYoungGen: 5760K(71680K)->3168K(6656K) Eden: 3072K(3072K)->0K(3072K) From: 2688K(68608K)->3168K(3584K)
[4.866s][info][gc,heap        ] GC(113) ParOldGen: 746136K(817664K)->748728K(817664K)
[4.866s][info][gc,metaspace   ] GC(113) Metaspace: 6303K(6528K)->6303K(6528K) NonClass: 5769K(5888K)->5769K(5888K) Class: 533K(640K)->533K(640K)
[4.866s][info][gc             ] GC(113) Pause Young (Allocation Failure) 734M->734M(805M) 9.765ms
[4.866s][info][gc,cpu         ] GC(113) User=0.02s Sys=0.00s Real=0.01s
[4.869s][info][gc,start       ] GC(114) Pause Young (Allocation Failure)
[4.878s][info][gc,heap        ] GC(114) PSYoungGen: 6240K(6656K)->3136K(68096K) Eden: 3072K(3072K)->0K(4096K) From: 3168K(3584K)->3136K(64000K)
[4.878s][info][gc,heap        ] GC(114) ParOldGen: 748728K(817664K)->751848K(817664K)
[4.878s][info][gc,metaspace   ] GC(114) Metaspace: 6303K(6528K)->6303K(6528K) NonClass: 5769K(5888K)->5769K(5888K) Class: 533K(640K)->533K(640K)
[4.878s][info][gc             ] GC(114) Pause Young (Allocation Failure) 737M->737M(865M) 8.875ms
[4.878s][info][gc,cpu         ] GC(114) User=0.00s Sys=0.00s Real=0.01s
[4.882s][info][gc,start       ] GC(115) Pause Young (Allocation Failure)
[4.894s][info][gc,heap        ] GC(115) PSYoungGen: 7232K(68096K)->4256K(8704K) Eden: 4096K(4096K)->0K(4096K) From: 3136K(64000K)->4256K(4608K)
[4.894s][info][gc,heap        ] GC(115) ParOldGen: 751848K(817664K)->754960K(817664K)
[4.894s][info][gc,metaspace   ] GC(115) Metaspace: 6303K(6528K)->6303K(6528K) NonClass: 5769K(5888K)->5769K(5888K) Class: 533K(640K)->533K(640K)
[4.894s][info][gc             ] GC(115) Pause Young (Allocation Failure) 741M->741M(807M) 11.884ms
[4.894s][info][gc,cpu         ] GC(115) User=0.00s Sys=0.00s Real=0.01s
[4.898s][info][gc,start       ] GC(116) Pause Young (Allocation Failure)
[4.909s][info][gc,heap        ] GC(116) PSYoungGen: 8352K(8704K)->4256K(62464K) Eden: 4096K(4096K)->0K(5120K) From: 4256K(4608K)->4256K(57344K)
[4.909s][info][gc,heap        ] GC(116) ParOldGen: 754960K(817664K)->759120K(817664K)
[4.909s][info][gc,metaspace   ] GC(116) Metaspace: 6303K(6528K)->6303K(6528K) NonClass: 5769K(5888K)->5769K(5888K) Class: 533K(640K)->533K(640K)
[4.909s][info][gc             ] GC(116) Pause Young (Allocation Failure) 745M->745M(859M) 11.441ms
[4.909s][info][gc,cpu         ] GC(116) User=0.00s Sys=0.00s Real=0.01s
[4.915s][info][gc,start       ] GC(117) Pause Young (Allocation Failure)
[4.928s][info][gc,heap        ] GC(117) PSYoungGen: 9376K(62464K)->5280K(10752K) Eden: 5120K(5120K)->0K(5120K) From: 4256K(57344K)->5280K(5632K)
[4.928s][info][gc,heap        ] GC(117) ParOldGen: 759120K(817664K)->763280K(817664K)
[4.928s][info][gc,metaspace   ] GC(117) Metaspace: 6303K(6528K)->6303K(6528K) NonClass: 5769K(5888K)->5769K(5888K) Class: 533K(640K)->533K(640K)
[4.928s][info][gc             ] GC(117) Pause Young (Allocation Failure) 750M->750M(809M) 12.980ms
[4.928s][info][gc,cpu         ] GC(117) User=0.00s Sys=0.00s Real=0.01s
[4.933s][info][gc,start       ] GC(118) Pause Young (Allocation Failure)
[4.946s][info][gc,heap        ] GC(118) PSYoungGen: 10400K(10752K)->5216K(57856K) Eden: 5120K(5120K)->0K(6144K) From: 5280K(5632K)->5216K(51712K)
[4.946s][info][gc,heap        ] GC(118) ParOldGen: 763280K(817664K)->768464K(817664K)
[4.946s][info][gc,metaspace   ] GC(118) Metaspace: 6303K(6528K)->6303K(6528K) NonClass: 5769K(5888K)->5769K(5888K) Class: 533K(640K)->533K(640K)
[4.946s][info][gc             ] GC(118) Pause Young (Allocation Failure) 755M->755M(855M) 12.874ms
[4.946s][info][gc,cpu         ] GC(118) User=0.02s Sys=0.00s Real=0.01s
[4.953s][info][gc,start       ] GC(119) Pause Young (Allocation Failure)
[4.964s][info][gc,heap        ] GC(119) PSYoungGen: 11360K(57856K)->6272K(12800K) Eden: 6144K(6144K)->0K(6144K) From: 5216K(51712K)->6272K(6656K)
[4.964s][info][gc,heap        ] GC(119) ParOldGen: 768464K(817664K)->773656K(817664K)
[4.965s][info][gc,metaspace   ] GC(119) Metaspace: 6303K(6528K)->6303K(6528K) NonClass: 5769K(5888K)->5769K(5888K) Class: 533K(640K)->533K(640K)
[4.965s][info][gc             ] GC(119) Pause Young (Allocation Failure) 761M->761M(811M) 11.727ms
[4.965s][info][gc,cpu         ] GC(119) User=0.02s Sys=0.00s Real=0.01s
[4.971s][info][gc,start       ] GC(120) Pause Young (Allocation Failure)
[4.983s][info][gc,heap        ] GC(120) PSYoungGen: 12416K(12800K)->6304K(52736K) Eden: 6144K(6144K)->0K(7168K) From: 6272K(6656K)->6304K(45568K)
[4.983s][info][gc,heap        ] GC(120) ParOldGen: 773656K(817664K)->779880K(817664K)
[4.983s][info][gc,metaspace   ] GC(120) Metaspace: 6303K(6528K)->6303K(6528K) NonClass: 5769K(5888K)->5769K(5888K) Class: 533K(640K)->533K(640K)
[4.983s][info][gc             ] GC(120) Pause Young (Allocation Failure) 767M->767M(850M) 12.669ms
[4.983s][info][gc,cpu         ] GC(120) User=0.02s Sys=0.00s Real=0.01s
[4.991s][info][gc,start       ] GC(121) Pause Young (Allocation Failure)
[5.002s][info][gc,heap        ] GC(121) PSYoungGen: 13472K(52736K)->7296K(14848K) Eden: 7168K(7168K)->0K(7168K) From: 6304K(45568K)->7296K(7680K)
[5.002s][info][gc,heap        ] GC(121) ParOldGen: 779880K(817664K)->786112K(817664K)
[5.003s][info][gc,metaspace   ] GC(121) Metaspace: 6303K(6528K)->6303K(6528K) NonClass: 5769K(5888K)->5769K(5888K) Class: 533K(640K)->533K(640K)
[5.003s][info][gc             ] GC(121) Pause Young (Allocation Failure) 774M->774M(813M) 11.967ms
[5.003s][info][gc,cpu         ] GC(121) User=0.00s Sys=0.00s Real=0.01s
[5.010s][info][gc,start       ] GC(122) Pause Young (Allocation Failure)
[5.023s][info][gc,heap        ] GC(122) PSYoungGen: 14464K(14848K)->7296K(48128K) Eden: 7168K(7168K)->0K(8192K) From: 7296K(7680K)->7296K(39936K)
[5.023s][info][gc,heap        ] GC(122) ParOldGen: 786112K(817664K)->793376K(817664K)
[5.023s][info][gc,metaspace   ] GC(122) Metaspace: 6303K(6528K)->6303K(6528K) NonClass: 5769K(5888K)->5769K(5888K) Class: 533K(640K)->533K(640K)
[5.023s][info][gc             ] GC(122) Pause Young (Allocation Failure) 781M->781M(845M) 13.520ms
[5.023s][info][gc,cpu         ] GC(122) User=0.02s Sys=0.00s Real=0.01s
[5.031s][info][gc,start       ] GC(123) Pause Young (Allocation Failure)
[5.044s][info][gc,heap        ] GC(123) PSYoungGen: 15488K(48128K)->8320K(16896K) Eden: 8192K(8192K)->0K(8192K) From: 7296K(39936K)->8320K(8704K)
[5.044s][info][gc,heap        ] GC(123) ParOldGen: 793376K(817664K)->800656K(817664K)
[5.044s][info][gc,metaspace   ] GC(123) Metaspace: 6303K(6528K)->6303K(6528K) NonClass: 5769K(5888K)->5769K(5888K) Class: 533K(640K)->533K(640K)
[5.044s][info][gc             ] GC(123) Pause Young (Allocation Failure) 789M->790M(815M) 12.891ms
[5.044s][info][gc,cpu         ] GC(123) User=0.02s Sys=0.00s Real=0.01s
[5.053s][info][gc,start       ] GC(124) Pause Young (Allocation Failure)
[5.067s][info][gc,heap        ] GC(124) PSYoungGen: 16512K(16896K)->8256K(45056K) Eden: 8192K(8192K)->0K(9728K) From: 8320K(8704K)->8256K(35328K)
[5.067s][info][gc,heap        ] GC(124) ParOldGen: 800656K(817664K)->808960K(817664K)
[5.067s][info][gc,metaspace   ] GC(124) Metaspace: 6303K(6528K)->6303K(6528K) NonClass: 5769K(5888K)->5769K(5888K) Class: 533K(640K)->533K(640K)
[5.067s][info][gc             ] GC(124) Pause Young (Allocation Failure) 798M->798M(842M) 13.736ms
[5.067s][info][gc,cpu         ] GC(124) User=0.00s Sys=0.00s Real=0.01s
[5.067s][info][gc,start       ] GC(125) Pause Full (Ergonomics)
[5.067s][info][gc,phases,start] GC(125) Marking Phase
[5.243s][info][gc,phases      ] GC(125) Marking Phase 176.644ms
[5.244s][info][gc,phases,start] GC(125) Summary Phase
[5.244s][info][gc,phases      ] GC(125) Summary Phase 0.027ms
[5.244s][info][gc,phases,start] GC(125) Adjust Roots
[5.244s][info][gc,phases      ] GC(125) Adjust Roots 0.158ms
[5.244s][info][gc,phases,start] GC(125) Compaction Phase
[5.324s][info][gc,phases      ] GC(125) Compaction Phase 79.945ms
[5.324s][info][gc,phases,start] GC(125) Post Compact
[5.325s][info][gc,phases      ] GC(125) Post Compact 1.354ms
[5.325s][info][gc,heap        ] GC(125) PSYoungGen: 8256K(45056K)->0K(47616K) Eden: 0K(9728K)->0K(9728K) From: 8256K(35328K)->0K(37888K)
[5.325s][info][gc,heap        ] GC(125) ParOldGen: 808960K(817664K)->815608K(892928K)
[5.325s][info][gc,metaspace   ] GC(125) Metaspace: 6303K(6528K)->6303K(6528K) NonClass: 5769K(5888K)->5769K(5888K) Class: 533K(640K)->533K(640K)
[5.326s][info][gc             ] GC(125) Pause Full (Ergonomics) 798M->796M(918M) 258.702ms
[5.326s][info][gc,cpu         ] GC(125) User=1.72s Sys=0.02s Real=0.26s
[5.336s][info][gc,start       ] GC(126) Pause Young (Allocation Failure)
[5.348s][info][gc,heap        ] GC(126) PSYoungGen: 9728K(47616K)->9856K(43008K) Eden: 9728K(9728K)->0K(10752K) From: 0K(37888K)->9856K(32256K)
[5.348s][info][gc,heap        ] GC(126) ParOldGen: 815608K(892928K)->815608K(892928K)
[5.348s][info][gc,metaspace   ] GC(126) Metaspace: 6303K(6528K)->6303K(6528K) NonClass: 5769K(5888K)->5769K(5888K) Class: 533K(640K)->533K(640K)
[5.348s][info][gc             ] GC(126) Pause Young (Allocation Failure) 805M->806M(914M) 12.454ms
[5.348s][info][gc,cpu         ] GC(126) User=0.00s Sys=0.00s Real=0.01s
[5.360s][info][gc,start       ] GC(127) Pause Young (Allocation Failure)
[5.375s][info][gc,heap        ] GC(127) PSYoungGen: 20608K(43008K)->10880K(22016K) Eden: 10752K(10752K)->0K(10752K) From: 9856K(32256K)->10880K(11264K)
[5.376s][info][gc,heap        ] GC(127) ParOldGen: 815608K(892928K)->825480K(892928K)
[5.376s][info][gc,metaspace   ] GC(127) Metaspace: 6303K(6528K)->6303K(6528K) NonClass: 5769K(5888K)->5769K(5888K) Class: 533K(640K)->533K(640K)
[5.376s][info][gc             ] GC(127) Pause Young (Allocation Failure) 816M->816M(893M) 15.657ms
[5.376s][info][gc,cpu         ] GC(127) User=0.02s Sys=0.00s Real=0.01s
[5.387s][info][gc,start       ] GC(128) Pause Young (Allocation Failure)
[5.402s][info][gc,heap        ] GC(128) PSYoungGen: 21632K(22016K)->10912K(40960K) Eden: 10752K(10752K)->0K(12288K) From: 10880K(11264K)->10912K(28672K)
[5.402s][info][gc,heap        ] GC(128) ParOldGen: 825480K(892928K)->836384K(892928K)
[5.402s][info][gc,metaspace   ] GC(128) Metaspace: 6303K(6528K)->6303K(6528K) NonClass: 5769K(5888K)->5769K(5888K) Class: 533K(640K)->533K(640K)
[5.402s][info][gc             ] GC(128) Pause Young (Allocation Failure) 827M->827M(912M) 15.071ms
[5.402s][info][gc,cpu         ] GC(128) User=0.00s Sys=0.00s Real=0.02s
[5.415s][info][gc,start       ] GC(129) Pause Young (Allocation Failure)
[5.430s][info][gc,heap        ] GC(129) PSYoungGen: 23200K(40960K)->12480K(43008K) Eden: 12288K(12288K)->0K(12288K) From: 10912K(28672K)->12480K(30720K)
[5.430s][info][gc,heap        ] GC(129) ParOldGen: 836384K(892928K)->847280K(892928K)
[5.430s][info][gc,metaspace   ] GC(129) Metaspace: 6303K(6528K)->6303K(6528K) NonClass: 5769K(5888K)->5769K(5888K) Class: 533K(640K)->533K(640K)
[5.430s][info][gc             ] GC(129) Pause Young (Allocation Failure) 839M->839M(914M) 15.622ms
[5.430s][info][gc,cpu         ] GC(129) User=0.00s Sys=0.00s Real=0.02s
[5.443s][info][gc,start       ] GC(130) Pause Young (Allocation Failure)
[5.459s][info][gc,heap        ] GC(130) PSYoungGen: 24768K(43008K)->12416K(41472K) Eden: 12288K(12288K)->0K(13824K) From: 12480K(30720K)->12416K(27648K)
[5.459s][info][gc,heap        ] GC(130) ParOldGen: 847280K(892928K)->859728K(892928K)
[5.459s][info][gc,metaspace   ] GC(130) Metaspace: 6303K(6528K)->6303K(6528K) NonClass: 5769K(5888K)->5769K(5888K) Class: 533K(640K)->533K(640K)
[5.460s][info][gc             ] GC(130) Pause Young (Allocation Failure) 851M->851M(912M) 16.338ms
[5.460s][info][gc,cpu         ] GC(130) User=0.02s Sys=0.00s Real=0.02s
[5.475s][info][gc,start       ] GC(131) Pause Young (Allocation Failure)
[5.491s][info][gc,heap        ] GC(131) PSYoungGen: 26240K(41472K)->13888K(42496K) Eden: 13824K(13824K)->0K(13824K) From: 12416K(27648K)->13888K(28672K)
[5.491s][info][gc,heap        ] GC(131) ParOldGen: 859728K(892928K)->872176K(892928K)
[5.491s][info][gc,metaspace   ] GC(131) Metaspace: 6303K(6528K)->6303K(6528K) NonClass: 5769K(5888K)->5769K(5888K) Class: 533K(640K)->533K(640K)
[5.491s][info][gc             ] GC(131) Pause Young (Allocation Failure) 865M->865M(913M) 16.296ms
[5.491s][info][gc,cpu         ] GC(131) User=0.00s Sys=0.00s Real=0.02s
[5.505s][info][gc,start       ] GC(132) Pause Young (Allocation Failure)
[5.522s][info][gc,heap        ] GC(132) PSYoungGen: 27712K(42496K)->13952K(42496K) Eden: 13824K(13824K)->0K(15872K) From: 13888K(28672K)->13952K(26624K)
[5.522s][info][gc,heap        ] GC(132) ParOldGen: 872176K(892928K)->886184K(892928K)
[5.522s][info][gc,metaspace   ] GC(132) Metaspace: 6303K(6528K)->6303K(6528K) NonClass: 5769K(5888K)->5769K(5888K) Class: 533K(640K)->533K(640K)
[5.522s][info][gc             ] GC(132) Pause Young (Allocation Failure) 878M->879M(913M) 16.699ms
[5.522s][info][gc,cpu         ] GC(132) User=0.02s Sys=0.00s Real=0.02s
[5.522s][info][gc,start       ] GC(133) Pause Full (Ergonomics)
[5.522s][info][gc,phases,start] GC(133) Marking Phase
[5.726s][info][gc,phases      ] GC(133) Marking Phase 203.373ms
[5.726s][info][gc,phases,start] GC(133) Summary Phase
[5.726s][info][gc,phases      ] GC(133) Summary Phase 0.028ms
[5.726s][info][gc,phases,start] GC(133) Adjust Roots
[5.726s][info][gc,phases      ] GC(133) Adjust Roots 0.151ms
[5.726s][info][gc,phases,start] GC(133) Compaction Phase
[5.810s][info][gc,phases      ] GC(133) Compaction Phase 84.656ms
[5.811s][info][gc,phases,start] GC(133) Post Compact
[5.812s][info][gc,phases      ] GC(133) Post Compact 1.616ms
[5.813s][info][gc,heap        ] GC(133) PSYoungGen: 13952K(42496K)->6134K(43008K) Eden: 0K(15872K)->0K(16384K) From: 13952K(26624K)->6134K(26624K)
[5.813s][info][gc,heap        ] GC(133) ParOldGen: 886184K(892928K)->892706K(982016K)
[5.813s][info][gc,metaspace   ] GC(133) Metaspace: 6303K(6528K)->6303K(6528K) NonClass: 5769K(5888K)->5769K(5888K) Class: 533K(640K)->533K(640K)
[5.813s][info][gc             ] GC(133) Pause Full (Ergonomics) 879M->877M(1001M) 290.569ms
[5.813s][info][gc,cpu         ] GC(133) User=1.98s Sys=0.02s Real=0.29s
[5.835s][info][gc,start       ] GC(134) Pause Young (Allocation Failure)
[5.882s][info][gc,heap        ] GC(134) PSYoungGen: 22518K(43008K)->16512K(43520K) Eden: 16384K(16384K)->0K(16384K) From: 6134K(26624K)->16512K(27136K)
[5.882s][info][gc,heap        ] GC(134) ParOldGen: 892706K(982016K)->898946K(982016K)
[5.882s][info][gc,metaspace   ] GC(134) Metaspace: 6303K(6528K)->6303K(6528K) NonClass: 5769K(5888K)->5769K(5888K) Class: 533K(640K)->533K(640K)
[5.882s][info][gc             ] GC(134) Pause Young (Allocation Failure) 893M->894M(1001M) 47.295ms
[5.882s][info][gc,cpu         ] GC(134) User=0.27s Sys=0.00s Real=0.05s
[5.900s][info][gc,start       ] GC(135) Pause Young (Allocation Failure)
[5.919s][info][gc,heap        ] GC(135) PSYoungGen: 32896K(43520K)->27648K(39936K) Eden: 16384K(16384K)->0K(12288K) From: 16512K(27136K)->27648K(27648K)
[5.919s][info][gc,heap        ] GC(135) ParOldGen: 898946K(982016K)->904146K(982016K)
[5.919s][info][gc,metaspace   ] GC(135) Metaspace: 6303K(6528K)->6303K(6528K) NonClass: 5769K(5888K)->5769K(5888K) Class: 533K(640K)->533K(640K)
[5.919s][info][gc             ] GC(135) Pause Young (Allocation Failure) 910M->909M(998M) 19.543ms
[5.919s][info][gc,cpu         ] GC(135) User=0.05s Sys=0.00s Real=0.02s
[5.933s][info][gc,start       ] GC(136) Pause Young (Allocation Failure)
[5.956s][info][gc,heap        ] GC(136) PSYoungGen: 39936K(39936K)->12416K(46080K) Eden: 12288K(12288K)->0K(12288K) From: 27648K(27648K)->12416K(33792K)
[5.956s][info][gc,heap        ] GC(136) ParOldGen: 904146K(982016K)->932162K(982016K)
[5.956s][info][gc,metaspace   ] GC(136) Metaspace: 6303K(6528K)->6303K(6528K) NonClass: 5769K(5888K)->5769K(5888K) Class: 533K(640K)->533K(640K)
[5.956s][info][gc             ] GC(136) Pause Young (Allocation Failure) 921M->922M(1004M) 22.881ms
[5.956s][info][gc,cpu         ] GC(136) User=0.12s Sys=0.00s Real=0.02s
[5.970s][info][gc,start       ] GC(137) Pause Young (Allocation Failure)
[5.987s][info][gc,heap        ] GC(137) PSYoungGen: 24704K(46080K)->12448K(43008K) Eden: 12288K(12288K)->0K(13824K) From: 12416K(33792K)->12448K(29184K)
[5.987s][info][gc,heap        ] GC(137) ParOldGen: 932162K(982016K)->944634K(982016K)
[5.987s][info][gc,metaspace   ] GC(137) Metaspace: 6303K(6528K)->6303K(6528K) NonClass: 5769K(5888K)->5769K(5888K) Class: 533K(640K)->533K(640K)
[5.987s][info][gc             ] GC(137) Pause Young (Allocation Failure) 934M->934M(1001M) 17.146ms
[5.987s][info][gc,cpu         ] GC(137) User=0.03s Sys=0.00s Real=0.02s
[6.002s][info][gc,start       ] GC(138) Pause Young (Allocation Failure)
[6.023s][info][gc,heap        ] GC(138) PSYoungGen: 26272K(43008K)->13920K(44544K) Eden: 13824K(13824K)->0K(13824K) From: 12448K(29184K)->13920K(30720K)
[6.023s][info][gc,heap        ] GC(138) ParOldGen: 944634K(982016K)->957114K(982016K)
[6.023s][info][gc,metaspace   ] GC(138) Metaspace: 6303K(6528K)->6303K(6528K) NonClass: 5769K(5888K)->5769K(5888K) Class: 533K(640K)->533K(640K)
[6.023s][info][gc             ] GC(138) Pause Young (Allocation Failure) 948M->948M(1002M) 20.644ms
[6.023s][info][gc,cpu         ] GC(138) User=0.03s Sys=0.00s Real=0.02s
[6.039s][info][gc,start       ] GC(139) Pause Young (Allocation Failure)
[6.057s][info][gc,heap        ] GC(139) PSYoungGen: 27744K(44544K)->13984K(41984K) Eden: 13824K(13824K)->0K(15872K) From: 13920K(30720K)->13984K(26112K)
[6.057s][info][gc,heap        ] GC(139) ParOldGen: 957114K(982016K)->971130K(982016K)
[6.057s][info][gc,metaspace   ] GC(139) Metaspace: 6303K(6528K)->6303K(6528K) NonClass: 5769K(5888K)->5769K(5888K) Class: 533K(640K)->533K(640K)
[6.057s][info][gc             ] GC(139) Pause Young (Allocation Failure) 961M->962M(1000M) 18.303ms
[6.057s][info][gc,cpu         ] GC(139) User=0.03s Sys=0.00s Real=0.02s
[6.057s][info][gc,start       ] GC(140) Pause Full (Ergonomics)
[6.057s][info][gc,phases,start] GC(140) Marking Phase
[6.277s][info][gc,phases      ] GC(140) Marking Phase 220.346ms
[6.277s][info][gc,phases,start] GC(140) Summary Phase
[6.277s][info][gc,phases      ] GC(140) Summary Phase 0.024ms
[6.277s][info][gc,phases,start] GC(140) Adjust Roots
[6.278s][info][gc,phases      ] GC(140) Adjust Roots 0.156ms
[6.278s][info][gc,phases,start] GC(140) Compaction Phase
[6.366s][info][gc,phases      ] GC(140) Compaction Phase 88.632ms
[6.366s][info][gc,phases,start] GC(140) Post Compact
[6.368s][info][gc,phases      ] GC(140) Post Compact 1.754ms
[6.369s][info][gc,heap        ] GC(140) PSYoungGen: 13984K(41984K)->2055K(43520K) Eden: 0K(15872K)->0K(17408K) From: 13984K(26112K)->2055K(26112K)
[6.369s][info][gc,heap        ] GC(140) ParOldGen: 971130K(982016K)->981593K(1082880K)
[6.369s][info][gc,metaspace   ] GC(140) Metaspace: 6303K(6528K)->6303K(6528K) NonClass: 5769K(5888K)->5769K(5888K) Class: 533K(640K)->533K(640K)
[6.369s][info][gc             ] GC(140) Pause Full (Ergonomics) 962M->960M(1100M) 311.617ms
[6.369s][info][gc,cpu         ] GC(140) User=2.14s Sys=0.00s Real=0.31s
[6.388s][info][gc,start       ] GC(141) Pause Young (Allocation Failure)
[6.448s][info][gc,heap        ] GC(141) PSYoungGen: 19463K(43520K)->17568K(45056K) Eden: 17408K(17408K)->0K(17408K) From: 2055K(26112K)->17568K(27648K)
[6.448s][info][gc,heap        ] GC(141) ParOldGen: 981593K(1082880K)->983705K(1082880K)
[6.448s][info][gc,metaspace   ] GC(141) Metaspace: 6303K(6528K)->6303K(6528K) NonClass: 5769K(5888K)->5769K(5888K) Class: 533K(640K)->533K(640K)
[6.448s][info][gc             ] GC(141) Pause Young (Allocation Failure) 977M->977M(1101M) 60.128ms
[6.448s][info][gc,cpu         ] GC(141) User=0.23s Sys=0.00s Real=0.06s
[6.468s][info][gc,start       ] GC(142) Pause Young (Allocation Failure)
[6.493s][info][gc,heap        ] GC(142) PSYoungGen: 34976K(45056K)->27648K(40960K) Eden: 17408K(17408K)->0K(13312K) From: 17568K(27648K)->27648K(27648K)
[6.493s][info][gc,heap        ] GC(142) ParOldGen: 983705K(1082880K)->991001K(1082880K)
[6.493s][info][gc,metaspace   ] GC(142) Metaspace: 6303K(6528K)->6303K(6528K) NonClass: 5769K(5888K)->5769K(5888K) Class: 533K(640K)->533K(640K)
[6.493s][info][gc             ] GC(142) Pause Young (Allocation Failure) 994M->994M(1097M) 24.824ms
[6.493s][info][gc,cpu         ] GC(142) User=0.03s Sys=0.00s Real=0.02s
[6.508s][info][gc,start       ] GC(143) Pause Young (Allocation Failure)
[6.531s][info][gc,heap        ] GC(143) PSYoungGen: 40960K(40960K)->13440K(47104K) Eden: 13312K(13312K)->0K(13312K) From: 27648K(27648K)->13440K(33792K)
[6.531s][info][gc,heap        ] GC(143) ParOldGen: 991001K(1082880K)->1019025K(1082880K)
[6.531s][info][gc,metaspace   ] GC(143) Metaspace: 6303K(6528K)->6303K(6528K) NonClass: 5769K(5888K)->5769K(5888K) Class: 533K(640K)->533K(640K)
[6.531s][info][gc             ] GC(143) Pause Young (Allocation Failure) 1007M->1008M(1103M) 23.492ms
[6.531s][info][gc,cpu         ] GC(143) User=0.12s Sys=0.00s Real=0.02s
[6.546s][info][gc,start       ] GC(144) Pause Young (Allocation Failure)
[6.565s][info][gc,heap        ] GC(144) PSYoungGen: 26752K(47104K)->13440K(45568K) Eden: 13312K(13312K)->0K(15360K) From: 13440K(33792K)->13440K(30208K)
[6.565s][info][gc,heap        ] GC(144) ParOldGen: 1019025K(1082880K)->1032545K(1082880K)
[6.565s][info][gc,metaspace   ] GC(144) Metaspace: 6303K(6528K)->6303K(6528K) NonClass: 5769K(5888K)->5769K(5888K) Class: 533K(640K)->533K(640K)
[6.565s][info][gc             ] GC(144) Pause Young (Allocation Failure) 1021M->1021M(1102M) 18.535ms
[6.565s][info][gc,cpu         ] GC(144) User=0.02s Sys=0.00s Real=0.02s
[6.583s][info][gc,start       ] GC(145) Pause Young (Allocation Failure)
[6.601s][info][gc,heap        ] GC(145) PSYoungGen: 28800K(45568K)->15488K(46592K) Eden: 15360K(15360K)->0K(15360K) From: 13440K(30208K)->15488K(31232K)
[6.601s][info][gc,heap        ] GC(145) ParOldGen: 1032545K(1082880K)->1046049K(1082880K)
[6.601s][info][gc,metaspace   ] GC(145) Metaspace: 6303K(6528K)->6303K(6528K) NonClass: 5769K(5888K)->5769K(5888K) Class: 533K(640K)->533K(640K)
[6.601s][info][gc             ] GC(145) Pause Young (Allocation Failure) 1036M->1036M(1103M) 18.602ms
[6.601s][info][gc,cpu         ] GC(145) User=0.09s Sys=0.02s Real=0.02s
[6.619s][info][gc,start       ] GC(146) Pause Young (Allocation Failure)
[6.640s][info][gc,heap        ] GC(146) PSYoungGen: 30848K(46592K)->15456K(44544K) Eden: 15360K(15360K)->0K(17408K) From: 15488K(31232K)->15456K(27136K)
[6.640s][info][gc,heap        ] GC(146) ParOldGen: 1046049K(1082880K)->1061625K(1082880K)
[6.640s][info][gc,metaspace   ] GC(146) Metaspace: 6303K(6528K)->6303K(6528K) NonClass: 5769K(5888K)->5769K(5888K) Class: 533K(640K)->533K(640K)
[6.640s][info][gc             ] GC(146) Pause Young (Allocation Failure) 1051M->1051M(1101M) 20.935ms
[6.640s][info][gc,cpu         ] GC(146) User=0.05s Sys=0.00s Real=0.02s
[6.640s][info][gc,start       ] GC(147) Pause Full (Ergonomics)
[6.640s][info][gc,phases,start] GC(147) Marking Phase
[6.891s][info][gc,phases      ] GC(147) Marking Phase 251.343ms
[6.891s][info][gc,phases,start] GC(147) Summary Phase
[6.891s][info][gc,phases      ] GC(147) Summary Phase 0.035ms
[6.891s][info][gc,phases,start] GC(147) Adjust Roots
[6.891s][info][gc,phases      ] GC(147) Adjust Roots 0.157ms
[6.891s][info][gc,phases,start] GC(147) Compaction Phase
[6.979s][info][gc,phases      ] GC(147) Compaction Phase 87.818ms
[6.979s][info][gc,phases,start] GC(147) Post Compact
[6.981s][info][gc,phases      ] GC(147) Post Compact 2.056ms
[6.982s][info][gc,heap        ] GC(147) PSYoungGen: 15456K(44544K)->0K(46080K) Eden: 0K(17408K)->0K(17408K) From: 15456K(27136K)->0K(28672K)
[6.982s][info][gc,heap        ] GC(147) ParOldGen: 1061625K(1082880K)->1075617K(1188864K)
[6.982s][info][gc,metaspace   ] GC(147) Metaspace: 6303K(6528K)->6303K(6528K) NonClass: 5769K(5888K)->5769K(5888K) Class: 533K(640K)->533K(640K)
[6.982s][info][gc             ] GC(147) Pause Full (Ergonomics) 1051M->1050M(1206M) 342.227ms
[6.982s][info][gc,cpu         ] GC(147) User=2.48s Sys=0.00s Real=0.34s
[7.002s][info][gc,start       ] GC(148) Pause Young (Allocation Failure)
[7.018s][info][gc,heap        ] GC(148) PSYoungGen: 17408K(46080K)->17536K(46080K) Eden: 17408K(17408K)->0K(18944K) From: 0K(28672K)->17536K(27136K)
[7.018s][info][gc,heap        ] GC(148) ParOldGen: 1075617K(1188864K)->1075617K(1188864K)
[7.018s][info][gc,metaspace   ] GC(148) Metaspace: 6303K(6528K)->6303K(6528K) NonClass: 5769K(5888K)->5769K(5888K) Class: 533K(640K)->533K(640K)
[7.018s][info][gc             ] GC(148) Pause Young (Allocation Failure) 1067M->1067M(1206M) 16.119ms
[7.018s][info][gc,cpu         ] GC(148) User=0.02s Sys=0.00s Real=0.02s
[7.041s][info][gc,start       ] GC(149) Pause Young (Allocation Failure)
[7.065s][info][gc,heap        ] GC(149) PSYoungGen: 36480K(46080K)->28160K(47104K) Eden: 18944K(18944K)->0K(18944K) From: 17536K(27136K)->28160K(28160K)
[7.065s][info][gc,heap        ] GC(149) ParOldGen: 1075617K(1188864K)->1083929K(1188864K)
[7.065s][info][gc,metaspace   ] GC(149) Metaspace: 6303K(6528K)->6303K(6528K) NonClass: 5769K(5888K)->5769K(5888K) Class: 533K(640K)->533K(640K)
[7.065s][info][gc             ] GC(149) Pause Young (Allocation Failure) 1086M->1086M(1207M) 24.059ms
[7.065s][info][gc,cpu         ] GC(149) User=0.12s Sys=0.00s Real=0.02s
[7.088s][info][gc,start       ] GC(150) Pause Young (Allocation Failure)
[7.118s][info][gc,heap        ] GC(150) PSYoungGen: 47104K(47104K)->19072K(53248K) Eden: 18944K(18944K)->0K(20992K) From: 28160K(28160K)->19072K(32256K)
[7.118s][info][gc,heap        ] GC(150) ParOldGen: 1083929K(1188864K)->1112457K(1188864K)
[7.118s][info][gc,metaspace   ] GC(150) Metaspace: 6303K(6528K)->6303K(6528K) NonClass: 5769K(5888K)->5769K(5888K) Class: 533K(640K)->533K(640K)
[7.118s][info][gc             ] GC(150) Pause Young (Allocation Failure) 1104M->1105M(1213M) 30.014ms
[7.118s][info][gc,cpu         ] GC(150) User=0.11s Sys=0.02s Real=0.03s
[7.144s][info][gc,start       ] GC(151) Pause Young (Allocation Failure)
[7.169s][info][gc,heap        ] GC(151) PSYoungGen: 40064K(53248K)->33280K(54272K) Eden: 20992K(20992K)->0K(20992K) From: 19072K(32256K)->33280K(33280K)
[7.169s][info][gc,heap        ] GC(151) ParOldGen: 1112457K(1188864K)->1119249K(1188864K)
[7.169s][info][gc,metaspace   ] GC(151) Metaspace: 6303K(6528K)->6303K(6528K) NonClass: 5769K(5888K)->5769K(5888K) Class: 533K(640K)->533K(640K)
[7.169s][info][gc             ] GC(151) Pause Young (Allocation Failure) 1125M->1125M(1214M) 25.820ms
[7.169s][info][gc,cpu         ] GC(151) User=0.09s Sys=0.00s Real=0.03s
[7.195s][info][gc,start       ] GC(152) Pause Young (Allocation Failure)
[7.229s][info][gc,heap        ] GC(152) PSYoungGen: 54272K(54272K)->21120K(60416K) Eden: 20992K(20992K)->0K(23552K) From: 33280K(33280K)->21120K(36864K)
[7.229s][info][gc,heap        ] GC(152) ParOldGen: 1119249K(1188864K)->1152921K(1188864K)
[7.229s][info][gc,metaspace   ] GC(152) Metaspace: 6303K(6528K)->6303K(6528K) NonClass: 5769K(5888K)->5769K(5888K) Class: 533K(640K)->533K(640K)
[7.229s][info][gc             ] GC(152) Pause Young (Allocation Failure) 1146M->1146M(1220M) 34.010ms
[7.229s][info][gc,cpu         ] GC(152) User=0.16s Sys=0.00s Real=0.03s
[7.258s][info][gc,start       ] GC(153) Pause Young (Allocation Failure)
[7.288s][info][gc,heap        ] GC(153) PSYoungGen: 44672K(60416K)->23744K(61952K) Eden: 23552K(23552K)->0K(23552K) From: 21120K(36864K)->23744K(38400K)
[7.288s][info][gc,heap        ] GC(153) ParOldGen: 1152921K(1188864K)->1174193K(1188864K)
[7.288s][info][gc,metaspace   ] GC(153) Metaspace: 6303K(6528K)->6303K(6528K) NonClass: 5769K(5888K)->5769K(5888K) Class: 533K(640K)->533K(640K)
[7.288s][info][gc             ] GC(153) Pause Young (Allocation Failure) 1169M->1169M(1221M) 29.340ms
[7.288s][info][gc,cpu         ] GC(153) User=0.14s Sys=0.00s Real=0.03s
[7.288s][info][gc,start       ] GC(154) Pause Full (Ergonomics)
[7.288s][info][gc,phases,start] GC(154) Marking Phase
[7.566s][info][gc,phases      ] GC(154) Marking Phase 277.618ms
[7.566s][info][gc,phases,start] GC(154) Summary Phase
[7.566s][info][gc,phases      ] GC(154) Summary Phase 0.036ms
[7.566s][info][gc,phases,start] GC(154) Adjust Roots
[7.566s][info][gc,phases      ] GC(154) Adjust Roots 0.178ms
[7.566s][info][gc,phases,start] GC(154) Compaction Phase
[7.670s][info][gc,phases      ] GC(154) Compaction Phase 104.651ms
[7.671s][info][gc,phases,start] GC(154) Post Compact
[7.673s][info][gc,phases      ] GC(154) Post Compact 2.198ms
[7.673s][info][gc,heap        ] GC(154) PSYoungGen: 23744K(61952K)->7683K(61952K) Eden: 0K(23552K)->0K(23552K) From: 23744K(38400K)->7683K(38400K)
[7.673s][info][gc,heap        ] GC(154) ParOldGen: 1174193K(1188864K)->1188580K(1320448K)
[7.673s][info][gc,metaspace   ] GC(154) Metaspace: 6303K(6528K)->6303K(6528K) NonClass: 5769K(5888K)->5769K(5888K) Class: 533K(640K)->533K(640K)
[7.673s][info][gc             ] GC(154) Pause Full (Ergonomics) 1169M->1168M(1350M) 385.430ms
[7.673s][info][gc,cpu         ] GC(154) User=2.52s Sys=0.03s Real=0.38s
[7.702s][info][gc,start       ] GC(155) Pause Young (Allocation Failure)
[7.772s][info][gc,heap        ] GC(155) PSYoungGen: 31235K(61952K)->23712K(62976K) Eden: 23552K(23552K)->0K(26112K) From: 7683K(38400K)->23712K(36864K)
[7.772s][info][gc,heap        ] GC(155) ParOldGen: 1188580K(1320448K)->1196396K(1320448K)
[7.772s][info][gc,metaspace   ] GC(155) Metaspace: 6303K(6528K)->6303K(6528K) NonClass: 5769K(5888K)->5769K(5888K) Class: 533K(640K)->533K(640K)
[7.772s][info][gc             ] GC(155) Pause Young (Allocation Failure) 1191M->1191M(1351M) 69.547ms
[7.772s][info][gc,cpu         ] GC(155) User=0.41s Sys=0.00s Real=0.07s
[7.803s][info][gc,start       ] GC(156) Pause Young (Allocation Failure)
[7.833s][info][gc,heap        ] GC(156) PSYoungGen: 49824K(62976K)->37376K(63488K) Eden: 26112K(26112K)->0K(26112K) From: 23712K(36864K)->37376K(37376K)
[7.833s][info][gc,heap        ] GC(156) ParOldGen: 1196396K(1320448K)->1208884K(1320448K)
[7.833s][info][gc,metaspace   ] GC(156) Metaspace: 6303K(6528K)->6303K(6528K) NonClass: 5769K(5888K)->5769K(5888K) Class: 533K(640K)->533K(640K)
[7.833s][info][gc             ] GC(156) Pause Young (Allocation Failure) 1217M->1217M(1351M) 29.861ms
[7.833s][info][gc,cpu         ] GC(156) User=0.14s Sys=0.00s Real=0.03s
[7.865s][info][gc,start       ] GC(157) Pause Young (Allocation Failure)
[7.901s][info][gc,heap        ] GC(157) PSYoungGen: 63488K(63488K)->26240K(73216K) Eden: 26112K(26112K)->0K(29184K) From: 37376K(37376K)->26240K(44032K)
[7.901s][info][gc,heap        ] GC(157) ParOldGen: 1208884K(1320448K)->1246756K(1320448K)
[7.901s][info][gc,metaspace   ] GC(157) Metaspace: 6303K(6528K)->6303K(6528K) NonClass: 5769K(5888K)->5769K(5888K) Class: 533K(640K)->533K(640K)
[7.901s][info][gc             ] GC(157) Pause Young (Allocation Failure) 1242M->1243M(1361M) 35.737ms
[7.901s][info][gc,cpu         ] GC(157) User=0.22s Sys=0.03s Real=0.04s
[7.939s][info][gc,start       ] GC(158) Pause Young (Allocation Failure)
[7.970s][info][gc,heap        ] GC(158) PSYoungGen: 55424K(73216K)->45056K(74240K) Eden: 29184K(29184K)->0K(29184K) From: 26240K(44032K)->45056K(45056K)
[7.970s][info][gc,heap        ] GC(158) ParOldGen: 1246756K(1320448K)->1257180K(1320448K)
[7.970s][info][gc,metaspace   ] GC(158) Metaspace: 6303K(6528K)->6303K(6528K) NonClass: 5769K(5888K)->5769K(5888K) Class: 533K(640K)->533K(640K)
[7.970s][info][gc             ] GC(158) Pause Young (Allocation Failure) 1271M->1271M(1362M) 31.710ms
[7.970s][info][gc,cpu         ] GC(158) User=0.14s Sys=0.00s Real=0.03s
[7.994s][info][gc,start       ] GC(159) Pause Young (Allocation Failure)
[8.028s][info][gc,heap        ] GC(159) PSYoungGen: 74240K(74240K)->15328K(84992K) Eden: 29184K(29184K)->0K(32256K) From: 45056K(45056K)->15328K(52736K)
[8.028s][info][gc,heap        ] GC(159) ParOldGen: 1257180K(1320448K)->1302804K(1320448K)
[8.028s][info][gc,metaspace   ] GC(159) Metaspace: 6303K(6528K)->6303K(6528K) NonClass: 5769K(5888K)->5769K(5888K) Class: 533K(640K)->533K(640K)
[8.028s][info][gc             ] GC(159) Pause Young (Allocation Failure) 1300M->1287M(1372M) 33.706ms
[8.028s][info][gc,cpu         ] GC(159) User=0.17s Sys=0.00s Real=0.03s
[8.028s][info][gc,start       ] GC(160) Pause Full (Ergonomics)
[8.028s][info][gc,phases,start] GC(160) Marking Phase
[8.316s][info][gc,phases      ] GC(160) Marking Phase 288.151ms
[8.316s][info][gc,phases,start] GC(160) Summary Phase
[8.316s][info][gc,phases      ] GC(160) Summary Phase 0.053ms
[8.316s][info][gc,phases,start] GC(160) Adjust Roots
[8.316s][info][gc,phases      ] GC(160) Adjust Roots 0.167ms
[8.316s][info][gc,phases,start] GC(160) Compaction Phase
[8.427s][info][gc,phases      ] GC(160) Compaction Phase 110.704ms
[8.427s][info][gc,phases,start] GC(160) Post Compact
[8.430s][info][gc,phases      ] GC(160) Post Compact 2.416ms
[8.430s][info][gc,heap        ] GC(160) PSYoungGen: 15328K(84992K)->0K(86016K) Eden: 0K(32256K)->0K(32256K) From: 15328K(52736K)->0K(53760K)
[8.430s][info][gc,heap        ] GC(160) ParOldGen: 1302804K(1320448K)->1316238K(1470976K)
[8.430s][info][gc,metaspace   ] GC(160) Metaspace: 6303K(6528K)->6303K(6528K) NonClass: 5769K(5888K)->5769K(5888K) Class: 533K(640K)->533K(640K)
[8.430s][info][gc             ] GC(160) Pause Full (Ergonomics) 1287M->1285M(1520M) 402.347ms
[8.430s][info][gc,cpu         ] GC(160) User=2.94s Sys=0.02s Real=0.40s
[8.468s][info][gc,start       ] GC(161) Pause Young (Allocation Failure)
[8.487s][info][gc,heap        ] GC(161) PSYoungGen: 32256K(86016K)->26496K(83456K) Eden: 32256K(32256K)->0K(35328K) From: 0K(53760K)->26496K(48128K)
[8.487s][info][gc,heap        ] GC(161) ParOldGen: 1316238K(1470976K)->1316238K(1470976K)
[8.487s][info][gc,metaspace   ] GC(161) Metaspace: 6303K(6528K)->6303K(6528K) NonClass: 5769K(5888K)->5769K(5888K) Class: 533K(640K)->533K(640K)
[8.487s][info][gc             ] GC(161) Pause Young (Allocation Failure) 1316M->1311M(1518M) 18.876ms
[8.487s][info][gc,cpu         ] GC(161) User=0.03s Sys=0.00s Real=0.02s
[8.532s][info][gc,start       ] GC(162) Pause Young (Allocation Failure)
[8.569s][info][gc,heap        ] GC(162) PSYoungGen: 61824K(83456K)->51200K(86528K) Eden: 35328K(35328K)->0K(35328K) From: 26496K(48128K)->51200K(51200K)
[8.569s][info][gc,heap        ] GC(162) ParOldGen: 1316238K(1470976K)->1326870K(1470976K)
[8.569s][info][gc,metaspace   ] GC(162) Metaspace: 6303K(6528K)->6303K(6528K) NonClass: 5769K(5888K)->5769K(5888K) Class: 533K(640K)->533K(640K)
[8.569s][info][gc             ] GC(162) Pause Young (Allocation Failure) 1345M->1345M(1521M) 36.771ms
[8.569s][info][gc,cpu         ] GC(162) User=0.16s Sys=0.02s Real=0.04s
[8.864s][info][gc,start       ] GC(163) Pause Young (Allocation Failure)
[8.937s][info][gc,heap        ] GC(163) PSYoungGen: 86528K(86528K)->61952K(82432K) Eden: 35328K(35328K)->0K(20480K) From: 51200K(51200K)->61952K(61952K)
[8.938s][info][gc,heap        ] GC(163) ParOldGen: 1392406K(1470976K)->1417350K(1470976K)
[8.938s][info][gc,metaspace   ] GC(163) Metaspace: 6303K(6528K)->6303K(6528K) NonClass: 5769K(5888K)->5769K(5888K) Class: 533K(640K)->533K(640K)
[8.938s][info][gc             ] GC(163) Pause Young (Allocation Failure) 1444M->1444M(1517M) 73.507ms
[8.938s][info][gc,cpu         ] GC(163) User=0.41s Sys=0.08s Real=0.07s
[8.957s][info][gc,start       ] GC(164) Pause Young (Allocation Failure)
[8.999s][info][gc,heap        ] GC(164) PSYoungGen: 82432K(82432K)->20672K(100352K) Eden: 20480K(20480K)->0K(20480K) From: 61952K(61952K)->20672K(79872K)
[8.999s][info][gc,heap        ] GC(164) ParOldGen: 1417350K(1470976K)->1480006K(1480192K)
[8.999s][info][gc,metaspace   ] GC(164) Metaspace: 6303K(6528K)->6303K(6528K) NonClass: 5769K(5888K)->5769K(5888K) Class: 533K(640K)->533K(640K)
[8.999s][info][gc             ] GC(164) Pause Young (Allocation Failure) 1464M->1465M(1543M) 42.017ms
[8.999s][info][gc,cpu         ] GC(164) User=0.12s Sys=0.03s Real=0.04s
[8.999s][info][gc,start       ] GC(165) Pause Full (Ergonomics)
[8.999s][info][gc,phases,start] GC(165) Marking Phase
[9.320s][info][gc,phases      ] GC(165) Marking Phase 320.862ms
[9.320s][info][gc,phases,start] GC(165) Summary Phase
[9.320s][info][gc,phases      ] GC(165) Summary Phase 0.043ms
[9.320s][info][gc,phases,start] GC(165) Adjust Roots
[9.320s][info][gc,phases      ] GC(165) Adjust Roots 0.172ms
[9.320s][info][gc,phases,start] GC(165) Compaction Phase
[9.555s][info][gc,phases      ] GC(165) Compaction Phase 234.719ms
[9.555s][info][gc,phases,start] GC(165) Post Compact
[9.558s][info][gc,phases      ] GC(165) Post Compact 3.366ms
[9.559s][info][gc,heap        ] GC(165) PSYoungGen: 20672K(100352K)->0K(100352K) Eden: 0K(20480K)->0K(22528K) From: 20672K(79872K)->0K(77824K)
[9.559s][info][gc,heap        ] GC(165) ParOldGen: 1480006K(1480192K)->1466320K(1644032K)
[9.559s][info][gc,metaspace   ] GC(165) Metaspace: 6303K(6528K)->6303K(6528K) NonClass: 5769K(5888K)->5769K(5888K) Class: 533K(640K)->533K(640K)
[9.559s][info][gc             ] GC(165) Pause Full (Ergonomics) 1465M->1431M(1703M) 560.230ms
[9.559s][info][gc,cpu         ] GC(165) User=3.75s Sys=0.00s Real=0.56s
[9.581s][info][gc,start       ] GC(166) Pause Young (Allocation Failure)
[9.603s][info][gc,heap        ] GC(166) PSYoungGen: 22528K(100352K)->22688K(100352K) Eden: 22528K(22528K)->0K(22528K) From: 0K(77824K)->22688K(77824K)
[9.603s][info][gc,heap        ] GC(166) ParOldGen: 1466320K(1644032K)->1466320K(1644032K)
[9.603s][info][gc,metaspace   ] GC(166) Metaspace: 6303K(6528K)->6303K(6528K) NonClass: 5769K(5888K)->5769K(5888K) Class: 533K(640K)->533K(640K)
[9.603s][info][gc             ] GC(166) Pause Young (Allocation Failure) 1453M->1454M(1703M) 21.973ms
[9.603s][info][gc,cpu         ] GC(166) User=0.02s Sys=0.00s Real=0.02s
[9.623s][info][gc,start       ] GC(167) Pause Young (Allocation Failure)
[9.653s][info][gc,heap        ] GC(167) PSYoungGen: 45216K(100352K)->45248K(100352K) Eden: 22528K(22528K)->0K(24576K) From: 22688K(77824K)->45248K(75776K)
[9.653s][info][gc,heap        ] GC(167) ParOldGen: 1466320K(1644032K)->1466320K(1644032K)
[9.653s][info][gc,metaspace   ] GC(167) Metaspace: 6303K(6528K)->6303K(6528K) NonClass: 5769K(5888K)->5769K(5888K) Class: 533K(640K)->533K(640K)
[9.653s][info][gc             ] GC(167) Pause Young (Allocation Failure) 1476M->1476M(1703M) 29.815ms
[9.653s][info][gc,cpu         ] GC(167) User=0.05s Sys=0.00s Real=0.03s
[9.678s][info][gc,start       ] GC(168) Pause Young (Allocation Failure)
[9.714s][info][gc,heap        ] GC(168) PSYoungGen: 69824K(100352K)->69824K(100352K) Eden: 24576K(24576K)->0K(24576K) From: 45248K(75776K)->69824K(75776K)
[9.715s][info][gc,heap        ] GC(168) ParOldGen: 1466320K(1644032K)->1466320K(1644032K)
[9.715s][info][gc,metaspace   ] GC(168) Metaspace: 6303K(6528K)->6303K(6528K) NonClass: 5769K(5888K)->5769K(5888K) Class: 533K(640K)->533K(640K)
[9.715s][info][gc             ] GC(168) Pause Young (Allocation Failure) 1500M->1500M(1703M) 36.936ms
[9.715s][info][gc,cpu         ] GC(168) User=0.16s Sys=0.00s Real=0.04s
[9.740s][info][gc,start       ] GC(169) Pause Young (Allocation Failure)
[9.787s][info][gc,heap        ] GC(169) PSYoungGen: 94400K(100352K)->84992K(95744K) Eden: 24576K(24576K)->0K(10752K) From: 69824K(75776K)->84992K(84992K)
[9.787s][info][gc,heap        ] GC(169) ParOldGen: 1466320K(1644032K)->1475736K(1644032K)
[9.787s][info][gc,metaspace   ] GC(169) Metaspace: 6303K(6528K)->6303K(6528K) NonClass: 5769K(5888K)->5769K(5888K) Class: 533K(640K)->533K(640K)
[9.787s][info][gc             ] GC(169) Pause Young (Allocation Failure) 1524M->1524M(1699M) 47.079ms
[9.787s][info][gc,cpu         ] GC(169) User=0.20s Sys=0.06s Real=0.05s
[9.798s][info][gc,start       ] GC(170) Pause Young (Allocation Failure)
[9.842s][info][gc,heap        ] GC(170) PSYoungGen: 95744K(95744K)->73440K(112128K) Eden: 10752K(10752K)->0K(10752K) From: 84992K(84992K)->73440K(101376K)
[9.842s][info][gc,heap        ] GC(170) ParOldGen: 1475736K(1644032K)->1498440K(1644032K)
[9.842s][info][gc,metaspace   ] GC(170) Metaspace: 6303K(6528K)->6303K(6528K) NonClass: 5769K(5888K)->5769K(5888K) Class: 533K(640K)->533K(640K)
[9.842s][info][gc             ] GC(170) Pause Young (Allocation Failure) 1534M->1535M(1715M) 44.068ms
[9.842s][info][gc,cpu         ] GC(170) User=0.30s Sys=0.06s Real=0.04s
[9.854s][info][gc,start       ] GC(171) Pause Young (Allocation Failure)
[9.894s][info][gc,heap        ] GC(171) PSYoungGen: 84192K(112128K)->61760K(118784K) Eden: 10752K(10752K)->0K(12288K) From: 73440K(101376K)->61760K(106496K)
[9.894s][info][gc,heap        ] GC(171) ParOldGen: 1498440K(1644032K)->1521192K(1644032K)
[9.894s][info][gc,metaspace   ] GC(171) Metaspace: 6303K(6528K)->6303K(6528K) NonClass: 5769K(5888K)->5769K(5888K) Class: 533K(640K)->533K(640K)
[9.894s][info][gc             ] GC(171) Pause Young (Allocation Failure) 1545M->1545M(1721M) 40.612ms
[9.894s][info][gc,cpu         ] GC(171) User=0.25s Sys=0.00s Real=0.04s
[9.908s][info][gc,start       ] GC(172) Pause Young (Allocation Failure)
[9.947s][info][gc,heap        ] GC(172) PSYoungGen: 74048K(118784K)->33920K(46592K) Eden: 12288K(12288K)->0K(12288K) From: 61760K(106496K)->33920K(34304K)
[9.947s][info][gc,heap        ] GC(172) ParOldGen: 1521192K(1644032K)->1561776K(1644032K)
[9.947s][info][gc,metaspace   ] GC(172) Metaspace: 6303K(6528K)->6303K(6528K) NonClass: 5769K(5888K)->5769K(5888K) Class: 533K(640K)->533K(640K)
[9.947s][info][gc             ] GC(172) Pause Young (Allocation Failure) 1557M->1558M(1651M) 38.584ms
[9.947s][info][gc,cpu         ] GC(172) User=0.28s Sys=0.09s Real=0.04s
[9.959s][info][gc,start       ] GC(173) Pause Young (Allocation Failure)
[9.990s][info][gc,heap        ] GC(173) PSYoungGen: 46208K(46592K)->24736K(113152K) Eden: 12288K(12288K)->0K(14336K) From: 33920K(34304K)->24736K(98816K)
[9.990s][info][gc,heap        ] GC(173) ParOldGen: 1561776K(1644032K)->1583544K(1644032K)
[9.990s][info][gc,metaspace   ] GC(173) Metaspace: 6303K(6528K)->6303K(6528K) NonClass: 5769K(5888K)->5769K(5888K) Class: 533K(640K)->533K(640K)
[9.990s][info][gc             ] GC(173) Pause Young (Allocation Failure) 1570M->1570M(1716M) 30.865ms
[9.990s][info][gc,cpu         ] GC(173) User=0.03s Sys=0.00s Real=0.03s
[10.004s][info][gc,start       ] GC(174) Pause Young (Allocation Failure)
[10.031s][info][gc,heap        ] GC(174) PSYoungGen: 39072K(113152K)->14432K(115200K) Eden: 14336K(14336K)->0K(14336K) From: 24736K(98816K)->14432K(100864K)
[10.031s][info][gc,heap        ] GC(174) ParOldGen: 1583544K(1644032K)->1608424K(1644032K)
[10.031s][info][gc,metaspace   ] GC(174) Metaspace: 6303K(6528K)->6303K(6528K) NonClass: 5769K(5888K)->5769K(5888K) Class: 533K(640K)->533K(640K)
[10.031s][info][gc             ] GC(174) Pause Young (Allocation Failure) 1584M->1584M(1718M) 26.905ms
[10.031s][info][gc,cpu         ] GC(174) User=0.02s Sys=0.00s Real=0.03s
[10.031s][info][gc,start       ] GC(175) Pause Full (Ergonomics)
[10.031s][info][gc,phases,start] GC(175) Marking Phase
[10.396s][info][gc,phases      ] GC(175) Marking Phase 364.987ms
[10.396s][info][gc,phases,start] GC(175) Summary Phase
[10.396s][info][gc,phases      ] GC(175) Summary Phase 0.056ms
[10.396s][info][gc,phases,start] GC(175) Adjust Roots
[10.396s][info][gc,phases      ] GC(175) Adjust Roots 0.271ms
[10.396s][info][gc,phases,start] GC(175) Compaction Phase
[10.555s][info][gc,phases      ] GC(175) Compaction Phase 158.726ms
[10.555s][info][gc,phases,start] GC(175) Post Compact
[10.558s][info][gc,phases      ] GC(175) Post Compact 3.132ms
[10.559s][info][gc,heap        ] GC(175) PSYoungGen: 14432K(115200K)->0K(116736K) Eden: 0K(14336K)->0K(16384K) From: 14432K(100864K)->0K(100352K)
[10.559s][info][gc,heap        ] GC(175) ParOldGen: 1608424K(1644032K)->1620664K(1803264K)
[10.559s][info][gc,metaspace   ] GC(175) Metaspace: 6303K(6528K)->6303K(6528K) NonClass: 5769K(5888K)->5769K(5888K) Class: 533K(640K)->533K(640K)
[10.559s][info][gc             ] GC(175) Pause Full (Ergonomics) 1584M->1582M(1875M) 528.086ms
[10.559s][info][gc,cpu         ] GC(175) User=3.58s Sys=0.05s Real=0.53s
[10.577s][info][gc,start       ] GC(176) Pause Young (Allocation Failure)
[10.596s][info][gc,heap        ] GC(176) PSYoungGen: 16384K(116736K)->16480K(116736K) Eden: 16384K(16384K)->0K(16384K) From: 0K(100352K)->16480K(100352K)
[10.596s][info][gc,heap        ] GC(176) ParOldGen: 1620664K(1803264K)->1620664K(1803264K)
[10.596s][info][gc,metaspace   ] GC(176) Metaspace: 6303K(6528K)->6303K(6528K) NonClass: 5769K(5888K)->5769K(5888K) Class: 533K(640K)->533K(640K)
[10.596s][info][gc             ] GC(176) Pause Young (Allocation Failure) 1598M->1598M(1875M) 18.767ms
[10.596s][info][gc,cpu         ] GC(176) User=0.03s Sys=0.00s Real=0.02s
[10.612s][info][gc,start       ] GC(177) Pause Young (Allocation Failure)
[10.638s][info][gc,heap        ] GC(177) PSYoungGen: 32864K(116736K)->16576K(113152K) Eden: 16384K(16384K)->0K(18432K) From: 16480K(100352K)->16576K(94720K)
[10.638s][info][gc,heap        ] GC(177) ParOldGen: 1620664K(1803264K)->1637248K(1803264K)
[10.638s][info][gc,metaspace   ] GC(177) Metaspace: 6303K(6528K)->6303K(6528K) NonClass: 5769K(5888K)->5769K(5888K) Class: 533K(640K)->533K(640K)
[10.638s][info][gc             ] GC(177) Pause Young (Allocation Failure) 1614M->1615M(1871M) 26.141ms
[10.638s][info][gc,cpu         ] GC(177) User=0.02s Sys=0.00s Real=0.03s
[10.656s][info][gc,start       ] GC(178) Pause Young (Allocation Failure)
[10.682s][info][gc,heap        ] GC(178) PSYoungGen: 35008K(113152K)->18560K(37376K) Eden: 18432K(18432K)->0K(18432K) From: 16576K(94720K)->18560K(18944K)
[10.682s][info][gc,heap        ] GC(178) ParOldGen: 1637248K(1803264K)->1653848K(1803264K)
[10.682s][info][gc,metaspace   ] GC(178) Metaspace: 6303K(6528K)->6303K(6528K) NonClass: 5769K(5888K)->5769K(5888K) Class: 533K(640K)->533K(640K)
[10.682s][info][gc             ] GC(178) Pause Young (Allocation Failure) 1633M->1633M(1797M) 26.483ms
[10.683s][info][gc,cpu         ] GC(178) User=0.05s Sys=0.00s Real=0.03s
[10.701s][info][gc,start       ] GC(179) Pause Young (Allocation Failure)
[10.727s][info][gc,heap        ] GC(179) PSYoungGen: 36992K(37376K)->18560K(108544K) Eden: 18432K(18432K)->0K(20992K) From: 18560K(18944K)->18560K(87552K)
[10.727s][info][gc,heap        ] GC(179) ParOldGen: 1653848K(1803264K)->1672528K(1803264K)
[10.727s][info][gc,metaspace   ] GC(179) Metaspace: 6303K(6528K)->6303K(6528K) NonClass: 5769K(5888K)->5769K(5888K) Class: 533K(640K)->533K(640K)
[10.727s][info][gc             ] GC(179) Pause Young (Allocation Failure) 1651M->1651M(1867M) 25.831ms
[10.727s][info][gc,cpu         ] GC(179) User=0.05s Sys=0.00s Real=0.03s
[10.747s][info][gc,start       ] GC(180) Pause Young (Allocation Failure)
[10.776s][info][gc,heap        ] GC(180) PSYoungGen: 39552K(108544K)->21120K(42496K) Eden: 20992K(20992K)->0K(20992K) From: 18560K(87552K)->21120K(21504K)
[10.776s][info][gc,heap        ] GC(180) ParOldGen: 1672528K(1803264K)->1691200K(1803264K)
[10.776s][info][gc,metaspace   ] GC(180) Metaspace: 6303K(6528K)->6303K(6528K) NonClass: 5769K(5888K)->5769K(5888K) Class: 533K(640K)->533K(640K)
[10.776s][info][gc             ] GC(180) Pause Young (Allocation Failure) 1671M->1672M(1802M) 28.208ms
[10.776s][info][gc,cpu         ] GC(180) User=0.05s Sys=0.00s Real=0.03s
[10.797s][info][gc,start       ] GC(181) Pause Young (Allocation Failure)
[10.825s][info][gc,heap        ] GC(181) PSYoungGen: 42112K(42496K)->21120K(103936K) Eden: 20992K(20992K)->0K(24064K) From: 21120K(21504K)->21120K(79872K)
[10.825s][info][gc,heap        ] GC(181) ParOldGen: 1691200K(1803264K)->1712456K(1803264K)
[10.825s][info][gc,metaspace   ] GC(181) Metaspace: 6303K(6528K)->6303K(6528K) NonClass: 5769K(5888K)->5769K(5888K) Class: 533K(640K)->533K(640K)
[10.825s][info][gc             ] GC(181) Pause Young (Allocation Failure) 1692M->1692M(1862M) 28.515ms
[10.825s][info][gc,cpu         ] GC(181) User=0.06s Sys=0.00s Real=0.03s
[10.851s][info][gc,start       ] GC(182) Pause Young (Allocation Failure)
[10.883s][info][gc,heap        ] GC(182) PSYoungGen: 45184K(103936K)->24256K(48640K) Eden: 24064K(24064K)->0K(24064K) From: 21120K(79872K)->24256K(24576K)
[10.883s][info][gc,heap        ] GC(182) ParOldGen: 1712456K(1803264K)->1733736K(1803264K)
[10.883s][info][gc,metaspace   ] GC(182) Metaspace: 6303K(6528K)->6303K(6528K) NonClass: 5769K(5888K)->5769K(5888K) Class: 533K(640K)->533K(640K)
[10.883s][info][gc             ] GC(182) Pause Young (Allocation Failure) 1716M->1716M(1808M) 31.826ms
[10.883s][info][gc,cpu         ] GC(182) User=0.12s Sys=0.00s Real=0.03s
[10.911s][info][gc,start       ] GC(183) Pause Young (Allocation Failure)
[10.944s][info][gc,heap        ] GC(183) PSYoungGen: 48320K(48640K)->24192K(98304K) Eden: 24064K(24064K)->0K(27136K) From: 24256K(24576K)->24192K(71168K)
[10.944s][info][gc,heap        ] GC(183) ParOldGen: 1733736K(1803264K)->1758144K(1803264K)
[10.944s][info][gc,metaspace   ] GC(183) Metaspace: 6303K(6528K)->6303K(6528K) NonClass: 5769K(5888K)->5769K(5888K) Class: 533K(640K)->533K(640K)
[10.944s][info][gc             ] GC(183) Pause Young (Allocation Failure) 1740M->1740M(1857M) 33.823ms
[10.944s][info][gc,cpu         ] GC(183) User=0.14s Sys=0.00s Real=0.03s
[10.976s][info][gc,start       ] GC(184) Pause Young (Allocation Failure)
[11.008s][info][gc,heap        ] GC(184) PSYoungGen: 51328K(98304K)->27264K(54784K) Eden: 27136K(27136K)->0K(27136K) From: 24192K(71168K)->27264K(27648K)
[11.008s][info][gc,heap        ] GC(184) ParOldGen: 1758144K(1803264K)->1782536K(1803264K)
[11.008s][info][gc,metaspace   ] GC(184) Metaspace: 6303K(6528K)->6303K(6528K) NonClass: 5769K(5888K)->5769K(5888K) Class: 533K(640K)->533K(640K)
[11.008s][info][gc             ] GC(184) Pause Young (Allocation Failure) 1767M->1767M(1814M) 32.639ms
[11.008s][info][gc,cpu         ] GC(184) User=0.14s Sys=0.02s Real=0.03s
[11.008s][info][gc,start       ] GC(185) Pause Full (Ergonomics)
[11.008s][info][gc,phases,start] GC(185) Marking Phase
[11.418s][info][gc,phases      ] GC(185) Marking Phase 409.867ms
[11.418s][info][gc,phases,start] GC(185) Summary Phase
[11.418s][info][gc,phases      ] GC(185) Summary Phase 0.032ms
[11.418s][info][gc,phases,start] GC(185) Adjust Roots
[11.419s][info][gc,phases      ] GC(185) Adjust Roots 0.263ms
[11.419s][info][gc,phases,start] GC(185) Compaction Phase
[11.927s][info][gc,phases      ] GC(185) Compaction Phase 508.438ms
[11.927s][info][gc,phases,start] GC(185) Post Compact
[11.931s][info][gc,phases      ] GC(185) Post Compact 3.466ms
[11.931s][info][gc,heap        ] GC(185) PSYoungGen: 27264K(54784K)->4115K(54784K) Eden: 0K(27136K)->0K(27136K) From: 27264K(27648K)->4115K(27648K)
[11.931s][info][gc,heap        ] GC(185) ParOldGen: 1782536K(1803264K)->1803160K(1988608K)
[11.931s][info][gc,metaspace   ] GC(185) Metaspace: 6303K(6528K)->6303K(6528K) NonClass: 5769K(5888K)->5769K(5888K) Class: 533K(640K)->533K(640K)
[11.931s][info][gc             ] GC(185) Pause Full (Ergonomics) 1767M->1764M(1995M) 923.037ms
[11.931s][info][gc,cpu         ] GC(185) User=6.61s Sys=0.00s Real=0.92s
[11.960s][info][gc,start       ] GC(186) Pause Young (Allocation Failure)
[12.053s][info][gc,heap        ] GC(186) PSYoungGen: 31251K(54784K)->27328K(93184K) Eden: 27136K(27136K)->0K(29696K) From: 4115K(27648K)->27328K(63488K)
[12.053s][info][gc,heap        ] GC(186) ParOldGen: 1803160K(1988608K)->1807352K(1988608K)
[12.053s][info][gc,metaspace   ] GC(186) Metaspace: 6303K(6528K)->6303K(6528K) NonClass: 5769K(5888K)->5769K(5888K) Class: 533K(640K)->533K(640K)
[12.053s][info][gc             ] GC(186) Pause Young (Allocation Failure) 1791M->1791M(2033M) 93.276ms
[12.053s][info][gc,cpu         ] GC(186) User=0.61s Sys=0.00s Real=0.09s
[12.085s][info][gc,start       ] GC(187) Pause Young (Allocation Failure)
[12.121s][info][gc,heap        ] GC(187) PSYoungGen: 57024K(93184K)->57024K(97280K) Eden: 29696K(29696K)->0K(29696K) From: 27328K(63488K)->57024K(67584K)
[12.121s][info][gc,heap        ] GC(187) ParOldGen: 1807352K(1988608K)->1807352K(1988608K)
[12.121s][info][gc,metaspace   ] GC(187) Metaspace: 6303K(6528K)->6303K(6528K) NonClass: 5769K(5888K)->5769K(5888K) Class: 533K(640K)->533K(640K)
[12.121s][info][gc             ] GC(187) Pause Young (Allocation Failure) 1820M->1820M(2037M) 35.632ms
[12.121s][info][gc,cpu         ] GC(187) User=0.14s Sys=0.00s Real=0.04s
[12.155s][info][gc,start       ] GC(188) Pause Young (Allocation Failure)
[12.200s][info][gc,heap        ] GC(188) PSYoungGen: 86720K(97280K)->73728K(90112K) Eden: 29696K(29696K)->0K(16384K) From: 57024K(67584K)->73728K(73728K)
[12.200s][info][gc,heap        ] GC(188) ParOldGen: 1807352K(1988608K)->1820416K(1988608K)
[12.200s][info][gc,metaspace   ] GC(188) Metaspace: 6303K(6528K)->6303K(6528K) NonClass: 5769K(5888K)->5769K(5888K) Class: 533K(640K)->533K(640K)
[12.200s][info][gc             ] GC(188) Pause Young (Allocation Failure) 1849M->1849M(2030M) 44.745ms
[12.200s][info][gc,cpu         ] GC(188) User=0.25s Sys=0.02s Real=0.05s
[12.218s][info][gc,start       ] GC(189) Pause Young (Allocation Failure)
[12.265s][info][gc,heap        ] GC(189) PSYoungGen: 90112K(90112K)->40704K(57344K) Eden: 16384K(16384K)->0K(16384K) From: 73728K(73728K)->40704K(40960K)
[12.265s][info][gc,heap        ] GC(189) ParOldGen: 1820416K(1988608K)->1870528K(1988608K)
[12.265s][info][gc,metaspace   ] GC(189) Metaspace: 6303K(6528K)->6303K(6528K) NonClass: 5769K(5888K)->5769K(5888K) Class: 533K(640K)->533K(640K)
[12.265s][info][gc             ] GC(189) Pause Young (Allocation Failure) 1865M->1866M(1998M) 46.314ms
[12.265s][info][gc,cpu         ] GC(189) User=0.25s Sys=0.02s Real=0.05s
[12.283s][info][gc,start       ] GC(190) Pause Young (Allocation Failure)
[12.318s][info][gc,heap        ] GC(190) PSYoungGen: 57088K(57344K)->32928K(96256K) Eden: 16384K(16384K)->0K(18432K) From: 40704K(40960K)->32928K(77824K)
[12.318s][info][gc,heap        ] GC(190) ParOldGen: 1870528K(1988608K)->1895080K(1988608K)
[12.318s][info][gc,metaspace   ] GC(190) Metaspace: 6303K(6528K)->6303K(6528K) NonClass: 5769K(5888K)->5769K(5888K) Class: 533K(640K)->533K(640K)
[12.318s][info][gc             ] GC(190) Pause Young (Allocation Failure) 1882M->1882M(2036M) 35.403ms
[12.318s][info][gc,cpu         ] GC(190) User=0.14s Sys=0.02s Real=0.04s
[12.338s][info][gc,start       ] GC(191) Pause Young (Allocation Failure)
[12.371s][info][gc,heap        ] GC(191) PSYoungGen: 51360K(96256K)->34944K(53760K) Eden: 18432K(18432K)->0K(18432K) From: 32928K(77824K)->34944K(35328K)
[12.371s][info][gc,heap        ] GC(191) ParOldGen: 1895080K(1988608K)->1911696K(1988608K)
[12.371s][info][gc,metaspace   ] GC(191) Metaspace: 6303K(6528K)->6303K(6528K) NonClass: 5769K(5888K)->5769K(5888K) Class: 533K(640K)->533K(640K)
[12.371s][info][gc             ] GC(191) Pause Young (Allocation Failure) 1900M->1901M(1994M) 33.514ms
[12.371s][info][gc,cpu         ] GC(191) User=0.14s Sys=0.00s Real=0.03s
[12.392s][info][gc,start       ] GC(192) Pause Young (Allocation Failure)
[12.427s][info][gc,heap        ] GC(192) PSYoungGen: 53376K(53760K)->37024K(90624K) Eden: 18432K(18432K)->0K(20992K) From: 34944K(35328K)->37024K(69632K)
[12.427s][info][gc,heap        ] GC(192) ParOldGen: 1911696K(1988608K)->1928304K(1988608K)
[12.427s][info][gc,metaspace   ] GC(192) Metaspace: 6303K(6528K)->6303K(6528K) NonClass: 5769K(5888K)->5769K(5888K) Class: 533K(640K)->533K(640K)
[12.427s][info][gc             ] GC(192) Pause Young (Allocation Failure) 1919M->1919M(2030M) 34.548ms
[12.427s][info][gc,cpu         ] GC(192) User=0.16s Sys=0.00s Real=0.04s
[12.451s][info][gc,start       ] GC(193) Pause Young (Allocation Failure)
[12.487s][info][gc,heap        ] GC(193) PSYoungGen: 58016K(90624K)->39616K(94720K) Eden: 20992K(20992K)->0K(20992K) From: 37024K(69632K)->39616K(73728K)
[12.487s][info][gc,heap        ] GC(193) ParOldGen: 1928304K(1988608K)->1946992K(1988608K)
[12.487s][info][gc,metaspace   ] GC(193) Metaspace: 6303K(6528K)->6303K(6528K) NonClass: 5769K(5888K)->5769K(5888K) Class: 533K(640K)->533K(640K)
[12.487s][info][gc             ] GC(193) Pause Young (Allocation Failure) 1939M->1940M(2034M) 36.516ms
[12.487s][info][gc,cpu         ] GC(193) User=0.16s Sys=0.00s Real=0.04s
[12.514s][info][gc,start       ] GC(194) Pause Young (Allocation Failure)
[12.553s][info][gc,heap        ] GC(194) PSYoungGen: 60608K(94720K)->42144K(92160K) Eden: 20992K(20992K)->0K(24064K) From: 39616K(73728K)->42144K(68096K)
[12.553s][info][gc,heap        ] GC(194) ParOldGen: 1946992K(1988608K)->1965680K(1988608K)
[12.553s][info][gc,metaspace   ] GC(194) Metaspace: 6303K(6528K)->6303K(6528K) NonClass: 5769K(5888K)->5769K(5888K) Class: 533K(640K)->533K(640K)
[12.553s][info][gc             ] GC(194) Pause Young (Allocation Failure) 1960M->1960M(2032M) 39.144ms
[12.553s][info][gc,cpu         ] GC(194) User=0.14s Sys=0.00s Real=0.04s
[12.553s][info][gc,start       ] GC(195) Pause Full (Ergonomics)
[12.553s][info][gc,phases,start] GC(195) Marking Phase
[12.999s][info][gc,phases      ] GC(195) Marking Phase 445.211ms
[12.999s][info][gc,phases,start] GC(195) Summary Phase
[12.999s][info][gc,phases      ] GC(195) Summary Phase 0.033ms
[12.999s][info][gc,phases,start] GC(195) Adjust Roots
[12.999s][info][gc,phases      ] GC(195) Adjust Roots 0.162ms
[12.999s][info][gc,phases,start] GC(195) Compaction Phase
[13.186s][info][gc,phases      ] GC(195) Compaction Phase 187.322ms
[13.186s][info][gc,phases,start] GC(195) Post Compact
[13.190s][info][gc,phases      ] GC(195) Post Compact 3.889ms
[13.191s][info][gc,heap        ] GC(195) PSYoungGen: 42144K(92160K)->16879K(93696K) Eden: 0K(24064K)->0K(25600K) From: 42144K(68096K)->16879K(68096K)
[13.191s][info][gc,heap        ] GC(195) ParOldGen: 1965680K(1988608K)->1988261K(2189824K)
[13.191s][info][gc,metaspace   ] GC(195) Metaspace: 6303K(6528K)->6303K(6528K) NonClass: 5769K(5888K)->5769K(5888K) Class: 533K(640K)->533K(640K)
[13.191s][info][gc             ] GC(195) Pause Full (Ergonomics) 1960M->1958M(2230M) 637.871ms
[13.191s][info][gc,cpu         ] GC(195) User=4.59s Sys=0.05s Real=0.64s
[13.226s][info][gc,start       ] GC(196) Pause Young (Allocation Failure)
[13.330s][info][gc,heap        ] GC(196) PSYoungGen: 42479K(93696K)->32416K(95232K) Eden: 25600K(25600K)->0K(25600K) From: 16879K(68096K)->32416K(69632K)
[13.330s][info][gc,heap        ] GC(196) ParOldGen: 1988261K(2189824K)->1998669K(2189824K)
[13.330s][info][gc,metaspace   ] GC(196) Metaspace: 6303K(6528K)->6303K(6528K) NonClass: 5769K(5888K)->5769K(5888K) Class: 533K(640K)->533K(640K)
[13.330s][info][gc             ] GC(196) Pause Young (Allocation Failure) 1983M->1983M(2231M) 103.788ms
[13.330s][info][gc,cpu         ] GC(196) User=0.62s Sys=0.02s Real=0.10s
[13.357s][info][gc,start       ] GC(197) Pause Young (Allocation Failure)
[13.394s][info][gc,heap        ] GC(197) PSYoungGen: 58016K(95232K)->58016K(91136K) Eden: 25600K(25600K)->0K(23552K) From: 32416K(69632K)->58016K(67584K)
[13.394s][info][gc,heap        ] GC(197) ParOldGen: 1998669K(2189824K)->1998669K(2189824K)
[13.394s][info][gc,metaspace   ] GC(197) Metaspace: 6303K(6528K)->6303K(6528K) NonClass: 5769K(5888K)->5769K(5888K) Class: 533K(640K)->533K(640K)
[13.394s][info][gc             ] GC(197) Pause Young (Allocation Failure) 2008M->2008M(2227M) 36.252ms
[13.394s][info][gc,cpu         ] GC(197) User=0.14s Sys=0.00s Real=0.04s
[13.420s][info][gc,start       ] GC(198) Pause Young (Allocation Failure)
[13.465s][info][gc,heap        ] GC(198) PSYoungGen: 81568K(91136K)->72192K(95744K) Eden: 23552K(23552K)->0K(23552K) From: 58016K(67584K)->72192K(72192K)
[13.465s][info][gc,heap        ] GC(198) ParOldGen: 1998669K(2189824K)->2008061K(2189824K)
[13.465s][info][gc,metaspace   ] GC(198) Metaspace: 6303K(6528K)->6303K(6528K) NonClass: 5769K(5888K)->5769K(5888K) Class: 533K(640K)->533K(640K)
[13.465s][info][gc             ] GC(198) Pause Young (Allocation Failure) 2031M->2031M(2232M) 45.177ms
[13.465s][info][gc,cpu         ] GC(198) User=0.27s Sys=0.00s Real=0.05s
[13.490s][info][gc,start       ] GC(199) Pause Young (Allocation Failure)
[13.539s][info][gc,heap        ] GC(199) PSYoungGen: 95744K(95744K)->69088K(105984K) Eden: 23552K(23552K)->0K(21504K) From: 72192K(72192K)->69088K(84480K)
[13.540s][info][gc,heap        ] GC(199) ParOldGen: 2008061K(2189824K)->2035213K(2189824K)
[13.540s][info][gc,metaspace   ] GC(199) Metaspace: 6303K(6528K)->6303K(6528K) NonClass: 5769K(5888K)->5769K(5888K) Class: 533K(640K)->533K(640K)
[13.540s][info][gc             ] GC(199) Pause Young (Allocation Failure) 2054M->2054M(2242M) 50.058ms
[13.540s][info][gc,cpu         ] GC(199) User=0.34s Sys=0.03s Real=0.05s
[13.562s][info][gc,start       ] GC(200) Pause Young (Allocation Failure)
[13.610s][info][gc,heap        ] GC(200) PSYoungGen: 90592K(105984K)->65536K(111104K) Eden: 21504K(21504K)->0K(21504K) From: 69088K(84480K)->65536K(89600K)
[13.610s][info][gc,heap        ] GC(200) ParOldGen: 2035213K(2189824K)->2060629K(2189824K)
[13.610s][info][gc,metaspace   ] GC(200) Metaspace: 6303K(6528K)->6303K(6528K) NonClass: 5769K(5888K)->5769K(5888K) Class: 533K(640K)->533K(640K)
[13.610s][info][gc             ] GC(200) Pause Young (Allocation Failure) 2075M->2076M(2247M) 48.061ms
[13.610s][info][gc,cpu         ] GC(200) User=0.25s Sys=0.00s Real=0.05s
[13.633s][info][gc,start       ] GC(201) Pause Young (Allocation Failure)
[13.678s][info][gc,heap        ] GC(201) PSYoungGen: 87040K(111104K)->66752K(114688K) Eden: 21504K(21504K)->0K(22016K) From: 65536K(89600K)->66752K(92672K)
[13.678s][info][gc,heap        ] GC(201) ParOldGen: 2060629K(2189824K)->2081197K(2189824K)
[13.678s][info][gc,metaspace   ] GC(201) Metaspace: 6303K(6528K)->6303K(6528K) NonClass: 5769K(5888K)->5769K(5888K) Class: 533K(640K)->533K(640K)
[13.678s][info][gc             ] GC(201) Pause Young (Allocation Failure) 2097M->2097M(2250M) 45.583ms
[13.678s][info][gc,cpu         ] GC(201) User=0.25s Sys=0.02s Real=0.04s
[13.702s][info][gc,start       ] GC(202) Pause Young (Allocation Failure)
[13.750s][info][gc,heap        ] GC(202) PSYoungGen: 88768K(114688K)->43680K(66048K) Eden: 22016K(22016K)->0K(22016K) From: 66752K(92672K)->43680K(44032K)
[13.750s][info][gc,heap        ] GC(202) ParOldGen: 2081197K(2189824K)->2126829K(2189824K)
[13.750s][info][gc,metaspace   ] GC(202) Metaspace: 6303K(6528K)->6303K(6528K) NonClass: 5769K(5888K)->5769K(5888K) Class: 533K(640K)->533K(640K)
[13.750s][info][gc             ] GC(202) Pause Young (Allocation Failure) 2119M->2119M(2203M) 48.198ms
[13.750s][info][gc,cpu         ] GC(202) User=0.27s Sys=0.00s Real=0.05s
[13.774s][info][gc,start       ] GC(203) Pause Young (Allocation Failure)
[13.813s][info][gc,heap        ] GC(203) PSYoungGen: 65696K(66048K)->22176K(116224K) Eden: 22016K(22016K)->0K(24576K) From: 43680K(44032K)->22176K(91648K)
[13.813s][info][gc,heap        ] GC(203) ParOldGen: 2126829K(2189824K)->2170909K(2189824K)
[13.813s][info][gc,metaspace   ] GC(203) Metaspace: 6303K(6528K)->6303K(6528K) NonClass: 5769K(5888K)->5769K(5888K) Class: 533K(640K)->533K(640K)
[13.813s][info][gc             ] GC(203) Pause Young (Allocation Failure) 2141M->2141M(2252M) 38.817ms
[13.813s][info][gc,cpu         ] GC(203) User=0.20s Sys=0.03s Real=0.04s
[13.813s][info][gc,start       ] GC(204) Pause Full (Ergonomics)
[13.813s][info][gc,phases,start] GC(204) Marking Phase
[14.300s][info][gc,phases      ] GC(204) Marking Phase 486.933ms
[14.300s][info][gc,phases,start] GC(204) Summary Phase
[14.300s][info][gc,phases      ] GC(204) Summary Phase 0.035ms
[14.300s][info][gc,phases,start] GC(204) Adjust Roots
[14.300s][info][gc,phases      ] GC(204) Adjust Roots 0.197ms
[14.300s][info][gc,phases,start] GC(204) Compaction Phase
[14.495s][info][gc,phases      ] GC(204) Compaction Phase 194.727ms
[14.495s][info][gc,phases,start] GC(204) Post Compact
[14.499s][info][gc,phases      ] GC(204) Post Compact 3.939ms
[14.500s][info][gc,heap        ] GC(204) PSYoungGen: 22176K(116224K)->527K(116224K) Eden: 0K(24576K)->0K(24576K) From: 22176K(91648K)->527K(91648K)
[14.500s][info][gc,heap        ] GC(204) ParOldGen: 2170909K(2189824K)->2189700K(2423296K)
[14.500s][info][gc,metaspace   ] GC(204) Metaspace: 6303K(6528K)->6303K(6528K) NonClass: 5769K(5888K)->5769K(5888K) Class: 533K(640K)->533K(640K)
[14.500s][info][gc             ] GC(204) Pause Full (Ergonomics) 2141M->2138M(2480M) 687.052ms
[14.500s][info][gc,cpu         ] GC(204) User=5.05s Sys=0.00s Real=0.69s
[14.532s][info][gc,start       ] GC(205) Pause Young (Allocation Failure)
[14.642s][info][gc,heap        ] GC(205) PSYoungGen: 25103K(116224K)->24704K(116736K) Eden: 24576K(24576K)->0K(24576K) From: 527K(91648K)->24704K(92160K)
[14.642s][info][gc,heap        ] GC(205) ParOldGen: 2189700K(2423296K)->2190260K(2423296K)
[14.642s][info][gc,metaspace   ] GC(205) Metaspace: 6303K(6528K)->6303K(6528K) NonClass: 5769K(5888K)->5769K(5888K) Class: 533K(640K)->533K(640K)
[14.642s][info][gc             ] GC(205) Pause Young (Allocation Failure) 2162M->2163M(2480M) 110.254ms
[14.642s][info][gc,cpu         ] GC(205) User=0.62s Sys=0.02s Real=0.11s
[14.676s][info][gc,start       ] GC(206) Pause Young (Allocation Failure)
[14.710s][info][gc,heap        ] GC(206) PSYoungGen: 49280K(116736K)->24704K(116736K) Eden: 24576K(24576K)->0K(27648K) From: 24704K(92160K)->24704K(89088K)
[14.710s][info][gc,heap        ] GC(206) ParOldGen: 2190260K(2423296K)->2215180K(2423296K)
[14.710s][info][gc,metaspace   ] GC(206) Metaspace: 6303K(6528K)->6303K(6528K) NonClass: 5769K(5888K)->5769K(5888K) Class: 533K(640K)->533K(640K)
[14.710s][info][gc             ] GC(206) Pause Young (Allocation Failure) 2187M->2187M(2480M) 34.555ms
[14.710s][info][gc,cpu         ] GC(206) User=0.12s Sys=0.02s Real=0.03s
[14.745s][info][gc,start       ] GC(207) Pause Young (Allocation Failure)
[14.780s][info][gc,heap        ] GC(207) PSYoungGen: 52352K(116736K)->27872K(117760K) Eden: 27648K(27648K)->0K(27648K) From: 24704K(89088K)->27872K(90112K)
[14.780s][info][gc,heap        ] GC(207) ParOldGen: 2215180K(2423296K)->2240124K(2423296K)
[14.780s][info][gc,metaspace   ] GC(207) Metaspace: 6303K(6528K)->6303K(6528K) NonClass: 5769K(5888K)->5769K(5888K) Class: 533K(640K)->533K(640K)
[14.780s][info][gc             ] GC(207) Pause Young (Allocation Failure) 2214M->2214M(2481M) 35.108ms
[14.780s][info][gc,cpu         ] GC(207) User=0.16s Sys=0.00s Real=0.03s
[14.810s][info][gc,start       ] GC(208) Pause Young (Allocation Failure)
[14.847s][info][gc,heap        ] GC(208) PSYoungGen: 55520K(117760K)->27776K(114176K) Eden: 27648K(27648K)->0K(30720K) From: 27872K(90112K)->27776K(83456K)
[14.848s][info][gc,heap        ] GC(208) ParOldGen: 2240124K(2423296K)->2268092K(2423296K)
[14.848s][info][gc,metaspace   ] GC(208) Metaspace: 6303K(6528K)->6303K(6528K) NonClass: 5769K(5888K)->5769K(5888K) Class: 533K(640K)->533K(640K)
[14.848s][info][gc             ] GC(208) Pause Young (Allocation Failure) 2241M->2242M(2478M) 37.082ms
[14.848s][info][gc,cpu         ] GC(208) User=0.17s Sys=0.00s Real=0.04s
[14.886s][info][gc,start       ] GC(209) Pause Young (Allocation Failure)
[14.923s][info][gc,heap        ] GC(209) PSYoungGen: 58496K(114176K)->30912K(116224K) Eden: 30720K(30720K)->0K(30720K) From: 27776K(83456K)->30912K(85504K)
[14.923s][info][gc,heap        ] GC(209) ParOldGen: 2268092K(2423296K)->2296004K(2423296K)
[14.923s][info][gc,metaspace   ] GC(209) Metaspace: 6303K(6528K)->6303K(6528K) NonClass: 5769K(5888K)->5769K(5888K) Class: 533K(640K)->533K(640K)
[14.923s][info][gc             ] GC(209) Pause Young (Allocation Failure) 2272M->2272M(2480M) 36.942ms
[14.923s][info][gc,cpu         ] GC(209) User=0.25s Sys=0.00s Real=0.04s
[14.958s][info][gc,start       ] GC(210) Pause Young (Allocation Failure)
[14.997s][info][gc,heap        ] GC(210) PSYoungGen: 61632K(116224K)->30848K(110592K) Eden: 30720K(30720K)->0K(34304K) From: 30912K(85504K)->30848K(76288K)
[14.997s][info][gc,heap        ] GC(210) ParOldGen: 2296004K(2423296K)->2327020K(2423296K)
[14.997s][info][gc,metaspace   ] GC(210) Metaspace: 6303K(6528K)->6303K(6528K) NonClass: 5769K(5888K)->5769K(5888K) Class: 533K(640K)->533K(640K)
[14.997s][info][gc             ] GC(210) Pause Young (Allocation Failure) 2302M->2302M(2474M) 38.707ms
[14.997s][info][gc,cpu         ] GC(210) User=0.25s Sys=0.00s Real=0.04s
[15.038s][info][gc,start       ] GC(211) Pause Young (Allocation Failure)
[15.078s][info][gc,heap        ] GC(211) PSYoungGen: 65152K(110592K)->34464K(113664K) Eden: 34304K(34304K)->0K(34304K) From: 30848K(76288K)->34464K(79360K)
[15.078s][info][gc,heap        ] GC(211) ParOldGen: 2327020K(2423296K)->2358036K(2423296K)
[15.078s][info][gc,metaspace   ] GC(211) Metaspace: 6303K(6528K)->6303K(6528K) NonClass: 5769K(5888K)->5769K(5888K) Class: 533K(640K)->533K(640K)
[15.078s][info][gc             ] GC(211) Pause Young (Allocation Failure) 2336M->2336M(2477M) 39.867ms
[15.078s][info][gc,cpu         ] GC(211) User=0.23s Sys=0.02s Real=0.04s
[15.122s][info][gc,start       ] GC(212) Pause Young (Allocation Failure)
[15.164s][info][gc,heap        ] GC(212) PSYoungGen: 68768K(113664K)->34464K(108032K) Eden: 34304K(34304K)->0K(38400K) From: 34464K(79360K)->34464K(69632K)
[15.164s][info][gc,heap        ] GC(212) ParOldGen: 2358036K(2423296K)->2392660K(2423296K)
[15.164s][info][gc,metaspace   ] GC(212) Metaspace: 6303K(6528K)->6303K(6528K) NonClass: 5769K(5888K)->5769K(5888K) Class: 533K(640K)->533K(640K)
[15.164s][info][gc             ] GC(212) Pause Young (Allocation Failure) 2369M->2370M(2472M) 42.170ms
[15.164s][info][gc,cpu         ] GC(212) User=0.25s Sys=0.00s Real=0.04s
[15.164s][info][gc,start       ] GC(213) Pause Full (Ergonomics)
[15.164s][info][gc,phases,start] GC(213) Marking Phase
[15.704s][info][gc,phases      ] GC(213) Marking Phase 540.168ms
[15.704s][info][gc,phases,start] GC(213) Summary Phase
[15.704s][info][gc,phases      ] GC(213) Summary Phase 0.037ms
[15.704s][info][gc,phases,start] GC(213) Adjust Roots
[15.704s][info][gc,phases      ] GC(213) Adjust Roots 0.164ms
[15.704s][info][gc,phases,start] GC(213) Compaction Phase
[15.898s][info][gc,phases      ] GC(213) Compaction Phase 193.978ms
[15.898s][info][gc,phases,start] GC(213) Post Compact
[15.902s][info][gc,phases      ] GC(213) Post Compact 3.770ms
[15.903s][info][gc,heap        ] GC(213) PSYoungGen: 34464K(108032K)->1569K(111104K) Eden: 0K(38400K)->0K(41472K) From: 34464K(69632K)->1569K(69632K)
[15.903s][info][gc,heap        ] GC(213) ParOldGen: 2392660K(2423296K)->2422907K(2675200K)
[15.903s][info][gc,metaspace   ] GC(213) Metaspace: 6303K(6528K)->6303K(6528K) NonClass: 5769K(5888K)->5769K(5888K) Class: 533K(640K)->533K(640K)
[15.903s][info][gc             ] GC(213) Pause Full (Ergonomics) 2370M->2367M(2721M) 739.313ms
[15.903s][info][gc,cpu         ] GC(213) User=5.66s Sys=0.02s Real=0.74s
[15.956s][info][gc,start       ] GC(214) Pause Young (Allocation Failure)
[16.082s][info][gc,heap        ] GC(214) PSYoungGen: 43041K(111104K)->41632K(114176K) Eden: 41472K(41472K)->0K(41472K) From: 1569K(69632K)->41632K(72704K)
[16.082s][info][gc,heap        ] GC(214) ParOldGen: 2422907K(2675200K)->2424539K(2675200K)
[16.082s][info][gc,metaspace   ] GC(214) Metaspace: 6303K(6528K)->6303K(6528K) NonClass: 5769K(5888K)->5769K(5888K) Class: 533K(640K)->533K(640K)
[16.082s][info][gc             ] GC(214) Pause Young (Allocation Failure) 2408M->2408M(2724M) 125.990ms
[16.082s][info][gc,cpu         ] GC(214) User=0.78s Sys=0.00s Real=0.13s
[16.132s][info][gc,start       ] GC(215) Pause Young (Allocation Failure)
[16.182s][info][gc,heap        ] GC(215) PSYoungGen: 83104K(114176K)->70656K(102912K) Eden: 41472K(41472K)->0K(32256K) From: 41632K(72704K)->70656K(70656K)
[16.182s][info][gc,heap        ] GC(215) ParOldGen: 2424539K(2675200K)->2437043K(2675200K)
[16.182s][info][gc,metaspace   ] GC(215) Metaspace: 6303K(6528K)->6303K(6528K) NonClass: 5769K(5888K)->5769K(5888K) Class: 533K(640K)->533K(640K)
[16.182s][info][gc             ] GC(215) Pause Young (Allocation Failure) 2448M->2448M(2713M) 49.547ms
[16.182s][info][gc,cpu         ] GC(215) User=0.27s Sys=0.00s Real=0.05s
[16.222s][info][gc,start       ] GC(216) Pause Young (Allocation Failure)
[16.279s][info][gc,heap        ] GC(216) PSYoungGen: 102912K(102912K)->32448K(116224K) Eden: 32256K(32256K)->0K(32256K) From: 70656K(70656K)->32448K(83968K)
[16.279s][info][gc,heap        ] GC(216) ParOldGen: 2437043K(2675200K)->2508243K(2675200K)
[16.279s][info][gc,metaspace   ] GC(216) Metaspace: 6303K(6528K)->6303K(6528K) NonClass: 5769K(5888K)->5769K(5888K) Class: 533K(640K)->533K(640K)
[16.279s][info][gc             ] GC(216) Pause Young (Allocation Failure) 2480M->2481M(2726M) 56.690ms
[16.279s][info][gc,cpu         ] GC(216) User=0.38s Sys=0.00s Real=0.06s
[16.319s][info][gc,start       ] GC(217) Pause Young (Allocation Failure)
[16.358s][info][gc,heap        ] GC(217) PSYoungGen: 64704K(116224K)->64704K(113152K) Eden: 32256K(32256K)->0K(31232K) From: 32448K(83968K)->64704K(81920K)
[16.358s][info][gc,heap        ] GC(217) ParOldGen: 2508243K(2675200K)->2508243K(2675200K)
[16.358s][info][gc,metaspace   ] GC(217) Metaspace: 6303K(6528K)->6303K(6528K) NonClass: 5769K(5888K)->5769K(5888K) Class: 533K(640K)->533K(640K)
[16.358s][info][gc             ] GC(217) Pause Young (Allocation Failure) 2512M->2512M(2723M) 39.635ms
[16.358s][info][gc,cpu         ] GC(217) User=0.16s Sys=0.02s Real=0.04s
[16.398s][info][gc,start       ] GC(218) Pause Young (Allocation Failure)
[16.450s][info][gc,heap        ] GC(218) PSYoungGen: 95936K(113152K)->86528K(117760K) Eden: 31232K(31232K)->0K(31232K) From: 64704K(81920K)->86528K(86528K)
[16.450s][info][gc,heap        ] GC(218) ParOldGen: 2508243K(2675200K)->2517659K(2675200K)
[16.450s][info][gc,metaspace   ] GC(218) Metaspace: 6303K(6528K)->6303K(6528K) NonClass: 5769K(5888K)->5769K(5888K) Class: 533K(640K)->533K(640K)
[16.450s][info][gc             ] GC(218) Pause Young (Allocation Failure) 2543M->2543M(2727M) 51.977ms
[16.450s][info][gc,cpu         ] GC(218) User=0.28s Sys=0.00s Real=0.05s
[16.488s][info][gc,start       ] GC(219) Pause Young (Allocation Failure)
[16.550s][info][gc,heap        ] GC(219) PSYoungGen: 117760K(117760K)->59296K(133120K) Eden: 31232K(31232K)->0K(34816K) From: 86528K(86528K)->59296K(98304K)
[16.550s][info][gc,heap        ] GC(219) ParOldGen: 2517659K(2675200K)->2576723K(2675200K)
[16.550s][info][gc,metaspace   ] GC(219) Metaspace: 6303K(6528K)->6303K(6528K) NonClass: 5769K(5888K)->5769K(5888K) Class: 533K(640K)->533K(640K)
[16.550s][info][gc             ] GC(219) Pause Young (Allocation Failure) 2573M->2574M(2742M) 62.257ms
[16.550s][info][gc,cpu         ] GC(219) User=0.31s Sys=0.08s Real=0.06s
[16.598s][info][gc,start       ] GC(220) Pause Young (Allocation Failure)
[16.651s][info][gc,heap        ] GC(220) PSYoungGen: 94112K(133120K)->66240K(134656K) Eden: 34816K(34816K)->0K(34816K) From: 59296K(98304K)->66240K(99840K)
[16.651s][info][gc,heap        ] GC(220) ParOldGen: 2576723K(2675200K)->2604875K(2675200K)
[16.651s][info][gc,metaspace   ] GC(220) Metaspace: 6303K(6528K)->6303K(6528K) NonClass: 5769K(5888K)->5769K(5888K) Class: 533K(640K)->533K(640K)
[16.651s][info][gc             ] GC(220) Pause Young (Allocation Failure) 2608M->2608M(2744M) 52.572ms
[16.651s][info][gc,cpu         ] GC(220) User=0.30s Sys=0.00s Real=0.05s
[16.699s][info][gc,start       ] GC(221) Pause Young (Allocation Failure)
[16.757s][info][gc,heap        ] GC(221) PSYoungGen: 101056K(134656K)->69856K(137728K) Eden: 34816K(34816K)->0K(36864K) From: 66240K(99840K)->69856K(100864K)
[16.757s][info][gc,heap        ] GC(221) ParOldGen: 2604875K(2675200K)->2636395K(2675200K)
[16.757s][info][gc,metaspace   ] GC(221) Metaspace: 6303K(6528K)->6303K(6528K) NonClass: 5769K(5888K)->5769K(5888K) Class: 533K(640K)->533K(640K)
[16.757s][info][gc             ] GC(221) Pause Young (Allocation Failure) 2642M->2642M(2747M) 57.721ms
[16.757s][info][gc,cpu         ] GC(221) User=0.38s Sys=0.02s Real=0.06s
[16.757s][info][gc,start       ] GC(222) Pause Full (Ergonomics)
[16.757s][info][gc,phases,start] GC(222) Marking Phase
[17.381s][info][gc,phases      ] GC(222) Marking Phase 624.477ms
[17.381s][info][gc,phases,start] GC(222) Summary Phase
[17.381s][info][gc,phases      ] GC(222) Summary Phase 0.049ms
[17.381s][info][gc,phases,start] GC(222) Adjust Roots
[17.382s][info][gc,phases      ] GC(222) Adjust Roots 0.170ms
[17.382s][info][gc,phases,start] GC(222) Compaction Phase
[17.599s][info][gc,phases      ] GC(222) Compaction Phase 217.673ms
[17.599s][info][gc,phases,start] GC(222) Post Compact
[17.604s][info][gc,phases      ] GC(222) Post Compact 4.565ms
[17.605s][info][gc,heap        ] GC(222) PSYoungGen: 69856K(137728K)->28682K(137728K) Eden: 0K(36864K)->0K(36864K) From: 69856K(100864K)->28682K(100864K)
[17.605s][info][gc,heap        ] GC(222) ParOldGen: 2636395K(2675200K)->2675104K(2963968K)
[17.605s][info][gc,metaspace   ] GC(222) Metaspace: 6303K(6528K)->6303K(6528K) NonClass: 5769K(5888K)->5769K(5888K) Class: 533K(640K)->533K(640K)
[17.605s][info][gc             ] GC(222) Pause Full (Ergonomics) 2642M->2640M(3029M) 848.209ms
[17.605s][info][gc,cpu         ] GC(222) User=6.41s Sys=0.02s Real=0.85s
[17.651s][info][gc,start       ] GC(223) Pause Young (Allocation Failure)
[17.800s][info][gc,heap        ] GC(223) PSYoungGen: 65546K(137728K)->50592K(87552K) Eden: 36864K(36864K)->0K(36864K) From: 28682K(100864K)->50592K(50688K)
[17.800s][info][gc,heap        ] GC(223) ParOldGen: 2675104K(2963968K)->2690424K(2963968K)
[17.800s][info][gc,metaspace   ] GC(223) Metaspace: 6303K(6528K)->6303K(6528K) NonClass: 5769K(5888K)->5769K(5888K) Class: 533K(640K)->533K(640K)
[17.800s][info][gc             ] GC(223) Pause Young (Allocation Failure) 2676M->2676M(2980M) 149.394ms
[17.800s][info][gc,cpu         ] GC(223) User=0.91s Sys=0.00s Real=0.15s
[17.842s][info][gc,start       ] GC(224) Pause Young (Allocation Failure)
[17.892s][info][gc,heap        ] GC(224) PSYoungGen: 87456K(87552K)->87520K(130560K) Eden: 36864K(36864K)->0K(32256K) From: 50592K(50688K)->87520K(98304K)
[17.892s][info][gc,heap        ] GC(224) ParOldGen: 2690424K(2963968K)->2690424K(2963968K)
[17.892s][info][gc,metaspace   ] GC(224) Metaspace: 6303K(6528K)->6303K(6528K) NonClass: 5769K(5888K)->5769K(5888K) Class: 533K(640K)->533K(640K)
[17.892s][info][gc             ] GC(224) Pause Young (Allocation Failure) 2712M->2712M(3022M) 50.288ms
[17.893s][info][gc,cpu         ] GC(224) User=0.28s Sys=0.00s Real=0.05s
[17.930s][info][gc,start       ] GC(225) Pause Young (Allocation Failure)
[17.994s][info][gc,heap        ] GC(225) PSYoungGen: 119776K(130560K)->106496K(138752K) Eden: 32256K(32256K)->0K(32256K) From: 87520K(98304K)->106496K(106496K)
[17.994s][info][gc,heap        ] GC(225) ParOldGen: 2690424K(2963968K)->2703752K(2963968K)
[17.994s][info][gc,metaspace   ] GC(225) Metaspace: 6303K(6528K)->6303K(6528K) NonClass: 5769K(5888K)->5769K(5888K) Class: 533K(640K)->533K(640K)
[17.994s][info][gc             ] GC(225) Pause Young (Allocation Failure) 2744M->2744M(3030M) 63.548ms
[17.994s][info][gc,cpu         ] GC(225) User=0.30s Sys=0.02s Real=0.06s
[18.560s][info][gc,start       ] GC(226) Pause Young (Allocation Failure)
[18.692s][info][gc,heap        ] GC(226) PSYoungGen: 138752K(138752K)->95008K(154624K) Eden: 32256K(32256K)->0K(29696K) From: 106496K(106496K)->95008K(124928K)
[18.692s][info][gc,heap        ] GC(226) ParOldGen: 2834824K(2963968K)->2879112K(2963968K)
[18.692s][info][gc,metaspace   ] GC(226) Metaspace: 6303K(6528K)->6303K(6528K) NonClass: 5769K(5888K)->5769K(5888K) Class: 533K(640K)->533K(640K)
[18.692s][info][gc             ] GC(226) Pause Young (Allocation Failure) 2903M->2904M(3045M) 131.441ms
[18.692s][info][gc,cpu         ] GC(226) User=0.75s Sys=0.09s Real=0.13s
[18.727s][info][gc,start       ] GC(227) Pause Young (Allocation Failure)
[18.800s][info][gc,heap        ] GC(227) PSYoungGen: 124704K(154624K)->124672K(160768K) Eden: 29696K(29696K)->0K(29696K) From: 95008K(124928K)->124672K(131072K)
[18.800s][info][gc,heap        ] GC(227) ParOldGen: 2879112K(2963968K)->2879112K(2963968K)
[18.800s][info][gc,metaspace   ] GC(227) Metaspace: 6303K(6528K)->6303K(6528K) NonClass: 5769K(5888K)->5769K(5888K) Class: 533K(640K)->533K(640K)
[18.800s][info][gc             ] GC(227) Pause Young (Allocation Failure) 2933M->2933M(3051M) 72.433ms
[18.800s][info][gc,cpu         ] GC(227) User=0.22s Sys=0.00s Real=0.07s
[18.831s][info][gc,start       ] GC(228) Pause Young (Allocation Failure)
[18.909s][info][gc,heap        ] GC(228) PSYoungGen: 154368K(160768K)->121760K(167424K) Eden: 29696K(29696K)->0K(21504K) From: 124672K(131072K)->121760K(145920K)
[18.909s][info][gc,heap        ] GC(228) ParOldGen: 2879112K(2963968K)->2912008K(2963968K)
[18.909s][info][gc,metaspace   ] GC(228) Metaspace: 6303K(6528K)->6303K(6528K) NonClass: 5769K(5888K)->5769K(5888K) Class: 533K(640K)->533K(640K)
[18.909s][info][gc             ] GC(228) Pause Young (Allocation Failure) 2962M->2962M(3058M) 78.217ms
[18.909s][info][gc,cpu         ] GC(228) User=0.41s Sys=0.03s Real=0.08s
[18.909s][info][gc,start       ] GC(229) Pause Full (Ergonomics)
[18.909s][info][gc,phases,start] GC(229) Marking Phase
[19.570s][info][gc,phases      ] GC(229) Marking Phase 660.874ms
[19.570s][info][gc,phases,start] GC(229) Summary Phase
[19.570s][info][gc,phases      ] GC(229) Summary Phase 0.053ms
[19.570s][info][gc,phases,start] GC(229) Adjust Roots
[19.570s][info][gc,phases      ] GC(229) Adjust Roots 0.160ms
[19.570s][info][gc,phases,start] GC(229) Compaction Phase
[20.035s][info][gc,phases      ] GC(229) Compaction Phase 464.631ms
[20.035s][info][gc,phases,start] GC(229) Post Compact
[20.041s][info][gc,phases      ] GC(229) Post Compact 6.139ms
[20.042s][info][gc,heap        ] GC(229) PSYoungGen: 121760K(167424K)->2896K(167424K) Eden: 0K(21504K)->0K(21504K) From: 121760K(145920K)->2896K(145920K)
[20.042s][info][gc,heap        ] GC(229) ParOldGen: 2912008K(2963968K)->2963868K(3272192K)
[20.042s][info][gc,metaspace   ] GC(229) Metaspace: 6303K(6528K)->6303K(6528K) NonClass: 5769K(5888K)->5769K(5888K) Class: 533K(640K)->533K(640K)
[20.042s][info][gc             ] GC(229) Pause Full (Ergonomics) 2962M->2897M(3359M) 1133.280ms
[20.042s][info][gc,cpu         ] GC(229) User=7.89s Sys=0.08s Real=1.13s
[20.067s][info][gc,start       ] GC(230) Pause Young (Allocation Failure)
[20.208s][info][gc,heap        ] GC(230) PSYoungGen: 24400K(167424K)->23296K(178688K) Eden: 21504K(21504K)->0K(21504K) From: 2896K(145920K)->23296K(157184K)
[20.208s][info][gc,heap        ] GC(230) ParOldGen: 2963868K(3272192K)->2965148K(3272192K)
[20.208s][info][gc,metaspace   ] GC(230) Metaspace: 6303K(6528K)->6303K(6528K) NonClass: 5769K(5888K)->5769K(5888K) Class: 533K(640K)->533K(640K)
[20.208s][info][gc             ] GC(230) Pause Young (Allocation Failure) 2918M->2918M(3370M) 141.512ms
[20.208s][info][gc,cpu         ] GC(230) User=0.92s Sys=0.00s Real=0.14s
[20.232s][info][gc,start       ] GC(231) Pause Young (Allocation Failure)
[20.282s][info][gc,heap        ] GC(231) PSYoungGen: 44800K(178688K)->44800K(174080K) Eden: 21504K(21504K)->0K(24064K) From: 23296K(157184K)->44800K(150016K)
[20.282s][info][gc,heap        ] GC(231) ParOldGen: 2965148K(3272192K)->2965148K(3272192K)
[20.282s][info][gc,metaspace   ] GC(231) Metaspace: 6303K(6528K)->6303K(6528K) NonClass: 5769K(5888K)->5769K(5888K) Class: 533K(640K)->533K(640K)
[20.282s][info][gc             ] GC(231) Pause Young (Allocation Failure) 2939M->2939M(3365M) 50.091ms
[20.282s][info][gc,cpu         ] GC(231) User=0.03s Sys=0.00s Real=0.05s
[20.305s][info][gc,start       ] GC(232) Pause Young (Allocation Failure)
[20.362s][info][gc,heap        ] GC(232) PSYoungGen: 68864K(174080K)->67872K(92160K) Eden: 24064K(24064K)->0K(24064K) From: 44800K(150016K)->67872K(68096K)
[20.362s][info][gc,heap        ] GC(232) ParOldGen: 2965148K(3272192K)->2966164K(3272192K)
[20.362s][info][gc,metaspace   ] GC(232) Metaspace: 6303K(6528K)->6303K(6528K) NonClass: 5769K(5888K)->5769K(5888K) Class: 533K(640K)->533K(640K)
[20.362s][info][gc             ] GC(232) Pause Young (Allocation Failure) 2962M->2962M(3285M) 57.046ms
[20.362s][info][gc,cpu         ] GC(232) User=0.14s Sys=0.00s Real=0.06s
[20.386s][info][gc,start       ] GC(233) Pause Young (Allocation Failure)
[20.445s][info][gc,heap        ] GC(233) PSYoungGen: 91936K(92160K)->91456K(172544K) Eden: 24064K(24064K)->0K(26624K) From: 67872K(68096K)->91456K(145920K)
[20.445s][info][gc,heap        ] GC(233) ParOldGen: 2966164K(3272192K)->2966732K(3272192K)
[20.445s][info][gc,metaspace   ] GC(233) Metaspace: 6303K(6528K)->6303K(6528K) NonClass: 5769K(5888K)->5769K(5888K) Class: 533K(640K)->533K(640K)
[20.445s][info][gc             ] GC(233) Pause Young (Allocation Failure) 2986M->2986M(3364M) 59.594ms
[20.445s][info][gc,cpu         ] GC(233) User=0.17s Sys=0.00s Real=0.06s
[20.472s][info][gc,start       ] GC(234) Pause Young (Allocation Failure)
[20.538s][info][gc,heap        ] GC(234) PSYoungGen: 118080K(172544K)->96480K(173056K) Eden: 26624K(26624K)->0K(26624K) From: 91456K(145920K)->96480K(146432K)
[20.539s][info][gc,heap        ] GC(234) ParOldGen: 2966732K(3272192K)->2988564K(3272192K)
[20.539s][info][gc,metaspace   ] GC(234) Metaspace: 6303K(6528K)->6303K(6528K) NonClass: 5769K(5888K)->5769K(5888K) Class: 533K(640K)->533K(640K)
[20.539s][info][gc             ] GC(234) Pause Young (Allocation Failure) 3012M->3012M(3364M) 66.348ms
[20.539s][info][gc,cpu         ] GC(234) User=0.19s Sys=0.00s Real=0.07s
[20.565s][info][gc,start       ] GC(235) Pause Young (Allocation Failure)
[20.633s][info][gc,heap        ] GC(235) PSYoungGen: 123104K(173056K)->77536K(167424K) Eden: 26624K(26624K)->0K(30720K) From: 96480K(146432K)->77536K(136704K)
[20.633s][info][gc,heap        ] GC(235) ParOldGen: 2988564K(3272192K)->3034516K(3272192K)
[20.633s][info][gc,metaspace   ] GC(235) Metaspace: 6303K(6528K)->6303K(6528K) NonClass: 5769K(5888K)->5769K(5888K) Class: 533K(640K)->533K(640K)
[20.633s][info][gc             ] GC(235) Pause Young (Allocation Failure) 3038M->3039M(3359M) 67.923ms
[20.633s][info][gc,cpu         ] GC(235) User=0.30s Sys=0.02s Real=0.07s
[20.662s][info][gc,start       ] GC(236) Pause Young (Allocation Failure)
[20.725s][info][gc,heap        ] GC(236) PSYoungGen: 108256K(167424K)->57536K(173056K) Eden: 30720K(30720K)->0K(30720K) From: 77536K(136704K)->57536K(142336K)
[20.725s][info][gc,heap        ] GC(236) ParOldGen: 3034516K(3272192K)->3085620K(3272192K)
[20.725s][info][gc,metaspace   ] GC(236) Metaspace: 6303K(6528K)->6303K(6528K) NonClass: 5769K(5888K)->5769K(5888K) Class: 533K(640K)->533K(640K)
[20.725s][info][gc             ] GC(236) Pause Young (Allocation Failure) 3069M->3069M(3364M) 62.696ms
[20.725s][info][gc,cpu         ] GC(236) User=0.20s Sys=0.02s Real=0.06s
[20.759s][info][gc,start       ] GC(237) Pause Young (Allocation Failure)
[20.817s][info][gc,heap        ] GC(237) PSYoungGen: 88256K(173056K)->30880K(172544K) Eden: 30720K(30720K)->0K(34304K) From: 57536K(142336K)->30880K(138240K)
[20.817s][info][gc,heap        ] GC(237) ParOldGen: 3085620K(3272192K)->3143436K(3272192K)
[20.817s][info][gc,metaspace   ] GC(237) Metaspace: 6303K(6528K)->6303K(6528K) NonClass: 5769K(5888K)->5769K(5888K) Class: 533K(640K)->533K(640K)
[20.817s][info][gc             ] GC(237) Pause Young (Allocation Failure) 3099M->3099M(3364M) 58.626ms
[20.817s][info][gc,cpu         ] GC(237) User=0.22s Sys=0.02s Real=0.06s
[20.859s][info][gc,start       ] GC(238) Pause Young (Allocation Failure)
[20.916s][info][gc,heap        ] GC(238) PSYoungGen: 65184K(172544K)->34464K(173056K) Eden: 34304K(34304K)->0K(34304K) From: 30880K(138240K)->34464K(138752K)
[20.916s][info][gc,heap        ] GC(238) ParOldGen: 3143436K(3272192K)->3174436K(3272192K)
[20.916s][info][gc,metaspace   ] GC(238) Metaspace: 6303K(6528K)->6303K(6528K) NonClass: 5769K(5888K)->5769K(5888K) Class: 533K(640K)->533K(640K)
[20.916s][info][gc             ] GC(238) Pause Young (Allocation Failure) 3133M->3133M(3364M) 57.244ms
[20.916s][info][gc,cpu         ] GC(238) User=0.17s Sys=0.00s Real=0.06s
[20.954s][info][gc,start       ] GC(239) Pause Young (Allocation Failure)
[21.008s][info][gc,heap        ] GC(239) PSYoungGen: 68768K(173056K)->34464K(172544K) Eden: 34304K(34304K)->0K(38912K) From: 34464K(138752K)->34464K(133632K)
[21.008s][info][gc,heap        ] GC(239) ParOldGen: 3174436K(3272192K)->3209052K(3272192K)
[21.008s][info][gc,metaspace   ] GC(239) Metaspace: 6303K(6528K)->6303K(6528K) NonClass: 5769K(5888K)->5769K(5888K) Class: 533K(640K)->533K(640K)
[21.008s][info][gc             ] GC(239) Pause Young (Allocation Failure) 3167M->3167M(3364M) 53.874ms
[21.008s][info][gc,cpu         ] GC(239) User=0.16s Sys=0.02s Real=0.05s
[21.008s][info][gc,start       ] GC(240) Pause Full (Ergonomics)
[21.008s][info][gc,phases,start] GC(240) Marking Phase
[21.731s][info][gc,phases      ] GC(240) Marking Phase 722.731ms
[21.731s][info][gc,phases,start] GC(240) Summary Phase
[21.731s][info][gc,phases      ] GC(240) Summary Phase 0.058ms
[21.731s][info][gc,phases,start] GC(240) Adjust Roots
[21.731s][info][gc,phases      ] GC(240) Adjust Roots 0.162ms
[21.731s][info][gc,phases,start] GC(240) Compaction Phase
[22.049s][info][gc,phases      ] GC(240) Compaction Phase 317.909ms
[22.049s][info][gc,phases,start] GC(240) Post Compact
[22.055s][info][gc,phases      ] GC(240) Post Compact 5.798ms
[22.056s][info][gc,heap        ] GC(240) PSYoungGen: 34464K(172544K)->0K(174592K) Eden: 0K(38912K)->0K(38912K) From: 34464K(133632K)->0K(135680K)
[22.056s][info][gc,heap        ] GC(240) ParOldGen: 3209052K(3272192K)->3240869K(3586560K)
[22.056s][info][gc,metaspace   ] GC(240) Metaspace: 6303K(6528K)->6303K(6528K) NonClass: 5769K(5888K)->5769K(5888K) Class: 533K(640K)->533K(640K)
[22.056s][info][gc             ] GC(240) Pause Full (Ergonomics) 3167M->3164M(3673M) 1048.072ms
[22.056s][info][gc,cpu         ] GC(240) User=7.48s Sys=0.02s Real=1.05s
[22.096s][info][gc,start       ] GC(241) Pause Young (Allocation Failure)
[22.134s][info][gc,heap        ] GC(241) PSYoungGen: 38912K(174592K)->39072K(170496K) Eden: 38912K(38912K)->0K(43008K) From: 0K(135680K)->39072K(127488K)
[22.134s][info][gc,heap        ] GC(241) ParOldGen: 3240869K(3586560K)->3240869K(3586560K)
[22.135s][info][gc,metaspace   ] GC(241) Metaspace: 6303K(6528K)->6303K(6528K) NonClass: 5769K(5888K)->5769K(5888K) Class: 533K(640K)->533K(640K)
[22.135s][info][gc             ] GC(241) Pause Young (Allocation Failure) 3202M->3203M(3669M) 38.877ms
[22.135s][info][gc,cpu         ] GC(241) User=0.06s Sys=0.00s Real=0.04s
[22.178s][info][gc,start       ] GC(242) Pause Young (Allocation Failure)
[22.232s][info][gc,heap        ] GC(242) PSYoungGen: 82080K(170496K)->43200K(175104K) Eden: 43008K(43008K)->0K(43008K) From: 39072K(127488K)->43200K(132096K)
[22.232s][info][gc,heap        ] GC(242) ParOldGen: 3240869K(3586560K)->3280133K(3586560K)
[22.232s][info][gc,metaspace   ] GC(242) Metaspace: 6303K(6528K)->6303K(6528K) NonClass: 5769K(5888K)->5769K(5888K) Class: 533K(640K)->533K(640K)
[22.232s][info][gc             ] GC(242) Pause Young (Allocation Failure) 3245M->3245M(3673M) 53.550ms
[22.232s][info][gc,cpu         ] GC(242) User=0.27s Sys=0.00s Real=0.05s
[22.278s][info][gc,start       ] GC(243) Pause Young (Allocation Failure)
[22.335s][info][gc,heap        ] GC(243) PSYoungGen: 86208K(175104K)->43200K(165888K) Eden: 43008K(43008K)->0K(47616K) From: 43200K(132096K)->43200K(118272K)
[22.335s][info][gc,heap        ] GC(243) ParOldGen: 3280133K(3586560K)->3323517K(3586560K)
[22.335s][info][gc,metaspace   ] GC(243) Metaspace: 6303K(6528K)->6303K(6528K) NonClass: 5769K(5888K)->5769K(5888K) Class: 533K(640K)->533K(640K)
[22.335s][info][gc             ] GC(243) Pause Young (Allocation Failure) 3287M->3287M(3664M) 57.811ms
[22.335s][info][gc,cpu         ] GC(243) User=0.20s Sys=0.00s Real=0.06s
[22.388s][info][gc,start       ] GC(244) Pause Young (Allocation Failure)
[22.452s][info][gc,heap        ] GC(244) PSYoungGen: 90816K(165888K)->47808K(170496K) Eden: 47616K(47616K)->0K(47616K) From: 43200K(118272K)->47808K(122880K)
[22.452s][info][gc,heap        ] GC(244) ParOldGen: 3323517K(3586560K)->3366901K(3586560K)
[22.452s][info][gc,metaspace   ] GC(244) Metaspace: 6303K(6528K)->6303K(6528K) NonClass: 5769K(5888K)->5769K(5888K) Class: 533K(640K)->533K(640K)
[22.452s][info][gc             ] GC(244) Pause Young (Allocation Failure) 3334M->3334M(3669M) 63.409ms
[22.452s][info][gc,cpu         ] GC(244) User=0.20s Sys=0.00s Real=0.06s
[22.503s][info][gc,start       ] GC(245) Pause Young (Allocation Failure)
[22.572s][info][gc,heap        ] GC(245) PSYoungGen: 95424K(170496K)->47808K(162304K) Eden: 47616K(47616K)->0K(53248K) From: 47808K(122880K)->47808K(109056K)
[22.572s][info][gc,heap        ] GC(245) ParOldGen: 3366901K(3586560K)->3414941K(3586560K)
[22.572s][info][gc,metaspace   ] GC(245) Metaspace: 6303K(6528K)->6303K(6528K) NonClass: 5769K(5888K)->5769K(5888K) Class: 533K(640K)->533K(640K)
[22.572s][info][gc             ] GC(245) Pause Young (Allocation Failure) 3381M->3381M(3661M) 69.375ms
[22.572s][info][gc,cpu         ] GC(245) User=0.17s Sys=0.02s Real=0.07s
[22.625s][info][gc,start       ] GC(246) Pause Young (Allocation Failure)
[22.684s][info][gc,heap        ] GC(246) PSYoungGen: 101056K(162304K)->53440K(166400K) Eden: 53248K(53248K)->0K(53248K) From: 47808K(109056K)->53440K(113152K)
[22.684s][info][gc,heap        ] GC(246) ParOldGen: 3414941K(3586560K)->3462981K(3586560K)
[22.684s][info][gc,metaspace   ] GC(246) Metaspace: 6303K(6528K)->6303K(6528K) NonClass: 5769K(5888K)->5769K(5888K) Class: 533K(640K)->533K(640K)
[22.684s][info][gc             ] GC(246) Pause Young (Allocation Failure) 3433M->3434M(3665M) 59.766ms
[22.684s][info][gc,cpu         ] GC(246) User=0.30s Sys=0.00s Real=0.06s
[22.738s][info][gc,start       ] GC(247) Pause Young (Allocation Failure)
[22.801s][info][gc,heap        ] GC(247) PSYoungGen: 106688K(166400K)->53408K(156672K) Eden: 53248K(53248K)->0K(59392K) From: 53440K(113152K)->53408K(97280K)
[22.801s][info][gc,heap        ] GC(247) ParOldGen: 3462981K(3586560K)->3516709K(3586560K)
[22.801s][info][gc,metaspace   ] GC(247) Metaspace: 6303K(6528K)->6303K(6528K) NonClass: 5769K(5888K)->5769K(5888K) Class: 533K(640K)->533K(640K)
[22.801s][info][gc             ] GC(247) Pause Young (Allocation Failure) 3486M->3486M(3655M) 62.267ms
[22.801s][info][gc,cpu         ] GC(247) User=0.20s Sys=0.02s Real=0.06s
[22.801s][info][gc,start       ] GC(248) Pause Full (Ergonomics)
[22.801s][info][gc,phases,start] GC(248) Marking Phase
[23.606s][info][gc,phases      ] GC(248) Marking Phase 805.189ms
[23.606s][info][gc,phases,start] GC(248) Summary Phase
[23.606s][info][gc,phases      ] GC(248) Summary Phase 0.074ms
[23.606s][info][gc,phases,start] GC(248) Adjust Roots
[23.606s][info][gc,phases      ] GC(248) Adjust Roots 0.165ms
[23.606s][info][gc,phases,start] GC(248) Compaction Phase
[23.940s][info][gc,phases      ] GC(248) Compaction Phase 333.581ms
[23.940s][info][gc,phases,start] GC(248) Post Compact
[23.947s][info][gc,phases      ] GC(248) Post Compact 6.879ms
[23.949s][info][gc,heap        ] GC(248) PSYoungGen: 53408K(156672K)->0K(161792K) Eden: 0K(59392K)->0K(59392K) From: 53408K(97280K)->0K(102400K)
[23.949s][info][gc,heap        ] GC(248) ParOldGen: 3516709K(3586560K)->3567299K(3951104K)
[23.949s][info][gc,metaspace   ] GC(248) Metaspace: 6303K(6528K)->6303K(6528K) NonClass: 5769K(5888K)->5769K(5888K) Class: 533K(640K)->533K(640K)
[23.949s][info][gc             ] GC(248) Pause Full (Ergonomics) 3486M->3483M(4016M) 1147.822ms
[23.949s][info][gc,cpu         ] GC(248) User=8.44s Sys=0.02s Real=1.15s
[24.017s][info][gc,start       ] GC(249) Pause Young (Allocation Failure)
[24.071s][info][gc,heap        ] GC(249) PSYoungGen: 59392K(161792K)->59648K(160256K) Eden: 59392K(59392K)->0K(65024K) From: 0K(102400K)->59648K(95232K)
[24.071s][info][gc,heap        ] GC(249) ParOldGen: 3567299K(3951104K)->3567299K(3951104K)
[24.071s][info][gc,metaspace   ] GC(249) Metaspace: 6303K(6528K)->6303K(6528K) NonClass: 5769K(5888K)->5769K(5888K) Class: 533K(640K)->533K(640K)
[24.071s][info][gc             ] GC(249) Pause Young (Allocation Failure) 3541M->3541M(4015M) 53.735ms
[24.071s][info][gc,cpu         ] GC(249) User=0.17s Sys=0.00s Real=0.05s
[24.139s][info][gc,start       ] GC(250) Pause Young (Allocation Failure)
[24.210s][info][gc,heap        ] GC(250) PSYoungGen: 124672K(160256K)->99328K(164352K) Eden: 65024K(65024K)->0K(65024K) From: 59648K(95232K)->99328K(99328K)
[24.210s][info][gc,heap        ] GC(250) ParOldGen: 3567299K(3951104K)->3592779K(3951104K)
[24.211s][info][gc,metaspace   ] GC(250) Metaspace: 6303K(6528K)->6303K(6528K) NonClass: 5769K(5888K)->5769K(5888K) Class: 533K(640K)->533K(640K)
[24.211s][info][gc             ] GC(250) Pause Young (Allocation Failure) 3605M->3605M(4019M) 71.348ms
[24.211s][info][gc,cpu         ] GC(250) User=0.28s Sys=0.02s Real=0.07s
[24.274s][info][gc,start       ] GC(251) Pause Young (Allocation Failure)
[24.361s][info][gc,heap        ] GC(251) PSYoungGen: 164352K(164352K)->65248K(183808K) Eden: 65024K(65024K)->0K(71680K) From: 99328K(99328K)->65248K(112128K)
[24.361s][info][gc,heap        ] GC(251) ParOldGen: 3592779K(3951104K)->3692827K(3951104K)
[24.361s][info][gc,metaspace   ] GC(251) Metaspace: 6303K(6528K)->6303K(6528K) NonClass: 5769K(5888K)->5769K(5888K) Class: 533K(640K)->533K(640K)
[24.361s][info][gc             ] GC(251) Pause Young (Allocation Failure) 3669M->3669M(4038M) 86.770ms
[24.361s][info][gc,cpu         ] GC(251) User=0.52s Sys=0.11s Real=0.09s
[24.432s][info][gc,start       ] GC(252) Pause Young (Allocation Failure)
[24.505s][info][gc,heap        ] GC(252) PSYoungGen: 136928K(183808K)->116224K(187904K) Eden: 71680K(71680K)->0K(71680K) From: 65248K(112128K)->116224K(116224K)
[24.505s][info][gc,heap        ] GC(252) ParOldGen: 3692827K(3951104K)->3713731K(3951104K)
[24.505s][info][gc,metaspace   ] GC(252) Metaspace: 6303K(6528K)->6303K(6528K) NonClass: 5769K(5888K)->5769K(5888K) Class: 533K(640K)->533K(640K)
[24.505s][info][gc             ] GC(252) Pause Young (Allocation Failure) 3739M->3740M(4042M) 72.284ms
[24.505s][info][gc,cpu         ] GC(252) User=0.31s Sys=0.00s Real=0.07s
[24.585s][info][gc,start       ] GC(253) Pause Young (Allocation Failure)
[24.685s][info][gc,heap        ] GC(253) PSYoungGen: 187904K(187904K)->71936K(205312K) Eden: 71680K(71680K)->0K(78848K) From: 116224K(116224K)->71936K(126464K)
[24.685s][info][gc,heap        ] GC(253) ParOldGen: 3713731K(3951104K)->3830779K(3951104K)
[24.685s][info][gc,metaspace   ] GC(253) Metaspace: 6303K(6528K)->6303K(6528K) NonClass: 5769K(5888K)->5769K(5888K) Class: 533K(640K)->533K(640K)
[24.685s][info][gc             ] GC(253) Pause Young (Allocation Failure) 3810M->3811M(4059M) 100.108ms
[24.685s][info][gc,cpu         ] GC(253) User=0.62s Sys=0.12s Real=0.10s
[24.765s][info][gc,start       ] GC(254) Pause Young (Allocation Failure)
[24.847s][info][gc,heap        ] GC(254) PSYoungGen: 150784K(205312K)->79136K(211456K) Eden: 78848K(78848K)->0K(78848K) From: 71936K(126464K)->79136K(132608K)
[24.847s][info][gc,heap        ] GC(254) ParOldGen: 3830779K(3951104K)->3903107K(3951104K)
[24.847s][info][gc,metaspace   ] GC(254) Metaspace: 6303K(6528K)->6303K(6528K) NonClass: 5769K(5888K)->5769K(5888K) Class: 533K(640K)->533K(640K)
[24.847s][info][gc             ] GC(254) Pause Young (Allocation Failure) 3888M->3888M(4065M) 81.758ms
[24.847s][info][gc,cpu         ] GC(254) User=0.48s Sys=0.03s Real=0.08s
[24.847s][info][gc,start       ] GC(255) Pause Full (Ergonomics)
[24.847s][info][gc,phases,start] GC(255) Marking Phase
[25.740s][info][gc,phases      ] GC(255) Marking Phase 893.343ms
[25.740s][info][gc,phases,start] GC(255) Summary Phase
[25.740s][info][gc,phases      ] GC(255) Summary Phase 0.049ms
[25.740s][info][gc,phases,start] GC(255) Adjust Roots
[25.740s][info][gc,phases      ] GC(255) Adjust Roots 0.167ms
[25.740s][info][gc,phases,start] GC(255) Compaction Phase
[26.134s][info][gc,phases      ] GC(255) Compaction Phase 393.247ms
[26.134s][info][gc,phases,start] GC(255) Post Compact
[26.141s][info][gc,phases      ] GC(255) Post Compact 7.299ms
[26.143s][info][gc,heap        ] GC(255) PSYoungGen: 79136K(211456K)->27727K(211456K) Eden: 0K(78848K)->0K(78848K) From: 79136K(132608K)->27727K(132608K)
[26.143s][info][gc,heap        ] GC(255) ParOldGen: 3903107K(3951104K)->3951022K(4406784K)
[26.143s][info][gc,metaspace   ] GC(255) Metaspace: 6303K(6528K)->6303K(6528K) NonClass: 5769K(5888K)->5769K(5888K) Class: 533K(640K)->533K(640K)
[26.143s][info][gc             ] GC(255) Pause Full (Ergonomics) 3888M->3885M(4510M) 1295.882ms
[26.143s][info][gc,cpu         ] GC(255) User=9.08s Sys=0.05s Real=1.30s
[26.229s][info][gc,start       ] GC(256) Pause Young (Allocation Failure)
[26.454s][info][gc,heap        ] GC(256) PSYoungGen: 106575K(211456K)->79104K(209408K) Eden: 78848K(78848K)->0K(86016K) From: 27727K(132608K)->79104K(123392K)
[26.454s][info][gc,heap        ] GC(256) ParOldGen: 3951022K(4406784K)->3979046K(4406784K)
[26.454s][info][gc,metaspace   ] GC(256) Metaspace: 6303K(6528K)->6303K(6528K) NonClass: 5769K(5888K)->5769K(5888K) Class: 533K(640K)->533K(640K)
[26.454s][info][gc             ] GC(256) Pause Young (Allocation Failure) 3962M->3963M(4508M) 224.547ms
[26.454s][info][gc,cpu         ] GC(256) User=1.48s Sys=0.06s Real=0.22s
[26.557s][info][gc,start       ] GC(257) Pause Young (Allocation Failure)
[26.650s][info][gc,heap        ] GC(257) PSYoungGen: 165120K(209408K)->126976K(212992K) Eden: 86016K(86016K)->0K(86016K) From: 79104K(123392K)->126976K(126976K)
[26.650s][info][gc,heap        ] GC(257) ParOldGen: 3979046K(4406784K)->4017502K(4406784K)
[26.650s][info][gc,metaspace   ] GC(257) Metaspace: 6303K(6528K)->6303K(6528K) NonClass: 5769K(5888K)->5769K(5888K) Class: 533K(640K)->533K(640K)
[26.651s][info][gc             ] GC(257) Pause Young (Allocation Failure) 4047M->4047M(4511M) 93.517ms
[26.651s][info][gc,cpu         ] GC(257) User=0.58s Sys=0.02s Real=0.09s
[26.740s][info][gc,start       ] GC(258) Pause Young (Allocation Failure)
[26.862s][info][gc,heap        ] GC(258) PSYoungGen: 212992K(212992K)->86336K(239616K) Eden: 86016K(86016K)->0K(94208K) From: 126976K(126976K)->86336K(145408K)
[26.862s][info][gc,heap        ] GC(258) ParOldGen: 4017502K(4406784K)->4145406K(4406784K)
[26.862s][info][gc,metaspace   ] GC(258) Metaspace: 6303K(6528K)->6303K(6528K) NonClass: 5769K(5888K)->5769K(5888K) Class: 533K(640K)->533K(640K)
[26.862s][info][gc             ] GC(258) Pause Young (Allocation Failure) 4131M->4132M(4537M) 122.510ms
[26.862s][info][gc,cpu         ] GC(258) User=0.78s Sys=0.11s Real=0.12s
[26.975s][info][gc,start       ] GC(259) Pause Young (Allocation Failure)
[27.071s][info][gc,heap        ] GC(259) PSYoungGen: 180544K(239616K)->150528K(244736K) Eden: 94208K(94208K)->0K(94208K) From: 86336K(145408K)->150528K(150528K)
[27.071s][info][gc,heap        ] GC(259) ParOldGen: 4145406K(4406784K)->4175662K(4406784K)
[27.071s][info][gc,metaspace   ] GC(259) Metaspace: 6303K(6528K)->6303K(6528K) NonClass: 5769K(5888K)->5769K(5888K) Class: 533K(640K)->533K(640K)
[27.071s][info][gc             ] GC(259) Pause Young (Allocation Failure) 4224M->4224M(4542M) 95.864ms
[27.071s][info][gc,cpu         ] GC(259) User=0.61s Sys=0.03s Real=0.10s
[27.178s][info][gc,start       ] GC(260) Pause Young (Allocation Failure)
[27.322s][info][gc,heap        ] GC(260) PSYoungGen: 244736K(244736K)->94528K(269312K) Eden: 94208K(94208K)->0K(103936K) From: 150528K(150528K)->94528K(165376K)
[27.322s][info][gc,heap        ] GC(260) ParOldGen: 4175662K(4406784K)->4327270K(4406784K)
[27.322s][info][gc,metaspace   ] GC(260) Metaspace: 6303K(6528K)->6303K(6528K) NonClass: 5769K(5888K)->5769K(5888K) Class: 533K(640K)->533K(640K)
[27.322s][info][gc             ] GC(260) Pause Young (Allocation Failure) 4316M->4318M(4566M) 143.858ms
[27.322s][info][gc,cpu         ] GC(260) User=0.86s Sys=0.16s Real=0.14s
[27.322s][info][gc,start       ] GC(261) Pause Full (Ergonomics)
[27.322s][info][gc,phases,start] GC(261) Marking Phase
[28.309s][info][gc,phases      ] GC(261) Marking Phase 987.303ms
[28.309s][info][gc,phases,start] GC(261) Summary Phase
[28.309s][info][gc,phases      ] GC(261) Summary Phase 0.063ms
[28.309s][info][gc,phases,start] GC(261) Adjust Roots
[28.310s][info][gc,phases      ] GC(261) Adjust Roots 0.162ms
[28.310s][info][gc,phases,start] GC(261) Compaction Phase
[28.697s][info][gc,phases      ] GC(261) Compaction Phase 387.818ms
[28.697s][info][gc,phases,start] GC(261) Post Compact
[28.704s][info][gc,phases      ] GC(261) Post Compact 6.914ms
[28.706s][info][gc,heap        ] GC(261) PSYoungGen: 94528K(269312K)->11403K(276480K) Eden: 0K(103936K)->0K(111104K) From: 94528K(165376K)->11403K(165376K)
[28.706s][info][gc,heap        ] GC(261) ParOldGen: 4327270K(4406784K)->4406482K(4938752K)
[28.706s][info][gc,metaspace   ] GC(261) Metaspace: 6303K(6528K)->6303K(6528K) NonClass: 5769K(5888K)->5769K(5888K) Class: 533K(640K)->533K(640K)
[28.706s][info][gc             ] GC(261) Pause Full (Ergonomics) 4318M->4314M(5093M) 1384.415ms
[28.706s][info][gc,cpu         ] GC(261) User=10.44s Sys=0.03s Real=1.38s
[28.825s][info][gc,start       ] GC(262) Pause Young (Allocation Failure)
[29.085s][info][gc,heap        ] GC(262) PSYoungGen: 122507K(276480K)->122816K(283648K) Eden: 111104K(111104K)->0K(111104K) From: 11403K(165376K)->122816K(172544K)
[29.085s][info][gc,heap        ] GC(262) ParOldGen: 4406482K(4938752K)->4406482K(4938752K)
[29.085s][info][gc,metaspace   ] GC(262) Metaspace: 6303K(6528K)->6303K(6528K) NonClass: 5769K(5888K)->5769K(5888K) Class: 533K(640K)->533K(640K)
[29.085s][info][gc             ] GC(262) Pause Young (Allocation Failure) 4422M->4423M(5100M) 260.128ms
[29.085s][info][gc,cpu         ] GC(262) User=1.67s Sys=0.00s Real=0.26s
[29.219s][info][gc,start       ] GC(263) Pause Young (Allocation Failure)
[29.364s][info][gc,heap        ] GC(263) PSYoungGen: 233920K(283648K)->176128K(253440K) Eden: 111104K(111104K)->0K(77312K) From: 122816K(172544K)->176128K(176128K)
[29.364s][info][gc,heap        ] GC(263) ParOldGen: 4406482K(4938752K)->4464858K(4938752K)
[29.364s][info][gc,metaspace   ] GC(263) Metaspace: 6303K(6528K)->6303K(6528K) NonClass: 5769K(5888K)->5769K(5888K) Class: 533K(640K)->533K(640K)
[29.364s][info][gc             ] GC(263) Pause Young (Allocation Failure) 4531M->4532M(5070M) 145.093ms
[29.364s][info][gc,cpu         ] GC(263) User=0.98s Sys=0.16s Real=0.14s
[29.445s][info][gc,start       ] GC(264) Pause Young (Allocation Failure)
[29.585s][info][gc,heap        ] GC(264) PSYoungGen: 253440K(253440K)->159232K(296960K) Eden: 77312K(77312K)->0K(77312K) From: 176128K(176128K)->159232K(219648K)
[29.585s][info][gc,heap        ] GC(264) ParOldGen: 4464858K(4938752K)->4560010K(4938752K)
[29.585s][info][gc,metaspace   ] GC(264) Metaspace: 6303K(6528K)->6303K(6528K) NonClass: 5769K(5888K)->5769K(5888K) Class: 533K(640K)->533K(640K)
[29.585s][info][gc             ] GC(264) Pause Young (Allocation Failure) 4607M->4608M(5113M) 140.749ms
[29.585s][info][gc,cpu         ] GC(264) User=0.83s Sys=0.08s Real=0.14s
[29.676s][info][gc,start       ] GC(265) Pause Young (Allocation Failure)
[29.805s][info][gc,heap        ] GC(265) PSYoungGen: 236544K(296960K)->227328K(278528K) Eden: 77312K(77312K)->0K(51200K) From: 159232K(219648K)->227328K(227328K)
[29.805s][info][gc,heap        ] GC(265) ParOldGen: 4560010K(4938752K)->4569370K(4938752K)
[29.805s][info][gc,metaspace   ] GC(265) Metaspace: 6303K(6528K)->6303K(6528K) NonClass: 5769K(5888K)->5769K(5888K) Class: 533K(640K)->533K(640K)
[29.805s][info][gc             ] GC(265) Pause Young (Allocation Failure) 4684M->4684M(5095M) 129.062ms
[29.805s][info][gc,cpu         ] GC(265) User=0.83s Sys=0.03s Real=0.13s
[29.868s][info][gc,start       ] GC(266) Pause Young (Allocation Failure)
[30.023s][info][gc,heap        ] GC(266) PSYoungGen: 278528K(278528K)->124032K(175616K) Eden: 51200K(51200K)->0K(51200K) From: 227328K(227328K)->124032K(124416K)
[30.023s][info][gc,heap        ] GC(266) ParOldGen: 4569370K(4938752K)->4725202K(4938752K)
[30.023s][info][gc,metaspace   ] GC(266) Metaspace: 6303K(6528K)->6303K(6528K) NonClass: 5769K(5888K)->5769K(5888K) Class: 533K(640K)->533K(640K)
[30.023s][info][gc             ] GC(266) Pause Young (Allocation Failure) 4734M->4735M(4994M) 155.007ms
[30.023s][info][gc,cpu         ] GC(266) User=1.02s Sys=0.12s Real=0.15s
[30.077s][info][gc,start       ] GC(267) Pause Young (Allocation Failure)
[30.174s][info][gc,heap        ] GC(267) PSYoungGen: 175232K(175616K)->102688K(289280K) Eden: 51200K(51200K)->0K(57344K) From: 124032K(124416K)->102688K(231936K)
[30.174s][info][gc,heap        ] GC(267) ParOldGen: 4725202K(4938752K)->4798338K(4938752K)
[30.174s][info][gc,metaspace   ] GC(267) Metaspace: 6303K(6528K)->6303K(6528K) NonClass: 5769K(5888K)->5769K(5888K) Class: 533K(640K)->533K(640K)
[30.174s][info][gc             ] GC(267) Pause Young (Allocation Failure) 4785M->4786M(5105M) 97.216ms
[30.174s][info][gc,cpu         ] GC(267) User=0.59s Sys=0.03s Real=0.10s
[30.174s][info][gc,start       ] GC(268) Pause Full (Ergonomics)
[30.174s][info][gc,phases,start] GC(268) Marking Phase
[31.294s][info][gc,phases      ] GC(268) Marking Phase 1119.593ms
[31.294s][info][gc,phases,start] GC(268) Summary Phase
[31.294s][info][gc,phases      ] GC(268) Summary Phase 0.084ms
[31.294s][info][gc,phases,start] GC(268) Adjust Roots
[31.294s][info][gc,phases      ] GC(268) Adjust Roots 0.163ms
[31.294s][info][gc,phases,start] GC(268) Compaction Phase
[31.711s][info][gc,phases      ] GC(268) Compaction Phase 417.226ms
[31.711s][info][gc,phases,start] GC(268) Post Compact
[31.719s][info][gc,phases      ] GC(268) Post Compact 7.685ms
[31.721s][info][gc,heap        ] GC(268) PSYoungGen: 102688K(289280K)->0K(297472K) Eden: 0K(57344K)->0K(57344K) From: 102688K(231936K)->0K(240128K)
[31.721s][info][gc,heap        ] GC(268) ParOldGen: 4798338K(4938752K)->4896932K(5479936K)
[31.721s][info][gc,metaspace   ] GC(268) Metaspace: 6303K(6528K)->6303K(6528K) NonClass: 5769K(5888K)->5769K(5888K) Class: 533K(640K)->533K(640K)
[31.721s][info][gc             ] GC(268) Pause Full (Ergonomics) 4786M->4782M(5642M) 1546.815ms
[31.721s][info][gc,cpu         ] GC(268) User=11.59s Sys=0.06s Real=1.55s
[31.782s][info][gc,start       ] GC(269) Pause Young (Allocation Failure)
[31.832s][info][gc,heap        ] GC(269) PSYoungGen: 57344K(297472K)->57568K(300544K) Eden: 57344K(57344K)->0K(62976K) From: 0K(240128K)->57568K(237568K)
[31.832s][info][gc,heap        ] GC(269) ParOldGen: 4896932K(5479936K)->4896932K(5479936K)
[31.832s][info][gc,metaspace   ] GC(269) Metaspace: 6303K(6528K)->6303K(6528K) NonClass: 5769K(5888K)->5769K(5888K) Class: 533K(640K)->533K(640K)
[31.833s][info][gc             ] GC(269) Pause Young (Allocation Failure) 4838M->4838M(5645M) 50.431ms
[31.833s][info][gc,cpu         ] GC(269) User=0.17s Sys=0.00s Real=0.05s
[31.904s][info][gc,start       ] GC(270) Pause Young (Allocation Failure)
[31.978s][info][gc,heap        ] GC(270) PSYoungGen: 120544K(300544K)->120672K(183808K) Eden: 62976K(62976K)->0K(62976K) From: 57568K(237568K)->120672K(120832K)
[31.979s][info][gc,heap        ] GC(270) ParOldGen: 4896932K(5479936K)->4896932K(5479936K)
[31.979s][info][gc,metaspace   ] GC(270) Metaspace: 6303K(6528K)->6303K(6528K) NonClass: 5769K(5888K)->5769K(5888K) Class: 533K(640K)->533K(640K)
[31.979s][info][gc             ] GC(270) Pause Young (Allocation Failure) 4899M->4900M(5531M) 74.328ms
[31.979s][info][gc,cpu         ] GC(270) User=0.39s Sys=0.00s Real=0.08s
[32.054s][info][gc,start       ] GC(271) Pause Young (Allocation Failure)
[32.150s][info][gc,heap        ] GC(271) PSYoungGen: 183648K(183808K)->183680K(284672K) Eden: 62976K(62976K)->0K(55808K) From: 120672K(120832K)->183680K(228864K)
[32.150s][info][gc,heap        ] GC(271) ParOldGen: 4896932K(5479936K)->4896932K(5479936K)
[32.150s][info][gc,metaspace   ] GC(271) Metaspace: 6303K(6528K)->6303K(6528K) NonClass: 5769K(5888K)->5769K(5888K) Class: 533K(640K)->533K(640K)
[32.150s][info][gc             ] GC(271) Pause Young (Allocation Failure) 4961M->4961M(5629M) 95.780ms
[32.150s][info][gc,cpu         ] GC(271) User=0.62s Sys=0.00s Real=0.10s
[32.214s][info][gc,start       ] GC(272) Pause Young (Allocation Failure)
[32.342s][info][gc,heap        ] GC(272) PSYoungGen: 239488K(284672K)->239584K(297984K) Eden: 55808K(55808K)->0K(55808K) From: 183680K(228864K)->239584K(242176K)
[32.342s][info][gc,heap        ] GC(272) ParOldGen: 4896932K(5479936K)->4896932K(5479936K)
[32.342s][info][gc,metaspace   ] GC(272) Metaspace: 6303K(6528K)->6303K(6528K) NonClass: 5769K(5888K)->5769K(5888K) Class: 533K(640K)->533K(640K)
[32.342s][info][gc             ] GC(272) Pause Young (Allocation Failure) 5016M->5016M(5642M) 127.521ms
[32.342s][info][gc,cpu         ] GC(272) User=0.89s Sys=0.00s Real=0.13s
[32.403s][info][gc,start       ] GC(273) Pause Young (Allocation Failure)
[32.560s][info][gc,heap        ] GC(273) PSYoungGen: 295392K(297984K)->272896K(289280K) Eden: 55808K(55808K)->0K(16384K) From: 239584K(242176K)->272896K(272896K)
[32.560s][info][gc,heap        ] GC(273) ParOldGen: 4896932K(5479936K)->4919620K(5479936K)
[32.560s][info][gc,metaspace   ] GC(273) Metaspace: 6303K(6528K)->6303K(6528K) NonClass: 5769K(5888K)->5769K(5888K) Class: 533K(640K)->533K(640K)
[32.560s][info][gc             ] GC(273) Pause Young (Allocation Failure) 5070M->5070M(5634M) 156.853ms
[32.560s][info][gc,cpu         ] GC(273) User=0.94s Sys=0.19s Real=0.16s
[32.578s][info][gc,start       ] GC(274) Pause Young (Allocation Failure)
[32.735s][info][gc,heap        ] GC(274) PSYoungGen: 289280K(289280K)->180736K(197120K) Eden: 16384K(16384K)->0K(16384K) From: 272896K(272896K)->180736K(180736K)
[32.735s][info][gc,heap        ] GC(274) ParOldGen: 4919620K(5479936K)->5029100K(5479936K)
[32.735s][info][gc,metaspace   ] GC(274) Metaspace: 6303K(6528K)->6303K(6528K) NonClass: 5769K(5888K)->5769K(5888K) Class: 533K(640K)->533K(640K)
[32.735s][info][gc             ] GC(274) Pause Young (Allocation Failure) 5086M->5087M(5544M) 156.989ms
[32.735s][info][gc,cpu         ] GC(274) User=1.16s Sys=0.06s Real=0.16s
[32.753s][info][gc,start       ] GC(275) Pause Young (Allocation Failure)
[32.860s][info][gc,heap        ] GC(275) PSYoungGen: 197120K(197120K)->87936K(322560K) Eden: 16384K(16384K)->0K(18944K) From: 180736K(180736K)->87936K(303616K)
[32.860s][info][gc,heap        ] GC(275) ParOldGen: 5029100K(5479936K)->5139068K(5479936K)
[32.860s][info][gc,metaspace   ] GC(275) Metaspace: 6303K(6528K)->6303K(6528K) NonClass: 5769K(5888K)->5769K(5888K) Class: 533K(640K)->533K(640K)
[32.860s][info][gc             ] GC(275) Pause Young (Allocation Failure) 5103M->5104M(5666M) 107.007ms
[32.860s][info][gc,cpu         ] GC(275) User=0.72s Sys=0.03s Real=0.11s
[32.884s][info][gc,start       ] GC(276) Pause Young (Allocation Failure)
[32.950s][info][gc,heap        ] GC(276) PSYoungGen: 106880K(322560K)->35456K(327168K) Eden: 18944K(18944K)->0K(18944K) From: 87936K(303616K)->35456K(308224K)
[32.950s][info][gc,heap        ] GC(276) ParOldGen: 5139068K(5479936K)->5211028K(5479936K)
[32.950s][info][gc,metaspace   ] GC(276) Metaspace: 6303K(6528K)->6303K(6528K) NonClass: 5769K(5888K)->5769K(5888K) Class: 533K(640K)->533K(640K)
[32.950s][info][gc             ] GC(276) Pause Young (Allocation Failure) 5122M->5123M(5671M) 66.375ms
[32.950s][info][gc,cpu         ] GC(276) User=0.25s Sys=0.02s Real=0.07s
[32.970s][info][gc,start       ] GC(277) Pause Young (Allocation Failure)
[33.024s][info][gc,heap        ] GC(277) PSYoungGen: 54400K(327168K)->19104K(330752K) Eden: 18944K(18944K)->0K(19456K) From: 35456K(308224K)->19104K(311296K)
[33.024s][info][gc,heap        ] GC(277) ParOldGen: 5211028K(5479936K)->5246644K(5479936K)
[33.024s][info][gc,metaspace   ] GC(277) Metaspace: 6303K(6528K)->6303K(6528K) NonClass: 5769K(5888K)->5769K(5888K) Class: 533K(640K)->533K(640K)
[33.024s][info][gc             ] GC(277) Pause Young (Allocation Failure) 5142M->5142M(5674M) 54.467ms
[33.024s][info][gc,cpu         ] GC(277) User=0.16s Sys=0.02s Real=0.05s
[33.047s][info][gc,start       ] GC(278) Pause Young (Allocation Failure)
[33.094s][info][gc,heap        ] GC(278) PSYoungGen: 38560K(330752K)->19584K(333312K) Eden: 19456K(19456K)->0K(19456K) From: 19104K(311296K)->19584K(313856K)
[33.094s][info][gc,heap        ] GC(278) ParOldGen: 5246644K(5479936K)->5265780K(5479936K)
[33.094s][info][gc,metaspace   ] GC(278) Metaspace: 6303K(6528K)->6303K(6528K) NonClass: 5769K(5888K)->5769K(5888K) Class: 533K(640K)->533K(640K)
[33.094s][info][gc             ] GC(278) Pause Young (Allocation Failure) 5161M->5161M(5677M) 46.599ms
[33.094s][info][gc,cpu         ] GC(278) User=0.16s Sys=0.00s Real=0.05s
[33.116s][info][gc,start       ] GC(279) Pause Young (Allocation Failure)
[33.168s][info][gc,heap        ] GC(279) PSYoungGen: 39040K(333312K)->19584K(328192K) Eden: 19456K(19456K)->0K(22528K) From: 19584K(313856K)->19584K(305664K)
[33.168s][info][gc,heap        ] GC(279) ParOldGen: 5265780K(5479936K)->5285404K(5479936K)
[33.168s][info][gc,metaspace   ] GC(279) Metaspace: 6303K(6528K)->6303K(6528K) NonClass: 5769K(5888K)->5769K(5888K) Class: 533K(640K)->533K(640K)
[33.168s][info][gc             ] GC(279) Pause Young (Allocation Failure) 5180M->5180M(5672M) 51.424ms
[33.168s][info][gc,cpu         ] GC(279) User=0.16s Sys=0.00s Real=0.05s
[33.192s][info][gc,start       ] GC(280) Pause Young (Allocation Failure)
[33.236s][info][gc,heap        ] GC(280) PSYoungGen: 42112K(328192K)->22688K(45568K) Eden: 22528K(22528K)->0K(22528K) From: 19584K(305664K)->22688K(23040K)
[33.236s][info][gc,heap        ] GC(280) ParOldGen: 5285404K(5479936K)->5305028K(5479936K)
[33.236s][info][gc,metaspace   ] GC(280) Metaspace: 6303K(6528K)->6303K(6528K) NonClass: 5769K(5888K)->5769K(5888K) Class: 533K(640K)->533K(640K)
[33.236s][info][gc             ] GC(280) Pause Young (Allocation Failure) 5202M->5202M(5396M) 43.818ms
[33.236s][info][gc,cpu         ] GC(280) User=0.14s Sys=0.00s Real=0.04s
[33.261s][info][gc,start       ] GC(281) Pause Young (Allocation Failure)
[33.308s][info][gc,heap        ] GC(281) PSYoungGen: 45216K(45568K)->22688K(313344K) Eden: 22528K(22528K)->0K(26112K) From: 22688K(23040K)->22688K(287232K)
[33.308s][info][gc,heap        ] GC(281) ParOldGen: 5305028K(5479936K)->5327772K(5479936K)
[33.308s][info][gc,metaspace   ] GC(281) Metaspace: 6303K(6528K)->6303K(6528K) NonClass: 5769K(5888K)->5769K(5888K) Class: 533K(640K)->533K(640K)
[33.308s][info][gc             ] GC(281) Pause Young (Allocation Failure) 5224M->5225M(5657M) 46.607ms
[33.308s][info][gc,cpu         ] GC(281) User=0.16s Sys=0.00s Real=0.05s
[33.337s][info][gc,start       ] GC(282) Pause Young (Allocation Failure)
[33.382s][info][gc,heap        ] GC(282) PSYoungGen: 48800K(313344K)->26272K(52736K) Eden: 26112K(26112K)->0K(26112K) From: 22688K(287232K)->26272K(26624K)
[33.383s][info][gc,heap        ] GC(282) ParOldGen: 5327772K(5479936K)->5350516K(5479936K)
[33.383s][info][gc,metaspace   ] GC(282) Metaspace: 6303K(6528K)->6303K(6528K) NonClass: 5769K(5888K)->5769K(5888K) Class: 533K(640K)->533K(640K)
[33.383s][info][gc             ] GC(282) Pause Young (Allocation Failure) 5250M->5250M(5403M) 45.544ms
[33.383s][info][gc,cpu         ] GC(282) User=0.14s Sys=0.02s Real=0.05s
[33.383s][info][gc,start       ] GC(283) Pause Full (Ergonomics)
[33.383s][info][gc,phases,start] GC(283) Marking Phase
[34.605s][info][gc,phases      ] GC(283) Marking Phase 1222.678ms
[34.605s][info][gc,phases,start] GC(283) Summary Phase
[34.605s][info][gc,phases      ] GC(283) Summary Phase 0.093ms
[34.605s][info][gc,phases,start] GC(283) Adjust Roots
[34.606s][info][gc,phases      ] GC(283) Adjust Roots 0.200ms
[34.606s][info][gc,phases,start] GC(283) Compaction Phase
[35.048s][info][gc,phases      ] GC(283) Compaction Phase 442.250ms
[35.048s][info][gc,phases,start] GC(283) Post Compact
[35.056s][info][gc,phases      ] GC(283) Post Compact 8.025ms
[35.058s][info][gc,heap        ] GC(283) PSYoungGen: 26272K(52736K)->0K(314880K) Eden: 0K(26112K)->0K(30208K) From: 26272K(26624K)->0K(284672K)
[35.058s][info][gc,heap        ] GC(283) ParOldGen: 5350516K(5479936K)->5372155K(5958656K)
[35.058s][info][gc,metaspace   ] GC(283) Metaspace: 6303K(6528K)->6303K(6528K) NonClass: 5769K(5888K)->5769K(5888K) Class: 533K(640K)->533K(640K)
[35.058s][info][gc             ] GC(283) Pause Full (Ergonomics) 5250M->5246M(6126M) 1674.985ms
[35.058s][info][gc,cpu         ] GC(283) User=12.78s Sys=0.02s Real=1.67s
[35.095s][info][gc,start       ] GC(284) Pause Young (Allocation Failure)
[35.137s][info][gc,heap        ] GC(284) PSYoungGen: 30208K(314880K)->30400K(60928K) Eden: 30208K(30208K)->0K(30208K) From: 0K(284672K)->30400K(30720K)
[35.137s][info][gc,heap        ] GC(284) ParOldGen: 5372155K(5958656K)->5372155K(5958656K)
[35.137s][info][gc,metaspace   ] GC(284) Metaspace: 6303K(6528K)->6303K(6528K) NonClass: 5769K(5888K)->5769K(5888K) Class: 533K(640K)->533K(640K)
[35.137s][info][gc             ] GC(284) Pause Young (Allocation Failure) 5275M->5275M(5878M) 42.029ms
[35.137s][info][gc,cpu         ] GC(284) User=0.06s Sys=0.00s Real=0.04s
[35.170s][info][gc,start       ] GC(285) Pause Young (Allocation Failure)
[35.226s][info][gc,heap        ] GC(285) PSYoungGen: 60608K(60928K)->30336K(285184K) Eden: 30208K(30208K)->0K(33792K) From: 30400K(30720K)->30336K(251392K)
[35.226s][info][gc,heap        ] GC(285) ParOldGen: 5372155K(5958656K)->5402635K(5958656K)
[35.226s][info][gc,metaspace   ] GC(285) Metaspace: 6303K(6528K)->6303K(6528K) NonClass: 5769K(5888K)->5769K(5888K) Class: 533K(640K)->533K(640K)
[35.226s][info][gc             ] GC(285) Pause Young (Allocation Failure) 5305M->5305M(6097M) 55.415ms
[35.226s][info][gc,cpu         ] GC(285) User=0.17s Sys=0.00s Real=0.06s
[35.268s][info][gc,start       ] GC(286) Pause Young (Allocation Failure)
[35.327s][info][gc,heap        ] GC(286) PSYoungGen: 64128K(285184K)->33984K(68096K) Eden: 33792K(33792K)->0K(33792K) From: 30336K(251392K)->33984K(34304K)
[35.327s][info][gc,heap        ] GC(286) ParOldGen: 5402635K(5958656K)->5433099K(5958656K)
[35.327s][info][gc,metaspace   ] GC(286) Metaspace: 6303K(6528K)->6303K(6528K) NonClass: 5769K(5888K)->5769K(5888K) Class: 533K(640K)->533K(640K)
[35.327s][info][gc             ] GC(286) Pause Young (Allocation Failure) 5338M->5338M(5885M) 59.320ms
[35.327s][info][gc,cpu         ] GC(286) User=0.19s Sys=0.00s Real=0.06s
[35.369s][info][gc,start       ] GC(287) Pause Young (Allocation Failure)
[35.428s][info][gc,heap        ] GC(287) PSYoungGen: 67776K(68096K)->33952K(263168K) Eden: 33792K(33792K)->0K(37888K) From: 33984K(34304K)->33952K(225280K)
[35.428s][info][gc,heap        ] GC(287) ParOldGen: 5433099K(5958656K)->5467195K(5958656K)
[35.428s][info][gc,metaspace   ] GC(287) Metaspace: 6303K(6528K)->6303K(6528K) NonClass: 5769K(5888K)->5769K(5888K) Class: 533K(640K)->533K(640K)
[35.428s][info][gc             ] GC(287) Pause Young (Allocation Failure) 5371M->5372M(6076M) 59.511ms
[35.428s][info][gc,cpu         ] GC(287) User=0.19s Sys=0.00s Real=0.06s
[35.473s][info][gc,start       ] GC(288) Pause Young (Allocation Failure)
[35.532s][info][gc,heap        ] GC(288) PSYoungGen: 71840K(263168K)->38048K(76288K) Eden: 37888K(37888K)->0K(37888K) From: 33952K(225280K)->38048K(38400K)
[35.532s][info][gc,heap        ] GC(288) ParOldGen: 5467195K(5958656K)->5501299K(5958656K)
[35.532s][info][gc,metaspace   ] GC(288) Metaspace: 6303K(6528K)->6303K(6528K) NonClass: 5769K(5888K)->5769K(5888K) Class: 533K(640K)->533K(640K)
[35.532s][info][gc             ] GC(288) Pause Young (Allocation Failure) 5409M->5409M(5893M) 59.255ms
[35.532s][info][gc,cpu         ] GC(288) User=0.27s Sys=0.00s Real=0.06s
[35.579s][info][gc,start       ] GC(289) Pause Young (Allocation Failure)
[35.642s][info][gc,heap        ] GC(289) PSYoungGen: 75936K(76288K)->38016K(243200K) Eden: 37888K(37888K)->0K(42496K) From: 38048K(38400K)->38016K(200704K)
[35.642s][info][gc,heap        ] GC(289) ParOldGen: 5501299K(5958656K)->5539515K(5958656K)
[35.642s][info][gc,metaspace   ] GC(289) Metaspace: 6303K(6528K)->6303K(6528K) NonClass: 5769K(5888K)->5769K(5888K) Class: 533K(640K)->533K(640K)
[35.642s][info][gc             ] GC(289) Pause Young (Allocation Failure) 5446M->5446M(6056M) 63.186ms
[35.642s][info][gc,cpu         ] GC(289) User=0.23s Sys=0.03s Real=0.06s
[35.688s][info][gc,start       ] GC(290) Pause Young (Allocation Failure)
[35.751s][info][gc,heap        ] GC(290) PSYoungGen: 80512K(243200K)->42688K(85504K) Eden: 42496K(42496K)->0K(42496K) From: 38016K(200704K)->42688K(43008K)
[35.751s][info][gc,heap        ] GC(290) ParOldGen: 5539515K(5958656K)->5577739K(5958656K)
[35.751s][info][gc,metaspace   ] GC(290) Metaspace: 6303K(6528K)->6303K(6528K) NonClass: 5769K(5888K)->5769K(5888K) Class: 533K(640K)->533K(640K)
[35.751s][info][gc             ] GC(290) Pause Young (Allocation Failure) 5488M->5488M(5902M) 63.269ms
[35.751s][info][gc,cpu         ] GC(290) User=0.20s Sys=0.02s Real=0.06s
[35.800s][info][gc,start       ] GC(291) Pause Young (Allocation Failure)
[35.864s][info][gc,heap        ] GC(291) PSYoungGen: 85184K(85504K)->42688K(225280K) Eden: 42496K(42496K)->0K(47616K) From: 42688K(43008K)->42688K(177664K)
[35.864s][info][gc,heap        ] GC(291) ParOldGen: 5577739K(5958656K)->5620635K(5958656K)
[35.864s][info][gc,metaspace   ] GC(291) Metaspace: 6303K(6528K)->6303K(6528K) NonClass: 5769K(5888K)->5769K(5888K) Class: 533K(640K)->533K(640K)
[35.864s][info][gc             ] GC(291) Pause Young (Allocation Failure) 5530M->5530M(6039M) 64.109ms
[35.864s][info][gc,cpu         ] GC(291) User=0.31s Sys=0.00s Real=0.07s
[35.926s][info][gc,start       ] GC(292) Pause Young (Allocation Failure)
[35.992s][info][gc,heap        ] GC(292) PSYoungGen: 90304K(225280K)->47808K(95744K) Eden: 47616K(47616K)->0K(47616K) From: 42688K(177664K)->47808K(48128K)
[35.993s][info][gc,heap        ] GC(292) ParOldGen: 5620635K(5958656K)->5663515K(5958656K)
[35.993s][info][gc,metaspace   ] GC(292) Metaspace: 6303K(6528K)->6303K(6528K) NonClass: 5769K(5888K)->5769K(5888K) Class: 533K(640K)->533K(640K)
[35.993s][info][gc             ] GC(292) Pause Young (Allocation Failure) 5577M->5577M(5912M) 66.591ms
[35.993s][info][gc,cpu         ] GC(292) User=0.30s Sys=0.03s Real=0.07s
[37.116s][info][gc,start       ] GC(293) Pause Full (Ergonomics)
[37.116s][info][gc,phases,start] GC(293) Marking Phase
[38.416s][info][gc,phases      ] GC(293) Marking Phase 1299.152ms
[38.416s][info][gc,phases,start] GC(293) Summary Phase
[38.416s][info][gc,phases      ] GC(293) Summary Phase 0.101ms
[38.416s][info][gc,phases,start] GC(293) Adjust Roots
[38.416s][info][gc,phases      ] GC(293) Adjust Roots 0.165ms
[38.416s][info][gc,phases,start] GC(293) Compaction Phase
[39.322s][info][gc,phases      ] GC(293) Compaction Phase 906.372ms
[39.322s][info][gc,phases,start] GC(293) Post Compact
[39.332s][info][gc,phases      ] GC(293) Post Compact 9.879ms
[39.334s][info][gc,heap        ] GC(293) PSYoungGen: 95424K(95744K)->0K(230912K) Eden: 47616K(47616K)->0K(53248K) From: 47808K(48128K)->0K(177664K)
[39.334s][info][gc,heap        ] GC(293) ParOldGen: 5925659K(5958656K)->5886905K(6474752K)
[39.334s][info][gc,metaspace   ] GC(293) Metaspace: 6303K(6528K)->6303K(6528K) NonClass: 5769K(5888K)->5769K(5888K) Class: 533K(640K)->533K(640K)
[39.334s][info][gc             ] GC(293) Pause Full (Ergonomics) 5879M->5748M(6548M) 2217.904ms
[39.334s][info][gc,cpu         ] GC(293) User=15.66s Sys=0.08s Real=2.22s
[39.388s][info][gc,start       ] GC(294) Pause Young (Allocation Failure)
[39.457s][info][gc,heap        ] GC(294) PSYoungGen: 53248K(230912K)->53440K(107008K) Eden: 53248K(53248K)->0K(53248K) From: 0K(177664K)->53440K(53760K)
[39.457s][info][gc,heap        ] GC(294) ParOldGen: 5886905K(6474752K)->5886905K(6474752K)
[39.457s][info][gc,metaspace   ] GC(294) Metaspace: 6303K(6528K)->6303K(6528K) NonClass: 5769K(5888K)->5769K(5888K) Class: 533K(640K)->533K(640K)
[39.457s][info][gc             ] GC(294) Pause Young (Allocation Failure) 5800M->5801M(6427M) 69.565ms
[39.457s][info][gc,cpu         ] GC(294) User=0.09s Sys=0.00s Real=0.07s
[39.516s][info][gc,start       ] GC(295) Pause Young (Allocation Failure)
[39.612s][info][gc,heap        ] GC(295) PSYoungGen: 106688K(107008K)->106784K(216064K) Eden: 53248K(53248K)->0K(50176K) From: 53440K(53760K)->106784K(165888K)
[39.612s][info][gc,heap        ] GC(295) ParOldGen: 5886905K(6474752K)->5886905K(6474752K)
[39.612s][info][gc,metaspace   ] GC(295) Metaspace: 6303K(6528K)->6303K(6528K) NonClass: 5769K(5888K)->5769K(5888K) Class: 533K(640K)->533K(640K)
[39.612s][info][gc             ] GC(295) Pause Young (Allocation Failure) 5853M->5853M(6534M) 96.723ms
[39.612s][info][gc,cpu         ] GC(295) User=0.19s Sys=0.00s Real=0.10s
[39.673s][info][gc,start       ] GC(296) Pause Young (Allocation Failure)
[39.778s][info][gc,heap        ] GC(296) PSYoungGen: 156960K(216064K)->157056K(224256K) Eden: 50176K(50176K)->0K(50176K) From: 106784K(165888K)->157056K(174080K)
[39.778s][info][gc,heap        ] GC(296) ParOldGen: 5886905K(6474752K)->5886905K(6474752K)
[39.778s][info][gc,metaspace   ] GC(296) Metaspace: 6303K(6528K)->6303K(6528K) NonClass: 5769K(5888K)->5769K(5888K) Class: 533K(640K)->533K(640K)
[39.778s][info][gc             ] GC(296) Pause Young (Allocation Failure) 5902M->5902M(6542M) 105.379ms
[39.778s][info][gc,cpu         ] GC(296) User=0.30s Sys=0.00s Real=0.11s
[39.830s][info][gc,start       ] GC(297) Pause Young (Allocation Failure)
[39.950s][info][gc,heap        ] GC(297) PSYoungGen: 207232K(224256K)->153952K(235520K) Eden: 50176K(50176K)->0K(37376K) From: 157056K(174080K)->153952K(198144K)
[39.951s][info][gc,heap        ] GC(297) ParOldGen: 5886905K(6474752K)->5940633K(6474752K)
[39.951s][info][gc,metaspace   ] GC(297) Metaspace: 6303K(6528K)->6303K(6528K) NonClass: 5769K(5888K)->5769K(5888K) Class: 533K(640K)->533K(640K)
[39.951s][info][gc             ] GC(297) Pause Young (Allocation Failure) 5951M->5951M(6553M) 120.972ms
[39.951s][info][gc,cpu         ] GC(297) User=0.38s Sys=0.00s Real=0.12s
[39.987s][info][gc,start       ] GC(298) Pause Young (Allocation Failure)
[40.102s][info][gc,heap        ] GC(298) PSYoungGen: 191328K(235520K)->138080K(253952K) Eden: 37376K(37376K)->0K(37376K) From: 153952K(198144K)->138080K(216576K)
[40.102s][info][gc,heap        ] GC(298) ParOldGen: 5940633K(6474752K)->5994361K(6474752K)
[40.102s][info][gc,metaspace   ] GC(298) Metaspace: 6303K(6528K)->6303K(6528K) NonClass: 5769K(5888K)->5769K(5888K) Class: 533K(640K)->533K(640K)
[40.102s][info][gc             ] GC(298) Pause Young (Allocation Failure) 5988M->5988M(6571M) 115.533ms
[40.102s][info][gc,cpu         ] GC(298) User=0.45s Sys=0.00s Real=0.12s
[40.142s][info][gc,start       ] GC(299) Pause Young (Allocation Failure)
[40.253s][info][gc,heap        ] GC(299) PSYoungGen: 175456K(253952K)->75008K(242688K) Eden: 37376K(37376K)->0K(42496K) From: 138080K(216576K)->75008K(200192K)
[40.253s][info][gc,heap        ] GC(299) ParOldGen: 5994361K(6474752K)->6095593K(6474752K)
[40.253s][info][gc,metaspace   ] GC(299) Metaspace: 6303K(6528K)->6303K(6528K) NonClass: 5769K(5888K)->5769K(5888K) Class: 533K(640K)->533K(640K)
[40.253s][info][gc             ] GC(299) Pause Young (Allocation Failure) 6025M->6025M(6560M) 111.492ms
[40.253s][info][gc,cpu         ] GC(299) User=0.33s Sys=0.05s Real=0.11s
[40.299s][info][gc,start       ] GC(300) Pause Young (Allocation Failure)
[40.394s][info][gc,heap        ] GC(300) PSYoungGen: 117504K(242688K)->42752K(85504K) Eden: 42496K(42496K)->0K(42496K) From: 75008K(200192K)->42752K(43008K)
[40.394s][info][gc,heap        ] GC(300) ParOldGen: 6095593K(6474752K)->6170977K(6474752K)
[40.394s][info][gc,metaspace   ] GC(300) Metaspace: 6303K(6528K)->6303K(6528K) NonClass: 5769K(5888K)->5769K(5888K) Class: 533K(640K)->533K(640K)
[40.394s][info][gc             ] GC(300) Pause Young (Allocation Failure) 6067M->6068M(6406M) 94.918ms
[40.394s][info][gc,cpu         ] GC(300) User=0.47s Sys=0.02s Real=0.10s
[40.444s][info][gc,start       ] GC(301) Pause Young (Allocation Failure)
[40.529s][info][gc,heap        ] GC(301) PSYoungGen: 85248K(85504K)->42688K(242176K) Eden: 42496K(42496K)->0K(48128K) From: 42752K(43008K)->42688K(194048K)
[40.529s][info][gc,heap        ] GC(301) ParOldGen: 6170977K(6474752K)->6213865K(6474752K)
[40.529s][info][gc,metaspace   ] GC(301) Metaspace: 6303K(6528K)->6303K(6528K) NonClass: 5769K(5888K)->5769K(5888K) Class: 533K(640K)->533K(640K)
[40.529s][info][gc             ] GC(301) Pause Young (Allocation Failure) 6109M->6109M(6559M) 85.129ms
[40.529s][info][gc,cpu         ] GC(301) User=0.20s Sys=0.02s Real=0.09s
[40.582s][info][gc,start       ] GC(302) Pause Young (Allocation Failure)
[40.679s][info][gc,heap        ] GC(302) PSYoungGen: 90816K(242176K)->48352K(96768K) Eden: 48128K(48128K)->0K(48128K) From: 42688K(194048K)->48352K(48640K)
[40.680s][info][gc,heap        ] GC(302) ParOldGen: 6213865K(6474752K)->6256753K(6474752K)
[40.680s][info][gc,metaspace   ] GC(302) Metaspace: 6303K(6528K)->6303K(6528K) NonClass: 5769K(5888K)->5769K(5888K) Class: 533K(640K)->533K(640K)
[40.680s][info][gc             ] GC(302) Pause Young (Allocation Failure) 6156M->6157M(6417M) 97.751ms
[40.680s][info][gc,cpu         ] GC(302) User=0.19s Sys=0.03s Real=0.10s
[40.729s][info][gc,start       ] GC(303) Pause Young (Allocation Failure)
[40.818s][info][gc,heap        ] GC(303) PSYoungGen: 96480K(96768K)->48320K(231936K) Eden: 48128K(48128K)->0K(54784K) From: 48352K(48640K)->48320K(177152K)
[40.818s][info][gc,heap        ] GC(303) ParOldGen: 6256753K(6474752K)->6305321K(6474752K)
[40.818s][info][gc,metaspace   ] GC(303) Metaspace: 6303K(6528K)->6303K(6528K) NonClass: 5769K(5888K)->5769K(5888K) Class: 533K(640K)->533K(640K)
[40.818s][info][gc             ] GC(303) Pause Young (Allocation Failure) 6204M->6204M(6549M) 88.686ms
[40.818s][info][gc,cpu         ] GC(303) User=0.27s Sys=0.00s Real=0.09s
[40.871s][info][gc,start       ] GC(304) Pause Young (Allocation Failure)
[40.956s][info][gc,heap        ] GC(304) PSYoungGen: 103104K(231936K)->55040K(110080K) Eden: 54784K(54784K)->0K(54784K) From: 48320K(177152K)->55040K(55296K)
[40.956s][info][gc,heap        ] GC(304) ParOldGen: 6305321K(6474752K)->6353897K(6474752K)
[40.956s][info][gc,metaspace   ] GC(304) Metaspace: 6303K(6528K)->6303K(6528K) NonClass: 5769K(5888K)->5769K(5888K) Class: 533K(640K)->533K(640K)
[40.956s][info][gc             ] GC(304) Pause Young (Allocation Failure) 6258M->6258M(6430M) 85.050ms
[40.956s][info][gc,cpu         ] GC(304) User=0.23s Sys=0.00s Real=0.09s
[41.014s][info][gc,start       ] GC(305) Pause Young (Allocation Failure)
[41.112s][info][gc,heap        ] GC(305) PSYoungGen: 109824K(110080K)->55008K(221696K) Eden: 54784K(54784K)->0K(61952K) From: 55040K(55296K)->55008K(159744K)
[41.112s][info][gc,heap        ] GC(305) ParOldGen: 6353897K(6474752K)->6409185K(6474752K)
[41.112s][info][gc,metaspace   ] GC(305) Metaspace: 6303K(6528K)->6303K(6528K) NonClass: 5769K(5888K)->5769K(5888K) Class: 533K(640K)->533K(640K)
[41.112s][info][gc             ] GC(305) Pause Young (Allocation Failure) 6312M->6312M(6539M) 97.716ms
[41.112s][info][gc,cpu         ] GC(305) User=0.28s Sys=0.02s Real=0.10s
[41.112s][info][gc,start       ] GC(306) Pause Full (Ergonomics)
[41.112s][info][gc,phases,start] GC(306) Marking Phase
[42.570s][info][gc,phases      ] GC(306) Marking Phase 1457.919ms
[42.570s][info][gc,phases,start] GC(306) Summary Phase
[42.570s][info][gc,phases      ] GC(306) Summary Phase 0.109ms
[42.570s][info][gc,phases,start] GC(306) Adjust Roots
[42.571s][info][gc,phases      ] GC(306) Adjust Roots 0.166ms
[42.571s][info][gc,phases,start] GC(306) Compaction Phase
[43.229s][info][gc,phases      ] GC(306) Compaction Phase 658.257ms
[43.229s][info][gc,phases,start] GC(306) Post Compact
[43.238s][info][gc,phases      ] GC(306) Post Compact 9.537ms
[43.240s][info][gc,heap        ] GC(306) PSYoungGen: 55008K(221696K)->0K(229888K) Eden: 0K(61952K)->0K(61952K) From: 55008K(159744K)->0K(167936K)
[43.241s][info][gc,heap        ] GC(306) ParOldGen: 6409185K(6474752K)->6458951K(7109120K)
[43.241s][info][gc,metaspace   ] GC(306) Metaspace: 6303K(6528K)->6303K(6528K) NonClass: 5769K(5888K)->5769K(5888K) Class: 533K(640K)->533K(640K)
[43.241s][info][gc             ] GC(306) Pause Full (Ergonomics) 6312M->6307M(7167M) 2128.285ms
[43.241s][info][gc,cpu         ] GC(306) User=15.09s Sys=0.12s Real=2.13s
[43.315s][info][gc,start       ] GC(307) Pause Young (Allocation Failure)
[43.396s][info][gc,heap        ] GC(307) PSYoungGen: 61952K(229888K)->62144K(216576K) Eden: 61952K(61952K)->0K(68608K) From: 0K(167936K)->62144K(147968K)
[43.396s][info][gc,heap        ] GC(307) ParOldGen: 6458951K(7109120K)->6458951K(7109120K)
[43.396s][info][gc,metaspace   ] GC(307) Metaspace: 6303K(6528K)->6303K(6528K) NonClass: 5769K(5888K)->5769K(5888K) Class: 533K(640K)->533K(640K)
[43.396s][info][gc             ] GC(307) Pause Young (Allocation Failure) 6368M->6368M(7154M) 80.672ms
[43.396s][info][gc,cpu         ] GC(307) User=0.31s Sys=0.00s Real=0.08s
[43.470s][info][gc,start       ] GC(308) Pause Young (Allocation Failure)
[43.577s][info][gc,heap        ] GC(308) PSYoungGen: 130752K(216576K)->130880K(227328K) Eden: 68608K(68608K)->0K(68608K) From: 62144K(147968K)->130880K(158720K)
[43.577s][info][gc,heap        ] GC(308) ParOldGen: 6458951K(7109120K)->6458951K(7109120K)
[43.577s][info][gc,metaspace   ] GC(308) Metaspace: 6303K(6528K)->6303K(6528K) NonClass: 5769K(5888K)->5769K(5888K) Class: 533K(640K)->533K(640K)
[43.578s][info][gc             ] GC(308) Pause Young (Allocation Failure) 6435M->6435M(7164M) 107.274ms
[43.578s][info][gc,cpu         ] GC(308) User=0.44s Sys=0.00s Real=0.11s
[43.648s][info][gc,start       ] GC(309) Pause Young (Allocation Failure)
[43.772s][info][gc,heap        ] GC(309) PSYoungGen: 199488K(227328K)->137536K(235008K) Eden: 68608K(68608K)->0K(61952K) From: 130880K(158720K)->137536K(173056K)
[43.772s][info][gc,heap        ] GC(309) ParOldGen: 6458951K(7109120K)->6521455K(7109120K)
[43.772s][info][gc,metaspace   ] GC(309) Metaspace: 6303K(6528K)->6303K(6528K) NonClass: 5769K(5888K)->5769K(5888K) Class: 533K(640K)->533K(640K)
[43.772s][info][gc             ] GC(309) Pause Young (Allocation Failure) 6502M->6502M(7172M) 123.434ms
[43.772s][info][gc,cpu         ] GC(309) User=0.41s Sys=0.03s Real=0.12s
[43.848s][info][gc,start       ] GC(310) Pause Young (Allocation Failure)
[43.970s][info][gc,heap        ] GC(310) PSYoungGen: 199488K(235008K)->130880K(248832K) Eden: 61952K(61952K)->0K(61952K) From: 137536K(173056K)->130880K(186880K)
[43.970s][info][gc,heap        ] GC(310) ParOldGen: 6521455K(7109120K)->6590687K(7109120K)
[43.970s][info][gc,metaspace   ] GC(310) Metaspace: 6303K(6528K)->6303K(6528K) NonClass: 5769K(5888K)->5769K(5888K) Class: 533K(640K)->533K(640K)
[43.970s][info][gc             ] GC(310) Pause Young (Allocation Failure) 6563M->6564M(7185M) 122.535ms
[43.970s][info][gc,cpu         ] GC(310) User=0.38s Sys=0.08s Real=0.12s
[44.040s][info][gc,start       ] GC(311) Pause Young (Allocation Failure)
[44.161s][info][gc,heap        ] GC(311) PSYoungGen: 192832K(248832K)->124256K(260608K) Eden: 61952K(61952K)->0K(65536K) From: 130880K(186880K)->124256K(195072K)
[44.161s][info][gc,heap        ] GC(311) ParOldGen: 6590687K(7109120K)->6659919K(7109120K)
[44.161s][info][gc,metaspace   ] GC(311) Metaspace: 6303K(6528K)->6303K(6528K) NonClass: 5769K(5888K)->5769K(5888K) Class: 533K(640K)->533K(640K)
[44.161s][info][gc             ] GC(311) Pause Young (Allocation Failure) 6624M->6625M(7197M) 121.587ms
[44.161s][info][gc,cpu         ] GC(311) User=0.41s Sys=0.02s Real=0.12s
[44.229s][info][gc,start       ] GC(312) Pause Young (Allocation Failure)
[44.351s][info][gc,heap        ] GC(312) PSYoungGen: 189792K(260608K)->127808K(264192K) Eden: 65536K(65536K)->0K(65536K) From: 124256K(195072K)->127808K(198656K)
[44.351s][info][gc,heap        ] GC(312) ParOldGen: 6659919K(7109120K)->6722431K(7109120K)
[44.351s][info][gc,metaspace   ] GC(312) Metaspace: 6303K(6528K)->6303K(6528K) NonClass: 5769K(5888K)->5769K(5888K) Class: 533K(640K)->533K(640K)
[44.351s][info][gc             ] GC(312) Pause Young (Allocation Failure) 6689M->6689M(7200M) 121.703ms
[44.351s][info][gc,cpu         ] GC(312) User=0.42s Sys=0.02s Real=0.12s
[44.425s][info][gc,start       ] GC(313) Pause Young (Allocation Failure)
[44.542s][info][gc,heap        ] GC(313) PSYoungGen: 193344K(264192K)->65696K(262656K) Eden: 65536K(65536K)->0K(73728K) From: 127808K(198656K)->65696K(188928K)
[44.542s][info][gc,heap        ] GC(313) ParOldGen: 6722431K(7109120K)->6851023K(7109120K)
[44.542s][info][gc,metaspace   ] GC(313) Metaspace: 6303K(6528K)->6303K(6528K) NonClass: 5769K(5888K)->5769K(5888K) Class: 533K(640K)->533K(640K)
[44.542s][info][gc             ] GC(313) Pause Young (Allocation Failure) 6753M->6754M(7199M) 116.700ms
[44.542s][info][gc,cpu         ] GC(313) User=0.50s Sys=0.08s Real=0.12s
[44.639s][info][gc,start       ] GC(314) Pause Young (Allocation Failure)
[44.744s][info][gc,heap        ] GC(314) PSYoungGen: 139424K(262656K)->73984K(269312K) Eden: 73728K(73728K)->0K(73728K) From: 65696K(188928K)->73984K(195584K)
[44.744s][info][gc,heap        ] GC(314) ParOldGen: 6851023K(7109120K)->6917151K(7109120K)
[44.744s][info][gc,metaspace   ] GC(314) Metaspace: 6303K(6528K)->6303K(6528K) NonClass: 5769K(5888K)->5769K(5888K) Class: 533K(640K)->533K(640K)
[44.744s][info][gc             ] GC(314) Pause Young (Allocation Failure) 6826M->6827M(7205M) 104.923ms
[44.744s][info][gc,cpu         ] GC(314) User=0.44s Sys=0.02s Real=0.11s
[44.819s][info][gc,start       ] GC(315) Pause Young (Allocation Failure)
[44.924s][info][gc,heap        ] GC(315) PSYoungGen: 147712K(269312K)->73920K(256000K) Eden: 73728K(73728K)->0K(82432K) From: 73984K(195584K)->73920K(173568K)
[44.924s][info][gc,heap        ] GC(315) ParOldGen: 6917151K(7109120K)->6991543K(7109120K)
[44.924s][info][gc,metaspace   ] GC(315) Metaspace: 6303K(6528K)->6303K(6528K) NonClass: 5769K(5888K)->5769K(5888K) Class: 533K(640K)->533K(640K)
[44.924s][info][gc             ] GC(315) Pause Young (Allocation Failure) 6899M->6899M(7192M) 105.134ms
[44.924s][info][gc,cpu         ] GC(315) User=0.42s Sys=0.02s Real=0.11s
[44.924s][info][gc,start       ] GC(316) Pause Full (Ergonomics)
[44.924s][info][gc,phases,start] GC(316) Marking Phase
[46.504s][info][gc,phases      ] GC(316) Marking Phase 1579.437ms
[46.504s][info][gc,phases,start] GC(316) Summary Phase
[46.504s][info][gc,phases      ] GC(316) Summary Phase 0.112ms
[46.504s][info][gc,phases,start] GC(316) Adjust Roots
[46.504s][info][gc,phases      ] GC(316) Adjust Roots 0.165ms
[46.504s][info][gc,phases,start] GC(316) Compaction Phase
[47.182s][info][gc,phases      ] GC(316) Compaction Phase 678.469ms
[47.183s][info][gc,phases,start] GC(316) Post Compact
[47.194s][info][gc,phases      ] GC(316) Post Compact 11.187ms
[47.196s][info][gc,heap        ] GC(316) PSYoungGen: 73920K(256000K)->0K(263168K) Eden: 0K(82432K)->0K(82432K) From: 73920K(173568K)->0K(180736K)
[47.196s][info][gc,heap        ] GC(316) ParOldGen: 6991543K(7109120K)->7060257K(7802880K)
[47.196s][info][gc,metaspace   ] GC(316) Metaspace: 6303K(6528K)->6303K(6528K) NonClass: 5769K(5888K)->5769K(5888K) Class: 533K(640K)->533K(640K)
[47.196s][info][gc             ] GC(316) Pause Full (Ergonomics) 6899M->6894M(7877M) 2271.840ms
[47.196s][info][gc,cpu         ] GC(316) User=16.38s Sys=0.09s Real=2.27s
[47.276s][info][gc,start       ] GC(317) Pause Young (Allocation Failure)
[47.361s][info][gc,heap        ] GC(317) PSYoungGen: 82432K(263168K)->82688K(250880K) Eden: 82432K(82432K)->0K(90112K) From: 0K(180736K)->82688K(160768K)
[47.361s][info][gc,heap        ] GC(317) ParOldGen: 7060257K(7802880K)->7060257K(7802880K)
[47.361s][info][gc,metaspace   ] GC(317) Metaspace: 6303K(6528K)->6303K(6528K) NonClass: 5769K(5888K)->5769K(5888K) Class: 533K(640K)->533K(640K)
[47.361s][info][gc             ] GC(317) Pause Young (Allocation Failure) 6975M->6975M(7865M) 85.212ms
[47.361s][info][gc,cpu         ] GC(317) User=0.19s Sys=0.00s Real=0.09s
[47.456s][info][gc,start       ] GC(318) Pause Young (Allocation Failure)
[47.577s][info][gc,heap        ] GC(318) PSYoungGen: 172800K(250880K)->172032K(262144K) Eden: 90112K(90112K)->0K(90112K) From: 82688K(160768K)->172032K(172032K)
[47.577s][info][gc,heap        ] GC(318) ParOldGen: 7060257K(7802880K)->7061185K(7802880K)
[47.577s][info][gc,metaspace   ] GC(318) Metaspace: 6303K(6528K)->6303K(6528K) NonClass: 5769K(5888K)->5769K(5888K) Class: 533K(640K)->533K(640K)
[47.577s][info][gc             ] GC(318) Pause Young (Allocation Failure) 7063M->7063M(7876M) 121.119ms
[47.577s][info][gc,cpu         ] GC(318) User=0.42s Sys=0.00s Real=0.12s
[47.668s][info][gc,start       ] GC(319) Pause Young (Allocation Failure)
[47.804s][info][gc,heap        ] GC(319) PSYoungGen: 262144K(262144K)->90368K(278016K) Eden: 90112K(90112K)->0K(99840K) From: 172032K(172032K)->90368K(178176K)
[47.804s][info][gc,heap        ] GC(319) ParOldGen: 7061185K(7802880K)->7234377K(7802880K)
[47.804s][info][gc,metaspace   ] GC(319) Metaspace: 6303K(6528K)->6303K(6528K) NonClass: 5769K(5888K)->5769K(5888K) Class: 533K(640K)->533K(640K)
[47.804s][info][gc             ] GC(319) Pause Young (Allocation Failure) 7151M->7153M(7891M) 136.254ms
[47.804s][info][gc,cpu         ] GC(319) User=0.78s Sys=0.17s Real=0.14s
[47.917s][info][gc,start       ] GC(320) Pause Young (Allocation Failure)
[48.041s][info][gc,heap        ] GC(320) PSYoungGen: 190208K(278016K)->100160K(286208K) Eden: 99840K(99840K)->0K(99840K) From: 90368K(178176K)->100160K(186368K)
[48.041s][info][gc,heap        ] GC(320) ParOldGen: 7234377K(7802880K)->7325337K(7802880K)
[48.041s][info][gc,metaspace   ] GC(320) Metaspace: 6303K(6528K)->6303K(6528K) NonClass: 5769K(5888K)->5769K(5888K) Class: 533K(640K)->533K(640K)
[48.041s][info][gc             ] GC(320) Pause Young (Allocation Failure) 7250M->7251M(7899M) 123.683ms
[48.041s][info][gc,cpu         ] GC(320) User=0.45s Sys=0.00s Real=0.12s
[48.145s][info][gc,start       ] GC(321) Pause Young (Allocation Failure)
[48.270s][info][gc,heap        ] GC(321) PSYoungGen: 200000K(286208K)->100160K(276992K) Eden: 99840K(99840K)->0K(110592K) From: 100160K(186368K)->100160K(166400K)
[48.270s][info][gc,heap        ] GC(321) ParOldGen: 7325337K(7802880K)->7426097K(7802880K)
[48.270s][info][gc,metaspace   ] GC(321) Metaspace: 6303K(6528K)->6303K(6528K) NonClass: 5769K(5888K)->5769K(5888K) Class: 533K(640K)->533K(640K)
[48.270s][info][gc             ] GC(321) Pause Young (Allocation Failure) 7348M->7349M(7890M) 124.921ms
[48.270s][info][gc,cpu         ] GC(321) User=0.53s Sys=0.05s Real=0.12s
[48.389s][info][gc,start       ] GC(322) Pause Young (Allocation Failure)
[48.517s][info][gc,heap        ] GC(322) PSYoungGen: 210752K(276992K)->110944K(283136K) Eden: 110592K(110592K)->0K(110592K) From: 100160K(166400K)->110944K(172544K)
[48.517s][info][gc,heap        ] GC(322) ParOldGen: 7426097K(7802880K)->7526873K(7802880K)
[48.517s][info][gc,metaspace   ] GC(322) Metaspace: 6303K(6528K)->6303K(6528K) NonClass: 5769K(5888K)->5769K(5888K) Class: 533K(640K)->533K(640K)
[48.517s][info][gc             ] GC(322) Pause Young (Allocation Failure) 7457M->7458M(7896M) 127.795ms
[48.517s][info][gc,cpu         ] GC(322) User=0.56s Sys=0.02s Real=0.13s
[48.640s][info][gc,start       ] GC(323) Pause Young (Allocation Failure)
[48.774s][info][gc,heap        ] GC(323) PSYoungGen: 221536K(283136K)->110944K(288768K) Eden: 110592K(110592K)->0K(122368K) From: 110944K(172544K)->110944K(166400K)
[48.774s][info][gc,heap        ] GC(323) ParOldGen: 7526873K(7802880K)->7638481K(7802880K)
[48.774s][info][gc,metaspace   ] GC(323) Metaspace: 6303K(6528K)->6303K(6528K) NonClass: 5769K(5888K)->5769K(5888K) Class: 533K(640K)->533K(640K)
[48.774s][info][gc             ] GC(323) Pause Young (Allocation Failure) 7566M->7567M(7902M) 133.748ms
[48.774s][info][gc,cpu         ] GC(323) User=0.50s Sys=0.06s Real=0.13s
[48.774s][info][gc,start       ] GC(324) Pause Full (Ergonomics)
[48.774s][info][gc,phases,start] GC(324) Marking Phase
[50.522s][info][gc,phases      ] GC(324) Marking Phase 1747.967ms
[50.522s][info][gc,phases,start] GC(324) Summary Phase
[50.522s][info][gc,phases      ] GC(324) Summary Phase 0.144ms
[50.523s][info][gc,phases,start] GC(324) Adjust Roots
[50.523s][info][gc,phases      ] GC(324) Adjust Roots 0.198ms
[50.523s][info][gc,phases,start] GC(324) Compaction Phase
[51.264s][info][gc,phases      ] GC(324) Compaction Phase 741.171ms
[51.264s][info][gc,phases,start] GC(324) Post Compact
[51.276s][info][gc,phases      ] GC(324) Post Compact 11.809ms
[51.276s][info][gc,heap        ] GC(324) PSYoungGen: 110944K(288768K)->0K(290816K) Eden: 0K(122368K)->0K(122368K) From: 110944K(166400K)->0K(168448K)
[51.276s][info][gc,heap        ] GC(324) ParOldGen: 7638481K(7802880K)->7743544K(7987200K)
[51.277s][info][gc,metaspace   ] GC(324) Metaspace: 6303K(6528K)->6303K(6528K) NonClass: 5769K(5888K)->5769K(5888K) Class: 533K(640K)->533K(640K)
[51.277s][info][gc             ] GC(324) Pause Full (Ergonomics) 7567M->7562M(8084M) 2502.242ms
[51.277s][info][gc,cpu         ] GC(324) User=18.47s Sys=0.03s Real=2.50s
[51.422s][info][gc,start       ] GC(325) Pause Young (Allocation Failure)
[51.531s][info][gc,heap        ] GC(325) PSYoungGen: 122368K(290816K)->122720K(301056K) Eden: 122368K(122368K)->0K(132608K) From: 0K(168448K)->122720K(168448K)
[51.531s][info][gc,heap        ] GC(325) ParOldGen: 7743544K(7987200K)->7743544K(7987200K)
[51.531s][info][gc,metaspace   ] GC(325) Metaspace: 6303K(6528K)->6303K(6528K) NonClass: 5769K(5888K)->5769K(5888K) Class: 533K(640K)->533K(640K)
[51.531s][info][gc             ] GC(325) Pause Young (Allocation Failure) 7681M->7681M(8094M) 108.573ms
[51.531s][info][gc,cpu         ] GC(325) User=0.45s Sys=0.00s Real=0.11s
[51.664s][info][gc,start       ] GC(326) Pause Young (Allocation Failure)
[51.806s][info][gc,heap        ] GC(326) PSYoungGen: 255328K(301056K)->169984K(302592K) Eden: 132608K(132608K)->0K(132608K) From: 122720K(168448K)->169984K(169984K)
[51.806s][info][gc,heap        ] GC(326) ParOldGen: 7743544K(7987200K)->7829664K(7987200K)
[51.806s][info][gc,metaspace   ] GC(326) Metaspace: 6303K(6528K)->6303K(6528K) NonClass: 5769K(5888K)->5769K(5888K) Class: 533K(640K)->533K(640K)
[51.806s][info][gc             ] GC(326) Pause Young (Allocation Failure) 7811M->7812M(8095M) 142.144ms
[51.806s][info][gc,cpu         ] GC(326) User=0.72s Sys=0.00s Real=0.14s
[51.807s][info][gc,start       ] GC(327) Pause Full (Ergonomics)
[51.807s][info][gc,phases,start] GC(327) Marking Phase
[53.627s][info][gc,phases      ] GC(327) Marking Phase 1820.080ms
[53.627s][info][gc,phases,start] GC(327) Summary Phase
[53.627s][info][gc,phases      ] GC(327) Summary Phase 0.084ms
[53.627s][info][gc,phases,start] GC(327) Adjust Roots
[53.627s][info][gc,phases      ] GC(327) Adjust Roots 0.200ms
[53.627s][info][gc,phases,start] GC(327) Compaction Phase
[54.330s][info][gc,phases      ] GC(327) Compaction Phase 703.233ms
[54.330s][info][gc,phases,start] GC(327) Post Compact
[54.342s][info][gc,phases      ] GC(327) Post Compact 11.881ms
[54.342s][info][gc,heap        ] GC(327) PSYoungGen: 169984K(302592K)->11745K(302592K) Eden: 0K(132608K)->0K(132608K) From: 169984K(169984K)->11745K(169984K)
[54.342s][info][gc,heap        ] GC(327) ParOldGen: 7829664K(7987200K)->7986715K(7987200K)
[54.342s][info][gc,metaspace   ] GC(327) Metaspace: 6303K(6528K)->6303K(6528K) NonClass: 5769K(5888K)->5769K(5888K) Class: 533K(640K)->533K(640K)
[54.342s][info][gc             ] GC(327) Pause Full (Ergonomics) 7812M->7810M(8095M) 2535.830ms
[54.342s][info][gc,cpu         ] GC(327) User=18.19s Sys=0.06s Real=2.54s
[54.492s][info][gc,start       ] GC(328) Pause Full (Ergonomics)
[54.492s][info][gc,phases,start] GC(328) Marking Phase
[56.344s][info][gc,phases      ] GC(328) Marking Phase 1852.524ms
[56.344s][info][gc,phases,start] GC(328) Summary Phase
[56.344s][info][gc,phases      ] GC(328) Summary Phase 0.083ms
[56.344s][info][gc,phases,start] GC(328) Adjust Roots
[56.345s][info][gc,phases      ] GC(328) Adjust Roots 0.257ms
[56.345s][info][gc,phases,start] GC(328) Compaction Phase
[57.001s][info][gc,phases      ] GC(328) Compaction Phase 656.317ms
[57.001s][info][gc,phases,start] GC(328) Post Compact
[57.013s][info][gc,phases      ] GC(328) Post Compact 11.955ms
[57.013s][info][gc,heap        ] GC(328) PSYoungGen: 144353K(302592K)->144323K(302592K) Eden: 132608K(132608K)->132577K(132608K) From: 11745K(169984K)->11745K(169984K)
[57.013s][info][gc,heap        ] GC(328) ParOldGen: 7986715K(7987200K)->7986715K(7987200K)
[57.013s][info][gc,metaspace   ] GC(328) Metaspace: 6303K(6528K)->6303K(6528K) NonClass: 5769K(5888K)->5769K(5888K) Class: 533K(640K)->533K(640K)
[57.013s][info][gc             ] GC(328) Pause Full (Ergonomics) 7940M->7940M(8095M) 2521.491ms
[57.013s][info][gc,cpu         ] GC(328) User=18.23s Sys=0.00s Real=2.52s
[57.013s][info][gc,start       ] GC(329) Pause Full (Ergonomics)
[57.013s][info][gc,phases,start] GC(329) Marking Phase
[58.867s][info][gc,phases      ] GC(329) Marking Phase 1853.710ms
[58.867s][info][gc,phases,start] GC(329) Summary Phase
[58.867s][info][gc,phases      ] GC(329) Summary Phase 0.090ms
[58.867s][info][gc,phases,start] GC(329) Adjust Roots
[58.868s][info][gc,phases      ] GC(329) Adjust Roots 0.180ms
[58.868s][info][gc,phases,start] GC(329) Compaction Phase
[59.505s][info][gc,phases      ] GC(329) Compaction Phase 637.804ms
[59.505s][info][gc,phases,start] GC(329) Post Compact
[59.517s][info][gc,phases      ] GC(329) Post Compact 12.016ms
[59.518s][info][gc,heap        ] GC(329) PSYoungGen: 144353K(302592K)->144353K(302592K) Eden: 132608K(132608K)->132607K(132608K) From: 11745K(169984K)->11745K(169984K)
[59.518s][info][gc,heap        ] GC(329) ParOldGen: 7986715K(7987200K)->7986715K(7987200K)
[59.518s][info][gc,metaspace   ] GC(329) Metaspace: 6303K(6528K)->6303K(6528K) NonClass: 5769K(5888K)->5769K(5888K) Class: 533K(640K)->533K(640K)
[59.518s][info][gc             ] GC(329) Pause Full (Ergonomics) 7940M->7940M(8095M) 2504.173ms
[59.518s][info][gc,cpu         ] GC(329) User=18.52s Sys=0.05s Real=2.50s
[59.518s][info][gc,start       ] GC(330) Pause Full (Ergonomics)
[59.518s][info][gc,phases,start] GC(330) Marking Phase
[61.347s][info][gc,phases      ] GC(330) Marking Phase 1829.393ms
[61.347s][info][gc,phases,start] GC(330) Summary Phase
[61.347s][info][gc,phases      ] GC(330) Summary Phase 0.082ms
[61.347s][info][gc,phases,start] GC(330) Adjust Roots
[61.348s][info][gc,phases      ] GC(330) Adjust Roots 0.180ms
[61.348s][info][gc,phases,start] GC(330) Compaction Phase
[61.984s][info][gc,phases      ] GC(330) Compaction Phase 636.209ms
[61.984s][info][gc,phases,start] GC(330) Post Compact
[61.996s][info][gc,phases      ] GC(330) Post Compact 11.990ms
[61.996s][info][gc,heap        ] GC(330) PSYoungGen: 144353K(302592K)->144353K(302592K) Eden: 132607K(132608K)->132607K(132608K) From: 11745K(169984K)->11745K(169984K)
[61.996s][info][gc,heap        ] GC(330) ParOldGen: 7986715K(7987200K)->7986715K(7987200K)
[61.996s][info][gc,metaspace   ] GC(330) Metaspace: 6303K(6528K)->6303K(6528K) NonClass: 5769K(5888K)->5769K(5888K) Class: 533K(640K)->533K(640K)
[61.996s][info][gc             ] GC(330) Pause Full (Ergonomics) 7940M->7940M(8095M) 2478.198ms
[61.996s][info][gc,cpu         ] GC(330) User=18.38s Sys=0.02s Real=2.48s
[61.996s][info][gc,start       ] GC(331) Pause Full (Ergonomics)
[61.996s][info][gc,phases,start] GC(331) Marking Phase
[63.831s][info][gc,phases      ] GC(331) Marking Phase 1834.776ms
[63.831s][info][gc,phases,start] GC(331) Summary Phase
[63.831s][info][gc,phases      ] GC(331) Summary Phase 0.081ms
[63.831s][info][gc,phases,start] GC(331) Adjust Roots
[63.831s][info][gc,phases      ] GC(331) Adjust Roots 0.256ms
[63.831s][info][gc,phases,start] GC(331) Compaction Phase
[64.452s][info][gc,phases      ] GC(331) Compaction Phase 620.681ms
[64.452s][info][gc,phases,start] GC(331) Post Compact
[64.464s][info][gc,phases      ] GC(331) Post Compact 11.796ms
[64.464s][info][gc,heap        ] GC(331) PSYoungGen: 144353K(302592K)->144353K(302592K) Eden: 132607K(132608K)->132607K(132608K) From: 11745K(169984K)->11745K(169984K)
[64.464s][info][gc,heap        ] GC(331) ParOldGen: 7986720K(7987200K)->7986720K(7987200K)
[64.464s][info][gc,metaspace   ] GC(331) Metaspace: 6303K(6528K)->6303K(6528K) NonClass: 5769K(5888K)->5769K(5888K) Class: 533K(640K)->533K(640K)
[64.464s][info][gc             ] GC(331) Pause Full (Ergonomics) 7940M->7940M(8095M) 2467.889ms
[64.464s][info][gc,cpu         ] GC(331) User=18.38s Sys=0.00s Real=2.47s
[64.464s][info][gc,start       ] GC(332) Pause Full (Ergonomics)
[64.464s][info][gc,phases,start] GC(332) Marking Phase
[66.344s][info][gc,phases      ] GC(332) Marking Phase 1880.021ms
[66.344s][info][gc,phases,start] GC(332) Summary Phase
[66.345s][info][gc,phases      ] GC(332) Summary Phase 0.091ms
[66.345s][info][gc,phases,start] GC(332) Adjust Roots
[66.345s][info][gc,phases      ] GC(332) Adjust Roots 0.211ms
[66.345s][info][gc,phases,start] GC(332) Compaction Phase
[66.975s][info][gc,phases      ] GC(332) Compaction Phase 629.828ms
[66.975s][info][gc,phases,start] GC(332) Post Compact
[66.987s][info][gc,phases      ] GC(332) Post Compact 11.927ms
[66.987s][info][gc,heap        ] GC(332) PSYoungGen: 144353K(302592K)->144353K(302592K) Eden: 132607K(132608K)->132607K(132608K) From: 11745K(169984K)->11745K(169984K)
[66.987s][info][gc,heap        ] GC(332) ParOldGen: 7986725K(7987200K)->7986725K(7987200K)
[66.987s][info][gc,metaspace   ] GC(332) Metaspace: 6303K(6528K)->6303K(6528K) NonClass: 5769K(5888K)->5769K(5888K) Class: 533K(640K)->533K(640K)
[66.987s][info][gc             ] GC(332) Pause Full (Ergonomics) 7940M->7940M(8095M) 2522.415ms
[66.987s][info][gc,cpu         ] GC(332) User=19.03s Sys=0.00s Real=2.52s
[66.987s][info][gc,start       ] GC(333) Pause Full (Ergonomics)
[66.987s][info][gc,phases,start] GC(333) Marking Phase
[68.881s][info][gc,phases      ] GC(333) Marking Phase 1894.408ms
[68.881s][info][gc,phases,start] GC(333) Summary Phase
[68.882s][info][gc,phases      ] GC(333) Summary Phase 0.077ms
[68.882s][info][gc,phases,start] GC(333) Adjust Roots
[68.882s][info][gc,phases      ] GC(333) Adjust Roots 0.175ms
[68.882s][info][gc,phases,start] GC(333) Compaction Phase
[69.526s][info][gc,phases      ] GC(333) Compaction Phase 644.482ms
[69.526s][info][gc,phases,start] GC(333) Post Compact
[69.538s][info][gc,phases      ] GC(333) Post Compact 12.055ms
[69.538s][info][gc,heap        ] GC(333) PSYoungGen: 144353K(302592K)->144353K(302592K) Eden: 132607K(132608K)->132607K(132608K) From: 11745K(169984K)->11745K(169984K)
[69.538s][info][gc,heap        ] GC(333) ParOldGen: 7986730K(7987200K)->7986730K(7987200K)
[69.538s][info][gc,metaspace   ] GC(333) Metaspace: 6303K(6528K)->6303K(6528K) NonClass: 5769K(5888K)->5769K(5888K) Class: 533K(640K)->533K(640K)
[69.538s][info][gc             ] GC(333) Pause Full (Ergonomics) 7940M->7940M(8095M) 2551.527ms
[69.538s][info][gc,cpu         ] GC(333) User=19.20s Sys=0.00s Real=2.55s
[69.539s][info][gc,start       ] GC(334) Pause Full (Ergonomics)
[69.539s][info][gc,phases,start] GC(334) Marking Phase
[71.433s][info][gc,phases      ] GC(334) Marking Phase 1894.068ms
[71.433s][info][gc,phases,start] GC(334) Summary Phase
[71.433s][info][gc,phases      ] GC(334) Summary Phase 0.081ms
[71.433s][info][gc,phases,start] GC(334) Adjust Roots
[71.433s][info][gc,phases      ] GC(334) Adjust Roots 0.211ms
[71.433s][info][gc,phases,start] GC(334) Compaction Phase
[72.070s][info][gc,phases      ] GC(334) Compaction Phase 637.073ms
[72.070s][info][gc,phases,start] GC(334) Post Compact
[72.082s][info][gc,phases      ] GC(334) Post Compact 11.825ms
[72.082s][info][gc,heap        ] GC(334) PSYoungGen: 144353K(302592K)->144353K(302592K) Eden: 132607K(132608K)->132607K(132608K) From: 11745K(169984K)->11745K(169984K)
[72.082s][info][gc,heap        ] GC(334) ParOldGen: 7986735K(7987200K)->7986735K(7987200K)
[72.082s][info][gc,metaspace   ] GC(334) Metaspace: 6303K(6528K)->6303K(6528K) NonClass: 5769K(5888K)->5769K(5888K) Class: 533K(640K)->533K(640K)
[72.082s][info][gc             ] GC(334) Pause Full (Ergonomics) 7940M->7940M(8095M) 2543.572ms
[72.082s][info][gc,cpu         ] GC(334) User=19.27s Sys=0.00s Real=2.54s
[72.082s][info][gc,start       ] GC(335) Pause Full (Ergonomics)
[72.083s][info][gc,phases,start] GC(335) Marking Phase
[73.952s][info][gc,phases      ] GC(335) Marking Phase 1869.309ms
[73.952s][info][gc,phases,start] GC(335) Summary Phase
[73.952s][info][gc,phases      ] GC(335) Summary Phase 0.112ms
[73.952s][info][gc,phases,start] GC(335) Adjust Roots
[73.952s][info][gc,phases      ] GC(335) Adjust Roots 0.173ms
[73.952s][info][gc,phases,start] GC(335) Compaction Phase
[74.598s][info][gc,phases      ] GC(335) Compaction Phase 646.005ms
[74.598s][info][gc,phases,start] GC(335) Post Compact
[74.610s][info][gc,phases      ] GC(335) Post Compact 12.104ms
[74.610s][info][gc,heap        ] GC(335) PSYoungGen: 144353K(302592K)->144353K(302592K) Eden: 132607K(132608K)->132607K(132608K) From: 11745K(169984K)->11745K(169984K)
[74.611s][info][gc,heap        ] GC(335) ParOldGen: 7986739K(7987200K)->7986739K(7987200K)
[74.611s][info][gc,metaspace   ] GC(335) Metaspace: 6303K(6528K)->6303K(6528K) NonClass: 5769K(5888K)->5769K(5888K) Class: 533K(640K)->533K(640K)
[74.611s][info][gc             ] GC(335) Pause Full (Ergonomics) 7940M->7940M(8095M) 2528.076ms
[74.611s][info][gc,cpu         ] GC(335) User=19.02s Sys=0.00s Real=2.53s
[74.611s][info][gc,start       ] GC(336) Pause Full (Ergonomics)
[74.611s][info][gc,phases,start] GC(336) Marking Phase
[76.535s][info][gc,phases      ] GC(336) Marking Phase 1924.015ms
[76.535s][info][gc,phases,start] GC(336) Summary Phase
[76.535s][info][gc,phases      ] GC(336) Summary Phase 0.080ms
[76.535s][info][gc,phases,start] GC(336) Adjust Roots
[76.535s][info][gc,phases      ] GC(336) Adjust Roots 0.191ms
[76.535s][info][gc,phases,start] GC(336) Compaction Phase
[77.190s][info][gc,phases      ] GC(336) Compaction Phase 655.189ms
[77.190s][info][gc,phases,start] GC(336) Post Compact
[77.203s][info][gc,phases      ] GC(336) Post Compact 12.266ms
[77.203s][info][gc,heap        ] GC(336) PSYoungGen: 144353K(302592K)->144353K(302592K) Eden: 132607K(132608K)->132607K(132608K) From: 11745K(169984K)->11745K(169984K)
[77.203s][info][gc,heap        ] GC(336) ParOldGen: 7986744K(7987200K)->7986744K(7987200K)
[77.203s][info][gc,metaspace   ] GC(336) Metaspace: 6303K(6528K)->6303K(6528K) NonClass: 5769K(5888K)->5769K(5888K) Class: 533K(640K)->533K(640K)
[77.203s][info][gc             ] GC(336) Pause Full (Ergonomics) 7940M->7940M(8095M) 2592.071ms
[77.203s][info][gc,cpu         ] GC(336) User=19.38s Sys=0.02s Real=2.59s
[77.203s][info][gc,start       ] GC(337) Pause Full (Ergonomics)
[77.203s][info][gc,phases,start] GC(337) Marking Phase
[79.101s][info][gc,phases      ] GC(337) Marking Phase 1897.694ms
[79.101s][info][gc,phases,start] GC(337) Summary Phase
[79.101s][info][gc,phases      ] GC(337) Summary Phase 0.077ms
[79.101s][info][gc,phases,start] GC(337) Adjust Roots
[79.101s][info][gc,phases      ] GC(337) Adjust Roots 0.165ms
[79.101s][info][gc,phases,start] GC(337) Compaction Phase
[79.727s][info][gc,phases      ] GC(337) Compaction Phase 625.828ms
[79.727s][info][gc,phases,start] GC(337) Post Compact
[79.739s][info][gc,phases      ] GC(337) Post Compact 12.112ms
[79.739s][info][gc,heap        ] GC(337) PSYoungGen: 144353K(302592K)->144353K(302592K) Eden: 132607K(132608K)->132607K(132608K) From: 11745K(169984K)->11745K(169984K)
[79.739s][info][gc,heap        ] GC(337) ParOldGen: 7986749K(7987200K)->7986749K(7987200K)
[79.739s][info][gc,metaspace   ] GC(337) Metaspace: 6303K(6528K)->6303K(6528K) NonClass: 5769K(5888K)->5769K(5888K) Class: 533K(640K)->533K(640K)
[79.739s][info][gc             ] GC(337) Pause Full (Ergonomics) 7940M->7940M(8095M) 2536.237ms
[79.739s][info][gc,cpu         ] GC(337) User=19.39s Sys=0.00s Real=2.54s
[79.739s][info][gc,start       ] GC(338) Pause Full (Ergonomics)
[79.740s][info][gc,phases,start] GC(338) Marking Phase
[81.658s][info][gc,phases      ] GC(338) Marking Phase 1918.963ms
[81.659s][info][gc,phases,start] GC(338) Summary Phase
[81.659s][info][gc,phases      ] GC(338) Summary Phase 0.078ms
[81.659s][info][gc,phases,start] GC(338) Adjust Roots
[81.659s][info][gc,phases      ] GC(338) Adjust Roots 0.167ms
[81.659s][info][gc,phases,start] GC(338) Compaction Phase
[82.318s][info][gc,phases      ] GC(338) Compaction Phase 659.115ms
[82.318s][info][gc,phases,start] GC(338) Post Compact
[82.330s][info][gc,phases      ] GC(338) Post Compact 12.007ms
[82.330s][info][gc,heap        ] GC(338) PSYoungGen: 144353K(302592K)->144353K(302592K) Eden: 132607K(132608K)->132607K(132608K) From: 11745K(169984K)->11745K(169984K)
[82.330s][info][gc,heap        ] GC(338) ParOldGen: 7986754K(7987200K)->7986754K(7987200K)
[82.330s][info][gc,metaspace   ] GC(338) Metaspace: 6303K(6528K)->6303K(6528K) NonClass: 5769K(5888K)->5769K(5888K) Class: 533K(640K)->533K(640K)
[82.330s][info][gc             ] GC(338) Pause Full (Ergonomics) 7940M->7940M(8095M) 2590.640ms
[82.330s][info][gc,cpu         ] GC(338) User=19.17s Sys=0.02s Real=2.59s
[82.330s][info][gc,start       ] GC(339) Pause Full (Ergonomics)
[82.330s][info][gc,phases,start] GC(339) Marking Phase
[84.234s][info][gc,phases      ] GC(339) Marking Phase 1903.733ms
[84.234s][info][gc,phases,start] GC(339) Summary Phase
[84.234s][info][gc,phases      ] GC(339) Summary Phase 0.078ms
[84.234s][info][gc,phases,start] GC(339) Adjust Roots
[84.234s][info][gc,phases      ] GC(339) Adjust Roots 0.162ms
[84.234s][info][gc,phases,start] GC(339) Compaction Phase
[84.896s][info][gc,phases      ] GC(339) Compaction Phase 661.282ms
[84.896s][info][gc,phases,start] GC(339) Post Compact
[84.908s][info][gc,phases      ] GC(339) Post Compact 11.922ms
[84.908s][info][gc,heap        ] GC(339) PSYoungGen: 144353K(302592K)->144353K(302592K) Eden: 132607K(132608K)->132607K(132608K) From: 11745K(169984K)->11745K(169984K)
[84.908s][info][gc,heap        ] GC(339) ParOldGen: 7986759K(7987200K)->7986759K(7987200K)
[84.908s][info][gc,metaspace   ] GC(339) Metaspace: 6303K(6528K)->6303K(6528K) NonClass: 5769K(5888K)->5769K(5888K) Class: 533K(640K)->533K(640K)
[84.908s][info][gc             ] GC(339) Pause Full (Ergonomics) 7940M->7940M(8095M) 2577.503ms
[84.908s][info][gc,cpu         ] GC(339) User=19.33s Sys=0.03s Real=2.58s
[84.908s][info][gc,start       ] GC(340) Pause Full (Ergonomics)
[84.908s][info][gc,phases,start] GC(340) Marking Phase
[86.835s][info][gc,phases      ] GC(340) Marking Phase 1926.996ms
[86.835s][info][gc,phases,start] GC(340) Summary Phase
[86.835s][info][gc,phases      ] GC(340) Summary Phase 0.079ms
[86.835s][info][gc,phases,start] GC(340) Adjust Roots
[86.835s][info][gc,phases      ] GC(340) Adjust Roots 0.168ms
[86.835s][info][gc,phases,start] GC(340) Compaction Phase
[87.466s][info][gc,phases      ] GC(340) Compaction Phase 630.681ms
[87.466s][info][gc,phases,start] GC(340) Post Compact
[87.478s][info][gc,phases      ] GC(340) Post Compact 12.084ms
[87.478s][info][gc,heap        ] GC(340) PSYoungGen: 144353K(302592K)->144353K(302592K) Eden: 132607K(132608K)->132607K(132608K) From: 11745K(169984K)->11745K(169984K)
[87.478s][info][gc,heap        ] GC(340) ParOldGen: 7986764K(7987200K)->7986764K(7987200K)
[87.478s][info][gc,metaspace   ] GC(340) Metaspace: 6303K(6528K)->6303K(6528K) NonClass: 5769K(5888K)->5769K(5888K) Class: 533K(640K)->533K(640K)
[87.478s][info][gc             ] GC(340) Pause Full (Ergonomics) 7940M->7940M(8095M) 2570.353ms
[87.478s][info][gc,cpu         ] GC(340) User=19.77s Sys=0.00s Real=2.57s
[87.479s][info][gc,start       ] GC(341) Pause Full (Ergonomics)
[87.479s][info][gc,phases,start] GC(341) Marking Phase
[89.407s][info][gc,phases      ] GC(341) Marking Phase 1928.225ms
[89.407s][info][gc,phases,start] GC(341) Summary Phase
[89.407s][info][gc,phases      ] GC(341) Summary Phase 0.078ms
[89.407s][info][gc,phases,start] GC(341) Adjust Roots
[89.407s][info][gc,phases      ] GC(341) Adjust Roots 0.169ms
[89.407s][info][gc,phases,start] GC(341) Compaction Phase
[90.075s][info][gc,phases      ] GC(341) Compaction Phase 667.626ms
[90.075s][info][gc,phases,start] GC(341) Post Compact
[90.087s][info][gc,phases      ] GC(341) Post Compact 11.982ms
[90.087s][info][gc,heap        ] GC(341) PSYoungGen: 144353K(302592K)->144353K(302592K) Eden: 132607K(132608K)->132607K(132608K) From: 11745K(169984K)->11745K(169984K)
[90.087s][info][gc,heap        ] GC(341) ParOldGen: 7986768K(7987200K)->7986768K(7987200K)
[90.087s][info][gc,metaspace   ] GC(341) Metaspace: 6303K(6528K)->6303K(6528K) NonClass: 5769K(5888K)->5769K(5888K) Class: 533K(640K)->533K(640K)
[90.087s][info][gc             ] GC(341) Pause Full (Ergonomics) 7940M->7940M(8095M) 2608.411ms
[90.087s][info][gc,cpu         ] GC(341) User=19.47s Sys=0.00s Real=2.61s
[90.087s][info][gc,start       ] GC(342) Pause Full (Ergonomics)
[90.087s][info][gc,phases,start] GC(342) Marking Phase
[92.036s][info][gc,phases      ] GC(342) Marking Phase 1948.366ms
[92.036s][info][gc,phases,start] GC(342) Summary Phase
[92.036s][info][gc,phases      ] GC(342) Summary Phase 0.082ms
[92.036s][info][gc,phases,start] GC(342) Adjust Roots
[92.036s][info][gc,phases      ] GC(342) Adjust Roots 0.178ms
[92.036s][info][gc,phases,start] GC(342) Compaction Phase
[92.733s][info][gc,phases      ] GC(342) Compaction Phase 696.868ms
[92.733s][info][gc,phases,start] GC(342) Post Compact
[92.745s][info][gc,phases      ] GC(342) Post Compact 12.123ms
[92.745s][info][gc,heap        ] GC(342) PSYoungGen: 144353K(302592K)->144353K(302592K) Eden: 132607K(132608K)->132607K(132608K) From: 11745K(169984K)->11745K(169984K)
[92.745s][info][gc,heap        ] GC(342) ParOldGen: 7986773K(7987200K)->7986773K(7987200K)
[92.745s][info][gc,metaspace   ] GC(342) Metaspace: 6303K(6528K)->6303K(6528K) NonClass: 5769K(5888K)->5769K(5888K) Class: 533K(640K)->533K(640K)
[92.745s][info][gc             ] GC(342) Pause Full (Ergonomics) 7940M->7940M(8095M) 2657.989ms
[92.745s][info][gc,cpu         ] GC(342) User=19.61s Sys=0.00s Real=2.66s
[92.745s][info][gc,start       ] GC(343) Pause Full (Ergonomics)
[92.746s][info][gc,phases,start] GC(343) Marking Phase
[94.691s][info][gc,phases      ] GC(343) Marking Phase 1945.575ms
[94.691s][info][gc,phases,start] GC(343) Summary Phase
[94.691s][info][gc,phases      ] GC(343) Summary Phase 0.079ms
[94.691s][info][gc,phases,start] GC(343) Adjust Roots
[94.691s][info][gc,phases      ] GC(343) Adjust Roots 0.166ms
[94.691s][info][gc,phases,start] GC(343) Compaction Phase
[95.340s][info][gc,phases      ] GC(343) Compaction Phase 648.714ms
[95.340s][info][gc,phases,start] GC(343) Post Compact
[95.353s][info][gc,phases      ] GC(343) Post Compact 12.244ms
[95.353s][info][gc,heap        ] GC(343) PSYoungGen: 144353K(302592K)->144353K(302592K) Eden: 132607K(132608K)->132607K(132608K) From: 11745K(169984K)->11745K(169984K)
[95.353s][info][gc,heap        ] GC(343) ParOldGen: 7986778K(7987200K)->7986778K(7987200K)
[95.353s][info][gc,metaspace   ] GC(343) Metaspace: 6303K(6528K)->6303K(6528K) NonClass: 5769K(5888K)->5769K(5888K) Class: 533K(640K)->533K(640K)
[95.353s][info][gc             ] GC(343) Pause Full (Ergonomics) 7940M->7940M(8095M) 2607.211ms
[95.353s][info][gc,cpu         ] GC(343) User=19.61s Sys=0.00s Real=2.61s
[95.353s][info][gc,start       ] GC(344) Pause Full (Ergonomics)
[95.353s][info][gc,phases,start] GC(344) Marking Phase
[97.276s][info][gc,phases      ] GC(344) Marking Phase 1923.378ms
[97.276s][info][gc,phases,start] GC(344) Summary Phase
[97.276s][info][gc,phases      ] GC(344) Summary Phase 0.077ms
[97.276s][info][gc,phases,start] GC(344) Adjust Roots
[97.277s][info][gc,phases      ] GC(344) Adjust Roots 0.166ms
[97.277s][info][gc,phases,start] GC(344) Compaction Phase
[97.919s][info][gc,phases      ] GC(344) Compaction Phase 642.601ms
[97.919s][info][gc,phases,start] GC(344) Post Compact
[97.932s][info][gc,phases      ] GC(344) Post Compact 12.473ms
[97.932s][info][gc,heap        ] GC(344) PSYoungGen: 144353K(302592K)->144353K(302592K) Eden: 132607K(132608K)->132607K(132608K) From: 11745K(169984K)->11745K(169984K)
[97.932s][info][gc,heap        ] GC(344) ParOldGen: 7986783K(7987200K)->7986783K(7987200K)
[97.932s][info][gc,metaspace   ] GC(344) Metaspace: 6303K(6528K)->6303K(6528K) NonClass: 5769K(5888K)->5769K(5888K) Class: 533K(640K)->533K(640K)
[97.932s][info][gc             ] GC(344) Pause Full (Ergonomics) 7940M->7940M(8095M) 2579.052ms
[97.932s][info][gc,cpu         ] GC(344) User=19.34s Sys=0.03s Real=2.58s
[97.932s][info][gc,start       ] GC(345) Pause Full (Ergonomics)
[97.932s][info][gc,phases,start] GC(345) Marking Phase
[99.869s][info][gc,phases      ] GC(345) Marking Phase 1936.302ms
[99.869s][info][gc,phases,start] GC(345) Summary Phase
[99.869s][info][gc,phases      ] GC(345) Summary Phase 0.078ms
[99.869s][info][gc,phases,start] GC(345) Adjust Roots
[99.869s][info][gc,phases      ] GC(345) Adjust Roots 0.162ms
[99.869s][info][gc,phases,start] GC(345) Compaction Phase
[100.527s][info][gc,phases      ] GC(345) Compaction Phase 657.842ms
[100.527s][info][gc,phases,start] GC(345) Post Compact
[100.539s][info][gc,phases      ] GC(345) Post Compact 12.076ms
[100.539s][info][gc,heap        ] GC(345) PSYoungGen: 144353K(302592K)->144353K(302592K) Eden: 132607K(132608K)->132607K(132608K) From: 11745K(169984K)->11745K(169984K)
[100.539s][info][gc,heap        ] GC(345) ParOldGen: 7986788K(7987200K)->7986788K(7987200K)
[100.539s][info][gc,metaspace   ] GC(345) Metaspace: 6303K(6528K)->6303K(6528K) NonClass: 5769K(5888K)->5769K(5888K) Class: 533K(640K)->533K(640K)
[100.539s][info][gc             ] GC(345) Pause Full (Ergonomics) 7940M->7940M(8095M) 2606.807ms
[100.539s][info][gc,cpu         ] GC(345) User=19.44s Sys=0.00s Real=2.61s
[100.539s][info][gc,start       ] GC(346) Pause Full (Ergonomics)
[100.539s][info][gc,phases,start] GC(346) Marking Phase
[102.447s][info][gc,phases      ] GC(346) Marking Phase 1907.922ms
[102.447s][info][gc,phases,start] GC(346) Summary Phase
[102.447s][info][gc,phases      ] GC(346) Summary Phase 0.078ms
[102.447s][info][gc,phases,start] GC(346) Adjust Roots
[102.447s][info][gc,phases      ] GC(346) Adjust Roots 0.174ms
[102.448s][info][gc,phases,start] GC(346) Compaction Phase
[103.087s][info][gc,phases      ] GC(346) Compaction Phase 639.177ms
[103.087s][info][gc,phases,start] GC(346) Post Compact
[103.099s][info][gc,phases      ] GC(346) Post Compact 12.067ms
[103.099s][info][gc,heap        ] GC(346) PSYoungGen: 144353K(302592K)->144353K(302592K) Eden: 132607K(132608K)->132607K(132608K) From: 11745K(169984K)->11745K(169984K)
[103.099s][info][gc,heap        ] GC(346) ParOldGen: 7986793K(7987200K)->7986793K(7987200K)
[103.099s][info][gc,metaspace   ] GC(346) Metaspace: 6303K(6528K)->6303K(6528K) NonClass: 5769K(5888K)->5769K(5888K) Class: 533K(640K)->533K(640K)
[103.099s][info][gc             ] GC(346) Pause Full (Ergonomics) 7940M->7940M(8095M) 2559.760ms
[103.099s][info][gc,cpu         ] GC(346) User=19.38s Sys=0.00s Real=2.56s
[103.099s][info][gc,start       ] GC(347) Pause Full (Ergonomics)
[103.099s][info][gc,phases,start] GC(347) Marking Phase
[104.969s][info][gc,phases      ] GC(347) Marking Phase 1870.108ms
[104.969s][info][gc,phases,start] GC(347) Summary Phase
[104.970s][info][gc,phases      ] GC(347) Summary Phase 0.249ms
[104.970s][info][gc,phases,start] GC(347) Adjust Roots
[104.970s][info][gc,phases      ] GC(347) Adjust Roots 0.251ms
[104.970s][info][gc,phases,start] GC(347) Compaction Phase
[105.632s][info][gc,phases      ] GC(347) Compaction Phase 662.171ms
[105.632s][info][gc,phases,start] GC(347) Post Compact
[105.644s][info][gc,phases      ] GC(347) Post Compact 11.966ms
[105.644s][info][gc,heap        ] GC(347) PSYoungGen: 144353K(302592K)->144353K(302592K) Eden: 132607K(132608K)->132607K(132608K) From: 11745K(169984K)->11745K(169984K)
[105.644s][info][gc,heap        ] GC(347) ParOldGen: 7986797K(7987200K)->7986797K(7987200K)
[105.644s][info][gc,metaspace   ] GC(347) Metaspace: 6303K(6528K)->6303K(6528K) NonClass: 5769K(5888K)->5769K(5888K) Class: 533K(640K)->533K(640K)
[105.644s][info][gc             ] GC(347) Pause Full (Ergonomics) 7940M->7940M(8095M) 2545.094ms
[105.644s][info][gc,cpu         ] GC(347) User=18.86s Sys=0.02s Real=2.55s
[105.645s][info][gc,start       ] GC(348) Pause Full (Ergonomics)
[105.645s][info][gc,phases,start] GC(348) Marking Phase
[107.542s][info][gc,phases      ] GC(348) Marking Phase 1897.454ms
[107.542s][info][gc,phases,start] GC(348) Summary Phase
[107.542s][info][gc,phases      ] GC(348) Summary Phase 0.080ms
[107.542s][info][gc,phases,start] GC(348) Adjust Roots
[107.542s][info][gc,phases      ] GC(348) Adjust Roots 0.180ms
[107.542s][info][gc,phases,start] GC(348) Compaction Phase
[108.161s][info][gc,phases      ] GC(348) Compaction Phase 619.016ms
[108.162s][info][gc,phases,start] GC(348) Post Compact
[108.173s][info][gc,phases      ] GC(348) Post Compact 11.884ms
[108.173s][info][gc,heap        ] GC(348) PSYoungGen: 144353K(302592K)->144353K(302592K) Eden: 132607K(132608K)->132607K(132608K) From: 11745K(169984K)->11745K(169984K)
[108.173s][info][gc,heap        ] GC(348) ParOldGen: 7986802K(7987200K)->7986802K(7987200K)
[108.173s][info][gc,metaspace   ] GC(348) Metaspace: 6303K(6528K)->6303K(6528K) NonClass: 5769K(5888K)->5769K(5888K) Class: 533K(640K)->533K(640K)
[108.174s][info][gc             ] GC(348) Pause Full (Ergonomics) 7940M->7940M(8095M) 2528.953ms
[108.174s][info][gc,cpu         ] GC(348) User=19.31s Sys=0.00s Real=2.53s
[108.174s][info][gc,start       ] GC(349) Pause Full (Ergonomics)
[108.174s][info][gc,phases,start] GC(349) Marking Phase
[110.065s][info][gc,phases      ] GC(349) Marking Phase 1891.535ms
[110.065s][info][gc,phases,start] GC(349) Summary Phase
[110.065s][info][gc,phases      ] GC(349) Summary Phase 0.078ms
[110.065s][info][gc,phases,start] GC(349) Adjust Roots
[110.066s][info][gc,phases      ] GC(349) Adjust Roots 0.218ms
[110.066s][info][gc,phases,start] GC(349) Compaction Phase
[110.727s][info][gc,phases      ] GC(349) Compaction Phase 660.808ms
[110.727s][info][gc,phases,start] GC(349) Post Compact
[110.739s][info][gc,phases      ] GC(349) Post Compact 11.923ms
[110.739s][info][gc,heap        ] GC(349) PSYoungGen: 144353K(302592K)->144353K(302592K) Eden: 132607K(132608K)->132607K(132608K) From: 11745K(169984K)->11745K(169984K)
[110.739s][info][gc,heap        ] GC(349) ParOldGen: 7986807K(7987200K)->7986807K(7987200K)
[110.739s][info][gc,metaspace   ] GC(349) Metaspace: 6303K(6528K)->6303K(6528K) NonClass: 5769K(5888K)->5769K(5888K) Class: 533K(640K)->533K(640K)
[110.739s][info][gc             ] GC(349) Pause Full (Ergonomics) 7940M->7940M(8095M) 2564.896ms
[110.739s][info][gc,cpu         ] GC(349) User=18.92s Sys=0.03s Real=2.57s
[110.739s][info][gc,start       ] GC(350) Pause Full (Ergonomics)
[110.739s][info][gc,phases,start] GC(350) Marking Phase
[112.629s][info][gc,phases      ] GC(350) Marking Phase 1889.874ms
[112.629s][info][gc,phases,start] GC(350) Summary Phase
[112.629s][info][gc,phases      ] GC(350) Summary Phase 0.092ms
[112.629s][info][gc,phases,start] GC(350) Adjust Roots
[112.629s][info][gc,phases      ] GC(350) Adjust Roots 0.191ms
[112.629s][info][gc,phases,start] GC(350) Compaction Phase
[113.276s][info][gc,phases      ] GC(350) Compaction Phase 646.980ms
[113.276s][info][gc,phases,start] GC(350) Post Compact
[113.288s][info][gc,phases      ] GC(350) Post Compact 11.986ms
[113.288s][info][gc,heap        ] GC(350) PSYoungGen: 144353K(302592K)->144353K(302592K) Eden: 132607K(132608K)->132607K(132608K) From: 11745K(169984K)->11745K(169984K)
[113.288s][info][gc,heap        ] GC(350) ParOldGen: 7986812K(7987200K)->7986812K(7987200K)
[113.288s][info][gc,metaspace   ] GC(350) Metaspace: 6303K(6528K)->6303K(6528K) NonClass: 5769K(5888K)->5769K(5888K) Class: 533K(640K)->533K(640K)
[113.288s][info][gc             ] GC(350) Pause Full (Ergonomics) 7940M->7940M(8095M) 2549.533ms
[113.288s][info][gc,cpu         ] GC(350) User=19.00s Sys=0.00s Real=2.55s
[113.289s][info][gc,start       ] GC(351) Pause Full (Ergonomics)
[113.289s][info][gc,phases,start] GC(351) Marking Phase
[115.161s][info][gc,phases      ] GC(351) Marking Phase 1872.152ms
[115.161s][info][gc,phases,start] GC(351) Summary Phase
[115.161s][info][gc,phases      ] GC(351) Summary Phase 0.078ms
[115.161s][info][gc,phases,start] GC(351) Adjust Roots
[115.161s][info][gc,phases      ] GC(351) Adjust Roots 0.212ms
[115.161s][info][gc,phases,start] GC(351) Compaction Phase
[115.813s][info][gc,phases      ] GC(351) Compaction Phase 652.158ms
[115.813s][info][gc,phases,start] GC(351) Post Compact
[115.825s][info][gc,phases      ] GC(351) Post Compact 12.009ms
[115.825s][info][gc,heap        ] GC(351) PSYoungGen: 144353K(302592K)->144353K(302592K) Eden: 132607K(132608K)->132607K(132608K) From: 11745K(169984K)->11745K(169984K)
[115.825s][info][gc,heap        ] GC(351) ParOldGen: 7986817K(7987200K)->7986817K(7987200K)
[115.825s][info][gc,metaspace   ] GC(351) Metaspace: 6303K(6528K)->6303K(6528K) NonClass: 5769K(5888K)->5769K(5888K) Class: 533K(640K)->533K(640K)
[115.826s][info][gc             ] GC(351) Pause Full (Ergonomics) 7940M->7940M(8095M) 2536.931ms
[115.826s][info][gc,cpu         ] GC(351) User=18.95s Sys=0.02s Real=2.54s
[115.826s][info][gc,start       ] GC(352) Pause Full (Ergonomics)
[115.826s][info][gc,phases,start] GC(352) Marking Phase
[117.723s][info][gc,phases      ] GC(352) Marking Phase 1897.587ms
[117.723s][info][gc,phases,start] GC(352) Summary Phase
[117.724s][info][gc,phases      ] GC(352) Summary Phase 0.110ms
[117.724s][info][gc,phases,start] GC(352) Adjust Roots
[117.724s][info][gc,phases      ] GC(352) Adjust Roots 0.181ms
[117.724s][info][gc,phases,start] GC(352) Compaction Phase
[118.364s][info][gc,phases      ] GC(352) Compaction Phase 639.911ms
[118.364s][info][gc,phases,start] GC(352) Post Compact
[118.376s][info][gc,phases      ] GC(352) Post Compact 12.023ms
[118.376s][info][gc,heap        ] GC(352) PSYoungGen: 144353K(302592K)->144353K(302592K) Eden: 132607K(132608K)->132607K(132608K) From: 11745K(169984K)->11745K(169984K)
[118.376s][info][gc,heap        ] GC(352) ParOldGen: 7986822K(7987200K)->7986822K(7987200K)
[118.376s][info][gc,metaspace   ] GC(352) Metaspace: 6303K(6528K)->6303K(6528K) NonClass: 5769K(5888K)->5769K(5888K) Class: 533K(640K)->533K(640K)
[118.376s][info][gc             ] GC(352) Pause Full (Ergonomics) 7940M->7940M(8095M) 2550.156ms
[118.376s][info][gc,cpu         ] GC(352) User=19.03s Sys=0.00s Real=2.55s
[118.376s][info][gc,start       ] GC(353) Pause Full (Ergonomics)
[118.376s][info][gc,phases,start] GC(353) Marking Phase
[120.251s][info][gc,phases      ] GC(353) Marking Phase 1874.650ms
[120.251s][info][gc,phases,start] GC(353) Summary Phase
[120.251s][info][gc,phases      ] GC(353) Summary Phase 0.083ms
[120.251s][info][gc,phases,start] GC(353) Adjust Roots
[120.251s][info][gc,phases      ] GC(353) Adjust Roots 0.180ms
[120.251s][info][gc,phases,start] GC(353) Compaction Phase
[120.895s][info][gc,phases      ] GC(353) Compaction Phase 643.496ms
[120.895s][info][gc,phases,start] GC(353) Post Compact
[120.907s][info][gc,phases      ] GC(353) Post Compact 12.130ms
[120.907s][info][gc,heap        ] GC(353) PSYoungGen: 144353K(302592K)->144353K(302592K) Eden: 132607K(132608K)->132607K(132608K) From: 11745K(169984K)->11745K(169984K)
[120.907s][info][gc,heap        ] GC(353) ParOldGen: 7986826K(7987200K)->7986826K(7987200K)
[120.907s][info][gc,metaspace   ] GC(353) Metaspace: 6303K(6528K)->6303K(6528K) NonClass: 5769K(5888K)->5769K(5888K) Class: 533K(640K)->533K(640K)
[120.907s][info][gc             ] GC(353) Pause Full (Ergonomics) 7940M->7940M(8095M) 2530.990ms
[120.907s][info][gc,cpu         ] GC(353) User=18.91s Sys=0.03s Real=2.53s
[120.907s][info][gc,start       ] GC(354) Pause Full (Ergonomics)
[120.907s][info][gc,phases,start] GC(354) Marking Phase
[122.808s][info][gc,phases      ] GC(354) Marking Phase 1900.910ms
[122.808s][info][gc,phases,start] GC(354) Summary Phase
[122.808s][info][gc,phases      ] GC(354) Summary Phase 0.080ms
[122.808s][info][gc,phases,start] GC(354) Adjust Roots
[122.809s][info][gc,phases      ] GC(354) Adjust Roots 0.221ms
[122.809s][info][gc,phases,start] GC(354) Compaction Phase
[123.460s][info][gc,phases      ] GC(354) Compaction Phase 651.305ms
[123.460s][info][gc,phases,start] GC(354) Post Compact
[123.472s][info][gc,phases      ] GC(354) Post Compact 11.860ms
[123.472s][info][gc,heap        ] GC(354) PSYoungGen: 144353K(302592K)->144353K(302592K) Eden: 132607K(132608K)->132607K(132608K) From: 11745K(169984K)->11745K(169984K)
[123.472s][info][gc,heap        ] GC(354) ParOldGen: 7986831K(7987200K)->7986831K(7987200K)
[123.472s][info][gc,metaspace   ] GC(354) Metaspace: 6303K(6528K)->6303K(6528K) NonClass: 5769K(5888K)->5769K(5888K) Class: 533K(640K)->533K(640K)
[123.472s][info][gc             ] GC(354) Pause Full (Ergonomics) 7940M->7940M(8095M) 2564.722ms
[123.472s][info][gc,cpu         ] GC(354) User=18.98s Sys=0.00s Real=2.56s
[123.472s][info][gc,start       ] GC(355) Pause Full (Ergonomics)
[123.472s][info][gc,phases,start] GC(355) Marking Phase
[125.358s][info][gc,phases      ] GC(355) Marking Phase 1886.112ms
[125.358s][info][gc,phases,start] GC(355) Summary Phase
[125.359s][info][gc,phases      ] GC(355) Summary Phase 0.080ms
[125.359s][info][gc,phases,start] GC(355) Adjust Roots
[125.359s][info][gc,phases      ] GC(355) Adjust Roots 0.169ms
[125.359s][info][gc,phases,start] GC(355) Compaction Phase
[125.990s][info][gc,phases      ] GC(355) Compaction Phase 631.653ms
[125.990s][info][gc,phases,start] GC(355) Post Compact
[126.003s][info][gc,phases      ] GC(355) Post Compact 12.099ms
[126.003s][info][gc,heap        ] GC(355) PSYoungGen: 144353K(302592K)->144353K(302592K) Eden: 132607K(132608K)->132607K(132608K) From: 11745K(169984K)->11745K(169984K)
[126.003s][info][gc,heap        ] GC(355) ParOldGen: 7986836K(7987200K)->7986836K(7987200K)
[126.003s][info][gc,metaspace   ] GC(355) Metaspace: 6303K(6528K)->6303K(6528K) NonClass: 5769K(5888K)->5769K(5888K) Class: 533K(640K)->533K(640K)
[126.003s][info][gc             ] GC(355) Pause Full (Ergonomics) 7940M->7940M(8095M) 2530.498ms
[126.003s][info][gc,cpu         ] GC(355) User=19.06s Sys=0.00s Real=2.53s
[126.003s][info][gc,start       ] GC(356) Pause Full (Ergonomics)
[126.003s][info][gc,phases,start] GC(356) Marking Phase
[127.909s][info][gc,phases      ] GC(356) Marking Phase 1905.610ms
[127.909s][info][gc,phases,start] GC(356) Summary Phase
[127.909s][info][gc,phases      ] GC(356) Summary Phase 0.113ms
[127.909s][info][gc,phases,start] GC(356) Adjust Roots
[127.909s][info][gc,phases      ] GC(356) Adjust Roots 0.172ms
[127.909s][info][gc,phases,start] GC(356) Compaction Phase
[128.533s][info][gc,phases      ] GC(356) Compaction Phase 624.203ms
[128.533s][info][gc,phases,start] GC(356) Post Compact
[128.545s][info][gc,phases      ] GC(356) Post Compact 11.998ms
[128.545s][info][gc,heap        ] GC(356) PSYoungGen: 144353K(302592K)->144353K(302592K) Eden: 132607K(132608K)->132607K(132608K) From: 11745K(169984K)->11745K(169984K)
[128.545s][info][gc,heap        ] GC(356) ParOldGen: 7986841K(7987200K)->7986841K(7987200K)
[128.545s][info][gc,metaspace   ] GC(356) Metaspace: 6303K(6528K)->6303K(6528K) NonClass: 5769K(5888K)->5769K(5888K) Class: 533K(640K)->533K(640K)
[128.546s][info][gc             ] GC(356) Pause Full (Ergonomics) 7940M->7940M(8095M) 2542.539ms
[128.546s][info][gc,cpu         ] GC(356) User=18.98s Sys=0.02s Real=2.54s
[128.546s][info][gc,start       ] GC(357) Pause Full (Ergonomics)
[128.546s][info][gc,phases,start] GC(357) Marking Phase
[130.443s][info][gc,phases      ] GC(357) Marking Phase 1896.785ms
[130.443s][info][gc,phases,start] GC(357) Summary Phase
[130.443s][info][gc,phases      ] GC(357) Summary Phase 0.103ms
[130.443s][info][gc,phases,start] GC(357) Adjust Roots
[130.443s][info][gc,phases      ] GC(357) Adjust Roots 0.166ms
[130.443s][info][gc,phases,start] GC(357) Compaction Phase
[131.101s][info][gc,phases      ] GC(357) Compaction Phase 657.670ms
[131.101s][info][gc,phases,start] GC(357) Post Compact
[131.113s][info][gc,phases      ] GC(357) Post Compact 11.916ms
[131.113s][info][gc,heap        ] GC(357) PSYoungGen: 144353K(302592K)->144353K(302592K) Eden: 132607K(132608K)->132607K(132608K) From: 11745K(169984K)->11745K(169984K)
[131.113s][info][gc,heap        ] GC(357) ParOldGen: 7986846K(7987200K)->7986846K(7987200K)
[131.113s][info][gc,metaspace   ] GC(357) Metaspace: 6303K(6528K)->6303K(6528K) NonClass: 5769K(5888K)->5769K(5888K) Class: 533K(640K)->533K(640K)
[131.113s][info][gc             ] GC(357) Pause Full (Ergonomics) 7940M->7940M(8095M) 2566.985ms
[131.113s][info][gc,cpu         ] GC(357) User=19.16s Sys=0.00s Real=2.57s
[131.113s][info][gc,start       ] GC(358) Pause Full (Ergonomics)
[131.113s][info][gc,phases,start] GC(358) Marking Phase
[132.979s][info][gc,phases      ] GC(358) Marking Phase 1866.467ms
[132.980s][info][gc,phases,start] GC(358) Summary Phase
[132.980s][info][gc,phases      ] GC(358) Summary Phase 0.078ms
[132.980s][info][gc,phases,start] GC(358) Adjust Roots
[132.980s][info][gc,phases      ] GC(358) Adjust Roots 0.170ms
[132.980s][info][gc,phases,start] GC(358) Compaction Phase
[133.595s][info][gc,phases      ] GC(358) Compaction Phase 614.709ms
[133.595s][info][gc,phases,start] GC(358) Post Compact
[133.607s][info][gc,phases      ] GC(358) Post Compact 12.192ms
[133.607s][info][gc,heap        ] GC(358) PSYoungGen: 144353K(302592K)->144353K(302592K) Eden: 132607K(132608K)->132607K(132608K) From: 11745K(169984K)->11745K(169984K)
[133.607s][info][gc,heap        ] GC(358) ParOldGen: 7986851K(7987200K)->7986851K(7987200K)
[133.607s][info][gc,metaspace   ] GC(358) Metaspace: 6303K(6528K)->6303K(6528K) NonClass: 5769K(5888K)->5769K(5888K) Class: 533K(640K)->533K(640K)
[133.607s][info][gc             ] GC(358) Pause Full (Ergonomics) 7940M->7940M(8095M) 2493.937ms
[133.607s][info][gc,cpu         ] GC(358) User=18.64s Sys=0.00s Real=2.49s
[133.607s][info][gc,start       ] GC(359) Pause Full (Ergonomics)
[133.607s][info][gc,phases,start] GC(359) Marking Phase
[135.457s][info][gc,phases      ] GC(359) Marking Phase 1849.615ms
[135.457s][info][gc,phases,start] GC(359) Summary Phase
[135.457s][info][gc,phases      ] GC(359) Summary Phase 0.077ms
[135.457s][info][gc,phases,start] GC(359) Adjust Roots
[135.457s][info][gc,phases      ] GC(359) Adjust Roots 0.188ms
[135.457s][info][gc,phases,start] GC(359) Compaction Phase
[136.042s][info][gc,phases      ] GC(359) Compaction Phase 585.010ms
[136.042s][info][gc,phases,start] GC(359) Post Compact
[136.054s][info][gc,phases      ] GC(359) Post Compact 12.050ms
[136.054s][info][gc,heap        ] GC(359) PSYoungGen: 144353K(302592K)->144353K(302592K) Eden: 132607K(132608K)->132607K(132608K) From: 11745K(169984K)->11745K(169984K)
[136.054s][info][gc,heap        ] GC(359) ParOldGen: 7986855K(7987200K)->7986855K(7987200K)
[136.054s][info][gc,metaspace   ] GC(359) Metaspace: 6303K(6528K)->6303K(6528K) NonClass: 5769K(5888K)->5769K(5888K) Class: 533K(640K)->533K(640K)
[136.054s][info][gc             ] GC(359) Pause Full (Ergonomics) 7940M->7940M(8095M) 2447.287ms
[136.054s][info][gc,cpu         ] GC(359) User=18.66s Sys=0.00s Real=2.45s
[136.055s][info][gc,start       ] GC(360) Pause Full (Ergonomics)
[136.055s][info][gc,phases,start] GC(360) Marking Phase
[137.930s][info][gc,phases      ] GC(360) Marking Phase 1875.103ms
[137.930s][info][gc,phases,start] GC(360) Summary Phase
[137.930s][info][gc,phases      ] GC(360) Summary Phase 0.091ms
[137.930s][info][gc,phases,start] GC(360) Adjust Roots
[137.930s][info][gc,phases      ] GC(360) Adjust Roots 0.192ms
[137.930s][info][gc,phases,start] GC(360) Compaction Phase
[138.543s][info][gc,phases      ] GC(360) Compaction Phase 612.653ms
[138.543s][info][gc,phases,start] GC(360) Post Compact
[138.556s][info][gc,phases      ] GC(360) Post Compact 12.638ms
[138.556s][info][gc,heap        ] GC(360) PSYoungGen: 144353K(302592K)->144353K(302592K) Eden: 132607K(132608K)->132607K(132608K) From: 11745K(169984K)->11745K(169984K)
[138.556s][info][gc,heap        ] GC(360) ParOldGen: 7986860K(7987200K)->7986860K(7987200K)
[138.556s][info][gc,metaspace   ] GC(360) Metaspace: 6303K(6528K)->6303K(6528K) NonClass: 5769K(5888K)->5769K(5888K) Class: 533K(640K)->533K(640K)
[138.556s][info][gc             ] GC(360) Pause Full (Ergonomics) 7940M->7940M(8095M) 2501.057ms
[138.556s][info][gc,cpu         ] GC(360) User=18.86s Sys=0.02s Real=2.50s
[138.556s][info][gc,start       ] GC(361) Pause Full (Ergonomics)
[138.556s][info][gc,phases,start] GC(361) Marking Phase
[140.393s][info][gc,phases      ] GC(361) Marking Phase 1836.657ms
[140.393s][info][gc,phases,start] GC(361) Summary Phase
[140.393s][info][gc,phases      ] GC(361) Summary Phase 0.078ms
[140.393s][info][gc,phases,start] GC(361) Adjust Roots
[140.393s][info][gc,phases      ] GC(361) Adjust Roots 0.215ms
[140.393s][info][gc,phases,start] GC(361) Compaction Phase
[140.985s][info][gc,phases      ] GC(361) Compaction Phase 592.105ms
[140.985s][info][gc,phases,start] GC(361) Post Compact
[140.997s][info][gc,phases      ] GC(361) Post Compact 12.226ms
[140.997s][info][gc,heap        ] GC(361) PSYoungGen: 144353K(302592K)->144353K(302592K) Eden: 132607K(132608K)->132607K(132608K) From: 11745K(169984K)->11745K(169984K)
[140.997s][info][gc,heap        ] GC(361) ParOldGen: 7986865K(7987200K)->7986865K(7987200K)
[140.997s][info][gc,metaspace   ] GC(361) Metaspace: 6303K(6528K)->6303K(6528K) NonClass: 5769K(5888K)->5769K(5888K) Class: 533K(640K)->533K(640K)
[140.998s][info][gc             ] GC(361) Pause Full (Ergonomics) 7940M->7940M(8095M) 2441.609ms
[140.998s][info][gc,cpu         ] GC(361) User=18.50s Sys=0.00s Real=2.44s
[140.998s][info][gc,start       ] GC(362) Pause Full (Ergonomics)
[140.998s][info][gc,phases,start] GC(362) Marking Phase
[142.830s][info][gc,phases      ] GC(362) Marking Phase 1832.029ms
[142.830s][info][gc,phases,start] GC(362) Summary Phase
[142.830s][info][gc,phases      ] GC(362) Summary Phase 0.079ms
[142.830s][info][gc,phases,start] GC(362) Adjust Roots
[142.830s][info][gc,phases      ] GC(362) Adjust Roots 0.164ms
[142.830s][info][gc,phases,start] GC(362) Compaction Phase
[143.472s][info][gc,phases      ] GC(362) Compaction Phase 641.844ms
[143.472s][info][gc,phases,start] GC(362) Post Compact
[143.484s][info][gc,phases      ] GC(362) Post Compact 11.986ms
[143.484s][info][gc,heap        ] GC(362) PSYoungGen: 144353K(302592K)->144353K(302592K) Eden: 132607K(132608K)->132607K(132608K) From: 11745K(169984K)->11745K(169984K)
[143.484s][info][gc,heap        ] GC(362) ParOldGen: 7986870K(7987200K)->7986870K(7987200K)
[143.484s][info][gc,metaspace   ] GC(362) Metaspace: 6303K(6528K)->6303K(6528K) NonClass: 5769K(5888K)->5769K(5888K) Class: 533K(640K)->533K(640K)
[143.484s][info][gc             ] GC(362) Pause Full (Ergonomics) 7940M->7940M(8095M) 2486.442ms
[143.484s][info][gc,cpu         ] GC(362) User=18.44s Sys=0.00s Real=2.49s
[143.484s][info][gc,start       ] GC(363) Pause Full (Ergonomics)
[143.484s][info][gc,phases,start] GC(363) Marking Phase
[145.345s][info][gc,phases      ] GC(363) Marking Phase 1861.082ms
[145.346s][info][gc,phases,start] GC(363) Summary Phase
[145.346s][info][gc,phases      ] GC(363) Summary Phase 0.079ms
[145.346s][info][gc,phases,start] GC(363) Adjust Roots
[145.346s][info][gc,phases      ] GC(363) Adjust Roots 0.164ms
[145.346s][info][gc,phases,start] GC(363) Compaction Phase
[145.948s][info][gc,phases      ] GC(363) Compaction Phase 602.205ms
[145.948s][info][gc,phases,start] GC(363) Post Compact
[145.961s][info][gc,phases      ] GC(363) Post Compact 12.399ms
[145.961s][info][gc,heap        ] GC(363) PSYoungGen: 144353K(302592K)->144353K(302592K) Eden: 132607K(132608K)->132607K(132608K) From: 11745K(169984K)->11745K(169984K)
[145.961s][info][gc,heap        ] GC(363) ParOldGen: 7986875K(7987200K)->7986875K(7987200K)
[145.961s][info][gc,metaspace   ] GC(363) Metaspace: 6303K(6528K)->6303K(6528K) NonClass: 5769K(5888K)->5769K(5888K) Class: 533K(640K)->533K(640K)
[145.961s][info][gc             ] GC(363) Pause Full (Ergonomics) 7940M->7940M(8095M) 2476.245ms
[145.961s][info][gc,cpu         ] GC(363) User=18.77s Sys=0.00s Real=2.48s
[145.961s][info][gc,start       ] GC(364) Pause Full (Ergonomics)
[145.961s][info][gc,phases,start] GC(364) Marking Phase
[147.806s][info][gc,phases      ] GC(364) Marking Phase 1844.853ms
[147.806s][info][gc,phases,start] GC(364) Summary Phase
[147.806s][info][gc,phases      ] GC(364) Summary Phase 0.079ms
[147.806s][info][gc,phases,start] GC(364) Adjust Roots
[147.806s][info][gc,phases      ] GC(364) Adjust Roots 0.188ms
[147.806s][info][gc,phases,start] GC(364) Compaction Phase
[148.426s][info][gc,phases      ] GC(364) Compaction Phase 620.289ms
[148.426s][info][gc,phases,start] GC(364) Post Compact
[148.439s][info][gc,phases      ] GC(364) Post Compact 12.028ms
[148.439s][info][gc,heap        ] GC(364) PSYoungGen: 144353K(302592K)->144353K(302592K) Eden: 132607K(132608K)->132607K(132608K) From: 11745K(169984K)->11745K(169984K)
[148.439s][info][gc,heap        ] GC(364) ParOldGen: 7986880K(7987200K)->7986880K(7987200K)
[148.439s][info][gc,metaspace   ] GC(364) Metaspace: 6303K(6528K)->6303K(6528K) NonClass: 5769K(5888K)->5769K(5888K) Class: 533K(640K)->533K(640K)
[148.439s][info][gc             ] GC(364) Pause Full (Ergonomics) 7940M->7940M(8095M) 2477.775ms
[148.439s][info][gc,cpu         ] GC(364) User=18.59s Sys=0.02s Real=2.48s
[148.439s][info][gc,start       ] GC(365) Pause Full (Ergonomics)
[148.439s][info][gc,phases,start] GC(365) Marking Phase
[150.265s][info][gc,phases      ] GC(365) Marking Phase 1826.119ms
[150.265s][info][gc,phases,start] GC(365) Summary Phase
[150.265s][info][gc,phases      ] GC(365) Summary Phase 0.082ms
[150.265s][info][gc,phases,start] GC(365) Adjust Roots
[150.265s][info][gc,phases      ] GC(365) Adjust Roots 0.182ms
[150.265s][info][gc,phases,start] GC(365) Compaction Phase
[150.887s][info][gc,phases      ] GC(365) Compaction Phase 622.092ms
[150.888s][info][gc,phases,start] GC(365) Post Compact
[150.900s][info][gc,phases      ] GC(365) Post Compact 11.988ms
[150.900s][info][gc,heap        ] GC(365) PSYoungGen: 144353K(302592K)->144353K(302592K) Eden: 132607K(132608K)->132607K(132608K) From: 11745K(169984K)->11745K(169984K)
[150.900s][info][gc,heap        ] GC(365) ParOldGen: 7986884K(7987200K)->7986884K(7987200K)
[150.900s][info][gc,metaspace   ] GC(365) Metaspace: 6303K(6528K)->6303K(6528K) NonClass: 5769K(5888K)->5769K(5888K) Class: 533K(640K)->533K(640K)
[150.900s][info][gc             ] GC(365) Pause Full (Ergonomics) 7940M->7940M(8095M) 2460.825ms
[150.900s][info][gc,cpu         ] GC(365) User=18.31s Sys=0.00s Real=2.46s
[150.900s][info][gc,start       ] GC(366) Pause Full (Ergonomics)
[150.900s][info][gc,phases,start] GC(366) Marking Phase
[152.742s][info][gc,phases      ] GC(366) Marking Phase 1842.356ms
[152.742s][info][gc,phases,start] GC(366) Summary Phase
[152.742s][info][gc,phases      ] GC(366) Summary Phase 0.078ms
[152.742s][info][gc,phases,start] GC(366) Adjust Roots
[152.743s][info][gc,phases      ] GC(366) Adjust Roots 0.164ms
[152.743s][info][gc,phases,start] GC(366) Compaction Phase
[153.343s][info][gc,phases      ] GC(366) Compaction Phase 600.555ms
[153.343s][info][gc,phases,start] GC(366) Post Compact
[153.355s][info][gc,phases      ] GC(366) Post Compact 12.055ms
[153.355s][info][gc,heap        ] GC(366) PSYoungGen: 144353K(302592K)->144353K(302592K) Eden: 132607K(132608K)->132607K(132608K) From: 11745K(169984K)->11745K(169984K)
[153.355s][info][gc,heap        ] GC(366) ParOldGen: 7986889K(7987200K)->7986889K(7987200K)
[153.355s][info][gc,metaspace   ] GC(366) Metaspace: 6303K(6528K)->6303K(6528K) NonClass: 5769K(5888K)->5769K(5888K) Class: 533K(640K)->533K(640K)
[153.355s][info][gc             ] GC(366) Pause Full (Ergonomics) 7940M->7940M(8095M) 2455.537ms
[153.355s][info][gc,cpu         ] GC(366) User=18.50s Sys=0.00s Real=2.46s
[153.356s][info][gc,start       ] GC(367) Pause Full (Ergonomics)
[153.356s][info][gc,phases,start] GC(367) Marking Phase
[155.212s][info][gc,phases      ] GC(367) Marking Phase 1856.611ms
[155.212s][info][gc,phases,start] GC(367) Summary Phase
[155.212s][info][gc,phases      ] GC(367) Summary Phase 0.079ms
[155.212s][info][gc,phases,start] GC(367) Adjust Roots
[155.213s][info][gc,phases      ] GC(367) Adjust Roots 0.166ms
[155.213s][info][gc,phases,start] GC(367) Compaction Phase
[155.822s][info][gc,phases      ] GC(367) Compaction Phase 609.726ms
[155.822s][info][gc,phases,start] GC(367) Post Compact
[155.834s][info][gc,phases      ] GC(367) Post Compact 12.039ms
[155.835s][info][gc,heap        ] GC(367) PSYoungGen: 144353K(302592K)->144353K(302592K) Eden: 132607K(132608K)->132607K(132608K) From: 11745K(169984K)->11745K(169984K)
[155.835s][info][gc,heap        ] GC(367) ParOldGen: 7986894K(7987200K)->7986894K(7987200K)
[155.835s][info][gc,metaspace   ] GC(367) Metaspace: 6303K(6528K)->6303K(6528K) NonClass: 5769K(5888K)->5769K(5888K) Class: 533K(640K)->533K(640K)
[155.835s][info][gc             ] GC(367) Pause Full (Ergonomics) 7940M->7940M(8095M) 2478.948ms
[155.835s][info][gc,cpu         ] GC(367) User=18.61s Sys=0.00s Real=2.48s
[155.835s][info][gc,start       ] GC(368) Pause Full (Ergonomics)
[155.835s][info][gc,phases,start] GC(368) Marking Phase
[157.691s][info][gc,phases      ] GC(368) Marking Phase 1856.166ms
[157.691s][info][gc,phases,start] GC(368) Summary Phase
[157.691s][info][gc,phases      ] GC(368) Summary Phase 0.077ms
[157.691s][info][gc,phases,start] GC(368) Adjust Roots
[157.691s][info][gc,phases      ] GC(368) Adjust Roots 0.164ms
[157.691s][info][gc,phases,start] GC(368) Compaction Phase
[158.305s][info][gc,phases      ] GC(368) Compaction Phase 613.299ms
[158.305s][info][gc,phases,start] GC(368) Post Compact
[158.317s][info][gc,phases      ] GC(368) Post Compact 12.114ms
[158.317s][info][gc,heap        ] GC(368) PSYoungGen: 144353K(302592K)->144353K(302592K) Eden: 132607K(132608K)->132607K(132608K) From: 11745K(169984K)->11745K(169984K)
[158.317s][info][gc,heap        ] GC(368) ParOldGen: 7986899K(7987200K)->7986899K(7987200K)
[158.317s][info][gc,metaspace   ] GC(368) Metaspace: 6303K(6528K)->6303K(6528K) NonClass: 5769K(5888K)->5769K(5888K) Class: 533K(640K)->533K(640K)
[158.317s][info][gc             ] GC(368) Pause Full (Ergonomics) 7940M->7940M(8095M) 2482.178ms
[158.317s][info][gc,cpu         ] GC(368) User=18.59s Sys=0.00s Real=2.48s
[158.317s][info][gc,start       ] GC(369) Pause Full (Ergonomics)
[158.317s][info][gc,phases,start] GC(369) Marking Phase
[160.175s][info][gc,phases      ] GC(369) Marking Phase 1857.861ms
[160.175s][info][gc,phases,start] GC(369) Summary Phase
[160.175s][info][gc,phases      ] GC(369) Summary Phase 0.091ms
[160.175s][info][gc,phases,start] GC(369) Adjust Roots
[160.175s][info][gc,phases      ] GC(369) Adjust Roots 0.165ms
[160.175s][info][gc,phases,start] GC(369) Compaction Phase
[160.776s][info][gc,phases      ] GC(369) Compaction Phase 600.153ms
[160.776s][info][gc,phases,start] GC(369) Post Compact
[160.788s][info][gc,phases      ] GC(369) Post Compact 12.042ms
[160.788s][info][gc,heap        ] GC(369) PSYoungGen: 144353K(302592K)->144353K(302592K) Eden: 132607K(132608K)->132607K(132608K) From: 11745K(169984K)->11745K(169984K)
[160.788s][info][gc,heap        ] GC(369) ParOldGen: 7986904K(7987200K)->7986904K(7987200K)
[160.788s][info][gc,metaspace   ] GC(369) Metaspace: 6303K(6528K)->6303K(6528K) NonClass: 5769K(5888K)->5769K(5888K) Class: 533K(640K)->533K(640K)
[160.788s][info][gc             ] GC(369) Pause Full (Ergonomics) 7940M->7940M(8095M) 2470.696ms
[160.788s][info][gc,cpu         ] GC(369) User=18.50s Sys=0.00s Real=2.47s
[160.788s][info][gc,start       ] GC(370) Pause Full (Ergonomics)
[160.788s][info][gc,phases,start] GC(370) Marking Phase
[162.638s][info][gc,phases      ] GC(370) Marking Phase 1849.843ms
[162.638s][info][gc,phases,start] GC(370) Summary Phase
[162.638s][info][gc,phases      ] GC(370) Summary Phase 0.136ms
[162.638s][info][gc,phases,start] GC(370) Adjust Roots
[162.639s][info][gc,phases      ] GC(370) Adjust Roots 0.295ms
[162.639s][info][gc,phases,start] GC(370) Compaction Phase
[163.222s][info][gc,phases      ] GC(370) Compaction Phase 583.416ms
[163.222s][info][gc,phases,start] GC(370) Post Compact
[163.234s][info][gc,phases      ] GC(370) Post Compact 12.025ms
[163.234s][info][gc,heap        ] GC(370) PSYoungGen: 144353K(302592K)->144353K(302592K) Eden: 132607K(132608K)->132607K(132608K) From: 11745K(169984K)->11745K(169984K)
[163.234s][info][gc,heap        ] GC(370) ParOldGen: 7986909K(7987200K)->7986909K(7987200K)
[163.234s][info][gc,metaspace   ] GC(370) Metaspace: 6303K(6528K)->6303K(6528K) NonClass: 5769K(5888K)->5769K(5888K) Class: 533K(640K)->533K(640K)
[163.234s][info][gc             ] GC(370) Pause Full (Ergonomics) 7940M->7940M(8095M) 2446.123ms
[163.234s][info][gc,cpu         ] GC(370) User=18.56s Sys=0.02s Real=2.45s
[163.234s][info][gc,start       ] GC(371) Pause Full (Ergonomics)
[163.234s][info][gc,phases,start] GC(371) Marking Phase
[165.081s][info][gc,phases      ] GC(371) Marking Phase 1846.343ms
[165.081s][info][gc,phases,start] GC(371) Summary Phase
[165.081s][info][gc,phases      ] GC(371) Summary Phase 0.078ms
[165.081s][info][gc,phases,start] GC(371) Adjust Roots
[165.081s][info][gc,phases      ] GC(371) Adjust Roots 0.163ms
[165.081s][info][gc,phases,start] GC(371) Compaction Phase
[165.701s][info][gc,phases      ] GC(371) Compaction Phase 620.293ms
[165.702s][info][gc,phases,start] GC(371) Post Compact
[165.714s][info][gc,phases      ] GC(371) Post Compact 11.984ms
[165.714s][info][gc,heap        ] GC(371) PSYoungGen: 144353K(302592K)->144353K(302592K) Eden: 132607K(132608K)->132607K(132608K) From: 11745K(169984K)->11745K(169984K)
[165.714s][info][gc,heap        ] GC(371) ParOldGen: 7986913K(7987200K)->7986913K(7987200K)
[165.714s][info][gc,metaspace   ] GC(371) Metaspace: 6303K(6528K)->6303K(6528K) NonClass: 5769K(5888K)->5769K(5888K) Class: 533K(640K)->533K(640K)
[165.714s][info][gc             ] GC(371) Pause Full (Ergonomics) 7940M->7940M(8095M) 2479.188ms
[165.714s][info][gc,cpu         ] GC(371) User=18.33s Sys=0.00s Real=2.48s
[165.714s][info][gc,start       ] GC(372) Pause Full (Ergonomics)
[165.714s][info][gc,phases,start] GC(372) Marking Phase
[167.577s][info][gc,phases      ] GC(372) Marking Phase 1862.991ms
[167.577s][info][gc,phases,start] GC(372) Summary Phase
[167.577s][info][gc,phases      ] GC(372) Summary Phase 0.119ms
[167.577s][info][gc,phases,start] GC(372) Adjust Roots
[167.577s][info][gc,phases      ] GC(372) Adjust Roots 0.247ms
[167.577s][info][gc,phases,start] GC(372) Compaction Phase
[168.180s][info][gc,phases      ] GC(372) Compaction Phase 602.936ms
[168.180s][info][gc,phases,start] GC(372) Post Compact
[168.192s][info][gc,phases      ] GC(372) Post Compact 12.050ms
[168.193s][info][gc,heap        ] GC(372) PSYoungGen: 144353K(302592K)->144353K(302592K) Eden: 132607K(132608K)->132607K(132608K) From: 11745K(169984K)->11745K(169984K)
[168.193s][info][gc,heap        ] GC(372) ParOldGen: 7986918K(7987200K)->7986918K(7987200K)
[168.193s][info][gc,metaspace   ] GC(372) Metaspace: 6303K(6528K)->6303K(6528K) NonClass: 5769K(5888K)->5769K(5888K) Class: 533K(640K)->533K(640K)
[168.193s][info][gc             ] GC(372) Pause Full (Ergonomics) 7940M->7940M(8095M) 2478.715ms
[168.193s][info][gc,cpu         ] GC(372) User=18.73s Sys=0.00s Real=2.48s
[168.193s][info][gc,start       ] GC(373) Pause Full (Ergonomics)
[168.193s][info][gc,phases,start] GC(373) Marking Phase
[170.030s][info][gc,phases      ] GC(373) Marking Phase 1837.053ms
[170.030s][info][gc,phases,start] GC(373) Summary Phase
[170.030s][info][gc,phases      ] GC(373) Summary Phase 0.123ms
[170.030s][info][gc,phases,start] GC(373) Adjust Roots
[170.030s][info][gc,phases      ] GC(373) Adjust Roots 0.175ms
[170.030s][info][gc,phases,start] GC(373) Compaction Phase
[170.599s][info][gc,phases      ] GC(373) Compaction Phase 568.682ms
[170.599s][info][gc,phases,start] GC(373) Post Compact
[170.613s][info][gc,phases      ] GC(373) Post Compact 13.619ms
[170.613s][info][gc,heap        ] GC(373) PSYoungGen: 144353K(302592K)->144353K(302592K) Eden: 132607K(132608K)->132607K(132608K) From: 11745K(169984K)->11745K(169984K)
[170.613s][info][gc,heap        ] GC(373) ParOldGen: 7986923K(7987200K)->7986923K(7987200K)
[170.613s][info][gc,metaspace   ] GC(373) Metaspace: 6303K(6528K)->6303K(6528K) NonClass: 5769K(5888K)->5769K(5888K) Class: 533K(640K)->533K(640K)
[170.613s][info][gc             ] GC(373) Pause Full (Ergonomics) 7940M->7940M(8095M) 2420.040ms
[170.613s][info][gc,cpu         ] GC(373) User=18.58s Sys=0.00s Real=2.42s
[170.613s][info][gc,start       ] GC(374) Pause Full (Ergonomics)
[170.613s][info][gc,phases,start] GC(374) Marking Phase
[172.472s][info][gc,phases      ] GC(374) Marking Phase 1858.613ms
[172.472s][info][gc,phases,start] GC(374) Summary Phase
[172.472s][info][gc,phases      ] GC(374) Summary Phase 0.080ms
[172.472s][info][gc,phases,start] GC(374) Adjust Roots
[172.472s][info][gc,phases      ] GC(374) Adjust Roots 0.216ms
[172.472s][info][gc,phases,start] GC(374) Compaction Phase
[173.081s][info][gc,phases      ] GC(374) Compaction Phase 608.498ms
[173.081s][info][gc,phases,start] GC(374) Post Compact
[173.095s][info][gc,phases      ] GC(374) Post Compact 13.994ms
[173.095s][info][gc,heap        ] GC(374) PSYoungGen: 144353K(302592K)->144353K(302592K) Eden: 132607K(132608K)->132607K(132608K) From: 11745K(169984K)->11745K(169984K)
[173.095s][info][gc,heap        ] GC(374) ParOldGen: 7986928K(7987200K)->7986928K(7987200K)
[173.095s][info][gc,metaspace   ] GC(374) Metaspace: 6303K(6528K)->6303K(6528K) NonClass: 5769K(5888K)->5769K(5888K) Class: 533K(640K)->533K(640K)
[173.095s][info][gc             ] GC(374) Pause Full (Ergonomics) 7940M->7940M(8095M) 2481.753ms
[173.095s][info][gc,cpu         ] GC(374) User=18.41s Sys=0.00s Real=2.48s
[173.095s][info][gc,start       ] GC(375) Pause Full (Ergonomics)
[173.095s][info][gc,phases,start] GC(375) Marking Phase
[174.960s][info][gc,phases      ] GC(375) Marking Phase 1864.659ms
[174.960s][info][gc,phases,start] GC(375) Summary Phase
[174.960s][info][gc,phases      ] GC(375) Summary Phase 0.078ms
[174.960s][info][gc,phases,start] GC(375) Adjust Roots
[174.960s][info][gc,phases      ] GC(375) Adjust Roots 0.163ms
[174.960s][info][gc,phases,start] GC(375) Compaction Phase
[175.538s][info][gc,phases      ] GC(375) Compaction Phase 577.345ms
[175.538s][info][gc,phases,start] GC(375) Post Compact
[175.550s][info][gc,phases      ] GC(375) Post Compact 12.042ms
[175.550s][info][gc,heap        ] GC(375) PSYoungGen: 144353K(302592K)->144353K(302592K) Eden: 132607K(132608K)->132607K(132608K) From: 11745K(169984K)->11745K(169984K)
[175.550s][info][gc,heap        ] GC(375) ParOldGen: 7986933K(7987200K)->7986933K(7987200K)
[175.550s][info][gc,metaspace   ] GC(375) Metaspace: 6303K(6528K)->6303K(6528K) NonClass: 5769K(5888K)->5769K(5888K) Class: 533K(640K)->533K(640K)
[175.550s][info][gc             ] GC(375) Pause Full (Ergonomics) 7940M->7940M(8095M) 2454.676ms
[175.550s][info][gc,cpu         ] GC(375) User=18.41s Sys=0.00s Real=2.46s
[175.550s][info][gc,start       ] GC(376) Pause Full (Ergonomics)
[175.550s][info][gc,phases,start] GC(376) Marking Phase
[177.402s][info][gc,phases      ] GC(376) Marking Phase 1852.134ms
[177.402s][info][gc,phases,start] GC(376) Summary Phase
[177.402s][info][gc,phases      ] GC(376) Summary Phase 0.078ms
[177.402s][info][gc,phases,start] GC(376) Adjust Roots
[177.402s][info][gc,phases      ] GC(376) Adjust Roots 0.170ms
[177.403s][info][gc,phases,start] GC(376) Compaction Phase
[177.973s][info][gc,phases      ] GC(376) Compaction Phase 570.727ms
[177.973s][info][gc,phases,start] GC(376) Post Compact
[177.986s][info][gc,phases      ] GC(376) Post Compact 12.362ms
[177.986s][info][gc,heap        ] GC(376) PSYoungGen: 144353K(302592K)->144353K(302592K) Eden: 132607K(132608K)->132607K(132608K) From: 11745K(169984K)->11745K(169984K)
[177.986s][info][gc,heap        ] GC(376) ParOldGen: 7986938K(7987200K)->7986938K(7987200K)
[177.986s][info][gc,metaspace   ] GC(376) Metaspace: 6303K(6528K)->6303K(6528K) NonClass: 5769K(5888K)->5769K(5888K) Class: 533K(640K)->533K(640K)
[177.986s][info][gc             ] GC(376) Pause Full (Ergonomics) 7940M->7940M(8095M) 2435.816ms
[177.986s][info][gc,cpu         ] GC(376) User=18.31s Sys=0.00s Real=2.44s
[177.986s][info][gc,start       ] GC(377) Pause Full (Ergonomics)
[177.986s][info][gc,phases,start] GC(377) Marking Phase
[179.825s][info][gc,phases      ] GC(377) Marking Phase 1838.521ms
[179.825s][info][gc,phases,start] GC(377) Summary Phase
[179.825s][info][gc,phases      ] GC(377) Summary Phase 0.078ms
[179.825s][info][gc,phases,start] GC(377) Adjust Roots
[179.825s][info][gc,phases      ] GC(377) Adjust Roots 0.191ms
[179.825s][info][gc,phases,start] GC(377) Compaction Phase
[180.394s][info][gc,phases      ] GC(377) Compaction Phase 568.518ms
[180.394s][info][gc,phases,start] GC(377) Post Compact
[180.406s][info][gc,phases      ] GC(377) Post Compact 11.971ms
[180.406s][info][gc,heap        ] GC(377) PSYoungGen: 144353K(302592K)->144353K(302592K) Eden: 132607K(132608K)->132607K(132608K) From: 11745K(169984K)->11745K(169984K)
[180.406s][info][gc,heap        ] GC(377) ParOldGen: 7986942K(7987200K)->7986942K(7987200K)
[180.406s][info][gc,metaspace   ] GC(377) Metaspace: 6303K(6528K)->6303K(6528K) NonClass: 5769K(5888K)->5769K(5888K) Class: 533K(640K)->533K(640K)
[180.406s][info][gc             ] GC(377) Pause Full (Ergonomics) 7940M->7940M(8095M) 2419.621ms
[180.406s][info][gc,cpu         ] GC(377) User=18.27s Sys=0.02s Real=2.42s
[180.406s][info][gc,start       ] GC(378) Pause Full (Ergonomics)
[180.406s][info][gc,phases,start] GC(378) Marking Phase
[182.243s][info][gc,phases      ] GC(378) Marking Phase 1837.274ms
[182.243s][info][gc,phases,start] GC(378) Summary Phase
[182.243s][info][gc,phases      ] GC(378) Summary Phase 0.078ms
[182.243s][info][gc,phases,start] GC(378) Adjust Roots
[182.244s][info][gc,phases      ] GC(378) Adjust Roots 0.165ms
[182.244s][info][gc,phases,start] GC(378) Compaction Phase
[182.795s][info][gc,phases      ] GC(378) Compaction Phase 550.987ms
[182.795s][info][gc,phases,start] GC(378) Post Compact
[182.806s][info][gc,phases      ] GC(378) Post Compact 11.765ms
[182.806s][info][gc,heap        ] GC(378) PSYoungGen: 144353K(302592K)->144353K(302592K) Eden: 132607K(132608K)->132607K(132608K) From: 11745K(169984K)->11745K(169984K)
[182.806s][info][gc,heap        ] GC(378) ParOldGen: 7986947K(7987200K)->7986947K(7987200K)
[182.806s][info][gc,metaspace   ] GC(378) Metaspace: 6303K(6528K)->6303K(6528K) NonClass: 5769K(5888K)->5769K(5888K) Class: 533K(640K)->533K(640K)
[182.806s][info][gc             ] GC(378) Pause Full (Ergonomics) 7940M->7940M(8095M) 2400.588ms
[182.806s][info][gc,cpu         ] GC(378) User=18.20s Sys=0.00s Real=2.40s
[182.807s][info][gc,start       ] GC(379) Pause Full (Ergonomics)
[182.807s][info][gc,phases,start] GC(379) Marking Phase
[184.686s][info][gc,phases      ] GC(379) Marking Phase 1879.596ms
[184.686s][info][gc,phases,start] GC(379) Summary Phase
[184.686s][info][gc,phases      ] GC(379) Summary Phase 0.084ms
[184.686s][info][gc,phases,start] GC(379) Adjust Roots
[184.687s][info][gc,phases      ] GC(379) Adjust Roots 0.197ms
[184.687s][info][gc,phases,start] GC(379) Compaction Phase
[185.307s][info][gc,phases      ] GC(379) Compaction Phase 620.234ms
[185.307s][info][gc,phases,start] GC(379) Post Compact
[185.320s][info][gc,phases      ] GC(379) Post Compact 13.062ms
[185.320s][info][gc,heap        ] GC(379) PSYoungGen: 144353K(302592K)->144353K(302592K) Eden: 132607K(132608K)->132607K(132608K) From: 11745K(169984K)->11745K(169984K)
[185.320s][info][gc,heap        ] GC(379) ParOldGen: 7986952K(7987200K)->7986952K(7987200K)
[185.320s][info][gc,metaspace   ] GC(379) Metaspace: 6303K(6528K)->6303K(6528K) NonClass: 5769K(5888K)->5769K(5888K) Class: 533K(640K)->533K(640K)
[185.320s][info][gc             ] GC(379) Pause Full (Ergonomics) 7940M->7940M(8095M) 2513.589ms
[185.320s][info][gc,cpu         ] GC(379) User=17.92s Sys=0.06s Real=2.51s
[185.320s][info][gc,start       ] GC(380) Pause Full (Ergonomics)
[185.320s][info][gc,phases,start] GC(380) Marking Phase
[187.262s][info][gc,phases      ] GC(380) Marking Phase 1941.249ms
[187.262s][info][gc,phases,start] GC(380) Summary Phase
[187.262s][info][gc,phases      ] GC(380) Summary Phase 0.173ms
[187.262s][info][gc,phases,start] GC(380) Adjust Roots
[187.262s][info][gc,phases      ] GC(380) Adjust Roots 0.287ms
[187.262s][info][gc,phases,start] GC(380) Compaction Phase
[187.843s][info][gc,phases      ] GC(380) Compaction Phase 580.724ms
[187.843s][info][gc,phases,start] GC(380) Post Compact
[187.857s][info][gc,phases      ] GC(380) Post Compact 14.332ms
[187.858s][info][gc,heap        ] GC(380) PSYoungGen: 144353K(302592K)->144353K(302592K) Eden: 132607K(132608K)->132607K(132608K) From: 11745K(169984K)->11745K(169984K)
[187.858s][info][gc,heap        ] GC(380) ParOldGen: 7986957K(7987200K)->7986957K(7987200K)
[187.858s][info][gc,metaspace   ] GC(380) Metaspace: 6303K(6528K)->6303K(6528K) NonClass: 5769K(5888K)->5769K(5888K) Class: 533K(640K)->533K(640K)
[187.858s][info][gc             ] GC(380) Pause Full (Ergonomics) 7940M->7940M(8095M) 2537.238ms
[187.858s][info][gc,cpu         ] GC(380) User=18.00s Sys=0.02s Real=2.54s
[187.858s][info][gc,start       ] GC(381) Pause Full (Ergonomics)
[187.858s][info][gc,phases,start] GC(381) Marking Phase
[189.815s][info][gc,phases      ] GC(381) Marking Phase 1957.167ms
[189.815s][info][gc,phases,start] GC(381) Summary Phase
[189.815s][info][gc,phases      ] GC(381) Summary Phase 0.122ms
[189.815s][info][gc,phases,start] GC(381) Adjust Roots
[189.816s][info][gc,phases      ] GC(381) Adjust Roots 0.258ms
[189.816s][info][gc,phases,start] GC(381) Compaction Phase
[190.342s][info][gc,phases      ] GC(381) Compaction Phase 526.412ms
[190.342s][info][gc,phases,start] GC(381) Post Compact
[190.354s][info][gc,phases      ] GC(381) Post Compact 11.935ms
[190.354s][info][gc,heap        ] GC(381) PSYoungGen: 144353K(302592K)->144353K(302592K) Eden: 132607K(132608K)->132607K(132608K) From: 11745K(169984K)->11745K(169984K)
[190.354s][info][gc,heap        ] GC(381) ParOldGen: 7986962K(7987200K)->7986962K(7987200K)
[190.354s][info][gc,metaspace   ] GC(381) Metaspace: 6303K(6528K)->6303K(6528K) NonClass: 5769K(5888K)->5769K(5888K) Class: 533K(640K)->533K(640K)
[190.354s][info][gc             ] GC(381) Pause Full (Ergonomics) 7940M->7940M(8095M) 2496.259ms
[190.354s][info][gc,cpu         ] GC(381) User=18.22s Sys=0.00s Real=2.50s
[190.354s][info][gc,start       ] GC(382) Pause Full (Ergonomics)
[190.354s][info][gc,phases,start] GC(382) Marking Phase
[192.229s][info][gc,phases      ] GC(382) Marking Phase 1874.339ms
[192.229s][info][gc,phases,start] GC(382) Summary Phase
[192.229s][info][gc,phases      ] GC(382) Summary Phase 0.078ms
[192.229s][info][gc,phases,start] GC(382) Adjust Roots
[192.229s][info][gc,phases      ] GC(382) Adjust Roots 0.168ms
[192.229s][info][gc,phases,start] GC(382) Compaction Phase
[192.767s][info][gc,phases      ] GC(382) Compaction Phase 537.969ms
[192.767s][info][gc,phases,start] GC(382) Post Compact
[192.780s][info][gc,phases      ] GC(382) Post Compact 13.141ms
[192.780s][info][gc,heap        ] GC(382) PSYoungGen: 144353K(302592K)->144353K(302592K) Eden: 132607K(132608K)->132607K(132608K) From: 11745K(169984K)->11745K(169984K)
[192.780s][info][gc,heap        ] GC(382) ParOldGen: 7986967K(7987200K)->7986967K(7987200K)
[192.780s][info][gc,metaspace   ] GC(382) Metaspace: 6303K(6528K)->6303K(6528K) NonClass: 5769K(5888K)->5769K(5888K) Class: 533K(640K)->533K(640K)
[192.780s][info][gc             ] GC(382) Pause Full (Ergonomics) 7940M->7940M(8095M) 2426.049ms
[192.780s][info][gc,cpu         ] GC(382) User=18.33s Sys=0.00s Real=2.43s
[192.781s][info][gc,start       ] GC(383) Pause Full (Ergonomics)
[192.781s][info][gc,phases,start] GC(383) Marking Phase
[194.640s][info][gc,phases      ] GC(383) Marking Phase 1858.981ms
[194.640s][info][gc,phases,start] GC(383) Summary Phase
[194.640s][info][gc,phases      ] GC(383) Summary Phase 0.079ms
[194.640s][info][gc,phases,start] GC(383) Adjust Roots
[194.640s][info][gc,phases      ] GC(383) Adjust Roots 0.192ms
[194.640s][info][gc,phases,start] GC(383) Compaction Phase
[195.184s][info][gc,phases      ] GC(383) Compaction Phase 543.822ms
[195.184s][info][gc,phases,start] GC(383) Post Compact
[195.196s][info][gc,phases      ] GC(383) Post Compact 11.995ms
[195.196s][info][gc,heap        ] GC(383) PSYoungGen: 144353K(302592K)->144353K(302592K) Eden: 132607K(132608K)->132607K(132608K) From: 11745K(169984K)->11745K(169984K)
[195.196s][info][gc,heap        ] GC(383) ParOldGen: 7986971K(7987200K)->7986971K(7987200K)
[195.196s][info][gc,metaspace   ] GC(383) Metaspace: 6303K(6528K)->6303K(6528K) NonClass: 5769K(5888K)->5769K(5888K) Class: 533K(640K)->533K(640K)
[195.196s][info][gc             ] GC(383) Pause Full (Ergonomics) 7940M->7940M(8095M) 2415.394ms
[195.196s][info][gc,cpu         ] GC(383) User=18.23s Sys=0.00s Real=2.41s
[195.196s][info][gc,start       ] GC(384) Pause Full (Ergonomics)
[195.196s][info][gc,phases,start] GC(384) Marking Phase
[197.037s][info][gc,phases      ] GC(384) Marking Phase 1841.233ms
[197.038s][info][gc,phases,start] GC(384) Summary Phase
[197.038s][info][gc,phases      ] GC(384) Summary Phase 0.079ms
[197.038s][info][gc,phases,start] GC(384) Adjust Roots
[197.038s][info][gc,phases      ] GC(384) Adjust Roots 0.184ms
[197.038s][info][gc,phases,start] GC(384) Compaction Phase
[197.575s][info][gc,phases      ] GC(384) Compaction Phase 536.699ms
[197.575s][info][gc,phases,start] GC(384) Post Compact
[197.587s][info][gc,phases      ] GC(384) Post Compact 11.914ms
[197.587s][info][gc,heap        ] GC(384) PSYoungGen: 144353K(302592K)->144353K(302592K) Eden: 132607K(132608K)->132607K(132608K) From: 11745K(169984K)->11745K(169984K)
[197.587s][info][gc,heap        ] GC(384) ParOldGen: 7986976K(7987200K)->7986976K(7987200K)
[197.587s][info][gc,metaspace   ] GC(384) Metaspace: 6303K(6528K)->6303K(6528K) NonClass: 5769K(5888K)->5769K(5888K) Class: 533K(640K)->533K(640K)
[197.587s][info][gc             ] GC(384) Pause Full (Ergonomics) 7940M->7940M(8095M) 2390.436ms
[197.587s][info][gc,cpu         ] GC(384) User=18.00s Sys=0.00s Real=2.39s
[197.587s][info][gc,start       ] GC(385) Pause Full (Ergonomics)
[197.587s][info][gc,phases,start] GC(385) Marking Phase
[199.440s][info][gc,phases      ] GC(385) Marking Phase 1853.325ms
[199.440s][info][gc,phases,start] GC(385) Summary Phase
[199.440s][info][gc,phases      ] GC(385) Summary Phase 0.082ms
[199.440s][info][gc,phases,start] GC(385) Adjust Roots
[199.441s][info][gc,phases      ] GC(385) Adjust Roots 0.170ms
[199.441s][info][gc,phases,start] GC(385) Compaction Phase
[199.985s][info][gc,phases      ] GC(385) Compaction Phase 544.476ms
[199.985s][info][gc,phases,start] GC(385) Post Compact
[199.997s][info][gc,phases      ] GC(385) Post Compact 11.999ms
[199.997s][info][gc,heap        ] GC(385) PSYoungGen: 144353K(302592K)->144353K(302592K) Eden: 132607K(132608K)->132607K(132608K) From: 11745K(169984K)->11745K(169984K)
[199.997s][info][gc,heap        ] GC(385) ParOldGen: 7986981K(7987200K)->7986981K(7987200K)
[199.997s][info][gc,metaspace   ] GC(385) Metaspace: 6303K(6528K)->6303K(6528K) NonClass: 5769K(5888K)->5769K(5888K) Class: 533K(640K)->533K(640K)
[199.997s][info][gc             ] GC(385) Pause Full (Ergonomics) 7940M->7940M(8095M) 2410.405ms
[199.997s][info][gc,cpu         ] GC(385) User=18.09s Sys=0.00s Real=2.41s
[199.997s][info][gc,start       ] GC(386) Pause Full (Ergonomics)
[199.997s][info][gc,phases,start] GC(386) Marking Phase
[201.841s][info][gc,phases      ] GC(386) Marking Phase 1843.722ms
[201.841s][info][gc,phases,start] GC(386) Summary Phase
[201.841s][info][gc,phases      ] GC(386) Summary Phase 0.104ms
[201.841s][info][gc,phases,start] GC(386) Adjust Roots
[201.842s][info][gc,phases      ] GC(386) Adjust Roots 0.227ms
[201.842s][info][gc,phases,start] GC(386) Compaction Phase
[202.383s][info][gc,phases      ] GC(386) Compaction Phase 541.692ms
[202.383s][info][gc,phases,start] GC(386) Post Compact
[202.396s][info][gc,phases      ] GC(386) Post Compact 12.156ms
[202.396s][info][gc,heap        ] GC(386) PSYoungGen: 144353K(302592K)->144353K(302592K) Eden: 132607K(132608K)->132607K(132608K) From: 11745K(169984K)->11745K(169984K)
[202.396s][info][gc,heap        ] GC(386) ParOldGen: 7986986K(7987200K)->7986986K(7987200K)
[202.396s][info][gc,metaspace   ] GC(386) Metaspace: 6303K(6528K)->6303K(6528K) NonClass: 5769K(5888K)->5769K(5888K) Class: 533K(640K)->533K(640K)
[202.396s][info][gc             ] GC(386) Pause Full (Ergonomics) 7940M->7940M(8095M) 2398.244ms
[202.396s][info][gc,cpu         ] GC(386) User=18.02s Sys=0.00s Real=2.40s
[202.396s][info][gc,start       ] GC(387) Pause Full (Ergonomics)
[202.396s][info][gc,phases,start] GC(387) Marking Phase
[204.282s][info][gc,phases      ] GC(387) Marking Phase 1886.005ms
[204.282s][info][gc,phases,start] GC(387) Summary Phase
[204.282s][info][gc,phases      ] GC(387) Summary Phase 0.088ms
[204.282s][info][gc,phases,start] GC(387) Adjust Roots
[204.282s][info][gc,phases      ] GC(387) Adjust Roots 0.225ms
[204.282s][info][gc,phases,start] GC(387) Compaction Phase
[204.812s][info][gc,phases      ] GC(387) Compaction Phase 530.050ms
[204.813s][info][gc,phases,start] GC(387) Post Compact
[204.825s][info][gc,phases      ] GC(387) Post Compact 12.047ms
[204.825s][info][gc,heap        ] GC(387) PSYoungGen: 144353K(302592K)->144353K(302592K) Eden: 132607K(132608K)->132607K(132608K) From: 11745K(169984K)->11745K(169984K)
[204.825s][info][gc,heap        ] GC(387) ParOldGen: 7986991K(7987200K)->7986991K(7987200K)
[204.825s][info][gc,metaspace   ] GC(387) Metaspace: 6303K(6528K)->6303K(6528K) NonClass: 5769K(5888K)->5769K(5888K) Class: 533K(640K)->533K(640K)
[204.825s][info][gc             ] GC(387) Pause Full (Ergonomics) 7940M->7940M(8095M) 2428.759ms
[204.825s][info][gc,cpu         ] GC(387) User=18.42s Sys=0.00s Real=2.43s
[204.825s][info][gc,start       ] GC(388) Pause Full (Ergonomics)
[204.825s][info][gc,phases,start] GC(388) Marking Phase
[206.702s][info][gc,phases      ] GC(388) Marking Phase 1876.598ms
[206.702s][info][gc,phases,start] GC(388) Summary Phase
[206.702s][info][gc,phases      ] GC(388) Summary Phase 0.078ms
[206.702s][info][gc,phases,start] GC(388) Adjust Roots
[206.702s][info][gc,phases      ] GC(388) Adjust Roots 0.170ms
[206.702s][info][gc,phases,start] GC(388) Compaction Phase
[207.235s][info][gc,phases      ] GC(388) Compaction Phase 533.389ms
[207.235s][info][gc,phases,start] GC(388) Post Compact
[207.248s][info][gc,phases      ] GC(388) Post Compact 12.159ms
[207.248s][info][gc,heap        ] GC(388) PSYoungGen: 144353K(302592K)->144353K(302592K) Eden: 132607K(132608K)->132607K(132608K) From: 11745K(169984K)->11745K(169984K)
[207.248s][info][gc,heap        ] GC(388) ParOldGen: 7986996K(7987200K)->7986996K(7987200K)
[207.248s][info][gc,metaspace   ] GC(388) Metaspace: 6303K(6528K)->6303K(6528K) NonClass: 5769K(5888K)->5769K(5888K) Class: 533K(640K)->533K(640K)
[207.248s][info][gc             ] GC(388) Pause Full (Ergonomics) 7940M->7940M(8095M) 2422.716ms
[207.248s][info][gc,cpu         ] GC(388) User=18.52s Sys=0.03s Real=2.42s
[207.248s][info][gc,start       ] GC(389) Pause Full (Ergonomics)
[207.248s][info][gc,phases,start] GC(389) Marking Phase
[209.093s][info][gc,phases      ] GC(389) Marking Phase 1844.722ms
[209.093s][info][gc,phases,start] GC(389) Summary Phase
[209.093s][info][gc,phases      ] GC(389) Summary Phase 0.090ms
[209.093s][info][gc,phases,start] GC(389) Adjust Roots
[209.093s][info][gc,phases      ] GC(389) Adjust Roots 0.182ms
[209.093s][info][gc,phases,start] GC(389) Compaction Phase
[209.629s][info][gc,phases      ] GC(389) Compaction Phase 536.458ms
[209.629s][info][gc,phases,start] GC(389) Post Compact
[209.642s][info][gc,phases      ] GC(389) Post Compact 12.016ms
[209.642s][info][gc,heap        ] GC(389) PSYoungGen: 144353K(302592K)->144353K(302592K) Eden: 132607K(132608K)->132607K(132608K) From: 11745K(169984K)->11745K(169984K)
[209.642s][info][gc,heap        ] GC(389) ParOldGen: 7987000K(7987200K)->7987000K(7987200K)
[209.642s][info][gc,metaspace   ] GC(389) Metaspace: 6303K(6528K)->6303K(6528K) NonClass: 5769K(5888K)->5769K(5888K) Class: 533K(640K)->533K(640K)
[209.642s][info][gc             ] GC(389) Pause Full (Ergonomics) 7940M->7940M(8095M) 2393.829ms
[209.642s][info][gc,cpu         ] GC(389) User=18.22s Sys=0.02s Real=2.39s
[209.642s][info][gc,start       ] GC(390) Pause Full (Ergonomics)
[209.642s][info][gc,phases,start] GC(390) Marking Phase
[211.505s][info][gc,phases      ] GC(390) Marking Phase 1863.506ms
[211.506s][info][gc,phases,start] GC(390) Summary Phase
[211.506s][info][gc,phases      ] GC(390) Summary Phase 0.115ms
[211.506s][info][gc,phases,start] GC(390) Adjust Roots
[211.506s][info][gc,phases      ] GC(390) Adjust Roots 0.238ms
[211.506s][info][gc,phases,start] GC(390) Compaction Phase
[212.046s][info][gc,phases      ] GC(390) Compaction Phase 540.028ms
[212.046s][info][gc,phases,start] GC(390) Post Compact
[212.058s][info][gc,phases      ] GC(390) Post Compact 12.034ms
[212.058s][info][gc,heap        ] GC(390) PSYoungGen: 144353K(302592K)->144353K(302592K) Eden: 132607K(132608K)->132607K(132608K) From: 11745K(169984K)->11745K(169984K)
[212.058s][info][gc,heap        ] GC(390) ParOldGen: 7987005K(7987200K)->7987005K(7987200K)
[212.058s][info][gc,metaspace   ] GC(390) Metaspace: 6303K(6528K)->6303K(6528K) NonClass: 5769K(5888K)->5769K(5888K) Class: 533K(640K)->533K(640K)
[212.058s][info][gc             ] GC(390) Pause Full (Ergonomics) 7940M->7940M(8095M) 2416.304ms
[212.058s][info][gc,cpu         ] GC(390) User=18.33s Sys=0.00s Real=2.42s
[212.058s][info][gc,start       ] GC(391) Pause Full (Ergonomics)
[212.058s][info][gc,phases,start] GC(391) Marking Phase
[213.900s][info][gc,phases      ] GC(391) Marking Phase 1841.943ms
[213.900s][info][gc,phases,start] GC(391) Summary Phase
[213.900s][info][gc,phases      ] GC(391) Summary Phase 0.079ms
[213.901s][info][gc,phases,start] GC(391) Adjust Roots
[213.901s][info][gc,phases      ] GC(391) Adjust Roots 0.169ms
[213.901s][info][gc,phases,start] GC(391) Compaction Phase
[214.455s][info][gc,phases      ] GC(391) Compaction Phase 554.144ms
[214.455s][info][gc,phases,start] GC(391) Post Compact
[214.467s][info][gc,phases      ] GC(391) Post Compact 12.014ms
[214.467s][info][gc,heap        ] GC(391) PSYoungGen: 144353K(302592K)->144353K(302592K) Eden: 132607K(132608K)->132607K(132608K) From: 11745K(169984K)->11745K(169984K)
[214.467s][info][gc,heap        ] GC(391) ParOldGen: 7987010K(7987200K)->7987010K(7987200K)
[214.467s][info][gc,metaspace   ] GC(391) Metaspace: 6303K(6528K)->6303K(6528K) NonClass: 5769K(5888K)->5769K(5888K) Class: 533K(640K)->533K(640K)
[214.467s][info][gc             ] GC(391) Pause Full (Ergonomics) 7940M->7940M(8095M) 2408.666ms
[214.467s][info][gc,cpu         ] GC(391) User=18.23s Sys=0.02s Real=2.41s
[214.467s][info][gc,start       ] GC(392) Pause Full (Ergonomics)
[214.467s][info][gc,phases,start] GC(392) Marking Phase
[216.342s][info][gc,phases      ] GC(392) Marking Phase 1874.662ms
[216.342s][info][gc,phases,start] GC(392) Summary Phase
[216.342s][info][gc,phases      ] GC(392) Summary Phase 0.086ms
[216.342s][info][gc,phases,start] GC(392) Adjust Roots
[216.342s][info][gc,phases      ] GC(392) Adjust Roots 0.186ms
[216.342s][info][gc,phases,start] GC(392) Compaction Phase
[216.878s][info][gc,phases      ] GC(392) Compaction Phase 535.416ms
[216.878s][info][gc,phases,start] GC(392) Post Compact
[216.889s][info][gc,phases      ] GC(392) Post Compact 11.517ms
[216.889s][info][gc,heap        ] GC(392) PSYoungGen: 144353K(302592K)->144353K(302592K) Eden: 132607K(132608K)->132607K(132608K) From: 11745K(169984K)->11745K(169984K)
[216.889s][info][gc,heap        ] GC(392) ParOldGen: 7987015K(7987200K)->7987015K(7987200K)
[216.889s][info][gc,metaspace   ] GC(392) Metaspace: 6303K(6528K)->6303K(6528K) NonClass: 5769K(5888K)->5769K(5888K) Class: 533K(640K)->533K(640K)
[216.889s][info][gc             ] GC(392) Pause Full (Ergonomics) 7940M->7940M(8095M) 2422.217ms
[216.889s][info][gc,cpu         ] GC(392) User=18.44s Sys=0.00s Real=2.42s
[216.890s][info][gc,start       ] GC(393) Pause Full (Ergonomics)
[216.890s][info][gc,phases,start] GC(393) Marking Phase
[218.732s][info][gc,phases      ] GC(393) Marking Phase 1841.885ms
[218.732s][info][gc,phases,start] GC(393) Summary Phase
[218.732s][info][gc,phases      ] GC(393) Summary Phase 0.109ms
[218.732s][info][gc,phases,start] GC(393) Adjust Roots
[218.732s][info][gc,phases      ] GC(393) Adjust Roots 0.263ms
[218.732s][info][gc,phases,start] GC(393) Compaction Phase
[219.265s][info][gc,phases      ] GC(393) Compaction Phase 532.692ms
[219.265s][info][gc,phases,start] GC(393) Post Compact
[219.277s][info][gc,phases      ] GC(393) Post Compact 11.978ms
[219.277s][info][gc,heap        ] GC(393) PSYoungGen: 144353K(302592K)->144353K(302592K) Eden: 132607K(132608K)->132607K(132608K) From: 11745K(169984K)->11745K(169984K)
[219.277s][info][gc,heap        ] GC(393) ParOldGen: 7987020K(7987200K)->7987020K(7987200K)
[219.277s][info][gc,metaspace   ] GC(393) Metaspace: 6303K(6528K)->6303K(6528K) NonClass: 5769K(5888K)->5769K(5888K) Class: 533K(640K)->533K(640K)
[219.277s][info][gc             ] GC(393) Pause Full (Ergonomics) 7940M->7940M(8095M) 2387.306ms
[219.277s][info][gc,cpu         ] GC(393) User=18.11s Sys=0.00s Real=2.39s
[219.277s][info][gc,start       ] GC(394) Pause Full (Ergonomics)
[219.277s][info][gc,phases,start] GC(394) Marking Phase
[221.132s][info][gc,phases      ] GC(394) Marking Phase 1855.231ms
[221.133s][info][gc,phases,start] GC(394) Summary Phase
[221.133s][info][gc,phases      ] GC(394) Summary Phase 0.106ms
[221.133s][info][gc,phases,start] GC(394) Adjust Roots
[221.133s][info][gc,phases      ] GC(394) Adjust Roots 0.170ms
[221.133s][info][gc,phases,start] GC(394) Compaction Phase
[221.680s][info][gc,phases      ] GC(394) Compaction Phase 547.214ms
[221.680s][info][gc,phases,start] GC(394) Post Compact
[221.692s][info][gc,phases      ] GC(394) Post Compact 12.031ms
[221.692s][info][gc,heap        ] GC(394) PSYoungGen: 144353K(302592K)->144353K(302592K) Eden: 132607K(132608K)->132607K(132608K) From: 11745K(169984K)->11745K(169984K)
[221.692s][info][gc,heap        ] GC(394) ParOldGen: 7987025K(7987200K)->7987025K(7987200K)
[221.692s][info][gc,metaspace   ] GC(394) Metaspace: 6303K(6528K)->6303K(6528K) NonClass: 5769K(5888K)->5769K(5888K) Class: 533K(640K)->533K(640K)
[221.692s][info][gc             ] GC(394) Pause Full (Ergonomics) 7940M->7940M(8095M) 2415.077ms
[221.692s][info][gc,cpu         ] GC(394) User=18.28s Sys=0.02s Real=2.42s
[221.692s][info][gc,start       ] GC(395) Pause Full (Ergonomics)
[221.693s][info][gc,phases,start] GC(395) Marking Phase
[223.544s][info][gc,phases      ] GC(395) Marking Phase 1851.728ms
[223.544s][info][gc,phases,start] GC(395) Summary Phase
[223.544s][info][gc,phases      ] GC(395) Summary Phase 0.081ms
[223.544s][info][gc,phases,start] GC(395) Adjust Roots
[223.545s][info][gc,phases      ] GC(395) Adjust Roots 0.216ms
[223.545s][info][gc,phases,start] GC(395) Compaction Phase
[224.078s][info][gc,phases      ] GC(395) Compaction Phase 533.181ms
[224.078s][info][gc,phases,start] GC(395) Post Compact
[224.091s][info][gc,phases      ] GC(395) Post Compact 12.638ms
[224.091s][info][gc,heap        ] GC(395) PSYoungGen: 144353K(302592K)->144353K(302592K) Eden: 132607K(132608K)->132607K(132608K) From: 11745K(169984K)->11745K(169984K)
[224.091s][info][gc,heap        ] GC(395) ParOldGen: 7987029K(7987200K)->7987029K(7987200K)
[224.091s][info][gc,metaspace   ] GC(395) Metaspace: 6303K(6528K)->6303K(6528K) NonClass: 5769K(5888K)->5769K(5888K) Class: 533K(640K)->533K(640K)
[224.091s][info][gc             ] GC(395) Pause Full (Ergonomics) 7940M->7940M(8095M) 2398.209ms
[224.091s][info][gc,cpu         ] GC(395) User=18.34s Sys=0.00s Real=2.40s
[224.091s][info][gc,start       ] GC(396) Pause Full (Ergonomics)
[224.091s][info][gc,phases,start] GC(396) Marking Phase
[225.965s][info][gc,phases      ] GC(396) Marking Phase 1873.806ms
[225.965s][info][gc,phases,start] GC(396) Summary Phase
[225.965s][info][gc,phases      ] GC(396) Summary Phase 0.079ms
[225.965s][info][gc,phases,start] GC(396) Adjust Roots
[225.965s][info][gc,phases      ] GC(396) Adjust Roots 0.164ms
[225.965s][info][gc,phases,start] GC(396) Compaction Phase
[226.505s][info][gc,phases      ] GC(396) Compaction Phase 540.203ms
[226.505s][info][gc,phases,start] GC(396) Post Compact
[226.517s][info][gc,phases      ] GC(396) Post Compact 12.014ms
[226.518s][info][gc,heap        ] GC(396) PSYoungGen: 144353K(302592K)->144353K(302592K) Eden: 132607K(132608K)->132607K(132608K) From: 11745K(169984K)->11745K(169984K)
[226.518s][info][gc,heap        ] GC(396) ParOldGen: 7987034K(7987200K)->7987034K(7987200K)
[226.518s][info][gc,metaspace   ] GC(396) Metaspace: 6303K(6528K)->6303K(6528K) NonClass: 5769K(5888K)->5769K(5888K) Class: 533K(640K)->533K(640K)
[226.518s][info][gc             ] GC(396) Pause Full (Ergonomics) 7940M->7940M(8095M) 2426.650ms
[226.518s][info][gc,cpu         ] GC(396) User=18.45s Sys=0.00s Real=2.43s
[226.518s][info][gc,start       ] GC(397) Pause Full (Ergonomics)
[226.518s][info][gc,phases,start] GC(397) Marking Phase
[228.403s][info][gc,phases      ] GC(397) Marking Phase 1884.966ms
[228.403s][info][gc,phases,start] GC(397) Summary Phase
[228.403s][info][gc,phases      ] GC(397) Summary Phase 0.079ms
[228.403s][info][gc,phases,start] GC(397) Adjust Roots
[228.403s][info][gc,phases      ] GC(397) Adjust Roots 0.175ms
[228.403s][info][gc,phases,start] GC(397) Compaction Phase
[228.940s][info][gc,phases      ] GC(397) Compaction Phase 536.867ms
[228.940s][info][gc,phases,start] GC(397) Post Compact
[228.952s][info][gc,phases      ] GC(397) Post Compact 11.986ms
[228.952s][info][gc,heap        ] GC(397) PSYoungGen: 144353K(302592K)->144353K(302592K) Eden: 132607K(132608K)->132607K(132608K) From: 11745K(169984K)->11745K(169984K)
[228.952s][info][gc,heap        ] GC(397) ParOldGen: 7987039K(7987200K)->7987039K(7987200K)
[228.952s][info][gc,metaspace   ] GC(397) Metaspace: 6303K(6528K)->6303K(6528K) NonClass: 5769K(5888K)->5769K(5888K) Class: 533K(640K)->533K(640K)
[228.952s][info][gc             ] GC(397) Pause Full (Ergonomics) 7940M->7940M(8095M) 2434.392ms
[228.952s][info][gc,cpu         ] GC(397) User=18.56s Sys=0.00s Real=2.43s
[228.952s][info][gc,start       ] GC(398) Pause Full (Ergonomics)
[228.952s][info][gc,phases,start] GC(398) Marking Phase
[230.819s][info][gc,phases      ] GC(398) Marking Phase 1866.259ms
[230.819s][info][gc,phases,start] GC(398) Summary Phase
[230.819s][info][gc,phases      ] GC(398) Summary Phase 0.123ms
[230.819s][info][gc,phases,start] GC(398) Adjust Roots
[230.819s][info][gc,phases      ] GC(398) Adjust Roots 0.200ms
[230.819s][info][gc,phases,start] GC(398) Compaction Phase
[231.358s][info][gc,phases      ] GC(398) Compaction Phase 539.274ms
[231.358s][info][gc,phases,start] GC(398) Post Compact
[231.370s][info][gc,phases      ] GC(398) Post Compact 12.008ms
[231.371s][info][gc,heap        ] GC(398) PSYoungGen: 144353K(302592K)->144353K(302592K) Eden: 132607K(132608K)->132607K(132608K) From: 11745K(169984K)->11745K(169984K)
[231.371s][info][gc,heap        ] GC(398) ParOldGen: 7987044K(7987200K)->7987044K(7987200K)
[231.371s][info][gc,metaspace   ] GC(398) Metaspace: 6303K(6528K)->6303K(6528K) NonClass: 5769K(5888K)->5769K(5888K) Class: 533K(640K)->533K(640K)
[231.371s][info][gc             ] GC(398) Pause Full (Ergonomics) 7940M->7940M(8095M) 2418.225ms
[231.371s][info][gc,cpu         ] GC(398) User=18.47s Sys=0.00s Real=2.42s
[231.371s][info][gc,start       ] GC(399) Pause Full (Ergonomics)
[231.371s][info][gc,phases,start] GC(399) Marking Phase
[233.252s][info][gc,phases      ] GC(399) Marking Phase 1881.327ms
[233.252s][info][gc,phases,start] GC(399) Summary Phase
[233.252s][info][gc,phases      ] GC(399) Summary Phase 0.082ms
[233.252s][info][gc,phases,start] GC(399) Adjust Roots
[233.253s][info][gc,phases      ] GC(399) Adjust Roots 0.188ms
[233.253s][info][gc,phases,start] GC(399) Compaction Phase
[233.798s][info][gc,phases      ] GC(399) Compaction Phase 545.263ms
[233.798s][info][gc,phases,start] GC(399) Post Compact
[233.810s][info][gc,phases      ] GC(399) Post Compact 12.357ms
[233.810s][info][gc,heap        ] GC(399) PSYoungGen: 144353K(302592K)->144353K(302592K) Eden: 132607K(132608K)->132607K(132608K) From: 11745K(169984K)->11745K(169984K)
[233.810s][info][gc,heap        ] GC(399) ParOldGen: 7987049K(7987200K)->7987049K(7987200K)
[233.810s][info][gc,metaspace   ] GC(399) Metaspace: 6303K(6528K)->6303K(6528K) NonClass: 5769K(5888K)->5769K(5888K) Class: 533K(640K)->533K(640K)
[233.810s][info][gc             ] GC(399) Pause Full (Ergonomics) 7940M->7940M(8095M) 2439.564ms
[233.810s][info][gc,cpu         ] GC(399) User=18.39s Sys=0.02s Real=2.44s
[233.811s][info][gc,start       ] GC(400) Pause Full (Ergonomics)
[233.811s][info][gc,phases,start] GC(400) Marking Phase
[235.669s][info][gc,phases      ] GC(400) Marking Phase 1858.538ms
[235.669s][info][gc,phases,start] GC(400) Summary Phase
[235.669s][info][gc,phases      ] GC(400) Summary Phase 0.081ms
[235.669s][info][gc,phases,start] GC(400) Adjust Roots
[235.670s][info][gc,phases      ] GC(400) Adjust Roots 0.187ms
[235.670s][info][gc,phases,start] GC(400) Compaction Phase
[236.205s][info][gc,phases      ] GC(400) Compaction Phase 535.408ms
[236.205s][info][gc,phases,start] GC(400) Post Compact
[236.217s][info][gc,phases      ] GC(400) Post Compact 12.051ms
[236.217s][info][gc,heap        ] GC(400) PSYoungGen: 144353K(302592K)->144353K(302592K) Eden: 132607K(132608K)->132607K(132608K) From: 11745K(169984K)->11745K(169984K)
[236.217s][info][gc,heap        ] GC(400) ParOldGen: 7987054K(7987200K)->7987054K(7987200K)
[236.217s][info][gc,metaspace   ] GC(400) Metaspace: 6303K(6528K)->6303K(6528K) NonClass: 5769K(5888K)->5769K(5888K) Class: 533K(640K)->533K(640K)
[236.217s][info][gc             ] GC(400) Pause Full (Ergonomics) 7940M->7940M(8095M) 2406.581ms
[236.217s][info][gc,cpu         ] GC(400) User=18.27s Sys=0.00s Real=2.41s
[236.217s][info][gc,start       ] GC(401) Pause Full (Ergonomics)
[236.217s][info][gc,phases,start] GC(401) Marking Phase
[238.113s][info][gc,phases      ] GC(401) Marking Phase 1895.189ms
[238.113s][info][gc,phases,start] GC(401) Summary Phase
[238.113s][info][gc,phases      ] GC(401) Summary Phase 0.078ms
[238.113s][info][gc,phases,start] GC(401) Adjust Roots
[238.113s][info][gc,phases      ] GC(401) Adjust Roots 0.174ms
[238.113s][info][gc,phases,start] GC(401) Compaction Phase
[238.652s][info][gc,phases      ] GC(401) Compaction Phase 538.975ms
[238.652s][info][gc,phases,start] GC(401) Post Compact
[238.664s][info][gc,phases      ] GC(401) Post Compact 11.991ms
[238.664s][info][gc,heap        ] GC(401) PSYoungGen: 144353K(302592K)->144353K(302592K) Eden: 132607K(132608K)->132607K(132608K) From: 11745K(169984K)->11745K(169984K)
[238.664s][info][gc,heap        ] GC(401) ParOldGen: 7987058K(7987200K)->7987058K(7987200K)
[238.664s][info][gc,metaspace   ] GC(401) Metaspace: 6303K(6528K)->6303K(6528K) NonClass: 5769K(5888K)->5769K(5888K) Class: 533K(640K)->533K(640K)
[238.664s][info][gc             ] GC(401) Pause Full (Ergonomics) 7940M->7940M(8095M) 2446.746ms
[238.664s][info][gc,cpu         ] GC(401) User=18.58s Sys=0.00s Real=2.45s
[238.664s][info][gc,start       ] GC(402) Pause Full (Ergonomics)
[238.664s][info][gc,phases,start] GC(402) Marking Phase
[240.549s][info][gc,phases      ] GC(402) Marking Phase 1884.763ms
[240.549s][info][gc,phases,start] GC(402) Summary Phase
[240.549s][info][gc,phases      ] GC(402) Summary Phase 0.081ms
[240.549s][info][gc,phases,start] GC(402) Adjust Roots
[240.549s][info][gc,phases      ] GC(402) Adjust Roots 0.172ms
[240.550s][info][gc,phases,start] GC(402) Compaction Phase
[241.088s][info][gc,phases      ] GC(402) Compaction Phase 538.791ms
[241.088s][info][gc,phases,start] GC(402) Post Compact
[241.101s][info][gc,phases      ] GC(402) Post Compact 12.121ms
[241.101s][info][gc,heap        ] GC(402) PSYoungGen: 144353K(302592K)->144353K(302592K) Eden: 132607K(132608K)->132607K(132608K) From: 11745K(169984K)->11745K(169984K)
[241.101s][info][gc,heap        ] GC(402) ParOldGen: 7987063K(7987200K)->7987063K(7987200K)
[241.101s][info][gc,metaspace   ] GC(402) Metaspace: 6303K(6528K)->6303K(6528K) NonClass: 5769K(5888K)->5769K(5888K) Class: 533K(640K)->533K(640K)
[241.101s][info][gc             ] GC(402) Pause Full (Ergonomics) 7940M->7940M(8095M) 2436.291ms
[241.101s][info][gc,cpu         ] GC(402) User=18.41s Sys=0.00s Real=2.44s
[241.101s][info][gc,start       ] GC(403) Pause Full (Ergonomics)
[241.101s][info][gc,phases,start] GC(403) Marking Phase
[242.970s][info][gc,phases      ] GC(403) Marking Phase 1869.452ms
[242.970s][info][gc,phases,start] GC(403) Summary Phase
[242.970s][info][gc,phases      ] GC(403) Summary Phase 0.079ms
[242.971s][info][gc,phases,start] GC(403) Adjust Roots
[242.971s][info][gc,phases      ] GC(403) Adjust Roots 0.166ms
[242.971s][info][gc,phases,start] GC(403) Compaction Phase
[243.513s][info][gc,phases      ] GC(403) Compaction Phase 542.276ms
[243.513s][info][gc,phases,start] GC(403) Post Compact
[243.525s][info][gc,phases      ] GC(403) Post Compact 12.214ms
[243.525s][info][gc,heap        ] GC(403) PSYoungGen: 144353K(302592K)->144353K(302592K) Eden: 132607K(132608K)->132607K(132608K) From: 11745K(169984K)->11745K(169984K)
[243.525s][info][gc,heap        ] GC(403) ParOldGen: 7987068K(7987200K)->7987068K(7987200K)
[243.525s][info][gc,metaspace   ] GC(403) Metaspace: 6303K(6528K)->6303K(6528K) NonClass: 5769K(5888K)->5769K(5888K) Class: 533K(640K)->533K(640K)
[243.525s][info][gc             ] GC(403) Pause Full (Ergonomics) 7940M->7940M(8095M) 2424.560ms
[243.525s][info][gc,cpu         ] GC(403) User=18.28s Sys=0.00s Real=2.42s
[243.526s][info][gc,start       ] GC(404) Pause Full (Ergonomics)
[243.526s][info][gc,phases,start] GC(404) Marking Phase
[245.393s][info][gc,phases      ] GC(404) Marking Phase 1867.202ms
[245.393s][info][gc,phases,start] GC(404) Summary Phase
[245.393s][info][gc,phases      ] GC(404) Summary Phase 0.080ms
[245.393s][info][gc,phases,start] GC(404) Adjust Roots
[245.393s][info][gc,phases      ] GC(404) Adjust Roots 0.196ms
[245.393s][info][gc,phases,start] GC(404) Compaction Phase
[245.934s][info][gc,phases      ] GC(404) Compaction Phase 540.236ms
[245.934s][info][gc,phases,start] GC(404) Post Compact
[245.946s][info][gc,phases      ] GC(404) Post Compact 12.043ms
[245.946s][info][gc,heap        ] GC(404) PSYoungGen: 144353K(302592K)->144353K(302592K) Eden: 132607K(132608K)->132607K(132608K) From: 11745K(169984K)->11745K(169984K)
[245.946s][info][gc,heap        ] GC(404) ParOldGen: 7987073K(7987200K)->7987073K(7987200K)
[245.946s][info][gc,metaspace   ] GC(404) Metaspace: 6303K(6528K)->6303K(6528K) NonClass: 5769K(5888K)->5769K(5888K) Class: 533K(640K)->533K(640K)
[245.946s][info][gc             ] GC(404) Pause Full (Ergonomics) 7940M->7940M(8095M) 2420.103ms
[245.946s][info][gc,cpu         ] GC(404) User=18.44s Sys=0.02s Real=2.42s
[245.946s][info][gc,start       ] GC(405) Pause Full (Ergonomics)
[245.946s][info][gc,phases,start] GC(405) Marking Phase
[247.838s][info][gc,phases      ] GC(405) Marking Phase 1892.275ms
[247.838s][info][gc,phases,start] GC(405) Summary Phase
[247.838s][info][gc,phases      ] GC(405) Summary Phase 0.080ms
[247.838s][info][gc,phases,start] GC(405) Adjust Roots
[247.839s][info][gc,phases      ] GC(405) Adjust Roots 0.172ms
[247.839s][info][gc,phases,start] GC(405) Compaction Phase
[248.378s][info][gc,phases      ] GC(405) Compaction Phase 539.505ms
[248.378s][info][gc,phases,start] GC(405) Post Compact
[248.390s][info][gc,phases      ] GC(405) Post Compact 11.968ms
[248.390s][info][gc,heap        ] GC(405) PSYoungGen: 144353K(302592K)->144353K(302592K) Eden: 132607K(132608K)->132607K(132608K) From: 11745K(169984K)->11745K(169984K)
[248.390s][info][gc,heap        ] GC(405) ParOldGen: 7987078K(7987200K)->7987078K(7987200K)
[248.390s][info][gc,metaspace   ] GC(405) Metaspace: 6303K(6528K)->6303K(6528K) NonClass: 5769K(5888K)->5769K(5888K) Class: 533K(640K)->533K(640K)
[248.390s][info][gc             ] GC(405) Pause Full (Ergonomics) 7940M->7940M(8095M) 2444.331ms
[248.390s][info][gc,cpu         ] GC(405) User=18.70s Sys=0.00s Real=2.44s
[248.391s][info][gc,start       ] GC(406) Pause Full (Ergonomics)
[248.391s][info][gc,phases,start] GC(406) Marking Phase
[250.291s][info][gc,phases      ] GC(406) Marking Phase 1900.844ms
[250.291s][info][gc,phases,start] GC(406) Summary Phase
[250.292s][info][gc,phases      ] GC(406) Summary Phase 0.084ms
[250.292s][info][gc,phases,start] GC(406) Adjust Roots
[250.292s][info][gc,phases      ] GC(406) Adjust Roots 0.218ms
[250.292s][info][gc,phases,start] GC(406) Compaction Phase
[250.829s][info][gc,phases      ] GC(406) Compaction Phase 537.039ms
[250.829s][info][gc,phases,start] GC(406) Post Compact
[250.841s][info][gc,phases      ] GC(406) Post Compact 11.893ms
[250.841s][info][gc,heap        ] GC(406) PSYoungGen: 144353K(302592K)->144353K(302592K) Eden: 132607K(132608K)->132607K(132608K) From: 11745K(169984K)->11745K(169984K)
[250.841s][info][gc,heap        ] GC(406) ParOldGen: 7987083K(7987200K)->7987083K(7987200K)
[250.841s][info][gc,metaspace   ] GC(406) Metaspace: 6303K(6528K)->6303K(6528K) NonClass: 5769K(5888K)->5769K(5888K) Class: 533K(640K)->533K(640K)
[250.841s][info][gc             ] GC(406) Pause Full (Ergonomics) 7940M->7940M(8095M) 2450.430ms
[250.841s][info][gc,cpu         ] GC(406) User=18.70s Sys=0.00s Real=2.45s
[250.841s][info][gc,start       ] GC(407) Pause Full (Ergonomics)
[250.841s][info][gc,phases,start] GC(407) Marking Phase
[252.711s][info][gc,phases      ] GC(407) Marking Phase 1869.808ms
[252.711s][info][gc,phases,start] GC(407) Summary Phase
[252.711s][info][gc,phases      ] GC(407) Summary Phase 0.085ms
[252.711s][info][gc,phases,start] GC(407) Adjust Roots
[252.711s][info][gc,phases      ] GC(407) Adjust Roots 0.191ms
[252.711s][info][gc,phases,start] GC(407) Compaction Phase
[253.254s][info][gc,phases      ] GC(407) Compaction Phase 542.659ms
[253.254s][info][gc,phases,start] GC(407) Post Compact
[253.266s][info][gc,phases      ] GC(407) Post Compact 12.039ms
[253.266s][info][gc,heap        ] GC(407) PSYoungGen: 144353K(302592K)->144353K(302592K) Eden: 132607K(132608K)->132607K(132608K) From: 11745K(169984K)->11745K(169984K)
[253.266s][info][gc,heap        ] GC(407) ParOldGen: 7987087K(7987200K)->7987087K(7987200K)
[253.266s][info][gc,metaspace   ] GC(407) Metaspace: 6303K(6528K)->6303K(6528K) NonClass: 5769K(5888K)->5769K(5888K) Class: 533K(640K)->533K(640K)
[253.266s][info][gc             ] GC(407) Pause Full (Ergonomics) 7940M->7940M(8095M) 2425.116ms
[253.266s][info][gc,cpu         ] GC(407) User=18.42s Sys=0.00s Real=2.42s
[253.267s][info][gc,start       ] GC(408) Pause Full (Ergonomics)
[253.267s][info][gc,phases,start] GC(408) Marking Phase
[255.133s][info][gc,phases      ] GC(408) Marking Phase 1866.164ms
[255.133s][info][gc,phases,start] GC(408) Summary Phase
[255.133s][info][gc,phases      ] GC(408) Summary Phase 0.079ms
[255.133s][info][gc,phases,start] GC(408) Adjust Roots
[255.133s][info][gc,phases      ] GC(408) Adjust Roots 0.168ms
[255.133s][info][gc,phases,start] GC(408) Compaction Phase
[255.675s][info][gc,phases      ] GC(408) Compaction Phase 541.572ms
[255.675s][info][gc,phases,start] GC(408) Post Compact
[255.687s][info][gc,phases      ] GC(408) Post Compact 12.089ms
[255.687s][info][gc,heap        ] GC(408) PSYoungGen: 144353K(302592K)->144353K(302592K) Eden: 132607K(132608K)->132607K(132608K) From: 11745K(169984K)->11745K(169984K)
[255.687s][info][gc,heap        ] GC(408) ParOldGen: 7987092K(7987200K)->7987092K(7987200K)
[255.687s][info][gc,metaspace   ] GC(408) Metaspace: 6303K(6528K)->6303K(6528K) NonClass: 5769K(5888K)->5769K(5888K) Class: 533K(640K)->533K(640K)
[255.687s][info][gc             ] GC(408) Pause Full (Ergonomics) 7940M->7940M(8095M) 2420.410ms
[255.687s][info][gc,cpu         ] GC(408) User=18.44s Sys=0.02s Real=2.42s
[255.687s][info][gc,start       ] GC(409) Pause Full (Ergonomics)
[255.687s][info][gc,phases,start] GC(409) Marking Phase
[257.563s][info][gc,phases      ] GC(409) Marking Phase 1875.419ms
[257.563s][info][gc,phases,start] GC(409) Summary Phase
[257.563s][info][gc,phases      ] GC(409) Summary Phase 0.086ms
[257.563s][info][gc,phases,start] GC(409) Adjust Roots
[257.563s][info][gc,phases      ] GC(409) Adjust Roots 0.172ms
[257.563s][info][gc,phases,start] GC(409) Compaction Phase
[258.092s][info][gc,phases      ] GC(409) Compaction Phase 528.874ms
[258.092s][info][gc,phases,start] GC(409) Post Compact
[258.104s][info][gc,phases      ] GC(409) Post Compact 12.166ms
[258.104s][info][gc,heap        ] GC(409) PSYoungGen: 144353K(302592K)->144353K(302592K) Eden: 132607K(132608K)->132607K(132608K) From: 11745K(169984K)->11745K(169984K)
[258.104s][info][gc,heap        ] GC(409) ParOldGen: 7987097K(7987200K)->7987097K(7987200K)
[258.104s][info][gc,metaspace   ] GC(409) Metaspace: 6303K(6528K)->6303K(6528K) NonClass: 5769K(5888K)->5769K(5888K) Class: 533K(640K)->533K(640K)
[258.104s][info][gc             ] GC(409) Pause Full (Ergonomics) 7940M->7940M(8095M) 2417.051ms
[258.104s][info][gc,cpu         ] GC(409) User=18.44s Sys=0.00s Real=2.42s
[258.104s][info][gc,start       ] GC(410) Pause Full (Ergonomics)
[258.104s][info][gc,phases,start] GC(410) Marking Phase
[259.973s][info][gc,phases      ] GC(410) Marking Phase 1868.650ms
[259.973s][info][gc,phases,start] GC(410) Summary Phase
[259.973s][info][gc,phases      ] GC(410) Summary Phase 0.084ms
[259.973s][info][gc,phases,start] GC(410) Adjust Roots
[259.973s][info][gc,phases      ] GC(410) Adjust Roots 0.177ms
[259.973s][info][gc,phases,start] GC(410) Compaction Phase
[260.521s][info][gc,phases      ] GC(410) Compaction Phase 547.908ms
[260.521s][info][gc,phases,start] GC(410) Post Compact
[260.533s][info][gc,phases      ] GC(410) Post Compact 12.027ms
[260.534s][info][gc,heap        ] GC(410) PSYoungGen: 144353K(302592K)->144353K(302592K) Eden: 132607K(132608K)->132607K(132608K) From: 11745K(169984K)->11745K(169984K)
[260.534s][info][gc,heap        ] GC(410) ParOldGen: 7987102K(7987200K)->7987102K(7987200K)
[260.534s][info][gc,metaspace   ] GC(410) Metaspace: 6303K(6528K)->6303K(6528K) NonClass: 5769K(5888K)->5769K(5888K) Class: 533K(640K)->533K(640K)
[260.534s][info][gc             ] GC(410) Pause Full (Ergonomics) 7940M->7940M(8095M) 2429.178ms
[260.534s][info][gc,cpu         ] GC(410) User=18.14s Sys=0.02s Real=2.43s
[260.534s][info][gc,start       ] GC(411) Pause Full (Ergonomics)
[260.534s][info][gc,phases,start] GC(411) Marking Phase
[262.422s][info][gc,phases      ] GC(411) Marking Phase 1887.690ms
[262.422s][info][gc,phases,start] GC(411) Summary Phase
[262.422s][info][gc,phases      ] GC(411) Summary Phase 0.090ms
[262.422s][info][gc,phases,start] GC(411) Adjust Roots
[262.422s][info][gc,phases      ] GC(411) Adjust Roots 0.196ms
[262.422s][info][gc,phases,start] GC(411) Compaction Phase
[262.949s][info][gc,phases      ] GC(411) Compaction Phase 527.113ms
[262.949s][info][gc,phases,start] GC(411) Post Compact
[262.961s][info][gc,phases      ] GC(411) Post Compact 11.896ms
[262.961s][info][gc,heap        ] GC(411) PSYoungGen: 144353K(302592K)->144353K(302592K) Eden: 132607K(132608K)->132607K(132608K) From: 11745K(169984K)->11745K(169984K)
[262.961s][info][gc,heap        ] GC(411) ParOldGen: 7987107K(7987200K)->7987107K(7987200K)
[262.961s][info][gc,metaspace   ] GC(411) Metaspace: 6303K(6528K)->6303K(6528K) NonClass: 5769K(5888K)->5769K(5888K) Class: 533K(640K)->533K(640K)
[262.961s][info][gc             ] GC(411) Pause Full (Ergonomics) 7940M->7940M(8095M) 2427.339ms
[262.961s][info][gc,cpu         ] GC(411) User=18.56s Sys=0.00s Real=2.43s
[262.961s][info][gc,start       ] GC(412) Pause Full (Ergonomics)
[262.961s][info][gc,phases,start] GC(412) Marking Phase
[264.821s][info][gc,phases      ] GC(412) Marking Phase 1860.033ms
[264.821s][info][gc,phases,start] GC(412) Summary Phase
[264.822s][info][gc,phases      ] GC(412) Summary Phase 0.080ms
[264.822s][info][gc,phases,start] GC(412) Adjust Roots
[264.822s][info][gc,phases      ] GC(412) Adjust Roots 0.168ms
[264.822s][info][gc,phases,start] GC(412) Compaction Phase
[265.368s][info][gc,phases      ] GC(412) Compaction Phase 546.143ms
[265.368s][info][gc,phases,start] GC(412) Post Compact
[265.380s][info][gc,phases      ] GC(412) Post Compact 12.059ms
[265.380s][info][gc,heap        ] GC(412) PSYoungGen: 144353K(302592K)->144353K(302592K) Eden: 132607K(132608K)->132607K(132608K) From: 11745K(169984K)->11745K(169984K)
[265.380s][info][gc,heap        ] GC(412) ParOldGen: 7987112K(7987200K)->7987112K(7987200K)
[265.380s][info][gc,metaspace   ] GC(412) Metaspace: 6303K(6528K)->6303K(6528K) NonClass: 5769K(5888K)->5769K(5888K) Class: 533K(640K)->533K(640K)
[265.380s][info][gc             ] GC(412) Pause Full (Ergonomics) 7940M->7940M(8095M) 2418.822ms
[265.380s][info][gc,cpu         ] GC(412) User=18.38s Sys=0.00s Real=2.42s
[265.380s][info][gc,start       ] GC(413) Pause Full (Ergonomics)
[265.380s][info][gc,phases,start] GC(413) Marking Phase
[267.238s][info][gc,phases      ] GC(413) Marking Phase 1857.641ms
[267.238s][info][gc,phases,start] GC(413) Summary Phase
[267.238s][info][gc,phases      ] GC(413) Summary Phase 0.083ms
[267.238s][info][gc,phases,start] GC(413) Adjust Roots
[267.238s][info][gc,phases      ] GC(413) Adjust Roots 0.212ms
[267.238s][info][gc,phases,start] GC(413) Compaction Phase
[267.787s][info][gc,phases      ] GC(413) Compaction Phase 548.799ms
[267.787s][info][gc,phases,start] GC(413) Post Compact
[267.799s][info][gc,phases      ] GC(413) Post Compact 12.072ms
[267.799s][info][gc,heap        ] GC(413) PSYoungGen: 144353K(302592K)->144353K(302592K) Eden: 132607K(132608K)->132607K(132608K) From: 11745K(169984K)->11745K(169984K)
[267.799s][info][gc,heap        ] GC(413) ParOldGen: 7987116K(7987200K)->7987116K(7987200K)
[267.799s][info][gc,metaspace   ] GC(413) Metaspace: 6303K(6528K)->6303K(6528K) NonClass: 5769K(5888K)->5769K(5888K) Class: 533K(640K)->533K(640K)
[267.799s][info][gc             ] GC(413) Pause Full (Ergonomics) 7940M->7940M(8095M) 2419.140ms
[267.800s][info][gc,cpu         ] GC(413) User=18.17s Sys=0.00s Real=2.42s
[267.800s][info][gc,start       ] GC(414) Pause Full (Ergonomics)
[267.800s][info][gc,phases,start] GC(414) Marking Phase
[269.680s][info][gc,phases      ] GC(414) Marking Phase 1880.668ms
[269.680s][info][gc,phases,start] GC(414) Summary Phase
[269.681s][info][gc,phases      ] GC(414) Summary Phase 0.079ms
[269.681s][info][gc,phases,start] GC(414) Adjust Roots
[269.681s][info][gc,phases      ] GC(414) Adjust Roots 0.169ms
[269.681s][info][gc,phases,start] GC(414) Compaction Phase
[270.212s][info][gc,phases      ] GC(414) Compaction Phase 530.938ms
[270.212s][info][gc,phases,start] GC(414) Post Compact
[270.224s][info][gc,phases      ] GC(414) Post Compact 11.937ms
[270.224s][info][gc,heap        ] GC(414) PSYoungGen: 144353K(302592K)->144353K(302592K) Eden: 132607K(132608K)->132607K(132608K) From: 11745K(169984K)->11745K(169984K)
[270.224s][info][gc,heap        ] GC(414) ParOldGen: 7987121K(7987200K)->7987121K(7987200K)
[270.224s][info][gc,metaspace   ] GC(414) Metaspace: 6303K(6528K)->6303K(6528K) NonClass: 5769K(5888K)->5769K(5888K) Class: 533K(640K)->533K(640K)
[270.224s][info][gc             ] GC(414) Pause Full (Ergonomics) 7940M->7940M(8095M) 2424.104ms
[270.224s][info][gc,cpu         ] GC(414) User=18.47s Sys=0.02s Real=2.42s
[270.224s][info][gc,start       ] GC(415) Pause Full (Ergonomics)
[270.224s][info][gc,phases,start] GC(415) Marking Phase
[272.088s][info][gc,phases      ] GC(415) Marking Phase 1864.270ms
[272.088s][info][gc,phases,start] GC(415) Summary Phase
[272.089s][info][gc,phases      ] GC(415) Summary Phase 0.080ms
[272.089s][info][gc,phases,start] GC(415) Adjust Roots
[272.089s][info][gc,phases      ] GC(415) Adjust Roots 0.174ms
[272.089s][info][gc,phases,start] GC(415) Compaction Phase
[272.631s][info][gc,phases      ] GC(415) Compaction Phase 542.116ms
[272.631s][info][gc,phases,start] GC(415) Post Compact
[272.643s][info][gc,phases      ] GC(415) Post Compact 12.305ms
[272.643s][info][gc,heap        ] GC(415) PSYoungGen: 144353K(302592K)->144353K(302592K) Eden: 132607K(132608K)->132607K(132608K) From: 11745K(169984K)->11745K(169984K)
[272.643s][info][gc,heap        ] GC(415) ParOldGen: 7987126K(7987200K)->7987126K(7987200K)
[272.643s][info][gc,metaspace   ] GC(415) Metaspace: 6303K(6528K)->6303K(6528K) NonClass: 5769K(5888K)->5769K(5888K) Class: 533K(640K)->533K(640K)
[272.643s][info][gc             ] GC(415) Pause Full (Ergonomics) 7940M->7940M(8095M) 2419.349ms
[272.643s][info][gc,cpu         ] GC(415) User=18.31s Sys=0.00s Real=2.42s
[272.644s][info][gc,start       ] GC(416) Pause Full (Ergonomics)
[272.644s][info][gc,phases,start] GC(416) Marking Phase
[274.480s][info][gc,phases      ] GC(416) Marking Phase 1836.784ms
[274.480s][info][gc,phases,start] GC(416) Summary Phase
[274.481s][info][gc,phases      ] GC(416) Summary Phase 0.082ms
[274.481s][info][gc,phases,start] GC(416) Adjust Roots
[274.481s][info][gc,phases      ] GC(416) Adjust Roots 0.215ms
[274.481s][info][gc,phases,start] GC(416) Compaction Phase
[275.017s][info][gc,phases      ] GC(416) Compaction Phase 536.375ms
[275.017s][info][gc,phases,start] GC(416) Post Compact
[275.029s][info][gc,phases      ] GC(416) Post Compact 11.809ms
[275.029s][info][gc,heap        ] GC(416) PSYoungGen: 144353K(302592K)->144353K(302592K) Eden: 132607K(132608K)->132607K(132608K) From: 11745K(169984K)->11745K(169984K)
[275.029s][info][gc,heap        ] GC(416) ParOldGen: 7987131K(7987200K)->7987131K(7987200K)
[275.029s][info][gc,metaspace   ] GC(416) Metaspace: 6303K(6528K)->6303K(6528K) NonClass: 5769K(5888K)->5769K(5888K) Class: 533K(640K)->533K(640K)
[275.029s][info][gc             ] GC(416) Pause Full (Ergonomics) 7940M->7940M(8095M) 2385.603ms
[275.029s][info][gc,cpu         ] GC(416) User=18.17s Sys=0.00s Real=2.38s
[275.029s][info][gc,start       ] GC(417) Pause Full (Ergonomics)
[275.029s][info][gc,phases,start] GC(417) Marking Phase
[276.883s][info][gc,phases      ] GC(417) Marking Phase 1853.667ms
[276.883s][info][gc,phases,start] GC(417) Summary Phase
[276.883s][info][gc,phases      ] GC(417) Summary Phase 0.080ms
[276.883s][info][gc,phases,start] GC(417) Adjust Roots
[276.883s][info][gc,phases      ] GC(417) Adjust Roots 0.169ms
[276.883s][info][gc,phases,start] GC(417) Compaction Phase
[277.422s][info][gc,phases      ] GC(417) Compaction Phase 538.360ms
[277.422s][info][gc,phases,start] GC(417) Post Compact
[277.434s][info][gc,phases      ] GC(417) Post Compact 11.968ms
[277.434s][info][gc,heap        ] GC(417) PSYoungGen: 144353K(302592K)->144353K(302592K) Eden: 132607K(132608K)->132607K(132608K) From: 11745K(169984K)->11745K(169984K)
[277.434s][info][gc,heap        ] GC(417) ParOldGen: 7987136K(7987200K)->7987136K(7987200K)
[277.434s][info][gc,metaspace   ] GC(417) Metaspace: 6303K(6528K)->6303K(6528K) NonClass: 5769K(5888K)->5769K(5888K) Class: 533K(640K)->533K(640K)
[277.434s][info][gc             ] GC(417) Pause Full (Ergonomics) 7940M->7940M(8095M) 2404.599ms
[277.434s][info][gc,cpu         ] GC(417) User=18.36s Sys=0.00s Real=2.40s
[277.434s][info][gc,start       ] GC(418) Pause Full (Ergonomics)
[277.434s][info][gc,phases,start] GC(418) Marking Phase
[279.294s][info][gc,phases      ] GC(418) Marking Phase 1859.564ms
[279.294s][info][gc,phases,start] GC(418) Summary Phase
[279.294s][info][gc,phases      ] GC(418) Summary Phase 0.113ms
[279.294s][info][gc,phases,start] GC(418) Adjust Roots
[279.294s][info][gc,phases      ] GC(418) Adjust Roots 0.192ms
[279.294s][info][gc,phases,start] GC(418) Compaction Phase
[279.826s][info][gc,phases      ] GC(418) Compaction Phase 531.675ms
[279.826s][info][gc,phases,start] GC(418) Post Compact
[279.838s][info][gc,phases      ] GC(418) Post Compact 12.380ms
[279.839s][info][gc,heap        ] GC(418) PSYoungGen: 144353K(302592K)->144353K(302592K) Eden: 132607K(132608K)->132607K(132608K) From: 11745K(169984K)->11745K(169984K)
[279.839s][info][gc,heap        ] GC(418) ParOldGen: 7987141K(7987200K)->7987141K(7987200K)
[279.839s][info][gc,metaspace   ] GC(418) Metaspace: 6303K(6528K)->6303K(6528K) NonClass: 5769K(5888K)->5769K(5888K) Class: 533K(640K)->533K(640K)
[279.839s][info][gc             ] GC(418) Pause Full (Ergonomics) 7940M->7940M(8095M) 2404.286ms
[279.839s][info][gc,cpu         ] GC(418) User=18.23s Sys=0.00s Real=2.40s
[279.839s][info][gc,start       ] GC(419) Pause Full (Ergonomics)
[279.839s][info][gc,phases,start] GC(419) Marking Phase
[281.705s][info][gc,phases      ] GC(419) Marking Phase 1866.479ms
[281.705s][info][gc,phases,start] GC(419) Summary Phase
[281.705s][info][gc,phases      ] GC(419) Summary Phase 0.080ms
[281.706s][info][gc,phases,start] GC(419) Adjust Roots
[281.706s][info][gc,phases      ] GC(419) Adjust Roots 0.191ms
[281.706s][info][gc,phases,start] GC(419) Compaction Phase
[282.245s][info][gc,phases      ] GC(419) Compaction Phase 539.291ms
[282.245s][info][gc,phases,start] GC(419) Post Compact
[282.257s][info][gc,phases      ] GC(419) Post Compact 11.998ms
[282.257s][info][gc,heap        ] GC(419) PSYoungGen: 144353K(302592K)->144353K(302592K) Eden: 132607K(132608K)->132607K(132608K) From: 11745K(169984K)->11745K(169984K)
[282.257s][info][gc,heap        ] GC(419) ParOldGen: 7987145K(7987200K)->7987145K(7987200K)
[282.257s][info][gc,metaspace   ] GC(419) Metaspace: 6303K(6528K)->6303K(6528K) NonClass: 5769K(5888K)->5769K(5888K) Class: 533K(640K)->533K(640K)
[282.257s][info][gc             ] GC(419) Pause Full (Ergonomics) 7940M->7940M(8095M) 2418.378ms
[282.257s][info][gc,cpu         ] GC(419) User=18.27s Sys=0.02s Real=2.42s
[282.257s][info][gc,start       ] GC(420) Pause Full (Ergonomics)
[282.257s][info][gc,phases,start] GC(420) Marking Phase
[284.122s][info][gc,phases      ] GC(420) Marking Phase 1864.859ms
[284.122s][info][gc,phases,start] GC(420) Summary Phase
[284.122s][info][gc,phases      ] GC(420) Summary Phase 0.078ms
[284.122s][info][gc,phases,start] GC(420) Adjust Roots
[284.123s][info][gc,phases      ] GC(420) Adjust Roots 0.168ms
[284.123s][info][gc,phases,start] GC(420) Compaction Phase
[284.676s][info][gc,phases      ] GC(420) Compaction Phase 553.490ms
[284.676s][info][gc,phases,start] GC(420) Post Compact
[284.688s][info][gc,phases      ] GC(420) Post Compact 12.027ms
[284.688s][info][gc,heap        ] GC(420) PSYoungGen: 144353K(302592K)->144353K(302592K) Eden: 132607K(132608K)->132607K(132608K) From: 11745K(169984K)->11745K(169984K)
[284.688s][info][gc,heap        ] GC(420) ParOldGen: 7987150K(7987200K)->7987150K(7987200K)
[284.688s][info][gc,metaspace   ] GC(420) Metaspace: 6303K(6528K)->6303K(6528K) NonClass: 5769K(5888K)->5769K(5888K) Class: 533K(640K)->533K(640K)
[284.688s][info][gc             ] GC(420) Pause Full (Ergonomics) 7940M->7940M(8095M) 2430.967ms
[284.688s][info][gc,cpu         ] GC(420) User=18.48s Sys=0.02s Real=2.43s
[284.689s][info][gc,start       ] GC(421) Pause Full (Ergonomics)
[284.689s][info][gc,phases,start] GC(421) Marking Phase
[286.560s][info][gc,phases      ] GC(421) Marking Phase 1871.669ms
[286.560s][info][gc,phases,start] GC(421) Summary Phase
[286.560s][info][gc,phases      ] GC(421) Summary Phase 0.078ms
[286.560s][info][gc,phases,start] GC(421) Adjust Roots
[286.561s][info][gc,phases      ] GC(421) Adjust Roots 0.170ms
[286.561s][info][gc,phases,start] GC(421) Compaction Phase
[287.108s][info][gc,phases      ] GC(421) Compaction Phase 547.399ms
[287.108s][info][gc,phases,start] GC(421) Post Compact
[287.120s][info][gc,phases      ] GC(421) Post Compact 12.021ms
[287.120s][info][gc,heap        ] GC(421) PSYoungGen: 144353K(302592K)->144353K(302592K) Eden: 132607K(132608K)->132607K(132608K) From: 11745K(169984K)->11745K(169984K)
[287.120s][info][gc,heap        ] GC(421) ParOldGen: 7987155K(7987200K)->7987155K(7987200K)
[287.120s][info][gc,metaspace   ] GC(421) Metaspace: 6303K(6528K)->6303K(6528K) NonClass: 5769K(5888K)->5769K(5888K) Class: 533K(640K)->533K(640K)
[287.120s][info][gc             ] GC(421) Pause Full (Ergonomics) 7940M->7940M(8095M) 2431.676ms
[287.120s][info][gc,cpu         ] GC(421) User=18.39s Sys=0.02s Real=2.43s
[287.120s][info][gc,start       ] GC(422) Pause Full (Ergonomics)
[287.120s][info][gc,phases,start] GC(422) Marking Phase
[289.013s][info][gc,phases      ] GC(422) Marking Phase 1892.055ms
[289.013s][info][gc,phases,start] GC(422) Summary Phase
[289.013s][info][gc,phases      ] GC(422) Summary Phase 0.084ms
[289.013s][info][gc,phases,start] GC(422) Adjust Roots
[289.013s][info][gc,phases      ] GC(422) Adjust Roots 0.167ms
[289.013s][info][gc,phases,start] GC(422) Compaction Phase
[289.557s][info][gc,phases      ] GC(422) Compaction Phase 544.148ms
[289.557s][info][gc,phases,start] GC(422) Post Compact
[289.569s][info][gc,phases      ] GC(422) Post Compact 12.067ms
[289.569s][info][gc,heap        ] GC(422) PSYoungGen: 144353K(302592K)->144353K(302592K) Eden: 132607K(132608K)->132607K(132608K) From: 11745K(169984K)->11745K(169984K)
[289.569s][info][gc,heap        ] GC(422) ParOldGen: 7987160K(7987200K)->7987160K(7987200K)
[289.569s][info][gc,metaspace   ] GC(422) Metaspace: 6303K(6528K)->6303K(6528K) NonClass: 5769K(5888K)->5769K(5888K) Class: 533K(640K)->533K(640K)
[289.569s][info][gc             ] GC(422) Pause Full (Ergonomics) 7940M->7940M(8095M) 2448.852ms
[289.569s][info][gc,cpu         ] GC(422) User=18.56s Sys=0.00s Real=2.45s
[289.570s][info][gc,start       ] GC(423) Pause Full (Ergonomics)
[289.570s][info][gc,phases,start] GC(423) Marking Phase
[291.457s][info][gc,phases      ] GC(423) Marking Phase 1887.699ms
[291.457s][info][gc,phases,start] GC(423) Summary Phase
[291.457s][info][gc,phases      ] GC(423) Summary Phase 0.082ms
[291.457s][info][gc,phases,start] GC(423) Adjust Roots
[291.458s][info][gc,phases      ] GC(423) Adjust Roots 0.175ms
[291.458s][info][gc,phases,start] GC(423) Compaction Phase
[291.983s][info][gc,phases      ] GC(423) Compaction Phase 525.294ms
[291.983s][info][gc,phases,start] GC(423) Post Compact
[291.995s][info][gc,phases      ] GC(423) Post Compact 11.954ms
[291.995s][info][gc,heap        ] GC(423) PSYoungGen: 144353K(302592K)->144353K(302592K) Eden: 132607K(132608K)->132607K(132608K) From: 11745K(169984K)->11745K(169984K)
[291.995s][info][gc,heap        ] GC(423) ParOldGen: 7987165K(7987200K)->7987165K(7987200K)
[291.995s][info][gc,metaspace   ] GC(423) Metaspace: 6303K(6528K)->6303K(6528K) NonClass: 5769K(5888K)->5769K(5888K) Class: 533K(640K)->533K(640K)
[291.995s][info][gc             ] GC(423) Pause Full (Ergonomics) 7940M->7940M(8095M) 2425.532ms
[291.995s][info][gc,cpu         ] GC(423) User=18.34s Sys=0.00s Real=2.42s
[291.995s][info][gc,start       ] GC(424) Pause Full (Ergonomics)
[291.995s][info][gc,phases,start] GC(424) Marking Phase
[293.856s][info][gc,phases      ] GC(424) Marking Phase 1860.810ms
[293.856s][info][gc,phases,start] GC(424) Summary Phase
[293.856s][info][gc,phases      ] GC(424) Summary Phase 0.080ms
[293.856s][info][gc,phases,start] GC(424) Adjust Roots
[293.856s][info][gc,phases      ] GC(424) Adjust Roots 0.167ms
[293.856s][info][gc,phases,start] GC(424) Compaction Phase
[294.399s][info][gc,phases      ] GC(424) Compaction Phase 542.646ms
[294.399s][info][gc,phases,start] GC(424) Post Compact
[294.411s][info][gc,phases      ] GC(424) Post Compact 12.121ms
[294.411s][info][gc,heap        ] GC(424) PSYoungGen: 144353K(302592K)->144353K(302592K) Eden: 132607K(132608K)->132607K(132608K) From: 11745K(169984K)->11745K(169984K)
[294.411s][info][gc,heap        ] GC(424) ParOldGen: 7987170K(7987200K)->7987170K(7987200K)
[294.411s][info][gc,metaspace   ] GC(424) Metaspace: 6303K(6528K)->6303K(6528K) NonClass: 5769K(5888K)->5769K(5888K) Class: 533K(640K)->533K(640K)
[294.411s][info][gc             ] GC(424) Pause Full (Ergonomics) 7940M->7940M(8095M) 2416.181ms
[294.411s][info][gc,cpu         ] GC(424) User=18.42s Sys=0.00s Real=2.42s
[294.412s][info][gc,start       ] GC(425) Pause Full (Ergonomics)
[294.412s][info][gc,phases,start] GC(425) Marking Phase
[296.283s][info][gc,phases      ] GC(425) Marking Phase 1871.089ms
[296.283s][info][gc,phases,start] GC(425) Summary Phase
[296.283s][info][gc,phases      ] GC(425) Summary Phase 0.080ms
[296.283s][info][gc,phases,start] GC(425) Adjust Roots
[296.283s][info][gc,phases      ] GC(425) Adjust Roots 0.170ms
[296.283s][info][gc,phases,start] GC(425) Compaction Phase
[296.826s][info][gc,phases      ] GC(425) Compaction Phase 543.354ms
[296.827s][info][gc,phases,start] GC(425) Post Compact
[296.838s][info][gc,phases      ] GC(425) Post Compact 11.945ms
[296.839s][info][gc,heap        ] GC(425) PSYoungGen: 144353K(302592K)->144353K(302592K) Eden: 132607K(132608K)->132607K(132608K) From: 11745K(169984K)->11745K(169984K)
[296.839s][info][gc,heap        ] GC(425) ParOldGen: 7987174K(7987200K)->7987174K(7987200K)
[296.839s][info][gc,metaspace   ] GC(425) Metaspace: 6303K(6528K)->6303K(6528K) NonClass: 5769K(5888K)->5769K(5888K) Class: 533K(640K)->533K(640K)
[296.839s][info][gc             ] GC(425) Pause Full (Ergonomics) 7940M->7940M(8095M) 2427.045ms
[296.839s][info][gc,cpu         ] GC(425) User=18.41s Sys=0.00s Real=2.43s
[296.839s][info][gc,start       ] GC(426) Pause Full (Ergonomics)
[296.839s][info][gc,phases,start] GC(426) Marking Phase
[298.690s][info][gc,phases      ] GC(426) Marking Phase 1851.180ms
[298.690s][info][gc,phases,start] GC(426) Summary Phase
[298.690s][info][gc,phases      ] GC(426) Summary Phase 0.083ms
[298.690s][info][gc,phases,start] GC(426) Adjust Roots
[298.690s][info][gc,phases      ] GC(426) Adjust Roots 0.174ms
[298.690s][info][gc,phases,start] GC(426) Compaction Phase
[299.236s][info][gc,phases      ] GC(426) Compaction Phase 546.046ms
[299.237s][info][gc,phases,start] GC(426) Post Compact
[299.249s][info][gc,phases      ] GC(426) Post Compact 11.955ms
[299.249s][info][gc,heap        ] GC(426) PSYoungGen: 144353K(302592K)->144353K(302592K) Eden: 132607K(132608K)->132607K(132608K) From: 11745K(169984K)->11745K(169984K)
[299.249s][info][gc,heap        ] GC(426) ParOldGen: 7987179K(7987200K)->7987179K(7987200K)
[299.249s][info][gc,metaspace   ] GC(426) Metaspace: 6303K(6528K)->6303K(6528K) NonClass: 5769K(5888K)->5769K(5888K) Class: 533K(640K)->533K(640K)
[299.249s][info][gc             ] GC(426) Pause Full (Ergonomics) 7940M->7940M(8095M) 2409.767ms
[299.249s][info][gc,cpu         ] GC(426) User=18.19s Sys=0.02s Real=2.41s
[299.249s][info][gc,start       ] GC(427) Pause Full (Ergonomics)
[299.249s][info][gc,phases,start] GC(427) Marking Phase
[301.114s][info][gc,phases      ] GC(427) Marking Phase 1865.240ms
[301.114s][info][gc,phases,start] GC(427) Summary Phase
[301.114s][info][gc,phases      ] GC(427) Summary Phase 0.078ms
[301.114s][info][gc,phases,start] GC(427) Adjust Roots
[301.115s][info][gc,phases      ] GC(427) Adjust Roots 0.171ms
[301.115s][info][gc,phases,start] GC(427) Compaction Phase
[301.654s][info][gc,phases      ] GC(427) Compaction Phase 539.290ms
[301.654s][info][gc,phases,start] GC(427) Post Compact
[301.666s][info][gc,phases      ] GC(427) Post Compact 11.944ms
[301.666s][info][gc,heap        ] GC(427) PSYoungGen: 144353K(302592K)->144353K(302592K) Eden: 132607K(132608K)->132607K(132608K) From: 11745K(169984K)->11745K(169984K)
[301.666s][info][gc,heap        ] GC(427) ParOldGen: 7987184K(7987200K)->7987184K(7987200K)
[301.666s][info][gc,metaspace   ] GC(427) Metaspace: 6303K(6528K)->6303K(6528K) NonClass: 5769K(5888K)->5769K(5888K) Class: 533K(640K)->533K(640K)
[301.666s][info][gc             ] GC(427) Pause Full (Ergonomics) 7940M->7940M(8095M) 2417.092ms
[301.666s][info][gc,cpu         ] GC(427) User=18.34s Sys=0.00s Real=2.42s
[301.666s][info][gc,start       ] GC(428) Pause Full (Ergonomics)
[301.666s][info][gc,phases,start] GC(428) Marking Phase
[303.534s][info][gc,phases      ] GC(428) Marking Phase 1867.901ms
[303.534s][info][gc,phases,start] GC(428) Summary Phase
[303.534s][info][gc,phases      ] GC(428) Summary Phase 0.079ms
[303.534s][info][gc,phases,start] GC(428) Adjust Roots
[303.534s][info][gc,phases      ] GC(428) Adjust Roots 0.189ms
[303.535s][info][gc,phases,start] GC(428) Compaction Phase
[304.076s][info][gc,phases      ] GC(428) Compaction Phase 541.654ms
[304.076s][info][gc,phases,start] GC(428) Post Compact
[304.088s][info][gc,phases      ] GC(428) Post Compact 11.784ms
[304.088s][info][gc,heap        ] GC(428) PSYoungGen: 144353K(302592K)->144353K(302592K) Eden: 132607K(132608K)->132607K(132608K) From: 11745K(169984K)->11745K(169984K)
[304.088s][info][gc,heap        ] GC(428) ParOldGen: 7987189K(7987200K)->7987189K(7987200K)
[304.088s][info][gc,metaspace   ] GC(428) Metaspace: 6303K(6528K)->6303K(6528K) NonClass: 5769K(5888K)->5769K(5888K) Class: 533K(640K)->533K(640K)
[304.088s][info][gc             ] GC(428) Pause Full (Ergonomics) 7940M->7940M(8095M) 2421.951ms
[304.088s][info][gc,cpu         ] GC(428) User=18.34s Sys=0.00s Real=2.42s
[304.088s][info][gc,start       ] GC(429) Pause Full (Ergonomics)
[304.088s][info][gc,phases,start] GC(429) Marking Phase
[305.947s][info][gc,phases      ] GC(429) Marking Phase 1858.129ms
[305.947s][info][gc,phases,start] GC(429) Summary Phase
[305.947s][info][gc,phases      ] GC(429) Summary Phase 0.080ms
[305.947s][info][gc,phases,start] GC(429) Adjust Roots
[305.947s][info][gc,phases      ] GC(429) Adjust Roots 0.168ms
[305.947s][info][gc,phases,start] GC(429) Compaction Phase
[306.497s][info][gc,phases      ] GC(429) Compaction Phase 549.867ms
[306.497s][info][gc,phases,start] GC(429) Post Compact
[306.509s][info][gc,phases      ] GC(429) Post Compact 12.043ms
[306.509s][info][gc,heap        ] GC(429) PSYoungGen: 144353K(302592K)->144353K(302592K) Eden: 132607K(132608K)->132607K(132608K) From: 11745K(169984K)->11745K(169984K)
[306.509s][info][gc,heap        ] GC(429) ParOldGen: 7987194K(7987200K)->7987194K(7987200K)
[306.509s][info][gc,metaspace   ] GC(429) Metaspace: 6303K(6528K)->6303K(6528K) NonClass: 5769K(5888K)->5769K(5888K) Class: 533K(640K)->533K(640K)
[306.509s][info][gc             ] GC(429) Pause Full (Ergonomics) 7940M->7940M(8095M) 2420.616ms
[306.509s][info][gc,cpu         ] GC(429) User=18.28s Sys=0.00s Real=2.42s
[306.509s][info][gc,start       ] GC(430) Pause Full (Ergonomics)
[306.509s][info][gc,phases,start] GC(430) Marking Phase
[308.370s][info][gc,phases      ] GC(430) Marking Phase 1860.856ms
[308.370s][info][gc,phases,start] GC(430) Summary Phase
[308.370s][info][gc,phases      ] GC(430) Summary Phase 0.085ms
[308.370s][info][gc,phases,start] GC(430) Adjust Roots
[308.371s][info][gc,phases      ] GC(430) Adjust Roots 0.247ms
[308.371s][info][gc,phases,start] GC(430) Compaction Phase
[308.902s][info][gc,phases      ] GC(430) Compaction Phase 531.843ms
[308.903s][info][gc,phases,start] GC(430) Post Compact
[308.914s][info][gc,phases      ] GC(430) Post Compact 11.919ms
[308.915s][info][gc,heap        ] GC(430) PSYoungGen: 144353K(302592K)->144353K(302592K) Eden: 132607K(132608K)->132607K(132608K) From: 11745K(169984K)->11745K(169984K)
[308.915s][info][gc,heap        ] GC(430) ParOldGen: 7987199K(7987200K)->7987199K(7987200K)
[308.915s][info][gc,metaspace   ] GC(430) Metaspace: 6303K(6528K)->6303K(6528K) NonClass: 5769K(5888K)->5769K(5888K) Class: 533K(640K)->533K(640K)
[308.915s][info][gc             ] GC(430) Pause Full (Ergonomics) 7940M->7940M(8095M) 2405.280ms
[308.915s][info][gc,cpu         ] GC(430) User=18.38s Sys=0.00s Real=2.41s
[308.915s][info][gc,start       ] GC(431) Pause Full (Ergonomics)
[308.915s][info][gc,phases,start] GC(431) Marking Phase
[310.781s][info][gc,phases      ] GC(431) Marking Phase 1866.651ms
[310.782s][info][gc,phases,start] GC(431) Summary Phase
[310.782s][info][gc,phases      ] GC(431) Summary Phase 0.079ms
[310.782s][info][gc,phases,start] GC(431) Adjust Roots
[310.782s][info][gc,phases      ] GC(431) Adjust Roots 0.172ms
[310.782s][info][gc,phases,start] GC(431) Compaction Phase
[311.321s][info][gc,phases      ] GC(431) Compaction Phase 539.599ms
[311.321s][info][gc,phases,start] GC(431) Post Compact
[311.333s][info][gc,phases      ] GC(431) Post Compact 11.958ms
[311.334s][info][gc,heap        ] GC(431) PSYoungGen: 144353K(302592K)->144353K(302592K) Eden: 132607K(132608K)->132607K(132608K) From: 11745K(169984K)->11745K(169984K)
[311.334s][info][gc,heap        ] GC(431) ParOldGen: 7987199K(7987200K)->7987199K(7987200K)
[311.334s][info][gc,metaspace   ] GC(431) Metaspace: 6303K(6528K)->6303K(6528K) NonClass: 5769K(5888K)->5769K(5888K) Class: 533K(640K)->533K(640K)
[311.334s][info][gc             ] GC(431) Pause Full (Ergonomics) 7940M->7940M(8095M) 2418.796ms
[311.334s][info][gc,cpu         ] GC(431) User=18.39s Sys=0.02s Real=2.42s
[311.334s][info][gc,start       ] GC(432) Pause Full (Allocation Failure)
[311.334s][info][gc,phases,start] GC(432) Marking Phase
[313.204s][info][gc,phases      ] GC(432) Marking Phase 1870.330ms
[313.204s][info][gc,phases,start] GC(432) Summary Phase
[313.204s][info][gc,phases      ] GC(432) Summary Phase 0.080ms
[313.204s][info][gc,phases,start] GC(432) Adjust Roots
[313.205s][info][gc,phases      ] GC(432) Adjust Roots 0.391ms
[313.205s][info][gc,phases,start] GC(432) Compaction Phase
[315.263s][info][gc,phases      ] GC(432) Compaction Phase 2058.866ms
[315.263s][info][gc,phases,start] GC(432) Post Compact
[315.276s][info][gc,phases      ] GC(432) Post Compact 12.157ms
[315.276s][info][gc,heap        ] GC(432) PSYoungGen: 144353K(302592K)->144353K(302592K) Eden: 132607K(132608K)->132607K(132608K) From: 11745K(169984K)->11745K(169984K)
[315.276s][info][gc,heap        ] GC(432) ParOldGen: 7987199K(7987200K)->7987195K(7987200K)
[315.276s][info][gc,metaspace   ] GC(432) Metaspace: 6303K(6528K)->6301K(6528K) NonClass: 5769K(5888K)->5768K(5888K) Class: 533K(640K)->532K(640K)
[315.276s][info][gc             ] GC(432) Pause Full (Allocation Failure) 7940M->7940M(8095M) 3942.176ms
[315.276s][info][gc,cpu         ] GC(432) User=29.38s Sys=0.05s Real=3.94s
[315.276s][info][gc,start       ] GC(433) Pause Full (Ergonomics)
[315.276s][info][gc,phases,start] GC(433) Marking Phase
[317.119s][info][gc,phases      ] GC(433) Marking Phase 1842.828ms
[317.119s][info][gc,phases,start] GC(433) Summary Phase
[317.119s][info][gc,phases      ] GC(433) Summary Phase 0.080ms
[317.119s][info][gc,phases,start] GC(433) Adjust Roots
[317.119s][info][gc,phases      ] GC(433) Adjust Roots 0.169ms
[317.119s][info][gc,phases,start] GC(433) Compaction Phase
[317.662s][info][gc,phases      ] GC(433) Compaction Phase 542.309ms
[317.662s][info][gc,phases,start] GC(433) Post Compact
[317.674s][info][gc,phases      ] GC(433) Post Compact 12.035ms
[317.674s][info][gc,heap        ] GC(433) PSYoungGen: 144353K(302592K)->144353K(302592K) Eden: 132607K(132608K)->132607K(132608K) From: 11745K(169984K)->11745K(169984K)
[317.674s][info][gc,heap        ] GC(433) ParOldGen: 7987199K(7987200K)->7987199K(7987200K)
[317.674s][info][gc,metaspace   ] GC(433) Metaspace: 6301K(6528K)->6301K(6528K) NonClass: 5768K(5888K)->5768K(5888K) Class: 532K(640K)->532K(640K)
[317.674s][info][gc             ] GC(433) Pause Full (Ergonomics) 7940M->7940M(8095M) 2397.758ms
[317.674s][info][gc,cpu         ] GC(433) User=18.20s Sys=0.00s Real=2.40s
[317.674s][info][gc,start       ] GC(434) Pause Full (Ergonomics)
[317.674s][info][gc,phases,start] GC(434) Marking Phase
[319.555s][info][gc,phases      ] GC(434) Marking Phase 1880.770ms
[319.555s][info][gc,phases,start] GC(434) Summary Phase
[319.555s][info][gc,phases      ] GC(434) Summary Phase 0.081ms
[319.555s][info][gc,phases,start] GC(434) Adjust Roots
[319.556s][info][gc,phases      ] GC(434) Adjust Roots 0.205ms
[319.556s][info][gc,phases,start] GC(434) Compaction Phase
[320.101s][info][gc,phases      ] GC(434) Compaction Phase 545.109ms
[320.101s][info][gc,phases,start] GC(434) Post Compact
[320.113s][info][gc,phases      ] GC(434) Post Compact 12.026ms
[320.113s][info][gc,heap        ] GC(434) PSYoungGen: 144353K(302592K)->144353K(302592K) Eden: 132607K(132608K)->132607K(132608K) From: 11745K(169984K)->11745K(169984K)
[320.113s][info][gc,heap        ] GC(434) ParOldGen: 7987199K(7987200K)->7987199K(7987200K)
[320.113s][info][gc,metaspace   ] GC(434) Metaspace: 6301K(6528K)->6301K(6528K) NonClass: 5768K(5888K)->5768K(5888K) Class: 532K(640K)->532K(640K)
[320.113s][info][gc             ] GC(434) Pause Full (Ergonomics) 7940M->7940M(8095M) 2438.532ms
[320.113s][info][gc,cpu         ] GC(434) User=18.56s Sys=0.02s Real=2.44s
[320.113s][info][gc,start       ] GC(435) Pause Full (Allocation Failure)
[320.113s][info][gc,phases,start] GC(435) Marking Phase
[321.980s][info][gc,phases      ] GC(435) Marking Phase 1866.521ms
[321.980s][info][gc,phases,start] GC(435) Summary Phase
[321.980s][info][gc,phases      ] GC(435) Summary Phase 0.126ms
[321.980s][info][gc,phases,start] GC(435) Adjust Roots
[321.980s][info][gc,phases      ] GC(435) Adjust Roots 0.239ms
[321.980s][info][gc,phases,start] GC(435) Compaction Phase
[322.513s][info][gc,phases      ] GC(435) Compaction Phase 532.999ms
[322.513s][info][gc,phases,start] GC(435) Post Compact
[322.525s][info][gc,phases      ] GC(435) Post Compact 12.098ms
[322.525s][info][gc,heap        ] GC(435) PSYoungGen: 144353K(302592K)->144353K(302592K) Eden: 132607K(132608K)->132607K(132608K) From: 11745K(169984K)->11745K(169984K)
[322.525s][info][gc,heap        ] GC(435) ParOldGen: 7987199K(7987200K)->7987199K(7987200K)
[322.525s][info][gc,metaspace   ] GC(435) Metaspace: 6301K(6528K)->6301K(6528K) NonClass: 5768K(5888K)->5768K(5888K) Class: 532K(640K)->532K(640K)
[322.525s][info][gc             ] GC(435) Pause Full (Allocation Failure) 7940M->7940M(8095M) 2412.339ms
[322.525s][info][gc,cpu         ] GC(435) User=18.42s Sys=0.00s Real=2.41s
[322.526s][info][gc,start       ] GC(436) Pause Full (Ergonomics)
[322.526s][info][gc,phases,start] GC(436) Marking Phase
[324.409s][info][gc,phases      ] GC(436) Marking Phase 1883.510ms
[324.409s][info][gc,phases,start] GC(436) Summary Phase
[324.410s][info][gc,phases      ] GC(436) Summary Phase 0.120ms
[324.410s][info][gc,phases,start] GC(436) Adjust Roots
[324.410s][info][gc,phases      ] GC(436) Adjust Roots 0.257ms
[324.410s][info][gc,phases,start] GC(436) Compaction Phase
[326.461s][info][gc,phases      ] GC(436) Compaction Phase 2051.372ms
[326.461s][info][gc,phases,start] GC(436) Post Compact
[326.474s][info][gc,phases      ] GC(436) Post Compact 12.194ms
[326.474s][info][gc,heap        ] GC(436) PSYoungGen: 144353K(302592K)->144353K(302592K) Eden: 132607K(132608K)->132607K(132608K) From: 11745K(169984K)->11745K(169984K)
[326.474s][info][gc,heap        ] GC(436) ParOldGen: 7987199K(7987200K)->7987198K(7987200K)
[326.474s][info][gc,metaspace   ] GC(436) Metaspace: 6301K(6528K)->6301K(6528K) NonClass: 5768K(5888K)->5768K(5888K) Class: 532K(640K)->532K(640K)
[326.474s][info][gc             ] GC(436) Pause Full (Ergonomics) 7940M->7940M(8095M) 3947.840ms
[326.474s][info][gc,cpu         ] GC(436) User=29.42s Sys=0.03s Real=3.95s
[326.475s][info][gc,start       ] GC(437) Pause Full (Ergonomics)
[326.475s][info][gc,phases,start] GC(437) Marking Phase
[328.322s][info][gc,phases      ] GC(437) Marking Phase 1846.892ms
[328.322s][info][gc,phases,start] GC(437) Summary Phase
[328.322s][info][gc,phases      ] GC(437) Summary Phase 0.081ms
[328.322s][info][gc,phases,start] GC(437) Adjust Roots
[328.322s][info][gc,phases      ] GC(437) Adjust Roots 0.288ms
[328.322s][info][gc,phases,start] GC(437) Compaction Phase
[330.327s][info][gc,phases      ] GC(437) Compaction Phase 2005.243ms
[330.327s][info][gc,phases,start] GC(437) Post Compact
[330.341s][info][gc,phases      ] GC(437) Post Compact 13.186ms
[330.341s][info][gc,heap        ] GC(437) PSYoungGen: 144353K(302592K)->144353K(302592K) Eden: 132607K(132608K)->132607K(132608K) From: 11745K(169984K)->11745K(169984K)
[330.341s][info][gc,heap        ] GC(437) ParOldGen: 7987199K(7987200K)->7987197K(7987200K)
[330.341s][info][gc,metaspace   ] GC(437) Metaspace: 6303K(6528K)->6303K(6528K) NonClass: 5769K(5888K)->5769K(5888K) Class: 533K(640K)->533K(640K)
[330.341s][info][gc             ] GC(437) Pause Full (Ergonomics) 7940M->7940M(8095M) 3866.131ms
[330.341s][info][gc,cpu         ] GC(437) User=26.05s Sys=0.05s Real=3.87s
[330.341s][info][gc,heap,exit   ] Heap
[330.341s][info][gc,heap,exit   ]  PSYoungGen      total 302592K, used 144353K [0x000000070c400000, 0x0000000730000000, 0x0000000800000000)
[330.341s][info][gc,heap,exit   ]   eden space 132608K, 99% used [0x000000070c400000,0x000000071457fff8,0x0000000714580000)
[330.341s][info][gc,heap,exit   ]   from space 169984K, 6% used [0x0000000714580000,0x00000007150f87e0,0x000000071eb80000)
[330.341s][info][gc,heap,exit   ]   to   space 220672K, 0% used [0x0000000722880000,0x0000000722880000,0x0000000730000000)
[330.341s][info][gc,heap,exit   ]  ParOldGen       total 7987200K, used 7987198K [0x0000000524c00000, 0x000000070c400000, 0x000000070c400000)
[330.341s][info][gc,heap,exit   ]   object space 7987200K, 99% used [0x0000000524c00000,0x000000070c3ff808,0x000000070c400000)
[330.341s][info][gc,heap,exit   ]  Metaspace       used 6306K, committed 6528K, reserved 1114112K
[330.341s][info][gc,heap,exit   ]   class space    used 534K, committed 640K, reserved 1048576K
