[0.011s][info][gc,init] CardTable entry size: 512
[0.011s][info][gc     ] Using Parallel
[0.013s][info][gc,init] Version: 18.0.1+10 (release)
[0.013s][info][gc,init] CPUs: 8 total, 8 available
[0.013s][info][gc,init] Memory: 16063M
[0.013s][info][gc,init] Large Page Support: Disabled
[0.013s][info][gc,init] NUMA Support: Disabled
[0.013s][info][gc,init] Compressed Oops: Enabled (Zero based)
[0.013s][info][gc,init] Alignments: Space 512K, Generation 512K, Heap 2M
[0.013s][info][gc,init] Heap Min Capacity: 2M
[0.013s][info][gc,init] Heap Initial Capacity: 2M
[0.013s][info][gc,init] Heap Max Capacity: 17500M
[0.013s][info][gc,init] Pre-touch: Disabled
[0.013s][info][gc,init] Parallel Workers: 8
[0.013s][info][gc,metaspace] CDS archive(s) not mapped
[0.013s][info][gc,metaspace] Compressed class space mapped at: 0x0000000800000000-0x0000000840000000, reserved size: 1073741824
[0.013s][info][gc,metaspace] Narrow klass base: 0x0000000800000000, Narrow klass shift: 0, Narrow klass range: 0x40000000
[0.109s][info][gc,start    ] GC(0) Pause Young (Allocation Failure)
[0.111s][info][gc,heap     ] GC(0) PSYoungGen: 512K(1024K)->480K(1024K) Eden: 512K(512K)->0K(512K) From: 0K(512K)->480K(512K)
[0.111s][info][gc,heap     ] GC(0) ParOldGen: 0K(512K)->8K(512K)
[0.111s][info][gc,metaspace] GC(0) Metaspace: 4228K(4352K)->4228K(4352K) NonClass: 3907K(3968K)->3907K(3968K) Class: 321K(384K)->321K(384K)
[0.111s][info][gc          ] GC(0) Pause Young (Allocation Failure) 0M->0M(1M) 1.660ms
[0.111s][info][gc,cpu      ] GC(0) User=0.00s Sys=0.00s Real=0.00s
[0.179s][info][gc,start    ] GC(1) Pause Young (Allocation Failure)
[0.180s][info][gc,heap     ] GC(1) PSYoungGen: 991K(1024K)->512K(1536K) Eden: 511K(512K)->0K(1024K) From: 480K(512K)->512K(512K)
[0.180s][info][gc,heap     ] GC(1) ParOldGen: 8K(512K)->88K(512K)
[0.180s][info][gc,metaspace] GC(1) Metaspace: 5877K(5952K)->5877K(5952K) NonClass: 5380K(5440K)->5380K(5440K) Class: 496K(512K)->496K(512K)
[0.180s][info][gc          ] GC(1) Pause Young (Allocation Failure) 0M->0M(2M) 1.134ms
[0.180s][info][gc,cpu      ] GC(1) User=0.00s Sys=0.00s Real=0.00s
[0.203s][info][gc,start    ] GC(2) Pause Young (Allocation Failure)
[0.204s][info][gc,heap     ] GC(2) PSYoungGen: 1536K(1536K)->512K(1536K) Eden: 1024K(1024K)->0K(1024K) From: 512K(512K)->512K(512K)
[0.204s][info][gc,heap     ] GC(2) ParOldGen: 88K(512K)->496K(512K)
[0.204s][info][gc,metaspace] GC(2) Metaspace: 6295K(6464K)->6295K(6464K) NonClass: 5762K(5824K)->5762K(5824K) Class: 533K(640K)->533K(640K)
[0.204s][info][gc          ] GC(2) Pause Young (Allocation Failure) 1M->0M(2M) 1.174ms
[0.204s][info][gc,cpu      ] GC(2) User=0.00s Sys=0.00s Real=0.00s
[0.204s][info][gc,start    ] GC(3) Pause Full (Ergonomics)
[0.204s][info][gc,phases,start] GC(3) Marking Phase
[0.205s][info][gc,phases      ] GC(3) Marking Phase 0.918ms
[0.205s][info][gc,phases,start] GC(3) Summary Phase
[0.205s][info][gc,phases      ] GC(3) Summary Phase 0.014ms
[0.205s][info][gc,phases,start] GC(3) Adjust Roots
[0.205s][info][gc,phases      ] GC(3) Adjust Roots 0.329ms
[0.205s][info][gc,phases,start] GC(3) Compaction Phase
[0.207s][info][gc,phases      ] GC(3) Compaction Phase 1.480ms
[0.207s][info][gc,phases,start] GC(3) Post Compact
[0.207s][info][gc,phases      ] GC(3) Post Compact 0.072ms
[0.207s][info][gc,heap        ] GC(3) PSYoungGen: 512K(1536K)->511K(1536K) Eden: 0K(1024K)->0K(1024K) From: 512K(512K)->511K(512K)
[0.207s][info][gc,heap        ] GC(3) ParOldGen: 496K(512K)->469K(2048K)
[0.207s][info][gc,metaspace   ] GC(3) Metaspace: 6295K(6464K)->6295K(6464K) NonClass: 5762K(5824K)->5762K(5824K) Class: 533K(640K)->533K(640K)
[0.207s][info][gc             ] GC(3) Pause Full (Ergonomics) 0M->0M(3M) 3.049ms
[0.207s][info][gc,cpu         ] GC(3) User=0.00s Sys=0.00s Real=0.00s
[0.208s][info][gc,start       ] GC(4) Pause Young (Allocation Failure)
[0.210s][info][gc,heap        ] GC(4) PSYoungGen: 1535K(1536K)->480K(2560K) Eden: 1024K(1024K)->0K(2048K) From: 511K(512K)->480K(512K)
[0.210s][info][gc,heap        ] GC(4) ParOldGen: 469K(2048K)->1029K(2048K)
[0.210s][info][gc,metaspace   ] GC(4) Metaspace: 6295K(6464K)->6295K(6464K) NonClass: 5762K(5824K)->5762K(5824K) Class: 533K(640K)->533K(640K)
[0.210s][info][gc             ] GC(4) Pause Young (Allocation Failure) 1M->1M(4M) 1.714ms
[0.210s][info][gc,cpu         ] GC(4) User=0.00s Sys=0.00s Real=0.00s
[0.213s][info][gc,start       ] GC(5) Pause Young (Allocation Failure)
[0.215s][info][gc,heap        ] GC(5) PSYoungGen: 2528K(2560K)->480K(2560K) Eden: 2048K(2048K)->0K(2048K) From: 480K(512K)->480K(512K)
[0.215s][info][gc,heap        ] GC(5) ParOldGen: 1029K(2048K)->2098K(2560K)
[0.215s][info][gc,metaspace   ] GC(5) Metaspace: 6295K(6464K)->6295K(6464K) NonClass: 5762K(5824K)->5762K(5824K) Class: 533K(640K)->533K(640K)
[0.215s][info][gc             ] GC(5) Pause Young (Allocation Failure) 3M->2M(5M) 1.685ms
[0.215s][info][gc,cpu         ] GC(5) User=0.00s Sys=0.00s Real=0.00s
[0.215s][info][gc,start       ] GC(6) Pause Full (Ergonomics)
[0.215s][info][gc,phases,start] GC(6) Marking Phase
[0.217s][info][gc,phases      ] GC(6) Marking Phase 1.751ms
[0.217s][info][gc,phases,start] GC(6) Summary Phase
[0.217s][info][gc,phases      ] GC(6) Summary Phase 0.021ms
[0.217s][info][gc,phases,start] GC(6) Adjust Roots
[0.217s][info][gc,phases      ] GC(6) Adjust Roots 0.445ms
[0.217s][info][gc,phases,start] GC(6) Compaction Phase
[0.220s][info][gc,phases      ] GC(6) Compaction Phase 2.855ms
[0.220s][info][gc,phases,start] GC(6) Post Compact
[0.220s][info][gc,phases      ] GC(6) Post Compact 0.031ms
[0.220s][info][gc,heap        ] GC(6) PSYoungGen: 480K(2560K)->0K(4096K) Eden: 0K(2048K)->0K(3072K) From: 480K(512K)->0K(1024K)
[0.220s][info][gc,heap        ] GC(6) ParOldGen: 2098K(2560K)->2542K(6144K)
[0.220s][info][gc,metaspace   ] GC(6) Metaspace: 6295K(6464K)->6295K(6464K) NonClass: 5762K(5824K)->5762K(5824K) Class: 533K(640K)->533K(640K)
[0.220s][info][gc             ] GC(6) Pause Full (Ergonomics) 2M->2M(10M) 5.492ms
[0.220s][info][gc,cpu         ] GC(6) User=0.02s Sys=0.00s Real=0.01s
[0.225s][info][gc,start       ] GC(7) Pause Young (Allocation Failure)
[0.227s][info][gc,heap        ] GC(7) PSYoungGen: 3072K(4096K)->1664K(5120K) Eden: 3072K(3072K)->0K(3072K) From: 0K(1024K)->1664K(2048K)
[0.227s][info][gc,heap        ] GC(7) ParOldGen: 2542K(6144K)->2542K(6144K)
[0.227s][info][gc,metaspace   ] GC(7) Metaspace: 6295K(6464K)->6295K(6464K) NonClass: 5762K(5824K)->5762K(5824K) Class: 533K(640K)->533K(640K)
[0.227s][info][gc             ] GC(7) Pause Young (Allocation Failure) 5M->4M(11M) 2.201ms
[0.227s][info][gc,cpu         ] GC(7) User=0.00s Sys=0.00s Real=0.00s
[0.233s][info][gc,start       ] GC(8) Pause Young (Allocation Failure)
[0.236s][info][gc,heap        ] GC(8) PSYoungGen: 4736K(5120K)->2016K(5632K) Eden: 3072K(3072K)->0K(3584K) From: 1664K(2048K)->2016K(2048K)
[0.236s][info][gc,heap        ] GC(8) ParOldGen: 2542K(6144K)->3774K(6144K)
[0.236s][info][gc,metaspace   ] GC(8) Metaspace: 6295K(6464K)->6295K(6464K) NonClass: 5762K(5824K)->5762K(5824K) Class: 533K(640K)->533K(640K)
[0.236s][info][gc             ] GC(8) Pause Young (Allocation Failure) 7M->5M(11M) 3.070ms
[0.236s][info][gc,cpu         ] GC(8) User=0.00s Sys=0.00s Real=0.00s
[0.241s][info][gc,start       ] GC(9) Pause Young (Allocation Failure)
[0.244s][info][gc,heap        ] GC(9) PSYoungGen: 5600K(5632K)->3040K(6656K) Eden: 3584K(3584K)->0K(3584K) From: 2016K(2048K)->3040K(3072K)
[0.244s][info][gc,heap        ] GC(9) ParOldGen: 3774K(6144K)->4614K(6144K)
[0.244s][info][gc,metaspace   ] GC(9) Metaspace: 6295K(6464K)->6295K(6464K) NonClass: 5762K(5824K)->5762K(5824K) Class: 533K(640K)->533K(640K)
[0.244s][info][gc             ] GC(9) Pause Young (Allocation Failure) 9M->7M(12M) 3.205ms
[0.244s][info][gc,cpu         ] GC(9) User=0.00s Sys=0.00s Real=0.00s
[0.248s][info][gc,start       ] GC(10) Pause Young (Allocation Failure)
[0.252s][info][gc,heap        ] GC(10) PSYoungGen: 6624K(6656K)->4064K(8704K) Eden: 3584K(3584K)->0K(4608K) From: 3040K(3072K)->4064K(4096K)
[0.252s][info][gc,heap        ] GC(10) ParOldGen: 4614K(6144K)->5454K(6144K)
[0.252s][info][gc,metaspace   ] GC(10) Metaspace: 6295K(6464K)->6295K(6464K) NonClass: 5762K(5824K)->5762K(5824K) Class: 533K(640K)->533K(640K)
[0.252s][info][gc             ] GC(10) Pause Young (Allocation Failure) 10M->9M(14M) 4.285ms
[0.253s][info][gc,cpu         ] GC(10) User=0.00s Sys=0.00s Real=0.00s
[0.253s][info][gc,start       ] GC(11) Pause Full (Ergonomics)
[0.253s][info][gc,phases,start] GC(11) Marking Phase
[0.258s][info][gc,phases      ] GC(11) Marking Phase 5.283ms
[0.258s][info][gc,phases,start] GC(11) Summary Phase
[0.258s][info][gc,phases      ] GC(11) Summary Phase 0.016ms
[0.258s][info][gc,phases,start] GC(11) Adjust Roots
[0.258s][info][gc,phases      ] GC(11) Adjust Roots 0.375ms
[0.258s][info][gc,phases,start] GC(11) Compaction Phase
[0.265s][info][gc,phases      ] GC(11) Compaction Phase 6.416ms
[0.265s][info][gc,phases,start] GC(11) Post Compact
[0.265s][info][gc,phases      ] GC(11) Post Compact 0.052ms
[0.265s][info][gc,heap        ] GC(11) PSYoungGen: 4064K(8704K)->3545K(8704K) Eden: 0K(4608K)->0K(4608K) From: 4064K(4096K)->3545K(4096K)
[0.265s][info][gc,heap        ] GC(11) ParOldGen: 5454K(6144K)->5831K(10752K)
[0.265s][info][gc,metaspace   ] GC(11) Metaspace: 6295K(6464K)->6295K(6464K) NonClass: 5762K(5824K)->5762K(5824K) Class: 533K(640K)->533K(640K)
[0.265s][info][gc             ] GC(11) Pause Full (Ergonomics) 9M->9M(19M) 12.460ms
[0.265s][info][gc,cpu         ] GC(11) User=0.00s Sys=0.00s Real=0.01s
[0.270s][info][gc,start       ] GC(12) Pause Young (Allocation Failure)
[0.273s][info][gc,heap        ] GC(12) PSYoungGen: 8013K(8704K)->5088K(9728K) Eden: 4468K(4608K)->0K(4608K) From: 3545K(4096K)->5088K(5120K)
[0.273s][info][gc,heap        ] GC(12) ParOldGen: 5831K(10752K)->6615K(10752K)
[0.273s][info][gc,metaspace   ] GC(12) Metaspace: 6295K(6464K)->6295K(6464K) NonClass: 5762K(5824K)->5762K(5824K) Class: 533K(640K)->533K(640K)
[0.273s][info][gc             ] GC(12) Pause Young (Allocation Failure) 13M->11M(20M) 3.785ms
[0.273s][info][gc,cpu         ] GC(12) User=0.00s Sys=0.00s Real=0.00s
[0.279s][info][gc,start       ] GC(13) Pause Young (Allocation Failure)
[0.285s][info][gc,heap        ] GC(13) PSYoungGen: 9696K(9728K)->6112K(11264K) Eden: 4608K(4608K)->0K(5120K) From: 5088K(5120K)->6112K(6144K)
[0.285s][info][gc,heap        ] GC(13) ParOldGen: 6615K(10752K)->7983K(10752K)
[0.285s][info][gc,metaspace   ] GC(13) Metaspace: 6295K(6464K)->6295K(6464K) NonClass: 5762K(5824K)->5762K(5824K) Class: 533K(640K)->533K(640K)
[0.285s][info][gc             ] GC(13) Pause Young (Allocation Failure) 15M->13M(21M) 5.737ms
[0.285s][info][gc,cpu         ] GC(13) User=0.00s Sys=0.00s Real=0.01s
[0.289s][info][gc,start       ] GC(14) Pause Young (Allocation Failure)
[0.294s][info][gc,heap        ] GC(14) PSYoungGen: 11232K(11264K)->5216K(12800K) Eden: 5120K(5120K)->0K(5120K) From: 6112K(6144K)->5216K(7680K)
[0.294s][info][gc,heap        ] GC(14) ParOldGen: 7983K(10752K)->11575K(11776K)
[0.294s][info][gc,metaspace   ] GC(14) Metaspace: 6297K(6464K)->6297K(6464K) NonClass: 5764K(5824K)->5764K(5824K) Class: 533K(640K)->533K(640K)
[0.294s][info][gc             ] GC(14) Pause Young (Allocation Failure) 18M->16M(24M) 5.428ms
[0.294s][info][gc,cpu         ] GC(14) User=0.00s Sys=0.02s Real=0.01s
[0.294s][info][gc,start       ] GC(15) Pause Full (Ergonomics)
[0.294s][info][gc,phases,start] GC(15) Marking Phase
[0.301s][info][gc,phases      ] GC(15) Marking Phase 7.297ms
[0.302s][info][gc,phases,start] GC(15) Summary Phase
[0.302s][info][gc,phases      ] GC(15) Summary Phase 0.020ms
[0.302s][info][gc,phases,start] GC(15) Adjust Roots
[0.302s][info][gc,phases      ] GC(15) Adjust Roots 0.197ms
[0.302s][info][gc,phases,start] GC(15) Compaction Phase
[0.309s][info][gc,phases      ] GC(15) Compaction Phase 7.107ms
[0.309s][info][gc,phases,start] GC(15) Post Compact
[0.309s][info][gc,phases      ] GC(15) Post Compact 0.075ms
[0.309s][info][gc,heap        ] GC(15) PSYoungGen: 5216K(12800K)->5192K(12800K) Eden: 0K(5120K)->0K(5120K) From: 5216K(7680K)->5192K(7680K)
[0.309s][info][gc,heap        ] GC(15) ParOldGen: 11575K(11776K)->11458K(18432K)
[0.309s][info][gc,metaspace   ] GC(15) Metaspace: 6297K(6464K)->6297K(6464K) NonClass: 5764K(5824K)->5764K(5824K) Class: 533K(640K)->533K(640K)
[0.309s][info][gc             ] GC(15) Pause Full (Ergonomics) 16M->16M(30M) 15.028ms
[0.309s][info][gc,cpu         ] GC(15) User=0.00s Sys=0.00s Real=0.02s
[0.313s][info][gc,start       ] GC(16) Pause Young (Allocation Failure)
[0.319s][info][gc,heap        ] GC(16) PSYoungGen: 10312K(12800K)->2688K(14336K) Eden: 5120K(5120K)->0K(7168K) From: 5192K(7680K)->2688K(7168K)
[0.319s][info][gc,heap        ] GC(16) ParOldGen: 11458K(18432K)->16738K(18432K)
[0.319s][info][gc,metaspace   ] GC(16) Metaspace: 6297K(6464K)->6297K(6464K) NonClass: 5764K(5824K)->5764K(5824K) Class: 533K(640K)->533K(640K)
[0.319s][info][gc             ] GC(16) Pause Young (Allocation Failure) 21M->18M(32M) 6.359ms
[0.319s][info][gc,cpu         ] GC(16) User=0.00s Sys=0.00s Real=0.01s
[0.319s][info][gc,start       ] GC(17) Pause Full (Ergonomics)
[0.319s][info][gc,phases,start] GC(17) Marking Phase
[0.327s][info][gc,phases      ] GC(17) Marking Phase 8.190ms
[0.327s][info][gc,phases,start] GC(17) Summary Phase
[0.327s][info][gc,phases      ] GC(17) Summary Phase 0.020ms
[0.327s][info][gc,phases,start] GC(17) Adjust Roots
[0.328s][info][gc,phases      ] GC(17) Adjust Roots 0.225ms
[0.328s][info][gc,phases,start] GC(17) Compaction Phase
[0.334s][info][gc,phases      ] GC(17) Compaction Phase 6.565ms
[0.334s][info][gc,phases,start] GC(17) Post Compact
[0.334s][info][gc,phases      ] GC(17) Post Compact 0.084ms
[0.334s][info][gc,heap        ] GC(17) PSYoungGen: 2688K(14336K)->1105K(14848K) Eden: 0K(7168K)->0K(7680K) From: 2688K(7168K)->1105K(7168K)
[0.334s][info][gc,heap        ] GC(17) ParOldGen: 16738K(18432K)->18183K(27648K)
[0.334s][info][gc,metaspace   ] GC(17) Metaspace: 6297K(6464K)->6297K(6464K) NonClass: 5764K(5824K)->5764K(5824K) Class: 533K(640K)->533K(640K)
[0.334s][info][gc             ] GC(17) Pause Full (Ergonomics) 18M->18M(41M) 15.444ms
[0.334s][info][gc,cpu         ] GC(17) User=0.02s Sys=0.00s Real=0.01s
[0.339s][info][gc,start       ] GC(18) Pause Young (Allocation Failure)
[0.345s][info][gc,heap        ] GC(18) PSYoungGen: 7799K(14848K)->3424K(15360K) Eden: 6694K(7680K)->0K(7680K) From: 1105K(7168K)->3424K(7680K)
[0.345s][info][gc,heap        ] GC(18) ParOldGen: 18183K(27648K)->19319K(27648K)
[0.345s][info][gc,metaspace   ] GC(18) Metaspace: 6297K(6464K)->6297K(6464K) NonClass: 5764K(5824K)->5764K(5824K) Class: 533K(640K)->533K(640K)
[0.345s][info][gc             ] GC(18) Pause Young (Allocation Failure) 25M->22M(42M) 5.859ms
[0.345s][info][gc,cpu         ] GC(18) User=0.02s Sys=0.00s Real=0.01s
[0.353s][info][gc,start       ] GC(19) Pause Young (Allocation Failure)
[0.361s][info][gc,heap        ] GC(19) PSYoungGen: 11103K(15360K)->4480K(17920K) Eden: 7679K(7680K)->0K(10240K) From: 3424K(7680K)->4480K(7680K)
[0.361s][info][gc,heap        ] GC(19) ParOldGen: 19319K(27648K)->22775K(27648K)
[0.361s][info][gc,metaspace   ] GC(19) Metaspace: 6297K(6464K)->6297K(6464K) NonClass: 5764K(5824K)->5764K(5824K) Class: 533K(640K)->533K(640K)
[0.361s][info][gc             ] GC(19) Pause Young (Allocation Failure) 29M->26M(44M) 8.120ms
[0.361s][info][gc,cpu         ] GC(19) User=0.00s Sys=0.00s Real=0.01s
[0.367s][info][gc,start       ] GC(20) Pause Young (Allocation Failure)
[0.376s][info][gc,heap        ] GC(20) PSYoungGen: 14720K(17920K)->5312K(17920K) Eden: 10240K(10240K)->0K(10240K) From: 4480K(7680K)->5312K(7680K)
[0.376s][info][gc,heap        ] GC(20) ParOldGen: 22775K(27648K)->27303K(27648K)
[0.376s][info][gc,metaspace   ] GC(20) Metaspace: 6297K(6464K)->6297K(6464K) NonClass: 5764K(5824K)->5764K(5824K) Class: 533K(640K)->533K(640K)
[0.376s][info][gc             ] GC(20) Pause Young (Allocation Failure) 36M->31M(44M) 8.450ms
[0.376s][info][gc,cpu         ] GC(20) User=0.00s Sys=0.00s Real=0.01s
[0.376s][info][gc,start       ] GC(21) Pause Full (Ergonomics)
[0.376s][info][gc,phases,start] GC(21) Marking Phase
[0.389s][info][gc,phases      ] GC(21) Marking Phase 13.430ms
[0.390s][info][gc,phases,start] GC(21) Summary Phase
[0.390s][info][gc,phases      ] GC(21) Summary Phase 0.014ms
[0.390s][info][gc,phases,start] GC(21) Adjust Roots
[0.390s][info][gc,phases      ] GC(21) Adjust Roots 0.176ms
[0.390s][info][gc,phases,start] GC(21) Compaction Phase
[0.406s][info][gc,phases      ] GC(21) Compaction Phase 16.684ms
[0.406s][info][gc,phases,start] GC(21) Post Compact
[0.407s][info][gc,phases      ] GC(21) Post Compact 0.124ms
[0.407s][info][gc,heap        ] GC(21) PSYoungGen: 5312K(17920K)->4779K(17920K) Eden: 0K(10240K)->0K(10240K) From: 5312K(7680K)->4779K(7680K)
[0.407s][info][gc,heap        ] GC(21) ParOldGen: 27303K(27648K)->27139K(38912K)
[0.407s][info][gc,metaspace   ] GC(21) Metaspace: 6297K(6464K)->6297K(6464K) NonClass: 5764K(5824K)->5764K(5824K) Class: 533K(640K)->533K(640K)
[0.407s][info][gc             ] GC(21) Pause Full (Ergonomics) 31M->31M(55M) 30.885ms
[0.407s][info][gc,cpu         ] GC(21) User=0.03s Sys=0.00s Real=0.03s
[0.417s][info][gc,start       ] GC(22) Pause Young (Allocation Failure)
[0.430s][info][gc,heap        ] GC(22) PSYoungGen: 15019K(17920K)->7680K(16896K) Eden: 10240K(10240K)->0K(9216K) From: 4779K(7680K)->7680K(7680K)
[0.430s][info][gc,heap        ] GC(22) ParOldGen: 27139K(38912K)->33483K(38912K)
[0.430s][info][gc,metaspace   ] GC(22) Metaspace: 6297K(6464K)->6297K(6464K) NonClass: 5764K(5824K)->5764K(5824K) Class: 533K(640K)->533K(640K)
[0.430s][info][gc             ] GC(22) Pause Young (Allocation Failure) 41M->40M(54M) 13.204ms
[0.430s][info][gc,cpu         ] GC(22) User=0.00s Sys=0.00s Real=0.01s
[0.430s][info][gc,start       ] GC(23) Pause Full (Ergonomics)
[0.430s][info][gc,phases,start] GC(23) Marking Phase
[0.449s][info][gc,phases      ] GC(23) Marking Phase 18.914ms
[0.449s][info][gc,phases,start] GC(23) Summary Phase
[0.449s][info][gc,phases      ] GC(23) Summary Phase 0.022ms
[0.449s][info][gc,phases,start] GC(23) Adjust Roots
[0.449s][info][gc,phases      ] GC(23) Adjust Roots 0.238ms
[0.449s][info][gc,phases,start] GC(23) Compaction Phase
[0.465s][info][gc,phases      ] GC(23) Compaction Phase 15.688ms
[0.465s][info][gc,phases,start] GC(23) Post Compact
[0.465s][info][gc,phases      ] GC(23) Post Compact 0.262ms
[0.466s][info][gc,heap        ] GC(23) PSYoungGen: 7680K(16896K)->2555K(16896K) Eden: 0K(9216K)->0K(9216K) From: 7680K(7680K)->2555K(7680K)
[0.466s][info][gc,heap        ] GC(23) ParOldGen: 33483K(38912K)->38486K(52736K)
[0.466s][info][gc,metaspace   ] GC(23) Metaspace: 6297K(6464K)->6297K(6464K) NonClass: 5764K(5824K)->5764K(5824K) Class: 533K(640K)->533K(640K)
[0.466s][info][gc             ] GC(23) Pause Full (Ergonomics) 40M->40M(68M) 35.593ms
[0.466s][info][gc,cpu         ] GC(23) User=0.02s Sys=0.00s Real=0.04s
[0.482s][info][gc,start       ] GC(24) Pause Young (Allocation Failure)
[0.494s][info][gc,heap        ] GC(24) PSYoungGen: 11771K(16896K)->9216K(20480K) Eden: 9216K(9216K)->0K(9216K) From: 2555K(7680K)->9216K(11264K)
[0.494s][info][gc,heap        ] GC(24) ParOldGen: 38486K(52736K)->41086K(52736K)
[0.494s][info][gc,metaspace   ] GC(24) Metaspace: 6297K(6464K)->6297K(6464K) NonClass: 5764K(5824K)->5764K(5824K) Class: 533K(640K)->533K(640K)
[0.494s][info][gc             ] GC(24) Pause Young (Allocation Failure) 49M->49M(71M) 12.117ms
[0.494s][info][gc,cpu         ] GC(24) User=0.00s Sys=0.00s Real=0.01s
[0.503s][info][gc,start       ] GC(25) Pause Young (Allocation Failure)
[0.518s][info][gc,heap        ] GC(25) PSYoungGen: 18432K(20480K)->12256K(18944K) Eden: 9216K(9216K)->0K(6656K) From: 9216K(11264K)->12256K(12288K)
[0.518s][info][gc,heap        ] GC(25) ParOldGen: 41086K(52736K)->47326K(52736K)
[0.518s][info][gc,metaspace   ] GC(25) Metaspace: 6297K(6464K)->6297K(6464K) NonClass: 5764K(5824K)->5764K(5824K) Class: 533K(640K)->533K(640K)
[0.518s][info][gc             ] GC(25) Pause Young (Allocation Failure) 58M->58M(70M) 15.070ms
[0.518s][info][gc,cpu         ] GC(25) User=0.00s Sys=0.00s Real=0.01s
[0.518s][info][gc,start       ] GC(26) Pause Full (Ergonomics)
[0.518s][info][gc,phases,start] GC(26) Marking Phase
[0.543s][info][gc,phases      ] GC(26) Marking Phase 25.022ms
[0.544s][info][gc,phases,start] GC(26) Summary Phase
[0.544s][info][gc,phases      ] GC(26) Summary Phase 0.018ms
[0.544s][info][gc,phases,start] GC(26) Adjust Roots
[0.544s][info][gc,phases      ] GC(26) Adjust Roots 0.160ms
[0.544s][info][gc,phases,start] GC(26) Compaction Phase
[0.562s][info][gc,phases      ] GC(26) Compaction Phase 18.185ms
[0.562s][info][gc,phases,start] GC(26) Post Compact
[0.562s][info][gc,phases      ] GC(26) Post Compact 0.255ms
[0.562s][info][gc,heap        ] GC(26) PSYoungGen: 12256K(18944K)->6100K(18944K) Eden: 0K(6656K)->0K(6656K) From: 12256K(12288K)->6100K(12288K)
[0.562s][info][gc,heap        ] GC(26) ParOldGen: 47326K(52736K)->52291K(69120K)
[0.562s][info][gc,metaspace   ] GC(26) Metaspace: 6297K(6464K)->6297K(6464K) NonClass: 5764K(5824K)->5764K(5824K) Class: 533K(640K)->533K(640K)
[0.562s][info][gc             ] GC(26) Pause Full (Ergonomics) 58M->57M(86M) 44.046ms
[0.562s][info][gc,cpu         ] GC(26) User=0.02s Sys=0.00s Real=0.04s
[0.571s][info][gc,start       ] GC(27) Pause Young (Allocation Failure)
[0.584s][info][gc,heap        ] GC(27) PSYoungGen: 12756K(18944K)->6656K(23552K) Eden: 6656K(6656K)->0K(6656K) From: 6100K(12288K)->6656K(16896K)
[0.584s][info][gc,heap        ] GC(27) ParOldGen: 52291K(69120K)->58499K(69120K)
[0.584s][info][gc,metaspace   ] GC(27) Metaspace: 6297K(6464K)->6297K(6464K) NonClass: 5764K(5824K)->5764K(5824K) Class: 533K(640K)->533K(640K)
[0.584s][info][gc             ] GC(27) Pause Young (Allocation Failure) 63M->63M(90M) 12.559ms
[0.584s][info][gc,cpu         ] GC(27) User=0.02s Sys=0.00s Real=0.01s
[0.590s][info][gc,start       ] GC(28) Pause Young (Allocation Failure)
[0.599s][info][gc,heap        ] GC(28) PSYoungGen: 13312K(23552K)->13312K(22528K) Eden: 6656K(6656K)->0K(6656K) From: 6656K(16896K)->13312K(15872K)
[0.599s][info][gc,heap        ] GC(28) ParOldGen: 58499K(69120K)->58499K(69120K)
[0.599s][info][gc,metaspace   ] GC(28) Metaspace: 6297K(6464K)->6297K(6464K) NonClass: 5764K(5824K)->5764K(5824K) Class: 533K(640K)->533K(640K)
[0.599s][info][gc             ] GC(28) Pause Young (Allocation Failure) 70M->70M(89M) 8.989ms
[0.599s][info][gc,cpu         ] GC(28) User=0.02s Sys=0.00s Real=0.01s
[0.606s][info][gc,start       ] GC(29) Pause Young (Allocation Failure)
[0.618s][info][gc,heap        ] GC(29) PSYoungGen: 19968K(22528K)->13280K(24064K) Eden: 6656K(6656K)->0K(6656K) From: 13312K(15872K)->13280K(17408K)
[0.619s][info][gc,heap        ] GC(29) ParOldGen: 58499K(69120K)->65235K(69120K)
[0.619s][info][gc,metaspace   ] GC(29) Metaspace: 6297K(6464K)->6297K(6464K) NonClass: 5764K(5824K)->5764K(5824K) Class: 533K(640K)->533K(640K)
[0.619s][info][gc             ] GC(29) Pause Young (Allocation Failure) 76M->76M(91M) 12.551ms
[0.619s][info][gc,cpu         ] GC(29) User=0.00s Sys=0.00s Real=0.01s
[0.619s][info][gc,start       ] GC(30) Pause Full (Ergonomics)
[0.619s][info][gc,phases,start] GC(30) Marking Phase
[0.648s][info][gc,phases      ] GC(30) Marking Phase 29.474ms
[0.648s][info][gc,phases,start] GC(30) Summary Phase
[0.648s][info][gc,phases      ] GC(30) Summary Phase 0.019ms
[0.648s][info][gc,phases,start] GC(30) Adjust Roots
[0.648s][info][gc,phases      ] GC(30) Adjust Roots 0.199ms
[0.648s][info][gc,phases,start] GC(30) Compaction Phase
[0.666s][info][gc,phases      ] GC(30) Compaction Phase 17.479ms
[0.666s][info][gc,phases,start] GC(30) Post Compact
[0.666s][info][gc,phases      ] GC(30) Post Compact 0.406ms
[0.667s][info][gc,heap        ] GC(30) PSYoungGen: 13280K(24064K)->9163K(24064K) Eden: 0K(6656K)->0K(6656K) From: 13280K(17408K)->9163K(17408K)
[0.667s][info][gc,heap        ] GC(30) ParOldGen: 65235K(69120K)->69105K(89088K)
[0.667s][info][gc,metaspace   ] GC(30) Metaspace: 6297K(6464K)->6297K(6464K) NonClass: 5764K(5824K)->5764K(5824K) Class: 533K(640K)->533K(640K)
[0.667s][info][gc             ] GC(30) Pause Full (Ergonomics) 76M->76M(110M) 48.007ms
[0.667s][info][gc,cpu         ] GC(30) User=0.08s Sys=0.00s Real=0.05s
[0.674s][info][gc,start       ] GC(31) Pause Young (Allocation Failure)
[0.689s][info][gc,heap        ] GC(31) PSYoungGen: 15819K(24064K)->11232K(26624K) Eden: 6656K(6656K)->0K(8192K) From: 9163K(17408K)->11232K(18432K)
[0.689s][info][gc,heap        ] GC(31) ParOldGen: 69105K(89088K)->73777K(89088K)
[0.689s][info][gc,metaspace   ] GC(31) Metaspace: 6297K(6464K)->6297K(6464K) NonClass: 5764K(5824K)->5764K(5824K) Class: 533K(640K)->533K(640K)
[0.689s][info][gc             ] GC(31) Pause Young (Allocation Failure) 82M->83M(113M) 15.372ms
[0.689s][info][gc,cpu         ] GC(31) User=0.00s Sys=0.02s Real=0.02s
[0.707s][info][gc,start       ] GC(32) Pause Young (Allocation Failure)
[0.721s][info][gc,heap        ] GC(32) PSYoungGen: 19424K(26624K)->14880K(27136K) Eden: 8192K(8192K)->0K(8192K) From: 11232K(18432K)->14880K(18944K)
[0.721s][info][gc,heap        ] GC(32) ParOldGen: 73777K(89088K)->78433K(89088K)
[0.721s][info][gc,metaspace   ] GC(32) Metaspace: 6297K(6464K)->6297K(6464K) NonClass: 5764K(5824K)->5764K(5824K) Class: 533K(640K)->533K(640K)
[0.721s][info][gc             ] GC(32) Pause Young (Allocation Failure) 91M->91M(113M) 13.898ms
[0.721s][info][gc,cpu         ] GC(32) User=0.02s Sys=0.00s Real=0.01s
[0.728s][info][gc,start       ] GC(33) Pause Young (Allocation Failure)
[0.742s][info][gc,heap        ] GC(33) PSYoungGen: 23072K(27136K)->16384K(29184K) Eden: 8192K(8192K)->0K(8704K) From: 14880K(18944K)->16384K(20480K)
[0.742s][info][gc,heap        ] GC(33) ParOldGen: 78433K(89088K)->85169K(89088K)
[0.742s][info][gc,metaspace   ] GC(33) Metaspace: 6297K(6464K)->6297K(6464K) NonClass: 5764K(5824K)->5764K(5824K) Class: 533K(640K)->533K(640K)
[0.742s][info][gc             ] GC(33) Pause Young (Allocation Failure) 99M->99M(115M) 13.215ms
[0.742s][info][gc,cpu         ] GC(33) User=0.02s Sys=0.00s Real=0.01s
[0.742s][info][gc,start       ] GC(34) Pause Full (Ergonomics)
[0.742s][info][gc,phases,start] GC(34) Marking Phase
[0.780s][info][gc,phases      ] GC(34) Marking Phase 38.044ms
[0.780s][info][gc,phases,start] GC(34) Summary Phase
[0.780s][info][gc,phases      ] GC(34) Summary Phase 0.021ms
[0.780s][info][gc,phases,start] GC(34) Adjust Roots
[0.780s][info][gc,phases      ] GC(34) Adjust Roots 0.167ms
[0.780s][info][gc,phases,start] GC(34) Compaction Phase
[0.809s][info][gc,phases      ] GC(34) Compaction Phase 28.810ms
[0.809s][info][gc,phases,start] GC(34) Post Compact
[0.809s][info][gc,phases      ] GC(34) Post Compact 0.410ms
[0.810s][info][gc,heap        ] GC(34) PSYoungGen: 16384K(29184K)->10195K(29184K) Eden: 0K(8704K)->0K(8704K) From: 16384K(20480K)->10195K(20480K)
[0.810s][info][gc,heap        ] GC(34) ParOldGen: 85169K(89088K)->88987K(111104K)
[0.810s][info][gc,metaspace   ] GC(34) Metaspace: 6297K(6464K)->6297K(6464K) NonClass: 5764K(5824K)->5764K(5824K) Class: 533K(640K)->533K(640K)
[0.810s][info][gc             ] GC(34) Pause Full (Ergonomics) 99M->96M(137M) 67.868ms
[0.810s][info][gc,cpu         ] GC(34) User=0.11s Sys=0.00s Real=0.07s
[0.818s][info][gc,start       ] GC(35) Pause Young (Allocation Failure)
[0.833s][info][gc,heap        ] GC(35) PSYoungGen: 18899K(29184K)->15744K(30720K) Eden: 8704K(8704K)->0K(8704K) From: 10195K(20480K)->15744K(22016K)
[0.833s][info][gc,heap        ] GC(35) ParOldGen: 88987K(111104K)->92275K(111104K)
[0.833s][info][gc,metaspace   ] GC(35) Metaspace: 6297K(6464K)->6297K(6464K) NonClass: 5764K(5824K)->5764K(5824K) Class: 533K(640K)->533K(640K)
[0.833s][info][gc             ] GC(35) Pause Young (Allocation Failure) 105M->105M(138M) 15.321ms
[0.833s][info][gc,cpu         ] GC(35) User=0.02s Sys=0.00s Real=0.02s
[0.842s][info][gc,start       ] GC(36) Pause Young (Allocation Failure)
[0.854s][info][gc,heap        ] GC(36) PSYoungGen: 24448K(30720K)->23040K(29184K) Eden: 8704K(8704K)->0K(6144K) From: 15744K(22016K)->23040K(23040K)
[0.854s][info][gc,heap        ] GC(36) ParOldGen: 92275K(111104K)->93635K(111104K)
[0.854s][info][gc,metaspace   ] GC(36) Metaspace: 6297K(6464K)->6297K(6464K) NonClass: 5764K(5824K)->5764K(5824K) Class: 533K(640K)->533K(640K)
[0.854s][info][gc             ] GC(36) Pause Young (Allocation Failure) 113M->113M(137M) 12.357ms
[0.854s][info][gc,cpu         ] GC(36) User=0.00s Sys=0.00s Real=0.01s
[0.860s][info][gc,start       ] GC(37) Pause Young (Allocation Failure)
[0.875s][info][gc,heap        ] GC(37) PSYoungGen: 29184K(29184K)->14048K(33280K) Eden: 6144K(6144K)->0K(6144K) From: 23040K(23040K)->14048K(27136K)
[0.875s][info][gc,heap        ] GC(37) ParOldGen: 93635K(111104K)->109043K(111104K)
[0.875s][info][gc,metaspace   ] GC(37) Metaspace: 6297K(6464K)->6297K(6464K) NonClass: 5764K(5824K)->5764K(5824K) Class: 533K(640K)->533K(640K)
[0.875s][info][gc             ] GC(37) Pause Young (Allocation Failure) 119M->120M(141M) 14.870ms
[0.875s][info][gc,cpu         ] GC(37) User=0.02s Sys=0.00s Real=0.02s
[0.875s][info][gc,start       ] GC(38) Pause Full (Ergonomics)
[0.875s][info][gc,phases,start] GC(38) Marking Phase
[0.907s][info][gc,phases      ] GC(38) Marking Phase 32.449ms
[0.907s][info][gc,phases,start] GC(38) Summary Phase
[0.907s][info][gc,phases      ] GC(38) Summary Phase 0.015ms
[0.907s][info][gc,phases,start] GC(38) Adjust Roots
[0.908s][info][gc,phases      ] GC(38) Adjust Roots 0.144ms
[0.908s][info][gc,phases,start] GC(38) Compaction Phase
[0.926s][info][gc,phases      ] GC(38) Compaction Phase 17.958ms
[0.926s][info][gc,phases,start] GC(38) Post Compact
[0.926s][info][gc,phases      ] GC(38) Post Compact 0.517ms
[0.926s][info][gc,heap        ] GC(38) PSYoungGen: 14048K(33280K)->11905K(33280K) Eden: 0K(6144K)->0K(6144K) From: 14048K(27136K)->11905K(27136K)
[0.926s][info][gc,heap        ] GC(38) ParOldGen: 109043K(111104K)->110739K(137728K)
[0.926s][info][gc,metaspace   ] GC(38) Metaspace: 6297K(6464K)->6297K(6464K) NonClass: 5764K(5824K)->5764K(5824K) Class: 533K(640K)->533K(640K)
[0.926s][info][gc             ] GC(38) Pause Full (Ergonomics) 120M->119M(167M) 51.480ms
[0.926s][info][gc,cpu         ] GC(38) User=0.09s Sys=0.00s Real=0.05s
[0.933s][info][gc,start       ] GC(39) Pause Young (Allocation Failure)
[0.949s][info][gc,heap        ] GC(39) PSYoungGen: 18049K(33280K)->6208K(32256K) Eden: 6144K(6144K)->0K(7168K) From: 11905K(27136K)->6208K(25088K)
[0.949s][info][gc,heap        ] GC(39) ParOldGen: 110739K(137728K)->122851K(137728K)
[0.949s][info][gc,metaspace   ] GC(39) Metaspace: 6297K(6464K)->6297K(6464K) NonClass: 5764K(5824K)->5764K(5824K) Class: 533K(640K)->533K(640K)
[0.949s][info][gc             ] GC(39) Pause Young (Allocation Failure) 125M->126M(166M) 15.638ms
[0.949s][info][gc,cpu         ] GC(39) User=0.06s Sys=0.00s Real=0.01s
[0.956s][info][gc,start       ] GC(40) Pause Young (Allocation Failure)
[0.964s][info][gc,heap        ] GC(40) PSYoungGen: 13376K(32256K)->7200K(33280K) Eden: 7168K(7168K)->0K(7168K) From: 6208K(25088K)->7200K(26112K)
[0.965s][info][gc,heap        ] GC(40) ParOldGen: 122851K(137728K)->129075K(137728K)
[0.965s][info][gc,metaspace   ] GC(40) Metaspace: 6297K(6464K)->6297K(6464K) NonClass: 5764K(5824K)->5764K(5824K) Class: 533K(640K)->533K(640K)
[0.965s][info][gc             ] GC(40) Pause Young (Allocation Failure) 133M->133M(167M) 8.635ms
[0.965s][info][gc,cpu         ] GC(40) User=0.00s Sys=0.00s Real=0.01s
[0.965s][info][gc,start       ] GC(41) Pause Full (Ergonomics)
[0.965s][info][gc,phases,start] GC(41) Marking Phase
[1.006s][info][gc,phases      ] GC(41) Marking Phase 41.733ms
[1.006s][info][gc,phases,start] GC(41) Summary Phase
[1.006s][info][gc,phases      ] GC(41) Summary Phase 0.024ms
[1.006s][info][gc,phases,start] GC(41) Adjust Roots
[1.007s][info][gc,phases      ] GC(41) Adjust Roots 0.158ms
[1.007s][info][gc,phases,start] GC(41) Compaction Phase
[1.026s][info][gc,phases      ] GC(41) Compaction Phase 19.363ms
[1.026s][info][gc,phases,start] GC(41) Post Compact
[1.027s][info][gc,phases      ] GC(41) Post Compact 0.837ms
[1.027s][info][gc,heap        ] GC(41) PSYoungGen: 7200K(33280K)->0K(33792K) Eden: 0K(7168K)->0K(8704K) From: 7200K(26112K)->0K(25088K)
[1.027s][info][gc,heap        ] GC(41) ParOldGen: 129075K(137728K)->135899K(165888K)
[1.027s][info][gc,metaspace   ] GC(41) Metaspace: 6297K(6464K)->6297K(6464K) NonClass: 5764K(5824K)->5764K(5824K) Class: 533K(640K)->533K(640K)
[1.027s][info][gc             ] GC(41) Pause Full (Ergonomics) 133M->132M(195M) 62.732ms
[1.027s][info][gc,cpu         ] GC(41) User=0.17s Sys=0.02s Real=0.06s
[1.036s][info][gc,start       ] GC(42) Pause Young (Allocation Failure)
[1.042s][info][gc,heap        ] GC(42) PSYoungGen: 8704K(33792K)->8768K(33792K) Eden: 8704K(8704K)->0K(8704K) From: 0K(25088K)->8768K(25088K)
[1.042s][info][gc,heap        ] GC(42) ParOldGen: 135899K(165888K)->135899K(165888K)
[1.042s][info][gc,metaspace   ] GC(42) Metaspace: 6297K(6464K)->6297K(6464K) NonClass: 5764K(5824K)->5764K(5824K) Class: 533K(640K)->533K(640K)
[1.042s][info][gc             ] GC(42) Pause Young (Allocation Failure) 141M->141M(195M) 5.807ms
[1.042s][info][gc,cpu         ] GC(42) User=0.00s Sys=0.00s Real=0.01s
[1.050s][info][gc,start       ] GC(43) Pause Young (Allocation Failure)
[1.059s][info][gc,heap        ] GC(43) PSYoungGen: 17472K(33792K)->17440K(32768K) Eden: 8704K(8704K)->0K(8704K) From: 8768K(25088K)->17440K(24064K)
[1.059s][info][gc,heap        ] GC(43) ParOldGen: 135899K(165888K)->135899K(165888K)
[1.059s][info][gc,metaspace   ] GC(43) Metaspace: 6297K(6464K)->6297K(6464K) NonClass: 5764K(5824K)->5764K(5824K) Class: 533K(640K)->533K(640K)
[1.059s][info][gc             ] GC(43) Pause Young (Allocation Failure) 149M->149M(194M) 8.597ms
[1.059s][info][gc,cpu         ] GC(43) User=0.00s Sys=0.00s Real=0.01s
[1.068s][info][gc,start       ] GC(44) Pause Young (Allocation Failure)
[1.079s][info][gc,heap        ] GC(44) PSYoungGen: 26144K(32768K)->25600K(34304K) Eden: 8704K(8704K)->0K(8704K) From: 17440K(24064K)->25600K(25600K)
[1.079s][info][gc,heap        ] GC(44) ParOldGen: 135899K(165888K)->136419K(165888K)
[1.079s][info][gc,metaspace   ] GC(44) Metaspace: 6297K(6464K)->6297K(6464K) NonClass: 5764K(5824K)->5764K(5824K) Class: 533K(640K)->533K(640K)
[1.079s][info][gc             ] GC(44) Pause Young (Allocation Failure) 158M->158M(195M) 11.709ms
[1.079s][info][gc,cpu         ] GC(44) User=0.02s Sys=0.00s Real=0.01s
[1.088s][info][gc,start       ] GC(45) Pause Young (Allocation Failure)
[1.104s][info][gc,heap        ] GC(45) PSYoungGen: 34304K(34304K)->17184K(39936K) Eden: 8704K(8704K)->0K(10240K) From: 25600K(25600K)->17184K(29696K)
[1.104s][info][gc,heap        ] GC(45) ParOldGen: 136419K(165888K)->153803K(165888K)
[1.104s][info][gc,metaspace   ] GC(45) Metaspace: 6297K(6464K)->6297K(6464K) NonClass: 5764K(5824K)->5764K(5824K) Class: 533K(640K)->533K(640K)
[1.104s][info][gc             ] GC(45) Pause Young (Allocation Failure) 166M->166M(201M) 16.650ms
[1.104s][info][gc,cpu         ] GC(45) User=0.03s Sys=0.00s Real=0.02s
[1.104s][info][gc,start       ] GC(46) Pause Full (Ergonomics)
[1.104s][info][gc,phases,start] GC(46) Marking Phase
[1.146s][info][gc,phases      ] GC(46) Marking Phase 41.855ms
[1.146s][info][gc,phases,start] GC(46) Summary Phase
[1.146s][info][gc,phases      ] GC(46) Summary Phase 0.025ms
[1.146s][info][gc,phases,start] GC(46) Adjust Roots
[1.147s][info][gc,phases      ] GC(46) Adjust Roots 0.145ms
[1.147s][info][gc,phases,start] GC(46) Compaction Phase
[1.168s][info][gc,phases      ] GC(46) Compaction Phase 21.606ms
[1.168s][info][gc,phases,start] GC(46) Post Compact
[1.169s][info][gc,phases      ] GC(46) Post Compact 0.845ms
[1.169s][info][gc,heap        ] GC(46) PSYoungGen: 17184K(39936K)->4819K(39936K) Eden: 0K(10240K)->0K(10240K) From: 17184K(29696K)->4819K(29696K)
[1.169s][info][gc,heap        ] GC(46) ParOldGen: 153803K(165888K)->165773K(200704K)
[1.169s][info][gc,metaspace   ] GC(46) Metaspace: 6297K(6464K)->6297K(6464K) NonClass: 5764K(5824K)->5764K(5824K) Class: 533K(640K)->533K(640K)
[1.169s][info][gc             ] GC(46) Pause Full (Ergonomics) 166M->166M(235M) 64.963ms
[1.170s][info][gc,cpu         ] GC(46) User=0.17s Sys=0.00s Real=0.07s
[1.206s][info][gc,start       ] GC(47) Pause Young (Allocation Failure)
[1.223s][info][gc,heap        ] GC(47) PSYoungGen: 15059K(39936K)->12576K(39936K) Eden: 10240K(10240K)->0K(10240K) From: 4819K(29696K)->12576K(29696K)
[1.223s][info][gc,heap        ] GC(47) ParOldGen: 173965K(200704K)->176557K(200704K)
[1.223s][info][gc,metaspace   ] GC(47) Metaspace: 6297K(6464K)->6297K(6464K) NonClass: 5764K(5824K)->5764K(5824K) Class: 533K(640K)->533K(640K)
[1.223s][info][gc             ] GC(47) Pause Young (Allocation Failure) 184M->184M(235M) 17.159ms
[1.223s][info][gc,cpu         ] GC(47) User=0.03s Sys=0.02s Real=0.02s
[1.233s][info][gc,start       ] GC(48) Pause Young (Allocation Failure)
[1.244s][info][gc,heap        ] GC(48) PSYoungGen: 22816K(39936K)->22816K(37888K) Eden: 10240K(10240K)->0K(9728K) From: 12576K(29696K)->22816K(28160K)
[1.245s][info][gc,heap        ] GC(48) ParOldGen: 176557K(200704K)->176557K(200704K)
[1.245s][info][gc,metaspace   ] GC(48) Metaspace: 6297K(6464K)->6297K(6464K) NonClass: 5764K(5824K)->5764K(5824K) Class: 533K(640K)->533K(640K)
[1.245s][info][gc             ] GC(48) Pause Young (Allocation Failure) 194M->194M(233M) 11.728ms
[1.245s][info][gc,cpu         ] GC(48) User=0.00s Sys=0.00s Real=0.01s
[1.254s][info][gc,start       ] GC(49) Pause Young (Allocation Failure)
[1.270s][info][gc,heap        ] GC(49) PSYoungGen: 32544K(37888K)->30208K(39936K) Eden: 9728K(9728K)->0K(9728K) From: 22816K(28160K)->30208K(30208K)
[1.270s][info][gc,heap        ] GC(49) ParOldGen: 176557K(200704K)->178909K(200704K)
[1.270s][info][gc,metaspace   ] GC(49) Metaspace: 6297K(6464K)->6297K(6464K) NonClass: 5764K(5824K)->5764K(5824K) Class: 533K(640K)->533K(640K)
[1.270s][info][gc             ] GC(49) Pause Young (Allocation Failure) 204M->204M(235M) 15.738ms
[1.270s][info][gc,cpu         ] GC(49) User=0.02s Sys=0.00s Real=0.01s
[1.280s][info][gc,start       ] GC(50) Pause Young (Allocation Failure)
[1.300s][info][gc,heap        ] GC(50) PSYoungGen: 39936K(39936K)->19488K(45568K) Eden: 9728K(9728K)->0K(11264K) From: 30208K(30208K)->19488K(34304K)
[1.300s][info][gc,heap        ] GC(50) ParOldGen: 178909K(200704K)->199629K(200704K)
[1.300s][info][gc,metaspace   ] GC(50) Metaspace: 6297K(6464K)->6297K(6464K) NonClass: 5764K(5824K)->5764K(5824K) Class: 533K(640K)->533K(640K)
[1.300s][info][gc             ] GC(50) Pause Young (Allocation Failure) 213M->213M(240M) 20.818ms
[1.301s][info][gc,cpu         ] GC(50) User=0.06s Sys=0.02s Real=0.02s
[1.301s][info][gc,start       ] GC(51) Pause Full (Ergonomics)
[1.301s][info][gc,phases,start] GC(51) Marking Phase
[1.353s][info][gc,phases      ] GC(51) Marking Phase 52.822ms
[1.353s][info][gc,phases,start] GC(51) Summary Phase
[1.353s][info][gc,phases      ] GC(51) Summary Phase 0.018ms
[1.353s][info][gc,phases,start] GC(51) Adjust Roots
[1.354s][info][gc,phases      ] GC(51) Adjust Roots 0.149ms
[1.354s][info][gc,phases,start] GC(51) Compaction Phase
[1.396s][info][gc,phases      ] GC(51) Compaction Phase 42.145ms
[1.396s][info][gc,phases,start] GC(51) Post Compact
[1.397s][info][gc,phases      ] GC(51) Post Compact 0.893ms
[1.397s][info][gc,heap        ] GC(51) PSYoungGen: 19488K(45568K)->14284K(46080K) Eden: 0K(11264K)->0K(11776K) From: 19488K(34304K)->14284K(34304K)
[1.397s][info][gc,heap        ] GC(51) ParOldGen: 199629K(200704K)->200218K(240128K)
[1.397s][info][gc,metaspace   ] GC(51) Metaspace: 6297K(6464K)->6297K(6464K) NonClass: 5764K(5824K)->5764K(5824K) Class: 533K(640K)->533K(640K)
[1.397s][info][gc             ] GC(51) Pause Full (Ergonomics) 213M->209M(279M) 96.501ms
[1.397s][info][gc,cpu         ] GC(51) User=0.27s Sys=0.00s Real=0.10s
[1.411s][info][gc,start       ] GC(52) Pause Young (Allocation Failure)
[1.433s][info][gc,heap        ] GC(52) PSYoungGen: 26060K(46080K)->11872K(46592K) Eden: 11776K(11776K)->0K(11776K) From: 14284K(34304K)->11872K(34816K)
[1.433s][info][gc,heap        ] GC(52) ParOldGen: 200218K(240128K)->214738K(240128K)
[1.433s][info][gc,metaspace   ] GC(52) Metaspace: 6297K(6464K)->6297K(6464K) NonClass: 5764K(5824K)->5764K(5824K) Class: 533K(640K)->533K(640K)
[1.433s][info][gc             ] GC(52) Pause Young (Allocation Failure) 220M->221M(280M) 21.488ms
[1.433s][info][gc,cpu         ] GC(52) User=0.06s Sys=0.00s Real=0.02s
[1.446s][info][gc,start       ] GC(53) Pause Young (Allocation Failure)
[1.459s][info][gc,heap        ] GC(53) PSYoungGen: 23648K(46592K)->11808K(45056K) Eden: 11776K(11776K)->0K(13312K) From: 11872K(34816K)->11808K(31744K)
[1.459s][info][gc,heap        ] GC(53) ParOldGen: 214738K(240128K)->226690K(240128K)
[1.459s][info][gc,metaspace   ] GC(53) Metaspace: 6297K(6464K)->6297K(6464K) NonClass: 5764K(5824K)->5764K(5824K) Class: 533K(640K)->533K(640K)
[1.460s][info][gc             ] GC(53) Pause Young (Allocation Failure) 232M->232M(278M) 13.638ms
[1.460s][info][gc,cpu         ] GC(53) User=0.02s Sys=0.00s Real=0.01s
[1.460s][info][gc,start       ] GC(54) Pause Full (Ergonomics)
[1.460s][info][gc,phases,start] GC(54) Marking Phase
[1.522s][info][gc,phases      ] GC(54) Marking Phase 62.013ms
[1.522s][info][gc,phases,start] GC(54) Summary Phase
[1.522s][info][gc,phases      ] GC(54) Summary Phase 0.019ms
[1.522s][info][gc,phases,start] GC(54) Adjust Roots
[1.522s][info][gc,phases      ] GC(54) Adjust Roots 0.152ms
[1.522s][info][gc,phases,start] GC(54) Compaction Phase
[1.549s][info][gc,phases      ] GC(54) Compaction Phase 27.605ms
[1.550s][info][gc,phases,start] GC(54) Post Compact
[1.551s][info][gc,phases      ] GC(54) Post Compact 1.077ms
[1.551s][info][gc,heap        ] GC(54) PSYoungGen: 11808K(45056K)->0K(46080K) Eden: 0K(13312K)->0K(13312K) From: 11808K(31744K)->0K(32768K)
[1.551s][info][gc,heap        ] GC(54) ParOldGen: 226690K(240128K)->237995K(282624K)
[1.551s][info][gc,metaspace   ] GC(54) Metaspace: 6297K(6464K)->6297K(6464K) NonClass: 5764K(5824K)->5764K(5824K) Class: 533K(640K)->533K(640K)
[1.551s][info][gc             ] GC(54) Pause Full (Ergonomics) 232M->232M(321M) 91.379ms
[1.551s][info][gc,cpu         ] GC(54) User=0.38s Sys=0.00s Real=0.09s
[1.567s][info][gc,start       ] GC(55) Pause Young (Allocation Failure)
[1.574s][info][gc,heap        ] GC(55) PSYoungGen: 13312K(46080K)->13376K(44544K) Eden: 13312K(13312K)->0K(14848K) From: 0K(32768K)->13376K(29696K)
[1.574s][info][gc,heap        ] GC(55) ParOldGen: 237995K(282624K)->237995K(282624K)
[1.574s][info][gc,metaspace   ] GC(55) Metaspace: 6297K(6464K)->6297K(6464K) NonClass: 5764K(5824K)->5764K(5824K) Class: 533K(640K)->533K(640K)
[1.574s][info][gc             ] GC(55) Pause Young (Allocation Failure) 245M->245M(319M) 7.664ms
[1.574s][info][gc,cpu         ] GC(55) User=0.02s Sys=0.00s Real=0.01s
[1.591s][info][gc,start       ] GC(56) Pause Young (Allocation Failure)
[1.605s][info][gc,heap        ] GC(56) PSYoungGen: 28224K(44544K)->28288K(46080K) Eden: 14848K(14848K)->0K(14848K) From: 13376K(29696K)->28288K(31232K)
[1.605s][info][gc,heap        ] GC(56) ParOldGen: 237995K(282624K)->237995K(282624K)
[1.605s][info][gc,metaspace   ] GC(56) Metaspace: 6297K(6464K)->6297K(6464K) NonClass: 5764K(5824K)->5764K(5824K) Class: 533K(640K)->533K(640K)
[1.605s][info][gc             ] GC(56) Pause Young (Allocation Failure) 259M->260M(321M) 14.411ms
[1.605s][info][gc,cpu         ] GC(56) User=0.00s Sys=0.00s Real=0.01s
[1.622s][info][gc,start       ] GC(57) Pause Young (Allocation Failure)
[1.643s][info][gc,heap        ] GC(57) PSYoungGen: 43136K(46080K)->34304K(43008K) Eden: 14848K(14848K)->0K(8704K) From: 28288K(31232K)->34304K(34304K)
[1.643s][info][gc,heap        ] GC(57) ParOldGen: 237995K(282624K)->246811K(282624K)
[1.643s][info][gc,metaspace   ] GC(57) Metaspace: 6297K(6464K)->6297K(6464K) NonClass: 5764K(5824K)->5764K(5824K) Class: 533K(640K)->533K(640K)
[1.643s][info][gc             ] GC(57) Pause Young (Allocation Failure) 274M->274M(318M) 21.231ms
[1.643s][info][gc,cpu         ] GC(57) User=0.03s Sys=0.06s Real=0.02s
[1.654s][info][gc,start       ] GC(58) Pause Young (Allocation Failure)
[1.673s][info][gc,heap        ] GC(58) PSYoungGen: 43008K(43008K)->21056K(30208K) Eden: 8704K(8704K)->0K(8704K) From: 34304K(34304K)->21056K(21504K)
[1.673s][info][gc,heap        ] GC(58) ParOldGen: 246811K(282624K)->269155K(282624K)
[1.673s][info][gc,metaspace   ] GC(58) Metaspace: 6297K(6464K)->6297K(6464K) NonClass: 5764K(5824K)->5764K(5824K) Class: 533K(640K)->533K(640K)
[1.673s][info][gc             ] GC(58) Pause Young (Allocation Failure) 283M->283M(305M) 19.758ms
[1.673s][info][gc,cpu         ] GC(58) User=0.05s Sys=0.05s Real=0.02s
[1.673s][info][gc,start       ] GC(59) Pause Full (Ergonomics)
[1.673s][info][gc,phases,start] GC(59) Marking Phase
[1.740s][info][gc,phases      ] GC(59) Marking Phase 66.804ms
[1.740s][info][gc,phases,start] GC(59) Summary Phase
[1.740s][info][gc,phases      ] GC(59) Summary Phase 0.019ms
[1.740s][info][gc,phases,start] GC(59) Adjust Roots
[1.740s][info][gc,phases      ] GC(59) Adjust Roots 0.149ms
[1.740s][info][gc,phases,start] GC(59) Compaction Phase
[1.770s][info][gc,phases      ] GC(59) Compaction Phase 29.205ms
[1.770s][info][gc,phases,start] GC(59) Post Compact
[1.771s][info][gc,phases      ] GC(59) Post Compact 1.326ms
[1.771s][info][gc,heap        ] GC(59) PSYoungGen: 21056K(30208K)->7120K(30208K) Eden: 0K(8704K)->0K(8704K) From: 21056K(21504K)->7120K(21504K)
[1.771s][info][gc,heap        ] GC(59) ParOldGen: 269155K(282624K)->282462K(332800K)
[1.771s][info][gc,metaspace   ] GC(59) Metaspace: 6297K(6464K)->6297K(6464K) NonClass: 5764K(5824K)->5764K(5824K) Class: 533K(640K)->533K(640K)
[1.771s][info][gc             ] GC(59) Pause Full (Ergonomics) 283M->282M(354M) 98.022ms
[1.771s][info][gc,cpu         ] GC(59) User=0.50s Sys=0.00s Real=0.10s
[1.781s][info][gc,start       ] GC(60) Pause Young (Allocation Failure)
[1.801s][info][gc,heap        ] GC(60) PSYoungGen: 15824K(30208K)->12928K(48640K) Eden: 8704K(8704K)->0K(9728K) From: 7120K(21504K)->12928K(38912K)
[1.801s][info][gc,heap        ] GC(60) ParOldGen: 282462K(332800K)->285542K(332800K)
[1.801s][info][gc,metaspace   ] GC(60) Metaspace: 6297K(6464K)->6297K(6464K) NonClass: 5764K(5824K)->5764K(5824K) Class: 533K(640K)->533K(640K)
[1.802s][info][gc             ] GC(60) Pause Young (Allocation Failure) 291M->291M(372M) 20.320ms
[1.802s][info][gc,cpu         ] GC(60) User=0.09s Sys=0.03s Real=0.02s
[1.813s][info][gc,start       ] GC(61) Pause Young (Allocation Failure)
[1.824s][info][gc,heap        ] GC(61) PSYoungGen: 22656K(48640K)->22720K(49664K) Eden: 9728K(9728K)->0K(9728K) From: 12928K(38912K)->22720K(39936K)
[1.824s][info][gc,heap        ] GC(61) ParOldGen: 285542K(332800K)->285542K(332800K)
[1.824s][info][gc,metaspace   ] GC(61) Metaspace: 6297K(6464K)->6297K(6464K) NonClass: 5764K(5824K)->5764K(5824K) Class: 533K(640K)->533K(640K)
[1.824s][info][gc             ] GC(61) Pause Young (Allocation Failure) 300M->301M(373M) 11.480ms
[1.824s][info][gc,cpu         ] GC(61) User=0.00s Sys=0.00s Real=0.01s
[1.836s][info][gc,start       ] GC(62) Pause Young (Allocation Failure)
[1.851s][info][gc,heap        ] GC(62) PSYoungGen: 32448K(49664K)->32416K(48128K) Eden: 9728K(9728K)->0K(8704K) From: 22720K(39936K)->32416K(39424K)
[1.851s][info][gc,heap        ] GC(62) ParOldGen: 285542K(332800K)->285542K(332800K)
[1.851s][info][gc,metaspace   ] GC(62) Metaspace: 6297K(6464K)->6297K(6464K) NonClass: 5764K(5824K)->5764K(5824K) Class: 533K(640K)->533K(640K)
[1.851s][info][gc             ] GC(62) Pause Young (Allocation Failure) 310M->310M(372M) 15.473ms
[1.851s][info][gc,cpu         ] GC(62) User=0.02s Sys=0.00s Real=0.02s
[1.861s][info][gc,start       ] GC(63) Pause Young (Allocation Failure)
[1.879s][info][gc,heap        ] GC(63) PSYoungGen: 41120K(48128K)->36960K(50688K) Eden: 8704K(8704K)->0K(8704K) From: 32416K(39424K)->36960K(41984K)
[1.879s][info][gc,heap        ] GC(63) ParOldGen: 285542K(332800K)->289734K(332800K)
[1.879s][info][gc,metaspace   ] GC(63) Metaspace: 6297K(6464K)->6297K(6464K) NonClass: 5764K(5824K)->5764K(5824K) Class: 533K(640K)->533K(640K)
[1.880s][info][gc             ] GC(63) Pause Young (Allocation Failure) 319M->319M(374M) 18.560ms
[1.880s][info][gc,cpu         ] GC(63) User=0.12s Sys=0.00s Real=0.02s
[1.890s][info][gc,start       ] GC(64) Pause Young (Allocation Failure)
[1.911s][info][gc,heap        ] GC(64) PSYoungGen: 45664K(50688K)->36928K(53248K) Eden: 8704K(8704K)->0K(7168K) From: 36960K(41984K)->36928K(46080K)
[1.911s][info][gc,heap        ] GC(64) ParOldGen: 289734K(332800K)->298558K(332800K)
[1.911s][info][gc,metaspace   ] GC(64) Metaspace: 6297K(6464K)->6297K(6464K) NonClass: 5764K(5824K)->5764K(5824K) Class: 533K(640K)->533K(640K)
[1.911s][info][gc             ] GC(64) Pause Young (Allocation Failure) 327M->327M(377M) 21.271ms
[1.911s][info][gc,cpu         ] GC(64) User=0.11s Sys=0.02s Real=0.02s
[1.920s][info][gc,start       ] GC(65) Pause Young (Allocation Failure)
[1.940s][info][gc,heap        ] GC(65) PSYoungGen: 44096K(53248K)->24640K(32256K) Eden: 7168K(7168K)->0K(7168K) From: 36928K(46080K)->24640K(25088K)
[1.940s][info][gc,heap        ] GC(65) ParOldGen: 298558K(332800K)->318270K(332800K)
[1.940s][info][gc,metaspace   ] GC(65) Metaspace: 6297K(6464K)->6297K(6464K) NonClass: 5764K(5824K)->5764K(5824K) Class: 533K(640K)->533K(640K)
[1.940s][info][gc             ] GC(65) Pause Young (Allocation Failure) 334M->334M(356M) 20.937ms
[1.940s][info][gc,cpu         ] GC(65) User=0.05s Sys=0.06s Real=0.02s
[1.941s][info][gc,start       ] GC(66) Pause Full (Ergonomics)
[1.941s][info][gc,phases,start] GC(66) Marking Phase
[2.018s][info][gc,phases      ] GC(66) Marking Phase 77.760ms
[2.018s][info][gc,phases,start] GC(66) Summary Phase
[2.018s][info][gc,phases      ] GC(66) Summary Phase 0.031ms
[2.018s][info][gc,phases,start] GC(66) Adjust Roots
[2.019s][info][gc,phases      ] GC(66) Adjust Roots 0.176ms
[2.019s][info][gc,phases,start] GC(66) Compaction Phase
[2.053s][info][gc,phases      ] GC(66) Compaction Phase 33.990ms
[2.053s][info][gc,phases,start] GC(66) Post Compact
[2.054s][info][gc,phases      ] GC(66) Post Compact 1.593ms
[2.055s][info][gc,heap        ] GC(66) PSYoungGen: 24640K(32256K)->9660K(32256K) Eden: 0K(7168K)->0K(7168K) From: 24640K(25088K)->9660K(25088K)
[2.055s][info][gc,heap        ] GC(66) ParOldGen: 318270K(332800K)->332471K(384512K)
[2.055s][info][gc,metaspace   ] GC(66) Metaspace: 6297K(6464K)->6297K(6464K) NonClass: 5764K(5824K)->5764K(5824K) Class: 533K(640K)->533K(640K)
[2.055s][info][gc             ] GC(66) Pause Full (Ergonomics) 334M->334M(407M) 114.065ms
[2.055s][info][gc,cpu         ] GC(66) User=0.72s Sys=0.00s Real=0.12s
[2.062s][info][gc,start       ] GC(67) Pause Young (Allocation Failure)
[2.085s][info][gc,heap        ] GC(67) PSYoungGen: 16828K(32256K)->9760K(55296K) Eden: 7168K(7168K)->0K(8192K) From: 9660K(25088K)->9760K(47104K)
[2.085s][info][gc,heap        ] GC(67) ParOldGen: 332471K(384512K)->339759K(384512K)
[2.085s][info][gc,metaspace   ] GC(67) Metaspace: 6297K(6464K)->6297K(6464K) NonClass: 5764K(5824K)->5764K(5824K) Class: 533K(640K)->533K(640K)
[2.085s][info][gc             ] GC(67) Pause Young (Allocation Failure) 341M->341M(429M) 22.716ms
[2.085s][info][gc,cpu         ] GC(67) User=0.12s Sys=0.00s Real=0.02s
[2.155s][info][gc,start       ] GC(68) Pause Young (Allocation Failure)
[2.172s][info][gc,heap        ] GC(68) PSYoungGen: 17952K(55296K)->15456K(55296K) Eden: 8192K(8192K)->0K(8192K) From: 9760K(47104K)->15456K(47104K)
[2.172s][info][gc,heap        ] GC(68) ParOldGen: 356143K(384512K)->358703K(384512K)
[2.172s][info][gc,metaspace   ] GC(68) Metaspace: 6297K(6464K)->6297K(6464K) NonClass: 5764K(5824K)->5764K(5824K) Class: 533K(640K)->533K(640K)
[2.172s][info][gc             ] GC(68) Pause Young (Allocation Failure) 365M->365M(429M) 16.907ms
[2.172s][info][gc,cpu         ] GC(68) User=0.06s Sys=0.02s Real=0.02s
[2.180s][info][gc,start       ] GC(69) Pause Young (Allocation Failure)
[2.191s][info][gc,heap        ] GC(69) PSYoungGen: 23648K(55296K)->23616K(51200K) Eden: 8192K(8192K)->0K(9216K) From: 15456K(47104K)->23616K(41984K)
[2.191s][info][gc,heap        ] GC(69) ParOldGen: 358703K(384512K)->358703K(384512K)
[2.192s][info][gc,metaspace   ] GC(69) Metaspace: 6297K(6464K)->6297K(6464K) NonClass: 5764K(5824K)->5764K(5824K) Class: 533K(640K)->533K(640K)
[2.192s][info][gc             ] GC(69) Pause Young (Allocation Failure) 373M->373M(425M) 11.898ms
[2.192s][info][gc,cpu         ] GC(69) User=0.02s Sys=0.00s Real=0.01s
[2.200s][info][gc,start       ] GC(70) Pause Young (Allocation Failure)
[2.216s][info][gc,heap        ] GC(70) PSYoungGen: 32832K(51200K)->25696K(53248K) Eden: 9216K(9216K)->0K(9216K) From: 23616K(41984K)->25696K(44032K)
[2.216s][info][gc,heap        ] GC(70) ParOldGen: 358703K(384512K)->365967K(384512K)
[2.216s][info][gc,metaspace   ] GC(70) Metaspace: 6297K(6464K)->6297K(6464K) NonClass: 5764K(5824K)->5764K(5824K) Class: 533K(640K)->533K(640K)
[2.216s][info][gc             ] GC(70) Pause Young (Allocation Failure) 382M->382M(427M) 15.767ms
[2.216s][info][gc,cpu         ] GC(70) User=0.02s Sys=0.00s Real=0.02s
[2.216s][info][gc,start       ] GC(71) Pause Full (Ergonomics)
[2.216s][info][gc,phases,start] GC(71) Marking Phase
[2.296s][info][gc,phases      ] GC(71) Marking Phase 80.045ms
[2.296s][info][gc,phases,start] GC(71) Summary Phase
[2.296s][info][gc,phases      ] GC(71) Summary Phase 0.034ms
[2.296s][info][gc,phases,start] GC(71) Adjust Roots
[2.296s][info][gc,phases      ] GC(71) Adjust Roots 0.147ms
[2.296s][info][gc,phases,start] GC(71) Compaction Phase
[2.362s][info][gc,phases      ] GC(71) Compaction Phase 65.856ms
[2.362s][info][gc,phases,start] GC(71) Post Compact
[2.364s][info][gc,phases      ] GC(71) Post Compact 2.046ms
[2.365s][info][gc,heap        ] GC(71) PSYoungGen: 25696K(53248K)->0K(54272K) Eden: 0K(9216K)->0K(10752K) From: 25696K(44032K)->0K(43520K)
[2.365s][info][gc,heap        ] GC(71) ParOldGen: 365967K(384512K)->382967K(434176K)
[2.365s][info][gc,metaspace   ] GC(71) Metaspace: 6297K(6464K)->6297K(6464K) NonClass: 5764K(5824K)->5764K(5824K) Class: 533K(640K)->533K(640K)
[2.365s][info][gc             ] GC(71) Pause Full (Ergonomics) 382M->373M(477M) 148.752ms
[2.365s][info][gc,cpu         ] GC(71) User=0.70s Sys=0.08s Real=0.15s
[2.378s][info][gc,start       ] GC(72) Pause Young (Allocation Failure)
[2.386s][info][gc,heap        ] GC(72) PSYoungGen: 10752K(54272K)->10880K(54272K) Eden: 10752K(10752K)->0K(10752K) From: 0K(43520K)->10880K(43520K)
[2.386s][info][gc,heap        ] GC(72) ParOldGen: 382967K(434176K)->382967K(434176K)
[2.386s][info][gc,metaspace   ] GC(72) Metaspace: 6297K(6464K)->6297K(6464K) NonClass: 5764K(5824K)->5764K(5824K) Class: 533K(640K)->533K(640K)
[2.386s][info][gc             ] GC(72) Pause Young (Allocation Failure) 384M->384M(477M) 8.268ms
[2.386s][info][gc,cpu         ] GC(72) User=0.00s Sys=0.00s Real=0.01s
[2.397s][info][gc,start       ] GC(73) Pause Young (Allocation Failure)
[2.409s][info][gc,heap        ] GC(73) PSYoungGen: 21632K(54272K)->21632K(52224K) Eden: 10752K(10752K)->0K(12288K) From: 10880K(43520K)->21632K(39936K)
[2.409s][info][gc,heap        ] GC(73) ParOldGen: 382967K(434176K)->382967K(434176K)
[2.409s][info][gc,metaspace   ] GC(73) Metaspace: 6297K(6464K)->6297K(6464K) NonClass: 5764K(5824K)->5764K(5824K) Class: 533K(640K)->533K(640K)
[2.409s][info][gc             ] GC(73) Pause Young (Allocation Failure) 395M->395M(475M) 11.460ms
[2.409s][info][gc,cpu         ] GC(73) User=0.02s Sys=0.00s Real=0.01s
[2.422s][info][gc,start       ] GC(74) Pause Young (Allocation Failure)
[2.438s][info][gc,heap        ] GC(74) PSYoungGen: 33920K(52224K)->33888K(53760K) Eden: 12288K(12288K)->0K(12288K) From: 21632K(39936K)->33888K(41472K)
[2.438s][info][gc,heap        ] GC(74) ParOldGen: 382967K(434176K)->382967K(434176K)
[2.438s][info][gc,metaspace   ] GC(74) Metaspace: 6297K(6464K)->6297K(6464K) NonClass: 5764K(5824K)->5764K(5824K) Class: 533K(640K)->533K(640K)
[2.439s][info][gc             ] GC(74) Pause Young (Allocation Failure) 407M->407M(476M) 16.175ms
[2.439s][info][gc,cpu         ] GC(74) User=0.02s Sys=0.00s Real=0.02s
[2.450s][info][gc,start       ] GC(75) Pause Young (Allocation Failure)
[2.472s][info][gc,heap        ] GC(75) PSYoungGen: 46176K(53760K)->44032K(51200K) Eden: 12288K(12288K)->0K(7168K) From: 33888K(41472K)->44032K(44032K)
[2.472s][info][gc,heap        ] GC(75) ParOldGen: 382967K(434176K)->385047K(434176K)
[2.472s][info][gc,metaspace   ] GC(75) Metaspace: 6297K(6464K)->6297K(6464K) NonClass: 5764K(5824K)->5764K(5824K) Class: 533K(640K)->533K(640K)
[2.472s][info][gc             ] GC(75) Pause Young (Allocation Failure) 419M->419M(474M) 21.124ms
[2.472s][info][gc,cpu         ] GC(75) User=0.12s Sys=0.00s Real=0.02s
[2.479s][info][gc,start       ] GC(76) Pause Young (Allocation Failure)
[2.502s][info][gc,heap        ] GC(76) PSYoungGen: 51200K(51200K)->42016K(57856K) Eden: 7168K(7168K)->0K(7168K) From: 44032K(44032K)->42016K(50688K)
[2.502s][info][gc,heap        ] GC(76) ParOldGen: 385047K(434176K)->394447K(434176K)
[2.502s][info][gc,metaspace   ] GC(76) Metaspace: 6297K(6464K)->6297K(6464K) NonClass: 5764K(5824K)->5764K(5824K) Class: 533K(640K)->533K(640K)
[2.502s][info][gc             ] GC(76) Pause Young (Allocation Failure) 426M->426M(480M) 22.753ms
[2.502s][info][gc,cpu         ] GC(76) User=0.14s Sys=0.00s Real=0.02s
[2.509s][info][gc,start       ] GC(77) Pause Young (Allocation Failure)
[2.531s][info][gc,heap        ] GC(77) PSYoungGen: 49184K(57856K)->26368K(57344K) Eden: 7168K(7168K)->0K(8192K) From: 42016K(50688K)->26368K(49152K)
[2.531s][info][gc,heap        ] GC(77) ParOldGen: 394447K(434176K)->417567K(434176K)
[2.531s][info][gc,metaspace   ] GC(77) Metaspace: 6297K(6464K)->6297K(6464K) NonClass: 5764K(5824K)->5764K(5824K) Class: 533K(640K)->533K(640K)
[2.531s][info][gc             ] GC(77) Pause Young (Allocation Failure) 433M->433M(480M) 22.315ms
[2.531s][info][gc,cpu         ] GC(77) User=0.14s Sys=0.00s Real=0.02s
[2.531s][info][gc,start       ] GC(78) Pause Full (Ergonomics)
[2.531s][info][gc,phases,start] GC(78) Marking Phase
[2.630s][info][gc,phases      ] GC(78) Marking Phase 98.236ms
[2.630s][info][gc,phases,start] GC(78) Summary Phase
[2.630s][info][gc,phases      ] GC(78) Summary Phase 0.028ms
[2.630s][info][gc,phases,start] GC(78) Adjust Roots
[2.630s][info][gc,phases      ] GC(78) Adjust Roots 0.145ms
[2.630s][info][gc,phases,start] GC(78) Compaction Phase
[2.674s][info][gc,phases      ] GC(78) Compaction Phase 44.087ms
[2.674s][info][gc,phases,start] GC(78) Post Compact
[2.676s][info][gc,phases      ] GC(78) Post Compact 2.124ms
[2.676s][info][gc,heap        ] GC(78) PSYoungGen: 26368K(57344K)->9333K(58880K) Eden: 0K(8192K)->0K(9728K) From: 26368K(49152K)->9333K(49152K)
[2.676s][info][gc,heap        ] GC(78) ParOldGen: 417567K(434176K)->433861K(491520K)
[2.676s][info][gc,metaspace   ] GC(78) Metaspace: 6297K(6464K)->6297K(6464K) NonClass: 5764K(5824K)->5764K(5824K) Class: 533K(640K)->533K(640K)
[2.676s][info][gc             ] GC(78) Pause Full (Ergonomics) 433M->432M(537M) 145.167ms
[2.676s][info][gc,cpu         ] GC(78) User=1.02s Sys=0.00s Real=0.15s
[2.687s][info][gc,start       ] GC(79) Pause Young (Allocation Failure)
[2.713s][info][gc,heap        ] GC(79) PSYoungGen: 19061K(58880K)->12768K(61440K) Eden: 9728K(9728K)->0K(9728K) From: 9333K(49152K)->12768K(51712K)
[2.713s][info][gc,heap        ] GC(79) ParOldGen: 433861K(491520K)->440405K(491520K)
[2.713s][info][gc,metaspace   ] GC(79) Metaspace: 6297K(6464K)->6297K(6464K) NonClass: 5764K(5824K)->5764K(5824K) Class: 533K(640K)->533K(640K)
[2.713s][info][gc             ] GC(79) Pause Young (Allocation Failure) 442M->442M(540M) 26.859ms
[2.713s][info][gc,cpu         ] GC(79) User=0.12s Sys=0.00s Real=0.03s
[2.724s][info][gc,start       ] GC(80) Pause Young (Allocation Failure)
[2.736s][info][gc,heap        ] GC(80) PSYoungGen: 22496K(61440K)->19520K(58880K) Eden: 9728K(9728K)->0K(11264K) From: 12768K(51712K)->19520K(47616K)
[2.736s][info][gc,heap        ] GC(80) ParOldGen: 440405K(491520K)->443373K(491520K)
[2.736s][info][gc,metaspace   ] GC(80) Metaspace: 6297K(6464K)->6297K(6464K) NonClass: 5764K(5824K)->5764K(5824K) Class: 533K(640K)->533K(640K)
[2.736s][info][gc             ] GC(80) Pause Young (Allocation Failure) 452M->452M(537M) 12.197ms
[2.736s][info][gc,cpu         ] GC(80) User=0.02s Sys=0.00s Real=0.01s
[2.748s][info][gc,start       ] GC(81) Pause Young (Allocation Failure)
[2.764s][info][gc,heap        ] GC(81) PSYoungGen: 30784K(58880K)->21088K(60928K) Eden: 11264K(11264K)->0K(11264K) From: 19520K(47616K)->21088K(49664K)
[2.764s][info][gc,heap        ] GC(81) ParOldGen: 443373K(491520K)->453229K(491520K)
[2.764s][info][gc,metaspace   ] GC(81) Metaspace: 6297K(6464K)->6297K(6464K) NonClass: 5764K(5824K)->5764K(5824K) Class: 533K(640K)->533K(640K)
[2.764s][info][gc             ] GC(81) Pause Young (Allocation Failure) 463M->463M(539M) 15.831ms
[2.764s][info][gc,cpu         ] GC(81) User=0.02s Sys=0.00s Real=0.02s
[2.777s][info][gc,start       ] GC(82) Pause Young (Allocation Failure)
[2.794s][info][gc,heap        ] GC(82) PSYoungGen: 32352K(60928K)->11360K(59904K) Eden: 11264K(11264K)->0K(12800K) From: 21088K(49664K)->11360K(47104K)
[2.794s][info][gc,heap        ] GC(82) ParOldGen: 453229K(491520K)->474469K(491520K)
[2.794s][info][gc,metaspace   ] GC(82) Metaspace: 6297K(6464K)->6297K(6464K) NonClass: 5764K(5824K)->5764K(5824K) Class: 533K(640K)->533K(640K)
[2.794s][info][gc             ] GC(82) Pause Young (Allocation Failure) 474M->474M(538M) 17.072ms
[2.794s][info][gc,cpu         ] GC(82) User=0.05s Sys=0.00s Real=0.02s
[2.794s][info][gc,start       ] GC(83) Pause Full (Ergonomics)
[2.794s][info][gc,phases,start] GC(83) Marking Phase
[2.905s][info][gc,phases      ] GC(83) Marking Phase 110.915ms
[2.905s][info][gc,phases,start] GC(83) Summary Phase
[2.905s][info][gc,phases      ] GC(83) Summary Phase 0.023ms
[2.905s][info][gc,phases,start] GC(83) Adjust Roots
[2.905s][info][gc,phases      ] GC(83) Adjust Roots 0.154ms
[2.905s][info][gc,phases,start] GC(83) Compaction Phase
[2.953s][info][gc,phases      ] GC(83) Compaction Phase 47.806ms
[2.953s][info][gc,phases,start] GC(83) Post Compact
[2.955s][info][gc,phases      ] GC(83) Post Compact 2.423ms
[2.956s][info][gc,heap        ] GC(83) PSYoungGen: 11360K(59904K)->0K(60416K) Eden: 0K(12800K)->0K(12800K) From: 11360K(47104K)->0K(47616K)
[2.956s][info][gc,heap        ] GC(83) ParOldGen: 474469K(491520K)->485045K(547328K)
[2.956s][info][gc,metaspace   ] GC(83) Metaspace: 6297K(6464K)->6297K(6464K) NonClass: 5764K(5824K)->5764K(5824K) Class: 533K(640K)->533K(640K)
[2.956s][info][gc             ] GC(83) Pause Full (Ergonomics) 474M->473M(593M) 161.916ms
[2.956s][info][gc,cpu         ] GC(83) User=1.00s Sys=0.02s Real=0.16s
[2.970s][info][gc,start       ] GC(84) Pause Young (Allocation Failure)
[2.979s][info][gc,heap        ] GC(84) PSYoungGen: 12800K(60416K)->12928K(60928K) Eden: 12800K(12800K)->0K(14336K) From: 0K(47616K)->12928K(46592K)
[2.979s][info][gc,heap        ] GC(84) ParOldGen: 485045K(547328K)->485045K(547328K)
[2.979s][info][gc,metaspace   ] GC(84) Metaspace: 6297K(6464K)->6297K(6464K) NonClass: 5764K(5824K)->5764K(5824K) Class: 533K(640K)->533K(640K)
[2.979s][info][gc             ] GC(84) Pause Young (Allocation Failure) 486M->486M(594M) 9.591ms
[2.979s][info][gc,cpu         ] GC(84) User=0.00s Sys=0.00s Real=0.01s
[2.995s][info][gc,start       ] GC(85) Pause Young (Allocation Failure)
[3.009s][info][gc,heap        ] GC(85) PSYoungGen: 27264K(60928K)->27296K(61440K) Eden: 14336K(14336K)->0K(14336K) From: 12928K(46592K)->27296K(47104K)
[3.010s][info][gc,heap        ] GC(85) ParOldGen: 485045K(547328K)->485045K(547328K)
[3.010s][info][gc,metaspace   ] GC(85) Metaspace: 6297K(6464K)->6297K(6464K) NonClass: 5764K(5824K)->5764K(5824K) Class: 533K(640K)->533K(640K)
[3.010s][info][gc             ] GC(85) Pause Young (Allocation Failure) 500M->500M(594M) 14.430ms
[3.010s][info][gc,cpu         ] GC(85) User=0.02s Sys=0.00s Real=0.02s
[3.026s][info][gc,start       ] GC(86) Pause Young (Allocation Failure)
[3.046s][info][gc,heap        ] GC(86) PSYoungGen: 41632K(61440K)->41568K(57856K) Eden: 14336K(14336K)->0K(11264K) From: 27296K(47104K)->41568K(46592K)
[3.046s][info][gc,heap        ] GC(86) ParOldGen: 485045K(547328K)->485045K(547328K)
[3.046s][info][gc,metaspace   ] GC(86) Metaspace: 6297K(6464K)->6297K(6464K) NonClass: 5764K(5824K)->5764K(5824K) Class: 533K(640K)->533K(640K)
[3.046s][info][gc             ] GC(86) Pause Young (Allocation Failure) 514M->514M(591M) 20.248ms
[3.046s][info][gc,cpu         ] GC(86) User=0.14s Sys=0.00s Real=0.02s
[3.059s][info][gc,start       ] GC(87) Pause Young (Allocation Failure)
[3.084s][info][gc,heap        ] GC(87) PSYoungGen: 52832K(57856K)->40064K(62464K) Eden: 11264K(11264K)->0K(11264K) From: 41568K(46592K)->40064K(51200K)
[3.084s][info][gc,heap        ] GC(87) ParOldGen: 485045K(547328K)->498013K(547328K)
[3.084s][info][gc,metaspace   ] GC(87) Metaspace: 6297K(6464K)->6297K(6464K) NonClass: 5764K(5824K)->5764K(5824K) Class: 533K(640K)->533K(640K)
[3.084s][info][gc             ] GC(87) Pause Young (Allocation Failure) 525M->525M(595M) 24.988ms
[3.084s][info][gc,cpu         ] GC(87) User=0.25s Sys=0.00s Real=0.02s
[3.096s][info][gc,start       ] GC(88) Pause Young (Allocation Failure)
[3.121s][info][gc,heap        ] GC(88) PSYoungGen: 51328K(62464K)->36928K(65536K) Eden: 11264K(11264K)->0K(11264K) From: 40064K(51200K)->36928K(54272K)
[3.121s][info][gc,heap        ] GC(88) ParOldGen: 498013K(547328K)->512533K(547328K)
[3.121s][info][gc,metaspace   ] GC(88) Metaspace: 6297K(6464K)->6297K(6464K) NonClass: 5764K(5824K)->5764K(5824K) Class: 533K(640K)->533K(640K)
[3.121s][info][gc             ] GC(88) Pause Young (Allocation Failure) 536M->536M(598M) 24.289ms
[3.121s][info][gc,cpu         ] GC(88) User=0.09s Sys=0.03s Real=0.02s
[3.133s][info][gc,start       ] GC(89) Pause Young (Allocation Failure)
[3.157s][info][gc,heap        ] GC(89) PSYoungGen: 48192K(65536K)->33888K(67072K) Eden: 11264K(11264K)->0K(11264K) From: 36928K(54272K)->33888K(55808K)
[3.157s][info][gc,heap        ] GC(89) ParOldGen: 512533K(547328K)->527077K(547328K)
[3.157s][info][gc,metaspace   ] GC(89) Metaspace: 6297K(6464K)->6297K(6464K) NonClass: 5764K(5824K)->5764K(5824K) Class: 533K(640K)->533K(640K)
[3.157s][info][gc             ] GC(89) Pause Young (Allocation Failure) 547M->547M(600M) 23.277ms
[3.157s][info][gc,cpu         ] GC(89) User=0.12s Sys=0.02s Real=0.02s
[3.157s][info][gc,start       ] GC(90) Pause Full (Ergonomics)
[3.157s][info][gc,phases,start] GC(90) Marking Phase
[3.280s][info][gc,phases      ] GC(90) Marking Phase 123.165ms
[3.280s][info][gc,phases,start] GC(90) Summary Phase
[3.280s][info][gc,phases      ] GC(90) Summary Phase 0.020ms
[3.280s][info][gc,phases,start] GC(90) Adjust Roots
[3.280s][info][gc,phases      ] GC(90) Adjust Roots 0.146ms
[3.280s][info][gc,phases,start] GC(90) Compaction Phase
[3.330s][info][gc,phases      ] GC(90) Compaction Phase 49.553ms
[3.330s][info][gc,phases,start] GC(90) Post Compact
[3.331s][info][gc,phases      ] GC(90) Post Compact 0.954ms
[3.331s][info][gc,heap        ] GC(90) PSYoungGen: 33888K(67072K)->13257K(67072K) Eden: 0K(11264K)->0K(11264K) From: 33888K(55808K)->13257K(55808K)
[3.331s][info][gc,heap        ] GC(90) ParOldGen: 527077K(547328K)->546859K(614400K)
[3.331s][info][gc,metaspace   ] GC(90) Metaspace: 6297K(6464K)->6297K(6464K) NonClass: 5764K(5824K)->5764K(5824K) Class: 533K(640K)->533K(640K)
[3.331s][info][gc             ] GC(90) Pause Full (Ergonomics) 547M->546M(665M) 174.370ms
[3.331s][info][gc,cpu         ] GC(90) User=1.17s Sys=0.00s Real=0.17s
[3.344s][info][gc,start       ] GC(91) Pause Young (Allocation Failure)
[3.379s][info][gc,heap        ] GC(91) PSYoungGen: 24521K(67072K)->16224K(67072K) Eden: 11264K(11264K)->0K(12800K) From: 13257K(55808K)->16224K(54272K)
[3.379s][info][gc,heap        ] GC(91) ParOldGen: 546859K(614400K)->555459K(614400K)
[3.379s][info][gc,metaspace   ] GC(91) Metaspace: 6297K(6464K)->6297K(6464K) NonClass: 5764K(5824K)->5764K(5824K) Class: 533K(640K)->533K(640K)
[3.379s][info][gc             ] GC(91) Pause Young (Allocation Failure) 557M->558M(665M) 35.046ms
[3.379s][info][gc,cpu         ] GC(91) User=0.16s Sys=0.00s Real=0.04s
[3.394s][info][gc,start       ] GC(92) Pause Young (Allocation Failure)
[3.410s][info][gc,heap        ] GC(92) PSYoungGen: 29024K(67072K)->24192K(37376K) Eden: 12800K(12800K)->0K(12800K) From: 16224K(54272K)->24192K(24576K)
[3.410s][info][gc,heap        ] GC(92) ParOldGen: 555459K(614400K)->560347K(614400K)
[3.410s][info][gc,metaspace   ] GC(92) Metaspace: 6297K(6464K)->6297K(6464K) NonClass: 5764K(5824K)->5764K(5824K) Class: 533K(640K)->533K(640K)
[3.410s][info][gc             ] GC(92) Pause Young (Allocation Failure) 570M->570M(636M) 16.491ms
[3.410s][info][gc,cpu         ] GC(92) User=0.02s Sys=0.00s Real=0.02s
[3.424s][info][gc,start       ] GC(93) Pause Young (Allocation Failure)
[3.443s][info][gc,heap        ] GC(93) PSYoungGen: 36992K(37376K)->25728K(61440K) Eden: 12800K(12800K)->0K(14336K) From: 24192K(24576K)->25728K(47104K)
[3.443s][info][gc,heap        ] GC(93) ParOldGen: 560347K(614400K)->571779K(614400K)
[3.443s][info][gc,metaspace   ] GC(93) Metaspace: 6297K(6464K)->6297K(6464K) NonClass: 5764K(5824K)->5764K(5824K) Class: 533K(640K)->533K(640K)
[3.443s][info][gc             ] GC(93) Pause Young (Allocation Failure) 583M->583M(660M) 19.627ms
[3.443s][info][gc,cpu         ] GC(93) User=0.12s Sys=0.00s Real=0.02s
[3.461s][info][gc,start       ] GC(94) Pause Young (Allocation Failure)
[3.482s][info][gc,heap        ] GC(94) PSYoungGen: 40064K(61440K)->27296K(64000K) Eden: 14336K(14336K)->0K(14336K) From: 25728K(47104K)->27296K(49664K)
[3.482s][info][gc,heap        ] GC(94) ParOldGen: 571779K(614400K)->584747K(614400K)
[3.482s][info][gc,metaspace   ] GC(94) Metaspace: 6297K(6464K)->6297K(6464K) NonClass: 5764K(5824K)->5764K(5824K) Class: 533K(640K)->533K(640K)
[3.482s][info][gc             ] GC(94) Pause Young (Allocation Failure) 597M->597M(662M) 20.995ms
[3.482s][info][gc,cpu         ] GC(94) User=0.14s Sys=0.00s Real=0.02s
[3.499s][info][gc,start       ] GC(95) Pause Young (Allocation Failure)
[3.521s][info][gc,heap        ] GC(95) PSYoungGen: 41632K(64000K)->28832K(61952K) Eden: 14336K(14336K)->0K(16384K) From: 27296K(49664K)->28832K(45568K)
[3.522s][info][gc,heap        ] GC(95) ParOldGen: 584747K(614400K)->597731K(614400K)
[3.522s][info][gc,metaspace   ] GC(95) Metaspace: 6297K(6464K)->6297K(6464K) NonClass: 5764K(5824K)->5764K(5824K) Class: 533K(640K)->533K(640K)
[3.522s][info][gc             ] GC(95) Pause Young (Allocation Failure) 611M->611M(660M) 22.250ms
[3.522s][info][gc,cpu         ] GC(95) User=0.12s Sys=0.00s Real=0.02s
[3.522s][info][gc,start       ] GC(96) Pause Full (Ergonomics)
[3.522s][info][gc,phases,start] GC(96) Marking Phase
[3.663s][info][gc,phases      ] GC(96) Marking Phase 141.676ms
[3.663s][info][gc,phases,start] GC(96) Summary Phase
[3.663s][info][gc,phases      ] GC(96) Summary Phase 0.021ms
[3.663s][info][gc,phases,start] GC(96) Adjust Roots
[3.664s][info][gc,phases      ] GC(96) Adjust Roots 0.165ms
[3.664s][info][gc,phases,start] GC(96) Compaction Phase
[3.719s][info][gc,phases      ] GC(96) Compaction Phase 55.094ms
[3.719s][info][gc,phases,start] GC(96) Post Compact
[3.720s][info][gc,phases      ] GC(96) Post Compact 1.014ms
[3.720s][info][gc,heap        ] GC(96) PSYoungGen: 28832K(61952K)->11229K(62976K) Eden: 0K(16384K)->0K(17408K) From: 28832K(45568K)->11229K(45568K)
[3.720s][info][gc,heap        ] GC(96) ParOldGen: 597731K(614400K)->614258K(684032K)
[3.720s][info][gc,metaspace   ] GC(96) Metaspace: 6297K(6464K)->6297K(6464K) NonClass: 5764K(5824K)->5764K(5824K) Class: 533K(640K)->533K(640K)
[3.720s][info][gc             ] GC(96) Pause Full (Ergonomics) 611M->610M(729M) 198.502ms
[3.720s][info][gc,cpu         ] GC(96) User=1.39s Sys=0.00s Real=0.20s
[3.743s][info][gc,start       ] GC(97) Pause Young (Allocation Failure)
[3.783s][info][gc,heap        ] GC(97) PSYoungGen: 28637K(62976K)->23296K(64000K) Eden: 17408K(17408K)->0K(17408K) From: 11229K(45568K)->23296K(46592K)
[3.783s][info][gc,heap        ] GC(97) ParOldGen: 614258K(684032K)->619842K(684032K)
[3.783s][info][gc,metaspace   ] GC(97) Metaspace: 6297K(6464K)->6297K(6464K) NonClass: 5764K(5824K)->5764K(5824K) Class: 533K(640K)->533K(640K)
[3.783s][info][gc             ] GC(97) Pause Young (Allocation Failure) 627M->628M(730M) 40.246ms
[3.783s][info][gc,cpu         ] GC(97) User=0.22s Sys=0.05s Real=0.04s
[3.805s][info][gc,start       ] GC(98) Pause Young (Allocation Failure)
[3.827s][info][gc,heap        ] GC(98) PSYoungGen: 40704K(64000K)->40704K(60928K) Eden: 17408K(17408K)->0K(15872K) From: 23296K(46592K)->40704K(45056K)
[3.827s][info][gc,heap        ] GC(98) ParOldGen: 619842K(684032K)->619842K(684032K)
[3.827s][info][gc,metaspace   ] GC(98) Metaspace: 6297K(6464K)->6297K(6464K) NonClass: 5764K(5824K)->5764K(5824K) Class: 533K(640K)->533K(640K)
[3.827s][info][gc             ] GC(98) Pause Young (Allocation Failure) 645M->645M(727M) 21.954ms
[3.827s][info][gc,cpu         ] GC(98) User=0.12s Sys=0.00s Real=0.02s
[3.846s][info][gc,start       ] GC(99) Pause Young (Allocation Failure)
[3.874s][info][gc,heap        ] GC(99) PSYoungGen: 56576K(60928K)->48640K(64512K) Eden: 15872K(15872K)->0K(15872K) From: 40704K(45056K)->48640K(48640K)
[3.874s][info][gc,heap        ] GC(99) ParOldGen: 619842K(684032K)->627786K(684032K)
[3.874s][info][gc,metaspace   ] GC(99) Metaspace: 6297K(6464K)->6297K(6464K) NonClass: 5764K(5824K)->5764K(5824K) Class: 533K(640K)->533K(640K)
[3.874s][info][gc             ] GC(99) Pause Young (Allocation Failure) 660M->660M(731M) 28.325ms
[3.874s][info][gc,cpu         ] GC(99) User=0.12s Sys=0.00s Real=0.03s
[3.895s][info][gc,start       ] GC(100) Pause Young (Allocation Failure)
[3.926s][info][gc,heap        ] GC(100) PSYoungGen: 64512K(64512K)->45568K(72704K) Eden: 15872K(15872K)->0K(15360K) From: 48640K(48640K)->45568K(57344K)
[3.926s][info][gc,heap        ] GC(100) ParOldGen: 627786K(684032K)->647122K(684032K)
[3.926s][info][gc,metaspace   ] GC(100) Metaspace: 6297K(6464K)->6297K(6464K) NonClass: 5764K(5824K)->5764K(5824K) Class: 533K(640K)->533K(640K)
[3.926s][info][gc             ] GC(100) Pause Young (Allocation Failure) 676M->676M(739M) 30.978ms
[3.926s][info][gc,cpu         ] GC(100) User=0.12s Sys=0.02s Real=0.03s
[4.071s][info][gc,start       ] GC(101) Pause Full (Ergonomics)
[4.071s][info][gc,phases,start] GC(101) Marking Phase
[4.227s][info][gc,phases      ] GC(101) Marking Phase 155.686ms
[4.227s][info][gc,phases,start] GC(101) Summary Phase
[4.227s][info][gc,phases      ] GC(101) Summary Phase 0.031ms
[4.227s][info][gc,phases,start] GC(101) Adjust Roots
[4.227s][info][gc,phases      ] GC(101) Adjust Roots 0.146ms
[4.227s][info][gc,phases,start] GC(101) Compaction Phase
[4.350s][info][gc,phases      ] GC(101) Compaction Phase 122.532ms
[4.350s][info][gc,phases,start] GC(101) Post Compact
[4.351s][info][gc,phases      ] GC(101) Post Compact 1.504ms
[4.351s][info][gc,heap        ] GC(101) PSYoungGen: 60928K(72704K)->39723K(72704K) Eden: 15360K(15360K)->0K(15360K) From: 45568K(57344K)->39723K(57344K)
[4.351s][info][gc,heap        ] GC(101) ParOldGen: 679890K(684032K)->683908K(758272K)
[4.351s][info][gc,metaspace   ] GC(101) Metaspace: 6297K(6464K)->6297K(6464K) NonClass: 5764K(5824K)->5764K(5824K) Class: 533K(640K)->533K(640K)
[4.351s][info][gc             ] GC(101) Pause Full (Ergonomics) 723M->706M(811M) 280.531ms
[4.351s][info][gc,cpu         ] GC(101) User=1.84s Sys=0.02s Real=0.28s
[4.370s][info][gc,start       ] GC(102) Pause Young (Allocation Failure)
[4.421s][info][gc,heap        ] GC(102) PSYoungGen: 55083K(72704K)->40640K(75264K) Eden: 15360K(15360K)->0K(15360K) From: 39723K(57344K)->40640K(59904K)
[4.421s][info][gc,heap        ] GC(102) ParOldGen: 683908K(758272K)->698700K(758272K)
[4.421s][info][gc,metaspace   ] GC(102) Metaspace: 6297K(6464K)->6297K(6464K) NonClass: 5764K(5824K)->5764K(5824K) Class: 533K(640K)->533K(640K)
[4.421s][info][gc             ] GC(102) Pause Young (Allocation Failure) 721M->722M(814M) 51.499ms
[4.421s][info][gc,cpu         ] GC(102) User=0.31s Sys=0.00s Real=0.05s
[4.438s][info][gc,start       ] GC(103) Pause Young (Allocation Failure)
[4.465s][info][gc,heap        ] GC(103) PSYoungGen: 56000K(75264K)->56032K(71168K) Eden: 15360K(15360K)->0K(10752K) From: 40640K(59904K)->56032K(60416K)
[4.465s][info][gc,heap        ] GC(103) ParOldGen: 698700K(758272K)->698700K(758272K)
[4.465s][info][gc,metaspace   ] GC(103) Metaspace: 6297K(6464K)->6297K(6464K) NonClass: 5764K(5824K)->5764K(5824K) Class: 533K(640K)->533K(640K)
[4.465s][info][gc             ] GC(103) Pause Young (Allocation Failure) 737M->737M(810M) 27.252ms
[4.465s][info][gc,cpu         ] GC(103) User=0.12s Sys=0.00s Real=0.03s
[4.476s][info][gc,start       ] GC(104) Pause Young (Allocation Failure)
[4.506s][info][gc,heap        ] GC(104) PSYoungGen: 66784K(71168K)->55008K(77312K) Eden: 10752K(10752K)->0K(10752K) From: 56032K(60416K)->55008K(66560K)
[4.507s][info][gc,heap        ] GC(104) ParOldGen: 698700K(758272K)->710636K(758272K)
[4.507s][info][gc,metaspace   ] GC(104) Metaspace: 6297K(6464K)->6297K(6464K) NonClass: 5764K(5824K)->5764K(5824K) Class: 533K(640K)->533K(640K)
[4.507s][info][gc             ] GC(104) Pause Young (Allocation Failure) 747M->747M(816M) 30.579ms
[4.507s][info][gc,cpu         ] GC(104) User=0.12s Sys=0.02s Real=0.03s
[4.518s][info][gc,start       ] GC(105) Pause Young (Allocation Failure)
[4.550s][info][gc,heap        ] GC(105) PSYoungGen: 65760K(77312K)->36992K(75776K) Eden: 10752K(10752K)->0K(12288K) From: 55008K(66560K)->36992K(63488K)
[4.550s][info][gc,heap        ] GC(105) ParOldGen: 710636K(758272K)->739780K(758272K)
[4.550s][info][gc,metaspace   ] GC(105) Metaspace: 6297K(6464K)->6297K(6464K) NonClass: 5764K(5824K)->5764K(5824K) Class: 533K(640K)->533K(640K)
[4.550s][info][gc             ] GC(105) Pause Young (Allocation Failure) 758M->758M(814M) 31.529ms
[4.550s][info][gc,cpu         ] GC(105) User=0.09s Sys=0.05s Real=0.03s
[4.550s][info][gc,start       ] GC(106) Pause Full (Ergonomics)
[4.550s][info][gc,phases,start] GC(106) Marking Phase
[4.718s][info][gc,phases      ] GC(106) Marking Phase 167.924ms
[4.718s][info][gc,phases,start] GC(106) Summary Phase
[4.718s][info][gc,phases      ] GC(106) Summary Phase 0.035ms
[4.718s][info][gc,phases,start] GC(106) Adjust Roots
[4.718s][info][gc,phases      ] GC(106) Adjust Roots 0.178ms
[4.718s][info][gc,phases,start] GC(106) Compaction Phase
[4.798s][info][gc,phases      ] GC(106) Compaction Phase 80.072ms
[4.798s][info][gc,phases,start] GC(106) Post Compact
[4.800s][info][gc,phases      ] GC(106) Post Compact 1.597ms
[4.800s][info][gc,heap        ] GC(106) PSYoungGen: 36992K(75776K)->17861K(77312K) Eden: 0K(12288K)->0K(13824K) From: 36992K(63488K)->17861K(63488K)
[4.800s][info][gc,heap        ] GC(106) ParOldGen: 739780K(758272K)->757869K(842752K)
[4.800s][info][gc,metaspace   ] GC(106) Metaspace: 6297K(6464K)->6297K(6464K) NonClass: 5764K(5824K)->5764K(5824K) Class: 533K(640K)->533K(640K)
[4.800s][info][gc             ] GC(106) Pause Full (Ergonomics) 758M->757M(898M) 250.571ms
[4.800s][info][gc,cpu         ] GC(106) User=1.64s Sys=0.00s Real=0.25s
[4.818s][info][gc,start       ] GC(107) Pause Young (Allocation Failure)
[4.863s][info][gc,heap        ] GC(107) PSYoungGen: 31685K(77312K)->19904K(80896K) Eden: 13824K(13824K)->0K(13824K) From: 17861K(63488K)->19904K(67072K)
[4.863s][info][gc,heap        ] GC(107) ParOldGen: 757869K(842752K)->769957K(842752K)
[4.863s][info][gc,metaspace   ] GC(107) Metaspace: 6297K(6464K)->6297K(6464K) NonClass: 5764K(5824K)->5764K(5824K) Class: 533K(640K)->533K(640K)
[4.863s][info][gc             ] GC(107) Pause Young (Allocation Failure) 771M->771M(902M) 45.553ms
[4.863s][info][gc,cpu         ] GC(107) User=0.27s Sys=0.00s Real=0.05s
[4.878s][info][gc,start       ] GC(108) Pause Young (Allocation Failure)
[4.896s][info][gc,heap        ] GC(108) PSYoungGen: 33728K(80896K)->27744K(79360K) Eden: 13824K(13824K)->0K(15360K) From: 19904K(67072K)->27744K(64000K)
[4.896s][info][gc,heap        ] GC(108) ParOldGen: 769957K(842752K)->776005K(842752K)
[4.896s][info][gc,metaspace   ] GC(108) Metaspace: 6297K(6464K)->6297K(6464K) NonClass: 5764K(5824K)->5764K(5824K) Class: 533K(640K)->533K(640K)
[4.896s][info][gc             ] GC(108) Pause Young (Allocation Failure) 784M->784M(900M) 18.147ms
[4.896s][info][gc,cpu         ] GC(108) User=0.03s Sys=0.00s Real=0.02s
[4.912s][info][gc,start       ] GC(109) Pause Young (Allocation Failure)
[4.934s][info][gc,heap        ] GC(109) PSYoungGen: 43104K(79360K)->29344K(80896K) Eden: 15360K(15360K)->0K(15360K) From: 27744K(64000K)->29344K(65536K)
[4.934s][info][gc,heap        ] GC(109) ParOldGen: 776005K(842752K)->790021K(842752K)
[4.934s][info][gc,metaspace   ] GC(109) Metaspace: 6297K(6464K)->6297K(6464K) NonClass: 5764K(5824K)->5764K(5824K) Class: 533K(640K)->533K(640K)
[4.934s][info][gc             ] GC(109) Pause Young (Allocation Failure) 799M->800M(902M) 22.459ms
[4.934s][info][gc,cpu         ] GC(109) User=0.11s Sys=0.02s Real=0.02s
[4.952s][info][gc,start       ] GC(110) Pause Young (Allocation Failure)
[4.975s][info][gc,heap        ] GC(110) PSYoungGen: 44704K(80896K)->30848K(75776K) Eden: 15360K(15360K)->0K(17408K) From: 29344K(65536K)->30848K(58368K)
[4.975s][info][gc,heap        ] GC(110) ParOldGen: 790021K(842752K)->804045K(842752K)
[4.975s][info][gc,metaspace   ] GC(110) Metaspace: 6297K(6464K)->6297K(6464K) NonClass: 5764K(5824K)->5764K(5824K) Class: 533K(640K)->533K(640K)
[4.975s][info][gc             ] GC(110) Pause Young (Allocation Failure) 815M->815M(897M) 22.993ms
[4.975s][info][gc,cpu         ] GC(110) User=0.11s Sys=0.02s Real=0.02s
[4.994s][info][gc,start       ] GC(111) Pause Young (Allocation Failure)
[5.019s][info][gc,heap        ] GC(111) PSYoungGen: 48256K(75776K)->32864K(50688K) Eden: 17408K(17408K)->0K(17408K) From: 30848K(58368K)->32864K(33280K)
[5.020s][info][gc,heap        ] GC(111) ParOldGen: 804045K(842752K)->819605K(842752K)
[5.020s][info][gc,metaspace   ] GC(111) Metaspace: 6297K(6464K)->6297K(6464K) NonClass: 5764K(5824K)->5764K(5824K) Class: 533K(640K)->533K(640K)
[5.020s][info][gc             ] GC(111) Pause Young (Allocation Failure) 832M->832M(872M) 25.377ms
[5.020s][info][gc,cpu         ] GC(111) User=0.11s Sys=0.03s Real=0.03s
[5.020s][info][gc,start       ] GC(112) Pause Full (Ergonomics)
[5.020s][info][gc,phases,start] GC(112) Marking Phase
[5.204s][info][gc,phases      ] GC(112) Marking Phase 184.450ms
[5.204s][info][gc,phases,start] GC(112) Summary Phase
[5.204s][info][gc,phases      ] GC(112) Summary Phase 0.030ms
[5.204s][info][gc,phases,start] GC(112) Adjust Roots
[5.204s][info][gc,phases      ] GC(112) Adjust Roots 0.150ms
[5.204s][info][gc,phases,start] GC(112) Compaction Phase
[5.292s][info][gc,phases      ] GC(112) Compaction Phase 87.927ms
[5.292s][info][gc,phases,start] GC(112) Post Compact
[5.294s][info][gc,phases      ] GC(112) Post Compact 1.514ms
[5.294s][info][gc,heap        ] GC(112) PSYoungGen: 32864K(50688K)->8690K(50688K) Eden: 0K(17408K)->0K(17408K) From: 32864K(33280K)->8690K(33280K)
[5.294s][info][gc,heap        ] GC(112) ParOldGen: 819605K(842752K)->842660K(930816K)
[5.294s][info][gc,metaspace   ] GC(112) Metaspace: 6297K(6464K)->6297K(6464K) NonClass: 5764K(5824K)->5764K(5824K) Class: 533K(640K)->533K(640K)
[5.294s][info][gc             ] GC(112) Pause Full (Ergonomics) 832M->831M(958M) 274.683ms
[5.294s][info][gc,cpu         ] GC(112) User=1.81s Sys=0.00s Real=0.27s
[5.315s][info][gc,start       ] GC(113) Pause Young (Allocation Failure)
[5.364s][info][gc,heap        ] GC(113) PSYoungGen: 26098K(50688K)->24160K(76800K) Eden: 17408K(17408K)->0K(19456K) From: 8690K(33280K)->24160K(57344K)
[5.364s][info][gc,heap        ] GC(113) ParOldGen: 842660K(930816K)->844796K(930816K)
[5.364s][info][gc,metaspace   ] GC(113) Metaspace: 6297K(6464K)->6297K(6464K) NonClass: 5764K(5824K)->5764K(5824K) Class: 533K(640K)->533K(640K)
[5.364s][info][gc             ] GC(113) Pause Young (Allocation Failure) 848M->848M(984M) 48.195ms
[5.364s][info][gc,cpu         ] GC(113) User=0.27s Sys=0.00s Real=0.05s
[5.385s][info][gc,start       ] GC(114) Pause Young (Allocation Failure)
[5.408s][info][gc,heap        ] GC(114) PSYoungGen: 43616K(76800K)->43648K(77312K) Eden: 19456K(19456K)->0K(19456K) From: 24160K(57344K)->43648K(57856K)
[5.408s][info][gc,heap        ] GC(114) ParOldGen: 844796K(930816K)->844796K(930816K)
[5.408s][info][gc,metaspace   ] GC(114) Metaspace: 6297K(6464K)->6297K(6464K) NonClass: 5764K(5824K)->5764K(5824K) Class: 533K(640K)->533K(640K)
[5.408s][info][gc             ] GC(114) Pause Young (Allocation Failure) 867M->867M(984M) 23.473ms
[5.408s][info][gc,cpu         ] GC(114) User=0.06s Sys=0.00s Real=0.02s
[5.429s][info][gc,start       ] GC(115) Pause Young (Allocation Failure)
[5.461s][info][gc,heap        ] GC(115) PSYoungGen: 63104K(77312K)->59392K(72704K) Eden: 19456K(19456K)->0K(13312K) From: 43648K(57856K)->59392K(59392K)
[5.461s][info][gc,heap        ] GC(115) ParOldGen: 844796K(930816K)->848428K(930816K)
[5.461s][info][gc,metaspace   ] GC(115) Metaspace: 6297K(6464K)->6297K(6464K) NonClass: 5764K(5824K)->5764K(5824K) Class: 533K(640K)->533K(640K)
[5.461s][info][gc             ] GC(115) Pause Young (Allocation Failure) 886M->886M(980M) 31.559ms
[5.461s][info][gc,cpu         ] GC(115) User=0.14s Sys=0.00s Real=0.03s
[5.477s][info][gc,start       ] GC(116) Pause Young (Allocation Failure)
[5.512s][info][gc,heap        ] GC(116) PSYoungGen: 72704K(72704K)->50432K(80896K) Eden: 13312K(13312K)->0K(13312K) From: 59392K(59392K)->50432K(67584K)
[5.512s][info][gc,heap        ] GC(116) ParOldGen: 848428K(930816K)->871132K(930816K)
[5.512s][info][gc,metaspace   ] GC(116) Metaspace: 6297K(6464K)->6297K(6464K) NonClass: 5764K(5824K)->5764K(5824K) Class: 533K(640K)->533K(640K)
[5.512s][info][gc             ] GC(116) Pause Young (Allocation Failure) 899M->899M(988M) 34.650ms
[5.512s][info][gc,cpu         ] GC(116) User=0.23s Sys=0.02s Real=0.03s
[5.526s][info][gc,start       ] GC(117) Pause Young (Allocation Failure)
[5.558s][info][gc,heap        ] GC(117) PSYoungGen: 63744K(80896K)->44480K(82944K) Eden: 13312K(13312K)->0K(15360K) From: 50432K(67584K)->44480K(67584K)
[5.558s][info][gc,heap        ] GC(117) ParOldGen: 871132K(930816K)->890588K(930816K)
[5.558s][info][gc,metaspace   ] GC(117) Metaspace: 6297K(6464K)->6297K(6464K) NonClass: 5764K(5824K)->5764K(5824K) Class: 533K(640K)->533K(640K)
[5.558s][info][gc             ] GC(117) Pause Young (Allocation Failure) 912M->913M(990M) 31.367ms
[5.558s][info][gc,cpu         ] GC(117) User=0.14s Sys=0.00s Real=0.03s
[5.575s][info][gc,start       ] GC(118) Pause Young (Allocation Failure)
[5.606s][info][gc,heap        ] GC(118) PSYoungGen: 59840K(82944K)->28800K(83968K) Eden: 15360K(15360K)->0K(15360K) From: 44480K(67584K)->28800K(68608K)
[5.606s][info][gc,heap        ] GC(118) ParOldGen: 890588K(930816K)->922044K(930816K)
[5.606s][info][gc,metaspace   ] GC(118) Metaspace: 6297K(6464K)->6297K(6464K) NonClass: 5764K(5824K)->5764K(5824K) Class: 533K(640K)->533K(640K)
[5.606s][info][gc             ] GC(118) Pause Young (Allocation Failure) 928M->928M(991M) 31.207ms
[5.606s][info][gc,cpu         ] GC(118) User=0.25s Sys=0.00s Real=0.03s
[5.606s][info][gc,start       ] GC(119) Pause Full (Ergonomics)
[5.606s][info][gc,phases,start] GC(119) Marking Phase
[5.813s][info][gc,phases      ] GC(119) Marking Phase 207.159ms
[5.813s][info][gc,phases,start] GC(119) Summary Phase
[5.813s][info][gc,phases      ] GC(119) Summary Phase 0.024ms
[5.813s][info][gc,phases,start] GC(119) Adjust Roots
[5.813s][info][gc,phases      ] GC(119) Adjust Roots 0.148ms
[5.813s][info][gc,phases,start] GC(119) Compaction Phase
[5.902s][info][gc,phases      ] GC(119) Compaction Phase 88.533ms
[5.902s][info][gc,phases,start] GC(119) Post Compact
[5.904s][info][gc,phases      ] GC(119) Post Compact 1.496ms
[5.904s][info][gc,heap        ] GC(119) PSYoungGen: 28800K(83968K)->18903K(83968K) Eden: 0K(15360K)->0K(15360K) From: 28800K(68608K)->18903K(68608K)
[5.904s][info][gc,heap        ] GC(119) ParOldGen: 922044K(930816K)->930566K(1034752K)
[5.904s][info][gc,metaspace   ] GC(119) Metaspace: 6297K(6464K)->6297K(6464K) NonClass: 5764K(5824K)->5764K(5824K) Class: 533K(640K)->533K(640K)
[5.904s][info][gc             ] GC(119) Pause Full (Ergonomics) 928M->927M(1092M) 298.009ms
[5.904s][info][gc,cpu         ] GC(119) User=2.02s Sys=0.02s Real=0.30s
[5.922s][info][gc,start       ] GC(120) Pause Young (Allocation Failure)
[5.978s][info][gc,heap        ] GC(120) PSYoungGen: 34263K(83968K)->15520K(84480K) Eden: 15360K(15360K)->0K(16896K) From: 18903K(68608K)->15520K(67584K)
[5.978s][info][gc,heap        ] GC(120) ParOldGen: 930566K(1034752K)->949766K(1034752K)
[5.978s][info][gc,metaspace   ] GC(120) Metaspace: 6297K(6464K)->6297K(6464K) NonClass: 5764K(5824K)->5764K(5824K) Class: 533K(640K)->533K(640K)
[5.978s][info][gc             ] GC(120) Pause Young (Allocation Failure) 942M->942M(1093M) 55.971ms
[5.978s][info][gc,cpu         ] GC(120) User=0.34s Sys=0.00s Real=0.06s
[5.997s][info][gc,start       ] GC(121) Pause Young (Allocation Failure)
[6.016s][info][gc,heap        ] GC(121) PSYoungGen: 32416K(84480K)->16992K(84992K) Eden: 16896K(16896K)->0K(16896K) From: 15520K(67584K)->16992K(68096K)
[6.017s][info][gc,heap        ] GC(121) ParOldGen: 949766K(1034752K)->965342K(1034752K)
[6.017s][info][gc,metaspace   ] GC(121) Metaspace: 6297K(6464K)->6297K(6464K) NonClass: 5764K(5824K)->5764K(5824K) Class: 533K(640K)->533K(640K)
[6.017s][info][gc             ] GC(121) Pause Young (Allocation Failure) 959M->959M(1093M) 19.947ms
[6.017s][info][gc,cpu         ] GC(121) User=0.06s Sys=0.00s Real=0.02s
[6.035s][info][gc,start       ] GC(122) Pause Young (Allocation Failure)
[6.055s][info][gc,heap        ] GC(122) PSYoungGen: 33888K(84992K)->17024K(86016K) Eden: 16896K(16896K)->0K(18944K) From: 16992K(68096K)->17024K(67072K)
[6.055s][info][gc,heap        ] GC(122) ParOldGen: 965342K(1034752K)->982470K(1034752K)
[6.055s][info][gc,metaspace   ] GC(122) Metaspace: 6297K(6464K)->6297K(6464K) NonClass: 5764K(5824K)->5764K(5824K) Class: 533K(640K)->533K(640K)
[6.055s][info][gc             ] GC(122) Pause Young (Allocation Failure) 975M->976M(1094M) 19.616ms
[6.055s][info][gc,cpu         ] GC(122) User=0.11s Sys=0.02s Real=0.02s
[6.076s][info][gc,start       ] GC(123) Pause Young (Allocation Failure)
[6.097s][info][gc,heap        ] GC(123) PSYoungGen: 35968K(86016K)->19104K(86528K) Eden: 18944K(18944K)->0K(18944K) From: 17024K(67072K)->19104K(67584K)
[6.097s][info][gc,heap        ] GC(123) ParOldGen: 982470K(1034752K)->999622K(1034752K)
[6.097s][info][gc,metaspace   ] GC(123) Metaspace: 6297K(6464K)->6297K(6464K) NonClass: 5764K(5824K)->5764K(5824K) Class: 533K(640K)->533K(640K)
[6.097s][info][gc             ] GC(123) Pause Young (Allocation Failure) 994M->994M(1095M) 20.884ms
[6.097s][info][gc,cpu         ] GC(123) User=0.08s Sys=0.05s Real=0.02s
[6.117s][info][gc,start       ] GC(124) Pause Young (Allocation Failure)
[6.140s][info][gc,heap        ] GC(124) PSYoungGen: 38048K(86528K)->19072K(83968K) Eden: 18944K(18944K)->0K(20992K) From: 19104K(67584K)->19072K(62976K)
[6.140s][info][gc,heap        ] GC(124) ParOldGen: 999622K(1034752K)->1018854K(1034752K)
[6.140s][info][gc,metaspace   ] GC(124) Metaspace: 6297K(6464K)->6297K(6464K) NonClass: 5764K(5824K)->5764K(5824K) Class: 533K(640K)->533K(640K)
[6.140s][info][gc             ] GC(124) Pause Young (Allocation Failure) 1013M->1013M(1092M) 22.364ms
[6.140s][info][gc,cpu         ] GC(124) User=0.12s Sys=0.00s Real=0.02s
[6.140s][info][gc,start       ] GC(125) Pause Full (Ergonomics)
[6.140s][info][gc,phases,start] GC(125) Marking Phase
[6.375s][info][gc,phases      ] GC(125) Marking Phase 235.490ms
[6.375s][info][gc,phases,start] GC(125) Summary Phase
[6.375s][info][gc,phases      ] GC(125) Summary Phase 0.024ms
[6.375s][info][gc,phases,start] GC(125) Adjust Roots
[6.376s][info][gc,phases      ] GC(125) Adjust Roots 0.146ms
[6.376s][info][gc,phases,start] GC(125) Compaction Phase
[6.469s][info][gc,phases      ] GC(125) Compaction Phase 93.031ms
[6.469s][info][gc,phases,start] GC(125) Post Compact
[6.470s][info][gc,phases      ] GC(125) Post Compact 1.646ms
[6.471s][info][gc,heap        ] GC(125) PSYoungGen: 19072K(83968K)->2053K(85504K) Eden: 0K(20992K)->0K(22528K) From: 19072K(62976K)->2053K(62976K)
[6.471s][info][gc,heap        ] GC(125) ParOldGen: 1018854K(1034752K)->1034308K(1142784K)
[6.471s][info][gc,metaspace   ] GC(125) Metaspace: 6297K(6464K)->6297K(6464K) NonClass: 5764K(5824K)->5764K(5824K) Class: 533K(640K)->533K(640K)
[6.471s][info][gc             ] GC(125) Pause Full (Ergonomics) 1013M->1012M(1199M) 331.006ms
[6.471s][info][gc,cpu         ] GC(125) User=2.25s Sys=0.02s Real=0.33s
[6.497s][info][gc,start       ] GC(126) Pause Young (Allocation Failure)
[6.554s][info][gc,heap        ] GC(126) PSYoungGen: 24581K(85504K)->22656K(87040K) Eden: 22528K(22528K)->0K(22528K) From: 2053K(62976K)->22656K(64512K)
[6.554s][info][gc,heap        ] GC(126) ParOldGen: 1034308K(1142784K)->1036420K(1142784K)
[6.554s][info][gc,metaspace   ] GC(126) Metaspace: 6297K(6464K)->6297K(6464K) NonClass: 5764K(5824K)->5764K(5824K) Class: 533K(640K)->533K(640K)
[6.554s][info][gc             ] GC(126) Pause Young (Allocation Failure) 1034M->1034M(1201M) 56.882ms
[6.554s][info][gc,cpu         ] GC(126) User=0.38s Sys=0.00s Real=0.06s
[6.580s][info][gc,start       ] GC(127) Pause Young (Allocation Failure)
[6.605s][info][gc,heap        ] GC(127) PSYoungGen: 45184K(87040K)->45216K(84480K) Eden: 22528K(22528K)->0K(22016K) From: 22656K(64512K)->45216K(62464K)
[6.605s][info][gc,heap        ] GC(127) ParOldGen: 1036420K(1142784K)->1036420K(1142784K)
[6.605s][info][gc,metaspace   ] GC(127) Metaspace: 6297K(6464K)->6297K(6464K) NonClass: 5764K(5824K)->5764K(5824K) Class: 533K(640K)->533K(640K)
[6.605s][info][gc             ] GC(127) Pause Young (Allocation Failure) 1056M->1056M(1198M) 25.203ms
[6.605s][info][gc,cpu         ] GC(127) User=0.12s Sys=0.00s Real=0.02s
[6.630s][info][gc,start       ] GC(128) Pause Young (Allocation Failure)
[6.664s][info][gc,heap        ] GC(128) PSYoungGen: 67232K(84480K)->65024K(87040K) Eden: 22016K(22016K)->0K(22016K) From: 45216K(62464K)->65024K(65024K)
[6.664s][info][gc,heap        ] GC(128) ParOldGen: 1036420K(1142784K)->1038580K(1142784K)
[6.664s][info][gc,metaspace   ] GC(128) Metaspace: 6297K(6464K)->6297K(6464K) NonClass: 5764K(5824K)->5764K(5824K) Class: 533K(640K)->533K(640K)
[6.664s][info][gc             ] GC(128) Pause Young (Allocation Failure) 1077M->1077M(1201M) 34.021ms
[6.664s][info][gc,cpu         ] GC(128) User=0.16s Sys=0.00s Real=0.03s
[6.690s][info][gc,start       ] GC(129) Pause Young (Allocation Failure)
[6.735s][info][gc,heap        ] GC(129) PSYoungGen: 87040K(87040K)->43456K(98816K) Eden: 22016K(22016K)->0K(24576K) From: 65024K(65024K)->43456K(74240K)
[6.735s][info][gc,heap        ] GC(129) ParOldGen: 1038580K(1142784K)->1082844K(1142784K)
[6.735s][info][gc,metaspace   ] GC(129) Metaspace: 6297K(6464K)->6297K(6464K) NonClass: 5764K(5824K)->5764K(5824K) Class: 533K(640K)->533K(640K)
[6.735s][info][gc             ] GC(129) Pause Young (Allocation Failure) 1099M->1099M(1212M) 44.661ms
[6.735s][info][gc,cpu         ] GC(129) User=0.23s Sys=0.03s Real=0.05s
[6.761s][info][gc,start       ] GC(130) Pause Young (Allocation Failure)
[6.797s][info][gc,heap        ] GC(130) PSYoungGen: 68032K(98816K)->46720K(99328K) Eden: 24576K(24576K)->0K(24576K) From: 43456K(74240K)->46720K(74752K)
[6.797s][info][gc,heap        ] GC(130) ParOldGen: 1082844K(1142784K)->1104428K(1142784K)
[6.797s][info][gc,metaspace   ] GC(130) Metaspace: 6297K(6464K)->6297K(6464K) NonClass: 5764K(5824K)->5764K(5824K) Class: 533K(640K)->533K(640K)
[6.797s][info][gc             ] GC(130) Pause Young (Allocation Failure) 1123M->1124M(1213M) 35.382ms
[6.797s][info][gc,cpu         ] GC(130) User=0.36s Sys=0.00s Real=0.04s
[6.797s][info][gc,start       ] GC(131) Pause Full (Ergonomics)
[6.797s][info][gc,phases,start] GC(131) Marking Phase
[7.063s][info][gc,phases      ] GC(131) Marking Phase 266.655ms
[7.063s][info][gc,phases,start] GC(131) Summary Phase
[7.063s][info][gc,phases      ] GC(131) Summary Phase 0.035ms
[7.063s][info][gc,phases,start] GC(131) Adjust Roots
[7.064s][info][gc,phases      ] GC(131) Adjust Roots 0.168ms
[7.064s][info][gc,phases,start] GC(131) Compaction Phase
[7.162s][info][gc,phases      ] GC(131) Compaction Phase 97.876ms
[7.162s][info][gc,phases,start] GC(131) Post Compact
[7.164s][info][gc,phases      ] GC(131) Post Compact 1.916ms
[7.164s][info][gc,heap        ] GC(131) PSYoungGen: 46720K(99328K)->7191K(99328K) Eden: 0K(24576K)->0K(24576K) From: 46720K(74752K)->7191K(74752K)
[7.164s][info][gc,heap        ] GC(131) ParOldGen: 1104428K(1142784K)->1142678K(1268736K)
[7.164s][info][gc,metaspace   ] GC(131) Metaspace: 6297K(6464K)->6297K(6464K) NonClass: 5764K(5824K)->5764K(5824K) Class: 533K(640K)->533K(640K)
[7.164s][info][gc             ] GC(131) Pause Full (Ergonomics) 1124M->1122M(1336M) 367.415ms
[7.164s][info][gc,cpu         ] GC(131) User=2.62s Sys=0.03s Real=0.37s
[7.196s][info][gc,start       ] GC(132) Pause Young (Allocation Failure)
[7.267s][info][gc,heap        ] GC(132) PSYoungGen: 31767K(99328K)->28960K(96256K) Eden: 24576K(24576K)->0K(27136K) From: 7191K(74752K)->28960K(69120K)
[7.268s][info][gc,heap        ] GC(132) ParOldGen: 1142678K(1268736K)->1145726K(1268736K)
[7.268s][info][gc,metaspace   ] GC(132) Metaspace: 6297K(6464K)->6297K(6464K) NonClass: 5764K(5824K)->5764K(5824K) Class: 533K(640K)->533K(640K)
[7.268s][info][gc             ] GC(132) Pause Young (Allocation Failure) 1146M->1147M(1333M) 72.080ms
[7.268s][info][gc,cpu         ] GC(132) User=0.39s Sys=0.02s Real=0.07s
[7.300s][info][gc,start       ] GC(133) Pause Young (Allocation Failure)
[7.331s][info][gc,heap        ] GC(133) PSYoungGen: 56096K(96256K)->56128K(99328K) Eden: 27136K(27136K)->0K(27136K) From: 28960K(69120K)->56128K(72192K)
[7.331s][info][gc,heap        ] GC(133) ParOldGen: 1145726K(1268736K)->1145726K(1268736K)
[7.331s][info][gc,metaspace   ] GC(133) Metaspace: 6297K(6464K)->6297K(6464K) NonClass: 5764K(5824K)->5764K(5824K) Class: 533K(640K)->533K(640K)
[7.331s][info][gc             ] GC(133) Pause Young (Allocation Failure) 1173M->1173M(1336M) 31.156ms
[7.331s][info][gc,cpu         ] GC(133) User=0.14s Sys=0.00s Real=0.03s
[7.365s][info][gc,start       ] GC(134) Pause Young (Allocation Failure)
[7.410s][info][gc,heap        ] GC(134) PSYoungGen: 83264K(99328K)->76288K(93184K) Eden: 27136K(27136K)->0K(16896K) From: 56128K(72192K)->76288K(76288K)
[7.410s][info][gc,heap        ] GC(134) ParOldGen: 1145726K(1268736K)->1152694K(1268736K)
[7.410s][info][gc,metaspace   ] GC(134) Metaspace: 6297K(6464K)->6297K(6464K) NonClass: 5764K(5824K)->5764K(5824K) Class: 533K(640K)->533K(640K)
[7.410s][info][gc             ] GC(134) Pause Young (Allocation Failure) 1200M->1200M(1330M) 44.600ms
[7.410s][info][gc,cpu         ] GC(134) User=0.25s Sys=0.00s Real=0.04s
[7.430s][info][gc,start       ] GC(135) Pause Young (Allocation Failure)
[7.478s][info][gc,heap        ] GC(135) PSYoungGen: 93184K(93184K)->67328K(106496K) Eden: 16896K(16896K)->0K(16896K) From: 76288K(76288K)->67328K(89600K)
[7.478s][info][gc,heap        ] GC(135) ParOldGen: 1152694K(1268736K)->1179030K(1268736K)
[7.478s][info][gc,metaspace   ] GC(135) Metaspace: 6297K(6464K)->6297K(6464K) NonClass: 5764K(5824K)->5764K(5824K) Class: 533K(640K)->533K(640K)
[7.478s][info][gc             ] GC(135) Pause Young (Allocation Failure) 1216M->1217M(1343M) 48.531ms
[7.478s][info][gc,cpu         ] GC(135) User=0.27s Sys=0.02s Real=0.05s
[7.498s][info][gc,start       ] GC(136) Pause Young (Allocation Failure)
[7.541s][info][gc,heap        ] GC(136) PSYoungGen: 84224K(106496K)->58688K(113152K) Eden: 16896K(16896K)->0K(18944K) From: 67328K(89600K)->58688K(94208K)
[7.541s][info][gc,heap        ] GC(136) ParOldGen: 1179030K(1268736K)->1204918K(1268736K)
[7.541s][info][gc,metaspace   ] GC(136) Metaspace: 6297K(6464K)->6297K(6464K) NonClass: 5764K(5824K)->5764K(5824K) Class: 533K(640K)->533K(640K)
[7.541s][info][gc             ] GC(136) Pause Young (Allocation Failure) 1233M->1233M(1349M) 42.545ms
[7.541s][info][gc,cpu         ] GC(136) User=0.25s Sys=0.00s Real=0.04s
[7.564s][info][gc,start       ] GC(137) Pause Young (Allocation Failure)
[7.604s][info][gc,heap        ] GC(137) PSYoungGen: 77632K(113152K)->52864K(113152K) Eden: 18944K(18944K)->0K(18944K) From: 58688K(94208K)->52864K(94208K)
[7.604s][info][gc,heap        ] GC(137) ParOldGen: 1204918K(1268736K)->1229998K(1268736K)
[7.604s][info][gc,metaspace   ] GC(137) Metaspace: 6297K(6464K)->6297K(6464K) NonClass: 5764K(5824K)->5764K(5824K) Class: 533K(640K)->533K(640K)
[7.604s][info][gc             ] GC(137) Pause Young (Allocation Failure) 1252M->1252M(1349M) 40.237ms
[7.604s][info][gc,cpu         ] GC(137) User=0.22s Sys=0.03s Real=0.04s
[7.604s][info][gc,start       ] GC(138) Pause Full (Ergonomics)
[7.604s][info][gc,phases,start] GC(138) Marking Phase
[7.882s][info][gc,phases      ] GC(138) Marking Phase 277.954ms
[7.882s][info][gc,phases,start] GC(138) Summary Phase
[7.882s][info][gc,phases      ] GC(138) Summary Phase 0.033ms
[7.882s][info][gc,phases,start] GC(138) Adjust Roots
[7.882s][info][gc,phases      ] GC(138) Adjust Roots 0.190ms
[7.882s][info][gc,phases,start] GC(138) Compaction Phase
[7.992s][info][gc,phases      ] GC(138) Compaction Phase 110.077ms
[7.992s][info][gc,phases,start] GC(138) Post Compact
[7.995s][info][gc,phases      ] GC(138) Post Compact 2.180ms
[7.995s][info][gc,heap        ] GC(138) PSYoungGen: 52864K(113152K)->12789K(113152K) Eden: 0K(18944K)->0K(18944K) From: 52864K(94208K)->12789K(94208K)
[7.995s][info][gc,heap        ] GC(138) ParOldGen: 1229998K(1268736K)->1268481K(1404928K)
[7.995s][info][gc,metaspace   ] GC(138) Metaspace: 6297K(6464K)->6297K(6464K) NonClass: 5764K(5824K)->5764K(5824K) Class: 533K(640K)->533K(640K)
[7.995s][info][gc             ] GC(138) Pause Full (Ergonomics) 1252M->1251M(1482M) 391.332ms
[7.995s][info][gc,cpu         ] GC(138) User=2.91s Sys=0.02s Real=0.39s
[8.021s][info][gc,start       ] GC(139) Pause Young (Allocation Failure)
[8.092s][info][gc,heap        ] GC(139) PSYoungGen: 31733K(113152K)->22112K(111616K) Eden: 18944K(18944K)->0K(20992K) From: 12789K(94208K)->22112K(90624K)
[8.092s][info][gc,heap        ] GC(139) ParOldGen: 1268481K(1404928K)->1278393K(1404928K)
[8.092s][info][gc,metaspace   ] GC(139) Metaspace: 6297K(6464K)->6297K(6464K) NonClass: 5764K(5824K)->5764K(5824K) Class: 533K(640K)->533K(640K)
[8.092s][info][gc             ] GC(139) Pause Young (Allocation Failure) 1269M->1270M(1481M) 71.614ms
[8.092s][info][gc,cpu         ] GC(139) User=0.41s Sys=0.00s Real=0.07s
[8.110s][info][gc,start       ] GC(140) Pause Young (Allocation Failure)
[8.132s][info][gc,heap        ] GC(140) PSYoungGen: 43104K(111616K)->30432K(112640K) Eden: 20992K(20992K)->0K(20992K) From: 22112K(90624K)->30432K(91648K)
[8.132s][info][gc,heap        ] GC(140) ParOldGen: 1278393K(1404928K)->1281497K(1404928K)
[8.132s][info][gc,metaspace   ] GC(140) Metaspace: 6297K(6464K)->6297K(6464K) NonClass: 5764K(5824K)->5764K(5824K) Class: 533K(640K)->533K(640K)
[8.132s][info][gc             ] GC(140) Pause Young (Allocation Failure) 1290M->1281M(1482M) 22.060ms
[8.132s][info][gc,cpu         ] GC(140) User=0.12s Sys=0.00s Real=0.02s
[8.152s][info][gc,start       ] GC(141) Pause Young (Allocation Failure)
[8.178s][info][gc,heap        ] GC(141) PSYoungGen: 51424K(112640K)->23744K(110592K) Eden: 20992K(20992K)->0K(23552K) From: 30432K(91648K)->23744K(87040K)
[8.178s][info][gc,heap        ] GC(141) ParOldGen: 1281497K(1404928K)->1300713K(1404928K)
[8.178s][info][gc,metaspace   ] GC(141) Metaspace: 6297K(6464K)->6297K(6464K) NonClass: 5764K(5824K)->5764K(5824K) Class: 533K(640K)->533K(640K)
[8.178s][info][gc             ] GC(141) Pause Young (Allocation Failure) 1301M->1293M(1480M) 26.408ms
[8.178s][info][gc,cpu         ] GC(141) User=0.14s Sys=0.00s Real=0.03s
[8.210s][info][gc,start       ] GC(142) Pause Young (Allocation Failure)
[8.238s][info][gc,heap        ] GC(142) PSYoungGen: 47296K(110592K)->36032K(59904K) Eden: 23552K(23552K)->0K(23552K) From: 23744K(87040K)->36032K(36352K)
[8.238s][info][gc,heap        ] GC(142) ParOldGen: 1300713K(1404928K)->1312241K(1404928K)
[8.238s][info][gc,metaspace   ] GC(142) Metaspace: 6297K(6464K)->6297K(6464K) NonClass: 5764K(5824K)->5764K(5824K) Class: 533K(640K)->533K(640K)
[8.238s][info][gc             ] GC(142) Pause Young (Allocation Failure) 1316M->1316M(1430M) 28.475ms
[8.238s][info][gc,cpu         ] GC(142) User=0.14s Sys=0.00s Real=0.03s
[8.266s][info][gc,start       ] GC(143) Pause Young (Allocation Failure)
[8.301s][info][gc,heap        ] GC(143) PSYoungGen: 59584K(59904K)->47264K(108032K) Eden: 23552K(23552K)->0K(26624K) From: 36032K(36352K)->47264K(81408K)
[8.301s][info][gc,heap        ] GC(143) ParOldGen: 1312241K(1404928K)->1324745K(1404928K)
[8.301s][info][gc,metaspace   ] GC(143) Metaspace: 6297K(6464K)->6297K(6464K) NonClass: 5764K(5824K)->5764K(5824K) Class: 533K(640K)->533K(640K)
[8.301s][info][gc             ] GC(143) Pause Young (Allocation Failure) 1339M->1339M(1477M) 34.942ms
[8.301s][info][gc,cpu         ] GC(143) User=0.16s Sys=0.00s Real=0.04s
[8.335s][info][gc,start       ] GC(144) Pause Young (Allocation Failure)
[8.376s][info][gc,heap        ] GC(144) PSYoungGen: 73888K(108032K)->50368K(109056K) Eden: 26624K(26624K)->0K(26624K) From: 47264K(81408K)->50368K(82432K)
[8.376s][info][gc,heap        ] GC(144) ParOldGen: 1324745K(1404928K)->1348617K(1404928K)
[8.376s][info][gc,metaspace   ] GC(144) Metaspace: 6297K(6464K)->6297K(6464K) NonClass: 5764K(5824K)->5764K(5824K) Class: 533K(640K)->533K(640K)
[8.376s][info][gc             ] GC(144) Pause Young (Allocation Failure) 1365M->1366M(1478M) 41.401ms
[8.376s][info][gc,cpu         ] GC(144) User=0.25s Sys=0.00s Real=0.04s
[8.686s][info][gc,start       ] GC(145) Pause Young (Allocation Failure)
[8.758s][info][gc,heap        ] GC(145) PSYoungGen: 76992K(109056K)->53472K(110592K) Eden: 26624K(26624K)->0K(29184K) From: 50368K(82432K)->53472K(81408K)
[8.758s][info][gc,heap        ] GC(145) ParOldGen: 1414153K(1470976K)->1438009K(1470976K)
[8.758s][info][gc,metaspace   ] GC(145) Metaspace: 6297K(6464K)->6297K(6464K) NonClass: 5764K(5824K)->5764K(5824K) Class: 533K(640K)->533K(640K)
[8.758s][info][gc             ] GC(145) Pause Young (Allocation Failure) 1456M->1456M(1544M) 71.741ms
[8.758s][info][gc,cpu         ] GC(145) User=0.36s Sys=0.05s Real=0.07s
[8.758s][info][gc,start       ] GC(146) Pause Full (Ergonomics)
[8.758s][info][gc,phases,start] GC(146) Marking Phase
[9.084s][info][gc,phases      ] GC(146) Marking Phase 326.377ms
[9.084s][info][gc,phases,start] GC(146) Summary Phase
[9.084s][info][gc,phases      ] GC(146) Summary Phase 0.051ms
[9.084s][info][gc,phases,start] GC(146) Adjust Roots
[9.084s][info][gc,phases      ] GC(146) Adjust Roots 0.162ms
[9.085s][info][gc,phases,start] GC(146) Compaction Phase
[9.323s][info][gc,phases      ] GC(146) Compaction Phase 238.350ms
[9.323s][info][gc,phases,start] GC(146) Post Compact
[9.326s][info][gc,phases      ] GC(146) Post Compact 2.882ms
[9.326s][info][gc,heap        ] GC(146) PSYoungGen: 53472K(110592K)->0K(111104K) Eden: 0K(29184K)->0K(29184K) From: 53472K(81408K)->0K(81920K)
[9.326s][info][gc,heap        ] GC(146) ParOldGen: 1438009K(1470976K)->1456796K(1598976K)
[9.326s][info][gc,metaspace   ] GC(146) Metaspace: 6297K(6464K)->6297K(6464K) NonClass: 5764K(5824K)->5764K(5824K) Class: 533K(640K)->533K(640K)
[9.326s][info][gc             ] GC(146) Pause Full (Ergonomics) 1456M->1422M(1670M) 568.587ms
[9.326s][info][gc,cpu         ] GC(146) User=3.88s Sys=0.05s Real=0.57s
[9.355s][info][gc,start       ] GC(147) Pause Young (Allocation Failure)
[9.381s][info][gc,heap        ] GC(147) PSYoungGen: 29184K(111104K)->29344K(110080K) Eden: 29184K(29184K)->0K(31744K) From: 0K(81920K)->29344K(78336K)
[9.381s][info][gc,heap        ] GC(147) ParOldGen: 1456796K(1598976K)->1456796K(1598976K)
[9.381s][info][gc,metaspace   ] GC(147) Metaspace: 6297K(6464K)->6297K(6464K) NonClass: 5764K(5824K)->5764K(5824K) Class: 533K(640K)->533K(640K)
[9.381s][info][gc             ] GC(147) Pause Young (Allocation Failure) 1451M->1451M(1669M) 25.357ms
[9.381s][info][gc,cpu         ] GC(147) User=0.05s Sys=0.00s Real=0.03s
[9.409s][info][gc,start       ] GC(148) Pause Young (Allocation Failure)
[9.441s][info][gc,heap        ] GC(148) PSYoungGen: 61088K(110080K)->61152K(112128K) Eden: 31744K(31744K)->0K(31744K) From: 29344K(78336K)->61152K(80384K)
[9.441s][info][gc,heap        ] GC(148) ParOldGen: 1456796K(1598976K)->1456796K(1598976K)
[9.441s][info][gc,metaspace   ] GC(148) Metaspace: 6297K(6464K)->6297K(6464K) NonClass: 5764K(5824K)->5764K(5824K) Class: 533K(640K)->533K(640K)
[9.441s][info][gc             ] GC(148) Pause Young (Allocation Failure) 1482M->1482M(1671M) 31.865ms
[9.441s][info][gc,cpu         ] GC(148) User=0.05s Sys=0.00s Real=0.03s
[9.471s][info][gc,start       ] GC(149) Pause Young (Allocation Failure)
[9.516s][info][gc,heap        ] GC(149) PSYoungGen: 92896K(112128K)->83968K(104960K) Eden: 31744K(31744K)->0K(20992K) From: 61152K(80384K)->83968K(83968K)
[9.516s][info][gc,heap        ] GC(149) ParOldGen: 1456796K(1598976K)->1465740K(1598976K)
[9.516s][info][gc,metaspace   ] GC(149) Metaspace: 6297K(6464K)->6297K(6464K) NonClass: 5764K(5824K)->5764K(5824K) Class: 533K(640K)->533K(640K)
[9.516s][info][gc             ] GC(149) Pause Young (Allocation Failure) 1513M->1513M(1664M) 45.523ms
[9.516s][info][gc,cpu         ] GC(149) User=0.27s Sys=0.00s Real=0.04s
[9.540s][info][gc,start       ] GC(150) Pause Young (Allocation Failure)
[9.588s][info][gc,heap        ] GC(150) PSYoungGen: 104960K(104960K)->97792K(118784K) Eden: 20992K(20992K)->0K(20992K) From: 83968K(83968K)->97792K(97792K)
[9.588s][info][gc,heap        ] GC(150) ParOldGen: 1465740K(1598976K)->1473028K(1598976K)
[9.588s][info][gc,metaspace   ] GC(150) Metaspace: 6297K(6464K)->6297K(6464K) NonClass: 5764K(5824K)->5764K(5824K) Class: 533K(640K)->533K(640K)
[9.588s][info][gc             ] GC(150) Pause Young (Allocation Failure) 1533M->1534M(1677M) 47.892ms
[9.588s][info][gc,cpu         ] GC(150) User=0.27s Sys=0.00s Real=0.05s
[9.609s][info][gc,start       ] GC(151) Pause Young (Allocation Failure)
[9.665s][info][gc,heap        ] GC(151) PSYoungGen: 118784K(118784K)->66048K(134144K) Eden: 20992K(20992K)->0K(23552K) From: 97792K(97792K)->66048K(110592K)
[9.665s][info][gc,heap        ] GC(151) ParOldGen: 1473028K(1598976K)->1526460K(1598976K)
[9.665s][info][gc,metaspace   ] GC(151) Metaspace: 6297K(6464K)->6297K(6464K) NonClass: 5764K(5824K)->5764K(5824K) Class: 533K(640K)->533K(640K)
[9.665s][info][gc             ] GC(151) Pause Young (Allocation Failure) 1554M->1555M(1692M) 55.442ms
[9.665s][info][gc,cpu         ] GC(151) User=0.38s Sys=0.00s Real=0.06s
[9.689s][info][gc,start       ] GC(152) Pause Young (Allocation Failure)
[9.734s][info][gc,heap        ] GC(152) PSYoungGen: 89600K(134144K)->44704K(68608K) Eden: 23552K(23552K)->0K(23552K) From: 66048K(110592K)->44704K(45056K)
[9.735s][info][gc,heap        ] GC(152) ParOldGen: 1526460K(1598976K)->1571980K(1598976K)
[9.735s][info][gc,metaspace   ] GC(152) Metaspace: 6297K(6464K)->6297K(6464K) NonClass: 5764K(5824K)->5764K(5824K) Class: 533K(640K)->533K(640K)
[9.735s][info][gc             ] GC(152) Pause Young (Allocation Failure) 1578M->1578M(1628M) 45.079ms
[9.735s][info][gc,cpu         ] GC(152) User=0.20s Sys=0.06s Real=0.05s
[9.735s][info][gc,start       ] GC(153) Pause Full (Ergonomics)
[9.735s][info][gc,phases,start] GC(153) Marking Phase
[10.084s][info][gc,phases      ] GC(153) Marking Phase 349.804ms
[10.084s][info][gc,phases,start] GC(153) Summary Phase
[10.085s][info][gc,phases      ] GC(153) Summary Phase 0.033ms
[10.085s][info][gc,phases,start] GC(153) Adjust Roots
[10.085s][info][gc,phases      ] GC(153) Adjust Roots 0.233ms
[10.085s][info][gc,phases,start] GC(153) Compaction Phase
[10.533s][info][gc,phases      ] GC(153) Compaction Phase 448.396ms
[10.533s][info][gc,phases,start] GC(153) Post Compact
[10.536s][info][gc,phases      ] GC(153) Post Compact 3.011ms
[10.537s][info][gc,heap        ] GC(153) PSYoungGen: 44704K(68608K)->15870K(68608K) Eden: 0K(23552K)->0K(23552K) From: 44704K(45056K)->15870K(45056K)
[10.537s][info][gc,heap        ] GC(153) ParOldGen: 1571980K(1598976K)->1598954K(1767936K)
[10.537s][info][gc,metaspace   ] GC(153) Metaspace: 6297K(6464K)->6297K(6464K) NonClass: 5764K(5824K)->5764K(5824K) Class: 533K(640K)->533K(640K)
[10.537s][info][gc             ] GC(153) Pause Full (Ergonomics) 1578M->1576M(1793M) 802.337ms
[10.537s][info][gc,cpu         ] GC(153) User=5.66s Sys=0.00s Real=0.80s
[10.562s][info][gc,start       ] GC(154) Pause Young (Allocation Failure)
[10.646s][info][gc,heap        ] GC(154) PSYoungGen: 39422K(68608K)->23744K(134144K) Eden: 23552K(23552K)->0K(26112K) From: 15870K(45056K)->23744K(108032K)
[10.646s][info][gc,heap        ] GC(154) ParOldGen: 1598954K(1767936K)->1615058K(1767936K)
[10.646s][info][gc,metaspace   ] GC(154) Metaspace: 6297K(6464K)->6297K(6464K) NonClass: 5764K(5824K)->5764K(5824K) Class: 533K(640K)->533K(640K)
[10.646s][info][gc             ] GC(154) Pause Young (Allocation Failure) 1599M->1600M(1857M) 84.108ms
[10.646s][info][gc,cpu         ] GC(154) User=0.42s Sys=0.02s Real=0.08s
[10.672s][info][gc,start       ] GC(155) Pause Young (Allocation Failure)
[10.705s][info][gc,heap        ] GC(155) PSYoungGen: 49856K(134144K)->49792K(76288K) Eden: 26112K(26112K)->0K(26112K) From: 23744K(108032K)->49792K(50176K)
[10.705s][info][gc,heap        ] GC(155) ParOldGen: 1615058K(1767936K)->1615058K(1767936K)
[10.705s][info][gc,metaspace   ] GC(155) Metaspace: 6297K(6464K)->6297K(6464K) NonClass: 5764K(5824K)->5764K(5824K) Class: 533K(640K)->533K(640K)
[10.705s][info][gc             ] GC(155) Pause Young (Allocation Failure) 1625M->1625M(1801M) 33.534ms
[10.705s][info][gc,cpu         ] GC(155) User=0.16s Sys=0.00s Real=0.03s
[10.734s][info][gc,start       ] GC(156) Pause Young (Allocation Failure)
[10.774s][info][gc,heap        ] GC(156) PSYoungGen: 75904K(76288K)->76000K(128000K) Eden: 26112K(26112K)->0K(25088K) From: 49792K(50176K)->76000K(102912K)
[10.774s][info][gc,heap        ] GC(156) ParOldGen: 1615058K(1767936K)->1615058K(1767936K)
[10.774s][info][gc,metaspace   ] GC(156) Metaspace: 6297K(6464K)->6297K(6464K) NonClass: 5764K(5824K)->5764K(5824K) Class: 533K(640K)->533K(640K)
[10.774s][info][gc             ] GC(156) Pause Young (Allocation Failure) 1651M->1651M(1851M) 40.365ms
[10.774s][info][gc,cpu         ] GC(156) User=0.14s Sys=0.02s Real=0.04s
[10.801s][info][gc,start       ] GC(157) Pause Young (Allocation Failure)
[10.851s][info][gc,heap        ] GC(157) PSYoungGen: 101088K(128000K)->77536K(132096K) Eden: 25088K(25088K)->0K(25088K) From: 76000K(102912K)->77536K(107008K)
[10.851s][info][gc,heap        ] GC(157) ParOldGen: 1615058K(1767936K)->1638914K(1767936K)
[10.851s][info][gc,metaspace   ] GC(157) Metaspace: 6297K(6464K)->6297K(6464K) NonClass: 5764K(5824K)->5764K(5824K) Class: 533K(640K)->533K(640K)
[10.851s][info][gc             ] GC(157) Pause Young (Allocation Failure) 1675M->1676M(1855M) 49.638ms
[10.851s][info][gc,cpu         ] GC(157) User=0.27s Sys=0.02s Real=0.05s
[10.879s][info][gc,start       ] GC(158) Pause Young (Allocation Failure)
[10.930s][info][gc,heap        ] GC(158) PSYoungGen: 102624K(132096K)->76480K(136704K) Eden: 25088K(25088K)->0K(26112K) From: 77536K(107008K)->76480K(110592K)
[10.930s][info][gc,heap        ] GC(158) ParOldGen: 1638914K(1767936K)->1665378K(1767936K)
[10.930s][info][gc,metaspace   ] GC(158) Metaspace: 6297K(6464K)->6297K(6464K) NonClass: 5764K(5824K)->5764K(5824K) Class: 533K(640K)->533K(640K)
[10.930s][info][gc             ] GC(158) Pause Young (Allocation Failure) 1700M->1701M(1860M) 51.056ms
[10.930s][info][gc,cpu         ] GC(158) User=0.38s Sys=0.00s Real=0.05s
[10.958s][info][gc,start       ] GC(159) Pause Young (Allocation Failure)
[11.007s][info][gc,heap        ] GC(159) PSYoungGen: 102592K(136704K)->76480K(138752K) Eden: 26112K(26112K)->0K(26112K) From: 76480K(110592K)->76480K(112640K)
[11.008s][info][gc,heap        ] GC(159) ParOldGen: 1665378K(1767936K)->1691826K(1767936K)
[11.008s][info][gc,metaspace   ] GC(159) Metaspace: 6297K(6464K)->6297K(6464K) NonClass: 5764K(5824K)->5764K(5824K) Class: 533K(640K)->533K(640K)
[11.008s][info][gc             ] GC(159) Pause Young (Allocation Failure) 1726M->1726M(1862M) 49.860ms
[11.008s][info][gc,cpu         ] GC(159) User=0.36s Sys=0.02s Real=0.05s
[11.035s][info][gc,start       ] GC(160) Pause Young (Allocation Failure)
[11.086s][info][gc,heap        ] GC(160) PSYoungGen: 102592K(138752K)->77504K(142848K) Eden: 26112K(26112K)->0K(28672K) From: 76480K(112640K)->77504K(114176K)
[11.086s][info][gc,heap        ] GC(160) ParOldGen: 1691826K(1767936K)->1717242K(1767936K)
[11.086s][info][gc,metaspace   ] GC(160) Metaspace: 6297K(6464K)->6297K(6464K) NonClass: 5764K(5824K)->5764K(5824K) Class: 533K(640K)->533K(640K)
[11.086s][info][gc             ] GC(160) Pause Young (Allocation Failure) 1752M->1752M(1866M) 50.479ms
[11.086s][info][gc,cpu         ] GC(160) User=0.25s Sys=0.02s Real=0.05s
[11.116s][info][gc,start       ] GC(161) Pause Young (Allocation Failure)
[11.169s][info][gc,heap        ] GC(161) PSYoungGen: 106176K(142848K)->54944K(143872K) Eden: 28672K(28672K)->0K(28672K) From: 77504K(114176K)->54944K(115200K)
[11.169s][info][gc,heap        ] GC(161) ParOldGen: 1717242K(1767936K)->1769130K(1769472K)
[11.169s][info][gc,metaspace   ] GC(161) Metaspace: 6297K(6464K)->6297K(6464K) NonClass: 5764K(5824K)->5764K(5824K) Class: 533K(640K)->533K(640K)
[11.169s][info][gc             ] GC(161) Pause Young (Allocation Failure) 1780M->1781M(1868M) 53.553ms
[11.169s][info][gc,cpu         ] GC(161) User=0.38s Sys=0.00s Real=0.05s
[11.169s][info][gc,start       ] GC(162) Pause Full (Ergonomics)
[11.170s][info][gc,phases,start] GC(162) Marking Phase
[11.562s][info][gc,phases      ] GC(162) Marking Phase 391.994ms
[11.562s][info][gc,phases,start] GC(162) Summary Phase
[11.562s][info][gc,phases      ] GC(162) Summary Phase 0.031ms
[11.562s][info][gc,phases,start] GC(162) Adjust Roots
[11.562s][info][gc,phases      ] GC(162) Adjust Roots 0.161ms
[11.562s][info][gc,phases,start] GC(162) Compaction Phase
[11.754s][info][gc,phases      ] GC(162) Compaction Phase 192.499ms
[11.754s][info][gc,phases,start] GC(162) Post Compact
[11.758s][info][gc,phases      ] GC(162) Post Compact 3.279ms
[11.758s][info][gc,heap        ] GC(162) PSYoungGen: 54944K(143872K)->52164K(143872K) Eden: 0K(28672K)->0K(28672K) From: 54944K(115200K)->52164K(115200K)
[11.758s][info][gc,heap        ] GC(162) ParOldGen: 1769130K(1769472K)->1769257K(1953792K)
[11.758s][info][gc,metaspace   ] GC(162) Metaspace: 6297K(6464K)->6297K(6464K) NonClass: 5764K(5824K)->5764K(5824K) Class: 533K(640K)->533K(640K)
[11.758s][info][gc             ] GC(162) Pause Full (Ergonomics) 1781M->1778M(2048M) 588.914ms
[11.758s][info][gc,cpu         ] GC(162) User=3.92s Sys=0.00s Real=0.59s
[11.790s][info][gc,start       ] GC(163) Pause Young (Allocation Failure)
[11.898s][info][gc,heap        ] GC(163) PSYoungGen: 80836K(143872K)->28800K(142848K) Eden: 28672K(28672K)->0K(31744K) From: 52164K(115200K)->28800K(111104K)
[11.898s][info][gc,heap        ] GC(163) ParOldGen: 1769257K(1953792K)->1822169K(1953792K)
[11.898s][info][gc,metaspace   ] GC(163) Metaspace: 6297K(6464K)->6297K(6464K) NonClass: 5764K(5824K)->5764K(5824K) Class: 533K(640K)->533K(640K)
[11.898s][info][gc             ] GC(163) Pause Young (Allocation Failure) 1806M->1807M(2047M) 108.500ms
[11.898s][info][gc,cpu         ] GC(163) User=0.70s Sys=0.06s Real=0.11s
[11.933s][info][gc,start       ] GC(164) Pause Young (Allocation Failure)
[11.976s][info][gc,heap        ] GC(164) PSYoungGen: 60544K(142848K)->31904K(143360K) Eden: 31744K(31744K)->0K(31744K) From: 28800K(111104K)->31904K(111616K)
[11.976s][info][gc,heap        ] GC(164) ParOldGen: 1822169K(1953792K)->1851209K(1953792K)
[11.976s][info][gc,metaspace   ] GC(164) Metaspace: 6297K(6464K)->6297K(6464K) NonClass: 5764K(5824K)->5764K(5824K) Class: 533K(640K)->533K(640K)
[11.976s][info][gc             ] GC(164) Pause Young (Allocation Failure) 1838M->1838M(2048M) 42.392ms
[11.976s][info][gc,cpu         ] GC(164) User=0.06s Sys=0.00s Real=0.04s
[12.011s][info][gc,start       ] GC(165) Pause Young (Allocation Failure)
[12.049s][info][gc,heap        ] GC(165) PSYoungGen: 63648K(143360K)->31872K(142848K) Eden: 31744K(31744K)->0K(35328K) From: 31904K(111616K)->31872K(107520K)
[12.049s][info][gc,heap        ] GC(165) ParOldGen: 1851209K(1953792K)->1883401K(1953792K)
[12.049s][info][gc,metaspace   ] GC(165) Metaspace: 6297K(6464K)->6297K(6464K) NonClass: 5764K(5824K)->5764K(5824K) Class: 533K(640K)->533K(640K)
[12.049s][info][gc             ] GC(165) Pause Young (Allocation Failure) 1869M->1870M(2047M) 37.742ms
[12.049s][info][gc,cpu         ] GC(165) User=0.14s Sys=0.03s Real=0.04s
[12.089s][info][gc,start       ] GC(166) Pause Young (Allocation Failure)
[12.128s][info][gc,heap        ] GC(166) PSYoungGen: 67200K(142848K)->35552K(144384K) Eden: 35328K(35328K)->0K(35328K) From: 31872K(107520K)->35552K(109056K)
[12.128s][info][gc,heap        ] GC(166) ParOldGen: 1883401K(1953792K)->1915585K(1953792K)
[12.128s][info][gc,metaspace   ] GC(166) Metaspace: 6297K(6464K)->6297K(6464K) NonClass: 5764K(5824K)->5764K(5824K) Class: 533K(640K)->533K(640K)
[12.128s][info][gc             ] GC(166) Pause Young (Allocation Failure) 1904M->1905M(2049M) 38.826ms
[12.128s][info][gc,cpu         ] GC(166) User=0.27s Sys=0.00s Real=0.04s
[12.128s][info][gc,start       ] GC(167) Pause Full (Ergonomics)
[12.128s][info][gc,phases,start] GC(167) Marking Phase
[12.561s][info][gc,phases      ] GC(167) Marking Phase 432.956ms
[12.561s][info][gc,phases,start] GC(167) Summary Phase
[12.561s][info][gc,phases      ] GC(167) Summary Phase 0.046ms
[12.561s][info][gc,phases,start] GC(167) Adjust Roots
[12.561s][info][gc,phases      ] GC(167) Adjust Roots 0.170ms
[12.561s][info][gc,phases,start] GC(167) Compaction Phase
[12.757s][info][gc,phases      ] GC(167) Compaction Phase 195.503ms
[12.757s][info][gc,phases,start] GC(167) Post Compact
[12.760s][info][gc,phases      ] GC(167) Post Compact 3.493ms
[12.761s][info][gc,heap        ] GC(167) PSYoungGen: 35552K(144384K)->0K(145920K) Eden: 0K(35328K)->0K(39424K) From: 35552K(109056K)->0K(106496K)
[12.761s][info][gc,heap        ] GC(167) ParOldGen: 1915585K(1953792K)->1948777K(2150400K)
[12.761s][info][gc,metaspace   ] GC(167) Metaspace: 6297K(6464K)->6297K(6464K) NonClass: 5764K(5824K)->5764K(5824K) Class: 533K(640K)->533K(640K)
[12.761s][info][gc             ] GC(167) Pause Full (Ergonomics) 1905M->1903M(2242M) 633.313ms
[12.761s][info][gc,cpu         ] GC(167) User=4.45s Sys=0.00s Real=0.63s
[12.806s][info][gc,start       ] GC(168) Pause Young (Allocation Failure)
[12.836s][info][gc,heap        ] GC(168) PSYoungGen: 39424K(145920K)->39648K(145920K) Eden: 39424K(39424K)->0K(39424K) From: 0K(106496K)->39648K(106496K)
[12.836s][info][gc,heap        ] GC(168) ParOldGen: 1948777K(2150400K)->1948777K(2150400K)
[12.836s][info][gc,metaspace   ] GC(168) Metaspace: 6297K(6464K)->6297K(6464K) NonClass: 5764K(5824K)->5764K(5824K) Class: 533K(640K)->533K(640K)
[12.836s][info][gc             ] GC(168) Pause Young (Allocation Failure) 1941M->1941M(2242M) 29.739ms
[12.836s][info][gc,cpu         ] GC(168) User=0.05s Sys=0.00s Real=0.03s
[12.884s][info][gc,start       ] GC(169) Pause Young (Allocation Failure)
[12.927s][info][gc,heap        ] GC(169) PSYoungGen: 79072K(145920K)->79072K(140288K) Eden: 39424K(39424K)->0K(37376K) From: 39648K(106496K)->79072K(102912K)
[12.927s][info][gc,heap        ] GC(169) ParOldGen: 1948777K(2150400K)->1948777K(2150400K)
[12.927s][info][gc,metaspace   ] GC(169) Metaspace: 6297K(6464K)->6297K(6464K) NonClass: 5764K(5824K)->5764K(5824K) Class: 533K(640K)->533K(640K)
[12.927s][info][gc             ] GC(169) Pause Young (Allocation Failure) 1980M->1980M(2237M) 43.072ms
[12.927s][info][gc,cpu         ] GC(169) User=0.27s Sys=0.00s Real=0.04s
[12.968s][info][gc,start       ] GC(170) Pause Young (Allocation Failure)
[13.027s][info][gc,heap        ] GC(170) PSYoungGen: 116448K(140288K)->108544K(145920K) Eden: 37376K(37376K)->0K(37376K) From: 79072K(102912K)->108544K(108544K)
[13.027s][info][gc,heap        ] GC(170) ParOldGen: 1948777K(2150400K)->1956729K(2150400K)
[13.027s][info][gc,metaspace   ] GC(170) Metaspace: 6297K(6464K)->6297K(6464K) NonClass: 5764K(5824K)->5764K(5824K) Class: 533K(640K)->533K(640K)
[13.027s][info][gc             ] GC(170) Pause Young (Allocation Failure) 2016M->2016M(2242M) 59.111ms
[13.027s][info][gc,cpu         ] GC(170) User=0.34s Sys=0.00s Real=0.06s
[13.067s][info][gc,start       ] GC(171) Pause Young (Allocation Failure)
[13.145s][info][gc,heap        ] GC(171) PSYoungGen: 145920K(145920K)->72416K(164352K) Eden: 37376K(37376K)->0K(41472K) From: 108544K(108544K)->72416K(122880K)
[13.145s][info][gc,heap        ] GC(171) ParOldGen: 1956729K(2150400K)->2031289K(2150400K)
[13.145s][info][gc,metaspace   ] GC(171) Metaspace: 6297K(6464K)->6297K(6464K) NonClass: 5764K(5824K)->5764K(5824K) Class: 533K(640K)->533K(640K)
[13.145s][info][gc             ] GC(171) Pause Young (Allocation Failure) 2053M->2054M(2260M) 78.178ms
[13.145s][info][gc,cpu         ] GC(171) User=0.44s Sys=0.08s Real=0.08s
[13.188s][info][gc,start       ] GC(172) Pause Young (Allocation Failure)
[13.246s][info][gc,heap        ] GC(172) PSYoungGen: 113888K(164352K)->79072K(165888K) Eden: 41472K(41472K)->0K(41472K) From: 72416K(122880K)->79072K(124416K)
[13.246s][info][gc,heap        ] GC(172) ParOldGen: 2031289K(2150400K)->2066585K(2150400K)
[13.246s][info][gc,metaspace   ] GC(172) Metaspace: 6297K(6464K)->6297K(6464K) NonClass: 5764K(5824K)->5764K(5824K) Class: 533K(640K)->533K(640K)
[13.246s][info][gc             ] GC(172) Pause Young (Allocation Failure) 2094M->2095M(2262M) 57.797ms
[13.246s][info][gc,cpu         ] GC(172) User=0.30s Sys=0.06s Real=0.06s
[13.290s][info][gc,start       ] GC(173) Pause Young (Allocation Failure)
[13.351s][info][gc,heap        ] GC(173) PSYoungGen: 120544K(165888K)->83200K(169472K) Eden: 41472K(41472K)->0K(44544K) From: 79072K(124416K)->83200K(124928K)
[13.351s][info][gc,heap        ] GC(173) ParOldGen: 2066585K(2150400K)->2104457K(2150400K)
[13.351s][info][gc,metaspace   ] GC(173) Metaspace: 6297K(6464K)->6297K(6464K) NonClass: 5764K(5824K)->5764K(5824K) Class: 533K(640K)->533K(640K)
[13.351s][info][gc             ] GC(173) Pause Young (Allocation Failure) 2135M->2136M(2265M) 61.195ms
[13.351s][info][gc,cpu         ] GC(173) User=0.38s Sys=0.02s Real=0.06s
[13.351s][info][gc,start       ] GC(174) Pause Full (Ergonomics)
[13.351s][info][gc,phases,start] GC(174) Marking Phase
[13.848s][info][gc,phases      ] GC(174) Marking Phase 496.745ms
[13.848s][info][gc,phases,start] GC(174) Summary Phase
[13.848s][info][gc,phases      ] GC(174) Summary Phase 0.043ms
[13.848s][info][gc,phases,start] GC(174) Adjust Roots
[13.848s][info][gc,phases      ] GC(174) Adjust Roots 0.158ms
[13.848s][info][gc,phases,start] GC(174) Compaction Phase
[14.061s][info][gc,phases      ] GC(174) Compaction Phase 212.056ms
[14.061s][info][gc,phases,start] GC(174) Post Compact
[14.065s][info][gc,phases      ] GC(174) Post Compact 4.448ms
[14.066s][info][gc,heap        ] GC(174) PSYoungGen: 83200K(169472K)->34845K(169472K) Eden: 0K(44544K)->0K(44544K) From: 83200K(124928K)->34845K(124928K)
[14.066s][info][gc,heap        ] GC(174) ParOldGen: 2104457K(2150400K)->2150279K(2377216K)
[14.066s][info][gc,metaspace   ] GC(174) Metaspace: 6297K(6464K)->6297K(6464K) NonClass: 5764K(5824K)->5764K(5824K) Class: 533K(640K)->533K(640K)
[14.066s][info][gc             ] GC(174) Pause Full (Ergonomics) 2136M->2133M(2487M) 714.813ms
[14.066s][info][gc,cpu         ] GC(174) User=5.08s Sys=0.05s Real=0.72s
[14.125s][info][gc,start       ] GC(175) Pause Young (Allocation Failure)
[14.260s][info][gc,heap        ] GC(175) PSYoungGen: 79389K(169472K)->64800K(109568K) Eden: 44544K(44544K)->0K(44544K) From: 34845K(124928K)->64800K(65024K)
[14.260s][info][gc,heap        ] GC(175) ParOldGen: 2150279K(2377216K)->2165335K(2377216K)
[14.260s][info][gc,metaspace   ] GC(175) Metaspace: 6297K(6464K)->6297K(6464K) NonClass: 5764K(5824K)->5764K(5824K) Class: 533K(640K)->533K(640K)
[14.260s][info][gc             ] GC(175) Pause Young (Allocation Failure) 2177M->2177M(2428M) 135.073ms
[14.260s][info][gc,cpu         ] GC(175) User=0.88s Sys=0.02s Real=0.13s
[14.314s][info][gc,start       ] GC(176) Pause Young (Allocation Failure)
[14.374s][info][gc,heap        ] GC(176) PSYoungGen: 109344K(109568K)->109408K(158208K) Eden: 44544K(44544K)->0K(37888K) From: 64800K(65024K)->109408K(120320K)
[14.374s][info][gc,heap        ] GC(176) ParOldGen: 2165335K(2377216K)->2165335K(2377216K)
[14.374s][info][gc,metaspace   ] GC(176) Metaspace: 6297K(6464K)->6297K(6464K) NonClass: 5764K(5824K)->5764K(5824K) Class: 533K(640K)->533K(640K)
[14.374s][info][gc             ] GC(176) Pause Young (Allocation Failure) 2221M->2221M(2476M) 60.388ms
[14.375s][info][gc,cpu         ] GC(176) User=0.33s Sys=0.03s Real=0.06s
[14.419s][info][gc,start       ] GC(177) Pause Young (Allocation Failure)
[14.494s][info][gc,heap        ] GC(177) PSYoungGen: 147296K(158208K)->131584K(169472K) Eden: 37888K(37888K)->0K(37888K) From: 109408K(120320K)->131584K(131584K)
[14.494s][info][gc,heap        ] GC(177) ParOldGen: 2165335K(2377216K)->2181143K(2377216K)
[14.494s][info][gc,metaspace   ] GC(177) Metaspace: 6297K(6464K)->6297K(6464K) NonClass: 5764K(5824K)->5764K(5824K) Class: 533K(640K)->533K(640K)
[14.494s][info][gc             ] GC(177) Pause Young (Allocation Failure) 2258M->2258M(2487M) 74.540ms
[14.494s][info][gc,cpu         ] GC(177) User=0.38s Sys=0.06s Real=0.08s
[14.536s][info][gc,start       ] GC(178) Pause Young (Allocation Failure)
[14.628s][info][gc,heap        ] GC(178) PSYoungGen: 169472K(169472K)->112416K(190464K) Eden: 37888K(37888K)->0K(36352K) From: 131584K(131584K)->112416K(154112K)
[14.628s][info][gc,heap        ] GC(178) ParOldGen: 2181143K(2377216K)->2239063K(2377216K)
[14.628s][info][gc,metaspace   ] GC(178) Metaspace: 6297K(6464K)->6297K(6464K) NonClass: 5764K(5824K)->5764K(5824K) Class: 533K(640K)->533K(640K)
[14.628s][info][gc             ] GC(178) Pause Young (Allocation Failure) 2295M->2296M(2507M) 91.962ms
[14.628s][info][gc,cpu         ] GC(178) User=0.53s Sys=0.09s Real=0.09s
[14.670s][info][gc,start       ] GC(179) Pause Young (Allocation Failure)
[14.749s][info][gc,heap        ] GC(179) PSYoungGen: 148768K(190464K)->107232K(196096K) Eden: 36352K(36352K)->0K(36352K) From: 112416K(154112K)->107232K(159744K)
[14.749s][info][gc,heap        ] GC(179) ParOldGen: 2239063K(2377216K)->2281079K(2377216K)
[14.749s][info][gc,metaspace   ] GC(179) Metaspace: 6297K(6464K)->6297K(6464K) NonClass: 5764K(5824K)->5764K(5824K) Class: 533K(640K)->533K(640K)
[14.749s][info][gc             ] GC(179) Pause Young (Allocation Failure) 2331M->2332M(2513M) 79.278ms
[14.749s][info][gc,cpu         ] GC(179) User=0.48s Sys=0.02s Real=0.08s
[14.792s][info][gc,start       ] GC(180) Pause Young (Allocation Failure)
[14.868s][info][gc,heap        ] GC(180) PSYoungGen: 143584K(196096K)->110848K(200192K) Eden: 36352K(36352K)->0K(38400K) From: 107232K(159744K)->110848K(161792K)
[14.868s][info][gc,heap        ] GC(180) ParOldGen: 2281079K(2377216K)->2314079K(2377216K)
[14.868s][info][gc,metaspace   ] GC(180) Metaspace: 6297K(6464K)->6297K(6464K) NonClass: 5764K(5824K)->5764K(5824K) Class: 533K(640K)->533K(640K)
[14.868s][info][gc             ] GC(180) Pause Young (Allocation Failure) 2367M->2368M(2517M) 76.298ms
[14.868s][info][gc,cpu         ] GC(180) User=0.52s Sys=0.00s Real=0.08s
[14.868s][info][gc,start       ] GC(181) Pause Full (Ergonomics)
[14.868s][info][gc,phases,start] GC(181) Marking Phase
[15.405s][info][gc,phases      ] GC(181) Marking Phase 537.147ms
[15.405s][info][gc,phases,start] GC(181) Summary Phase
[15.405s][info][gc,phases      ] GC(181) Summary Phase 0.044ms
[15.405s][info][gc,phases,start] GC(181) Adjust Roots
[15.405s][info][gc,phases      ] GC(181) Adjust Roots 0.161ms
[15.405s][info][gc,phases,start] GC(181) Compaction Phase
[15.636s][info][gc,phases      ] GC(181) Compaction Phase 230.227ms
[15.636s][info][gc,phases,start] GC(181) Post Compact
[15.640s][info][gc,phases      ] GC(181) Post Compact 4.786ms
[15.641s][info][gc,heap        ] GC(181) PSYoungGen: 110848K(200192K)->45590K(200192K) Eden: 0K(38400K)->0K(38400K) From: 110848K(161792K)->45590K(161792K)
[15.641s][info][gc,heap        ] GC(181) ParOldGen: 2314079K(2377216K)->2376910K(2621440K)
[15.641s][info][gc,metaspace   ] GC(181) Metaspace: 6297K(6464K)->6297K(6464K) NonClass: 5764K(5824K)->5764K(5824K) Class: 533K(640K)->533K(640K)
[15.641s][info][gc             ] GC(181) Pause Full (Ergonomics) 2368M->2365M(2755M) 773.543ms
[15.641s][info][gc,cpu         ] GC(181) User=5.62s Sys=0.02s Real=0.77s
[15.690s][info][gc,start       ] GC(182) Pause Young (Allocation Failure)
[15.840s][info][gc,heap        ] GC(182) PSYoungGen: 83990K(200192K)->65664K(104448K) Eden: 38400K(38400K)->0K(38400K) From: 45590K(161792K)->65664K(66048K)
[15.840s][info][gc,heap        ] GC(182) ParOldGen: 2376910K(2621440K)->2395670K(2621440K)
[15.840s][info][gc,metaspace   ] GC(182) Metaspace: 6297K(6464K)->6297K(6464K) NonClass: 5764K(5824K)->5764K(5824K) Class: 533K(640K)->533K(640K)
[15.840s][info][gc             ] GC(182) Pause Young (Allocation Failure) 2403M->2403M(2662M) 149.751ms
[15.840s][info][gc,cpu         ] GC(182) User=0.89s Sys=0.03s Real=0.15s
[15.886s][info][gc,start       ] GC(183) Pause Young (Allocation Failure)
[15.943s][info][gc,heap        ] GC(183) PSYoungGen: 104064K(104448K)->104096K(202240K) Eden: 38400K(38400K)->0K(42496K) From: 65664K(66048K)->104096K(159744K)
[15.943s][info][gc,heap        ] GC(183) ParOldGen: 2395670K(2621440K)->2395670K(2621440K)
[15.943s][info][gc,metaspace   ] GC(183) Metaspace: 6297K(6464K)->6297K(6464K) NonClass: 5764K(5824K)->5764K(5824K) Class: 533K(640K)->533K(640K)
[15.943s][info][gc             ] GC(183) Pause Young (Allocation Failure) 2441M->2441M(2757M) 57.064ms
[15.943s][info][gc,cpu         ] GC(183) User=0.47s Sys=0.00s Real=0.06s
[15.995s][info][gc,start       ] GC(184) Pause Young (Allocation Failure)
[16.074s][info][gc,heap        ] GC(184) PSYoungGen: 146592K(202240K)->132832K(202240K) Eden: 42496K(42496K)->0K(42496K) From: 104096K(159744K)->132832K(159744K)
[16.074s][info][gc,heap        ] GC(184) ParOldGen: 2395670K(2621440K)->2409670K(2621440K)
[16.074s][info][gc,metaspace   ] GC(184) Metaspace: 6297K(6464K)->6297K(6464K) NonClass: 5764K(5824K)->5764K(5824K) Class: 533K(640K)->533K(640K)
[16.074s][info][gc             ] GC(184) Pause Young (Allocation Failure) 2482M->2482M(2757M) 79.165ms
[16.074s][info][gc,cpu         ] GC(184) User=0.52s Sys=0.00s Real=0.08s
[16.123s][info][gc,start       ] GC(185) Pause Young (Allocation Failure)
[16.220s][info][gc,heap        ] GC(185) PSYoungGen: 175328K(202240K)->162112K(197632K) Eden: 42496K(42496K)->0K(28160K) From: 132832K(159744K)->162112K(169472K)
[16.220s][info][gc,heap        ] GC(185) ParOldGen: 2409670K(2621440K)->2423030K(2621440K)
[16.220s][info][gc,metaspace   ] GC(185) Metaspace: 6297K(6464K)->6297K(6464K) NonClass: 5764K(5824K)->5764K(5824K) Class: 533K(640K)->533K(640K)
[16.220s][info][gc             ] GC(185) Pause Young (Allocation Failure) 2524M->2524M(2753M) 97.035ms
[16.220s][info][gc,cpu         ] GC(185) User=0.52s Sys=0.09s Real=0.10s
[16.254s][info][gc,start       ] GC(186) Pause Young (Allocation Failure)
[16.359s][info][gc,heap        ] GC(186) PSYoungGen: 190272K(197632K)->151904K(216576K) Eden: 28160K(28160K)->0K(28160K) From: 162112K(169472K)->151904K(188416K)
[16.359s][info][gc,heap        ] GC(186) ParOldGen: 2423030K(2621440K)->2461782K(2621440K)
[16.359s][info][gc,metaspace   ] GC(186) Metaspace: 6297K(6464K)->6297K(6464K) NonClass: 5764K(5824K)->5764K(5824K) Class: 533K(640K)->533K(640K)
[16.359s][info][gc             ] GC(186) Pause Young (Allocation Failure) 2552M->2552M(2771M) 105.077ms
[16.359s][info][gc,cpu         ] GC(186) User=0.72s Sys=0.05s Real=0.11s
[16.395s][info][gc,start       ] GC(187) Pause Young (Allocation Failure)
[16.497s][info][gc,heap        ] GC(187) PSYoungGen: 180064K(216576K)->99104K(214528K) Eden: 28160K(28160K)->0K(32256K) From: 151904K(188416K)->99104K(182272K)
[16.497s][info][gc,heap        ] GC(187) ParOldGen: 2461782K(2621440K)->2543382K(2621440K)
[16.497s][info][gc,metaspace   ] GC(187) Metaspace: 6297K(6464K)->6297K(6464K) NonClass: 5764K(5824K)->5764K(5824K) Class: 533K(640K)->533K(640K)
[16.497s][info][gc             ] GC(187) Pause Young (Allocation Failure) 2579M->2580M(2769M) 101.643ms
[16.497s][info][gc,cpu         ] GC(187) User=0.64s Sys=0.02s Real=0.10s
[16.497s][info][gc,start       ] GC(188) Pause Full (Ergonomics)
[16.497s][info][gc,phases,start] GC(188) Marking Phase
[17.088s][info][gc,phases      ] GC(188) Marking Phase 591.719ms
[17.089s][info][gc,phases,start] GC(188) Summary Phase
[17.089s][info][gc,phases      ] GC(188) Summary Phase 0.069ms
[17.089s][info][gc,phases,start] GC(188) Adjust Roots
[17.089s][info][gc,phases      ] GC(188) Adjust Roots 0.193ms
[17.089s][info][gc,phases,start] GC(188) Compaction Phase
[17.326s][info][gc,phases      ] GC(188) Compaction Phase 237.368ms
[17.326s][info][gc,phases,start] GC(188) Post Compact
[17.331s][info][gc,phases      ] GC(188) Post Compact 5.179ms
[17.333s][info][gc,heap        ] GC(188) PSYoungGen: 99104K(214528K)->19006K(219136K) Eden: 0K(32256K)->0K(36864K) From: 99104K(182272K)->19006K(182272K)
[17.333s][info][gc,heap        ] GC(188) ParOldGen: 2543382K(2621440K)->2621416K(2894848K)
[17.333s][info][gc,metaspace   ] GC(188) Metaspace: 6297K(6464K)->6297K(6464K) NonClass: 5764K(5824K)->5764K(5824K) Class: 533K(640K)->533K(640K)
[17.333s][info][gc             ] GC(188) Pause Full (Ergonomics) 2580M->2578M(3041M) 836.029ms
[17.333s][info][gc,cpu         ] GC(188) User=6.11s Sys=0.05s Real=0.84s
[17.380s][info][gc,start       ] GC(189) Pause Young (Allocation Failure)
[17.525s][info][gc,heap        ] GC(189) PSYoungGen: 55870K(219136K)->42912K(227328K) Eden: 36864K(36864K)->0K(36864K) From: 19006K(182272K)->42912K(190464K)
[17.525s][info][gc,heap        ] GC(189) ParOldGen: 2621416K(2894848K)->2634704K(2894848K)
[17.525s][info][gc,metaspace   ] GC(189) Metaspace: 6297K(6464K)->6297K(6464K) NonClass: 5764K(5824K)->5764K(5824K) Class: 533K(640K)->533K(640K)
[17.525s][info][gc             ] GC(189) Pause Young (Allocation Failure) 2614M->2614M(3049M) 144.615ms
[17.525s][info][gc,cpu         ] GC(189) User=0.91s Sys=0.00s Real=0.14s
[17.570s][info][gc,start       ] GC(190) Pause Young (Allocation Failure)
[17.619s][info][gc,heap        ] GC(190) PSYoungGen: 79776K(227328K)->73952K(221696K) Eden: 36864K(36864K)->0K(40960K) From: 42912K(190464K)->73952K(180736K)
[17.619s][info][gc,heap        ] GC(190) ParOldGen: 2634704K(2894848K)->2640672K(2894848K)
[17.619s][info][gc,metaspace   ] GC(190) Metaspace: 6297K(6464K)->6297K(6464K) NonClass: 5764K(5824K)->5764K(5824K) Class: 533K(640K)->533K(640K)
[17.619s][info][gc             ] GC(190) Pause Young (Allocation Failure) 2650M->2651M(3043M) 48.618ms
[17.619s][info][gc,cpu         ] GC(190) User=0.27s Sys=0.00s Real=0.05s
[17.665s][info][gc,start       ] GC(191) Pause Young (Allocation Failure)
[17.728s][info][gc,heap        ] GC(191) PSYoungGen: 114912K(221696K)->78048K(119296K) Eden: 40960K(40960K)->0K(40960K) From: 73952K(180736K)->78048K(78336K)
[17.728s][info][gc,heap        ] GC(191) ParOldGen: 2640672K(2894848K)->2677880K(2894848K)
[17.728s][info][gc,metaspace   ] GC(191) Metaspace: 6297K(6464K)->6297K(6464K) NonClass: 5764K(5824K)->5764K(5824K) Class: 533K(640K)->533K(640K)
[17.728s][info][gc             ] GC(191) Pause Young (Allocation Failure) 2691M->2691M(2943M) 62.911ms
[17.728s][info][gc,cpu         ] GC(191) User=0.39s Sys=0.00s Real=0.06s
[17.776s][info][gc,start       ] GC(192) Pause Young (Allocation Failure)
[17.842s][info][gc,heap        ] GC(192) PSYoungGen: 119008K(119296K)->82144K(211968K) Eden: 40960K(40960K)->0K(45568K) From: 78048K(78336K)->82144K(166400K)
[17.842s][info][gc,heap        ] GC(192) ParOldGen: 2677880K(2894848K)->2715080K(2894848K)
[17.842s][info][gc,metaspace   ] GC(192) Metaspace: 6297K(6464K)->6297K(6464K) NonClass: 5764K(5824K)->5764K(5824K) Class: 533K(640K)->533K(640K)
[17.842s][info][gc             ] GC(192) Pause Young (Allocation Failure) 2731M->2731M(3034M) 66.070ms
[17.842s][info][gc,cpu         ] GC(192) User=0.38s Sys=0.03s Real=0.07s
[18.432s][info][gc,start       ] GC(193) Pause Full (Ergonomics)
[18.432s][info][gc,phases,start] GC(193) Marking Phase
[19.082s][info][gc,phases      ] GC(193) Marking Phase 650.049ms
[19.083s][info][gc,phases,start] GC(193) Summary Phase
[19.083s][info][gc,phases      ] GC(193) Summary Phase 0.049ms
[19.083s][info][gc,phases,start] GC(193) Adjust Roots
[19.083s][info][gc,phases      ] GC(193) Adjust Roots 0.161ms
[19.083s][info][gc,phases,start] GC(193) Compaction Phase
[19.534s][info][gc,phases      ] GC(193) Compaction Phase 450.780ms
[19.534s][info][gc,phases,start] GC(193) Post Compact
[19.540s][info][gc,phases      ] GC(193) Post Compact 6.118ms
[19.541s][info][gc,heap        ] GC(193) PSYoungGen: 127712K(211968K)->12375K(217088K) Eden: 45568K(45568K)->0K(50688K) From: 82144K(166400K)->12375K(166400K)
[19.541s][info][gc,heap        ] GC(193) ParOldGen: 2846152K(2894848K)->2894638K(3183616K)
[19.541s][info][gc,metaspace   ] GC(193) Metaspace: 6297K(6464K)->6297K(6464K) NonClass: 5764K(5824K)->5764K(5824K) Class: 533K(640K)->533K(640K)
[19.541s][info][gc             ] GC(193) Pause Full (Ergonomics) 2904M->2838M(3321M) 1108.528ms
[19.541s][info][gc,cpu         ] GC(193) User=7.78s Sys=0.09s Real=1.11s
[19.600s][info][gc,start       ] GC(194) Pause Young (Allocation Failure)
[19.754s][info][gc,heap        ] GC(194) PSYoungGen: 63063K(217088K)->57120K(223744K) Eden: 50688K(50688K)->0K(50688K) From: 12375K(166400K)->57120K(173056K)
[19.754s][info][gc,heap        ] GC(194) ParOldGen: 2894638K(3183616K)->2900910K(3183616K)
[19.754s][info][gc,metaspace   ] GC(194) Metaspace: 6297K(6464K)->6297K(6464K) NonClass: 5764K(5824K)->5764K(5824K) Class: 533K(640K)->533K(640K)
[19.754s][info][gc             ] GC(194) Pause Young (Allocation Failure) 2888M->2888M(3327M) 154.515ms
[19.754s][info][gc,cpu         ] GC(194) User=0.94s Sys=0.00s Real=0.15s
[19.811s][info][gc,start       ] GC(195) Pause Young (Allocation Failure)
[19.879s][info][gc,heap        ] GC(195) PSYoungGen: 107808K(223744K)->107904K(224768K) Eden: 50688K(50688K)->0K(55808K) From: 57120K(173056K)->107904K(168960K)
[19.879s][info][gc,heap        ] GC(195) ParOldGen: 2900910K(3183616K)->2900910K(3183616K)
[19.879s][info][gc,metaspace   ] GC(195) Metaspace: 6297K(6464K)->6297K(6464K) NonClass: 5764K(5824K)->5764K(5824K) Class: 533K(640K)->533K(640K)
[19.879s][info][gc             ] GC(195) Pause Young (Allocation Failure) 2938M->2938M(3328M) 67.914ms
[19.879s][info][gc,cpu         ] GC(195) User=0.19s Sys=0.00s Real=0.07s
[19.932s][info][gc,start       ] GC(196) Pause Young (Allocation Failure)
[20.021s][info][gc,heap        ] GC(196) PSYoungGen: 163712K(224768K)->163840K(225792K) Eden: 55808K(55808K)->0K(55808K) From: 107904K(168960K)->163840K(169984K)
[20.021s][info][gc,heap        ] GC(196) ParOldGen: 2900910K(3183616K)->2900910K(3183616K)
[20.021s][info][gc,metaspace   ] GC(196) Metaspace: 6297K(6464K)->6297K(6464K) NonClass: 5764K(5824K)->5764K(5824K) Class: 533K(640K)->533K(640K)
[20.021s][info][gc             ] GC(196) Pause Young (Allocation Failure) 2992M->2992M(3329M) 88.701ms
[20.021s][info][gc,cpu         ] GC(196) User=0.34s Sys=0.00s Real=0.09s
[20.075s][info][gc,start       ] GC(197) Pause Young (Allocation Failure)
[20.180s][info][gc,heap        ] GC(197) PSYoungGen: 219648K(225792K)->188928K(214016K) Eden: 55808K(55808K)->0K(25088K) From: 163840K(169984K)->188928K(188928K)
[20.180s][info][gc,heap        ] GC(197) ParOldGen: 2900910K(3183616K)->2931782K(3183616K)
[20.180s][info][gc,metaspace   ] GC(197) Metaspace: 6297K(6464K)->6297K(6464K) NonClass: 5764K(5824K)->5764K(5824K) Class: 533K(640K)->533K(640K)
[20.180s][info][gc             ] GC(197) Pause Young (Allocation Failure) 3047M->3047M(3318M) 105.165ms
[20.180s][info][gc,cpu         ] GC(197) User=0.59s Sys=0.05s Real=0.11s
[20.205s][info][gc,start       ] GC(198) Pause Young (Allocation Failure)
[20.305s][info][gc,heap        ] GC(198) PSYoungGen: 214016K(214016K)->120992K(146432K) Eden: 25088K(25088K)->0K(25088K) From: 188928K(188928K)->120992K(121344K)
[20.305s][info][gc,heap        ] GC(198) ParOldGen: 2931782K(3183616K)->3025670K(3183616K)
[20.305s][info][gc,metaspace   ] GC(198) Metaspace: 6297K(6464K)->6297K(6464K) NonClass: 5764K(5824K)->5764K(5824K) Class: 533K(640K)->533K(640K)
[20.305s][info][gc             ] GC(198) Pause Young (Allocation Failure) 3072M->3072M(3252M) 100.122ms
[20.305s][info][gc,cpu         ] GC(198) User=0.70s Sys=0.05s Real=0.10s
[20.330s][info][gc,start       ] GC(199) Pause Young (Allocation Failure)
[20.407s][info][gc,heap        ] GC(199) PSYoungGen: 146080K(146432K)->50336K(246272K) Eden: 25088K(25088K)->0K(28672K) From: 120992K(121344K)->50336K(217600K)
[20.407s][info][gc,heap        ] GC(199) ParOldGen: 3025670K(3183616K)->3122070K(3183616K)
[20.407s][info][gc,metaspace   ] GC(199) Metaspace: 6297K(6464K)->6297K(6464K) NonClass: 5764K(5824K)->5764K(5824K) Class: 533K(640K)->533K(640K)
[20.407s][info][gc             ] GC(199) Pause Young (Allocation Failure) 3097M->3098M(3349M) 76.601ms
[20.407s][info][gc,cpu         ] GC(199) User=0.45s Sys=0.05s Real=0.08s
[20.407s][info][gc,start       ] GC(200) Pause Full (Ergonomics)
[20.407s][info][gc,phases,start] GC(200) Marking Phase
[21.123s][info][gc,phases      ] GC(200) Marking Phase 715.994ms
[21.123s][info][gc,phases,start] GC(200) Summary Phase
[21.123s][info][gc,phases      ] GC(200) Summary Phase 0.064ms
[21.123s][info][gc,phases,start] GC(200) Adjust Roots
[21.123s][info][gc,phases      ] GC(200) Adjust Roots 0.160ms
[21.123s][info][gc,phases,start] GC(200) Compaction Phase
[21.451s][info][gc,phases      ] GC(200) Compaction Phase 328.212ms
[21.451s][info][gc,phases,start] GC(200) Post Compact
[21.457s][info][gc,phases      ] GC(200) Post Compact 5.828ms
[21.458s][info][gc,heap        ] GC(200) PSYoungGen: 50336K(246272K)->0K(246272K) Eden: 0K(28672K)->0K(28672K) From: 50336K(217600K)->0K(217600K)
[21.458s][info][gc,heap        ] GC(200) ParOldGen: 3122070K(3183616K)->3169996K(3515904K)
[21.458s][info][gc,metaspace   ] GC(200) Metaspace: 6297K(6464K)->6297K(6464K) NonClass: 5764K(5824K)->5764K(5824K) Class: 533K(640K)->533K(640K)
[21.458s][info][gc             ] GC(200) Pause Full (Ergonomics) 3098M->3095M(3674M) 1051.667ms
[21.458s][info][gc,cpu         ] GC(200) User=7.30s Sys=0.03s Real=1.05s
[21.492s][info][gc,start       ] GC(201) Pause Young (Allocation Failure)
[21.530s][info][gc,heap        ] GC(201) PSYoungGen: 28672K(246272K)->28800K(248832K) Eden: 28672K(28672K)->0K(31232K) From: 0K(217600K)->28800K(217600K)
[21.530s][info][gc,heap        ] GC(201) ParOldGen: 3169996K(3515904K)->3169996K(3515904K)
[21.530s][info][gc,metaspace   ] GC(201) Metaspace: 6297K(6464K)->6297K(6464K) NonClass: 5764K(5824K)->5764K(5824K) Class: 533K(640K)->533K(640K)
[21.530s][info][gc             ] GC(201) Pause Young (Allocation Failure) 3123M->3123M(3676M) 37.924ms
[21.530s][info][gc,cpu         ] GC(201) User=0.06s Sys=0.00s Real=0.04s
[21.563s][info][gc,start       ] GC(202) Pause Young (Allocation Failure)
[21.611s][info][gc,heap        ] GC(202) PSYoungGen: 60032K(248832K)->31392K(250368K) Eden: 31232K(31232K)->0K(31232K) From: 28800K(217600K)->31392K(219136K)
[21.611s][info][gc,heap        ] GC(202) ParOldGen: 3169996K(3515904K)->3198932K(3515904K)
[21.611s][info][gc,metaspace   ] GC(202) Metaspace: 6297K(6464K)->6297K(6464K) NonClass: 5764K(5824K)->5764K(5824K) Class: 533K(640K)->533K(640K)
[21.611s][info][gc             ] GC(202) Pause Young (Allocation Failure) 3154M->3154M(3678M) 48.463ms
[21.611s][info][gc,cpu         ] GC(202) User=0.14s Sys=0.02s Real=0.05s
[21.645s][info][gc,start       ] GC(203) Pause Young (Allocation Failure)
[21.694s][info][gc,heap        ] GC(203) PSYoungGen: 62624K(250368K)->31392K(247808K) Eden: 31232K(31232K)->0K(34816K) From: 31392K(219136K)->31392K(212992K)
[21.694s][info][gc,heap        ] GC(203) ParOldGen: 3198932K(3515904K)->3230444K(3515904K)
[21.694s][info][gc,metaspace   ] GC(203) Metaspace: 6297K(6464K)->6297K(6464K) NonClass: 5764K(5824K)->5764K(5824K) Class: 533K(640K)->533K(640K)
[21.694s][info][gc             ] GC(203) Pause Young (Allocation Failure) 3185M->3185M(3675M) 49.050ms
[21.694s][info][gc,cpu         ] GC(203) User=0.11s Sys=0.00s Real=0.05s
[21.728s][info][gc,start       ] GC(204) Pause Young (Allocation Failure)
[21.774s][info][gc,heap        ] GC(204) PSYoungGen: 66208K(247808K)->35008K(70144K) Eden: 34816K(34816K)->0K(34816K) From: 31392K(212992K)->35008K(35328K)
[21.774s][info][gc,heap        ] GC(204) ParOldGen: 3230444K(3515904K)->3261956K(3515904K)
[21.774s][info][gc,metaspace   ] GC(204) Metaspace: 6297K(6464K)->6297K(6464K) NonClass: 5764K(5824K)->5764K(5824K) Class: 533K(640K)->533K(640K)
[21.774s][info][gc             ] GC(204) Pause Young (Allocation Failure) 3219M->3219M(3502M) 46.215ms
[21.774s][info][gc,cpu         ] GC(204) User=0.09s Sys=0.00s Real=0.05s
[21.814s][info][gc,start       ] GC(205) Pause Young (Allocation Failure)
[21.866s][info][gc,heap        ] GC(205) PSYoungGen: 69824K(70144K)->34976K(238592K) Eden: 34816K(34816K)->0K(38912K) From: 35008K(35328K)->34976K(199680K)
[21.867s][info][gc,heap        ] GC(205) ParOldGen: 3261956K(3515904K)->3297092K(3515904K)
[21.867s][info][gc,metaspace   ] GC(205) Metaspace: 6297K(6464K)->6297K(6464K) NonClass: 5764K(5824K)->5764K(5824K) Class: 533K(640K)->533K(640K)
[21.867s][info][gc             ] GC(205) Pause Young (Allocation Failure) 3253M->3253M(3666M) 52.958ms
[21.867s][info][gc,cpu         ] GC(205) User=0.14s Sys=0.02s Real=0.05s
[21.910s][info][gc,start       ] GC(206) Pause Young (Allocation Failure)
[21.964s][info][gc,heap        ] GC(206) PSYoungGen: 73888K(238592K)->39104K(78336K) Eden: 38912K(38912K)->0K(38912K) From: 34976K(199680K)->39104K(39424K)
[21.964s][info][gc,heap        ] GC(206) ParOldGen: 3297092K(3515904K)->3332228K(3515904K)
[21.964s][info][gc,metaspace   ] GC(206) Metaspace: 6297K(6464K)->6297K(6464K) NonClass: 5764K(5824K)->5764K(5824K) Class: 533K(640K)->533K(640K)
[21.965s][info][gc             ] GC(206) Pause Young (Allocation Failure) 3291M->3292M(3510M) 54.396ms
[21.965s][info][gc,cpu         ] GC(206) User=0.16s Sys=0.00s Real=0.05s
[22.006s][info][gc,start       ] GC(207) Pause Young (Allocation Failure)
[22.061s][info][gc,heap        ] GC(207) PSYoungGen: 78016K(78336K)->39104K(227840K) Eden: 38912K(38912K)->0K(43520K) From: 39104K(39424K)->39104K(184320K)
[22.061s][info][gc,heap        ] GC(207) ParOldGen: 3332228K(3515904K)->3371500K(3515904K)
[22.061s][info][gc,metaspace   ] GC(207) Metaspace: 6297K(6464K)->6297K(6464K) NonClass: 5764K(5824K)->5764K(5824K) Class: 533K(640K)->533K(640K)
[22.061s][info][gc             ] GC(207) Pause Young (Allocation Failure) 3330M->3330M(3656M) 54.795ms
[22.061s][info][gc,cpu         ] GC(207) User=0.17s Sys=0.02s Real=0.06s
[22.107s][info][gc,start       ] GC(208) Pause Young (Allocation Failure)
[22.162s][info][gc,heap        ] GC(208) PSYoungGen: 82624K(227840K)->43744K(87552K) Eden: 43520K(43520K)->0K(43520K) From: 39104K(184320K)->43744K(44032K)
[22.162s][info][gc,heap        ] GC(208) ParOldGen: 3371500K(3515904K)->3410772K(3515904K)
[22.162s][info][gc,metaspace   ] GC(208) Metaspace: 6297K(6464K)->6297K(6464K) NonClass: 5764K(5824K)->5764K(5824K) Class: 533K(640K)->533K(640K)
[22.162s][info][gc             ] GC(208) Pause Young (Allocation Failure) 3373M->3373M(3519M) 55.296ms
[22.162s][info][gc,cpu         ] GC(208) User=0.16s Sys=0.02s Real=0.06s
[22.203s][info][gc,start       ] GC(209) Pause Young (Allocation Failure)
[22.259s][info][gc,heap        ] GC(209) PSYoungGen: 87264K(87552K)->43712K(216576K) Eden: 43520K(43520K)->0K(48640K) From: 43744K(44032K)->43712K(167936K)
[22.259s][info][gc,heap        ] GC(209) ParOldGen: 3410772K(3515904K)->3454676K(3515904K)
[22.259s][info][gc,metaspace   ] GC(209) Metaspace: 6297K(6464K)->6297K(6464K) NonClass: 5764K(5824K)->5764K(5824K) Class: 533K(640K)->533K(640K)
[22.259s][info][gc             ] GC(209) Pause Young (Allocation Failure) 3416M->3416M(3645M) 56.034ms
[22.259s][info][gc,cpu         ] GC(209) User=0.19s Sys=0.00s Real=0.06s
[22.259s][info][gc,start       ] GC(210) Pause Full (Ergonomics)
[22.259s][info][gc,phases,start] GC(210) Marking Phase
[23.038s][info][gc,phases      ] GC(210) Marking Phase 779.218ms
[23.038s][info][gc,phases,start] GC(210) Summary Phase
[23.038s][info][gc,phases      ] GC(210) Summary Phase 0.072ms
[23.038s][info][gc,phases,start] GC(210) Adjust Roots
[23.039s][info][gc,phases      ] GC(210) Adjust Roots 0.172ms
[23.039s][info][gc,phases,start] GC(210) Compaction Phase
[23.389s][info][gc,phases      ] GC(210) Compaction Phase 350.658ms
[23.389s][info][gc,phases,start] GC(210) Post Compact
[23.396s][info][gc,phases      ] GC(210) Post Compact 6.356ms
[23.397s][info][gc,heap        ] GC(210) PSYoungGen: 43712K(216576K)->0K(224256K) Eden: 0K(48640K)->0K(48640K) From: 43712K(167936K)->0K(175616K)
[23.397s][info][gc,heap        ] GC(210) ParOldGen: 3454676K(3515904K)->3495360K(3832320K)
[23.397s][info][gc,metaspace   ] GC(210) Metaspace: 6297K(6464K)->6297K(6464K) NonClass: 5764K(5824K)->5764K(5824K) Class: 533K(640K)->533K(640K)
[23.397s][info][gc             ] GC(210) Pause Full (Ergonomics) 3416M->3413M(3961M) 1137.826ms
[23.397s][info][gc,cpu         ] GC(210) User=8.38s Sys=0.03s Real=1.14s
[23.446s][info][gc,start       ] GC(211) Pause Young (Allocation Failure)
[23.490s][info][gc,heap        ] GC(211) PSYoungGen: 48640K(224256K)->48832K(210432K) Eden: 48640K(48640K)->0K(53248K) From: 0K(175616K)->48832K(157184K)
[23.490s][info][gc,heap        ] GC(211) ParOldGen: 3495360K(3832320K)->3495360K(3832320K)
[23.490s][info][gc,metaspace   ] GC(211) Metaspace: 6297K(6464K)->6297K(6464K) NonClass: 5764K(5824K)->5764K(5824K) Class: 533K(640K)->533K(640K)
[23.490s][info][gc             ] GC(211) Pause Young (Allocation Failure) 3460M->3461M(3948M) 44.606ms
[23.490s][info][gc,cpu         ] GC(211) User=0.08s Sys=0.00s Real=0.05s
[23.547s][info][gc,start       ] GC(212) Pause Young (Allocation Failure)
[23.608s][info][gc,heap        ] GC(212) PSYoungGen: 102080K(210432K)->102176K(220160K) Eden: 53248K(53248K)->0K(53248K) From: 48832K(157184K)->102176K(166912K)
[23.608s][info][gc,heap        ] GC(212) ParOldGen: 3495360K(3832320K)->3495360K(3832320K)
[23.608s][info][gc,metaspace   ] GC(212) Metaspace: 6297K(6464K)->6297K(6464K) NonClass: 5764K(5824K)->5764K(5824K) Class: 533K(640K)->533K(640K)
[23.608s][info][gc             ] GC(212) Pause Young (Allocation Failure) 3513M->3513M(3957M) 60.645ms
[23.608s][info][gc,cpu         ] GC(212) User=0.20s Sys=0.00s Real=0.06s
[23.666s][info][gc,start       ] GC(213) Pause Young (Allocation Failure)
[23.743s][info][gc,heap        ] GC(213) PSYoungGen: 155424K(220160K)->155520K(206848K) Eden: 53248K(53248K)->0K(35840K) From: 102176K(166912K)->155520K(171008K)
[23.743s][info][gc,heap        ] GC(213) ParOldGen: 3495360K(3832320K)->3495360K(3832320K)
[23.743s][info][gc,metaspace   ] GC(213) Metaspace: 6297K(6464K)->6297K(6464K) NonClass: 5764K(5824K)->5764K(5824K) Class: 533K(640K)->533K(640K)
[23.743s][info][gc             ] GC(213) Pause Young (Allocation Failure) 3565M->3565M(3944M) 76.633ms
[23.743s][info][gc,cpu         ] GC(213) User=0.52s Sys=0.00s Real=0.08s
[23.781s][info][gc,start       ] GC(214) Pause Young (Allocation Failure)
[23.868s][info][gc,heap        ] GC(214) PSYoungGen: 191360K(206848K)->191424K(229376K) Eden: 35840K(35840K)->0K(35840K) From: 155520K(171008K)->191424K(193536K)
[23.868s][info][gc,heap        ] GC(214) ParOldGen: 3495360K(3832320K)->3495360K(3832320K)
[23.868s][info][gc,metaspace   ] GC(214) Metaspace: 6297K(6464K)->6297K(6464K) NonClass: 5764K(5824K)->5764K(5824K) Class: 533K(640K)->533K(640K)
[23.868s][info][gc             ] GC(214) Pause Young (Allocation Failure) 3600M->3600M(3966M) 87.185ms
[23.868s][info][gc,cpu         ] GC(214) User=0.62s Sys=0.00s Real=0.09s
[23.902s][info][gc,start       ] GC(215) Pause Young (Allocation Failure)
[24.016s][info][gc,heap        ] GC(215) PSYoungGen: 227264K(229376K)->178592K(244224K) Eden: 35840K(35840K)->0K(19456K) From: 191424K(193536K)->178592K(224768K)
[24.016s][info][gc,heap        ] GC(215) ParOldGen: 3495360K(3832320K)->3544448K(3832320K)
[24.016s][info][gc,metaspace   ] GC(215) Metaspace: 6297K(6464K)->6297K(6464K) NonClass: 5764K(5824K)->5764K(5824K) Class: 533K(640K)->533K(640K)
[24.016s][info][gc             ] GC(215) Pause Young (Allocation Failure) 3635M->3635M(3981M) 113.548ms
[24.016s][info][gc,cpu         ] GC(215) User=0.72s Sys=0.12s Real=0.11s
[24.035s][info][gc,start       ] GC(216) Pause Young (Allocation Failure)
[24.129s][info][gc,heap        ] GC(216) PSYoungGen: 198048K(244224K)->144704K(264704K) Eden: 19456K(19456K)->0K(19456K) From: 178592K(224768K)->144704K(245248K)
[24.129s][info][gc,heap        ] GC(216) ParOldGen: 3544448K(3832320K)->3598176K(3832320K)
[24.129s][info][gc,metaspace   ] GC(216) Metaspace: 6297K(6464K)->6297K(6464K) NonClass: 5764K(5824K)->5764K(5824K) Class: 533K(640K)->533K(640K)
[24.129s][info][gc             ] GC(216) Pause Young (Allocation Failure) 3654M->3655M(4001M) 93.611ms
[24.129s][info][gc,cpu         ] GC(216) User=0.58s Sys=0.06s Real=0.09s
[24.148s][info][gc,start       ] GC(217) Pause Young (Allocation Failure)
[24.229s][info][gc,heap        ] GC(217) PSYoungGen: 164160K(264704K)->74976K(250368K) Eden: 19456K(19456K)->0K(22528K) From: 144704K(245248K)->74976K(227840K)
[24.229s][info][gc,heap        ] GC(217) ParOldGen: 3598176K(3832320K)->3688048K(3832320K)
[24.229s][info][gc,metaspace   ] GC(217) Metaspace: 6297K(6464K)->6297K(6464K) NonClass: 5764K(5824K)->5764K(5824K) Class: 533K(640K)->533K(640K)
[24.229s][info][gc             ] GC(217) Pause Young (Allocation Failure) 3674M->3674M(3987M) 81.365ms
[24.229s][info][gc,cpu         ] GC(217) User=0.42s Sys=0.02s Real=0.08s
[24.251s][info][gc,start       ] GC(218) Pause Young (Allocation Failure)
[24.310s][info][gc,heap        ] GC(218) PSYoungGen: 97504K(250368K)->42144K(65024K) Eden: 22528K(22528K)->0K(22528K) From: 74976K(227840K)->42144K(42496K)
[24.310s][info][gc,heap        ] GC(218) ParOldGen: 3688048K(3832320K)->3743816K(3832320K)
[24.310s][info][gc,metaspace   ] GC(218) Metaspace: 6297K(6464K)->6297K(6464K) NonClass: 5764K(5824K)->5764K(5824K) Class: 533K(640K)->533K(640K)
[24.310s][info][gc             ] GC(218) Pause Young (Allocation Failure) 3696M->3697M(3806M) 59.023ms
[24.310s][info][gc,cpu         ] GC(218) User=0.23s Sys=0.05s Real=0.06s
[24.310s][info][gc,start       ] GC(219) Pause Full (Ergonomics)
[24.310s][info][gc,phases,start] GC(219) Marking Phase
[25.174s][info][gc,phases      ] GC(219) Marking Phase 864.601ms
[25.174s][info][gc,phases,start] GC(219) Summary Phase
[25.174s][info][gc,phases      ] GC(219) Summary Phase 0.071ms
[25.174s][info][gc,phases,start] GC(219) Adjust Roots
[25.175s][info][gc,phases      ] GC(219) Adjust Roots 0.160ms
[25.175s][info][gc,phases,start] GC(219) Compaction Phase
[25.512s][info][gc,phases      ] GC(219) Compaction Phase 337.440ms
[25.512s][info][gc,phases,start] GC(219) Post Compact
[25.519s][info][gc,phases      ] GC(219) Post Compact 6.849ms
[25.520s][info][gc,heap        ] GC(219) PSYoungGen: 42144K(65024K)->0K(259584K) Eden: 0K(22528K)->0K(26112K) From: 42144K(42496K)->0K(233472K)
[25.520s][info][gc,heap        ] GC(219) ParOldGen: 3743816K(3832320K)->3783361K(4169728K)
[25.520s][info][gc,metaspace   ] GC(219) Metaspace: 6297K(6464K)->6297K(6464K) NonClass: 5764K(5824K)->5764K(5824K) Class: 533K(640K)->533K(640K)
[25.520s][info][gc             ] GC(219) Pause Full (Ergonomics) 3697M->3694M(4325M) 1210.484ms
[25.520s][info][gc,cpu         ] GC(219) User=8.73s Sys=0.05s Real=1.21s
[25.546s][info][gc,start       ] GC(220) Pause Young (Allocation Failure)
[25.585s][info][gc,heap        ] GC(220) PSYoungGen: 26112K(259584K)->26272K(259584K) Eden: 26112K(26112K)->0K(26112K) From: 0K(233472K)->26272K(233472K)
[25.585s][info][gc,heap        ] GC(220) ParOldGen: 3783361K(4169728K)->3783361K(4169728K)
[25.585s][info][gc,metaspace   ] GC(220) Metaspace: 6297K(6464K)->6297K(6464K) NonClass: 5764K(5824K)->5764K(5824K) Class: 533K(640K)->533K(640K)
[25.585s][info][gc             ] GC(220) Pause Young (Allocation Failure) 3720M->3720M(4325M) 39.105ms
[25.585s][info][gc,cpu         ] GC(220) User=0.03s Sys=0.00s Real=0.04s
[25.611s][info][gc,start       ] GC(221) Pause Young (Allocation Failure)
[25.655s][info][gc,heap        ] GC(221) PSYoungGen: 52384K(259584K)->26272K(251904K) Eden: 26112K(26112K)->0K(29696K) From: 26272K(233472K)->26272K(222208K)
[25.655s][info][gc,heap        ] GC(221) ParOldGen: 3783361K(4169728K)->3809713K(4169728K)
[25.655s][info][gc,metaspace   ] GC(221) Metaspace: 6297K(6464K)->6297K(6464K) NonClass: 5764K(5824K)->5764K(5824K) Class: 533K(640K)->533K(640K)
[25.655s][info][gc             ] GC(221) Pause Young (Allocation Failure) 3745M->3746M(4318M) 44.026ms
[25.655s][info][gc,cpu         ] GC(221) User=0.12s Sys=0.05s Real=0.04s
[25.688s][info][gc,start       ] GC(222) Pause Young (Allocation Failure)
[25.737s][info][gc,heap        ] GC(222) PSYoungGen: 55968K(251904K)->29888K(59904K) Eden: 29696K(29696K)->0K(29696K) From: 26272K(222208K)->29888K(30208K)
[25.737s][info][gc,heap        ] GC(222) ParOldGen: 3809713K(4169728K)->3836073K(4169728K)
[25.737s][info][gc,metaspace   ] GC(222) Metaspace: 6297K(6464K)->6297K(6464K) NonClass: 5764K(5824K)->5764K(5824K) Class: 533K(640K)->533K(640K)
[25.737s][info][gc             ] GC(222) Pause Young (Allocation Failure) 3775M->3775M(4130M) 49.224ms
[25.737s][info][gc,cpu         ] GC(222) User=0.16s Sys=0.00s Real=0.05s
[25.770s][info][gc,start       ] GC(223) Pause Young (Allocation Failure)
[25.820s][info][gc,heap        ] GC(223) PSYoungGen: 59584K(59904K)->29824K(240128K) Eden: 29696K(29696K)->0K(33280K) From: 29888K(30208K)->29824K(206848K)
[25.820s][info][gc,heap        ] GC(223) ParOldGen: 3836073K(4169728K)->3866049K(4169728K)
[25.820s][info][gc,metaspace   ] GC(223) Metaspace: 6297K(6464K)->6297K(6464K) NonClass: 5764K(5824K)->5764K(5824K) Class: 533K(640K)->533K(640K)
[25.820s][info][gc             ] GC(223) Pause Young (Allocation Failure) 3804M->3804M(4306M) 50.183ms
[25.820s][info][gc,cpu         ] GC(223) User=0.16s Sys=0.00s Real=0.05s
[25.857s][info][gc,start       ] GC(224) Pause Young (Allocation Failure)
[25.905s][info][gc,heap        ] GC(224) PSYoungGen: 63104K(240128K)->33440K(67072K) Eden: 33280K(33280K)->0K(33280K) From: 29824K(206848K)->33440K(33792K)
[25.905s][info][gc,heap        ] GC(224) ParOldGen: 3866049K(4169728K)->3896017K(4169728K)
[25.905s][info][gc,metaspace   ] GC(224) Metaspace: 6297K(6464K)->6297K(6464K) NonClass: 5764K(5824K)->5764K(5824K) Class: 533K(640K)->533K(640K)
[25.905s][info][gc             ] GC(224) Pause Young (Allocation Failure) 3837M->3837M(4137M) 47.807ms
[25.905s][info][gc,cpu         ] GC(224) User=0.17s Sys=0.00s Real=0.05s
[25.938s][info][gc,start       ] GC(225) Pause Young (Allocation Failure)
[26.002s][info][gc,heap        ] GC(225) PSYoungGen: 66720K(67072K)->33472K(226816K) Eden: 33280K(33280K)->0K(37376K) From: 33440K(33792K)->33472K(189440K)
[26.002s][info][gc,heap        ] GC(225) ParOldGen: 3896017K(4169728K)->3929601K(4169728K)
[26.002s][info][gc,metaspace   ] GC(225) Metaspace: 6297K(6464K)->6297K(6464K) NonClass: 5764K(5824K)->5764K(5824K) Class: 533K(640K)->533K(640K)
[26.002s][info][gc             ] GC(225) Pause Young (Allocation Failure) 3869M->3870M(4293M) 63.572ms
[26.002s][info][gc,cpu         ] GC(225) User=0.12s Sys=0.00s Real=0.06s
[26.039s][info][gc,start       ] GC(226) Pause Young (Allocation Failure)
[26.092s][info][gc,heap        ] GC(226) PSYoungGen: 70848K(226816K)->37536K(75264K) Eden: 37376K(37376K)->0K(37376K) From: 33472K(189440K)->37536K(37888K)
[26.092s][info][gc,heap        ] GC(226) ParOldGen: 3929601K(4169728K)->3963185K(4169728K)
[26.092s][info][gc,metaspace   ] GC(226) Metaspace: 6297K(6464K)->6297K(6464K) NonClass: 5764K(5824K)->5764K(5824K) Class: 533K(640K)->533K(640K)
[26.092s][info][gc             ] GC(226) Pause Young (Allocation Failure) 3906M->3906M(4145M) 53.176ms
[26.092s][info][gc,cpu         ] GC(226) User=0.17s Sys=0.00s Real=0.05s
[26.132s][info][gc,start       ] GC(227) Pause Young (Allocation Failure)
[26.187s][info][gc,heap        ] GC(227) PSYoungGen: 74912K(75264K)->37568K(212992K) Eden: 37376K(37376K)->0K(41984K) From: 37536K(37888K)->37568K(171008K)
[26.187s][info][gc,heap        ] GC(227) ParOldGen: 3963185K(4169728K)->4000881K(4169728K)
[26.187s][info][gc,metaspace   ] GC(227) Metaspace: 6297K(6464K)->6297K(6464K) NonClass: 5764K(5824K)->5764K(5824K) Class: 533K(640K)->533K(640K)
[26.187s][info][gc             ] GC(227) Pause Young (Allocation Failure) 3943M->3943M(4280M) 55.112ms
[26.187s][info][gc,cpu         ] GC(227) User=0.25s Sys=0.03s Real=0.05s
[26.233s][info][gc,start       ] GC(228) Pause Young (Allocation Failure)
[26.293s][info][gc,heap        ] GC(228) PSYoungGen: 79552K(212992K)->42144K(84480K) Eden: 41984K(41984K)->0K(41984K) From: 37568K(171008K)->42144K(42496K)
[26.293s][info][gc,heap        ] GC(228) ParOldGen: 4000881K(4169728K)->4038585K(4169728K)
[26.293s][info][gc,metaspace   ] GC(228) Metaspace: 6297K(6464K)->6297K(6464K) NonClass: 5764K(5824K)->5764K(5824K) Class: 533K(640K)->533K(640K)
[26.294s][info][gc             ] GC(228) Pause Young (Allocation Failure) 3984M->3985M(4154M) 60.172ms
[26.294s][info][gc,cpu         ] GC(228) User=0.23s Sys=0.02s Real=0.06s
[26.348s][info][gc,start       ] GC(229) Pause Young (Allocation Failure)
[26.407s][info][gc,heap        ] GC(229) PSYoungGen: 84128K(84480K)->42176K(200192K) Eden: 41984K(41984K)->0K(47104K) From: 42144K(42496K)->42176K(153088K)
[26.407s][info][gc,heap        ] GC(229) ParOldGen: 4038585K(4169728K)->4080937K(4169728K)
[26.407s][info][gc,metaspace   ] GC(229) Metaspace: 6297K(6464K)->6297K(6464K) NonClass: 5764K(5824K)->5764K(5824K) Class: 533K(640K)->533K(640K)
[26.407s][info][gc             ] GC(229) Pause Young (Allocation Failure) 4026M->4026M(4267M) 59.586ms
[26.407s][info][gc,cpu         ] GC(229) User=0.16s Sys=0.02s Real=0.06s
[26.458s][info][gc,start       ] GC(230) Pause Young (Allocation Failure)
[26.519s][info][gc,heap        ] GC(230) PSYoungGen: 89280K(200192K)->47296K(94720K) Eden: 47104K(47104K)->0K(47104K) From: 42176K(153088K)->47296K(47616K)
[26.519s][info][gc,heap        ] GC(230) ParOldGen: 4080937K(4169728K)->4123305K(4169728K)
[26.519s][info][gc,metaspace   ] GC(230) Metaspace: 6297K(6464K)->6297K(6464K) NonClass: 5764K(5824K)->5764K(5824K) Class: 533K(640K)->533K(640K)
[26.519s][info][gc             ] GC(230) Pause Young (Allocation Failure) 4072M->4072M(4164M) 61.773ms
[26.519s][info][gc,cpu         ] GC(230) User=0.27s Sys=0.00s Real=0.06s
[26.519s][info][gc,start       ] GC(231) Pause Full (Ergonomics)
[26.519s][info][gc,phases,start] GC(231) Marking Phase
[27.474s][info][gc,phases      ] GC(231) Marking Phase 954.748ms
[27.474s][info][gc,phases,start] GC(231) Summary Phase
[27.474s][info][gc,phases      ] GC(231) Summary Phase 0.081ms
[27.474s][info][gc,phases,start] GC(231) Adjust Roots
[27.474s][info][gc,phases      ] GC(231) Adjust Roots 0.164ms
[27.475s][info][gc,phases,start] GC(231) Compaction Phase
[27.859s][info][gc,phases      ] GC(231) Compaction Phase 384.149ms
[27.859s][info][gc,phases,start] GC(231) Post Compact
[27.865s][info][gc,phases      ] GC(231) Post Compact 6.048ms
[27.866s][info][gc,heap        ] GC(231) PSYoungGen: 47296K(94720K)->0K(205312K) Eden: 0K(47104K)->0K(52736K) From: 47296K(47616K)->0K(152576K)
[27.866s][info][gc,heap        ] GC(231) ParOldGen: 4123305K(4169728K)->4167009K(4556288K)
[27.866s][info][gc,metaspace   ] GC(231) Metaspace: 6297K(6464K)->6297K(6464K) NonClass: 5764K(5824K)->5764K(5824K) Class: 533K(640K)->533K(640K)
[27.866s][info][gc             ] GC(231) Pause Full (Ergonomics) 4072M->4069M(4650M) 1346.605ms
[27.866s][info][gc,cpu         ] GC(231) User=9.98s Sys=0.06s Real=1.35s
[27.916s][info][gc,start       ] GC(232) Pause Young (Allocation Failure)
[27.964s][info][gc,heap        ] GC(232) PSYoungGen: 52736K(205312K)->52992K(105984K) Eden: 52736K(52736K)->0K(52736K) From: 0K(152576K)->52992K(53248K)
[27.964s][info][gc,heap        ] GC(232) ParOldGen: 4167009K(4556288K)->4167009K(4556288K)
[27.964s][info][gc,metaspace   ] GC(232) Metaspace: 6297K(6464K)->6297K(6464K) NonClass: 5764K(5824K)->5764K(5824K) Class: 533K(640K)->533K(640K)
[27.964s][info][gc             ] GC(232) Pause Young (Allocation Failure) 4120M->4121M(4553M) 47.742ms
[27.964s][info][gc,cpu         ] GC(232) User=0.09s Sys=0.00s Real=0.05s
[28.021s][info][gc,start       ] GC(233) Pause Young (Allocation Failure)
[28.084s][info][gc,heap        ] GC(233) PSYoungGen: 105728K(105984K)->105792K(190464K) Eden: 52736K(52736K)->0K(47616K) From: 52992K(53248K)->105792K(142848K)
[28.084s][info][gc,heap        ] GC(233) ParOldGen: 4167009K(4556288K)->4167009K(4556288K)
[28.084s][info][gc,metaspace   ] GC(233) Metaspace: 6297K(6464K)->6297K(6464K) NonClass: 5764K(5824K)->5764K(5824K) Class: 533K(640K)->533K(640K)
[28.084s][info][gc             ] GC(233) Pause Young (Allocation Failure) 4172M->4172M(4635M) 62.907ms
[28.084s][info][gc,cpu         ] GC(233) User=0.19s Sys=0.00s Real=0.06s
[28.141s][info][gc,start       ] GC(234) Pause Young (Allocation Failure)
[28.220s][info][gc,heap        ] GC(234) PSYoungGen: 153408K(190464K)->153088K(200704K) Eden: 47616K(47616K)->0K(47616K) From: 105792K(142848K)->153088K(153088K)
[28.220s][info][gc,heap        ] GC(234) ParOldGen: 4167009K(4556288K)->4167377K(4556288K)
[28.220s][info][gc,metaspace   ] GC(234) Metaspace: 6297K(6464K)->6297K(6464K) NonClass: 5764K(5824K)->5764K(5824K) Class: 533K(640K)->533K(640K)
[28.220s][info][gc             ] GC(234) Pause Young (Allocation Failure) 4219M->4219M(4645M) 78.579ms
[28.220s][info][gc,cpu         ] GC(234) User=0.39s Sys=0.00s Real=0.08s
[28.277s][info][gc,start       ] GC(235) Pause Young (Allocation Failure)
[28.377s][info][gc,heap        ] GC(235) PSYoungGen: 200704K(200704K)->95136K(228352K) Eden: 47616K(47616K)->0K(52736K) From: 153088K(153088K)->95136K(175616K)
[28.377s][info][gc,heap        ] GC(235) ParOldGen: 4167377K(4556288K)->4273697K(4556288K)
[28.377s][info][gc,metaspace   ] GC(235) Metaspace: 6297K(6464K)->6297K(6464K) NonClass: 5764K(5824K)->5764K(5824K) Class: 533K(640K)->533K(640K)
[28.377s][info][gc             ] GC(235) Pause Young (Allocation Failure) 4265M->4266M(4672M) 99.852ms
[28.377s][info][gc,cpu         ] GC(235) User=0.72s Sys=0.06s Real=0.10s
[28.435s][info][gc,start       ] GC(236) Pause Young (Allocation Failure)
[28.513s][info][gc,heap        ] GC(236) PSYoungGen: 147872K(228352K)->100640K(229888K) Eden: 52736K(52736K)->0K(52736K) From: 95136K(175616K)->100640K(177152K)
[28.513s][info][gc,heap        ] GC(236) ParOldGen: 4273697K(4556288K)->4321449K(4556288K)
[28.513s][info][gc,metaspace   ] GC(236) Metaspace: 6297K(6464K)->6297K(6464K) NonClass: 5764K(5824K)->5764K(5824K) Class: 533K(640K)->533K(640K)
[28.513s][info][gc             ] GC(236) Pause Young (Allocation Failure) 4317M->4318M(4674M) 78.726ms
[28.513s][info][gc,cpu         ] GC(236) User=0.45s Sys=0.05s Real=0.08s
[28.566s][info][gc,start       ] GC(237) Pause Young (Allocation Failure)
[28.645s][info][gc,heap        ] GC(237) PSYoungGen: 153376K(229888K)->105728K(235520K) Eden: 52736K(52736K)->0K(57856K) From: 100640K(177152K)->105728K(177664K)
[28.645s][info][gc,heap        ] GC(237) ParOldGen: 4321449K(4556288K)->4369497K(4556288K)
[28.646s][info][gc,metaspace   ] GC(237) Metaspace: 6297K(6464K)->6297K(6464K) NonClass: 5764K(5824K)->5764K(5824K) Class: 533K(640K)->533K(640K)
[28.646s][info][gc             ] GC(237) Pause Young (Allocation Failure) 4369M->4370M(4679M) 79.550ms
[28.646s][info][gc,cpu         ] GC(237) User=0.45s Sys=0.06s Real=0.08s
[28.708s][info][gc,start       ] GC(238) Pause Young (Allocation Failure)
[28.793s][info][gc,heap        ] GC(238) PSYoungGen: 163584K(235520K)->110912K(236544K) Eden: 57856K(57856K)->0K(57856K) From: 105728K(177664K)->110912K(178688K)
[28.793s][info][gc,heap        ] GC(238) ParOldGen: 4369497K(4556288K)->4422713K(4556288K)
[28.793s][info][gc,metaspace   ] GC(238) Metaspace: 6297K(6464K)->6297K(6464K) NonClass: 5764K(5824K)->5764K(5824K) Class: 533K(640K)->533K(640K)
[28.793s][info][gc             ] GC(238) Pause Young (Allocation Failure) 4426M->4427M(4680M) 84.774ms
[28.793s][info][gc,cpu         ] GC(238) User=0.44s Sys=0.08s Real=0.08s
[28.863s][info][gc,start       ] GC(239) Pause Young (Allocation Failure)
[28.956s][info][gc,heap        ] GC(239) PSYoungGen: 168768K(236544K)->116000K(242176K) Eden: 57856K(57856K)->0K(61440K) From: 110912K(178688K)->116000K(180736K)
[28.956s][info][gc,heap        ] GC(239) ParOldGen: 4422713K(4556288K)->4475929K(4556288K)
[28.956s][info][gc,metaspace   ] GC(239) Metaspace: 6297K(6464K)->6297K(6464K) NonClass: 5764K(5824K)->5764K(5824K) Class: 533K(640K)->533K(640K)
[28.956s][info][gc             ] GC(239) Pause Young (Allocation Failure) 4483M->4484M(4686M) 92.908ms
[28.956s][info][gc,cpu         ] GC(239) User=0.53s Sys=0.08s Real=0.09s
[28.956s][info][gc,start       ] GC(240) Pause Full (Ergonomics)
[28.956s][info][gc,phases,start] GC(240) Marking Phase
[29.983s][info][gc,phases      ] GC(240) Marking Phase 1026.084ms
[29.983s][info][gc,phases,start] GC(240) Summary Phase
[29.983s][info][gc,phases      ] GC(240) Summary Phase 0.061ms
[29.983s][info][gc,phases,start] GC(240) Adjust Roots
[29.983s][info][gc,phases      ] GC(240) Adjust Roots 0.163ms
[29.983s][info][gc,phases,start] GC(240) Compaction Phase
[30.377s][info][gc,phases      ] GC(240) Compaction Phase 394.174ms
[30.377s][info][gc,phases,start] GC(240) Post Compact
[30.384s][info][gc,phases      ] GC(240) Post Compact 7.200ms
[30.386s][info][gc,heap        ] GC(240) PSYoungGen: 116000K(242176K)->32862K(242176K) Eden: 0K(61440K)->0K(61440K) From: 116000K(180736K)->32862K(180736K)
[30.386s][info][gc,heap        ] GC(240) ParOldGen: 4475929K(4556288K)->4555779K(5005312K)
[30.386s][info][gc,metaspace   ] GC(240) Metaspace: 6297K(6464K)->6297K(6464K) NonClass: 5764K(5824K)->5764K(5824K) Class: 533K(640K)->533K(640K)
[30.386s][info][gc             ] GC(240) Pause Full (Ergonomics) 4484M->4481M(5124M) 1429.563ms
[30.386s][info][gc,cpu         ] GC(240) User=10.77s Sys=0.11s Real=1.43s
[30.453s][info][gc,start       ] GC(241) Pause Young (Allocation Failure)
[30.706s][info][gc,heap        ] GC(241) PSYoungGen: 94302K(242176K)->73536K(135168K) Eden: 61440K(61440K)->0K(61440K) From: 32862K(180736K)->73536K(73728K)
[30.706s][info][gc,heap        ] GC(241) ParOldGen: 4555779K(5005312K)->4577003K(5005312K)
[30.706s][info][gc,metaspace   ] GC(241) Metaspace: 6297K(6464K)->6297K(6464K) NonClass: 5764K(5824K)->5764K(5824K) Class: 533K(640K)->533K(640K)
[30.706s][info][gc             ] GC(241) Pause Young (Allocation Failure) 4541M->4541M(5020M) 253.433ms
[30.706s][info][gc,cpu         ] GC(241) User=1.66s Sys=0.00s Real=0.25s
[30.769s][info][gc,start       ] GC(242) Pause Young (Allocation Failure)
[30.846s][info][gc,heap        ] GC(242) PSYoungGen: 134976K(135168K)->135072K(233472K) Eden: 61440K(61440K)->0K(57344K) From: 73536K(73728K)->135072K(176128K)
[30.846s][info][gc,heap        ] GC(242) ParOldGen: 4577003K(5005312K)->4577003K(5005312K)
[30.846s][info][gc,metaspace   ] GC(242) Metaspace: 6297K(6464K)->6297K(6464K) NonClass: 5764K(5824K)->5764K(5824K) Class: 533K(640K)->533K(640K)
[30.846s][info][gc             ] GC(242) Pause Young (Allocation Failure) 4601M->4601M(5116M) 77.224ms
[30.846s][info][gc,cpu         ] GC(242) User=0.48s Sys=0.03s Real=0.08s
[30.913s][info][gc,start       ] GC(243) Pause Young (Allocation Failure)
[31.015s][info][gc,heap        ] GC(243) PSYoungGen: 192416K(233472K)->185856K(243200K) Eden: 57344K(57344K)->0K(57344K) From: 135072K(176128K)->185856K(185856K)
[31.015s][info][gc,heap        ] GC(243) ParOldGen: 4577003K(5005312K)->4583627K(5005312K)
[31.015s][info][gc,metaspace   ] GC(243) Metaspace: 6297K(6464K)->6297K(6464K) NonClass: 5764K(5824K)->5764K(5824K) Class: 533K(640K)->533K(640K)
[31.015s][info][gc             ] GC(243) Pause Young (Allocation Failure) 4657M->4657M(5125M) 101.808ms
[31.015s][info][gc,cpu         ] GC(243) User=0.61s Sys=0.00s Real=0.10s
[31.080s][info][gc,start       ] GC(244) Pause Young (Allocation Failure)
[31.215s][info][gc,heap        ] GC(244) PSYoungGen: 243200K(243200K)->173248K(262144K) Eden: 57344K(57344K)->0K(47616K) From: 185856K(185856K)->173248K(214528K)
[31.215s][info][gc,heap        ] GC(244) ParOldGen: 4583627K(5005312K)->4654275K(5005312K)
[31.215s][info][gc,metaspace   ] GC(244) Metaspace: 6297K(6464K)->6297K(6464K) NonClass: 5764K(5824K)->5764K(5824K) Class: 533K(640K)->533K(640K)
[31.215s][info][gc             ] GC(244) Pause Young (Allocation Failure) 4713M->4714M(5144M) 135.134ms
[31.215s][info][gc,cpu         ] GC(244) User=0.91s Sys=0.09s Real=0.13s
[31.263s][info][gc,start       ] GC(245) Pause Young (Allocation Failure)
[31.382s][info][gc,heap        ] GC(245) PSYoungGen: 220864K(262144K)->161344K(278016K) Eden: 47616K(47616K)->0K(47616K) From: 173248K(214528K)->161344K(230400K)
[31.382s][info][gc,heap        ] GC(245) ParOldGen: 4654275K(5005312K)->4714331K(5005312K)
[31.382s][info][gc,metaspace   ] GC(245) Metaspace: 6297K(6464K)->6297K(6464K) NonClass: 5764K(5824K)->5764K(5824K) Class: 533K(640K)->533K(640K)
[31.382s][info][gc             ] GC(245) Pause Young (Allocation Failure) 4760M->4761M(5159M) 119.086ms
[31.382s][info][gc,cpu         ] GC(245) User=0.77s Sys=0.02s Real=0.12s
[31.432s][info][gc,start       ] GC(246) Pause Young (Allocation Failure)
[31.539s][info][gc,heap        ] GC(246) PSYoungGen: 208960K(278016K)->152960K(289792K) Eden: 47616K(47616K)->0K(51200K) From: 161344K(230400K)->152960K(238592K)
[31.539s][info][gc,heap        ] GC(246) ParOldGen: 4714331K(5005312K)->4770867K(5005312K)
[31.539s][info][gc,metaspace   ] GC(246) Metaspace: 6297K(6464K)->6297K(6464K) NonClass: 5764K(5824K)->5764K(5824K) Class: 533K(640K)->533K(640K)
[31.539s][info][gc             ] GC(246) Pause Young (Allocation Failure) 4807M->4808M(5171M) 107.083ms
[31.539s][info][gc,cpu         ] GC(246) User=0.84s Sys=0.02s Real=0.11s
[31.591s][info][gc,start       ] GC(247) Pause Young (Allocation Failure)
[31.705s][info][gc,heap        ] GC(247) PSYoungGen: 204160K(289792K)->99136K(150528K) Eden: 51200K(51200K)->0K(51200K) From: 152960K(238592K)->99136K(99328K)
[31.705s][info][gc,heap        ] GC(247) ParOldGen: 4770867K(5005312K)->4876747K(5005312K)
[31.705s][info][gc,metaspace   ] GC(247) Metaspace: 6297K(6464K)->6297K(6464K) NonClass: 5764K(5824K)->5764K(5824K) Class: 533K(640K)->533K(640K)
[31.705s][info][gc             ] GC(247) Pause Young (Allocation Failure) 4858M->4859M(5035M) 114.298ms
[31.705s][info][gc,cpu         ] GC(247) User=0.72s Sys=0.03s Real=0.11s
[31.766s][info][gc,start       ] GC(248) Pause Young (Allocation Failure)
[31.853s][info][gc,heap        ] GC(248) PSYoungGen: 150336K(150528K)->51424K(287232K) Eden: 51200K(51200K)->0K(57856K) From: 99136K(99328K)->51424K(229376K)
[31.853s][info][gc,heap        ] GC(248) ParOldGen: 4876747K(5005312K)->4976451K(5005312K)
[31.853s][info][gc,metaspace   ] GC(248) Metaspace: 6297K(6464K)->6297K(6464K) NonClass: 5764K(5824K)->5764K(5824K) Class: 533K(640K)->533K(640K)
[31.853s][info][gc             ] GC(248) Pause Young (Allocation Failure) 4909M->4910M(5168M) 86.609ms
[31.853s][info][gc,cpu         ] GC(248) User=0.47s Sys=0.05s Real=0.09s
[31.853s][info][gc,start       ] GC(249) Pause Full (Ergonomics)
[31.853s][info][gc,phases,start] GC(249) Marking Phase
[33.004s][info][gc,phases      ] GC(249) Marking Phase 1150.712ms
[33.004s][info][gc,phases,start] GC(249) Summary Phase
[33.004s][info][gc,phases      ] GC(249) Summary Phase 0.060ms
[33.004s][info][gc,phases,start] GC(249) Adjust Roots
[33.004s][info][gc,phases      ] GC(249) Adjust Roots 0.203ms
[33.004s][info][gc,phases,start] GC(249) Compaction Phase
[33.433s][info][gc,phases      ] GC(249) Compaction Phase 428.475ms
[33.433s][info][gc,phases,start] GC(249) Post Compact
[33.441s][info][gc,phases      ] GC(249) Post Compact 8.357ms
[33.443s][info][gc,heap        ] GC(249) PSYoungGen: 51424K(287232K)->18460K(288256K) Eden: 0K(57856K)->0K(58880K) From: 51424K(229376K)->18460K(229376K)
[33.443s][info][gc,heap        ] GC(249) ParOldGen: 4976451K(5005312K)->5005120K(5535232K)
[33.443s][info][gc,metaspace   ] GC(249) Metaspace: 6297K(6464K)->6297K(6464K) NonClass: 5764K(5824K)->5764K(5824K) Class: 533K(640K)->533K(640K)
[33.443s][info][gc             ] GC(249) Pause Full (Ergonomics) 4910M->4905M(5687M) 1589.806ms
[33.443s][info][gc,cpu         ] GC(249) User=11.97s Sys=0.02s Real=1.59s
[33.508s][info][gc,start       ] GC(250) Pause Young (Allocation Failure)
[33.768s][info][gc,heap        ] GC(250) PSYoungGen: 77340K(288256K)->59104K(289280K) Eden: 58880K(58880K)->0K(58880K) From: 18460K(229376K)->59104K(230400K)
[33.768s][info][gc,heap        ] GC(250) ParOldGen: 5005120K(5535232K)->5023784K(5535232K)
[33.768s][info][gc,metaspace   ] GC(250) Metaspace: 6297K(6464K)->6297K(6464K) NonClass: 5764K(5824K)->5764K(5824K) Class: 533K(640K)->533K(640K)
[33.768s][info][gc             ] GC(250) Pause Young (Allocation Failure) 4963M->4963M(5688M) 260.207ms
[33.768s][info][gc,cpu         ] GC(250) User=1.80s Sys=0.00s Real=0.26s
[33.834s][info][gc,start       ] GC(251) Pause Young (Allocation Failure)
[33.908s][info][gc,heap        ] GC(251) PSYoungGen: 117984K(289280K)->59104K(282112K) Eden: 58880K(58880K)->0K(65024K) From: 59104K(230400K)->59104K(217088K)
[33.908s][info][gc,heap        ] GC(251) ParOldGen: 5023784K(5535232K)->5083200K(5535232K)
[33.908s][info][gc,metaspace   ] GC(251) Metaspace: 6297K(6464K)->6297K(6464K) NonClass: 5764K(5824K)->5764K(5824K) Class: 533K(640K)->533K(640K)
[33.908s][info][gc             ] GC(251) Pause Young (Allocation Failure) 5021M->5021M(5681M) 73.847ms
[33.908s][info][gc,cpu         ] GC(251) User=0.50s Sys=0.02s Real=0.07s
[33.980s][info][gc,start       ] GC(252) Pause Young (Allocation Failure)
[34.056s][info][gc,heap        ] GC(252) PSYoungGen: 124128K(282112K)->65216K(286720K) Eden: 65024K(65024K)->0K(65024K) From: 59104K(217088K)->65216K(221696K)
[34.056s][info][gc,heap        ] GC(252) ParOldGen: 5083200K(5535232K)->5142616K(5535232K)
[34.056s][info][gc,metaspace   ] GC(252) Metaspace: 6297K(6464K)->6297K(6464K) NonClass: 5764K(5824K)->5764K(5824K) Class: 533K(640K)->533K(640K)
[34.056s][info][gc             ] GC(252) Pause Young (Allocation Failure) 5085M->5085M(5685M) 76.222ms
[34.056s][info][gc,cpu         ] GC(252) User=0.55s Sys=0.05s Real=0.08s
[34.133s][info][gc,start       ] GC(253) Pause Young (Allocation Failure)
[34.212s][info][gc,heap        ] GC(253) PSYoungGen: 130240K(286720K)->65248K(273920K) Eden: 65024K(65024K)->0K(72192K) From: 65216K(221696K)->65248K(201728K)
[34.212s][info][gc,heap        ] GC(253) ParOldGen: 5142616K(5535232K)->5208240K(5535232K)
[34.212s][info][gc,metaspace   ] GC(253) Metaspace: 6297K(6464K)->6297K(6464K) NonClass: 5764K(5824K)->5764K(5824K) Class: 533K(640K)->533K(640K)
[34.212s][info][gc             ] GC(253) Pause Young (Allocation Failure) 5149M->5149M(5673M) 78.415ms
[34.212s][info][gc,cpu         ] GC(253) User=0.42s Sys=0.09s Real=0.08s
[34.294s][info][gc,start       ] GC(254) Pause Young (Allocation Failure)
[34.377s][info][gc,heap        ] GC(254) PSYoungGen: 137440K(273920K)->72448K(144896K) Eden: 72192K(72192K)->0K(72192K) From: 65248K(201728K)->72448K(72704K)
[34.377s][info][gc,heap        ] GC(254) ParOldGen: 5208240K(5535232K)->5273840K(5535232K)
[34.377s][info][gc,metaspace   ] GC(254) Metaspace: 6297K(6464K)->6297K(6464K) NonClass: 5764K(5824K)->5764K(5824K) Class: 533K(640K)->533K(640K)
[34.377s][info][gc             ] GC(254) Pause Young (Allocation Failure) 5220M->5220M(5547M) 82.999ms
[34.377s][info][gc,cpu         ] GC(254) User=0.50s Sys=0.02s Real=0.08s
[34.460s][info][gc,start       ] GC(255) Pause Young (Allocation Failure)
[34.546s][info][gc,heap        ] GC(255) PSYoungGen: 144640K(144896K)->72448K(263680K) Eden: 72192K(72192K)->0K(79872K) From: 72448K(72704K)->72448K(183808K)
[34.546s][info][gc,heap        ] GC(255) ParOldGen: 5273840K(5535232K)->5346688K(5535232K)
[34.546s][info][gc,metaspace   ] GC(255) Metaspace: 6297K(6464K)->6297K(6464K) NonClass: 5764K(5824K)->5764K(5824K) Class: 533K(640K)->533K(640K)
[34.546s][info][gc             ] GC(255) Pause Young (Allocation Failure) 5291M->5292M(5663M) 85.635ms
[34.546s][info][gc,cpu         ] GC(255) User=0.50s Sys=0.03s Real=0.09s
[34.638s][info][gc,start       ] GC(256) Pause Young (Allocation Failure)
[34.733s][info][gc,heap        ] GC(256) PSYoungGen: 152320K(263680K)->80128K(271872K) Eden: 79872K(79872K)->0K(79872K) From: 72448K(183808K)->80128K(192000K)
[34.733s][info][gc,heap        ] GC(256) ParOldGen: 5346688K(5535232K)->5419544K(5535232K)
[34.733s][info][gc,metaspace   ] GC(256) Metaspace: 6297K(6464K)->6297K(6464K) NonClass: 5764K(5824K)->5764K(5824K) Class: 533K(640K)->533K(640K)
[34.733s][info][gc             ] GC(256) Pause Young (Allocation Failure) 5370M->5370M(5671M) 94.808ms
[34.733s][info][gc,cpu         ] GC(256) User=0.48s Sys=0.09s Real=0.10s
[34.733s][info][gc,start       ] GC(257) Pause Full (Ergonomics)
[34.733s][info][gc,phases,start] GC(257) Marking Phase
[35.986s][info][gc,phases      ] GC(257) Marking Phase 1252.574ms
[35.986s][info][gc,phases,start] GC(257) Summary Phase
[35.986s][info][gc,phases      ] GC(257) Summary Phase 0.157ms
[35.986s][info][gc,phases,start] GC(257) Adjust Roots
[35.987s][info][gc,phases      ] GC(257) Adjust Roots 0.351ms
[35.987s][info][gc,phases,start] GC(257) Compaction Phase
[36.454s][info][gc,phases      ] GC(257) Compaction Phase 467.646ms
[36.454s][info][gc,phases,start] GC(257) Post Compact
[36.463s][info][gc,phases      ] GC(257) Post Compact 8.513ms
[36.465s][info][gc,heap        ] GC(257) PSYoungGen: 80128K(271872K)->0K(271872K) Eden: 0K(79872K)->0K(88576K) From: 80128K(192000K)->0K(183296K)
[36.465s][info][gc,heap        ] GC(257) ParOldGen: 5419544K(5535232K)->5495435K(6059008K)
[36.465s][info][gc,metaspace   ] GC(257) Metaspace: 6297K(6464K)->6297K(6464K) NonClass: 5764K(5824K)->5764K(5824K) Class: 533K(640K)->533K(640K)
[36.465s][info][gc             ] GC(257) Pause Full (Ergonomics) 5370M->5366M(6182M) 1731.303ms
[36.465s][info][gc,cpu         ] GC(257) User=12.97s Sys=0.08s Real=1.73s
[36.564s][info][gc,start       ] GC(258) Pause Young (Allocation Failure)
[36.628s][info][gc,heap        ] GC(258) PSYoungGen: 88576K(271872K)->88896K(177664K) Eden: 88576K(88576K)->0K(88576K) From: 0K(183296K)->88896K(89088K)
[36.628s][info][gc,heap        ] GC(258) ParOldGen: 5495435K(6059008K)->5495435K(6059008K)
[36.628s][info][gc,metaspace   ] GC(258) Metaspace: 6297K(6464K)->6297K(6464K) NonClass: 5764K(5824K)->5764K(5824K) Class: 533K(640K)->533K(640K)
[36.628s][info][gc             ] GC(258) Pause Young (Allocation Failure) 5453M->5453M(6090M) 64.250ms
[36.628s][info][gc,cpu         ] GC(258) User=0.30s Sys=0.00s Real=0.06s
[36.732s][info][gc,start       ] GC(259) Pause Young (Allocation Failure)
[36.828s][info][gc,heap        ] GC(259) PSYoungGen: 177472K(177664K)->174080K(245760K) Eden: 88576K(88576K)->0K(71680K) From: 88896K(89088K)->174080K(174080K)
[36.828s][info][gc,heap        ] GC(259) ParOldGen: 5495435K(6059008K)->5498883K(6059008K)
[36.828s][info][gc,metaspace   ] GC(259) Metaspace: 6297K(6464K)->6297K(6464K) NonClass: 5764K(5824K)->5764K(5824K) Class: 533K(640K)->533K(640K)
[36.828s][info][gc             ] GC(259) Pause Young (Allocation Failure) 5539M->5540M(6157M) 96.622ms
[36.829s][info][gc,cpu         ] GC(259) User=0.64s Sys=0.00s Real=0.10s
[36.919s][info][gc,start       ] GC(260) Pause Young (Allocation Failure)
[37.076s][info][gc,heap        ] GC(260) PSYoungGen: 245760K(245760K)->71904K(270336K) Eden: 71680K(71680K)->0K(71680K) From: 174080K(174080K)->71904K(198656K)
[37.076s][info][gc,heap        ] GC(260) ParOldGen: 5498883K(6059008K)->5674187K(6059008K)
[37.076s][info][gc,metaspace   ] GC(260) Metaspace: 6297K(6464K)->6297K(6464K) NonClass: 5764K(5824K)->5764K(5824K) Class: 533K(640K)->533K(640K)
[37.076s][info][gc             ] GC(260) Pause Young (Allocation Failure) 5610M->5611M(6181M) 157.225ms
[37.076s][info][gc,cpu         ] GC(260) User=0.88s Sys=0.17s Real=0.16s
[38.708s][info][gc,start       ] GC(261) Pause Full (Ergonomics)
[38.708s][info][gc,phases,start] GC(261) Marking Phase
[40.029s][info][gc,phases      ] GC(261) Marking Phase 1320.605ms
[40.029s][info][gc,phases,start] GC(261) Summary Phase
[40.029s][info][gc,phases      ] GC(261) Summary Phase 0.126ms
[40.029s][info][gc,phases,start] GC(261) Adjust Roots
[40.029s][info][gc,phases      ] GC(261) Adjust Roots 0.163ms
[40.029s][info][gc,phases,start] GC(261) Compaction Phase
[40.932s][info][gc,phases      ] GC(261) Compaction Phase 902.486ms
[40.932s][info][gc,phases,start] GC(261) Post Compact
[40.942s][info][gc,phases      ] GC(261) Post Compact 10.458ms
[40.944s][info][gc,heap        ] GC(261) PSYoungGen: 143584K(270336K)->0K(271872K) Eden: 71680K(71680K)->0K(78848K) From: 71904K(198656K)->0K(193024K)
[40.944s][info][gc,heap        ] GC(261) ParOldGen: 5936332K(6059008K)->5946892K(6596608K)
[40.944s][info][gc,metaspace   ] GC(261) Metaspace: 6297K(6464K)->6297K(6464K) NonClass: 5764K(5824K)->5764K(5824K) Class: 533K(640K)->533K(640K)
[40.944s][info][gc             ] GC(261) Pause Full (Ergonomics) 5937M->5807M(6707M) 2235.999ms
[40.944s][info][gc,cpu         ] GC(261) User=15.88s Sys=0.03s Real=2.24s
[41.026s][info][gc,start       ] GC(262) Pause Young (Allocation Failure)
[41.109s][info][gc,heap        ] GC(262) PSYoungGen: 78848K(271872K)->79104K(158208K) Eden: 78848K(78848K)->0K(78848K) From: 0K(193024K)->79104K(79360K)
[41.109s][info][gc,heap        ] GC(262) ParOldGen: 5946892K(6596608K)->5946892K(6596608K)
[41.109s][info][gc,metaspace   ] GC(262) Metaspace: 6297K(6464K)->6297K(6464K) NonClass: 5764K(5824K)->5764K(5824K) Class: 533K(640K)->533K(640K)
[41.109s][info][gc             ] GC(262) Pause Young (Allocation Failure) 5884M->5884M(6596M) 82.828ms
[41.109s][info][gc,cpu         ] GC(262) User=0.20s Sys=0.00s Real=0.08s
[41.191s][info][gc,start       ] GC(263) Pause Young (Allocation Failure)
[41.297s][info][gc,heap        ] GC(263) PSYoungGen: 157952K(158208K)->158112K(255488K) Eden: 78848K(78848K)->0K(70144K) From: 79104K(79360K)->158112K(185344K)
[41.297s][info][gc,heap        ] GC(263) ParOldGen: 5946892K(6596608K)->5946892K(6596608K)
[41.297s][info][gc,metaspace   ] GC(263) Metaspace: 6297K(6464K)->6297K(6464K) NonClass: 5764K(5824K)->5764K(5824K) Class: 533K(640K)->533K(640K)
[41.297s][info][gc             ] GC(263) Pause Young (Allocation Failure) 5961M->5961M(6691M) 106.540ms
[41.298s][info][gc,cpu         ] GC(263) User=0.34s Sys=0.00s Real=0.11s
[41.369s][info][gc,start       ] GC(264) Pause Young (Allocation Failure)
[41.496s][info][gc,heap        ] GC(264) PSYoungGen: 228256K(255488K)->200704K(270848K) Eden: 70144K(70144K)->0K(70144K) From: 158112K(185344K)->200704K(200704K)
[41.496s][info][gc,heap        ] GC(264) ParOldGen: 5946892K(6596608K)->5974652K(6596608K)
[41.496s][info][gc,metaspace   ] GC(264) Metaspace: 6297K(6464K)->6297K(6464K) NonClass: 5764K(5824K)->5764K(5824K) Class: 533K(640K)->533K(640K)
[41.496s][info][gc             ] GC(264) Pause Young (Allocation Failure) 6030M->6030M(6706M) 127.189ms
[41.496s][info][gc,cpu         ] GC(264) User=0.52s Sys=0.00s Real=0.13s
[41.573s][info][gc,start       ] GC(265) Pause Young (Allocation Failure)
[41.716s][info][gc,heap        ] GC(265) PSYoungGen: 270848K(270848K)->201440K(294912K) Eden: 70144K(70144K)->0K(56832K) From: 200704K(200704K)->201440K(238080K)
[41.716s][info][gc,heap        ] GC(265) ParOldGen: 5974652K(6596608K)->6044812K(6596608K)
[41.716s][info][gc,metaspace   ] GC(265) Metaspace: 6297K(6464K)->6297K(6464K) NonClass: 5764K(5824K)->5764K(5824K) Class: 533K(640K)->533K(640K)
[41.716s][info][gc             ] GC(265) Pause Young (Allocation Failure) 6099M->6099M(6730M) 142.597ms
[41.716s][info][gc,cpu         ] GC(265) User=0.69s Sys=0.08s Real=0.14s
[41.775s][info][gc,start       ] GC(266) Pause Young (Allocation Failure)
[41.913s][info][gc,heap        ] GC(266) PSYoungGen: 258272K(294912K)->186400K(315392K) Eden: 56832K(56832K)->0K(56832K) From: 201440K(238080K)->186400K(258560K)
[41.913s][info][gc,heap        ] GC(266) ParOldGen: 6044812K(6596608K)->6117380K(6596608K)
[41.913s][info][gc,metaspace   ] GC(266) Metaspace: 6297K(6464K)->6297K(6464K) NonClass: 5764K(5824K)->5764K(5824K) Class: 533K(640K)->533K(640K)
[41.913s][info][gc             ] GC(266) Pause Young (Allocation Failure) 6155M->6156M(6750M) 138.067ms
[41.913s][info][gc,cpu         ] GC(266) User=0.55s Sys=0.05s Real=0.14s
[41.972s][info][gc,start       ] GC(267) Pause Young (Allocation Failure)
[42.103s][info][gc,heap        ] GC(267) PSYoungGen: 243232K(315392K)->184224K(325120K) Eden: 56832K(56832K)->0K(56320K) From: 186400K(258560K)->184224K(268800K)
[42.103s][info][gc,heap        ] GC(267) ParOldGen: 6117380K(6596608K)->6176844K(6596608K)
[42.103s][info][gc,metaspace   ] GC(267) Metaspace: 6297K(6464K)->6297K(6464K) NonClass: 5764K(5824K)->5764K(5824K) Class: 533K(640K)->533K(640K)
[42.103s][info][gc             ] GC(267) Pause Young (Allocation Failure) 6211M->6211M(6759M) 130.583ms
[42.103s][info][gc,cpu         ] GC(267) User=0.44s Sys=0.03s Real=0.13s
[42.159s][info][gc,start       ] GC(268) Pause Young (Allocation Failure)
[42.291s][info][gc,heap        ] GC(268) PSYoungGen: 240544K(325120K)->170400K(332288K) Eden: 56320K(56320K)->0K(56320K) From: 184224K(268800K)->170400K(275968K)
[42.291s][info][gc,heap        ] GC(268) ParOldGen: 6176844K(6596608K)->6247612K(6596608K)
[42.291s][info][gc,metaspace   ] GC(268) Metaspace: 6297K(6464K)->6297K(6464K) NonClass: 5764K(5824K)->5764K(5824K) Class: 533K(640K)->533K(640K)
[42.291s][info][gc             ] GC(268) Pause Young (Allocation Failure) 6266M->6267M(6766M) 132.569ms
[42.291s][info][gc,cpu         ] GC(268) User=0.59s Sys=0.00s Real=0.13s
[42.350s][info][gc,start       ] GC(269) Pause Young (Allocation Failure)
[42.479s][info][gc,heap        ] GC(269) PSYoungGen: 226720K(332288K)->112960K(319488K) Eden: 56320K(56320K)->0K(63488K) From: 170400K(275968K)->112960K(256000K)
[42.479s][info][gc,heap        ] GC(269) ParOldGen: 6247612K(6596608K)->6362276K(6596608K)
[42.479s][info][gc,metaspace   ] GC(269) Metaspace: 6297K(6464K)->6297K(6464K) NonClass: 5764K(5824K)->5764K(5824K) Class: 533K(640K)->533K(640K)
[42.479s][info][gc             ] GC(269) Pause Young (Allocation Failure) 6322M->6323M(6754M) 128.491ms
[42.479s][info][gc,cpu         ] GC(269) User=0.36s Sys=0.11s Real=0.13s
[42.555s][info][gc,start       ] GC(270) Pause Young (Allocation Failure)
[42.665s][info][gc,heap        ] GC(270) PSYoungGen: 176448K(319488K)->63712K(329216K) Eden: 63488K(63488K)->0K(63488K) From: 112960K(256000K)->63712K(265728K)
[42.665s][info][gc,heap        ] GC(270) ParOldGen: 6362276K(6596608K)->6475884K(6596608K)
[42.665s][info][gc,metaspace   ] GC(270) Metaspace: 6297K(6464K)->6297K(6464K) NonClass: 5764K(5824K)->5764K(5824K) Class: 533K(640K)->533K(640K)
[42.665s][info][gc             ] GC(270) Pause Young (Allocation Failure) 6385M->6386M(6763M) 110.471ms
[42.665s][info][gc,cpu         ] GC(270) User=0.33s Sys=0.03s Real=0.11s
[42.665s][info][gc,start       ] GC(271) Pause Full (Ergonomics)
[42.665s][info][gc,phases,start] GC(271) Marking Phase
[44.120s][info][gc,phases      ] GC(271) Marking Phase 1454.800ms
[44.120s][info][gc,phases,start] GC(271) Summary Phase
[44.120s][info][gc,phases      ] GC(271) Summary Phase 0.103ms
[44.120s][info][gc,phases,start] GC(271) Adjust Roots
[44.120s][info][gc,phases      ] GC(271) Adjust Roots 0.160ms
[44.120s][info][gc,phases,start] GC(271) Compaction Phase
[44.802s][info][gc,phases      ] GC(271) Compaction Phase 682.011ms
[44.803s][info][gc,phases,start] GC(271) Post Compact
[44.812s][info][gc,phases      ] GC(271) Post Compact 9.531ms
[44.814s][info][gc,heap        ] GC(271) PSYoungGen: 63712K(329216K)->0K(336384K) Eden: 0K(63488K)->0K(71680K) From: 63712K(265728K)->0K(264704K)
[44.814s][info][gc,heap        ] GC(271) ParOldGen: 6475884K(6596608K)->6534387K(7240704K)
[44.814s][info][gc,metaspace   ] GC(271) Metaspace: 6297K(6464K)->6297K(6464K) NonClass: 5764K(5824K)->5764K(5824K) Class: 533K(640K)->533K(640K)
[44.814s][info][gc             ] GC(271) Pause Full (Ergonomics) 6386M->6381M(7399M) 2148.820ms
[44.814s][info][gc,cpu         ] GC(271) User=15.33s Sys=0.06s Real=2.15s
[44.886s][info][gc,start       ] GC(272) Pause Young (Allocation Failure)
[44.968s][info][gc,heap        ] GC(272) PSYoungGen: 71680K(336384K)->71968K(336384K) Eden: 71680K(71680K)->0K(71680K) From: 0K(264704K)->71968K(264704K)
[44.968s][info][gc,heap        ] GC(272) ParOldGen: 6534387K(7240704K)->6534387K(7240704K)
[44.968s][info][gc,metaspace   ] GC(272) Metaspace: 6297K(6464K)->6297K(6464K) NonClass: 5764K(5824K)->5764K(5824K) Class: 533K(640K)->533K(640K)
[44.968s][info][gc             ] GC(272) Pause Young (Allocation Failure) 6451M->6451M(7399M) 82.093ms
[44.968s][info][gc,cpu         ] GC(272) User=0.19s Sys=0.00s Real=0.08s
[45.043s][info][gc,start       ] GC(273) Pause Young (Allocation Failure)
[45.147s][info][gc,heap        ] GC(273) PSYoungGen: 143648K(336384K)->143744K(328192K) Eden: 71680K(71680K)->0K(79360K) From: 71968K(264704K)->143744K(248832K)
[45.147s][info][gc,heap        ] GC(273) ParOldGen: 6534387K(7240704K)->6534387K(7240704K)
[45.147s][info][gc,metaspace   ] GC(273) Metaspace: 6297K(6464K)->6297K(6464K) NonClass: 5764K(5824K)->5764K(5824K) Class: 533K(640K)->533K(640K)
[45.147s][info][gc             ] GC(273) Pause Young (Allocation Failure) 6521M->6521M(7391M) 103.706ms
[45.147s][info][gc,cpu         ] GC(273) User=0.27s Sys=0.00s Real=0.10s
[45.241s][info][gc,start       ] GC(274) Pause Young (Allocation Failure)
[45.369s][info][gc,heap        ] GC(274) PSYoungGen: 223104K(328192K)->151392K(333824K) Eden: 79360K(79360K)->0K(79360K) From: 143744K(248832K)->151392K(254464K)
[45.369s][info][gc,heap        ] GC(274) ParOldGen: 6534387K(7240704K)->6606715K(7240704K)
[45.369s][info][gc,metaspace   ] GC(274) Metaspace: 6297K(6464K)->6297K(6464K) NonClass: 5764K(5824K)->5764K(5824K) Class: 533K(640K)->533K(640K)
[45.369s][info][gc             ] GC(274) Pause Young (Allocation Failure) 6599M->6599M(7397M) 127.283ms
[45.369s][info][gc,cpu         ] GC(274) User=0.56s Sys=0.00s Real=0.13s
[45.448s][info][gc,start       ] GC(275) Pause Young (Allocation Failure)
[45.584s][info][gc,heap        ] GC(275) PSYoungGen: 230752K(333824K)->159104K(338944K) Eden: 79360K(79360K)->0K(88064K) From: 151392K(254464K)->159104K(250880K)
[45.584s][info][gc,heap        ] GC(275) ParOldGen: 6606715K(7240704K)->6679035K(7240704K)
[45.584s][info][gc,metaspace   ] GC(275) Metaspace: 6297K(6464K)->6297K(6464K) NonClass: 5764K(5824K)->5764K(5824K) Class: 533K(640K)->533K(640K)
[45.584s][info][gc             ] GC(275) Pause Young (Allocation Failure) 6677M->6677M(7402M) 135.526ms
[45.584s][info][gc,cpu         ] GC(275) User=0.61s Sys=0.00s Real=0.14s
[45.687s][info][gc,start       ] GC(276) Pause Young (Allocation Failure)
[45.824s][info][gc,heap        ] GC(276) PSYoungGen: 247168K(338944K)->167872K(339456K) Eden: 88064K(88064K)->0K(88064K) From: 159104K(250880K)->167872K(251392K)
[45.824s][info][gc,heap        ] GC(276) ParOldGen: 6679035K(7240704K)->6759107K(7240704K)
[45.824s][info][gc,metaspace   ] GC(276) Metaspace: 6297K(6464K)->6297K(6464K) NonClass: 5764K(5824K)->5764K(5824K) Class: 533K(640K)->533K(640K)
[45.824s][info][gc             ] GC(276) Pause Young (Allocation Failure) 6763M->6764M(7402M) 137.809ms
[45.824s][info][gc,cpu         ] GC(276) User=0.64s Sys=0.03s Real=0.14s
[45.919s][info][gc,start       ] GC(277) Pause Young (Allocation Failure)
[46.063s][info][gc,heap        ] GC(277) PSYoungGen: 255936K(339456K)->176544K(347136K) Eden: 88064K(88064K)->0K(94208K) From: 167872K(251392K)->176544K(252928K)
[46.063s][info][gc,heap        ] GC(277) ParOldGen: 6759107K(7240704K)->6839187K(7240704K)
[46.063s][info][gc,metaspace   ] GC(277) Metaspace: 6297K(6464K)->6297K(6464K) NonClass: 5764K(5824K)->5764K(5824K) Class: 533K(640K)->533K(640K)
[46.063s][info][gc             ] GC(277) Pause Young (Allocation Failure) 6850M->6851M(7410M) 144.026ms
[46.063s][info][gc,cpu         ] GC(277) User=0.72s Sys=0.11s Real=0.14s
[46.153s][info][gc,start       ] GC(278) Pause Young (Allocation Failure)
[46.297s][info][gc,heap        ] GC(278) PSYoungGen: 270752K(347136K)->182816K(351232K) Eden: 94208K(94208K)->0K(94208K) From: 176544K(252928K)->182816K(257024K)
[46.297s][info][gc,heap        ] GC(278) ParOldGen: 6839187K(7240704K)->6928051K(7240704K)
[46.297s][info][gc,metaspace   ] GC(278) Metaspace: 6297K(6464K)->6297K(6464K) NonClass: 5764K(5824K)->5764K(5824K) Class: 533K(640K)->533K(640K)
[46.297s][info][gc             ] GC(278) Pause Young (Allocation Failure) 6943M->6944M(7414M) 143.588ms
[46.297s][info][gc,cpu         ] GC(278) User=0.72s Sys=0.00s Real=0.14s
[46.397s][info][gc,start       ] GC(279) Pause Young (Allocation Failure)
[46.538s][info][gc,heap        ] GC(279) PSYoungGen: 277024K(351232K)->188864K(361984K) Eden: 94208K(94208K)->0K(100352K) From: 182816K(257024K)->188864K(261632K)
[46.538s][info][gc,heap        ] GC(279) ParOldGen: 6928051K(7240704K)->7016899K(7240704K)
[46.538s][info][gc,metaspace   ] GC(279) Metaspace: 6297K(6464K)->6297K(6464K) NonClass: 5764K(5824K)->5764K(5824K) Class: 533K(640K)->533K(640K)
[46.538s][info][gc             ] GC(279) Pause Young (Allocation Failure) 7036M->7036M(7424M) 141.105ms
[46.538s][info][gc,cpu         ] GC(279) User=0.73s Sys=0.09s Real=0.14s
[46.636s][info][gc,start       ] GC(280) Pause Young (Allocation Failure)
[46.779s][info][gc,heap        ] GC(280) PSYoungGen: 289216K(361984K)->195040K(367104K) Eden: 100352K(100352K)->0K(100352K) From: 188864K(261632K)->195040K(266752K)
[46.779s][info][gc,heap        ] GC(280) ParOldGen: 7016899K(7240704K)->7111963K(7240704K)
[46.780s][info][gc,metaspace   ] GC(280) Metaspace: 6297K(6464K)->6297K(6464K) NonClass: 5764K(5824K)->5764K(5824K) Class: 533K(640K)->533K(640K)
[46.780s][info][gc             ] GC(280) Pause Young (Allocation Failure) 7134M->7135M(7429M) 143.276ms
[46.780s][info][gc,cpu         ] GC(280) User=1.00s Sys=0.05s Real=0.14s
[46.780s][info][gc,start       ] GC(281) Pause Full (Ergonomics)
[46.780s][info][gc,phases,start] GC(281) Marking Phase
[48.446s][info][gc,phases      ] GC(281) Marking Phase 1665.957ms
[48.446s][info][gc,phases,start] GC(281) Summary Phase
[48.446s][info][gc,phases      ] GC(281) Summary Phase 0.115ms
[48.446s][info][gc,phases,start] GC(281) Adjust Roots
[48.446s][info][gc,phases      ] GC(281) Adjust Roots 0.214ms
[48.446s][info][gc,phases,start] GC(281) Compaction Phase
[49.171s][info][gc,phases      ] GC(281) Compaction Phase 724.997ms
[49.171s][info][gc,phases,start] GC(281) Post Compact
[49.182s][info][gc,phases      ] GC(281) Post Compact 11.025ms
[49.185s][info][gc,heap        ] GC(281) PSYoungGen: 195040K(367104K)->60637K(367104K) Eden: 0K(100352K)->0K(100352K) From: 195040K(266752K)->60637K(266752K)
[49.185s][info][gc,heap        ] GC(281) ParOldGen: 7111963K(7240704K)->7240429K(7996928K)
[49.185s][info][gc,metaspace   ] GC(281) Metaspace: 6297K(6464K)->6297K(6464K) NonClass: 5764K(5824K)->5764K(5824K) Class: 533K(640K)->533K(640K)
[49.185s][info][gc             ] GC(281) Pause Full (Ergonomics) 7135M->7129M(8168M) 2405.012ms
[49.185s][info][gc,cpu         ] GC(281) User=17.31s Sys=0.06s Real=2.41s
[49.296s][info][gc,start       ] GC(282) Pause Young (Allocation Failure)
[49.673s][info][gc,heap        ] GC(282) PSYoungGen: 160989K(367104K)->132480K(362496K) Eden: 100352K(100352K)->0K(110080K) From: 60637K(266752K)->132480K(252416K)
[49.673s][info][gc,heap        ] GC(282) ParOldGen: 7240429K(7996928K)->7269629K(7996928K)
[49.673s][info][gc,metaspace   ] GC(282) Metaspace: 6297K(6464K)->6297K(6464K) NonClass: 5764K(5824K)->5764K(5824K) Class: 533K(640K)->533K(640K)
[49.673s][info][gc             ] GC(282) Pause Young (Allocation Failure) 7227M->7228M(8163M) 377.771ms
[49.673s][info][gc,cpu         ] GC(282) User=2.66s Sys=0.00s Real=0.38s
[49.790s][info][gc,start       ] GC(283) Pause Young (Allocation Failure)
[49.931s][info][gc,heap        ] GC(283) PSYoungGen: 242560K(362496K)->242752K(373760K) Eden: 110080K(110080K)->0K(110080K) From: 132480K(252416K)->242752K(263680K)
[49.931s][info][gc,heap        ] GC(283) ParOldGen: 7269629K(7996928K)->7269629K(7996928K)
[49.931s][info][gc,metaspace   ] GC(283) Metaspace: 6297K(6464K)->6297K(6464K) NonClass: 5764K(5824K)->5764K(5824K) Class: 533K(640K)->533K(640K)
[49.931s][info][gc             ] GC(283) Pause Young (Allocation Failure) 7336M->7336M(8174M) 140.762ms
[49.931s][info][gc,cpu         ] GC(283) User=0.61s Sys=0.00s Real=0.14s
[50.047s][info][gc,start       ] GC(284) Pause Young (Allocation Failure)
[50.226s][info][gc,heap        ] GC(284) PSYoungGen: 352832K(373760K)->286720K(348160K) Eden: 110080K(110080K)->0K(61440K) From: 242752K(263680K)->286720K(286720K)
[50.226s][info][gc,heap        ] GC(284) ParOldGen: 7269629K(7996928K)->7336309K(7996928K)
[50.226s][info][gc,metaspace   ] GC(284) Metaspace: 6297K(6464K)->6297K(6464K) NonClass: 5764K(5824K)->5764K(5824K) Class: 533K(640K)->533K(640K)
[50.226s][info][gc             ] GC(284) Pause Young (Allocation Failure) 7443M->7444M(8149M) 179.093ms
[50.226s][info][gc,cpu         ] GC(284) User=1.06s Sys=0.17s Real=0.18s
[50.291s][info][gc,start       ] GC(285) Pause Young (Allocation Failure)
[50.469s][info][gc,heap        ] GC(285) PSYoungGen: 348160K(348160K)->252288K(407552K) Eden: 61440K(61440K)->0K(61440K) From: 286720K(286720K)->252288K(346112K)
[50.469s][info][gc,heap        ] GC(285) ParOldGen: 7336309K(7996928K)->7433109K(7996928K)
[50.469s][info][gc,metaspace   ] GC(285) Metaspace: 6297K(6464K)->6297K(6464K) NonClass: 5764K(5824K)->5764K(5824K) Class: 533K(640K)->533K(640K)
[50.469s][info][gc             ] GC(285) Pause Young (Allocation Failure) 7504M->7505M(8207M) 177.433ms
[50.469s][info][gc,cpu         ] GC(285) User=1.23s Sys=0.08s Real=0.18s
[50.532s][info][gc,start       ] GC(286) Pause Young (Allocation Failure)
[50.692s][info][gc,heap        ] GC(286) PSYoungGen: 313728K(407552K)->213568K(412672K) Eden: 61440K(61440K)->0K(69120K) From: 252288K(346112K)->213568K(343552K)
[50.692s][info][gc,heap        ] GC(286) ParOldGen: 7433109K(7996928K)->7534117K(7996928K)
[50.692s][info][gc,metaspace   ] GC(286) Metaspace: 6297K(6464K)->6297K(6464K) NonClass: 5764K(5824K)->5764K(5824K) Class: 533K(640K)->533K(640K)
[50.692s][info][gc             ] GC(286) Pause Young (Allocation Failure) 7565M->7566M(8212M) 160.286ms
[50.692s][info][gc,cpu         ] GC(286) User=1.09s Sys=0.05s Real=0.16s
[50.768s][info][gc,start       ] GC(287) Pause Young (Allocation Failure)
[50.922s][info][gc,heap        ] GC(287) PSYoungGen: 282688K(412672K)->130912K(418816K) Eden: 69120K(69120K)->0K(69120K) From: 213568K(343552K)->130912K(349696K)
[50.922s][info][gc,heap        ] GC(287) ParOldGen: 7534117K(7996928K)->7687093K(7996928K)
[50.923s][info][gc,metaspace   ] GC(287) Metaspace: 6297K(6464K)->6297K(6464K) NonClass: 5764K(5824K)->5764K(5824K) Class: 533K(640K)->533K(640K)
[50.923s][info][gc             ] GC(287) Pause Young (Allocation Failure) 7633M->7634M(8218M) 154.150ms
[50.923s][info][gc,cpu         ] GC(287) User=0.91s Sys=0.11s Real=0.15s
[51.005s][info][gc,start       ] GC(288) Pause Young (Allocation Failure)
[51.137s][info][gc,heap        ] GC(288) PSYoungGen: 200032K(418816K)->69344K(418304K) Eden: 69120K(69120K)->0K(74752K) From: 130912K(349696K)->69344K(343552K)
[51.137s][info][gc,heap        ] GC(288) ParOldGen: 7687093K(7996928K)->7818797K(7996928K)
[51.137s][info][gc,metaspace   ] GC(288) Metaspace: 6297K(6464K)->6297K(6464K) NonClass: 5764K(5824K)->5764K(5824K) Class: 533K(640K)->533K(640K)
[51.137s][info][gc             ] GC(288) Pause Young (Allocation Failure) 7702M->7703M(8218M) 131.577ms
[51.137s][info][gc,cpu         ] GC(288) User=0.50s Sys=0.11s Real=0.13s
[51.137s][info][gc,start       ] GC(289) Pause Full (Ergonomics)
[51.137s][info][gc,phases,start] GC(289) Marking Phase
[52.944s][info][gc,phases      ] GC(289) Marking Phase 1807.603ms
[52.944s][info][gc,phases,start] GC(289) Summary Phase
[52.945s][info][gc,phases      ] GC(289) Summary Phase 0.139ms
[52.945s][info][gc,phases,start] GC(289) Adjust Roots
[52.945s][info][gc,phases      ] GC(289) Adjust Roots 0.219ms
[52.945s][info][gc,phases,start] GC(289) Compaction Phase
[53.689s][info][gc,phases      ] GC(289) Compaction Phase 743.811ms
[53.689s][info][gc,phases,start] GC(289) Post Compact
[53.701s][info][gc,phases      ] GC(289) Post Compact 11.775ms
[53.703s][info][gc,heap        ] GC(289) PSYoungGen: 69344K(418304K)->0K(421376K) Eden: 0K(74752K)->0K(74752K) From: 69344K(343552K)->0K(346624K)
[53.703s][info][gc,heap        ] GC(289) ParOldGen: 7818797K(7996928K)->7882475K(8741888K)
[53.703s][info][gc,metaspace   ] GC(289) Metaspace: 6297K(6464K)->6297K(6464K) NonClass: 5764K(5824K)->5764K(5824K) Class: 533K(640K)->533K(640K)
[53.703s][info][gc             ] GC(289) Pause Full (Ergonomics) 7703M->7697M(8948M) 2566.172ms
[53.703s][info][gc,cpu         ] GC(289) User=18.67s Sys=0.06s Real=2.57s
[53.781s][info][gc,start       ] GC(290) Pause Young (Allocation Failure)
[53.862s][info][gc,heap        ] GC(290) PSYoungGen: 74752K(421376K)->75008K(424960K) Eden: 74752K(74752K)->0K(82432K) From: 0K(346624K)->75008K(342528K)
[53.862s][info][gc,heap        ] GC(290) ParOldGen: 7882475K(8741888K)->7882475K(8741888K)
[53.862s][info][gc,metaspace   ] GC(290) Metaspace: 6297K(6464K)->6297K(6464K) NonClass: 5764K(5824K)->5764K(5824K) Class: 533K(640K)->533K(640K)
[53.862s][info][gc             ] GC(290) Pause Young (Allocation Failure) 7770M->7770M(8952M) 80.227ms
[53.862s][info][gc,cpu         ] GC(290) User=0.19s Sys=0.00s Real=0.08s
[53.947s][info][gc,start       ] GC(291) Pause Young (Allocation Failure)
[54.056s][info][gc,heap        ] GC(291) PSYoungGen: 157440K(424960K)->157568K(240128K) Eden: 82432K(82432K)->0K(82432K) From: 75008K(342528K)->157568K(157696K)
[54.056s][info][gc,heap        ] GC(291) ParOldGen: 7882475K(8741888K)->7882475K(8741888K)
[54.056s][info][gc,metaspace   ] GC(291) Metaspace: 6297K(6464K)->6297K(6464K) NonClass: 5764K(5824K)->5764K(5824K) Class: 533K(640K)->533K(640K)
[54.056s][info][gc             ] GC(291) Pause Young (Allocation Failure) 7851M->7851M(8771M) 108.969ms
[54.056s][info][gc,cpu         ] GC(291) User=0.41s Sys=0.06s Real=0.11s
[54.146s][info][gc,start       ] GC(292) Pause Young (Allocation Failure)
[54.281s][info][gc,heap        ] GC(292) PSYoungGen: 240000K(240128K)->240160K(407040K) Eden: 82432K(82432K)->0K(78848K) From: 157568K(157696K)->240160K(328192K)
[54.281s][info][gc,heap        ] GC(292) ParOldGen: 7882475K(8741888K)->7882475K(8741888K)
[54.281s][info][gc,metaspace   ] GC(292) Metaspace: 6297K(6464K)->6297K(6464K) NonClass: 5764K(5824K)->5764K(5824K) Class: 533K(640K)->533K(640K)
[54.281s][info][gc             ] GC(292) Pause Young (Allocation Failure) 7932M->7932M(8934M) 134.836ms
[54.281s][info][gc,cpu         ] GC(292) User=0.62s Sys=0.00s Real=0.13s
[54.365s][info][gc,start       ] GC(293) Pause Young (Allocation Failure)
[54.521s][info][gc,heap        ] GC(293) PSYoungGen: 319008K(407040K)->244288K(419328K) Eden: 78848K(78848K)->0K(78848K) From: 240160K(328192K)->244288K(340480K)
[54.521s][info][gc,heap        ] GC(293) ParOldGen: 7882475K(8741888K)->7957891K(8741888K)
[54.521s][info][gc,metaspace   ] GC(293) Metaspace: 6297K(6464K)->6297K(6464K) NonClass: 5764K(5824K)->5764K(5824K) Class: 533K(640K)->533K(640K)
[54.521s][info][gc             ] GC(293) Pause Young (Allocation Failure) 8009M->8009M(8946M) 156.771ms
[54.521s][info][gc,cpu         ] GC(293) User=1.00s Sys=0.03s Real=0.16s
[54.606s][info][gc,start       ] GC(294) Pause Young (Allocation Failure)
[54.764s][info][gc,heap        ] GC(294) PSYoungGen: 323136K(419328K)->240672K(433152K) Eden: 78848K(78848K)->0K(81920K) From: 244288K(340480K)->240672K(351232K)
[54.765s][info][gc,heap        ] GC(294) ParOldGen: 7957891K(8741888K)->8041067K(8741888K)
[54.765s][info][gc,metaspace   ] GC(294) Metaspace: 6297K(6464K)->6297K(6464K) NonClass: 5764K(5824K)->5764K(5824K) Class: 533K(640K)->533K(640K)
[54.765s][info][gc             ] GC(294) Pause Young (Allocation Failure) 8086M->8087M(8960M) 158.845ms
[54.765s][info][gc,cpu         ] GC(294) User=1.22s Sys=0.03s Real=0.16s
[54.853s][info][gc,start       ] GC(295) Pause Young (Allocation Failure)
[55.023s][info][gc,heap        ] GC(295) PSYoungGen: 322592K(433152K)->240160K(439296K) Eden: 81920K(81920K)->0K(81920K) From: 240672K(351232K)->240160K(357376K)
[55.023s][info][gc,heap        ] GC(295) ParOldGen: 8041067K(8741888K)->8124251K(8741888K)
[55.023s][info][gc,metaspace   ] GC(295) Metaspace: 6297K(6464K)->6297K(6464K) NonClass: 5764K(5824K)->5764K(5824K) Class: 533K(640K)->533K(640K)
[55.023s][info][gc             ] GC(295) Pause Young (Allocation Failure) 8167M->8168M(8966M) 170.010ms
[55.023s][info][gc,cpu         ] GC(295) User=1.00s Sys=0.03s Real=0.17s
[55.104s][info][gc,start       ] GC(296) Pause Young (Allocation Failure)
[55.263s][info][gc,heap        ] GC(296) PSYoungGen: 322080K(439296K)->243264K(450048K) Eden: 81920K(81920K)->0K(89088K) From: 240160K(357376K)->243264K(360960K)
[55.263s][info][gc,heap        ] GC(296) ParOldGen: 8124251K(8741888K)->8203811K(8741888K)
[55.263s][info][gc,metaspace   ] GC(296) Metaspace: 6297K(6464K)->6297K(6464K) NonClass: 5764K(5824K)->5764K(5824K) Class: 533K(640K)->533K(640K)
[55.263s][info][gc             ] GC(296) Pause Young (Allocation Failure) 8248M->8249M(8976M) 159.006ms
[55.263s][info][gc,cpu         ] GC(296) User=1.20s Sys=0.06s Real=0.16s
[55.359s][info][gc,start       ] GC(297) Pause Young (Allocation Failure)
[55.528s][info][gc,heap        ] GC(297) PSYoungGen: 332352K(450048K)->171488K(260608K) Eden: 89088K(89088K)->0K(89088K) From: 243264K(360960K)->171488K(171520K)
[55.528s][info][gc,heap        ] GC(297) ParOldGen: 8203811K(8741888K)->8366003K(8741888K)
[55.528s][info][gc,metaspace   ] GC(297) Metaspace: 6297K(6464K)->6297K(6464K) NonClass: 5764K(5824K)->5764K(5824K) Class: 533K(640K)->533K(640K)
[55.528s][info][gc             ] GC(297) Pause Young (Allocation Failure) 8336M->8337M(8791M) 169.006ms
[55.528s][info][gc,cpu         ] GC(297) User=1.06s Sys=0.08s Real=0.17s
[55.620s][info][gc,start       ] GC(298) Pause Young (Allocation Failure)
[55.759s][info][gc,heap        ] GC(298) PSYoungGen: 260576K(260608K)->89344K(449536K) Eden: 89088K(89088K)->0K(98816K) From: 171488K(171520K)->89344K(350720K)
[55.760s][info][gc,heap        ] GC(298) ParOldGen: 8366003K(8741888K)->8538531K(8741888K)
[55.760s][info][gc,metaspace   ] GC(298) Metaspace: 6297K(6464K)->6297K(6464K) NonClass: 5764K(5824K)->5764K(5824K) Class: 533K(640K)->533K(640K)
[55.760s][info][gc             ] GC(298) Pause Young (Allocation Failure) 8424M->8425M(8976M) 139.568ms
[55.760s][info][gc,cpu         ] GC(298) User=0.95s Sys=0.05s Real=0.14s
[55.859s][info][gc,start       ] GC(299) Pause Young (Allocation Failure)
[55.981s][info][gc,heap        ] GC(299) PSYoungGen: 188160K(449536K)->99136K(451072K) Eden: 98816K(98816K)->0K(98816K) From: 89344K(350720K)->99136K(352256K)
[55.981s][info][gc,heap        ] GC(299) ParOldGen: 8538531K(8741888K)->8628419K(8741888K)
[55.981s][info][gc,metaspace   ] GC(299) Metaspace: 6297K(6464K)->6297K(6464K) NonClass: 5764K(5824K)->5764K(5824K) Class: 533K(640K)->533K(640K)
[55.981s][info][gc             ] GC(299) Pause Young (Allocation Failure) 8522M->8523M(8977M) 121.304ms
[55.981s][info][gc,cpu         ] GC(299) User=0.45s Sys=0.08s Real=0.12s
[55.981s][info][gc,start       ] GC(300) Pause Full (Ergonomics)
[55.981s][info][gc,phases,start] GC(300) Marking Phase
[57.996s][info][gc,phases      ] GC(300) Marking Phase 2015.360ms
[57.996s][info][gc,phases,start] GC(300) Summary Phase
[57.996s][info][gc,phases      ] GC(300) Summary Phase 0.172ms
[57.996s][info][gc,phases,start] GC(300) Adjust Roots
[57.997s][info][gc,phases      ] GC(300) Adjust Roots 0.205ms
[57.997s][info][gc,phases,start] GC(300) Compaction Phase
[58.803s][info][gc,phases      ] GC(300) Compaction Phase 806.361ms
[58.803s][info][gc,phases,start] GC(300) Post Compact
[58.816s][info][gc,phases      ] GC(300) Post Compact 12.719ms
[58.819s][info][gc,heap        ] GC(300) PSYoungGen: 99136K(451072K)->0K(460800K) Eden: 0K(98816K)->0K(111104K) From: 99136K(352256K)->0K(349696K)
[58.819s][info][gc,heap        ] GC(300) ParOldGen: 8628419K(8741888K)->8720320K(9665024K)
[58.819s][info][gc,metaspace   ] GC(300) Metaspace: 6297K(6464K)->6297K(6464K) NonClass: 5764K(5824K)->5764K(5824K) Class: 533K(640K)->533K(640K)
[58.819s][info][gc             ] GC(300) Pause Full (Ergonomics) 8523M->8515M(9888M) 2837.932ms
[58.819s][info][gc,cpu         ] GC(300) User=20.97s Sys=0.08s Real=2.84s
[58.941s][info][gc,start       ] GC(301) Pause Young (Allocation Failure)
[59.035s][info][gc,heap        ] GC(301) PSYoungGen: 111104K(460800K)->111424K(460800K) Eden: 111104K(111104K)->0K(111104K) From: 0K(349696K)->111424K(349696K)
[59.035s][info][gc,heap        ] GC(301) ParOldGen: 8720320K(9665024K)->8720320K(9665024K)
[59.035s][info][gc,metaspace   ] GC(301) Metaspace: 6297K(6464K)->6297K(6464K) NonClass: 5764K(5824K)->5764K(5824K) Class: 533K(640K)->533K(640K)
[59.035s][info][gc             ] GC(301) Pause Young (Allocation Failure) 8624M->8624M(9888M) 94.318ms
[59.035s][info][gc,cpu         ] GC(301) User=0.34s Sys=0.00s Real=0.09s
[59.154s][info][gc,start       ] GC(302) Pause Young (Allocation Failure)
[59.287s][info][gc,heap        ] GC(302) PSYoungGen: 222528K(460800K)->222752K(461312K) Eden: 111104K(111104K)->0K(118784K) From: 111424K(349696K)->222752K(342528K)
[59.287s][info][gc,heap        ] GC(302) ParOldGen: 8720320K(9665024K)->8720320K(9665024K)
[59.287s][info][gc,metaspace   ] GC(302) Metaspace: 6297K(6464K)->6297K(6464K) NonClass: 5764K(5824K)->5764K(5824K) Class: 533K(640K)->533K(640K)
[59.287s][info][gc             ] GC(302) Pause Young (Allocation Failure) 8733M->8733M(9889M) 132.466ms
[59.287s][info][gc,cpu         ] GC(302) User=0.67s Sys=0.00s Real=0.13s
[59.420s][info][gc,start       ] GC(303) Pause Young (Allocation Failure)
[59.600s][info][gc,heap        ] GC(303) PSYoungGen: 341536K(461312K)->341760K(464384K) Eden: 118784K(118784K)->0K(118784K) From: 222752K(342528K)->341760K(345600K)
[59.600s][info][gc,heap        ] GC(303) ParOldGen: 8720320K(9665024K)->8720320K(9665024K)
[59.600s][info][gc,metaspace   ] GC(303) Metaspace: 6297K(6464K)->6297K(6464K) NonClass: 5764K(5824K)->5764K(5824K) Class: 533K(640K)->533K(640K)
[59.600s][info][gc             ] GC(303) Pause Young (Allocation Failure) 8849M->8849M(9892M) 179.910ms
[59.600s][info][gc,cpu         ] GC(303) User=1.25s Sys=0.00s Real=0.18s
[59.734s][info][gc,start       ] GC(304) Pause Young (Allocation Failure)
[59.990s][info][gc,heap        ] GC(304) PSYoungGen: 460544K(464384K)->390656K(441344K) Eden: 118784K(118784K)->0K(50688K) From: 341760K(345600K)->390656K(390656K)
[59.990s][info][gc,heap        ] GC(304) ParOldGen: 8720320K(9665024K)->8790816K(9665024K)
[59.990s][info][gc,metaspace   ] GC(304) Metaspace: 6297K(6464K)->6297K(6464K) NonClass: 5764K(5824K)->5764K(5824K) Class: 533K(640K)->533K(640K)
[59.990s][info][gc             ] GC(304) Pause Young (Allocation Failure) 8965M->8966M(9869M) 256.343ms
[59.990s][info][gc,cpu         ] GC(304) User=1.61s Sys=0.12s Real=0.26s
[60.057s][info][gc,start       ] GC(305) Pause Young (Allocation Failure)
[60.282s][info][gc,heap        ] GC(305) PSYoungGen: 441344K(441344K)->255296K(306176K) Eden: 50688K(50688K)->0K(50688K) From: 390656K(390656K)->255296K(255488K)
[60.282s][info][gc,heap        ] GC(305) ParOldGen: 8790816K(9665024K)->8978400K(9665024K)
[60.282s][info][gc,metaspace   ] GC(305) Metaspace: 6297K(6464K)->6297K(6464K) NonClass: 5764K(5824K)->5764K(5824K) Class: 533K(640K)->533K(640K)
[60.282s][info][gc             ] GC(305) Pause Young (Allocation Failure) 9015M->9017M(9737M) 224.548ms
[60.282s][info][gc,cpu         ] GC(305) User=1.69s Sys=0.06s Real=0.22s
[60.340s][info][gc,start       ] GC(306) Pause Young (Allocation Failure)
[60.494s][info][gc,heap        ] GC(306) PSYoungGen: 305984K(306176K)->208320K(474624K) Eden: 50688K(50688K)->0K(57344K) From: 255296K(255488K)->208320K(417280K)
[60.494s][info][gc,heap        ] GC(306) ParOldGen: 8978400K(9665024K)->9076824K(9665024K)
[60.494s][info][gc,metaspace   ] GC(306) Metaspace: 6297K(6464K)->6297K(6464K) NonClass: 5764K(5824K)->5764K(5824K) Class: 533K(640K)->533K(640K)
[60.494s][info][gc             ] GC(306) Pause Young (Allocation Failure) 9066M->9067M(9902M) 154.301ms
[60.494s][info][gc,cpu         ] GC(306) User=1.17s Sys=0.08s Real=0.15s
[60.558s][info][gc,start       ] GC(307) Pause Young (Allocation Failure)
[60.706s][info][gc,heap        ] GC(307) PSYoungGen: 265664K(474624K)->108320K(495616K) Eden: 57344K(57344K)->0K(57344K) From: 208320K(417280K)->108320K(438272K)
[60.706s][info][gc,heap        ] GC(307) ParOldGen: 9076824K(9665024K)->9235360K(9665024K)
[60.706s][info][gc,metaspace   ] GC(307) Metaspace: 6297K(6464K)->6297K(6464K) NonClass: 5764K(5824K)->5764K(5824K) Class: 533K(640K)->533K(640K)
[60.706s][info][gc             ] GC(307) Pause Young (Allocation Failure) 9123M->9124M(9922M) 148.403ms
[60.706s][info][gc,cpu         ] GC(307) User=0.98s Sys=0.03s Real=0.15s
[60.770s][info][gc,start       ] GC(308) Pause Young (Allocation Failure)
[60.884s][info][gc,heap        ] GC(308) PSYoungGen: 165664K(495616K)->57600K(497152K) Eden: 57344K(57344K)->0K(61952K) From: 108320K(438272K)->57600K(435200K)
[60.884s][info][gc,heap        ] GC(308) ParOldGen: 9235360K(9665024K)->9344328K(9665024K)
[60.884s][info][gc,metaspace   ] GC(308) Metaspace: 6297K(6464K)->6297K(6464K) NonClass: 5764K(5824K)->5764K(5824K) Class: 533K(640K)->533K(640K)
[60.884s][info][gc             ] GC(308) Pause Young (Allocation Failure) 9180M->9181M(9924M) 114.227ms
[60.884s][info][gc,cpu         ] GC(308) User=0.39s Sys=0.05s Real=0.11s
[60.956s][info][gc,start       ] GC(309) Pause Young (Allocation Failure)
[61.061s][info][gc,heap        ] GC(309) PSYoungGen: 119552K(497152K)->62144K(500224K) Eden: 61952K(61952K)->0K(61952K) From: 57600K(435200K)->62144K(438272K)
[61.061s][info][gc,heap        ] GC(309) ParOldGen: 9344328K(9665024K)->9402200K(9665024K)
[61.061s][info][gc,metaspace   ] GC(309) Metaspace: 6297K(6464K)->6297K(6464K) NonClass: 5764K(5824K)->5764K(5824K) Class: 533K(640K)->533K(640K)
[61.061s][info][gc             ] GC(309) Pause Young (Allocation Failure) 9242M->9242M(9927M) 104.373ms
[61.061s][info][gc,cpu         ] GC(309) User=0.30s Sys=0.03s Real=0.11s
[61.126s][info][gc,start       ] GC(310) Pause Young (Allocation Failure)
[61.239s][info][gc,heap        ] GC(310) PSYoungGen: 124096K(500224K)->62240K(495104K) Eden: 61952K(61952K)->0K(70144K) From: 62144K(438272K)->62240K(424960K)
[61.239s][info][gc,heap        ] GC(310) ParOldGen: 9402200K(9665024K)->9464712K(9665024K)
[61.239s][info][gc,metaspace   ] GC(310) Metaspace: 6297K(6464K)->6297K(6464K) NonClass: 5764K(5824K)->5764K(5824K) Class: 533K(640K)->533K(640K)
[61.239s][info][gc             ] GC(310) Pause Young (Allocation Failure) 9303M->9303M(9922M) 112.981ms
[61.239s][info][gc,cpu         ] GC(310) User=0.30s Sys=0.00s Real=0.11s
[61.316s][info][gc,start       ] GC(311) Pause Young (Allocation Failure)
[61.424s][info][gc,heap        ] GC(311) PSYoungGen: 132384K(495104K)->70400K(140800K) Eden: 70144K(70144K)->0K(70144K) From: 62240K(424960K)->70400K(70656K)
[61.424s][info][gc,heap        ] GC(311) ParOldGen: 9464712K(9665024K)->9527216K(9665024K)
[61.424s][info][gc,metaspace   ] GC(311) Metaspace: 6297K(6464K)->6297K(6464K) NonClass: 5764K(5824K)->5764K(5824K) Class: 533K(640K)->533K(640K)
[61.424s][info][gc             ] GC(311) Pause Young (Allocation Failure) 9372M->9372M(9576M) 107.360ms
[61.424s][info][gc,cpu         ] GC(311) User=0.45s Sys=0.02s Real=0.11s
[61.424s][info][gc,start       ] GC(312) Pause Full (Ergonomics)
[61.424s][info][gc,phases,start] GC(312) Marking Phase
[63.647s][info][gc,phases      ] GC(312) Marking Phase 2222.927ms
[63.647s][info][gc,phases,start] GC(312) Summary Phase
[63.647s][info][gc,phases      ] GC(312) Summary Phase 0.144ms
[63.647s][info][gc,phases,start] GC(312) Adjust Roots
[63.647s][info][gc,phases      ] GC(312) Adjust Roots 0.188ms
[63.647s][info][gc,phases,start] GC(312) Compaction Phase
[64.503s][info][gc,phases      ] GC(312) Compaction Phase 856.100ms
[64.503s][info][gc,phases,start] GC(312) Post Compact
[64.521s][info][gc,phases      ] GC(312) Post Compact 17.209ms
[64.523s][info][gc,heap        ] GC(312) PSYoungGen: 70400K(140800K)->0K(500224K) Eden: 0K(70144K)->0K(79360K) From: 70400K(70656K)->0K(420864K)
[64.524s][info][gc,heap        ] GC(312) ParOldGen: 9527216K(9665024K)->9589870K(10610688K)
[64.524s][info][gc,metaspace   ] GC(312) Metaspace: 6297K(6464K)->6297K(6464K) NonClass: 5764K(5824K)->5764K(5824K) Class: 533K(640K)->533K(640K)
[64.524s][info][gc             ] GC(312) Pause Full (Ergonomics) 9372M->9365M(10850M) 3099.728ms
[64.524s][info][gc,cpu         ] GC(312) User=22.92s Sys=0.02s Real=3.10s
[64.607s][info][gc,start       ] GC(313) Pause Young (Allocation Failure)
[64.697s][info][gc,heap        ] GC(313) PSYoungGen: 79360K(500224K)->79584K(159232K) Eden: 79360K(79360K)->0K(79360K) From: 0K(420864K)->79584K(79872K)
[64.697s][info][gc,heap        ] GC(313) ParOldGen: 9589870K(10610688K)->9589870K(10610688K)
[64.697s][info][gc,metaspace   ] GC(313) Metaspace: 6297K(6464K)->6297K(6464K) NonClass: 5764K(5824K)->5764K(5824K) Class: 533K(640K)->533K(640K)
[64.697s][info][gc             ] GC(313) Pause Young (Allocation Failure) 9442M->9442M(10517M) 89.998ms
[64.697s][info][gc,cpu         ] GC(313) User=0.28s Sys=0.00s Real=0.09s
[64.786s][info][gc,start       ] GC(314) Pause Young (Allocation Failure)
[64.902s][info][gc,heap        ] GC(314) PSYoungGen: 158944K(159232K)->159072K(451072K) Eden: 79360K(79360K)->0K(87552K) From: 79584K(79872K)->159072K(363520K)
[64.903s][info][gc,heap        ] GC(314) ParOldGen: 9589870K(10610688K)->9589870K(10610688K)
[64.903s][info][gc,metaspace   ] GC(314) Metaspace: 6297K(6464K)->6297K(6464K) NonClass: 5764K(5824K)->5764K(5824K) Class: 533K(640K)->533K(640K)
[64.903s][info][gc             ] GC(314) Pause Young (Allocation Failure) 9520M->9520M(10802M) 117.028ms
[64.903s][info][gc,cpu         ] GC(314) User=0.44s Sys=0.00s Real=0.12s
[64.989s][info][gc,start       ] GC(315) Pause Young (Allocation Failure)
[65.132s][info][gc,heap        ] GC(315) PSYoungGen: 246624K(451072K)->246816K(473088K) Eden: 87552K(87552K)->0K(87552K) From: 159072K(363520K)->246816K(385536K)
[65.133s][info][gc,heap        ] GC(315) ParOldGen: 9589870K(10610688K)->9589870K(10610688K)
[65.133s][info][gc,metaspace   ] GC(315) Metaspace: 6297K(6464K)->6297K(6464K) NonClass: 5764K(5824K)->5764K(5824K) Class: 533K(640K)->533K(640K)
[65.133s][info][gc             ] GC(315) Pause Young (Allocation Failure) 9605M->9606M(10824M) 143.538ms
[65.133s][info][gc,cpu         ] GC(315) User=0.69s Sys=0.00s Real=0.14s
[65.228s][info][gc,start       ] GC(316) Pause Young (Allocation Failure)
[65.410s][info][gc,heap        ] GC(316) PSYoungGen: 334368K(473088K)->255040K(483328K) Eden: 87552K(87552K)->0K(86016K) From: 246816K(385536K)->255040K(397312K)
[65.410s][info][gc,heap        ] GC(316) ParOldGen: 9589870K(10610688K)->9669942K(10610688K)
[65.410s][info][gc,metaspace   ] GC(316) Metaspace: 6297K(6464K)->6297K(6464K) NonClass: 5764K(5824K)->5764K(5824K) Class: 533K(640K)->533K(640K)
[65.410s][info][gc             ] GC(316) Pause Young (Allocation Failure) 9691M->9692M(10834M) 182.419ms
[65.410s][info][gc,cpu         ] GC(316) User=1.23s Sys=0.16s Real=0.18s
[65.509s][info][gc,start       ] GC(317) Pause Young (Allocation Failure)
[65.693s][info][gc,heap        ] GC(317) PSYoungGen: 341056K(483328K)->261760K(494592K) Eden: 86016K(86016K)->0K(86016K) From: 255040K(397312K)->261760K(408576K)
[65.693s][info][gc,heap        ] GC(317) ParOldGen: 9669942K(10610688K)->9750030K(10610688K)
[65.693s][info][gc,metaspace   ] GC(317) Metaspace: 6297K(6464K)->6297K(6464K) NonClass: 5764K(5824K)->5764K(5824K) Class: 533K(640K)->533K(640K)
[65.693s][info][gc             ] GC(317) Pause Young (Allocation Failure) 9776M->9777M(10845M) 184.054ms
[65.693s][info][gc,cpu         ] GC(317) User=1.31s Sys=0.05s Real=0.18s
[65.787s][info][gc,start       ] GC(318) Pause Young (Allocation Failure)
[65.976s][info][gc,heap        ] GC(318) PSYoungGen: 347776K(494592K)->260160K(509440K) Eden: 86016K(86016K)->0K(90624K) From: 261760K(408576K)->260160K(418816K)
[65.976s][info][gc,heap        ] GC(318) ParOldGen: 9750030K(10610688K)->9838366K(10610688K)
[65.976s][info][gc,metaspace   ] GC(318) Metaspace: 6297K(6464K)->6297K(6464K) NonClass: 5764K(5824K)->5764K(5824K) Class: 533K(640K)->533K(640K)
[65.976s][info][gc             ] GC(318) Pause Young (Allocation Failure) 9861M->9861M(10859M) 188.573ms
[65.976s][info][gc,cpu         ] GC(318) User=1.14s Sys=0.02s Real=0.19s
[66.078s][info][gc,start       ] GC(319) Pause Young (Allocation Failure)
[66.282s][info][gc,heap        ] GC(319) PSYoungGen: 350784K(509440K)->263232K(515072K) Eden: 90624K(90624K)->0K(90624K) From: 260160K(418816K)->263232K(424448K)
[66.282s][info][gc,heap        ] GC(319) ParOldGen: 9838366K(10610688K)->9926710K(10610688K)
[66.282s][info][gc,metaspace   ] GC(319) Metaspace: 6297K(6464K)->6297K(6464K) NonClass: 5764K(5824K)->5764K(5824K) Class: 533K(640K)->533K(640K)
[66.282s][info][gc             ] GC(319) Pause Young (Allocation Failure) 9950M->9951M(10865M) 203.663ms
[66.282s][info][gc,cpu         ] GC(319) User=1.31s Sys=0.02s Real=0.20s
[66.380s][info][gc,start       ] GC(320) Pause Young (Allocation Failure)
[66.582s][info][gc,heap        ] GC(320) PSYoungGen: 353856K(515072K)->181664K(488448K) Eden: 90624K(90624K)->0K(102400K) From: 263232K(424448K)->181664K(386048K)
[66.582s][info][gc,heap        ] GC(320) ParOldGen: 9926710K(10610688K)->10100246K(10610688K)
[66.582s][info][gc,metaspace   ] GC(320) Metaspace: 6297K(6464K)->6297K(6464K) NonClass: 5764K(5824K)->5764K(5824K) Class: 533K(640K)->533K(640K)
[66.582s][info][gc             ] GC(320) Pause Young (Allocation Failure) 10039M->10040M(10839M) 202.281ms
[66.582s][info][gc,cpu         ] GC(320) User=1.31s Sys=0.09s Real=0.20s
[66.703s][info][gc,start       ] GC(321) Pause Young (Allocation Failure)
[66.870s][info][gc,heap        ] GC(321) PSYoungGen: 284064K(488448K)->102688K(509952K) Eden: 102400K(102400K)->0K(102400K) From: 181664K(386048K)->102688K(407552K)
[66.870s][info][gc,heap        ] GC(321) ParOldGen: 10100246K(10610688K)->10283094K(10610688K)
[66.870s][info][gc,metaspace   ] GC(321) Metaspace: 6297K(6464K)->6297K(6464K) NonClass: 5764K(5824K)->5764K(5824K) Class: 533K(640K)->533K(640K)
[66.870s][info][gc             ] GC(321) Pause Young (Allocation Failure) 10140M->10142M(10860M) 166.925ms
[66.870s][info][gc,cpu         ] GC(321) User=1.06s Sys=0.08s Real=0.17s
[66.978s][info][gc,start       ] GC(322) Pause Young (Allocation Failure)
[67.134s][info][gc,heap        ] GC(322) PSYoungGen: 205088K(509952K)->102688K(501760K) Eden: 102400K(102400K)->0K(115200K) From: 102688K(407552K)->102688K(386560K)
[67.134s][info][gc,heap        ] GC(322) ParOldGen: 10283094K(10610688K)->10386414K(10610688K)
[67.134s][info][gc,metaspace   ] GC(322) Metaspace: 6297K(6464K)->6297K(6464K) NonClass: 5764K(5824K)->5764K(5824K) Class: 533K(640K)->533K(640K)
[67.134s][info][gc             ] GC(322) Pause Young (Allocation Failure) 10242M->10243M(10852M) 155.869ms
[67.134s][info][gc,cpu         ] GC(322) User=0.53s Sys=0.03s Real=0.16s
[67.271s][info][gc,start       ] GC(323) Pause Young (Allocation Failure)
[67.416s][info][gc,heap        ] GC(323) PSYoungGen: 217888K(501760K)->115520K(509440K) Eden: 115200K(115200K)->0K(115200K) From: 102688K(386560K)->115520K(394240K)
[67.417s][info][gc,heap        ] GC(323) ParOldGen: 10386414K(10610688K)->10489734K(10610688K)
[67.417s][info][gc,metaspace   ] GC(323) Metaspace: 6297K(6464K)->6297K(6464K) NonClass: 5764K(5824K)->5764K(5824K) Class: 533K(640K)->533K(640K)
[67.417s][info][gc             ] GC(323) Pause Young (Allocation Failure) 10355M->10356M(10859M) 145.363ms
[67.417s][info][gc,cpu         ] GC(323) User=0.67s Sys=0.08s Real=0.14s
[67.417s][info][gc,start       ] GC(324) Pause Full (Ergonomics)
[67.417s][info][gc,phases,start] GC(324) Marking Phase
[69.938s][info][gc,phases      ] GC(324) Marking Phase 2521.520ms
[69.938s][info][gc,phases,start] GC(324) Summary Phase
[69.938s][info][gc,phases      ] GC(324) Summary Phase 0.169ms
[69.938s][info][gc,phases,start] GC(324) Adjust Roots
[69.939s][info][gc,phases      ] GC(324) Adjust Roots 0.204ms
[69.939s][info][gc,phases,start] GC(324) Compaction Phase
[70.974s][info][gc,phases      ] GC(324) Compaction Phase 1035.228ms
[70.974s][info][gc,phases,start] GC(324) Post Compact
[70.992s][info][gc,phases      ] GC(324) Post Compact 17.688ms
[70.996s][info][gc,heap        ] GC(324) PSYoungGen: 115520K(509440K)->0K(512000K) Eden: 0K(115200K)->0K(129024K) From: 115520K(394240K)->0K(382976K)
[70.996s][info][gc,heap        ] GC(324) ParOldGen: 10489734K(10610688K)->10596616K(11724800K)
[70.996s][info][gc,metaspace   ] GC(324) Metaspace: 6297K(6464K)->6297K(6464K) NonClass: 5764K(5824K)->5764K(5824K) Class: 533K(640K)->533K(640K)
[70.996s][info][gc             ] GC(324) Pause Full (Ergonomics) 10356M->10348M(11950M) 3579.134ms
[70.996s][info][gc,cpu         ] GC(324) User=25.55s Sys=0.16s Real=3.58s
[71.136s][info][gc,start       ] GC(325) Pause Young (Allocation Failure)
[71.247s][info][gc,heap        ] GC(325) PSYoungGen: 129024K(512000K)->129376K(258560K) Eden: 129024K(129024K)->0K(129024K) From: 0K(382976K)->129376K(129536K)
[71.247s][info][gc,heap        ] GC(325) ParOldGen: 10596616K(11724800K)->10596616K(11724800K)
[71.247s][info][gc,metaspace   ] GC(325) Metaspace: 6297K(6464K)->6297K(6464K) NonClass: 5764K(5824K)->5764K(5824K) Class: 533K(640K)->533K(640K)
[71.247s][info][gc             ] GC(325) Pause Young (Allocation Failure) 10474M->10474M(11702M) 110.903ms
[71.247s][info][gc,cpu         ] GC(325) User=0.53s Sys=0.00s Real=0.11s
[71.405s][info][gc,start       ] GC(326) Pause Young (Allocation Failure)
[71.563s][info][gc,heap        ] GC(326) PSYoungGen: 258400K(258560K)->258624K(495616K) Eden: 129024K(129024K)->0K(126976K) From: 129376K(129536K)->258624K(368640K)
[71.563s][info][gc,heap        ] GC(326) ParOldGen: 10596616K(11724800K)->10596616K(11724800K)
[71.563s][info][gc,metaspace   ] GC(326) Metaspace: 6297K(6464K)->6297K(6464K) NonClass: 5764K(5824K)->5764K(5824K) Class: 533K(640K)->533K(640K)
[71.563s][info][gc             ] GC(326) Pause Young (Allocation Failure) 10600M->10600M(11934M) 158.162ms
[71.563s][info][gc,cpu         ] GC(326) User=0.84s Sys=0.00s Real=0.16s
[71.709s][info][gc,start       ] GC(327) Pause Young (Allocation Failure)
[71.936s][info][gc,heap        ] GC(327) PSYoungGen: 385600K(495616K)->382464K(509440K) Eden: 126976K(126976K)->0K(126976K) From: 258624K(368640K)->382464K(382464K)
[71.936s][info][gc,heap        ] GC(327) ParOldGen: 10596616K(11724800K)->10599944K(11724800K)
[71.936s][info][gc,metaspace   ] GC(327) Metaspace: 6297K(6464K)->6297K(6464K) NonClass: 5764K(5824K)->5764K(5824K) Class: 533K(640K)->533K(640K)
[71.936s][info][gc             ] GC(327) Pause Young (Allocation Failure) 10724M->10725M(11947M) 227.874ms
[71.936s][info][gc,cpu         ] GC(327) User=1.36s Sys=0.03s Real=0.23s
[72.089s][info][gc,start       ] GC(328) Pause Young (Allocation Failure)
[72.411s][info][gc,heap        ] GC(328) PSYoungGen: 509440K(509440K)->253024K(575488K) Eden: 126976K(126976K)->0K(141312K) From: 382464K(382464K)->253024K(434176K)
[72.411s][info][gc,heap        ] GC(328) ParOldGen: 10599944K(11724800K)->10858592K(11724800K)
[72.411s][info][gc,metaspace   ] GC(328) Metaspace: 6297K(6464K)->6297K(6464K) NonClass: 5764K(5824K)->5764K(5824K) Class: 533K(640K)->533K(640K)
[72.411s][info][gc             ] GC(328) Pause Young (Allocation Failure) 10849M->10851M(12012M) 322.359ms
[72.411s][info][gc,cpu         ] GC(328) User=2.16s Sys=0.14s Real=0.32s
[72.576s][info][gc,start       ] GC(329) Pause Young (Allocation Failure)
[72.814s][info][gc,heap        ] GC(329) PSYoungGen: 394336K(575488K)->268896K(577536K) Eden: 141312K(141312K)->0K(141312K) From: 253024K(434176K)->268896K(436224K)
[72.814s][info][gc,heap        ] GC(329) ParOldGen: 10858592K(11724800K)->10985152K(11724800K)
[72.814s][info][gc,metaspace   ] GC(329) Metaspace: 6297K(6464K)->6297K(6464K) NonClass: 5764K(5824K)->5764K(5824K) Class: 533K(640K)->533K(640K)
[72.814s][info][gc             ] GC(329) Pause Young (Allocation Failure) 10989M->10990M(12014M) 238.048ms
[72.814s][info][gc,cpu         ] GC(329) User=1.59s Sys=0.05s Real=0.24s
[72.975s][info][gc,start       ] GC(330) Pause Young (Allocation Failure)
[73.233s][info][gc,heap        ] GC(330) PSYoungGen: 410208K(577536K)->283264K(590848K) Eden: 141312K(141312K)->0K(153088K) From: 268896K(436224K)->283264K(437760K)
[73.233s][info][gc,heap        ] GC(330) ParOldGen: 10985152K(11724800K)->11113296K(11724800K)
[73.233s][info][gc,metaspace   ] GC(330) Metaspace: 6297K(6464K)->6297K(6464K) NonClass: 5764K(5824K)->5764K(5824K) Class: 533K(640K)->533K(640K)
[73.233s][info][gc             ] GC(330) Pause Young (Allocation Failure) 11128M->11129M(12027M) 257.921ms
[73.233s][info][gc,cpu         ] GC(330) User=1.48s Sys=0.09s Real=0.26s
[73.420s][info][gc,start       ] GC(331) Pause Young (Allocation Failure)
[73.702s][info][gc,heap        ] GC(331) PSYoungGen: 436352K(590848K)->295104K(595456K) Eden: 153088K(153088K)->0K(153088K) From: 283264K(437760K)->295104K(442368K)
[73.702s][info][gc,heap        ] GC(331) ParOldGen: 11113296K(11724800K)->11255880K(11724800K)
[73.702s][info][gc,metaspace   ] GC(331) Metaspace: 6297K(6464K)->6297K(6464K) NonClass: 5764K(5824K)->5764K(5824K) Class: 533K(640K)->533K(640K)
[73.702s][info][gc             ] GC(331) Pause Young (Allocation Failure) 11278M->11280M(12031M) 281.763ms
[73.702s][info][gc,cpu         ] GC(331) User=1.66s Sys=0.14s Real=0.28s
[76.424s][info][gc,start       ] GC(332) Pause Full (Ergonomics)
[76.424s][info][gc,phases,start] GC(332) Marking Phase
[79.320s][info][gc,phases      ] GC(332) Marking Phase 2895.698ms
[79.320s][info][gc,phases,start] GC(332) Summary Phase
[79.320s][info][gc,phases      ] GC(332) Summary Phase 0.123ms
[79.320s][info][gc,phases,start] GC(332) Adjust Roots
[79.320s][info][gc,phases      ] GC(332) Adjust Roots 0.190ms
[79.320s][info][gc,phases,start] GC(332) Compaction Phase
[81.273s][info][gc,phases      ] GC(332) Compaction Phase 1953.279ms
[81.274s][info][gc,phases,start] GC(332) Post Compact
[81.300s][info][gc,phases      ] GC(332) Post Compact 26.567ms
[81.300s][info][gc,heap        ] GC(332) PSYoungGen: 448192K(595456K)->12307K(595456K) Eden: 153088K(153088K)->0K(153088K) From: 295104K(442368K)->12307K(442368K)
[81.300s][info][gc,heap        ] GC(332) ParOldGen: 11780168K(11947008K)->11946995K(11947008K)
[81.300s][info][gc,metaspace   ] GC(332) Metaspace: 6297K(6464K)->6297K(6464K) NonClass: 5764K(5824K)->5764K(5824K) Class: 533K(640K)->533K(640K)
[81.300s][info][gc             ] GC(332) Pause Full (Ergonomics) 11941M->11679M(12248M) 4876.331ms
[81.300s][info][gc,cpu         ] GC(332) User=31.20s Sys=0.09s Real=4.88s
[81.449s][info][gc,start       ] GC(333) Pause Full (Ergonomics)
[81.449s][info][gc,phases,start] GC(333) Marking Phase
[84.436s][info][gc,phases      ] GC(333) Marking Phase 2986.980ms
[84.436s][info][gc,phases,start] GC(333) Summary Phase
[84.436s][info][gc,phases      ] GC(333) Summary Phase 0.178ms
[84.436s][info][gc,phases,start] GC(333) Adjust Roots
[84.436s][info][gc,phases      ] GC(333) Adjust Roots 0.252ms
[84.436s][info][gc,phases,start] GC(333) Compaction Phase
[85.660s][info][gc,phases      ] GC(333) Compaction Phase 1224.112ms
[85.660s][info][gc,phases,start] GC(333) Post Compact
[85.686s][info][gc,phases      ] GC(333) Post Compact 25.126ms
[85.686s][info][gc,heap        ] GC(333) PSYoungGen: 165395K(595456K)->165364K(595456K) Eden: 153088K(153088K)->153056K(153088K) From: 12307K(442368K)->12307K(442368K)
[85.686s][info][gc,heap        ] GC(333) ParOldGen: 11946995K(11947008K)->11946995K(11947008K)
[85.686s][info][gc,metaspace   ] GC(333) Metaspace: 6297K(6464K)->6297K(6464K) NonClass: 5764K(5824K)->5764K(5824K) Class: 533K(640K)->533K(640K)
[85.686s][info][gc             ] GC(333) Pause Full (Ergonomics) 11828M->11828M(12248M) 4237.053ms
[85.686s][info][gc,cpu         ] GC(333) User=27.00s Sys=0.00s Real=4.24s
[85.686s][info][gc,start       ] GC(334) Pause Full (Ergonomics)
[85.686s][info][gc,phases,start] GC(334) Marking Phase
[88.550s][info][gc,phases      ] GC(334) Marking Phase 2863.800ms
[88.550s][info][gc,phases,start] GC(334) Summary Phase
[88.550s][info][gc,phases      ] GC(334) Summary Phase 0.113ms
[88.550s][info][gc,phases,start] GC(334) Adjust Roots
[88.550s][info][gc,phases      ] GC(334) Adjust Roots 0.228ms
[88.550s][info][gc,phases,start] GC(334) Compaction Phase
[89.539s][info][gc,phases      ] GC(334) Compaction Phase 988.528ms
[89.539s][info][gc,phases,start] GC(334) Post Compact
[89.558s][info][gc,phases      ] GC(334) Post Compact 18.689ms
[89.558s][info][gc,heap        ] GC(334) PSYoungGen: 165395K(595456K)->165395K(595456K) Eden: 153088K(153088K)->153087K(153088K) From: 12307K(442368K)->12307K(442368K)
[89.558s][info][gc,heap        ] GC(334) ParOldGen: 11946995K(11947008K)->11946995K(11947008K)
[89.558s][info][gc,metaspace   ] GC(334) Metaspace: 6297K(6464K)->6297K(6464K) NonClass: 5764K(5824K)->5764K(5824K) Class: 533K(640K)->533K(640K)
[89.558s][info][gc             ] GC(334) Pause Full (Ergonomics) 11828M->11828M(12248M) 3871.698ms
[89.558s][info][gc,cpu         ] GC(334) User=26.86s Sys=0.00s Real=3.87s
[89.558s][info][gc,start       ] GC(335) Pause Full (Ergonomics)
[89.558s][info][gc,phases,start] GC(335) Marking Phase
[92.268s][info][gc,phases      ] GC(335) Marking Phase 2710.567ms
[92.269s][info][gc,phases,start] GC(335) Summary Phase
[92.269s][info][gc,phases      ] GC(335) Summary Phase 0.243ms
[92.269s][info][gc,phases,start] GC(335) Adjust Roots
[92.269s][info][gc,phases      ] GC(335) Adjust Roots 0.237ms
[92.269s][info][gc,phases,start] GC(335) Compaction Phase
[93.232s][info][gc,phases      ] GC(335) Compaction Phase 962.892ms
[93.232s][info][gc,phases,start] GC(335) Post Compact
[93.250s][info][gc,phases      ] GC(335) Post Compact 17.436ms
[93.250s][info][gc,heap        ] GC(335) PSYoungGen: 165395K(595456K)->165395K(595456K) Eden: 153088K(153088K)->153088K(153088K) From: 12307K(442368K)->12307K(442368K)
[93.250s][info][gc,heap        ] GC(335) ParOldGen: 11946995K(11947008K)->11946995K(11947008K)
[93.250s][info][gc,metaspace   ] GC(335) Metaspace: 6297K(6464K)->6297K(6464K) NonClass: 5764K(5824K)->5764K(5824K) Class: 533K(640K)->533K(640K)
[93.250s][info][gc             ] GC(335) Pause Full (Ergonomics) 11828M->11828M(12248M) 3691.761ms
[93.250s][info][gc,cpu         ] GC(335) User=26.81s Sys=0.02s Real=3.69s
[93.250s][info][gc,start       ] GC(336) Pause Full (Ergonomics)
[93.250s][info][gc,phases,start] GC(336) Marking Phase
[95.959s][info][gc,phases      ] GC(336) Marking Phase 2708.847ms
[95.959s][info][gc,phases,start] GC(336) Summary Phase
[95.959s][info][gc,phases      ] GC(336) Summary Phase 0.195ms
[95.959s][info][gc,phases,start] GC(336) Adjust Roots
[95.959s][info][gc,phases      ] GC(336) Adjust Roots 0.372ms
[95.959s][info][gc,phases,start] GC(336) Compaction Phase
[96.936s][info][gc,phases      ] GC(336) Compaction Phase 976.672ms
[96.936s][info][gc,phases,start] GC(336) Post Compact
[96.954s][info][gc,phases      ] GC(336) Post Compact 18.276ms
[96.955s][info][gc,heap        ] GC(336) PSYoungGen: 165395K(595456K)->165395K(595456K) Eden: 153088K(153088K)->153088K(153088K) From: 12307K(442368K)->12307K(442368K)
[96.955s][info][gc,heap        ] GC(336) ParOldGen: 11947000K(11947008K)->11947000K(11947008K)
[96.955s][info][gc,metaspace   ] GC(336) Metaspace: 6297K(6464K)->6297K(6464K) NonClass: 5764K(5824K)->5764K(5824K) Class: 533K(640K)->533K(640K)
[96.955s][info][gc             ] GC(336) Pause Full (Ergonomics) 11828M->11828M(12248M) 3704.735ms
[96.955s][info][gc,cpu         ] GC(336) User=26.53s Sys=0.00s Real=3.70s
[96.955s][info][gc,start       ] GC(337) Pause Full (Ergonomics)
[96.955s][info][gc,phases,start] GC(337) Marking Phase
[99.673s][info][gc,phases      ] GC(337) Marking Phase 2717.792ms
[99.673s][info][gc,phases,start] GC(337) Summary Phase
[99.673s][info][gc,phases      ] GC(337) Summary Phase 0.150ms
[99.673s][info][gc,phases,start] GC(337) Adjust Roots
[99.673s][info][gc,phases      ] GC(337) Adjust Roots 0.209ms
[99.673s][info][gc,phases,start] GC(337) Compaction Phase
[100.620s][info][gc,phases      ] GC(337) Compaction Phase 946.887ms
[100.620s][info][gc,phases,start] GC(337) Post Compact
[100.638s][info][gc,phases      ] GC(337) Post Compact 17.434ms
[100.638s][info][gc,heap        ] GC(337) PSYoungGen: 165395K(595456K)->165395K(595456K) Eden: 153088K(153088K)->153088K(153088K) From: 12307K(442368K)->12307K(442368K)
[100.638s][info][gc,heap        ] GC(337) ParOldGen: 11947005K(11947008K)->11947005K(11947008K)
[100.638s][info][gc,metaspace   ] GC(337) Metaspace: 6297K(6464K)->6297K(6464K) NonClass: 5764K(5824K)->5764K(5824K) Class: 533K(640K)->533K(640K)
[100.638s][info][gc             ] GC(337) Pause Full (Ergonomics) 11828M->11828M(12248M) 3682.893ms
[100.638s][info][gc,cpu         ] GC(337) User=26.72s Sys=0.00s Real=3.68s
[100.638s][info][gc,start       ] GC(338) Pause Full (Ergonomics)
[100.638s][info][gc,phases,start] GC(338) Marking Phase
[103.331s][info][gc,phases      ] GC(338) Marking Phase 2693.055ms
[103.331s][info][gc,phases,start] GC(338) Summary Phase
[103.331s][info][gc,phases      ] GC(338) Summary Phase 0.108ms
[103.331s][info][gc,phases,start] GC(338) Adjust Roots
[103.331s][info][gc,phases      ] GC(338) Adjust Roots 0.183ms
[103.331s][info][gc,phases,start] GC(338) Compaction Phase
[104.280s][info][gc,phases      ] GC(338) Compaction Phase 948.649ms
[104.280s][info][gc,phases,start] GC(338) Post Compact
[104.298s][info][gc,phases      ] GC(338) Post Compact 17.488ms
[104.298s][info][gc,heap        ] GC(338) PSYoungGen: 165395K(595456K)->165395K(595456K) Eden: 153088K(153088K)->153088K(153088K) From: 12307K(442368K)->12307K(442368K)
[104.298s][info][gc,heap        ] GC(338) ParOldGen: 11947007K(11947008K)->11947007K(11947008K)
[104.298s][info][gc,metaspace   ] GC(338) Metaspace: 6297K(6464K)->6297K(6464K) NonClass: 5764K(5824K)->5764K(5824K) Class: 533K(640K)->533K(640K)
[104.298s][info][gc             ] GC(338) Pause Full (Ergonomics) 11828M->11828M(12248M) 3659.828ms
[104.298s][info][gc,cpu         ] GC(338) User=26.44s Sys=0.00s Real=3.66s
[104.298s][info][gc,start       ] GC(339) Pause Full (Allocation Failure)
[104.298s][info][gc,phases,start] GC(339) Marking Phase
[106.989s][info][gc,phases      ] GC(339) Marking Phase 2691.165ms
[106.989s][info][gc,phases,start] GC(339) Summary Phase
[106.989s][info][gc,phases      ] GC(339) Summary Phase 0.126ms
[106.989s][info][gc,phases,start] GC(339) Adjust Roots
[106.990s][info][gc,phases      ] GC(339) Adjust Roots 0.421ms
[106.990s][info][gc,phases,start] GC(339) Compaction Phase
[110.142s][info][gc,phases      ] GC(339) Compaction Phase 3152.198ms
[110.142s][info][gc,phases,start] GC(339) Post Compact
[110.162s][info][gc,phases      ] GC(339) Post Compact 19.656ms
[110.162s][info][gc,heap        ] GC(339) PSYoungGen: 165395K(595456K)->165395K(595456K) Eden: 153088K(153088K)->153088K(153088K) From: 12307K(442368K)->12307K(442368K)
[110.162s][info][gc,heap        ] GC(339) ParOldGen: 11947007K(11947008K)->11947003K(11947008K)
[110.162s][info][gc,metaspace   ] GC(339) Metaspace: 6297K(6464K)->6296K(6464K) NonClass: 5764K(5824K)->5763K(5824K) Class: 533K(640K)->532K(640K)
[110.162s][info][gc             ] GC(339) Pause Full (Allocation Failure) 11828M->11828M(12248M) 5863.962ms
[110.162s][info][gc,cpu         ] GC(339) User=43.22s Sys=0.03s Real=5.86s
[110.163s][info][gc,start       ] GC(340) Pause Full (Ergonomics)
[110.163s][info][gc,phases,start] GC(340) Marking Phase
[112.866s][info][gc,phases      ] GC(340) Marking Phase 2703.771ms
[112.867s][info][gc,phases,start] GC(340) Summary Phase
[112.867s][info][gc,phases      ] GC(340) Summary Phase 0.120ms
[112.867s][info][gc,phases,start] GC(340) Adjust Roots
[112.867s][info][gc,phases      ] GC(340) Adjust Roots 0.183ms
[112.867s][info][gc,phases,start] GC(340) Compaction Phase
[113.894s][info][gc,phases      ] GC(340) Compaction Phase 1027.275ms
[113.894s][info][gc,phases,start] GC(340) Post Compact
[113.915s][info][gc,phases      ] GC(340) Post Compact 20.877ms
[113.915s][info][gc,heap        ] GC(340) PSYoungGen: 165395K(595456K)->165395K(595456K) Eden: 153088K(153088K)->153088K(153088K) From: 12307K(442368K)->12307K(442368K)
[113.915s][info][gc,heap        ] GC(340) ParOldGen: 11947005K(11947008K)->11947005K(11947008K)
[113.915s][info][gc,metaspace   ] GC(340) Metaspace: 6296K(6464K)->6296K(6464K) NonClass: 5763K(5824K)->5763K(5824K) Class: 532K(640K)->532K(640K)
[113.915s][info][gc             ] GC(340) Pause Full (Ergonomics) 11828M->11828M(12248M) 3752.697ms
[113.915s][info][gc,cpu         ] GC(340) User=26.66s Sys=0.00s Real=3.75s
[113.916s][info][gc,start       ] GC(341) Pause Full (Ergonomics)
[113.916s][info][gc,phases,start] GC(341) Marking Phase
[116.628s][info][gc,phases      ] GC(341) Marking Phase 2712.109ms
[116.628s][info][gc,phases,start] GC(341) Summary Phase
[116.628s][info][gc,phases      ] GC(341) Summary Phase 0.121ms
[116.628s][info][gc,phases,start] GC(341) Adjust Roots
[116.628s][info][gc,phases      ] GC(341) Adjust Roots 0.232ms
[116.628s][info][gc,phases,start] GC(341) Compaction Phase
[117.609s][info][gc,phases      ] GC(341) Compaction Phase 980.729ms
[117.609s][info][gc,phases,start] GC(341) Post Compact
[117.629s][info][gc,phases      ] GC(341) Post Compact 19.553ms
[117.629s][info][gc,heap        ] GC(341) PSYoungGen: 165395K(595456K)->165395K(595456K) Eden: 153088K(153088K)->153088K(153088K) From: 12307K(442368K)->12307K(442368K)
[117.629s][info][gc,heap        ] GC(341) ParOldGen: 11947007K(11947008K)->11947007K(11947008K)
[117.629s][info][gc,metaspace   ] GC(341) Metaspace: 6296K(6464K)->6296K(6464K) NonClass: 5763K(5824K)->5763K(5824K) Class: 532K(640K)->532K(640K)
[117.629s][info][gc             ] GC(341) Pause Full (Ergonomics) 11828M->11828M(12248M) 3713.107ms
[117.629s][info][gc,cpu         ] GC(341) User=26.95s Sys=0.02s Real=3.71s
[117.629s][info][gc,start       ] GC(342) Pause Full (Allocation Failure)
[117.629s][info][gc,phases,start] GC(342) Marking Phase
[120.335s][info][gc,phases      ] GC(342) Marking Phase 2705.888ms
[120.335s][info][gc,phases,start] GC(342) Summary Phase
[120.335s][info][gc,phases      ] GC(342) Summary Phase 0.121ms
[120.335s][info][gc,phases,start] GC(342) Adjust Roots
[120.335s][info][gc,phases      ] GC(342) Adjust Roots 0.219ms
[120.335s][info][gc,phases,start] GC(342) Compaction Phase
[121.354s][info][gc,phases      ] GC(342) Compaction Phase 1018.786ms
[121.354s][info][gc,phases,start] GC(342) Post Compact
[121.374s][info][gc,phases      ] GC(342) Post Compact 19.585ms
[121.374s][info][gc,heap        ] GC(342) PSYoungGen: 165395K(595456K)->165395K(595456K) Eden: 153088K(153088K)->153088K(153088K) From: 12307K(442368K)->12307K(442368K)
[121.374s][info][gc,heap        ] GC(342) ParOldGen: 11947007K(11947008K)->11947007K(11947008K)
[121.374s][info][gc,metaspace   ] GC(342) Metaspace: 6296K(6464K)->6296K(6464K) NonClass: 5763K(5824K)->5763K(5824K) Class: 532K(640K)->532K(640K)
[121.374s][info][gc             ] GC(342) Pause Full (Allocation Failure) 11828M->11828M(12248M) 3744.945ms
[121.374s][info][gc,cpu         ] GC(342) User=26.72s Sys=0.02s Real=3.74s
[121.374s][info][gc,start       ] GC(343) Pause Full (Ergonomics)
[121.374s][info][gc,phases,start] GC(343) Marking Phase
[124.115s][info][gc,phases      ] GC(343) Marking Phase 2740.246ms
[124.115s][info][gc,phases,start] GC(343) Summary Phase
[124.115s][info][gc,phases      ] GC(343) Summary Phase 0.200ms
[124.115s][info][gc,phases,start] GC(343) Adjust Roots
[124.115s][info][gc,phases      ] GC(343) Adjust Roots 0.424ms
[124.115s][info][gc,phases,start] GC(343) Compaction Phase
[127.242s][info][gc,phases      ] GC(343) Compaction Phase 3127.019ms
[127.243s][info][gc,phases,start] GC(343) Post Compact
[127.261s][info][gc,phases      ] GC(343) Post Compact 18.555ms
[127.261s][info][gc,heap        ] GC(343) PSYoungGen: 165395K(595456K)->165395K(595456K) Eden: 153088K(153088K)->153088K(153088K) From: 12307K(442368K)->12307K(442368K)
[127.261s][info][gc,heap        ] GC(343) ParOldGen: 11947007K(11947008K)->11947006K(11947008K)
[127.261s][info][gc,metaspace   ] GC(343) Metaspace: 6296K(6464K)->6296K(6464K) NonClass: 5763K(5824K)->5763K(5824K) Class: 532K(640K)->532K(640K)
[127.261s][info][gc             ] GC(343) Pause Full (Ergonomics) 11828M->11828M(12248M) 5886.884ms
[127.261s][info][gc,cpu         ] GC(343) User=43.05s Sys=0.02s Real=5.89s
[127.262s][info][gc,start       ] GC(344) Pause Full (Ergonomics)
[127.262s][info][gc,phases,start] GC(344) Marking Phase
[129.969s][info][gc,phases      ] GC(344) Marking Phase 2706.987ms
[129.970s][info][gc,phases,start] GC(344) Summary Phase
[129.970s][info][gc,phases      ] GC(344) Summary Phase 0.133ms
[129.970s][info][gc,phases,start] GC(344) Adjust Roots
[129.970s][info][gc,phases      ] GC(344) Adjust Roots 0.305ms
[129.970s][info][gc,phases,start] GC(344) Compaction Phase
[133.057s][info][gc,phases      ] GC(344) Compaction Phase 3087.435ms
[133.058s][info][gc,phases,start] GC(344) Post Compact
[133.076s][info][gc,phases      ] GC(344) Post Compact 18.629ms
[133.076s][info][gc,heap        ] GC(344) PSYoungGen: 165395K(595456K)->165395K(595456K) Eden: 153088K(153088K)->153088K(153088K) From: 12307K(442368K)->12307K(442368K)
[133.076s][info][gc,heap        ] GC(344) ParOldGen: 11947007K(11947008K)->11947005K(11947008K)
[133.076s][info][gc,metaspace   ] GC(344) Metaspace: 6297K(6464K)->6297K(6464K) NonClass: 5763K(5824K)->5763K(5824K) Class: 533K(640K)->533K(640K)
[133.076s][info][gc             ] GC(344) Pause Full (Ergonomics) 11828M->11828M(12248M) 5813.953ms
[133.076s][info][gc,cpu         ] GC(344) User=42.69s Sys=0.05s Real=5.81s
[133.077s][info][gc,start       ] GC(345) Pause Full (Ergonomics)
[133.077s][info][gc,phases,start] GC(345) Marking Phase
[135.877s][info][gc,phases      ] GC(345) Marking Phase 2800.104ms
[135.877s][info][gc,phases,start] GC(345) Summary Phase
[135.877s][info][gc,phases      ] GC(345) Summary Phase 0.118ms
[135.877s][info][gc,phases,start] GC(345) Adjust Roots
[135.877s][info][gc,phases      ] GC(345) Adjust Roots 0.244ms
[135.877s][info][gc,phases,start] GC(345) Compaction Phase
[136.888s][info][gc,phases      ] GC(345) Compaction Phase 1010.811ms
[136.888s][info][gc,phases,start] GC(345) Post Compact
[136.906s][info][gc,phases      ] GC(345) Post Compact 17.334ms
[136.906s][info][gc,heap        ] GC(345) PSYoungGen: 165395K(595456K)->165395K(595456K) Eden: 153088K(153088K)->153088K(153088K) From: 12307K(442368K)->12307K(442368K)
[136.906s][info][gc,heap        ] GC(345) ParOldGen: 11947005K(11947008K)->11947005K(11947008K)
[136.906s][info][gc,metaspace   ] GC(345) Metaspace: 6297K(6464K)->6297K(6464K) NonClass: 5763K(5824K)->5763K(5824K) Class: 533K(640K)->533K(640K)
[136.906s][info][gc             ] GC(345) Pause Full (Ergonomics) 11828M->11828M(12248M) 3828.941ms
[136.906s][info][gc,cpu         ] GC(345) User=26.78s Sys=0.02s Real=3.83s
[136.906s][info][gc,heap,exit   ] Heap
[136.906s][info][gc,heap,exit   ]  PSYoungGen      total 595456K, used 165395K [0x0000000693700000, 0x00000006d4b00000, 0x0000000800000000)
[136.906s][info][gc,heap,exit   ]   eden space 153088K, 100% used [0x0000000693700000,0x000000069cc80000,0x000000069cc80000)
[136.906s][info][gc,heap,exit   ]   from space 442368K, 2% used [0x000000069cc80000,0x000000069d884fa8,0x00000006b7c80000)
[136.906s][info][gc,heap,exit   ]   to   space 449024K, 0% used [0x00000006b9480000,0x00000006b9480000,0x00000006d4b00000)
[136.906s][info][gc,heap,exit   ]  ParOldGen       total 11947008K, used 11947005K [0x00000003ba400000, 0x0000000693700000, 0x0000000693700000)
[136.906s][info][gc,heap,exit   ]   object space 11947008K, 99% used [0x00000003ba400000,0x00000006936ff7c8,0x0000000693700000)
[136.906s][info][gc,heap,exit   ]  Metaspace       used 6300K, committed 6464K, reserved 1114112K
[136.907s][info][gc,heap,exit   ]   class space    used 534K, committed 640K, reserved 1048576K
