[0.013s][info][gc,init] CardTable entry size: 512
[0.013s][info][gc     ] Using Serial
[0.013s][info][gc,init] Version: 18.0.1+10 (release)
[0.013s][info][gc,init] CPUs: 8 total, 8 available
[0.013s][info][gc,init] Memory: 16063M
[0.013s][info][gc,init] Large Page Support: Disabled
[0.013s][info][gc,init] NUMA Support: Disabled
[0.014s][info][gc,init] Compressed Oops: Enabled (Zero based)
[0.014s][info][gc,init] Heap Min Capacity: 2M
[0.014s][info][gc,init] Heap Initial Capacity: 2M
[0.014s][info][gc,init] Heap Max Capacity: 5500M
[0.014s][info][gc,init] Pre-touch: Disabled
[0.014s][info][gc,metaspace] CDS archive(s) not mapped
[0.014s][info][gc,metaspace] Compressed class space mapped at: 0x0000000800000000-0x0000000840000000, reserved size: 1073741824
[0.014s][info][gc,metaspace] Narrow klass base: 0x0000000800000000, Narrow klass shift: 0, Narrow klass range: 0x40000000
[0.181s][info][gc,start    ] GC(0) Pause Young (Allocation Failure)
[0.182s][info][gc,heap     ] GC(0) DefNew: 1023K(1152K)->127K(1152K) Eden: 1023K(1024K)->0K(1024K) From: 0K(128K)->127K(128K)
[0.182s][info][gc,heap     ] GC(0) Tenured: 0K(768K)->439K(768K)
[0.182s][info][gc,metaspace] GC(0) Metaspace: 5900K(6016K)->5900K(6016K) NonClass: 5401K(5504K)->5401K(5504K) Class: 499K(512K)->499K(512K)
[0.182s][info][gc          ] GC(0) Pause Young (Allocation Failure) 0M->0M(1M) 1.709ms
[0.183s][info][gc,cpu      ] GC(0) User=0.00s Sys=0.00s Real=0.00s
[0.202s][info][gc,start    ] GC(1) Pause Young (Allocation Failure)
[0.203s][info][gc          ] GC(1) Pause Young (Allocation Failure) 1M->0M(2M) 1.242ms
[0.204s][info][gc,cpu      ] GC(1) User=0.00s Sys=0.00s Real=0.00s
[0.204s][info][gc,start    ] GC(2) Pause Full (Allocation Failure)
[0.204s][info][gc,phases,start] GC(2) Phase 1: Mark live objects
[0.205s][info][gc,phases      ] GC(2) Phase 1: Mark live objects 0.957ms
[0.205s][info][gc,phases,start] GC(2) Phase 2: Compute new object addresses
[0.205s][info][gc,phases      ] GC(2) Phase 2: Compute new object addresses 0.230ms
[0.205s][info][gc,phases,start] GC(2) Phase 3: Adjust pointers
[0.205s][info][gc,phases      ] GC(2) Phase 3: Adjust pointers 0.488ms
[0.205s][info][gc,phases,start] GC(2) Phase 4: Move objects
[0.205s][info][gc,phases      ] GC(2) Phase 4: Move objects 0.063ms
[0.205s][info][gc,heap        ] GC(2) DefNew: 1151K(1152K)->40K(1152K) Eden: 1024K(1024K)->40K(1024K) From: 127K(128K)->0K(128K)
[0.206s][info][gc,heap        ] GC(2) Tenured: 439K(768K)->959K(1600K)
[0.206s][info][gc,metaspace   ] GC(2) Metaspace: 6299K(6464K)->6299K(6464K) NonClass: 5766K(5824K)->5766K(5824K) Class: 533K(640K)->533K(640K)
[0.206s][info][gc             ] GC(2) Pause Full (Allocation Failure) 0M->0M(2M) 2.016ms
[0.206s][info][gc,cpu         ] GC(2) User=0.00s Sys=0.00s Real=0.00s
[0.207s][info][gc,start       ] GC(3) Pause Young (Allocation Failure)
[0.208s][info][gc,heap        ] GC(3) DefNew: 1024K(1152K)->128K(1152K) Eden: 1024K(1024K)->0K(1024K) From: 0K(128K)->128K(128K)
[0.208s][info][gc,heap        ] GC(3) Tenured: 959K(1600K)->1374K(1600K)
[0.208s][info][gc,metaspace   ] GC(3) Metaspace: 6299K(6464K)->6299K(6464K) NonClass: 5766K(5824K)->5766K(5824K) Class: 533K(640K)->533K(640K)
[0.208s][info][gc             ] GC(3) Pause Young (Allocation Failure) 1M->1M(2M) 1.352ms
[0.208s][info][gc,cpu         ] GC(3) User=0.00s Sys=0.00s Real=0.00s
[0.210s][info][gc,start       ] GC(4) Pause Young (Allocation Failure)
[0.211s][info][gc             ] GC(4) Pause Young (Allocation Failure) 2M->1M(3M) 1.289ms
[0.211s][info][gc,cpu         ] GC(4) User=0.00s Sys=0.00s Real=0.00s
[0.211s][info][gc,start       ] GC(5) Pause Full (Allocation Failure)
[0.211s][info][gc,phases,start] GC(5) Phase 1: Mark live objects
[0.212s][info][gc,phases      ] GC(5) Phase 1: Mark live objects 1.353ms
[0.213s][info][gc,phases,start] GC(5) Phase 2: Compute new object addresses
[0.213s][info][gc,phases      ] GC(5) Phase 2: Compute new object addresses 0.316ms
[0.213s][info][gc,phases,start] GC(5) Phase 3: Adjust pointers
[0.213s][info][gc,phases      ] GC(5) Phase 3: Adjust pointers 0.544ms
[0.213s][info][gc,phases,start] GC(5) Phase 4: Move objects
[0.214s][info][gc,phases      ] GC(5) Phase 4: Move objects 0.067ms
[0.214s][info][gc,heap        ] GC(5) DefNew: 1152K(1152K)->34K(1536K) Eden: 1024K(1024K)->34K(1408K) From: 128K(128K)->0K(128K)
[0.214s][info][gc,heap        ] GC(5) Tenured: 1374K(1600K)->1984K(3308K)
[0.214s][info][gc,metaspace   ] GC(5) Metaspace: 6299K(6464K)->6299K(6464K) NonClass: 5766K(5824K)->5766K(5824K) Class: 533K(640K)->533K(640K)
[0.214s][info][gc             ] GC(5) Pause Full (Allocation Failure) 1M->1M(4M) 2.545ms
[0.214s][info][gc,cpu         ] GC(5) User=0.00s Sys=0.00s Real=0.00s
[0.215s][info][gc,start       ] GC(6) Pause Young (Allocation Failure)
[0.217s][info][gc,heap        ] GC(6) DefNew: 1408K(1536K)->127K(1536K) Eden: 1408K(1408K)->0K(1408K) From: 0K(128K)->127K(128K)
[0.217s][info][gc,heap        ] GC(6) Tenured: 1984K(3308K)->2617K(3308K)
[0.217s][info][gc,metaspace   ] GC(6) Metaspace: 6299K(6464K)->6299K(6464K) NonClass: 5766K(5824K)->5766K(5824K) Class: 533K(640K)->533K(640K)
[0.217s][info][gc             ] GC(6) Pause Young (Allocation Failure) 3M->2M(4M) 1.847ms
[0.217s][info][gc,cpu         ] GC(6) User=0.00s Sys=0.00s Real=0.00s
[0.219s][info][gc,start       ] GC(7) Pause Young (Allocation Failure)
[0.220s][info][gc             ] GC(7) Pause Young (Allocation Failure) 4M->3M(4M) 1.484ms
[0.220s][info][gc,cpu         ] GC(7) User=0.00s Sys=0.00s Real=0.00s
[0.220s][info][gc,start       ] GC(8) Pause Full (Allocation Failure)
[0.220s][info][gc,phases,start] GC(8) Phase 1: Mark live objects
[0.222s][info][gc,phases      ] GC(8) Phase 1: Mark live objects 2.155ms
[0.222s][info][gc,phases,start] GC(8) Phase 2: Compute new object addresses
[0.223s][info][gc,phases      ] GC(8) Phase 2: Compute new object addresses 0.687ms
[0.223s][info][gc,phases,start] GC(8) Phase 3: Adjust pointers
[0.225s][info][gc,phases      ] GC(8) Phase 3: Adjust pointers 1.358ms
[0.225s][info][gc,phases,start] GC(8) Phase 4: Move objects
[0.225s][info][gc,phases      ] GC(8) Phase 4: Move objects 0.072ms
[0.225s][info][gc,heap        ] GC(8) DefNew: 1535K(1536K)->0K(2688K) Eden: 1408K(1408K)->0K(2432K) From: 127K(128K)->0K(256K)
[0.225s][info][gc,heap        ] GC(8) Tenured: 2617K(3308K)->3459K(5768K)
[0.225s][info][gc,metaspace   ] GC(8) Metaspace: 6299K(6464K)->6299K(6464K) NonClass: 5766K(5824K)->5766K(5824K) Class: 533K(640K)->533K(640K)
[0.225s][info][gc             ] GC(8) Pause Full (Allocation Failure) 3M->3M(8M) 4.606ms
[0.225s][info][gc,cpu         ] GC(8) User=0.00s Sys=0.00s Real=0.01s
[0.228s][info][gc,start       ] GC(9) Pause Young (Allocation Failure)
[0.231s][info][gc,heap        ] GC(9) DefNew: 2432K(2688K)->255K(2688K) Eden: 2432K(2432K)->0K(2432K) From: 0K(256K)->255K(256K)
[0.231s][info][gc,heap        ] GC(9) Tenured: 3459K(5768K)->4512K(5768K)
[0.231s][info][gc,metaspace   ] GC(9) Metaspace: 6299K(6464K)->6299K(6464K) NonClass: 5766K(5824K)->5766K(5824K) Class: 533K(640K)->533K(640K)
[0.231s][info][gc             ] GC(9) Pause Young (Allocation Failure) 5M->4M(8M) 3.103ms
[0.231s][info][gc,cpu         ] GC(9) User=0.00s Sys=0.02s Real=0.00s
[0.234s][info][gc,start       ] GC(10) Pause Young (Allocation Failure)
[0.237s][info][gc,heap        ] GC(10) DefNew: 2687K(2688K)->256K(2688K) Eden: 2432K(2432K)->0K(2432K) From: 255K(256K)->256K(256K)
[0.237s][info][gc,heap        ] GC(10) Tenured: 4512K(5768K)->5754K(5768K)
[0.237s][info][gc,metaspace   ] GC(10) Metaspace: 6299K(6464K)->6299K(6464K) NonClass: 5766K(5824K)->5766K(5824K) Class: 533K(640K)->533K(640K)
[0.237s][info][gc             ] GC(10) Pause Young (Allocation Failure) 7M->5M(8M) 3.363ms
[0.237s][info][gc,cpu         ] GC(10) User=0.00s Sys=0.00s Real=0.00s
[0.240s][info][gc,start       ] GC(11) Pause Young (Allocation Failure)
[0.244s][info][gc             ] GC(11) Pause Young (Allocation Failure) 8M->7M(9M) 3.592ms
[0.244s][info][gc,cpu         ] GC(11) User=0.00s Sys=0.00s Real=0.00s
[0.244s][info][gc,start       ] GC(12) Pause Full (Allocation Failure)
[0.244s][info][gc,phases,start] GC(12) Phase 1: Mark live objects
[0.249s][info][gc,phases      ] GC(12) Phase 1: Mark live objects 4.570ms
[0.249s][info][gc,phases,start] GC(12) Phase 2: Compute new object addresses
[0.250s][info][gc,phases      ] GC(12) Phase 2: Compute new object addresses 1.141ms
[0.250s][info][gc,phases,start] GC(12) Phase 3: Adjust pointers
[0.252s][info][gc,phases      ] GC(12) Phase 3: Adjust pointers 1.810ms
[0.252s][info][gc,phases,start] GC(12) Phase 4: Move objects
[0.253s][info][gc,phases      ] GC(12) Phase 4: Move objects 1.410ms
[0.253s][info][gc,heap        ] GC(12) DefNew: 2688K(2688K)->0K(5376K) Eden: 2432K(2432K)->0K(4800K) From: 256K(256K)->0K(576K)
[0.253s][info][gc,heap        ] GC(12) Tenured: 5754K(5768K)->7132K(11888K)
[0.253s][info][gc,metaspace   ] GC(12) Metaspace: 6299K(6464K)->6299K(6464K) NonClass: 5766K(5824K)->5766K(5824K) Class: 533K(640K)->533K(640K)
[0.253s][info][gc             ] GC(12) Pause Full (Allocation Failure) 7M->6M(16M) 9.446ms
[0.253s][info][gc,cpu         ] GC(12) User=0.02s Sys=0.00s Real=0.01s
[0.258s][info][gc,start       ] GC(13) Pause Young (Allocation Failure)
[0.263s][info][gc,heap        ] GC(13) DefNew: 4800K(5376K)->576K(5376K) Eden: 4800K(4800K)->0K(4800K) From: 0K(576K)->576K(576K)
[0.263s][info][gc,heap        ] GC(13) Tenured: 7132K(11888K)->9027K(11888K)
[0.263s][info][gc,metaspace   ] GC(13) Metaspace: 6299K(6464K)->6299K(6464K) NonClass: 5766K(5824K)->5766K(5824K) Class: 533K(640K)->533K(640K)
[0.263s][info][gc             ] GC(13) Pause Young (Allocation Failure) 11M->9M(16M) 4.936ms
[0.263s][info][gc,cpu         ] GC(13) User=0.00s Sys=0.00s Real=0.01s
[0.268s][info][gc,start       ] GC(14) Pause Young (Allocation Failure)
[0.274s][info][gc,heap        ] GC(14) DefNew: 5376K(5376K)->576K(5376K) Eden: 4800K(4800K)->0K(4800K) From: 576K(576K)->576K(576K)
[0.274s][info][gc,heap        ] GC(14) Tenured: 9027K(11888K)->11746K(11888K)
[0.274s][info][gc,metaspace   ] GC(14) Metaspace: 6299K(6464K)->6299K(6464K) NonClass: 5766K(5824K)->5766K(5824K) Class: 533K(640K)->533K(640K)
[0.274s][info][gc             ] GC(14) Pause Young (Allocation Failure) 14M->12M(16M) 5.926ms
[0.274s][info][gc,cpu         ] GC(14) User=0.00s Sys=0.00s Real=0.01s
[0.277s][info][gc,start       ] GC(15) Pause Young (Allocation Failure)
[0.283s][info][gc             ] GC(15) Pause Young (Allocation Failure) 16M->14M(19M) 6.062ms
[0.283s][info][gc,cpu         ] GC(15) User=0.00s Sys=0.00s Real=0.01s
[0.284s][info][gc,start       ] GC(16) Pause Full (Allocation Failure)
[0.284s][info][gc,phases,start] GC(16) Phase 1: Mark live objects
[0.291s][info][gc,phases      ] GC(16) Phase 1: Mark live objects 7.496ms
[0.291s][info][gc,phases,start] GC(16) Phase 2: Compute new object addresses
[0.294s][info][gc,phases      ] GC(16) Phase 2: Compute new object addresses 2.467ms
[0.294s][info][gc,phases,start] GC(16) Phase 3: Adjust pointers
[0.297s][info][gc,phases      ] GC(16) Phase 3: Adjust pointers 3.462ms
[0.297s][info][gc,phases,start] GC(16) Phase 4: Move objects
[0.297s][info][gc,phases      ] GC(16) Phase 4: Move objects 0.176ms
[0.297s][info][gc,heap        ] GC(16) DefNew: 5376K(5376K)->386K(10880K) Eden: 4800K(4800K)->386K(9728K) From: 576K(576K)->0K(1152K)
[0.297s][info][gc,heap        ] GC(16) Tenured: 11746K(11888K)->14383K(23976K)
[0.297s][info][gc,metaspace   ] GC(16) Metaspace: 6301K(6464K)->6301K(6464K) NonClass: 5767K(5824K)->5767K(5824K) Class: 533K(640K)->533K(640K)
[0.297s][info][gc             ] GC(16) Pause Full (Allocation Failure) 14M->14M(34M) 13.988ms
[0.298s][info][gc,cpu         ] GC(16) User=0.02s Sys=0.00s Real=0.01s
[0.305s][info][gc,start       ] GC(17) Pause Young (Allocation Failure)
[0.318s][info][gc,heap        ] GC(17) DefNew: 9728K(10880K)->1151K(10880K) Eden: 9728K(9728K)->0K(9728K) From: 0K(1152K)->1151K(1152K)
[0.318s][info][gc,heap        ] GC(17) Tenured: 14383K(23976K)->18415K(23976K)
[0.318s][info][gc,metaspace   ] GC(17) Metaspace: 6301K(6464K)->6301K(6464K) NonClass: 5767K(5824K)->5767K(5824K) Class: 533K(640K)->533K(640K)
[0.318s][info][gc             ] GC(17) Pause Young (Allocation Failure) 23M->19M(34M) 12.878ms
[0.318s][info][gc,cpu         ] GC(17) User=0.00s Sys=0.00s Real=0.01s
[0.325s][info][gc,start       ] GC(18) Pause Young (Allocation Failure)
[0.336s][info][gc,heap        ] GC(18) DefNew: 10879K(10880K)->1151K(10880K) Eden: 9728K(9728K)->0K(9728K) From: 1151K(1152K)->1151K(1152K)
[0.336s][info][gc,heap        ] GC(18) Tenured: 18415K(23976K)->23936K(23976K)
[0.336s][info][gc,metaspace   ] GC(18) Metaspace: 6301K(6464K)->6301K(6464K) NonClass: 5767K(5824K)->5767K(5824K) Class: 533K(640K)->533K(640K)
[0.336s][info][gc             ] GC(18) Pause Young (Allocation Failure) 28M->24M(34M) 11.571ms
[0.336s][info][gc,cpu         ] GC(18) User=0.00s Sys=0.00s Real=0.01s
[0.342s][info][gc,start       ] GC(19) Pause Young (Allocation Failure)
[0.353s][info][gc             ] GC(19) Pause Young (Allocation Failure) 34M->29M(38M) 11.295ms
[0.353s][info][gc,cpu         ] GC(19) User=0.00s Sys=0.00s Real=0.01s
[0.353s][info][gc,start       ] GC(20) Pause Full (Allocation Failure)
[0.353s][info][gc,phases,start] GC(20) Phase 1: Mark live objects
[0.368s][info][gc,phases      ] GC(20) Phase 1: Mark live objects 14.179ms
[0.368s][info][gc,phases,start] GC(20) Phase 2: Compute new object addresses
[0.372s][info][gc,phases      ] GC(20) Phase 2: Compute new object addresses 4.781ms
[0.372s][info][gc,phases,start] GC(20) Phase 3: Adjust pointers
[0.378s][info][gc,phases      ] GC(20) Phase 3: Adjust pointers 5.477ms
[0.378s][info][gc,phases,start] GC(20) Phase 4: Move objects
[0.378s][info][gc,phases      ] GC(20) Phase 4: Move objects 0.199ms
[0.378s][info][gc,heap        ] GC(20) DefNew: 10879K(10880K)->1079K(21888K) Eden: 9728K(9728K)->1079K(19520K) From: 1151K(1152K)->0K(2368K)
[0.378s][info][gc,heap        ] GC(20) Tenured: 23936K(23976K)->29035K(48396K)
[0.378s][info][gc,metaspace   ] GC(20) Metaspace: 6301K(6464K)->6301K(6464K) NonClass: 5767K(5824K)->5767K(5824K) Class: 533K(640K)->533K(640K)
[0.378s][info][gc             ] GC(20) Pause Full (Allocation Failure) 29M->29M(68M) 25.091ms
[0.378s][info][gc,cpu         ] GC(20) User=0.03s Sys=0.00s Real=0.03s
[0.391s][info][gc,start       ] GC(21) Pause Young (Allocation Failure)
[0.417s][info][gc,heap        ] GC(21) DefNew: 19520K(21888K)->2367K(21888K) Eden: 19520K(19520K)->0K(19520K) From: 0K(2368K)->2367K(2368K)
[0.417s][info][gc,heap        ] GC(21) Tenured: 29035K(48396K)->37689K(48396K)
[0.417s][info][gc,metaspace   ] GC(21) Metaspace: 6301K(6464K)->6301K(6464K) NonClass: 5767K(5824K)->5767K(5824K) Class: 533K(640K)->533K(640K)
[0.417s][info][gc             ] GC(21) Pause Young (Allocation Failure) 47M->39M(68M) 26.073ms
[0.418s][info][gc,cpu         ] GC(21) User=0.02s Sys=0.00s Real=0.03s
[0.436s][info][gc,start       ] GC(22) Pause Young (Allocation Failure)
[0.472s][info][gc             ] GC(22) Pause Young (Allocation Failure) 58M->58M(77M) 36.151ms
[0.472s][info][gc,cpu         ] GC(22) User=0.03s Sys=0.00s Real=0.04s
[0.472s][info][gc,start       ] GC(23) Pause Full (Allocation Failure)
[0.472s][info][gc,phases,start] GC(23) Phase 1: Mark live objects
[0.497s][info][gc,phases      ] GC(23) Phase 1: Mark live objects 24.915ms
[0.497s][info][gc,phases,start] GC(23) Phase 2: Compute new object addresses
[0.506s][info][gc,phases      ] GC(23) Phase 2: Compute new object addresses 9.277ms
[0.506s][info][gc,phases,start] GC(23) Phase 3: Adjust pointers
[0.517s][info][gc,phases      ] GC(23) Phase 3: Adjust pointers 10.655ms
[0.517s][info][gc,phases,start] GC(23) Phase 4: Move objects
[0.517s][info][gc,phases      ] GC(23) Phase 4: Move objects 0.330ms
[0.518s][info][gc,heap        ] GC(23) DefNew: 21887K(21888K)->2318K(43008K) Eden: 19520K(19520K)->2318K(38272K) From: 2367K(2368K)->0K(4736K)
[0.518s][info][gc,heap        ] GC(23) Tenured: 37689K(48396K)->57227K(95380K)
[0.518s][info][gc,metaspace   ] GC(23) Metaspace: 6301K(6464K)->6301K(6464K) NonClass: 5767K(5824K)->5767K(5824K) Class: 533K(640K)->533K(640K)
[0.518s][info][gc             ] GC(23) Pause Full (Allocation Failure) 58M->58M(135M) 45.804ms
[0.518s][info][gc,cpu         ] GC(23) User=0.05s Sys=0.00s Real=0.05s
[0.558s][info][gc,start       ] GC(24) Pause Young (Allocation Failure)
[0.618s][info][gc,heap        ] GC(24) DefNew: 38272K(43008K)->4735K(43008K) Eden: 38272K(38272K)->0K(38272K) From: 0K(4736K)->4735K(4736K)
[0.618s][info][gc,heap        ] GC(24) Tenured: 57227K(95380K)->90738K(95380K)
[0.618s][info][gc,metaspace   ] GC(24) Metaspace: 6301K(6464K)->6301K(6464K) NonClass: 5767K(5824K)->5767K(5824K) Class: 533K(640K)->533K(640K)
[0.618s][info][gc             ] GC(24) Pause Young (Allocation Failure) 93M->93M(135M) 59.776ms
[0.618s][info][gc,cpu         ] GC(24) User=0.05s Sys=0.00s Real=0.06s
[0.649s][info][gc,start       ] GC(25) Pause Young (Allocation Failure)
[0.717s][info][gc             ] GC(25) Pause Young (Allocation Failure) 130M->130M(168M) 67.766ms
[0.717s][info][gc,cpu         ] GC(25) User=0.06s Sys=0.02s Real=0.07s
[0.717s][info][gc,start       ] GC(26) Pause Full (Allocation Failure)
[0.717s][info][gc,phases,start] GC(26) Phase 1: Mark live objects
[0.770s][info][gc,phases      ] GC(26) Phase 1: Mark live objects 52.601ms
[0.770s][info][gc,phases,start] GC(26) Phase 2: Compute new object addresses
[0.790s][info][gc,phases      ] GC(26) Phase 2: Compute new object addresses 20.647ms
[0.790s][info][gc,phases,start] GC(26) Phase 3: Adjust pointers
[0.817s][info][gc,phases      ] GC(26) Phase 3: Adjust pointers 26.567ms
[0.817s][info][gc,phases,start] GC(26) Phase 4: Move objects
[0.841s][info][gc,phases      ] GC(26) Phase 4: Move objects 24.233ms
[0.842s][info][gc,heap        ] GC(26) DefNew: 43007K(43008K)->825K(96832K) Eden: 38272K(38272K)->825K(86080K) From: 4735K(4736K)->0K(10752K)
[0.842s][info][gc,heap        ] GC(26) Tenured: 90738K(95380K)->129047K(215080K)
[0.842s][info][gc,metaspace   ] GC(26) Metaspace: 6301K(6464K)->6301K(6464K) NonClass: 5767K(5824K)->5767K(5824K) Class: 533K(640K)->533K(640K)
[0.842s][info][gc             ] GC(26) Pause Full (Allocation Failure) 130M->126M(304M) 124.835ms
[0.842s][info][gc,cpu         ] GC(26) User=0.11s Sys=0.00s Real=0.12s
[0.936s][info][gc,start       ] GC(27) Pause Young (Allocation Failure)
[1.077s][info][gc,heap        ] GC(27) DefNew: 86080K(96832K)->10751K(96832K) Eden: 86080K(86080K)->0K(86080K) From: 0K(10752K)->10751K(10752K)
[1.077s][info][gc,heap        ] GC(27) Tenured: 129047K(215080K)->204345K(215080K)
[1.077s][info][gc,metaspace   ] GC(27) Metaspace: 6301K(6464K)->6301K(6464K) NonClass: 5767K(5824K)->5767K(5824K) Class: 533K(640K)->533K(640K)
[1.077s][info][gc             ] GC(27) Pause Young (Allocation Failure) 210M->210M(304M) 141.595ms
[1.077s][info][gc,cpu         ] GC(27) User=0.09s Sys=0.03s Real=0.14s
[1.156s][info][gc,start       ] GC(28) Pause Young (Allocation Failure)
[1.315s][info][gc             ] GC(28) Pause Young (Allocation Failure) 294M->294M(378M) 159.152ms
[1.316s][info][gc,cpu         ] GC(28) User=0.09s Sys=0.05s Real=0.16s
[1.316s][info][gc,start       ] GC(29) Pause Full (Allocation Failure)
[1.316s][info][gc,phases,start] GC(29) Phase 1: Mark live objects
[1.445s][info][gc,phases      ] GC(29) Phase 1: Mark live objects 128.921ms
[1.445s][info][gc,phases,start] GC(29) Phase 2: Compute new object addresses
[1.490s][info][gc,phases      ] GC(29) Phase 2: Compute new object addresses 45.760ms
[1.490s][info][gc,phases,start] GC(29) Phase 3: Adjust pointers
[1.545s][info][gc,phases      ] GC(29) Phase 3: Adjust pointers 54.208ms
[1.545s][info][gc,phases,start] GC(29) Phase 4: Move objects
[1.547s][info][gc,phases      ] GC(29) Phase 4: Move objects 2.489ms
[1.548s][info][gc,heap        ] GC(29) DefNew: 96831K(96832K)->10669K(217920K) Eden: 86080K(86080K)->10669K(193728K) From: 10751K(10752K)->0K(24192K)
[1.548s][info][gc,heap        ] GC(29) Tenured: 204345K(215080K)->290475K(484128K)
[1.548s][info][gc,metaspace   ] GC(29) Metaspace: 6301K(6464K)->6301K(6464K) NonClass: 5767K(5824K)->5767K(5824K) Class: 533K(640K)->533K(640K)
[1.548s][info][gc             ] GC(29) Pause Full (Allocation Failure) 294M->294M(685M) 232.621ms
[1.548s][info][gc,cpu         ] GC(29) User=0.22s Sys=0.00s Real=0.23s
[1.748s][info][gc,start       ] GC(30) Pause Young (Allocation Failure)
[2.071s][info][gc,heap        ] GC(30) DefNew: 193728K(217920K)->24192K(217920K) Eden: 193728K(193728K)->0K(193728K) From: 0K(24192K)->24192K(24192K)
[2.071s][info][gc,heap        ] GC(30) Tenured: 290475K(484128K)->459986K(484128K)
[2.071s][info][gc,metaspace   ] GC(30) Metaspace: 6301K(6464K)->6301K(6464K) NonClass: 5767K(5824K)->5767K(5824K) Class: 533K(640K)->533K(640K)
[2.071s][info][gc             ] GC(30) Pause Young (Allocation Failure) 472M->472M(685M) 322.795ms
[2.071s][info][gc,cpu         ] GC(30) User=0.25s Sys=0.06s Real=0.32s
[2.252s][info][gc,start       ] GC(31) Pause Young (Allocation Failure)
[2.611s][info][gc             ] GC(31) Pause Young (Allocation Failure) 662M->661M(851M) 359.528ms
[2.611s][info][gc,cpu         ] GC(31) User=0.27s Sys=0.06s Real=0.36s
[2.611s][info][gc,start       ] GC(32) Pause Full (Allocation Failure)
[2.611s][info][gc,phases,start] GC(32) Phase 1: Mark live objects
[2.906s][info][gc,phases      ] GC(32) Phase 1: Mark live objects 295.043ms
[2.906s][info][gc,phases,start] GC(32) Phase 2: Compute new object addresses
[3.007s][info][gc,phases      ] GC(32) Phase 2: Compute new object addresses 101.048ms
[3.007s][info][gc,phases,start] GC(32) Phase 3: Adjust pointers
[3.119s][info][gc,phases      ] GC(32) Phase 3: Adjust pointers 111.334ms
[3.119s][info][gc,phases,start] GC(32) Phase 4: Move objects
[3.124s][info][gc,phases      ] GC(32) Phase 4: Move objects 4.917ms
[3.126s][info][gc,heap        ] GC(32) DefNew: 217920K(217920K)->24139K(490368K) Eden: 193728K(193728K)->24139K(435904K) From: 24192K(24192K)->0K(54464K)
[3.126s][info][gc,heap        ] GC(32) Tenured: 459986K(484128K)->653731K(1089556K)
[3.126s][info][gc,metaspace   ] GC(32) Metaspace: 6301K(6464K)->6301K(6464K) NonClass: 5767K(5824K)->5767K(5824K) Class: 533K(640K)->533K(640K)
[3.126s][info][gc             ] GC(32) Pause Full (Allocation Failure) 661M->661M(1542M) 514.504ms
[3.126s][info][gc,cpu         ] GC(32) User=0.52s Sys=0.00s Real=0.52s
[3.573s][info][gc,start       ] GC(33) Pause Young (Allocation Failure)
[4.300s][info][gc,heap        ] GC(33) DefNew: 435904K(490368K)->54463K(490368K) Eden: 435904K(435904K)->0K(435904K) From: 0K(54464K)->54463K(54464K)
[4.300s][info][gc,heap        ] GC(33) Tenured: 653731K(1089556K)->1035146K(1089556K)
[4.300s][info][gc,metaspace   ] GC(33) Metaspace: 6301K(6464K)->6301K(6464K) NonClass: 5767K(5824K)->5767K(5824K) Class: 533K(640K)->533K(640K)
[4.301s][info][gc             ] GC(33) Pause Young (Allocation Failure) 1064M->1064M(1542M) 727.929ms
[4.301s][info][gc,cpu         ] GC(33) User=0.69s Sys=0.03s Real=0.73s
[4.626s][info][gc,start       ] GC(34) Pause Young (Allocation Failure)
[5.324s][info][gc             ] GC(34) Pause Young (Allocation Failure) 1427M->1404M(1830M) 697.883ms
[5.324s][info][gc,cpu         ] GC(34) User=0.61s Sys=0.09s Real=0.70s
[5.324s][info][gc,start       ] GC(35) Pause Full (Allocation Failure)
[5.324s][info][gc,phases,start] GC(35) Phase 1: Mark live objects
[5.971s][info][gc,phases      ] GC(35) Phase 1: Mark live objects 647.814ms
[5.972s][info][gc,phases,start] GC(35) Phase 2: Compute new object addresses
[6.181s][info][gc,phases      ] GC(35) Phase 2: Compute new object addresses 209.840ms
[6.181s][info][gc,phases,start] GC(35) Phase 3: Adjust pointers
[6.420s][info][gc,phases      ] GC(35) Phase 3: Adjust pointers 238.857ms
[6.420s][info][gc,phases,start] GC(35) Phase 4: Move objects
[6.431s][info][gc,phases      ] GC(35) Phase 4: Move objects 10.987ms
[6.435s][info][gc,heap        ] GC(35) DefNew: 426235K(490368K)->54277K(1038144K) Eden: 371771K(435904K)->54277K(922816K) From: 54463K(54464K)->0K(115328K)
[6.435s][info][gc,heap        ] GC(35) Tenured: 1035146K(1089556K)->1384083K(2306808K)
[6.435s][info][gc,metaspace   ] GC(35) Metaspace: 6301K(6464K)->6301K(6464K) NonClass: 5767K(5824K)->5767K(5824K) Class: 533K(640K)->533K(640K)
[6.435s][info][gc             ] GC(35) Pause Full (Allocation Failure) 1404M->1404M(3266M) 1111.681ms
[6.435s][info][gc,cpu         ] GC(35) User=1.09s Sys=0.00s Real=1.11s
[7.343s][info][gc,start       ] GC(36) Pause Young (Allocation Failure)
[8.877s][info][gc,heap        ] GC(36) DefNew: 922816K(1038144K)->115328K(1038144K) Eden: 922816K(922816K)->0K(922816K) From: 0K(115328K)->115328K(115328K)
[8.877s][info][gc,heap        ] GC(36) Tenured: 1384083K(2306808K)->2191543K(2306808K)
[8.877s][info][gc,metaspace   ] GC(36) Metaspace: 6301K(6464K)->6301K(6464K) NonClass: 5767K(5824K)->5767K(5824K) Class: 533K(640K)->533K(640K)
[8.877s][info][gc             ] GC(36) Pause Young (Allocation Failure) 2252M->2252M(3266M) 1534.419ms
[8.877s][info][gc,cpu         ] GC(36) User=1.28s Sys=0.23s Real=1.53s
[9.825s][info][gc,start       ] GC(37) Pause Young (Allocation Failure)
[11.303s][info][gc             ] GC(37) Pause Young (Allocation Failure) 3153M->3089M(3991M) 1477.993ms
[11.303s][info][gc,cpu         ] GC(37) User=1.25s Sys=0.22s Real=1.48s
[11.303s][info][gc,start       ] GC(38) Pause Full (Allocation Failure)
[11.303s][info][gc,phases,start] GC(38) Phase 1: Mark live objects
[12.697s][info][gc,phases      ] GC(38) Phase 1: Mark live objects 1393.409ms
[12.697s][info][gc,phases,start] GC(38) Phase 2: Compute new object addresses
[13.137s][info][gc,phases      ] GC(38) Phase 2: Compute new object addresses 440.078ms
[13.137s][info][gc,phases,start] GC(38) Phase 3: Adjust pointers
[13.756s][info][gc,phases      ] GC(38) Phase 3: Adjust pointers 619.066ms
[13.756s][info][gc,phases,start] GC(38) Phase 4: Move objects
[14.322s][info][gc,phases      ] GC(38) Phase 4: Move objects 566.229ms
[14.326s][info][gc,heap        ] GC(38) DefNew: 1038144K(1038144K)->53850K(1689600K) Eden: 922816K(922816K)->53850K(1501888K) From: 115328K(115328K)->0K(187712K)
[14.326s][info][gc,heap        ] GC(38) Tenured: 2191543K(2306808K)->3048827K(3754688K)
[14.326s][info][gc,metaspace   ] GC(38) Metaspace: 6301K(6464K)->6301K(6464K) NonClass: 5767K(5824K)->5767K(5824K) Class: 533K(640K)->533K(640K)
[14.327s][info][gc             ] GC(38) Pause Full (Allocation Failure) 3089M->3029M(5316M) 3023.075ms
[14.327s][info][gc,cpu         ] GC(38) User=3.02s Sys=0.00s Real=3.02s
[15.671s][info][gc,start       ] GC(39) Pause Young (Allocation Failure)
[15.671s][info][gc             ] GC(39) Pause Young (Allocation Failure) 4444M->4444M(5316M) 0.112ms
[15.671s][info][gc,cpu         ] GC(39) User=0.00s Sys=0.00s Real=0.00s
[15.671s][info][gc,start       ] GC(40) Pause Full (Allocation Failure)
[15.671s][info][gc,phases,start] GC(40) Phase 1: Mark live objects
[17.737s][info][gc,phases      ] GC(40) Phase 1: Mark live objects 2065.503ms
[17.737s][info][gc,phases,start] GC(40) Phase 2: Compute new object addresses
[18.364s][info][gc,phases      ] GC(40) Phase 2: Compute new object addresses 626.657ms
[18.364s][info][gc,phases,start] GC(40) Phase 3: Adjust pointers
[19.308s][info][gc,phases      ] GC(40) Phase 3: Adjust pointers 943.894ms
[19.308s][info][gc,phases,start] GC(40) Phase 4: Move objects
[19.738s][info][gc,phases      ] GC(40) Phase 4: Move objects 430.474ms
[19.739s][info][gc,heap        ] GC(40) DefNew: 1501888K(1689600K)->795998K(1689600K) Eden: 1501888K(1501888K)->795998K(1501888K) From: 0K(187712K)->0K(187712K)
[19.739s][info][gc,heap        ] GC(40) Tenured: 3048827K(3754688K)->3754687K(3754688K)
[19.739s][info][gc,metaspace   ] GC(40) Metaspace: 6301K(6464K)->6301K(6464K) NonClass: 5767K(5824K)->5767K(5824K) Class: 533K(640K)->533K(640K)
[19.739s][info][gc             ] GC(40) Pause Full (Allocation Failure) 4444M->4444M(5316M) 4067.854ms
[19.739s][info][gc,cpu         ] GC(40) User=3.89s Sys=0.17s Real=4.07s
[20.938s][info][gc,start       ] GC(41) Pause Full (Allocation Failure)
[20.938s][info][gc,phases,start] GC(41) Phase 1: Mark live objects
[23.541s][info][gc,phases      ] GC(41) Phase 1: Mark live objects 2602.759ms
[23.541s][info][gc,phases,start] GC(41) Phase 2: Compute new object addresses
[24.323s][info][gc,phases      ] GC(41) Phase 2: Compute new object addresses 781.319ms
[24.323s][info][gc,phases,start] GC(41) Phase 3: Adjust pointers
[25.516s][info][gc,phases      ] GC(41) Phase 3: Adjust pointers 1193.465ms
[25.516s][info][gc,phases,start] GC(41) Phase 4: Move objects
[25.651s][info][gc,phases      ] GC(41) Phase 4: Move objects 135.285ms
[25.653s][info][gc,heap        ] GC(41) DefNew: 1689599K(1689600K)->1689583K(1689600K) Eden: 1501888K(1501888K)->1501887K(1501888K) From: 187711K(187712K)->187695K(187712K)
[25.653s][info][gc,heap        ] GC(41) Tenured: 3754687K(3754688K)->3754687K(3754688K)
[25.653s][info][gc,metaspace   ] GC(41) Metaspace: 6301K(6464K)->6301K(6464K) NonClass: 5767K(5824K)->5767K(5824K) Class: 533K(640K)->533K(640K)
[25.653s][info][gc             ] GC(41) Pause Full (Allocation Failure) 5316M->5316M(5316M) 4714.328ms
[25.653s][info][gc,cpu         ] GC(41) User=4.52s Sys=0.02s Real=4.71s
[25.653s][info][gc,start       ] GC(42) Pause Full (Allocation Failure)
[25.653s][info][gc,phases,start] GC(42) Phase 1: Mark live objects
[28.163s][info][gc,phases      ] GC(42) Phase 1: Mark live objects 2510.006ms
[28.163s][info][gc,phases,start] GC(42) Phase 2: Compute new object addresses
[28.912s][info][gc,phases      ] GC(42) Phase 2: Compute new object addresses 748.967ms
[28.912s][info][gc,phases,start] GC(42) Phase 3: Adjust pointers
[29.968s][info][gc,phases      ] GC(42) Phase 3: Adjust pointers 1056.168ms
[29.968s][info][gc,phases,start] GC(42) Phase 4: Move objects
[29.968s][info][gc,phases      ] GC(42) Phase 4: Move objects 0.016ms
[29.969s][info][gc,heap        ] GC(42) DefNew: 1689599K(1689600K)->1689599K(1689600K) Eden: 1501887K(1501888K)->1501887K(1501888K) From: 187711K(187712K)->187711K(187712K)
[29.969s][info][gc,heap        ] GC(42) Tenured: 3754687K(3754688K)->3754687K(3754688K)
[29.969s][info][gc,metaspace   ] GC(42) Metaspace: 6301K(6464K)->6301K(6464K) NonClass: 5767K(5824K)->5767K(5824K) Class: 533K(640K)->533K(640K)
[29.969s][info][gc             ] GC(42) Pause Full (Allocation Failure) 5316M->5316M(5316M) 4316.224ms
[29.969s][info][gc,cpu         ] GC(42) User=4.20s Sys=0.00s Real=4.32s
[29.969s][info][gc,start       ] GC(43) Pause Full (Allocation Failure)
[29.969s][info][gc,phases,start] GC(43) Phase 1: Mark live objects
[32.482s][info][gc,phases      ] GC(43) Phase 1: Mark live objects 2513.134ms
[32.482s][info][gc,phases,start] GC(43) Phase 2: Compute new object addresses
[33.225s][info][gc,phases      ] GC(43) Phase 2: Compute new object addresses 742.666ms
[33.225s][info][gc,phases,start] GC(43) Phase 3: Adjust pointers
[34.499s][info][gc,phases      ] GC(43) Phase 3: Adjust pointers 1274.082ms
[34.499s][info][gc,phases,start] GC(43) Phase 4: Move objects
[35.377s][info][gc,phases      ] GC(43) Phase 4: Move objects 878.022ms
[35.378s][info][gc,heap        ] GC(43) DefNew: 1689599K(1689600K)->1689595K(1689600K) Eden: 1501887K(1501888K)->1501887K(1501888K) From: 187711K(187712K)->187707K(187712K)
[35.378s][info][gc,heap        ] GC(43) Tenured: 3754687K(3754688K)->3754687K(3754688K)
[35.378s][info][gc,metaspace   ] GC(43) Metaspace: 6301K(6464K)->6299K(6464K) NonClass: 5767K(5824K)->5766K(5824K) Class: 533K(640K)->532K(640K)
[35.378s][info][gc             ] GC(43) Pause Full (Allocation Failure) 5316M->5316M(5316M) 5409.331ms
[35.378s][info][gc,cpu         ] GC(43) User=5.38s Sys=0.00s Real=5.41s
[35.379s][info][gc,start       ] GC(44) Pause Full (Allocation Failure)
[35.379s][info][gc,phases,start] GC(44) Phase 1: Mark live objects
[37.889s][info][gc,phases      ] GC(44) Phase 1: Mark live objects 2510.614ms
[37.889s][info][gc,phases,start] GC(44) Phase 2: Compute new object addresses
[38.642s][info][gc,phases      ] GC(44) Phase 2: Compute new object addresses 752.714ms
[38.642s][info][gc,phases,start] GC(44) Phase 3: Adjust pointers
[39.696s][info][gc,phases      ] GC(44) Phase 3: Adjust pointers 1053.381ms
[39.696s][info][gc,phases,start] GC(44) Phase 4: Move objects
[39.696s][info][gc,phases      ] GC(44) Phase 4: Move objects 0.022ms
[39.697s][info][gc,heap        ] GC(44) DefNew: 1689599K(1689600K)->1689599K(1689600K) Eden: 1501887K(1501888K)->1501887K(1501888K) From: 187711K(187712K)->187711K(187712K)
[39.697s][info][gc,heap        ] GC(44) Tenured: 3754687K(3754688K)->3754687K(3754688K)
[39.697s][info][gc,metaspace   ] GC(44) Metaspace: 6299K(6464K)->6299K(6464K) NonClass: 5766K(5824K)->5766K(5824K) Class: 532K(640K)->532K(640K)
[39.697s][info][gc             ] GC(44) Pause Full (Allocation Failure) 5316M->5316M(5316M) 4317.873ms
[39.697s][info][gc,cpu         ] GC(44) User=4.30s Sys=0.00s Real=4.32s
[39.697s][info][gc,start       ] GC(45) Pause Full (Allocation Failure)
[39.697s][info][gc,phases,start] GC(45) Phase 1: Mark live objects
[42.162s][info][gc,phases      ] GC(45) Phase 1: Mark live objects 2465.003ms
[42.162s][info][gc,phases,start] GC(45) Phase 2: Compute new object addresses
[42.893s][info][gc,phases      ] GC(45) Phase 2: Compute new object addresses 731.379ms
[42.893s][info][gc,phases,start] GC(45) Phase 3: Adjust pointers
[43.939s][info][gc,phases      ] GC(45) Phase 3: Adjust pointers 1045.486ms
[43.939s][info][gc,phases,start] GC(45) Phase 4: Move objects
[43.939s][info][gc,phases      ] GC(45) Phase 4: Move objects 0.017ms
[43.940s][info][gc,heap        ] GC(45) DefNew: 1689599K(1689600K)->1689599K(1689600K) Eden: 1501887K(1501888K)->1501887K(1501888K) From: 187711K(187712K)->187711K(187712K)
[43.940s][info][gc,heap        ] GC(45) Tenured: 3754687K(3754688K)->3754687K(3754688K)
[43.940s][info][gc,metaspace   ] GC(45) Metaspace: 6299K(6464K)->6299K(6464K) NonClass: 5766K(5824K)->5766K(5824K) Class: 532K(640K)->532K(640K)
[43.940s][info][gc             ] GC(45) Pause Full (Allocation Failure) 5316M->5316M(5316M) 4243.000ms
[43.940s][info][gc,cpu         ] GC(45) User=4.22s Sys=0.00s Real=4.24s
[43.940s][info][gc,start       ] GC(46) Pause Full (Allocation Failure)
[43.940s][info][gc,phases,start] GC(46) Phase 1: Mark live objects
[46.423s][info][gc,phases      ] GC(46) Phase 1: Mark live objects 2482.976ms
[46.423s][info][gc,phases,start] GC(46) Phase 2: Compute new object addresses
[47.156s][info][gc,phases      ] GC(46) Phase 2: Compute new object addresses 732.919ms
[47.156s][info][gc,phases,start] GC(46) Phase 3: Adjust pointers
[48.208s][info][gc,phases      ] GC(46) Phase 3: Adjust pointers 1051.530ms
[48.208s][info][gc,phases,start] GC(46) Phase 4: Move objects
[48.208s][info][gc,phases      ] GC(46) Phase 4: Move objects 0.041ms
[48.209s][info][gc,heap        ] GC(46) DefNew: 1689599K(1689600K)->1689599K(1689600K) Eden: 1501887K(1501888K)->1501887K(1501888K) From: 187711K(187712K)->187711K(187712K)
[48.209s][info][gc,heap        ] GC(46) Tenured: 3754687K(3754688K)->3754687K(3754688K)
[48.209s][info][gc,metaspace   ] GC(46) Metaspace: 6299K(6464K)->6299K(6464K) NonClass: 5766K(5824K)->5766K(5824K) Class: 532K(640K)->532K(640K)
[48.209s][info][gc             ] GC(46) Pause Full (Allocation Failure) 5316M->5316M(5316M) 4268.607ms
[48.209s][info][gc,cpu         ] GC(46) User=4.19s Sys=0.02s Real=4.27s
[48.209s][info][gc,start       ] GC(47) Pause Full (Allocation Failure)
[48.209s][info][gc,phases,start] GC(47) Phase 1: Mark live objects
[50.747s][info][gc,phases      ] GC(47) Phase 1: Mark live objects 2538.457ms
[50.747s][info][gc,phases,start] GC(47) Phase 2: Compute new object addresses
[51.486s][info][gc,phases      ] GC(47) Phase 2: Compute new object addresses 738.964ms
[51.486s][info][gc,phases,start] GC(47) Phase 3: Adjust pointers
[52.785s][info][gc,phases      ] GC(47) Phase 3: Adjust pointers 1298.549ms
[52.785s][info][gc,phases,start] GC(47) Phase 4: Move objects
[53.710s][info][gc,phases      ] GC(47) Phase 4: Move objects 924.768ms
[53.711s][info][gc,heap        ] GC(47) DefNew: 1689599K(1689600K)->1689598K(1689600K) Eden: 1501887K(1501888K)->1501887K(1501888K) From: 187711K(187712K)->187710K(187712K)
[53.711s][info][gc,heap        ] GC(47) Tenured: 3754687K(3754688K)->3754687K(3754688K)
[53.711s][info][gc,metaspace   ] GC(47) Metaspace: 6299K(6464K)->6299K(6464K) NonClass: 5766K(5824K)->5766K(5824K) Class: 532K(640K)->532K(640K)
[53.711s][info][gc             ] GC(47) Pause Full (Allocation Failure) 5316M->5316M(5316M) 5502.633ms
[53.711s][info][gc,cpu         ] GC(47) User=5.39s Sys=0.00s Real=5.50s
[53.712s][info][gc,start       ] GC(48) Pause Full (Allocation Failure)
[53.712s][info][gc,phases,start] GC(48) Phase 1: Mark live objects
[56.211s][info][gc,phases      ] GC(48) Phase 1: Mark live objects 2499.161ms
[56.211s][info][gc,phases,start] GC(48) Phase 2: Compute new object addresses
[56.987s][info][gc,phases      ] GC(48) Phase 2: Compute new object addresses 775.877ms
[56.987s][info][gc,phases,start] GC(48) Phase 3: Adjust pointers
[58.062s][info][gc,phases      ] GC(48) Phase 3: Adjust pointers 1074.719ms
[58.062s][info][gc,phases,start] GC(48) Phase 4: Move objects
[58.062s][info][gc,phases      ] GC(48) Phase 4: Move objects 0.017ms
[58.063s][info][gc,heap        ] GC(48) DefNew: 1689599K(1689600K)->1689599K(1689600K) Eden: 1501887K(1501888K)->1501887K(1501888K) From: 187711K(187712K)->187711K(187712K)
[58.063s][info][gc,heap        ] GC(48) Tenured: 3754687K(3754688K)->3754687K(3754688K)
[58.063s][info][gc,metaspace   ] GC(48) Metaspace: 6301K(6464K)->6301K(6464K) NonClass: 5767K(5824K)->5767K(5824K) Class: 533K(640K)->533K(640K)
[58.063s][info][gc             ] GC(48) Pause Full (Allocation Failure) 5316M->5316M(5316M) 4351.040ms
[58.063s][info][gc,cpu         ] GC(48) User=4.23s Sys=0.00s Real=4.35s
[58.064s][info][gc,heap,exit   ] Heap
[58.064s][info][gc,heap,exit   ]  def new generation   total 1689600K, used 1689599K [0x00000006a8400000, 0x000000071ad50000, 0x000000071ad50000)
[58.064s][info][gc,heap,exit   ]   eden space 1501888K,  99% used [0x00000006a8400000, 0x0000000703eafff8, 0x0000000703eb0000)
[58.064s][info][gc,heap,exit   ]   from space 187712K,  99% used [0x0000000703eb0000, 0x000000070f5fffc0, 0x000000070f600000)
[58.064s][info][gc,heap,exit   ]   to   space 187712K,   0% used [0x000000070f600000, 0x000000070f600000, 0x000000071ad50000)
[58.064s][info][gc,heap,exit   ]  tenured generation   total 3754688K, used 3754687K [0x000000071ad50000, 0x0000000800000000, 0x0000000800000000)
[58.064s][info][gc,heap,exit   ]    the space 3754688K,  99% used [0x000000071ad50000, 0x00000007ffffffb0, 0x0000000800000000, 0x0000000800000000)
[58.064s][info][gc,heap,exit   ]  Metaspace       used 6304K, committed 6528K, reserved 1114112K
[58.064s][info][gc,heap,exit   ]   class space    used 534K, committed 640K, reserved 1048576K
