[0.010s][info][gc,init] CardTable entry size: 512
[0.010s][info][gc     ] Using Serial
[0.010s][info][gc,init] Version: 18.0.1+10 (release)
[0.010s][info][gc,init] CPUs: 8 total, 8 available
[0.010s][info][gc,init] Memory: 16063M
[0.010s][info][gc,init] Large Page Support: Disabled
[0.010s][info][gc,init] NUMA Support: Disabled
[0.010s][info][gc,init] Compressed Oops: Enabled (Zero based)
[0.010s][info][gc,init] Heap Min Capacity: 2M
[0.010s][info][gc,init] Heap Initial Capacity: 2M
[0.010s][info][gc,init] Heap Max Capacity: 6000M
[0.010s][info][gc,init] Pre-touch: Disabled
[0.011s][info][gc,metaspace] CDS archive(s) not mapped
[0.011s][info][gc,metaspace] Compressed class space mapped at: 0x0000000800000000-0x0000000840000000, reserved size: 1073741824
[0.011s][info][gc,metaspace] Narrow klass base: 0x0000000800000000, Narrow klass shift: 0, Narrow klass range: 0x40000000
[0.159s][info][gc,start    ] GC(0) Pause Young (Allocation Failure)
[0.161s][info][gc,heap     ] GC(0) DefNew: 1023K(1152K)->127K(1152K) Eden: 1023K(1024K)->0K(1024K) From: 0K(128K)->127K(128K)
[0.161s][info][gc,heap     ] GC(0) Tenured: 0K(768K)->439K(768K)
[0.161s][info][gc,metaspace] GC(0) Metaspace: 5898K(6016K)->5898K(6016K) NonClass: 5399K(5504K)->5399K(5504K) Class: 499K(512K)->499K(512K)
[0.161s][info][gc          ] GC(0) Pause Young (Allocation Failure) 0M->0M(1M) 2.119ms
[0.161s][info][gc,cpu      ] GC(0) User=0.00s Sys=0.00s Real=0.00s
[0.182s][info][gc,start    ] GC(1) Pause Young (Allocation Failure)
[0.183s][info][gc          ] GC(1) Pause Young (Allocation Failure) 1M->0M(2M) 1.573ms
[0.183s][info][gc,cpu      ] GC(1) User=0.00s Sys=0.00s Real=0.00s
[0.183s][info][gc,start    ] GC(2) Pause Full (Allocation Failure)
[0.183s][info][gc,phases,start] GC(2) Phase 1: Mark live objects
[0.185s][info][gc,phases      ] GC(2) Phase 1: Mark live objects 1.412ms
[0.185s][info][gc,phases,start] GC(2) Phase 2: Compute new object addresses
[0.185s][info][gc,phases      ] GC(2) Phase 2: Compute new object addresses 0.321ms
[0.185s][info][gc,phases,start] GC(2) Phase 3: Adjust pointers
[0.186s][info][gc,phases      ] GC(2) Phase 3: Adjust pointers 0.637ms
[0.186s][info][gc,phases,start] GC(2) Phase 4: Move objects
[0.186s][info][gc,phases      ] GC(2) Phase 4: Move objects 0.065ms
[0.186s][info][gc,heap        ] GC(2) DefNew: 1151K(1152K)->40K(1152K) Eden: 1024K(1024K)->40K(1024K) From: 127K(128K)->0K(128K)
[0.186s][info][gc,heap        ] GC(2) Tenured: 439K(768K)->959K(1600K)
[0.186s][info][gc,metaspace   ] GC(2) Metaspace: 6295K(6464K)->6295K(6464K) NonClass: 5762K(5824K)->5762K(5824K) Class: 533K(640K)->533K(640K)
[0.186s][info][gc             ] GC(2) Pause Full (Allocation Failure) 0M->0M(2M) 2.777ms
[0.186s][info][gc,cpu         ] GC(2) User=0.00s Sys=0.00s Real=0.00s
[0.187s][info][gc,start       ] GC(3) Pause Young (Allocation Failure)
[0.189s][info][gc,heap        ] GC(3) DefNew: 1024K(1152K)->128K(1152K) Eden: 1024K(1024K)->0K(1024K) From: 0K(128K)->128K(128K)
[0.189s][info][gc,heap        ] GC(3) Tenured: 959K(1600K)->1375K(1600K)
[0.189s][info][gc,metaspace   ] GC(3) Metaspace: 6295K(6464K)->6295K(6464K) NonClass: 5762K(5824K)->5762K(5824K) Class: 533K(640K)->533K(640K)
[0.189s][info][gc             ] GC(3) Pause Young (Allocation Failure) 1M->1M(2M) 1.562ms
[0.189s][info][gc,cpu         ] GC(3) User=0.00s Sys=0.00s Real=0.00s
[0.190s][info][gc,start       ] GC(4) Pause Young (Allocation Failure)
[0.191s][info][gc             ] GC(4) Pause Young (Allocation Failure) 2M->1M(3M) 0.997ms
[0.191s][info][gc,cpu         ] GC(4) User=0.02s Sys=0.00s Real=0.00s
[0.191s][info][gc,start       ] GC(5) Pause Full (Allocation Failure)
[0.191s][info][gc,phases,start] GC(5) Phase 1: Mark live objects
[0.192s][info][gc,phases      ] GC(5) Phase 1: Mark live objects 1.223ms
[0.192s][info][gc,phases,start] GC(5) Phase 2: Compute new object addresses
[0.193s][info][gc,phases      ] GC(5) Phase 2: Compute new object addresses 0.299ms
[0.193s][info][gc,phases,start] GC(5) Phase 3: Adjust pointers
[0.193s][info][gc,phases      ] GC(5) Phase 3: Adjust pointers 0.518ms
[0.193s][info][gc,phases,start] GC(5) Phase 4: Move objects
[0.193s][info][gc,phases      ] GC(5) Phase 4: Move objects 0.067ms
[0.193s][info][gc,heap        ] GC(5) DefNew: 1152K(1152K)->35K(1536K) Eden: 1024K(1024K)->35K(1408K) From: 128K(128K)->0K(128K)
[0.194s][info][gc,heap        ] GC(5) Tenured: 1375K(1600K)->1983K(3308K)
[0.194s][info][gc,metaspace   ] GC(5) Metaspace: 6295K(6464K)->6295K(6464K) NonClass: 5762K(5824K)->5762K(5824K) Class: 533K(640K)->533K(640K)
[0.194s][info][gc             ] GC(5) Pause Full (Allocation Failure) 1M->1M(4M) 2.444ms
[0.194s][info][gc,cpu         ] GC(5) User=0.00s Sys=0.00s Real=0.00s
[0.195s][info][gc,start       ] GC(6) Pause Young (Allocation Failure)
[0.197s][info][gc,heap        ] GC(6) DefNew: 1407K(1536K)->127K(1536K) Eden: 1407K(1408K)->0K(1408K) From: 0K(128K)->127K(128K)
[0.197s][info][gc,heap        ] GC(6) Tenured: 1983K(3308K)->2617K(3308K)
[0.197s][info][gc,metaspace   ] GC(6) Metaspace: 6295K(6464K)->6295K(6464K) NonClass: 5762K(5824K)->5762K(5824K) Class: 533K(640K)->533K(640K)
[0.197s][info][gc             ] GC(6) Pause Young (Allocation Failure) 3M->2M(4M) 1.566ms
[0.197s][info][gc,cpu         ] GC(6) User=0.00s Sys=0.00s Real=0.00s
[0.198s][info][gc,start       ] GC(7) Pause Young (Allocation Failure)
[0.200s][info][gc             ] GC(7) Pause Young (Allocation Failure) 4M->3M(4M) 1.456ms
[0.200s][info][gc,cpu         ] GC(7) User=0.00s Sys=0.00s Real=0.00s
[0.200s][info][gc,start       ] GC(8) Pause Full (Allocation Failure)
[0.200s][info][gc,phases,start] GC(8) Phase 1: Mark live objects
[0.202s][info][gc,phases      ] GC(8) Phase 1: Mark live objects 2.014ms
[0.202s][info][gc,phases,start] GC(8) Phase 2: Compute new object addresses
[0.202s][info][gc,phases      ] GC(8) Phase 2: Compute new object addresses 0.669ms
[0.203s][info][gc,phases,start] GC(8) Phase 3: Adjust pointers
[0.203s][info][gc,phases      ] GC(8) Phase 3: Adjust pointers 0.881ms
[0.203s][info][gc,phases,start] GC(8) Phase 4: Move objects
[0.203s][info][gc,phases      ] GC(8) Phase 4: Move objects 0.071ms
[0.204s][info][gc,heap        ] GC(8) DefNew: 1535K(1536K)->0K(2688K) Eden: 1408K(1408K)->0K(2432K) From: 127K(128K)->0K(256K)
[0.204s][info][gc,heap        ] GC(8) Tenured: 2617K(3308K)->3460K(5768K)
[0.204s][info][gc,metaspace   ] GC(8) Metaspace: 6295K(6464K)->6295K(6464K) NonClass: 5762K(5824K)->5762K(5824K) Class: 533K(640K)->533K(640K)
[0.204s][info][gc             ] GC(8) Pause Full (Allocation Failure) 3M->3M(8M) 3.900ms
[0.204s][info][gc,cpu         ] GC(8) User=0.00s Sys=0.00s Real=0.00s
[0.208s][info][gc,start       ] GC(9) Pause Young (Allocation Failure)
[0.210s][info][gc,heap        ] GC(9) DefNew: 2431K(2688K)->256K(2688K) Eden: 2431K(2432K)->0K(2432K) From: 0K(256K)->256K(256K)
[0.210s][info][gc,heap        ] GC(9) Tenured: 3460K(5768K)->4512K(5768K)
[0.210s][info][gc,metaspace   ] GC(9) Metaspace: 6295K(6464K)->6295K(6464K) NonClass: 5762K(5824K)->5762K(5824K) Class: 533K(640K)->533K(640K)
[0.210s][info][gc             ] GC(9) Pause Young (Allocation Failure) 5M->4M(8M) 2.679ms
[0.210s][info][gc,cpu         ] GC(9) User=0.00s Sys=0.00s Real=0.00s
[0.213s][info][gc,start       ] GC(10) Pause Young (Allocation Failure)
[0.216s][info][gc,heap        ] GC(10) DefNew: 2688K(2688K)->256K(2688K) Eden: 2432K(2432K)->0K(2432K) From: 256K(256K)->256K(256K)
[0.216s][info][gc,heap        ] GC(10) Tenured: 4512K(5768K)->5755K(5768K)
[0.216s][info][gc,metaspace   ] GC(10) Metaspace: 6295K(6464K)->6295K(6464K) NonClass: 5762K(5824K)->5762K(5824K) Class: 533K(640K)->533K(640K)
[0.216s][info][gc             ] GC(10) Pause Young (Allocation Failure) 7M->5M(8M) 2.951ms
[0.216s][info][gc,cpu         ] GC(10) User=0.00s Sys=0.00s Real=0.00s
[0.219s][info][gc,start       ] GC(11) Pause Young (Allocation Failure)
[0.222s][info][gc             ] GC(11) Pause Young (Allocation Failure) 8M->7M(9M) 2.996ms
[0.222s][info][gc,cpu         ] GC(11) User=0.00s Sys=0.00s Real=0.00s
[0.222s][info][gc,start       ] GC(12) Pause Full (Allocation Failure)
[0.222s][info][gc,phases,start] GC(12) Phase 1: Mark live objects
[0.225s][info][gc,phases      ] GC(12) Phase 1: Mark live objects 3.576ms
[0.225s][info][gc,phases,start] GC(12) Phase 2: Compute new object addresses
[0.227s][info][gc,phases      ] GC(12) Phase 2: Compute new object addresses 1.115ms
[0.227s][info][gc,phases,start] GC(12) Phase 3: Adjust pointers
[0.228s][info][gc,phases      ] GC(12) Phase 3: Adjust pointers 1.717ms
[0.228s][info][gc,phases,start] GC(12) Phase 4: Move objects
[0.230s][info][gc,phases      ] GC(12) Phase 4: Move objects 1.381ms
[0.230s][info][gc,heap        ] GC(12) DefNew: 2688K(2688K)->0K(5376K) Eden: 2432K(2432K)->0K(4800K) From: 256K(256K)->0K(576K)
[0.230s][info][gc,heap        ] GC(12) Tenured: 5755K(5768K)->7132K(11888K)
[0.230s][info][gc,metaspace   ] GC(12) Metaspace: 6295K(6464K)->6295K(6464K) NonClass: 5762K(5824K)->5762K(5824K) Class: 533K(640K)->533K(640K)
[0.230s][info][gc             ] GC(12) Pause Full (Allocation Failure) 7M->6M(16M) 8.287ms
[0.230s][info][gc,cpu         ] GC(12) User=0.00s Sys=0.00s Real=0.01s
[0.235s][info][gc,start       ] GC(13) Pause Young (Allocation Failure)
[0.240s][info][gc,heap        ] GC(13) DefNew: 4800K(5376K)->575K(5376K) Eden: 4800K(4800K)->0K(4800K) From: 0K(576K)->575K(576K)
[0.240s][info][gc,heap        ] GC(13) Tenured: 7132K(11888K)->9027K(11888K)
[0.240s][info][gc,metaspace   ] GC(13) Metaspace: 6295K(6464K)->6295K(6464K) NonClass: 5762K(5824K)->5762K(5824K) Class: 533K(640K)->533K(640K)
[0.240s][info][gc             ] GC(13) Pause Young (Allocation Failure) 11M->9M(16M) 4.934ms
[0.240s][info][gc,cpu         ] GC(13) User=0.00s Sys=0.00s Real=0.01s
[0.244s][info][gc,start       ] GC(14) Pause Young (Allocation Failure)
[0.250s][info][gc,heap        ] GC(14) DefNew: 5375K(5376K)->576K(5376K) Eden: 4800K(4800K)->0K(4800K) From: 575K(576K)->576K(576K)
[0.250s][info][gc,heap        ] GC(14) Tenured: 9027K(11888K)->11746K(11888K)
[0.250s][info][gc,metaspace   ] GC(14) Metaspace: 6295K(6464K)->6295K(6464K) NonClass: 5762K(5824K)->5762K(5824K) Class: 533K(640K)->533K(640K)
[0.250s][info][gc             ] GC(14) Pause Young (Allocation Failure) 14M->12M(16M) 5.826ms
[0.250s][info][gc,cpu         ] GC(14) User=0.00s Sys=0.00s Real=0.01s
[0.254s][info][gc,start       ] GC(15) Pause Young (Allocation Failure)
[0.259s][info][gc             ] GC(15) Pause Young (Allocation Failure) 16M->14M(19M) 5.454ms
[0.259s][info][gc,cpu         ] GC(15) User=0.00s Sys=0.00s Real=0.00s
[0.259s][info][gc,start       ] GC(16) Pause Full (Allocation Failure)
[0.259s][info][gc,phases,start] GC(16) Phase 1: Mark live objects
[0.267s][info][gc,phases      ] GC(16) Phase 1: Mark live objects 7.598ms
[0.267s][info][gc,phases,start] GC(16) Phase 2: Compute new object addresses
[0.269s][info][gc,phases      ] GC(16) Phase 2: Compute new object addresses 2.341ms
[0.269s][info][gc,phases,start] GC(16) Phase 3: Adjust pointers
[0.272s][info][gc,phases      ] GC(16) Phase 3: Adjust pointers 2.897ms
[0.272s][info][gc,phases,start] GC(16) Phase 4: Move objects
[0.273s][info][gc,phases      ] GC(16) Phase 4: Move objects 0.194ms
[0.273s][info][gc,heap        ] GC(16) DefNew: 5376K(5376K)->386K(10880K) Eden: 4800K(4800K)->386K(9728K) From: 576K(576K)->0K(1152K)
[0.273s][info][gc,heap        ] GC(16) Tenured: 11746K(11888K)->14384K(23976K)
[0.273s][info][gc,metaspace   ] GC(16) Metaspace: 6297K(6464K)->6297K(6464K) NonClass: 5764K(5824K)->5764K(5824K) Class: 533K(640K)->533K(640K)
[0.273s][info][gc             ] GC(16) Pause Full (Allocation Failure) 14M->14M(34M) 13.376ms
[0.273s][info][gc,cpu         ] GC(16) User=0.00s Sys=0.00s Real=0.01s
[0.281s][info][gc,start       ] GC(17) Pause Young (Allocation Failure)
[0.294s][info][gc,heap        ] GC(17) DefNew: 9728K(10880K)->1151K(10880K) Eden: 9728K(9728K)->0K(9728K) From: 0K(1152K)->1151K(1152K)
[0.294s][info][gc,heap        ] GC(17) Tenured: 14384K(23976K)->18415K(23976K)
[0.294s][info][gc,metaspace   ] GC(17) Metaspace: 6297K(6464K)->6297K(6464K) NonClass: 5764K(5824K)->5764K(5824K) Class: 533K(640K)->533K(640K)
[0.294s][info][gc             ] GC(17) Pause Young (Allocation Failure) 23M->19M(34M) 13.239ms
[0.294s][info][gc,cpu         ] GC(17) User=0.00s Sys=0.00s Real=0.01s
[0.301s][info][gc,start       ] GC(18) Pause Young (Allocation Failure)
[0.314s][info][gc,heap        ] GC(18) DefNew: 10879K(10880K)->1151K(10880K) Eden: 9728K(9728K)->0K(9728K) From: 1151K(1152K)->1151K(1152K)
[0.314s][info][gc,heap        ] GC(18) Tenured: 18415K(23976K)->23936K(23976K)
[0.314s][info][gc,metaspace   ] GC(18) Metaspace: 6297K(6464K)->6297K(6464K) NonClass: 5764K(5824K)->5764K(5824K) Class: 533K(640K)->533K(640K)
[0.314s][info][gc             ] GC(18) Pause Young (Allocation Failure) 28M->24M(34M) 13.091ms
[0.314s][info][gc,cpu         ] GC(18) User=0.00s Sys=0.00s Real=0.01s
[0.321s][info][gc,start       ] GC(19) Pause Young (Allocation Failure)
[0.332s][info][gc             ] GC(19) Pause Young (Allocation Failure) 34M->29M(38M) 11.151ms
[0.332s][info][gc,cpu         ] GC(19) User=0.00s Sys=0.00s Real=0.01s
[0.332s][info][gc,start       ] GC(20) Pause Full (Allocation Failure)
[0.332s][info][gc,phases,start] GC(20) Phase 1: Mark live objects
[0.346s][info][gc,phases      ] GC(20) Phase 1: Mark live objects 14.096ms
[0.346s][info][gc,phases,start] GC(20) Phase 2: Compute new object addresses
[0.351s][info][gc,phases      ] GC(20) Phase 2: Compute new object addresses 4.652ms
[0.351s][info][gc,phases,start] GC(20) Phase 3: Adjust pointers
[0.356s][info][gc,phases      ] GC(20) Phase 3: Adjust pointers 5.474ms
[0.356s][info][gc,phases,start] GC(20) Phase 4: Move objects
[0.356s][info][gc,phases      ] GC(20) Phase 4: Move objects 0.170ms
[0.356s][info][gc,heap        ] GC(20) DefNew: 10879K(10880K)->1080K(21888K) Eden: 9728K(9728K)->1080K(19520K) From: 1151K(1152K)->0K(2368K)
[0.357s][info][gc,heap        ] GC(20) Tenured: 23936K(23976K)->29036K(48396K)
[0.357s][info][gc,metaspace   ] GC(20) Metaspace: 6297K(6464K)->6297K(6464K) NonClass: 5764K(5824K)->5764K(5824K) Class: 533K(640K)->533K(640K)
[0.357s][info][gc             ] GC(20) Pause Full (Allocation Failure) 29M->29M(68M) 24.798ms
[0.357s][info][gc,cpu         ] GC(20) User=0.03s Sys=0.00s Real=0.02s
[0.373s][info][gc,start       ] GC(21) Pause Young (Allocation Failure)
[0.401s][info][gc,heap        ] GC(21) DefNew: 19520K(21888K)->2367K(21888K) Eden: 19520K(19520K)->0K(19520K) From: 0K(2368K)->2367K(2368K)
[0.401s][info][gc,heap        ] GC(21) Tenured: 29036K(48396K)->39350K(48396K)
[0.401s][info][gc,metaspace   ] GC(21) Metaspace: 6297K(6464K)->6297K(6464K) NonClass: 5764K(5824K)->5764K(5824K) Class: 533K(640K)->533K(640K)
[0.401s][info][gc             ] GC(21) Pause Young (Allocation Failure) 47M->40M(68M) 28.269ms
[0.401s][info][gc,cpu         ] GC(21) User=0.02s Sys=0.00s Real=0.03s
[0.421s][info][gc,start       ] GC(22) Pause Young (Allocation Failure)
[0.457s][info][gc             ] GC(22) Pause Young (Allocation Failure) 59M->59M(78M) 36.130ms
[0.457s][info][gc,cpu         ] GC(22) User=0.03s Sys=0.00s Real=0.04s
[0.457s][info][gc,start       ] GC(23) Pause Full (Allocation Failure)
[0.457s][info][gc,phases,start] GC(23) Phase 1: Mark live objects
[0.482s][info][gc,phases      ] GC(23) Phase 1: Mark live objects 25.329ms
[0.482s][info][gc,phases,start] GC(23) Phase 2: Compute new object addresses
[0.492s][info][gc,phases      ] GC(23) Phase 2: Compute new object addresses 9.619ms
[0.492s][info][gc,phases,start] GC(23) Phase 3: Adjust pointers
[0.503s][info][gc,phases      ] GC(23) Phase 3: Adjust pointers 10.908ms
[0.503s][info][gc,phases,start] GC(23) Phase 4: Move objects
[0.503s][info][gc,phases      ] GC(23) Phase 4: Move objects 0.437ms
[0.504s][info][gc,heap        ] GC(23) DefNew: 21887K(21888K)->2251K(44288K) Eden: 19520K(19520K)->2251K(39424K) From: 2367K(2368K)->0K(4864K)
[0.504s][info][gc,heap        ] GC(23) Tenured: 39350K(48396K)->58955K(98260K)
[0.504s][info][gc,metaspace   ] GC(23) Metaspace: 6297K(6464K)->6297K(6464K) NonClass: 5764K(5824K)->5764K(5824K) Class: 533K(640K)->533K(640K)
[0.504s][info][gc             ] GC(23) Pause Full (Allocation Failure) 59M->59M(139M) 46.914ms
[0.504s][info][gc,cpu         ] GC(23) User=0.05s Sys=0.00s Real=0.05s
[0.547s][info][gc,start       ] GC(24) Pause Young (Allocation Failure)
[0.611s][info][gc,heap        ] GC(24) DefNew: 39424K(44288K)->4863K(44288K) Eden: 39424K(39424K)->0K(39424K) From: 0K(4864K)->4863K(4864K)
[0.611s][info][gc,heap        ] GC(24) Tenured: 58955K(98260K)->93487K(98260K)
[0.611s][info][gc,metaspace   ] GC(24) Metaspace: 6297K(6464K)->6297K(6464K) NonClass: 5764K(5824K)->5764K(5824K) Class: 533K(640K)->533K(640K)
[0.611s][info][gc             ] GC(24) Pause Young (Allocation Failure) 96M->96M(139M) 64.294ms
[0.611s][info][gc,cpu         ] GC(24) User=0.03s Sys=0.00s Real=0.06s
[0.642s][info][gc,start       ] GC(25) Pause Young (Allocation Failure)
[0.716s][info][gc             ] GC(25) Pause Young (Allocation Failure) 134M->134M(173M) 73.669ms
[0.716s][info][gc,cpu         ] GC(25) User=0.08s Sys=0.00s Real=0.07s
[0.716s][info][gc,start       ] GC(26) Pause Full (Allocation Failure)
[0.716s][info][gc,phases,start] GC(26) Phase 1: Mark live objects
[0.773s][info][gc,phases      ] GC(26) Phase 1: Mark live objects 56.883ms
[0.773s][info][gc,phases,start] GC(26) Phase 2: Compute new object addresses
[0.797s][info][gc,phases      ] GC(26) Phase 2: Compute new object addresses 23.589ms
[0.797s][info][gc,phases,start] GC(26) Phase 3: Adjust pointers
[0.824s][info][gc,phases      ] GC(26) Phase 3: Adjust pointers 26.960ms
[0.824s][info][gc,phases,start] GC(26) Phase 4: Move objects
[0.850s][info][gc,phases      ] GC(26) Phase 4: Move objects 26.305ms
[0.851s][info][gc,heap        ] GC(26) DefNew: 44287K(44288K)->1013K(99712K) Eden: 39424K(39424K)->1013K(88640K) From: 4863K(4864K)->0K(11072K)
[0.851s][info][gc,heap        ] GC(26) Tenured: 93487K(98260K)->132887K(221480K)
[0.851s][info][gc,metaspace   ] GC(26) Metaspace: 6297K(6464K)->6297K(6464K) NonClass: 5764K(5824K)->5764K(5824K) Class: 533K(640K)->533K(640K)
[0.851s][info][gc             ] GC(26) Pause Full (Allocation Failure) 134M->130M(313M) 134.641ms
[0.851s][info][gc,cpu         ] GC(26) User=0.11s Sys=0.00s Real=0.13s
[0.941s][info][gc,start       ] GC(27) Pause Young (Allocation Failure)
[1.093s][info][gc,heap        ] GC(27) DefNew: 88640K(99712K)->11071K(99712K) Eden: 88640K(88640K)->0K(88640K) From: 0K(11072K)->11071K(11072K)
[1.093s][info][gc,heap        ] GC(27) Tenured: 132887K(221480K)->210430K(221480K)
[1.093s][info][gc,metaspace   ] GC(27) Metaspace: 6297K(6464K)->6297K(6464K) NonClass: 5764K(5824K)->5764K(5824K) Class: 533K(640K)->533K(640K)
[1.093s][info][gc             ] GC(27) Pause Young (Allocation Failure) 216M->216M(313M) 151.935ms
[1.093s][info][gc,cpu         ] GC(27) User=0.12s Sys=0.02s Real=0.15s
[1.177s][info][gc,start       ] GC(28) Pause Young (Allocation Failure)
[1.350s][info][gc             ] GC(28) Pause Young (Allocation Failure) 302M->302M(389M) 173.518ms
[1.350s][info][gc,cpu         ] GC(28) User=0.14s Sys=0.02s Real=0.17s
[1.350s][info][gc,start       ] GC(29) Pause Full (Allocation Failure)
[1.350s][info][gc,phases,start] GC(29) Phase 1: Mark live objects
[1.488s][info][gc,phases      ] GC(29) Phase 1: Mark live objects 137.896ms
[1.488s][info][gc,phases,start] GC(29) Phase 2: Compute new object addresses
[1.546s][info][gc,phases      ] GC(29) Phase 2: Compute new object addresses 58.043ms
[1.547s][info][gc,phases,start] GC(29) Phase 3: Adjust pointers
[1.616s][info][gc,phases      ] GC(29) Phase 3: Adjust pointers 69.082ms
[1.616s][info][gc,phases,start] GC(29) Phase 4: Move objects
[1.618s][info][gc,phases      ] GC(29) Phase 4: Move objects 2.427ms
[1.619s][info][gc,heap        ] GC(29) DefNew: 99711K(99712K)->10931K(224448K) Eden: 88640K(88640K)->10931K(199552K) From: 11071K(11072K)->0K(24896K)
[1.619s][info][gc,heap        ] GC(29) Tenured: 210430K(221480K)->299179K(498636K)
[1.619s][info][gc,metaspace   ] GC(29) Metaspace: 6297K(6464K)->6297K(6464K) NonClass: 5764K(5824K)->5764K(5824K) Class: 533K(640K)->533K(640K)
[1.619s][info][gc             ] GC(29) Pause Full (Allocation Failure) 302M->302M(706M) 268.700ms
[1.619s][info][gc,cpu         ] GC(29) User=0.22s Sys=0.00s Real=0.27s
[1.844s][info][gc,start       ] GC(30) Pause Young (Allocation Failure)
[2.197s][info][gc,heap        ] GC(30) DefNew: 199552K(224448K)->24895K(224448K) Eden: 199552K(199552K)->0K(199552K) From: 0K(24896K)->24895K(24896K)
[2.197s][info][gc,heap        ] GC(30) Tenured: 299179K(498636K)->473811K(498636K)
[2.197s][info][gc,metaspace   ] GC(30) Metaspace: 6297K(6464K)->6297K(6464K) NonClass: 5764K(5824K)->5764K(5824K) Class: 533K(640K)->533K(640K)
[2.197s][info][gc             ] GC(30) Pause Young (Allocation Failure) 487M->487M(706M) 353.446ms
[2.197s][info][gc,cpu         ] GC(30) User=0.28s Sys=0.03s Real=0.35s
[2.384s][info][gc,start       ] GC(31) Pause Young (Allocation Failure)
[2.774s][info][gc             ] GC(31) Pause Young (Allocation Failure) 681M->681M(876M) 390.195ms
[2.774s][info][gc,cpu         ] GC(31) User=0.31s Sys=0.06s Real=0.39s
[2.774s][info][gc,start       ] GC(32) Pause Full (Allocation Failure)
[2.774s][info][gc,phases,start] GC(32) Phase 1: Mark live objects
[3.081s][info][gc,phases      ] GC(32) Phase 1: Mark live objects 306.165ms
[3.081s][info][gc,phases,start] GC(32) Phase 2: Compute new object addresses
[3.185s][info][gc,phases      ] GC(32) Phase 2: Compute new object addresses 104.543ms
[3.185s][info][gc,phases,start] GC(32) Phase 3: Adjust pointers
[3.300s][info][gc,phases      ] GC(32) Phase 3: Adjust pointers 114.984ms
[3.300s][info][gc,phases,start] GC(32) Phase 4: Move objects
[3.306s][info][gc,phases      ] GC(32) Phase 4: Move objects 5.800ms
[3.308s][info][gc,heap        ] GC(32) DefNew: 224447K(224448K)->24805K(505152K) Eden: 199552K(199552K)->24805K(449088K) From: 24895K(24896K)->0K(56064K)
[3.308s][info][gc,heap        ] GC(32) Tenured: 473811K(498636K)->673423K(1122376K)
[3.308s][info][gc,metaspace   ] GC(32) Metaspace: 6297K(6464K)->6297K(6464K) NonClass: 5764K(5824K)->5764K(5824K) Class: 533K(640K)->533K(640K)
[3.308s][info][gc             ] GC(32) Pause Full (Allocation Failure) 681M->681M(1589M) 533.763ms
[3.308s][info][gc,cpu         ] GC(32) User=0.53s Sys=0.00s Real=0.53s
[3.776s][info][gc,start       ] GC(33) Pause Young (Allocation Failure)
[4.544s][info][gc,heap        ] GC(33) DefNew: 449088K(505152K)->56064K(505152K) Eden: 449088K(449088K)->0K(449088K) From: 0K(56064K)->56064K(56064K)
[4.544s][info][gc,heap        ] GC(33) Tenured: 673423K(1122376K)->1066421K(1122376K)
[4.544s][info][gc,metaspace   ] GC(33) Metaspace: 6297K(6464K)->6297K(6464K) NonClass: 5764K(5824K)->5764K(5824K) Class: 533K(640K)->533K(640K)
[4.544s][info][gc             ] GC(33) Pause Young (Allocation Failure) 1096M->1096M(1589M) 768.396ms
[4.544s][info][gc,cpu         ] GC(33) User=0.67s Sys=0.09s Real=0.77s
[5.034s][info][gc,start       ] GC(34) Pause Young (Allocation Failure)
[5.753s][info][gc             ] GC(34) Pause Young (Allocation Failure) 1534M->1483M(1921M) 718.981ms
[5.753s][info][gc,cpu         ] GC(34) User=0.59s Sys=0.08s Real=0.72s
[5.753s][info][gc,start       ] GC(35) Pause Full (Allocation Failure)
[5.753s][info][gc,phases,start] GC(35) Phase 1: Mark live objects
[6.420s][info][gc,phases      ] GC(35) Phase 1: Mark live objects 666.362ms
[6.420s][info][gc,phases,start] GC(35) Phase 2: Compute new object addresses
[6.639s][info][gc,phases      ] GC(35) Phase 2: Compute new object addresses 219.241ms
[6.639s][info][gc,phases,start] GC(35) Phase 3: Adjust pointers
[6.901s][info][gc,phases      ] GC(35) Phase 3: Adjust pointers 261.850ms
[6.901s][info][gc,phases,start] GC(35) Phase 4: Move objects
[6.912s][info][gc,phases      ] GC(35) Phase 4: Move objects 10.916ms
[6.916s][info][gc,heap        ] GC(35) DefNew: 505152K(505152K)->55951K(1097216K) Eden: 449088K(449088K)->55951K(975360K) From: 56064K(56064K)->0K(121856K)
[6.916s][info][gc,heap        ] GC(35) Tenured: 1066421K(1122376K)->1462860K(2438100K)
[6.916s][info][gc,metaspace   ] GC(35) Metaspace: 6297K(6464K)->6297K(6464K) NonClass: 5764K(5824K)->5764K(5824K) Class: 533K(640K)->533K(640K)
[6.916s][info][gc             ] GC(35) Pause Full (Allocation Failure) 1483M->1483M(3452M) 1162.840ms
[6.916s][info][gc,cpu         ] GC(35) User=1.08s Sys=0.02s Real=1.16s
[7.867s][info][gc,start       ] GC(36) Pause Young (Allocation Failure)
[9.576s][info][gc,heap        ] GC(36) DefNew: 975360K(1097216K)->121856K(1097216K) Eden: 975360K(975360K)->0K(975360K) From: 0K(121856K)->121856K(121856K)
[9.577s][info][gc,heap        ] GC(36) Tenured: 1462860K(2438100K)->2316334K(2438100K)
[9.577s][info][gc,metaspace   ] GC(36) Metaspace: 6297K(6464K)->6297K(6464K) NonClass: 5764K(5824K)->5764K(5824K) Class: 533K(640K)->533K(640K)
[9.577s][info][gc             ] GC(36) Pause Young (Allocation Failure) 2381M->2381M(3452M) 1709.933ms
[9.577s][info][gc,cpu         ] GC(36) User=1.44s Sys=0.19s Real=1.71s
[10.559s][info][gc,start       ] GC(37) Pause Young (Allocation Failure)
[12.204s][info][gc             ] GC(37) Pause Young (Allocation Failure) 3333M->3333M(4286M) 1645.180ms
[12.204s][info][gc,cpu         ] GC(37) User=1.34s Sys=0.28s Real=1.64s
[12.204s][info][gc,start       ] GC(38) Pause Full (Allocation Failure)
[12.204s][info][gc,phases,start] GC(38) Phase 1: Mark live objects
[13.676s][info][gc,phases      ] GC(38) Phase 1: Mark live objects 1471.286ms
[13.676s][info][gc,phases,start] GC(38) Phase 2: Compute new object addresses
[14.154s][info][gc,phases      ] GC(38) Phase 2: Compute new object addresses 478.156ms
[14.154s][info][gc,phases,start] GC(38) Phase 3: Adjust pointers
[14.801s][info][gc,phases      ] GC(38) Phase 3: Adjust pointers 647.176ms
[14.801s][info][gc,phases,start] GC(38) Phase 4: Move objects
[15.406s][info][gc,phases      ] GC(38) Phase 4: Move objects 604.704ms
[15.410s][info][gc,heap        ] GC(38) DefNew: 1097216K(1097216K)->27640K(1843200K) Eden: 975360K(975360K)->27640K(1638400K) From: 121856K(121856K)->0K(204800K)
[15.410s][info][gc,heap        ] GC(38) Tenured: 2316334K(2438100K)->3291671K(4096000K)
[15.410s][info][gc,metaspace   ] GC(38) Metaspace: 6297K(6464K)->6297K(6464K) NonClass: 5764K(5824K)->5764K(5824K) Class: 533K(640K)->533K(640K)
[15.410s][info][gc             ] GC(38) Pause Full (Allocation Failure) 3333M->3241M(5800M) 3206.107ms
[15.410s][info][gc,cpu         ] GC(38) User=3.16s Sys=0.02s Real=3.21s
[16.953s][info][gc,start       ] GC(39) Pause Young (Allocation Failure)
[16.953s][info][gc             ] GC(39) Pause Young (Allocation Failure) 4814M->4814M(5800M) 0.124ms
[16.953s][info][gc,cpu         ] GC(39) User=0.00s Sys=0.00s Real=0.00s
[16.953s][info][gc,start       ] GC(40) Pause Full (Allocation Failure)
[16.954s][info][gc,phases,start] GC(40) Phase 1: Mark live objects
[19.185s][info][gc,phases      ] GC(40) Phase 1: Mark live objects 2231.745ms
[19.185s][info][gc,phases,start] GC(40) Phase 2: Compute new object addresses
[19.873s][info][gc,phases      ] GC(40) Phase 2: Compute new object addresses 687.980ms
[19.873s][info][gc,phases,start] GC(40) Phase 3: Adjust pointers
[20.903s][info][gc,phases      ] GC(40) Phase 3: Adjust pointers 1029.573ms
[20.903s][info][gc,phases,start] GC(40) Phase 4: Move objects
[21.384s][info][gc,phases      ] GC(40) Phase 4: Move objects 481.156ms
[21.385s][info][gc,heap        ] GC(40) DefNew: 1638400K(1843200K)->834037K(1843200K) Eden: 1638400K(1638400K)->834037K(1638400K) From: 0K(204800K)->0K(204800K)
[21.385s][info][gc,heap        ] GC(40) Tenured: 3291671K(4096000K)->4095999K(4096000K)
[21.385s][info][gc,metaspace   ] GC(40) Metaspace: 6297K(6464K)->6297K(6464K) NonClass: 5764K(5824K)->5764K(5824K) Class: 533K(640K)->533K(640K)
[21.385s][info][gc             ] GC(40) Pause Full (Allocation Failure) 4814M->4814M(5800M) 4431.151ms
[21.385s][info][gc,cpu         ] GC(40) User=4.28s Sys=0.16s Real=4.43s
[22.181s][info][gc,start       ] GC(41) Pause Full (Allocation Failure)
[22.181s][info][gc,phases,start] GC(41) Phase 1: Mark live objects
[24.770s][info][gc,phases      ] GC(41) Phase 1: Mark live objects 2588.941ms
[24.770s][info][gc,phases,start] GC(41) Phase 2: Compute new object addresses
[25.553s][info][gc,phases      ] GC(41) Phase 2: Compute new object addresses 783.071ms
[25.553s][info][gc,phases,start] GC(41) Phase 3: Adjust pointers
[26.715s][info][gc,phases      ] GC(41) Phase 3: Adjust pointers 1162.373ms
[26.715s][info][gc,phases,start] GC(41) Phase 4: Move objects
[26.840s][info][gc,phases      ] GC(41) Phase 4: Move objects 124.878ms
[26.841s][info][gc,heap        ] GC(41) DefNew: 1659258K(1843200K)->1659243K(1843200K) Eden: 1638400K(1638400K)->1638399K(1638400K) From: 20858K(204800K)->20843K(204800K)
[26.841s][info][gc,heap        ] GC(41) Tenured: 4095999K(4096000K)->4095999K(4096000K)
[26.841s][info][gc,metaspace   ] GC(41) Metaspace: 6297K(6464K)->6297K(6464K) NonClass: 5764K(5824K)->5764K(5824K) Class: 533K(640K)->533K(640K)
[26.841s][info][gc             ] GC(41) Pause Full (Allocation Failure) 5620M->5620M(5800M) 4660.039ms
[26.841s][info][gc,cpu         ] GC(41) User=4.62s Sys=0.00s Real=4.66s
[26.841s][info][gc,start       ] GC(42) Pause Full (Allocation Failure)
[26.841s][info][gc,phases,start] GC(42) Phase 1: Mark live objects
[29.443s][info][gc,phases      ] GC(42) Phase 1: Mark live objects 2602.259ms
[29.443s][info][gc,phases,start] GC(42) Phase 2: Compute new object addresses
[30.235s][info][gc,phases      ] GC(42) Phase 2: Compute new object addresses 792.380ms
[30.236s][info][gc,phases,start] GC(42) Phase 3: Adjust pointers
[31.588s][info][gc,phases      ] GC(42) Phase 3: Adjust pointers 1352.909ms
[31.589s][info][gc,phases,start] GC(42) Phase 4: Move objects
[32.534s][info][gc,phases      ] GC(42) Phase 4: Move objects 945.625ms
[32.535s][info][gc,heap        ] GC(42) DefNew: 1659243K(1843200K)->1659238K(1843200K) Eden: 1638399K(1638400K)->1638399K(1638400K) From: 20843K(204800K)->20838K(204800K)
[32.535s][info][gc,heap        ] GC(42) Tenured: 4095999K(4096000K)->4095999K(4096000K)
[32.535s][info][gc,metaspace   ] GC(42) Metaspace: 6297K(6464K)->6296K(6464K) NonClass: 5764K(5824K)->5763K(5824K) Class: 533K(640K)->532K(640K)
[32.535s][info][gc             ] GC(42) Pause Full (Allocation Failure) 5620M->5620M(5800M) 5693.876ms
[32.535s][info][gc,cpu         ] GC(42) User=5.70s Sys=0.00s Real=5.69s
[32.536s][info][gc,heap,exit   ] Heap
[32.536s][info][gc,heap,exit   ]  def new generation   total 1843200K, used 1659241K [0x0000000689000000, 0x0000000706000000, 0x0000000706000000)
[32.536s][info][gc,heap,exit   ]   eden space 1638400K, 100% used [0x0000000689000000, 0x00000006ed000000, 0x00000006ed000000)
[32.536s][info][gc,heap,exit   ]   from space 204800K,  10% used [0x00000006ed000000, 0x00000006ee45a450, 0x00000006f9800000)
[32.536s][info][gc,heap,exit   ]   to   space 204800K,   0% used [0x00000006f9800000, 0x00000006f9800000, 0x0000000706000000)
[32.536s][info][gc,heap,exit   ]  tenured generation   total 4096000K, used 4095999K [0x0000000706000000, 0x0000000800000000, 0x0000000800000000)
[32.536s][info][gc,heap,exit   ]    the space 4096000K,  99% used [0x0000000706000000, 0x00000007ffffffd8, 0x0000000800000000, 0x0000000800000000)
[32.536s][info][gc,heap,exit   ]  Metaspace       used 6301K, committed 6464K, reserved 1114112K
[32.536s][info][gc,heap,exit   ]   class space    used 534K, committed 640K, reserved 1048576K
