[0.013s][info][gc,init] CardTable entry size: 512
[0.013s][info][gc     ] Using Parallel
[0.014s][info][gc,init] Version: 18.0.1+10 (release)
[0.014s][info][gc,init] CPUs: 8 total, 8 available
[0.014s][info][gc,init] Memory: 16063M
[0.014s][info][gc,init] Large Page Support: Disabled
[0.014s][info][gc,init] NUMA Support: Disabled
[0.014s][info][gc,init] Compressed Oops: Enabled (Zero based)
[0.014s][info][gc,init] Alignments: Space 512K, Generation 512K, Heap 2M
[0.014s][info][gc,init] Heap Min Capacity: 2M
[0.014s][info][gc,init] Heap Initial Capacity: 2M
[0.014s][info][gc,init] Heap Max Capacity: 13600M
[0.014s][info][gc,init] Pre-touch: Disabled
[0.014s][info][gc,init] Parallel Workers: 8
[0.014s][info][gc,metaspace] CDS archive(s) not mapped
[0.014s][info][gc,metaspace] Compressed class space mapped at: 0x0000000800000000-0x0000000840000000, reserved size: 1073741824
[0.014s][info][gc,metaspace] Narrow klass base: 0x0000000800000000, Narrow klass shift: 0, Narrow klass range: 0x40000000
[0.115s][info][gc,start    ] GC(0) Pause Young (Allocation Failure)
[0.117s][info][gc,heap     ] GC(0) PSYoungGen: 512K(1024K)->480K(1024K) Eden: 512K(512K)->0K(512K) From: 0K(512K)->480K(512K)
[0.117s][info][gc,heap     ] GC(0) ParOldGen: 0K(512K)->8K(512K)
[0.117s][info][gc,metaspace] GC(0) Metaspace: 4228K(4352K)->4228K(4352K) NonClass: 3907K(3968K)->3907K(3968K) Class: 321K(384K)->321K(384K)
[0.117s][info][gc          ] GC(0) Pause Young (Allocation Failure) 0M->0M(1M) 1.934ms
[0.117s][info][gc,cpu      ] GC(0) User=0.00s Sys=0.00s Real=0.00s
[0.177s][info][gc,start    ] GC(1) Pause Young (Allocation Failure)
[0.177s][info][gc,heap     ] GC(1) PSYoungGen: 991K(1024K)->512K(1536K) Eden: 511K(512K)->0K(1024K) From: 480K(512K)->512K(512K)
[0.177s][info][gc,heap     ] GC(1) ParOldGen: 8K(512K)->88K(512K)
[0.177s][info][gc,metaspace] GC(1) Metaspace: 5881K(6016K)->5881K(6016K) NonClass: 5384K(5504K)->5384K(5504K) Class: 496K(512K)->496K(512K)
[0.177s][info][gc          ] GC(1) Pause Young (Allocation Failure) 0M->0M(2M) 0.876ms
[0.178s][info][gc,cpu      ] GC(1) User=0.00s Sys=0.00s Real=0.00s
[0.200s][info][gc,start    ] GC(2) Pause Young (Allocation Failure)
[0.201s][info][gc,heap     ] GC(2) PSYoungGen: 1536K(1536K)->512K(1536K) Eden: 1024K(1024K)->0K(1024K) From: 512K(512K)->512K(512K)
[0.201s][info][gc,heap     ] GC(2) ParOldGen: 88K(512K)->512K(1024K)
[0.201s][info][gc,metaspace] GC(2) Metaspace: 6299K(6464K)->6299K(6464K) NonClass: 5766K(5824K)->5766K(5824K) Class: 533K(640K)->533K(640K)
[0.201s][info][gc          ] GC(2) Pause Young (Allocation Failure) 1M->1M(2M) 1.270ms
[0.201s][info][gc,cpu      ] GC(2) User=0.00s Sys=0.00s Real=0.00s
[0.202s][info][gc,start    ] GC(3) Pause Young (Allocation Failure)
[0.203s][info][gc,heap     ] GC(3) PSYoungGen: 1536K(1536K)->480K(2560K) Eden: 1024K(1024K)->0K(2048K) From: 512K(512K)->480K(512K)
[0.203s][info][gc,heap     ] GC(3) ParOldGen: 512K(1024K)->1072K(1536K)
[0.203s][info][gc,metaspace] GC(3) Metaspace: 6299K(6464K)->6299K(6464K) NonClass: 5766K(5824K)->5766K(5824K) Class: 533K(640K)->533K(640K)
[0.203s][info][gc          ] GC(3) Pause Young (Allocation Failure) 2M->1M(4M) 1.211ms
[0.203s][info][gc,cpu      ] GC(3) User=0.00s Sys=0.00s Real=0.00s
[0.204s][info][gc,start    ] GC(4) Pause Full (Ergonomics)
[0.204s][info][gc,phases,start] GC(4) Marking Phase
[0.205s][info][gc,phases      ] GC(4) Marking Phase 1.093ms
[0.205s][info][gc,phases,start] GC(4) Summary Phase
[0.205s][info][gc,phases      ] GC(4) Summary Phase 0.013ms
[0.205s][info][gc,phases,start] GC(4) Adjust Roots
[0.205s][info][gc,phases      ] GC(4) Adjust Roots 0.351ms
[0.205s][info][gc,phases,start] GC(4) Compaction Phase
[0.207s][info][gc,phases      ] GC(4) Compaction Phase 2.259ms
[0.207s][info][gc,phases,start] GC(4) Post Compact
[0.207s][info][gc,phases      ] GC(4) Post Compact 0.074ms
[0.208s][info][gc,heap        ] GC(4) PSYoungGen: 480K(2560K)->0K(2560K) Eden: 0K(2048K)->0K(2048K) From: 480K(512K)->0K(512K)
[0.208s][info][gc,heap        ] GC(4) ParOldGen: 1072K(1536K)->1496K(3584K)
[0.208s][info][gc,metaspace   ] GC(4) Metaspace: 6299K(6464K)->6299K(6464K) NonClass: 5766K(5824K)->5766K(5824K) Class: 533K(640K)->533K(640K)
[0.208s][info][gc             ] GC(4) Pause Full (Ergonomics) 1M->1M(6M) 4.147ms
[0.208s][info][gc,cpu         ] GC(4) User=0.00s Sys=0.00s Real=0.00s
[0.210s][info][gc,start       ] GC(5) Pause Young (Allocation Failure)
[0.212s][info][gc,heap        ] GC(5) PSYoungGen: 2048K(2560K)->480K(3584K) Eden: 2048K(2048K)->0K(3072K) From: 0K(512K)->480K(512K)
[0.212s][info][gc,heap        ] GC(5) ParOldGen: 1496K(3584K)->2112K(3584K)
[0.212s][info][gc,metaspace   ] GC(5) Metaspace: 6299K(6464K)->6299K(6464K) NonClass: 5766K(5824K)->5766K(5824K) Class: 533K(640K)->533K(640K)
[0.212s][info][gc             ] GC(5) Pause Young (Allocation Failure) 3M->2M(7M) 1.550ms
[0.212s][info][gc,cpu         ] GC(5) User=0.00s Sys=0.00s Real=0.00s
[0.217s][info][gc,start       ] GC(6) Pause Young (Allocation Failure)
[0.219s][info][gc,heap        ] GC(6) PSYoungGen: 3552K(3584K)->1504K(4608K) Eden: 3072K(3072K)->0K(3072K) From: 480K(512K)->1504K(1536K)
[0.219s][info][gc,heap        ] GC(6) ParOldGen: 2112K(3584K)->2688K(3584K)
[0.219s][info][gc,metaspace   ] GC(6) Metaspace: 6299K(6464K)->6299K(6464K) NonClass: 5766K(5824K)->5766K(5824K) Class: 533K(640K)->533K(640K)
[0.219s][info][gc             ] GC(6) Pause Young (Allocation Failure) 5M->4M(8M) 2.055ms
[0.219s][info][gc,cpu         ] GC(6) User=0.00s Sys=0.00s Real=0.00s
[0.219s][info][gc,start       ] GC(7) Pause Full (Ergonomics)
[0.219s][info][gc,phases,start] GC(7) Marking Phase
[0.221s][info][gc,phases      ] GC(7) Marking Phase 1.986ms
[0.221s][info][gc,phases,start] GC(7) Summary Phase
[0.221s][info][gc,phases      ] GC(7) Summary Phase 0.013ms
[0.221s][info][gc,phases,start] GC(7) Adjust Roots
[0.221s][info][gc,phases      ] GC(7) Adjust Roots 0.307ms
[0.221s][info][gc,phases,start] GC(7) Compaction Phase
[0.224s][info][gc,phases      ] GC(7) Compaction Phase 2.850ms
[0.224s][info][gc,phases,start] GC(7) Post Compact
[0.224s][info][gc,phases      ] GC(7) Post Compact 0.031ms
[0.224s][info][gc,heap        ] GC(7) PSYoungGen: 1504K(4608K)->990K(4608K) Eden: 0K(3072K)->0K(3072K) From: 1504K(1536K)->990K(1536K)
[0.224s][info][gc,heap        ] GC(7) ParOldGen: 2688K(3584K)->3127K(6144K)
[0.224s][info][gc,metaspace   ] GC(7) Metaspace: 6299K(6464K)->6299K(6464K) NonClass: 5766K(5824K)->5766K(5824K) Class: 533K(640K)->533K(640K)
[0.224s][info][gc             ] GC(7) Pause Full (Ergonomics) 4M->4M(10M) 5.500ms
[0.224s][info][gc,cpu         ] GC(7) User=0.00s Sys=0.00s Real=0.01s
[0.228s][info][gc,start       ] GC(8) Pause Young (Allocation Failure)
[0.231s][info][gc,heap        ] GC(8) PSYoungGen: 4062K(4608K)->2048K(5632K) Eden: 3072K(3072K)->0K(3584K) From: 990K(1536K)->2048K(2048K)
[0.231s][info][gc,heap        ] GC(8) ParOldGen: 3127K(6144K)->3663K(6144K)
[0.231s][info][gc,metaspace   ] GC(8) Metaspace: 6299K(6464K)->6299K(6464K) NonClass: 5766K(5824K)->5766K(5824K) Class: 533K(640K)->533K(640K)
[0.231s][info][gc             ] GC(8) Pause Young (Allocation Failure) 7M->5M(11M) 2.914ms
[0.231s][info][gc,cpu         ] GC(8) User=0.00s Sys=0.00s Real=0.00s
[0.236s][info][gc,start       ] GC(9) Pause Young (Allocation Failure)
[0.240s][info][gc,heap        ] GC(9) PSYoungGen: 5632K(5632K)->3040K(6656K) Eden: 3584K(3584K)->0K(3584K) From: 2048K(2048K)->3040K(3072K)
[0.240s][info][gc,heap        ] GC(9) ParOldGen: 3663K(6144K)->4663K(6144K)
[0.240s][info][gc,metaspace   ] GC(9) Metaspace: 6299K(6464K)->6299K(6464K) NonClass: 5766K(5824K)->5766K(5824K) Class: 533K(640K)->533K(640K)
[0.240s][info][gc             ] GC(9) Pause Young (Allocation Failure) 9M->7M(12M) 3.486ms
[0.240s][info][gc,cpu         ] GC(9) User=0.00s Sys=0.00s Real=0.00s
[0.244s][info][gc,start       ] GC(10) Pause Young (Allocation Failure)
[0.247s][info][gc,heap        ] GC(10) PSYoungGen: 6624K(6656K)->4064K(9216K) Eden: 3584K(3584K)->0K(5120K) From: 3040K(3072K)->4064K(4096K)
[0.248s][info][gc,heap        ] GC(10) ParOldGen: 4663K(6144K)->5551K(6144K)
[0.248s][info][gc,metaspace   ] GC(10) Metaspace: 6299K(6464K)->6299K(6464K) NonClass: 5766K(5824K)->5766K(5824K) Class: 533K(640K)->533K(640K)
[0.248s][info][gc             ] GC(10) Pause Young (Allocation Failure) 11M->9M(15M) 3.393ms
[0.248s][info][gc,cpu         ] GC(10) User=0.00s Sys=0.00s Real=0.00s
[0.248s][info][gc,start       ] GC(11) Pause Full (Ergonomics)
[0.248s][info][gc,phases,start] GC(11) Marking Phase
[0.252s][info][gc,phases      ] GC(11) Marking Phase 4.511ms
[0.252s][info][gc,phases,start] GC(11) Summary Phase
[0.252s][info][gc,phases      ] GC(11) Summary Phase 0.014ms
[0.252s][info][gc,phases,start] GC(11) Adjust Roots
[0.253s][info][gc,phases      ] GC(11) Adjust Roots 0.174ms
[0.253s][info][gc,phases,start] GC(11) Compaction Phase
[0.258s][info][gc,phases      ] GC(11) Compaction Phase 4.999ms
[0.258s][info][gc,phases,start] GC(11) Post Compact
[0.258s][info][gc,phases      ] GC(11) Post Compact 0.047ms
[0.258s][info][gc,heap        ] GC(11) PSYoungGen: 4064K(9216K)->3496K(9216K) Eden: 0K(5120K)->0K(5120K) From: 4064K(4096K)->3496K(4096K)
[0.258s][info][gc,heap        ] GC(11) ParOldGen: 5551K(6144K)->5880K(10240K)
[0.258s][info][gc,metaspace   ] GC(11) Metaspace: 6299K(6464K)->6299K(6464K) NonClass: 5766K(5824K)->5766K(5824K) Class: 533K(640K)->533K(640K)
[0.258s][info][gc             ] GC(11) Pause Full (Ergonomics) 9M->9M(19M) 10.009ms
[0.258s][info][gc,cpu         ] GC(11) User=0.02s Sys=0.00s Real=0.01s
[0.265s][info][gc,start       ] GC(12) Pause Young (Allocation Failure)
[0.270s][info][gc,heap        ] GC(12) PSYoungGen: 8616K(9216K)->4576K(9728K) Eden: 5120K(5120K)->0K(5120K) From: 3496K(4096K)->4576K(4608K)
[0.270s][info][gc,heap        ] GC(12) ParOldGen: 5880K(10240K)->7728K(10240K)
[0.270s][info][gc,metaspace   ] GC(12) Metaspace: 6299K(6464K)->6299K(6464K) NonClass: 5766K(5824K)->5766K(5824K) Class: 533K(640K)->533K(640K)
[0.270s][info][gc             ] GC(12) Pause Young (Allocation Failure) 14M->12M(19M) 5.560ms
[0.270s][info][gc,cpu         ] GC(12) User=0.02s Sys=0.00s Real=0.01s
[0.274s][info][gc,start       ] GC(13) Pause Young (Allocation Failure)
[0.280s][info][gc,heap        ] GC(13) PSYoungGen: 9696K(9728K)->2624K(13312K) Eden: 5120K(5120K)->0K(7168K) From: 4576K(4608K)->2624K(6144K)
[0.280s][info][gc,heap        ] GC(13) ParOldGen: 7728K(10240K)->12368K(12800K)
[0.280s][info][gc,metaspace   ] GC(13) Metaspace: 6301K(6464K)->6301K(6464K) NonClass: 5768K(5824K)->5768K(5824K) Class: 533K(640K)->533K(640K)
[0.280s][info][gc             ] GC(13) Pause Young (Allocation Failure) 17M->14M(25M) 5.441ms
[0.280s][info][gc,cpu         ] GC(13) User=0.00s Sys=0.00s Real=0.01s
[0.280s][info][gc,start       ] GC(14) Pause Full (Ergonomics)
[0.280s][info][gc,phases,start] GC(14) Marking Phase
[0.286s][info][gc,phases      ] GC(14) Marking Phase 6.463ms
[0.286s][info][gc,phases,start] GC(14) Summary Phase
[0.287s][info][gc,phases      ] GC(14) Summary Phase 0.016ms
[0.287s][info][gc,phases,start] GC(14) Adjust Roots
[0.287s][info][gc,phases      ] GC(14) Adjust Roots 0.196ms
[0.287s][info][gc,phases,start] GC(14) Compaction Phase
[0.294s][info][gc,phases      ] GC(14) Compaction Phase 6.859ms
[0.294s][info][gc,phases,start] GC(14) Post Compact
[0.294s][info][gc,phases      ] GC(14) Post Compact 0.090ms
[0.294s][info][gc,heap        ] GC(14) PSYoungGen: 2624K(13312K)->2099K(13312K) Eden: 0K(7168K)->0K(7168K) From: 2624K(6144K)->2099K(6144K)
[0.294s][info][gc,heap        ] GC(14) ParOldGen: 12368K(12800K)->12517K(19968K)
[0.294s][info][gc,metaspace   ] GC(14) Metaspace: 6301K(6464K)->6301K(6464K) NonClass: 5768K(5824K)->5768K(5824K) Class: 533K(640K)->533K(640K)
[0.294s][info][gc             ] GC(14) Pause Full (Ergonomics) 14M->14M(32M) 13.930ms
[0.294s][info][gc,cpu         ] GC(14) User=0.00s Sys=0.00s Real=0.01s
[0.299s][info][gc,start       ] GC(15) Pause Young (Allocation Failure)
[0.305s][info][gc,heap        ] GC(15) PSYoungGen: 9267K(13312K)->3744K(13312K) Eden: 7168K(7168K)->0K(7168K) From: 2099K(6144K)->3744K(6144K)
[0.305s][info][gc,heap        ] GC(15) ParOldGen: 12517K(19968K)->14661K(19968K)
[0.305s][info][gc,metaspace   ] GC(15) Metaspace: 6301K(6464K)->6301K(6464K) NonClass: 5768K(5824K)->5768K(5824K) Class: 533K(640K)->533K(640K)
[0.305s][info][gc             ] GC(15) Pause Young (Allocation Failure) 21M->17M(32M) 5.686ms
[0.305s][info][gc,cpu         ] GC(15) User=0.00s Sys=0.00s Real=0.00s
[0.310s][info][gc,start       ] GC(16) Pause Young (Allocation Failure)
[0.316s][info][gc,heap        ] GC(16) PSYoungGen: 10912K(13312K)->3744K(15872K) Eden: 7168K(7168K)->0K(9728K) From: 3744K(6144K)->3744K(6144K)
[0.316s][info][gc,heap        ] GC(16) ParOldGen: 14661K(19968K)->18405K(19968K)
[0.316s][info][gc,metaspace   ] GC(16) Metaspace: 6301K(6464K)->6301K(6464K) NonClass: 5768K(5824K)->5768K(5824K) Class: 533K(640K)->533K(640K)
[0.316s][info][gc             ] GC(16) Pause Young (Allocation Failure) 24M->21M(35M) 6.108ms
[0.316s][info][gc,cpu         ] GC(16) User=0.00s Sys=0.02s Real=0.01s
[0.316s][info][gc,start       ] GC(17) Pause Full (Ergonomics)
[0.316s][info][gc,phases,start] GC(17) Marking Phase
[0.326s][info][gc,phases      ] GC(17) Marking Phase 9.709ms
[0.326s][info][gc,phases,start] GC(17) Summary Phase
[0.326s][info][gc,phases      ] GC(17) Summary Phase 0.019ms
[0.326s][info][gc,phases,start] GC(17) Adjust Roots
[0.326s][info][gc,phases      ] GC(17) Adjust Roots 0.205ms
[0.326s][info][gc,phases,start] GC(17) Compaction Phase
[0.333s][info][gc,phases      ] GC(17) Compaction Phase 6.993ms
[0.333s][info][gc,phases,start] GC(17) Post Compact
[0.333s][info][gc,phases      ] GC(17) Post Compact 0.130ms
[0.333s][info][gc,heap        ] GC(17) PSYoungGen: 3744K(15872K)->2165K(15872K) Eden: 0K(9728K)->0K(9728K) From: 3744K(6144K)->2165K(6144K)
[0.333s][info][gc,heap        ] GC(17) ParOldGen: 18405K(19968K)->19825K(29184K)
[0.333s][info][gc,metaspace   ] GC(17) Metaspace: 6301K(6464K)->6301K(6464K) NonClass: 5768K(5824K)->5768K(5824K) Class: 533K(640K)->533K(640K)
[0.333s][info][gc             ] GC(17) Pause Full (Ergonomics) 21M->21M(44M) 17.376ms
[0.333s][info][gc,cpu         ] GC(17) User=0.02s Sys=0.00s Real=0.02s
[0.342s][info][gc,start       ] GC(18) Pause Young (Allocation Failure)
[0.348s][info][gc,heap        ] GC(18) PSYoungGen: 11893K(15872K)->5568K(15872K) Eden: 9728K(9728K)->0K(9728K) From: 2165K(6144K)->5568K(6144K)
[0.348s][info][gc,heap        ] GC(18) ParOldGen: 19825K(29184K)->22033K(29184K)
[0.348s][info][gc,metaspace   ] GC(18) Metaspace: 6301K(6464K)->6301K(6464K) NonClass: 5768K(5824K)->5768K(5824K) Class: 533K(640K)->533K(640K)
[0.348s][info][gc             ] GC(18) Pause Young (Allocation Failure) 30M->26M(44M) 6.476ms
[0.348s][info][gc,cpu         ] GC(18) User=0.02s Sys=0.00s Real=0.01s
[0.354s][info][gc,start       ] GC(19) Pause Young (Allocation Failure)
[0.362s][info][gc,heap        ] GC(19) PSYoungGen: 15296K(15872K)->5056K(20480K) Eden: 9728K(9728K)->0K(13312K) From: 5568K(6144K)->5056K(7168K)
[0.362s][info][gc,heap        ] GC(19) ParOldGen: 22033K(29184K)->27633K(29184K)
[0.362s][info][gc,metaspace   ] GC(19) Metaspace: 6301K(6464K)->6301K(6464K) NonClass: 5768K(5824K)->5768K(5824K) Class: 533K(640K)->533K(640K)
[0.362s][info][gc             ] GC(19) Pause Young (Allocation Failure) 36M->31M(48M) 8.440ms
[0.362s][info][gc,cpu         ] GC(19) User=0.00s Sys=0.00s Real=0.01s
[0.362s][info][gc,start       ] GC(20) Pause Full (Ergonomics)
[0.363s][info][gc,phases,start] GC(20) Marking Phase
[0.376s][info][gc,phases      ] GC(20) Marking Phase 13.009ms
[0.376s][info][gc,phases,start] GC(20) Summary Phase
[0.376s][info][gc,phases      ] GC(20) Summary Phase 0.019ms
[0.376s][info][gc,phases,start] GC(20) Adjust Roots
[0.376s][info][gc,phases      ] GC(20) Adjust Roots 0.167ms
[0.376s][info][gc,phases,start] GC(20) Compaction Phase
[0.388s][info][gc,phases      ] GC(20) Compaction Phase 12.499ms
[0.388s][info][gc,phases,start] GC(20) Post Compact
[0.389s][info][gc,phases      ] GC(20) Post Compact 0.140ms
[0.389s][info][gc,heap        ] GC(20) PSYoungGen: 5056K(20480K)->2984K(20480K) Eden: 0K(13312K)->0K(13312K) From: 5056K(7168K)->2984K(7168K)
[0.389s][info][gc,heap        ] GC(20) ParOldGen: 27633K(29184K)->29044K(40960K)
[0.389s][info][gc,metaspace   ] GC(20) Metaspace: 6301K(6464K)->6301K(6464K) NonClass: 5768K(5824K)->5768K(5824K) Class: 533K(640K)->533K(640K)
[0.389s][info][gc             ] GC(20) Pause Full (Ergonomics) 31M->31M(60M) 26.305ms
[0.389s][info][gc,cpu         ] GC(20) User=0.02s Sys=0.00s Real=0.03s
[0.401s][info][gc,start       ] GC(21) Pause Young (Allocation Failure)
[0.414s][info][gc,heap        ] GC(21) PSYoungGen: 16296K(20480K)->7168K(20480K) Eden: 13312K(13312K)->0K(13312K) From: 2984K(7168K)->7168K(7168K)
[0.414s][info][gc,heap        ] GC(21) ParOldGen: 29044K(40960K)->37300K(40960K)
[0.414s][info][gc,metaspace   ] GC(21) Metaspace: 6301K(6464K)->6301K(6464K) NonClass: 5768K(5824K)->5768K(5824K) Class: 533K(640K)->533K(640K)
[0.414s][info][gc             ] GC(21) Pause Young (Allocation Failure) 44M->43M(60M) 13.023ms
[0.414s][info][gc,cpu         ] GC(21) User=0.02s Sys=0.00s Real=0.01s
[0.414s][info][gc,start       ] GC(22) Pause Full (Ergonomics)
[0.414s][info][gc,phases,start] GC(22) Marking Phase
[0.431s][info][gc,phases      ] GC(22) Marking Phase 17.578ms
[0.431s][info][gc,phases,start] GC(22) Summary Phase
[0.431s][info][gc,phases      ] GC(22) Summary Phase 0.019ms
[0.432s][info][gc,phases,start] GC(22) Adjust Roots
[0.432s][info][gc,phases      ] GC(22) Adjust Roots 0.181ms
[0.432s][info][gc,phases,start] GC(22) Compaction Phase
[0.442s][info][gc,phases      ] GC(22) Compaction Phase 10.703ms
[0.442s][info][gc,phases,start] GC(22) Post Compact
[0.443s][info][gc,phases      ] GC(22) Post Compact 0.261ms
[0.443s][info][gc,heap        ] GC(22) PSYoungGen: 7168K(20480K)->3577K(20480K) Eden: 0K(13312K)->0K(13312K) From: 7168K(7168K)->3577K(7168K)
[0.443s][info][gc,heap        ] GC(22) ParOldGen: 37300K(40960K)->40740K(55808K)
[0.443s][info][gc,metaspace   ] GC(22) Metaspace: 6301K(6464K)->6301K(6464K) NonClass: 5768K(5824K)->5768K(5824K) Class: 533K(640K)->533K(640K)
[0.443s][info][gc             ] GC(22) Pause Full (Ergonomics) 43M->43M(74M) 29.266ms
[0.443s][info][gc,cpu         ] GC(22) User=0.05s Sys=0.00s Real=0.03s
[0.460s][info][gc,start       ] GC(23) Pause Young (Allocation Failure)
[0.476s][info][gc,heap        ] GC(23) PSYoungGen: 16889K(20480K)->11744K(24576K) Eden: 13312K(13312K)->0K(12800K) From: 3577K(7168K)->11744K(11776K)
[0.476s][info][gc,heap        ] GC(23) ParOldGen: 40740K(55808K)->45964K(55808K)
[0.476s][info][gc,metaspace   ] GC(23) Metaspace: 6301K(6464K)->6301K(6464K) NonClass: 5768K(5824K)->5768K(5824K) Class: 533K(640K)->533K(640K)
[0.476s][info][gc             ] GC(23) Pause Young (Allocation Failure) 56M->56M(78M) 16.067ms
[0.476s][info][gc,cpu         ] GC(23) User=0.00s Sys=0.00s Real=0.02s
[0.490s][info][gc,start       ] GC(24) Pause Young (Allocation Failure)
[0.506s][info][gc,heap        ] GC(24) PSYoungGen: 24544K(24576K)->12832K(28160K) Eden: 12800K(12800K)->0K(12800K) From: 11744K(11776K)->12832K(15360K)
[0.506s][info][gc,heap        ] GC(24) ParOldGen: 45964K(55808K)->57852K(57856K)
[0.506s][info][gc,metaspace   ] GC(24) Metaspace: 6301K(6464K)->6301K(6464K) NonClass: 5768K(5824K)->5768K(5824K) Class: 533K(640K)->533K(640K)
[0.506s][info][gc             ] GC(24) Pause Young (Allocation Failure) 68M->69M(84M) 15.959ms
[0.506s][info][gc,cpu         ] GC(24) User=0.02s Sys=0.00s Real=0.02s
[0.506s][info][gc,start       ] GC(25) Pause Full (Ergonomics)
[0.506s][info][gc,phases,start] GC(25) Marking Phase
[0.534s][info][gc,phases      ] GC(25) Marking Phase 27.809ms
[0.534s][info][gc,phases,start] GC(25) Summary Phase
[0.534s][info][gc,phases      ] GC(25) Summary Phase 0.020ms
[0.534s][info][gc,phases,start] GC(25) Adjust Roots
[0.534s][info][gc,phases      ] GC(25) Adjust Roots 0.193ms
[0.534s][info][gc,phases,start] GC(25) Compaction Phase
[0.557s][info][gc,phases      ] GC(25) Compaction Phase 22.758ms
[0.557s][info][gc,phases,start] GC(25) Post Compact
[0.557s][info][gc,phases      ] GC(25) Post Compact 0.364ms
[0.557s][info][gc,heap        ] GC(25) PSYoungGen: 12832K(28160K)->11747K(28160K) Eden: 0K(12800K)->0K(12800K) From: 12832K(15360K)->11747K(15360K)
[0.557s][info][gc,heap        ] GC(25) ParOldGen: 57852K(57856K)->57602K(77824K)
[0.557s][info][gc,metaspace   ] GC(25) Metaspace: 6301K(6464K)->6301K(6464K) NonClass: 5768K(5824K)->5768K(5824K) Class: 533K(640K)->533K(640K)
[0.557s][info][gc             ] GC(25) Pause Full (Ergonomics) 69M->67M(103M) 51.535ms
[0.557s][info][gc,cpu         ] GC(25) User=0.06s Sys=0.00s Real=0.05s
[0.571s][info][gc,start       ] GC(26) Pause Young (Allocation Failure)
[0.592s][info][gc,heap        ] GC(26) PSYoungGen: 24547K(28160K)->12832K(31744K) Eden: 12800K(12800K)->0K(14336K) From: 11747K(15360K)->12832K(17408K)
[0.592s][info][gc,heap        ] GC(26) ParOldGen: 57602K(77824K)->69546K(77824K)
[0.592s][info][gc,metaspace   ] GC(26) Metaspace: 6301K(6464K)->6301K(6464K) NonClass: 5768K(5824K)->5768K(5824K) Class: 533K(640K)->533K(640K)
[0.592s][info][gc             ] GC(26) Pause Young (Allocation Failure) 80M->80M(107M) 21.600ms
[0.592s][info][gc,cpu         ] GC(26) User=0.02s Sys=0.00s Real=0.02s
[0.592s][info][gc,start       ] GC(27) Pause Full (Ergonomics)
[0.592s][info][gc,phases,start] GC(27) Marking Phase
[0.624s][info][gc,phases      ] GC(27) Marking Phase 31.099ms
[0.624s][info][gc,phases,start] GC(27) Summary Phase
[0.624s][info][gc,phases      ] GC(27) Summary Phase 0.021ms
[0.624s][info][gc,phases,start] GC(27) Adjust Roots
[0.624s][info][gc,phases      ] GC(27) Adjust Roots 0.174ms
[0.624s][info][gc,phases,start] GC(27) Compaction Phase
[0.642s][info][gc,phases      ] GC(27) Compaction Phase 18.551ms
[0.642s][info][gc,phases,start] GC(27) Post Compact
[0.643s][info][gc,phases      ] GC(27) Post Compact 0.363ms
[0.643s][info][gc,heap        ] GC(27) PSYoungGen: 12832K(31744K)->4594K(31744K) Eden: 0K(14336K)->0K(14336K) From: 12832K(17408K)->4594K(17408K)
[0.643s][info][gc,heap        ] GC(27) ParOldGen: 69546K(77824K)->77526K(101376K)
[0.643s][info][gc,metaspace   ] GC(27) Metaspace: 6301K(6464K)->6301K(6464K) NonClass: 5768K(5824K)->5768K(5824K) Class: 533K(640K)->533K(640K)
[0.643s][info][gc             ] GC(27) Pause Full (Ergonomics) 80M->80M(130M) 50.666ms
[0.643s][info][gc,cpu         ] GC(27) User=0.06s Sys=0.02s Real=0.05s
[0.666s][info][gc,start       ] GC(28) Pause Young (Allocation Failure)
[0.681s][info][gc,heap        ] GC(28) PSYoungGen: 18930K(31744K)->18400K(32768K) Eden: 14336K(14336K)->0K(14336K) From: 4594K(17408K)->18400K(18432K)
[0.681s][info][gc,heap        ] GC(28) ParOldGen: 77526K(101376K)->82238K(101376K)
[0.681s][info][gc,metaspace   ] GC(28) Metaspace: 6301K(6464K)->6301K(6464K) NonClass: 5768K(5824K)->5768K(5824K) Class: 533K(640K)->533K(640K)
[0.681s][info][gc             ] GC(28) Pause Young (Allocation Failure) 94M->98M(131M) 14.950ms
[0.681s][info][gc,cpu         ] GC(28) User=0.02s Sys=0.00s Real=0.02s
[0.694s][info][gc,start       ] GC(29) Pause Young (Allocation Failure)
[0.710s][info][gc,heap        ] GC(29) PSYoungGen: 32736K(32768K)->14368K(39936K) Eden: 14336K(14336K)->0K(16384K) From: 18400K(18432K)->14368K(23552K)
[0.710s][info][gc,heap        ] GC(29) ParOldGen: 82238K(101376K)->96694K(101376K)
[0.710s][info][gc,metaspace   ] GC(29) Metaspace: 6301K(6464K)->6301K(6464K) NonClass: 5768K(5824K)->5768K(5824K) Class: 533K(640K)->533K(640K)
[0.710s][info][gc             ] GC(29) Pause Young (Allocation Failure) 112M->108M(138M) 16.373ms
[0.710s][info][gc,cpu         ] GC(29) User=0.03s Sys=0.00s Real=0.02s
[0.710s][info][gc,start       ] GC(30) Pause Full (Ergonomics)
[0.710s][info][gc,phases,start] GC(30) Marking Phase
[0.747s][info][gc,phases      ] GC(30) Marking Phase 36.340ms
[0.747s][info][gc,phases,start] GC(30) Summary Phase
[0.747s][info][gc,phases      ] GC(30) Summary Phase 0.017ms
[0.747s][info][gc,phases,start] GC(30) Adjust Roots
[0.747s][info][gc,phases      ] GC(30) Adjust Roots 0.155ms
[0.747s][info][gc,phases,start] GC(30) Compaction Phase
[0.773s][info][gc,phases      ] GC(30) Compaction Phase 25.796ms
[0.773s][info][gc,phases,start] GC(30) Post Compact
[0.773s][info][gc,phases      ] GC(30) Post Compact 0.420ms
[0.774s][info][gc,heap        ] GC(30) PSYoungGen: 14368K(39936K)->7664K(39936K) Eden: 0K(16384K)->0K(16384K) From: 14368K(23552K)->7664K(23552K)
[0.774s][info][gc,heap        ] GC(30) ParOldGen: 96694K(101376K)->101030K(129024K)
[0.774s][info][gc,metaspace   ] GC(30) Metaspace: 6301K(6464K)->6301K(6464K) NonClass: 5768K(5824K)->5768K(5824K) Class: 533K(640K)->533K(640K)
[0.774s][info][gc             ] GC(30) Pause Full (Ergonomics) 108M->106M(165M) 63.165ms
[0.774s][info][gc,cpu         ] GC(30) User=0.09s Sys=0.02s Real=0.06s
[0.790s][info][gc,start       ] GC(31) Pause Young (Allocation Failure)
[0.807s][info][gc,heap        ] GC(31) PSYoungGen: 24048K(39936K)->24064K(40448K) Eden: 16384K(16384K)->0K(16384K) From: 7664K(23552K)->24064K(24064K)
[0.808s][info][gc,heap        ] GC(31) ParOldGen: 101030K(129024K)->101046K(129024K)
[0.808s][info][gc,metaspace   ] GC(31) Metaspace: 6301K(6464K)->6301K(6464K) NonClass: 5768K(5824K)->5768K(5824K) Class: 533K(640K)->533K(640K)
[0.808s][info][gc             ] GC(31) Pause Young (Allocation Failure) 122M->122M(165M) 17.970ms
[0.808s][info][gc,cpu         ] GC(31) User=0.05s Sys=0.00s Real=0.02s
[0.823s][info][gc,start       ] GC(32) Pause Young (Allocation Failure)
[0.846s][info][gc,heap        ] GC(32) PSYoungGen: 40448K(40448K)->16448K(47104K) Eden: 16384K(16384K)->0K(18944K) From: 24064K(24064K)->16448K(28160K)
[0.846s][info][gc,heap        ] GC(32) ParOldGen: 101046K(129024K)->125438K(129024K)
[0.846s][info][gc,metaspace   ] GC(32) Metaspace: 6301K(6464K)->6301K(6464K) NonClass: 5768K(5824K)->5768K(5824K) Class: 533K(640K)->533K(640K)
[0.846s][info][gc             ] GC(32) Pause Young (Allocation Failure) 138M->138M(172M) 23.133ms
[0.846s][info][gc,cpu         ] GC(32) User=0.06s Sys=0.00s Real=0.02s
[0.846s][info][gc,start       ] GC(33) Pause Full (Ergonomics)
[0.846s][info][gc,phases,start] GC(33) Marking Phase
[0.880s][info][gc,phases      ] GC(33) Marking Phase 33.503ms
[0.880s][info][gc,phases,start] GC(33) Summary Phase
[0.880s][info][gc,phases      ] GC(33) Summary Phase 0.015ms
[0.880s][info][gc,phases,start] GC(33) Adjust Roots
[0.880s][info][gc,phases      ] GC(33) Adjust Roots 0.138ms
[0.880s][info][gc,phases,start] GC(33) Compaction Phase
[0.899s][info][gc,phases      ] GC(33) Compaction Phase 18.441ms
[0.899s][info][gc,phases,start] GC(33) Post Compact
[0.899s][info][gc,phases      ] GC(33) Post Compact 0.600ms
[0.899s][info][gc,heap        ] GC(33) PSYoungGen: 16448K(47104K)->12778K(47104K) Eden: 0K(18944K)->0K(18944K) From: 16448K(28160K)->12778K(28160K)
[0.899s][info][gc,heap        ] GC(33) ParOldGen: 125438K(129024K)->128626K(164864K)
[0.899s][info][gc,metaspace   ] GC(33) Metaspace: 6301K(6464K)->6301K(6464K) NonClass: 5768K(5824K)->5768K(5824K) Class: 533K(640K)->533K(640K)
[0.899s][info][gc             ] GC(33) Pause Full (Ergonomics) 138M->138M(207M) 53.161ms
[0.899s][info][gc,cpu         ] GC(33) User=0.14s Sys=0.00s Real=0.05s
[0.921s][info][gc,start       ] GC(34) Pause Young (Allocation Failure)
[0.943s][info][gc,heap        ] GC(34) PSYoungGen: 31722K(47104K)->28672K(47616K) Eden: 18944K(18944K)->0K(18944K) From: 12778K(28160K)->28672K(28672K)
[0.944s][info][gc,heap        ] GC(34) ParOldGen: 128626K(164864K)->131770K(164864K)
[0.944s][info][gc,metaspace   ] GC(34) Metaspace: 6301K(6464K)->6301K(6464K) NonClass: 5768K(5824K)->5768K(5824K) Class: 533K(640K)->533K(640K)
[0.944s][info][gc             ] GC(34) Pause Young (Allocation Failure) 156M->156M(207M) 22.410ms
[0.944s][info][gc,cpu         ] GC(34) User=0.09s Sys=0.00s Real=0.02s
[0.960s][info][gc,start       ] GC(35) Pause Young (Allocation Failure)
[0.984s][info][gc,heap        ] GC(35) PSYoungGen: 45319K(47616K)->16576K(54784K) Eden: 16647K(18944K)->0K(22016K) From: 28672K(28672K)->16576K(32768K)
[0.984s][info][gc,heap        ] GC(35) ParOldGen: 131770K(164864K)->160850K(164864K)
[0.984s][info][gc,metaspace   ] GC(35) Metaspace: 6301K(6464K)->6301K(6464K) NonClass: 5768K(5824K)->5768K(5824K) Class: 533K(640K)->533K(640K)
[0.984s][info][gc             ] GC(35) Pause Young (Allocation Failure) 172M->173M(214M) 24.248ms
[0.984s][info][gc,cpu         ] GC(35) User=0.03s Sys=0.02s Real=0.02s
[0.984s][info][gc,start       ] GC(36) Pause Full (Ergonomics)
[0.984s][info][gc,phases,start] GC(36) Marking Phase
[1.035s][info][gc,phases      ] GC(36) Marking Phase 50.153ms
[1.035s][info][gc,phases,start] GC(36) Summary Phase
[1.035s][info][gc,phases      ] GC(36) Summary Phase 0.017ms
[1.035s][info][gc,phases,start] GC(36) Adjust Roots
[1.035s][info][gc,phases      ] GC(36) Adjust Roots 0.145ms
[1.035s][info][gc,phases,start] GC(36) Compaction Phase
[1.056s][info][gc,phases      ] GC(36) Compaction Phase 20.804ms
[1.056s][info][gc,phases,start] GC(36) Post Compact
[1.057s][info][gc,phases      ] GC(36) Post Compact 0.827ms
[1.057s][info][gc,heap        ] GC(36) PSYoungGen: 16576K(54784K)->12384K(55808K) Eden: 0K(22016K)->0K(23040K) From: 16576K(32768K)->12384K(32768K)
[1.057s][info][gc,heap        ] GC(36) ParOldGen: 160850K(164864K)->164408K(208896K)
[1.057s][info][gc,metaspace   ] GC(36) Metaspace: 6301K(6464K)->6301K(6464K) NonClass: 5768K(5824K)->5768K(5824K) Class: 533K(640K)->533K(640K)
[1.057s][info][gc             ] GC(36) Pause Full (Ergonomics) 173M->172M(258M) 72.441ms
[1.057s][info][gc,cpu         ] GC(36) User=0.25s Sys=0.00s Real=0.07s
[1.092s][info][gc,start       ] GC(37) Pause Young (Allocation Failure)
[1.114s][info][gc,heap        ] GC(37) PSYoungGen: 35424K(55808K)->33760K(56832K) Eden: 23040K(23040K)->0K(23040K) From: 12384K(32768K)->33760K(33792K)
[1.114s][info][gc,heap        ] GC(37) ParOldGen: 164408K(208896K)->166152K(208896K)
[1.115s][info][gc,metaspace   ] GC(37) Metaspace: 6301K(6464K)->6301K(6464K) NonClass: 5768K(5824K)->5768K(5824K) Class: 533K(640K)->533K(640K)
[1.115s][info][gc             ] GC(37) Pause Young (Allocation Failure) 195M->195M(259M) 22.987ms
[1.115s][info][gc,cpu         ] GC(37) User=0.02s Sys=0.00s Real=0.02s
[1.138s][info][gc,start       ] GC(38) Pause Young (Allocation Failure)
[1.171s][info][gc,heap        ] GC(38) PSYoungGen: 56800K(56832K)->23168K(66560K) Eden: 23040K(23040K)->0K(26624K) From: 33760K(33792K)->23168K(39936K)
[1.171s][info][gc,heap        ] GC(38) ParOldGen: 166152K(208896K)->200264K(208896K)
[1.171s][info][gc,metaspace   ] GC(38) Metaspace: 6301K(6464K)->6301K(6464K) NonClass: 5768K(5824K)->5768K(5824K) Class: 533K(640K)->533K(640K)
[1.171s][info][gc             ] GC(38) Pause Young (Allocation Failure) 217M->218M(269M) 32.932ms
[1.171s][info][gc,cpu         ] GC(38) User=0.00s Sys=0.00s Real=0.03s
[1.171s][info][gc,start       ] GC(39) Pause Full (Ergonomics)
[1.171s][info][gc,phases,start] GC(39) Marking Phase
[1.229s][info][gc,phases      ] GC(39) Marking Phase 57.827ms
[1.229s][info][gc,phases,start] GC(39) Summary Phase
[1.229s][info][gc,phases      ] GC(39) Summary Phase 0.018ms
[1.229s][info][gc,phases,start] GC(39) Adjust Roots
[1.229s][info][gc,phases      ] GC(39) Adjust Roots 0.154ms
[1.229s][info][gc,phases,start] GC(39) Compaction Phase
[1.279s][info][gc,phases      ] GC(39) Compaction Phase 49.255ms
[1.279s][info][gc,phases,start] GC(39) Post Compact
[1.280s][info][gc,phases      ] GC(39) Post Compact 1.272ms
[1.280s][info][gc,heap        ] GC(39) PSYoungGen: 23168K(66560K)->10236K(66560K) Eden: 0K(26624K)->0K(26624K) From: 23168K(39936K)->10236K(39936K)
[1.280s][info][gc,heap        ] GC(39) ParOldGen: 200264K(208896K)->208489K(262144K)
[1.280s][info][gc,metaspace   ] GC(39) Metaspace: 6301K(6464K)->6301K(6464K) NonClass: 5768K(5824K)->5768K(5824K) Class: 533K(640K)->533K(640K)
[1.280s][info][gc             ] GC(39) Pause Full (Ergonomics) 218M->213M(321M) 109.119ms
[1.280s][info][gc,cpu         ] GC(39) User=0.45s Sys=0.00s Real=0.11s
[1.311s][info][gc,start       ] GC(40) Pause Young (Allocation Failure)
[1.337s][info][gc,heap        ] GC(40) PSYoungGen: 36860K(66560K)->37056K(66560K) Eden: 26624K(26624K)->0K(26624K) From: 10236K(39936K)->37056K(39936K)
[1.337s][info][gc,heap        ] GC(40) ParOldGen: 208489K(262144K)->208489K(262144K)
[1.337s][info][gc,metaspace   ] GC(40) Metaspace: 6301K(6464K)->6301K(6464K) NonClass: 5768K(5824K)->5768K(5824K) Class: 533K(640K)->533K(640K)
[1.337s][info][gc             ] GC(40) Pause Young (Allocation Failure) 239M->239M(321M) 26.770ms
[1.337s][info][gc,cpu         ] GC(40) User=0.11s Sys=0.00s Real=0.03s
[1.367s][info][gc,start       ] GC(41) Pause Young (Allocation Failure)
[1.402s][info][gc,heap        ] GC(41) PSYoungGen: 63680K(66560K)->45568K(61952K) Eden: 26624K(26624K)->0K(16384K) From: 37056K(39936K)->45568K(45568K)
[1.402s][info][gc,heap        ] GC(41) ParOldGen: 208489K(262144K)->226713K(262144K)
[1.402s][info][gc,metaspace   ] GC(41) Metaspace: 6301K(6464K)->6301K(6464K) NonClass: 5768K(5824K)->5768K(5824K) Class: 533K(640K)->533K(640K)
[1.402s][info][gc             ] GC(41) Pause Young (Allocation Failure) 265M->265M(316M) 35.252ms
[1.402s][info][gc,cpu         ] GC(41) User=0.14s Sys=0.05s Real=0.04s
[1.421s][info][gc,start       ] GC(42) Pause Young (Allocation Failure)
[1.450s][info][gc,heap        ] GC(42) PSYoungGen: 61952K(61952K)->35584K(75776K) Eden: 16384K(16384K)->0K(16384K) From: 45568K(45568K)->35584K(59392K)
[1.450s][info][gc,heap        ] GC(42) ParOldGen: 226713K(262144K)->253561K(262144K)
[1.450s][info][gc,metaspace   ] GC(42) Metaspace: 6301K(6464K)->6301K(6464K) NonClass: 5768K(5824K)->5768K(5824K) Class: 533K(640K)->533K(640K)
[1.450s][info][gc             ] GC(42) Pause Young (Allocation Failure) 281M->282M(330M) 29.111ms
[1.450s][info][gc,cpu         ] GC(42) User=0.11s Sys=0.02s Real=0.03s
[1.450s][info][gc,start       ] GC(43) Pause Full (Ergonomics)
[1.450s][info][gc,phases,start] GC(43) Marking Phase
[1.518s][info][gc,phases      ] GC(43) Marking Phase 68.346ms
[1.518s][info][gc,phases,start] GC(43) Summary Phase
[1.518s][info][gc,phases      ] GC(43) Summary Phase 0.018ms
[1.518s][info][gc,phases,start] GC(43) Adjust Roots
[1.519s][info][gc,phases      ] GC(43) Adjust Roots 0.156ms
[1.519s][info][gc,phases,start] GC(43) Compaction Phase
[1.560s][info][gc,phases      ] GC(43) Compaction Phase 41.676ms
[1.560s][info][gc,phases,start] GC(43) Post Compact
[1.562s][info][gc,phases      ] GC(43) Post Compact 1.580ms
[1.562s][info][gc,heap        ] GC(43) PSYoungGen: 35584K(75776K)->26194K(75776K) Eden: 0K(16384K)->0K(16384K) From: 35584K(59392K)->26194K(59392K)
[1.562s][info][gc,heap        ] GC(43) ParOldGen: 253561K(262144K)->262073K(321024K)
[1.562s][info][gc,metaspace   ] GC(43) Metaspace: 6301K(6464K)->6301K(6464K) NonClass: 5768K(5824K)->5768K(5824K) Class: 533K(640K)->533K(640K)
[1.562s][info][gc             ] GC(43) Pause Full (Ergonomics) 282M->281M(387M) 112.413ms
[1.562s][info][gc,cpu         ] GC(43) User=0.61s Sys=0.05s Real=0.11s
[1.582s][info][gc,start       ] GC(44) Pause Young (Allocation Failure)
[1.615s][info][gc,heap        ] GC(44) PSYoungGen: 42578K(75776K)->29504K(75776K) Eden: 16384K(16384K)->0K(18944K) From: 26194K(59392K)->29504K(56832K)
[1.615s][info][gc,heap        ] GC(44) ParOldGen: 262073K(321024K)->275529K(321024K)
[1.615s][info][gc,metaspace   ] GC(44) Metaspace: 6301K(6464K)->6301K(6464K) NonClass: 5768K(5824K)->5768K(5824K) Class: 533K(640K)->533K(640K)
[1.615s][info][gc             ] GC(44) Pause Young (Allocation Failure) 297M->297M(387M) 33.006ms
[1.615s][info][gc,cpu         ] GC(44) User=0.11s Sys=0.02s Real=0.03s
[1.640s][info][gc,start       ] GC(45) Pause Young (Allocation Failure)
[1.663s][info][gc,heap        ] GC(45) PSYoungGen: 48448K(75776K)->48448K(77824K) Eden: 18944K(18944K)->0K(18944K) From: 29504K(56832K)->48448K(58880K)
[1.663s][info][gc,heap        ] GC(45) ParOldGen: 275529K(321024K)->275529K(321024K)
[1.663s][info][gc,metaspace   ] GC(45) Metaspace: 6301K(6464K)->6301K(6464K) NonClass: 5768K(5824K)->5768K(5824K) Class: 533K(640K)->533K(640K)
[1.663s][info][gc             ] GC(45) Pause Young (Allocation Failure) 316M->316M(389M) 22.903ms
[1.663s][info][gc,cpu         ] GC(45) User=0.12s Sys=0.00s Real=0.02s
[1.685s][info][gc,start       ] GC(46) Pause Young (Allocation Failure)
[1.716s][info][gc,heap        ] GC(46) PSYoungGen: 67392K(77824K)->54400K(79360K) Eden: 18944K(18944K)->0K(15360K) From: 48448K(58880K)->54400K(64000K)
[1.716s][info][gc,heap        ] GC(46) ParOldGen: 275529K(321024K)->288673K(321024K)
[1.716s][info][gc,metaspace   ] GC(46) Metaspace: 6301K(6464K)->6301K(6464K) NonClass: 5768K(5824K)->5768K(5824K) Class: 533K(640K)->533K(640K)
[1.716s][info][gc             ] GC(46) Pause Young (Allocation Failure) 334M->335M(391M) 31.644ms
[1.716s][info][gc,cpu         ] GC(46) User=0.14s Sys=0.00s Real=0.03s
[1.716s][info][gc,start       ] GC(47) Pause Full (Ergonomics)
[1.716s][info][gc,phases,start] GC(47) Marking Phase
[1.778s][info][gc,phases      ] GC(47) Marking Phase 61.808ms
[1.778s][info][gc,phases,start] GC(47) Summary Phase
[1.778s][info][gc,phases      ] GC(47) Summary Phase 0.026ms
[1.778s][info][gc,phases,start] GC(47) Adjust Roots
[1.778s][info][gc,phases      ] GC(47) Adjust Roots 0.149ms
[1.778s][info][gc,phases,start] GC(47) Compaction Phase
[1.815s][info][gc,phases      ] GC(47) Compaction Phase 36.565ms
[1.815s][info][gc,phases,start] GC(47) Post Compact
[1.817s][info][gc,phases      ] GC(47) Post Compact 1.736ms
[1.817s][info][gc,heap        ] GC(47) PSYoungGen: 54400K(79360K)->21468K(79360K) Eden: 0K(15360K)->0K(15360K) From: 54400K(64000K)->21468K(64000K)
[1.817s][info][gc,heap        ] GC(47) ParOldGen: 288673K(321024K)->320969K(377856K)
[1.817s][info][gc,metaspace   ] GC(47) Metaspace: 6301K(6464K)->6301K(6464K) NonClass: 5768K(5824K)->5768K(5824K) Class: 533K(640K)->533K(640K)
[1.817s][info][gc             ] GC(47) Pause Full (Ergonomics) 335M->334M(446M) 101.005ms
[1.817s][info][gc,cpu         ] GC(47) User=0.56s Sys=0.03s Real=0.10s
[1.897s][info][gc,start       ] GC(48) Pause Young (Allocation Failure)
[1.925s][info][gc,heap        ] GC(48) PSYoungGen: 36828K(79360K)->30528K(46080K) Eden: 15360K(15360K)->0K(15360K) From: 21468K(64000K)->30528K(30720K)
[1.925s][info][gc,heap        ] GC(48) ParOldGen: 337353K(377856K)->343897K(377856K)
[1.925s][info][gc,metaspace   ] GC(48) Metaspace: 6301K(6464K)->6301K(6464K) NonClass: 5768K(5824K)->5768K(5824K) Class: 533K(640K)->533K(640K)
[1.925s][info][gc             ] GC(48) Pause Young (Allocation Failure) 365M->365M(414M) 28.558ms
[1.925s][info][gc,cpu         ] GC(48) User=0.05s Sys=0.00s Real=0.03s
[1.939s][info][gc,start       ] GC(49) Pause Young (Allocation Failure)
[1.961s][info][gc,heap        ] GC(49) PSYoungGen: 45888K(46080K)->45920K(81408K) Eden: 15360K(15360K)->0K(14848K) From: 30528K(30720K)->45920K(66560K)
[1.961s][info][gc,heap        ] GC(49) ParOldGen: 343897K(377856K)->343897K(377856K)
[1.961s][info][gc,metaspace   ] GC(49) Metaspace: 6301K(6464K)->6301K(6464K) NonClass: 5768K(5824K)->5768K(5824K) Class: 533K(640K)->533K(640K)
[1.961s][info][gc             ] GC(49) Pause Young (Allocation Failure) 380M->380M(448M) 21.783ms
[1.961s][info][gc,cpu         ] GC(49) User=0.12s Sys=0.00s Real=0.02s
[1.977s][info][gc,start       ] GC(50) Pause Young (Allocation Failure)
[2.004s][info][gc,heap        ] GC(50) PSYoungGen: 60768K(81408K)->52096K(83968K) Eden: 14848K(14848K)->0K(14848K) From: 45920K(66560K)->52096K(69120K)
[2.004s][info][gc,heap        ] GC(50) ParOldGen: 343897K(377856K)->352729K(377856K)
[2.004s][info][gc,metaspace   ] GC(50) Metaspace: 6301K(6464K)->6301K(6464K) NonClass: 5768K(5824K)->5768K(5824K) Class: 533K(640K)->533K(640K)
[2.004s][info][gc             ] GC(50) Pause Young (Allocation Failure) 395M->395M(451M) 27.455ms
[2.004s][info][gc,cpu         ] GC(50) User=0.14s Sys=0.00s Real=0.03s
[2.004s][info][gc,start       ] GC(51) Pause Full (Ergonomics)
[2.004s][info][gc,phases,start] GC(51) Marking Phase
[2.090s][info][gc,phases      ] GC(51) Marking Phase 86.195ms
[2.090s][info][gc,phases,start] GC(51) Summary Phase
[2.090s][info][gc,phases      ] GC(51) Summary Phase 0.030ms
[2.090s][info][gc,phases,start] GC(51) Adjust Roots
[2.091s][info][gc,phases      ] GC(51) Adjust Roots 0.171ms
[2.091s][info][gc,phases,start] GC(51) Compaction Phase
[2.160s][info][gc,phases      ] GC(51) Compaction Phase 69.630ms
[2.160s][info][gc,phases,start] GC(51) Post Compact
[2.162s][info][gc,phases      ] GC(51) Post Compact 2.095ms
[2.163s][info][gc,heap        ] GC(51) PSYoungGen: 52096K(83968K)->18602K(83968K) Eden: 0K(14848K)->0K(14848K) From: 52096K(69120K)->18602K(69120K)
[2.163s][info][gc,heap        ] GC(51) ParOldGen: 352729K(377856K)->377508K(432640K)
[2.163s][info][gc,metaspace   ] GC(51) Metaspace: 6301K(6464K)->6301K(6464K) NonClass: 5768K(5824K)->5768K(5824K) Class: 533K(640K)->533K(640K)
[2.163s][info][gc             ] GC(51) Pause Full (Ergonomics) 395M->386M(504M) 158.695ms
[2.163s][info][gc,cpu         ] GC(51) User=0.94s Sys=0.05s Real=0.16s
[2.181s][info][gc,start       ] GC(52) Pause Young (Allocation Failure)
[2.211s][info][gc,heap        ] GC(52) PSYoungGen: 33450K(83968K)->26688K(83968K) Eden: 14848K(14848K)->0K(16896K) From: 18602K(69120K)->26688K(67072K)
[2.211s][info][gc,heap        ] GC(52) ParOldGen: 377508K(432640K)->384588K(432640K)
[2.211s][info][gc,metaspace   ] GC(52) Metaspace: 6301K(6464K)->6301K(6464K) NonClass: 5768K(5824K)->5768K(5824K) Class: 533K(640K)->533K(640K)
[2.211s][info][gc             ] GC(52) Pause Young (Allocation Failure) 401M->401M(504M) 30.483ms
[2.211s][info][gc,cpu         ] GC(52) User=0.14s Sys=0.00s Real=0.03s
[2.228s][info][gc,start       ] GC(53) Pause Young (Allocation Failure)
[2.249s][info][gc,heap        ] GC(53) PSYoungGen: 43584K(83968K)->43520K(87040K) Eden: 16896K(16896K)->0K(16896K) From: 26688K(67072K)->43520K(70144K)
[2.249s][info][gc,heap        ] GC(53) ParOldGen: 384588K(432640K)->384588K(432640K)
[2.249s][info][gc,metaspace   ] GC(53) Metaspace: 6301K(6464K)->6301K(6464K) NonClass: 5768K(5824K)->5768K(5824K) Class: 533K(640K)->533K(640K)
[2.249s][info][gc             ] GC(53) Pause Young (Allocation Failure) 418M->418M(507M) 20.704ms
[2.249s][info][gc,cpu         ] GC(53) User=0.12s Sys=0.00s Real=0.02s
[2.266s][info][gc,start       ] GC(54) Pause Young (Allocation Failure)
[2.293s][info][gc,heap        ] GC(54) PSYoungGen: 60416K(87040K)->54528K(85504K) Eden: 16896K(16896K)->0K(15360K) From: 43520K(70144K)->54528K(70144K)
[2.293s][info][gc,heap        ] GC(54) ParOldGen: 384588K(432640K)->390572K(432640K)
[2.293s][info][gc,metaspace   ] GC(54) Metaspace: 6301K(6464K)->6301K(6464K) NonClass: 5768K(5824K)->5768K(5824K) Class: 533K(640K)->533K(640K)
[2.293s][info][gc             ] GC(54) Pause Young (Allocation Failure) 434M->434M(506M) 27.330ms
[2.293s][info][gc,cpu         ] GC(54) User=0.11s Sys=0.02s Real=0.03s
[2.309s][info][gc,start       ] GC(55) Pause Young (Allocation Failure)
[2.340s][info][gc,heap        ] GC(55) PSYoungGen: 69888K(85504K)->64128K(89600K) Eden: 15360K(15360K)->0K(15360K) From: 54528K(70144K)->64128K(74240K)
[2.340s][info][gc,heap        ] GC(55) ParOldGen: 390572K(432640K)->396436K(432640K)
[2.340s][info][gc,metaspace   ] GC(55) Metaspace: 6301K(6464K)->6301K(6464K) NonClass: 5768K(5824K)->5768K(5824K) Class: 533K(640K)->533K(640K)
[2.341s][info][gc             ] GC(55) Pause Young (Allocation Failure) 449M->449M(510M) 31.162ms
[2.341s][info][gc,cpu         ] GC(55) User=0.14s Sys=0.00s Real=0.03s
[2.357s][info][gc,start       ] GC(56) Pause Young (Allocation Failure)
[2.394s][info][gc,heap        ] GC(56) PSYoungGen: 79488K(89600K)->47744K(95744K) Eden: 15360K(15360K)->0K(17408K) From: 64128K(74240K)->47744K(78336K)
[2.394s][info][gc,heap        ] GC(56) ParOldGen: 396436K(432640K)->428572K(432640K)
[2.394s][info][gc,metaspace   ] GC(56) Metaspace: 6301K(6464K)->6301K(6464K) NonClass: 5768K(5824K)->5768K(5824K) Class: 533K(640K)->533K(640K)
[2.394s][info][gc             ] GC(56) Pause Young (Allocation Failure) 464M->465M(516M) 37.381ms
[2.394s][info][gc,cpu         ] GC(56) User=0.25s Sys=0.02s Real=0.04s
[2.394s][info][gc,start       ] GC(57) Pause Full (Ergonomics)
[2.394s][info][gc,phases,start] GC(57) Marking Phase
[2.499s][info][gc,phases      ] GC(57) Marking Phase 105.305ms
[2.500s][info][gc,phases,start] GC(57) Summary Phase
[2.500s][info][gc,phases      ] GC(57) Summary Phase 0.020ms
[2.500s][info][gc,phases,start] GC(57) Adjust Roots
[2.500s][info][gc,phases      ] GC(57) Adjust Roots 0.155ms
[2.500s][info][gc,phases,start] GC(57) Compaction Phase
[2.554s][info][gc,phases      ] GC(57) Compaction Phase 54.542ms
[2.554s][info][gc,phases,start] GC(57) Post Compact
[2.557s][info][gc,phases      ] GC(57) Post Compact 2.288ms
[2.557s][info][gc,heap        ] GC(57) PSYoungGen: 47744K(95744K)->42926K(97280K) Eden: 0K(17408K)->0K(18944K) From: 47744K(78336K)->42926K(78336K)
[2.557s][info][gc,heap        ] GC(57) ParOldGen: 428572K(432640K)->432391K(492544K)
[2.557s][info][gc,metaspace   ] GC(57) Metaspace: 6301K(6464K)->6301K(6464K) NonClass: 5768K(5824K)->5768K(5824K) Class: 533K(640K)->533K(640K)
[2.557s][info][gc             ] GC(57) Pause Full (Ergonomics) 465M->464M(576M) 162.874ms
[2.557s][info][gc,cpu         ] GC(57) User=1.02s Sys=0.00s Real=0.16s
[2.578s][info][gc,start       ] GC(58) Pause Young (Allocation Failure)
[2.622s][info][gc,heap        ] GC(58) PSYoungGen: 61870K(97280K)->32608K(98816K) Eden: 18944K(18944K)->0K(18944K) From: 42926K(78336K)->32608K(79872K)
[2.622s][info][gc,heap        ] GC(58) ParOldGen: 432391K(492544K)->462223K(492544K)
[2.622s][info][gc,metaspace   ] GC(58) Metaspace: 6301K(6464K)->6301K(6464K) NonClass: 5768K(5824K)->5768K(5824K) Class: 533K(640K)->533K(640K)
[2.622s][info][gc             ] GC(58) Pause Young (Allocation Failure) 482M->483M(577M) 43.900ms
[2.622s][info][gc,cpu         ] GC(58) User=0.23s Sys=0.02s Real=0.04s
[2.622s][info][gc,start       ] GC(59) Pause Full (Ergonomics)
[2.622s][info][gc,phases,start] GC(59) Marking Phase
[2.730s][info][gc,phases      ] GC(59) Marking Phase 107.883ms
[2.730s][info][gc,phases,start] GC(59) Summary Phase
[2.730s][info][gc,phases      ] GC(59) Summary Phase 0.027ms
[2.730s][info][gc,phases,start] GC(59) Adjust Roots
[2.731s][info][gc,phases      ] GC(59) Adjust Roots 0.153ms
[2.731s][info][gc,phases,start] GC(59) Compaction Phase
[2.777s][info][gc,phases      ] GC(59) Compaction Phase 45.931ms
[2.777s][info][gc,phases,start] GC(59) Post Compact
[2.779s][info][gc,phases      ] GC(59) Post Compact 2.369ms
[2.779s][info][gc,heap        ] GC(59) PSYoungGen: 32608K(98816K)->1764K(98816K) Eden: 0K(18944K)->0K(18944K) From: 32608K(79872K)->1764K(79872K)
[2.779s][info][gc,heap        ] GC(59) ParOldGen: 462223K(492544K)->492467K(561152K)
[2.779s][info][gc,metaspace   ] GC(59) Metaspace: 6301K(6464K)->6301K(6464K) NonClass: 5768K(5824K)->5768K(5824K) Class: 533K(640K)->533K(640K)
[2.779s][info][gc             ] GC(59) Pause Full (Ergonomics) 483M->482M(644M) 156.941ms
[2.779s][info][gc,cpu         ] GC(59) User=1.11s Sys=0.03s Real=0.16s
[2.801s][info][gc,start       ] GC(60) Pause Young (Allocation Failure)
[2.831s][info][gc,heap        ] GC(60) PSYoungGen: 20708K(98816K)->20160K(96768K) Eden: 18944K(18944K)->0K(20992K) From: 1764K(79872K)->20160K(75776K)
[2.831s][info][gc,heap        ] GC(60) ParOldGen: 492467K(561152K)->493211K(561152K)
[2.831s][info][gc,metaspace   ] GC(60) Metaspace: 6301K(6464K)->6301K(6464K) NonClass: 5768K(5824K)->5768K(5824K) Class: 533K(640K)->533K(640K)
[2.831s][info][gc             ] GC(60) Pause Young (Allocation Failure) 501M->501M(642M) 30.644ms
[2.831s][info][gc,cpu         ] GC(60) User=0.12s Sys=0.00s Real=0.03s
[2.855s][info][gc,start       ] GC(61) Pause Young (Allocation Failure)
[2.877s][info][gc,heap        ] GC(61) PSYoungGen: 41152K(96768K)->41216K(97792K) Eden: 20992K(20992K)->0K(20992K) From: 20160K(75776K)->41216K(76800K)
[2.877s][info][gc,heap        ] GC(61) ParOldGen: 493211K(561152K)->493211K(561152K)
[2.877s][info][gc,metaspace   ] GC(61) Metaspace: 6301K(6464K)->6301K(6464K) NonClass: 5768K(5824K)->5768K(5824K) Class: 533K(640K)->533K(640K)
[2.877s][info][gc             ] GC(61) Pause Young (Allocation Failure) 521M->521M(643M) 21.614ms
[2.877s][info][gc,cpu         ] GC(61) User=0.14s Sys=0.00s Real=0.02s
[2.900s][info][gc,start       ] GC(62) Pause Young (Allocation Failure)
[2.930s][info][gc,heap        ] GC(62) PSYoungGen: 62208K(97792K)->62176K(92160K) Eden: 20992K(20992K)->0K(17920K) From: 41216K(76800K)->62176K(74240K)
[2.930s][info][gc,heap        ] GC(62) ParOldGen: 493211K(561152K)->493211K(561152K)
[2.930s][info][gc,metaspace   ] GC(62) Metaspace: 6301K(6464K)->6301K(6464K) NonClass: 5768K(5824K)->5768K(5824K) Class: 533K(640K)->533K(640K)
[2.930s][info][gc             ] GC(62) Pause Young (Allocation Failure) 542M->542M(638M) 29.907ms
[2.930s][info][gc,cpu         ] GC(62) User=0.14s Sys=0.00s Real=0.03s
[2.950s][info][gc,start       ] GC(63) Pause Young (Allocation Failure)
[2.988s][info][gc,heap        ] GC(63) PSYoungGen: 80096K(92160K)->79872K(97792K) Eden: 17920K(17920K)->0K(17920K) From: 62176K(74240K)->79872K(79872K)
[2.988s][info][gc,heap        ] GC(63) ParOldGen: 493211K(561152K)->493443K(561152K)
[2.988s][info][gc,metaspace   ] GC(63) Metaspace: 6301K(6464K)->6301K(6464K) NonClass: 5768K(5824K)->5768K(5824K) Class: 533K(640K)->533K(640K)
[2.988s][info][gc             ] GC(63) Pause Young (Allocation Failure) 559M->559M(643M) 38.633ms
[2.988s][info][gc,cpu         ] GC(63) User=0.25s Sys=0.00s Real=0.04s
[3.008s][info][gc,start       ] GC(64) Pause Young (Allocation Failure)
[3.060s][info][gc,heap        ] GC(64) PSYoungGen: 97792K(97792K)->77792K(102912K) Eden: 17920K(17920K)->0K(12288K) From: 79872K(79872K)->77792K(90624K)
[3.061s][info][gc,heap        ] GC(64) ParOldGen: 493443K(561152K)->513691K(561152K)
[3.061s][info][gc,metaspace   ] GC(64) Metaspace: 6301K(6464K)->6301K(6464K) NonClass: 5768K(5824K)->5768K(5824K) Class: 533K(640K)->533K(640K)
[3.061s][info][gc             ] GC(64) Pause Young (Allocation Failure) 577M->577M(648M) 52.410ms
[3.061s][info][gc,cpu         ] GC(64) User=0.34s Sys=0.02s Real=0.05s
[3.074s][info][gc,start       ] GC(65) Pause Young (Allocation Failure)
[3.122s][info][gc,heap        ] GC(65) PSYoungGen: 90080K(102912K)->48224K(60928K) Eden: 12288K(12288K)->0K(12288K) From: 77792K(90624K)->48224K(48640K)
[3.122s][info][gc,heap        ] GC(65) ParOldGen: 513691K(561152K)->556075K(561152K)
[3.122s][info][gc,metaspace   ] GC(65) Metaspace: 6301K(6464K)->6301K(6464K) NonClass: 5768K(5824K)->5768K(5824K) Class: 533K(640K)->533K(640K)
[3.122s][info][gc             ] GC(65) Pause Young (Allocation Failure) 589M->590M(607M) 48.141ms
[3.122s][info][gc,cpu         ] GC(65) User=0.25s Sys=0.02s Real=0.05s
[3.122s][info][gc,start       ] GC(66) Pause Full (Ergonomics)
[3.122s][info][gc,phases,start] GC(66) Marking Phase
[3.252s][info][gc,phases      ] GC(66) Marking Phase 129.473ms
[3.252s][info][gc,phases,start] GC(66) Summary Phase
[3.252s][info][gc,phases      ] GC(66) Summary Phase 0.021ms
[3.252s][info][gc,phases,start] GC(66) Adjust Roots
[3.252s][info][gc,phases      ] GC(66) Adjust Roots 0.157ms
[3.252s][info][gc,phases,start] GC(66) Compaction Phase
[3.311s][info][gc,phases      ] GC(66) Compaction Phase 58.437ms
[3.311s][info][gc,phases,start] GC(66) Post Compact
[3.312s][info][gc,phases      ] GC(66) Post Compact 1.033ms
[3.312s][info][gc,heap        ] GC(66) PSYoungGen: 48224K(60928K)->42361K(60928K) Eden: 0K(12288K)->0K(12288K) From: 48224K(48640K)->42361K(48640K)
[3.312s][info][gc,heap        ] GC(66) ParOldGen: 556075K(561152K)->560744K(641024K)
[3.312s][info][gc,metaspace   ] GC(66) Metaspace: 6301K(6464K)->6301K(6464K) NonClass: 5768K(5824K)->5768K(5824K) Class: 533K(640K)->533K(640K)
[3.312s][info][gc             ] GC(66) Pause Full (Ergonomics) 590M->588M(685M) 189.717ms
[3.312s][info][gc,cpu         ] GC(66) User=1.48s Sys=0.02s Real=0.19s
[3.327s][info][gc,start       ] GC(67) Pause Young (Allocation Failure)
[3.373s][info][gc,heap        ] GC(67) PSYoungGen: 54649K(60928K)->23392K(107008K) Eden: 12288K(12288K)->0K(14336K) From: 42361K(48640K)->23392K(92672K)
[3.373s][info][gc,heap        ] GC(67) ParOldGen: 560744K(641024K)->592616K(641024K)
[3.373s][info][gc,metaspace   ] GC(67) Metaspace: 6301K(6464K)->6301K(6464K) NonClass: 5768K(5824K)->5768K(5824K) Class: 533K(640K)->533K(640K)
[3.373s][info][gc             ] GC(67) Pause Young (Allocation Failure) 600M->601M(730M) 45.780ms
[3.373s][info][gc,cpu         ] GC(67) User=0.36s Sys=0.02s Real=0.05s
[3.390s][info][gc,start       ] GC(68) Pause Young (Allocation Failure)
[3.412s][info][gc,heap        ] GC(68) PSYoungGen: 37728K(107008K)->26688K(107520K) Eden: 14336K(14336K)->0K(14336K) From: 23392K(92672K)->26688K(93184K)
[3.412s][info][gc,heap        ] GC(68) ParOldGen: 592616K(641024K)->603728K(641024K)
[3.412s][info][gc,metaspace   ] GC(68) Metaspace: 6301K(6464K)->6301K(6464K) NonClass: 5768K(5824K)->5768K(5824K) Class: 533K(640K)->533K(640K)
[3.412s][info][gc             ] GC(68) Pause Young (Allocation Failure) 615M->615M(731M) 21.266ms
[3.412s][info][gc,cpu         ] GC(68) User=0.11s Sys=0.02s Real=0.02s
[3.412s][info][gc,start       ] GC(69) Pause Full (Ergonomics)
[3.412s][info][gc,phases,start] GC(69) Marking Phase
[3.554s][info][gc,phases      ] GC(69) Marking Phase 142.214ms
[3.554s][info][gc,phases,start] GC(69) Summary Phase
[3.554s][info][gc,phases      ] GC(69) Summary Phase 0.042ms
[3.554s][info][gc,phases,start] GC(69) Adjust Roots
[3.554s][info][gc,phases      ] GC(69) Adjust Roots 0.217ms
[3.554s][info][gc,phases,start] GC(69) Compaction Phase
[3.610s][info][gc,phases      ] GC(69) Compaction Phase 55.897ms
[3.610s][info][gc,phases,start] GC(69) Post Compact
[3.611s][info][gc,phases      ] GC(69) Post Compact 1.024ms
[3.612s][info][gc,heap        ] GC(69) PSYoungGen: 26688K(107520K)->0K(108032K) Eden: 0K(14336K)->0K(16384K) From: 26688K(93184K)->0K(91648K)
[3.612s][info][gc,heap        ] GC(69) ParOldGen: 603728K(641024K)->629667K(715264K)
[3.612s][info][gc,metaspace   ] GC(69) Metaspace: 6301K(6464K)->6301K(6464K) NonClass: 5768K(5824K)->5768K(5824K) Class: 533K(640K)->533K(640K)
[3.612s][info][gc             ] GC(69) Pause Full (Ergonomics) 615M->614M(804M) 200.033ms
[3.612s][info][gc,cpu         ] GC(69) User=1.30s Sys=0.02s Real=0.20s
[3.631s][info][gc,start       ] GC(70) Pause Young (Allocation Failure)
[3.642s][info][gc,heap        ] GC(70) PSYoungGen: 16384K(108032K)->16512K(108032K) Eden: 16384K(16384K)->0K(16384K) From: 0K(91648K)->16512K(91648K)
[3.642s][info][gc,heap        ] GC(70) ParOldGen: 629667K(715264K)->629667K(715264K)
[3.642s][info][gc,metaspace   ] GC(70) Metaspace: 6301K(6464K)->6301K(6464K) NonClass: 5768K(5824K)->5768K(5824K) Class: 533K(640K)->533K(640K)
[3.642s][info][gc             ] GC(70) Pause Young (Allocation Failure) 630M->631M(804M) 10.959ms
[3.642s][info][gc,cpu         ] GC(70) User=0.02s Sys=0.00s Real=0.01s
[3.661s][info][gc,start       ] GC(71) Pause Young (Allocation Failure)
[3.679s][info][gc,heap        ] GC(71) PSYoungGen: 32896K(108032K)->32896K(102400K) Eden: 16384K(16384K)->0K(18432K) From: 16512K(91648K)->32896K(83968K)
[3.679s][info][gc,heap        ] GC(71) ParOldGen: 629667K(715264K)->629667K(715264K)
[3.679s][info][gc,metaspace   ] GC(71) Metaspace: 6301K(6464K)->6301K(6464K) NonClass: 5768K(5824K)->5768K(5824K) Class: 533K(640K)->533K(640K)
[3.679s][info][gc             ] GC(71) Pause Young (Allocation Failure) 647M->647M(798M) 18.175ms
[3.679s][info][gc,cpu         ] GC(71) User=0.03s Sys=0.00s Real=0.02s
[3.702s][info][gc,start       ] GC(72) Pause Young (Allocation Failure)
[3.728s][info][gc,heap        ] GC(72) PSYoungGen: 51328K(102400K)->51328K(105984K) Eden: 18432K(18432K)->0K(18432K) From: 32896K(83968K)->51328K(87552K)
[3.728s][info][gc,heap        ] GC(72) ParOldGen: 629667K(715264K)->629667K(715264K)
[3.728s][info][gc,metaspace   ] GC(72) Metaspace: 6301K(6464K)->6301K(6464K) NonClass: 5768K(5824K)->5768K(5824K) Class: 533K(640K)->533K(640K)
[3.728s][info][gc             ] GC(72) Pause Young (Allocation Failure) 665M->665M(802M) 25.479ms
[3.728s][info][gc,cpu         ] GC(72) User=0.11s Sys=0.00s Real=0.03s
[3.752s][info][gc,start       ] GC(73) Pause Young (Allocation Failure)
[3.785s][info][gc,heap        ] GC(73) PSYoungGen: 69760K(105984K)->69792K(101376K) Eden: 18432K(18432K)->0K(14336K) From: 51328K(87552K)->69792K(87040K)
[3.785s][info][gc,heap        ] GC(73) ParOldGen: 629667K(715264K)->629667K(715264K)
[3.785s][info][gc,metaspace   ] GC(73) Metaspace: 6301K(6464K)->6301K(6464K) NonClass: 5768K(5824K)->5768K(5824K) Class: 533K(640K)->533K(640K)
[3.785s][info][gc             ] GC(73) Pause Young (Allocation Failure) 683M->683M(797M) 33.078ms
[3.785s][info][gc,cpu         ] GC(73) User=0.16s Sys=0.00s Real=0.03s
[3.953s][info][gc,start       ] GC(74) Pause Young (Allocation Failure)
[4.007s][info][gc,heap        ] GC(74) PSYoungGen: 84128K(101376K)->67744K(107520K) Eden: 14336K(14336K)->0K(14336K) From: 69792K(87040K)->67744K(93184K)
[4.008s][info][gc,heap        ] GC(74) ParOldGen: 662435K(715264K)->679035K(715264K)
[4.008s][info][gc,metaspace   ] GC(74) Metaspace: 6301K(6464K)->6301K(6464K) NonClass: 5768K(5824K)->5768K(5824K) Class: 533K(640K)->533K(640K)
[4.008s][info][gc             ] GC(74) Pause Young (Allocation Failure) 729M->729M(803M) 54.671ms
[4.008s][info][gc,cpu         ] GC(74) User=0.38s Sys=0.00s Real=0.05s
[4.008s][info][gc,start       ] GC(75) Pause Full (Ergonomics)
[4.008s][info][gc,phases,start] GC(75) Marking Phase
[4.186s][info][gc,phases      ] GC(75) Marking Phase 178.647ms
[4.186s][info][gc,phases,start] GC(75) Summary Phase
[4.186s][info][gc,phases      ] GC(75) Summary Phase 0.026ms
[4.186s][info][gc,phases,start] GC(75) Adjust Roots
[4.187s][info][gc,phases      ] GC(75) Adjust Roots 0.169ms
[4.187s][info][gc,phases,start] GC(75) Compaction Phase
[4.309s][info][gc,phases      ] GC(75) Compaction Phase 121.918ms
[4.309s][info][gc,phases,start] GC(75) Post Compact
[4.310s][info][gc,phases      ] GC(75) Post Compact 1.582ms
[4.311s][info][gc,heap        ] GC(75) PSYoungGen: 67744K(107520K)->14834K(107520K) Eden: 0K(14336K)->0K(14336K) From: 67744K(93184K)->14834K(93184K)
[4.311s][info][gc,heap        ] GC(75) ParOldGen: 679035K(715264K)->715027K(799744K)
[4.311s][info][gc,metaspace   ] GC(75) Metaspace: 6301K(6464K)->6301K(6464K) NonClass: 5768K(5824K)->5768K(5824K) Class: 533K(640K)->533K(640K)
[4.311s][info][gc             ] GC(75) Pause Full (Ergonomics) 729M->712M(886M) 302.963ms
[4.311s][info][gc,cpu         ] GC(75) User=2.08s Sys=0.05s Real=0.30s
[4.328s][info][gc,start       ] GC(76) Pause Young (Allocation Failure)
[4.370s][info][gc,heap        ] GC(76) PSYoungGen: 29170K(107520K)->29312K(108032K) Eden: 14336K(14336K)->0K(15872K) From: 14834K(93184K)->29312K(92160K)
[4.370s][info][gc,heap        ] GC(76) ParOldGen: 715027K(799744K)->715027K(799744K)
[4.370s][info][gc,metaspace   ] GC(76) Metaspace: 6301K(6464K)->6301K(6464K) NonClass: 5768K(5824K)->5768K(5824K) Class: 533K(640K)->533K(640K)
[4.370s][info][gc             ] GC(76) Pause Young (Allocation Failure) 726M->726M(886M) 42.592ms
[4.370s][info][gc,cpu         ] GC(76) User=0.27s Sys=0.00s Real=0.04s
[4.386s][info][gc,start       ] GC(77) Pause Young (Allocation Failure)
[4.410s][info][gc,heap        ] GC(77) PSYoungGen: 45184K(108032K)->45248K(61440K) Eden: 15872K(15872K)->0K(15872K) From: 29312K(92160K)->45248K(45568K)
[4.410s][info][gc,heap        ] GC(77) ParOldGen: 715027K(799744K)->715027K(799744K)
[4.410s][info][gc,metaspace   ] GC(77) Metaspace: 6301K(6464K)->6301K(6464K) NonClass: 5768K(5824K)->5768K(5824K) Class: 533K(640K)->533K(640K)
[4.410s][info][gc             ] GC(77) Pause Young (Allocation Failure) 742M->742M(841M) 23.627ms
[4.410s][info][gc,cpu         ] GC(77) User=0.05s Sys=0.00s Real=0.02s
[4.427s][info][gc,start       ] GC(78) Pause Young (Allocation Failure)
[4.455s][info][gc,heap        ] GC(78) PSYoungGen: 61120K(61440K)->61056K(106496K) Eden: 15872K(15872K)->0K(16384K) From: 45248K(45568K)->61056K(90112K)
[4.455s][info][gc,heap        ] GC(78) ParOldGen: 715027K(799744K)->715027K(799744K)
[4.455s][info][gc,metaspace   ] GC(78) Metaspace: 6301K(6464K)->6301K(6464K) NonClass: 5768K(5824K)->5768K(5824K) Class: 533K(640K)->533K(640K)
[4.455s][info][gc             ] GC(78) Pause Young (Allocation Failure) 757M->757M(885M) 28.285ms
[4.455s][info][gc,cpu         ] GC(78) User=0.14s Sys=0.00s Real=0.03s
[4.474s][info][gc,start       ] GC(79) Pause Young (Allocation Failure)
[4.509s][info][gc,heap        ] GC(79) PSYoungGen: 77440K(106496K)->70816K(108032K) Eden: 16384K(16384K)->0K(16384K) From: 61056K(90112K)->70816K(91648K)
[4.509s][info][gc,heap        ] GC(79) ParOldGen: 715027K(799744K)->721819K(799744K)
[4.509s][info][gc,metaspace   ] GC(79) Metaspace: 6301K(6464K)->6301K(6464K) NonClass: 5768K(5824K)->5768K(5824K) Class: 533K(640K)->533K(640K)
[4.509s][info][gc             ] GC(79) Pause Young (Allocation Failure) 773M->774M(886M) 35.182ms
[4.509s][info][gc,cpu         ] GC(79) User=0.25s Sys=0.00s Real=0.04s
[4.525s][info][gc,start       ] GC(80) Pause Young (Allocation Failure)
[4.565s][info][gc,heap        ] GC(80) PSYoungGen: 87200K(108032K)->83584K(106496K) Eden: 16384K(16384K)->0K(10240K) From: 70816K(91648K)->83584K(96256K)
[4.565s][info][gc,heap        ] GC(80) ParOldGen: 721819K(799744K)->725467K(799744K)
[4.565s][info][gc,metaspace   ] GC(80) Metaspace: 6301K(6464K)->6301K(6464K) NonClass: 5768K(5824K)->5768K(5824K) Class: 533K(640K)->533K(640K)
[4.565s][info][gc             ] GC(80) Pause Young (Allocation Failure) 790M->790M(885M) 39.666ms
[4.565s][info][gc,cpu         ] GC(80) User=0.27s Sys=0.00s Real=0.04s
[4.575s][info][gc,start       ] GC(81) Pause Young (Allocation Failure)
[4.617s][info][gc,heap        ] GC(81) PSYoungGen: 93824K(106496K)->89248K(114688K) Eden: 10240K(10240K)->0K(10240K) From: 83584K(96256K)->89248K(104448K)
[4.617s][info][gc,heap        ] GC(81) ParOldGen: 725467K(799744K)->730155K(799744K)
[4.617s][info][gc,metaspace   ] GC(81) Metaspace: 6301K(6464K)->6301K(6464K) NonClass: 5768K(5824K)->5768K(5824K) Class: 533K(640K)->533K(640K)
[4.617s][info][gc             ] GC(81) Pause Young (Allocation Failure) 800M->800M(893M) 41.363ms
[4.617s][info][gc,cpu         ] GC(81) User=0.27s Sys=0.00s Real=0.04s
[4.627s][info][gc,start       ] GC(82) Pause Young (Allocation Failure)
[4.672s][info][gc,heap        ] GC(82) PSYoungGen: 99488K(114688K)->69280K(122880K) Eden: 10240K(10240K)->0K(11776K) From: 89248K(104448K)->69280K(111104K)
[4.672s][info][gc,heap        ] GC(82) ParOldGen: 730155K(799744K)->760739K(799744K)
[4.672s][info][gc,metaspace   ] GC(82) Metaspace: 6301K(6464K)->6301K(6464K) NonClass: 5768K(5824K)->5768K(5824K) Class: 533K(640K)->533K(640K)
[4.672s][info][gc             ] GC(82) Pause Young (Allocation Failure) 810M->810M(901M) 44.737ms
[4.672s][info][gc,cpu         ] GC(82) User=0.23s Sys=0.03s Real=0.05s
[4.686s][info][gc,start       ] GC(83) Pause Young (Allocation Failure)
[4.723s][info][gc,heap        ] GC(83) PSYoungGen: 81056K(122880K)->48768K(60928K) Eden: 11776K(11776K)->0K(11776K) From: 69280K(111104K)->48768K(49152K)
[4.723s][info][gc,heap        ] GC(83) ParOldGen: 760739K(799744K)->793395K(799744K)
[4.723s][info][gc,metaspace   ] GC(83) Metaspace: 6301K(6464K)->6301K(6464K) NonClass: 5768K(5824K)->5768K(5824K) Class: 533K(640K)->533K(640K)
[4.723s][info][gc             ] GC(83) Pause Young (Allocation Failure) 822M->822M(840M) 37.490ms
[4.723s][info][gc,cpu         ] GC(83) User=0.23s Sys=0.03s Real=0.04s
[4.723s][info][gc,start       ] GC(84) Pause Full (Ergonomics)
[4.723s][info][gc,phases,start] GC(84) Marking Phase
[4.901s][info][gc,phases      ] GC(84) Marking Phase 177.540ms
[4.901s][info][gc,phases,start] GC(84) Summary Phase
[4.901s][info][gc,phases      ] GC(84) Summary Phase 0.022ms
[4.901s][info][gc,phases,start] GC(84) Adjust Roots
[4.901s][info][gc,phases      ] GC(84) Adjust Roots 0.154ms
[4.901s][info][gc,phases,start] GC(84) Compaction Phase
[4.989s][info][gc,phases      ] GC(84) Compaction Phase 88.164ms
[4.989s][info][gc,phases,start] GC(84) Post Compact
[4.991s][info][gc,phases      ] GC(84) Post Compact 1.516ms
[4.991s][info][gc,heap        ] GC(84) PSYoungGen: 48768K(60928K)->41359K(60928K) Eden: 0K(11776K)->0K(11776K) From: 48768K(49152K)->41359K(49152K)
[4.991s][info][gc,heap        ] GC(84) ParOldGen: 793395K(799744K)->799354K(891392K)
[4.991s][info][gc,metaspace   ] GC(84) Metaspace: 6301K(6464K)->6301K(6464K) NonClass: 5768K(5824K)->5768K(5824K) Class: 533K(640K)->533K(640K)
[4.991s][info][gc             ] GC(84) Pause Full (Ergonomics) 822M->821M(930M) 268.175ms
[4.991s][info][gc,cpu         ] GC(84) User=1.83s Sys=0.02s Real=0.27s
[5.007s][info][gc,start       ] GC(85) Pause Young (Allocation Failure)
[5.061s][info][gc,heap        ] GC(85) PSYoungGen: 53135K(60928K)->30496K(119808K) Eden: 11776K(11776K)->0K(13312K) From: 41359K(49152K)->30496K(106496K)
[5.061s][info][gc,heap        ] GC(85) ParOldGen: 799354K(891392K)->822474K(891392K)
[5.061s][info][gc,metaspace   ] GC(85) Metaspace: 6301K(6464K)->6301K(6464K) NonClass: 5768K(5824K)->5768K(5824K) Class: 533K(640K)->533K(640K)
[5.061s][info][gc             ] GC(85) Pause Young (Allocation Failure) 832M->832M(987M) 54.482ms
[5.061s][info][gc,cpu         ] GC(85) User=0.30s Sys=0.08s Real=0.05s
[5.075s][info][gc,start       ] GC(86) Pause Young (Allocation Failure)
[5.099s][info][gc,heap        ] GC(86) PSYoungGen: 43808K(119808K)->25216K(120832K) Eden: 13312K(13312K)->0K(13312K) From: 30496K(106496K)->25216K(107520K)
[5.099s][info][gc,heap        ] GC(86) ParOldGen: 822474K(891392K)->841338K(891392K)
[5.099s][info][gc,metaspace   ] GC(86) Metaspace: 6301K(6464K)->6301K(6464K) NonClass: 5768K(5824K)->5768K(5824K) Class: 533K(640K)->533K(640K)
[5.099s][info][gc             ] GC(86) Pause Young (Allocation Failure) 845M->846M(988M) 23.346ms
[5.099s][info][gc,cpu         ] GC(86) User=0.08s Sys=0.06s Real=0.02s
[5.113s][info][gc,start       ] GC(87) Pause Young (Allocation Failure)
[5.135s][info][gc,heap        ] GC(87) PSYoungGen: 38528K(120832K)->13440K(121856K) Eden: 13312K(13312K)->0K(14848K) From: 25216K(107520K)->13440K(107008K)
[5.135s][info][gc,heap        ] GC(87) ParOldGen: 841338K(891392K)->866754K(891392K)
[5.135s][info][gc,metaspace   ] GC(87) Metaspace: 6301K(6464K)->6301K(6464K) NonClass: 5768K(5824K)->5768K(5824K) Class: 533K(640K)->533K(640K)
[5.135s][info][gc             ] GC(87) Pause Young (Allocation Failure) 859M->859M(989M) 21.496ms
[5.135s][info][gc,cpu         ] GC(87) User=0.12s Sys=0.00s Real=0.02s
[5.135s][info][gc,start       ] GC(88) Pause Full (Ergonomics)
[5.135s][info][gc,phases,start] GC(88) Marking Phase
[5.332s][info][gc,phases      ] GC(88) Marking Phase 196.998ms
[5.332s][info][gc,phases,start] GC(88) Summary Phase
[5.332s][info][gc,phases      ] GC(88) Summary Phase 0.027ms
[5.332s][info][gc,phases,start] GC(88) Adjust Roots
[5.332s][info][gc,phases      ] GC(88) Adjust Roots 0.155ms
[5.332s][info][gc,phases,start] GC(88) Compaction Phase
[5.413s][info][gc,phases      ] GC(88) Compaction Phase 80.740ms
[5.413s][info][gc,phases,start] GC(88) Post Compact
[5.414s][info][gc,phases      ] GC(88) Post Compact 1.485ms
[5.415s][info][gc,heap        ] GC(88) PSYoungGen: 13440K(121856K)->0K(122368K) Eden: 0K(14848K)->0K(14848K) From: 13440K(107008K)->0K(107520K)
[5.415s][info][gc,heap        ] GC(88) ParOldGen: 866754K(891392K)->879021K(978432K)
[5.415s][info][gc,metaspace   ] GC(88) Metaspace: 6301K(6464K)->6301K(6464K) NonClass: 5768K(5824K)->5768K(5824K) Class: 533K(640K)->533K(640K)
[5.415s][info][gc             ] GC(88) Pause Full (Ergonomics) 859M->858M(1075M) 279.994ms
[5.415s][info][gc,cpu         ] GC(88) User=1.94s Sys=0.00s Real=0.28s
[5.433s][info][gc,start       ] GC(89) Pause Young (Allocation Failure)
[5.445s][info][gc,heap        ] GC(89) PSYoungGen: 14848K(122368K)->14976K(122368K) Eden: 14848K(14848K)->0K(16384K) From: 0K(107520K)->14976K(105984K)
[5.445s][info][gc,heap        ] GC(89) ParOldGen: 879021K(978432K)->879021K(978432K)
[5.445s][info][gc,metaspace   ] GC(89) Metaspace: 6301K(6464K)->6301K(6464K) NonClass: 5768K(5824K)->5768K(5824K) Class: 533K(640K)->533K(640K)
[5.445s][info][gc             ] GC(89) Pause Young (Allocation Failure) 872M->873M(1075M) 12.373ms
[5.445s][info][gc,cpu         ] GC(89) User=0.02s Sys=0.00s Real=0.01s
[5.463s][info][gc,start       ] GC(90) Pause Young (Allocation Failure)
[5.481s][info][gc,heap        ] GC(90) PSYoungGen: 31360K(122368K)->31392K(48128K) Eden: 16384K(16384K)->0K(16384K) From: 14976K(105984K)->31392K(31744K)
[5.481s][info][gc,heap        ] GC(90) ParOldGen: 879021K(978432K)->879021K(978432K)
[5.481s][info][gc,metaspace   ] GC(90) Metaspace: 6301K(6464K)->6301K(6464K) NonClass: 5768K(5824K)->5768K(5824K) Class: 533K(640K)->533K(640K)
[5.481s][info][gc             ] GC(90) Pause Young (Allocation Failure) 889M->889M(1002M) 18.579ms
[5.481s][info][gc,cpu         ] GC(90) User=0.03s Sys=0.00s Real=0.02s
[5.499s][info][gc,start       ] GC(91) Pause Young (Allocation Failure)
[5.523s][info][gc,heap        ] GC(91) PSYoungGen: 47776K(48128K)->47712K(113152K) Eden: 16384K(16384K)->0K(18432K) From: 31392K(31744K)->47712K(94720K)
[5.523s][info][gc,heap        ] GC(91) ParOldGen: 879021K(978432K)->879021K(978432K)
[5.523s][info][gc,metaspace   ] GC(91) Metaspace: 6301K(6464K)->6301K(6464K) NonClass: 5768K(5824K)->5768K(5824K) Class: 533K(640K)->533K(640K)
[5.523s][info][gc             ] GC(91) Pause Young (Allocation Failure) 905M->905M(1066M) 24.077ms
[5.523s][info][gc,cpu         ] GC(91) User=0.25s Sys=0.00s Real=0.02s
[5.543s][info][gc,start       ] GC(92) Pause Young (Allocation Failure)
[5.577s][info][gc,heap        ] GC(92) PSYoungGen: 66144K(113152K)->51328K(117248K) Eden: 18432K(18432K)->0K(18432K) From: 47712K(94720K)->51328K(98816K)
[5.577s][info][gc,heap        ] GC(92) ParOldGen: 879021K(978432K)->894061K(978432K)
[5.577s][info][gc,metaspace   ] GC(92) Metaspace: 6301K(6464K)->6301K(6464K) NonClass: 5768K(5824K)->5768K(5824K) Class: 533K(640K)->533K(640K)
[5.577s][info][gc             ] GC(92) Pause Young (Allocation Failure) 923M->923M(1070M) 33.263ms
[5.577s][info][gc,cpu         ] GC(92) User=0.16s Sys=0.00s Real=0.03s
[5.599s][info][gc,start       ] GC(93) Pause Young (Allocation Failure)
[5.633s][info][gc,heap        ] GC(93) PSYoungGen: 69760K(117248K)->53408K(114176K) Eden: 18432K(18432K)->0K(20992K) From: 51328K(98816K)->53408K(93184K)
[5.633s][info][gc,heap        ] GC(93) ParOldGen: 894061K(978432K)->910661K(978432K)
[5.633s][info][gc,metaspace   ] GC(93) Metaspace: 6301K(6464K)->6301K(6464K) NonClass: 5768K(5824K)->5768K(5824K) Class: 533K(640K)->533K(640K)
[5.633s][info][gc             ] GC(93) Pause Young (Allocation Failure) 941M->941M(1067M) 34.115ms
[5.633s][info][gc,cpu         ] GC(93) User=0.16s Sys=0.00s Real=0.04s
[5.657s][info][gc,start       ] GC(94) Pause Young (Allocation Failure)
[5.694s][info][gc,heap        ] GC(94) PSYoungGen: 74400K(114176K)->57984K(115712K) Eden: 20992K(20992K)->0K(20992K) From: 53408K(93184K)->57984K(94720K)
[5.694s][info][gc,heap        ] GC(94) ParOldGen: 910661K(978432K)->927269K(978432K)
[5.694s][info][gc,metaspace   ] GC(94) Metaspace: 6301K(6464K)->6301K(6464K) NonClass: 5768K(5824K)->5768K(5824K) Class: 533K(640K)->533K(640K)
[5.694s][info][gc             ] GC(94) Pause Young (Allocation Failure) 961M->962M(1068M) 36.605ms
[5.694s][info][gc,cpu         ] GC(94) User=0.23s Sys=0.02s Real=0.04s
[5.717s][info][gc,start       ] GC(95) Pause Young (Allocation Failure)
[5.756s][info][gc,heap        ] GC(95) PSYoungGen: 78976K(115712K)->60576K(117760K) Eden: 20992K(20992K)->0K(23040K) From: 57984K(94720K)->60576K(94720K)
[5.756s][info][gc,heap        ] GC(95) ParOldGen: 927269K(978432K)->945965K(978432K)
[5.756s][info][gc,metaspace   ] GC(95) Metaspace: 6301K(6464K)->6301K(6464K) NonClass: 5768K(5824K)->5768K(5824K) Class: 533K(640K)->533K(640K)
[5.756s][info][gc             ] GC(95) Pause Young (Allocation Failure) 982M->982M(1070M) 38.732ms
[5.756s][info][gc,cpu         ] GC(95) User=0.27s Sys=0.00s Real=0.04s
[5.756s][info][gc,start       ] GC(96) Pause Full (Ergonomics)
[5.756s][info][gc,phases,start] GC(96) Marking Phase
[5.983s][info][gc,phases      ] GC(96) Marking Phase 226.742ms
[5.983s][info][gc,phases,start] GC(96) Summary Phase
[5.983s][info][gc,phases      ] GC(96) Summary Phase 0.029ms
[5.983s][info][gc,phases,start] GC(96) Adjust Roots
[5.983s][info][gc,phases      ] GC(96) Adjust Roots 0.150ms
[5.983s][info][gc,phases,start] GC(96) Compaction Phase
[6.072s][info][gc,phases      ] GC(96) Compaction Phase 89.498ms
[6.073s][info][gc,phases,start] GC(96) Post Compact
[6.074s][info][gc,phases      ] GC(96) Post Compact 1.678ms
[6.075s][info][gc,heap        ] GC(96) PSYoungGen: 60576K(117760K)->27114K(117760K) Eden: 0K(23040K)->0K(23040K) From: 60576K(94720K)->27114K(94720K)
[6.075s][info][gc,heap        ] GC(96) ParOldGen: 945965K(978432K)->978153K(1076736K)
[6.075s][info][gc,metaspace   ] GC(96) Metaspace: 6301K(6464K)->6301K(6464K) NonClass: 5768K(5824K)->5768K(5824K) Class: 533K(640K)->533K(640K)
[6.075s][info][gc             ] GC(96) Pause Full (Ergonomics) 982M->981M(1166M) 318.762ms
[6.075s][info][gc,cpu         ] GC(96) User=2.36s Sys=0.03s Real=0.32s
[6.104s][info][gc,start       ] GC(97) Pause Young (Allocation Failure)
[6.167s][info][gc,heap        ] GC(97) PSYoungGen: 50154K(117760K)->31648K(118272K) Eden: 23040K(23040K)->0K(23040K) From: 27114K(94720K)->31648K(95232K)
[6.167s][info][gc,heap        ] GC(97) ParOldGen: 978153K(1076736K)->997089K(1076736K)
[6.167s][info][gc,metaspace   ] GC(97) Metaspace: 6301K(6464K)->6301K(6464K) NonClass: 5768K(5824K)->5768K(5824K) Class: 533K(640K)->533K(640K)
[6.167s][info][gc             ] GC(97) Pause Young (Allocation Failure) 1004M->1004M(1167M) 63.404ms
[6.167s][info][gc,cpu         ] GC(97) User=0.39s Sys=0.00s Real=0.06s
[6.192s][info][gc,start       ] GC(98) Pause Young (Allocation Failure)
[6.221s][info][gc,heap        ] GC(98) PSYoungGen: 54688K(118272K)->46272K(109568K) Eden: 23040K(23040K)->0K(25600K) From: 31648K(95232K)->46272K(83968K)
[6.221s][info][gc,heap        ] GC(98) ParOldGen: 997089K(1076736K)->1005649K(1076736K)
[6.221s][info][gc,metaspace   ] GC(98) Metaspace: 6301K(6464K)->6301K(6464K) NonClass: 5768K(5824K)->5768K(5824K) Class: 533K(640K)->533K(640K)
[6.221s][info][gc             ] GC(98) Pause Young (Allocation Failure) 1027M->1027M(1158M) 29.156ms
[6.222s][info][gc,cpu         ] GC(98) User=0.12s Sys=0.02s Real=0.03s
[6.250s][info][gc,start       ] GC(99) Pause Young (Allocation Failure)
[6.287s][info][gc,heap        ] GC(99) PSYoungGen: 71872K(109568K)->48832K(74752K) Eden: 25600K(25600K)->0K(25600K) From: 46272K(83968K)->48832K(49152K)
[6.287s][info][gc,heap        ] GC(99) ParOldGen: 1005649K(1076736K)->1029001K(1076736K)
[6.287s][info][gc,metaspace   ] GC(99) Metaspace: 6301K(6464K)->6301K(6464K) NonClass: 5768K(5824K)->5768K(5824K) Class: 533K(640K)->533K(640K)
[6.287s][info][gc             ] GC(99) Pause Young (Allocation Failure) 1052M->1052M(1124M) 36.978ms
[6.287s][info][gc,cpu         ] GC(99) User=0.23s Sys=0.02s Real=0.04s
[6.316s][info][gc,start       ] GC(100) Pause Young (Allocation Failure)
[6.354s][info][gc,heap        ] GC(100) PSYoungGen: 74432K(74752K)->51360K(109568K) Eden: 25600K(25600K)->0K(28672K) From: 48832K(49152K)->51360K(80896K)
[6.354s][info][gc,heap        ] GC(100) ParOldGen: 1029001K(1076736K)->1052353K(1076736K)
[6.355s][info][gc,metaspace   ] GC(100) Metaspace: 6301K(6464K)->6301K(6464K) NonClass: 5768K(5824K)->5768K(5824K) Class: 533K(640K)->533K(640K)
[6.355s][info][gc             ] GC(100) Pause Young (Allocation Failure) 1077M->1077M(1158M) 38.723ms
[6.355s][info][gc,cpu         ] GC(100) User=0.22s Sys=0.03s Real=0.04s
[6.355s][info][gc,start       ] GC(101) Pause Full (Ergonomics)
[6.355s][info][gc,phases,start] GC(101) Marking Phase
[6.608s][info][gc,phases      ] GC(101) Marking Phase 253.391ms
[6.608s][info][gc,phases,start] GC(101) Summary Phase
[6.608s][info][gc,phases      ] GC(101) Summary Phase 0.025ms
[6.608s][info][gc,phases,start] GC(101) Adjust Roots
[6.608s][info][gc,phases      ] GC(101) Adjust Roots 0.187ms
[6.608s][info][gc,phases,start] GC(101) Compaction Phase
[6.702s][info][gc,phases      ] GC(101) Compaction Phase 93.792ms
[6.702s][info][gc,phases,start] GC(101) Post Compact
[6.704s][info][gc,phases      ] GC(101) Post Compact 1.835ms
[6.704s][info][gc,heap        ] GC(101) PSYoungGen: 51360K(109568K)->26096K(111616K) Eden: 0K(28672K)->0K(30720K) From: 51360K(80896K)->26096K(80896K)
[6.704s][info][gc,heap        ] GC(101) ParOldGen: 1052353K(1076736K)->1076321K(1182720K)
[6.704s][info][gc,metaspace   ] GC(101) Metaspace: 6301K(6464K)->6301K(6464K) NonClass: 5768K(5824K)->5768K(5824K) Class: 533K(640K)->533K(640K)
[6.705s][info][gc             ] GC(101) Pause Full (Ergonomics) 1077M->1076M(1264M) 349.923ms
[6.705s][info][gc,cpu         ] GC(101) User=2.58s Sys=0.02s Real=0.35s
[6.740s][info][gc,start       ] GC(102) Pause Young (Allocation Failure)
[6.818s][info][gc,heap        ] GC(102) PSYoungGen: 56816K(111616K)->42144K(113664K) Eden: 30720K(30720K)->0K(30720K) From: 26096K(80896K)->42144K(82944K)
[6.818s][info][gc,heap        ] GC(102) ParOldGen: 1076321K(1182720K)->1091409K(1182720K)
[6.818s][info][gc,metaspace   ] GC(102) Metaspace: 6301K(6464K)->6301K(6464K) NonClass: 5768K(5824K)->5768K(5824K) Class: 533K(640K)->533K(640K)
[6.818s][info][gc             ] GC(102) Pause Young (Allocation Failure) 1106M->1106M(1266M) 77.663ms
[6.818s][info][gc,cpu         ] GC(102) User=0.47s Sys=0.03s Real=0.08s
[6.852s][info][gc,start       ] GC(103) Pause Young (Allocation Failure)
[6.889s][info][gc,heap        ] GC(103) PSYoungGen: 72864K(113664K)->72896K(107520K) Eden: 30720K(30720K)->0K(27136K) From: 42144K(82944K)->72896K(80384K)
[6.889s][info][gc,heap        ] GC(103) ParOldGen: 1091409K(1182720K)->1091409K(1182720K)
[6.889s][info][gc,metaspace   ] GC(103) Metaspace: 6301K(6464K)->6301K(6464K) NonClass: 5768K(5824K)->5768K(5824K) Class: 533K(640K)->533K(640K)
[6.889s][info][gc             ] GC(103) Pause Young (Allocation Failure) 1136M->1137M(1260M) 37.591ms
[6.889s][info][gc,cpu         ] GC(103) User=0.25s Sys=0.00s Real=0.04s
[6.921s][info][gc,start       ] GC(104) Pause Young (Allocation Failure)
[6.975s][info][gc,heap        ] GC(104) PSYoungGen: 100032K(107520K)->87040K(114176K) Eden: 27136K(27136K)->0K(27136K) From: 72896K(80384K)->87040K(87040K)
[6.975s][info][gc,heap        ] GC(104) ParOldGen: 1091409K(1182720K)->1104465K(1182720K)
[6.975s][info][gc,metaspace   ] GC(104) Metaspace: 6301K(6464K)->6301K(6464K) NonClass: 5768K(5824K)->5768K(5824K) Class: 533K(640K)->533K(640K)
[6.975s][info][gc             ] GC(104) Pause Young (Allocation Failure) 1163M->1163M(1266M) 53.970ms
[6.975s][info][gc,cpu         ] GC(104) User=0.48s Sys=0.02s Real=0.06s
[7.009s][info][gc,start       ] GC(105) Pause Young (Allocation Failure)
[7.072s][info][gc,heap        ] GC(105) PSYoungGen: 114176K(114176K)->77984K(128000K) Eden: 27136K(27136K)->0K(26112K) From: 87040K(87040K)->77984K(101888K)
[7.072s][info][gc,heap        ] GC(105) ParOldGen: 1104465K(1182720K)->1141257K(1182720K)
[7.072s][info][gc,metaspace   ] GC(105) Metaspace: 6301K(6464K)->6301K(6464K) NonClass: 5768K(5824K)->5768K(5824K) Class: 533K(640K)->533K(640K)
[7.072s][info][gc             ] GC(105) Pause Young (Allocation Failure) 1190M->1190M(1280M) 63.382ms
[7.072s][info][gc,cpu         ] GC(105) User=0.38s Sys=0.02s Real=0.06s
[7.103s][info][gc,start       ] GC(106) Pause Young (Allocation Failure)
[7.161s][info][gc,heap        ] GC(106) PSYoungGen: 104096K(128000K)->76896K(132096K) Eden: 26112K(26112K)->0K(26112K) From: 77984K(101888K)->76896K(105984K)
[7.161s][info][gc,heap        ] GC(106) ParOldGen: 1141257K(1182720K)->1168777K(1182720K)
[7.161s][info][gc,metaspace   ] GC(106) Metaspace: 6301K(6464K)->6301K(6464K) NonClass: 5768K(5824K)->5768K(5824K) Class: 533K(640K)->533K(640K)
[7.161s][info][gc             ] GC(106) Pause Young (Allocation Failure) 1216M->1216M(1284M) 57.956ms
[7.161s][info][gc,cpu         ] GC(106) User=0.38s Sys=0.02s Real=0.06s
[7.161s][info][gc,start       ] GC(107) Pause Full (Ergonomics)
[7.161s][info][gc,phases,start] GC(107) Marking Phase
[7.446s][info][gc,phases      ] GC(107) Marking Phase 285.385ms
[7.447s][info][gc,phases,start] GC(107) Summary Phase
[7.447s][info][gc,phases      ] GC(107) Summary Phase 0.032ms
[7.447s][info][gc,phases,start] GC(107) Adjust Roots
[7.447s][info][gc,phases      ] GC(107) Adjust Roots 0.152ms
[7.447s][info][gc,phases,start] GC(107) Compaction Phase
[7.554s][info][gc,phases      ] GC(107) Compaction Phase 106.980ms
[7.554s][info][gc,phases,start] GC(107) Post Compact
[7.556s][info][gc,phases      ] GC(107) Post Compact 2.138ms
[7.556s][info][gc,heap        ] GC(107) PSYoungGen: 76896K(132096K)->61817K(132096K) Eden: 0K(26112K)->0K(26112K) From: 76896K(105984K)->61817K(105984K)
[7.556s][info][gc,heap        ] GC(107) ParOldGen: 1168777K(1182720K)->1182270K(1298944K)
[7.556s][info][gc,metaspace   ] GC(107) Metaspace: 6301K(6464K)->6301K(6464K) NonClass: 5768K(5824K)->5768K(5824K) Class: 533K(640K)->533K(640K)
[7.556s][info][gc             ] GC(107) Pause Full (Ergonomics) 1216M->1214M(1397M) 395.425ms
[7.557s][info][gc,cpu         ] GC(107) User=2.81s Sys=0.03s Real=0.39s
[7.590s][info][gc,start       ] GC(108) Pause Young (Allocation Failure)
[7.679s][info][gc,heap        ] GC(108) PSYoungGen: 87929K(132096K)->70016K(136192K) Eden: 26112K(26112K)->0K(29184K) From: 61817K(105984K)->70016K(107008K)
[7.679s][info][gc,heap        ] GC(108) ParOldGen: 1182270K(1298944K)->1200734K(1298944K)
[7.679s][info][gc,metaspace   ] GC(108) Metaspace: 6301K(6464K)->6301K(6464K) NonClass: 5768K(5824K)->5768K(5824K) Class: 533K(640K)->533K(640K)
[7.679s][info][gc             ] GC(108) Pause Young (Allocation Failure) 1240M->1240M(1401M) 89.629ms
[7.679s][info][gc,cpu         ] GC(108) User=0.50s Sys=0.03s Real=0.09s
[7.715s][info][gc,start       ] GC(109) Pause Young (Allocation Failure)
[7.773s][info][gc,heap        ] GC(109) PSYoungGen: 99200K(136192K)->76800K(137216K) Eden: 29184K(29184K)->0K(29184K) From: 70016K(107008K)->76800K(108032K)
[7.773s][info][gc,heap        ] GC(109) ParOldGen: 1200734K(1298944K)->1223462K(1298944K)
[7.773s][info][gc,metaspace   ] GC(109) Metaspace: 6301K(6464K)->6301K(6464K) NonClass: 5768K(5824K)->5768K(5824K) Class: 533K(640K)->533K(640K)
[7.773s][info][gc             ] GC(109) Pause Young (Allocation Failure) 1269M->1269M(1402M) 57.694ms
[7.773s][info][gc,cpu         ] GC(109) User=0.39s Sys=0.00s Real=0.06s
[7.798s][info][gc,start       ] GC(110) Pause Young (Allocation Failure)
[7.848s][info][gc,heap        ] GC(110) PSYoungGen: 105984K(137216K)->71488K(140288K) Eden: 29184K(29184K)->0K(32768K) From: 76800K(108032K)->71488K(107520K)
[7.848s][info][gc,heap        ] GC(110) ParOldGen: 1223462K(1298944K)->1244998K(1298944K)
[7.848s][info][gc,metaspace   ] GC(110) Metaspace: 6301K(6464K)->6301K(6464K) NonClass: 5768K(5824K)->5768K(5824K) Class: 533K(640K)->533K(640K)
[7.848s][info][gc             ] GC(110) Pause Young (Allocation Failure) 1298M->1285M(1405M) 50.819ms
[7.848s][info][gc,cpu         ] GC(110) User=0.27s Sys=0.03s Real=0.05s
[7.887s][info][gc,start       ] GC(111) Pause Young (Allocation Failure)
[7.942s][info][gc,heap        ] GC(111) PSYoungGen: 104256K(140288K)->73024K(141312K) Eden: 32768K(32768K)->0K(32768K) From: 71488K(107520K)->73024K(108544K)
[7.942s][info][gc,heap        ] GC(111) ParOldGen: 1244998K(1298944K)->1271470K(1298944K)
[7.942s][info][gc,metaspace   ] GC(111) Metaspace: 6301K(6464K)->6301K(6464K) NonClass: 5768K(5824K)->5768K(5824K) Class: 533K(640K)->533K(640K)
[7.942s][info][gc             ] GC(111) Pause Young (Allocation Failure) 1317M->1312M(1406M) 54.780ms
[7.942s][info][gc,cpu         ] GC(111) User=0.39s Sys=0.00s Real=0.05s
[7.942s][info][gc,start       ] GC(112) Pause Full (Ergonomics)
[7.942s][info][gc,phases,start] GC(112) Marking Phase
[8.232s][info][gc,phases      ] GC(112) Marking Phase 290.001ms
[8.232s][info][gc,phases,start] GC(112) Summary Phase
[8.232s][info][gc,phases      ] GC(112) Summary Phase 0.028ms
[8.232s][info][gc,phases,start] GC(112) Adjust Roots
[8.232s][info][gc,phases      ] GC(112) Adjust Roots 0.253ms
[8.232s][info][gc,phases,start] GC(112) Compaction Phase
[8.595s][info][gc,phases      ] GC(112) Compaction Phase 362.397ms
[8.595s][info][gc,phases,start] GC(112) Post Compact
[8.597s][info][gc,phases      ] GC(112) Post Compact 2.672ms
[8.598s][info][gc,heap        ] GC(112) PSYoungGen: 73024K(141312K)->44122K(141312K) Eden: 0K(32768K)->0K(32768K) From: 73024K(108544K)->44122K(108544K)
[8.598s][info][gc,heap        ] GC(112) ParOldGen: 1271470K(1298944K)->1298785K(1422336K)
[8.598s][info][gc,metaspace   ] GC(112) Metaspace: 6301K(6464K)->6301K(6464K) NonClass: 5768K(5824K)->5768K(5824K) Class: 533K(640K)->533K(640K)
[8.598s][info][gc             ] GC(112) Pause Full (Ergonomics) 1312M->1311M(1527M) 656.137ms
[8.598s][info][gc,cpu         ] GC(112) User=4.69s Sys=0.03s Real=0.66s
[8.639s][info][gc,start       ] GC(113) Pause Young (Allocation Failure)
[8.733s][info][gc,heap        ] GC(113) PSYoungGen: 76890K(141312K)->60256K(135168K) Eden: 32768K(32768K)->0K(35840K) From: 44122K(108544K)->60256K(99328K)
[8.733s][info][gc,heap        ] GC(113) ParOldGen: 1298785K(1422336K)->1315913K(1422336K)
[8.733s][info][gc,metaspace   ] GC(113) Metaspace: 6301K(6464K)->6301K(6464K) NonClass: 5768K(5824K)->5768K(5824K) Class: 533K(640K)->533K(640K)
[8.733s][info][gc             ] GC(113) Pause Young (Allocation Failure) 1343M->1343M(1521M) 93.967ms
[8.733s][info][gc,cpu         ] GC(113) User=0.59s Sys=0.06s Real=0.09s
[9.041s][info][gc,start       ] GC(114) Pause Young (Allocation Failure)
[9.117s][info][gc,heap        ] GC(114) PSYoungGen: 96096K(135168K)->96160K(139776K) Eden: 35840K(35840K)->0K(35840K) From: 60256K(99328K)->96160K(103936K)
[9.117s][info][gc,heap        ] GC(114) ParOldGen: 1381449K(1422336K)->1381449K(1422336K)
[9.117s][info][gc,metaspace   ] GC(114) Metaspace: 6301K(6464K)->6301K(6464K) NonClass: 5768K(5824K)->5768K(5824K) Class: 533K(640K)->533K(640K)
[9.117s][info][gc             ] GC(114) Pause Young (Allocation Failure) 1442M->1442M(1525M) 76.327ms
[9.117s][info][gc,cpu         ] GC(114) User=0.52s Sys=0.00s Real=0.08s
[9.151s][info][gc,start       ] GC(115) Pause Young (Allocation Failure)
[9.218s][info][gc,heap        ] GC(115) PSYoungGen: 132000K(139776K)->112128K(131584K) Eden: 35840K(35840K)->0K(19456K) From: 96160K(103936K)->112128K(112128K)
[9.218s][info][gc,heap        ] GC(115) ParOldGen: 1381449K(1422336K)->1401441K(1422336K)
[9.218s][info][gc,metaspace   ] GC(115) Metaspace: 6301K(6464K)->6301K(6464K) NonClass: 5768K(5824K)->5768K(5824K) Class: 533K(640K)->533K(640K)
[9.218s][info][gc             ] GC(115) Pause Young (Allocation Failure) 1477M->1478M(1517M) 66.649ms
[9.218s][info][gc,cpu         ] GC(115) User=0.41s Sys=0.06s Real=0.07s
[9.218s][info][gc,start       ] GC(116) Pause Full (Ergonomics)
[9.218s][info][gc,phases,start] GC(116) Marking Phase
[9.540s][info][gc,phases      ] GC(116) Marking Phase 322.228ms
[9.540s][info][gc,phases,start] GC(116) Summary Phase
[9.540s][info][gc,phases      ] GC(116) Summary Phase 0.037ms
[9.540s][info][gc,phases,start] GC(116) Adjust Roots
[9.541s][info][gc,phases      ] GC(116) Adjust Roots 0.164ms
[9.541s][info][gc,phases,start] GC(116) Compaction Phase
[9.781s][info][gc,phases      ] GC(116) Compaction Phase 240.735ms
[9.781s][info][gc,phases,start] GC(116) Post Compact
[9.785s][info][gc,phases      ] GC(116) Post Compact 3.178ms
[9.785s][info][gc,heap        ] GC(116) PSYoungGen: 112128K(131584K)->57721K(131584K) Eden: 0K(19456K)->0K(19456K) From: 112128K(112128K)->57721K(112128K)
[9.785s][info][gc,heap        ] GC(116) ParOldGen: 1401441K(1422336K)->1422312K(1550336K)
[9.785s][info][gc,metaspace   ] GC(116) Metaspace: 6301K(6464K)->6301K(6464K) NonClass: 5768K(5824K)->5768K(5824K) Class: 533K(640K)->533K(640K)
[9.785s][info][gc             ] GC(116) Pause Full (Ergonomics) 1478M->1445M(1642M) 567.218ms
[9.785s][info][gc,cpu         ] GC(116) User=3.95s Sys=0.00s Real=0.57s
[9.804s][info][gc,start       ] GC(117) Pause Young (Allocation Failure)
[9.894s][info][gc,heap        ] GC(117) PSYoungGen: 77177K(131584K)->67840K(87552K) Eden: 19456K(19456K)->0K(19456K) From: 57721K(112128K)->67840K(68096K)
[9.894s][info][gc,heap        ] GC(117) ParOldGen: 1422312K(1550336K)->1432024K(1550336K)
[9.894s][info][gc,metaspace   ] GC(117) Metaspace: 6301K(6464K)->6301K(6464K) NonClass: 5768K(5824K)->5768K(5824K) Class: 533K(640K)->533K(640K)
[9.894s][info][gc             ] GC(117) Pause Young (Allocation Failure) 1464M->1464M(1599M) 89.324ms
[9.894s][info][gc,cpu         ] GC(117) User=0.64s Sys=0.00s Real=0.09s
[9.912s][info][gc,start       ] GC(118) Pause Young (Allocation Failure)
[9.954s][info][gc,heap        ] GC(118) PSYoungGen: 87296K(87552K)->87328K(148480K) Eden: 19456K(19456K)->0K(21504K) From: 67840K(68096K)->87328K(126976K)
[9.954s][info][gc,heap        ] GC(118) ParOldGen: 1432024K(1550336K)->1432024K(1550336K)
[9.954s][info][gc,metaspace   ] GC(118) Metaspace: 6301K(6464K)->6301K(6464K) NonClass: 5768K(5824K)->5768K(5824K) Class: 533K(640K)->533K(640K)
[9.955s][info][gc             ] GC(118) Pause Young (Allocation Failure) 1483M->1483M(1659M) 42.951ms
[9.955s][info][gc,cpu         ] GC(118) User=0.16s Sys=0.00s Real=0.04s
[9.975s][info][gc,start       ] GC(119) Pause Young (Allocation Failure)
[10.027s][info][gc,heap        ] GC(119) PSYoungGen: 108832K(148480K)->108864K(148480K) Eden: 21504K(21504K)->0K(21504K) From: 87328K(126976K)->108864K(126976K)
[10.027s][info][gc,heap        ] GC(119) ParOldGen: 1432024K(1550336K)->1432024K(1550336K)
[10.027s][info][gc,metaspace   ] GC(119) Metaspace: 6301K(6464K)->6301K(6464K) NonClass: 5768K(5824K)->5768K(5824K) Class: 533K(640K)->533K(640K)
[10.027s][info][gc             ] GC(119) Pause Young (Allocation Failure) 1504M->1504M(1659M) 51.555ms
[10.027s][info][gc,cpu         ] GC(119) User=0.38s Sys=0.00s Real=0.05s
[10.049s][info][gc,start       ] GC(120) Pause Young (Allocation Failure)
[10.114s][info][gc,heap        ] GC(120) PSYoungGen: 130368K(148480K)->114592K(151040K) Eden: 21504K(21504K)->0K(16384K) From: 108864K(126976K)->114592K(134656K)
[10.114s][info][gc,heap        ] GC(120) ParOldGen: 1432024K(1550336K)->1448000K(1550336K)
[10.114s][info][gc,metaspace   ] GC(120) Metaspace: 6301K(6464K)->6301K(6464K) NonClass: 5768K(5824K)->5768K(5824K) Class: 533K(640K)->533K(640K)
[10.114s][info][gc             ] GC(120) Pause Young (Allocation Failure) 1525M->1525M(1661M) 65.103ms
[10.114s][info][gc,cpu         ] GC(120) User=0.44s Sys=0.00s Real=0.07s
[10.131s][info][gc,start       ] GC(121) Pause Young (Allocation Failure)
[10.195s][info][gc,heap        ] GC(121) PSYoungGen: 130976K(151040K)->98528K(158720K) Eden: 16384K(16384K)->0K(16384K) From: 114592K(134656K)->98528K(142336K)
[10.195s][info][gc,heap        ] GC(121) ParOldGen: 1448000K(1550336K)->1480776K(1550336K)
[10.195s][info][gc,metaspace   ] GC(121) Metaspace: 6301K(6464K)->6301K(6464K) NonClass: 5768K(5824K)->5768K(5824K) Class: 533K(640K)->533K(640K)
[10.195s][info][gc             ] GC(121) Pause Young (Allocation Failure) 1541M->1542M(1669M) 64.700ms
[10.195s][info][gc,cpu         ] GC(121) User=0.33s Sys=0.06s Real=0.07s
[10.212s][info][gc,start       ] GC(122) Pause Young (Allocation Failure)
[10.267s][info][gc,heap        ] GC(122) PSYoungGen: 114912K(158720K)->75968K(152576K) Eden: 16384K(16384K)->0K(18944K) From: 98528K(142336K)->75968K(133632K)
[10.267s][info][gc,heap        ] GC(122) ParOldGen: 1480776K(1550336K)->1520144K(1550336K)
[10.267s][info][gc,metaspace   ] GC(122) Metaspace: 6301K(6464K)->6301K(6464K) NonClass: 5768K(5824K)->5768K(5824K) Class: 533K(640K)->533K(640K)
[10.267s][info][gc             ] GC(122) Pause Young (Allocation Failure) 1558M->1558M(1663M) 54.868ms
[10.267s][info][gc,cpu         ] GC(122) User=0.38s Sys=0.02s Real=0.06s
[10.267s][info][gc,start       ] GC(123) Pause Full (Ergonomics)
[10.267s][info][gc,phases,start] GC(123) Marking Phase
[10.622s][info][gc,phases      ] GC(123) Marking Phase 355.205ms
[10.622s][info][gc,phases,start] GC(123) Summary Phase
[10.622s][info][gc,phases      ] GC(123) Summary Phase 0.030ms
[10.622s][info][gc,phases,start] GC(123) Adjust Roots
[10.623s][info][gc,phases      ] GC(123) Adjust Roots 0.160ms
[10.623s][info][gc,phases,start] GC(123) Compaction Phase
[10.779s][info][gc,phases      ] GC(123) Compaction Phase 156.513ms
[10.779s][info][gc,phases,start] GC(123) Post Compact
[10.782s][info][gc,phases      ] GC(123) Post Compact 3.177ms
[10.783s][info][gc,heap        ] GC(123) PSYoungGen: 75968K(152576K)->44488K(155648K) Eden: 0K(18944K)->0K(22016K) From: 75968K(133632K)->44488K(133632K)
[10.783s][info][gc,heap        ] GC(123) ParOldGen: 1520144K(1550336K)->1550053K(1696256K)
[10.783s][info][gc,metaspace   ] GC(123) Metaspace: 6301K(6464K)->6301K(6464K) NonClass: 5768K(5824K)->5768K(5824K) Class: 533K(640K)->533K(640K)
[10.783s][info][gc             ] GC(123) Pause Full (Ergonomics) 1558M->1557M(1808M) 516.145ms
[10.783s][info][gc,cpu         ] GC(123) User=3.64s Sys=0.00s Real=0.52s
[10.808s][info][gc,start       ] GC(124) Pause Young (Allocation Failure)
[10.899s][info][gc,heap        ] GC(124) PSYoungGen: 66504K(155648K)->40736K(160256K) Eden: 22016K(22016K)->0K(22016K) From: 44488K(133632K)->40736K(138240K)
[10.899s][info][gc,heap        ] GC(124) ParOldGen: 1550053K(1696256K)->1576397K(1696256K)
[10.899s][info][gc,metaspace   ] GC(124) Metaspace: 6301K(6464K)->6301K(6464K) NonClass: 5768K(5824K)->5768K(5824K) Class: 533K(640K)->533K(640K)
[10.899s][info][gc             ] GC(124) Pause Young (Allocation Failure) 1578M->1579M(1813M) 91.038ms
[10.899s][info][gc,cpu         ] GC(124) User=0.62s Sys=0.00s Real=0.09s
[10.920s][info][gc,start       ] GC(125) Pause Young (Allocation Failure)
[10.954s][info][gc,heap        ] GC(125) PSYoungGen: 62752K(160256K)->51968K(160256K) Eden: 22016K(22016K)->0K(24576K) From: 40736K(138240K)->51968K(135680K)
[10.954s][info][gc,heap        ] GC(125) ParOldGen: 1576397K(1696256K)->1587309K(1696256K)
[10.954s][info][gc,metaspace   ] GC(125) Metaspace: 6301K(6464K)->6301K(6464K) NonClass: 5768K(5824K)->5768K(5824K) Class: 533K(640K)->533K(640K)
[10.954s][info][gc             ] GC(125) Pause Young (Allocation Failure) 1600M->1600M(1813M) 33.452ms
[10.954s][info][gc,cpu         ] GC(125) User=0.09s Sys=0.00s Real=0.03s
[10.979s][info][gc,start       ] GC(126) Pause Young (Allocation Failure)
[11.019s][info][gc,heap        ] GC(126) PSYoungGen: 76544K(160256K)->68864K(93696K) Eden: 24576K(24576K)->0K(24576K) From: 51968K(135680K)->68864K(69120K)
[11.019s][info][gc,heap        ] GC(126) ParOldGen: 1587309K(1696256K)->1595213K(1696256K)
[11.019s][info][gc,metaspace   ] GC(126) Metaspace: 6301K(6464K)->6301K(6464K) NonClass: 5768K(5824K)->5768K(5824K) Class: 533K(640K)->533K(640K)
[11.019s][info][gc             ] GC(126) Pause Young (Allocation Failure) 1624M->1625M(1748M) 39.839ms
[11.019s][info][gc,cpu         ] GC(126) User=0.16s Sys=0.00s Real=0.04s
[11.044s][info][gc,start       ] GC(127) Pause Young (Allocation Failure)
[11.090s][info][gc,heap        ] GC(127) PSYoungGen: 93440K(93696K)->71360K(150016K) Eden: 24576K(24576K)->0K(27648K) From: 68864K(69120K)->71360K(122368K)
[11.090s][info][gc,heap        ] GC(127) ParOldGen: 1595213K(1696256K)->1617525K(1696256K)
[11.090s][info][gc,metaspace   ] GC(127) Metaspace: 6301K(6464K)->6301K(6464K) NonClass: 5768K(5824K)->5768K(5824K) Class: 533K(640K)->533K(640K)
[11.090s][info][gc             ] GC(127) Pause Young (Allocation Failure) 1649M->1649M(1803M) 46.193ms
[11.090s][info][gc,cpu         ] GC(127) User=0.23s Sys=0.02s Real=0.05s
[11.118s][info][gc,start       ] GC(128) Pause Young (Allocation Failure)
[11.168s][info][gc,heap        ] GC(128) PSYoungGen: 99008K(150016K)->52384K(155136K) Eden: 27648K(27648K)->0K(27648K) From: 71360K(122368K)->52384K(127488K)
[11.168s][info][gc,heap        ] GC(128) ParOldGen: 1617525K(1696256K)->1664717K(1696256K)
[11.168s][info][gc,metaspace   ] GC(128) Metaspace: 6301K(6464K)->6301K(6464K) NonClass: 5768K(5824K)->5768K(5824K) Class: 533K(640K)->533K(640K)
[11.168s][info][gc             ] GC(128) Pause Young (Allocation Failure) 1676M->1676M(1808M) 49.532ms
[11.168s][info][gc,cpu         ] GC(128) User=0.30s Sys=0.00s Real=0.05s
[11.168s][info][gc,start       ] GC(129) Pause Full (Ergonomics)
[11.168s][info][gc,phases,start] GC(129) Marking Phase
[11.550s][info][gc,phases      ] GC(129) Marking Phase 381.864ms
[11.550s][info][gc,phases,start] GC(129) Summary Phase
[11.550s][info][gc,phases      ] GC(129) Summary Phase 0.036ms
[11.550s][info][gc,phases,start] GC(129) Adjust Roots
[11.550s][info][gc,phases      ] GC(129) Adjust Roots 0.165ms
[11.550s][info][gc,phases,start] GC(129) Compaction Phase
[11.715s][info][gc,phases      ] GC(129) Compaction Phase 165.345ms
[11.715s][info][gc,phases,start] GC(129) Post Compact
[11.719s][info][gc,phases      ] GC(129) Post Compact 3.242ms
[11.719s][info][gc,heap        ] GC(129) PSYoungGen: 52384K(155136K)->19468K(155136K) Eden: 0K(27648K)->0K(27648K) From: 52384K(127488K)->19468K(127488K)
[11.719s][info][gc,heap        ] GC(129) ParOldGen: 1664717K(1696256K)->1695759K(1860608K)
[11.719s][info][gc,metaspace   ] GC(129) Metaspace: 6301K(6464K)->6301K(6464K) NonClass: 5768K(5824K)->5768K(5824K) Class: 533K(640K)->533K(640K)
[11.719s][info][gc             ] GC(129) Pause Full (Ergonomics) 1676M->1675M(1968M) 551.545ms
[11.719s][info][gc,cpu         ] GC(129) User=3.91s Sys=0.02s Real=0.55s
[11.750s][info][gc,start       ] GC(130) Pause Young (Allocation Failure)
[11.841s][info][gc,heap        ] GC(130) PSYoungGen: 47116K(155136K)->27808K(154624K) Eden: 27648K(27648K)->0K(28672K) From: 19468K(127488K)->27808K(125952K)
[11.841s][info][gc,heap        ] GC(130) ParOldGen: 1695759K(1860608K)->1715487K(1860608K)
[11.841s][info][gc,metaspace   ] GC(130) Metaspace: 6301K(6464K)->6301K(6464K) NonClass: 5768K(5824K)->5768K(5824K) Class: 533K(640K)->533K(640K)
[11.841s][info][gc             ] GC(130) Pause Young (Allocation Failure) 1702M->1702M(1968M) 90.858ms
[11.841s][info][gc,cpu         ] GC(130) User=0.58s Sys=0.05s Real=0.09s
[11.871s][info][gc,start       ] GC(131) Pause Young (Allocation Failure)
[11.907s][info][gc,heap        ] GC(131) PSYoungGen: 56480K(154624K)->56512K(85504K) Eden: 28672K(28672K)->0K(28672K) From: 27808K(125952K)->56512K(56832K)
[11.907s][info][gc,heap        ] GC(131) ParOldGen: 1715487K(1860608K)->1715487K(1860608K)
[11.907s][info][gc,metaspace   ] GC(131) Metaspace: 6301K(6464K)->6301K(6464K) NonClass: 5768K(5824K)->5768K(5824K) Class: 533K(640K)->533K(640K)
[11.907s][info][gc             ] GC(131) Pause Young (Allocation Failure) 1730M->1730M(1900M) 35.912ms
[11.907s][info][gc,cpu         ] GC(131) User=0.17s Sys=0.00s Real=0.04s
[11.939s][info][gc,start       ] GC(132) Pause Young (Allocation Failure)
[11.984s][info][gc,heap        ] GC(132) PSYoungGen: 85184K(85504K)->57536K(147968K) Eden: 28672K(28672K)->0K(32256K) From: 56512K(56832K)->57536K(115712K)
[11.984s][info][gc,heap        ] GC(132) ParOldGen: 1715487K(1860608K)->1743503K(1860608K)
[11.984s][info][gc,metaspace   ] GC(132) Metaspace: 6301K(6464K)->6301K(6464K) NonClass: 5768K(5824K)->5768K(5824K) Class: 533K(640K)->533K(640K)
[11.984s][info][gc             ] GC(132) Pause Young (Allocation Failure) 1758M->1758M(1961M) 45.234ms
[11.984s][info][gc,cpu         ] GC(132) User=0.20s Sys=0.03s Real=0.05s
[12.017s][info][gc,start       ] GC(133) Pause Young (Allocation Failure)
[12.064s][info][gc,heap        ] GC(133) PSYoungGen: 89792K(147968K)->61120K(93696K) Eden: 32256K(32256K)->0K(32256K) From: 57536K(115712K)->61120K(61440K)
[12.064s][info][gc,heap        ] GC(133) ParOldGen: 1743503K(1860608K)->1772567K(1860608K)
[12.064s][info][gc,metaspace   ] GC(133) Metaspace: 6301K(6464K)->6301K(6464K) NonClass: 5768K(5824K)->5768K(5824K) Class: 533K(640K)->533K(640K)
[12.064s][info][gc             ] GC(133) Pause Young (Allocation Failure) 1790M->1790M(1908M) 47.188ms
[12.064s][info][gc,cpu         ] GC(133) User=0.23s Sys=0.02s Real=0.05s
[12.098s][info][gc,start       ] GC(134) Pause Young (Allocation Failure)
[12.147s][info][gc,heap        ] GC(134) PSYoungGen: 93376K(93696K)->64704K(142848K) Eden: 32256K(32256K)->0K(36352K) From: 61120K(61440K)->64704K(106496K)
[12.147s][info][gc,heap        ] GC(134) ParOldGen: 1772567K(1860608K)->1801615K(1860608K)
[12.147s][info][gc,metaspace   ] GC(134) Metaspace: 6301K(6464K)->6301K(6464K) NonClass: 5768K(5824K)->5768K(5824K) Class: 533K(640K)->533K(640K)
[12.147s][info][gc             ] GC(134) Pause Young (Allocation Failure) 1822M->1822M(1956M) 48.976ms
[12.147s][info][gc,cpu         ] GC(134) User=0.27s Sys=0.00s Real=0.05s
[12.189s][info][gc,start       ] GC(135) Pause Young (Allocation Failure)
[12.241s][info][gc,heap        ] GC(135) PSYoungGen: 101056K(142848K)->68800K(146944K) Eden: 36352K(36352K)->0K(36352K) From: 64704K(106496K)->68800K(110592K)
[12.241s][info][gc,heap        ] GC(135) ParOldGen: 1801615K(1860608K)->1834287K(1860608K)
[12.241s][info][gc,metaspace   ] GC(135) Metaspace: 6301K(6464K)->6301K(6464K) NonClass: 5768K(5824K)->5768K(5824K) Class: 533K(640K)->533K(640K)
[12.241s][info][gc             ] GC(135) Pause Young (Allocation Failure) 1858M->1858M(1960M) 52.288ms
[12.241s][info][gc,cpu         ] GC(135) User=0.36s Sys=0.02s Real=0.05s
[12.241s][info][gc,start       ] GC(136) Pause Full (Ergonomics)
[12.242s][info][gc,phases,start] GC(136) Marking Phase
[12.669s][info][gc,phases      ] GC(136) Marking Phase 427.346ms
[12.669s][info][gc,phases,start] GC(136) Summary Phase
[12.669s][info][gc,phases      ] GC(136) Summary Phase 0.041ms
[12.669s][info][gc,phases,start] GC(136) Adjust Roots
[12.669s][info][gc,phases      ] GC(136) Adjust Roots 0.160ms
[12.669s][info][gc,phases,start] GC(136) Compaction Phase
[12.847s][info][gc,phases      ] GC(136) Compaction Phase 178.085ms
[12.847s][info][gc,phases,start] GC(136) Post Compact
[12.851s][info][gc,phases      ] GC(136) Post Compact 3.585ms
[12.852s][info][gc,heap        ] GC(136) PSYoungGen: 68800K(146944K)->40440K(146944K) Eden: 0K(36352K)->0K(36352K) From: 68800K(110592K)->40440K(110592K)
[12.852s][info][gc,heap        ] GC(136) ParOldGen: 1834287K(1860608K)->1860453K(2037248K)
[12.852s][info][gc,metaspace   ] GC(136) Metaspace: 6301K(6464K)->6301K(6464K) NonClass: 5768K(5824K)->5768K(5824K) Class: 533K(640K)->533K(640K)
[12.852s][info][gc             ] GC(136) Pause Full (Ergonomics) 1858M->1856M(2133M) 610.177ms
[12.852s][info][gc,cpu         ] GC(136) User=4.55s Sys=0.00s Real=0.61s
[12.893s][info][gc,start       ] GC(137) Pause Young (Allocation Failure)
[13.011s][info][gc,heap        ] GC(137) PSYoungGen: 76792K(146944K)->57312K(140288K) Eden: 36352K(36352K)->0K(39936K) From: 40440K(110592K)->57312K(100352K)
[13.011s][info][gc,heap        ] GC(137) ParOldGen: 1860453K(2037248K)->1880445K(2037248K)
[13.011s][info][gc,metaspace   ] GC(137) Metaspace: 6301K(6464K)->6301K(6464K) NonClass: 5768K(5824K)->5768K(5824K) Class: 533K(640K)->533K(640K)
[13.011s][info][gc             ] GC(137) Pause Young (Allocation Failure) 1891M->1892M(2126M) 118.181ms
[13.011s][info][gc,cpu         ] GC(137) User=0.72s Sys=0.02s Real=0.12s
[13.057s][info][gc,start       ] GC(138) Pause Young (Allocation Failure)
[13.108s][info][gc,heap        ] GC(138) PSYoungGen: 97248K(140288K)->97280K(144384K) Eden: 39936K(39936K)->0K(39936K) From: 57312K(100352K)->97280K(104448K)
[13.108s][info][gc,heap        ] GC(138) ParOldGen: 1880445K(2037248K)->1880445K(2037248K)
[13.108s][info][gc,metaspace   ] GC(138) Metaspace: 6301K(6464K)->6301K(6464K) NonClass: 5768K(5824K)->5768K(5824K) Class: 533K(640K)->533K(640K)
[13.108s][info][gc             ] GC(138) Pause Young (Allocation Failure) 1931M->1931M(2130M) 51.274ms
[13.108s][info][gc,cpu         ] GC(138) User=0.36s Sys=0.00s Real=0.05s
[13.157s][info][gc,start       ] GC(139) Pause Young (Allocation Failure)
[13.227s][info][gc,heap        ] GC(139) PSYoungGen: 137216K(144384K)->112640K(135168K) Eden: 39936K(39936K)->0K(22528K) From: 97280K(104448K)->112640K(112640K)
[13.227s][info][gc,heap        ] GC(139) ParOldGen: 1880445K(2037248K)->1905229K(2037248K)
[13.227s][info][gc,metaspace   ] GC(139) Metaspace: 6301K(6464K)->6301K(6464K) NonClass: 5768K(5824K)->5768K(5824K) Class: 533K(640K)->533K(640K)
[13.227s][info][gc             ] GC(139) Pause Young (Allocation Failure) 1970M->1970M(2121M) 70.740ms
[13.227s][info][gc,cpu         ] GC(139) User=0.44s Sys=0.06s Real=0.07s
[13.255s][info][gc,start       ] GC(140) Pause Young (Allocation Failure)
[13.327s][info][gc,heap        ] GC(140) PSYoungGen: 135168K(135168K)->92512K(156672K) Eden: 22528K(22528K)->0K(22528K) From: 112640K(112640K)->92512K(134144K)
[13.327s][info][gc,heap        ] GC(140) ParOldGen: 1905229K(2037248K)->1948613K(2037248K)
[13.327s][info][gc,metaspace   ] GC(140) Metaspace: 6301K(6464K)->6301K(6464K) NonClass: 5768K(5824K)->5768K(5824K) Class: 533K(640K)->533K(640K)
[13.327s][info][gc             ] GC(140) Pause Young (Allocation Failure) 1992M->1993M(2142M) 71.807ms
[13.327s][info][gc,cpu         ] GC(140) User=0.50s Sys=0.00s Real=0.07s
[13.350s][info][gc,start       ] GC(141) Pause Young (Allocation Failure)
[13.409s][info][gc,heap        ] GC(141) PSYoungGen: 115040K(156672K)->80672K(151552K) Eden: 22528K(22528K)->0K(25600K) From: 92512K(134144K)->80672K(125952K)
[13.409s][info][gc,heap        ] GC(141) ParOldGen: 1948613K(2037248K)->1983333K(2037248K)
[13.409s][info][gc,metaspace   ] GC(141) Metaspace: 6301K(6464K)->6301K(6464K) NonClass: 5768K(5824K)->5768K(5824K) Class: 533K(640K)->533K(640K)
[13.409s][info][gc             ] GC(141) Pause Young (Allocation Failure) 2015M->2015M(2137M) 58.843ms
[13.409s][info][gc,cpu         ] GC(141) User=0.34s Sys=0.05s Real=0.06s
[13.435s][info][gc,start       ] GC(142) Pause Young (Allocation Failure)
[13.492s][info][gc,heap        ] GC(142) PSYoungGen: 106272K(151552K)->48288K(155648K) Eden: 25600K(25600K)->0K(25600K) From: 80672K(125952K)->48288K(130048K)
[13.492s][info][gc,heap        ] GC(142) ParOldGen: 1983333K(2037248K)->2042085K(2042368K)
[13.492s][info][gc,metaspace   ] GC(142) Metaspace: 6301K(6464K)->6301K(6464K) NonClass: 5768K(5824K)->5768K(5824K) Class: 533K(640K)->533K(640K)
[13.492s][info][gc             ] GC(142) Pause Young (Allocation Failure) 2040M->2041M(2146M) 56.922ms
[13.492s][info][gc,cpu         ] GC(142) User=0.34s Sys=0.05s Real=0.06s
[13.492s][info][gc,start       ] GC(143) Pause Full (Ergonomics)
[13.492s][info][gc,phases,start] GC(143) Marking Phase
[13.972s][info][gc,phases      ] GC(143) Marking Phase 479.762ms
[13.972s][info][gc,phases,start] GC(143) Summary Phase
[13.972s][info][gc,phases      ] GC(143) Summary Phase 0.033ms
[13.972s][info][gc,phases,start] GC(143) Adjust Roots
[13.972s][info][gc,phases      ] GC(143) Adjust Roots 0.201ms
[13.972s][info][gc,phases,start] GC(143) Compaction Phase
[14.151s][info][gc,phases      ] GC(143) Compaction Phase 178.794ms
[14.151s][info][gc,phases,start] GC(143) Post Compact
[14.155s][info][gc,phases      ] GC(143) Post Compact 4.009ms
[14.156s][info][gc,heap        ] GC(143) PSYoungGen: 48288K(155648K)->45513K(155648K) Eden: 0K(25600K)->0K(25600K) From: 48288K(130048K)->45513K(130048K)
[14.156s][info][gc,heap        ] GC(143) ParOldGen: 2042085K(2042368K)->2042076K(2245632K)
[14.156s][info][gc,metaspace   ] GC(143) Metaspace: 6301K(6464K)->6301K(6464K) NonClass: 5768K(5824K)->5768K(5824K) Class: 533K(640K)->533K(640K)
[14.156s][info][gc             ] GC(143) Pause Full (Ergonomics) 2041M->2038M(2345M) 664.046ms
[14.156s][info][gc,cpu         ] GC(143) User=4.81s Sys=0.02s Real=0.66s
[14.184s][info][gc,start       ] GC(144) Pause Young (Allocation Failure)
[14.306s][info][gc,heap        ] GC(144) PSYoungGen: 71113K(155648K)->25728K(156672K) Eden: 25600K(25600K)->0K(26624K) From: 45513K(130048K)->25728K(130048K)
[14.306s][info][gc,heap        ] GC(144) ParOldGen: 2042076K(2245632K)->2088204K(2245632K)
[14.306s][info][gc,metaspace   ] GC(144) Metaspace: 6301K(6464K)->6301K(6464K) NonClass: 5768K(5824K)->5768K(5824K) Class: 533K(640K)->533K(640K)
[14.306s][info][gc             ] GC(144) Pause Young (Allocation Failure) 2063M->2064M(2346M) 122.129ms
[14.306s][info][gc,cpu         ] GC(144) User=0.83s Sys=0.06s Real=0.12s
[14.334s][info][gc,start       ] GC(145) Pause Young (Allocation Failure)
[14.369s][info][gc,heap        ] GC(145) PSYoungGen: 52352K(156672K)->26784K(159232K) Eden: 26624K(26624K)->0K(26624K) From: 25728K(130048K)->26784K(132608K)
[14.369s][info][gc,heap        ] GC(145) ParOldGen: 2088204K(2245632K)->2114140K(2245632K)
[14.369s][info][gc,metaspace   ] GC(145) Metaspace: 6301K(6464K)->6301K(6464K) NonClass: 5768K(5824K)->5768K(5824K) Class: 533K(640K)->533K(640K)
[14.369s][info][gc             ] GC(145) Pause Young (Allocation Failure) 2090M->2090M(2348M) 34.623ms
[14.369s][info][gc,cpu         ] GC(145) User=0.14s Sys=0.02s Real=0.03s
[14.396s][info][gc,start       ] GC(146) Pause Young (Allocation Failure)
[14.429s][info][gc,heap        ] GC(146) PSYoungGen: 53408K(159232K)->26784K(162304K) Eden: 26624K(26624K)->0K(29696K) From: 26784K(132608K)->26784K(132608K)
[14.429s][info][gc,heap        ] GC(146) ParOldGen: 2114140K(2245632K)->2141132K(2245632K)
[14.429s][info][gc,metaspace   ] GC(146) Metaspace: 6301K(6464K)->6301K(6464K) NonClass: 5768K(5824K)->5768K(5824K) Class: 533K(640K)->533K(640K)
[14.429s][info][gc             ] GC(146) Pause Young (Allocation Failure) 2116M->2117M(2351M) 32.975ms
[14.429s][info][gc,cpu         ] GC(146) User=0.14s Sys=0.02s Real=0.03s
[14.461s][info][gc,start       ] GC(147) Pause Young (Allocation Failure)
[14.497s][info][gc,heap        ] GC(147) PSYoungGen: 56480K(162304K)->29888K(162816K) Eden: 29696K(29696K)->0K(29696K) From: 26784K(132608K)->29888K(133120K)
[14.497s][info][gc,heap        ] GC(147) ParOldGen: 2141132K(2245632K)->2168116K(2245632K)
[14.497s][info][gc,metaspace   ] GC(147) Metaspace: 6301K(6464K)->6301K(6464K) NonClass: 5768K(5824K)->5768K(5824K) Class: 533K(640K)->533K(640K)
[14.497s][info][gc             ] GC(147) Pause Young (Allocation Failure) 2146M->2146M(2352M) 35.643ms
[14.497s][info][gc,cpu         ] GC(147) User=0.12s Sys=0.03s Real=0.03s
[14.534s][info][gc,start       ] GC(148) Pause Young (Allocation Failure)
[14.573s][info][gc,heap        ] GC(148) PSYoungGen: 59584K(162816K)->29824K(159744K) Eden: 29696K(29696K)->0K(33280K) From: 29888K(133120K)->29824K(126464K)
[14.573s][info][gc,heap        ] GC(148) ParOldGen: 2168116K(2245632K)->2198220K(2245632K)
[14.573s][info][gc,metaspace   ] GC(148) Metaspace: 6301K(6464K)->6301K(6464K) NonClass: 5768K(5824K)->5768K(5824K) Class: 533K(640K)->533K(640K)
[14.573s][info][gc             ] GC(148) Pause Young (Allocation Failure) 2175M->2175M(2349M) 39.144ms
[14.573s][info][gc,cpu         ] GC(148) User=0.22s Sys=0.02s Real=0.04s
[14.573s][info][gc,start       ] GC(149) Pause Full (Ergonomics)
[14.573s][info][gc,phases,start] GC(149) Marking Phase
[15.078s][info][gc,phases      ] GC(149) Marking Phase 505.111ms
[15.078s][info][gc,phases,start] GC(149) Summary Phase
[15.078s][info][gc,phases      ] GC(149) Summary Phase 0.052ms
[15.078s][info][gc,phases,start] GC(149) Adjust Roots
[15.078s][info][gc,phases      ] GC(149) Adjust Roots 0.159ms
[15.078s][info][gc,phases,start] GC(149) Compaction Phase
[15.253s][info][gc,phases      ] GC(149) Compaction Phase 174.228ms
[15.253s][info][gc,phases,start] GC(149) Post Compact
[15.256s][info][gc,phases      ] GC(149) Post Compact 3.890ms
[15.257s][info][gc,heap        ] GC(149) PSYoungGen: 29824K(159744K)->0K(162304K) Eden: 0K(33280K)->0K(33280K) From: 29824K(126464K)->0K(129024K)
[15.257s][info][gc,heap        ] GC(149) ParOldGen: 2198220K(2245632K)->2225672K(2437632K)
[15.257s][info][gc,metaspace   ] GC(149) Metaspace: 6301K(6464K)->6301K(6464K) NonClass: 5768K(5824K)->5768K(5824K) Class: 533K(640K)->533K(640K)
[15.257s][info][gc             ] GC(149) Pause Full (Ergonomics) 2175M->2173M(2539M) 684.518ms
[15.257s][info][gc,cpu         ] GC(149) User=5.11s Sys=0.05s Real=0.68s
[15.298s][info][gc,start       ] GC(150) Pause Young (Allocation Failure)
[15.325s][info][gc,heap        ] GC(150) PSYoungGen: 33280K(162304K)->33440K(157696K) Eden: 33280K(33280K)->0K(36352K) From: 0K(129024K)->33440K(121344K)
[15.325s][info][gc,heap        ] GC(150) ParOldGen: 2225672K(2437632K)->2225672K(2437632K)
[15.325s][info][gc,metaspace   ] GC(150) Metaspace: 6301K(6464K)->6301K(6464K) NonClass: 5768K(5824K)->5768K(5824K) Class: 533K(640K)->533K(640K)
[15.325s][info][gc             ] GC(150) Pause Young (Allocation Failure) 2206M->2206M(2534M) 27.089ms
[15.325s][info][gc,cpu         ] GC(150) User=0.03s Sys=0.00s Real=0.03s
[15.367s][info][gc,start       ] GC(151) Pause Young (Allocation Failure)
[15.406s][info][gc,heap        ] GC(151) PSYoungGen: 69792K(157696K)->69856K(161792K) Eden: 36352K(36352K)->0K(36352K) From: 33440K(121344K)->69856K(125440K)
[15.406s][info][gc,heap        ] GC(151) ParOldGen: 2225672K(2437632K)->2225672K(2437632K)
[15.406s][info][gc,metaspace   ] GC(151) Metaspace: 6301K(6464K)->6301K(6464K) NonClass: 5768K(5824K)->5768K(5824K) Class: 533K(640K)->533K(640K)
[15.406s][info][gc             ] GC(151) Pause Young (Allocation Failure) 2241M->2241M(2538M) 38.996ms
[15.406s][info][gc,cpu         ] GC(151) User=0.16s Sys=0.02s Real=0.04s
[15.447s][info][gc,start       ] GC(152) Pause Young (Allocation Failure)
[15.499s][info][gc,heap        ] GC(152) PSYoungGen: 106208K(161792K)->106272K(152576K) Eden: 36352K(36352K)->0K(28160K) From: 69856K(125440K)->106272K(124416K)
[15.499s][info][gc,heap        ] GC(152) ParOldGen: 2225672K(2437632K)->2225672K(2437632K)
[15.499s][info][gc,metaspace   ] GC(152) Metaspace: 6301K(6464K)->6301K(6464K) NonClass: 5768K(5824K)->5768K(5824K) Class: 533K(640K)->533K(640K)
[15.499s][info][gc             ] GC(152) Pause Young (Allocation Failure) 2277M->2277M(2529M) 52.339ms
[15.499s][info][gc,cpu         ] GC(152) User=0.28s Sys=0.00s Real=0.05s
[15.529s][info][gc,start       ] GC(153) Pause Young (Allocation Failure)
[15.592s][info][gc,heap        ] GC(153) PSYoungGen: 134432K(152576K)->134464K(164352K) Eden: 28160K(28160K)->0K(28160K) From: 106272K(124416K)->134464K(136192K)
[15.592s][info][gc,heap        ] GC(153) ParOldGen: 2225672K(2437632K)->2225672K(2437632K)
[15.592s][info][gc,metaspace   ] GC(153) Metaspace: 6301K(6464K)->6301K(6464K) NonClass: 5768K(5824K)->5768K(5824K) Class: 533K(640K)->533K(640K)
[15.592s][info][gc             ] GC(153) Pause Young (Allocation Failure) 2304M->2304M(2541M) 63.122ms
[15.592s][info][gc,cpu         ] GC(153) User=0.50s Sys=0.00s Real=0.06s
[15.624s][info][gc,start       ] GC(154) Pause Young (Allocation Failure)
[15.707s][info][gc,heap        ] GC(154) PSYoungGen: 162624K(164352K)->129280K(173056K) Eden: 28160K(28160K)->0K(16896K) From: 134464K(136192K)->129280K(156160K)
[15.707s][info][gc,heap        ] GC(154) ParOldGen: 2225672K(2437632K)->2259384K(2437632K)
[15.707s][info][gc,metaspace   ] GC(154) Metaspace: 6301K(6464K)->6301K(6464K) NonClass: 5768K(5824K)->5768K(5824K) Class: 533K(640K)->533K(640K)
[15.708s][info][gc             ] GC(154) Pause Young (Allocation Failure) 2332M->2332M(2549M) 83.286ms
[15.708s][info][gc,cpu         ] GC(154) User=0.52s Sys=0.12s Real=0.08s
[15.726s][info][gc,start       ] GC(155) Pause Young (Allocation Failure)
[15.799s][info][gc,heap        ] GC(155) PSYoungGen: 146176K(173056K)->109792K(187392K) Eden: 16896K(16896K)->0K(16896K) From: 129280K(156160K)->109792K(170496K)
[15.799s][info][gc,heap        ] GC(155) ParOldGen: 2259384K(2437632K)->2296072K(2437632K)
[15.799s][info][gc,metaspace   ] GC(155) Metaspace: 6301K(6464K)->6301K(6464K) NonClass: 5768K(5824K)->5768K(5824K) Class: 533K(640K)->533K(640K)
[15.799s][info][gc             ] GC(155) Pause Young (Allocation Failure) 2349M->2349M(2563M) 73.048ms
[15.799s][info][gc,cpu         ] GC(155) User=0.48s Sys=0.02s Real=0.07s
[15.820s][info][gc,start       ] GC(156) Pause Young (Allocation Failure)
[15.884s][info][gc,heap        ] GC(156) PSYoungGen: 126688K(187392K)->62144K(179200K) Eden: 16896K(16896K)->0K(19456K) From: 109792K(170496K)->62144K(159744K)
[15.885s][info][gc,heap        ] GC(156) ParOldGen: 2296072K(2437632K)->2361144K(2437632K)
[15.885s][info][gc,metaspace   ] GC(156) Metaspace: 6301K(6464K)->6301K(6464K) NonClass: 5768K(5824K)->5768K(5824K) Class: 533K(640K)->533K(640K)
[15.885s][info][gc             ] GC(156) Pause Young (Allocation Failure) 2365M->2366M(2555M) 64.990ms
[15.885s][info][gc,cpu         ] GC(156) User=0.39s Sys=0.02s Real=0.06s
[15.910s][info][gc,start       ] GC(157) Pause Young (Allocation Failure)
[15.955s][info][gc,heap        ] GC(157) PSYoungGen: 81600K(179200K)->36448K(186368K) Eden: 19456K(19456K)->0K(19456K) From: 62144K(159744K)->36448K(166912K)
[15.955s][info][gc,heap        ] GC(157) ParOldGen: 2361144K(2437632K)->2406584K(2437632K)
[15.955s][info][gc,metaspace   ] GC(157) Metaspace: 6301K(6464K)->6301K(6464K) NonClass: 5768K(5824K)->5768K(5824K) Class: 533K(640K)->533K(640K)
[15.955s][info][gc             ] GC(157) Pause Young (Allocation Failure) 2385M->2385M(2562M) 44.962ms
[15.955s][info][gc,cpu         ] GC(157) User=0.25s Sys=0.02s Real=0.05s
[15.955s][info][gc,start       ] GC(158) Pause Full (Ergonomics)
[15.955s][info][gc,phases,start] GC(158) Marking Phase
[16.507s][info][gc,phases      ] GC(158) Marking Phase 552.330ms
[16.507s][info][gc,phases,start] GC(158) Summary Phase
[16.507s][info][gc,phases      ] GC(158) Summary Phase 0.043ms
[16.507s][info][gc,phases,start] GC(158) Adjust Roots
[16.507s][info][gc,phases      ] GC(158) Adjust Roots 0.158ms
[16.507s][info][gc,phases,start] GC(158) Compaction Phase
[16.702s][info][gc,phases      ] GC(158) Compaction Phase 194.714ms
[16.702s][info][gc,phases,start] GC(158) Post Compact
[16.707s][info][gc,phases      ] GC(158) Post Compact 4.476ms
[16.707s][info][gc,heap        ] GC(158) PSYoungGen: 36448K(186368K)->3588K(186368K) Eden: 0K(19456K)->0K(19456K) From: 36448K(166912K)->3588K(166912K)
[16.708s][info][gc,heap        ] GC(158) ParOldGen: 2406584K(2437632K)->2437390K(2679296K)
[16.708s][info][gc,metaspace   ] GC(158) Metaspace: 6301K(6464K)->6301K(6464K) NonClass: 5768K(5824K)->5768K(5824K) Class: 533K(640K)->533K(640K)
[16.708s][info][gc             ] GC(158) Pause Full (Ergonomics) 2385M->2383M(2798M) 752.891ms
[16.708s][info][gc,cpu         ] GC(158) User=5.73s Sys=0.03s Real=0.75s
[16.732s][info][gc,start       ] GC(159) Pause Young (Allocation Failure)
[16.850s][info][gc,heap        ] GC(159) PSYoungGen: 23044K(186368K)->19584K(185856K) Eden: 19456K(19456K)->0K(22016K) From: 3588K(166912K)->19584K(163840K)
[16.850s][info][gc,heap        ] GC(159) ParOldGen: 2437390K(2679296K)->2441046K(2679296K)
[16.850s][info][gc,metaspace   ] GC(159) Metaspace: 6301K(6464K)->6301K(6464K) NonClass: 5768K(5824K)->5768K(5824K) Class: 533K(640K)->533K(640K)
[16.850s][info][gc             ] GC(159) Pause Young (Allocation Failure) 2402M->2402M(2798M) 118.622ms
[16.850s][info][gc,cpu         ] GC(159) User=0.80s Sys=0.00s Real=0.12s
[16.878s][info][gc,start       ] GC(160) Pause Young (Allocation Failure)
[16.910s][info][gc,heap        ] GC(160) PSYoungGen: 41600K(185856K)->22144K(186368K) Eden: 22016K(22016K)->0K(22016K) From: 19584K(163840K)->22144K(164352K)
[16.910s][info][gc,heap        ] GC(160) ParOldGen: 2441046K(2679296K)->2460678K(2679296K)
[16.910s][info][gc,metaspace   ] GC(160) Metaspace: 6301K(6464K)->6301K(6464K) NonClass: 5768K(5824K)->5768K(5824K) Class: 533K(640K)->533K(640K)
[16.910s][info][gc             ] GC(160) Pause Young (Allocation Failure) 2424M->2424M(2798M) 31.906ms
[16.910s][info][gc,cpu         ] GC(160) User=0.11s Sys=0.03s Real=0.03s
[16.935s][info][gc,start       ] GC(161) Pause Young (Allocation Failure)
[16.967s][info][gc,heap        ] GC(161) PSYoungGen: 44160K(186368K)->22144K(180224K) Eden: 22016K(22016K)->0K(24576K) From: 22144K(164352K)->22144K(155648K)
[16.967s][info][gc,heap        ] GC(161) ParOldGen: 2460678K(2679296K)->2482902K(2679296K)
[16.967s][info][gc,metaspace   ] GC(161) Metaspace: 6301K(6464K)->6301K(6464K) NonClass: 5768K(5824K)->5768K(5824K) Class: 533K(640K)->533K(640K)
[16.967s][info][gc             ] GC(161) Pause Young (Allocation Failure) 2446M->2446M(2792M) 32.194ms
[16.967s][info][gc,cpu         ] GC(161) User=0.14s Sys=0.00s Real=0.03s
[16.997s][info][gc,start       ] GC(162) Pause Young (Allocation Failure)
[17.030s][info][gc,heap        ] GC(162) PSYoungGen: 46720K(180224K)->24704K(49664K) Eden: 24576K(24576K)->0K(24576K) From: 22144K(155648K)->24704K(25088K)
[17.030s][info][gc,heap        ] GC(162) ParOldGen: 2482902K(2679296K)->2505118K(2679296K)
[17.030s][info][gc,metaspace   ] GC(162) Metaspace: 6301K(6464K)->6301K(6464K) NonClass: 5768K(5824K)->5768K(5824K) Class: 533K(640K)->533K(640K)
[17.030s][info][gc             ] GC(162) Pause Young (Allocation Failure) 2470M->2470M(2665M) 33.275ms
[17.030s][info][gc,cpu         ] GC(162) User=0.14s Sys=0.02s Real=0.03s
[17.057s][info][gc,start       ] GC(163) Pause Young (Allocation Failure)
[17.092s][info][gc,heap        ] GC(163) PSYoungGen: 49280K(49664K)->24736K(172032K) Eden: 24576K(24576K)->0K(27648K) From: 24704K(25088K)->24736K(144384K)
[17.092s][info][gc,heap        ] GC(163) ParOldGen: 2505118K(2679296K)->2529926K(2679296K)
[17.092s][info][gc,metaspace   ] GC(163) Metaspace: 6301K(6464K)->6301K(6464K) NonClass: 5768K(5824K)->5768K(5824K) Class: 533K(640K)->533K(640K)
[17.092s][info][gc             ] GC(163) Pause Young (Allocation Failure) 2494M->2494M(2784M) 34.685ms
[17.092s][info][gc,cpu         ] GC(163) User=0.16s Sys=0.00s Real=0.04s
[17.123s][info][gc,start       ] GC(164) Pause Young (Allocation Failure)
[17.158s][info][gc,heap        ] GC(164) PSYoungGen: 52384K(172032K)->27808K(55808K) Eden: 27648K(27648K)->0K(27648K) From: 24736K(144384K)->27808K(28160K)
[17.158s][info][gc,heap        ] GC(164) ParOldGen: 2529926K(2679296K)->2554718K(2679296K)
[17.158s][info][gc,metaspace   ] GC(164) Metaspace: 6301K(6464K)->6301K(6464K) NonClass: 5768K(5824K)->5768K(5824K) Class: 533K(640K)->533K(640K)
[17.158s][info][gc             ] GC(164) Pause Young (Allocation Failure) 2521M->2521M(2671M) 34.438ms
[17.158s][info][gc,cpu         ] GC(164) User=0.16s Sys=0.02s Real=0.04s
[17.191s][info][gc,start       ] GC(165) Pause Young (Allocation Failure)
[17.228s][info][gc,heap        ] GC(165) PSYoungGen: 55456K(55808K)->27808K(163328K) Eden: 27648K(27648K)->0K(30720K) From: 27808K(28160K)->27808K(132608K)
[17.228s][info][gc,heap        ] GC(165) ParOldGen: 2554718K(2679296K)->2582622K(2679296K)
[17.228s][info][gc,metaspace   ] GC(165) Metaspace: 6301K(6464K)->6301K(6464K) NonClass: 5768K(5824K)->5768K(5824K) Class: 533K(640K)->533K(640K)
[17.228s][info][gc             ] GC(165) Pause Young (Allocation Failure) 2548M->2549M(2776M) 37.130ms
[17.228s][info][gc,cpu         ] GC(165) User=0.16s Sys=0.00s Real=0.04s
[17.264s][info][gc,start       ] GC(166) Pause Young (Allocation Failure)
[17.303s][info][gc,heap        ] GC(166) PSYoungGen: 58528K(163328K)->30848K(61952K) Eden: 30720K(30720K)->0K(30720K) From: 27808K(132608K)->30848K(31232K)
[17.303s][info][gc,heap        ] GC(166) ParOldGen: 2582622K(2679296K)->2610518K(2679296K)
[17.303s][info][gc,metaspace   ] GC(166) Metaspace: 6301K(6464K)->6301K(6464K) NonClass: 5768K(5824K)->5768K(5824K) Class: 533K(640K)->533K(640K)
[17.303s][info][gc             ] GC(166) Pause Young (Allocation Failure) 2579M->2579M(2677M) 39.023ms
[17.303s][info][gc,cpu         ] GC(166) User=0.27s Sys=0.02s Real=0.04s
[17.339s][info][gc,start       ] GC(167) Pause Young (Allocation Failure)
[17.379s][info][gc,heap        ] GC(167) PSYoungGen: 61568K(61952K)->30848K(154112K) Eden: 30720K(30720K)->0K(34304K) From: 30848K(31232K)->30848K(119808K)
[17.379s][info][gc,heap        ] GC(167) ParOldGen: 2610518K(2679296K)->2641518K(2679296K)
[17.379s][info][gc,metaspace   ] GC(167) Metaspace: 6301K(6464K)->6301K(6464K) NonClass: 5768K(5824K)->5768K(5824K) Class: 533K(640K)->533K(640K)
[17.379s][info][gc             ] GC(167) Pause Young (Allocation Failure) 2609M->2609M(2767M) 39.560ms
[17.379s][info][gc,cpu         ] GC(167) User=0.23s Sys=0.02s Real=0.04s
[17.379s][info][gc,start       ] GC(168) Pause Full (Ergonomics)
[17.379s][info][gc,phases,start] GC(168) Marking Phase
[17.991s][info][gc,phases      ] GC(168) Marking Phase 612.349ms
[17.991s][info][gc,phases,start] GC(168) Summary Phase
[17.992s][info][gc,phases      ] GC(168) Summary Phase 0.052ms
[17.992s][info][gc,phases,start] GC(168) Adjust Roots
[17.992s][info][gc,phases      ] GC(168) Adjust Roots 0.199ms
[17.992s][info][gc,phases,start] GC(168) Compaction Phase
[18.210s][info][gc,phases      ] GC(168) Compaction Phase 218.132ms
[18.210s][info][gc,phases,start] GC(168) Post Compact
[18.215s][info][gc,phases      ] GC(168) Post Compact 4.856ms
[18.216s][info][gc,heap        ] GC(168) PSYoungGen: 30848K(154112K)->0K(160256K) Eden: 0K(34304K)->0K(34304K) From: 30848K(119808K)->0K(125952K)
[18.216s][info][gc,heap        ] GC(168) ParOldGen: 2641518K(2679296K)->2670088K(2912768K)
[18.216s][info][gc,metaspace   ] GC(168) Metaspace: 6301K(6464K)->6301K(6464K) NonClass: 5768K(5824K)->5768K(5824K) Class: 533K(640K)->533K(640K)
[18.216s][info][gc             ] GC(168) Pause Full (Ergonomics) 2609M->2607M(3001M) 836.738ms
[18.216s][info][gc,cpu         ] GC(168) User=6.28s Sys=0.05s Real=0.84s
[18.260s][info][gc,start       ] GC(169) Pause Young (Allocation Failure)
[18.289s][info][gc,heap        ] GC(169) PSYoungGen: 34304K(160256K)->34464K(148992K) Eden: 34304K(34304K)->0K(37376K) From: 0K(125952K)->34464K(111616K)
[18.289s][info][gc,heap        ] GC(169) ParOldGen: 2670088K(2912768K)->2670088K(2912768K)
[18.289s][info][gc,metaspace   ] GC(169) Metaspace: 6301K(6464K)->6301K(6464K) NonClass: 5768K(5824K)->5768K(5824K) Class: 533K(640K)->533K(640K)
[18.289s][info][gc             ] GC(169) Pause Young (Allocation Failure) 2641M->2641M(2990M) 28.851ms
[18.289s][info][gc,cpu         ] GC(169) User=0.14s Sys=0.00s Real=0.03s
[18.330s][info][gc,start       ] GC(170) Pause Young (Allocation Failure)
[18.371s][info][gc,heap        ] GC(170) PSYoungGen: 71840K(148992K)->71872K(156672K) Eden: 37376K(37376K)->0K(37376K) From: 34464K(111616K)->71872K(119296K)
[18.371s][info][gc,heap        ] GC(170) ParOldGen: 2670088K(2912768K)->2670088K(2912768K)
[18.371s][info][gc,metaspace   ] GC(170) Metaspace: 6301K(6464K)->6301K(6464K) NonClass: 5768K(5824K)->5768K(5824K) Class: 533K(640K)->533K(640K)
[18.371s][info][gc             ] GC(170) Pause Young (Allocation Failure) 2677M->2677M(2997M) 40.968ms
[18.371s][info][gc,cpu         ] GC(170) User=0.25s Sys=0.00s Real=0.04s
[18.411s][info][gc,start       ] GC(171) Pause Young (Allocation Failure)
[18.466s][info][gc,heap        ] GC(171) PSYoungGen: 109248K(156672K)->109280K(147456K) Eden: 37376K(37376K)->0K(25088K) From: 71872K(119296K)->109280K(122368K)
[18.466s][info][gc,heap        ] GC(171) ParOldGen: 2670088K(2912768K)->2670088K(2912768K)
[18.466s][info][gc,metaspace   ] GC(171) Metaspace: 6301K(6464K)->6301K(6464K) NonClass: 5768K(5824K)->5768K(5824K) Class: 533K(640K)->533K(640K)
[18.466s][info][gc             ] GC(171) Pause Young (Allocation Failure) 2714M->2714M(2988M) 54.915ms
[18.466s][info][gc,cpu         ] GC(171) User=0.38s Sys=0.00s Real=0.05s
[18.495s][info][gc,start       ] GC(172) Pause Young (Allocation Failure)
[18.563s][info][gc,heap        ] GC(172) PSYoungGen: 134368K(147456K)->134432K(163328K) Eden: 25088K(25088K)->0K(25088K) From: 109280K(122368K)->134432K(138240K)
[18.563s][info][gc,heap        ] GC(172) ParOldGen: 2670088K(2912768K)->2670088K(2912768K)
[18.563s][info][gc,metaspace   ] GC(172) Metaspace: 6301K(6464K)->6301K(6464K) NonClass: 5768K(5824K)->5768K(5824K) Class: 533K(640K)->533K(640K)
[18.563s][info][gc             ] GC(172) Pause Young (Allocation Failure) 2738M->2738M(3004M) 68.129ms
[18.563s][info][gc,cpu         ] GC(172) User=0.41s Sys=0.00s Real=0.07s
[18.592s][info][gc,start       ] GC(173) Pause Young (Allocation Failure)
[18.679s][info][gc,heap        ] GC(173) PSYoungGen: 159520K(163328K)->125216K(173568K) Eden: 25088K(25088K)->0K(13824K) From: 134432K(138240K)->125216K(159744K)
[18.679s][info][gc,heap        ] GC(173) ParOldGen: 2670088K(2912768K)->2704712K(2912768K)
[18.679s][info][gc,metaspace   ] GC(173) Metaspace: 6301K(6464K)->6301K(6464K) NonClass: 5768K(5824K)->5768K(5824K) Class: 533K(640K)->533K(640K)
[18.679s][info][gc             ] GC(173) Pause Young (Allocation Failure) 2763M->2763M(3014M) 86.761ms
[18.679s][info][gc,cpu         ] GC(173) User=0.61s Sys=0.05s Real=0.09s
[19.209s][info][gc,start       ] GC(174) Pause Young (Allocation Failure)
[19.344s][info][gc,heap        ] GC(174) PSYoungGen: 139040K(173568K)->101600K(187904K) Eden: 13824K(13824K)->0K(13824K) From: 125216K(159744K)->101600K(174080K)
[19.344s][info][gc,heap        ] GC(174) ParOldGen: 2835784K(2912768K)->2873504K(2912768K)
[19.344s][info][gc,metaspace   ] GC(174) Metaspace: 6301K(6464K)->6301K(6464K) NonClass: 5768K(5824K)->5768K(5824K) Class: 533K(640K)->533K(640K)
[19.344s][info][gc             ] GC(174) Pause Young (Allocation Failure) 2905M->2905M(3028M) 135.790ms
[19.344s][info][gc,cpu         ] GC(174) User=0.66s Sys=0.03s Real=0.14s
[19.344s][info][gc,start       ] GC(175) Pause Full (Ergonomics)
[19.344s][info][gc,phases,start] GC(175) Marking Phase
[19.999s][info][gc,phases      ] GC(175) Marking Phase 654.314ms
[19.999s][info][gc,phases,start] GC(175) Summary Phase
[19.999s][info][gc,phases      ] GC(175) Summary Phase 0.064ms
[19.999s][info][gc,phases,start] GC(175) Adjust Roots
[19.999s][info][gc,phases      ] GC(175) Adjust Roots 0.160ms
[19.999s][info][gc,phases,start] GC(175) Compaction Phase
[20.442s][info][gc,phases      ] GC(175) Compaction Phase 442.620ms
[20.442s][info][gc,phases,start] GC(175) Post Compact
[20.448s][info][gc,phases      ] GC(175) Post Compact 5.965ms
[20.449s][info][gc,heap        ] GC(175) PSYoungGen: 101600K(187904K)->0K(191488K) Eden: 0K(13824K)->0K(15360K) From: 101600K(174080K)->0K(176128K)
[20.449s][info][gc,heap        ] GC(175) ParOldGen: 2873504K(2912768K)->2908490K(3172352K)
[20.449s][info][gc,metaspace   ] GC(175) Metaspace: 6301K(6464K)->6301K(6464K) NonClass: 5768K(5824K)->5768K(5824K) Class: 533K(640K)->533K(640K)
[20.449s][info][gc             ] GC(175) Pause Full (Ergonomics) 2905M->2840M(3285M) 1104.299ms
[20.449s][info][gc,cpu         ] GC(175) User=7.58s Sys=0.05s Real=1.10s
[20.469s][info][gc,start       ] GC(176) Pause Young (Allocation Failure)
[20.502s][info][gc,heap        ] GC(176) PSYoungGen: 15360K(191488K)->15488K(191488K) Eden: 15360K(15360K)->0K(15360K) From: 0K(176128K)->15488K(176128K)
[20.502s][info][gc,heap        ] GC(176) ParOldGen: 2908490K(3172352K)->2908490K(3172352K)
[20.503s][info][gc,metaspace   ] GC(176) Metaspace: 6301K(6464K)->6301K(6464K) NonClass: 5768K(5824K)->5768K(5824K) Class: 533K(640K)->533K(640K)
[20.503s][info][gc             ] GC(176) Pause Young (Allocation Failure) 2855M->2855M(3285M) 33.706ms
[20.503s][info][gc,cpu         ] GC(176) User=0.03s Sys=0.00s Real=0.03s
[20.521s][info][gc,start       ] GC(177) Pause Young (Allocation Failure)
[20.559s][info][gc,heap        ] GC(177) PSYoungGen: 30848K(191488K)->30912K(181760K) Eden: 15360K(15360K)->0K(16896K) From: 15488K(176128K)->30912K(164864K)
[20.559s][info][gc,heap        ] GC(177) ParOldGen: 2908490K(3172352K)->2908490K(3172352K)
[20.559s][info][gc,metaspace   ] GC(177) Metaspace: 6301K(6464K)->6301K(6464K) NonClass: 5768K(5824K)->5768K(5824K) Class: 533K(640K)->533K(640K)
[20.559s][info][gc             ] GC(177) Pause Young (Allocation Failure) 2870M->2870M(3275M) 37.983ms
[20.559s][info][gc,cpu         ] GC(177) User=0.03s Sys=0.00s Real=0.04s
[20.576s][info][gc,start       ] GC(178) Pause Young (Allocation Failure)
[20.619s][info][gc,heap        ] GC(178) PSYoungGen: 47808K(181760K)->47776K(65024K) Eden: 16896K(16896K)->0K(16896K) From: 30912K(164864K)->47776K(48128K)
[20.619s][info][gc,heap        ] GC(178) ParOldGen: 2908490K(3172352K)->2908490K(3172352K)
[20.619s][info][gc,metaspace   ] GC(178) Metaspace: 6301K(6464K)->6301K(6464K) NonClass: 5768K(5824K)->5768K(5824K) Class: 533K(640K)->533K(640K)
[20.619s][info][gc             ] GC(178) Pause Young (Allocation Failure) 2887M->2886M(3161M) 43.218ms
[20.619s][info][gc,cpu         ] GC(178) User=0.06s Sys=0.00s Real=0.04s
[20.637s][info][gc,start       ] GC(179) Pause Young (Allocation Failure)
[20.685s][info][gc,heap        ] GC(179) PSYoungGen: 64672K(65024K)->64672K(163840K) Eden: 16896K(16896K)->0K(18944K) From: 47776K(48128K)->64672K(144896K)
[20.685s][info][gc,heap        ] GC(179) ParOldGen: 2908490K(3172352K)->2908490K(3172352K)
[20.685s][info][gc,metaspace   ] GC(179) Metaspace: 6301K(6464K)->6301K(6464K) NonClass: 5768K(5824K)->5768K(5824K) Class: 533K(640K)->533K(640K)
[20.685s][info][gc             ] GC(179) Pause Young (Allocation Failure) 2903M->2903M(3258M) 48.398ms
[20.685s][info][gc,cpu         ] GC(179) User=0.16s Sys=0.00s Real=0.05s
[20.706s][info][gc,start       ] GC(180) Pause Young (Allocation Failure)
[20.756s][info][gc,heap        ] GC(180) PSYoungGen: 83616K(163840K)->83584K(172032K) Eden: 18944K(18944K)->0K(18944K) From: 64672K(144896K)->83584K(153088K)
[20.756s][info][gc,heap        ] GC(180) ParOldGen: 2908490K(3172352K)->2908490K(3172352K)
[20.756s][info][gc,metaspace   ] GC(180) Metaspace: 6301K(6464K)->6301K(6464K) NonClass: 5768K(5824K)->5768K(5824K) Class: 533K(640K)->533K(640K)
[20.756s][info][gc             ] GC(180) Pause Young (Allocation Failure) 2921M->2921M(3266M) 50.430ms
[20.756s][info][gc,cpu         ] GC(180) User=0.17s Sys=0.00s Real=0.05s
[20.775s][info][gc,start       ] GC(181) Pause Young (Allocation Failure)
[20.837s][info][gc,heap        ] GC(181) PSYoungGen: 102528K(172032K)->102592K(167936K) Eden: 18944K(18944K)->0K(15872K) From: 83584K(153088K)->102592K(152064K)
[20.837s][info][gc,heap        ] GC(181) ParOldGen: 2908490K(3172352K)->2908490K(3172352K)
[20.837s][info][gc,metaspace   ] GC(181) Metaspace: 6301K(6464K)->6301K(6464K) NonClass: 5768K(5824K)->5768K(5824K) Class: 533K(640K)->533K(640K)
[20.837s][info][gc             ] GC(181) Pause Young (Allocation Failure) 2940M->2940M(3262M) 61.844ms
[20.837s][info][gc,cpu         ] GC(181) User=0.19s Sys=0.00s Real=0.06s
[20.851s][info][gc,start       ] GC(182) Pause Young (Allocation Failure)
[20.917s][info][gc,heap        ] GC(182) PSYoungGen: 118464K(167936K)->87712K(173568K) Eden: 15872K(15872K)->0K(15872K) From: 102592K(152064K)->87712K(157696K)
[20.917s][info][gc,heap        ] GC(182) ParOldGen: 2908490K(3172352K)->2939458K(3172352K)
[20.917s][info][gc,metaspace   ] GC(182) Metaspace: 6301K(6464K)->6301K(6464K) NonClass: 5768K(5824K)->5768K(5824K) Class: 533K(640K)->533K(640K)
[20.917s][info][gc             ] GC(182) Pause Young (Allocation Failure) 2956M->2956M(3267M) 65.788ms
[20.917s][info][gc,cpu         ] GC(182) User=0.22s Sys=0.00s Real=0.07s
[20.932s][info][gc,start       ] GC(183) Pause Young (Allocation Failure)
[20.993s][info][gc,heap        ] GC(183) PSYoungGen: 103584K(173568K)->69792K(158720K) Eden: 15872K(15872K)->0K(18944K) From: 87712K(157696K)->69792K(139776K)
[20.993s][info][gc,heap        ] GC(183) ParOldGen: 2939458K(3172352K)->2973522K(3172352K)
[20.993s][info][gc,metaspace   ] GC(183) Metaspace: 6301K(6464K)->6301K(6464K) NonClass: 5768K(5824K)->5768K(5824K) Class: 533K(640K)->533K(640K)
[20.993s][info][gc             ] GC(183) Pause Young (Allocation Failure) 2971M->2971M(3253M) 60.871ms
[20.993s][info][gc,cpu         ] GC(183) User=0.19s Sys=0.00s Real=0.06s
[21.011s][info][gc,start       ] GC(184) Pause Young (Allocation Failure)
[21.068s][info][gc,heap        ] GC(184) PSYoungGen: 88736K(158720K)->50848K(70144K) Eden: 18944K(18944K)->0K(18944K) From: 69792K(139776K)->50848K(51200K)
[21.068s][info][gc,heap        ] GC(184) ParOldGen: 2973522K(3172352K)->3011706K(3172352K)
[21.068s][info][gc,metaspace   ] GC(184) Metaspace: 6301K(6464K)->6301K(6464K) NonClass: 5768K(5824K)->5768K(5824K) Class: 533K(640K)->533K(640K)
[21.068s][info][gc             ] GC(184) Pause Young (Allocation Failure) 2990M->2990M(3166M) 56.339ms
[21.068s][info][gc,cpu         ] GC(184) User=0.16s Sys=0.02s Real=0.06s
[21.085s][info][gc,start       ] GC(185) Pause Young (Allocation Failure)
[21.135s][info][gc,heap        ] GC(185) PSYoungGen: 69792K(70144K)->38016K(160256K) Eden: 18944K(18944K)->0K(22016K) From: 50848K(51200K)->38016K(138240K)
[21.135s][info][gc,heap        ] GC(185) ParOldGen: 3011706K(3172352K)->3043722K(3172352K)
[21.135s][info][gc,metaspace   ] GC(185) Metaspace: 6301K(6464K)->6301K(6464K) NonClass: 5768K(5824K)->5768K(5824K) Class: 533K(640K)->533K(640K)
[21.135s][info][gc             ] GC(185) Pause Young (Allocation Failure) 3009M->3009M(3254M) 49.973ms
[21.135s][info][gc,cpu         ] GC(185) User=0.05s Sys=0.00s Real=0.05s
[21.157s][info][gc,start       ] GC(186) Pause Young (Allocation Failure)
[21.206s][info][gc,heap        ] GC(186) PSYoungGen: 60032K(160256K)->22144K(162816K) Eden: 22016K(22016K)->0K(22016K) From: 38016K(138240K)->22144K(140800K)
[21.206s][info][gc,heap        ] GC(186) ParOldGen: 3043722K(3172352K)->3081930K(3172352K)
[21.206s][info][gc,metaspace   ] GC(186) Metaspace: 6301K(6464K)->6301K(6464K) NonClass: 5768K(5824K)->5768K(5824K) Class: 533K(640K)->533K(640K)
[21.206s][info][gc             ] GC(186) Pause Young (Allocation Failure) 3031M->3031M(3257M) 49.235ms
[21.206s][info][gc,cpu         ] GC(186) User=0.12s Sys=0.05s Real=0.05s
[21.226s][info][gc,start       ] GC(187) Pause Young (Allocation Failure)
[21.267s][info][gc,heap        ] GC(187) PSYoungGen: 44160K(162816K)->22144K(162816K) Eden: 22016K(22016K)->0K(25600K) From: 22144K(140800K)->22144K(137216K)
[21.267s][info][gc,heap        ] GC(187) ParOldGen: 3081930K(3172352K)->3104146K(3172352K)
[21.267s][info][gc,metaspace   ] GC(187) Metaspace: 6301K(6464K)->6301K(6464K) NonClass: 5768K(5824K)->5768K(5824K) Class: 533K(640K)->533K(640K)
[21.267s][info][gc             ] GC(187) Pause Young (Allocation Failure) 3052M->3053M(3257M) 40.881ms
[21.267s][info][gc,cpu         ] GC(187) User=0.06s Sys=0.00s Real=0.04s
[21.292s][info][gc,start       ] GC(188) Pause Young (Allocation Failure)
[21.334s][info][gc,heap        ] GC(188) PSYoungGen: 47744K(162816K)->25728K(164352K) Eden: 25600K(25600K)->0K(25600K) From: 22144K(137216K)->25728K(138752K)
[21.334s][info][gc,heap        ] GC(188) ParOldGen: 3104146K(3172352K)->3126354K(3172352K)
[21.334s][info][gc,metaspace   ] GC(188) Metaspace: 6301K(6464K)->6301K(6464K) NonClass: 5768K(5824K)->5768K(5824K) Class: 533K(640K)->533K(640K)
[21.334s][info][gc             ] GC(188) Pause Young (Allocation Failure) 3078M->3078M(3258M) 42.636ms
[21.334s][info][gc,cpu         ] GC(188) User=0.05s Sys=0.00s Real=0.04s
[21.334s][info][gc,start       ] GC(189) Pause Full (Ergonomics)
[21.334s][info][gc,phases,start] GC(189) Marking Phase
[22.057s][info][gc,phases      ] GC(189) Marking Phase 722.894ms
[22.057s][info][gc,phases,start] GC(189) Summary Phase
[22.057s][info][gc,phases      ] GC(189) Summary Phase 0.067ms
[22.057s][info][gc,phases,start] GC(189) Adjust Roots
[22.057s][info][gc,phases      ] GC(189) Adjust Roots 0.171ms
[22.058s][info][gc,phases,start] GC(189) Compaction Phase
[22.337s][info][gc,phases      ] GC(189) Compaction Phase 279.840ms
[22.337s][info][gc,phases,start] GC(189) Post Compact
[22.343s][info][gc,phases      ] GC(189) Post Compact 5.905ms
[22.344s][info][gc,heap        ] GC(189) PSYoungGen: 25728K(164352K)->0K(164864K) Eden: 0K(25600K)->0K(29184K) From: 25728K(138752K)->0K(135680K)
[22.344s][info][gc,heap        ] GC(189) ParOldGen: 3126354K(3172352K)->3149725K(3440640K)
[22.344s][info][gc,metaspace   ] GC(189) Metaspace: 6301K(6464K)->6301K(6464K) NonClass: 5768K(5824K)->5768K(5824K) Class: 533K(640K)->533K(640K)
[22.344s][info][gc             ] GC(189) Pause Full (Ergonomics) 3078M->3075M(3521M) 1010.171ms
[22.344s][info][gc,cpu         ] GC(189) User=7.36s Sys=0.03s Real=1.01s
[22.379s][info][gc,start       ] GC(190) Pause Young (Allocation Failure)
[22.416s][info][gc,heap        ] GC(190) PSYoungGen: 29184K(164864K)->29312K(58880K) Eden: 29184K(29184K)->0K(29184K) From: 0K(135680K)->29312K(29696K)
[22.416s][info][gc,heap        ] GC(190) ParOldGen: 3149725K(3440640K)->3149725K(3440640K)
[22.416s][info][gc,metaspace   ] GC(190) Metaspace: 6301K(6464K)->6301K(6464K) NonClass: 5768K(5824K)->5768K(5824K) Class: 533K(640K)->533K(640K)
[22.416s][info][gc             ] GC(190) Pause Young (Allocation Failure) 3104M->3104M(3417M) 37.167ms
[22.416s][info][gc,cpu         ] GC(190) User=0.05s Sys=0.00s Real=0.04s
[22.450s][info][gc,start       ] GC(191) Pause Young (Allocation Failure)
[22.499s][info][gc,heap        ] GC(191) PSYoungGen: 58496K(58880K)->29344K(155136K) Eden: 29184K(29184K)->0K(32768K) From: 29312K(29696K)->29344K(122368K)
[22.499s][info][gc,heap        ] GC(191) ParOldGen: 3149725K(3440640K)->3179165K(3440640K)
[22.499s][info][gc,metaspace   ] GC(191) Metaspace: 6301K(6464K)->6301K(6464K) NonClass: 5768K(5824K)->5768K(5824K) Class: 533K(640K)->533K(640K)
[22.499s][info][gc             ] GC(191) Pause Young (Allocation Failure) 3133M->3133M(3511M) 49.141ms
[22.499s][info][gc,cpu         ] GC(191) User=0.16s Sys=0.00s Real=0.05s
[22.534s][info][gc,start       ] GC(192) Pause Young (Allocation Failure)
[22.585s][info][gc,heap        ] GC(192) PSYoungGen: 62112K(155136K)->32928K(66048K) Eden: 32768K(32768K)->0K(32768K) From: 29344K(122368K)->32928K(33280K)
[22.585s][info][gc,heap        ] GC(192) ParOldGen: 3179165K(3440640K)->3208613K(3440640K)
[22.585s][info][gc,metaspace   ] GC(192) Metaspace: 6301K(6464K)->6301K(6464K) NonClass: 5768K(5824K)->5768K(5824K) Class: 533K(640K)->533K(640K)
[22.585s][info][gc             ] GC(192) Pause Young (Allocation Failure) 3165M->3165M(3424M) 50.966ms
[22.585s][info][gc,cpu         ] GC(192) User=0.16s Sys=0.00s Real=0.05s
[22.618s][info][gc,start       ] GC(193) Pause Young (Allocation Failure)
[22.667s][info][gc,heap        ] GC(193) PSYoungGen: 65696K(66048K)->32960K(148480K) Eden: 32768K(32768K)->0K(36864K) From: 32928K(33280K)->32960K(111616K)
[22.667s][info][gc,heap        ] GC(193) ParOldGen: 3208613K(3440640K)->3241677K(3440640K)
[22.667s][info][gc,metaspace   ] GC(193) Metaspace: 6301K(6464K)->6301K(6464K) NonClass: 5768K(5824K)->5768K(5824K) Class: 533K(640K)->533K(640K)
[22.667s][info][gc             ] GC(193) Pause Young (Allocation Failure) 3197M->3197M(3505M) 49.593ms
[22.667s][info][gc,cpu         ] GC(193) User=0.09s Sys=0.00s Real=0.05s
[22.704s][info][gc,start       ] GC(194) Pause Young (Allocation Failure)
[22.754s][info][gc,heap        ] GC(194) PSYoungGen: 69824K(148480K)->37056K(74240K) Eden: 36864K(36864K)->0K(36864K) From: 32960K(111616K)->37056K(37376K)
[22.754s][info][gc,heap        ] GC(194) ParOldGen: 3241677K(3440640K)->3274725K(3440640K)
[22.754s][info][gc,metaspace   ] GC(194) Metaspace: 6301K(6464K)->6301K(6464K) NonClass: 5768K(5824K)->5768K(5824K) Class: 533K(640K)->533K(640K)
[22.754s][info][gc             ] GC(194) Pause Young (Allocation Failure) 3233M->3234M(3432M) 50.224ms
[22.754s][info][gc,cpu         ] GC(194) User=0.14s Sys=0.02s Real=0.05s
[22.793s][info][gc,start       ] GC(195) Pause Young (Allocation Failure)
[22.852s][info][gc,heap        ] GC(195) PSYoungGen: 73920K(74240K)->37024K(142336K) Eden: 36864K(36864K)->0K(41472K) From: 37056K(37376K)->37024K(100864K)
[22.852s][info][gc,heap        ] GC(195) ParOldGen: 3274725K(3440640K)->3311917K(3440640K)
[22.852s][info][gc,metaspace   ] GC(195) Metaspace: 6301K(6464K)->6301K(6464K) NonClass: 5768K(5824K)->5768K(5824K) Class: 533K(640K)->533K(640K)
[22.852s][info][gc             ] GC(195) Pause Young (Allocation Failure) 3270M->3270M(3499M) 58.391ms
[22.852s][info][gc,cpu         ] GC(195) User=0.19s Sys=0.00s Real=0.06s
[22.896s][info][gc,start       ] GC(196) Pause Young (Allocation Failure)
[22.952s][info][gc,heap        ] GC(196) PSYoungGen: 78496K(142336K)->41664K(83456K) Eden: 41472K(41472K)->0K(41472K) From: 37024K(100864K)->41664K(41984K)
[22.952s][info][gc,heap        ] GC(196) ParOldGen: 3311917K(3440640K)->3349117K(3440640K)
[22.952s][info][gc,metaspace   ] GC(196) Metaspace: 6301K(6464K)->6301K(6464K) NonClass: 5768K(5824K)->5768K(5824K) Class: 533K(640K)->533K(640K)
[22.952s][info][gc             ] GC(196) Pause Young (Allocation Failure) 3310M->3311M(3441M) 56.589ms
[22.952s][info][gc,cpu         ] GC(196) User=0.17s Sys=0.02s Real=0.06s
[22.996s][info][gc,start       ] GC(197) Pause Young (Allocation Failure)
[23.054s][info][gc,heap        ] GC(197) PSYoungGen: 83136K(83456K)->41664K(136704K) Eden: 41472K(41472K)->0K(46592K) From: 41664K(41984K)->41664K(90112K)
[23.054s][info][gc,heap        ] GC(197) ParOldGen: 3349117K(3440640K)->3390965K(3440640K)
[23.054s][info][gc,metaspace   ] GC(197) Metaspace: 6301K(6464K)->6301K(6464K) NonClass: 5768K(5824K)->5768K(5824K) Class: 533K(640K)->533K(640K)
[23.054s][info][gc             ] GC(197) Pause Young (Allocation Failure) 3351M->3352M(3493M) 57.588ms
[23.054s][info][gc,cpu         ] GC(197) User=0.17s Sys=0.03s Real=0.06s
[23.054s][info][gc,start       ] GC(198) Pause Full (Ergonomics)
[23.054s][info][gc,phases,start] GC(198) Marking Phase
[23.832s][info][gc,phases      ] GC(198) Marking Phase 777.979ms
[23.832s][info][gc,phases,start] GC(198) Summary Phase
[23.832s][info][gc,phases      ] GC(198) Summary Phase 0.074ms
[23.832s][info][gc,phases,start] GC(198) Adjust Roots
[23.832s][info][gc,phases      ] GC(198) Adjust Roots 0.161ms
[23.832s][info][gc,phases,start] GC(198) Compaction Phase
[24.138s][info][gc,phases      ] GC(198) Compaction Phase 305.917ms
[24.138s][info][gc,phases,start] GC(198) Post Compact
[24.145s][info][gc,phases      ] GC(198) Post Compact 6.298ms
[24.146s][info][gc,heap        ] GC(198) PSYoungGen: 41664K(136704K)->0K(141824K) Eden: 0K(46592K)->0K(46592K) From: 41664K(90112K)->0K(95232K)
[24.146s][info][gc,heap        ] GC(198) ParOldGen: 3390965K(3440640K)->3430052K(3755008K)
[24.146s][info][gc,metaspace   ] GC(198) Metaspace: 6301K(6464K)->6301K(6464K) NonClass: 5768K(5824K)->5768K(5824K) Class: 533K(640K)->533K(640K)
[24.146s][info][gc             ] GC(198) Pause Full (Ergonomics) 3352M->3349M(3805M) 1091.975ms
[24.146s][info][gc,cpu         ] GC(198) User=7.81s Sys=0.02s Real=1.09s
[24.193s][info][gc,start       ] GC(199) Pause Young (Allocation Failure)
[24.237s][info][gc,heap        ] GC(199) PSYoungGen: 46592K(141824K)->46752K(137216K) Eden: 46592K(46592K)->0K(51200K) From: 0K(95232K)->46752K(86016K)
[24.237s][info][gc,heap        ] GC(199) ParOldGen: 3430052K(3755008K)->3430052K(3755008K)
[24.237s][info][gc,metaspace   ] GC(199) Metaspace: 6301K(6464K)->6301K(6464K) NonClass: 5768K(5824K)->5768K(5824K) Class: 533K(640K)->533K(640K)
[24.237s][info][gc             ] GC(199) Pause Young (Allocation Failure) 3395M->3395M(3801M) 43.817ms
[24.237s][info][gc,cpu         ] GC(199) User=0.16s Sys=0.00s Real=0.04s
[24.283s][info][gc,start       ] GC(200) Pause Young (Allocation Failure)
[24.341s][info][gc,heap        ] GC(200) PSYoungGen: 97952K(137216K)->91136K(142336K) Eden: 51200K(51200K)->0K(51200K) From: 46752K(86016K)->91136K(91136K)
[24.341s][info][gc,heap        ] GC(200) ParOldGen: 3430052K(3755008K)->3436932K(3755008K)
[24.341s][info][gc,metaspace   ] GC(200) Metaspace: 6301K(6464K)->6301K(6464K) NonClass: 5768K(5824K)->5768K(5824K) Class: 533K(640K)->533K(640K)
[24.341s][info][gc             ] GC(200) Pause Young (Allocation Failure) 3445M->3445M(3806M) 57.852ms
[24.341s][info][gc,cpu         ] GC(200) User=0.19s Sys=0.02s Real=0.06s
[24.391s][info][gc,start       ] GC(201) Pause Young (Allocation Failure)
[24.465s][info][gc,heap        ] GC(201) PSYoungGen: 142336K(142336K)->51424K(152576K) Eden: 51200K(51200K)->0K(56320K) From: 91136K(91136K)->51424K(96256K)
[24.465s][info][gc,heap        ] GC(201) ParOldGen: 3436932K(3755008K)->3528700K(3755008K)
[24.465s][info][gc,metaspace   ] GC(201) Metaspace: 6301K(6464K)->6301K(6464K) NonClass: 5768K(5824K)->5768K(5824K) Class: 533K(640K)->533K(640K)
[24.465s][info][gc             ] GC(201) Pause Young (Allocation Failure) 3495M->3496M(3816M) 73.958ms
[24.465s][info][gc,cpu         ] GC(201) User=0.45s Sys=0.05s Real=0.08s
[24.524s][info][gc,start       ] GC(202) Pause Young (Allocation Failure)
[24.589s][info][gc,heap        ] GC(202) PSYoungGen: 107744K(152576K)->101376K(157696K) Eden: 56320K(56320K)->0K(56320K) From: 51424K(96256K)->101376K(101376K)
[24.589s][info][gc,heap        ] GC(202) ParOldGen: 3528700K(3755008K)->3535100K(3755008K)
[24.589s][info][gc,metaspace   ] GC(202) Metaspace: 6301K(6464K)->6301K(6464K) NonClass: 5768K(5824K)->5768K(5824K) Class: 533K(640K)->533K(640K)
[24.589s][info][gc             ] GC(202) Pause Young (Allocation Failure) 3551M->3551M(3821M) 65.021ms
[24.589s][info][gc,cpu         ] GC(202) User=0.27s Sys=0.00s Real=0.07s
[24.650s][info][gc,start       ] GC(203) Pause Young (Allocation Failure)
[24.732s][info][gc,heap        ] GC(203) PSYoungGen: 157696K(157696K)->56512K(168960K) Eden: 56320K(56320K)->0K(62464K) From: 101376K(101376K)->56512K(106496K)
[24.732s][info][gc,heap        ] GC(203) ParOldGen: 3535100K(3755008K)->3637204K(3755008K)
[24.732s][info][gc,metaspace   ] GC(203) Metaspace: 6301K(6464K)->6301K(6464K) NonClass: 5768K(5824K)->5768K(5824K) Class: 533K(640K)->533K(640K)
[24.732s][info][gc             ] GC(203) Pause Young (Allocation Failure) 3606M->3607M(3832M) 81.565ms
[24.732s][info][gc,cpu         ] GC(203) User=0.45s Sys=0.05s Real=0.08s
[24.792s][info][gc,start       ] GC(204) Pause Young (Allocation Failure)
[24.861s][info][gc,heap        ] GC(204) PSYoungGen: 118976K(168960K)->62688K(174592K) Eden: 62464K(62464K)->0K(62464K) From: 56512K(106496K)->62688K(112128K)
[24.861s][info][gc,heap        ] GC(204) ParOldGen: 3637204K(3755008K)->3694036K(3755008K)
[24.861s][info][gc,metaspace   ] GC(204) Metaspace: 6301K(6464K)->6301K(6464K) NonClass: 5768K(5824K)->5768K(5824K) Class: 533K(640K)->533K(640K)
[24.861s][info][gc             ] GC(204) Pause Young (Allocation Failure) 3668M->3668M(3837M) 69.642ms
[24.861s][info][gc,cpu         ] GC(204) User=0.36s Sys=0.03s Real=0.07s
[24.861s][info][gc,start       ] GC(205) Pause Full (Ergonomics)
[24.861s][info][gc,phases,start] GC(205) Marking Phase
[25.718s][info][gc,phases      ] GC(205) Marking Phase 856.174ms
[25.718s][info][gc,phases,start] GC(205) Summary Phase
[25.718s][info][gc,phases      ] GC(205) Summary Phase 0.072ms
[25.718s][info][gc,phases,start] GC(205) Adjust Roots
[25.718s][info][gc,phases      ] GC(205) Adjust Roots 0.163ms
[25.718s][info][gc,phases,start] GC(205) Compaction Phase
[26.056s][info][gc,phases      ] GC(205) Compaction Phase 338.043ms
[26.056s][info][gc,phases,start] GC(205) Post Compact
[26.063s][info][gc,phases      ] GC(205) Post Compact 6.951ms
[26.064s][info][gc,heap        ] GC(205) PSYoungGen: 62688K(174592K)->0K(178688K) Eden: 0K(62464K)->0K(69632K) From: 62688K(112128K)->0K(109056K)
[26.064s][info][gc,heap        ] GC(205) ParOldGen: 3694036K(3755008K)->3753958K(4151808K)
[26.064s][info][gc,metaspace   ] GC(205) Metaspace: 6301K(6464K)->6301K(6464K) NonClass: 5768K(5824K)->5768K(5824K) Class: 533K(640K)->533K(640K)
[26.065s][info][gc             ] GC(205) Pause Full (Ergonomics) 3668M->3665M(4229M) 1203.083ms
[26.065s][info][gc,cpu         ] GC(205) User=8.73s Sys=0.03s Real=1.20s
[26.132s][info][gc,start       ] GC(206) Pause Young (Allocation Failure)
[26.182s][info][gc,heap        ] GC(206) PSYoungGen: 69632K(178688K)->69856K(178688K) Eden: 69632K(69632K)->0K(69632K) From: 0K(109056K)->69856K(109056K)
[26.182s][info][gc,heap        ] GC(206) ParOldGen: 3753958K(4151808K)->3753958K(4151808K)
[26.182s][info][gc,metaspace   ] GC(206) Metaspace: 6301K(6464K)->6301K(6464K) NonClass: 5768K(5824K)->5768K(5824K) Class: 533K(640K)->533K(640K)
[26.182s][info][gc             ] GC(206) Pause Young (Allocation Failure) 3733M->3734M(4229M) 50.133ms
[26.182s][info][gc,cpu         ] GC(206) User=0.16s Sys=0.00s Real=0.05s
[26.255s][info][gc,start       ] GC(207) Pause Young (Allocation Failure)
[26.329s][info][gc,heap        ] GC(207) PSYoungGen: 139488K(178688K)->109056K(159744K) Eden: 69632K(69632K)->0K(50688K) From: 69856K(109056K)->109056K(109056K)
[26.329s][info][gc,heap        ] GC(207) ParOldGen: 3753958K(4151808K)->3784646K(4151808K)
[26.329s][info][gc,metaspace   ] GC(207) Metaspace: 6301K(6464K)->6301K(6464K) NonClass: 5768K(5824K)->5768K(5824K) Class: 533K(640K)->533K(640K)
[26.329s][info][gc             ] GC(207) Pause Young (Allocation Failure) 3802M->3802M(4210M) 74.841ms
[26.329s][info][gc,cpu         ] GC(207) User=0.45s Sys=0.05s Real=0.07s
[26.384s][info][gc,start       ] GC(208) Pause Young (Allocation Failure)
[26.466s][info][gc,heap        ] GC(208) PSYoungGen: 159744K(159744K)->50880K(184832K) Eden: 50688K(50688K)->0K(50688K) From: 109056K(109056K)->50880K(134144K)
[26.467s][info][gc,heap        ] GC(208) ParOldGen: 3784646K(4151808K)->3894518K(4151808K)
[26.467s][info][gc,metaspace   ] GC(208) Metaspace: 6301K(6464K)->6301K(6464K) NonClass: 5768K(5824K)->5768K(5824K) Class: 533K(640K)->533K(640K)
[26.467s][info][gc             ] GC(208) Pause Young (Allocation Failure) 3851M->3852M(4235M) 82.286ms
[26.467s][info][gc,cpu         ] GC(208) User=0.50s Sys=0.02s Real=0.08s
[26.515s][info][gc,start       ] GC(209) Pause Young (Allocation Failure)
[26.577s][info][gc,heap        ] GC(209) PSYoungGen: 101568K(184832K)->101632K(178688K) Eden: 50688K(50688K)->0K(48640K) From: 50880K(134144K)->101632K(130048K)
[26.577s][info][gc,heap        ] GC(209) ParOldGen: 3894518K(4151808K)->3894518K(4151808K)
[26.577s][info][gc,metaspace   ] GC(209) Metaspace: 6301K(6464K)->6301K(6464K) NonClass: 5768K(5824K)->5768K(5824K) Class: 533K(640K)->533K(640K)
[26.577s][info][gc             ] GC(209) Pause Young (Allocation Failure) 3902M->3902M(4229M) 61.349ms
[26.577s][info][gc,cpu         ] GC(209) User=0.20s Sys=0.00s Real=0.06s
[26.626s][info][gc,start       ] GC(210) Pause Young (Allocation Failure)
[26.701s][info][gc,heap        ] GC(210) PSYoungGen: 150272K(178688K)->137216K(185856K) Eden: 48640K(48640K)->0K(48640K) From: 101632K(130048K)->137216K(137216K)
[26.701s][info][gc,heap        ] GC(210) ParOldGen: 3894518K(4151808K)->3907678K(4151808K)
[26.701s][info][gc,metaspace   ] GC(210) Metaspace: 6301K(6464K)->6301K(6464K) NonClass: 5768K(5824K)->5768K(5824K) Class: 533K(640K)->533K(640K)
[26.701s][info][gc             ] GC(210) Pause Young (Allocation Failure) 3949M->3950M(4236M) 74.954ms
[26.701s][info][gc,cpu         ] GC(210) User=0.50s Sys=0.00s Real=0.08s
[26.756s][info][gc,start       ] GC(211) Pause Young (Allocation Failure)
[26.847s][info][gc,heap        ] GC(211) PSYoungGen: 185856K(185856K)->93440K(211456K) Eden: 48640K(48640K)->0K(54272K) From: 137216K(137216K)->93440K(157184K)
[26.847s][info][gc,heap        ] GC(211) ParOldGen: 3907678K(4151808K)->4000974K(4151808K)
[26.847s][info][gc,metaspace   ] GC(211) Metaspace: 6301K(6464K)->6301K(6464K) NonClass: 5768K(5824K)->5768K(5824K) Class: 533K(640K)->533K(640K)
[26.847s][info][gc             ] GC(211) Pause Young (Allocation Failure) 3997M->3998M(4261M) 91.504ms
[26.847s][info][gc,cpu         ] GC(211) User=0.58s Sys=0.06s Real=0.09s
[26.913s][info][gc,start       ] GC(212) Pause Young (Allocation Failure)
[26.990s][info][gc,heap        ] GC(212) PSYoungGen: 147712K(211456K)->103168K(212992K) Eden: 54272K(54272K)->0K(54272K) From: 93440K(157184K)->103168K(158720K)
[26.990s][info][gc,heap        ] GC(212) ParOldGen: 4000974K(4151808K)->4045926K(4151808K)
[26.990s][info][gc,metaspace   ] GC(212) Metaspace: 6301K(6464K)->6301K(6464K) NonClass: 5768K(5824K)->5768K(5824K) Class: 533K(640K)->533K(640K)
[26.990s][info][gc             ] GC(212) Pause Young (Allocation Failure) 4051M->4051M(4262M) 77.332ms
[26.990s][info][gc,cpu         ] GC(212) User=0.52s Sys=0.00s Real=0.08s
[26.990s][info][gc,start       ] GC(213) Pause Full (Ergonomics)
[26.990s][info][gc,phases,start] GC(213) Marking Phase
[27.939s][info][gc,phases      ] GC(213) Marking Phase 948.775ms
[27.939s][info][gc,phases,start] GC(213) Summary Phase
[27.939s][info][gc,phases      ] GC(213) Summary Phase 0.077ms
[27.939s][info][gc,phases,start] GC(213) Adjust Roots
[27.939s][info][gc,phases      ] GC(213) Adjust Roots 0.159ms
[27.939s][info][gc,phases,start] GC(213) Compaction Phase
[28.279s][info][gc,phases      ] GC(213) Compaction Phase 340.156ms
[28.279s][info][gc,phases,start] GC(213) Post Compact
[28.286s][info][gc,phases      ] GC(213) Post Compact 6.302ms
[28.287s][info][gc,heap        ] GC(213) PSYoungGen: 103168K(212992K)->0K(220160K) Eden: 0K(54272K)->0K(60416K) From: 103168K(158720K)->0K(159744K)
[28.287s][info][gc,heap        ] GC(213) ParOldGen: 4045926K(4151808K)->4145923K(4591616K)
[28.287s][info][gc,metaspace   ] GC(213) Metaspace: 6301K(6464K)->6301K(6464K) NonClass: 5768K(5824K)->5768K(5824K) Class: 533K(640K)->533K(640K)
[28.287s][info][gc             ] GC(213) Pause Full (Ergonomics) 4051M->4048M(4699M) 1297.154ms
[28.287s][info][gc,cpu         ] GC(213) User=9.59s Sys=0.08s Real=1.30s
[28.348s][info][gc,start       ] GC(214) Pause Young (Allocation Failure)
[28.399s][info][gc,heap        ] GC(214) PSYoungGen: 60416K(220160K)->60608K(220160K) Eden: 60416K(60416K)->0K(60416K) From: 0K(159744K)->60608K(159744K)
[28.399s][info][gc,heap        ] GC(214) ParOldGen: 4145923K(4591616K)->4145923K(4591616K)
[28.399s][info][gc,metaspace   ] GC(214) Metaspace: 6301K(6464K)->6301K(6464K) NonClass: 5768K(5824K)->5768K(5824K) Class: 533K(640K)->533K(640K)
[28.399s][info][gc             ] GC(214) Pause Young (Allocation Failure) 4107M->4107M(4699M) 51.174ms
[28.399s][info][gc,cpu         ] GC(214) User=0.17s Sys=0.00s Real=0.05s
[28.464s][info][gc,start       ] GC(215) Pause Young (Allocation Failure)
[28.532s][info][gc,heap        ] GC(215) PSYoungGen: 121024K(220160K)->121120K(214016K) Eden: 60416K(60416K)->0K(58368K) From: 60608K(159744K)->121120K(155648K)
[28.532s][info][gc,heap        ] GC(215) ParOldGen: 4145923K(4591616K)->4145923K(4591616K)
[28.532s][info][gc,metaspace   ] GC(215) Metaspace: 6301K(6464K)->6301K(6464K) NonClass: 5768K(5824K)->5768K(5824K) Class: 533K(640K)->533K(640K)
[28.532s][info][gc             ] GC(215) Pause Young (Allocation Failure) 4166M->4167M(4693M) 68.077ms
[28.532s][info][gc,cpu         ] GC(215) User=0.22s Sys=0.03s Real=0.07s
[28.601s][info][gc,start       ] GC(216) Pause Young (Allocation Failure)
[28.689s][info][gc,heap        ] GC(216) PSYoungGen: 179488K(214016K)->163328K(221696K) Eden: 58368K(58368K)->0K(58368K) From: 121120K(155648K)->163328K(163328K)
[28.689s][info][gc,heap        ] GC(216) ParOldGen: 4145923K(4591616K)->4162227K(4591616K)
[28.689s][info][gc,metaspace   ] GC(216) Metaspace: 6301K(6464K)->6301K(6464K) NonClass: 5768K(5824K)->5768K(5824K) Class: 533K(640K)->533K(640K)
[28.689s][info][gc             ] GC(216) Pause Young (Allocation Failure) 4224M->4224M(4700M) 87.606ms
[28.689s][info][gc,cpu         ] GC(216) User=0.59s Sys=0.03s Real=0.09s
[28.756s][info][gc,start       ] GC(217) Pause Young (Allocation Failure)
[28.866s][info][gc,heap        ] GC(217) PSYoungGen: 221696K(221696K)->170240K(236544K) Eden: 58368K(58368K)->0K(45056K) From: 163328K(163328K)->170240K(191488K)
[28.866s][info][gc,heap        ] GC(217) ParOldGen: 4162227K(4591616K)->4214283K(4591616K)
[28.866s][info][gc,metaspace   ] GC(217) Metaspace: 6301K(6464K)->6301K(6464K) NonClass: 5768K(5824K)->5768K(5824K) Class: 533K(640K)->533K(640K)
[28.866s][info][gc             ] GC(217) Pause Young (Allocation Failure) 4281M->4281M(4715M) 110.063ms
[28.866s][info][gc,cpu         ] GC(217) User=0.73s Sys=0.03s Real=0.11s
[28.916s][info][gc,start       ] GC(218) Pause Young (Allocation Failure)
[29.019s][info][gc,heap        ] GC(218) PSYoungGen: 215296K(236544K)->210432K(255488K) Eden: 45056K(45056K)->0K(45056K) From: 170240K(191488K)->210432K(210432K)
[29.019s][info][gc,heap        ] GC(218) ParOldGen: 4214283K(4591616K)->4219187K(4591616K)
[29.019s][info][gc,metaspace   ] GC(218) Metaspace: 6301K(6464K)->6301K(6464K) NonClass: 5768K(5824K)->5768K(5824K) Class: 533K(640K)->533K(640K)
[29.019s][info][gc             ] GC(218) Pause Young (Allocation Failure) 4325M->4325M(4733M) 103.707ms
[29.019s][info][gc,cpu         ] GC(218) User=0.77s Sys=0.00s Real=0.10s
[29.065s][info][gc,start       ] GC(219) Pause Young (Allocation Failure)
[29.200s][info][gc,heap        ] GC(219) PSYoungGen: 255488K(255488K)->144992K(291840K) Eden: 45056K(45056K)->0K(50688K) From: 210432K(210432K)->144992K(241152K)
[29.200s][info][gc,heap        ] GC(219) ParOldGen: 4219187K(4591616K)->4330611K(4591616K)
[29.201s][info][gc,metaspace   ] GC(219) Metaspace: 6301K(6464K)->6301K(6464K) NonClass: 5768K(5824K)->5768K(5824K) Class: 533K(640K)->533K(640K)
[29.201s][info][gc             ] GC(219) Pause Young (Allocation Failure) 4369M->4370M(4769M) 135.436ms
[29.201s][info][gc,cpu         ] GC(219) User=0.86s Sys=0.12s Real=0.13s
[29.255s][info][gc,start       ] GC(220) Pause Young (Allocation Failure)
[29.356s][info][gc,heap        ] GC(220) PSYoungGen: 195680K(291840K)->138944K(291840K) Eden: 50688K(50688K)->0K(50688K) From: 144992K(241152K)->138944K(241152K)
[29.356s][info][gc,heap        ] GC(220) ParOldGen: 4330611K(4591616K)->4387891K(4591616K)
[29.356s][info][gc,metaspace   ] GC(220) Metaspace: 6301K(6464K)->6301K(6464K) NonClass: 5768K(5824K)->5768K(5824K) Class: 533K(640K)->533K(640K)
[29.356s][info][gc             ] GC(220) Pause Young (Allocation Failure) 4420M->4420M(4769M) 100.743ms
[29.356s][info][gc,cpu         ] GC(220) User=0.66s Sys=0.02s Real=0.10s
[29.418s][info][gc,start       ] GC(221) Pause Young (Allocation Failure)
[29.517s][info][gc,heap        ] GC(221) PSYoungGen: 189632K(291840K)->146752K(291840K) Eden: 50688K(50688K)->0K(57344K) From: 138944K(241152K)->146752K(234496K)
[29.517s][info][gc,heap        ] GC(221) ParOldGen: 4387891K(4591616K)->4431163K(4591616K)
[29.517s][info][gc,metaspace   ] GC(221) Metaspace: 6301K(6464K)->6301K(6464K) NonClass: 5768K(5824K)->5768K(5824K) Class: 533K(640K)->533K(640K)
[29.517s][info][gc             ] GC(221) Pause Young (Allocation Failure) 4470M->4470M(4769M) 99.362ms
[29.517s][info][gc,cpu         ] GC(221) User=0.62s Sys=0.03s Real=0.10s
[29.582s][info][gc,start       ] GC(222) Pause Young (Allocation Failure)
[29.692s][info][gc,heap        ] GC(222) PSYoungGen: 204096K(291840K)->159072K(293376K) Eden: 57344K(57344K)->0K(57344K) From: 146752K(234496K)->159072K(236032K)
[29.692s][info][gc,heap        ] GC(222) ParOldGen: 4431163K(4591616K)->4476627K(4591616K)
[29.692s][info][gc,metaspace   ] GC(222) Metaspace: 6301K(6464K)->6301K(6464K) NonClass: 5768K(5824K)->5768K(5824K) Class: 533K(640K)->533K(640K)
[29.692s][info][gc             ] GC(222) Pause Young (Allocation Failure) 4526M->4527M(4770M) 110.508ms
[29.692s][info][gc,cpu         ] GC(222) User=0.72s Sys=0.05s Real=0.11s
[29.753s][info][gc,start       ] GC(223) Pause Young (Allocation Failure)
[29.866s][info][gc,heap        ] GC(223) PSYoungGen: 216416K(293376K)->165792K(300032K) Eden: 57344K(57344K)->0K(60928K) From: 159072K(236032K)->165792K(239104K)
[29.866s][info][gc,heap        ] GC(223) ParOldGen: 4476627K(4591616K)->4527779K(4591616K)
[29.866s][info][gc,metaspace   ] GC(223) Metaspace: 6301K(6464K)->6301K(6464K) NonClass: 5768K(5824K)->5768K(5824K) Class: 533K(640K)->533K(640K)
[29.866s][info][gc             ] GC(223) Pause Young (Allocation Failure) 4583M->4583M(4777M) 113.310ms
[29.866s][info][gc,cpu         ] GC(223) User=0.72s Sys=0.03s Real=0.11s
[29.866s][info][gc,start       ] GC(224) Pause Full (Ergonomics)
[29.866s][info][gc,phases,start] GC(224) Marking Phase
[30.929s][info][gc,phases      ] GC(224) Marking Phase 1062.414ms
[30.929s][info][gc,phases,start] GC(224) Summary Phase
[30.929s][info][gc,phases      ] GC(224) Summary Phase 0.056ms
[30.929s][info][gc,phases,start] GC(224) Adjust Roots
[30.929s][info][gc,phases      ] GC(224) Adjust Roots 0.161ms
[30.929s][info][gc,phases,start] GC(224) Compaction Phase
[31.321s][info][gc,phases      ] GC(224) Compaction Phase 392.035ms
[31.321s][info][gc,phases,start] GC(224) Post Compact
[31.328s][info][gc,phases      ] GC(224) Post Compact 7.226ms
[31.330s][info][gc,heap        ] GC(224) PSYoungGen: 165792K(300032K)->97812K(300032K) Eden: 0K(60928K)->0K(60928K) From: 165792K(239104K)->97812K(239104K)
[31.330s][info][gc,heap        ] GC(224) ParOldGen: 4527779K(4591616K)->4591540K(5064192K)
[31.330s][info][gc,metaspace   ] GC(224) Metaspace: 6301K(6464K)->6301K(6464K) NonClass: 5768K(5824K)->5768K(5824K) Class: 533K(640K)->533K(640K)
[31.330s][info][gc             ] GC(224) Pause Full (Ergonomics) 4583M->4579M(5238M) 1463.843ms
[31.330s][info][gc,cpu         ] GC(224) User=11.08s Sys=0.06s Real=1.46s
[31.398s][info][gc,start       ] GC(225) Pause Young (Allocation Failure)
[31.695s][info][gc,heap        ] GC(225) PSYoungGen: 158740K(300032K)->132384K(193536K) Eden: 60928K(60928K)->0K(60928K) From: 97812K(239104K)->132384K(132608K)
[31.695s][info][gc,heap        ] GC(225) ParOldGen: 4591540K(5064192K)->4618540K(5064192K)
[31.695s][info][gc,metaspace   ] GC(225) Metaspace: 6301K(6464K)->6301K(6464K) NonClass: 5768K(5824K)->5768K(5824K) Class: 533K(640K)->533K(640K)
[31.695s][info][gc             ] GC(225) Pause Young (Allocation Failure) 4638M->4639M(5134M) 297.059ms
[31.695s][info][gc,cpu         ] GC(225) User=2.05s Sys=0.02s Real=0.30s
[31.766s][info][gc,start       ] GC(226) Pause Young (Allocation Failure)
[31.877s][info][gc,heap        ] GC(226) PSYoungGen: 193312K(193536K)->159264K(299520K) Eden: 60928K(60928K)->0K(66560K) From: 132384K(132608K)->159264K(232960K)
[31.877s][info][gc,heap        ] GC(226) ParOldGen: 4618540K(5064192K)->4652988K(5064192K)
[31.877s][info][gc,metaspace   ] GC(226) Metaspace: 6301K(6464K)->6301K(6464K) NonClass: 5768K(5824K)->5768K(5824K) Class: 533K(640K)->533K(640K)
[31.877s][info][gc             ] GC(226) Pause Young (Allocation Failure) 4699M->4699M(5238M) 110.975ms
[31.877s][info][gc,cpu         ] GC(226) User=0.73s Sys=0.02s Real=0.11s
[31.946s][info][gc,start       ] GC(227) Pause Young (Allocation Failure)
[32.070s][info][gc,heap        ] GC(227) PSYoungGen: 225824K(299520K)->188832K(300544K) Eden: 66560K(66560K)->0K(66560K) From: 159264K(232960K)->188832K(233984K)
[32.070s][info][gc,heap        ] GC(227) ParOldGen: 4652988K(5064192K)->4690364K(5064192K)
[32.070s][info][gc,metaspace   ] GC(227) Metaspace: 6301K(6464K)->6301K(6464K) NonClass: 5768K(5824K)->5768K(5824K) Class: 533K(640K)->533K(640K)
[32.070s][info][gc             ] GC(227) Pause Young (Allocation Failure) 4764M->4764M(5239M) 124.021ms
[32.070s][info][gc,cpu         ] GC(227) User=0.86s Sys=0.03s Real=0.12s
[32.137s][info][gc,start       ] GC(228) Pause Young (Allocation Failure)
[32.277s][info][gc,heap        ] GC(228) PSYoungGen: 255392K(300544K)->194496K(308736K) Eden: 66560K(66560K)->0K(64000K) From: 188832K(233984K)->194496K(244736K)
[32.277s][info][gc,heap        ] GC(228) ParOldGen: 4690364K(5064192K)->4751828K(5064192K)
[32.277s][info][gc,metaspace   ] GC(228) Metaspace: 6301K(6464K)->6301K(6464K) NonClass: 5768K(5824K)->5768K(5824K) Class: 533K(640K)->533K(640K)
[32.278s][info][gc             ] GC(228) Pause Young (Allocation Failure) 4829M->4830M(5247M) 140.202ms
[32.278s][info][gc,cpu         ] GC(228) User=1.06s Sys=0.06s Real=0.14s
[32.352s][info][gc,start       ] GC(229) Pause Young (Allocation Failure)
[32.496s][info][gc,heap        ] GC(229) PSYoungGen: 258496K(308736K)->197600K(318976K) Eden: 64000K(64000K)->0K(64000K) From: 194496K(244736K)->197600K(254976K)
[32.496s][info][gc,heap        ] GC(229) ParOldGen: 4751828K(5064192K)->4813300K(5064192K)
[32.496s][info][gc,metaspace   ] GC(229) Metaspace: 6301K(6464K)->6301K(6464K) NonClass: 5768K(5824K)->5768K(5824K) Class: 533K(640K)->533K(640K)
[32.496s][info][gc             ] GC(229) Pause Young (Allocation Failure) 4892M->4893M(5257M) 144.689ms
[32.496s][info][gc,cpu         ] GC(229) User=0.98s Sys=0.03s Real=0.14s
[32.570s][info][gc,start       ] GC(230) Pause Young (Allocation Failure)
[32.719s][info][gc,heap        ] GC(230) PSYoungGen: 261600K(318976K)->128320K(320000K) Eden: 64000K(64000K)->0K(72192K) From: 197600K(254976K)->128320K(247808K)
[32.719s][info][gc,heap        ] GC(230) ParOldGen: 4813300K(5064192K)->4947596K(5064192K)
[32.719s][info][gc,metaspace   ] GC(230) Metaspace: 6301K(6464K)->6301K(6464K) NonClass: 5768K(5824K)->5768K(5824K) Class: 533K(640K)->533K(640K)
[32.719s][info][gc             ] GC(230) Pause Young (Allocation Failure) 4955M->4956M(5258M) 149.526ms
[32.719s][info][gc,cpu         ] GC(230) User=0.98s Sys=0.06s Real=0.15s
[32.719s][info][gc,start       ] GC(231) Pause Full (Ergonomics)
[32.719s][info][gc,phases,start] GC(231) Marking Phase
[33.887s][info][gc,phases      ] GC(231) Marking Phase 1167.619ms
[33.887s][info][gc,phases,start] GC(231) Summary Phase
[33.887s][info][gc,phases      ] GC(231) Summary Phase 0.066ms
[33.887s][info][gc,phases,start] GC(231) Adjust Roots
[33.888s][info][gc,phases      ] GC(231) Adjust Roots 0.267ms
[33.888s][info][gc,phases,start] GC(231) Compaction Phase
[34.287s][info][gc,phases      ] GC(231) Compaction Phase 399.137ms
[34.287s][info][gc,phases,start] GC(231) Post Compact
[34.294s][info][gc,phases      ] GC(231) Post Compact 7.672ms
[34.296s][info][gc,heap        ] GC(231) PSYoungGen: 128320K(320000K)->8391K(328192K) Eden: 0K(72192K)->0K(80384K) From: 128320K(247808K)->8391K(247808K)
[34.296s][info][gc,heap        ] GC(231) ParOldGen: 4947596K(5064192K)->5063739K(5595136K)
[34.296s][info][gc,metaspace   ] GC(231) Metaspace: 6301K(6464K)->6301K(6464K) NonClass: 5768K(5824K)->5768K(5824K) Class: 533K(640K)->533K(640K)
[34.296s][info][gc             ] GC(231) Pause Full (Ergonomics) 4956M->4953M(5784M) 1576.858ms
[34.296s][info][gc,cpu         ] GC(231) User=11.94s Sys=0.08s Real=1.58s
[34.383s][info][gc,start       ] GC(232) Pause Young (Allocation Failure)
[34.648s][info][gc,heap        ] GC(232) PSYoungGen: 88775K(328192K)->80608K(336384K) Eden: 80384K(80384K)->0K(80384K) From: 8391K(247808K)->80608K(256000K)
[34.648s][info][gc,heap        ] GC(232) ParOldGen: 5063739K(5595136K)->5072267K(5595136K)
[34.648s][info][gc,metaspace   ] GC(232) Metaspace: 6301K(6464K)->6301K(6464K) NonClass: 5768K(5824K)->5768K(5824K) Class: 533K(640K)->533K(640K)
[34.648s][info][gc             ] GC(232) Pause Young (Allocation Failure) 5031M->5032M(5792M) 265.463ms
[34.648s][info][gc,cpu         ] GC(232) User=1.61s Sys=0.02s Real=0.27s
[34.738s][info][gc,start       ] GC(233) Pause Young (Allocation Failure)
[34.833s][info][gc,heap        ] GC(233) PSYoungGen: 160992K(336384K)->80672K(342528K) Eden: 80384K(80384K)->0K(89088K) From: 80608K(256000K)->80672K(253440K)
[34.833s][info][gc,heap        ] GC(233) ParOldGen: 5072267K(5595136K)->5153411K(5595136K)
[34.833s][info][gc,metaspace   ] GC(233) Metaspace: 6301K(6464K)->6301K(6464K) NonClass: 5768K(5824K)->5768K(5824K) Class: 533K(640K)->533K(640K)
[34.833s][info][gc             ] GC(233) Pause Young (Allocation Failure) 5110M->5111M(5798M) 94.619ms
[34.833s][info][gc,cpu         ] GC(233) User=0.59s Sys=0.02s Real=0.10s
[34.931s][info][gc,start       ] GC(234) Pause Young (Allocation Failure)
[35.030s][info][gc,heap        ] GC(234) PSYoungGen: 169760K(342528K)->89344K(344064K) Eden: 89088K(89088K)->0K(89088K) From: 80672K(253440K)->89344K(254976K)
[35.030s][info][gc,heap        ] GC(234) ParOldGen: 5153411K(5595136K)->5234547K(5595136K)
[35.030s][info][gc,metaspace   ] GC(234) Metaspace: 6301K(6464K)->6301K(6464K) NonClass: 5768K(5824K)->5768K(5824K) Class: 533K(640K)->533K(640K)
[35.030s][info][gc             ] GC(234) Pause Young (Allocation Failure) 5198M->5199M(5800M) 99.503ms
[35.030s][info][gc,cpu         ] GC(234) User=0.61s Sys=0.06s Real=0.10s
[35.126s][info][gc,start       ] GC(235) Pause Young (Allocation Failure)
[35.235s][info][gc,heap        ] GC(235) PSYoungGen: 178432K(344064K)->89408K(338432K) Eden: 89088K(89088K)->0K(98304K) From: 89344K(254976K)->89408K(240128K)
[35.235s][info][gc,heap        ] GC(235) ParOldGen: 5234547K(5595136K)->5324459K(5595136K)
[35.235s][info][gc,metaspace   ] GC(235) Metaspace: 6301K(6464K)->6301K(6464K) NonClass: 5768K(5824K)->5768K(5824K) Class: 533K(640K)->533K(640K)
[35.235s][info][gc             ] GC(235) Pause Young (Allocation Failure) 5286M->5286M(5794M) 108.693ms
[35.235s][info][gc,cpu         ] GC(235) User=0.62s Sys=0.12s Real=0.11s
[35.349s][info][gc,start       ] GC(236) Pause Young (Allocation Failure)
[35.463s][info][gc,heap        ] GC(236) PSYoungGen: 187712K(338432K)->98592K(343552K) Eden: 98304K(98304K)->0K(98304K) From: 89408K(240128K)->98592K(245248K)
[35.463s][info][gc,heap        ] GC(236) ParOldGen: 5324459K(5595136K)->5414387K(5595136K)
[35.463s][info][gc,metaspace   ] GC(236) Metaspace: 6301K(6464K)->6301K(6464K) NonClass: 5768K(5824K)->5768K(5824K) Class: 533K(640K)->533K(640K)
[35.463s][info][gc             ] GC(236) Pause Young (Allocation Failure) 5382M->5383M(5799M) 113.627ms
[35.463s][info][gc,cpu         ] GC(236) User=0.72s Sys=0.05s Real=0.11s
[35.572s][info][gc,start       ] GC(237) Pause Young (Allocation Failure)
[35.689s][info][gc,heap        ] GC(237) PSYoungGen: 196896K(343552K)->98656K(331264K) Eden: 98304K(98304K)->0K(108544K) From: 98592K(245248K)->98656K(222720K)
[35.689s][info][gc,heap        ] GC(237) ParOldGen: 5414387K(5595136K)->5513587K(5595136K)
[35.689s][info][gc,metaspace   ] GC(237) Metaspace: 6301K(6464K)->6301K(6464K) NonClass: 5768K(5824K)->5768K(5824K) Class: 533K(640K)->533K(640K)
[35.689s][info][gc             ] GC(237) Pause Young (Allocation Failure) 5479M->5480M(5787M) 116.896ms
[35.689s][info][gc,cpu         ] GC(237) User=0.73s Sys=0.05s Real=0.12s
[35.689s][info][gc,start       ] GC(238) Pause Full (Ergonomics)
[35.689s][info][gc,phases,start] GC(238) Marking Phase
[36.962s][info][gc,phases      ] GC(238) Marking Phase 1272.293ms
[36.962s][info][gc,phases,start] GC(238) Summary Phase
[36.962s][info][gc,phases      ] GC(238) Summary Phase 0.066ms
[36.962s][info][gc,phases,start] GC(238) Adjust Roots
[36.962s][info][gc,phases      ] GC(238) Adjust Roots 0.159ms
[36.962s][info][gc,phases,start] GC(238) Compaction Phase
[37.411s][info][gc,phases      ] GC(238) Compaction Phase 448.952ms
[37.411s][info][gc,phases,start] GC(238) Post Compact
[37.420s][info][gc,phases      ] GC(238) Post Compact 8.608ms
[37.422s][info][gc,heap        ] GC(238) PSYoungGen: 98656K(331264K)->12437K(338944K) Eden: 0K(108544K)->0K(116224K) From: 98656K(222720K)->12437K(222720K)
[37.422s][info][gc,heap        ] GC(238) ParOldGen: 5513587K(5595136K)->5595054K(6194176K)
[37.422s][info][gc,metaspace   ] GC(238) Metaspace: 6301K(6464K)->6301K(6464K) NonClass: 5768K(5824K)->5768K(5824K) Class: 533K(640K)->533K(640K)
[37.422s][info][gc             ] GC(238) Pause Full (Ergonomics) 5480M->5476M(6380M) 1732.413ms
[37.422s][info][gc,cpu         ] GC(238) User=13.16s Sys=0.08s Real=1.73s
[37.563s][info][gc,start       ] GC(239) Pause Young (Allocation Failure)
[37.874s][info][gc,heap        ] GC(239) PSYoungGen: 128661K(338944K)->116544K(346624K) Eden: 116224K(116224K)->0K(116224K) From: 12437K(222720K)->116544K(230400K)
[37.874s][info][gc,heap        ] GC(239) ParOldGen: 5595054K(6194176K)->5607654K(6194176K)
[37.874s][info][gc,metaspace   ] GC(239) Metaspace: 6301K(6464K)->6301K(6464K) NonClass: 5768K(5824K)->5768K(5824K) Class: 533K(640K)->533K(640K)
[37.874s][info][gc             ] GC(239) Pause Young (Allocation Failure) 5589M->5590M(6387M) 311.092ms
[37.874s][info][gc,cpu         ] GC(239) User=1.95s Sys=0.00s Real=0.31s
[39.152s][info][gc,start       ] GC(240) Pause Young (Allocation Failure)
[39.392s][info][gc,heap        ] GC(240) PSYoungGen: 232768K(346624K)->220160K(314880K) Eden: 116224K(116224K)->0K(94720K) From: 116544K(230400K)->220160K(220160K)
[39.392s][info][gc,heap        ] GC(240) ParOldGen: 5869798K(6194176K)->5882654K(6194176K)
[39.392s][info][gc,metaspace   ] GC(240) Metaspace: 6301K(6464K)->6301K(6464K) NonClass: 5768K(5824K)->5768K(5824K) Class: 533K(640K)->533K(640K)
[39.392s][info][gc             ] GC(240) Pause Young (Allocation Failure) 5959M->5959M(6356M) 239.988ms
[39.392s][info][gc,cpu         ] GC(240) User=1.64s Sys=0.09s Real=0.24s
[39.505s][info][gc,start       ] GC(241) Pause Young (Allocation Failure)
[39.672s][info][gc,heap        ] GC(241) PSYoungGen: 314880K(314880K)->95008K(346624K) Eden: 94720K(94720K)->0K(94720K) From: 220160K(220160K)->95008K(251904K)
[39.672s][info][gc,heap        ] GC(241) ParOldGen: 5882654K(6194176K)->6104358K(6194176K)
[39.672s][info][gc,metaspace   ] GC(241) Metaspace: 6301K(6464K)->6301K(6464K) NonClass: 5768K(5824K)->5768K(5824K) Class: 533K(640K)->533K(640K)
[39.672s][info][gc             ] GC(241) Pause Young (Allocation Failure) 6052M->6054M(6387M) 167.131ms
[39.672s][info][gc,cpu         ] GC(241) User=1.06s Sys=0.06s Real=0.17s
[39.672s][info][gc,start       ] GC(242) Pause Full (Ergonomics)
[39.672s][info][gc,phases,start] GC(242) Marking Phase
[41.026s][info][gc,phases      ] GC(242) Marking Phase 1353.710ms
[41.026s][info][gc,phases,start] GC(242) Summary Phase
[41.026s][info][gc,phases      ] GC(242) Summary Phase 0.134ms
[41.026s][info][gc,phases,start] GC(242) Adjust Roots
[41.026s][info][gc,phases      ] GC(242) Adjust Roots 0.162ms
[41.026s][info][gc,phases,start] GC(242) Compaction Phase
[41.928s][info][gc,phases      ] GC(242) Compaction Phase 902.131ms
[41.928s][info][gc,phases,start] GC(242) Post Compact
[41.938s][info][gc,phases      ] GC(242) Post Compact 9.687ms
[41.940s][info][gc,heap        ] GC(242) PSYoungGen: 95008K(346624K)->0K(349184K) Eden: 0K(94720K)->0K(102912K) From: 95008K(251904K)->0K(246272K)
[41.940s][info][gc,heap        ] GC(242) ParOldGen: 6104358K(6194176K)->6065639K(6768128K)
[41.940s][info][gc,metaspace   ] GC(242) Metaspace: 6301K(6464K)->6301K(6464K) NonClass: 5768K(5824K)->5768K(5824K) Class: 533K(640K)->533K(640K)
[41.940s][info][gc             ] GC(242) Pause Full (Ergonomics) 6054M->5923M(6950M) 2267.923ms
[41.940s][info][gc,cpu         ] GC(242) User=16.25s Sys=0.06s Real=2.27s
[42.046s][info][gc,start       ] GC(243) Pause Young (Allocation Failure)
[42.138s][info][gc,heap        ] GC(243) PSYoungGen: 102912K(349184K)->103296K(349184K) Eden: 102912K(102912K)->0K(102912K) From: 0K(246272K)->103296K(246272K)
[42.138s][info][gc,heap        ] GC(243) ParOldGen: 6065639K(6768128K)->6065639K(6768128K)
[42.138s][info][gc,metaspace   ] GC(243) Metaspace: 6301K(6464K)->6301K(6464K) NonClass: 5768K(5824K)->5768K(5824K) Class: 533K(640K)->533K(640K)
[42.138s][info][gc             ] GC(243) Pause Young (Allocation Failure) 6023M->6024M(6950M) 92.341ms
[42.138s][info][gc,cpu         ] GC(243) User=0.36s Sys=0.00s Real=0.09s
[42.246s][info][gc,start       ] GC(244) Pause Young (Allocation Failure)
[42.370s][info][gc,heap        ] GC(244) PSYoungGen: 206208K(349184K)->206336K(331264K) Eden: 102912K(102912K)->0K(92672K) From: 103296K(246272K)->206336K(238592K)
[42.370s][info][gc,heap        ] GC(244) ParOldGen: 6065639K(6768128K)->6065639K(6768128K)
[42.370s][info][gc,metaspace   ] GC(244) Metaspace: 6301K(6464K)->6301K(6464K) NonClass: 5768K(5824K)->5768K(5824K) Class: 533K(640K)->533K(640K)
[42.370s][info][gc             ] GC(244) Pause Young (Allocation Failure) 6124M->6124M(6933M) 123.909ms
[42.370s][info][gc,cpu         ] GC(244) User=0.34s Sys=0.00s Real=0.12s
[42.468s][info][gc,start       ] GC(245) Pause Young (Allocation Failure)
[42.619s][info][gc,heap        ] GC(245) PSYoungGen: 299008K(331264K)->257024K(349696K) Eden: 92672K(92672K)->0K(92672K) From: 206336K(238592K)->257024K(257024K)
[42.619s][info][gc,heap        ] GC(245) ParOldGen: 6065639K(6768128K)->6107991K(6768128K)
[42.619s][info][gc,metaspace   ] GC(245) Metaspace: 6301K(6464K)->6301K(6464K) NonClass: 5768K(5824K)->5768K(5824K) Class: 533K(640K)->533K(640K)
[42.619s][info][gc             ] GC(245) Pause Young (Allocation Failure) 6215M->6215M(6951M) 151.341ms
[42.619s][info][gc,cpu         ] GC(245) User=0.64s Sys=0.00s Real=0.15s
[42.716s][info][gc,start       ] GC(246) Pause Young (Allocation Failure)
[42.881s][info][gc,heap        ] GC(246) PSYoungGen: 349696K(349696K)->258944K(382976K) Eden: 92672K(92672K)->0K(76800K) From: 257024K(257024K)->258944K(306176K)
[42.881s][info][gc,heap        ] GC(246) ParOldGen: 6107991K(6768128K)->6199679K(6768128K)
[42.881s][info][gc,metaspace   ] GC(246) Metaspace: 6301K(6464K)->6301K(6464K) NonClass: 5768K(5824K)->5768K(5824K) Class: 533K(640K)->533K(640K)
[42.881s][info][gc             ] GC(246) Pause Young (Allocation Failure) 6306M->6307M(6983M) 164.463ms
[42.881s][info][gc,cpu         ] GC(246) User=1.25s Sys=0.11s Real=0.17s
[42.970s][info][gc,start       ] GC(247) Pause Young (Allocation Failure)
[43.130s][info][gc,heap        ] GC(247) PSYoungGen: 335744K(382976K)->330752K(407552K) Eden: 76800K(76800K)->0K(76800K) From: 258944K(306176K)->330752K(330752K)
[43.130s][info][gc,heap        ] GC(247) ParOldGen: 6199679K(6768128K)->6204751K(6768128K)
[43.130s][info][gc,metaspace   ] GC(247) Metaspace: 6301K(6464K)->6301K(6464K) NonClass: 5768K(5824K)->5768K(5824K) Class: 533K(640K)->533K(640K)
[43.130s][info][gc             ] GC(247) Pause Young (Allocation Failure) 6382M->6382M(7007M) 160.183ms
[43.130s][info][gc,cpu         ] GC(247) User=0.95s Sys=0.00s Real=0.16s
[43.208s][info][gc,start       ] GC(248) Pause Young (Allocation Failure)
[43.395s][info][gc,heap        ] GC(248) PSYoungGen: 407552K(407552K)->242560K(460288K) Eden: 76800K(76800K)->0K(81408K) From: 330752K(330752K)->242560K(378880K)
[43.395s][info][gc,heap        ] GC(248) ParOldGen: 6204751K(6768128K)->6371143K(6768128K)
[43.395s][info][gc,metaspace   ] GC(248) Metaspace: 6301K(6464K)->6301K(6464K) NonClass: 5768K(5824K)->5768K(5824K) Class: 533K(640K)->533K(640K)
[43.395s][info][gc             ] GC(248) Pause Young (Allocation Failure) 6457M->6458M(7059M) 186.959ms
[43.395s][info][gc,cpu         ] GC(248) User=1.19s Sys=0.20s Real=0.19s
[43.485s][info][gc,start       ] GC(249) Pause Young (Allocation Failure)
[43.644s][info][gc,heap        ] GC(249) PSYoungGen: 323968K(460288K)->233056K(463872K) Eden: 81408K(81408K)->0K(81408K) From: 242560K(378880K)->233056K(382464K)
[43.644s][info][gc,heap        ] GC(249) ParOldGen: 6371143K(6768128K)->6462871K(6768128K)
[43.644s][info][gc,metaspace   ] GC(249) Metaspace: 6301K(6464K)->6301K(6464K) NonClass: 5768K(5824K)->5768K(5824K) Class: 533K(640K)->533K(640K)
[43.644s][info][gc             ] GC(249) Pause Young (Allocation Failure) 6538M->6538M(7062M) 159.551ms
[43.644s][info][gc,cpu         ] GC(249) User=0.80s Sys=0.00s Real=0.16s
[43.738s][info][gc,start       ] GC(250) Pause Young (Allocation Failure)
[43.893s][info][gc,heap        ] GC(250) PSYoungGen: 314464K(463872K)->240160K(471552K) Eden: 81408K(81408K)->0K(91136K) From: 233056K(382464K)->240160K(380416K)
[43.894s][info][gc,heap        ] GC(250) ParOldGen: 6462871K(6768128K)->6537871K(6768128K)
[43.894s][info][gc,metaspace   ] GC(250) Metaspace: 6301K(6464K)->6301K(6464K) NonClass: 5768K(5824K)->5768K(5824K) Class: 533K(640K)->533K(640K)
[43.894s][info][gc             ] GC(250) Pause Young (Allocation Failure) 6618M->6619M(7070M) 155.519ms
[43.894s][info][gc,cpu         ] GC(250) User=0.83s Sys=0.00s Real=0.15s
[43.986s][info][gc,start       ] GC(251) Pause Young (Allocation Failure)
[44.146s][info][gc,heap        ] GC(251) PSYoungGen: 331296K(471552K)->173024K(264192K) Eden: 91136K(91136K)->0K(91136K) From: 240160K(380416K)->173024K(173056K)
[44.146s][info][gc,heap        ] GC(251) ParOldGen: 6537871K(6768128K)->6697479K(6768128K)
[44.146s][info][gc,metaspace   ] GC(251) Metaspace: 6301K(6464K)->6301K(6464K) NonClass: 5768K(5824K)->5768K(5824K) Class: 533K(640K)->533K(640K)
[44.147s][info][gc             ] GC(251) Pause Young (Allocation Failure) 6708M->6709M(6867M) 160.626ms
[44.147s][info][gc,cpu         ] GC(251) User=1.02s Sys=0.12s Real=0.16s
[44.147s][info][gc,start       ] GC(252) Pause Full (Ergonomics)
[44.147s][info][gc,phases,start] GC(252) Marking Phase
[45.675s][info][gc,phases      ] GC(252) Marking Phase 1528.097ms
[45.675s][info][gc,phases,start] GC(252) Summary Phase
[45.675s][info][gc,phases      ] GC(252) Summary Phase 0.078ms
[45.675s][info][gc,phases,start] GC(252) Adjust Roots
[45.675s][info][gc,phases      ] GC(252) Adjust Roots 0.191ms
[45.675s][info][gc,phases,start] GC(252) Compaction Phase
[46.339s][info][gc,phases      ] GC(252) Compaction Phase 664.047ms
[46.339s][info][gc,phases,start] GC(252) Post Compact
[46.349s][info][gc,phases      ] GC(252) Post Compact 10.204ms
[46.352s][info][gc,heap        ] GC(252) PSYoungGen: 173024K(264192K)->96324K(264192K) Eden: 0K(91136K)->0K(91136K) From: 173024K(173056K)->96324K(173056K)
[46.352s][info][gc,heap        ] GC(252) ParOldGen: 6697479K(6768128K)->6767740K(7534080K)
[46.352s][info][gc,metaspace   ] GC(252) Metaspace: 6301K(6464K)->6301K(6464K) NonClass: 5768K(5824K)->5768K(5824K) Class: 533K(640K)->533K(640K)
[46.352s][info][gc             ] GC(252) Pause Full (Ergonomics) 6709M->6703M(7615M) 2205.380ms
[46.352s][info][gc,cpu         ] GC(252) User=15.91s Sys=0.03s Real=2.20s
[46.458s][info][gc,start       ] GC(253) Pause Young (Allocation Failure)
[46.820s][info][gc,heap        ] GC(253) PSYoungGen: 187460K(264192K)->91456K(462848K) Eden: 91136K(91136K)->0K(100352K) From: 96324K(173056K)->91456K(362496K)
[46.820s][info][gc,heap        ] GC(253) ParOldGen: 6767740K(7534080K)->6864956K(7534080K)
[46.820s][info][gc,metaspace   ] GC(253) Metaspace: 6301K(6464K)->6301K(6464K) NonClass: 5768K(5824K)->5768K(5824K) Class: 533K(640K)->533K(640K)
[46.820s][info][gc             ] GC(253) Pause Young (Allocation Failure) 6792M->6793M(7809M) 361.447ms
[46.820s][info][gc,cpu         ] GC(253) User=2.48s Sys=0.02s Real=0.36s
[46.917s][info][gc,start       ] GC(254) Pause Young (Allocation Failure)
[47.059s][info][gc,heap        ] GC(254) PSYoungGen: 191808K(462848K)->100672K(465408K) Eden: 100352K(100352K)->0K(100352K) From: 91456K(362496K)->100672K(365056K)
[47.059s][info][gc,heap        ] GC(254) ParOldGen: 6864956K(7534080K)->6956908K(7534080K)
[47.059s][info][gc,metaspace   ] GC(254) Metaspace: 6301K(6464K)->6301K(6464K) NonClass: 5768K(5824K)->5768K(5824K) Class: 533K(640K)->533K(640K)
[47.059s][info][gc             ] GC(254) Pause Young (Allocation Failure) 6891M->6892M(7812M) 142.385ms
[47.059s][info][gc,cpu         ] GC(254) User=0.69s Sys=0.02s Real=0.14s
[47.158s][info][gc,start       ] GC(255) Pause Young (Allocation Failure)
[47.282s][info][gc,heap        ] GC(255) PSYoungGen: 201024K(465408K)->100640K(459776K) Eden: 100352K(100352K)->0K(111104K) From: 100672K(365056K)->100640K(348672K)
[47.282s][info][gc,heap        ] GC(255) ParOldGen: 6956908K(7534080K)->7058164K(7534080K)
[47.282s][info][gc,metaspace   ] GC(255) Metaspace: 6301K(6464K)->6301K(6464K) NonClass: 5768K(5824K)->5768K(5824K) Class: 533K(640K)->533K(640K)
[47.282s][info][gc             ] GC(255) Pause Young (Allocation Failure) 6990M->6991M(7806M) 123.366ms
[47.282s][info][gc,cpu         ] GC(255) User=0.53s Sys=0.02s Real=0.12s
[47.395s][info][gc,start       ] GC(256) Pause Young (Allocation Failure)
[47.524s][info][gc,heap        ] GC(256) PSYoungGen: 211744K(459776K)->111456K(465920K) Eden: 111104K(111104K)->0K(111104K) From: 100640K(348672K)->111456K(354816K)
[47.524s][info][gc,heap        ] GC(256) ParOldGen: 7058164K(7534080K)->7159404K(7534080K)
[47.524s][info][gc,metaspace   ] GC(256) Metaspace: 6301K(6464K)->6301K(6464K) NonClass: 5768K(5824K)->5768K(5824K) Class: 533K(640K)->533K(640K)
[47.524s][info][gc             ] GC(256) Pause Young (Allocation Failure) 7099M->7100M(7812M) 129.066ms
[47.524s][info][gc,cpu         ] GC(256) User=0.67s Sys=0.05s Real=0.13s
[47.642s][info][gc,start       ] GC(257) Pause Young (Allocation Failure)
[47.778s][info][gc,heap        ] GC(257) PSYoungGen: 222560K(465920K)->111456K(448512K) Eden: 111104K(111104K)->0K(123392K) From: 111456K(354816K)->111456K(325120K)
[47.778s][info][gc,heap        ] GC(257) ParOldGen: 7159404K(7534080K)->7271492K(7534080K)
[47.778s][info][gc,metaspace   ] GC(257) Metaspace: 6301K(6464K)->6301K(6464K) NonClass: 5768K(5824K)->5768K(5824K) Class: 533K(640K)->533K(640K)
[47.778s][info][gc             ] GC(257) Pause Young (Allocation Failure) 7208M->7209M(7795M) 135.698ms
[47.778s][info][gc,cpu         ] GC(257) User=0.58s Sys=0.02s Real=0.14s
[47.908s][info][gc,start       ] GC(258) Pause Young (Allocation Failure)
[48.046s][info][gc,heap        ] GC(258) PSYoungGen: 234848K(448512K)->123776K(458752K) Eden: 123392K(123392K)->0K(123392K) From: 111456K(325120K)->123776K(335360K)
[48.046s][info][gc,heap        ] GC(258) ParOldGen: 7271492K(7534080K)->7383588K(7534080K)
[48.046s][info][gc,metaspace   ] GC(258) Metaspace: 6301K(6464K)->6301K(6464K) NonClass: 5768K(5824K)->5768K(5824K) Class: 533K(640K)->533K(640K)
[48.046s][info][gc             ] GC(258) Pause Young (Allocation Failure) 7330M->7331M(7805M) 137.677ms
[48.046s][info][gc,cpu         ] GC(258) User=0.69s Sys=0.03s Real=0.14s
[48.046s][info][gc,start       ] GC(259) Pause Full (Ergonomics)
[48.046s][info][gc,phases,start] GC(259) Marking Phase
[49.717s][info][gc,phases      ] GC(259) Marking Phase 1670.684ms
[49.717s][info][gc,phases,start] GC(259) Summary Phase
[49.717s][info][gc,phases      ] GC(259) Summary Phase 0.123ms
[49.717s][info][gc,phases,start] GC(259) Adjust Roots
[49.717s][info][gc,phases      ] GC(259) Adjust Roots 0.194ms
[49.717s][info][gc,phases,start] GC(259) Compaction Phase
[50.428s][info][gc,phases      ] GC(259) Compaction Phase 711.085ms
[50.428s][info][gc,phases,start] GC(259) Post Compact
[50.441s][info][gc,phases      ] GC(259) Post Compact 12.602ms
[50.443s][info][gc,heap        ] GC(259) PSYoungGen: 123776K(458752K)->0K(459776K) Eden: 0K(123392K)->0K(136704K) From: 123776K(335360K)->0K(323072K)
[50.443s][info][gc,heap        ] GC(259) ParOldGen: 7383588K(7534080K)->7501318K(8304128K)
[50.443s][info][gc,metaspace   ] GC(259) Metaspace: 6301K(6464K)->6301K(6464K) NonClass: 5768K(5824K)->5768K(5824K) Class: 533K(640K)->533K(640K)
[50.443s][info][gc             ] GC(259) Pause Full (Ergonomics) 7331M->7325M(8558M) 2397.402ms
[50.443s][info][gc,cpu         ] GC(259) User=17.17s Sys=0.08s Real=2.40s
[50.578s][info][gc,start       ] GC(260) Pause Young (Allocation Failure)
[50.689s][info][gc,heap        ] GC(260) PSYoungGen: 136704K(459776K)->137120K(273920K) Eden: 136704K(136704K)->0K(136704K) From: 0K(323072K)->137120K(137216K)
[50.689s][info][gc,heap        ] GC(260) ParOldGen: 7501318K(8304128K)->7501318K(8304128K)
[50.689s][info][gc,metaspace   ] GC(260) Metaspace: 6301K(6464K)->6301K(6464K) NonClass: 5768K(5824K)->5768K(5824K) Class: 533K(640K)->533K(640K)
[50.689s][info][gc             ] GC(260) Pause Young (Allocation Failure) 7459M->7459M(8377M) 110.688ms
[50.689s][info][gc,cpu         ] GC(260) User=0.30s Sys=0.00s Real=0.11s
[50.831s][info][gc,start       ] GC(261) Pause Young (Allocation Failure)
[50.977s][info][gc,heap        ] GC(261) PSYoungGen: 273824K(273920K)->274048K(428032K) Eden: 136704K(136704K)->0K(119296K) From: 137120K(137216K)->274048K(308736K)
[50.977s][info][gc,heap        ] GC(261) ParOldGen: 7501318K(8304128K)->7501318K(8304128K)
[50.977s][info][gc,metaspace   ] GC(261) Metaspace: 6301K(6464K)->6301K(6464K) NonClass: 5768K(5824K)->5768K(5824K) Class: 533K(640K)->533K(640K)
[50.977s][info][gc             ] GC(261) Pause Young (Allocation Failure) 7592M->7593M(8527M) 146.453ms
[50.977s][info][gc,cpu         ] GC(261) User=0.70s Sys=0.02s Real=0.15s
[51.117s][info][gc,start       ] GC(262) Pause Young (Allocation Failure)
[51.300s][info][gc,heap        ] GC(262) PSYoungGen: 393344K(428032K)->338432K(457728K) Eden: 119296K(119296K)->0K(119296K) From: 274048K(308736K)->338432K(338432K)
[51.300s][info][gc,heap        ] GC(262) ParOldGen: 7501318K(8304128K)->7556766K(8304128K)
[51.300s][info][gc,metaspace   ] GC(262) Metaspace: 6301K(6464K)->6301K(6464K) NonClass: 5768K(5824K)->5768K(5824K) Class: 533K(640K)->533K(640K)
[51.300s][info][gc             ] GC(262) Pause Young (Allocation Failure) 7709M->7710M(8556M) 183.154ms
[51.300s][info][gc,cpu         ] GC(262) User=1.23s Sys=0.03s Real=0.18s
[51.419s][info][gc,start       ] GC(263) Pause Young (Allocation Failure)
[51.669s][info][gc,heap        ] GC(263) PSYoungGen: 457728K(457728K)->222784K(523264K) Eden: 119296K(119296K)->0K(132096K) From: 338432K(338432K)->222784K(391168K)
[51.669s][info][gc,heap        ] GC(263) ParOldGen: 7556766K(8304128K)->7793750K(8304128K)
[51.669s][info][gc,metaspace   ] GC(263) Metaspace: 6301K(6464K)->6301K(6464K) NonClass: 5768K(5824K)->5768K(5824K) Class: 533K(640K)->533K(640K)
[51.669s][info][gc             ] GC(263) Pause Young (Allocation Failure) 7826M->7828M(8620M) 250.420ms
[51.669s][info][gc,cpu         ] GC(263) User=1.47s Sys=0.17s Real=0.25s
[51.807s][info][gc,start       ] GC(264) Pause Young (Allocation Failure)
[51.988s][info][gc,heap        ] GC(264) PSYoungGen: 354880K(523264K)->252032K(529920K) Eden: 132096K(132096K)->0K(132096K) From: 222784K(391168K)->252032K(397824K)
[51.988s][info][gc,heap        ] GC(264) ParOldGen: 7793750K(8304128K)->7897630K(8304128K)
[51.988s][info][gc,metaspace   ] GC(264) Metaspace: 6301K(6464K)->6301K(6464K) NonClass: 5768K(5824K)->5768K(5824K) Class: 533K(640K)->533K(640K)
[51.988s][info][gc             ] GC(264) Pause Young (Allocation Failure) 7957M->7958M(8627M) 180.958ms
[51.988s][info][gc,cpu         ] GC(264) User=1.25s Sys=0.03s Real=0.18s
[52.128s][info][gc,start       ] GC(265) Pause Young (Allocation Failure)
[52.320s][info][gc,heap        ] GC(265) PSYoungGen: 384128K(529920K)->264800K(541696K) Eden: 132096K(132096K)->0K(141824K) From: 252032K(397824K)->264800K(399872K)
[52.320s][info][gc,heap        ] GC(265) ParOldGen: 7897630K(8304128K)->8018038K(8304128K)
[52.320s][info][gc,metaspace   ] GC(265) Metaspace: 6301K(6464K)->6301K(6464K) NonClass: 5768K(5824K)->5768K(5824K) Class: 533K(640K)->533K(640K)
[52.321s][info][gc             ] GC(265) Pause Young (Allocation Failure) 8087M->8088M(8638M) 192.090ms
[52.321s][info][gc,cpu         ] GC(265) User=1.27s Sys=0.06s Real=0.19s
[52.465s][info][gc,start       ] GC(266) Pause Young (Allocation Failure)
[52.686s][info][gc,heap        ] GC(266) PSYoungGen: 406624K(541696K)->274624K(546304K) Eden: 141824K(141824K)->0K(141824K) From: 264800K(399872K)->274624K(404480K)
[52.686s][info][gc,heap        ] GC(266) ParOldGen: 8018038K(8304128K)->8151334K(8304128K)
[52.686s][info][gc,metaspace   ] GC(266) Metaspace: 6301K(6464K)->6301K(6464K) NonClass: 5768K(5824K)->5768K(5824K) Class: 533K(640K)->533K(640K)
[52.686s][info][gc             ] GC(266) Pause Young (Allocation Failure) 8227M->8228M(8643M) 220.375ms
[52.686s][info][gc,cpu         ] GC(266) User=1.62s Sys=0.03s Real=0.22s
[52.686s][info][gc,start       ] GC(267) Pause Full (Ergonomics)
[52.686s][info][gc,phases,start] GC(267) Marking Phase
[54.651s][info][gc,phases      ] GC(267) Marking Phase 1965.148ms
[54.651s][info][gc,phases,start] GC(267) Summary Phase
[54.651s][info][gc,phases      ] GC(267) Summary Phase 0.124ms
[54.651s][info][gc,phases,start] GC(267) Adjust Roots
[54.651s][info][gc,phases      ] GC(267) Adjust Roots 0.227ms
[54.651s][info][gc,phases,start] GC(267) Compaction Phase
[55.349s][info][gc,phases      ] GC(267) Compaction Phase 697.815ms
[55.349s][info][gc,phases,start] GC(267) Post Compact
[55.362s][info][gc,phases      ] GC(267) Post Compact 12.977ms
[55.365s][info][gc,heap        ] GC(267) PSYoungGen: 274624K(546304K)->115451K(546304K) Eden: 0K(141824K)->0K(141824K) From: 274624K(404480K)->115451K(404480K)
[55.365s][info][gc,heap        ] GC(267) ParOldGen: 8151334K(8304128K)->8303658K(9198592K)
[55.365s][info][gc,metaspace   ] GC(267) Metaspace: 6301K(6464K)->6301K(6464K) NonClass: 5768K(5824K)->5768K(5824K) Class: 533K(640K)->533K(640K)
[55.365s][info][gc             ] GC(267) Pause Full (Ergonomics) 8228M->8221M(9516M) 2679.595ms
[55.365s][info][gc,cpu         ] GC(267) User=20.12s Sys=0.17s Real=2.68s
[55.517s][info][gc,start       ] GC(268) Pause Young (Allocation Failure)
[56.015s][info][gc,heap        ] GC(268) PSYoungGen: 257275K(546304K)->204832K(524288K) Eden: 141824K(141824K)->0K(155136K) From: 115451K(404480K)->204832K(369152K)
[56.015s][info][gc,heap        ] GC(268) ParOldGen: 8303658K(9198592K)->8357194K(9198592K)
[56.015s][info][gc,metaspace   ] GC(268) Metaspace: 6301K(6464K)->6301K(6464K) NonClass: 5768K(5824K)->5768K(5824K) Class: 533K(640K)->533K(640K)
[56.015s][info][gc             ] GC(268) Pause Young (Allocation Failure) 8360M->8361M(9495M) 498.144ms
[56.015s][info][gc,cpu         ] GC(268) User=3.33s Sys=0.03s Real=0.50s
[56.169s][info][gc,start       ] GC(269) Pause Young (Allocation Failure)
[56.368s][info][gc,heap        ] GC(269) PSYoungGen: 359968K(524288K)->360224K(546816K) Eden: 155136K(155136K)->0K(155136K) From: 204832K(369152K)->360224K(391680K)
[56.368s][info][gc,heap        ] GC(269) ParOldGen: 8357194K(9198592K)->8357194K(9198592K)
[56.368s][info][gc,metaspace   ] GC(269) Metaspace: 6301K(6464K)->6301K(6464K) NonClass: 5768K(5824K)->5768K(5824K) Class: 533K(640K)->533K(640K)
[56.368s][info][gc             ] GC(269) Pause Young (Allocation Failure) 8512M->8513M(9517M) 198.724ms
[56.368s][info][gc,cpu         ] GC(269) User=1.48s Sys=0.00s Real=0.20s
[56.536s][info][gc,start       ] GC(270) Pause Young (Allocation Failure)
[56.855s][info][gc,heap        ] GC(270) PSYoungGen: 515360K(546816K)->429568K(513024K) Eden: 155136K(155136K)->0K(83456K) From: 360224K(391680K)->429568K(429568K)
[56.855s][info][gc,heap        ] GC(270) ParOldGen: 8357194K(9198592K)->8443842K(9198592K)
[56.855s][info][gc,metaspace   ] GC(270) Metaspace: 6301K(6464K)->6301K(6464K) NonClass: 5768K(5824K)->5768K(5824K) Class: 533K(640K)->533K(640K)
[56.855s][info][gc             ] GC(270) Pause Young (Allocation Failure) 8664M->8665M(9484M) 319.117ms
[56.855s][info][gc,cpu         ] GC(270) User=2.08s Sys=0.08s Real=0.32s
[56.952s][info][gc,start       ] GC(271) Pause Young (Allocation Failure)
[57.239s][info][gc,heap        ] GC(271) PSYoungGen: 513024K(513024K)->339968K(600064K) Eden: 83456K(83456K)->0K(83456K) From: 429568K(429568K)->339968K(516608K)
[57.239s][info][gc,heap        ] GC(271) ParOldGen: 8443842K(9198592K)->8618426K(9198592K)
[57.239s][info][gc,metaspace   ] GC(271) Metaspace: 6301K(6464K)->6301K(6464K) NonClass: 5768K(5824K)->5768K(5824K) Class: 533K(640K)->533K(640K)
[57.239s][info][gc             ] GC(271) Pause Young (Allocation Failure) 8746M->8748M(9569M) 286.744ms
[57.239s][info][gc,cpu         ] GC(271) User=2.11s Sys=0.09s Real=0.29s
[57.331s][info][gc,start       ] GC(272) Pause Young (Allocation Failure)
[57.565s][info][gc,heap        ] GC(272) PSYoungGen: 423424K(600064K)->299136K(592384K) Eden: 83456K(83456K)->0K(94208K) From: 339968K(516608K)->299136K(498176K)
[57.565s][info][gc,heap        ] GC(272) ParOldGen: 8618426K(9198592K)->8743706K(9198592K)
[57.565s][info][gc,metaspace   ] GC(272) Metaspace: 6301K(6464K)->6301K(6464K) NonClass: 5768K(5824K)->5768K(5824K) Class: 533K(640K)->533K(640K)
[57.565s][info][gc             ] GC(272) Pause Young (Allocation Failure) 8829M->8830M(9561M) 233.862ms
[57.565s][info][gc,cpu         ] GC(272) User=1.62s Sys=0.03s Real=0.23s
[57.664s][info][gc,start       ] GC(273) Pause Young (Allocation Failure)
[57.899s][info][gc,heap        ] GC(273) PSYoungGen: 393344K(592384K)->178144K(604160K) Eden: 94208K(94208K)->0K(94208K) From: 299136K(498176K)->178144K(509952K)
[57.899s][info][gc,heap        ] GC(273) ParOldGen: 8743706K(9198592K)->8960674K(9198592K)
[57.899s][info][gc,metaspace   ] GC(273) Metaspace: 6301K(6464K)->6301K(6464K) NonClass: 5768K(5824K)->5768K(5824K) Class: 533K(640K)->533K(640K)
[57.899s][info][gc             ] GC(273) Pause Young (Allocation Failure) 8922M->8924M(9573M) 234.758ms
[57.899s][info][gc,cpu         ] GC(273) User=1.56s Sys=0.09s Real=0.23s
[57.899s][info][gc,start       ] GC(274) Pause Full (Ergonomics)
[57.899s][info][gc,phases,start] GC(274) Marking Phase
[59.945s][info][gc,phases      ] GC(274) Marking Phase 2045.656ms
[59.945s][info][gc,phases,start] GC(274) Summary Phase
[59.945s][info][gc,phases      ] GC(274) Summary Phase 0.165ms
[59.945s][info][gc,phases,start] GC(274) Adjust Roots
[59.945s][info][gc,phases      ] GC(274) Adjust Roots 0.183ms
[59.945s][info][gc,phases,start] GC(274) Compaction Phase
[60.648s][info][gc,phases      ] GC(274) Compaction Phase 702.699ms
[60.648s][info][gc,phases,start] GC(274) Post Compact
[60.662s][info][gc,phases      ] GC(274) Post Compact 13.771ms
[60.662s][info][gc,heap        ] GC(274) PSYoungGen: 178144K(604160K)->0K(606720K) Eden: 0K(94208K)->0K(106496K) From: 178144K(509952K)->0K(500224K)
[60.662s][info][gc,heap        ] GC(274) ParOldGen: 8960674K(9198592K)->9132140K(9284608K)
[60.662s][info][gc,metaspace   ] GC(274) Metaspace: 6301K(6464K)->6301K(6464K) NonClass: 5768K(5824K)->5768K(5824K) Class: 533K(640K)->533K(640K)
[60.662s][info][gc             ] GC(274) Pause Full (Ergonomics) 8924M->8918M(9659M) 2763.141ms
[60.662s][info][gc,cpu         ] GC(274) User=21.03s Sys=0.05s Real=2.76s
[60.798s][info][gc,start       ] GC(275) Pause Young (Allocation Failure)
[60.901s][info][gc,heap        ] GC(275) PSYoungGen: 106496K(606720K)->106816K(606720K) Eden: 106496K(106496K)->0K(106496K) From: 0K(500224K)->106816K(500224K)
[60.901s][info][gc,heap        ] GC(275) ParOldGen: 9132140K(9284608K)->9132140K(9284608K)
[60.901s][info][gc,metaspace   ] GC(275) Metaspace: 6301K(6464K)->6301K(6464K) NonClass: 5768K(5824K)->5768K(5824K) Class: 533K(640K)->533K(640K)
[60.901s][info][gc             ] GC(275) Pause Young (Allocation Failure) 9022M->9022M(9659M) 103.131ms
[60.901s][info][gc,cpu         ] GC(275) User=0.30s Sys=0.00s Real=0.10s
[60.901s][info][gc,start       ] GC(276) Pause Full (Ergonomics)
[60.901s][info][gc,phases,start] GC(276) Marking Phase
[63.003s][info][gc,phases      ] GC(276) Marking Phase 2102.110ms
[63.003s][info][gc,phases,start] GC(276) Summary Phase
[63.004s][info][gc,phases      ] GC(276) Summary Phase 0.198ms
[63.004s][info][gc,phases,start] GC(276) Adjust Roots
[63.004s][info][gc,phases      ] GC(276) Adjust Roots 0.230ms
[63.004s][info][gc,phases,start] GC(276) Compaction Phase
[63.562s][info][gc,phases      ] GC(276) Compaction Phase 558.082ms
[63.562s][info][gc,phases,start] GC(276) Post Compact
[63.576s][info][gc,phases      ] GC(276) Post Compact 13.886ms
[63.576s][info][gc,heap        ] GC(276) PSYoungGen: 106816K(606720K)->0K(619008K) Eden: 0K(106496K)->0K(117248K) From: 106816K(500224K)->0K(501760K)
[63.576s][info][gc,heap        ] GC(276) ParOldGen: 9132140K(9284608K)->9238604K(9284608K)
[63.576s][info][gc,metaspace   ] GC(276) Metaspace: 6301K(6464K)->6301K(6464K) NonClass: 5768K(5824K)->5768K(5824K) Class: 533K(640K)->533K(640K)
[63.576s][info][gc             ] GC(276) Pause Full (Ergonomics) 9022M->9022M(9671M) 2674.831ms
[63.576s][info][gc,cpu         ] GC(276) User=20.56s Sys=0.05s Real=2.67s
[63.700s][info][gc,start       ] GC(277) Pause Full (Ergonomics)
[63.700s][info][gc,phases,start] GC(277) Marking Phase
[65.825s][info][gc,phases      ] GC(277) Marking Phase 2124.775ms
[65.825s][info][gc,phases,start] GC(277) Summary Phase
[65.825s][info][gc,phases      ] GC(277) Summary Phase 0.092ms
[65.825s][info][gc,phases,start] GC(277) Adjust Roots
[65.826s][info][gc,phases      ] GC(277) Adjust Roots 0.164ms
[65.826s][info][gc,phases,start] GC(277) Compaction Phase
[66.430s][info][gc,phases      ] GC(277) Compaction Phase 603.947ms
[66.430s][info][gc,phases,start] GC(277) Post Compact
[66.443s][info][gc,phases      ] GC(277) Post Compact 13.471ms
[66.443s][info][gc,heap        ] GC(277) PSYoungGen: 117248K(619008K)->71660K(619008K) Eden: 117248K(117248K)->71660K(117248K) From: 0K(501760K)->0K(501760K)
[66.443s][info][gc,heap        ] GC(277) ParOldGen: 9238604K(9284608K)->9284160K(9284608K)
[66.443s][info][gc,metaspace   ] GC(277) Metaspace: 6301K(6464K)->6301K(6464K) NonClass: 5768K(5824K)->5768K(5824K) Class: 533K(640K)->533K(640K)
[66.443s][info][gc             ] GC(277) Pause Full (Ergonomics) 9136M->9136M(9671M) 2742.855ms
[66.443s][info][gc,cpu         ] GC(277) User=20.78s Sys=0.05s Real=2.74s
[66.494s][info][gc,start       ] GC(278) Pause Full (Ergonomics)
[66.494s][info][gc,phases,start] GC(278) Marking Phase
[68.618s][info][gc,phases      ] GC(278) Marking Phase 2124.220ms
[68.618s][info][gc,phases,start] GC(278) Summary Phase
[68.618s][info][gc,phases      ] GC(278) Summary Phase 0.106ms
[68.618s][info][gc,phases,start] GC(278) Adjust Roots
[68.618s][info][gc,phases      ] GC(278) Adjust Roots 0.196ms
[68.618s][info][gc,phases,start] GC(278) Compaction Phase
[69.214s][info][gc,phases      ] GC(278) Compaction Phase 596.185ms
[69.215s][info][gc,phases,start] GC(278) Post Compact
[69.228s][info][gc,phases      ] GC(278) Post Compact 13.388ms
[69.228s][info][gc,heap        ] GC(278) PSYoungGen: 117248K(619008K)->117235K(619008K) Eden: 117248K(117248K)->117235K(117248K) From: 0K(501760K)->0K(501760K)
[69.228s][info][gc,heap        ] GC(278) ParOldGen: 9284160K(9284608K)->9284160K(9284608K)
[69.228s][info][gc,metaspace   ] GC(278) Metaspace: 6301K(6464K)->6301K(6464K) NonClass: 5768K(5824K)->5768K(5824K) Class: 533K(640K)->533K(640K)
[69.228s][info][gc             ] GC(278) Pause Full (Ergonomics) 9181M->9181M(9671M) 2734.470ms
[69.228s][info][gc,cpu         ] GC(278) User=20.67s Sys=0.02s Real=2.73s
[69.228s][info][gc,start       ] GC(279) Pause Full (Ergonomics)
[69.228s][info][gc,phases,start] GC(279) Marking Phase
[71.367s][info][gc,phases      ] GC(279) Marking Phase 2138.612ms
[71.367s][info][gc,phases,start] GC(279) Summary Phase
[71.367s][info][gc,phases      ] GC(279) Summary Phase 0.092ms
[71.367s][info][gc,phases,start] GC(279) Adjust Roots
[71.367s][info][gc,phases      ] GC(279) Adjust Roots 0.197ms
[71.367s][info][gc,phases,start] GC(279) Compaction Phase
[71.978s][info][gc,phases      ] GC(279) Compaction Phase 611.093ms
[71.978s][info][gc,phases,start] GC(279) Post Compact
[71.994s][info][gc,phases      ] GC(279) Post Compact 15.332ms
[71.994s][info][gc,heap        ] GC(279) PSYoungGen: 117248K(619008K)->117247K(619008K) Eden: 117248K(117248K)->117247K(117248K) From: 0K(501760K)->0K(501760K)
[71.994s][info][gc,heap        ] GC(279) ParOldGen: 9284160K(9284608K)->9284160K(9284608K)
[71.994s][info][gc,metaspace   ] GC(279) Metaspace: 6301K(6464K)->6301K(6464K) NonClass: 5768K(5824K)->5768K(5824K) Class: 533K(640K)->533K(640K)
[71.994s][info][gc             ] GC(279) Pause Full (Ergonomics) 9181M->9181M(9671M) 2765.697ms
[71.994s][info][gc,cpu         ] GC(279) User=20.94s Sys=0.00s Real=2.77s
[71.994s][info][gc,start       ] GC(280) Pause Full (Ergonomics)
[71.994s][info][gc,phases,start] GC(280) Marking Phase
[74.251s][info][gc,phases      ] GC(280) Marking Phase 2256.816ms
[74.251s][info][gc,phases,start] GC(280) Summary Phase
[74.251s][info][gc,phases      ] GC(280) Summary Phase 0.094ms
[74.251s][info][gc,phases,start] GC(280) Adjust Roots
[74.251s][info][gc,phases      ] GC(280) Adjust Roots 0.195ms
[74.251s][info][gc,phases,start] GC(280) Compaction Phase
[74.879s][info][gc,phases      ] GC(280) Compaction Phase 628.102ms
[74.880s][info][gc,phases,start] GC(280) Post Compact
[74.896s][info][gc,phases      ] GC(280) Post Compact 16.535ms
[74.896s][info][gc,heap        ] GC(280) PSYoungGen: 117247K(619008K)->117247K(619008K) Eden: 117247K(117248K)->117247K(117248K) From: 0K(501760K)->0K(501760K)
[74.896s][info][gc,heap        ] GC(280) ParOldGen: 9284160K(9284608K)->9284160K(9284608K)
[74.896s][info][gc,metaspace   ] GC(280) Metaspace: 6301K(6464K)->6301K(6464K) NonClass: 5768K(5824K)->5768K(5824K) Class: 533K(640K)->533K(640K)
[74.896s][info][gc             ] GC(280) Pause Full (Ergonomics) 9181M->9181M(9671M) 2902.104ms
[74.896s][info][gc,cpu         ] GC(280) User=20.42s Sys=0.00s Real=2.90s
[74.896s][info][gc,start       ] GC(281) Pause Full (Ergonomics)
[74.896s][info][gc,phases,start] GC(281) Marking Phase
[77.028s][info][gc,phases      ] GC(281) Marking Phase 2131.312ms
[77.028s][info][gc,phases,start] GC(281) Summary Phase
[77.028s][info][gc,phases      ] GC(281) Summary Phase 0.095ms
[77.028s][info][gc,phases,start] GC(281) Adjust Roots
[77.028s][info][gc,phases      ] GC(281) Adjust Roots 0.164ms
[77.028s][info][gc,phases,start] GC(281) Compaction Phase
[77.607s][info][gc,phases      ] GC(281) Compaction Phase 579.081ms
[77.607s][info][gc,phases,start] GC(281) Post Compact
[77.621s][info][gc,phases      ] GC(281) Post Compact 13.870ms
[77.621s][info][gc,heap        ] GC(281) PSYoungGen: 117247K(619008K)->117247K(619008K) Eden: 117247K(117248K)->117247K(117248K) From: 0K(501760K)->0K(501760K)
[77.621s][info][gc,heap        ] GC(281) ParOldGen: 9284165K(9284608K)->9284165K(9284608K)
[77.621s][info][gc,metaspace   ] GC(281) Metaspace: 6301K(6464K)->6301K(6464K) NonClass: 5768K(5824K)->5768K(5824K) Class: 533K(640K)->533K(640K)
[77.621s][info][gc             ] GC(281) Pause Full (Ergonomics) 9181M->9181M(9671M) 2724.842ms
[77.621s][info][gc,cpu         ] GC(281) User=20.39s Sys=0.00s Real=2.72s
[77.621s][info][gc,start       ] GC(282) Pause Full (Ergonomics)
[77.622s][info][gc,phases,start] GC(282) Marking Phase
[79.723s][info][gc,phases      ] GC(282) Marking Phase 2101.969ms
[79.724s][info][gc,phases,start] GC(282) Summary Phase
[79.724s][info][gc,phases      ] GC(282) Summary Phase 0.093ms
[79.724s][info][gc,phases,start] GC(282) Adjust Roots
[79.724s][info][gc,phases      ] GC(282) Adjust Roots 0.171ms
[79.724s][info][gc,phases,start] GC(282) Compaction Phase
[80.306s][info][gc,phases      ] GC(282) Compaction Phase 582.337ms
[80.306s][info][gc,phases,start] GC(282) Post Compact
[80.320s][info][gc,phases      ] GC(282) Post Compact 13.882ms
[80.320s][info][gc,heap        ] GC(282) PSYoungGen: 117247K(619008K)->117247K(619008K) Eden: 117247K(117248K)->117247K(117248K) From: 0K(501760K)->0K(501760K)
[80.320s][info][gc,heap        ] GC(282) ParOldGen: 9284170K(9284608K)->9284170K(9284608K)
[80.320s][info][gc,metaspace   ] GC(282) Metaspace: 6301K(6464K)->6301K(6464K) NonClass: 5768K(5824K)->5768K(5824K) Class: 533K(640K)->533K(640K)
[80.320s][info][gc             ] GC(282) Pause Full (Ergonomics) 9181M->9181M(9671M) 2698.818ms
[80.320s][info][gc,cpu         ] GC(282) User=20.59s Sys=0.00s Real=2.70s
[80.320s][info][gc,start       ] GC(283) Pause Full (Ergonomics)
[80.320s][info][gc,phases,start] GC(283) Marking Phase
[82.454s][info][gc,phases      ] GC(283) Marking Phase 2133.764ms
[82.454s][info][gc,phases,start] GC(283) Summary Phase
[82.454s][info][gc,phases      ] GC(283) Summary Phase 0.086ms
[82.454s][info][gc,phases,start] GC(283) Adjust Roots
[82.455s][info][gc,phases      ] GC(283) Adjust Roots 0.163ms
[82.455s][info][gc,phases,start] GC(283) Compaction Phase
[83.036s][info][gc,phases      ] GC(283) Compaction Phase 581.174ms
[83.036s][info][gc,phases,start] GC(283) Post Compact
[83.049s][info][gc,phases      ] GC(283) Post Compact 13.543ms
[83.049s][info][gc,heap        ] GC(283) PSYoungGen: 117247K(619008K)->117247K(619008K) Eden: 117247K(117248K)->117247K(117248K) From: 0K(501760K)->0K(501760K)
[83.049s][info][gc,heap        ] GC(283) ParOldGen: 9284175K(9284608K)->9284175K(9284608K)
[83.049s][info][gc,metaspace   ] GC(283) Metaspace: 6301K(6464K)->6301K(6464K) NonClass: 5768K(5824K)->5768K(5824K) Class: 533K(640K)->533K(640K)
[83.050s][info][gc             ] GC(283) Pause Full (Ergonomics) 9181M->9181M(9671M) 2729.045ms
[83.050s][info][gc,cpu         ] GC(283) User=20.66s Sys=0.00s Real=2.73s
[83.050s][info][gc,start       ] GC(284) Pause Full (Ergonomics)
[83.050s][info][gc,phases,start] GC(284) Marking Phase
[85.164s][info][gc,phases      ] GC(284) Marking Phase 2114.197ms
[85.164s][info][gc,phases,start] GC(284) Summary Phase
[85.164s][info][gc,phases      ] GC(284) Summary Phase 0.087ms
[85.164s][info][gc,phases,start] GC(284) Adjust Roots
[85.164s][info][gc,phases      ] GC(284) Adjust Roots 0.164ms
[85.164s][info][gc,phases,start] GC(284) Compaction Phase
[85.740s][info][gc,phases      ] GC(284) Compaction Phase 575.346ms
[85.740s][info][gc,phases,start] GC(284) Post Compact
[85.753s][info][gc,phases      ] GC(284) Post Compact 13.564ms
[85.753s][info][gc,heap        ] GC(284) PSYoungGen: 117247K(619008K)->117247K(619008K) Eden: 117247K(117248K)->117247K(117248K) From: 0K(501760K)->0K(501760K)
[85.753s][info][gc,heap        ] GC(284) ParOldGen: 9284180K(9284608K)->9284180K(9284608K)
[85.753s][info][gc,metaspace   ] GC(284) Metaspace: 6301K(6464K)->6301K(6464K) NonClass: 5768K(5824K)->5768K(5824K) Class: 533K(640K)->533K(640K)
[85.753s][info][gc             ] GC(284) Pause Full (Ergonomics) 9181M->9181M(9671M) 2703.710ms
[85.753s][info][gc,cpu         ] GC(284) User=20.45s Sys=0.00s Real=2.70s
[85.754s][info][gc,start       ] GC(285) Pause Full (Ergonomics)
[85.754s][info][gc,phases,start] GC(285) Marking Phase
[87.861s][info][gc,phases      ] GC(285) Marking Phase 2107.111ms
[87.861s][info][gc,phases,start] GC(285) Summary Phase
[87.861s][info][gc,phases      ] GC(285) Summary Phase 0.090ms
[87.861s][info][gc,phases,start] GC(285) Adjust Roots
[87.861s][info][gc,phases      ] GC(285) Adjust Roots 0.202ms
[87.861s][info][gc,phases,start] GC(285) Compaction Phase
[88.438s][info][gc,phases      ] GC(285) Compaction Phase 576.442ms
[88.438s][info][gc,phases,start] GC(285) Post Compact
[88.451s][info][gc,phases      ] GC(285) Post Compact 13.551ms
[88.451s][info][gc,heap        ] GC(285) PSYoungGen: 117247K(619008K)->117247K(619008K) Eden: 117247K(117248K)->117247K(117248K) From: 0K(501760K)->0K(501760K)
[88.451s][info][gc,heap        ] GC(285) ParOldGen: 9284185K(9284608K)->9284185K(9284608K)
[88.451s][info][gc,metaspace   ] GC(285) Metaspace: 6301K(6464K)->6301K(6464K) NonClass: 5768K(5824K)->5768K(5824K) Class: 533K(640K)->533K(640K)
[88.451s][info][gc             ] GC(285) Pause Full (Ergonomics) 9181M->9181M(9671M) 2697.730ms
[88.451s][info][gc,cpu         ] GC(285) User=20.50s Sys=0.00s Real=2.70s
[88.452s][info][gc,start       ] GC(286) Pause Full (Ergonomics)
[88.452s][info][gc,phases,start] GC(286) Marking Phase
[90.567s][info][gc,phases      ] GC(286) Marking Phase 2115.084ms
[90.567s][info][gc,phases,start] GC(286) Summary Phase
[90.567s][info][gc,phases      ] GC(286) Summary Phase 0.088ms
[90.567s][info][gc,phases,start] GC(286) Adjust Roots
[90.567s][info][gc,phases      ] GC(286) Adjust Roots 0.164ms
[90.567s][info][gc,phases,start] GC(286) Compaction Phase
[91.148s][info][gc,phases      ] GC(286) Compaction Phase 581.000ms
[91.148s][info][gc,phases,start] GC(286) Post Compact
[91.162s][info][gc,phases      ] GC(286) Post Compact 13.525ms
[91.162s][info][gc,heap        ] GC(286) PSYoungGen: 117247K(619008K)->117247K(619008K) Eden: 117247K(117248K)->117247K(117248K) From: 0K(501760K)->0K(501760K)
[91.162s][info][gc,heap        ] GC(286) ParOldGen: 9284190K(9284608K)->9284190K(9284608K)
[91.162s][info][gc,metaspace   ] GC(286) Metaspace: 6301K(6464K)->6301K(6464K) NonClass: 5768K(5824K)->5768K(5824K) Class: 533K(640K)->533K(640K)
[91.162s][info][gc             ] GC(286) Pause Full (Ergonomics) 9181M->9181M(9671M) 2710.197ms
[91.162s][info][gc,cpu         ] GC(286) User=20.53s Sys=0.03s Real=2.71s
[91.162s][info][gc,start       ] GC(287) Pause Full (Ergonomics)
[91.162s][info][gc,phases,start] GC(287) Marking Phase
[93.275s][info][gc,phases      ] GC(287) Marking Phase 2112.703ms
[93.275s][info][gc,phases,start] GC(287) Summary Phase
[93.275s][info][gc,phases      ] GC(287) Summary Phase 0.137ms
[93.275s][info][gc,phases,start] GC(287) Adjust Roots
[93.275s][info][gc,phases      ] GC(287) Adjust Roots 0.344ms
[93.275s][info][gc,phases,start] GC(287) Compaction Phase
[93.872s][info][gc,phases      ] GC(287) Compaction Phase 596.273ms
[93.872s][info][gc,phases,start] GC(287) Post Compact
[93.885s][info][gc,phases      ] GC(287) Post Compact 13.595ms
[93.885s][info][gc,heap        ] GC(287) PSYoungGen: 117247K(619008K)->117247K(619008K) Eden: 117247K(117248K)->117247K(117248K) From: 0K(501760K)->0K(501760K)
[93.885s][info][gc,heap        ] GC(287) ParOldGen: 9284194K(9284608K)->9284194K(9284608K)
[93.885s][info][gc,metaspace   ] GC(287) Metaspace: 6301K(6464K)->6301K(6464K) NonClass: 5768K(5824K)->5768K(5824K) Class: 533K(640K)->533K(640K)
[93.885s][info][gc             ] GC(287) Pause Full (Ergonomics) 9181M->9181M(9671M) 2723.528ms
[93.886s][info][gc,cpu         ] GC(287) User=20.42s Sys=0.02s Real=2.72s
[93.886s][info][gc,start       ] GC(288) Pause Full (Ergonomics)
[93.886s][info][gc,phases,start] GC(288) Marking Phase
[95.988s][info][gc,phases      ] GC(288) Marking Phase 2102.325ms
[95.988s][info][gc,phases,start] GC(288) Summary Phase
[95.988s][info][gc,phases      ] GC(288) Summary Phase 0.094ms
[95.988s][info][gc,phases,start] GC(288) Adjust Roots
[95.988s][info][gc,phases      ] GC(288) Adjust Roots 0.164ms
[95.988s][info][gc,phases,start] GC(288) Compaction Phase
[96.566s][info][gc,phases      ] GC(288) Compaction Phase 577.926ms
[96.566s][info][gc,phases,start] GC(288) Post Compact
[96.580s][info][gc,phases      ] GC(288) Post Compact 13.546ms
[96.580s][info][gc,heap        ] GC(288) PSYoungGen: 117247K(619008K)->117247K(619008K) Eden: 117247K(117248K)->117247K(117248K) From: 0K(501760K)->0K(501760K)
[96.580s][info][gc,heap        ] GC(288) ParOldGen: 9284199K(9284608K)->9284199K(9284608K)
[96.580s][info][gc,metaspace   ] GC(288) Metaspace: 6301K(6464K)->6301K(6464K) NonClass: 5768K(5824K)->5768K(5824K) Class: 533K(640K)->533K(640K)
[96.580s][info][gc             ] GC(288) Pause Full (Ergonomics) 9181M->9181M(9671M) 2694.394ms
[96.580s][info][gc,cpu         ] GC(288) User=20.70s Sys=0.00s Real=2.69s
[96.580s][info][gc,start       ] GC(289) Pause Full (Ergonomics)
[96.580s][info][gc,phases,start] GC(289) Marking Phase
[98.698s][info][gc,phases      ] GC(289) Marking Phase 2117.443ms
[98.698s][info][gc,phases,start] GC(289) Summary Phase
[98.698s][info][gc,phases      ] GC(289) Summary Phase 0.093ms
[98.698s][info][gc,phases,start] GC(289) Adjust Roots
[98.698s][info][gc,phases      ] GC(289) Adjust Roots 0.166ms
[98.698s][info][gc,phases,start] GC(289) Compaction Phase
[99.282s][info][gc,phases      ] GC(289) Compaction Phase 584.066ms
[99.282s][info][gc,phases,start] GC(289) Post Compact
[99.296s][info][gc,phases      ] GC(289) Post Compact 13.560ms
[99.296s][info][gc,heap        ] GC(289) PSYoungGen: 117247K(619008K)->117247K(619008K) Eden: 117247K(117248K)->117247K(117248K) From: 0K(501760K)->0K(501760K)
[99.296s][info][gc,heap        ] GC(289) ParOldGen: 9284204K(9284608K)->9284204K(9284608K)
[99.296s][info][gc,metaspace   ] GC(289) Metaspace: 6301K(6464K)->6301K(6464K) NonClass: 5768K(5824K)->5768K(5824K) Class: 533K(640K)->533K(640K)
[99.296s][info][gc             ] GC(289) Pause Full (Ergonomics) 9181M->9181M(9671M) 2715.646ms
[99.296s][info][gc,cpu         ] GC(289) User=20.70s Sys=0.00s Real=2.72s
[99.296s][info][gc,start       ] GC(290) Pause Full (Ergonomics)
[99.296s][info][gc,phases,start] GC(290) Marking Phase
[101.376s][info][gc,phases      ] GC(290) Marking Phase 2080.053ms
[101.376s][info][gc,phases,start] GC(290) Summary Phase
[101.376s][info][gc,phases      ] GC(290) Summary Phase 0.088ms
[101.376s][info][gc,phases,start] GC(290) Adjust Roots
[101.377s][info][gc,phases      ] GC(290) Adjust Roots 0.168ms
[101.377s][info][gc,phases,start] GC(290) Compaction Phase
[101.975s][info][gc,phases      ] GC(290) Compaction Phase 598.710ms
[101.975s][info][gc,phases,start] GC(290) Post Compact
[101.989s][info][gc,phases      ] GC(290) Post Compact 13.553ms
[101.989s][info][gc,heap        ] GC(290) PSYoungGen: 117247K(619008K)->117247K(619008K) Eden: 117247K(117248K)->117247K(117248K) From: 0K(501760K)->0K(501760K)
[101.989s][info][gc,heap        ] GC(290) ParOldGen: 9284209K(9284608K)->9284209K(9284608K)
[101.989s][info][gc,metaspace   ] GC(290) Metaspace: 6301K(6464K)->6301K(6464K) NonClass: 5768K(5824K)->5768K(5824K) Class: 533K(640K)->533K(640K)
[101.989s][info][gc             ] GC(290) Pause Full (Ergonomics) 9181M->9181M(9671M) 2692.910ms
[101.989s][info][gc,cpu         ] GC(290) User=20.22s Sys=0.00s Real=2.69s
[101.989s][info][gc,start       ] GC(291) Pause Full (Ergonomics)
[101.989s][info][gc,phases,start] GC(291) Marking Phase
[104.086s][info][gc,phases      ] GC(291) Marking Phase 2096.423ms
[104.086s][info][gc,phases,start] GC(291) Summary Phase
[104.086s][info][gc,phases      ] GC(291) Summary Phase 0.087ms
[104.086s][info][gc,phases,start] GC(291) Adjust Roots
[104.086s][info][gc,phases      ] GC(291) Adjust Roots 0.159ms
[104.086s][info][gc,phases,start] GC(291) Compaction Phase
[104.666s][info][gc,phases      ] GC(291) Compaction Phase 579.803ms
[104.666s][info][gc,phases,start] GC(291) Post Compact
[104.679s][info][gc,phases      ] GC(291) Post Compact 13.556ms
[104.680s][info][gc,heap        ] GC(291) PSYoungGen: 117247K(619008K)->117247K(619008K) Eden: 117247K(117248K)->117247K(117248K) From: 0K(501760K)->0K(501760K)
[104.680s][info][gc,heap        ] GC(291) ParOldGen: 9284214K(9284608K)->9284214K(9284608K)
[104.680s][info][gc,metaspace   ] GC(291) Metaspace: 6301K(6464K)->6301K(6464K) NonClass: 5768K(5824K)->5768K(5824K) Class: 533K(640K)->533K(640K)
[104.680s][info][gc             ] GC(291) Pause Full (Ergonomics) 9181M->9181M(9671M) 2690.344ms
[104.680s][info][gc,cpu         ] GC(291) User=20.47s Sys=0.00s Real=2.69s
[104.680s][info][gc,start       ] GC(292) Pause Full (Ergonomics)
[104.680s][info][gc,phases,start] GC(292) Marking Phase
[106.778s][info][gc,phases      ] GC(292) Marking Phase 2098.221ms
[106.778s][info][gc,phases,start] GC(292) Summary Phase
[106.778s][info][gc,phases      ] GC(292) Summary Phase 0.092ms
[106.778s][info][gc,phases,start] GC(292) Adjust Roots
[106.778s][info][gc,phases      ] GC(292) Adjust Roots 0.162ms
[106.778s][info][gc,phases,start] GC(292) Compaction Phase
[107.358s][info][gc,phases      ] GC(292) Compaction Phase 579.801ms
[107.358s][info][gc,phases,start] GC(292) Post Compact
[107.372s][info][gc,phases      ] GC(292) Post Compact 13.554ms
[107.372s][info][gc,heap        ] GC(292) PSYoungGen: 117247K(619008K)->117247K(619008K) Eden: 117247K(117248K)->117247K(117248K) From: 0K(501760K)->0K(501760K)
[107.372s][info][gc,heap        ] GC(292) ParOldGen: 9284219K(9284608K)->9284219K(9284608K)
[107.372s][info][gc,metaspace   ] GC(292) Metaspace: 6301K(6464K)->6301K(6464K) NonClass: 5768K(5824K)->5768K(5824K) Class: 533K(640K)->533K(640K)
[107.372s][info][gc             ] GC(292) Pause Full (Ergonomics) 9181M->9181M(9671M) 2692.164ms
[107.372s][info][gc,cpu         ] GC(292) User=20.39s Sys=0.00s Real=2.69s
[107.372s][info][gc,start       ] GC(293) Pause Full (Ergonomics)
[107.372s][info][gc,phases,start] GC(293) Marking Phase
[109.507s][info][gc,phases      ] GC(293) Marking Phase 2134.887ms
[109.507s][info][gc,phases,start] GC(293) Summary Phase
[109.507s][info][gc,phases      ] GC(293) Summary Phase 0.088ms
[109.507s][info][gc,phases,start] GC(293) Adjust Roots
[109.507s][info][gc,phases      ] GC(293) Adjust Roots 0.173ms
[109.507s][info][gc,phases,start] GC(293) Compaction Phase
[110.142s][info][gc,phases      ] GC(293) Compaction Phase 634.972ms
[110.142s][info][gc,phases,start] GC(293) Post Compact
[110.156s][info][gc,phases      ] GC(293) Post Compact 13.530ms
[110.156s][info][gc,heap        ] GC(293) PSYoungGen: 117247K(619008K)->117247K(619008K) Eden: 117247K(117248K)->117247K(117248K) From: 0K(501760K)->0K(501760K)
[110.156s][info][gc,heap        ] GC(293) ParOldGen: 9284223K(9284608K)->9284223K(9284608K)
[110.156s][info][gc,metaspace   ] GC(293) Metaspace: 6301K(6464K)->6301K(6464K) NonClass: 5768K(5824K)->5768K(5824K) Class: 533K(640K)->533K(640K)
[110.156s][info][gc             ] GC(293) Pause Full (Ergonomics) 9181M->9181M(9671M) 2783.966ms
[110.156s][info][gc,cpu         ] GC(293) User=20.81s Sys=0.03s Real=2.78s
[110.156s][info][gc,start       ] GC(294) Pause Full (Ergonomics)
[110.156s][info][gc,phases,start] GC(294) Marking Phase
[112.297s][info][gc,phases      ] GC(294) Marking Phase 2141.024ms
[112.297s][info][gc,phases,start] GC(294) Summary Phase
[112.298s][info][gc,phases      ] GC(294) Summary Phase 0.098ms
[112.298s][info][gc,phases,start] GC(294) Adjust Roots
[112.298s][info][gc,phases      ] GC(294) Adjust Roots 0.205ms
[112.298s][info][gc,phases,start] GC(294) Compaction Phase
[112.909s][info][gc,phases      ] GC(294) Compaction Phase 611.432ms
[112.909s][info][gc,phases,start] GC(294) Post Compact
[112.923s][info][gc,phases      ] GC(294) Post Compact 13.546ms
[112.923s][info][gc,heap        ] GC(294) PSYoungGen: 117247K(619008K)->117247K(619008K) Eden: 117247K(117248K)->117247K(117248K) From: 0K(501760K)->0K(501760K)
[112.923s][info][gc,heap        ] GC(294) ParOldGen: 9284228K(9284608K)->9284228K(9284608K)
[112.923s][info][gc,metaspace   ] GC(294) Metaspace: 6301K(6464K)->6301K(6464K) NonClass: 5768K(5824K)->5768K(5824K) Class: 533K(640K)->533K(640K)
[112.923s][info][gc             ] GC(294) Pause Full (Ergonomics) 9181M->9181M(9671M) 2766.639ms
[112.923s][info][gc,cpu         ] GC(294) User=20.53s Sys=0.00s Real=2.77s
[112.923s][info][gc,start       ] GC(295) Pause Full (Ergonomics)
[112.923s][info][gc,phases,start] GC(295) Marking Phase
[115.044s][info][gc,phases      ] GC(295) Marking Phase 2120.603ms
[115.044s][info][gc,phases,start] GC(295) Summary Phase
[115.044s][info][gc,phases      ] GC(295) Summary Phase 0.089ms
[115.044s][info][gc,phases,start] GC(295) Adjust Roots
[115.044s][info][gc,phases      ] GC(295) Adjust Roots 0.169ms
[115.044s][info][gc,phases,start] GC(295) Compaction Phase
[115.623s][info][gc,phases      ] GC(295) Compaction Phase 578.735ms
[115.623s][info][gc,phases,start] GC(295) Post Compact
[115.637s][info][gc,phases      ] GC(295) Post Compact 13.602ms
[115.637s][info][gc,heap        ] GC(295) PSYoungGen: 117247K(619008K)->117247K(619008K) Eden: 117247K(117248K)->117247K(117248K) From: 0K(501760K)->0K(501760K)
[115.637s][info][gc,heap        ] GC(295) ParOldGen: 9284233K(9284608K)->9284233K(9284608K)
[115.637s][info][gc,metaspace   ] GC(295) Metaspace: 6301K(6464K)->6301K(6464K) NonClass: 5768K(5824K)->5768K(5824K) Class: 533K(640K)->533K(640K)
[115.637s][info][gc             ] GC(295) Pause Full (Ergonomics) 9181M->9181M(9671M) 2713.556ms
[115.637s][info][gc,cpu         ] GC(295) User=20.73s Sys=0.00s Real=2.71s
[115.637s][info][gc,start       ] GC(296) Pause Full (Ergonomics)
[115.637s][info][gc,phases,start] GC(296) Marking Phase
[117.768s][info][gc,phases      ] GC(296) Marking Phase 2131.353ms
[117.768s][info][gc,phases,start] GC(296) Summary Phase
[117.768s][info][gc,phases      ] GC(296) Summary Phase 0.087ms
[117.768s][info][gc,phases,start] GC(296) Adjust Roots
[117.769s][info][gc,phases      ] GC(296) Adjust Roots 0.163ms
[117.769s][info][gc,phases,start] GC(296) Compaction Phase
[118.360s][info][gc,phases      ] GC(296) Compaction Phase 591.079ms
[118.360s][info][gc,phases,start] GC(296) Post Compact
[118.373s][info][gc,phases      ] GC(296) Post Compact 13.523ms
[118.373s][info][gc,heap        ] GC(296) PSYoungGen: 117247K(619008K)->117247K(619008K) Eden: 117247K(117248K)->117247K(117248K) From: 0K(501760K)->0K(501760K)
[118.373s][info][gc,heap        ] GC(296) ParOldGen: 9284238K(9284608K)->9284238K(9284608K)
[118.373s][info][gc,metaspace   ] GC(296) Metaspace: 6301K(6464K)->6301K(6464K) NonClass: 5768K(5824K)->5768K(5824K) Class: 533K(640K)->533K(640K)
[118.373s][info][gc             ] GC(296) Pause Full (Ergonomics) 9181M->9181M(9671M) 2736.543ms
[118.373s][info][gc,cpu         ] GC(296) User=20.81s Sys=0.00s Real=2.74s
[118.374s][info][gc,start       ] GC(297) Pause Full (Ergonomics)
[118.374s][info][gc,phases,start] GC(297) Marking Phase
[120.495s][info][gc,phases      ] GC(297) Marking Phase 2120.912ms
[120.495s][info][gc,phases,start] GC(297) Summary Phase
[120.495s][info][gc,phases      ] GC(297) Summary Phase 0.094ms
[120.495s][info][gc,phases,start] GC(297) Adjust Roots
[120.495s][info][gc,phases      ] GC(297) Adjust Roots 0.173ms
[120.495s][info][gc,phases,start] GC(297) Compaction Phase
[121.079s][info][gc,phases      ] GC(297) Compaction Phase 584.194ms
[121.079s][info][gc,phases,start] GC(297) Post Compact
[121.093s][info][gc,phases      ] GC(297) Post Compact 13.442ms
[121.093s][info][gc,heap        ] GC(297) PSYoungGen: 117247K(619008K)->117247K(619008K) Eden: 117247K(117248K)->117247K(117248K) From: 0K(501760K)->0K(501760K)
[121.093s][info][gc,heap        ] GC(297) ParOldGen: 9284243K(9284608K)->9284243K(9284608K)
[121.093s][info][gc,metaspace   ] GC(297) Metaspace: 6301K(6464K)->6301K(6464K) NonClass: 5768K(5824K)->5768K(5824K) Class: 533K(640K)->533K(640K)
[121.093s][info][gc             ] GC(297) Pause Full (Ergonomics) 9181M->9181M(9671M) 2719.134ms
[121.093s][info][gc,cpu         ] GC(297) User=20.61s Sys=0.05s Real=2.72s
[121.093s][info][gc,start       ] GC(298) Pause Full (Ergonomics)
[121.093s][info][gc,phases,start] GC(298) Marking Phase
[123.191s][info][gc,phases      ] GC(298) Marking Phase 2097.697ms
[123.191s][info][gc,phases,start] GC(298) Summary Phase
[123.191s][info][gc,phases      ] GC(298) Summary Phase 0.088ms
[123.191s][info][gc,phases,start] GC(298) Adjust Roots
[123.191s][info][gc,phases      ] GC(298) Adjust Roots 0.161ms
[123.191s][info][gc,phases,start] GC(298) Compaction Phase
[123.776s][info][gc,phases      ] GC(298) Compaction Phase 584.852ms
[123.776s][info][gc,phases,start] GC(298) Post Compact
[123.790s][info][gc,phases      ] GC(298) Post Compact 13.617ms
[123.790s][info][gc,heap        ] GC(298) PSYoungGen: 117247K(619008K)->117247K(619008K) Eden: 117247K(117248K)->117247K(117248K) From: 0K(501760K)->0K(501760K)
[123.790s][info][gc,heap        ] GC(298) ParOldGen: 9284248K(9284608K)->9284248K(9284608K)
[123.790s][info][gc,metaspace   ] GC(298) Metaspace: 6301K(6464K)->6301K(6464K) NonClass: 5768K(5824K)->5768K(5824K) Class: 533K(640K)->533K(640K)
[123.790s][info][gc             ] GC(298) Pause Full (Ergonomics) 9181M->9181M(9671M) 2696.765ms
[123.790s][info][gc,cpu         ] GC(298) User=20.38s Sys=0.00s Real=2.70s
[123.790s][info][gc,start       ] GC(299) Pause Full (Ergonomics)
[123.790s][info][gc,phases,start] GC(299) Marking Phase
[125.886s][info][gc,phases      ] GC(299) Marking Phase 2096.005ms
[125.886s][info][gc,phases,start] GC(299) Summary Phase
[125.886s][info][gc,phases      ] GC(299) Summary Phase 0.114ms
[125.886s][info][gc,phases,start] GC(299) Adjust Roots
[125.886s][info][gc,phases      ] GC(299) Adjust Roots 0.225ms
[125.886s][info][gc,phases,start] GC(299) Compaction Phase
[126.469s][info][gc,phases      ] GC(299) Compaction Phase 582.608ms
[126.469s][info][gc,phases,start] GC(299) Post Compact
[126.483s][info][gc,phases      ] GC(299) Post Compact 13.449ms
[126.483s][info][gc,heap        ] GC(299) PSYoungGen: 117247K(619008K)->117247K(619008K) Eden: 117247K(117248K)->117247K(117248K) From: 0K(501760K)->0K(501760K)
[126.483s][info][gc,heap        ] GC(299) ParOldGen: 9284252K(9284608K)->9284252K(9284608K)
[126.483s][info][gc,metaspace   ] GC(299) Metaspace: 6301K(6464K)->6301K(6464K) NonClass: 5768K(5824K)->5768K(5824K) Class: 533K(640K)->533K(640K)
[126.483s][info][gc             ] GC(299) Pause Full (Ergonomics) 9181M->9181M(9671M) 2692.724ms
[126.483s][info][gc,cpu         ] GC(299) User=20.34s Sys=0.00s Real=2.69s
[126.483s][info][gc,start       ] GC(300) Pause Full (Ergonomics)
[126.483s][info][gc,phases,start] GC(300) Marking Phase
[128.601s][info][gc,phases      ] GC(300) Marking Phase 2118.412ms
[128.601s][info][gc,phases,start] GC(300) Summary Phase
[128.601s][info][gc,phases      ] GC(300) Summary Phase 0.092ms
[128.601s][info][gc,phases,start] GC(300) Adjust Roots
[128.602s][info][gc,phases      ] GC(300) Adjust Roots 0.174ms
[128.602s][info][gc,phases,start] GC(300) Compaction Phase
[129.178s][info][gc,phases      ] GC(300) Compaction Phase 576.010ms
[129.178s][info][gc,phases,start] GC(300) Post Compact
[129.191s][info][gc,phases      ] GC(300) Post Compact 13.446ms
[129.191s][info][gc,heap        ] GC(300) PSYoungGen: 117247K(619008K)->117247K(619008K) Eden: 117247K(117248K)->117247K(117248K) From: 0K(501760K)->0K(501760K)
[129.191s][info][gc,heap        ] GC(300) ParOldGen: 9284257K(9284608K)->9284257K(9284608K)
[129.191s][info][gc,metaspace   ] GC(300) Metaspace: 6301K(6464K)->6301K(6464K) NonClass: 5768K(5824K)->5768K(5824K) Class: 533K(640K)->533K(640K)
[129.191s][info][gc             ] GC(300) Pause Full (Ergonomics) 9181M->9181M(9671M) 2708.472ms
[129.191s][info][gc,cpu         ] GC(300) User=20.66s Sys=0.00s Real=2.71s
[129.192s][info][gc,start       ] GC(301) Pause Full (Ergonomics)
[129.192s][info][gc,phases,start] GC(301) Marking Phase
[131.310s][info][gc,phases      ] GC(301) Marking Phase 2118.597ms
[131.310s][info][gc,phases,start] GC(301) Summary Phase
[131.310s][info][gc,phases      ] GC(301) Summary Phase 0.087ms
[131.310s][info][gc,phases,start] GC(301) Adjust Roots
[131.310s][info][gc,phases      ] GC(301) Adjust Roots 0.165ms
[131.311s][info][gc,phases,start] GC(301) Compaction Phase
[131.888s][info][gc,phases      ] GC(301) Compaction Phase 577.346ms
[131.888s][info][gc,phases,start] GC(301) Post Compact
[131.902s][info][gc,phases      ] GC(301) Post Compact 13.613ms
[131.902s][info][gc,heap        ] GC(301) PSYoungGen: 117247K(619008K)->117247K(619008K) Eden: 117247K(117248K)->117247K(117248K) From: 0K(501760K)->0K(501760K)
[131.902s][info][gc,heap        ] GC(301) ParOldGen: 9284262K(9284608K)->9284262K(9284608K)
[131.902s][info][gc,metaspace   ] GC(301) Metaspace: 6301K(6464K)->6301K(6464K) NonClass: 5768K(5824K)->5768K(5824K) Class: 533K(640K)->533K(640K)
[131.902s][info][gc             ] GC(301) Pause Full (Ergonomics) 9181M->9181M(9671M) 2710.180ms
[131.902s][info][gc,cpu         ] GC(301) User=20.64s Sys=0.00s Real=2.71s
[131.902s][info][gc,start       ] GC(302) Pause Full (Ergonomics)
[131.902s][info][gc,phases,start] GC(302) Marking Phase
[134.001s][info][gc,phases      ] GC(302) Marking Phase 2099.456ms
[134.001s][info][gc,phases,start] GC(302) Summary Phase
[134.002s][info][gc,phases      ] GC(302) Summary Phase 0.087ms
[134.002s][info][gc,phases,start] GC(302) Adjust Roots
[134.002s][info][gc,phases      ] GC(302) Adjust Roots 0.184ms
[134.002s][info][gc,phases,start] GC(302) Compaction Phase
[134.583s][info][gc,phases      ] GC(302) Compaction Phase 581.640ms
[134.583s][info][gc,phases,start] GC(302) Post Compact
[134.597s][info][gc,phases      ] GC(302) Post Compact 13.571ms
[134.597s][info][gc,heap        ] GC(302) PSYoungGen: 117247K(619008K)->117247K(619008K) Eden: 117247K(117248K)->117247K(117248K) From: 0K(501760K)->0K(501760K)
[134.597s][info][gc,heap        ] GC(302) ParOldGen: 9284267K(9284608K)->9284267K(9284608K)
[134.597s][info][gc,metaspace   ] GC(302) Metaspace: 6301K(6464K)->6301K(6464K) NonClass: 5768K(5824K)->5768K(5824K) Class: 533K(640K)->533K(640K)
[134.597s][info][gc             ] GC(302) Pause Full (Ergonomics) 9181M->9181M(9671M) 2695.276ms
[134.597s][info][gc,cpu         ] GC(302) User=20.41s Sys=0.00s Real=2.69s
[134.597s][info][gc,start       ] GC(303) Pause Full (Ergonomics)
[134.597s][info][gc,phases,start] GC(303) Marking Phase
[136.717s][info][gc,phases      ] GC(303) Marking Phase 2119.610ms
[136.717s][info][gc,phases,start] GC(303) Summary Phase
[136.717s][info][gc,phases      ] GC(303) Summary Phase 0.095ms
[136.717s][info][gc,phases,start] GC(303) Adjust Roots
[136.717s][info][gc,phases      ] GC(303) Adjust Roots 0.230ms
[136.717s][info][gc,phases,start] GC(303) Compaction Phase
[137.304s][info][gc,phases      ] GC(303) Compaction Phase 586.536ms
[137.304s][info][gc,phases,start] GC(303) Post Compact
[137.318s][info][gc,phases      ] GC(303) Post Compact 14.132ms
[137.318s][info][gc,heap        ] GC(303) PSYoungGen: 117247K(619008K)->117247K(619008K) Eden: 117247K(117248K)->117247K(117248K) From: 0K(501760K)->0K(501760K)
[137.318s][info][gc,heap        ] GC(303) ParOldGen: 9284272K(9284608K)->9284272K(9284608K)
[137.318s][info][gc,metaspace   ] GC(303) Metaspace: 6301K(6464K)->6301K(6464K) NonClass: 5768K(5824K)->5768K(5824K) Class: 533K(640K)->533K(640K)
[137.318s][info][gc             ] GC(303) Pause Full (Ergonomics) 9181M->9181M(9671M) 2720.958ms
[137.318s][info][gc,cpu         ] GC(303) User=20.56s Sys=0.02s Real=2.72s
[137.319s][info][gc,start       ] GC(304) Pause Full (Ergonomics)
[137.319s][info][gc,phases,start] GC(304) Marking Phase
[139.409s][info][gc,phases      ] GC(304) Marking Phase 2090.199ms
[139.409s][info][gc,phases,start] GC(304) Summary Phase
[139.409s][info][gc,phases      ] GC(304) Summary Phase 0.108ms
[139.409s][info][gc,phases,start] GC(304) Adjust Roots
[139.409s][info][gc,phases      ] GC(304) Adjust Roots 0.196ms
[139.409s][info][gc,phases,start] GC(304) Compaction Phase
[139.987s][info][gc,phases      ] GC(304) Compaction Phase 577.857ms
[139.987s][info][gc,phases,start] GC(304) Post Compact
[140.001s][info][gc,phases      ] GC(304) Post Compact 13.613ms
[140.001s][info][gc,heap        ] GC(304) PSYoungGen: 117247K(619008K)->117247K(619008K) Eden: 117247K(117248K)->117247K(117248K) From: 0K(501760K)->0K(501760K)
[140.001s][info][gc,heap        ] GC(304) ParOldGen: 9284277K(9284608K)->9284277K(9284608K)
[140.001s][info][gc,metaspace   ] GC(304) Metaspace: 6301K(6464K)->6301K(6464K) NonClass: 5768K(5824K)->5768K(5824K) Class: 533K(640K)->533K(640K)
[140.001s][info][gc             ] GC(304) Pause Full (Ergonomics) 9181M->9181M(9671M) 2682.300ms
[140.001s][info][gc,cpu         ] GC(304) User=20.39s Sys=0.00s Real=2.68s
[140.001s][info][gc,start       ] GC(305) Pause Full (Ergonomics)
[140.001s][info][gc,phases,start] GC(305) Marking Phase
[142.088s][info][gc,phases      ] GC(305) Marking Phase 2086.568ms
[142.088s][info][gc,phases,start] GC(305) Summary Phase
[142.088s][info][gc,phases      ] GC(305) Summary Phase 0.105ms
[142.088s][info][gc,phases,start] GC(305) Adjust Roots
[142.088s][info][gc,phases      ] GC(305) Adjust Roots 0.196ms
[142.088s][info][gc,phases,start] GC(305) Compaction Phase
[142.682s][info][gc,phases      ] GC(305) Compaction Phase 594.374ms
[142.682s][info][gc,phases,start] GC(305) Post Compact
[142.696s][info][gc,phases      ] GC(305) Post Compact 13.354ms
[142.696s][info][gc,heap        ] GC(305) PSYoungGen: 117247K(619008K)->117247K(619008K) Eden: 117247K(117248K)->117247K(117248K) From: 0K(501760K)->0K(501760K)
[142.696s][info][gc,heap        ] GC(305) ParOldGen: 9284281K(9284608K)->9284281K(9284608K)
[142.696s][info][gc,metaspace   ] GC(305) Metaspace: 6301K(6464K)->6301K(6464K) NonClass: 5768K(5824K)->5768K(5824K) Class: 533K(640K)->533K(640K)
[142.696s][info][gc             ] GC(305) Pause Full (Ergonomics) 9181M->9181M(9671M) 2694.892ms
[142.696s][info][gc,cpu         ] GC(305) User=20.34s Sys=0.00s Real=2.69s
[142.696s][info][gc,start       ] GC(306) Pause Full (Ergonomics)
[142.696s][info][gc,phases,start] GC(306) Marking Phase
[144.802s][info][gc,phases      ] GC(306) Marking Phase 2105.520ms
[144.802s][info][gc,phases,start] GC(306) Summary Phase
[144.802s][info][gc,phases      ] GC(306) Summary Phase 0.105ms
[144.802s][info][gc,phases,start] GC(306) Adjust Roots
[144.802s][info][gc,phases      ] GC(306) Adjust Roots 0.200ms
[144.802s][info][gc,phases,start] GC(306) Compaction Phase
[145.385s][info][gc,phases      ] GC(306) Compaction Phase 582.670ms
[145.385s][info][gc,phases,start] GC(306) Post Compact
[145.399s][info][gc,phases      ] GC(306) Post Compact 13.973ms
[145.399s][info][gc,heap        ] GC(306) PSYoungGen: 117247K(619008K)->117247K(619008K) Eden: 117247K(117248K)->117247K(117248K) From: 0K(501760K)->0K(501760K)
[145.399s][info][gc,heap        ] GC(306) ParOldGen: 9284286K(9284608K)->9284286K(9284608K)
[145.399s][info][gc,metaspace   ] GC(306) Metaspace: 6301K(6464K)->6301K(6464K) NonClass: 5768K(5824K)->5768K(5824K) Class: 533K(640K)->533K(640K)
[145.399s][info][gc             ] GC(306) Pause Full (Ergonomics) 9181M->9181M(9671M) 2702.839ms
[145.399s][info][gc,cpu         ] GC(306) User=20.44s Sys=0.02s Real=2.70s
[145.399s][info][gc,start       ] GC(307) Pause Full (Ergonomics)
[145.399s][info][gc,phases,start] GC(307) Marking Phase
[147.542s][info][gc,phases      ] GC(307) Marking Phase 2142.455ms
[147.542s][info][gc,phases,start] GC(307) Summary Phase
[147.542s][info][gc,phases      ] GC(307) Summary Phase 0.143ms
[147.542s][info][gc,phases,start] GC(307) Adjust Roots
[147.542s][info][gc,phases      ] GC(307) Adjust Roots 0.376ms
[147.542s][info][gc,phases,start] GC(307) Compaction Phase
[148.116s][info][gc,phases      ] GC(307) Compaction Phase 573.672ms
[148.116s][info][gc,phases,start] GC(307) Post Compact
[148.130s][info][gc,phases      ] GC(307) Post Compact 13.557ms
[148.130s][info][gc,heap        ] GC(307) PSYoungGen: 117247K(619008K)->117247K(619008K) Eden: 117247K(117248K)->117247K(117248K) From: 0K(501760K)->0K(501760K)
[148.130s][info][gc,heap        ] GC(307) ParOldGen: 9284291K(9284608K)->9284291K(9284608K)
[148.130s][info][gc,metaspace   ] GC(307) Metaspace: 6301K(6464K)->6301K(6464K) NonClass: 5768K(5824K)->5768K(5824K) Class: 533K(640K)->533K(640K)
[148.130s][info][gc             ] GC(307) Pause Full (Ergonomics) 9181M->9181M(9671M) 2730.590ms
[148.130s][info][gc,cpu         ] GC(307) User=20.84s Sys=0.00s Real=2.73s
[148.130s][info][gc,start       ] GC(308) Pause Full (Ergonomics)
[148.130s][info][gc,phases,start] GC(308) Marking Phase
[150.229s][info][gc,phases      ] GC(308) Marking Phase 2098.651ms
[150.229s][info][gc,phases,start] GC(308) Summary Phase
[150.229s][info][gc,phases      ] GC(308) Summary Phase 0.093ms
[150.229s][info][gc,phases,start] GC(308) Adjust Roots
[150.229s][info][gc,phases      ] GC(308) Adjust Roots 0.182ms
[150.229s][info][gc,phases,start] GC(308) Compaction Phase
[150.813s][info][gc,phases      ] GC(308) Compaction Phase 584.239ms
[150.813s][info][gc,phases,start] GC(308) Post Compact
[150.827s][info][gc,phases      ] GC(308) Post Compact 13.387ms
[150.827s][info][gc,heap        ] GC(308) PSYoungGen: 117247K(619008K)->117247K(619008K) Eden: 117247K(117248K)->117247K(117248K) From: 0K(501760K)->0K(501760K)
[150.827s][info][gc,heap        ] GC(308) ParOldGen: 9284296K(9284608K)->9284296K(9284608K)
[150.827s][info][gc,metaspace   ] GC(308) Metaspace: 6301K(6464K)->6301K(6464K) NonClass: 5768K(5824K)->5768K(5824K) Class: 533K(640K)->533K(640K)
[150.827s][info][gc             ] GC(308) Pause Full (Ergonomics) 9181M->9181M(9671M) 2696.887ms
[150.827s][info][gc,cpu         ] GC(308) User=20.28s Sys=0.02s Real=2.70s
[150.827s][info][gc,start       ] GC(309) Pause Full (Ergonomics)
[150.827s][info][gc,phases,start] GC(309) Marking Phase
[152.947s][info][gc,phases      ] GC(309) Marking Phase 2119.630ms
[152.947s][info][gc,phases,start] GC(309) Summary Phase
[152.947s][info][gc,phases      ] GC(309) Summary Phase 0.091ms
[152.947s][info][gc,phases,start] GC(309) Adjust Roots
[152.947s][info][gc,phases      ] GC(309) Adjust Roots 0.165ms
[152.947s][info][gc,phases,start] GC(309) Compaction Phase
[153.529s][info][gc,phases      ] GC(309) Compaction Phase 581.474ms
[153.529s][info][gc,phases,start] GC(309) Post Compact
[153.542s][info][gc,phases      ] GC(309) Post Compact 13.585ms
[153.542s][info][gc,heap        ] GC(309) PSYoungGen: 117247K(619008K)->117247K(619008K) Eden: 117247K(117248K)->117247K(117248K) From: 0K(501760K)->0K(501760K)
[153.542s][info][gc,heap        ] GC(309) ParOldGen: 9284301K(9284608K)->9284301K(9284608K)
[153.542s][info][gc,metaspace   ] GC(309) Metaspace: 6301K(6464K)->6301K(6464K) NonClass: 5768K(5824K)->5768K(5824K) Class: 533K(640K)->533K(640K)
[153.542s][info][gc             ] GC(309) Pause Full (Ergonomics) 9181M->9181M(9671M) 2715.284ms
[153.542s][info][gc,cpu         ] GC(309) User=20.69s Sys=0.02s Real=2.72s
[153.543s][info][gc,start       ] GC(310) Pause Full (Ergonomics)
[153.543s][info][gc,phases,start] GC(310) Marking Phase
[155.681s][info][gc,phases      ] GC(310) Marking Phase 2138.712ms
[155.681s][info][gc,phases,start] GC(310) Summary Phase
[155.681s][info][gc,phases      ] GC(310) Summary Phase 0.095ms
[155.681s][info][gc,phases,start] GC(310) Adjust Roots
[155.682s][info][gc,phases      ] GC(310) Adjust Roots 0.203ms
[155.682s][info][gc,phases,start] GC(310) Compaction Phase
[156.256s][info][gc,phases      ] GC(310) Compaction Phase 574.316ms
[156.256s][info][gc,phases,start] GC(310) Post Compact
[156.270s][info][gc,phases      ] GC(310) Post Compact 13.532ms
[156.270s][info][gc,heap        ] GC(310) PSYoungGen: 117247K(619008K)->117247K(619008K) Eden: 117247K(117248K)->117247K(117248K) From: 0K(501760K)->0K(501760K)
[156.270s][info][gc,heap        ] GC(310) ParOldGen: 9284306K(9284608K)->9284306K(9284608K)
[156.270s][info][gc,metaspace   ] GC(310) Metaspace: 6301K(6464K)->6301K(6464K) NonClass: 5768K(5824K)->5768K(5824K) Class: 533K(640K)->533K(640K)
[156.270s][info][gc             ] GC(310) Pause Full (Ergonomics) 9181M->9181M(9671M) 2727.170ms
[156.270s][info][gc,cpu         ] GC(310) User=20.84s Sys=0.02s Real=2.73s
[156.270s][info][gc,start       ] GC(311) Pause Full (Ergonomics)
[156.270s][info][gc,phases,start] GC(311) Marking Phase
[158.376s][info][gc,phases      ] GC(311) Marking Phase 2105.991ms
[158.376s][info][gc,phases,start] GC(311) Summary Phase
[158.376s][info][gc,phases      ] GC(311) Summary Phase 0.098ms
[158.376s][info][gc,phases,start] GC(311) Adjust Roots
[158.376s][info][gc,phases      ] GC(311) Adjust Roots 0.189ms
[158.376s][info][gc,phases,start] GC(311) Compaction Phase
[158.955s][info][gc,phases      ] GC(311) Compaction Phase 579.143ms
[158.956s][info][gc,phases,start] GC(311) Post Compact
[158.969s][info][gc,phases      ] GC(311) Post Compact 13.489ms
[158.969s][info][gc,heap        ] GC(311) PSYoungGen: 117247K(619008K)->117247K(619008K) Eden: 117247K(117248K)->117247K(117248K) From: 0K(501760K)->0K(501760K)
[158.969s][info][gc,heap        ] GC(311) ParOldGen: 9284310K(9284608K)->9284310K(9284608K)
[158.969s][info][gc,metaspace   ] GC(311) Metaspace: 6301K(6464K)->6301K(6464K) NonClass: 5768K(5824K)->5768K(5824K) Class: 533K(640K)->533K(640K)
[158.969s][info][gc             ] GC(311) Pause Full (Ergonomics) 9181M->9181M(9671M) 2699.278ms
[158.969s][info][gc,cpu         ] GC(311) User=20.33s Sys=0.00s Real=2.70s
[158.969s][info][gc,start       ] GC(312) Pause Full (Ergonomics)
[158.969s][info][gc,phases,start] GC(312) Marking Phase
[161.093s][info][gc,phases      ] GC(312) Marking Phase 2123.541ms
[161.093s][info][gc,phases,start] GC(312) Summary Phase
[161.093s][info][gc,phases      ] GC(312) Summary Phase 0.087ms
[161.093s][info][gc,phases,start] GC(312) Adjust Roots
[161.093s][info][gc,phases      ] GC(312) Adjust Roots 0.161ms
[161.093s][info][gc,phases,start] GC(312) Compaction Phase
[161.703s][info][gc,phases      ] GC(312) Compaction Phase 609.801ms
[161.703s][info][gc,phases,start] GC(312) Post Compact
[161.717s][info][gc,phases      ] GC(312) Post Compact 13.568ms
[161.717s][info][gc,heap        ] GC(312) PSYoungGen: 117247K(619008K)->117247K(619008K) Eden: 117247K(117248K)->117247K(117248K) From: 0K(501760K)->0K(501760K)
[161.717s][info][gc,heap        ] GC(312) ParOldGen: 9284315K(9284608K)->9284315K(9284608K)
[161.717s][info][gc,metaspace   ] GC(312) Metaspace: 6301K(6464K)->6301K(6464K) NonClass: 5768K(5824K)->5768K(5824K) Class: 533K(640K)->533K(640K)
[161.717s][info][gc             ] GC(312) Pause Full (Ergonomics) 9181M->9181M(9671M) 2747.500ms
[161.717s][info][gc,cpu         ] GC(312) User=20.55s Sys=0.00s Real=2.75s
[161.717s][info][gc,start       ] GC(313) Pause Full (Ergonomics)
[161.717s][info][gc,phases,start] GC(313) Marking Phase
[163.825s][info][gc,phases      ] GC(313) Marking Phase 2107.407ms
[163.825s][info][gc,phases,start] GC(313) Summary Phase
[163.825s][info][gc,phases      ] GC(313) Summary Phase 0.087ms
[163.825s][info][gc,phases,start] GC(313) Adjust Roots
[163.825s][info][gc,phases      ] GC(313) Adjust Roots 0.169ms
[163.825s][info][gc,phases,start] GC(313) Compaction Phase
[164.408s][info][gc,phases      ] GC(313) Compaction Phase 582.694ms
[164.408s][info][gc,phases,start] GC(313) Post Compact
[164.421s][info][gc,phases      ] GC(313) Post Compact 13.539ms
[164.421s][info][gc,heap        ] GC(313) PSYoungGen: 117247K(619008K)->117247K(619008K) Eden: 117247K(117248K)->117247K(117248K) From: 0K(501760K)->0K(501760K)
[164.421s][info][gc,heap        ] GC(313) ParOldGen: 9284320K(9284608K)->9284320K(9284608K)
[164.421s][info][gc,metaspace   ] GC(313) Metaspace: 6301K(6464K)->6301K(6464K) NonClass: 5768K(5824K)->5768K(5824K) Class: 533K(640K)->533K(640K)
[164.421s][info][gc             ] GC(313) Pause Full (Ergonomics) 9181M->9181M(9671M) 2704.235ms
[164.421s][info][gc,cpu         ] GC(313) User=20.56s Sys=0.02s Real=2.70s
[164.422s][info][gc,start       ] GC(314) Pause Full (Ergonomics)
[164.422s][info][gc,phases,start] GC(314) Marking Phase
[166.517s][info][gc,phases      ] GC(314) Marking Phase 2095.584ms
[166.517s][info][gc,phases,start] GC(314) Summary Phase
[166.517s][info][gc,phases      ] GC(314) Summary Phase 0.087ms
[166.517s][info][gc,phases,start] GC(314) Adjust Roots
[166.518s][info][gc,phases      ] GC(314) Adjust Roots 0.162ms
[166.518s][info][gc,phases,start] GC(314) Compaction Phase
[167.101s][info][gc,phases      ] GC(314) Compaction Phase 583.342ms
[167.101s][info][gc,phases,start] GC(314) Post Compact
[167.114s][info][gc,phases      ] GC(314) Post Compact 13.359ms
[167.114s][info][gc,heap        ] GC(314) PSYoungGen: 117247K(619008K)->117247K(619008K) Eden: 117247K(117248K)->117247K(117248K) From: 0K(501760K)->0K(501760K)
[167.114s][info][gc,heap        ] GC(314) ParOldGen: 9284325K(9284608K)->9284325K(9284608K)
[167.114s][info][gc,metaspace   ] GC(314) Metaspace: 6301K(6464K)->6301K(6464K) NonClass: 5768K(5824K)->5768K(5824K) Class: 533K(640K)->533K(640K)
[167.114s][info][gc             ] GC(314) Pause Full (Ergonomics) 9181M->9181M(9671M) 2692.878ms
[167.114s][info][gc,cpu         ] GC(314) User=20.30s Sys=0.00s Real=2.69s
[167.115s][info][gc,start       ] GC(315) Pause Full (Ergonomics)
[167.115s][info][gc,phases,start] GC(315) Marking Phase
[169.233s][info][gc,phases      ] GC(315) Marking Phase 2118.553ms
[169.233s][info][gc,phases,start] GC(315) Summary Phase
[169.233s][info][gc,phases      ] GC(315) Summary Phase 0.086ms
[169.233s][info][gc,phases,start] GC(315) Adjust Roots
[169.234s][info][gc,phases      ] GC(315) Adjust Roots 0.165ms
[169.234s][info][gc,phases,start] GC(315) Compaction Phase
[169.810s][info][gc,phases      ] GC(315) Compaction Phase 576.885ms
[169.811s][info][gc,phases,start] GC(315) Post Compact
[169.824s][info][gc,phases      ] GC(315) Post Compact 13.536ms
[169.824s][info][gc,heap        ] GC(315) PSYoungGen: 117247K(619008K)->117247K(619008K) Eden: 117247K(117248K)->117247K(117248K) From: 0K(501760K)->0K(501760K)
[169.824s][info][gc,heap        ] GC(315) ParOldGen: 9284330K(9284608K)->9284330K(9284608K)
[169.824s][info][gc,metaspace   ] GC(315) Metaspace: 6301K(6464K)->6301K(6464K) NonClass: 5768K(5824K)->5768K(5824K) Class: 533K(640K)->533K(640K)
[169.824s][info][gc             ] GC(315) Pause Full (Ergonomics) 9181M->9181M(9671M) 2709.578ms
[169.824s][info][gc,cpu         ] GC(315) User=20.55s Sys=0.00s Real=2.71s
[169.824s][info][gc,start       ] GC(316) Pause Full (Ergonomics)
[169.824s][info][gc,phases,start] GC(316) Marking Phase
[171.937s][info][gc,phases      ] GC(316) Marking Phase 2112.353ms
[171.937s][info][gc,phases,start] GC(316) Summary Phase
[171.937s][info][gc,phases      ] GC(316) Summary Phase 0.118ms
[171.937s][info][gc,phases,start] GC(316) Adjust Roots
[171.937s][info][gc,phases      ] GC(316) Adjust Roots 0.170ms
[171.937s][info][gc,phases,start] GC(316) Compaction Phase
[172.511s][info][gc,phases      ] GC(316) Compaction Phase 573.807ms
[172.511s][info][gc,phases,start] GC(316) Post Compact
[172.525s][info][gc,phases      ] GC(316) Post Compact 13.404ms
[172.525s][info][gc,heap        ] GC(316) PSYoungGen: 117247K(619008K)->117247K(619008K) Eden: 117247K(117248K)->117247K(117248K) From: 0K(501760K)->0K(501760K)
[172.525s][info][gc,heap        ] GC(316) ParOldGen: 9284335K(9284608K)->9284335K(9284608K)
[172.525s][info][gc,metaspace   ] GC(316) Metaspace: 6301K(6464K)->6301K(6464K) NonClass: 5768K(5824K)->5768K(5824K) Class: 533K(640K)->533K(640K)
[172.525s][info][gc             ] GC(316) Pause Full (Ergonomics) 9181M->9181M(9671M) 2700.186ms
[172.525s][info][gc,cpu         ] GC(316) User=20.45s Sys=0.00s Real=2.70s
[172.525s][info][gc,start       ] GC(317) Pause Full (Ergonomics)
[172.525s][info][gc,phases,start] GC(317) Marking Phase
[174.624s][info][gc,phases      ] GC(317) Marking Phase 2099.129ms
[174.624s][info][gc,phases,start] GC(317) Summary Phase
[174.624s][info][gc,phases      ] GC(317) Summary Phase 0.088ms
[174.624s][info][gc,phases,start] GC(317) Adjust Roots
[174.624s][info][gc,phases      ] GC(317) Adjust Roots 0.166ms
[174.624s][info][gc,phases,start] GC(317) Compaction Phase
[175.227s][info][gc,phases      ] GC(317) Compaction Phase 602.568ms
[175.227s][info][gc,phases,start] GC(317) Post Compact
[175.241s][info][gc,phases      ] GC(317) Post Compact 13.581ms
[175.241s][info][gc,heap        ] GC(317) PSYoungGen: 117247K(619008K)->117247K(619008K) Eden: 117247K(117248K)->117247K(117248K) From: 0K(501760K)->0K(501760K)
[175.241s][info][gc,heap        ] GC(317) ParOldGen: 9284339K(9284608K)->9284339K(9284608K)
[175.241s][info][gc,metaspace   ] GC(317) Metaspace: 6301K(6464K)->6301K(6464K) NonClass: 5768K(5824K)->5768K(5824K) Class: 533K(640K)->533K(640K)
[175.241s][info][gc             ] GC(317) Pause Full (Ergonomics) 9181M->9181M(9671M) 2715.841ms
[175.241s][info][gc,cpu         ] GC(317) User=20.19s Sys=0.02s Real=2.72s
[175.241s][info][gc,start       ] GC(318) Pause Full (Ergonomics)
[175.241s][info][gc,phases,start] GC(318) Marking Phase
[177.360s][info][gc,phases      ] GC(318) Marking Phase 2118.902ms
[177.360s][info][gc,phases,start] GC(318) Summary Phase
[177.360s][info][gc,phases      ] GC(318) Summary Phase 0.087ms
[177.360s][info][gc,phases,start] GC(318) Adjust Roots
[177.360s][info][gc,phases      ] GC(318) Adjust Roots 0.160ms
[177.360s][info][gc,phases,start] GC(318) Compaction Phase
[177.941s][info][gc,phases      ] GC(318) Compaction Phase 580.791ms
[177.941s][info][gc,phases,start] GC(318) Post Compact
[177.954s][info][gc,phases      ] GC(318) Post Compact 13.405ms
[177.955s][info][gc,heap        ] GC(318) PSYoungGen: 117247K(619008K)->117247K(619008K) Eden: 117247K(117248K)->117247K(117248K) From: 0K(501760K)->0K(501760K)
[177.955s][info][gc,heap        ] GC(318) ParOldGen: 9284344K(9284608K)->9284344K(9284608K)
[177.955s][info][gc,metaspace   ] GC(318) Metaspace: 6301K(6464K)->6301K(6464K) NonClass: 5768K(5824K)->5768K(5824K) Class: 533K(640K)->533K(640K)
[177.955s][info][gc             ] GC(318) Pause Full (Ergonomics) 9181M->9181M(9671M) 2713.683ms
[177.955s][info][gc,cpu         ] GC(318) User=20.55s Sys=0.00s Real=2.71s
[177.955s][info][gc,start       ] GC(319) Pause Full (Ergonomics)
[177.955s][info][gc,phases,start] GC(319) Marking Phase
[180.036s][info][gc,phases      ] GC(319) Marking Phase 2081.304ms
[180.036s][info][gc,phases,start] GC(319) Summary Phase
[180.036s][info][gc,phases      ] GC(319) Summary Phase 0.087ms
[180.036s][info][gc,phases,start] GC(319) Adjust Roots
[180.036s][info][gc,phases      ] GC(319) Adjust Roots 0.166ms
[180.036s][info][gc,phases,start] GC(319) Compaction Phase
[180.617s][info][gc,phases      ] GC(319) Compaction Phase 580.176ms
[180.617s][info][gc,phases,start] GC(319) Post Compact
[180.630s][info][gc,phases      ] GC(319) Post Compact 13.446ms
[180.630s][info][gc,heap        ] GC(319) PSYoungGen: 117247K(619008K)->117247K(619008K) Eden: 117247K(117248K)->117247K(117248K) From: 0K(501760K)->0K(501760K)
[180.630s][info][gc,heap        ] GC(319) ParOldGen: 9284349K(9284608K)->9284349K(9284608K)
[180.630s][info][gc,metaspace   ] GC(319) Metaspace: 6301K(6464K)->6301K(6464K) NonClass: 5768K(5824K)->5768K(5824K) Class: 533K(640K)->533K(640K)
[180.630s][info][gc             ] GC(319) Pause Full (Ergonomics) 9181M->9181M(9671M) 2675.508ms
[180.630s][info][gc,cpu         ] GC(319) User=20.28s Sys=0.00s Real=2.67s
[180.631s][info][gc,start       ] GC(320) Pause Full (Ergonomics)
[180.631s][info][gc,phases,start] GC(320) Marking Phase
[182.715s][info][gc,phases      ] GC(320) Marking Phase 2084.222ms
[182.715s][info][gc,phases,start] GC(320) Summary Phase
[182.715s][info][gc,phases      ] GC(320) Summary Phase 0.086ms
[182.715s][info][gc,phases,start] GC(320) Adjust Roots
[182.715s][info][gc,phases      ] GC(320) Adjust Roots 0.162ms
[182.715s][info][gc,phases,start] GC(320) Compaction Phase
[183.301s][info][gc,phases      ] GC(320) Compaction Phase 585.732ms
[183.301s][info][gc,phases,start] GC(320) Post Compact
[183.314s][info][gc,phases      ] GC(320) Post Compact 13.519ms
[183.315s][info][gc,heap        ] GC(320) PSYoungGen: 117247K(619008K)->117247K(619008K) Eden: 117247K(117248K)->117247K(117248K) From: 0K(501760K)->0K(501760K)
[183.315s][info][gc,heap        ] GC(320) ParOldGen: 9284354K(9284608K)->9284354K(9284608K)
[183.315s][info][gc,metaspace   ] GC(320) Metaspace: 6301K(6464K)->6301K(6464K) NonClass: 5768K(5824K)->5768K(5824K) Class: 533K(640K)->533K(640K)
[183.315s][info][gc             ] GC(320) Pause Full (Ergonomics) 9181M->9181M(9671M) 2684.054ms
[183.315s][info][gc,cpu         ] GC(320) User=20.42s Sys=0.02s Real=2.68s
[183.315s][info][gc,start       ] GC(321) Pause Full (Ergonomics)
[183.315s][info][gc,phases,start] GC(321) Marking Phase
[185.410s][info][gc,phases      ] GC(321) Marking Phase 2094.800ms
[185.410s][info][gc,phases,start] GC(321) Summary Phase
[185.410s][info][gc,phases      ] GC(321) Summary Phase 0.200ms
[185.410s][info][gc,phases,start] GC(321) Adjust Roots
[185.410s][info][gc,phases      ] GC(321) Adjust Roots 0.166ms
[185.410s][info][gc,phases,start] GC(321) Compaction Phase
[185.998s][info][gc,phases      ] GC(321) Compaction Phase 588.163ms
[185.998s][info][gc,phases,start] GC(321) Post Compact
[186.012s][info][gc,phases      ] GC(321) Post Compact 13.623ms
[186.012s][info][gc,heap        ] GC(321) PSYoungGen: 117247K(619008K)->117247K(619008K) Eden: 117247K(117248K)->117247K(117248K) From: 0K(501760K)->0K(501760K)
[186.012s][info][gc,heap        ] GC(321) ParOldGen: 9284359K(9284608K)->9284359K(9284608K)
[186.012s][info][gc,metaspace   ] GC(321) Metaspace: 6301K(6464K)->6301K(6464K) NonClass: 5768K(5824K)->5768K(5824K) Class: 533K(640K)->533K(640K)
[186.012s][info][gc             ] GC(321) Pause Full (Ergonomics) 9181M->9181M(9671M) 2697.285ms
[186.012s][info][gc,cpu         ] GC(321) User=20.33s Sys=0.00s Real=2.70s
[186.012s][info][gc,start       ] GC(322) Pause Full (Ergonomics)
[186.012s][info][gc,phases,start] GC(322) Marking Phase
[188.104s][info][gc,phases      ] GC(322) Marking Phase 2091.464ms
[188.104s][info][gc,phases,start] GC(322) Summary Phase
[188.104s][info][gc,phases      ] GC(322) Summary Phase 0.086ms
[188.104s][info][gc,phases,start] GC(322) Adjust Roots
[188.104s][info][gc,phases      ] GC(322) Adjust Roots 0.163ms
[188.104s][info][gc,phases,start] GC(322) Compaction Phase
[188.686s][info][gc,phases      ] GC(322) Compaction Phase 581.425ms
[188.686s][info][gc,phases,start] GC(322) Post Compact
[188.699s][info][gc,phases      ] GC(322) Post Compact 13.530ms
[188.699s][info][gc,heap        ] GC(322) PSYoungGen: 117247K(619008K)->117247K(619008K) Eden: 117247K(117248K)->117247K(117248K) From: 0K(501760K)->0K(501760K)
[188.699s][info][gc,heap        ] GC(322) ParOldGen: 9284364K(9284608K)->9284364K(9284608K)
[188.699s][info][gc,metaspace   ] GC(322) Metaspace: 6301K(6464K)->6301K(6464K) NonClass: 5768K(5824K)->5768K(5824K) Class: 533K(640K)->533K(640K)
[188.699s][info][gc             ] GC(322) Pause Full (Ergonomics) 9181M->9181M(9671M) 2687.002ms
[188.699s][info][gc,cpu         ] GC(322) User=20.44s Sys=0.05s Real=2.69s
[188.699s][info][gc,start       ] GC(323) Pause Full (Ergonomics)
[188.700s][info][gc,phases,start] GC(323) Marking Phase
[190.817s][info][gc,phases      ] GC(323) Marking Phase 2117.332ms
[190.817s][info][gc,phases,start] GC(323) Summary Phase
[190.817s][info][gc,phases      ] GC(323) Summary Phase 0.087ms
[190.817s][info][gc,phases,start] GC(323) Adjust Roots
[190.817s][info][gc,phases      ] GC(323) Adjust Roots 0.168ms
[190.817s][info][gc,phases,start] GC(323) Compaction Phase
[191.391s][info][gc,phases      ] GC(323) Compaction Phase 574.122ms
[191.391s][info][gc,phases,start] GC(323) Post Compact
[191.405s][info][gc,phases      ] GC(323) Post Compact 13.771ms
[191.405s][info][gc,heap        ] GC(323) PSYoungGen: 117247K(619008K)->117247K(619008K) Eden: 117247K(117248K)->117247K(117248K) From: 0K(501760K)->0K(501760K)
[191.405s][info][gc,heap        ] GC(323) ParOldGen: 9284368K(9284608K)->9284368K(9284608K)
[191.405s][info][gc,metaspace   ] GC(323) Metaspace: 6301K(6464K)->6301K(6464K) NonClass: 5768K(5824K)->5768K(5824K) Class: 533K(640K)->533K(640K)
[191.405s][info][gc             ] GC(323) Pause Full (Ergonomics) 9181M->9181M(9671M) 2705.826ms
[191.405s][info][gc,cpu         ] GC(323) User=20.66s Sys=0.00s Real=2.71s
[191.406s][info][gc,start       ] GC(324) Pause Full (Ergonomics)
[191.406s][info][gc,phases,start] GC(324) Marking Phase
[193.513s][info][gc,phases      ] GC(324) Marking Phase 2107.471ms
[193.513s][info][gc,phases,start] GC(324) Summary Phase
[193.513s][info][gc,phases      ] GC(324) Summary Phase 0.087ms
[193.513s][info][gc,phases,start] GC(324) Adjust Roots
[193.513s][info][gc,phases      ] GC(324) Adjust Roots 0.163ms
[193.513s][info][gc,phases,start] GC(324) Compaction Phase
[194.098s][info][gc,phases      ] GC(324) Compaction Phase 584.220ms
[194.098s][info][gc,phases,start] GC(324) Post Compact
[194.111s][info][gc,phases      ] GC(324) Post Compact 13.595ms
[194.111s][info][gc,heap        ] GC(324) PSYoungGen: 117247K(619008K)->117247K(619008K) Eden: 117247K(117248K)->117247K(117248K) From: 0K(501760K)->0K(501760K)
[194.111s][info][gc,heap        ] GC(324) ParOldGen: 9284373K(9284608K)->9284373K(9284608K)
[194.111s][info][gc,metaspace   ] GC(324) Metaspace: 6301K(6464K)->6301K(6464K) NonClass: 5768K(5824K)->5768K(5824K) Class: 533K(640K)->533K(640K)
[194.111s][info][gc             ] GC(324) Pause Full (Ergonomics) 9181M->9181M(9671M) 2705.871ms
[194.111s][info][gc,cpu         ] GC(324) User=20.41s Sys=0.00s Real=2.71s
[194.112s][info][gc,start       ] GC(325) Pause Full (Ergonomics)
[194.112s][info][gc,phases,start] GC(325) Marking Phase
[196.203s][info][gc,phases      ] GC(325) Marking Phase 2090.919ms
[196.203s][info][gc,phases,start] GC(325) Summary Phase
[196.203s][info][gc,phases      ] GC(325) Summary Phase 0.087ms
[196.203s][info][gc,phases,start] GC(325) Adjust Roots
[196.203s][info][gc,phases      ] GC(325) Adjust Roots 0.167ms
[196.203s][info][gc,phases,start] GC(325) Compaction Phase
[196.788s][info][gc,phases      ] GC(325) Compaction Phase 585.065ms
[196.788s][info][gc,phases,start] GC(325) Post Compact
[196.802s][info][gc,phases      ] GC(325) Post Compact 13.584ms
[196.802s][info][gc,heap        ] GC(325) PSYoungGen: 117247K(619008K)->117247K(619008K) Eden: 117247K(117248K)->117247K(117248K) From: 0K(501760K)->0K(501760K)
[196.802s][info][gc,heap        ] GC(325) ParOldGen: 9284378K(9284608K)->9284378K(9284608K)
[196.802s][info][gc,metaspace   ] GC(325) Metaspace: 6301K(6464K)->6301K(6464K) NonClass: 5768K(5824K)->5768K(5824K) Class: 533K(640K)->533K(640K)
[196.802s][info][gc             ] GC(325) Pause Full (Ergonomics) 9181M->9181M(9671M) 2690.135ms
[196.802s][info][gc,cpu         ] GC(325) User=20.22s Sys=0.00s Real=2.69s
[196.802s][info][gc,start       ] GC(326) Pause Full (Ergonomics)
[196.802s][info][gc,phases,start] GC(326) Marking Phase
[198.909s][info][gc,phases      ] GC(326) Marking Phase 2106.953ms
[198.909s][info][gc,phases,start] GC(326) Summary Phase
[198.909s][info][gc,phases      ] GC(326) Summary Phase 0.091ms
[198.909s][info][gc,phases,start] GC(326) Adjust Roots
[198.909s][info][gc,phases      ] GC(326) Adjust Roots 0.177ms
[198.909s][info][gc,phases,start] GC(326) Compaction Phase
[199.490s][info][gc,phases      ] GC(326) Compaction Phase 580.551ms
[199.490s][info][gc,phases,start] GC(326) Post Compact
[199.504s][info][gc,phases      ] GC(326) Post Compact 14.101ms
[199.504s][info][gc,heap        ] GC(326) PSYoungGen: 117247K(619008K)->117247K(619008K) Eden: 117247K(117248K)->117247K(117248K) From: 0K(501760K)->0K(501760K)
[199.504s][info][gc,heap        ] GC(326) ParOldGen: 9284383K(9284608K)->9284383K(9284608K)
[199.504s][info][gc,metaspace   ] GC(326) Metaspace: 6301K(6464K)->6301K(6464K) NonClass: 5768K(5824K)->5768K(5824K) Class: 533K(640K)->533K(640K)
[199.504s][info][gc             ] GC(326) Pause Full (Ergonomics) 9181M->9181M(9671M) 2702.215ms
[199.504s][info][gc,cpu         ] GC(326) User=20.48s Sys=0.02s Real=2.70s
[199.504s][info][gc,start       ] GC(327) Pause Full (Ergonomics)
[199.504s][info][gc,phases,start] GC(327) Marking Phase
[201.619s][info][gc,phases      ] GC(327) Marking Phase 2114.469ms
[201.619s][info][gc,phases,start] GC(327) Summary Phase
[201.619s][info][gc,phases      ] GC(327) Summary Phase 0.097ms
[201.619s][info][gc,phases,start] GC(327) Adjust Roots
[201.619s][info][gc,phases      ] GC(327) Adjust Roots 0.170ms
[201.619s][info][gc,phases,start] GC(327) Compaction Phase
[202.195s][info][gc,phases      ] GC(327) Compaction Phase 575.391ms
[202.195s][info][gc,phases,start] GC(327) Post Compact
[202.208s][info][gc,phases      ] GC(327) Post Compact 13.659ms
[202.208s][info][gc,heap        ] GC(327) PSYoungGen: 117247K(619008K)->117247K(619008K) Eden: 117247K(117248K)->117247K(117248K) From: 0K(501760K)->0K(501760K)
[202.208s][info][gc,heap        ] GC(327) ParOldGen: 9284388K(9284608K)->9284388K(9284608K)
[202.208s][info][gc,metaspace   ] GC(327) Metaspace: 6301K(6464K)->6301K(6464K) NonClass: 5768K(5824K)->5768K(5824K) Class: 533K(640K)->533K(640K)
[202.208s][info][gc             ] GC(327) Pause Full (Ergonomics) 9181M->9181M(9671M) 2704.127ms
[202.208s][info][gc,cpu         ] GC(327) User=20.25s Sys=0.00s Real=2.70s
[202.209s][info][gc,start       ] GC(328) Pause Full (Ergonomics)
[202.209s][info][gc,phases,start] GC(328) Marking Phase
[204.315s][info][gc,phases      ] GC(328) Marking Phase 2106.502ms
[204.315s][info][gc,phases,start] GC(328) Summary Phase
[204.315s][info][gc,phases      ] GC(328) Summary Phase 0.086ms
[204.315s][info][gc,phases,start] GC(328) Adjust Roots
[204.316s][info][gc,phases      ] GC(328) Adjust Roots 0.164ms
[204.316s][info][gc,phases,start] GC(328) Compaction Phase
[204.899s][info][gc,phases      ] GC(328) Compaction Phase 583.773ms
[204.899s][info][gc,phases,start] GC(328) Post Compact
[204.913s][info][gc,phases      ] GC(328) Post Compact 13.695ms
[204.913s][info][gc,heap        ] GC(328) PSYoungGen: 117247K(619008K)->117247K(619008K) Eden: 117247K(117248K)->117247K(117248K) From: 0K(501760K)->0K(501760K)
[204.913s][info][gc,heap        ] GC(328) ParOldGen: 9284393K(9284608K)->9284393K(9284608K)
[204.913s][info][gc,metaspace   ] GC(328) Metaspace: 6301K(6464K)->6301K(6464K) NonClass: 5768K(5824K)->5768K(5824K) Class: 533K(640K)->533K(640K)
[204.913s][info][gc             ] GC(328) Pause Full (Ergonomics) 9181M->9181M(9671M) 2704.548ms
[204.913s][info][gc,cpu         ] GC(328) User=20.28s Sys=0.03s Real=2.70s
[204.913s][info][gc,start       ] GC(329) Pause Full (Ergonomics)
[204.913s][info][gc,phases,start] GC(329) Marking Phase
[207.001s][info][gc,phases      ] GC(329) Marking Phase 2087.908ms
[207.001s][info][gc,phases,start] GC(329) Summary Phase
[207.001s][info][gc,phases      ] GC(329) Summary Phase 0.088ms
[207.002s][info][gc,phases,start] GC(329) Adjust Roots
[207.002s][info][gc,phases      ] GC(329) Adjust Roots 0.164ms
[207.002s][info][gc,phases,start] GC(329) Compaction Phase
[207.582s][info][gc,phases      ] GC(329) Compaction Phase 579.967ms
[207.582s][info][gc,phases,start] GC(329) Post Compact
[207.595s][info][gc,phases      ] GC(329) Post Compact 13.535ms
[207.595s][info][gc,heap        ] GC(329) PSYoungGen: 117247K(619008K)->117247K(619008K) Eden: 117247K(117248K)->117247K(117248K) From: 0K(501760K)->0K(501760K)
[207.595s][info][gc,heap        ] GC(329) ParOldGen: 9284397K(9284608K)->9284397K(9284608K)
[207.595s][info][gc,metaspace   ] GC(329) Metaspace: 6301K(6464K)->6301K(6464K) NonClass: 5768K(5824K)->5768K(5824K) Class: 533K(640K)->533K(640K)
[207.595s][info][gc             ] GC(329) Pause Full (Ergonomics) 9181M->9181M(9671M) 2681.969ms
[207.595s][info][gc,cpu         ] GC(329) User=20.30s Sys=0.00s Real=2.68s
[207.596s][info][gc,start       ] GC(330) Pause Full (Ergonomics)
[207.596s][info][gc,phases,start] GC(330) Marking Phase
[209.718s][info][gc,phases      ] GC(330) Marking Phase 2122.403ms
[209.718s][info][gc,phases,start] GC(330) Summary Phase
[209.718s][info][gc,phases      ] GC(330) Summary Phase 0.088ms
[209.718s][info][gc,phases,start] GC(330) Adjust Roots
[209.718s][info][gc,phases      ] GC(330) Adjust Roots 0.164ms
[209.718s][info][gc,phases,start] GC(330) Compaction Phase
[210.297s][info][gc,phases      ] GC(330) Compaction Phase 578.890ms
[210.297s][info][gc,phases,start] GC(330) Post Compact
[210.311s][info][gc,phases      ] GC(330) Post Compact 13.560ms
[210.311s][info][gc,heap        ] GC(330) PSYoungGen: 117247K(619008K)->117247K(619008K) Eden: 117247K(117248K)->117247K(117248K) From: 0K(501760K)->0K(501760K)
[210.311s][info][gc,heap        ] GC(330) ParOldGen: 9284402K(9284608K)->9284402K(9284608K)
[210.311s][info][gc,metaspace   ] GC(330) Metaspace: 6301K(6464K)->6301K(6464K) NonClass: 5768K(5824K)->5768K(5824K) Class: 533K(640K)->533K(640K)
[210.311s][info][gc             ] GC(330) Pause Full (Ergonomics) 9181M->9181M(9671M) 2715.453ms
[210.311s][info][gc,cpu         ] GC(330) User=20.52s Sys=0.02s Real=2.72s
[210.311s][info][gc,start       ] GC(331) Pause Full (Ergonomics)
[210.311s][info][gc,phases,start] GC(331) Marking Phase
[212.423s][info][gc,phases      ] GC(331) Marking Phase 2111.391ms
[212.423s][info][gc,phases,start] GC(331) Summary Phase
[212.423s][info][gc,phases      ] GC(331) Summary Phase 0.136ms
[212.423s][info][gc,phases,start] GC(331) Adjust Roots
[212.423s][info][gc,phases      ] GC(331) Adjust Roots 0.205ms
[212.423s][info][gc,phases,start] GC(331) Compaction Phase
[213.004s][info][gc,phases      ] GC(331) Compaction Phase 580.696ms
[213.004s][info][gc,phases,start] GC(331) Post Compact
[213.018s][info][gc,phases      ] GC(331) Post Compact 13.664ms
[213.018s][info][gc,heap        ] GC(331) PSYoungGen: 117247K(619008K)->117247K(619008K) Eden: 117247K(117248K)->117247K(117248K) From: 0K(501760K)->0K(501760K)
[213.018s][info][gc,heap        ] GC(331) ParOldGen: 9284407K(9284608K)->9284407K(9284608K)
[213.018s][info][gc,metaspace   ] GC(331) Metaspace: 6301K(6464K)->6301K(6464K) NonClass: 5768K(5824K)->5768K(5824K) Class: 533K(640K)->533K(640K)
[213.018s][info][gc             ] GC(331) Pause Full (Ergonomics) 9181M->9181M(9671M) 2706.451ms
[213.018s][info][gc,cpu         ] GC(331) User=20.44s Sys=0.00s Real=2.71s
[213.018s][info][gc,start       ] GC(332) Pause Full (Ergonomics)
[213.018s][info][gc,phases,start] GC(332) Marking Phase
[215.151s][info][gc,phases      ] GC(332) Marking Phase 2132.972ms
[215.151s][info][gc,phases,start] GC(332) Summary Phase
[215.151s][info][gc,phases      ] GC(332) Summary Phase 0.134ms
[215.151s][info][gc,phases,start] GC(332) Adjust Roots
[215.151s][info][gc,phases      ] GC(332) Adjust Roots 0.216ms
[215.151s][info][gc,phases,start] GC(332) Compaction Phase
[215.732s][info][gc,phases      ] GC(332) Compaction Phase 580.985ms
[215.732s][info][gc,phases,start] GC(332) Post Compact
[215.747s][info][gc,phases      ] GC(332) Post Compact 14.189ms
[215.747s][info][gc,heap        ] GC(332) PSYoungGen: 117247K(619008K)->117247K(619008K) Eden: 117247K(117248K)->117247K(117248K) From: 0K(501760K)->0K(501760K)
[215.747s][info][gc,heap        ] GC(332) ParOldGen: 9284412K(9284608K)->9284412K(9284608K)
[215.747s][info][gc,metaspace   ] GC(332) Metaspace: 6301K(6464K)->6301K(6464K) NonClass: 5768K(5824K)->5768K(5824K) Class: 533K(640K)->533K(640K)
[215.747s][info][gc             ] GC(332) Pause Full (Ergonomics) 9181M->9181M(9671M) 2728.838ms
[215.747s][info][gc,cpu         ] GC(332) User=20.77s Sys=0.00s Real=2.73s
[215.747s][info][gc,start       ] GC(333) Pause Full (Ergonomics)
[215.747s][info][gc,phases,start] GC(333) Marking Phase
[217.847s][info][gc,phases      ] GC(333) Marking Phase 2099.686ms
[217.847s][info][gc,phases,start] GC(333) Summary Phase
[217.847s][info][gc,phases      ] GC(333) Summary Phase 0.087ms
[217.847s][info][gc,phases,start] GC(333) Adjust Roots
[217.847s][info][gc,phases      ] GC(333) Adjust Roots 0.161ms
[217.847s][info][gc,phases,start] GC(333) Compaction Phase
[218.422s][info][gc,phases      ] GC(333) Compaction Phase 575.418ms
[218.423s][info][gc,phases,start] GC(333) Post Compact
[218.436s][info][gc,phases      ] GC(333) Post Compact 13.570ms
[218.436s][info][gc,heap        ] GC(333) PSYoungGen: 117247K(619008K)->117247K(619008K) Eden: 117247K(117248K)->117247K(117248K) From: 0K(501760K)->0K(501760K)
[218.436s][info][gc,heap        ] GC(333) ParOldGen: 9284417K(9284608K)->9284417K(9284608K)
[218.436s][info][gc,metaspace   ] GC(333) Metaspace: 6301K(6464K)->6301K(6464K) NonClass: 5768K(5824K)->5768K(5824K) Class: 533K(640K)->533K(640K)
[218.436s][info][gc             ] GC(333) Pause Full (Ergonomics) 9181M->9181M(9671M) 2689.247ms
[218.436s][info][gc,cpu         ] GC(333) User=20.53s Sys=0.00s Real=2.69s
[218.436s][info][gc,start       ] GC(334) Pause Full (Ergonomics)
[218.436s][info][gc,phases,start] GC(334) Marking Phase
[220.556s][info][gc,phases      ] GC(334) Marking Phase 2119.176ms
[220.556s][info][gc,phases,start] GC(334) Summary Phase
[220.556s][info][gc,phases      ] GC(334) Summary Phase 0.094ms
[220.556s][info][gc,phases,start] GC(334) Adjust Roots
[220.556s][info][gc,phases      ] GC(334) Adjust Roots 0.174ms
[220.556s][info][gc,phases,start] GC(334) Compaction Phase
[221.134s][info][gc,phases      ] GC(334) Compaction Phase 578.355ms
[221.134s][info][gc,phases,start] GC(334) Post Compact
[221.148s][info][gc,phases      ] GC(334) Post Compact 13.439ms
[221.148s][info][gc,heap        ] GC(334) PSYoungGen: 117247K(619008K)->117247K(619008K) Eden: 117247K(117248K)->117247K(117248K) From: 0K(501760K)->0K(501760K)
[221.148s][info][gc,heap        ] GC(334) ParOldGen: 9284422K(9284608K)->9284422K(9284608K)
[221.148s][info][gc,metaspace   ] GC(334) Metaspace: 6301K(6464K)->6301K(6464K) NonClass: 5768K(5824K)->5768K(5824K) Class: 533K(640K)->533K(640K)
[221.148s][info][gc             ] GC(334) Pause Full (Ergonomics) 9181M->9181M(9671M) 2711.559ms
[221.148s][info][gc,cpu         ] GC(334) User=20.70s Sys=0.00s Real=2.71s
[221.148s][info][gc,start       ] GC(335) Pause Full (Ergonomics)
[221.148s][info][gc,phases,start] GC(335) Marking Phase
[223.259s][info][gc,phases      ] GC(335) Marking Phase 2110.264ms
[223.259s][info][gc,phases,start] GC(335) Summary Phase
[223.259s][info][gc,phases      ] GC(335) Summary Phase 0.086ms
[223.259s][info][gc,phases,start] GC(335) Adjust Roots
[223.259s][info][gc,phases      ] GC(335) Adjust Roots 0.166ms
[223.259s][info][gc,phases,start] GC(335) Compaction Phase
[223.853s][info][gc,phases      ] GC(335) Compaction Phase 594.110ms
[223.853s][info][gc,phases,start] GC(335) Post Compact
[223.867s][info][gc,phases      ] GC(335) Post Compact 13.653ms
[223.867s][info][gc,heap        ] GC(335) PSYoungGen: 117247K(619008K)->117247K(619008K) Eden: 117247K(117248K)->117247K(117248K) From: 0K(501760K)->0K(501760K)
[223.867s][info][gc,heap        ] GC(335) ParOldGen: 9284426K(9284608K)->9284426K(9284608K)
[223.867s][info][gc,metaspace   ] GC(335) Metaspace: 6301K(6464K)->6301K(6464K) NonClass: 5768K(5824K)->5768K(5824K) Class: 533K(640K)->533K(640K)
[223.867s][info][gc             ] GC(335) Pause Full (Ergonomics) 9181M->9181M(9671M) 2718.624ms
[223.867s][info][gc,cpu         ] GC(335) User=20.38s Sys=0.00s Real=2.72s
[223.867s][info][gc,start       ] GC(336) Pause Full (Ergonomics)
[223.867s][info][gc,phases,start] GC(336) Marking Phase
[225.996s][info][gc,phases      ] GC(336) Marking Phase 2128.539ms
[225.996s][info][gc,phases,start] GC(336) Summary Phase
[225.996s][info][gc,phases      ] GC(336) Summary Phase 0.088ms
[225.996s][info][gc,phases,start] GC(336) Adjust Roots
[225.996s][info][gc,phases      ] GC(336) Adjust Roots 0.166ms
[225.996s][info][gc,phases,start] GC(336) Compaction Phase
[226.569s][info][gc,phases      ] GC(336) Compaction Phase 573.274ms
[226.569s][info][gc,phases,start] GC(336) Post Compact
[226.583s][info][gc,phases      ] GC(336) Post Compact 13.573ms
[226.583s][info][gc,heap        ] GC(336) PSYoungGen: 117247K(619008K)->117247K(619008K) Eden: 117247K(117248K)->117247K(117248K) From: 0K(501760K)->0K(501760K)
[226.583s][info][gc,heap        ] GC(336) ParOldGen: 9284431K(9284608K)->9284431K(9284608K)
[226.583s][info][gc,metaspace   ] GC(336) Metaspace: 6301K(6464K)->6301K(6464K) NonClass: 5768K(5824K)->5768K(5824K) Class: 533K(640K)->533K(640K)
[226.583s][info][gc             ] GC(336) Pause Full (Ergonomics) 9181M->9181M(9671M) 2715.988ms
[226.583s][info][gc,cpu         ] GC(336) User=20.77s Sys=0.00s Real=2.72s
[226.583s][info][gc,start       ] GC(337) Pause Full (Ergonomics)
[226.583s][info][gc,phases,start] GC(337) Marking Phase
[228.700s][info][gc,phases      ] GC(337) Marking Phase 2117.123ms
[228.700s][info][gc,phases,start] GC(337) Summary Phase
[228.701s][info][gc,phases      ] GC(337) Summary Phase 0.093ms
[228.701s][info][gc,phases,start] GC(337) Adjust Roots
[228.701s][info][gc,phases      ] GC(337) Adjust Roots 0.202ms
[228.701s][info][gc,phases,start] GC(337) Compaction Phase
[229.278s][info][gc,phases      ] GC(337) Compaction Phase 576.736ms
[229.278s][info][gc,phases,start] GC(337) Post Compact
[229.291s][info][gc,phases      ] GC(337) Post Compact 13.506ms
[229.291s][info][gc,heap        ] GC(337) PSYoungGen: 117247K(619008K)->117247K(619008K) Eden: 117247K(117248K)->117247K(117248K) From: 0K(501760K)->0K(501760K)
[229.291s][info][gc,heap        ] GC(337) ParOldGen: 9284436K(9284608K)->9284436K(9284608K)
[229.291s][info][gc,metaspace   ] GC(337) Metaspace: 6301K(6464K)->6301K(6464K) NonClass: 5768K(5824K)->5768K(5824K) Class: 533K(640K)->533K(640K)
[229.291s][info][gc             ] GC(337) Pause Full (Ergonomics) 9181M->9181M(9671M) 2707.997ms
[229.291s][info][gc,cpu         ] GC(337) User=20.59s Sys=0.02s Real=2.71s
[229.292s][info][gc,start       ] GC(338) Pause Full (Ergonomics)
[229.292s][info][gc,phases,start] GC(338) Marking Phase
[231.378s][info][gc,phases      ] GC(338) Marking Phase 2085.940ms
[231.378s][info][gc,phases,start] GC(338) Summary Phase
[231.378s][info][gc,phases      ] GC(338) Summary Phase 0.087ms
[231.378s][info][gc,phases,start] GC(338) Adjust Roots
[231.378s][info][gc,phases      ] GC(338) Adjust Roots 0.171ms
[231.378s][info][gc,phases,start] GC(338) Compaction Phase
[231.961s][info][gc,phases      ] GC(338) Compaction Phase 583.072ms
[231.961s][info][gc,phases,start] GC(338) Post Compact
[231.974s][info][gc,phases      ] GC(338) Post Compact 13.404ms
[231.975s][info][gc,heap        ] GC(338) PSYoungGen: 117247K(619008K)->117247K(619008K) Eden: 117247K(117248K)->117247K(117248K) From: 0K(501760K)->0K(501760K)
[231.975s][info][gc,heap        ] GC(338) ParOldGen: 9284441K(9284608K)->9284441K(9284608K)
[231.975s][info][gc,metaspace   ] GC(338) Metaspace: 6301K(6464K)->6301K(6464K) NonClass: 5768K(5824K)->5768K(5824K) Class: 533K(640K)->533K(640K)
[231.975s][info][gc             ] GC(338) Pause Full (Ergonomics) 9181M->9181M(9671M) 2683.011ms
[231.975s][info][gc,cpu         ] GC(338) User=20.44s Sys=0.00s Real=2.68s
[231.975s][info][gc,start       ] GC(339) Pause Full (Ergonomics)
[231.975s][info][gc,phases,start] GC(339) Marking Phase
[234.088s][info][gc,phases      ] GC(339) Marking Phase 2112.776ms
[234.088s][info][gc,phases,start] GC(339) Summary Phase
[234.088s][info][gc,phases      ] GC(339) Summary Phase 0.094ms
[234.088s][info][gc,phases,start] GC(339) Adjust Roots
[234.088s][info][gc,phases      ] GC(339) Adjust Roots 0.174ms
[234.088s][info][gc,phases,start] GC(339) Compaction Phase
[234.674s][info][gc,phases      ] GC(339) Compaction Phase 585.778ms
[234.674s][info][gc,phases,start] GC(339) Post Compact
[234.687s][info][gc,phases      ] GC(339) Post Compact 13.560ms
[234.687s][info][gc,heap        ] GC(339) PSYoungGen: 117247K(619008K)->117247K(619008K) Eden: 117247K(117248K)->117247K(117248K) From: 0K(501760K)->0K(501760K)
[234.687s][info][gc,heap        ] GC(339) ParOldGen: 9284446K(9284608K)->9284446K(9284608K)
[234.688s][info][gc,metaspace   ] GC(339) Metaspace: 6301K(6464K)->6301K(6464K) NonClass: 5768K(5824K)->5768K(5824K) Class: 533K(640K)->533K(640K)
[234.688s][info][gc             ] GC(339) Pause Full (Ergonomics) 9181M->9181M(9671M) 2712.724ms
[234.688s][info][gc,cpu         ] GC(339) User=20.41s Sys=0.00s Real=2.71s
[234.688s][info][gc,start       ] GC(340) Pause Full (Ergonomics)
[234.688s][info][gc,phases,start] GC(340) Marking Phase
[236.792s][info][gc,phases      ] GC(340) Marking Phase 2104.101ms
[236.792s][info][gc,phases,start] GC(340) Summary Phase
[236.792s][info][gc,phases      ] GC(340) Summary Phase 0.088ms
[236.792s][info][gc,phases,start] GC(340) Adjust Roots
[236.792s][info][gc,phases      ] GC(340) Adjust Roots 0.158ms
[236.792s][info][gc,phases,start] GC(340) Compaction Phase
[237.373s][info][gc,phases      ] GC(340) Compaction Phase 580.954ms
[237.373s][info][gc,phases,start] GC(340) Post Compact
[237.387s][info][gc,phases      ] GC(340) Post Compact 13.534ms
[237.387s][info][gc,heap        ] GC(340) PSYoungGen: 117247K(619008K)->117247K(619008K) Eden: 117247K(117248K)->117247K(117248K) From: 0K(501760K)->0K(501760K)
[237.387s][info][gc,heap        ] GC(340) ParOldGen: 9284451K(9284608K)->9284451K(9284608K)
[237.387s][info][gc,metaspace   ] GC(340) Metaspace: 6301K(6464K)->6301K(6464K) NonClass: 5768K(5824K)->5768K(5824K) Class: 533K(640K)->533K(640K)
[237.387s][info][gc             ] GC(340) Pause Full (Ergonomics) 9181M->9181M(9671M) 2699.160ms
[237.387s][info][gc,cpu         ] GC(340) User=20.33s Sys=0.00s Real=2.70s
[237.387s][info][gc,start       ] GC(341) Pause Full (Ergonomics)
[237.387s][info][gc,phases,start] GC(341) Marking Phase
[239.492s][info][gc,phases      ] GC(341) Marking Phase 2104.995ms
[239.492s][info][gc,phases,start] GC(341) Summary Phase
[239.492s][info][gc,phases      ] GC(341) Summary Phase 0.090ms
[239.492s][info][gc,phases,start] GC(341) Adjust Roots
[239.493s][info][gc,phases      ] GC(341) Adjust Roots 0.190ms
[239.493s][info][gc,phases,start] GC(341) Compaction Phase
[240.068s][info][gc,phases      ] GC(341) Compaction Phase 574.968ms
[240.068s][info][gc,phases,start] GC(341) Post Compact
[240.081s][info][gc,phases      ] GC(341) Post Compact 13.588ms
[240.081s][info][gc,heap        ] GC(341) PSYoungGen: 117247K(619008K)->117247K(619008K) Eden: 117247K(117248K)->117247K(117248K) From: 0K(501760K)->0K(501760K)
[240.081s][info][gc,heap        ] GC(341) ParOldGen: 9284455K(9284608K)->9284455K(9284608K)
[240.081s][info][gc,metaspace   ] GC(341) Metaspace: 6301K(6464K)->6301K(6464K) NonClass: 5768K(5824K)->5768K(5824K) Class: 533K(640K)->533K(640K)
[240.081s][info][gc             ] GC(341) Pause Full (Ergonomics) 9181M->9181M(9671M) 2694.191ms
[240.081s][info][gc,cpu         ] GC(341) User=20.62s Sys=0.02s Real=2.69s
[240.082s][info][gc,start       ] GC(342) Pause Full (Ergonomics)
[240.082s][info][gc,phases,start] GC(342) Marking Phase
[242.208s][info][gc,phases      ] GC(342) Marking Phase 2126.435ms
[242.208s][info][gc,phases,start] GC(342) Summary Phase
[242.208s][info][gc,phases      ] GC(342) Summary Phase 0.092ms
[242.208s][info][gc,phases,start] GC(342) Adjust Roots
[242.208s][info][gc,phases      ] GC(342) Adjust Roots 0.173ms
[242.208s][info][gc,phases,start] GC(342) Compaction Phase
[242.790s][info][gc,phases      ] GC(342) Compaction Phase 582.002ms
[242.790s][info][gc,phases,start] GC(342) Post Compact
[242.804s][info][gc,phases      ] GC(342) Post Compact 13.429ms
[242.804s][info][gc,heap        ] GC(342) PSYoungGen: 117247K(619008K)->117247K(619008K) Eden: 117247K(117248K)->117247K(117248K) From: 0K(501760K)->0K(501760K)
[242.804s][info][gc,heap        ] GC(342) ParOldGen: 9284460K(9284608K)->9284460K(9284608K)
[242.804s][info][gc,metaspace   ] GC(342) Metaspace: 6301K(6464K)->6301K(6464K) NonClass: 5768K(5824K)->5768K(5824K) Class: 533K(640K)->533K(640K)
[242.804s][info][gc             ] GC(342) Pause Full (Ergonomics) 9181M->9181M(9671M) 2722.453ms
[242.804s][info][gc,cpu         ] GC(342) User=20.56s Sys=0.02s Real=2.72s
[242.804s][info][gc,start       ] GC(343) Pause Full (Ergonomics)
[242.804s][info][gc,phases,start] GC(343) Marking Phase
[244.901s][info][gc,phases      ] GC(343) Marking Phase 2097.012ms
[244.901s][info][gc,phases,start] GC(343) Summary Phase
[244.901s][info][gc,phases      ] GC(343) Summary Phase 0.094ms
[244.901s][info][gc,phases,start] GC(343) Adjust Roots
[244.902s][info][gc,phases      ] GC(343) Adjust Roots 0.215ms
[244.902s][info][gc,phases,start] GC(343) Compaction Phase
[245.477s][info][gc,phases      ] GC(343) Compaction Phase 575.629ms
[245.477s][info][gc,phases,start] GC(343) Post Compact
[245.491s][info][gc,phases      ] GC(343) Post Compact 13.620ms
[245.491s][info][gc,heap        ] GC(343) PSYoungGen: 117247K(619008K)->117247K(619008K) Eden: 117247K(117248K)->117247K(117248K) From: 0K(501760K)->0K(501760K)
[245.491s][info][gc,heap        ] GC(343) ParOldGen: 9284465K(9284608K)->9284465K(9284608K)
[245.491s][info][gc,metaspace   ] GC(343) Metaspace: 6301K(6464K)->6301K(6464K) NonClass: 5768K(5824K)->5768K(5824K) Class: 533K(640K)->533K(640K)
[245.491s][info][gc             ] GC(343) Pause Full (Ergonomics) 9181M->9181M(9671M) 2686.916ms
[245.491s][info][gc,cpu         ] GC(343) User=20.19s Sys=0.00s Real=2.69s
[245.491s][info][gc,start       ] GC(344) Pause Full (Ergonomics)
[245.491s][info][gc,phases,start] GC(344) Marking Phase
[247.586s][info][gc,phases      ] GC(344) Marking Phase 2094.285ms
[247.586s][info][gc,phases,start] GC(344) Summary Phase
[247.586s][info][gc,phases      ] GC(344) Summary Phase 0.088ms
[247.586s][info][gc,phases,start] GC(344) Adjust Roots
[247.586s][info][gc,phases      ] GC(344) Adjust Roots 0.170ms
[247.586s][info][gc,phases,start] GC(344) Compaction Phase
[248.164s][info][gc,phases      ] GC(344) Compaction Phase 578.223ms
[248.164s][info][gc,phases,start] GC(344) Post Compact
[248.178s][info][gc,phases      ] GC(344) Post Compact 13.409ms
[248.178s][info][gc,heap        ] GC(344) PSYoungGen: 117247K(619008K)->117247K(619008K) Eden: 117247K(117248K)->117247K(117248K) From: 0K(501760K)->0K(501760K)
[248.178s][info][gc,heap        ] GC(344) ParOldGen: 9284470K(9284608K)->9284470K(9284608K)
[248.178s][info][gc,metaspace   ] GC(344) Metaspace: 6301K(6464K)->6301K(6464K) NonClass: 5768K(5824K)->5768K(5824K) Class: 533K(640K)->533K(640K)
[248.178s][info][gc             ] GC(344) Pause Full (Ergonomics) 9181M->9181M(9671M) 2686.507ms
[248.178s][info][gc,cpu         ] GC(344) User=20.14s Sys=0.00s Real=2.69s
[248.178s][info][gc,start       ] GC(345) Pause Full (Ergonomics)
[248.178s][info][gc,phases,start] GC(345) Marking Phase
[250.274s][info][gc,phases      ] GC(345) Marking Phase 2095.686ms
[250.274s][info][gc,phases,start] GC(345) Summary Phase
[250.274s][info][gc,phases      ] GC(345) Summary Phase 0.087ms
[250.274s][info][gc,phases,start] GC(345) Adjust Roots
[250.274s][info][gc,phases      ] GC(345) Adjust Roots 0.159ms
[250.274s][info][gc,phases,start] GC(345) Compaction Phase
[250.852s][info][gc,phases      ] GC(345) Compaction Phase 578.350ms
[250.852s][info][gc,phases,start] GC(345) Post Compact
[250.866s][info][gc,phases      ] GC(345) Post Compact 13.639ms
[250.866s][info][gc,heap        ] GC(345) PSYoungGen: 117247K(619008K)->117247K(619008K) Eden: 117247K(117248K)->117247K(117248K) From: 0K(501760K)->0K(501760K)
[250.866s][info][gc,heap        ] GC(345) ParOldGen: 9284475K(9284608K)->9284475K(9284608K)
[250.866s][info][gc,metaspace   ] GC(345) Metaspace: 6301K(6464K)->6301K(6464K) NonClass: 5768K(5824K)->5768K(5824K) Class: 533K(640K)->533K(640K)
[250.866s][info][gc             ] GC(345) Pause Full (Ergonomics) 9181M->9181M(9671M) 2688.238ms
[250.866s][info][gc,cpu         ] GC(345) User=20.42s Sys=0.02s Real=2.69s
[250.866s][info][gc,start       ] GC(346) Pause Full (Ergonomics)
[250.866s][info][gc,phases,start] GC(346) Marking Phase
[252.949s][info][gc,phases      ] GC(346) Marking Phase 2082.302ms
[252.949s][info][gc,phases,start] GC(346) Summary Phase
[252.949s][info][gc,phases      ] GC(346) Summary Phase 0.087ms
[252.949s][info][gc,phases,start] GC(346) Adjust Roots
[252.949s][info][gc,phases      ] GC(346) Adjust Roots 0.160ms
[252.949s][info][gc,phases,start] GC(346) Compaction Phase
[253.529s][info][gc,phases      ] GC(346) Compaction Phase 580.083ms
[253.529s][info][gc,phases,start] GC(346) Post Compact
[253.543s][info][gc,phases      ] GC(346) Post Compact 13.546ms
[253.543s][info][gc,heap        ] GC(346) PSYoungGen: 117247K(619008K)->117247K(619008K) Eden: 117247K(117248K)->117247K(117248K) From: 0K(501760K)->0K(501760K)
[253.543s][info][gc,heap        ] GC(346) ParOldGen: 9284480K(9284608K)->9284480K(9284608K)
[253.543s][info][gc,metaspace   ] GC(346) Metaspace: 6301K(6464K)->6301K(6464K) NonClass: 5768K(5824K)->5768K(5824K) Class: 533K(640K)->533K(640K)
[253.543s][info][gc             ] GC(346) Pause Full (Ergonomics) 9181M->9181M(9671M) 2676.498ms
[253.543s][info][gc,cpu         ] GC(346) User=20.22s Sys=0.00s Real=2.68s
[253.543s][info][gc,start       ] GC(347) Pause Full (Ergonomics)
[253.543s][info][gc,phases,start] GC(347) Marking Phase
[255.687s][info][gc,phases      ] GC(347) Marking Phase 2143.788ms
[255.687s][info][gc,phases,start] GC(347) Summary Phase
[255.687s][info][gc,phases      ] GC(347) Summary Phase 0.095ms
[255.687s][info][gc,phases,start] GC(347) Adjust Roots
[255.687s][info][gc,phases      ] GC(347) Adjust Roots 0.164ms
[255.687s][info][gc,phases,start] GC(347) Compaction Phase
[256.265s][info][gc,phases      ] GC(347) Compaction Phase 577.563ms
[256.265s][info][gc,phases,start] GC(347) Post Compact
[256.279s][info][gc,phases      ] GC(347) Post Compact 13.614ms
[256.279s][info][gc,heap        ] GC(347) PSYoungGen: 117247K(619008K)->117247K(619008K) Eden: 117247K(117248K)->117247K(117248K) From: 0K(501760K)->0K(501760K)
[256.279s][info][gc,heap        ] GC(347) ParOldGen: 9284484K(9284608K)->9284484K(9284608K)
[256.279s][info][gc,metaspace   ] GC(347) Metaspace: 6301K(6464K)->6301K(6464K) NonClass: 5768K(5824K)->5768K(5824K) Class: 533K(640K)->533K(640K)
[256.279s][info][gc             ] GC(347) Pause Full (Ergonomics) 9181M->9181M(9671M) 2735.584ms
[256.279s][info][gc,cpu         ] GC(347) User=20.72s Sys=0.00s Real=2.73s
[256.279s][info][gc,start       ] GC(348) Pause Full (Ergonomics)
[256.279s][info][gc,phases,start] GC(348) Marking Phase
[258.386s][info][gc,phases      ] GC(348) Marking Phase 2107.520ms
[258.387s][info][gc,phases,start] GC(348) Summary Phase
[258.387s][info][gc,phases      ] GC(348) Summary Phase 0.087ms
[258.387s][info][gc,phases,start] GC(348) Adjust Roots
[258.387s][info][gc,phases      ] GC(348) Adjust Roots 0.160ms
[258.387s][info][gc,phases,start] GC(348) Compaction Phase
[258.968s][info][gc,phases      ] GC(348) Compaction Phase 581.388ms
[258.968s][info][gc,phases,start] GC(348) Post Compact
[258.982s][info][gc,phases      ] GC(348) Post Compact 13.957ms
[258.982s][info][gc,heap        ] GC(348) PSYoungGen: 117247K(619008K)->117247K(619008K) Eden: 117247K(117248K)->117247K(117248K) From: 0K(501760K)->0K(501760K)
[258.982s][info][gc,heap        ] GC(348) ParOldGen: 9284489K(9284608K)->9284489K(9284608K)
[258.982s][info][gc,metaspace   ] GC(348) Metaspace: 6301K(6464K)->6301K(6464K) NonClass: 5768K(5824K)->5768K(5824K) Class: 533K(640K)->533K(640K)
[258.982s][info][gc             ] GC(348) Pause Full (Ergonomics) 9181M->9181M(9671M) 2703.466ms
[258.982s][info][gc,cpu         ] GC(348) User=20.56s Sys=0.00s Real=2.70s
[258.983s][info][gc,start       ] GC(349) Pause Full (Ergonomics)
[258.983s][info][gc,phases,start] GC(349) Marking Phase
[261.128s][info][gc,phases      ] GC(349) Marking Phase 2145.091ms
[261.128s][info][gc,phases,start] GC(349) Summary Phase
[261.128s][info][gc,phases      ] GC(349) Summary Phase 0.088ms
[261.128s][info][gc,phases,start] GC(349) Adjust Roots
[261.128s][info][gc,phases      ] GC(349) Adjust Roots 0.167ms
[261.128s][info][gc,phases,start] GC(349) Compaction Phase
[261.716s][info][gc,phases      ] GC(349) Compaction Phase 588.368ms
[261.716s][info][gc,phases,start] GC(349) Post Compact
[261.730s][info][gc,phases      ] GC(349) Post Compact 13.522ms
[261.730s][info][gc,heap        ] GC(349) PSYoungGen: 117247K(619008K)->117247K(619008K) Eden: 117247K(117248K)->117247K(117248K) From: 0K(501760K)->0K(501760K)
[261.730s][info][gc,heap        ] GC(349) ParOldGen: 9284494K(9284608K)->9284494K(9284608K)
[261.730s][info][gc,metaspace   ] GC(349) Metaspace: 6301K(6464K)->6301K(6464K) NonClass: 5768K(5824K)->5768K(5824K) Class: 533K(640K)->533K(640K)
[261.730s][info][gc             ] GC(349) Pause Full (Ergonomics) 9181M->9181M(9671M) 2747.554ms
[261.730s][info][gc,cpu         ] GC(349) User=20.81s Sys=0.00s Real=2.75s
[261.730s][info][gc,start       ] GC(350) Pause Full (Ergonomics)
[261.730s][info][gc,phases,start] GC(350) Marking Phase
[263.845s][info][gc,phases      ] GC(350) Marking Phase 2114.867ms
[263.845s][info][gc,phases,start] GC(350) Summary Phase
[263.845s][info][gc,phases      ] GC(350) Summary Phase 0.088ms
[263.845s][info][gc,phases,start] GC(350) Adjust Roots
[263.846s][info][gc,phases      ] GC(350) Adjust Roots 0.161ms
[263.846s][info][gc,phases,start] GC(350) Compaction Phase
[264.431s][info][gc,phases      ] GC(350) Compaction Phase 585.354ms
[264.431s][info][gc,phases,start] GC(350) Post Compact
[264.445s][info][gc,phases      ] GC(350) Post Compact 13.598ms
[264.445s][info][gc,heap        ] GC(350) PSYoungGen: 117247K(619008K)->117247K(619008K) Eden: 117247K(117248K)->117247K(117248K) From: 0K(501760K)->0K(501760K)
[264.445s][info][gc,heap        ] GC(350) ParOldGen: 9284499K(9284608K)->9284499K(9284608K)
[264.445s][info][gc,metaspace   ] GC(350) Metaspace: 6301K(6464K)->6301K(6464K) NonClass: 5768K(5824K)->5768K(5824K) Class: 533K(640K)->533K(640K)
[264.445s][info][gc             ] GC(350) Pause Full (Ergonomics) 9181M->9181M(9671M) 2714.408ms
[264.445s][info][gc,cpu         ] GC(350) User=20.59s Sys=0.00s Real=2.71s
[264.445s][info][gc,start       ] GC(351) Pause Full (Ergonomics)
[264.445s][info][gc,phases,start] GC(351) Marking Phase
[266.531s][info][gc,phases      ] GC(351) Marking Phase 2086.228ms
[266.531s][info][gc,phases,start] GC(351) Summary Phase
[266.531s][info][gc,phases      ] GC(351) Summary Phase 0.088ms
[266.531s][info][gc,phases,start] GC(351) Adjust Roots
[266.532s][info][gc,phases      ] GC(351) Adjust Roots 0.160ms
[266.532s][info][gc,phases,start] GC(351) Compaction Phase
[267.121s][info][gc,phases      ] GC(351) Compaction Phase 588.940ms
[267.121s][info][gc,phases,start] GC(351) Post Compact
[267.134s][info][gc,phases      ] GC(351) Post Compact 13.367ms
[267.134s][info][gc,heap        ] GC(351) PSYoungGen: 117247K(619008K)->117247K(619008K) Eden: 117247K(117248K)->117247K(117248K) From: 0K(501760K)->0K(501760K)
[267.134s][info][gc,heap        ] GC(351) ParOldGen: 9284504K(9284608K)->9284504K(9284608K)
[267.134s][info][gc,metaspace   ] GC(351) Metaspace: 6301K(6464K)->6301K(6464K) NonClass: 5768K(5824K)->5768K(5824K) Class: 533K(640K)->533K(640K)
[267.134s][info][gc             ] GC(351) Pause Full (Ergonomics) 9181M->9181M(9671M) 2689.115ms
[267.134s][info][gc,cpu         ] GC(351) User=20.19s Sys=0.00s Real=2.69s
[267.134s][info][gc,start       ] GC(352) Pause Full (Ergonomics)
[267.134s][info][gc,phases,start] GC(352) Marking Phase
[269.231s][info][gc,phases      ] GC(352) Marking Phase 2097.058ms
[269.231s][info][gc,phases,start] GC(352) Summary Phase
[269.232s][info][gc,phases      ] GC(352) Summary Phase 0.088ms
[269.232s][info][gc,phases,start] GC(352) Adjust Roots
[269.232s][info][gc,phases      ] GC(352) Adjust Roots 0.170ms
[269.232s][info][gc,phases,start] GC(352) Compaction Phase
[269.836s][info][gc,phases      ] GC(352) Compaction Phase 604.375ms
[269.836s][info][gc,phases,start] GC(352) Post Compact
[269.850s][info][gc,phases      ] GC(352) Post Compact 13.528ms
[269.850s][info][gc,heap        ] GC(352) PSYoungGen: 117247K(619008K)->117247K(619008K) Eden: 117247K(117248K)->117247K(117248K) From: 0K(501760K)->0K(501760K)
[269.850s][info][gc,heap        ] GC(352) ParOldGen: 9284509K(9284608K)->9284509K(9284608K)
[269.850s][info][gc,metaspace   ] GC(352) Metaspace: 6301K(6464K)->6301K(6464K) NonClass: 5768K(5824K)->5768K(5824K) Class: 533K(640K)->533K(640K)
[269.850s][info][gc             ] GC(352) Pause Full (Ergonomics) 9181M->9181M(9671M) 2715.557ms
[269.850s][info][gc,cpu         ] GC(352) User=20.38s Sys=0.00s Real=2.72s
[269.850s][info][gc,start       ] GC(353) Pause Full (Ergonomics)
[269.850s][info][gc,phases,start] GC(353) Marking Phase
[271.958s][info][gc,phases      ] GC(353) Marking Phase 2108.216ms
[271.958s][info][gc,phases,start] GC(353) Summary Phase
[271.958s][info][gc,phases      ] GC(353) Summary Phase 0.088ms
[271.958s][info][gc,phases,start] GC(353) Adjust Roots
[271.959s][info][gc,phases      ] GC(353) Adjust Roots 0.163ms
[271.959s][info][gc,phases,start] GC(353) Compaction Phase
[272.558s][info][gc,phases      ] GC(353) Compaction Phase 599.351ms
[272.558s][info][gc,phases,start] GC(353) Post Compact
[272.572s][info][gc,phases      ] GC(353) Post Compact 13.553ms
[272.572s][info][gc,heap        ] GC(353) PSYoungGen: 117247K(619008K)->117247K(619008K) Eden: 117247K(117248K)->117247K(117248K) From: 0K(501760K)->0K(501760K)
[272.572s][info][gc,heap        ] GC(353) ParOldGen: 9284513K(9284608K)->9284513K(9284608K)
[272.572s][info][gc,metaspace   ] GC(353) Metaspace: 6301K(6464K)->6301K(6464K) NonClass: 5768K(5824K)->5768K(5824K) Class: 533K(640K)->533K(640K)
[272.572s][info][gc             ] GC(353) Pause Full (Ergonomics) 9181M->9181M(9671M) 2721.763ms
[272.572s][info][gc,cpu         ] GC(353) User=20.39s Sys=0.02s Real=2.72s
[272.572s][info][gc,start       ] GC(354) Pause Full (Ergonomics)
[272.572s][info][gc,phases,start] GC(354) Marking Phase
[274.682s][info][gc,phases      ] GC(354) Marking Phase 2109.591ms
[274.682s][info][gc,phases,start] GC(354) Summary Phase
[274.682s][info][gc,phases      ] GC(354) Summary Phase 0.098ms
[274.682s][info][gc,phases,start] GC(354) Adjust Roots
[274.682s][info][gc,phases      ] GC(354) Adjust Roots 0.216ms
[274.682s][info][gc,phases,start] GC(354) Compaction Phase
[275.261s][info][gc,phases      ] GC(354) Compaction Phase 579.239ms
[275.261s][info][gc,phases,start] GC(354) Post Compact
[275.276s][info][gc,phases      ] GC(354) Post Compact 14.151ms
[275.276s][info][gc,heap        ] GC(354) PSYoungGen: 117247K(619008K)->117247K(619008K) Eden: 117247K(117248K)->117247K(117248K) From: 0K(501760K)->0K(501760K)
[275.276s][info][gc,heap        ] GC(354) ParOldGen: 9284518K(9284608K)->9284518K(9284608K)
[275.276s][info][gc,metaspace   ] GC(354) Metaspace: 6301K(6464K)->6301K(6464K) NonClass: 5768K(5824K)->5768K(5824K) Class: 533K(640K)->533K(640K)
[275.276s][info][gc             ] GC(354) Pause Full (Ergonomics) 9181M->9181M(9671M) 2703.648ms
[275.276s][info][gc,cpu         ] GC(354) User=20.45s Sys=0.00s Real=2.70s
[275.276s][info][gc,start       ] GC(355) Pause Full (Ergonomics)
[275.276s][info][gc,phases,start] GC(355) Marking Phase
[277.370s][info][gc,phases      ] GC(355) Marking Phase 2094.160ms
[277.370s][info][gc,phases,start] GC(355) Summary Phase
[277.370s][info][gc,phases      ] GC(355) Summary Phase 0.091ms
[277.370s][info][gc,phases,start] GC(355) Adjust Roots
[277.370s][info][gc,phases      ] GC(355) Adjust Roots 0.181ms
[277.370s][info][gc,phases,start] GC(355) Compaction Phase
[277.947s][info][gc,phases      ] GC(355) Compaction Phase 576.145ms
[277.947s][info][gc,phases,start] GC(355) Post Compact
[277.960s][info][gc,phases      ] GC(355) Post Compact 13.522ms
[277.960s][info][gc,heap        ] GC(355) PSYoungGen: 117247K(619008K)->117247K(619008K) Eden: 117247K(117248K)->117247K(117248K) From: 0K(501760K)->0K(501760K)
[277.960s][info][gc,heap        ] GC(355) ParOldGen: 9284523K(9284608K)->9284523K(9284608K)
[277.960s][info][gc,metaspace   ] GC(355) Metaspace: 6301K(6464K)->6301K(6464K) NonClass: 5768K(5824K)->5768K(5824K) Class: 533K(640K)->533K(640K)
[277.960s][info][gc             ] GC(355) Pause Full (Ergonomics) 9181M->9181M(9671M) 2684.417ms
[277.960s][info][gc,cpu         ] GC(355) User=20.48s Sys=0.00s Real=2.68s
[277.960s][info][gc,start       ] GC(356) Pause Full (Ergonomics)
[277.961s][info][gc,phases,start] GC(356) Marking Phase
[280.083s][info][gc,phases      ] GC(356) Marking Phase 2122.841ms
[280.083s][info][gc,phases,start] GC(356) Summary Phase
[280.084s][info][gc,phases      ] GC(356) Summary Phase 0.087ms
[280.084s][info][gc,phases,start] GC(356) Adjust Roots
[280.084s][info][gc,phases      ] GC(356) Adjust Roots 0.192ms
[280.084s][info][gc,phases,start] GC(356) Compaction Phase
[280.671s][info][gc,phases      ] GC(356) Compaction Phase 586.822ms
[280.671s][info][gc,phases,start] GC(356) Post Compact
[280.684s][info][gc,phases      ] GC(356) Post Compact 13.548ms
[280.684s][info][gc,heap        ] GC(356) PSYoungGen: 117247K(619008K)->117247K(619008K) Eden: 117247K(117248K)->117247K(117248K) From: 0K(501760K)->0K(501760K)
[280.684s][info][gc,heap        ] GC(356) ParOldGen: 9284528K(9284608K)->9284528K(9284608K)
[280.684s][info][gc,metaspace   ] GC(356) Metaspace: 6301K(6464K)->6301K(6464K) NonClass: 5768K(5824K)->5768K(5824K) Class: 533K(640K)->533K(640K)
[280.684s][info][gc             ] GC(356) Pause Full (Ergonomics) 9181M->9181M(9671M) 2723.823ms
[280.684s][info][gc,cpu         ] GC(356) User=20.62s Sys=0.02s Real=2.72s
[280.685s][info][gc,start       ] GC(357) Pause Full (Ergonomics)
[280.685s][info][gc,phases,start] GC(357) Marking Phase
[282.794s][info][gc,phases      ] GC(357) Marking Phase 2109.854ms
[282.794s][info][gc,phases,start] GC(357) Summary Phase
[282.795s][info][gc,phases      ] GC(357) Summary Phase 0.086ms
[282.795s][info][gc,phases,start] GC(357) Adjust Roots
[282.795s][info][gc,phases      ] GC(357) Adjust Roots 0.190ms
[282.795s][info][gc,phases,start] GC(357) Compaction Phase
[283.377s][info][gc,phases      ] GC(357) Compaction Phase 582.383ms
[283.377s][info][gc,phases,start] GC(357) Post Compact
[283.391s][info][gc,phases      ] GC(357) Post Compact 13.499ms
[283.391s][info][gc,heap        ] GC(357) PSYoungGen: 117247K(619008K)->117247K(619008K) Eden: 117247K(117248K)->117247K(117248K) From: 0K(501760K)->0K(501760K)
[283.391s][info][gc,heap        ] GC(357) ParOldGen: 9284533K(9284608K)->9284533K(9284608K)
[283.391s][info][gc,metaspace   ] GC(357) Metaspace: 6301K(6464K)->6301K(6464K) NonClass: 5768K(5824K)->5768K(5824K) Class: 533K(640K)->533K(640K)
[283.391s][info][gc             ] GC(357) Pause Full (Ergonomics) 9181M->9181M(9671M) 2706.350ms
[283.391s][info][gc,cpu         ] GC(357) User=20.61s Sys=0.00s Real=2.71s
[283.391s][info][gc,start       ] GC(358) Pause Full (Ergonomics)
[283.391s][info][gc,phases,start] GC(358) Marking Phase
[285.521s][info][gc,phases      ] GC(358) Marking Phase 2130.375ms
[285.522s][info][gc,phases,start] GC(358) Summary Phase
[285.522s][info][gc,phases      ] GC(358) Summary Phase 0.087ms
[285.522s][info][gc,phases,start] GC(358) Adjust Roots
[285.522s][info][gc,phases      ] GC(358) Adjust Roots 0.167ms
[285.522s][info][gc,phases,start] GC(358) Compaction Phase
[286.109s][info][gc,phases      ] GC(358) Compaction Phase 587.087ms
[286.109s][info][gc,phases,start] GC(358) Post Compact
[286.123s][info][gc,phases      ] GC(358) Post Compact 13.560ms
[286.123s][info][gc,heap        ] GC(358) PSYoungGen: 117247K(619008K)->117247K(619008K) Eden: 117247K(117248K)->117247K(117248K) From: 0K(501760K)->0K(501760K)
[286.123s][info][gc,heap        ] GC(358) ParOldGen: 9284538K(9284608K)->9284538K(9284608K)
[286.123s][info][gc,metaspace   ] GC(358) Metaspace: 6301K(6464K)->6301K(6464K) NonClass: 5768K(5824K)->5768K(5824K) Class: 533K(640K)->533K(640K)
[286.123s][info][gc             ] GC(358) Pause Full (Ergonomics) 9181M->9181M(9671M) 2731.622ms
[286.123s][info][gc,cpu         ] GC(358) User=20.55s Sys=0.00s Real=2.73s
[286.123s][info][gc,start       ] GC(359) Pause Full (Ergonomics)
[286.123s][info][gc,phases,start] GC(359) Marking Phase
[288.244s][info][gc,phases      ] GC(359) Marking Phase 2120.628ms
[288.244s][info][gc,phases,start] GC(359) Summary Phase
[288.244s][info][gc,phases      ] GC(359) Summary Phase 0.088ms
[288.244s][info][gc,phases,start] GC(359) Adjust Roots
[288.244s][info][gc,phases      ] GC(359) Adjust Roots 0.163ms
[288.244s][info][gc,phases,start] GC(359) Compaction Phase
[288.854s][info][gc,phases      ] GC(359) Compaction Phase 610.182ms
[288.854s][info][gc,phases,start] GC(359) Post Compact
[288.867s][info][gc,phases      ] GC(359) Post Compact 13.341ms
[288.868s][info][gc,heap        ] GC(359) PSYoungGen: 117247K(619008K)->117247K(619008K) Eden: 117247K(117248K)->117247K(117248K) From: 0K(501760K)->0K(501760K)
[288.868s][info][gc,heap        ] GC(359) ParOldGen: 9284542K(9284608K)->9284542K(9284608K)
[288.868s][info][gc,metaspace   ] GC(359) Metaspace: 6301K(6464K)->6301K(6464K) NonClass: 5768K(5824K)->5768K(5824K) Class: 533K(640K)->533K(640K)
[288.868s][info][gc             ] GC(359) Pause Full (Ergonomics) 9181M->9181M(9671M) 2744.696ms
[288.868s][info][gc,cpu         ] GC(359) User=20.61s Sys=0.00s Real=2.74s
[288.868s][info][gc,start       ] GC(360) Pause Full (Ergonomics)
[288.868s][info][gc,phases,start] GC(360) Marking Phase
[290.995s][info][gc,phases      ] GC(360) Marking Phase 2127.232ms
[290.995s][info][gc,phases,start] GC(360) Summary Phase
[290.995s][info][gc,phases      ] GC(360) Summary Phase 0.105ms
[290.995s][info][gc,phases,start] GC(360) Adjust Roots
[290.995s][info][gc,phases      ] GC(360) Adjust Roots 0.205ms
[290.996s][info][gc,phases,start] GC(360) Compaction Phase
[291.579s][info][gc,phases      ] GC(360) Compaction Phase 583.257ms
[291.579s][info][gc,phases,start] GC(360) Post Compact
[291.592s][info][gc,phases      ] GC(360) Post Compact 13.514ms
[291.592s][info][gc,heap        ] GC(360) PSYoungGen: 117247K(619008K)->117247K(619008K) Eden: 117247K(117248K)->117247K(117248K) From: 0K(501760K)->0K(501760K)
[291.592s][info][gc,heap        ] GC(360) ParOldGen: 9284547K(9284608K)->9284547K(9284608K)
[291.592s][info][gc,metaspace   ] GC(360) Metaspace: 6301K(6464K)->6301K(6464K) NonClass: 5768K(5824K)->5768K(5824K) Class: 533K(640K)->533K(640K)
[291.592s][info][gc             ] GC(360) Pause Full (Ergonomics) 9181M->9181M(9671M) 2724.661ms
[291.592s][info][gc,cpu         ] GC(360) User=20.58s Sys=0.05s Real=2.73s
[291.593s][info][gc,start       ] GC(361) Pause Full (Ergonomics)
[291.593s][info][gc,phases,start] GC(361) Marking Phase
[293.721s][info][gc,phases      ] GC(361) Marking Phase 2128.160ms
[293.721s][info][gc,phases,start] GC(361) Summary Phase
[293.721s][info][gc,phases      ] GC(361) Summary Phase 0.091ms
[293.721s][info][gc,phases,start] GC(361) Adjust Roots
[293.721s][info][gc,phases      ] GC(361) Adjust Roots 0.172ms
[293.721s][info][gc,phases,start] GC(361) Compaction Phase
[294.298s][info][gc,phases      ] GC(361) Compaction Phase 576.295ms
[294.298s][info][gc,phases,start] GC(361) Post Compact
[294.311s][info][gc,phases      ] GC(361) Post Compact 13.733ms
[294.311s][info][gc,heap        ] GC(361) PSYoungGen: 117247K(619008K)->117247K(619008K) Eden: 117247K(117248K)->117247K(117248K) From: 0K(501760K)->0K(501760K)
[294.311s][info][gc,heap        ] GC(361) ParOldGen: 9284552K(9284608K)->9284552K(9284608K)
[294.311s][info][gc,metaspace   ] GC(361) Metaspace: 6301K(6464K)->6301K(6464K) NonClass: 5768K(5824K)->5768K(5824K) Class: 533K(640K)->533K(640K)
[294.312s][info][gc             ] GC(361) Pause Full (Ergonomics) 9181M->9181M(9671M) 2718.809ms
[294.312s][info][gc,cpu         ] GC(361) User=20.59s Sys=0.00s Real=2.72s
[294.312s][info][gc,start       ] GC(362) Pause Full (Ergonomics)
[294.312s][info][gc,phases,start] GC(362) Marking Phase
[296.417s][info][gc,phases      ] GC(362) Marking Phase 2105.610ms
[296.417s][info][gc,phases,start] GC(362) Summary Phase
[296.418s][info][gc,phases      ] GC(362) Summary Phase 0.092ms
[296.418s][info][gc,phases,start] GC(362) Adjust Roots
[296.418s][info][gc,phases      ] GC(362) Adjust Roots 0.204ms
[296.418s][info][gc,phases,start] GC(362) Compaction Phase
[297.004s][info][gc,phases      ] GC(362) Compaction Phase 586.261ms
[297.004s][info][gc,phases,start] GC(362) Post Compact
[297.018s][info][gc,phases      ] GC(362) Post Compact 13.480ms
[297.018s][info][gc,heap        ] GC(362) PSYoungGen: 117247K(619008K)->117247K(619008K) Eden: 117247K(117248K)->117247K(117248K) From: 0K(501760K)->0K(501760K)
[297.018s][info][gc,heap        ] GC(362) ParOldGen: 9284557K(9284608K)->9284557K(9284608K)
[297.018s][info][gc,metaspace   ] GC(362) Metaspace: 6301K(6464K)->6301K(6464K) NonClass: 5768K(5824K)->5768K(5824K) Class: 533K(640K)->533K(640K)
[297.018s][info][gc             ] GC(362) Pause Full (Ergonomics) 9181M->9181M(9671M) 2705.981ms
[297.018s][info][gc,cpu         ] GC(362) User=20.38s Sys=0.00s Real=2.71s
[297.018s][info][gc,start       ] GC(363) Pause Full (Ergonomics)
[297.018s][info][gc,phases,start] GC(363) Marking Phase
[299.101s][info][gc,phases      ] GC(363) Marking Phase 2083.508ms
[299.102s][info][gc,phases,start] GC(363) Summary Phase
[299.102s][info][gc,phases      ] GC(363) Summary Phase 0.088ms
[299.102s][info][gc,phases,start] GC(363) Adjust Roots
[299.102s][info][gc,phases      ] GC(363) Adjust Roots 0.162ms
[299.102s][info][gc,phases,start] GC(363) Compaction Phase
[299.679s][info][gc,phases      ] GC(363) Compaction Phase 576.802ms
[299.679s][info][gc,phases,start] GC(363) Post Compact
[299.693s][info][gc,phases      ] GC(363) Post Compact 13.962ms
[299.693s][info][gc,heap        ] GC(363) PSYoungGen: 117247K(619008K)->117247K(619008K) Eden: 117247K(117248K)->117247K(117248K) From: 0K(501760K)->0K(501760K)
[299.693s][info][gc,heap        ] GC(363) ParOldGen: 9284562K(9284608K)->9284562K(9284608K)
[299.693s][info][gc,metaspace   ] GC(363) Metaspace: 6301K(6464K)->6301K(6464K) NonClass: 5768K(5824K)->5768K(5824K) Class: 533K(640K)->533K(640K)
[299.693s][info][gc             ] GC(363) Pause Full (Ergonomics) 9181M->9181M(9671M) 2674.878ms
[299.693s][info][gc,cpu         ] GC(363) User=20.31s Sys=0.00s Real=2.67s
[299.693s][info][gc,start       ] GC(364) Pause Full (Ergonomics)
[299.693s][info][gc,phases,start] GC(364) Marking Phase
[301.805s][info][gc,phases      ] GC(364) Marking Phase 2112.146ms
[301.805s][info][gc,phases,start] GC(364) Summary Phase
[301.805s][info][gc,phases      ] GC(364) Summary Phase 0.087ms
[301.805s][info][gc,phases,start] GC(364) Adjust Roots
[301.806s][info][gc,phases      ] GC(364) Adjust Roots 0.169ms
[301.806s][info][gc,phases,start] GC(364) Compaction Phase
[302.385s][info][gc,phases      ] GC(364) Compaction Phase 579.055ms
[302.385s][info][gc,phases,start] GC(364) Post Compact
[302.398s][info][gc,phases      ] GC(364) Post Compact 13.667ms
[302.398s][info][gc,heap        ] GC(364) PSYoungGen: 117247K(619008K)->117247K(619008K) Eden: 117247K(117248K)->117247K(117248K) From: 0K(501760K)->0K(501760K)
[302.398s][info][gc,heap        ] GC(364) ParOldGen: 9284567K(9284608K)->9284567K(9284608K)
[302.399s][info][gc,metaspace   ] GC(364) Metaspace: 6301K(6464K)->6301K(6464K) NonClass: 5768K(5824K)->5768K(5824K) Class: 533K(640K)->533K(640K)
[302.399s][info][gc             ] GC(364) Pause Full (Ergonomics) 9181M->9181M(9671M) 2705.496ms
[302.399s][info][gc,cpu         ] GC(364) User=20.58s Sys=0.00s Real=2.71s
[302.399s][info][gc,start       ] GC(365) Pause Full (Ergonomics)
[302.399s][info][gc,phases,start] GC(365) Marking Phase
[304.510s][info][gc,phases      ] GC(365) Marking Phase 2110.887ms
[304.510s][info][gc,phases,start] GC(365) Summary Phase
[304.510s][info][gc,phases      ] GC(365) Summary Phase 0.088ms
[304.510s][info][gc,phases,start] GC(365) Adjust Roots
[304.510s][info][gc,phases      ] GC(365) Adjust Roots 0.166ms
[304.510s][info][gc,phases,start] GC(365) Compaction Phase
[305.120s][info][gc,phases      ] GC(365) Compaction Phase 610.429ms
[305.121s][info][gc,phases,start] GC(365) Post Compact
[305.134s][info][gc,phases      ] GC(365) Post Compact 13.395ms
[305.134s][info][gc,heap        ] GC(365) PSYoungGen: 117247K(619008K)->117247K(619008K) Eden: 117247K(117248K)->117247K(117248K) From: 0K(501760K)->0K(501760K)
[305.134s][info][gc,heap        ] GC(365) ParOldGen: 9284571K(9284608K)->9284571K(9284608K)
[305.134s][info][gc,metaspace   ] GC(365) Metaspace: 6301K(6464K)->6301K(6464K) NonClass: 5768K(5824K)->5768K(5824K) Class: 533K(640K)->533K(640K)
[305.134s][info][gc             ] GC(365) Pause Full (Ergonomics) 9181M->9181M(9671M) 2735.300ms
[305.134s][info][gc,cpu         ] GC(365) User=20.52s Sys=0.00s Real=2.74s
[305.134s][info][gc,start       ] GC(366) Pause Full (Ergonomics)
[305.134s][info][gc,phases,start] GC(366) Marking Phase
[307.243s][info][gc,phases      ] GC(366) Marking Phase 2108.583ms
[307.243s][info][gc,phases,start] GC(366) Summary Phase
[307.243s][info][gc,phases      ] GC(366) Summary Phase 0.108ms
[307.243s][info][gc,phases,start] GC(366) Adjust Roots
[307.243s][info][gc,phases      ] GC(366) Adjust Roots 0.179ms
[307.243s][info][gc,phases,start] GC(366) Compaction Phase
[307.850s][info][gc,phases      ] GC(366) Compaction Phase 606.815ms
[307.850s][info][gc,phases,start] GC(366) Post Compact
[307.864s][info][gc,phases      ] GC(366) Post Compact 13.611ms
[307.864s][info][gc,heap        ] GC(366) PSYoungGen: 117247K(619008K)->117247K(619008K) Eden: 117247K(117248K)->117247K(117248K) From: 0K(501760K)->0K(501760K)
[307.864s][info][gc,heap        ] GC(366) ParOldGen: 9284576K(9284608K)->9284576K(9284608K)
[307.864s][info][gc,metaspace   ] GC(366) Metaspace: 6301K(6464K)->6301K(6464K) NonClass: 5768K(5824K)->5768K(5824K) Class: 533K(640K)->533K(640K)
[307.864s][info][gc             ] GC(366) Pause Full (Ergonomics) 9181M->9181M(9671M) 2729.673ms
[307.864s][info][gc,cpu         ] GC(366) User=20.45s Sys=0.00s Real=2.73s
[307.864s][info][gc,start       ] GC(367) Pause Full (Ergonomics)
[307.864s][info][gc,phases,start] GC(367) Marking Phase
[310.001s][info][gc,phases      ] GC(367) Marking Phase 2137.195ms
[310.001s][info][gc,phases,start] GC(367) Summary Phase
[310.002s][info][gc,phases      ] GC(367) Summary Phase 0.094ms
[310.002s][info][gc,phases,start] GC(367) Adjust Roots
[310.002s][info][gc,phases      ] GC(367) Adjust Roots 0.164ms
[310.002s][info][gc,phases,start] GC(367) Compaction Phase
[310.581s][info][gc,phases      ] GC(367) Compaction Phase 579.452ms
[310.581s][info][gc,phases,start] GC(367) Post Compact
[310.595s][info][gc,phases      ] GC(367) Post Compact 13.644ms
[310.595s][info][gc,heap        ] GC(367) PSYoungGen: 117247K(619008K)->117247K(619008K) Eden: 117247K(117248K)->117247K(117248K) From: 0K(501760K)->0K(501760K)
[310.595s][info][gc,heap        ] GC(367) ParOldGen: 9284581K(9284608K)->9284581K(9284608K)
[310.595s][info][gc,metaspace   ] GC(367) Metaspace: 6301K(6464K)->6301K(6464K) NonClass: 5768K(5824K)->5768K(5824K) Class: 533K(640K)->533K(640K)
[310.595s][info][gc             ] GC(367) Pause Full (Ergonomics) 9181M->9181M(9671M) 2730.901ms
[310.595s][info][gc,cpu         ] GC(367) User=20.69s Sys=0.02s Real=2.73s
[310.595s][info][gc,start       ] GC(368) Pause Full (Ergonomics)
[310.595s][info][gc,phases,start] GC(368) Marking Phase
[312.707s][info][gc,phases      ] GC(368) Marking Phase 2111.288ms
[312.707s][info][gc,phases,start] GC(368) Summary Phase
[312.707s][info][gc,phases      ] GC(368) Summary Phase 0.088ms
[312.707s][info][gc,phases,start] GC(368) Adjust Roots
[312.707s][info][gc,phases      ] GC(368) Adjust Roots 0.162ms
[312.707s][info][gc,phases,start] GC(368) Compaction Phase
[313.298s][info][gc,phases      ] GC(368) Compaction Phase 591.289ms
[313.298s][info][gc,phases,start] GC(368) Post Compact
[313.312s][info][gc,phases      ] GC(368) Post Compact 13.330ms
[313.312s][info][gc,heap        ] GC(368) PSYoungGen: 117247K(619008K)->117247K(619008K) Eden: 117247K(117248K)->117247K(117248K) From: 0K(501760K)->0K(501760K)
[313.312s][info][gc,heap        ] GC(368) ParOldGen: 9284586K(9284608K)->9284586K(9284608K)
[313.312s][info][gc,metaspace   ] GC(368) Metaspace: 6301K(6464K)->6301K(6464K) NonClass: 5768K(5824K)->5768K(5824K) Class: 533K(640K)->533K(640K)
[313.312s][info][gc             ] GC(368) Pause Full (Ergonomics) 9181M->9181M(9671M) 2716.473ms
[313.312s][info][gc,cpu         ] GC(368) User=20.47s Sys=0.03s Real=2.72s
[313.312s][info][gc,start       ] GC(369) Pause Full (Ergonomics)
[313.312s][info][gc,phases,start] GC(369) Marking Phase
[315.409s][info][gc,phases      ] GC(369) Marking Phase 2096.619ms
[315.409s][info][gc,phases,start] GC(369) Summary Phase
[315.409s][info][gc,phases      ] GC(369) Summary Phase 0.086ms
[315.409s][info][gc,phases,start] GC(369) Adjust Roots
[315.409s][info][gc,phases      ] GC(369) Adjust Roots 0.163ms
[315.409s][info][gc,phases,start] GC(369) Compaction Phase
[316.010s][info][gc,phases      ] GC(369) Compaction Phase 601.002ms
[316.010s][info][gc,phases,start] GC(369) Post Compact
[316.024s][info][gc,phases      ] GC(369) Post Compact 14.085ms
[316.024s][info][gc,heap        ] GC(369) PSYoungGen: 117247K(619008K)->117247K(619008K) Eden: 117247K(117248K)->117247K(117248K) From: 0K(501760K)->0K(501760K)
[316.024s][info][gc,heap        ] GC(369) ParOldGen: 9284591K(9284608K)->9284591K(9284608K)
[316.024s][info][gc,metaspace   ] GC(369) Metaspace: 6301K(6464K)->6301K(6464K) NonClass: 5768K(5824K)->5768K(5824K) Class: 533K(640K)->533K(640K)
[316.024s][info][gc             ] GC(369) Pause Full (Ergonomics) 9181M->9181M(9671M) 2712.306ms
[316.024s][info][gc,cpu         ] GC(369) User=20.31s Sys=0.00s Real=2.71s
[316.024s][info][gc,start       ] GC(370) Pause Full (Ergonomics)
[316.024s][info][gc,phases,start] GC(370) Marking Phase
[318.142s][info][gc,phases      ] GC(370) Marking Phase 2117.777ms
[318.142s][info][gc,phases,start] GC(370) Summary Phase
[318.142s][info][gc,phases      ] GC(370) Summary Phase 0.098ms
[318.142s][info][gc,phases,start] GC(370) Adjust Roots
[318.143s][info][gc,phases      ] GC(370) Adjust Roots 0.270ms
[318.143s][info][gc,phases,start] GC(370) Compaction Phase
[318.722s][info][gc,phases      ] GC(370) Compaction Phase 579.667ms
[318.722s][info][gc,phases,start] GC(370) Post Compact
[318.739s][info][gc,phases      ] GC(370) Post Compact 16.471ms
[318.739s][info][gc,heap        ] GC(370) PSYoungGen: 117247K(619008K)->117247K(619008K) Eden: 117247K(117248K)->117247K(117248K) From: 0K(501760K)->0K(501760K)
[318.739s][info][gc,heap        ] GC(370) ParOldGen: 9284596K(9284608K)->9284596K(9284608K)
[318.739s][info][gc,metaspace   ] GC(370) Metaspace: 6301K(6464K)->6301K(6464K) NonClass: 5768K(5824K)->5768K(5824K) Class: 533K(640K)->533K(640K)
[318.739s][info][gc             ] GC(370) Pause Full (Ergonomics) 9181M->9181M(9671M) 2714.620ms
[318.739s][info][gc,cpu         ] GC(370) User=20.59s Sys=0.00s Real=2.71s
[318.739s][info][gc,start       ] GC(371) Pause Full (Ergonomics)
[318.739s][info][gc,phases,start] GC(371) Marking Phase
[320.836s][info][gc,phases      ] GC(371) Marking Phase 2096.486ms
[320.836s][info][gc,phases,start] GC(371) Summary Phase
[320.836s][info][gc,phases      ] GC(371) Summary Phase 0.111ms
[320.836s][info][gc,phases,start] GC(371) Adjust Roots
[320.836s][info][gc,phases      ] GC(371) Adjust Roots 0.267ms
[320.836s][info][gc,phases,start] GC(371) Compaction Phase
[321.420s][info][gc,phases      ] GC(371) Compaction Phase 584.185ms
[321.421s][info][gc,phases,start] GC(371) Post Compact
[321.436s][info][gc,phases      ] GC(371) Post Compact 15.506ms
[321.436s][info][gc,heap        ] GC(371) PSYoungGen: 117247K(619008K)->117247K(619008K) Eden: 117247K(117248K)->117247K(117248K) From: 0K(501760K)->0K(501760K)
[321.436s][info][gc,heap        ] GC(371) ParOldGen: 9284600K(9284608K)->9284600K(9284608K)
[321.436s][info][gc,metaspace   ] GC(371) Metaspace: 6301K(6464K)->6301K(6464K) NonClass: 5768K(5824K)->5768K(5824K) Class: 533K(640K)->533K(640K)
[321.436s][info][gc             ] GC(371) Pause Full (Ergonomics) 9181M->9181M(9671M) 2696.886ms
[321.436s][info][gc,cpu         ] GC(371) User=20.34s Sys=0.00s Real=2.70s
[321.436s][info][gc,start       ] GC(372) Pause Full (Ergonomics)
[321.436s][info][gc,phases,start] GC(372) Marking Phase
[323.526s][info][gc,phases      ] GC(372) Marking Phase 2090.049ms
[323.526s][info][gc,phases,start] GC(372) Summary Phase
[323.527s][info][gc,phases      ] GC(372) Summary Phase 0.215ms
[323.527s][info][gc,phases,start] GC(372) Adjust Roots
[323.527s][info][gc,phases      ] GC(372) Adjust Roots 0.304ms
[323.527s][info][gc,phases,start] GC(372) Compaction Phase
[324.137s][info][gc,phases      ] GC(372) Compaction Phase 609.584ms
[324.137s][info][gc,phases,start] GC(372) Post Compact
[324.150s][info][gc,phases      ] GC(372) Post Compact 13.699ms
[324.151s][info][gc,heap        ] GC(372) PSYoungGen: 117247K(619008K)->117247K(619008K) Eden: 117247K(117248K)->117247K(117248K) From: 0K(501760K)->0K(501760K)
[324.151s][info][gc,heap        ] GC(372) ParOldGen: 9284605K(9284608K)->9284605K(9284608K)
[324.151s][info][gc,metaspace   ] GC(372) Metaspace: 6301K(6464K)->6301K(6464K) NonClass: 5768K(5824K)->5768K(5824K) Class: 533K(640K)->533K(640K)
[324.151s][info][gc             ] GC(372) Pause Full (Ergonomics) 9181M->9181M(9671M) 2714.226ms
[324.151s][info][gc,cpu         ] GC(372) User=20.45s Sys=0.00s Real=2.71s
[324.151s][info][gc,start       ] GC(373) Pause Full (Ergonomics)
[324.151s][info][gc,phases,start] GC(373) Marking Phase
[326.234s][info][gc,phases      ] GC(373) Marking Phase 2082.955ms
[326.234s][info][gc,phases,start] GC(373) Summary Phase
[326.234s][info][gc,phases      ] GC(373) Summary Phase 0.151ms
[326.234s][info][gc,phases,start] GC(373) Adjust Roots
[326.234s][info][gc,phases      ] GC(373) Adjust Roots 0.288ms
[326.234s][info][gc,phases,start] GC(373) Compaction Phase
[326.836s][info][gc,phases      ] GC(373) Compaction Phase 602.046ms
[326.836s][info][gc,phases,start] GC(373) Post Compact
[326.855s][info][gc,phases      ] GC(373) Post Compact 18.081ms
[326.855s][info][gc,heap        ] GC(373) PSYoungGen: 117247K(619008K)->117247K(619008K) Eden: 117247K(117248K)->117247K(117248K) From: 0K(501760K)->0K(501760K)
[326.855s][info][gc,heap        ] GC(373) ParOldGen: 9284607K(9284608K)->9284607K(9284608K)
[326.855s][info][gc,metaspace   ] GC(373) Metaspace: 6301K(6464K)->6301K(6464K) NonClass: 5768K(5824K)->5768K(5824K) Class: 533K(640K)->533K(640K)
[326.855s][info][gc             ] GC(373) Pause Full (Ergonomics) 9181M->9181M(9671M) 2703.982ms
[326.855s][info][gc,cpu         ] GC(373) User=20.33s Sys=0.00s Real=2.70s
[326.855s][info][gc,start       ] GC(374) Pause Full (Allocation Failure)
[326.855s][info][gc,phases,start] GC(374) Marking Phase
[329.151s][info][gc,phases      ] GC(374) Marking Phase 2296.020ms
[329.151s][info][gc,phases,start] GC(374) Summary Phase
[329.151s][info][gc,phases      ] GC(374) Summary Phase 0.101ms
[329.151s][info][gc,phases,start] GC(374) Adjust Roots
[329.151s][info][gc,phases      ] GC(374) Adjust Roots 0.436ms
[329.151s][info][gc,phases,start] GC(374) Compaction Phase
[331.523s][info][gc,phases      ] GC(374) Compaction Phase 2371.532ms
[331.523s][info][gc,phases,start] GC(374) Post Compact
[331.546s][info][gc,phases      ] GC(374) Post Compact 22.573ms
[331.546s][info][gc,heap        ] GC(374) PSYoungGen: 117247K(619008K)->117247K(619008K) Eden: 117247K(117248K)->117247K(117248K) From: 0K(501760K)->0K(501760K)
[331.546s][info][gc,heap        ] GC(374) ParOldGen: 9284607K(9284608K)->9284603K(9284608K)
[331.546s][info][gc,metaspace   ] GC(374) Metaspace: 6301K(6464K)->6300K(6464K) NonClass: 5768K(5824K)->5767K(5824K) Class: 533K(640K)->532K(640K)
[331.546s][info][gc             ] GC(374) Pause Full (Allocation Failure) 9181M->9181M(9671M) 4690.994ms
[331.546s][info][gc,cpu         ] GC(374) User=33.06s Sys=0.05s Real=4.69s
[331.546s][info][gc,start       ] GC(375) Pause Full (Ergonomics)
[331.546s][info][gc,phases,start] GC(375) Marking Phase
[333.742s][info][gc,phases      ] GC(375) Marking Phase 2195.808ms
[333.742s][info][gc,phases,start] GC(375) Summary Phase
[333.742s][info][gc,phases      ] GC(375) Summary Phase 0.145ms
[333.742s][info][gc,phases,start] GC(375) Adjust Roots
[333.743s][info][gc,phases      ] GC(375) Adjust Roots 0.269ms
[333.743s][info][gc,phases,start] GC(375) Compaction Phase
[334.345s][info][gc,phases      ] GC(375) Compaction Phase 602.221ms
[334.345s][info][gc,phases,start] GC(375) Post Compact
[334.362s][info][gc,phases      ] GC(375) Post Compact 17.479ms
[334.362s][info][gc,heap        ] GC(375) PSYoungGen: 117247K(619008K)->117247K(619008K) Eden: 117247K(117248K)->117247K(117248K) From: 0K(501760K)->0K(501760K)
[334.362s][info][gc,heap        ] GC(375) ParOldGen: 9284606K(9284608K)->9284606K(9284608K)
[334.363s][info][gc,metaspace   ] GC(375) Metaspace: 6300K(6464K)->6300K(6464K) NonClass: 5767K(5824K)->5767K(5824K) Class: 532K(640K)->532K(640K)
[334.363s][info][gc             ] GC(375) Pause Full (Ergonomics) 9181M->9181M(9671M) 2816.301ms
[334.363s][info][gc,cpu         ] GC(375) User=19.88s Sys=0.03s Real=2.82s
[334.363s][info][gc,start       ] GC(376) Pause Full (Ergonomics)
[334.363s][info][gc,phases,start] GC(376) Marking Phase
[336.629s][info][gc,phases      ] GC(376) Marking Phase 2266.079ms
[336.629s][info][gc,phases,start] GC(376) Summary Phase
[336.629s][info][gc,phases      ] GC(376) Summary Phase 0.102ms
[336.629s][info][gc,phases,start] GC(376) Adjust Roots
[336.629s][info][gc,phases      ] GC(376) Adjust Roots 0.190ms
[336.629s][info][gc,phases,start] GC(376) Compaction Phase
[337.218s][info][gc,phases      ] GC(376) Compaction Phase 588.317ms
[337.218s][info][gc,phases,start] GC(376) Post Compact
[337.236s][info][gc,phases      ] GC(376) Post Compact 18.642ms
[337.237s][info][gc,heap        ] GC(376) PSYoungGen: 117247K(619008K)->117247K(619008K) Eden: 117247K(117248K)->117247K(117248K) From: 0K(501760K)->0K(501760K)
[337.237s][info][gc,heap        ] GC(376) ParOldGen: 9284607K(9284608K)->9284607K(9284608K)
[337.237s][info][gc,metaspace   ] GC(376) Metaspace: 6300K(6464K)->6300K(6464K) NonClass: 5767K(5824K)->5767K(5824K) Class: 532K(640K)->532K(640K)
[337.237s][info][gc             ] GC(376) Pause Full (Ergonomics) 9181M->9181M(9671M) 2873.698ms
[337.237s][info][gc,cpu         ] GC(376) User=19.80s Sys=0.02s Real=2.87s
[337.237s][info][gc,start       ] GC(377) Pause Full (Allocation Failure)
[337.237s][info][gc,phases,start] GC(377) Marking Phase
[339.342s][info][gc,phases      ] GC(377) Marking Phase 2105.383ms
[339.342s][info][gc,phases,start] GC(377) Summary Phase
[339.342s][info][gc,phases      ] GC(377) Summary Phase 0.089ms
[339.342s][info][gc,phases,start] GC(377) Adjust Roots
[339.342s][info][gc,phases      ] GC(377) Adjust Roots 0.164ms
[339.342s][info][gc,phases,start] GC(377) Compaction Phase
[339.958s][info][gc,phases      ] GC(377) Compaction Phase 615.763ms
[339.958s][info][gc,phases,start] GC(377) Post Compact
[339.975s][info][gc,phases      ] GC(377) Post Compact 16.621ms
[339.975s][info][gc,heap        ] GC(377) PSYoungGen: 117247K(619008K)->117247K(619008K) Eden: 117247K(117248K)->117247K(117248K) From: 0K(501760K)->0K(501760K)
[339.975s][info][gc,heap        ] GC(377) ParOldGen: 9284607K(9284608K)->9284607K(9284608K)
[339.975s][info][gc,metaspace   ] GC(377) Metaspace: 6300K(6464K)->6300K(6464K) NonClass: 5767K(5824K)->5767K(5824K) Class: 532K(640K)->532K(640K)
[339.975s][info][gc             ] GC(377) Pause Full (Allocation Failure) 9181M->9181M(9671M) 2738.369ms
[339.975s][info][gc,cpu         ] GC(377) User=20.45s Sys=0.00s Real=2.74s
[339.975s][info][gc,start       ] GC(378) Pause Full (Ergonomics)
[339.975s][info][gc,phases,start] GC(378) Marking Phase
[342.070s][info][gc,phases      ] GC(378) Marking Phase 2094.782ms
[342.070s][info][gc,phases,start] GC(378) Summary Phase
[342.070s][info][gc,phases      ] GC(378) Summary Phase 0.109ms
[342.070s][info][gc,phases,start] GC(378) Adjust Roots
[342.071s][info][gc,phases      ] GC(378) Adjust Roots 0.263ms
[342.071s][info][gc,phases,start] GC(378) Compaction Phase
[344.339s][info][gc,phases      ] GC(378) Compaction Phase 2268.518ms
[344.339s][info][gc,phases,start] GC(378) Post Compact
[344.360s][info][gc,phases      ] GC(378) Post Compact 20.387ms
[344.360s][info][gc,heap        ] GC(378) PSYoungGen: 117248K(619008K)->117248K(619008K) Eden: 117248K(117248K)->117248K(117248K) From: 0K(501760K)->0K(501760K)
[344.360s][info][gc,heap        ] GC(378) ParOldGen: 9284607K(9284608K)->9284606K(9284608K)
[344.360s][info][gc,metaspace   ] GC(378) Metaspace: 6300K(6464K)->6300K(6464K) NonClass: 5767K(5824K)->5767K(5824K) Class: 532K(640K)->532K(640K)
[344.360s][info][gc             ] GC(378) Pause Full (Ergonomics) 9181M->9181M(9671M) 4384.448ms
[344.360s][info][gc,cpu         ] GC(378) User=31.41s Sys=0.05s Real=4.38s
[344.361s][info][gc,start       ] GC(379) Pause Full (Ergonomics)
[344.361s][info][gc,phases,start] GC(379) Marking Phase
[346.503s][info][gc,phases      ] GC(379) Marking Phase 2141.564ms
[346.503s][info][gc,phases,start] GC(379) Summary Phase
[346.503s][info][gc,phases      ] GC(379) Summary Phase 0.091ms
[346.503s][info][gc,phases,start] GC(379) Adjust Roots
[346.503s][info][gc,phases      ] GC(379) Adjust Roots 0.370ms
[346.503s][info][gc,phases,start] GC(379) Compaction Phase
[348.859s][info][gc,phases      ] GC(379) Compaction Phase 2355.871ms
[348.859s][info][gc,phases,start] GC(379) Post Compact
[348.874s][info][gc,phases      ] GC(379) Post Compact 14.833ms
[348.874s][info][gc,heap        ] GC(379) PSYoungGen: 117248K(619008K)->117248K(619008K) Eden: 117248K(117248K)->117248K(117248K) From: 0K(501760K)->0K(501760K)
[348.874s][info][gc,heap        ] GC(379) ParOldGen: 9284607K(9284608K)->9284605K(9284608K)
[348.874s][info][gc,metaspace   ] GC(379) Metaspace: 6301K(6464K)->6301K(6464K) NonClass: 5767K(5824K)->5767K(5824K) Class: 533K(640K)->533K(640K)
[348.874s][info][gc             ] GC(379) Pause Full (Ergonomics) 9181M->9181M(9671M) 4513.163ms
[348.874s][info][gc,cpu         ] GC(379) User=33.55s Sys=0.03s Real=4.51s
[348.875s][info][gc,start       ] GC(380) Pause Full (Ergonomics)
[348.875s][info][gc,phases,start] GC(380) Marking Phase
[350.986s][info][gc,phases      ] GC(380) Marking Phase 2111.216ms
[350.986s][info][gc,phases,start] GC(380) Summary Phase
[350.986s][info][gc,phases      ] GC(380) Summary Phase 0.090ms
[350.986s][info][gc,phases,start] GC(380) Adjust Roots
[350.986s][info][gc,phases      ] GC(380) Adjust Roots 0.234ms
[350.986s][info][gc,phases,start] GC(380) Compaction Phase
[353.339s][info][gc,phases      ] GC(380) Compaction Phase 2352.753ms
[353.339s][info][gc,phases,start] GC(380) Post Compact
[353.355s][info][gc,phases      ] GC(380) Post Compact 15.643ms
[353.355s][info][gc,heap        ] GC(380) PSYoungGen: 117248K(619008K)->117248K(619008K) Eden: 117248K(117248K)->117248K(117248K) From: 0K(501760K)->0K(501760K)
[353.355s][info][gc,heap        ] GC(380) ParOldGen: 9284605K(9284608K)->9284605K(9284608K)
[353.355s][info][gc,metaspace   ] GC(380) Metaspace: 6304K(6528K)->6304K(6528K) NonClass: 5769K(5888K)->5769K(5888K) Class: 534K(640K)->534K(640K)
[353.355s][info][gc             ] GC(380) Pause Full (Ergonomics) 9181M->9181M(9671M) 4480.332ms
[353.355s][info][gc,cpu         ] GC(380) User=33.53s Sys=0.05s Real=4.48s
[353.355s][info][gc,heap,exit   ] Heap
[353.355s][info][gc,heap,exit   ]  PSYoungGen      total 619008K, used 117248K [0x00000006e4b00000, 0x0000000729d00000, 0x0000000800000000)
[353.355s][info][gc,heap,exit   ]   eden space 117248K, 100% used [0x00000006e4b00000,0x00000006ebd80000,0x00000006ebd80000)
[353.355s][info][gc,heap,exit   ]   from space 501760K, 0% used [0x000000070a780000,0x000000070a780000,0x0000000729180000)
[353.355s][info][gc,heap,exit   ]   to   space 501760K, 0% used [0x00000006ebd80000,0x00000006ebd80000,0x000000070a780000)
[353.355s][info][gc,heap,exit   ]  ParOldGen       total 9284608K, used 9284605K [0x00000004ae000000, 0x00000006e4b00000, 0x00000006e4b00000)
[353.355s][info][gc,heap,exit   ]   object space 9284608K, 99% used [0x00000004ae000000,0x00000006e4aff5b0,0x00000006e4b00000)
[353.355s][info][gc,heap,exit   ]  Metaspace       used 6304K, committed 6528K, reserved 1114112K
[353.355s][info][gc,heap,exit   ]   class space    used 534K, committed 640K, reserved 1048576K
