[0.012s][info][gc,init] CardTable entry size: 512
[0.013s][info][gc     ] Using Serial
[0.013s][info][gc,init] Version: 18.0.1+10 (release)
[0.013s][info][gc,init] CPUs: 8 total, 8 available
[0.013s][info][gc,init] Memory: 16063M
[0.013s][info][gc,init] Large Page Support: Disabled
[0.013s][info][gc,init] NUMA Support: Disabled
[0.013s][info][gc,init] Compressed Oops: Enabled (Zero based)
[0.013s][info][gc,init] Heap Min Capacity: 2M
[0.013s][info][gc,init] Heap Initial Capacity: 2M
[0.013s][info][gc,init] Heap Max Capacity: 4200M
[0.013s][info][gc,init] Pre-touch: Disabled
[0.013s][info][gc,metaspace] CDS archive(s) not mapped
[0.014s][info][gc,metaspace] Compressed class space mapped at: 0x0000000800000000-0x0000000840000000, reserved size: 1073741824
[0.014s][info][gc,metaspace] Narrow klass base: 0x0000000800000000, Narrow klass shift: 0, Narrow klass range: 0x40000000
[0.192s][info][gc,start    ] GC(0) Pause Young (Allocation Failure)
[0.194s][info][gc,heap     ] GC(0) DefNew: 1023K(1152K)->127K(1152K) Eden: 1023K(1024K)->0K(1024K) From: 0K(128K)->127K(128K)
[0.194s][info][gc,heap     ] GC(0) Tenured: 0K(768K)->439K(768K)
[0.194s][info][gc,metaspace] GC(0) Metaspace: 5898K(6016K)->5898K(6016K) NonClass: 5399K(5504K)->5399K(5504K) Class: 499K(512K)->499K(512K)
[0.194s][info][gc          ] GC(0) Pause Young (Allocation Failure) 0M->0M(1M) 1.937ms
[0.194s][info][gc,cpu      ] GC(0) User=0.00s Sys=0.00s Real=0.00s
[0.216s][info][gc,start    ] GC(1) Pause Young (Allocation Failure)
[0.217s][info][gc          ] GC(1) Pause Young (Allocation Failure) 1M->0M(2M) 1.229ms
[0.217s][info][gc,cpu      ] GC(1) User=0.00s Sys=0.00s Real=0.00s
[0.217s][info][gc,start    ] GC(2) Pause Full (Allocation Failure)
[0.217s][info][gc,phases,start] GC(2) Phase 1: Mark live objects
[0.218s][info][gc,phases      ] GC(2) Phase 1: Mark live objects 1.037ms
[0.218s][info][gc,phases,start] GC(2) Phase 2: Compute new object addresses
[0.219s][info][gc,phases      ] GC(2) Phase 2: Compute new object addresses 0.267ms
[0.219s][info][gc,phases,start] GC(2) Phase 3: Adjust pointers
[0.219s][info][gc,phases      ] GC(2) Phase 3: Adjust pointers 0.580ms
[0.219s][info][gc,phases,start] GC(2) Phase 4: Move objects
[0.219s][info][gc,phases      ] GC(2) Phase 4: Move objects 0.072ms
[0.219s][info][gc,heap        ] GC(2) DefNew: 1151K(1152K)->40K(1152K) Eden: 1024K(1024K)->40K(1024K) From: 127K(128K)->0K(128K)
[0.219s][info][gc,heap        ] GC(2) Tenured: 439K(768K)->959K(1600K)
[0.219s][info][gc,metaspace   ] GC(2) Metaspace: 6296K(6464K)->6296K(6464K) NonClass: 5762K(5824K)->5762K(5824K) Class: 533K(640K)->533K(640K)
[0.219s][info][gc             ] GC(2) Pause Full (Allocation Failure) 0M->0M(2M) 2.259ms
[0.219s][info][gc,cpu         ] GC(2) User=0.00s Sys=0.00s Real=0.00s
[0.221s][info][gc,start       ] GC(3) Pause Young (Allocation Failure)
[0.222s][info][gc,heap        ] GC(3) DefNew: 1024K(1152K)->128K(1152K) Eden: 1024K(1024K)->0K(1024K) From: 0K(128K)->128K(128K)
[0.222s][info][gc,heap        ] GC(3) Tenured: 959K(1600K)->1375K(1600K)
[0.222s][info][gc,metaspace   ] GC(3) Metaspace: 6296K(6464K)->6296K(6464K) NonClass: 5762K(5824K)->5762K(5824K) Class: 533K(640K)->533K(640K)
[0.222s][info][gc             ] GC(3) Pause Young (Allocation Failure) 1M->1M(2M) 1.647ms
[0.222s][info][gc,cpu         ] GC(3) User=0.00s Sys=0.00s Real=0.00s
[0.224s][info][gc,start       ] GC(4) Pause Young (Allocation Failure)
[0.225s][info][gc             ] GC(4) Pause Young (Allocation Failure) 2M->1M(3M) 1.309ms
[0.225s][info][gc,cpu         ] GC(4) User=0.00s Sys=0.00s Real=0.00s
[0.225s][info][gc,start       ] GC(5) Pause Full (Allocation Failure)
[0.225s][info][gc,phases,start] GC(5) Phase 1: Mark live objects
[0.227s][info][gc,phases      ] GC(5) Phase 1: Mark live objects 1.507ms
[0.227s][info][gc,phases,start] GC(5) Phase 2: Compute new object addresses
[0.227s][info][gc,phases      ] GC(5) Phase 2: Compute new object addresses 0.396ms
[0.227s][info][gc,phases,start] GC(5) Phase 3: Adjust pointers
[0.228s][info][gc,phases      ] GC(5) Phase 3: Adjust pointers 0.755ms
[0.228s][info][gc,phases,start] GC(5) Phase 4: Move objects
[0.228s][info][gc,phases      ] GC(5) Phase 4: Move objects 0.071ms
[0.228s][info][gc,heap        ] GC(5) DefNew: 1152K(1152K)->35K(1536K) Eden: 1024K(1024K)->35K(1408K) From: 128K(128K)->0K(128K)
[0.228s][info][gc,heap        ] GC(5) Tenured: 1375K(1600K)->1983K(3308K)
[0.228s][info][gc,metaspace   ] GC(5) Metaspace: 6296K(6464K)->6296K(6464K) NonClass: 5762K(5824K)->5762K(5824K) Class: 533K(640K)->533K(640K)
[0.229s][info][gc             ] GC(5) Pause Full (Allocation Failure) 1M->1M(4M) 3.099ms
[0.229s][info][gc,cpu         ] GC(5) User=0.00s Sys=0.00s Real=0.00s
[0.230s][info][gc,start       ] GC(6) Pause Young (Allocation Failure)
[0.232s][info][gc,heap        ] GC(6) DefNew: 1407K(1536K)->127K(1536K) Eden: 1407K(1408K)->0K(1408K) From: 0K(128K)->127K(128K)
[0.232s][info][gc,heap        ] GC(6) Tenured: 1983K(3308K)->2617K(3308K)
[0.232s][info][gc,metaspace   ] GC(6) Metaspace: 6296K(6464K)->6296K(6464K) NonClass: 5762K(5824K)->5762K(5824K) Class: 533K(640K)->533K(640K)
[0.232s][info][gc             ] GC(6) Pause Young (Allocation Failure) 3M->2M(4M) 1.941ms
[0.232s][info][gc,cpu         ] GC(6) User=0.00s Sys=0.00s Real=0.00s
[0.234s][info][gc,start       ] GC(7) Pause Young (Allocation Failure)
[0.236s][info][gc             ] GC(7) Pause Young (Allocation Failure) 4M->3M(4M) 2.071ms
[0.236s][info][gc,cpu         ] GC(7) User=0.00s Sys=0.00s Real=0.00s
[0.236s][info][gc,start       ] GC(8) Pause Full (Allocation Failure)
[0.236s][info][gc,phases,start] GC(8) Phase 1: Mark live objects
[0.239s][info][gc,phases      ] GC(8) Phase 1: Mark live objects 2.500ms
[0.239s][info][gc,phases,start] GC(8) Phase 2: Compute new object addresses
[0.240s][info][gc,phases      ] GC(8) Phase 2: Compute new object addresses 0.637ms
[0.240s][info][gc,phases,start] GC(8) Phase 3: Adjust pointers
[0.241s][info][gc,phases      ] GC(8) Phase 3: Adjust pointers 0.992ms
[0.241s][info][gc,phases,start] GC(8) Phase 4: Move objects
[0.241s][info][gc,phases      ] GC(8) Phase 4: Move objects 0.091ms
[0.241s][info][gc,heap        ] GC(8) DefNew: 1535K(1536K)->0K(2688K) Eden: 1408K(1408K)->0K(2432K) From: 127K(128K)->0K(256K)
[0.241s][info][gc,heap        ] GC(8) Tenured: 2617K(3308K)->3460K(5772K)
[0.241s][info][gc,metaspace   ] GC(8) Metaspace: 6296K(6464K)->6296K(6464K) NonClass: 5762K(5824K)->5762K(5824K) Class: 533K(640K)->533K(640K)
[0.241s][info][gc             ] GC(8) Pause Full (Allocation Failure) 3M->3M(8M) 4.560ms
[0.241s][info][gc,cpu         ] GC(8) User=0.00s Sys=0.00s Real=0.00s
[0.245s][info][gc,start       ] GC(9) Pause Young (Allocation Failure)
[0.248s][info][gc,heap        ] GC(9) DefNew: 2431K(2688K)->255K(2688K) Eden: 2431K(2432K)->0K(2432K) From: 0K(256K)->255K(256K)
[0.249s][info][gc,heap        ] GC(9) Tenured: 3460K(5772K)->4512K(5772K)
[0.249s][info][gc,metaspace   ] GC(9) Metaspace: 6296K(6464K)->6296K(6464K) NonClass: 5762K(5824K)->5762K(5824K) Class: 533K(640K)->533K(640K)
[0.249s][info][gc             ] GC(9) Pause Young (Allocation Failure) 5M->4M(8M) 3.188ms
[0.249s][info][gc,cpu         ] GC(9) User=0.00s Sys=0.00s Real=0.00s
[0.252s][info][gc,start       ] GC(10) Pause Young (Allocation Failure)
[0.255s][info][gc,heap        ] GC(10) DefNew: 2687K(2688K)->255K(2688K) Eden: 2432K(2432K)->0K(2432K) From: 255K(256K)->255K(256K)
[0.255s][info][gc,heap        ] GC(10) Tenured: 4512K(5772K)->5755K(5772K)
[0.255s][info][gc,metaspace   ] GC(10) Metaspace: 6296K(6464K)->6296K(6464K) NonClass: 5762K(5824K)->5762K(5824K) Class: 533K(640K)->533K(640K)
[0.256s][info][gc             ] GC(10) Pause Young (Allocation Failure) 7M->5M(8M) 3.500ms
[0.256s][info][gc,cpu         ] GC(10) User=0.00s Sys=0.00s Real=0.00s
[0.260s][info][gc,start       ] GC(11) Pause Young (Allocation Failure)
[0.263s][info][gc             ] GC(11) Pause Young (Allocation Failure) 8M->7M(9M) 3.286ms
[0.263s][info][gc,cpu         ] GC(11) User=0.00s Sys=0.00s Real=0.00s
[0.263s][info][gc,start       ] GC(12) Pause Full (Allocation Failure)
[0.263s][info][gc,phases,start] GC(12) Phase 1: Mark live objects
[0.267s][info][gc,phases      ] GC(12) Phase 1: Mark live objects 4.239ms
[0.267s][info][gc,phases,start] GC(12) Phase 2: Compute new object addresses
[0.268s][info][gc,phases      ] GC(12) Phase 2: Compute new object addresses 1.049ms
[0.268s][info][gc,phases,start] GC(12) Phase 3: Adjust pointers
[0.270s][info][gc,phases      ] GC(12) Phase 3: Adjust pointers 1.736ms
[0.270s][info][gc,phases,start] GC(12) Phase 4: Move objects
[0.272s][info][gc,phases      ] GC(12) Phase 4: Move objects 1.491ms
[0.272s][info][gc,heap        ] GC(12) DefNew: 2687K(2688K)->0K(5376K) Eden: 2432K(2432K)->0K(4800K) From: 255K(256K)->0K(576K)
[0.272s][info][gc,heap        ] GC(12) Tenured: 5755K(5772K)->7132K(11888K)
[0.272s][info][gc,metaspace   ] GC(12) Metaspace: 6296K(6464K)->6296K(6464K) NonClass: 5762K(5824K)->5762K(5824K) Class: 533K(640K)->533K(640K)
[0.272s][info][gc             ] GC(12) Pause Full (Allocation Failure) 7M->6M(16M) 9.086ms
[0.272s][info][gc,cpu         ] GC(12) User=0.00s Sys=0.00s Real=0.01s
[0.278s][info][gc,start       ] GC(13) Pause Young (Allocation Failure)
[0.283s][info][gc,heap        ] GC(13) DefNew: 4800K(5376K)->575K(5376K) Eden: 4800K(4800K)->0K(4800K) From: 0K(576K)->575K(576K)
[0.283s][info][gc,heap        ] GC(13) Tenured: 7132K(11888K)->9027K(11888K)
[0.283s][info][gc,metaspace   ] GC(13) Metaspace: 6296K(6464K)->6296K(6464K) NonClass: 5762K(5824K)->5762K(5824K) Class: 533K(640K)->533K(640K)
[0.283s][info][gc             ] GC(13) Pause Young (Allocation Failure) 11M->9M(16M) 5.404ms
[0.283s][info][gc,cpu         ] GC(13) User=0.00s Sys=0.00s Real=0.00s
[0.289s][info][gc,start       ] GC(14) Pause Young (Allocation Failure)
[0.295s][info][gc,heap        ] GC(14) DefNew: 5375K(5376K)->575K(5376K) Eden: 4800K(4800K)->0K(4800K) From: 575K(576K)->575K(576K)
[0.295s][info][gc,heap        ] GC(14) Tenured: 9027K(11888K)->11747K(11888K)
[0.295s][info][gc,metaspace   ] GC(14) Metaspace: 6296K(6464K)->6296K(6464K) NonClass: 5762K(5824K)->5762K(5824K) Class: 533K(640K)->533K(640K)
[0.295s][info][gc             ] GC(14) Pause Young (Allocation Failure) 14M->12M(16M) 6.222ms
[0.295s][info][gc,cpu         ] GC(14) User=0.00s Sys=0.00s Real=0.01s
[0.299s][info][gc,start       ] GC(15) Pause Young (Allocation Failure)
[0.304s][info][gc             ] GC(15) Pause Young (Allocation Failure) 16M->14M(19M) 5.480ms
[0.304s][info][gc,cpu         ] GC(15) User=0.00s Sys=0.00s Real=0.01s
[0.304s][info][gc,start       ] GC(16) Pause Full (Allocation Failure)
[0.304s][info][gc,phases,start] GC(16) Phase 1: Mark live objects
[0.311s][info][gc,phases      ] GC(16) Phase 1: Mark live objects 7.253ms
[0.312s][info][gc,phases,start] GC(16) Phase 2: Compute new object addresses
[0.314s][info][gc,phases      ] GC(16) Phase 2: Compute new object addresses 2.540ms
[0.314s][info][gc,phases,start] GC(16) Phase 3: Adjust pointers
[0.317s][info][gc,phases      ] GC(16) Phase 3: Adjust pointers 3.193ms
[0.317s][info][gc,phases,start] GC(16) Phase 4: Move objects
[0.318s][info][gc,phases      ] GC(16) Phase 4: Move objects 0.201ms
[0.318s][info][gc,heap        ] GC(16) DefNew: 5370K(5376K)->384K(10880K) Eden: 4794K(4800K)->384K(9728K) From: 575K(576K)->0K(1152K)
[0.318s][info][gc,heap        ] GC(16) Tenured: 11747K(11888K)->14384K(23976K)
[0.318s][info][gc,metaspace   ] GC(16) Metaspace: 6297K(6464K)->6297K(6464K) NonClass: 5764K(5824K)->5764K(5824K) Class: 533K(640K)->533K(640K)
[0.318s][info][gc             ] GC(16) Pause Full (Allocation Failure) 14M->14M(34M) 13.578ms
[0.318s][info][gc,cpu         ] GC(16) User=0.02s Sys=0.00s Real=0.01s
[0.326s][info][gc,start       ] GC(17) Pause Young (Allocation Failure)
[0.339s][info][gc,heap        ] GC(17) DefNew: 9728K(10880K)->1152K(10880K) Eden: 9728K(9728K)->0K(9728K) From: 0K(1152K)->1152K(1152K)
[0.340s][info][gc,heap        ] GC(17) Tenured: 14384K(23976K)->18414K(23976K)
[0.340s][info][gc,metaspace   ] GC(17) Metaspace: 6297K(6464K)->6297K(6464K) NonClass: 5764K(5824K)->5764K(5824K) Class: 533K(640K)->533K(640K)
[0.340s][info][gc             ] GC(17) Pause Young (Allocation Failure) 23M->19M(34M) 13.476ms
[0.340s][info][gc,cpu         ] GC(17) User=0.00s Sys=0.00s Real=0.01s
[0.347s][info][gc,start       ] GC(18) Pause Young (Allocation Failure)
[0.358s][info][gc,heap        ] GC(18) DefNew: 10880K(10880K)->1152K(10880K) Eden: 9728K(9728K)->0K(9728K) From: 1152K(1152K)->1152K(1152K)
[0.358s][info][gc,heap        ] GC(18) Tenured: 18414K(23976K)->23934K(23976K)
[0.358s][info][gc,metaspace   ] GC(18) Metaspace: 6297K(6464K)->6297K(6464K) NonClass: 5764K(5824K)->5764K(5824K) Class: 533K(640K)->533K(640K)
[0.358s][info][gc             ] GC(18) Pause Young (Allocation Failure) 28M->24M(34M) 11.528ms
[0.358s][info][gc,cpu         ] GC(18) User=0.00s Sys=0.00s Real=0.01s
[0.364s][info][gc,start       ] GC(19) Pause Young (Allocation Failure)
[0.376s][info][gc             ] GC(19) Pause Young (Allocation Failure) 33M->29M(38M) 12.026ms
[0.376s][info][gc,cpu         ] GC(19) User=0.00s Sys=0.00s Real=0.01s
[0.376s][info][gc,start       ] GC(20) Pause Full (Allocation Failure)
[0.376s][info][gc,phases,start] GC(20) Phase 1: Mark live objects
[0.391s][info][gc,phases      ] GC(20) Phase 1: Mark live objects 14.675ms
[0.391s][info][gc,phases,start] GC(20) Phase 2: Compute new object addresses
[0.396s][info][gc,phases      ] GC(20) Phase 2: Compute new object addresses 4.756ms
[0.396s][info][gc,phases,start] GC(20) Phase 3: Adjust pointers
[0.401s][info][gc,phases      ] GC(20) Phase 3: Adjust pointers 5.336ms
[0.401s][info][gc,phases,start] GC(20) Phase 4: Move objects
[0.401s][info][gc,phases      ] GC(20) Phase 4: Move objects 0.169ms
[0.401s][info][gc,heap        ] GC(20) DefNew: 10880K(10880K)->1078K(21888K) Eden: 9728K(9728K)->1078K(19520K) From: 1152K(1152K)->0K(2368K)
[0.401s][info][gc,heap        ] GC(20) Tenured: 23934K(23976K)->29035K(48396K)
[0.401s][info][gc,metaspace   ] GC(20) Metaspace: 6297K(6464K)->6297K(6464K) NonClass: 5764K(5824K)->5764K(5824K) Class: 533K(640K)->533K(640K)
[0.401s][info][gc             ] GC(20) Pause Full (Allocation Failure) 29M->29M(68M) 25.373ms
[0.401s][info][gc,cpu         ] GC(20) User=0.03s Sys=0.00s Real=0.02s
[0.417s][info][gc,start       ] GC(21) Pause Young (Allocation Failure)
[0.446s][info][gc,heap        ] GC(21) DefNew: 19520K(21888K)->2368K(21888K) Eden: 19520K(19520K)->0K(19520K) From: 0K(2368K)->2368K(2368K)
[0.446s][info][gc,heap        ] GC(21) Tenured: 29035K(48396K)->39347K(48396K)
[0.446s][info][gc,metaspace   ] GC(21) Metaspace: 6297K(6464K)->6297K(6464K) NonClass: 5764K(5824K)->5764K(5824K) Class: 533K(640K)->533K(640K)
[0.446s][info][gc             ] GC(21) Pause Young (Allocation Failure) 47M->40M(68M) 29.592ms
[0.446s][info][gc,cpu         ] GC(21) User=0.02s Sys=0.00s Real=0.03s
[0.468s][info][gc,start       ] GC(22) Pause Young (Allocation Failure)
[0.503s][info][gc             ] GC(22) Pause Young (Allocation Failure) 59M->59M(78M) 35.722ms
[0.503s][info][gc,cpu         ] GC(22) User=0.03s Sys=0.00s Real=0.04s
[0.503s][info][gc,start       ] GC(23) Pause Full (Allocation Failure)
[0.503s][info][gc,phases,start] GC(23) Phase 1: Mark live objects
[0.528s][info][gc,phases      ] GC(23) Phase 1: Mark live objects 25.103ms
[0.529s][info][gc,phases,start] GC(23) Phase 2: Compute new object addresses
[0.538s][info][gc,phases      ] GC(23) Phase 2: Compute new object addresses 9.553ms
[0.538s][info][gc,phases,start] GC(23) Phase 3: Adjust pointers
[0.549s][info][gc,phases      ] GC(23) Phase 3: Adjust pointers 10.791ms
[0.549s][info][gc,phases,start] GC(23) Phase 4: Move objects
[0.549s][info][gc,phases      ] GC(23) Phase 4: Move objects 0.348ms
[0.550s][info][gc,heap        ] GC(23) DefNew: 21888K(21888K)->2247K(44288K) Eden: 19520K(19520K)->2247K(39424K) From: 2368K(2368K)->0K(4864K)
[0.550s][info][gc,heap        ] GC(23) Tenured: 39347K(48396K)->58955K(98260K)
[0.550s][info][gc,metaspace   ] GC(23) Metaspace: 6297K(6464K)->6297K(6464K) NonClass: 5764K(5824K)->5764K(5824K) Class: 533K(640K)->533K(640K)
[0.550s][info][gc             ] GC(23) Pause Full (Allocation Failure) 59M->59M(139M) 46.481ms
[0.550s][info][gc,cpu         ] GC(23) User=0.05s Sys=0.00s Real=0.05s
[0.590s][info][gc,start       ] GC(24) Pause Young (Allocation Failure)
[0.652s][info][gc,heap        ] GC(24) DefNew: 39424K(44288K)->4863K(44288K) Eden: 39424K(39424K)->0K(39424K) From: 0K(4864K)->4863K(4864K)
[0.652s][info][gc,heap        ] GC(24) Tenured: 58955K(98260K)->93487K(98260K)
[0.652s][info][gc,metaspace   ] GC(24) Metaspace: 6297K(6464K)->6297K(6464K) NonClass: 5764K(5824K)->5764K(5824K) Class: 533K(640K)->533K(640K)
[0.652s][info][gc             ] GC(24) Pause Young (Allocation Failure) 96M->96M(139M) 61.533ms
[0.652s][info][gc,cpu         ] GC(24) User=0.03s Sys=0.02s Real=0.06s
[0.684s][info][gc,start       ] GC(25) Pause Young (Allocation Failure)
[0.755s][info][gc             ] GC(25) Pause Young (Allocation Failure) 134M->134M(173M) 70.827ms
[0.755s][info][gc,cpu         ] GC(25) User=0.06s Sys=0.00s Real=0.07s
[0.755s][info][gc,start       ] GC(26) Pause Full (Allocation Failure)
[0.755s][info][gc,phases,start] GC(26) Phase 1: Mark live objects
[0.811s][info][gc,phases      ] GC(26) Phase 1: Mark live objects 56.301ms
[0.811s][info][gc,phases,start] GC(26) Phase 2: Compute new object addresses
[0.833s][info][gc,phases      ] GC(26) Phase 2: Compute new object addresses 21.800ms
[0.833s][info][gc,phases,start] GC(26) Phase 3: Adjust pointers
[0.859s][info][gc,phases      ] GC(26) Phase 3: Adjust pointers 26.367ms
[0.860s][info][gc,phases,start] GC(26) Phase 4: Move objects
[0.885s][info][gc,phases      ] GC(26) Phase 4: Move objects 25.181ms
[0.885s][info][gc,heap        ] GC(26) DefNew: 44287K(44288K)->1011K(99712K) Eden: 39424K(39424K)->1011K(88640K) From: 4863K(4864K)->0K(11072K)
[0.885s][info][gc,heap        ] GC(26) Tenured: 93487K(98260K)->132888K(221480K)
[0.885s][info][gc,metaspace   ] GC(26) Metaspace: 6297K(6464K)->6297K(6464K) NonClass: 5764K(5824K)->5764K(5824K) Class: 533K(640K)->533K(640K)
[0.885s][info][gc             ] GC(26) Pause Full (Allocation Failure) 134M->130M(313M) 130.618ms
[0.885s][info][gc,cpu         ] GC(26) User=0.11s Sys=0.00s Real=0.13s
[0.979s][info][gc,start       ] GC(27) Pause Young (Allocation Failure)
[1.139s][info][gc,heap        ] GC(27) DefNew: 88640K(99712K)->11071K(99712K) Eden: 88640K(88640K)->0K(88640K) From: 0K(11072K)->11071K(11072K)
[1.139s][info][gc,heap        ] GC(27) Tenured: 132888K(221480K)->210429K(221480K)
[1.139s][info][gc,metaspace   ] GC(27) Metaspace: 6297K(6464K)->6297K(6464K) NonClass: 5764K(5824K)->5764K(5824K) Class: 533K(640K)->533K(640K)
[1.139s][info][gc             ] GC(27) Pause Young (Allocation Failure) 216M->216M(313M) 159.752ms
[1.139s][info][gc,cpu         ] GC(27) User=0.11s Sys=0.03s Real=0.16s
[1.219s][info][gc,start       ] GC(28) Pause Young (Allocation Failure)
[1.401s][info][gc             ] GC(28) Pause Young (Allocation Failure) 302M->302M(389M) 181.683ms
[1.401s][info][gc,cpu         ] GC(28) User=0.14s Sys=0.02s Real=0.18s
[1.401s][info][gc,start       ] GC(29) Pause Full (Allocation Failure)
[1.401s][info][gc,phases,start] GC(29) Phase 1: Mark live objects
[1.557s][info][gc,phases      ] GC(29) Phase 1: Mark live objects 156.090ms
[1.557s][info][gc,phases,start] GC(29) Phase 2: Compute new object addresses
[1.610s][info][gc,phases      ] GC(29) Phase 2: Compute new object addresses 52.256ms
[1.610s][info][gc,phases,start] GC(29) Phase 3: Adjust pointers
[1.668s][info][gc,phases      ] GC(29) Phase 3: Adjust pointers 58.298ms
[1.668s][info][gc,phases,start] GC(29) Phase 4: Move objects
[1.671s][info][gc,phases      ] GC(29) Phase 4: Move objects 2.551ms
[1.672s][info][gc,heap        ] GC(29) DefNew: 99711K(99712K)->11061K(224320K) Eden: 88640K(88640K)->11061K(199424K) From: 11071K(11072K)->0K(24896K)
[1.672s][info][gc,heap        ] GC(29) Tenured: 210429K(221480K)->299047K(498416K)
[1.672s][info][gc,metaspace   ] GC(29) Metaspace: 6297K(6464K)->6297K(6464K) NonClass: 5764K(5824K)->5764K(5824K) Class: 533K(640K)->533K(640K)
[1.672s][info][gc             ] GC(29) Pause Full (Allocation Failure) 302M->302M(705M) 270.543ms
[1.672s][info][gc,cpu         ] GC(29) User=0.25s Sys=0.00s Real=0.27s
[1.879s][info][gc,start       ] GC(30) Pause Young (Allocation Failure)
[2.220s][info][gc,heap        ] GC(30) DefNew: 199424K(224320K)->24895K(224320K) Eden: 199424K(199424K)->0K(199424K) From: 0K(24896K)->24895K(24896K)
[2.220s][info][gc,heap        ] GC(30) Tenured: 299047K(498416K)->473548K(498416K)
[2.220s][info][gc,metaspace   ] GC(30) Metaspace: 6297K(6464K)->6297K(6464K) NonClass: 5764K(5824K)->5764K(5824K) Class: 533K(640K)->533K(640K)
[2.220s][info][gc             ] GC(30) Pause Young (Allocation Failure) 486M->486M(705M) 341.205ms
[2.220s][info][gc,cpu         ] GC(30) User=0.25s Sys=0.06s Real=0.34s
[2.404s][info][gc,start       ] GC(31) Pause Young (Allocation Failure)
[2.797s][info][gc             ] GC(31) Pause Young (Allocation Failure) 681M->681M(876M) 393.272ms
[2.798s][info][gc,cpu         ] GC(31) User=0.28s Sys=0.09s Real=0.39s
[2.798s][info][gc,start       ] GC(32) Pause Full (Allocation Failure)
[2.798s][info][gc,phases,start] GC(32) Phase 1: Mark live objects
[3.127s][info][gc,phases      ] GC(32) Phase 1: Mark live objects 329.630ms
[3.127s][info][gc,phases,start] GC(32) Phase 2: Compute new object addresses
[3.234s][info][gc,phases      ] GC(32) Phase 2: Compute new object addresses 106.946ms
[3.234s][info][gc,phases,start] GC(32) Phase 3: Adjust pointers
[3.349s][info][gc,phases      ] GC(32) Phase 3: Adjust pointers 114.698ms
[3.349s][info][gc,phases,start] GC(32) Phase 4: Move objects
[3.354s][info][gc,phases      ] GC(32) Phase 4: Move objects 4.920ms
[3.356s][info][gc,heap        ] GC(32) DefNew: 224319K(224320K)->24827K(504832K) Eden: 199424K(199424K)->24827K(448768K) From: 24895K(24896K)->0K(56064K)
[3.356s][info][gc,heap        ] GC(32) Tenured: 473548K(498416K)->673011K(1121688K)
[3.356s][info][gc,metaspace   ] GC(32) Metaspace: 6297K(6464K)->6297K(6464K) NonClass: 5764K(5824K)->5764K(5824K) Class: 533K(640K)->533K(640K)
[3.356s][info][gc             ] GC(32) Pause Full (Allocation Failure) 681M->681M(1588M) 558.527ms
[3.356s][info][gc,cpu         ] GC(32) User=0.56s Sys=0.00s Real=0.56s
[3.832s][info][gc,start       ] GC(33) Pause Young (Allocation Failure)
[4.606s][info][gc,heap        ] GC(33) DefNew: 448768K(504832K)->56063K(504832K) Eden: 448768K(448768K)->0K(448768K) From: 0K(56064K)->56063K(56064K)
[4.606s][info][gc,heap        ] GC(33) Tenured: 673011K(1121688K)->1065689K(1121688K)
[4.606s][info][gc,metaspace   ] GC(33) Metaspace: 6297K(6464K)->6297K(6464K) NonClass: 5764K(5824K)->5764K(5824K) Class: 533K(640K)->533K(640K)
[4.606s][info][gc             ] GC(33) Pause Young (Allocation Failure) 1095M->1095M(1588M) 773.951ms
[4.606s][info][gc,cpu         ] GC(33) User=0.64s Sys=0.09s Real=0.77s
[5.074s][info][gc,start       ] GC(34) Pause Young (Allocation Failure)
[5.780s][info][gc             ] GC(34) Pause Young (Allocation Failure) 1533M->1480M(1918M) 705.963ms
[5.780s][info][gc,cpu         ] GC(34) User=0.59s Sys=0.09s Real=0.71s
[5.780s][info][gc,start       ] GC(35) Pause Full (Allocation Failure)
[5.780s][info][gc,phases,start] GC(35) Phase 1: Mark live objects
[6.422s][info][gc,phases      ] GC(35) Phase 1: Mark live objects 642.529ms
[6.422s][info][gc,phases,start] GC(35) Phase 2: Compute new object addresses
[6.635s][info][gc,phases      ] GC(35) Phase 2: Compute new object addresses 213.041ms
[6.635s][info][gc,phases,start] GC(35) Phase 3: Adjust pointers
[6.890s][info][gc,phases      ] GC(35) Phase 3: Adjust pointers 254.897ms
[6.890s][info][gc,phases,start] GC(35) Phase 4: Move objects
[6.901s][info][gc,phases      ] GC(35) Phase 4: Move objects 10.784ms
[6.905s][info][gc,heap        ] GC(35) DefNew: 504831K(504832K)->56034K(1095104K) Eden: 448768K(448768K)->56034K(973440K) From: 56063K(56064K)->0K(121664K)
[6.905s][info][gc,heap        ] GC(35) Tenured: 1065689K(1121688K)->1460059K(2433436K)
[6.905s][info][gc,metaspace   ] GC(35) Metaspace: 6297K(6464K)->6297K(6464K) NonClass: 5764K(5824K)->5764K(5824K) Class: 533K(640K)->533K(640K)
[6.905s][info][gc             ] GC(35) Pause Full (Allocation Failure) 1480M->1480M(3445M) 1125.707ms
[6.905s][info][gc,cpu         ] GC(35) User=1.12s Sys=0.00s Real=1.12s
[7.849s][info][gc,start       ] GC(36) Pause Young (Allocation Failure)
[9.539s][info][gc,heap        ] GC(36) DefNew: 973440K(1095104K)->121663K(1095104K) Eden: 973440K(973440K)->0K(973440K) From: 0K(121664K)->121663K(121664K)
[9.540s][info][gc,heap        ] GC(36) Tenured: 1460059K(2433436K)->2311804K(2433436K)
[9.540s][info][gc,metaspace   ] GC(36) Metaspace: 6297K(6464K)->6297K(6464K) NonClass: 5764K(5824K)->5764K(5824K) Class: 533K(640K)->533K(640K)
[9.540s][info][gc             ] GC(36) Pause Young (Allocation Failure) 2376M->2376M(3445M) 1690.549ms
[9.540s][info][gc,cpu         ] GC(36) User=1.47s Sys=0.20s Real=1.69s
[10.498s][info][gc,start       ] GC(37) Pause Young (Allocation Failure)
[10.498s][info][gc             ] GC(37) Pause Young (Allocation Failure) 3327M->3327M(3445M) 0.155ms
[10.498s][info][gc,cpu         ] GC(37) User=0.00s Sys=0.00s Real=0.00s
[10.498s][info][gc,start       ] GC(38) Pause Full (Allocation Failure)
[10.498s][info][gc,phases,start] GC(38) Phase 1: Mark live objects
[11.993s][info][gc,phases      ] GC(38) Phase 1: Mark live objects 1495.246ms
[11.993s][info][gc,phases,start] GC(38) Phase 2: Compute new object addresses
[12.444s][info][gc,phases      ] GC(38) Phase 2: Compute new object addresses 451.102ms
[12.444s][info][gc,phases,start] GC(38) Phase 3: Adjust pointers
[13.162s][info][gc,phases      ] GC(38) Phase 3: Adjust pointers 717.285ms
[13.162s][info][gc,phases,start] GC(38) Phase 4: Move objects
[13.786s][info][gc,phases      ] GC(38) Phase 4: Move objects 624.492ms
[13.788s][info][gc,heap        ] GC(38) DefNew: 1095103K(1095104K)->879232K(1290240K) Eden: 973440K(973440K)->879232K(1146880K) From: 121663K(121664K)->0K(143360K)
[13.788s][info][gc,heap        ] GC(38) Tenured: 2311804K(2433436K)->2433435K(2867200K)
[13.788s][info][gc,metaspace   ] GC(38) Metaspace: 6297K(6464K)->6297K(6464K) NonClass: 5764K(5824K)->5764K(5824K) Class: 533K(640K)->533K(640K)
[13.788s][info][gc             ] GC(38) Pause Full (Allocation Failure) 3327M->3235M(4060M) 3290.529ms
[13.788s][info][gc,cpu         ] GC(38) User=3.27s Sys=0.02s Real=3.29s
[15.958s][info][gc,start       ] GC(39) Pause Full (Allocation Failure)
[15.958s][info][gc,phases,start] GC(39) Phase 1: Mark live objects
[17.844s][info][gc,phases      ] GC(39) Phase 1: Mark live objects 1885.479ms
[17.844s][info][gc,phases,start] GC(39) Phase 2: Compute new object addresses
[18.407s][info][gc,phases      ] GC(39) Phase 2: Compute new object addresses 563.365ms
[18.407s][info][gc,phases,start] GC(39) Phase 3: Adjust pointers
[19.216s][info][gc,phases      ] GC(39) Phase 3: Adjust pointers 808.614ms
[19.216s][info][gc,phases,start] GC(39) Phase 4: Move objects
[19.275s][info][gc,phases      ] GC(39) Phase 4: Move objects 59.296ms
[19.276s][info][gc,heap        ] GC(39) DefNew: 1290239K(1290240K)->1290231K(1290240K) Eden: 1146880K(1146880K)->1146879K(1146880K) From: 143359K(143360K)->143351K(143360K)
[19.276s][info][gc,heap        ] GC(39) Tenured: 2867199K(2867200K)->2867199K(2867200K)
[19.276s][info][gc,metaspace   ] GC(39) Metaspace: 6297K(6464K)->6297K(6464K) NonClass: 5764K(5824K)->5764K(5824K) Class: 533K(640K)->533K(640K)
[19.276s][info][gc             ] GC(39) Pause Full (Allocation Failure) 4059M->4059M(4060M) 3318.127ms
[19.276s][info][gc,cpu         ] GC(39) User=3.28s Sys=0.00s Real=3.32s
[19.276s][info][gc,start       ] GC(40) Pause Full (Allocation Failure)
[19.276s][info][gc,phases,start] GC(40) Phase 1: Mark live objects
[21.139s][info][gc,phases      ] GC(40) Phase 1: Mark live objects 1863.018ms
[21.140s][info][gc,phases,start] GC(40) Phase 2: Compute new object addresses
[21.704s][info][gc,phases      ] GC(40) Phase 2: Compute new object addresses 564.280ms
[21.704s][info][gc,phases,start] GC(40) Phase 3: Adjust pointers
[22.478s][info][gc,phases      ] GC(40) Phase 3: Adjust pointers 774.453ms
[22.478s][info][gc,phases,start] GC(40) Phase 4: Move objects
[22.478s][info][gc,phases      ] GC(40) Phase 4: Move objects 0.017ms
[22.479s][info][gc,heap        ] GC(40) DefNew: 1290239K(1290240K)->1290239K(1290240K) Eden: 1146880K(1146880K)->1146880K(1146880K) From: 143359K(143360K)->143359K(143360K)
[22.479s][info][gc,heap        ] GC(40) Tenured: 2867199K(2867200K)->2867199K(2867200K)
[22.479s][info][gc,metaspace   ] GC(40) Metaspace: 6297K(6464K)->6297K(6464K) NonClass: 5764K(5824K)->5764K(5824K) Class: 533K(640K)->533K(640K)
[22.479s][info][gc             ] GC(40) Pause Full (Allocation Failure) 4059M->4059M(4060M) 3202.597ms
[22.479s][info][gc,cpu         ] GC(40) User=3.19s Sys=0.00s Real=3.20s
[22.479s][info][gc,start       ] GC(41) Pause Full (Allocation Failure)
[22.479s][info][gc,phases,start] GC(41) Phase 1: Mark live objects
[24.350s][info][gc,phases      ] GC(41) Phase 1: Mark live objects 1870.750ms
[24.350s][info][gc,phases,start] GC(41) Phase 2: Compute new object addresses
[24.911s][info][gc,phases      ] GC(41) Phase 2: Compute new object addresses 561.375ms
[24.911s][info][gc,phases,start] GC(41) Phase 3: Adjust pointers
[25.854s][info][gc,phases      ] GC(41) Phase 3: Adjust pointers 942.942ms
[25.854s][info][gc,phases,start] GC(41) Phase 4: Move objects
[26.517s][info][gc,phases      ] GC(41) Phase 4: Move objects 662.839ms
[26.518s][info][gc,heap        ] GC(41) DefNew: 1290239K(1290240K)->1290235K(1290240K) Eden: 1146880K(1146880K)->1146879K(1146880K) From: 143359K(143360K)->143355K(143360K)
[26.518s][info][gc,heap        ] GC(41) Tenured: 2867199K(2867200K)->2867200K(2867200K)
[26.518s][info][gc,metaspace   ] GC(41) Metaspace: 6297K(6464K)->6296K(6464K) NonClass: 5764K(5824K)->5763K(5824K) Class: 533K(640K)->532K(640K)
[26.518s][info][gc             ] GC(41) Pause Full (Allocation Failure) 4059M->4059M(4060M) 4039.131ms
[26.518s][info][gc,cpu         ] GC(41) User=4.03s Sys=0.00s Real=4.04s
[26.519s][info][gc,start       ] GC(42) Pause Full (Allocation Failure)
[26.519s][info][gc,phases,start] GC(42) Phase 1: Mark live objects
[28.414s][info][gc,phases      ] GC(42) Phase 1: Mark live objects 1894.802ms
[28.414s][info][gc,phases,start] GC(42) Phase 2: Compute new object addresses
[28.977s][info][gc,phases      ] GC(42) Phase 2: Compute new object addresses 562.958ms
[28.977s][info][gc,phases,start] GC(42) Phase 3: Adjust pointers
[29.763s][info][gc,phases      ] GC(42) Phase 3: Adjust pointers 785.965ms
[29.763s][info][gc,phases,start] GC(42) Phase 4: Move objects
[29.763s][info][gc,phases      ] GC(42) Phase 4: Move objects 0.017ms
[29.763s][info][gc,heap        ] GC(42) DefNew: 1290239K(1290240K)->1290239K(1290240K) Eden: 1146879K(1146880K)->1146879K(1146880K) From: 143359K(143360K)->143359K(143360K)
[29.763s][info][gc,heap        ] GC(42) Tenured: 2867200K(2867200K)->2867200K(2867200K)
[29.763s][info][gc,metaspace   ] GC(42) Metaspace: 6296K(6464K)->6296K(6464K) NonClass: 5763K(5824K)->5763K(5824K) Class: 532K(640K)->532K(640K)
[29.763s][info][gc             ] GC(42) Pause Full (Allocation Failure) 4059M->4059M(4060M) 3244.610ms
[29.763s][info][gc,cpu         ] GC(42) User=3.22s Sys=0.00s Real=3.25s
[29.763s][info][gc,start       ] GC(43) Pause Full (Allocation Failure)
[29.763s][info][gc,phases,start] GC(43) Phase 1: Mark live objects
[31.661s][info][gc,phases      ] GC(43) Phase 1: Mark live objects 1897.343ms
[31.661s][info][gc,phases,start] GC(43) Phase 2: Compute new object addresses
[32.223s][info][gc,phases      ] GC(43) Phase 2: Compute new object addresses 562.186ms
[32.223s][info][gc,phases,start] GC(43) Phase 3: Adjust pointers
[33.011s][info][gc,phases      ] GC(43) Phase 3: Adjust pointers 787.530ms
[33.011s][info][gc,phases,start] GC(43) Phase 4: Move objects
[33.011s][info][gc,phases      ] GC(43) Phase 4: Move objects 0.018ms
[33.011s][info][gc,heap        ] GC(43) DefNew: 1290239K(1290240K)->1290239K(1290240K) Eden: 1146879K(1146880K)->1146879K(1146880K) From: 143359K(143360K)->143359K(143360K)
[33.012s][info][gc,heap        ] GC(43) Tenured: 2867200K(2867200K)->2867200K(2867200K)
[33.012s][info][gc,metaspace   ] GC(43) Metaspace: 6296K(6464K)->6296K(6464K) NonClass: 5763K(5824K)->5763K(5824K) Class: 532K(640K)->532K(640K)
[33.012s][info][gc             ] GC(43) Pause Full (Allocation Failure) 4059M->4059M(4060M) 3248.131ms
[33.012s][info][gc,cpu         ] GC(43) User=3.22s Sys=0.00s Real=3.25s
[33.012s][info][gc,start       ] GC(44) Pause Full (Allocation Failure)
[33.012s][info][gc,phases,start] GC(44) Phase 1: Mark live objects
[34.901s][info][gc,phases      ] GC(44) Phase 1: Mark live objects 1888.648ms
[34.901s][info][gc,phases,start] GC(44) Phase 2: Compute new object addresses
[35.462s][info][gc,phases      ] GC(44) Phase 2: Compute new object addresses 561.489ms
[35.462s][info][gc,phases,start] GC(44) Phase 3: Adjust pointers
[36.248s][info][gc,phases      ] GC(44) Phase 3: Adjust pointers 785.401ms
[36.248s][info][gc,phases,start] GC(44) Phase 4: Move objects
[36.248s][info][gc,phases      ] GC(44) Phase 4: Move objects 0.015ms
[36.248s][info][gc,heap        ] GC(44) DefNew: 1290239K(1290240K)->1290239K(1290240K) Eden: 1146879K(1146880K)->1146879K(1146880K) From: 143359K(143360K)->143359K(143360K)
[36.248s][info][gc,heap        ] GC(44) Tenured: 2867200K(2867200K)->2867200K(2867200K)
[36.248s][info][gc,metaspace   ] GC(44) Metaspace: 6296K(6464K)->6296K(6464K) NonClass: 5763K(5824K)->5763K(5824K) Class: 532K(640K)->532K(640K)
[36.248s][info][gc             ] GC(44) Pause Full (Allocation Failure) 4059M->4059M(4060M) 3236.390ms
[36.248s][info][gc,cpu         ] GC(44) User=3.22s Sys=0.00s Real=3.24s
[36.248s][info][gc,start       ] GC(45) Pause Full (Allocation Failure)
[36.248s][info][gc,phases,start] GC(45) Phase 1: Mark live objects
[38.146s][info][gc,phases      ] GC(45) Phase 1: Mark live objects 1897.952ms
[38.146s][info][gc,phases,start] GC(45) Phase 2: Compute new object addresses
[38.713s][info][gc,phases      ] GC(45) Phase 2: Compute new object addresses 566.467ms
[38.713s][info][gc,phases,start] GC(45) Phase 3: Adjust pointers
[39.669s][info][gc,phases      ] GC(45) Phase 3: Adjust pointers 956.070ms
[39.669s][info][gc,phases,start] GC(45) Phase 4: Move objects
[40.329s][info][gc,phases      ] GC(45) Phase 4: Move objects 659.616ms
[40.330s][info][gc,heap        ] GC(45) DefNew: 1290239K(1290240K)->1290238K(1290240K) Eden: 1146879K(1146880K)->1146879K(1146880K) From: 143359K(143360K)->143358K(143360K)
[40.330s][info][gc,heap        ] GC(45) Tenured: 2867200K(2867200K)->2867199K(2867200K)
[40.330s][info][gc,metaspace   ] GC(45) Metaspace: 6296K(6464K)->6296K(6464K) NonClass: 5763K(5824K)->5763K(5824K) Class: 532K(640K)->532K(640K)
[40.330s][info][gc             ] GC(45) Pause Full (Allocation Failure) 4059M->4059M(4060M) 4081.311ms
[40.330s][info][gc,cpu         ] GC(45) User=4.05s Sys=0.00s Real=4.08s
[40.331s][info][gc,start       ] GC(46) Pause Full (Allocation Failure)
[40.331s][info][gc,phases,start] GC(46) Phase 1: Mark live objects
[42.206s][info][gc,phases      ] GC(46) Phase 1: Mark live objects 1874.698ms
[42.206s][info][gc,phases,start] GC(46) Phase 2: Compute new object addresses
[42.763s][info][gc,phases      ] GC(46) Phase 2: Compute new object addresses 557.616ms
[42.763s][info][gc,phases,start] GC(46) Phase 3: Adjust pointers
[43.709s][info][gc,phases      ] GC(46) Phase 3: Adjust pointers 946.014ms
[43.710s][info][gc,phases,start] GC(46) Phase 4: Move objects
[44.366s][info][gc,phases      ] GC(46) Phase 4: Move objects 656.885ms
[44.367s][info][gc,heap        ] GC(46) DefNew: 1290239K(1290240K)->1290237K(1290240K) Eden: 1146879K(1146880K)->1146879K(1146880K) From: 143359K(143360K)->143357K(143360K)
[44.367s][info][gc,heap        ] GC(46) Tenured: 2867199K(2867200K)->2867199K(2867200K)
[44.367s][info][gc,metaspace   ] GC(46) Metaspace: 6298K(6464K)->6298K(6464K) NonClass: 5764K(5824K)->5764K(5824K) Class: 533K(640K)->533K(640K)
[44.367s][info][gc             ] GC(46) Pause Full (Allocation Failure) 4059M->4059M(4060M) 4036.520ms
[44.367s][info][gc,cpu         ] GC(46) User=4.02s Sys=0.00s Real=4.04s
[44.368s][info][gc,heap,exit   ] Heap
[44.368s][info][gc,heap,exit   ]  def new generation   total 1290240K, used 1290238K [0x00000006f9800000, 0x0000000751000000, 0x0000000751000000)
[44.368s][info][gc,heap,exit   ]   eden space 1146880K,  99% used [0x00000006f9800000, 0x000000073f7ffff8, 0x000000073f800000)
[44.368s][info][gc,heap,exit   ]   from space 143360K,  99% used [0x000000073f800000, 0x00000007483ff820, 0x0000000748400000)
[44.368s][info][gc,heap,exit   ]   to   space 143360K,   0% used [0x0000000748400000, 0x0000000748400000, 0x0000000751000000)
[44.368s][info][gc,heap,exit   ]  tenured generation   total 2867200K, used 2867199K [0x0000000751000000, 0x0000000800000000, 0x0000000800000000)
[44.368s][info][gc,heap,exit   ]    the space 2867200K,  99% used [0x0000000751000000, 0x00000007ffffff80, 0x0000000800000000, 0x0000000800000000)
[44.368s][info][gc,heap,exit   ]  Metaspace       used 6301K, committed 6464K, reserved 1114112K
[44.368s][info][gc,heap,exit   ]   class space    used 534K, committed 640K, reserved 1048576K
