[0.010s][info][gc,init] CardTable entry size: 512
[0.010s][info][gc     ] Using Serial
[0.010s][info][gc,init] Version: 18.0.1+10 (release)
[0.010s][info][gc,init] CPUs: 8 total, 8 available
[0.010s][info][gc,init] Memory: 16063M
[0.010s][info][gc,init] Large Page Support: Disabled
[0.010s][info][gc,init] NUMA Support: Disabled
[0.010s][info][gc,init] Compressed Oops: Enabled (Zero based)
[0.010s][info][gc,init] Heap Min Capacity: 2M
[0.011s][info][gc,init] Heap Initial Capacity: 2M
[0.011s][info][gc,init] Heap Max Capacity: 10000M
[0.011s][info][gc,init] Pre-touch: Disabled
[0.011s][info][gc,metaspace] CDS archive(s) not mapped
[0.011s][info][gc,metaspace] Compressed class space mapped at: 0x0000000800000000-0x0000000840000000, reserved size: 1073741824
[0.011s][info][gc,metaspace] Narrow klass base: 0x0000000800000000, Narrow klass shift: 0, Narrow klass range: 0x40000000
[0.174s][info][gc,start    ] GC(0) Pause Young (Allocation Failure)
[0.175s][info][gc,heap     ] GC(0) DefNew: 1023K(1152K)->127K(1152K) Eden: 1023K(1024K)->0K(1024K) From: 0K(128K)->127K(128K)
[0.175s][info][gc,heap     ] GC(0) Tenured: 0K(768K)->439K(768K)
[0.175s][info][gc,metaspace] GC(0) Metaspace: 5899K(6016K)->5899K(6016K) NonClass: 5400K(5504K)->5400K(5504K) Class: 499K(512K)->499K(512K)
[0.175s][info][gc          ] GC(0) Pause Young (Allocation Failure) 0M->0M(1M) 1.562ms
[0.175s][info][gc,cpu      ] GC(0) User=0.00s Sys=0.00s Real=0.00s
[0.194s][info][gc,start    ] GC(1) Pause Young (Allocation Failure)
[0.195s][info][gc          ] GC(1) Pause Young (Allocation Failure) 1M->0M(2M) 1.355ms
[0.195s][info][gc,cpu      ] GC(1) User=0.00s Sys=0.00s Real=0.00s
[0.195s][info][gc,start    ] GC(2) Pause Full (Allocation Failure)
[0.195s][info][gc,phases,start] GC(2) Phase 1: Mark live objects
[0.196s][info][gc,phases      ] GC(2) Phase 1: Mark live objects 0.870ms
[0.196s][info][gc,phases,start] GC(2) Phase 2: Compute new object addresses
[0.196s][info][gc,phases      ] GC(2) Phase 2: Compute new object addresses 0.194ms
[0.197s][info][gc,phases,start] GC(2) Phase 3: Adjust pointers
[0.197s][info][gc,phases      ] GC(2) Phase 3: Adjust pointers 0.425ms
[0.197s][info][gc,phases,start] GC(2) Phase 4: Move objects
[0.197s][info][gc,phases      ] GC(2) Phase 4: Move objects 0.060ms
[0.197s][info][gc,heap        ] GC(2) DefNew: 1151K(1152K)->40K(1152K) Eden: 1024K(1024K)->40K(1024K) From: 127K(128K)->0K(128K)
[0.197s][info][gc,heap        ] GC(2) Tenured: 439K(768K)->959K(1600K)
[0.197s][info][gc,metaspace   ] GC(2) Metaspace: 6296K(6464K)->6296K(6464K) NonClass: 5763K(5824K)->5763K(5824K) Class: 533K(640K)->533K(640K)
[0.197s][info][gc             ] GC(2) Pause Full (Allocation Failure) 0M->0M(2M) 1.795ms
[0.197s][info][gc,cpu         ] GC(2) User=0.00s Sys=0.00s Real=0.00s
[0.198s][info][gc,start       ] GC(3) Pause Young (Allocation Failure)
[0.200s][info][gc,heap        ] GC(3) DefNew: 1024K(1152K)->128K(1152K) Eden: 1024K(1024K)->0K(1024K) From: 0K(128K)->128K(128K)
[0.200s][info][gc,heap        ] GC(3) Tenured: 959K(1600K)->1375K(1600K)
[0.200s][info][gc,metaspace   ] GC(3) Metaspace: 6296K(6464K)->6296K(6464K) NonClass: 5763K(5824K)->5763K(5824K) Class: 533K(640K)->533K(640K)
[0.200s][info][gc             ] GC(3) Pause Young (Allocation Failure) 1M->1M(2M) 1.246ms
[0.200s][info][gc,cpu         ] GC(3) User=0.00s Sys=0.00s Real=0.00s
[0.201s][info][gc,start       ] GC(4) Pause Young (Allocation Failure)
[0.203s][info][gc             ] GC(4) Pause Young (Allocation Failure) 2M->1M(3M) 1.338ms
[0.203s][info][gc,cpu         ] GC(4) User=0.00s Sys=0.00s Real=0.00s
[0.203s][info][gc,start       ] GC(5) Pause Full (Allocation Failure)
[0.203s][info][gc,phases,start] GC(5) Phase 1: Mark live objects
[0.204s][info][gc,phases      ] GC(5) Phase 1: Mark live objects 1.542ms
[0.204s][info][gc,phases,start] GC(5) Phase 2: Compute new object addresses
[0.205s][info][gc,phases      ] GC(5) Phase 2: Compute new object addresses 0.361ms
[0.205s][info][gc,phases,start] GC(5) Phase 3: Adjust pointers
[0.205s][info][gc,phases      ] GC(5) Phase 3: Adjust pointers 0.674ms
[0.206s][info][gc,phases,start] GC(5) Phase 4: Move objects
[0.206s][info][gc,phases      ] GC(5) Phase 4: Move objects 0.074ms
[0.206s][info][gc,heap        ] GC(5) DefNew: 1152K(1152K)->35K(1536K) Eden: 1024K(1024K)->35K(1408K) From: 128K(128K)->0K(128K)
[0.206s][info][gc,heap        ] GC(5) Tenured: 1375K(1600K)->1983K(3308K)
[0.206s][info][gc,metaspace   ] GC(5) Metaspace: 6296K(6464K)->6296K(6464K) NonClass: 5763K(5824K)->5763K(5824K) Class: 533K(640K)->533K(640K)
[0.206s][info][gc             ] GC(5) Pause Full (Allocation Failure) 1M->1M(4M) 3.010ms
[0.206s][info][gc,cpu         ] GC(5) User=0.00s Sys=0.00s Real=0.00s
[0.207s][info][gc,start       ] GC(6) Pause Young (Allocation Failure)
[0.209s][info][gc,heap        ] GC(6) DefNew: 1407K(1536K)->127K(1536K) Eden: 1407K(1408K)->0K(1408K) From: 0K(128K)->127K(128K)
[0.209s][info][gc,heap        ] GC(6) Tenured: 1983K(3308K)->2617K(3308K)
[0.209s][info][gc,metaspace   ] GC(6) Metaspace: 6296K(6464K)->6296K(6464K) NonClass: 5763K(5824K)->5763K(5824K) Class: 533K(640K)->533K(640K)
[0.209s][info][gc             ] GC(6) Pause Young (Allocation Failure) 3M->2M(4M) 1.899ms
[0.209s][info][gc,cpu         ] GC(6) User=0.00s Sys=0.00s Real=0.00s
[0.211s][info][gc,start       ] GC(7) Pause Young (Allocation Failure)
[0.213s][info][gc             ] GC(7) Pause Young (Allocation Failure) 4M->3M(4M) 1.449ms
[0.213s][info][gc,cpu         ] GC(7) User=0.00s Sys=0.00s Real=0.00s
[0.213s][info][gc,start       ] GC(8) Pause Full (Allocation Failure)
[0.213s][info][gc,phases,start] GC(8) Phase 1: Mark live objects
[0.215s][info][gc,phases      ] GC(8) Phase 1: Mark live objects 1.965ms
[0.215s][info][gc,phases,start] GC(8) Phase 2: Compute new object addresses
[0.215s][info][gc,phases      ] GC(8) Phase 2: Compute new object addresses 0.751ms
[0.215s][info][gc,phases,start] GC(8) Phase 3: Adjust pointers
[0.216s][info][gc,phases      ] GC(8) Phase 3: Adjust pointers 1.007ms
[0.217s][info][gc,phases,start] GC(8) Phase 4: Move objects
[0.217s][info][gc,phases      ] GC(8) Phase 4: Move objects 0.074ms
[0.217s][info][gc,heap        ] GC(8) DefNew: 1535K(1536K)->0K(2688K) Eden: 1408K(1408K)->0K(2432K) From: 127K(128K)->0K(256K)
[0.217s][info][gc,heap        ] GC(8) Tenured: 2617K(3308K)->3460K(5768K)
[0.217s][info][gc,metaspace   ] GC(8) Metaspace: 6296K(6464K)->6296K(6464K) NonClass: 5763K(5824K)->5763K(5824K) Class: 533K(640K)->533K(640K)
[0.217s][info][gc             ] GC(8) Pause Full (Allocation Failure) 3M->3M(8M) 4.169ms
[0.217s][info][gc,cpu         ] GC(8) User=0.00s Sys=0.00s Real=0.00s
[0.221s][info][gc,start       ] GC(9) Pause Young (Allocation Failure)
[0.223s][info][gc,heap        ] GC(9) DefNew: 2431K(2688K)->256K(2688K) Eden: 2431K(2432K)->0K(2432K) From: 0K(256K)->256K(256K)
[0.224s][info][gc,heap        ] GC(9) Tenured: 3460K(5768K)->4512K(5768K)
[0.224s][info][gc,metaspace   ] GC(9) Metaspace: 6296K(6464K)->6296K(6464K) NonClass: 5763K(5824K)->5763K(5824K) Class: 533K(640K)->533K(640K)
[0.224s][info][gc             ] GC(9) Pause Young (Allocation Failure) 5M->4M(8M) 2.756ms
[0.224s][info][gc,cpu         ] GC(9) User=0.00s Sys=0.00s Real=0.00s
[0.226s][info][gc,start       ] GC(10) Pause Young (Allocation Failure)
[0.230s][info][gc,heap        ] GC(10) DefNew: 2688K(2688K)->255K(2688K) Eden: 2432K(2432K)->0K(2432K) From: 256K(256K)->255K(256K)
[0.230s][info][gc,heap        ] GC(10) Tenured: 4512K(5768K)->5755K(5768K)
[0.230s][info][gc,metaspace   ] GC(10) Metaspace: 6296K(6464K)->6296K(6464K) NonClass: 5763K(5824K)->5763K(5824K) Class: 533K(640K)->533K(640K)
[0.230s][info][gc             ] GC(10) Pause Young (Allocation Failure) 7M->5M(8M) 3.498ms
[0.230s][info][gc,cpu         ] GC(10) User=0.00s Sys=0.00s Real=0.00s
[0.233s][info][gc,start       ] GC(11) Pause Young (Allocation Failure)
[0.237s][info][gc             ] GC(11) Pause Young (Allocation Failure) 8M->7M(9M) 3.305ms
[0.237s][info][gc,cpu         ] GC(11) User=0.00s Sys=0.00s Real=0.00s
[0.237s][info][gc,start       ] GC(12) Pause Full (Allocation Failure)
[0.237s][info][gc,phases,start] GC(12) Phase 1: Mark live objects
[0.241s][info][gc,phases      ] GC(12) Phase 1: Mark live objects 3.959ms
[0.241s][info][gc,phases,start] GC(12) Phase 2: Compute new object addresses
[0.242s][info][gc,phases      ] GC(12) Phase 2: Compute new object addresses 1.189ms
[0.242s][info][gc,phases,start] GC(12) Phase 3: Adjust pointers
[0.244s][info][gc,phases      ] GC(12) Phase 3: Adjust pointers 1.751ms
[0.244s][info][gc,phases,start] GC(12) Phase 4: Move objects
[0.245s][info][gc,phases      ] GC(12) Phase 4: Move objects 1.405ms
[0.245s][info][gc,heap        ] GC(12) DefNew: 2687K(2688K)->0K(5376K) Eden: 2432K(2432K)->0K(4800K) From: 255K(256K)->0K(576K)
[0.245s][info][gc,heap        ] GC(12) Tenured: 5755K(5768K)->7132K(11888K)
[0.245s][info][gc,metaspace   ] GC(12) Metaspace: 6296K(6464K)->6296K(6464K) NonClass: 5763K(5824K)->5763K(5824K) Class: 533K(640K)->533K(640K)
[0.245s][info][gc             ] GC(12) Pause Full (Allocation Failure) 7M->6M(16M) 8.824ms
[0.245s][info][gc,cpu         ] GC(12) User=0.00s Sys=0.00s Real=0.01s
[0.250s][info][gc,start       ] GC(13) Pause Young (Allocation Failure)
[0.256s][info][gc,heap        ] GC(13) DefNew: 4800K(5376K)->575K(5376K) Eden: 4800K(4800K)->0K(4800K) From: 0K(576K)->575K(576K)
[0.256s][info][gc,heap        ] GC(13) Tenured: 7132K(11888K)->9027K(11888K)
[0.256s][info][gc,metaspace   ] GC(13) Metaspace: 6296K(6464K)->6296K(6464K) NonClass: 5763K(5824K)->5763K(5824K) Class: 533K(640K)->533K(640K)
[0.256s][info][gc             ] GC(13) Pause Young (Allocation Failure) 11M->9M(16M) 5.356ms
[0.256s][info][gc,cpu         ] GC(13) User=0.00s Sys=0.00s Real=0.01s
[0.260s][info][gc,start       ] GC(14) Pause Young (Allocation Failure)
[0.266s][info][gc,heap        ] GC(14) DefNew: 5375K(5376K)->576K(5376K) Eden: 4800K(4800K)->0K(4800K) From: 575K(576K)->576K(576K)
[0.266s][info][gc,heap        ] GC(14) Tenured: 9027K(11888K)->11746K(11888K)
[0.266s][info][gc,metaspace   ] GC(14) Metaspace: 6296K(6464K)->6296K(6464K) NonClass: 5763K(5824K)->5763K(5824K) Class: 533K(640K)->533K(640K)
[0.266s][info][gc             ] GC(14) Pause Young (Allocation Failure) 14M->12M(16M) 6.045ms
[0.266s][info][gc,cpu         ] GC(14) User=0.00s Sys=0.00s Real=0.01s
[0.270s][info][gc,start       ] GC(15) Pause Young (Allocation Failure)
[0.275s][info][gc             ] GC(15) Pause Young (Allocation Failure) 16M->14M(19M) 5.575ms
[0.275s][info][gc,cpu         ] GC(15) User=0.00s Sys=0.00s Real=0.01s
[0.276s][info][gc,start       ] GC(16) Pause Full (Allocation Failure)
[0.276s][info][gc,phases,start] GC(16) Phase 1: Mark live objects
[0.283s][info][gc,phases      ] GC(16) Phase 1: Mark live objects 7.366ms
[0.283s][info][gc,phases,start] GC(16) Phase 2: Compute new object addresses
[0.285s][info][gc,phases      ] GC(16) Phase 2: Compute new object addresses 2.301ms
[0.285s][info][gc,phases,start] GC(16) Phase 3: Adjust pointers
[0.288s][info][gc,phases      ] GC(16) Phase 3: Adjust pointers 2.890ms
[0.288s][info][gc,phases,start] GC(16) Phase 4: Move objects
[0.288s][info][gc,phases      ] GC(16) Phase 4: Move objects 0.169ms
[0.289s][info][gc,heap        ] GC(16) DefNew: 5376K(5376K)->386K(10880K) Eden: 4800K(4800K)->386K(9728K) From: 576K(576K)->0K(1152K)
[0.289s][info][gc,heap        ] GC(16) Tenured: 11746K(11888K)->14384K(23976K)
[0.289s][info][gc,metaspace   ] GC(16) Metaspace: 6298K(6464K)->6298K(6464K) NonClass: 5765K(5824K)->5765K(5824K) Class: 533K(640K)->533K(640K)
[0.289s][info][gc             ] GC(16) Pause Full (Allocation Failure) 14M->14M(34M) 13.095ms
[0.289s][info][gc,cpu         ] GC(16) User=0.02s Sys=0.00s Real=0.01s
[0.296s][info][gc,start       ] GC(17) Pause Young (Allocation Failure)
[0.308s][info][gc,heap        ] GC(17) DefNew: 9728K(10880K)->1151K(10880K) Eden: 9728K(9728K)->0K(9728K) From: 0K(1152K)->1151K(1152K)
[0.308s][info][gc,heap        ] GC(17) Tenured: 14384K(23976K)->18415K(23976K)
[0.308s][info][gc,metaspace   ] GC(17) Metaspace: 6298K(6464K)->6298K(6464K) NonClass: 5765K(5824K)->5765K(5824K) Class: 533K(640K)->533K(640K)
[0.308s][info][gc             ] GC(17) Pause Young (Allocation Failure) 23M->19M(34M) 12.284ms
[0.308s][info][gc,cpu         ] GC(17) User=0.00s Sys=0.00s Real=0.01s
[0.316s][info][gc,start       ] GC(18) Pause Young (Allocation Failure)
[0.328s][info][gc,heap        ] GC(18) DefNew: 10879K(10880K)->1151K(10880K) Eden: 9728K(9728K)->0K(9728K) From: 1151K(1152K)->1151K(1152K)
[0.328s][info][gc,heap        ] GC(18) Tenured: 18415K(23976K)->23936K(23976K)
[0.328s][info][gc,metaspace   ] GC(18) Metaspace: 6298K(6464K)->6298K(6464K) NonClass: 5765K(5824K)->5765K(5824K) Class: 533K(640K)->533K(640K)
[0.328s][info][gc             ] GC(18) Pause Young (Allocation Failure) 28M->24M(34M) 12.177ms
[0.328s][info][gc,cpu         ] GC(18) User=0.00s Sys=0.00s Real=0.01s
[0.333s][info][gc,start       ] GC(19) Pause Young (Allocation Failure)
[0.345s][info][gc             ] GC(19) Pause Young (Allocation Failure) 34M->29M(38M) 11.843ms
[0.345s][info][gc,cpu         ] GC(19) User=0.00s Sys=0.00s Real=0.01s
[0.345s][info][gc,start       ] GC(20) Pause Full (Allocation Failure)
[0.345s][info][gc,phases,start] GC(20) Phase 1: Mark live objects
[0.360s][info][gc,phases      ] GC(20) Phase 1: Mark live objects 14.149ms
[0.360s][info][gc,phases,start] GC(20) Phase 2: Compute new object addresses
[0.364s][info][gc,phases      ] GC(20) Phase 2: Compute new object addresses 4.600ms
[0.364s][info][gc,phases,start] GC(20) Phase 3: Adjust pointers
[0.370s][info][gc,phases      ] GC(20) Phase 3: Adjust pointers 5.616ms
[0.370s][info][gc,phases,start] GC(20) Phase 4: Move objects
[0.370s][info][gc,phases      ] GC(20) Phase 4: Move objects 0.168ms
[0.370s][info][gc,heap        ] GC(20) DefNew: 10879K(10880K)->1080K(21888K) Eden: 9728K(9728K)->1080K(19520K) From: 1151K(1152K)->0K(2368K)
[0.370s][info][gc,heap        ] GC(20) Tenured: 23936K(23976K)->29036K(48396K)
[0.370s][info][gc,metaspace   ] GC(20) Metaspace: 6298K(6464K)->6298K(6464K) NonClass: 5765K(5824K)->5765K(5824K) Class: 533K(640K)->533K(640K)
[0.370s][info][gc             ] GC(20) Pause Full (Allocation Failure) 29M->29M(68M) 24.944ms
[0.370s][info][gc,cpu         ] GC(20) User=0.03s Sys=0.00s Real=0.03s
[0.383s][info][gc,start       ] GC(21) Pause Young (Allocation Failure)
[0.408s][info][gc,heap        ] GC(21) DefNew: 19520K(21888K)->2367K(21888K) Eden: 19520K(19520K)->0K(19520K) From: 0K(2368K)->2367K(2368K)
[0.408s][info][gc,heap        ] GC(21) Tenured: 29036K(48396K)->37683K(48396K)
[0.408s][info][gc,metaspace   ] GC(21) Metaspace: 6298K(6464K)->6298K(6464K) NonClass: 5765K(5824K)->5765K(5824K) Class: 533K(640K)->533K(640K)
[0.408s][info][gc             ] GC(21) Pause Young (Allocation Failure) 47M->39M(68M) 24.879ms
[0.408s][info][gc,cpu         ] GC(21) User=0.00s Sys=0.02s Real=0.02s
[0.426s][info][gc,start       ] GC(22) Pause Young (Allocation Failure)
[0.462s][info][gc             ] GC(22) Pause Young (Allocation Failure) 58M->58M(77M) 36.187ms
[0.462s][info][gc,cpu         ] GC(22) User=0.03s Sys=0.00s Real=0.04s
[0.462s][info][gc,start       ] GC(23) Pause Full (Allocation Failure)
[0.462s][info][gc,phases,start] GC(23) Phase 1: Mark live objects
[0.488s][info][gc,phases      ] GC(23) Phase 1: Mark live objects 25.741ms
[0.488s][info][gc,phases,start] GC(23) Phase 2: Compute new object addresses
[0.498s][info][gc,phases      ] GC(23) Phase 2: Compute new object addresses 10.094ms
[0.498s][info][gc,phases,start] GC(23) Phase 3: Adjust pointers
[0.510s][info][gc,phases      ] GC(23) Phase 3: Adjust pointers 11.726ms
[0.510s][info][gc,phases,start] GC(23) Phase 4: Move objects
[0.510s][info][gc,phases      ] GC(23) Phase 4: Move objects 0.356ms
[0.511s][info][gc,heap        ] GC(23) DefNew: 21887K(21888K)->2312K(43008K) Eden: 19520K(19520K)->2312K(38272K) From: 2367K(2368K)->0K(4736K)
[0.511s][info][gc,heap        ] GC(23) Tenured: 37683K(48396K)->57227K(95380K)
[0.511s][info][gc,metaspace   ] GC(23) Metaspace: 6298K(6464K)->6298K(6464K) NonClass: 5765K(5824K)->5765K(5824K) Class: 533K(640K)->533K(640K)
[0.511s][info][gc             ] GC(23) Pause Full (Allocation Failure) 58M->58M(135M) 48.579ms
[0.511s][info][gc,cpu         ] GC(23) User=0.05s Sys=0.00s Real=0.05s
[0.551s][info][gc,start       ] GC(24) Pause Young (Allocation Failure)
[0.612s][info][gc,heap        ] GC(24) DefNew: 38272K(43008K)->4735K(43008K) Eden: 38272K(38272K)->0K(38272K) From: 0K(4736K)->4735K(4736K)
[0.612s][info][gc,heap        ] GC(24) Tenured: 57227K(95380K)->90738K(95380K)
[0.612s][info][gc,metaspace   ] GC(24) Metaspace: 6298K(6464K)->6298K(6464K) NonClass: 5765K(5824K)->5765K(5824K) Class: 533K(640K)->533K(640K)
[0.612s][info][gc             ] GC(24) Pause Young (Allocation Failure) 93M->93M(135M) 61.083ms
[0.612s][info][gc,cpu         ] GC(24) User=0.05s Sys=0.00s Real=0.06s
[0.642s][info][gc,start       ] GC(25) Pause Young (Allocation Failure)
[0.711s][info][gc             ] GC(25) Pause Young (Allocation Failure) 130M->130M(168M) 68.922ms
[0.711s][info][gc,cpu         ] GC(25) User=0.03s Sys=0.03s Real=0.07s
[0.711s][info][gc,start       ] GC(26) Pause Full (Allocation Failure)
[0.711s][info][gc,phases,start] GC(26) Phase 1: Mark live objects
[0.764s][info][gc,phases      ] GC(26) Phase 1: Mark live objects 52.508ms
[0.764s][info][gc,phases,start] GC(26) Phase 2: Compute new object addresses
[0.784s][info][gc,phases      ] GC(26) Phase 2: Compute new object addresses 20.296ms
[0.784s][info][gc,phases,start] GC(26) Phase 3: Adjust pointers
[0.810s][info][gc,phases      ] GC(26) Phase 3: Adjust pointers 25.622ms
[0.810s][info][gc,phases,start] GC(26) Phase 4: Move objects
[0.833s][info][gc,phases      ] GC(26) Phase 4: Move objects 23.316ms
[0.834s][info][gc,heap        ] GC(26) DefNew: 43007K(43008K)->823K(96832K) Eden: 38272K(38272K)->823K(86080K) From: 4735K(4736K)->0K(10752K)
[0.834s][info][gc,heap        ] GC(26) Tenured: 90738K(95380K)->129047K(215080K)
[0.834s][info][gc,metaspace   ] GC(26) Metaspace: 6298K(6464K)->6298K(6464K) NonClass: 5765K(5824K)->5765K(5824K) Class: 533K(640K)->533K(640K)
[0.834s][info][gc             ] GC(26) Pause Full (Allocation Failure) 130M->126M(304M) 122.571ms
[0.834s][info][gc,cpu         ] GC(26) User=0.11s Sys=0.00s Real=0.12s
[0.935s][info][gc,start       ] GC(27) Pause Young (Allocation Failure)
[1.099s][info][gc,heap        ] GC(27) DefNew: 86080K(96832K)->10751K(96832K) Eden: 86080K(86080K)->0K(86080K) From: 0K(10752K)->10751K(10752K)
[1.099s][info][gc,heap        ] GC(27) Tenured: 129047K(215080K)->204343K(215080K)
[1.099s][info][gc,metaspace   ] GC(27) Metaspace: 6298K(6464K)->6298K(6464K) NonClass: 5765K(5824K)->5765K(5824K) Class: 533K(640K)->533K(640K)
[1.099s][info][gc             ] GC(27) Pause Young (Allocation Failure) 210M->210M(304M) 163.792ms
[1.099s][info][gc,cpu         ] GC(27) User=0.11s Sys=0.03s Real=0.16s
[1.182s][info][gc,start       ] GC(28) Pause Young (Allocation Failure)
[1.351s][info][gc             ] GC(28) Pause Young (Allocation Failure) 294M->294M(378M) 168.781ms
[1.351s][info][gc,cpu         ] GC(28) User=0.16s Sys=0.00s Real=0.17s
[1.351s][info][gc,start       ] GC(29) Pause Full (Allocation Failure)
[1.351s][info][gc,phases,start] GC(29) Phase 1: Mark live objects
[1.480s][info][gc,phases      ] GC(29) Phase 1: Mark live objects 129.796ms
[1.480s][info][gc,phases,start] GC(29) Phase 2: Compute new object addresses
[1.527s][info][gc,phases      ] GC(29) Phase 2: Compute new object addresses 46.416ms
[1.527s][info][gc,phases,start] GC(29) Phase 3: Adjust pointers
[1.576s][info][gc,phases      ] GC(29) Phase 3: Adjust pointers 49.241ms
[1.576s][info][gc,phases,start] GC(29) Phase 4: Move objects
[1.579s][info][gc,phases      ] GC(29) Phase 4: Move objects 2.307ms
[1.580s][info][gc,heap        ] GC(29) DefNew: 96831K(96832K)->10666K(217920K) Eden: 86080K(86080K)->10666K(193728K) From: 10751K(10752K)->0K(24192K)
[1.580s][info][gc,heap        ] GC(29) Tenured: 204343K(215080K)->290475K(484128K)
[1.580s][info][gc,metaspace   ] GC(29) Metaspace: 6298K(6464K)->6298K(6464K) NonClass: 5765K(5824K)->5765K(5824K) Class: 533K(640K)->533K(640K)
[1.580s][info][gc             ] GC(29) Pause Full (Allocation Failure) 294M->294M(685M) 229.118ms
[1.580s][info][gc,cpu         ] GC(29) User=0.22s Sys=0.00s Real=0.23s
[1.784s][info][gc,start       ] GC(30) Pause Young (Allocation Failure)
[2.125s][info][gc,heap        ] GC(30) DefNew: 193728K(217920K)->24191K(217920K) Eden: 193728K(193728K)->0K(193728K) From: 0K(24192K)->24191K(24192K)
[2.125s][info][gc,heap        ] GC(30) Tenured: 290475K(484128K)->459986K(484128K)
[2.125s][info][gc,metaspace   ] GC(30) Metaspace: 6298K(6464K)->6298K(6464K) NonClass: 5765K(5824K)->5765K(5824K) Class: 533K(640K)->533K(640K)
[2.125s][info][gc             ] GC(30) Pause Young (Allocation Failure) 472M->472M(685M) 340.473ms
[2.125s][info][gc,cpu         ] GC(30) User=0.30s Sys=0.02s Real=0.34s
[2.300s][info][gc,start       ] GC(31) Pause Young (Allocation Failure)
[2.671s][info][gc             ] GC(31) Pause Young (Allocation Failure) 662M->661M(851M) 371.594ms
[2.671s][info][gc,cpu         ] GC(31) User=0.31s Sys=0.05s Real=0.37s
[2.671s][info][gc,start       ] GC(32) Pause Full (Allocation Failure)
[2.671s][info][gc,phases,start] GC(32) Phase 1: Mark live objects
[3.005s][info][gc,phases      ] GC(32) Phase 1: Mark live objects 333.842ms
[3.005s][info][gc,phases,start] GC(32) Phase 2: Compute new object addresses
[3.120s][info][gc,phases      ] GC(32) Phase 2: Compute new object addresses 114.213ms
[3.120s][info][gc,phases,start] GC(32) Phase 3: Adjust pointers
[3.244s][info][gc,phases      ] GC(32) Phase 3: Adjust pointers 124.468ms
[3.244s][info][gc,phases,start] GC(32) Phase 4: Move objects
[3.249s][info][gc,phases      ] GC(32) Phase 4: Move objects 5.165ms
[3.251s][info][gc,heap        ] GC(32) DefNew: 217919K(217920K)->24144K(490368K) Eden: 193728K(193728K)->24144K(435904K) From: 24191K(24192K)->0K(54464K)
[3.251s][info][gc,heap        ] GC(32) Tenured: 459986K(484128K)->653732K(1089556K)
[3.251s][info][gc,metaspace   ] GC(32) Metaspace: 6298K(6464K)->6298K(6464K) NonClass: 5765K(5824K)->5765K(5824K) Class: 533K(640K)->533K(640K)
[3.251s][info][gc             ] GC(32) Pause Full (Allocation Failure) 661M->661M(1542M) 579.923ms
[3.251s][info][gc,cpu         ] GC(32) User=0.58s Sys=0.00s Real=0.58s
[3.720s][info][gc,start       ] GC(33) Pause Young (Allocation Failure)
[4.471s][info][gc,heap        ] GC(33) DefNew: 435904K(490368K)->54463K(490368K) Eden: 435904K(435904K)->0K(435904K) From: 0K(54464K)->54463K(54464K)
[4.472s][info][gc,heap        ] GC(33) Tenured: 653732K(1089556K)->1035142K(1089556K)
[4.472s][info][gc,metaspace   ] GC(33) Metaspace: 6298K(6464K)->6298K(6464K) NonClass: 5765K(5824K)->5765K(5824K) Class: 533K(640K)->533K(640K)
[4.472s][info][gc             ] GC(33) Pause Young (Allocation Failure) 1064M->1064M(1542M) 751.590ms
[4.472s][info][gc,cpu         ] GC(33) User=0.61s Sys=0.14s Real=0.75s
[4.816s][info][gc,start       ] GC(34) Pause Young (Allocation Failure)
[5.540s][info][gc             ] GC(34) Pause Young (Allocation Failure) 1427M->1404M(1830M) 724.448ms
[5.540s][info][gc,cpu         ] GC(34) User=0.66s Sys=0.08s Real=0.72s
[5.540s][info][gc,start       ] GC(35) Pause Full (Allocation Failure)
[5.540s][info][gc,phases,start] GC(35) Phase 1: Mark live objects
[6.198s][info][gc,phases      ] GC(35) Phase 1: Mark live objects 658.304ms
[6.199s][info][gc,phases,start] GC(35) Phase 2: Compute new object addresses
[6.415s][info][gc,phases      ] GC(35) Phase 2: Compute new object addresses 216.825ms
[6.415s][info][gc,phases,start] GC(35) Phase 3: Adjust pointers
[6.662s][info][gc,phases      ] GC(35) Phase 3: Adjust pointers 246.195ms
[6.662s][info][gc,phases,start] GC(35) Phase 4: Move objects
[6.673s][info][gc,phases      ] GC(35) Phase 4: Move objects 11.183ms
[6.677s][info][gc,heap        ] GC(35) DefNew: 426235K(490368K)->54277K(1038144K) Eden: 371771K(435904K)->54277K(922816K) From: 54463K(54464K)->0K(115328K)
[6.677s][info][gc,heap        ] GC(35) Tenured: 1035142K(1089556K)->1384083K(2306808K)
[6.677s][info][gc,metaspace   ] GC(35) Metaspace: 6298K(6464K)->6298K(6464K) NonClass: 5765K(5824K)->5765K(5824K) Class: 533K(640K)->533K(640K)
[6.677s][info][gc             ] GC(35) Pause Full (Allocation Failure) 1404M->1404M(3266M) 1136.697ms
[6.677s][info][gc,cpu         ] GC(35) User=1.11s Sys=0.00s Real=1.14s
[7.585s][info][gc,start       ] GC(36) Pause Young (Allocation Failure)
[9.170s][info][gc,heap        ] GC(36) DefNew: 922816K(1038144K)->115327K(1038144K) Eden: 922816K(922816K)->0K(922816K) From: 0K(115328K)->115327K(115328K)
[9.170s][info][gc,heap        ] GC(36) Tenured: 1384083K(2306808K)->2191542K(2306808K)
[9.170s][info][gc,metaspace   ] GC(36) Metaspace: 6298K(6464K)->6298K(6464K) NonClass: 5765K(5824K)->5765K(5824K) Class: 533K(640K)->533K(640K)
[9.170s][info][gc             ] GC(36) Pause Young (Allocation Failure) 2252M->2252M(3266M) 1585.117ms
[9.170s][info][gc,cpu         ] GC(36) User=1.30s Sys=0.27s Real=1.58s
[10.154s][info][gc,start       ] GC(37) Pause Young (Allocation Failure)
[11.673s][info][gc             ] GC(37) Pause Young (Allocation Failure) 3153M->3089M(3991M) 1518.552ms
[11.673s][info][gc,cpu         ] GC(37) User=1.19s Sys=0.31s Real=1.52s
[11.673s][info][gc,start       ] GC(38) Pause Full (Allocation Failure)
[11.673s][info][gc,phases,start] GC(38) Phase 1: Mark live objects
[13.120s][info][gc,phases      ] GC(38) Phase 1: Mark live objects 1446.538ms
[13.120s][info][gc,phases,start] GC(38) Phase 2: Compute new object addresses
[13.576s][info][gc,phases      ] GC(38) Phase 2: Compute new object addresses 456.496ms
[13.576s][info][gc,phases,start] GC(38) Phase 3: Adjust pointers
[14.211s][info][gc,phases      ] GC(38) Phase 3: Adjust pointers 634.330ms
[14.211s][info][gc,phases,start] GC(38) Phase 4: Move objects
[14.802s][info][gc,phases      ] GC(38) Phase 4: Move objects 591.289ms
[14.810s][info][gc,heap        ] GC(38) DefNew: 1038143K(1038144K)->53854K(2286720K) Eden: 922816K(922816K)->53854K(2032704K) From: 115327K(115328K)->0K(254016K)
[14.810s][info][gc,heap        ] GC(38) Tenured: 2191542K(2306808K)->3048827K(5081380K)
[14.810s][info][gc,metaspace   ] GC(38) Metaspace: 6298K(6464K)->6298K(6464K) NonClass: 5765K(5824K)->5765K(5824K) Class: 533K(640K)->533K(640K)
[14.810s][info][gc             ] GC(38) Pause Full (Allocation Failure) 3089M->3029M(7195M) 3137.391ms
[14.810s][info][gc,cpu         ] GC(38) User=3.11s Sys=0.00s Real=3.14s
[16.841s][info][gc,start       ] GC(39) Pause Young (Allocation Failure)
[20.390s][info][gc,heap        ] GC(39) DefNew: 2032704K(2286720K)->254015K(2286720K) Eden: 2032704K(2032704K)->0K(2032704K) From: 0K(254016K)->254015K(254016K)
[20.390s][info][gc,heap        ] GC(39) Tenured: 3048827K(5081380K)->4827481K(5081380K)
[20.390s][info][gc,metaspace   ] GC(39) Metaspace: 6298K(6464K)->6298K(6464K) NonClass: 5765K(5824K)->5765K(5824K) Class: 533K(640K)->533K(640K)
[20.390s][info][gc             ] GC(39) Pause Young (Allocation Failure) 4962M->4962M(7195M) 3549.809ms
[20.390s][info][gc,cpu         ] GC(39) User=3.00s Sys=0.55s Real=3.55s
[22.389s][info][gc,start       ] GC(40) Pause Young (Allocation Failure)
[26.198s][info][gc,promotion   ] GC(40) Promotion failed
[26.199s][info][gc             ] GC(40) Pause Young (Allocation Failure) 6947M->8899M(8899M) 3809.313ms
[26.199s][info][gc,cpu         ] GC(40) User=3.16s Sys=0.59s Real=3.81s
[26.199s][info][gc,start       ] GC(41) Pause Full (Allocation Failure)
[26.199s][info][gc,phases,start] GC(41) Phase 1: Mark live objects
[29.508s][info][gc,phases      ] GC(41) Phase 1: Mark live objects 3309.521ms
[29.508s][info][gc,phases,start] GC(41) Phase 2: Compute new object addresses
[30.883s][info][gc,phases      ] GC(41) Phase 2: Compute new object addresses 1374.855ms
[30.883s][info][gc,phases,start] GC(41) Phase 3: Adjust pointers
[32.144s][info][gc,phases      ] GC(41) Phase 3: Adjust pointers 1260.482ms
[32.144s][info][gc,phases,start] GC(41) Phase 4: Move objects
[32.207s][info][gc,phases      ] GC(41) Phase 4: Move objects 63.400ms
[32.210s][info][gc,heap        ] GC(41) DefNew: 2286719K(2286720K)->287452K(3072000K) Eden: 2032704K(2032704K)->287452K(2730688K) From: 254015K(254016K)->0K(341312K)
[32.210s][info][gc,heap        ] GC(41) Tenured: 4827481K(5081380K)->6826688K(6826688K)
[32.210s][info][gc,metaspace   ] GC(41) Metaspace: 6298K(6464K)->6298K(6464K) NonClass: 5765K(5824K)->5765K(5824K) Class: 533K(640K)->533K(640K)
[32.210s][info][gc             ] GC(41) Pause Full (Allocation Failure) 8899M->6947M(9666M) 6011.144ms
[32.210s][info][gc,cpu         ] GC(41) User=5.97s Sys=0.00s Real=6.01s
[35.447s][info][gc,start       ] GC(42) Pause Full (Allocation Failure)
[35.447s][info][gc,phases,start] GC(42) Phase 1: Mark live objects
[39.846s][info][gc,phases      ] GC(42) Phase 1: Mark live objects 4398.099ms
[39.846s][info][gc,phases,start] GC(42) Phase 2: Compute new object addresses
[41.237s][info][gc,phases      ] GC(42) Phase 2: Compute new object addresses 1391.166ms
[41.237s][info][gc,phases,start] GC(42) Phase 3: Adjust pointers
[43.194s][info][gc,phases      ] GC(42) Phase 3: Adjust pointers 1957.518ms
[43.194s][info][gc,phases,start] GC(42) Phase 4: Move objects
[43.613s][info][gc,phases      ] GC(42) Phase 4: Move objects 418.507ms
[43.614s][info][gc,heap        ] GC(42) DefNew: 3071999K(3072000K)->3071973K(3072000K) Eden: 2730688K(2730688K)->2730687K(2730688K) From: 341311K(341312K)->341285K(341312K)
[43.614s][info][gc,heap        ] GC(42) Tenured: 6826688K(6826688K)->6826688K(6826688K)
[43.614s][info][gc,metaspace   ] GC(42) Metaspace: 6298K(6464K)->6298K(6464K) NonClass: 5765K(5824K)->5765K(5824K) Class: 533K(640K)->533K(640K)
[43.614s][info][gc             ] GC(42) Pause Full (Allocation Failure) 9666M->9666M(9666M) 8166.548ms
[43.614s][info][gc,cpu         ] GC(42) User=8.00s Sys=0.00s Real=8.17s
[43.614s][info][gc,start       ] GC(43) Pause Full (Allocation Failure)
[43.614s][info][gc,phases,start] GC(43) Phase 1: Mark live objects
[48.081s][info][gc,phases      ] GC(43) Phase 1: Mark live objects 4467.011ms
[48.081s][info][gc,phases,start] GC(43) Phase 2: Compute new object addresses
[49.426s][info][gc,phases      ] GC(43) Phase 2: Compute new object addresses 1344.651ms
[49.426s][info][gc,phases,start] GC(43) Phase 3: Adjust pointers
[51.285s][info][gc,phases      ] GC(43) Phase 3: Adjust pointers 1859.331ms
[51.285s][info][gc,phases,start] GC(43) Phase 4: Move objects
[51.285s][info][gc,phases      ] GC(43) Phase 4: Move objects 0.017ms
[51.286s][info][gc,heap        ] GC(43) DefNew: 3071999K(3072000K)->3071999K(3072000K) Eden: 2730687K(2730688K)->2730687K(2730688K) From: 341311K(341312K)->341311K(341312K)
[51.286s][info][gc,heap        ] GC(43) Tenured: 6826688K(6826688K)->6826688K(6826688K)
[51.286s][info][gc,metaspace   ] GC(43) Metaspace: 6298K(6464K)->6298K(6464K) NonClass: 5765K(5824K)->5765K(5824K) Class: 533K(640K)->533K(640K)
[51.286s][info][gc             ] GC(43) Pause Full (Allocation Failure) 9666M->9666M(9666M) 7671.821ms
[51.286s][info][gc,cpu         ] GC(43) User=7.56s Sys=0.00s Real=7.67s
[51.286s][info][gc,start       ] GC(44) Pause Full (Allocation Failure)
[51.286s][info][gc,phases,start] GC(44) Phase 1: Mark live objects
[55.677s][info][gc,phases      ] GC(44) Phase 1: Mark live objects 4391.478ms
[55.678s][info][gc,phases,start] GC(44) Phase 2: Compute new object addresses
[57.018s][info][gc,phases      ] GC(44) Phase 2: Compute new object addresses 1339.966ms
[57.018s][info][gc,phases,start] GC(44) Phase 3: Adjust pointers
[59.148s][info][gc,phases      ] GC(44) Phase 3: Adjust pointers 2130.654ms
[59.148s][info][gc,phases,start] GC(44) Phase 4: Move objects
[60.991s][info][gc,phases      ] GC(44) Phase 4: Move objects 1842.546ms
[60.991s][info][gc,heap        ] GC(44) DefNew: 3071999K(3072000K)->2940923K(3072000K) Eden: 2730687K(2730688K)->2730687K(2730688K) From: 341311K(341312K)->210235K(341312K)
[60.991s][info][gc,heap        ] GC(44) Tenured: 6826688K(6826688K)->6826687K(6826688K)
[60.991s][info][gc,metaspace   ] GC(44) Metaspace: 6298K(6464K)->6296K(6464K) NonClass: 5765K(5824K)->5763K(5824K) Class: 533K(640K)->532K(640K)
[60.992s][info][gc             ] GC(44) Pause Full (Allocation Failure) 9666M->9538M(9666M) 9705.546ms
[60.992s][info][gc,cpu         ] GC(44) User=9.62s Sys=0.00s Real=9.71s
[61.355s][info][gc,start       ] GC(45) Pause Full (Allocation Failure)
[61.356s][info][gc,phases,start] GC(45) Phase 1: Mark live objects
[65.776s][info][gc,phases      ] GC(45) Phase 1: Mark live objects 4420.298ms
[65.776s][info][gc,phases,start] GC(45) Phase 2: Compute new object addresses
[67.131s][info][gc,phases      ] GC(45) Phase 2: Compute new object addresses 1355.287ms
[67.131s][info][gc,phases,start] GC(45) Phase 3: Adjust pointers
[68.942s][info][gc,phases      ] GC(45) Phase 3: Adjust pointers 1810.696ms
[68.942s][info][gc,phases,start] GC(45) Phase 4: Move objects
[68.942s][info][gc,phases      ] GC(45) Phase 4: Move objects 0.018ms
[68.943s][info][gc,heap        ] GC(45) DefNew: 3071999K(3072000K)->3071999K(3072000K) Eden: 2730687K(2730688K)->2730687K(2730688K) From: 341311K(341312K)->341311K(341312K)
[68.943s][info][gc,heap        ] GC(45) Tenured: 6826687K(6826688K)->6826687K(6826688K)
[68.943s][info][gc,metaspace   ] GC(45) Metaspace: 6296K(6464K)->6296K(6464K) NonClass: 5763K(5824K)->5763K(5824K) Class: 532K(640K)->532K(640K)
[68.943s][info][gc             ] GC(45) Pause Full (Allocation Failure) 9666M->9666M(9666M) 7587.206ms
[68.943s][info][gc,cpu         ] GC(45) User=7.56s Sys=0.00s Real=7.59s
[68.943s][info][gc,start       ] GC(46) Pause Full (Allocation Failure)
[68.943s][info][gc,phases,start] GC(46) Phase 1: Mark live objects
[73.367s][info][gc,phases      ] GC(46) Phase 1: Mark live objects 4424.694ms
[73.367s][info][gc,phases,start] GC(46) Phase 2: Compute new object addresses
[74.721s][info][gc,phases      ] GC(46) Phase 2: Compute new object addresses 1353.945ms
[74.721s][info][gc,phases,start] GC(46) Phase 3: Adjust pointers
[76.532s][info][gc,phases      ] GC(46) Phase 3: Adjust pointers 1810.594ms
[76.532s][info][gc,phases,start] GC(46) Phase 4: Move objects
[76.532s][info][gc,phases      ] GC(46) Phase 4: Move objects 0.017ms
[76.533s][info][gc,heap        ] GC(46) DefNew: 3071999K(3072000K)->3071999K(3072000K) Eden: 2730687K(2730688K)->2730687K(2730688K) From: 341311K(341312K)->341311K(341312K)
[76.533s][info][gc,heap        ] GC(46) Tenured: 6826687K(6826688K)->6826687K(6826688K)
[76.533s][info][gc,metaspace   ] GC(46) Metaspace: 6296K(6464K)->6296K(6464K) NonClass: 5763K(5824K)->5763K(5824K) Class: 532K(640K)->532K(640K)
[76.533s][info][gc             ] GC(46) Pause Full (Allocation Failure) 9666M->9666M(9666M) 7590.040ms
[76.533s][info][gc,cpu         ] GC(46) User=7.59s Sys=0.00s Real=7.59s
[76.533s][info][gc,start       ] GC(47) Pause Full (Allocation Failure)
[76.533s][info][gc,phases,start] GC(47) Phase 1: Mark live objects
[80.929s][info][gc,phases      ] GC(47) Phase 1: Mark live objects 4395.306ms
[80.929s][info][gc,phases,start] GC(47) Phase 2: Compute new object addresses
[82.285s][info][gc,phases      ] GC(47) Phase 2: Compute new object addresses 1355.924ms
[82.285s][info][gc,phases,start] GC(47) Phase 3: Adjust pointers
[84.097s][info][gc,phases      ] GC(47) Phase 3: Adjust pointers 1812.246ms
[84.097s][info][gc,phases,start] GC(47) Phase 4: Move objects
[84.097s][info][gc,phases      ] GC(47) Phase 4: Move objects 0.017ms
[84.097s][info][gc,heap        ] GC(47) DefNew: 3071999K(3072000K)->3071999K(3072000K) Eden: 2730687K(2730688K)->2730687K(2730688K) From: 341312K(341312K)->341312K(341312K)
[84.097s][info][gc,heap        ] GC(47) Tenured: 6826687K(6826688K)->6826687K(6826688K)
[84.097s][info][gc,metaspace   ] GC(47) Metaspace: 6296K(6464K)->6296K(6464K) NonClass: 5763K(5824K)->5763K(5824K) Class: 532K(640K)->532K(640K)
[84.097s][info][gc             ] GC(47) Pause Full (Allocation Failure) 9666M->9666M(9666M) 7564.325ms
[84.097s][info][gc,cpu         ] GC(47) User=7.55s Sys=0.00s Real=7.57s
[84.097s][info][gc,start       ] GC(48) Pause Full (Allocation Failure)
[84.098s][info][gc,phases,start] GC(48) Phase 1: Mark live objects
[88.524s][info][gc,phases      ] GC(48) Phase 1: Mark live objects 4426.831ms
[88.524s][info][gc,phases,start] GC(48) Phase 2: Compute new object addresses
[89.883s][info][gc,phases      ] GC(48) Phase 2: Compute new object addresses 1358.265ms
[89.883s][info][gc,phases,start] GC(48) Phase 3: Adjust pointers
[92.064s][info][gc,phases      ] GC(48) Phase 3: Adjust pointers 2181.349ms
[92.064s][info][gc,phases,start] GC(48) Phase 4: Move objects
[93.675s][info][gc,phases      ] GC(48) Phase 4: Move objects 1610.299ms
[93.675s][info][gc,heap        ] GC(48) DefNew: 3071999K(3072000K)->3071998K(3072000K) Eden: 2730687K(2730688K)->2730687K(2730688K) From: 341312K(341312K)->341310K(341312K)
[93.675s][info][gc,heap        ] GC(48) Tenured: 6826687K(6826688K)->6826687K(6826688K)
[93.675s][info][gc,metaspace   ] GC(48) Metaspace: 6296K(6464K)->6296K(6464K) NonClass: 5763K(5824K)->5763K(5824K) Class: 532K(640K)->532K(640K)
[93.675s][info][gc             ] GC(48) Pause Full (Allocation Failure) 9666M->9666M(9666M) 9577.878ms
[93.675s][info][gc,cpu         ] GC(48) User=9.56s Sys=0.00s Real=9.58s
[93.676s][info][gc,start       ] GC(49) Pause Full (Allocation Failure)
[93.676s][info][gc,phases,start] GC(49) Phase 1: Mark live objects
[98.087s][info][gc,phases      ] GC(49) Phase 1: Mark live objects 4410.298ms
[98.087s][info][gc,phases,start] GC(49) Phase 2: Compute new object addresses
[99.438s][info][gc,phases      ] GC(49) Phase 2: Compute new object addresses 1351.505ms
[99.438s][info][gc,phases,start] GC(49) Phase 3: Adjust pointers
[101.262s][info][gc,phases      ] GC(49) Phase 3: Adjust pointers 1824.097ms
[101.262s][info][gc,phases,start] GC(49) Phase 4: Move objects
[101.262s][info][gc,phases      ] GC(49) Phase 4: Move objects 0.018ms
[101.263s][info][gc,heap        ] GC(49) DefNew: 3071999K(3072000K)->3071998K(3072000K) Eden: 2730688K(2730688K)->2730687K(2730688K) From: 341311K(341312K)->341311K(341312K)
[101.263s][info][gc,heap        ] GC(49) Tenured: 6826687K(6826688K)->6826687K(6826688K)
[101.263s][info][gc,metaspace   ] GC(49) Metaspace: 6298K(6464K)->6298K(6464K) NonClass: 5764K(5824K)->5764K(5824K) Class: 533K(640K)->533K(640K)
[101.263s][info][gc             ] GC(49) Pause Full (Allocation Failure) 9666M->9666M(9666M) 7586.743ms
[101.263s][info][gc,cpu         ] GC(49) User=7.53s Sys=0.00s Real=7.59s
[101.264s][info][gc,heap,exit   ] Heap
[101.264s][info][gc,heap,exit   ]  def new generation   total 3072000K, used 3071999K [0x000000058f000000, 0x000000065f550000, 0x000000065f550000)
[101.264s][info][gc,heap,exit   ]   eden space 2730688K, 100% used [0x000000058f000000, 0x0000000635ab0000, 0x0000000635ab0000)
[101.264s][info][gc,heap,exit   ]   from space 341312K,  99% used [0x0000000635ab0000, 0x000000064a7fff58, 0x000000064a800000)
[101.264s][info][gc,heap,exit   ]   to   space 341312K,   0% used [0x000000064a800000, 0x000000064a800000, 0x000000065f550000)
[101.264s][info][gc,heap,exit   ]  tenured generation   total 6826688K, used 6826687K [0x000000065f550000, 0x0000000800000000, 0x0000000800000000)
[101.264s][info][gc,heap,exit   ]    the space 6826688K,  99% used [0x000000065f550000, 0x00000007ffffffc8, 0x0000000800000000, 0x0000000800000000)
[101.264s][info][gc,heap,exit   ]  Metaspace       used 6301K, committed 6464K, reserved 1114112K
[101.264s][info][gc,heap,exit   ]   class space    used 534K, committed 640K, reserved 1048576K
