[0.011s][info][gc,init] CardTable entry size: 512
[0.011s][info][gc     ] Using Serial
[0.012s][info][gc,init] Version: 18.0.1+10 (release)
[0.012s][info][gc,init] CPUs: 8 total, 8 available
[0.012s][info][gc,init] Memory: 16063M
[0.012s][info][gc,init] Large Page Support: Disabled
[0.012s][info][gc,init] NUMA Support: Disabled
[0.012s][info][gc,init] Compressed Oops: Enabled (Zero based)
[0.012s][info][gc,init] Heap Min Capacity: 2M
[0.012s][info][gc,init] Heap Initial Capacity: 2M
[0.012s][info][gc,init] Heap Max Capacity: 2400M
[0.012s][info][gc,init] Pre-touch: Disabled
[0.012s][info][gc,metaspace] CDS archive(s) not mapped
[0.012s][info][gc,metaspace] Compressed class space mapped at: 0x0000000800000000-0x0000000840000000, reserved size: 1073741824
[0.012s][info][gc,metaspace] Narrow klass base: 0x0000000800000000, Narrow klass shift: 0, Narrow klass range: 0x40000000
[0.174s][info][gc,start    ] GC(0) Pause Young (Allocation Failure)
[0.176s][info][gc,heap     ] GC(0) DefNew: 1023K(1152K)->127K(1152K) Eden: 1023K(1024K)->0K(1024K) From: 0K(128K)->127K(128K)
[0.176s][info][gc,heap     ] GC(0) Tenured: 0K(768K)->439K(768K)
[0.176s][info][gc,metaspace] GC(0) Metaspace: 5899K(6016K)->5899K(6016K) NonClass: 5400K(5504K)->5400K(5504K) Class: 499K(512K)->499K(512K)
[0.176s][info][gc          ] GC(0) Pause Young (Allocation Failure) 0M->0M(1M) 1.608ms
[0.176s][info][gc,cpu      ] GC(0) User=0.00s Sys=0.00s Real=0.00s
[0.197s][info][gc,start    ] GC(1) Pause Young (Allocation Failure)
[0.198s][info][gc          ] GC(1) Pause Young (Allocation Failure) 1M->0M(2M) 1.229ms
[0.198s][info][gc,cpu      ] GC(1) User=0.02s Sys=0.00s Real=0.00s
[0.198s][info][gc,start    ] GC(2) Pause Full (Allocation Failure)
[0.198s][info][gc,phases,start] GC(2) Phase 1: Mark live objects
[0.199s][info][gc,phases      ] GC(2) Phase 1: Mark live objects 1.113ms
[0.199s][info][gc,phases,start] GC(2) Phase 2: Compute new object addresses
[0.199s][info][gc,phases      ] GC(2) Phase 2: Compute new object addresses 0.260ms
[0.199s][info][gc,phases,start] GC(2) Phase 3: Adjust pointers
[0.200s][info][gc,phases      ] GC(2) Phase 3: Adjust pointers 0.531ms
[0.200s][info][gc,phases,start] GC(2) Phase 4: Move objects
[0.200s][info][gc,phases      ] GC(2) Phase 4: Move objects 0.070ms
[0.200s][info][gc,heap        ] GC(2) DefNew: 1151K(1152K)->40K(1152K) Eden: 1024K(1024K)->40K(1024K) From: 127K(128K)->0K(128K)
[0.200s][info][gc,heap        ] GC(2) Tenured: 439K(768K)->959K(1600K)
[0.200s][info][gc,metaspace   ] GC(2) Metaspace: 6297K(6464K)->6297K(6464K) NonClass: 5763K(5824K)->5763K(5824K) Class: 533K(640K)->533K(640K)
[0.200s][info][gc             ] GC(2) Pause Full (Allocation Failure) 0M->0M(2M) 2.251ms
[0.200s][info][gc,cpu         ] GC(2) User=0.00s Sys=0.00s Real=0.00s
[0.202s][info][gc,start       ] GC(3) Pause Young (Allocation Failure)
[0.203s][info][gc,heap        ] GC(3) DefNew: 1024K(1152K)->127K(1152K) Eden: 1024K(1024K)->0K(1024K) From: 0K(128K)->127K(128K)
[0.203s][info][gc,heap        ] GC(3) Tenured: 959K(1600K)->1375K(1600K)
[0.203s][info][gc,metaspace   ] GC(3) Metaspace: 6297K(6464K)->6297K(6464K) NonClass: 5763K(5824K)->5763K(5824K) Class: 533K(640K)->533K(640K)
[0.203s][info][gc             ] GC(3) Pause Young (Allocation Failure) 1M->1M(2M) 1.631ms
[0.204s][info][gc,cpu         ] GC(3) User=0.00s Sys=0.00s Real=0.00s
[0.205s][info][gc,start       ] GC(4) Pause Young (Allocation Failure)
[0.207s][info][gc             ] GC(4) Pause Young (Allocation Failure) 2M->1M(3M) 1.268ms
[0.207s][info][gc,cpu         ] GC(4) User=0.00s Sys=0.00s Real=0.00s
[0.207s][info][gc,start       ] GC(5) Pause Full (Allocation Failure)
[0.207s][info][gc,phases,start] GC(5) Phase 1: Mark live objects
[0.208s][info][gc,phases      ] GC(5) Phase 1: Mark live objects 1.535ms
[0.208s][info][gc,phases,start] GC(5) Phase 2: Compute new object addresses
[0.209s][info][gc,phases      ] GC(5) Phase 2: Compute new object addresses 0.433ms
[0.209s][info][gc,phases,start] GC(5) Phase 3: Adjust pointers
[0.210s][info][gc,phases      ] GC(5) Phase 3: Adjust pointers 0.811ms
[0.210s][info][gc,phases,start] GC(5) Phase 4: Move objects
[0.210s][info][gc,phases      ] GC(5) Phase 4: Move objects 0.081ms
[0.210s][info][gc,heap        ] GC(5) DefNew: 1151K(1152K)->35K(1536K) Eden: 1024K(1024K)->35K(1408K) From: 127K(128K)->0K(128K)
[0.210s][info][gc,heap        ] GC(5) Tenured: 1375K(1600K)->1983K(3308K)
[0.210s][info][gc,metaspace   ] GC(5) Metaspace: 6297K(6464K)->6297K(6464K) NonClass: 5763K(5824K)->5763K(5824K) Class: 533K(640K)->533K(640K)
[0.210s][info][gc             ] GC(5) Pause Full (Allocation Failure) 1M->1M(4M) 3.255ms
[0.210s][info][gc,cpu         ] GC(5) User=0.00s Sys=0.00s Real=0.00s
[0.212s][info][gc,start       ] GC(6) Pause Young (Allocation Failure)
[0.214s][info][gc,heap        ] GC(6) DefNew: 1407K(1536K)->127K(1536K) Eden: 1407K(1408K)->0K(1408K) From: 0K(128K)->127K(128K)
[0.214s][info][gc,heap        ] GC(6) Tenured: 1983K(3308K)->2617K(3308K)
[0.214s][info][gc,metaspace   ] GC(6) Metaspace: 6297K(6464K)->6297K(6464K) NonClass: 5763K(5824K)->5763K(5824K) Class: 533K(640K)->533K(640K)
[0.214s][info][gc             ] GC(6) Pause Young (Allocation Failure) 3M->2M(4M) 1.859ms
[0.214s][info][gc,cpu         ] GC(6) User=0.00s Sys=0.00s Real=0.00s
[0.216s][info][gc,start       ] GC(7) Pause Young (Allocation Failure)
[0.218s][info][gc             ] GC(7) Pause Young (Allocation Failure) 4M->3M(4M) 2.169ms
[0.218s][info][gc,cpu         ] GC(7) User=0.00s Sys=0.00s Real=0.00s
[0.218s][info][gc,start       ] GC(8) Pause Full (Allocation Failure)
[0.218s][info][gc,phases,start] GC(8) Phase 1: Mark live objects
[0.221s][info][gc,phases      ] GC(8) Phase 1: Mark live objects 2.580ms
[0.221s][info][gc,phases,start] GC(8) Phase 2: Compute new object addresses
[0.221s][info][gc,phases      ] GC(8) Phase 2: Compute new object addresses 0.696ms
[0.221s][info][gc,phases,start] GC(8) Phase 3: Adjust pointers
[0.223s][info][gc,phases      ] GC(8) Phase 3: Adjust pointers 1.110ms
[0.223s][info][gc,phases,start] GC(8) Phase 4: Move objects
[0.223s][info][gc,phases      ] GC(8) Phase 4: Move objects 0.086ms
[0.223s][info][gc,heap        ] GC(8) DefNew: 1535K(1536K)->0K(2688K) Eden: 1408K(1408K)->0K(2432K) From: 127K(128K)->0K(256K)
[0.223s][info][gc,heap        ] GC(8) Tenured: 2617K(3308K)->3460K(5768K)
[0.223s][info][gc,metaspace   ] GC(8) Metaspace: 6297K(6464K)->6297K(6464K) NonClass: 5763K(5824K)->5763K(5824K) Class: 533K(640K)->533K(640K)
[0.223s][info][gc             ] GC(8) Pause Full (Allocation Failure) 3M->3M(8M) 4.824ms
[0.223s][info][gc,cpu         ] GC(8) User=0.00s Sys=0.00s Real=0.00s
[0.227s][info][gc,start       ] GC(9) Pause Young (Allocation Failure)
[0.230s][info][gc,heap        ] GC(9) DefNew: 2431K(2688K)->256K(2688K) Eden: 2431K(2432K)->0K(2432K) From: 0K(256K)->256K(256K)
[0.230s][info][gc,heap        ] GC(9) Tenured: 3460K(5768K)->4512K(5768K)
[0.230s][info][gc,metaspace   ] GC(9) Metaspace: 6297K(6464K)->6297K(6464K) NonClass: 5763K(5824K)->5763K(5824K) Class: 533K(640K)->533K(640K)
[0.230s][info][gc             ] GC(9) Pause Young (Allocation Failure) 5M->4M(8M) 3.405ms
[0.230s][info][gc,cpu         ] GC(9) User=0.00s Sys=0.02s Real=0.00s
[0.234s][info][gc,start       ] GC(10) Pause Young (Allocation Failure)
[0.237s][info][gc,heap        ] GC(10) DefNew: 2688K(2688K)->256K(2688K) Eden: 2432K(2432K)->0K(2432K) From: 256K(256K)->256K(256K)
[0.237s][info][gc,heap        ] GC(10) Tenured: 4512K(5768K)->5755K(5768K)
[0.237s][info][gc,metaspace   ] GC(10) Metaspace: 6297K(6464K)->6297K(6464K) NonClass: 5763K(5824K)->5763K(5824K) Class: 533K(640K)->533K(640K)
[0.237s][info][gc             ] GC(10) Pause Young (Allocation Failure) 7M->5M(8M) 3.007ms
[0.237s][info][gc,cpu         ] GC(10) User=0.00s Sys=0.00s Real=0.00s
[0.241s][info][gc,start       ] GC(11) Pause Young (Allocation Failure)
[0.245s][info][gc             ] GC(11) Pause Young (Allocation Failure) 8M->7M(9M) 3.880ms
[0.245s][info][gc,cpu         ] GC(11) User=0.00s Sys=0.00s Real=0.00s
[0.245s][info][gc,start       ] GC(12) Pause Full (Allocation Failure)
[0.245s][info][gc,phases,start] GC(12) Phase 1: Mark live objects
[0.251s][info][gc,phases      ] GC(12) Phase 1: Mark live objects 5.535ms
[0.251s][info][gc,phases,start] GC(12) Phase 2: Compute new object addresses
[0.253s][info][gc,phases      ] GC(12) Phase 2: Compute new object addresses 1.794ms
[0.253s][info][gc,phases,start] GC(12) Phase 3: Adjust pointers
[0.256s][info][gc,phases      ] GC(12) Phase 3: Adjust pointers 2.805ms
[0.256s][info][gc,phases,start] GC(12) Phase 4: Move objects
[0.257s][info][gc,phases      ] GC(12) Phase 4: Move objects 1.804ms
[0.258s][info][gc,heap        ] GC(12) DefNew: 2688K(2688K)->0K(5376K) Eden: 2432K(2432K)->0K(4800K) From: 256K(256K)->0K(576K)
[0.258s][info][gc,heap        ] GC(12) Tenured: 5755K(5768K)->7132K(11888K)
[0.258s][info][gc,metaspace   ] GC(12) Metaspace: 6297K(6464K)->6297K(6464K) NonClass: 5763K(5824K)->5763K(5824K) Class: 533K(640K)->533K(640K)
[0.258s][info][gc             ] GC(12) Pause Full (Allocation Failure) 7M->6M(16M) 12.539ms
[0.258s][info][gc,cpu         ] GC(12) User=0.00s Sys=0.00s Real=0.01s
[0.264s][info][gc,start       ] GC(13) Pause Young (Allocation Failure)
[0.269s][info][gc,heap        ] GC(13) DefNew: 4800K(5376K)->575K(5376K) Eden: 4800K(4800K)->0K(4800K) From: 0K(576K)->575K(576K)
[0.269s][info][gc,heap        ] GC(13) Tenured: 7132K(11888K)->9027K(11888K)
[0.269s][info][gc,metaspace   ] GC(13) Metaspace: 6297K(6464K)->6297K(6464K) NonClass: 5763K(5824K)->5763K(5824K) Class: 533K(640K)->533K(640K)
[0.269s][info][gc             ] GC(13) Pause Young (Allocation Failure) 11M->9M(16M) 5.332ms
[0.269s][info][gc,cpu         ] GC(13) User=0.00s Sys=0.00s Real=0.01s
[0.275s][info][gc,start       ] GC(14) Pause Young (Allocation Failure)
[0.282s][info][gc,heap        ] GC(14) DefNew: 5375K(5376K)->576K(5376K) Eden: 4800K(4800K)->0K(4800K) From: 575K(576K)->576K(576K)
[0.282s][info][gc,heap        ] GC(14) Tenured: 9027K(11888K)->11746K(11888K)
[0.282s][info][gc,metaspace   ] GC(14) Metaspace: 6297K(6464K)->6297K(6464K) NonClass: 5763K(5824K)->5763K(5824K) Class: 533K(640K)->533K(640K)
[0.282s][info][gc             ] GC(14) Pause Young (Allocation Failure) 14M->12M(16M) 6.811ms
[0.282s][info][gc,cpu         ] GC(14) User=0.00s Sys=0.00s Real=0.01s
[0.286s][info][gc,start       ] GC(15) Pause Young (Allocation Failure)
[0.292s][info][gc             ] GC(15) Pause Young (Allocation Failure) 16M->14M(19M) 5.752ms
[0.292s][info][gc,cpu         ] GC(15) User=0.00s Sys=0.00s Real=0.01s
[0.292s][info][gc,start       ] GC(16) Pause Full (Allocation Failure)
[0.292s][info][gc,phases,start] GC(16) Phase 1: Mark live objects
[0.300s][info][gc,phases      ] GC(16) Phase 1: Mark live objects 8.209ms
[0.300s][info][gc,phases,start] GC(16) Phase 2: Compute new object addresses
[0.303s][info][gc,phases      ] GC(16) Phase 2: Compute new object addresses 2.615ms
[0.303s][info][gc,phases,start] GC(16) Phase 3: Adjust pointers
[0.306s][info][gc,phases      ] GC(16) Phase 3: Adjust pointers 2.870ms
[0.306s][info][gc,phases,start] GC(16) Phase 4: Move objects
[0.306s][info][gc,phases      ] GC(16) Phase 4: Move objects 0.188ms
[0.306s][info][gc,heap        ] GC(16) DefNew: 5376K(5376K)->386K(10880K) Eden: 4800K(4800K)->386K(9728K) From: 576K(576K)->0K(1152K)
[0.306s][info][gc,heap        ] GC(16) Tenured: 11746K(11888K)->14384K(23976K)
[0.306s][info][gc,metaspace   ] GC(16) Metaspace: 6299K(6464K)->6299K(6464K) NonClass: 5765K(5824K)->5765K(5824K) Class: 533K(640K)->533K(640K)
[0.306s][info][gc             ] GC(16) Pause Full (Allocation Failure) 14M->14M(34M) 14.241ms
[0.306s][info][gc,cpu         ] GC(16) User=0.02s Sys=0.00s Real=0.02s
[0.315s][info][gc,start       ] GC(17) Pause Young (Allocation Failure)
[0.327s][info][gc,heap        ] GC(17) DefNew: 9728K(10880K)->1151K(10880K) Eden: 9728K(9728K)->0K(9728K) From: 0K(1152K)->1151K(1152K)
[0.328s][info][gc,heap        ] GC(17) Tenured: 14384K(23976K)->18415K(23976K)
[0.328s][info][gc,metaspace   ] GC(17) Metaspace: 6299K(6464K)->6299K(6464K) NonClass: 5765K(5824K)->5765K(5824K) Class: 533K(640K)->533K(640K)
[0.328s][info][gc             ] GC(17) Pause Young (Allocation Failure) 23M->19M(34M) 12.932ms
[0.328s][info][gc,cpu         ] GC(17) User=0.00s Sys=0.00s Real=0.01s
[0.335s][info][gc,start       ] GC(18) Pause Young (Allocation Failure)
[0.346s][info][gc,heap        ] GC(18) DefNew: 10879K(10880K)->1151K(10880K) Eden: 9728K(9728K)->0K(9728K) From: 1151K(1152K)->1151K(1152K)
[0.347s][info][gc,heap        ] GC(18) Tenured: 18415K(23976K)->23936K(23976K)
[0.347s][info][gc,metaspace   ] GC(18) Metaspace: 6299K(6464K)->6299K(6464K) NonClass: 5765K(5824K)->5765K(5824K) Class: 533K(640K)->533K(640K)
[0.347s][info][gc             ] GC(18) Pause Young (Allocation Failure) 28M->24M(34M) 11.381ms
[0.347s][info][gc,cpu         ] GC(18) User=0.00s Sys=0.00s Real=0.01s
[0.353s][info][gc,start       ] GC(19) Pause Young (Allocation Failure)
[0.366s][info][gc             ] GC(19) Pause Young (Allocation Failure) 34M->29M(38M) 12.858ms
[0.366s][info][gc,cpu         ] GC(19) User=0.02s Sys=0.00s Real=0.01s
[0.366s][info][gc,start       ] GC(20) Pause Full (Allocation Failure)
[0.366s][info][gc,phases,start] GC(20) Phase 1: Mark live objects
[0.380s][info][gc,phases      ] GC(20) Phase 1: Mark live objects 14.325ms
[0.380s][info][gc,phases,start] GC(20) Phase 2: Compute new object addresses
[0.385s][info][gc,phases      ] GC(20) Phase 2: Compute new object addresses 4.696ms
[0.385s][info][gc,phases,start] GC(20) Phase 3: Adjust pointers
[0.391s][info][gc,phases      ] GC(20) Phase 3: Adjust pointers 5.863ms
[0.391s][info][gc,phases,start] GC(20) Phase 4: Move objects
[0.391s][info][gc,phases      ] GC(20) Phase 4: Move objects 0.181ms
[0.391s][info][gc,heap        ] GC(20) DefNew: 10879K(10880K)->1080K(21888K) Eden: 9728K(9728K)->1080K(19520K) From: 1151K(1152K)->0K(2368K)
[0.391s][info][gc,heap        ] GC(20) Tenured: 23936K(23976K)->29036K(48396K)
[0.391s][info][gc,metaspace   ] GC(20) Metaspace: 6299K(6464K)->6299K(6464K) NonClass: 5765K(5824K)->5765K(5824K) Class: 533K(640K)->533K(640K)
[0.391s][info][gc             ] GC(20) Pause Full (Allocation Failure) 29M->29M(68M) 25.491ms
[0.391s][info][gc,cpu         ] GC(20) User=0.03s Sys=0.00s Real=0.03s
[0.409s][info][gc,start       ] GC(21) Pause Young (Allocation Failure)
[0.440s][info][gc,heap        ] GC(21) DefNew: 19520K(21888K)->2368K(21888K) Eden: 19520K(19520K)->0K(19520K) From: 0K(2368K)->2368K(2368K)
[0.440s][info][gc,heap        ] GC(21) Tenured: 29036K(48396K)->41022K(48396K)
[0.440s][info][gc,metaspace   ] GC(21) Metaspace: 6299K(6464K)->6299K(6464K) NonClass: 5765K(5824K)->5765K(5824K) Class: 533K(640K)->533K(640K)
[0.440s][info][gc             ] GC(21) Pause Young (Allocation Failure) 47M->42M(68M) 31.449ms
[0.440s][info][gc,cpu         ] GC(21) User=0.02s Sys=0.02s Real=0.03s
[0.458s][info][gc,start       ] GC(22) Pause Young (Allocation Failure)
[0.492s][info][gc             ] GC(22) Pause Young (Allocation Failure) 61M->61M(80M) 33.856ms
[0.492s][info][gc,cpu         ] GC(22) User=0.03s Sys=0.00s Real=0.03s
[0.492s][info][gc,start       ] GC(23) Pause Full (Allocation Failure)
[0.492s][info][gc,phases,start] GC(23) Phase 1: Mark live objects
[0.518s][info][gc,phases      ] GC(23) Phase 1: Mark live objects 25.491ms
[0.518s][info][gc,phases,start] GC(23) Phase 2: Compute new object addresses
[0.527s][info][gc,phases      ] GC(23) Phase 2: Compute new object addresses 9.702ms
[0.527s][info][gc,phases,start] GC(23) Phase 3: Adjust pointers
[0.539s][info][gc,phases      ] GC(23) Phase 3: Adjust pointers 11.090ms
[0.539s][info][gc,phases,start] GC(23) Phase 4: Move objects
[0.539s][info][gc,phases      ] GC(23) Phase 4: Move objects 0.420ms
[0.539s][info][gc,heap        ] GC(23) DefNew: 21888K(21888K)->2195K(45568K) Eden: 19520K(19520K)->2195K(40512K) From: 2368K(2368K)->0K(5056K)
[0.539s][info][gc,heap        ] GC(23) Tenured: 41022K(48396K)->60684K(101140K)
[0.539s][info][gc,metaspace   ] GC(23) Metaspace: 6299K(6464K)->6299K(6464K) NonClass: 5765K(5824K)->5765K(5824K) Class: 533K(640K)->533K(640K)
[0.539s][info][gc             ] GC(23) Pause Full (Allocation Failure) 61M->61M(143M) 47.331ms
[0.540s][info][gc,cpu         ] GC(23) User=0.05s Sys=0.00s Real=0.05s
[0.582s][info][gc,start       ] GC(24) Pause Young (Allocation Failure)
[0.647s][info][gc,heap        ] GC(24) DefNew: 40512K(45568K)->5055K(45568K) Eden: 40512K(40512K)->0K(40512K) From: 0K(5056K)->5055K(5056K)
[0.647s][info][gc,heap        ] GC(24) Tenured: 60684K(101140K)->96114K(101140K)
[0.647s][info][gc,metaspace   ] GC(24) Metaspace: 6299K(6464K)->6299K(6464K) NonClass: 5765K(5824K)->5765K(5824K) Class: 533K(640K)->533K(640K)
[0.647s][info][gc             ] GC(24) Pause Young (Allocation Failure) 98M->98M(143M) 65.110ms
[0.647s][info][gc,cpu         ] GC(24) User=0.05s Sys=0.02s Real=0.07s
[0.684s][info][gc,start       ] GC(25) Pause Young (Allocation Failure)
[0.757s][info][gc             ] GC(25) Pause Young (Allocation Failure) 138M->138M(178M) 73.522ms
[0.757s][info][gc,cpu         ] GC(25) User=0.05s Sys=0.02s Real=0.07s
[0.758s][info][gc,start       ] GC(26) Pause Full (Allocation Failure)
[0.758s][info][gc,phases,start] GC(26) Phase 1: Mark live objects
[0.816s][info][gc,phases      ] GC(26) Phase 1: Mark live objects 58.628ms
[0.816s][info][gc,phases,start] GC(26) Phase 2: Compute new object addresses
[0.839s][info][gc,phases      ] GC(26) Phase 2: Compute new object addresses 22.915ms
[0.839s][info][gc,phases,start] GC(26) Phase 3: Adjust pointers
[0.868s][info][gc,phases      ] GC(26) Phase 3: Adjust pointers 29.241ms
[0.869s][info][gc,phases,start] GC(26) Phase 4: Move objects
[0.895s][info][gc,phases      ] GC(26) Phase 4: Move objects 26.493ms
[0.896s][info][gc,heap        ] GC(26) DefNew: 45567K(45568K)->1079K(102592K) Eden: 40512K(40512K)->1079K(91200K) From: 5055K(5056K)->0K(11392K)
[0.896s][info][gc,heap        ] GC(26) Tenured: 96114K(101140K)->136727K(227880K)
[0.896s][info][gc,metaspace   ] GC(26) Metaspace: 6299K(6464K)->6299K(6464K) NonClass: 5765K(5824K)->5765K(5824K) Class: 533K(640K)->533K(640K)
[0.896s][info][gc             ] GC(26) Pause Full (Allocation Failure) 138M->134M(322M) 138.112ms
[0.896s][info][gc,cpu         ] GC(26) User=0.12s Sys=0.00s Real=0.14s
[0.994s][info][gc,start       ] GC(27) Pause Young (Allocation Failure)
[1.167s][info][gc,heap        ] GC(27) DefNew: 91200K(102592K)->11391K(102592K) Eden: 91200K(91200K)->0K(91200K) From: 0K(11392K)->11391K(11392K)
[1.167s][info][gc,heap        ] GC(27) Tenured: 136727K(227880K)->216506K(227880K)
[1.167s][info][gc,metaspace   ] GC(27) Metaspace: 6299K(6464K)->6299K(6464K) NonClass: 5765K(5824K)->5765K(5824K) Class: 533K(640K)->533K(640K)
[1.167s][info][gc             ] GC(27) Pause Young (Allocation Failure) 222M->222M(322M) 172.889ms
[1.167s][info][gc,cpu         ] GC(27) User=0.11s Sys=0.02s Real=0.17s
[1.260s][info][gc,start       ] GC(28) Pause Young (Allocation Failure)
[1.441s][info][gc             ] GC(28) Pause Young (Allocation Failure) 311M->311M(400M) 181.130ms
[1.441s][info][gc,cpu         ] GC(28) User=0.14s Sys=0.02s Real=0.18s
[1.441s][info][gc,start       ] GC(29) Pause Full (Allocation Failure)
[1.441s][info][gc,phases,start] GC(29) Phase 1: Mark live objects
[1.593s][info][gc,phases      ] GC(29) Phase 1: Mark live objects 151.959ms
[1.593s][info][gc,phases,start] GC(29) Phase 2: Compute new object addresses
[1.642s][info][gc,phases      ] GC(29) Phase 2: Compute new object addresses 48.572ms
[1.642s][info][gc,phases,start] GC(29) Phase 3: Adjust pointers
[1.695s][info][gc,phases      ] GC(29) Phase 3: Adjust pointers 53.501ms
[1.695s][info][gc,phases,start] GC(29) Phase 4: Move objects
[1.698s][info][gc,phases      ] GC(29) Phase 4: Move objects 2.506ms
[1.699s][info][gc,heap        ] GC(29) DefNew: 102591K(102592K)->11373K(230848K) Eden: 91200K(91200K)->11373K(205248K) From: 11391K(11392K)->0K(25600K)
[1.699s][info][gc,heap        ] GC(29) Tenured: 216506K(227880K)->307691K(512820K)
[1.699s][info][gc,metaspace   ] GC(29) Metaspace: 6299K(6464K)->6299K(6464K) NonClass: 5765K(5824K)->5765K(5824K) Class: 533K(640K)->533K(640K)
[1.699s][info][gc             ] GC(29) Pause Full (Allocation Failure) 311M->311M(726M) 258.020ms
[1.699s][info][gc,cpu         ] GC(29) User=0.25s Sys=0.00s Real=0.26s
[1.906s][info][gc,start       ] GC(30) Pause Young (Allocation Failure)
[2.259s][info][gc,heap        ] GC(30) DefNew: 205248K(230848K)->25600K(230848K) Eden: 205248K(205248K)->0K(205248K) From: 0K(25600K)->25600K(25600K)
[2.259s][info][gc,heap        ] GC(30) Tenured: 307691K(512820K)->487314K(512820K)
[2.259s][info][gc,metaspace   ] GC(30) Metaspace: 6299K(6464K)->6299K(6464K) NonClass: 5765K(5824K)->5765K(5824K) Class: 533K(640K)->533K(640K)
[2.259s][info][gc             ] GC(30) Pause Young (Allocation Failure) 500M->500M(726M) 352.521ms
[2.259s][info][gc,cpu         ] GC(30) User=0.28s Sys=0.05s Real=0.35s
[2.452s][info][gc,start       ] GC(31) Pause Young (Allocation Failure)
[2.876s][info][gc             ] GC(31) Pause Young (Allocation Failure) 701M->700M(901M) 424.340ms
[2.876s][info][gc,cpu         ] GC(31) User=0.34s Sys=0.05s Real=0.42s
[2.876s][info][gc,start       ] GC(32) Pause Full (Allocation Failure)
[2.876s][info][gc,phases,start] GC(32) Phase 1: Mark live objects
[3.209s][info][gc,phases      ] GC(32) Phase 1: Mark live objects 332.574ms
[3.209s][info][gc,phases,start] GC(32) Phase 2: Compute new object addresses
[3.316s][info][gc,phases      ] GC(32) Phase 2: Compute new object addresses 106.466ms
[3.316s][info][gc,phases,start] GC(32) Phase 3: Adjust pointers
[3.434s][info][gc,phases      ] GC(32) Phase 3: Adjust pointers 118.460ms
[3.434s][info][gc,phases,start] GC(32) Phase 4: Move objects
[3.440s][info][gc,phases      ] GC(32) Phase 4: Move objects 5.424ms
[3.441s][info][gc,heap        ] GC(32) DefNew: 230848K(230848K)->25508K(518976K) Eden: 205248K(205248K)->25508K(461312K) From: 25600K(25600K)->0K(57664K)
[3.442s][info][gc,heap        ] GC(32) Tenured: 487314K(512820K)->691955K(1153260K)
[3.442s][info][gc,metaspace   ] GC(32) Metaspace: 6299K(6464K)->6299K(6464K) NonClass: 5765K(5824K)->5765K(5824K) Class: 533K(640K)->533K(640K)
[3.442s][info][gc             ] GC(32) Pause Full (Allocation Failure) 700M->700M(1633M) 565.165ms
[3.442s][info][gc,cpu         ] GC(32) User=0.53s Sys=0.02s Real=0.57s
[3.917s][info][gc,start       ] GC(33) Pause Young (Allocation Failure)
[4.682s][info][gc,heap        ] GC(33) DefNew: 461312K(518976K)->57663K(518976K) Eden: 461312K(461312K)->0K(461312K) From: 0K(57664K)->57663K(57664K)
[4.682s][info][gc,heap        ] GC(33) Tenured: 691955K(1153260K)->1095577K(1153260K)
[4.682s][info][gc,metaspace   ] GC(33) Metaspace: 6299K(6464K)->6299K(6464K) NonClass: 5765K(5824K)->5765K(5824K) Class: 533K(640K)->533K(640K)
[4.682s][info][gc             ] GC(33) Pause Young (Allocation Failure) 1126M->1126M(1633M) 765.185ms
[4.682s][info][gc,cpu         ] GC(33) User=0.66s Sys=0.09s Real=0.77s
[5.158s][info][gc,start       ] GC(34) Pause Young (Allocation Failure)
[5.889s][info][gc             ] GC(34) Pause Young (Allocation Failure) 1576M->1526M(1977M) 731.072ms
[5.889s][info][gc,cpu         ] GC(34) User=0.64s Sys=0.08s Real=0.73s
[5.889s][info][gc,start       ] GC(35) Pause Full (Allocation Failure)
[5.889s][info][gc,phases,start] GC(35) Phase 1: Mark live objects
[6.567s][info][gc,phases      ] GC(35) Phase 1: Mark live objects 678.218ms
[6.568s][info][gc,phases,start] GC(35) Phase 2: Compute new object addresses
[6.790s][info][gc,phases      ] GC(35) Phase 2: Compute new object addresses 222.625ms
[6.790s][info][gc,phases,start] GC(35) Phase 3: Adjust pointers
[7.061s][info][gc,phases      ] GC(35) Phase 3: Adjust pointers 270.446ms
[7.061s][info][gc,phases,start] GC(35) Phase 4: Move objects
[7.072s][info][gc,phases      ] GC(35) Phase 4: Move objects 10.926ms
[7.073s][info][gc,heap        ] GC(35) DefNew: 518975K(518976K)->57615K(737280K) Eden: 461312K(461312K)->57615K(655360K) From: 57663K(57664K)->0K(81920K)
[7.073s][info][gc,heap        ] GC(35) Tenured: 1095577K(1153260K)->1505839K(1638400K)
[7.073s][info][gc,metaspace   ] GC(35) Metaspace: 6299K(6464K)->6299K(6464K) NonClass: 5765K(5824K)->5765K(5824K) Class: 533K(640K)->533K(640K)
[7.073s][info][gc             ] GC(35) Pause Full (Allocation Failure) 1526M->1526M(2320M) 1183.808ms
[7.073s][info][gc,cpu         ] GC(35) User=1.17s Sys=0.00s Real=1.18s
[7.623s][info][gc,start       ] GC(36) Pause Young (Allocation Failure)
[7.624s][info][gc             ] GC(36) Pause Young (Allocation Failure) 2110M->2110M(2320M) 0.118ms
[7.624s][info][gc,cpu         ] GC(36) User=0.00s Sys=0.00s Real=0.00s
[7.624s][info][gc,start       ] GC(37) Pause Full (Allocation Failure)
[7.624s][info][gc,phases,start] GC(37) Phase 1: Mark live objects
[8.579s][info][gc,phases      ] GC(37) Phase 1: Mark live objects 954.966ms
[8.579s][info][gc,phases,start] GC(37) Phase 2: Compute new object addresses
[8.889s][info][gc,phases      ] GC(37) Phase 2: Compute new object addresses 309.827ms
[8.889s][info][gc,phases,start] GC(37) Phase 3: Adjust pointers
[9.376s][info][gc,phases      ] GC(37) Phase 3: Adjust pointers 487.369ms
[9.376s][info][gc,phases,start] GC(37) Phase 4: Move objects
[9.793s][info][gc,phases      ] GC(37) Phase 4: Move objects 417.137ms
[9.794s][info][gc,heap        ] GC(37) DefNew: 655360K(737280K)->494097K(737280K) Eden: 655360K(655360K)->494097K(655360K) From: 0K(81920K)->0K(81920K)
[9.794s][info][gc,heap        ] GC(37) Tenured: 1505839K(1638400K)->1638399K(1638400K)
[9.794s][info][gc,metaspace   ] GC(37) Metaspace: 6299K(6464K)->6299K(6464K) NonClass: 5765K(5824K)->5765K(5824K) Class: 533K(640K)->533K(640K)
[9.794s][info][gc             ] GC(37) Pause Full (Allocation Failure) 2110M->2082M(2320M) 2170.050ms
[9.794s][info][gc,cpu         ] GC(37) User=2.06s Sys=0.03s Real=2.17s
[10.200s][info][gc,start       ] GC(38) Pause Full (Allocation Failure)
[10.200s][info][gc,phases,start] GC(38) Phase 1: Mark live objects
[11.269s][info][gc,phases      ] GC(38) Phase 1: Mark live objects 1068.568ms
[11.269s][info][gc,phases,start] GC(38) Phase 2: Compute new object addresses
[11.598s][info][gc,phases      ] GC(38) Phase 2: Compute new object addresses 329.646ms
[11.598s][info][gc,phases,start] GC(38) Phase 3: Adjust pointers
[12.066s][info][gc,phases      ] GC(38) Phase 3: Adjust pointers 467.757ms
[12.066s][info][gc,phases,start] GC(38) Phase 4: Move objects
[12.101s][info][gc,phases      ] GC(38) Phase 4: Move objects 35.124ms
[12.102s][info][gc,heap        ] GC(38) DefNew: 737279K(737280K)->737271K(737280K) Eden: 655360K(655360K)->655359K(655360K) From: 81919K(81920K)->81911K(81920K)
[12.102s][info][gc,heap        ] GC(38) Tenured: 1638399K(1638400K)->1638399K(1638400K)
[12.102s][info][gc,metaspace   ] GC(38) Metaspace: 6299K(6464K)->6299K(6464K) NonClass: 5765K(5824K)->5765K(5824K) Class: 533K(640K)->533K(640K)
[12.102s][info][gc             ] GC(38) Pause Full (Allocation Failure) 2319M->2319M(2320M) 1902.082ms
[12.102s][info][gc,cpu         ] GC(38) User=1.89s Sys=0.00s Real=1.90s
[12.102s][info][gc,start       ] GC(39) Pause Full (Allocation Failure)
[12.102s][info][gc,phases,start] GC(39) Phase 1: Mark live objects
[13.172s][info][gc,phases      ] GC(39) Phase 1: Mark live objects 1069.558ms
[13.172s][info][gc,phases,start] GC(39) Phase 2: Compute new object addresses
[13.503s][info][gc,phases      ] GC(39) Phase 2: Compute new object addresses 331.238ms
[13.503s][info][gc,phases,start] GC(39) Phase 3: Adjust pointers
[13.952s][info][gc,phases      ] GC(39) Phase 3: Adjust pointers 448.387ms
[13.952s][info][gc,phases,start] GC(39) Phase 4: Move objects
[13.952s][info][gc,phases      ] GC(39) Phase 4: Move objects 0.016ms
[13.952s][info][gc,heap        ] GC(39) DefNew: 737279K(737280K)->737279K(737280K) Eden: 655359K(655360K)->655359K(655360K) From: 81919K(81920K)->81919K(81920K)
[13.952s][info][gc,heap        ] GC(39) Tenured: 1638399K(1638400K)->1638399K(1638400K)
[13.952s][info][gc,metaspace   ] GC(39) Metaspace: 6299K(6464K)->6299K(6464K) NonClass: 5765K(5824K)->5765K(5824K) Class: 533K(640K)->533K(640K)
[13.952s][info][gc             ] GC(39) Pause Full (Allocation Failure) 2319M->2319M(2320M) 1849.764ms
[13.952s][info][gc,cpu         ] GC(39) User=1.84s Sys=0.00s Real=1.85s
[13.952s][info][gc,start       ] GC(40) Pause Full (Allocation Failure)
[13.952s][info][gc,phases,start] GC(40) Phase 1: Mark live objects
[15.022s][info][gc,phases      ] GC(40) Phase 1: Mark live objects 1069.922ms
[15.022s][info][gc,phases,start] GC(40) Phase 2: Compute new object addresses
[15.352s][info][gc,phases      ] GC(40) Phase 2: Compute new object addresses 329.932ms
[15.352s][info][gc,phases,start] GC(40) Phase 3: Adjust pointers
[15.899s][info][gc,phases      ] GC(40) Phase 3: Adjust pointers 547.104ms
[15.899s][info][gc,phases,start] GC(40) Phase 4: Move objects
[16.276s][info][gc,phases      ] GC(40) Phase 4: Move objects 376.828ms
[16.277s][info][gc,heap        ] GC(40) DefNew: 737279K(737280K)->737275K(737280K) Eden: 655359K(655360K)->655359K(655360K) From: 81919K(81920K)->81915K(81920K)
[16.277s][info][gc,heap        ] GC(40) Tenured: 1638399K(1638400K)->1638399K(1638400K)
[16.277s][info][gc,metaspace   ] GC(40) Metaspace: 6299K(6464K)->6297K(6464K) NonClass: 5765K(5824K)->5764K(5824K) Class: 533K(640K)->532K(640K)
[16.277s][info][gc             ] GC(40) Pause Full (Allocation Failure) 2319M->2319M(2320M) 2324.674ms
[16.277s][info][gc,cpu         ] GC(40) User=2.33s Sys=0.00s Real=2.33s
[16.277s][info][gc,start       ] GC(41) Pause Full (Allocation Failure)
[16.277s][info][gc,phases,start] GC(41) Phase 1: Mark live objects
[17.333s][info][gc,phases      ] GC(41) Phase 1: Mark live objects 1056.139ms
[17.333s][info][gc,phases,start] GC(41) Phase 2: Compute new object addresses
[17.661s][info][gc,phases      ] GC(41) Phase 2: Compute new object addresses 327.244ms
[17.661s][info][gc,phases,start] GC(41) Phase 3: Adjust pointers
[18.114s][info][gc,phases      ] GC(41) Phase 3: Adjust pointers 453.293ms
[18.114s][info][gc,phases,start] GC(41) Phase 4: Move objects
[18.114s][info][gc,phases      ] GC(41) Phase 4: Move objects 0.016ms
[18.114s][info][gc,heap        ] GC(41) DefNew: 737280K(737280K)->737280K(737280K) Eden: 655360K(655360K)->655360K(655360K) From: 81920K(81920K)->81920K(81920K)
[18.114s][info][gc,heap        ] GC(41) Tenured: 1638399K(1638400K)->1638399K(1638400K)
[18.114s][info][gc,metaspace   ] GC(41) Metaspace: 6297K(6464K)->6297K(6464K) NonClass: 5764K(5824K)->5764K(5824K) Class: 532K(640K)->532K(640K)
[18.114s][info][gc             ] GC(41) Pause Full (Allocation Failure) 2319M->2319M(2320M) 1837.220ms
[18.114s][info][gc,cpu         ] GC(41) User=1.83s Sys=0.00s Real=1.84s
[18.114s][info][gc,start       ] GC(42) Pause Full (Allocation Failure)
[18.114s][info][gc,phases,start] GC(42) Phase 1: Mark live objects
[19.171s][info][gc,phases      ] GC(42) Phase 1: Mark live objects 1056.651ms
[19.171s][info][gc,phases,start] GC(42) Phase 2: Compute new object addresses
[19.498s][info][gc,phases      ] GC(42) Phase 2: Compute new object addresses 327.217ms
[19.498s][info][gc,phases,start] GC(42) Phase 3: Adjust pointers
[19.953s][info][gc,phases      ] GC(42) Phase 3: Adjust pointers 454.711ms
[19.953s][info][gc,phases,start] GC(42) Phase 4: Move objects
[19.953s][info][gc,phases      ] GC(42) Phase 4: Move objects 0.016ms
[19.953s][info][gc,heap        ] GC(42) DefNew: 737280K(737280K)->737280K(737280K) Eden: 655360K(655360K)->655360K(655360K) From: 81920K(81920K)->81920K(81920K)
[19.953s][info][gc,heap        ] GC(42) Tenured: 1638399K(1638400K)->1638399K(1638400K)
[19.953s][info][gc,metaspace   ] GC(42) Metaspace: 6297K(6464K)->6297K(6464K) NonClass: 5764K(5824K)->5764K(5824K) Class: 532K(640K)->532K(640K)
[19.953s][info][gc             ] GC(42) Pause Full (Allocation Failure) 2319M->2319M(2320M) 1839.114ms
[19.953s][info][gc,cpu         ] GC(42) User=1.84s Sys=0.00s Real=1.84s
[19.954s][info][gc,start       ] GC(43) Pause Full (Allocation Failure)
[19.954s][info][gc,phases,start] GC(43) Phase 1: Mark live objects
[21.015s][info][gc,phases      ] GC(43) Phase 1: Mark live objects 1061.443ms
[21.015s][info][gc,phases,start] GC(43) Phase 2: Compute new object addresses
[21.346s][info][gc,phases      ] GC(43) Phase 2: Compute new object addresses 330.393ms
[21.346s][info][gc,phases,start] GC(43) Phase 3: Adjust pointers
[21.801s][info][gc,phases      ] GC(43) Phase 3: Adjust pointers 454.806ms
[21.801s][info][gc,phases,start] GC(43) Phase 4: Move objects
[21.801s][info][gc,phases      ] GC(43) Phase 4: Move objects 0.015ms
[21.801s][info][gc,heap        ] GC(43) DefNew: 737280K(737280K)->737279K(737280K) Eden: 655360K(655360K)->655360K(655360K) From: 81920K(81920K)->81919K(81920K)
[21.801s][info][gc,heap        ] GC(43) Tenured: 1638399K(1638400K)->1638399K(1638400K)
[21.801s][info][gc,metaspace   ] GC(43) Metaspace: 6297K(6464K)->6297K(6464K) NonClass: 5764K(5824K)->5764K(5824K) Class: 532K(640K)->532K(640K)
[21.801s][info][gc             ] GC(43) Pause Full (Allocation Failure) 2319M->2319M(2320M) 1847.273ms
[21.801s][info][gc,cpu         ] GC(43) User=1.84s Sys=0.00s Real=1.85s
[21.802s][info][gc,start       ] GC(44) Pause Full (Allocation Failure)
[21.802s][info][gc,phases,start] GC(44) Phase 1: Mark live objects
[22.866s][info][gc,phases      ] GC(44) Phase 1: Mark live objects 1064.307ms
[22.866s][info][gc,phases,start] GC(44) Phase 2: Compute new object addresses
[23.198s][info][gc,phases      ] GC(44) Phase 2: Compute new object addresses 332.236ms
[23.198s][info][gc,phases,start] GC(44) Phase 3: Adjust pointers
[23.655s][info][gc,phases      ] GC(44) Phase 3: Adjust pointers 456.384ms
[23.655s][info][gc,phases,start] GC(44) Phase 4: Move objects
[23.655s][info][gc,phases      ] GC(44) Phase 4: Move objects 0.015ms
[23.655s][info][gc,heap        ] GC(44) DefNew: 737280K(737280K)->737279K(737280K) Eden: 655360K(655360K)->655360K(655360K) From: 81920K(81920K)->81919K(81920K)
[23.655s][info][gc,heap        ] GC(44) Tenured: 1638399K(1638400K)->1638399K(1638400K)
[23.655s][info][gc,metaspace   ] GC(44) Metaspace: 6297K(6464K)->6297K(6464K) NonClass: 5764K(5824K)->5764K(5824K) Class: 532K(640K)->532K(640K)
[23.655s][info][gc             ] GC(44) Pause Full (Allocation Failure) 2319M->2319M(2320M) 1853.525ms
[23.655s][info][gc,cpu         ] GC(44) User=1.86s Sys=0.00s Real=1.85s
[23.656s][info][gc,start       ] GC(45) Pause Full (Allocation Failure)
[23.656s][info][gc,phases,start] GC(45) Phase 1: Mark live objects
[24.714s][info][gc,phases      ] GC(45) Phase 1: Mark live objects 1058.120ms
[24.714s][info][gc,phases,start] GC(45) Phase 2: Compute new object addresses
[25.043s][info][gc,phases      ] GC(45) Phase 2: Compute new object addresses 329.572ms
[25.043s][info][gc,phases,start] GC(45) Phase 3: Adjust pointers
[25.598s][info][gc,phases      ] GC(45) Phase 3: Adjust pointers 554.207ms
[25.598s][info][gc,phases,start] GC(45) Phase 4: Move objects
[25.978s][info][gc,phases      ] GC(45) Phase 4: Move objects 380.118ms
[25.978s][info][gc,heap        ] GC(45) DefNew: 737279K(737280K)->737278K(737280K) Eden: 655360K(655360K)->655359K(655360K) From: 81919K(81920K)->81918K(81920K)
[25.978s][info][gc,heap        ] GC(45) Tenured: 1638399K(1638400K)->1638399K(1638400K)
[25.978s][info][gc,metaspace   ] GC(45) Metaspace: 6297K(6464K)->6297K(6464K) NonClass: 5764K(5824K)->5764K(5824K) Class: 532K(640K)->532K(640K)
[25.979s][info][gc             ] GC(45) Pause Full (Allocation Failure) 2319M->2319M(2320M) 2322.929ms
[25.979s][info][gc,cpu         ] GC(45) User=2.30s Sys=0.02s Real=2.32s
[25.980s][info][gc,start       ] GC(46) Pause Full (Allocation Failure)
[25.980s][info][gc,phases,start] GC(46) Phase 1: Mark live objects
[27.057s][info][gc,phases      ] GC(46) Phase 1: Mark live objects 1077.027ms
[27.057s][info][gc,phases,start] GC(46) Phase 2: Compute new object addresses
[27.386s][info][gc,phases      ] GC(46) Phase 2: Compute new object addresses 329.375ms
[27.386s][info][gc,phases,start] GC(46) Phase 3: Adjust pointers
[27.844s][info][gc,phases      ] GC(46) Phase 3: Adjust pointers 457.639ms
[27.844s][info][gc,phases,start] GC(46) Phase 4: Move objects
[27.844s][info][gc,phases      ] GC(46) Phase 4: Move objects 0.023ms
[27.844s][info][gc,heap        ] GC(46) DefNew: 737279K(737280K)->737278K(737280K) Eden: 655359K(655360K)->655359K(655360K) From: 81919K(81920K)->81918K(81920K)
[27.844s][info][gc,heap        ] GC(46) Tenured: 1638399K(1638400K)->1638399K(1638400K)
[27.844s][info][gc,metaspace   ] GC(46) Metaspace: 6299K(6464K)->6299K(6464K) NonClass: 5765K(5824K)->5765K(5824K) Class: 533K(640K)->533K(640K)
[27.844s][info][gc             ] GC(46) Pause Full (Allocation Failure) 2319M->2319M(2320M) 1864.597ms
[27.844s][info][gc,cpu         ] GC(46) User=1.84s Sys=0.00s Real=1.86s
[27.845s][info][gc,heap,exit   ] Heap
[27.845s][info][gc,heap,exit   ]  def new generation   total 737280K, used 737279K [0x000000076a000000, 0x000000079c000000, 0x000000079c000000)
[27.845s][info][gc,heap,exit   ]   eden space 655360K,  99% used [0x000000076a000000, 0x0000000791fffff8, 0x0000000792000000)
[27.845s][info][gc,heap,exit   ]   from space 81920K,  99% used [0x0000000792000000, 0x0000000796ffff38, 0x0000000797000000)
[27.845s][info][gc,heap,exit   ]   to   space 81920K,   0% used [0x0000000797000000, 0x0000000797000000, 0x000000079c000000)
[27.845s][info][gc,heap,exit   ]  tenured generation   total 1638400K, used 1638399K [0x000000079c000000, 0x0000000800000000, 0x0000000800000000)
[27.845s][info][gc,heap,exit   ]    the space 1638400K,  99% used [0x000000079c000000, 0x00000007ffffffd0, 0x0000000800000000, 0x0000000800000000)
[27.845s][info][gc,heap,exit   ]  Metaspace       used 6302K, committed 6464K, reserved 1114112K
[27.845s][info][gc,heap,exit   ]   class space    used 534K, committed 640K, reserved 1048576K
