[0.015s][info][gc,init] CardTable entry size: 512
[0.015s][info][gc     ] Using Parallel
[0.017s][info][gc,init] Version: 18.0.1+10 (release)
[0.017s][info][gc,init] CPUs: 8 total, 8 available
[0.017s][info][gc,init] Memory: 16063M
[0.017s][info][gc,init] Large Page Support: Disabled
[0.017s][info][gc,init] NUMA Support: Disabled
[0.017s][info][gc,init] Compressed Oops: Enabled (Zero based)
[0.017s][info][gc,init] Alignments: Space 512K, Generation 512K, Heap 2M
[0.017s][info][gc,init] Heap Min Capacity: 2M
[0.017s][info][gc,init] Heap Initial Capacity: 2M
[0.017s][info][gc,init] Heap Max Capacity: 12700M
[0.017s][info][gc,init] Pre-touch: Disabled
[0.017s][info][gc,init] Parallel Workers: 8
[0.018s][info][gc,metaspace] CDS archive(s) not mapped
[0.018s][info][gc,metaspace] Compressed class space mapped at: 0x0000000800000000-0x0000000840000000, reserved size: 1073741824
[0.018s][info][gc,metaspace] Narrow klass base: 0x0000000800000000, Narrow klass shift: 0, Narrow klass range: 0x40000000
[0.156s][info][gc,start    ] GC(0) Pause Young (Allocation Failure)
[0.158s][info][gc,heap     ] GC(0) PSYoungGen: 512K(1024K)->480K(1024K) Eden: 512K(512K)->0K(512K) From: 0K(512K)->480K(512K)
[0.158s][info][gc,heap     ] GC(0) ParOldGen: 0K(512K)->8K(512K)
[0.158s][info][gc,metaspace] GC(0) Metaspace: 4229K(4352K)->4229K(4352K) NonClass: 3908K(3968K)->3908K(3968K) Class: 321K(384K)->321K(384K)
[0.158s][info][gc          ] GC(0) Pause Young (Allocation Failure) 0M->0M(1M) 1.798ms
[0.158s][info][gc,cpu      ] GC(0) User=0.00s Sys=0.00s Real=0.00s
[0.239s][info][gc,start    ] GC(1) Pause Young (Allocation Failure)
[0.240s][info][gc,heap     ] GC(1) PSYoungGen: 991K(1024K)->512K(1536K) Eden: 511K(512K)->0K(1024K) From: 480K(512K)->512K(512K)
[0.240s][info][gc,heap     ] GC(1) ParOldGen: 8K(512K)->92K(512K)
[0.240s][info][gc,metaspace] GC(1) Metaspace: 5877K(5952K)->5877K(5952K) NonClass: 5380K(5440K)->5380K(5440K) Class: 496K(512K)->496K(512K)
[0.240s][info][gc          ] GC(1) Pause Young (Allocation Failure) 0M->0M(2M) 0.896ms
[0.240s][info][gc,cpu      ] GC(1) User=0.00s Sys=0.00s Real=0.00s
[0.268s][info][gc,start    ] GC(2) Pause Young (Allocation Failure)
[0.269s][info][gc,heap     ] GC(2) PSYoungGen: 1536K(1536K)->512K(1536K) Eden: 1024K(1024K)->0K(1024K) From: 512K(512K)->512K(512K)
[0.269s][info][gc,heap     ] GC(2) ParOldGen: 92K(512K)->500K(512K)
[0.269s][info][gc,metaspace] GC(2) Metaspace: 6297K(6464K)->6297K(6464K) NonClass: 5764K(5824K)->5764K(5824K) Class: 533K(640K)->533K(640K)
[0.269s][info][gc          ] GC(2) Pause Young (Allocation Failure) 1M->0M(2M) 1.314ms
[0.269s][info][gc,cpu      ] GC(2) User=0.00s Sys=0.00s Real=0.00s
[0.269s][info][gc,start    ] GC(3) Pause Full (Ergonomics)
[0.269s][info][gc,phases,start] GC(3) Marking Phase
[0.271s][info][gc,phases      ] GC(3) Marking Phase 1.093ms
[0.271s][info][gc,phases,start] GC(3) Summary Phase
[0.271s][info][gc,phases      ] GC(3) Summary Phase 0.018ms
[0.271s][info][gc,phases,start] GC(3) Adjust Roots
[0.271s][info][gc,phases      ] GC(3) Adjust Roots 0.382ms
[0.271s][info][gc,phases,start] GC(3) Compaction Phase
[0.272s][info][gc,phases      ] GC(3) Compaction Phase 1.435ms
[0.272s][info][gc,phases,start] GC(3) Post Compact
[0.273s][info][gc,phases      ] GC(3) Post Compact 0.074ms
[0.273s][info][gc,heap        ] GC(3) PSYoungGen: 512K(1536K)->507K(1536K) Eden: 0K(1024K)->0K(1024K) From: 512K(512K)->507K(512K)
[0.273s][info][gc,heap        ] GC(3) ParOldGen: 500K(512K)->473K(2048K)
[0.273s][info][gc,metaspace   ] GC(3) Metaspace: 6297K(6464K)->6297K(6464K) NonClass: 5764K(5824K)->5764K(5824K) Class: 533K(640K)->533K(640K)
[0.273s][info][gc             ] GC(3) Pause Full (Ergonomics) 0M->0M(3M) 3.220ms
[0.273s][info][gc,cpu         ] GC(3) User=0.00s Sys=0.00s Real=0.00s
[0.274s][info][gc,start       ] GC(4) Pause Young (Allocation Failure)
[0.276s][info][gc,heap        ] GC(4) PSYoungGen: 1531K(1536K)->480K(2560K) Eden: 1024K(1024K)->0K(2048K) From: 507K(512K)->480K(512K)
[0.276s][info][gc,heap        ] GC(4) ParOldGen: 473K(2048K)->1029K(2048K)
[0.276s][info][gc,metaspace   ] GC(4) Metaspace: 6297K(6464K)->6297K(6464K) NonClass: 5764K(5824K)->5764K(5824K) Class: 533K(640K)->533K(640K)
[0.276s][info][gc             ] GC(4) Pause Young (Allocation Failure) 1M->1M(4M) 1.656ms
[0.276s][info][gc,cpu         ] GC(4) User=0.00s Sys=0.00s Real=0.00s
[0.279s][info][gc,start       ] GC(5) Pause Young (Allocation Failure)
[0.281s][info][gc,heap        ] GC(5) PSYoungGen: 2528K(2560K)->480K(2560K) Eden: 2048K(2048K)->0K(2048K) From: 480K(512K)->480K(512K)
[0.281s][info][gc,heap        ] GC(5) ParOldGen: 1029K(2048K)->2101K(2560K)
[0.281s][info][gc,metaspace   ] GC(5) Metaspace: 6297K(6464K)->6297K(6464K) NonClass: 5764K(5824K)->5764K(5824K) Class: 533K(640K)->533K(640K)
[0.281s][info][gc             ] GC(5) Pause Young (Allocation Failure) 3M->2M(5M) 1.879ms
[0.281s][info][gc,cpu         ] GC(5) User=0.00s Sys=0.00s Real=0.00s
[0.281s][info][gc,start       ] GC(6) Pause Full (Ergonomics)
[0.281s][info][gc,phases,start] GC(6) Marking Phase
[0.282s][info][gc,phases      ] GC(6) Marking Phase 1.593ms
[0.283s][info][gc,phases,start] GC(6) Summary Phase
[0.283s][info][gc,phases      ] GC(6) Summary Phase 0.017ms
[0.283s][info][gc,phases,start] GC(6) Adjust Roots
[0.283s][info][gc,phases      ] GC(6) Adjust Roots 0.337ms
[0.283s][info][gc,phases,start] GC(6) Compaction Phase
[0.285s][info][gc,phases      ] GC(6) Compaction Phase 2.275ms
[0.285s][info][gc,phases,start] GC(6) Post Compact
[0.285s][info][gc,phases      ] GC(6) Post Compact 0.034ms
[0.285s][info][gc,heap        ] GC(6) PSYoungGen: 480K(2560K)->0K(4096K) Eden: 0K(2048K)->0K(3072K) From: 480K(512K)->0K(1024K)
[0.285s][info][gc,heap        ] GC(6) ParOldGen: 2101K(2560K)->2542K(6144K)
[0.285s][info][gc,metaspace   ] GC(6) Metaspace: 6297K(6464K)->6297K(6464K) NonClass: 5764K(5824K)->5764K(5824K) Class: 533K(640K)->533K(640K)
[0.285s][info][gc             ] GC(6) Pause Full (Ergonomics) 2M->2M(10M) 4.568ms
[0.285s][info][gc,cpu         ] GC(6) User=0.00s Sys=0.00s Real=0.00s
[0.290s][info][gc,start       ] GC(7) Pause Young (Allocation Failure)
[0.292s][info][gc,heap        ] GC(7) PSYoungGen: 3072K(4096K)->1664K(5120K) Eden: 3072K(3072K)->0K(3072K) From: 0K(1024K)->1664K(2048K)
[0.292s][info][gc,heap        ] GC(7) ParOldGen: 2542K(6144K)->2542K(6144K)
[0.292s][info][gc,metaspace   ] GC(7) Metaspace: 6297K(6464K)->6297K(6464K) NonClass: 5764K(5824K)->5764K(5824K) Class: 533K(640K)->533K(640K)
[0.292s][info][gc             ] GC(7) Pause Young (Allocation Failure) 5M->4M(11M) 1.790ms
[0.292s][info][gc,cpu         ] GC(7) User=0.00s Sys=0.00s Real=0.00s
[0.296s][info][gc,start       ] GC(8) Pause Young (Allocation Failure)
[0.299s][info][gc,heap        ] GC(8) PSYoungGen: 4736K(5120K)->2016K(5632K) Eden: 3072K(3072K)->0K(3584K) From: 1664K(2048K)->2016K(2048K)
[0.299s][info][gc,heap        ] GC(8) ParOldGen: 2542K(6144K)->3766K(6144K)
[0.299s][info][gc,metaspace   ] GC(8) Metaspace: 6297K(6464K)->6297K(6464K) NonClass: 5764K(5824K)->5764K(5824K) Class: 533K(640K)->533K(640K)
[0.299s][info][gc             ] GC(8) Pause Young (Allocation Failure) 7M->5M(11M) 2.847ms
[0.299s][info][gc,cpu         ] GC(8) User=0.02s Sys=0.00s Real=0.00s
[0.303s][info][gc,start       ] GC(9) Pause Young (Allocation Failure)
[0.307s][info][gc,heap        ] GC(9) PSYoungGen: 5600K(5632K)->3040K(6656K) Eden: 3584K(3584K)->0K(3584K) From: 2016K(2048K)->3040K(3072K)
[0.307s][info][gc,heap        ] GC(9) ParOldGen: 3766K(6144K)->4598K(6144K)
[0.307s][info][gc,metaspace   ] GC(9) Metaspace: 6297K(6464K)->6297K(6464K) NonClass: 5764K(5824K)->5764K(5824K) Class: 533K(640K)->533K(640K)
[0.307s][info][gc             ] GC(9) Pause Young (Allocation Failure) 9M->7M(12M) 3.345ms
[0.307s][info][gc,cpu         ] GC(9) User=0.00s Sys=0.00s Real=0.00s
[0.311s][info][gc,start       ] GC(10) Pause Young (Allocation Failure)
[0.315s][info][gc,heap        ] GC(10) PSYoungGen: 6624K(6656K)->4064K(9216K) Eden: 3584K(3584K)->0K(5120K) From: 3040K(3072K)->4064K(4096K)
[0.315s][info][gc,heap        ] GC(10) ParOldGen: 4598K(6144K)->5438K(6144K)
[0.315s][info][gc,metaspace   ] GC(10) Metaspace: 6297K(6464K)->6297K(6464K) NonClass: 5764K(5824K)->5764K(5824K) Class: 533K(640K)->533K(640K)
[0.315s][info][gc             ] GC(10) Pause Young (Allocation Failure) 10M->9M(15M) 4.058ms
[0.315s][info][gc,cpu         ] GC(10) User=0.02s Sys=0.00s Real=0.00s
[0.315s][info][gc,start       ] GC(11) Pause Full (Ergonomics)
[0.315s][info][gc,phases,start] GC(11) Marking Phase
[0.319s][info][gc,phases      ] GC(11) Marking Phase 4.337ms
[0.319s][info][gc,phases,start] GC(11) Summary Phase
[0.319s][info][gc,phases      ] GC(11) Summary Phase 0.015ms
[0.319s][info][gc,phases,start] GC(11) Adjust Roots
[0.320s][info][gc,phases      ] GC(11) Adjust Roots 0.349ms
[0.320s][info][gc,phases,start] GC(11) Compaction Phase
[0.325s][info][gc,phases      ] GC(11) Compaction Phase 5.870ms
[0.325s][info][gc,phases,start] GC(11) Post Compact
[0.326s][info][gc,phases      ] GC(11) Post Compact 0.062ms
[0.326s][info][gc,heap        ] GC(11) PSYoungGen: 4064K(9216K)->3545K(9216K) Eden: 0K(5120K)->0K(5120K) From: 4064K(4096K)->3545K(4096K)
[0.326s][info][gc,heap        ] GC(11) ParOldGen: 5438K(6144K)->5820K(10752K)
[0.326s][info][gc,metaspace   ] GC(11) Metaspace: 6297K(6464K)->6297K(6464K) NonClass: 5764K(5824K)->5764K(5824K) Class: 533K(640K)->533K(640K)
[0.326s][info][gc             ] GC(11) Pause Full (Ergonomics) 9M->9M(19M) 10.903ms
[0.326s][info][gc,cpu         ] GC(11) User=0.00s Sys=0.00s Real=0.01s
[0.332s][info][gc,start       ] GC(12) Pause Young (Allocation Failure)
[0.336s][info][gc,heap        ] GC(12) PSYoungGen: 8665K(9216K)->5088K(10240K) Eden: 5120K(5120K)->0K(5120K) From: 3545K(4096K)->5088K(5120K)
[0.336s][info][gc,heap        ] GC(12) ParOldGen: 5820K(10752K)->6948K(10752K)
[0.336s][info][gc,metaspace   ] GC(12) Metaspace: 6297K(6464K)->6297K(6464K) NonClass: 5764K(5824K)->5764K(5824K) Class: 533K(640K)->533K(640K)
[0.336s][info][gc             ] GC(12) Pause Young (Allocation Failure) 14M->11M(20M) 4.572ms
[0.336s][info][gc,cpu         ] GC(12) User=0.00s Sys=0.00s Real=0.01s
[0.341s][info][gc,start       ] GC(13) Pause Young (Allocation Failure)
[0.346s][info][gc,heap        ] GC(13) PSYoungGen: 10208K(10240K)->6464K(12800K) Eden: 5120K(5120K)->0K(6144K) From: 5088K(5120K)->6464K(6656K)
[0.346s][info][gc,heap        ] GC(13) ParOldGen: 6948K(10752K)->8252K(10752K)
[0.346s][info][gc,metaspace   ] GC(13) Metaspace: 6299K(6464K)->6299K(6464K) NonClass: 5765K(5824K)->5765K(5824K) Class: 533K(640K)->533K(640K)
[0.346s][info][gc             ] GC(13) Pause Young (Allocation Failure) 16M->14M(23M) 5.401ms
[0.346s][info][gc,cpu         ] GC(13) User=0.00s Sys=0.00s Real=0.01s
[0.350s][info][gc,start       ] GC(14) Pause Young (Allocation Failure)
[0.356s][info][gc,heap        ] GC(14) PSYoungGen: 12608K(12800K)->5792K(13824K) Eden: 6144K(6144K)->0K(6144K) From: 6464K(6656K)->5792K(7680K)
[0.357s][info][gc,heap        ] GC(14) ParOldGen: 8252K(10752K)->12108K(12288K)
[0.357s][info][gc,metaspace   ] GC(14) Metaspace: 6299K(6464K)->6299K(6464K) NonClass: 5765K(5824K)->5765K(5824K) Class: 533K(640K)->533K(640K)
[0.357s][info][gc             ] GC(14) Pause Young (Allocation Failure) 20M->17M(25M) 6.171ms
[0.357s][info][gc,cpu         ] GC(14) User=0.00s Sys=0.00s Real=0.01s
[0.357s][info][gc,start       ] GC(15) Pause Full (Ergonomics)
[0.357s][info][gc,phases,start] GC(15) Marking Phase
[0.364s][info][gc,phases      ] GC(15) Marking Phase 7.846ms
[0.365s][info][gc,phases,start] GC(15) Summary Phase
[0.365s][info][gc,phases      ] GC(15) Summary Phase 0.016ms
[0.365s][info][gc,phases,start] GC(15) Adjust Roots
[0.365s][info][gc,phases      ] GC(15) Adjust Roots 0.256ms
[0.365s][info][gc,phases,start] GC(15) Compaction Phase
[0.373s][info][gc,phases      ] GC(15) Compaction Phase 7.987ms
[0.373s][info][gc,phases,start] GC(15) Post Compact
[0.373s][info][gc,phases      ] GC(15) Post Compact 0.082ms
[0.373s][info][gc,heap        ] GC(15) PSYoungGen: 5792K(13824K)->5760K(13824K) Eden: 0K(6144K)->0K(6144K) From: 5792K(7680K)->5760K(7680K)
[0.373s][info][gc,heap        ] GC(15) ParOldGen: 12108K(12288K)->11997K(18944K)
[0.373s][info][gc,metaspace   ] GC(15) Metaspace: 6299K(6464K)->6299K(6464K) NonClass: 5765K(5824K)->5765K(5824K) Class: 533K(640K)->533K(640K)
[0.373s][info][gc             ] GC(15) Pause Full (Ergonomics) 17M->17M(32M) 16.593ms
[0.373s][info][gc,cpu         ] GC(15) User=0.00s Sys=0.00s Real=0.02s
[0.377s][info][gc,start       ] GC(16) Pause Young (Allocation Failure)
[0.385s][info][gc,heap        ] GC(16) PSYoungGen: 11904K(13824K)->3200K(15872K) Eden: 6144K(6144K)->0K(8704K) From: 5760K(7680K)->3200K(7168K)
[0.385s][info][gc,heap        ] GC(16) ParOldGen: 11997K(18944K)->17861K(18944K)
[0.385s][info][gc,metaspace   ] GC(16) Metaspace: 6299K(6464K)->6299K(6464K) NonClass: 5765K(5824K)->5765K(5824K) Class: 533K(640K)->533K(640K)
[0.385s][info][gc             ] GC(16) Pause Young (Allocation Failure) 23M->20M(34M) 7.589ms
[0.385s][info][gc,cpu         ] GC(16) User=0.00s Sys=0.00s Real=0.01s
[0.385s][info][gc,start       ] GC(17) Pause Full (Ergonomics)
[0.385s][info][gc,phases,start] GC(17) Marking Phase
[0.394s][info][gc,phases      ] GC(17) Marking Phase 9.336ms
[0.395s][info][gc,phases,start] GC(17) Summary Phase
[0.395s][info][gc,phases      ] GC(17) Summary Phase 0.015ms
[0.395s][info][gc,phases,start] GC(17) Adjust Roots
[0.395s][info][gc,phases      ] GC(17) Adjust Roots 0.228ms
[0.395s][info][gc,phases,start] GC(17) Compaction Phase
[0.401s][info][gc,phases      ] GC(17) Compaction Phase 6.629ms
[0.402s][info][gc,phases,start] GC(17) Post Compact
[0.402s][info][gc,phases      ] GC(17) Post Compact 0.133ms
[0.402s][info][gc,heap        ] GC(17) PSYoungGen: 3200K(15872K)->2146K(16384K) Eden: 0K(8704K)->0K(9216K) From: 3200K(7168K)->2146K(7168K)
[0.402s][info][gc,heap        ] GC(17) ParOldGen: 17861K(18944K)->18779K(28672K)
[0.402s][info][gc,metaspace   ] GC(17) Metaspace: 6299K(6464K)->6299K(6464K) NonClass: 5765K(5824K)->5765K(5824K) Class: 533K(640K)->533K(640K)
[0.402s][info][gc             ] GC(17) Pause Full (Ergonomics) 20M->20M(44M) 16.684ms
[0.402s][info][gc,cpu         ] GC(17) User=0.00s Sys=0.00s Real=0.02s
[0.412s][info][gc,start       ] GC(18) Pause Young (Allocation Failure)
[0.419s][info][gc,heap        ] GC(18) PSYoungGen: 11362K(16384K)->5312K(16896K) Eden: 9216K(9216K)->0K(9216K) From: 2146K(7168K)->5312K(7680K)
[0.419s][info][gc,heap        ] GC(18) ParOldGen: 18779K(28672K)->20971K(28672K)
[0.419s][info][gc,metaspace   ] GC(18) Metaspace: 6299K(6464K)->6299K(6464K) NonClass: 5765K(5824K)->5765K(5824K) Class: 533K(640K)->533K(640K)
[0.419s][info][gc             ] GC(18) Pause Young (Allocation Failure) 29M->25M(44M) 6.777ms
[0.419s][info][gc,cpu         ] GC(18) User=0.00s Sys=0.00s Real=0.01s
[0.424s][info][gc,start       ] GC(19) Pause Young (Allocation Failure)
[0.432s][info][gc,heap        ] GC(19) PSYoungGen: 14528K(16896K)->4800K(20480K) Eden: 9216K(9216K)->0K(12288K) From: 5312K(7680K)->4800K(8192K)
[0.432s][info][gc,heap        ] GC(19) ParOldGen: 20971K(28672K)->26307K(28672K)
[0.432s][info][gc,metaspace   ] GC(19) Metaspace: 6299K(6464K)->6299K(6464K) NonClass: 5765K(5824K)->5765K(5824K) Class: 533K(640K)->533K(640K)
[0.432s][info][gc             ] GC(19) Pause Young (Allocation Failure) 34M->30M(48M) 7.745ms
[0.432s][info][gc,cpu         ] GC(19) User=0.00s Sys=0.00s Real=0.01s
[0.432s][info][gc,start       ] GC(20) Pause Full (Ergonomics)
[0.432s][info][gc,phases,start] GC(20) Marking Phase
[0.446s][info][gc,phases      ] GC(20) Marking Phase 13.531ms
[0.446s][info][gc,phases,start] GC(20) Summary Phase
[0.446s][info][gc,phases      ] GC(20) Summary Phase 0.019ms
[0.446s][info][gc,phases,start] GC(20) Adjust Roots
[0.446s][info][gc,phases      ] GC(20) Adjust Roots 0.176ms
[0.446s][info][gc,phases,start] GC(20) Compaction Phase
[0.458s][info][gc,phases      ] GC(20) Compaction Phase 11.859ms
[0.458s][info][gc,phases,start] GC(20) Post Compact
[0.458s][info][gc,phases      ] GC(20) Post Compact 0.111ms
[0.458s][info][gc,heap        ] GC(20) PSYoungGen: 4800K(20480K)->2206K(20480K) Eden: 0K(12288K)->0K(12288K) From: 4800K(8192K)->2206K(8192K)
[0.458s][info][gc,heap        ] GC(20) ParOldGen: 26307K(28672K)->28226K(39936K)
[0.458s][info][gc,metaspace   ] GC(20) Metaspace: 6299K(6464K)->6299K(6464K) NonClass: 5765K(5824K)->5765K(5824K) Class: 533K(640K)->533K(640K)
[0.458s][info][gc             ] GC(20) Pause Full (Ergonomics) 30M->29M(59M) 26.265ms
[0.458s][info][gc,cpu         ] GC(20) User=0.00s Sys=0.00s Real=0.03s
[0.466s][info][gc,start       ] GC(21) Pause Young (Allocation Failure)
[0.474s][info][gc,heap        ] GC(21) PSYoungGen: 14494K(20480K)->6496K(20480K) Eden: 12288K(12288K)->0K(12288K) From: 2206K(8192K)->6496K(8192K)
[0.474s][info][gc,heap        ] GC(21) ParOldGen: 28226K(39936K)->30482K(39936K)
[0.474s][info][gc,metaspace   ] GC(21) Metaspace: 6299K(6464K)->6299K(6464K) NonClass: 5765K(5824K)->5765K(5824K) Class: 533K(640K)->533K(640K)
[0.474s][info][gc             ] GC(21) Pause Young (Allocation Failure) 41M->36M(59M) 8.690ms
[0.474s][info][gc,cpu         ] GC(21) User=0.00s Sys=0.00s Real=0.01s
[0.493s][info][gc,start       ] GC(22) Pause Young (Allocation Failure)
[0.509s][info][gc,heap        ] GC(22) PSYoungGen: 18784K(20480K)->8672K(19968K) Eden: 12288K(12288K)->0K(11264K) From: 6496K(8192K)->8672K(8704K)
[0.509s][info][gc,heap        ] GC(22) ParOldGen: 30482K(39936K)->40706K(40960K)
[0.509s][info][gc,metaspace   ] GC(22) Metaspace: 6299K(6464K)->6299K(6464K) NonClass: 5765K(5824K)->5765K(5824K) Class: 533K(640K)->533K(640K)
[0.509s][info][gc             ] GC(22) Pause Young (Allocation Failure) 48M->48M(59M) 15.796ms
[0.509s][info][gc,cpu         ] GC(22) User=0.00s Sys=0.00s Real=0.02s
[0.509s][info][gc,start       ] GC(23) Pause Full (Ergonomics)
[0.509s][info][gc,phases,start] GC(23) Marking Phase
[0.528s][info][gc,phases      ] GC(23) Marking Phase 19.088ms
[0.528s][info][gc,phases,start] GC(23) Summary Phase
[0.528s][info][gc,phases      ] GC(23) Summary Phase 0.016ms
[0.528s][info][gc,phases,start] GC(23) Adjust Roots
[0.528s][info][gc,phases      ] GC(23) Adjust Roots 0.153ms
[0.528s][info][gc,phases,start] GC(23) Compaction Phase
[0.544s][info][gc,phases      ] GC(23) Compaction Phase 15.561ms
[0.544s][info][gc,phases,start] GC(23) Post Compact
[0.544s][info][gc,phases      ] GC(23) Post Compact 0.175ms
[0.544s][info][gc,heap        ] GC(23) PSYoungGen: 8672K(19968K)->8659K(19968K) Eden: 0K(11264K)->0K(11264K) From: 8672K(8704K)->8659K(8704K)
[0.544s][info][gc,heap        ] GC(23) ParOldGen: 40706K(40960K)->39462K(55296K)
[0.544s][info][gc,metaspace   ] GC(23) Metaspace: 6299K(6464K)->6299K(6464K) NonClass: 5765K(5824K)->5765K(5824K) Class: 533K(640K)->533K(640K)
[0.544s][info][gc             ] GC(23) Pause Full (Ergonomics) 48M->46M(73M) 35.354ms
[0.544s][info][gc,cpu         ] GC(23) User=0.03s Sys=0.00s Real=0.04s
[0.557s][info][gc,start       ] GC(24) Pause Young (Allocation Failure)
[0.572s][info][gc,heap        ] GC(24) PSYoungGen: 19923K(19968K)->11296K(25088K) Eden: 11264K(11264K)->0K(11264K) From: 8659K(8704K)->11296K(13824K)
[0.572s][info][gc,heap        ] GC(24) ParOldGen: 39462K(55296K)->48238K(55296K)
[0.572s][info][gc,metaspace   ] GC(24) Metaspace: 6299K(6464K)->6299K(6464K) NonClass: 5765K(5824K)->5765K(5824K) Class: 533K(640K)->533K(640K)
[0.572s][info][gc             ] GC(24) Pause Young (Allocation Failure) 57M->58M(78M) 15.154ms
[0.572s][info][gc,cpu         ] GC(24) User=0.00s Sys=0.00s Real=0.01s
[0.572s][info][gc,start       ] GC(25) Pause Full (Ergonomics)
[0.572s][info][gc,phases,start] GC(25) Marking Phase
[0.595s][info][gc,phases      ] GC(25) Marking Phase 23.544ms
[0.595s][info][gc,phases,start] GC(25) Summary Phase
[0.596s][info][gc,phases      ] GC(25) Summary Phase 0.025ms
[0.596s][info][gc,phases,start] GC(25) Adjust Roots
[0.596s][info][gc,phases      ] GC(25) Adjust Roots 0.153ms
[0.596s][info][gc,phases,start] GC(25) Compaction Phase
[0.613s][info][gc,phases      ] GC(25) Compaction Phase 17.647ms
[0.613s][info][gc,phases,start] GC(25) Post Compact
[0.614s][info][gc,phases      ] GC(25) Post Compact 0.292ms
[0.614s][info][gc,heap        ] GC(25) PSYoungGen: 11296K(25088K)->4080K(25088K) Eden: 0K(11264K)->0K(11264K) From: 11296K(13824K)->4080K(13824K)
[0.614s][info][gc,heap        ] GC(25) ParOldGen: 48238K(55296K)->55276K(74240K)
[0.614s][info][gc,metaspace   ] GC(25) Metaspace: 6299K(6464K)->6299K(6464K) NonClass: 5765K(5824K)->5765K(5824K) Class: 533K(640K)->533K(640K)
[0.614s][info][gc             ] GC(25) Pause Full (Ergonomics) 58M->57M(97M) 42.079ms
[0.614s][info][gc,cpu         ] GC(25) User=0.03s Sys=0.00s Real=0.04s
[0.627s][info][gc,start       ] GC(26) Pause Young (Allocation Failure)
[0.643s][info][gc,heap        ] GC(26) PSYoungGen: 15344K(25088K)->15360K(26112K) Eden: 11264K(11264K)->0K(10752K) From: 4080K(13824K)->15360K(15360K)
[0.643s][info][gc,heap        ] GC(26) ParOldGen: 55276K(74240K)->55284K(74240K)
[0.643s][info][gc,metaspace   ] GC(26) Metaspace: 6299K(6464K)->6299K(6464K) NonClass: 5765K(5824K)->5765K(5824K) Class: 533K(640K)->533K(640K)
[0.643s][info][gc             ] GC(26) Pause Young (Allocation Failure) 68M->68M(98M) 15.863ms
[0.643s][info][gc,cpu         ] GC(26) User=0.02s Sys=0.00s Real=0.02s
[0.655s][info][gc,start       ] GC(27) Pause Young (Allocation Failure)
[0.674s][info][gc,heap        ] GC(27) PSYoungGen: 26112K(26112K)->10784K(28672K) Eden: 10752K(10752K)->0K(10752K) From: 15360K(15360K)->10784K(17920K)
[0.674s][info][gc,heap        ] GC(27) ParOldGen: 55284K(74240K)->70836K(74240K)
[0.674s][info][gc,metaspace   ] GC(27) Metaspace: 6299K(6464K)->6299K(6464K) NonClass: 5765K(5824K)->5765K(5824K) Class: 533K(640K)->533K(640K)
[0.674s][info][gc             ] GC(27) Pause Young (Allocation Failure) 79M->79M(100M) 18.991ms
[0.674s][info][gc,cpu         ] GC(27) User=0.06s Sys=0.00s Real=0.02s
[0.674s][info][gc,start       ] GC(28) Pause Full (Ergonomics)
[0.674s][info][gc,phases,start] GC(28) Marking Phase
[0.706s][info][gc,phases      ] GC(28) Marking Phase 31.672ms
[0.706s][info][gc,phases,start] GC(28) Summary Phase
[0.706s][info][gc,phases      ] GC(28) Summary Phase 0.015ms
[0.706s][info][gc,phases,start] GC(28) Adjust Roots
[0.706s][info][gc,phases      ] GC(28) Adjust Roots 0.201ms
[0.706s][info][gc,phases,start] GC(28) Compaction Phase
[0.727s][info][gc,phases      ] GC(28) Compaction Phase 20.784ms
[0.727s][info][gc,phases,start] GC(28) Post Compact
[0.727s][info][gc,phases      ] GC(28) Post Compact 0.374ms
[0.728s][info][gc,heap        ] GC(28) PSYoungGen: 10784K(28672K)->7144K(28672K) Eden: 0K(10752K)->0K(10752K) From: 10784K(17920K)->7144K(17920K)
[0.728s][info][gc,heap        ] GC(28) ParOldGen: 70836K(74240K)->74163K(98816K)
[0.728s][info][gc,metaspace   ] GC(28) Metaspace: 6299K(6464K)->6299K(6464K) NonClass: 5765K(5824K)->5765K(5824K) Class: 533K(640K)->533K(640K)
[0.728s][info][gc             ] GC(28) Pause Full (Ergonomics) 79M->79M(124M) 53.482ms
[0.728s][info][gc,cpu         ] GC(28) User=0.08s Sys=0.00s Real=0.05s
[0.737s][info][gc,start       ] GC(29) Pause Young (Allocation Failure)
[0.752s][info][gc,heap        ] GC(29) PSYoungGen: 14652K(28672K)->14624K(30208K) Eden: 7508K(10752K)->0K(11776K) From: 7144K(17920K)->14624K(18432K)
[0.752s][info][gc,heap        ] GC(29) ParOldGen: 74163K(98816K)->74163K(98816K)
[0.752s][info][gc,metaspace   ] GC(29) Metaspace: 6299K(6464K)->6299K(6464K) NonClass: 5765K(5824K)->5765K(5824K) Class: 533K(640K)->533K(640K)
[0.752s][info][gc             ] GC(29) Pause Young (Allocation Failure) 86M->86M(126M) 15.447ms
[0.752s][info][gc,cpu         ] GC(29) User=0.00s Sys=0.00s Real=0.02s
[0.773s][info][gc,start       ] GC(30) Pause Young (Allocation Failure)
[0.787s][info][gc,heap        ] GC(30) PSYoungGen: 26400K(30208K)->19936K(31744K) Eden: 11776K(11776K)->0K(11776K) From: 14624K(18432K)->19936K(19968K)
[0.787s][info][gc,heap        ] GC(30) ParOldGen: 74163K(98816K)->80691K(98816K)
[0.787s][info][gc,metaspace   ] GC(30) Metaspace: 6299K(6464K)->6299K(6464K) NonClass: 5765K(5824K)->5765K(5824K) Class: 533K(640K)->533K(640K)
[0.787s][info][gc             ] GC(30) Pause Young (Allocation Failure) 98M->98M(127M) 14.244ms
[0.787s][info][gc,cpu         ] GC(30) User=0.00s Sys=0.00s Real=0.02s
[0.799s][info][gc,start       ] GC(31) Pause Young (Allocation Failure)
[0.816s][info][gc,heap        ] GC(31) PSYoungGen: 31712K(31744K)->20576K(37376K) Eden: 11776K(11776K)->0K(11776K) From: 19936K(19968K)->20576K(25600K)
[0.816s][info][gc,heap        ] GC(31) ParOldGen: 80691K(98816K)->92075K(98816K)
[0.816s][info][gc,metaspace   ] GC(31) Metaspace: 6299K(6464K)->6299K(6464K) NonClass: 5765K(5824K)->5765K(5824K) Class: 533K(640K)->533K(640K)
[0.816s][info][gc             ] GC(31) Pause Young (Allocation Failure) 109M->110M(133M) 16.517ms
[0.816s][info][gc,cpu         ] GC(31) User=0.05s Sys=0.00s Real=0.02s
[0.816s][info][gc,start       ] GC(32) Pause Full (Ergonomics)
[0.816s][info][gc,phases,start] GC(32) Marking Phase
[0.852s][info][gc,phases      ] GC(32) Marking Phase 36.090ms
[0.852s][info][gc,phases,start] GC(32) Summary Phase
[0.852s][info][gc,phases      ] GC(32) Summary Phase 0.017ms
[0.852s][info][gc,phases,start] GC(32) Adjust Roots
[0.852s][info][gc,phases      ] GC(32) Adjust Roots 0.143ms
[0.852s][info][gc,phases,start] GC(32) Compaction Phase
[0.877s][info][gc,phases      ] GC(32) Compaction Phase 24.976ms
[0.877s][info][gc,phases,start] GC(32) Post Compact
[0.878s][info][gc,phases      ] GC(32) Post Compact 0.440ms
[0.878s][info][gc,heap        ] GC(32) PSYoungGen: 20576K(37376K)->11761K(37376K) Eden: 0K(11776K)->0K(11776K) From: 20576K(25600K)->11761K(25600K)
[0.878s][info][gc,heap        ] GC(32) ParOldGen: 92075K(98816K)->98422K(126464K)
[0.878s][info][gc,metaspace   ] GC(32) Metaspace: 6299K(6464K)->6299K(6464K) NonClass: 5765K(5824K)->5765K(5824K) Class: 533K(640K)->533K(640K)
[0.878s][info][gc             ] GC(32) Pause Full (Ergonomics) 110M->107M(160M) 62.065ms
[0.878s][info][gc,cpu         ] GC(32) User=0.12s Sys=0.00s Real=0.06s
[0.891s][info][gc,start       ] GC(33) Pause Young (Allocation Failure)
[0.912s][info][gc,heap        ] GC(33) PSYoungGen: 23537K(37376K)->20096K(39936K) Eden: 11776K(11776K)->0K(11776K) From: 11761K(25600K)->20096K(28160K)
[0.912s][info][gc,heap        ] GC(33) ParOldGen: 98422K(126464K)->101974K(126464K)
[0.912s][info][gc,metaspace   ] GC(33) Metaspace: 6299K(6464K)->6299K(6464K) NonClass: 5765K(5824K)->5765K(5824K) Class: 533K(640K)->533K(640K)
[0.912s][info][gc             ] GC(33) Pause Young (Allocation Failure) 119M->119M(162M) 21.158ms
[0.912s][info][gc,cpu         ] GC(33) User=0.03s Sys=0.00s Real=0.02s
[0.925s][info][gc,start       ] GC(34) Pause Young (Allocation Failure)
[0.946s][info][gc,heap        ] GC(34) PSYoungGen: 31872K(39936K)->29696K(38400K) Eden: 11776K(11776K)->0K(8704K) From: 20096K(28160K)->29696K(29696K)
[0.946s][info][gc,heap        ] GC(34) ParOldGen: 101974K(126464K)->104150K(126464K)
[0.946s][info][gc,metaspace   ] GC(34) Metaspace: 6299K(6464K)->6299K(6464K) NonClass: 5765K(5824K)->5765K(5824K) Class: 533K(640K)->533K(640K)
[0.946s][info][gc             ] GC(34) Pause Young (Allocation Failure) 130M->130M(161M) 20.826ms
[0.946s][info][gc,cpu         ] GC(34) User=0.05s Sys=0.00s Real=0.02s
[0.954s][info][gc,start       ] GC(35) Pause Young (Allocation Failure)
[0.975s][info][gc,heap        ] GC(35) PSYoungGen: 38400K(38400K)->20064K(44032K) Eden: 8704K(8704K)->0K(8704K) From: 29696K(29696K)->20064K(35328K)
[0.975s][info][gc,heap        ] GC(35) ParOldGen: 104150K(126464K)->122766K(126464K)
[0.975s][info][gc,metaspace   ] GC(35) Metaspace: 6299K(6464K)->6299K(6464K) NonClass: 5765K(5824K)->5765K(5824K) Class: 533K(640K)->533K(640K)
[0.975s][info][gc             ] GC(35) Pause Young (Allocation Failure) 139M->139M(166M) 21.139ms
[0.975s][info][gc,cpu         ] GC(35) User=0.03s Sys=0.00s Real=0.02s
[0.975s][info][gc,start       ] GC(36) Pause Full (Ergonomics)
[0.975s][info][gc,phases,start] GC(36) Marking Phase
[1.009s][info][gc,phases      ] GC(36) Marking Phase 33.162ms
[1.009s][info][gc,phases,start] GC(36) Summary Phase
[1.009s][info][gc,phases      ] GC(36) Summary Phase 0.024ms
[1.009s][info][gc,phases,start] GC(36) Adjust Roots
[1.009s][info][gc,phases      ] GC(36) Adjust Roots 0.230ms
[1.009s][info][gc,phases,start] GC(36) Compaction Phase
[1.036s][info][gc,phases      ] GC(36) Compaction Phase 26.864ms
[1.036s][info][gc,phases,start] GC(36) Post Compact
[1.036s][info][gc,phases      ] GC(36) Post Compact 0.524ms
[1.037s][info][gc,heap        ] GC(36) PSYoungGen: 20064K(44032K)->15900K(44032K) Eden: 0K(8704K)->0K(8704K) From: 20064K(35328K)->15900K(35328K)
[1.037s][info][gc,heap        ] GC(36) ParOldGen: 122766K(126464K)->126441K(159232K)
[1.037s][info][gc,metaspace   ] GC(36) Metaspace: 6299K(6464K)->6299K(6464K) NonClass: 5765K(5824K)->5765K(5824K) Class: 533K(640K)->533K(640K)
[1.037s][info][gc             ] GC(36) Pause Full (Ergonomics) 139M->139M(198M) 61.324ms
[1.037s][info][gc,cpu         ] GC(36) User=0.17s Sys=0.02s Real=0.06s
[1.046s][info][gc,start       ] GC(37) Pause Young (Allocation Failure)
[1.067s][info][gc,heap        ] GC(37) PSYoungGen: 24604K(44032K)->8768K(44032K) Eden: 8704K(8704K)->0K(10752K) From: 15900K(35328K)->8768K(33280K)
[1.067s][info][gc,heap        ] GC(37) ParOldGen: 126441K(159232K)->142601K(159232K)
[1.067s][info][gc,metaspace   ] GC(37) Metaspace: 6299K(6464K)->6299K(6464K) NonClass: 5765K(5824K)->5765K(5824K) Class: 533K(640K)->533K(640K)
[1.067s][info][gc             ] GC(37) Pause Young (Allocation Failure) 147M->147M(198M) 20.759ms
[1.067s][info][gc,cpu         ] GC(37) User=0.11s Sys=0.00s Real=0.02s
[1.067s][info][gc,start       ] GC(38) Pause Full (Ergonomics)
[1.067s][info][gc,phases,start] GC(38) Marking Phase
[1.114s][info][gc,phases      ] GC(38) Marking Phase 47.631ms
[1.115s][info][gc,phases,start] GC(38) Summary Phase
[1.115s][info][gc,phases      ] GC(38) Summary Phase 0.022ms
[1.115s][info][gc,phases,start] GC(38) Adjust Roots
[1.115s][info][gc,phases      ] GC(38) Adjust Roots 0.155ms
[1.115s][info][gc,phases,start] GC(38) Compaction Phase
[1.135s][info][gc,phases      ] GC(38) Compaction Phase 20.508ms
[1.135s][info][gc,phases,start] GC(38) Post Compact
[1.136s][info][gc,phases      ] GC(38) Post Compact 0.805ms
[1.136s][info][gc,heap        ] GC(38) PSYoungGen: 8768K(44032K)->0K(45056K) Eden: 0K(10752K)->0K(10752K) From: 8768K(33280K)->0K(34304K)
[1.136s][info][gc,heap        ] GC(38) ParOldGen: 142601K(159232K)->151010K(188416K)
[1.136s][info][gc,metaspace   ] GC(38) Metaspace: 6299K(6464K)->6299K(6464K) NonClass: 5765K(5824K)->5765K(5824K) Class: 533K(640K)->533K(640K)
[1.136s][info][gc             ] GC(38) Pause Full (Ergonomics) 147M->147M(228M) 69.644ms
[1.137s][info][gc,cpu         ] GC(38) User=0.19s Sys=0.00s Real=0.07s
[1.148s][info][gc,start       ] GC(39) Pause Young (Allocation Failure)
[1.154s][info][gc,heap        ] GC(39) PSYoungGen: 10752K(45056K)->10848K(43008K) Eden: 10752K(10752K)->0K(12288K) From: 0K(34304K)->10848K(30720K)
[1.154s][info][gc,heap        ] GC(39) ParOldGen: 151010K(188416K)->151010K(188416K)
[1.154s][info][gc,metaspace   ] GC(39) Metaspace: 6299K(6464K)->6299K(6464K) NonClass: 5765K(5824K)->5765K(5824K) Class: 533K(640K)->533K(640K)
[1.154s][info][gc             ] GC(39) Pause Young (Allocation Failure) 157M->158M(226M) 6.669ms
[1.154s][info][gc,cpu         ] GC(39) User=0.00s Sys=0.00s Real=0.01s
[1.167s][info][gc,start       ] GC(40) Pause Young (Allocation Failure)
[1.179s][info][gc,heap        ] GC(40) PSYoungGen: 23136K(43008K)->23104K(45056K) Eden: 12288K(12288K)->0K(12288K) From: 10848K(30720K)->23104K(32768K)
[1.179s][info][gc,heap        ] GC(40) ParOldGen: 151010K(188416K)->151010K(188416K)
[1.179s][info][gc,metaspace   ] GC(40) Metaspace: 6299K(6464K)->6299K(6464K) NonClass: 5765K(5824K)->5765K(5824K) Class: 533K(640K)->533K(640K)
[1.179s][info][gc             ] GC(40) Pause Young (Allocation Failure) 170M->170M(228M) 12.082ms
[1.179s][info][gc,cpu         ] GC(40) User=0.02s Sys=0.00s Real=0.01s
[1.210s][info][gc,start       ] GC(41) Pause Young (Allocation Failure)
[1.235s][info][gc,heap        ] GC(41) PSYoungGen: 35392K(45056K)->34272K(42496K) Eden: 12288K(12288K)->0K(8192K) From: 23104K(32768K)->34272K(34304K)
[1.236s][info][gc,heap        ] GC(41) ParOldGen: 151010K(188416K)->152082K(188416K)
[1.236s][info][gc,metaspace   ] GC(41) Metaspace: 6299K(6464K)->6299K(6464K) NonClass: 5765K(5824K)->5765K(5824K) Class: 533K(640K)->533K(640K)
[1.236s][info][gc             ] GC(41) Pause Young (Allocation Failure) 182M->181M(225M) 25.397ms
[1.236s][info][gc,cpu         ] GC(41) User=0.02s Sys=0.00s Real=0.03s
[1.244s][info][gc,start       ] GC(42) Pause Young (Allocation Failure)
[1.266s][info][gc,heap        ] GC(42) PSYoungGen: 42464K(42496K)->20512K(48640K) Eden: 8192K(8192K)->0K(8192K) From: 34272K(34304K)->20512K(40448K)
[1.266s][info][gc,heap        ] GC(42) ParOldGen: 152082K(188416K)->174378K(188416K)
[1.266s][info][gc,metaspace   ] GC(42) Metaspace: 6299K(6464K)->6299K(6464K) NonClass: 5765K(5824K)->5765K(5824K) Class: 533K(640K)->533K(640K)
[1.266s][info][gc             ] GC(42) Pause Young (Allocation Failure) 189M->190M(231M) 22.119ms
[1.266s][info][gc,cpu         ] GC(42) User=0.03s Sys=0.00s Real=0.02s
[1.266s][info][gc,start       ] GC(43) Pause Full (Ergonomics)
[1.266s][info][gc,phases,start] GC(43) Marking Phase
[1.315s][info][gc,phases      ] GC(43) Marking Phase 48.184ms
[1.315s][info][gc,phases,start] GC(43) Summary Phase
[1.315s][info][gc,phases      ] GC(43) Summary Phase 0.020ms
[1.315s][info][gc,phases,start] GC(43) Adjust Roots
[1.315s][info][gc,phases      ] GC(43) Adjust Roots 0.152ms
[1.315s][info][gc,phases,start] GC(43) Compaction Phase
[1.353s][info][gc,phases      ] GC(43) Compaction Phase 38.457ms
[1.353s][info][gc,phases,start] GC(43) Post Compact
[1.354s][info][gc,phases      ] GC(43) Post Compact 0.941ms
[1.355s][info][gc,heap        ] GC(43) PSYoungGen: 20512K(48640K)->2027K(48640K) Eden: 0K(8192K)->0K(8192K) From: 20512K(40448K)->2027K(40448K)
[1.355s][info][gc,heap        ] GC(43) ParOldGen: 174378K(188416K)->188300K(230912K)
[1.355s][info][gc,metaspace   ] GC(43) Metaspace: 6299K(6464K)->6299K(6464K) NonClass: 5765K(5824K)->5765K(5824K) Class: 533K(640K)->533K(640K)
[1.355s][info][gc             ] GC(43) Pause Full (Ergonomics) 190M->185M(273M) 88.341ms
[1.355s][info][gc,cpu         ] GC(43) User=0.22s Sys=0.00s Real=0.09s
[1.364s][info][gc,start       ] GC(44) Pause Young (Allocation Failure)
[1.379s][info][gc,heap        ] GC(44) PSYoungGen: 10219K(48640K)->9184K(47104K) Eden: 8192K(8192K)->0K(9728K) From: 2027K(40448K)->9184K(37376K)
[1.379s][info][gc,heap        ] GC(44) ParOldGen: 188300K(230912K)->189460K(230912K)
[1.379s][info][gc,metaspace   ] GC(44) Metaspace: 6299K(6464K)->6299K(6464K) NonClass: 5765K(5824K)->5765K(5824K) Class: 533K(640K)->533K(640K)
[1.379s][info][gc             ] GC(44) Pause Young (Allocation Failure) 193M->193M(271M) 15.369ms
[1.379s][info][gc,cpu         ] GC(44) User=0.02s Sys=0.00s Real=0.01s
[1.390s][info][gc,start       ] GC(45) Pause Young (Allocation Failure)
[1.400s][info][gc,heap        ] GC(45) PSYoungGen: 18912K(47104K)->18912K(48128K) Eden: 9728K(9728K)->0K(9728K) From: 9184K(37376K)->18912K(38400K)
[1.400s][info][gc,heap        ] GC(45) ParOldGen: 189460K(230912K)->189460K(230912K)
[1.400s][info][gc,metaspace   ] GC(45) Metaspace: 6299K(6464K)->6299K(6464K) NonClass: 5765K(5824K)->5765K(5824K) Class: 533K(640K)->533K(640K)
[1.401s][info][gc             ] GC(45) Pause Young (Allocation Failure) 203M->203M(272M) 10.366ms
[1.401s][info][gc,cpu         ] GC(45) User=0.00s Sys=0.00s Real=0.01s
[1.410s][info][gc,start       ] GC(46) Pause Young (Allocation Failure)
[1.425s][info][gc,heap        ] GC(46) PSYoungGen: 28640K(48128K)->28608K(46080K) Eden: 9728K(9728K)->0K(8704K) From: 18912K(38400K)->28608K(37376K)
[1.425s][info][gc,heap        ] GC(46) ParOldGen: 189460K(230912K)->189460K(230912K)
[1.425s][info][gc,metaspace   ] GC(46) Metaspace: 6299K(6464K)->6299K(6464K) NonClass: 5765K(5824K)->5765K(5824K) Class: 533K(640K)->533K(640K)
[1.425s][info][gc             ] GC(46) Pause Young (Allocation Failure) 212M->212M(270M) 14.787ms
[1.425s][info][gc,cpu         ] GC(46) User=0.02s Sys=0.00s Real=0.02s
[1.436s][info][gc,start       ] GC(47) Pause Young (Allocation Failure)
[1.454s][info][gc,heap        ] GC(47) PSYoungGen: 37312K(46080K)->36384K(48640K) Eden: 8704K(8704K)->0K(8704K) From: 28608K(37376K)->36384K(39936K)
[1.454s][info][gc,heap        ] GC(47) ParOldGen: 189460K(230912K)->190404K(230912K)
[1.454s][info][gc,metaspace   ] GC(47) Metaspace: 6299K(6464K)->6299K(6464K) NonClass: 5765K(5824K)->5765K(5824K) Class: 533K(640K)->533K(640K)
[1.454s][info][gc             ] GC(47) Pause Young (Allocation Failure) 221M->221M(273M) 18.838ms
[1.454s][info][gc,cpu         ] GC(47) User=0.11s Sys=0.00s Real=0.02s
[1.465s][info][gc,start       ] GC(48) Pause Young (Allocation Failure)
[1.488s][info][gc,heap        ] GC(48) PSYoungGen: 45088K(48640K)->36896K(50688K) Eden: 8704K(8704K)->0K(6144K) From: 36384K(39936K)->36896K(44544K)
[1.488s][info][gc,heap        ] GC(48) ParOldGen: 190404K(230912K)->198716K(230912K)
[1.488s][info][gc,metaspace   ] GC(48) Metaspace: 6299K(6464K)->6299K(6464K) NonClass: 5765K(5824K)->5765K(5824K) Class: 533K(640K)->533K(640K)
[1.488s][info][gc             ] GC(48) Pause Young (Allocation Failure) 229M->230M(275M) 22.735ms
[1.488s][info][gc,cpu         ] GC(48) User=0.03s Sys=0.05s Real=0.02s
[1.496s][info][gc,start       ] GC(49) Pause Young (Allocation Failure)
[1.519s][info][gc,heap        ] GC(49) PSYoungGen: 43040K(50688K)->23616K(30208K) Eden: 6144K(6144K)->0K(6144K) From: 36896K(44544K)->23616K(24064K)
[1.519s][info][gc,heap        ] GC(49) ParOldGen: 198716K(230912K)->218412K(230912K)
[1.519s][info][gc,metaspace   ] GC(49) Metaspace: 6299K(6464K)->6299K(6464K) NonClass: 5765K(5824K)->5765K(5824K) Class: 533K(640K)->533K(640K)
[1.519s][info][gc             ] GC(49) Pause Young (Allocation Failure) 236M->236M(255M) 23.112ms
[1.519s][info][gc,cpu         ] GC(49) User=0.09s Sys=0.00s Real=0.02s
[1.519s][info][gc,start       ] GC(50) Pause Full (Ergonomics)
[1.519s][info][gc,phases,start] GC(50) Marking Phase
[1.588s][info][gc,phases      ] GC(50) Marking Phase 68.534ms
[1.588s][info][gc,phases,start] GC(50) Summary Phase
[1.588s][info][gc,phases      ] GC(50) Summary Phase 0.022ms
[1.588s][info][gc,phases,start] GC(50) Adjust Roots
[1.588s][info][gc,phases      ] GC(50) Adjust Roots 0.203ms
[1.588s][info][gc,phases,start] GC(50) Compaction Phase
[1.624s][info][gc,phases      ] GC(50) Compaction Phase 35.663ms
[1.624s][info][gc,phases,start] GC(50) Post Compact
[1.625s][info][gc,phases      ] GC(50) Post Compact 1.406ms
[1.626s][info][gc,heap        ] GC(50) PSYoungGen: 23616K(30208K)->10686K(30208K) Eden: 0K(6144K)->0K(6144K) From: 23616K(24064K)->10686K(24064K)
[1.626s][info][gc,heap        ] GC(50) ParOldGen: 218412K(230912K)->230648K(275968K)
[1.626s][info][gc,metaspace   ] GC(50) Metaspace: 6299K(6464K)->6299K(6464K) NonClass: 5765K(5824K)->5765K(5824K) Class: 533K(640K)->533K(640K)
[1.626s][info][gc             ] GC(50) Pause Full (Ergonomics) 236M->235M(299M) 106.569ms
[1.626s][info][gc,cpu         ] GC(50) User=0.45s Sys=0.00s Real=0.11s
[1.637s][info][gc,start       ] GC(51) Pause Young (Allocation Failure)
[1.664s][info][gc,heap        ] GC(51) PSYoungGen: 16830K(30208K)->8736K(52736K) Eden: 6144K(6144K)->0K(7168K) From: 10686K(24064K)->8736K(45568K)
[1.664s][info][gc,heap        ] GC(51) ParOldGen: 230648K(275968K)->239008K(275968K)
[1.664s][info][gc,metaspace   ] GC(51) Metaspace: 6299K(6464K)->6299K(6464K) NonClass: 5765K(5824K)->5765K(5824K) Class: 533K(640K)->533K(640K)
[1.664s][info][gc             ] GC(51) Pause Young (Allocation Failure) 241M->241M(321M) 27.851ms
[1.664s][info][gc,cpu         ] GC(51) User=0.09s Sys=0.00s Real=0.03s
[1.673s][info][gc,start       ] GC(52) Pause Young (Allocation Failure)
[1.685s][info][gc,heap        ] GC(52) PSYoungGen: 15904K(52736K)->13408K(53248K) Eden: 7168K(7168K)->0K(7168K) From: 8736K(45568K)->13408K(46080K)
[1.685s][info][gc,heap        ] GC(52) ParOldGen: 239008K(275968K)->241536K(275968K)
[1.685s][info][gc,metaspace   ] GC(52) Metaspace: 6299K(6464K)->6299K(6464K) NonClass: 5765K(5824K)->5765K(5824K) Class: 533K(640K)->533K(640K)
[1.685s][info][gc             ] GC(52) Pause Young (Allocation Failure) 248M->248M(321M) 11.530ms
[1.685s][info][gc,cpu         ] GC(52) User=0.00s Sys=0.00s Real=0.01s
[1.696s][info][gc,start       ] GC(53) Pause Young (Allocation Failure)
[1.709s][info][gc,heap        ] GC(53) PSYoungGen: 20576K(53248K)->7296K(52736K) Eden: 7168K(7168K)->0K(8704K) From: 13408K(46080K)->7296K(44032K)
[1.709s][info][gc,heap        ] GC(53) ParOldGen: 241536K(275968K)->255008K(275968K)
[1.709s][info][gc,metaspace   ] GC(53) Metaspace: 6299K(6464K)->6299K(6464K) NonClass: 5765K(5824K)->5765K(5824K) Class: 533K(640K)->533K(640K)
[1.709s][info][gc             ] GC(53) Pause Young (Allocation Failure) 255M->256M(321M) 12.773ms
[1.709s][info][gc,cpu         ] GC(53) User=0.00s Sys=0.00s Real=0.01s
[1.709s][info][gc,start       ] GC(54) Pause Full (Ergonomics)
[1.709s][info][gc,phases,start] GC(54) Marking Phase
[1.770s][info][gc,phases      ] GC(54) Marking Phase 61.302ms
[1.770s][info][gc,phases,start] GC(54) Summary Phase
[1.770s][info][gc,phases      ] GC(54) Summary Phase 0.026ms
[1.770s][info][gc,phases,start] GC(54) Adjust Roots
[1.771s][info][gc,phases      ] GC(54) Adjust Roots 0.238ms
[1.771s][info][gc,phases,start] GC(54) Compaction Phase
[1.806s][info][gc,phases      ] GC(54) Compaction Phase 35.810ms
[1.806s][info][gc,phases,start] GC(54) Post Compact
[1.808s][info][gc,phases      ] GC(54) Post Compact 1.780ms
[1.809s][info][gc,heap        ] GC(54) PSYoungGen: 7296K(52736K)->0K(53248K) Eden: 0K(8704K)->0K(8704K) From: 7296K(44032K)->0K(44544K)
[1.809s][info][gc,heap        ] GC(54) ParOldGen: 255008K(275968K)->261728K(307712K)
[1.809s][info][gc,metaspace   ] GC(54) Metaspace: 6299K(6464K)->6299K(6464K) NonClass: 5765K(5824K)->5765K(5824K) Class: 533K(640K)->533K(640K)
[1.809s][info][gc             ] GC(54) Pause Full (Ergonomics) 256M->255M(352M) 99.841ms
[1.809s][info][gc,cpu         ] GC(54) User=0.61s Sys=0.02s Real=0.10s
[1.823s][info][gc,start       ] GC(55) Pause Young (Allocation Failure)
[1.830s][info][gc,heap        ] GC(55) PSYoungGen: 8704K(53248K)->8832K(51712K) Eden: 8704K(8704K)->0K(9728K) From: 0K(44544K)->8832K(41984K)
[1.830s][info][gc,heap        ] GC(55) ParOldGen: 261728K(307712K)->261728K(307712K)
[1.830s][info][gc,metaspace   ] GC(55) Metaspace: 6299K(6464K)->6299K(6464K) NonClass: 5765K(5824K)->5765K(5824K) Class: 533K(640K)->533K(640K)
[1.831s][info][gc             ] GC(55) Pause Young (Allocation Failure) 264M->264M(351M) 7.520ms
[1.831s][info][gc,cpu         ] GC(55) User=0.05s Sys=0.00s Real=0.01s
[1.847s][info][gc,start       ] GC(56) Pause Young (Allocation Failure)
[1.857s][info][gc,heap        ] GC(56) PSYoungGen: 18560K(51712K)->18560K(28672K) Eden: 9728K(9728K)->0K(9728K) From: 8832K(41984K)->18560K(18944K)
[1.857s][info][gc,heap        ] GC(56) ParOldGen: 261728K(307712K)->261728K(307712K)
[1.857s][info][gc,metaspace   ] GC(56) Metaspace: 6299K(6464K)->6299K(6464K) NonClass: 5765K(5824K)->5765K(5824K) Class: 533K(640K)->533K(640K)
[1.857s][info][gc             ] GC(56) Pause Young (Allocation Failure) 273M->273M(328M) 10.660ms
[1.857s][info][gc,cpu         ] GC(56) User=0.08s Sys=0.00s Real=0.01s
[1.876s][info][gc,start       ] GC(57) Pause Young (Allocation Failure)
[1.891s][info][gc,heap        ] GC(57) PSYoungGen: 28288K(28672K)->28224K(51200K) Eden: 9728K(9728K)->0K(9728K) From: 18560K(18944K)->28224K(41472K)
[1.891s][info][gc,heap        ] GC(57) ParOldGen: 261728K(307712K)->261728K(307712K)
[1.892s][info][gc,metaspace   ] GC(57) Metaspace: 6299K(6464K)->6299K(6464K) NonClass: 5765K(5824K)->5765K(5824K) Class: 533K(640K)->533K(640K)
[1.892s][info][gc             ] GC(57) Pause Young (Allocation Failure) 283M->283M(350M) 15.518ms
[1.892s][info][gc,cpu         ] GC(57) User=0.09s Sys=0.00s Real=0.02s
[1.906s][info][gc,start       ] GC(58) Pause Young (Allocation Failure)
[1.924s][info][gc,heap        ] GC(58) PSYoungGen: 37952K(51200K)->37952K(52736K) Eden: 9728K(9728K)->0K(9728K) From: 28224K(41472K)->37952K(43008K)
[1.924s][info][gc,heap        ] GC(58) ParOldGen: 261728K(307712K)->261728K(307712K)
[1.924s][info][gc,metaspace   ] GC(58) Metaspace: 6299K(6464K)->6299K(6464K) NonClass: 5765K(5824K)->5765K(5824K) Class: 533K(640K)->533K(640K)
[1.924s][info][gc             ] GC(58) Pause Young (Allocation Failure) 292M->292M(352M) 18.440ms
[1.924s][info][gc,cpu         ] GC(58) User=0.14s Sys=0.00s Real=0.02s
[1.937s][info][gc,start       ] GC(59) Pause Young (Allocation Failure)
[1.962s][info][gc,heap        ] GC(59) PSYoungGen: 47680K(52736K)->39008K(54784K) Eden: 9728K(9728K)->0K(7168K) From: 37952K(43008K)->39008K(47616K)
[1.962s][info][gc,heap        ] GC(59) ParOldGen: 261728K(307712K)->270560K(307712K)
[1.962s][info][gc,metaspace   ] GC(59) Metaspace: 6299K(6464K)->6299K(6464K) NonClass: 5765K(5824K)->5765K(5824K) Class: 533K(640K)->533K(640K)
[1.962s][info][gc             ] GC(59) Pause Young (Allocation Failure) 302M->302M(354M) 24.618ms
[1.962s][info][gc,cpu         ] GC(59) User=0.11s Sys=0.00s Real=0.03s
[1.972s][info][gc,start       ] GC(60) Pause Young (Allocation Failure)
[1.995s][info][gc,heap        ] GC(60) PSYoungGen: 46176K(54784K)->36416K(58880K) Eden: 7168K(7168K)->0K(7168K) From: 39008K(47616K)->36416K(51712K)
[1.995s][info][gc,heap        ] GC(60) ParOldGen: 270560K(307712K)->280432K(307712K)
[1.995s][info][gc,metaspace   ] GC(60) Metaspace: 6299K(6464K)->6299K(6464K) NonClass: 5765K(5824K)->5765K(5824K) Class: 533K(640K)->533K(640K)
[1.995s][info][gc             ] GC(60) Pause Young (Allocation Failure) 309M->309M(358M) 22.233ms
[1.995s][info][gc,cpu         ] GC(60) User=0.11s Sys=0.00s Real=0.02s
[2.005s][info][gc,start       ] GC(61) Pause Young (Allocation Failure)
[2.028s][info][gc,heap        ] GC(61) PSYoungGen: 43584K(58880K)->24160K(56832K) Eden: 7168K(7168K)->0K(8704K) From: 36416K(51712K)->24160K(48128K)
[2.028s][info][gc,heap        ] GC(61) ParOldGen: 280432K(307712K)->300152K(307712K)
[2.028s][info][gc,metaspace   ] GC(61) Metaspace: 6299K(6464K)->6299K(6464K) NonClass: 5765K(5824K)->5765K(5824K) Class: 533K(640K)->533K(640K)
[2.028s][info][gc             ] GC(61) Pause Young (Allocation Failure) 316M->316M(356M) 23.294ms
[2.028s][info][gc,cpu         ] GC(61) User=0.08s Sys=0.02s Real=0.02s
[2.029s][info][gc,start       ] GC(62) Pause Full (Ergonomics)
[2.029s][info][gc,phases,start] GC(62) Marking Phase
[2.110s][info][gc,phases      ] GC(62) Marking Phase 81.231ms
[2.110s][info][gc,phases,start] GC(62) Summary Phase
[2.110s][info][gc,phases      ] GC(62) Summary Phase 0.024ms
[2.110s][info][gc,phases,start] GC(62) Adjust Roots
[2.110s][info][gc,phases      ] GC(62) Adjust Roots 0.280ms
[2.110s][info][gc,phases,start] GC(62) Compaction Phase
[2.152s][info][gc,phases      ] GC(62) Compaction Phase 41.795ms
[2.152s][info][gc,phases,start] GC(62) Post Compact
[2.155s][info][gc,phases      ] GC(62) Post Compact 2.505ms
[2.155s][info][gc,heap        ] GC(62) PSYoungGen: 24160K(56832K)->15793K(58368K) Eden: 0K(8704K)->0K(10240K) From: 24160K(48128K)->15793K(48128K)
[2.155s][info][gc,heap        ] GC(62) ParOldGen: 300152K(307712K)->307662K(357888K)
[2.155s][info][gc,metaspace   ] GC(62) Metaspace: 6299K(6464K)->6299K(6464K) NonClass: 5765K(5824K)->5765K(5824K) Class: 533K(640K)->533K(640K)
[2.155s][info][gc             ] GC(62) Pause Full (Ergonomics) 316M->315M(406M) 126.685ms
[2.155s][info][gc,cpu         ] GC(62) User=0.72s Sys=0.00s Real=0.13s
[2.171s][info][gc,start       ] GC(63) Pause Young (Allocation Failure)
[2.203s][info][gc,heap        ] GC(63) PSYoungGen: 26033K(58368K)->15424K(61440K) Eden: 10240K(10240K)->0K(10240K) From: 15793K(48128K)->15424K(51200K)
[2.203s][info][gc,heap        ] GC(63) ParOldGen: 307662K(357888K)->318622K(357888K)
[2.203s][info][gc,metaspace   ] GC(63) Metaspace: 6299K(6464K)->6299K(6464K) NonClass: 5765K(5824K)->5765K(5824K) Class: 533K(640K)->533K(640K)
[2.203s][info][gc             ] GC(63) Pause Young (Allocation Failure) 325M->326M(409M) 31.857ms
[2.203s][info][gc,cpu         ] GC(63) User=0.16s Sys=0.00s Real=0.03s
[2.219s][info][gc,start       ] GC(64) Pause Young (Allocation Failure)
[2.236s][info][gc,heap        ] GC(64) PSYoungGen: 25664K(61440K)->20608K(56832K) Eden: 10240K(10240K)->0K(11776K) From: 15424K(51200K)->20608K(45056K)
[2.236s][info][gc,heap        ] GC(64) ParOldGen: 318622K(357888K)->323750K(357888K)
[2.236s][info][gc,metaspace   ] GC(64) Metaspace: 6299K(6464K)->6299K(6464K) NonClass: 5765K(5824K)->5765K(5824K) Class: 533K(640K)->533K(640K)
[2.236s][info][gc             ] GC(64) Pause Young (Allocation Failure) 336M->336M(405M) 16.970ms
[2.236s][info][gc,cpu         ] GC(64) User=0.08s Sys=0.00s Real=0.02s
[2.320s][info][gc,start       ] GC(65) Pause Full (Ergonomics)
[2.320s][info][gc,phases,start] GC(65) Marking Phase
[2.400s][info][gc,phases      ] GC(65) Marking Phase 80.079ms
[2.400s][info][gc,phases,start] GC(65) Summary Phase
[2.400s][info][gc,phases      ] GC(65) Summary Phase 0.021ms
[2.400s][info][gc,phases,start] GC(65) Adjust Roots
[2.401s][info][gc,phases      ] GC(65) Adjust Roots 0.154ms
[2.401s][info][gc,phases,start] GC(65) Compaction Phase
[2.463s][info][gc,phases      ] GC(65) Compaction Phase 62.823ms
[2.464s][info][gc,phases,start] GC(65) Post Compact
[2.465s][info][gc,phases      ] GC(65) Post Compact 1.836ms
[2.466s][info][gc,heap        ] GC(65) PSYoungGen: 32384K(56832K)->6114K(58368K) Eden: 11776K(11776K)->0K(13312K) From: 20608K(45056K)->6114K(45056K)
[2.466s][info][gc,heap        ] GC(65) ParOldGen: 340134K(357888K)->357698K(408576K)
[2.466s][info][gc,metaspace   ] GC(65) Metaspace: 6299K(6464K)->6299K(6464K) NonClass: 5765K(5824K)->5765K(5824K) Class: 533K(640K)->533K(640K)
[2.466s][info][gc             ] GC(65) Pause Full (Ergonomics) 363M->355M(456M) 145.509ms
[2.466s][info][gc,cpu         ] GC(65) User=0.80s Sys=0.02s Real=0.14s
[2.480s][info][gc,start       ] GC(66) Pause Young (Allocation Failure)
[2.505s][info][gc,heap        ] GC(66) PSYoungGen: 19426K(58368K)->16032K(60928K) Eden: 13312K(13312K)->0K(13312K) From: 6114K(45056K)->16032K(47616K)
[2.505s][info][gc,heap        ] GC(66) ParOldGen: 357698K(408576K)->361314K(408576K)
[2.505s][info][gc,metaspace   ] GC(66) Metaspace: 6299K(6464K)->6299K(6464K) NonClass: 5765K(5824K)->5765K(5824K) Class: 533K(640K)->533K(640K)
[2.505s][info][gc             ] GC(66) Pause Young (Allocation Failure) 368M->368M(458M) 24.665ms
[2.505s][info][gc,cpu         ] GC(66) User=0.14s Sys=0.00s Real=0.03s
[2.522s][info][gc,start       ] GC(67) Pause Young (Allocation Failure)
[2.537s][info][gc,heap        ] GC(67) PSYoungGen: 29344K(60928K)->29312K(61440K) Eden: 13312K(13312K)->0K(14848K) From: 16032K(47616K)->29312K(46592K)
[2.537s][info][gc,heap        ] GC(67) ParOldGen: 361314K(408576K)->361314K(408576K)
[2.537s][info][gc,metaspace   ] GC(67) Metaspace: 6299K(6464K)->6299K(6464K) NonClass: 5765K(5824K)->5765K(5824K) Class: 533K(640K)->533K(640K)
[2.537s][info][gc             ] GC(67) Pause Young (Allocation Failure) 381M->381M(459M) 14.927ms
[2.537s][info][gc,cpu         ] GC(67) User=0.02s Sys=0.00s Real=0.02s
[2.554s][info][gc,start       ] GC(68) Pause Young (Allocation Failure)
[2.575s][info][gc,heap        ] GC(68) PSYoungGen: 44160K(61440K)->44192K(61440K) Eden: 14848K(14848K)->0K(14848K) From: 29312K(46592K)->44192K(46592K)
[2.575s][info][gc,heap        ] GC(68) ParOldGen: 361314K(408576K)->361314K(408576K)
[2.575s][info][gc,metaspace   ] GC(68) Metaspace: 6299K(6464K)->6299K(6464K) NonClass: 5765K(5824K)->5765K(5824K) Class: 533K(640K)->533K(640K)
[2.575s][info][gc             ] GC(68) Pause Young (Allocation Failure) 395M->396M(459M) 20.927ms
[2.575s][info][gc,cpu         ] GC(68) User=0.12s Sys=0.00s Real=0.02s
[2.590s][info][gc,start       ] GC(69) Pause Young (Allocation Failure)
[2.618s][info][gc,heap        ] GC(69) PSYoungGen: 59040K(61440K)->52224K(59392K) Eden: 14848K(14848K)->0K(7168K) From: 44192K(46592K)->52224K(52224K)
[2.618s][info][gc,heap        ] GC(69) ParOldGen: 361314K(408576K)->368106K(408576K)
[2.618s][info][gc,metaspace   ] GC(69) Metaspace: 6299K(6464K)->6299K(6464K) NonClass: 5765K(5824K)->5765K(5824K) Class: 533K(640K)->533K(640K)
[2.618s][info][gc             ] GC(69) Pause Young (Allocation Failure) 410M->410M(457M) 28.059ms
[2.618s][info][gc,cpu         ] GC(69) User=0.14s Sys=0.00s Real=0.03s
[2.625s][info][gc,start       ] GC(70) Pause Young (Allocation Failure)
[2.655s][info][gc,heap        ] GC(70) PSYoungGen: 59392K(59392K)->34624K(69120K) Eden: 7168K(7168K)->0K(7168K) From: 52224K(52224K)->34624K(61952K)
[2.656s][info][gc,heap        ] GC(70) ParOldGen: 368106K(408576K)->393338K(408576K)
[2.656s][info][gc,metaspace   ] GC(70) Metaspace: 6299K(6464K)->6299K(6464K) NonClass: 5765K(5824K)->5765K(5824K) Class: 533K(640K)->533K(640K)
[2.656s][info][gc             ] GC(70) Pause Young (Allocation Failure) 417M->417M(466M) 30.508ms
[2.656s][info][gc,cpu         ] GC(70) User=0.08s Sys=0.00s Real=0.03s
[2.656s][info][gc,start       ] GC(71) Pause Full (Ergonomics)
[2.656s][info][gc,phases,start] GC(71) Marking Phase
[2.749s][info][gc,phases      ] GC(71) Marking Phase 93.066ms
[2.749s][info][gc,phases,start] GC(71) Summary Phase
[2.749s][info][gc,phases      ] GC(71) Summary Phase 0.038ms
[2.749s][info][gc,phases,start] GC(71) Adjust Roots
[2.749s][info][gc,phases      ] GC(71) Adjust Roots 0.279ms
[2.749s][info][gc,phases,start] GC(71) Compaction Phase
[2.804s][info][gc,phases      ] GC(71) Compaction Phase 54.844ms
[2.804s][info][gc,phases,start] GC(71) Post Compact
[2.806s][info][gc,phases      ] GC(71) Post Compact 2.131ms
[2.807s][info][gc,heap        ] GC(71) PSYoungGen: 34624K(69120K)->19075K(69120K) Eden: 0K(7168K)->0K(7168K) From: 34624K(61952K)->19075K(61952K)
[2.807s][info][gc,heap        ] GC(71) ParOldGen: 393338K(408576K)->408078K(464384K)
[2.807s][info][gc,metaspace   ] GC(71) Metaspace: 6299K(6464K)->6299K(6464K) NonClass: 5765K(5824K)->5765K(5824K) Class: 533K(640K)->533K(640K)
[2.807s][info][gc             ] GC(71) Pause Full (Ergonomics) 417M->417M(521M) 150.983ms
[2.807s][info][gc,cpu         ] GC(71) User=0.95s Sys=0.00s Real=0.15s
[2.814s][info][gc,start       ] GC(72) Pause Young (Allocation Failure)
[2.845s][info][gc,heap        ] GC(72) PSYoungGen: 26243K(69120K)->11712K(69120K) Eden: 7168K(7168K)->0K(8192K) From: 19075K(61952K)->11712K(60928K)
[2.845s][info][gc,heap        ] GC(72) ParOldGen: 408078K(464384K)->422974K(464384K)
[2.845s][info][gc,metaspace   ] GC(72) Metaspace: 6299K(6464K)->6299K(6464K) NonClass: 5765K(5824K)->5765K(5824K) Class: 533K(640K)->533K(640K)
[2.845s][info][gc             ] GC(72) Pause Young (Allocation Failure) 424M->424M(521M) 30.752ms
[2.845s][info][gc,cpu         ] GC(72) User=0.12s Sys=0.00s Real=0.03s
[2.854s][info][gc,start       ] GC(73) Pause Young (Allocation Failure)
[2.865s][info][gc,heap        ] GC(73) PSYoungGen: 19904K(69120K)->15488K(69120K) Eden: 8192K(8192K)->0K(8192K) From: 11712K(60928K)->15488K(60928K)
[2.865s][info][gc,heap        ] GC(73) ParOldGen: 422974K(464384K)->427470K(464384K)
[2.865s][info][gc,metaspace   ] GC(73) Metaspace: 6299K(6464K)->6299K(6464K) NonClass: 5765K(5824K)->5765K(5824K) Class: 533K(640K)->533K(640K)
[2.865s][info][gc             ] GC(73) Pause Young (Allocation Failure) 432M->432M(521M) 11.740ms
[2.865s][info][gc,cpu         ] GC(73) User=0.02s Sys=0.00s Real=0.01s
[2.874s][info][gc,start       ] GC(74) Pause Young (Allocation Failure)
[2.887s][info][gc,heap        ] GC(74) PSYoungGen: 23680K(69120K)->16512K(66048K) Eden: 8192K(8192K)->0K(9728K) From: 15488K(60928K)->16512K(56320K)
[2.887s][info][gc,heap        ] GC(74) ParOldGen: 427470K(464384K)->434734K(464384K)
[2.887s][info][gc,metaspace   ] GC(74) Metaspace: 6299K(6464K)->6299K(6464K) NonClass: 5765K(5824K)->5765K(5824K) Class: 533K(640K)->533K(640K)
[2.887s][info][gc             ] GC(74) Pause Young (Allocation Failure) 440M->440M(518M) 12.956ms
[2.887s][info][gc,cpu         ] GC(74) User=0.02s Sys=0.00s Real=0.01s
[2.898s][info][gc,start       ] GC(75) Pause Young (Allocation Failure)
[2.915s][info][gc,heap        ] GC(75) PSYoungGen: 26240K(66048K)->9824K(67584K) Eden: 9728K(9728K)->0K(9728K) From: 16512K(56320K)->9824K(57856K)
[2.915s][info][gc,heap        ] GC(75) ParOldGen: 434734K(464384K)->451318K(464384K)
[2.915s][info][gc,metaspace   ] GC(75) Metaspace: 6299K(6464K)->6299K(6464K) NonClass: 5765K(5824K)->5765K(5824K) Class: 533K(640K)->533K(640K)
[2.915s][info][gc             ] GC(75) Pause Young (Allocation Failure) 450M->450M(519M) 16.375ms
[2.915s][info][gc,cpu         ] GC(75) User=0.06s Sys=0.00s Real=0.02s
[2.915s][info][gc,start       ] GC(76) Pause Full (Ergonomics)
[2.915s][info][gc,phases,start] GC(76) Marking Phase
[3.027s][info][gc,phases      ] GC(76) Marking Phase 111.947ms
[3.027s][info][gc,phases,start] GC(76) Summary Phase
[3.027s][info][gc,phases      ] GC(76) Summary Phase 0.034ms
[3.027s][info][gc,phases,start] GC(76) Adjust Roots
[3.027s][info][gc,phases      ] GC(76) Adjust Roots 0.278ms
[3.027s][info][gc,phases,start] GC(76) Compaction Phase
[3.075s][info][gc,phases      ] GC(76) Compaction Phase 48.032ms
[3.075s][info][gc,phases,start] GC(76) Post Compact
[3.079s][info][gc,phases      ] GC(76) Post Compact 3.565ms
[3.079s][info][gc,heap        ] GC(76) PSYoungGen: 9824K(67584K)->0K(68608K) Eden: 0K(9728K)->0K(11264K) From: 9824K(57856K)->0K(57344K)
[3.079s][info][gc,heap        ] GC(76) ParOldGen: 451318K(464384K)->460308K(519168K)
[3.079s][info][gc,metaspace   ] GC(76) Metaspace: 6299K(6464K)->6299K(6464K) NonClass: 5765K(5824K)->5765K(5824K) Class: 533K(640K)->533K(640K)
[3.079s][info][gc             ] GC(76) Pause Full (Ergonomics) 450M->449M(574M) 164.577ms
[3.079s][info][gc,cpu         ] GC(76) User=0.95s Sys=0.00s Real=0.16s
[3.091s][info][gc,start       ] GC(77) Pause Young (Allocation Failure)
[3.101s][info][gc,heap        ] GC(77) PSYoungGen: 11264K(68608K)->11392K(68608K) Eden: 11264K(11264K)->0K(11264K) From: 0K(57344K)->11392K(57344K)
[3.101s][info][gc,heap        ] GC(77) ParOldGen: 460308K(519168K)->460308K(519168K)
[3.101s][info][gc,metaspace   ] GC(77) Metaspace: 6299K(6464K)->6299K(6464K) NonClass: 5765K(5824K)->5765K(5824K) Class: 533K(640K)->533K(640K)
[3.101s][info][gc             ] GC(77) Pause Young (Allocation Failure) 460M->460M(574M) 9.463ms
[3.101s][info][gc,cpu         ] GC(77) User=0.02s Sys=0.00s Real=0.01s
[3.114s][info][gc,start       ] GC(78) Pause Young (Allocation Failure)
[3.130s][info][gc,heap        ] GC(78) PSYoungGen: 22656K(68608K)->22688K(62464K) Eden: 11264K(11264K)->0K(12800K) From: 11392K(57344K)->22688K(49664K)
[3.131s][info][gc,heap        ] GC(78) ParOldGen: 460308K(519168K)->460308K(519168K)
[3.131s][info][gc,metaspace   ] GC(78) Metaspace: 6299K(6464K)->6299K(6464K) NonClass: 5765K(5824K)->5765K(5824K) Class: 533K(640K)->533K(640K)
[3.131s][info][gc             ] GC(78) Pause Young (Allocation Failure) 471M->471M(568M) 16.401ms
[3.131s][info][gc,cpu         ] GC(78) User=0.02s Sys=0.00s Real=0.02s
[3.153s][info][gc,start       ] GC(79) Pause Young (Allocation Failure)
[3.176s][info][gc,heap        ] GC(79) PSYoungGen: 35488K(62464K)->35392K(65536K) Eden: 12800K(12800K)->0K(12800K) From: 22688K(49664K)->35392K(52736K)
[3.176s][info][gc,heap        ] GC(79) ParOldGen: 460308K(519168K)->460308K(519168K)
[3.176s][info][gc,metaspace   ] GC(79) Metaspace: 6299K(6464K)->6299K(6464K) NonClass: 5765K(5824K)->5765K(5824K) Class: 533K(640K)->533K(640K)
[3.176s][info][gc             ] GC(79) Pause Young (Allocation Failure) 484M->484M(571M) 23.255ms
[3.176s][info][gc,cpu         ] GC(79) User=0.14s Sys=0.00s Real=0.02s
[3.190s][info][gc,start       ] GC(80) Pause Young (Allocation Failure)
[3.215s][info][gc,heap        ] GC(80) PSYoungGen: 48192K(65536K)->37024K(66560K) Eden: 12800K(12800K)->0K(12288K) From: 35392K(52736K)->37024K(54272K)
[3.215s][info][gc,heap        ] GC(80) ParOldGen: 460308K(519168K)->471724K(519168K)
[3.215s][info][gc,metaspace   ] GC(80) Metaspace: 6299K(6464K)->6299K(6464K) NonClass: 5765K(5824K)->5765K(5824K) Class: 533K(640K)->533K(640K)
[3.215s][info][gc             ] GC(80) Pause Young (Allocation Failure) 496M->496M(572M) 25.543ms
[3.215s][info][gc,cpu         ] GC(80) User=0.09s Sys=0.02s Real=0.03s
[3.229s][info][gc,start       ] GC(81) Pause Young (Allocation Failure)
[3.255s][info][gc,heap        ] GC(81) PSYoungGen: 49312K(66560K)->37984K(68608K) Eden: 12288K(12288K)->0K(12288K) From: 37024K(54272K)->37984K(56320K)
[3.255s][info][gc,heap        ] GC(81) ParOldGen: 471724K(519168K)->483148K(519168K)
[3.255s][info][gc,metaspace   ] GC(81) Metaspace: 6299K(6464K)->6299K(6464K) NonClass: 5765K(5824K)->5765K(5824K) Class: 533K(640K)->533K(640K)
[3.255s][info][gc             ] GC(81) Pause Young (Allocation Failure) 508M->508M(574M) 25.785ms
[3.255s][info][gc,cpu         ] GC(81) User=0.16s Sys=0.00s Real=0.03s
[3.272s][info][gc,start       ] GC(82) Pause Young (Allocation Failure)
[3.304s][info][gc,heap        ] GC(82) PSYoungGen: 50272K(68608K)->24704K(66560K) Eden: 12288K(12288K)->0K(13824K) From: 37984K(56320K)->24704K(52736K)
[3.304s][info][gc,heap        ] GC(82) ParOldGen: 483148K(519168K)->509084K(519168K)
[3.304s][info][gc,metaspace   ] GC(82) Metaspace: 6299K(6464K)->6299K(6464K) NonClass: 5765K(5824K)->5765K(5824K) Class: 533K(640K)->533K(640K)
[3.304s][info][gc             ] GC(82) Pause Young (Allocation Failure) 520M->521M(572M) 31.909ms
[3.304s][info][gc,cpu         ] GC(82) User=0.14s Sys=0.00s Real=0.03s
[3.304s][info][gc,start       ] GC(83) Pause Full (Ergonomics)
[3.304s][info][gc,phases,start] GC(83) Marking Phase
[3.437s][info][gc,phases      ] GC(83) Marking Phase 133.062ms
[3.437s][info][gc,phases,start] GC(83) Summary Phase
[3.437s][info][gc,phases      ] GC(83) Summary Phase 0.031ms
[3.437s][info][gc,phases,start] GC(83) Adjust Roots
[3.438s][info][gc,phases      ] GC(83) Adjust Roots 0.299ms
[3.438s][info][gc,phases,start] GC(83) Compaction Phase
[3.495s][info][gc,phases      ] GC(83) Compaction Phase 57.829ms
[3.495s][info][gc,phases,start] GC(83) Post Compact
[3.497s][info][gc,phases      ] GC(83) Post Compact 1.261ms
[3.497s][info][gc,heap        ] GC(83) PSYoungGen: 24704K(66560K)->13774K(68608K) Eden: 0K(13824K)->0K(15872K) From: 24704K(52736K)->13774K(52736K)
[3.497s][info][gc,heap        ] GC(83) ParOldGen: 509084K(519168K)->519041K(584704K)
[3.497s][info][gc,metaspace   ] GC(83) Metaspace: 6299K(6464K)->6299K(6464K) NonClass: 5765K(5824K)->5765K(5824K) Class: 533K(640K)->533K(640K)
[3.497s][info][gc             ] GC(83) Pause Full (Ergonomics) 521M->520M(638M) 193.277ms
[3.497s][info][gc,cpu         ] GC(83) User=1.20s Sys=0.00s Real=0.19s
[3.518s][info][gc,start       ] GC(84) Pause Young (Allocation Failure)
[3.556s][info][gc,heap        ] GC(84) PSYoungGen: 29646K(68608K)->16000K(71168K) Eden: 15872K(15872K)->0K(15872K) From: 13774K(52736K)->16000K(55296K)
[3.556s][info][gc,heap        ] GC(84) ParOldGen: 519041K(584704K)->533025K(584704K)
[3.556s][info][gc,metaspace   ] GC(84) Metaspace: 6299K(6464K)->6299K(6464K) NonClass: 5765K(5824K)->5765K(5824K) Class: 533K(640K)->533K(640K)
[3.557s][info][gc             ] GC(84) Pause Young (Allocation Failure) 535M->536M(640M) 38.278ms
[3.557s][info][gc,cpu         ] GC(84) User=0.20s Sys=0.00s Real=0.04s
[3.576s][info][gc,start       ] GC(85) Pause Young (Allocation Failure)
[3.597s][info][gc,heap        ] GC(85) PSYoungGen: 31872K(71168K)->16000K(69120K) Eden: 15872K(15872K)->0K(17920K) From: 16000K(55296K)->16000K(51200K)
[3.597s][info][gc,heap        ] GC(85) ParOldGen: 533025K(584704K)->549121K(584704K)
[3.597s][info][gc,metaspace   ] GC(85) Metaspace: 6299K(6464K)->6299K(6464K) NonClass: 5765K(5824K)->5765K(5824K) Class: 533K(640K)->533K(640K)
[3.597s][info][gc             ] GC(85) Pause Young (Allocation Failure) 551M->551M(638M) 20.855ms
[3.597s][info][gc,cpu         ] GC(85) User=0.12s Sys=0.00s Real=0.02s
[3.618s][info][gc,start       ] GC(86) Pause Young (Allocation Failure)
[3.640s][info][gc,heap        ] GC(86) PSYoungGen: 33920K(69120K)->18048K(70656K) Eden: 17920K(17920K)->0K(17920K) From: 16000K(51200K)->18048K(52736K)
[3.640s][info][gc,heap        ] GC(86) ParOldGen: 549121K(584704K)->565225K(584704K)
[3.640s][info][gc,metaspace   ] GC(86) Metaspace: 6299K(6464K)->6299K(6464K) NonClass: 5765K(5824K)->5765K(5824K) Class: 533K(640K)->533K(640K)
[3.640s][info][gc             ] GC(86) Pause Young (Allocation Failure) 569M->569M(640M) 21.998ms
[3.640s][info][gc,cpu         ] GC(86) User=0.09s Sys=0.02s Real=0.02s
[3.640s][info][gc,start       ] GC(87) Pause Full (Ergonomics)
[3.640s][info][gc,phases,start] GC(87) Marking Phase
[3.782s][info][gc,phases      ] GC(87) Marking Phase 141.892ms
[3.782s][info][gc,phases,start] GC(87) Summary Phase
[3.782s][info][gc,phases      ] GC(87) Summary Phase 0.039ms
[3.782s][info][gc,phases,start] GC(87) Adjust Roots
[3.783s][info][gc,phases      ] GC(87) Adjust Roots 0.256ms
[3.783s][info][gc,phases,start] GC(87) Compaction Phase
[3.838s][info][gc,phases      ] GC(87) Compaction Phase 54.925ms
[3.838s][info][gc,phases,start] GC(87) Post Compact
[3.839s][info][gc,phases      ] GC(87) Post Compact 1.587ms
[3.840s][info][gc,heap        ] GC(87) PSYoungGen: 18048K(70656K)->0K(71168K) Eden: 0K(17920K)->0K(19968K) From: 18048K(52736K)->0K(51200K)
[3.840s][info][gc,heap        ] GC(87) ParOldGen: 565225K(584704K)->582390K(652800K)
[3.840s][info][gc,metaspace   ] GC(87) Metaspace: 6299K(6464K)->6299K(6464K) NonClass: 5765K(5824K)->5765K(5824K) Class: 533K(640K)->533K(640K)
[3.840s][info][gc             ] GC(87) Pause Full (Ergonomics) 569M->568M(707M) 199.546ms
[3.840s][info][gc,cpu         ] GC(87) User=1.17s Sys=0.00s Real=0.20s
[3.866s][info][gc,start       ] GC(88) Pause Young (Allocation Failure)
[3.879s][info][gc,heap        ] GC(88) PSYoungGen: 19968K(71168K)->20128K(40448K) Eden: 19968K(19968K)->0K(19968K) From: 0K(51200K)->20128K(20480K)
[3.879s][info][gc,heap        ] GC(88) ParOldGen: 582390K(652800K)->582390K(652800K)
[3.879s][info][gc,metaspace   ] GC(88) Metaspace: 6299K(6464K)->6299K(6464K) NonClass: 5765K(5824K)->5765K(5824K) Class: 533K(640K)->533K(640K)
[3.879s][info][gc             ] GC(88) Pause Young (Allocation Failure) 588M->588M(677M) 12.489ms
[3.879s][info][gc,cpu         ] GC(88) User=0.00s Sys=0.00s Real=0.01s
[3.904s][info][gc,start       ] GC(89) Pause Young (Allocation Failure)
[3.929s][info][gc,heap        ] GC(89) PSYoungGen: 40096K(40448K)->40096K(66560K) Eden: 19968K(19968K)->0K(17920K) From: 20128K(20480K)->40096K(48640K)
[3.929s][info][gc,heap        ] GC(89) ParOldGen: 582390K(652800K)->582390K(652800K)
[3.929s][info][gc,metaspace   ] GC(89) Metaspace: 6299K(6464K)->6299K(6464K) NonClass: 5765K(5824K)->5765K(5824K) Class: 533K(640K)->533K(640K)
[3.929s][info][gc             ] GC(89) Pause Young (Allocation Failure) 607M->607M(702M) 24.874ms
[3.929s][info][gc,cpu         ] GC(89) User=0.11s Sys=0.00s Real=0.03s
[3.955s][info][gc,start       ] GC(90) Pause Young (Allocation Failure)
[3.985s][info][gc,heap        ] GC(90) PSYoungGen: 58016K(66560K)->52736K(70656K) Eden: 17920K(17920K)->0K(17920K) From: 40096K(48640K)->52736K(52736K)
[3.985s][info][gc,heap        ] GC(90) ParOldGen: 582390K(652800K)->587622K(652800K)
[3.985s][info][gc,metaspace   ] GC(90) Metaspace: 6299K(6464K)->6299K(6464K) NonClass: 5765K(5824K)->5765K(5824K) Class: 533K(640K)->533K(640K)
[3.985s][info][gc             ] GC(90) Pause Young (Allocation Failure) 625M->625M(706M) 29.953ms
[3.985s][info][gc,cpu         ] GC(90) User=0.12s Sys=0.00s Real=0.03s
[4.009s][info][gc,start       ] GC(91) Pause Young (Allocation Failure)
[4.049s][info][gc,heap        ] GC(91) PSYoungGen: 70656K(70656K)->34720K(79872K) Eden: 17920K(17920K)->0K(19968K) From: 52736K(52736K)->34720K(59904K)
[4.049s][info][gc,heap        ] GC(91) ParOldGen: 587622K(652800K)->624174K(652800K)
[4.049s][info][gc,metaspace   ] GC(91) Metaspace: 6299K(6464K)->6299K(6464K) NonClass: 5765K(5824K)->5765K(5824K) Class: 533K(640K)->533K(640K)
[4.049s][info][gc             ] GC(91) Pause Young (Allocation Failure) 642M->643M(715M) 40.121ms
[4.049s][info][gc,cpu         ] GC(91) User=0.22s Sys=0.03s Real=0.04s
[4.049s][info][gc,start       ] GC(92) Pause Full (Ergonomics)
[4.049s][info][gc,phases,start] GC(92) Marking Phase
[4.201s][info][gc,phases      ] GC(92) Marking Phase 152.009ms
[4.201s][info][gc,phases,start] GC(92) Summary Phase
[4.201s][info][gc,phases      ] GC(92) Summary Phase 0.061ms
[4.201s][info][gc,phases,start] GC(92) Adjust Roots
[4.201s][info][gc,phases      ] GC(92) Adjust Roots 0.207ms
[4.201s][info][gc,phases,start] GC(92) Compaction Phase
[4.258s][info][gc,phases      ] GC(92) Compaction Phase 56.922ms
[4.258s][info][gc,phases,start] GC(92) Post Compact
[4.260s][info][gc,phases      ] GC(92) Post Compact 1.489ms
[4.260s][info][gc,heap        ] GC(92) PSYoungGen: 34720K(79872K)->5406K(80896K) Eden: 0K(19968K)->0K(20992K) From: 34720K(59904K)->5406K(59904K)
[4.260s][info][gc,heap        ] GC(92) ParOldGen: 624174K(652800K)->652626K(733184K)
[4.260s][info][gc,metaspace   ] GC(92) Metaspace: 6299K(6464K)->6299K(6464K) NonClass: 5765K(5824K)->5765K(5824K) Class: 533K(640K)->533K(640K)
[4.260s][info][gc             ] GC(92) Pause Full (Ergonomics) 643M->642M(795M) 211.553ms
[4.260s][info][gc,cpu         ] GC(92) User=1.53s Sys=0.00s Real=0.21s
[4.286s][info][gc,start       ] GC(93) Pause Young (Allocation Failure)
[4.328s][info][gc,heap        ] GC(93) PSYoungGen: 26398K(80896K)->23552K(81920K) Eden: 20992K(20992K)->0K(20992K) From: 5406K(59904K)->23552K(60928K)
[4.328s][info][gc,heap        ] GC(93) ParOldGen: 652626K(733184K)->655714K(733184K)
[4.328s][info][gc,metaspace   ] GC(93) Metaspace: 6299K(6464K)->6299K(6464K) NonClass: 5765K(5824K)->5765K(5824K) Class: 533K(640K)->533K(640K)
[4.328s][info][gc             ] GC(93) Pause Young (Allocation Failure) 663M->663M(796M) 41.850ms
[4.328s][info][gc,cpu         ] GC(93) User=0.27s Sys=0.00s Real=0.04s
[4.363s][info][gc,start       ] GC(94) Pause Young (Allocation Failure)
[4.393s][info][gc,heap        ] GC(94) PSYoungGen: 44544K(81920K)->44576K(78848K) Eden: 20992K(20992K)->0K(19968K) From: 23552K(60928K)->44576K(58880K)
[4.393s][info][gc,heap        ] GC(94) ParOldGen: 655714K(733184K)->655714K(733184K)
[4.393s][info][gc,metaspace   ] GC(94) Metaspace: 6299K(6464K)->6299K(6464K) NonClass: 5765K(5824K)->5765K(5824K) Class: 533K(640K)->533K(640K)
[4.393s][info][gc             ] GC(94) Pause Young (Allocation Failure) 683M->683M(793M) 29.631ms
[4.393s][info][gc,cpu         ] GC(94) User=0.11s Sys=0.00s Real=0.03s
[4.589s][info][gc,start       ] GC(95) Pause Young (Allocation Failure)
[4.648s][info][gc,heap        ] GC(95) PSYoungGen: 64544K(78848K)->61952K(81920K) Eden: 19968K(19968K)->0K(19968K) From: 44576K(58880K)->61952K(61952K)
[4.648s][info][gc,heap        ] GC(95) ParOldGen: 688482K(733184K)->691002K(733184K)
[4.648s][info][gc,metaspace   ] GC(95) Metaspace: 6299K(6464K)->6299K(6464K) NonClass: 5765K(5824K)->5765K(5824K) Class: 533K(640K)->533K(640K)
[4.648s][info][gc             ] GC(95) Pause Young (Allocation Failure) 735M->735M(796M) 58.324ms
[4.648s][info][gc,cpu         ] GC(95) User=0.19s Sys=0.00s Real=0.06s
[4.673s][info][gc,start       ] GC(96) Pause Young (Allocation Failure)
[4.724s][info][gc,heap        ] GC(96) PSYoungGen: 81920K(81920K)->60160K(87040K) Eden: 19968K(19968K)->0K(15872K) From: 61952K(61952K)->60160K(71168K)
[4.724s][info][gc,heap        ] GC(96) ParOldGen: 691002K(733184K)->713186K(733184K)
[4.724s][info][gc,metaspace   ] GC(96) Metaspace: 6299K(6464K)->6299K(6464K) NonClass: 5765K(5824K)->5765K(5824K) Class: 533K(640K)->533K(640K)
[4.724s][info][gc             ] GC(96) Pause Young (Allocation Failure) 754M->755M(801M) 51.673ms
[4.724s][info][gc,cpu         ] GC(96) User=0.25s Sys=0.00s Real=0.05s
[4.724s][info][gc,start       ] GC(97) Pause Full (Ergonomics)
[4.724s][info][gc,phases,start] GC(97) Marking Phase
[4.926s][info][gc,phases      ] GC(97) Marking Phase 201.664ms
[4.926s][info][gc,phases,start] GC(97) Summary Phase
[4.926s][info][gc,phases      ] GC(97) Summary Phase 0.034ms
[4.926s][info][gc,phases,start] GC(97) Adjust Roots
[4.926s][info][gc,phases      ] GC(97) Adjust Roots 0.304ms
[4.926s][info][gc,phases,start] GC(97) Compaction Phase
[5.081s][info][gc,phases      ] GC(97) Compaction Phase 154.442ms
[5.081s][info][gc,phases,start] GC(97) Post Compact
[5.083s][info][gc,phases      ] GC(97) Post Compact 2.043ms
[5.084s][info][gc,heap        ] GC(97) PSYoungGen: 60160K(87040K)->23111K(87040K) Eden: 0K(15872K)->0K(15872K) From: 60160K(71168K)->23111K(71168K)
[5.084s][info][gc,heap        ] GC(97) ParOldGen: 713186K(733184K)->733106K(818176K)
[5.084s][info][gc,metaspace   ] GC(97) Metaspace: 6299K(6464K)->6299K(6464K) NonClass: 5765K(5824K)->5765K(5824K) Class: 533K(640K)->533K(640K)
[5.084s][info][gc             ] GC(97) Pause Full (Ergonomics) 755M->738M(884M) 359.474ms
[5.084s][info][gc,cpu         ] GC(97) User=1.92s Sys=0.02s Real=0.36s
[5.104s][info][gc,start       ] GC(98) Pause Young (Allocation Failure)
[5.157s][info][gc,heap        ] GC(98) PSYoungGen: 38983K(87040K)->39168K(55296K) Eden: 15872K(15872K)->0K(15872K) From: 23111K(71168K)->39168K(39424K)
[5.157s][info][gc,heap        ] GC(98) ParOldGen: 733106K(818176K)->733106K(818176K)
[5.157s][info][gc,metaspace   ] GC(98) Metaspace: 6299K(6464K)->6299K(6464K) NonClass: 5765K(5824K)->5765K(5824K) Class: 533K(640K)->533K(640K)
[5.158s][info][gc             ] GC(98) Pause Young (Allocation Failure) 753M->754M(853M) 53.840ms
[5.158s][info][gc,cpu         ] GC(98) User=0.28s Sys=0.00s Real=0.05s
[5.175s][info][gc,start       ] GC(99) Pause Young (Allocation Failure)
[5.207s][info][gc,heap        ] GC(99) PSYoungGen: 55040K(55296K)->55072K(89088K) Eden: 15872K(15872K)->0K(14336K) From: 39168K(39424K)->55072K(74752K)
[5.207s][info][gc,heap        ] GC(99) ParOldGen: 733106K(818176K)->733106K(818176K)
[5.207s][info][gc,metaspace   ] GC(99) Metaspace: 6299K(6464K)->6299K(6464K) NonClass: 5765K(5824K)->5765K(5824K) Class: 533K(640K)->533K(640K)
[5.207s][info][gc             ] GC(99) Pause Young (Allocation Failure) 769M->769M(886M) 32.446ms
[5.207s][info][gc,cpu         ] GC(99) User=0.12s Sys=0.00s Real=0.03s
[5.224s][info][gc,start       ] GC(100) Pause Young (Allocation Failure)
[5.269s][info][gc,heap        ] GC(100) PSYoungGen: 69408K(89088K)->69344K(92160K) Eden: 14336K(14336K)->0K(14336K) From: 55072K(74752K)->69344K(77824K)
[5.269s][info][gc,heap        ] GC(100) ParOldGen: 733106K(818176K)->733106K(818176K)
[5.269s][info][gc,metaspace   ] GC(100) Metaspace: 6299K(6464K)->6299K(6464K) NonClass: 5765K(5824K)->5765K(5824K) Class: 533K(640K)->533K(640K)
[5.269s][info][gc             ] GC(100) Pause Young (Allocation Failure) 783M->783M(889M) 44.826ms
[5.269s][info][gc,cpu         ] GC(100) User=0.16s Sys=0.00s Real=0.04s
[5.287s][info][gc,start       ] GC(101) Pause Young (Allocation Failure)
[5.334s][info][gc,heap        ] GC(101) PSYoungGen: 83680K(92160K)->76864K(92160K) Eden: 14336K(14336K)->0K(7168K) From: 69344K(77824K)->76864K(84992K)
[5.334s][info][gc,heap        ] GC(101) ParOldGen: 733106K(818176K)->740050K(818176K)
[5.334s][info][gc,metaspace   ] GC(101) Metaspace: 6299K(6464K)->6299K(6464K) NonClass: 5765K(5824K)->5765K(5824K) Class: 533K(640K)->533K(640K)
[5.334s][info][gc             ] GC(101) Pause Young (Allocation Failure) 797M->797M(889M) 47.206ms
[5.334s][info][gc,cpu         ] GC(101) User=0.19s Sys=0.03s Real=0.05s
[5.343s][info][gc,start       ] GC(102) Pause Young (Allocation Failure)
[5.391s][info][gc,heap        ] GC(102) PSYoungGen: 84032K(92160K)->67680K(101376K) Eden: 7168K(7168K)->0K(7168K) From: 76864K(84992K)->67680K(94208K)
[5.391s][info][gc,heap        ] GC(102) ParOldGen: 740050K(818176K)->756570K(818176K)
[5.391s][info][gc,metaspace   ] GC(102) Metaspace: 6299K(6464K)->6299K(6464K) NonClass: 5765K(5824K)->5765K(5824K) Class: 533K(640K)->533K(640K)
[5.391s][info][gc             ] GC(102) Pause Young (Allocation Failure) 804M->804M(898M) 47.917ms
[5.391s][info][gc,cpu         ] GC(102) User=0.27s Sys=0.00s Real=0.05s
[5.400s][info][gc,start       ] GC(103) Pause Young (Allocation Failure)
[5.443s][info][gc,heap        ] GC(103) PSYoungGen: 74848K(101376K)->43104K(98304K) Eden: 7168K(7168K)->0K(8704K) From: 67680K(94208K)->43104K(89600K)
[5.443s][info][gc,heap        ] GC(103) ParOldGen: 756570K(818176K)->788738K(818176K)
[5.443s][info][gc,metaspace   ] GC(103) Metaspace: 6299K(6464K)->6299K(6464K) NonClass: 5765K(5824K)->5765K(5824K) Class: 533K(640K)->533K(640K)
[5.443s][info][gc             ] GC(103) Pause Young (Allocation Failure) 811M->812M(895M) 42.751ms
[5.443s][info][gc,cpu         ] GC(103) User=0.22s Sys=0.00s Real=0.04s
[5.443s][info][gc,start       ] GC(104) Pause Full (Ergonomics)
[5.443s][info][gc,phases,start] GC(104) Marking Phase
[5.647s][info][gc,phases      ] GC(104) Marking Phase 204.207ms
[5.647s][info][gc,phases,start] GC(104) Summary Phase
[5.647s][info][gc,phases      ] GC(104) Summary Phase 0.024ms
[5.647s][info][gc,phases,start] GC(104) Adjust Roots
[5.647s][info][gc,phases      ] GC(104) Adjust Roots 0.187ms
[5.647s][info][gc,phases,start] GC(104) Compaction Phase
[5.737s][info][gc,phases      ] GC(104) Compaction Phase 89.836ms
[5.737s][info][gc,phases,start] GC(104) Post Compact
[5.739s][info][gc,phases      ] GC(104) Post Compact 1.679ms
[5.739s][info][gc,heap        ] GC(104) PSYoungGen: 43104K(98304K)->12734K(99840K) Eden: 0K(8704K)->0K(10240K) From: 43104K(89600K)->12734K(89600K)
[5.740s][info][gc,heap        ] GC(104) ParOldGen: 788738K(818176K)->818042K(910848K)
[5.740s][info][gc,metaspace   ] GC(104) Metaspace: 6299K(6464K)->6299K(6464K) NonClass: 5765K(5824K)->5765K(5824K) Class: 533K(640K)->533K(640K)
[5.740s][info][gc             ] GC(104) Pause Full (Ergonomics) 812M->811M(987M) 296.717ms
[5.740s][info][gc,cpu         ] GC(104) User=1.86s Sys=0.02s Real=0.30s
[5.752s][info][gc,start       ] GC(105) Pause Young (Allocation Failure)
[5.798s][info][gc,heap        ] GC(105) PSYoungGen: 22974K(99840K)->13088K(103424K) Eden: 10240K(10240K)->0K(10240K) From: 12734K(89600K)->13088K(93184K)
[5.798s][info][gc,heap        ] GC(105) ParOldGen: 818042K(910848K)->828154K(910848K)
[5.798s][info][gc,metaspace   ] GC(105) Metaspace: 6299K(6464K)->6299K(6464K) NonClass: 5765K(5824K)->5765K(5824K) Class: 533K(640K)->533K(640K)
[5.798s][info][gc             ] GC(105) Pause Young (Allocation Failure) 821M->821M(990M) 46.253ms
[5.798s][info][gc,cpu         ] GC(105) User=0.25s Sys=0.00s Real=0.05s
[5.810s][info][gc,start       ] GC(106) Pause Young (Allocation Failure)
[5.825s][info][gc,heap        ] GC(106) PSYoungGen: 23328K(103424K)->20608K(103936K) Eden: 10240K(10240K)->0K(11776K) From: 13088K(93184K)->20608K(92160K)
[5.825s][info][gc,heap        ] GC(106) ParOldGen: 828154K(910848K)->830986K(910848K)
[5.825s][info][gc,metaspace   ] GC(106) Metaspace: 6299K(6464K)->6299K(6464K) NonClass: 5765K(5824K)->5765K(5824K) Class: 533K(640K)->533K(640K)
[5.825s][info][gc             ] GC(106) Pause Young (Allocation Failure) 831M->831M(991M) 15.438ms
[5.825s][info][gc,cpu         ] GC(106) User=0.02s Sys=0.00s Real=0.01s
[5.839s][info][gc,start       ] GC(107) Pause Young (Allocation Failure)
[5.858s][info][gc,heap        ] GC(107) PSYoungGen: 32384K(103936K)->11872K(104960K) Eden: 11776K(11776K)->0K(11776K) From: 20608K(92160K)->11872K(93184K)
[5.858s][info][gc,heap        ] GC(107) ParOldGen: 830986K(910848K)->851706K(910848K)
[5.858s][info][gc,metaspace   ] GC(107) Metaspace: 6299K(6464K)->6299K(6464K) NonClass: 5765K(5824K)->5765K(5824K) Class: 533K(640K)->533K(640K)
[5.858s][info][gc             ] GC(107) Pause Young (Allocation Failure) 843M->843M(992M) 18.861ms
[5.858s][info][gc,cpu         ] GC(107) User=0.03s Sys=0.00s Real=0.02s
[5.873s][info][gc,start       ] GC(108) Pause Young (Allocation Failure)
[5.890s][info][gc,heap        ] GC(108) PSYoungGen: 23648K(104960K)->11904K(104448K) Eden: 11776K(11776K)->0K(13312K) From: 11872K(93184K)->11904K(91136K)
[5.890s][info][gc,heap        ] GC(108) ParOldGen: 851706K(910848K)->863642K(910848K)
[5.890s][info][gc,metaspace   ] GC(108) Metaspace: 6299K(6464K)->6299K(6464K) NonClass: 5765K(5824K)->5765K(5824K) Class: 533K(640K)->533K(640K)
[5.890s][info][gc             ] GC(108) Pause Young (Allocation Failure) 854M->855M(991M) 17.522ms
[5.890s][info][gc,cpu         ] GC(108) User=0.02s Sys=0.00s Real=0.02s
[5.905s][info][gc,start       ] GC(109) Pause Young (Allocation Failure)
[5.923s][info][gc,heap        ] GC(109) PSYoungGen: 25216K(104448K)->13408K(105472K) Eden: 13312K(13312K)->0K(13312K) From: 11904K(91136K)->13408K(92160K)
[5.923s][info][gc,heap        ] GC(109) ParOldGen: 863642K(910848K)->875586K(910848K)
[5.923s][info][gc,metaspace   ] GC(109) Metaspace: 6299K(6464K)->6299K(6464K) NonClass: 5765K(5824K)->5765K(5824K) Class: 533K(640K)->533K(640K)
[5.923s][info][gc             ] GC(109) Pause Young (Allocation Failure) 868M->868M(992M) 17.437ms
[5.923s][info][gc,cpu         ] GC(109) User=0.05s Sys=0.00s Real=0.02s
[5.938s][info][gc,start       ] GC(110) Pause Young (Allocation Failure)
[5.955s][info][gc,heap        ] GC(110) PSYoungGen: 26720K(105472K)->13472K(101376K) Eden: 13312K(13312K)->0K(15360K) From: 13408K(92160K)->13472K(86016K)
[5.955s][info][gc,heap        ] GC(110) ParOldGen: 875586K(910848K)->889090K(910848K)
[5.955s][info][gc,metaspace   ] GC(110) Metaspace: 6299K(6464K)->6299K(6464K) NonClass: 5765K(5824K)->5765K(5824K) Class: 533K(640K)->533K(640K)
[5.955s][info][gc             ] GC(110) Pause Young (Allocation Failure) 881M->881M(988M) 17.472ms
[5.955s][info][gc,cpu         ] GC(110) User=0.03s Sys=0.00s Real=0.02s
[5.955s][info][gc,start       ] GC(111) Pause Full (Ergonomics)
[5.955s][info][gc,phases,start] GC(111) Marking Phase
[6.163s][info][gc,phases      ] GC(111) Marking Phase 207.817ms
[6.163s][info][gc,phases,start] GC(111) Summary Phase
[6.163s][info][gc,phases      ] GC(111) Summary Phase 0.037ms
[6.163s][info][gc,phases,start] GC(111) Adjust Roots
[6.163s][info][gc,phases      ] GC(111) Adjust Roots 0.206ms
[6.163s][info][gc,phases,start] GC(111) Compaction Phase
[6.248s][info][gc,phases      ] GC(111) Compaction Phase 84.354ms
[6.248s][info][gc,phases,start] GC(111) Post Compact
[6.249s][info][gc,phases      ] GC(111) Post Compact 1.644ms
[6.250s][info][gc,heap        ] GC(111) PSYoungGen: 13472K(101376K)->0K(103424K) Eden: 0K(15360K)->0K(15360K) From: 13472K(86016K)->0K(88064K)
[6.250s][info][gc,heap        ] GC(111) ParOldGen: 889090K(910848K)->901237K(993280K)
[6.250s][info][gc,metaspace   ] GC(111) Metaspace: 6299K(6464K)->6299K(6464K) NonClass: 5765K(5824K)->5765K(5824K) Class: 533K(640K)->533K(640K)
[6.250s][info][gc             ] GC(111) Pause Full (Ergonomics) 881M->880M(1071M) 294.661ms
[6.250s][info][gc,cpu         ] GC(111) User=1.89s Sys=0.02s Real=0.29s
[6.267s][info][gc,start       ] GC(112) Pause Young (Allocation Failure)
[6.282s][info][gc,heap        ] GC(112) PSYoungGen: 15360K(103424K)->15488K(98304K) Eden: 15360K(15360K)->0K(16896K) From: 0K(88064K)->15488K(81408K)
[6.282s][info][gc,heap        ] GC(112) ParOldGen: 901237K(993280K)->901237K(993280K)
[6.282s][info][gc,metaspace   ] GC(112) Metaspace: 6299K(6464K)->6299K(6464K) NonClass: 5765K(5824K)->5765K(5824K) Class: 533K(640K)->533K(640K)
[6.282s][info][gc             ] GC(112) Pause Young (Allocation Failure) 895M->895M(1066M) 15.442ms
[6.282s][info][gc,cpu         ] GC(112) User=0.02s Sys=0.00s Real=0.02s
[6.301s][info][gc,start       ] GC(113) Pause Young (Allocation Failure)
[6.321s][info][gc,heap        ] GC(113) PSYoungGen: 32384K(98304K)->32416K(49664K) Eden: 16896K(16896K)->0K(16896K) From: 15488K(81408K)->32416K(32768K)
[6.321s][info][gc,heap        ] GC(113) ParOldGen: 901237K(993280K)->901237K(993280K)
[6.321s][info][gc,metaspace   ] GC(113) Metaspace: 6299K(6464K)->6299K(6464K) NonClass: 5765K(5824K)->5765K(5824K) Class: 533K(640K)->533K(640K)
[6.321s][info][gc             ] GC(113) Pause Young (Allocation Failure) 911M->911M(1018M) 19.808ms
[6.321s][info][gc,cpu         ] GC(113) User=0.03s Sys=0.00s Real=0.02s
[6.341s][info][gc,start       ] GC(114) Pause Young (Allocation Failure)
[6.366s][info][gc,heap        ] GC(114) PSYoungGen: 49312K(49664K)->49312K(97280K) Eden: 16896K(16896K)->0K(16896K) From: 32416K(32768K)->49312K(80384K)
[6.366s][info][gc,heap        ] GC(114) ParOldGen: 901237K(993280K)->901237K(993280K)
[6.366s][info][gc,metaspace   ] GC(114) Metaspace: 6299K(6464K)->6299K(6464K) NonClass: 5765K(5824K)->5765K(5824K) Class: 533K(640K)->533K(640K)
[6.366s][info][gc             ] GC(114) Pause Young (Allocation Failure) 928M->928M(1065M) 24.992ms
[6.366s][info][gc,cpu         ] GC(114) User=0.14s Sys=0.00s Real=0.03s
[6.385s][info][gc,start       ] GC(115) Pause Young (Allocation Failure)
[6.417s][info][gc,heap        ] GC(115) PSYoungGen: 66208K(97280K)->50848K(99328K) Eden: 16896K(16896K)->0K(16896K) From: 49312K(80384K)->50848K(82432K)
[6.417s][info][gc,heap        ] GC(115) ParOldGen: 901237K(993280K)->916813K(993280K)
[6.417s][info][gc,metaspace   ] GC(115) Metaspace: 6299K(6464K)->6299K(6464K) NonClass: 5765K(5824K)->5765K(5824K) Class: 533K(640K)->533K(640K)
[6.417s][info][gc             ] GC(115) Pause Young (Allocation Failure) 944M->944M(1067M) 32.586ms
[6.417s][info][gc,cpu         ] GC(115) User=0.16s Sys=0.00s Real=0.03s
[6.439s][info][gc,start       ] GC(116) Pause Young (Allocation Failure)
[6.485s][info][gc,heap        ] GC(116) PSYoungGen: 67744K(99328K)->50848K(102400K) Eden: 16896K(16896K)->0K(17920K) From: 50848K(82432K)->50848K(84480K)
[6.485s][info][gc,heap        ] GC(116) ParOldGen: 916813K(993280K)->933957K(993280K)
[6.485s][info][gc,metaspace   ] GC(116) Metaspace: 6299K(6464K)->6299K(6464K) NonClass: 5765K(5824K)->5765K(5824K) Class: 533K(640K)->533K(640K)
[6.485s][info][gc             ] GC(116) Pause Young (Allocation Failure) 961M->961M(1070M) 45.644ms
[6.485s][info][gc,cpu         ] GC(116) User=0.11s Sys=0.00s Real=0.05s
[6.512s][info][gc,start       ] GC(117) Pause Young (Allocation Failure)
[6.546s][info][gc,heap        ] GC(117) PSYoungGen: 68768K(102400K)->51840K(103424K) Eden: 17920K(17920K)->0K(17920K) From: 50848K(84480K)->51840K(85504K)
[6.546s][info][gc,heap        ] GC(117) ParOldGen: 933957K(993280K)->951085K(993280K)
[6.546s][info][gc,metaspace   ] GC(117) Metaspace: 6299K(6464K)->6299K(6464K) NonClass: 5765K(5824K)->5765K(5824K) Class: 533K(640K)->533K(640K)
[6.547s][info][gc             ] GC(117) Pause Young (Allocation Failure) 979M->979M(1071M) 34.887ms
[6.547s][info][gc,cpu         ] GC(117) User=0.27s Sys=0.00s Real=0.04s
[6.570s][info][gc,start       ] GC(118) Pause Young (Allocation Failure)
[6.605s][info][gc,heap        ] GC(118) PSYoungGen: 69760K(103424K)->52864K(105472K) Eden: 17920K(17920K)->0K(18944K) From: 51840K(85504K)->52864K(86528K)
[6.605s][info][gc,heap        ] GC(118) ParOldGen: 951085K(993280K)->968221K(993280K)
[6.605s][info][gc,metaspace   ] GC(118) Metaspace: 6299K(6464K)->6299K(6464K) NonClass: 5765K(5824K)->5765K(5824K) Class: 533K(640K)->533K(640K)
[6.605s][info][gc             ] GC(118) Pause Young (Allocation Failure) 996M->997M(1073M) 35.306ms
[6.605s][info][gc,cpu         ] GC(118) User=0.25s Sys=0.00s Real=0.03s
[6.605s][info][gc,start       ] GC(119) Pause Full (Ergonomics)
[6.605s][info][gc,phases,start] GC(119) Marking Phase
[6.842s][info][gc,phases      ] GC(119) Marking Phase 236.571ms
[6.842s][info][gc,phases,start] GC(119) Summary Phase
[6.842s][info][gc,phases      ] GC(119) Summary Phase 0.031ms
[6.842s][info][gc,phases,start] GC(119) Adjust Roots
[6.842s][info][gc,phases      ] GC(119) Adjust Roots 0.233ms
[6.842s][info][gc,phases,start] GC(119) Compaction Phase
[6.952s][info][gc,phases      ] GC(119) Compaction Phase 109.447ms
[6.952s][info][gc,phases,start] GC(119) Post Compact
[6.954s][info][gc,phases      ] GC(119) Post Compact 2.270ms
[6.955s][info][gc,heap        ] GC(119) PSYoungGen: 52864K(105472K)->26579K(105472K) Eden: 0K(18944K)->0K(18944K) From: 52864K(86528K)->26579K(86528K)
[6.955s][info][gc,heap        ] GC(119) ParOldGen: 968221K(993280K)->993220K(1092096K)
[6.955s][info][gc,metaspace   ] GC(119) Metaspace: 6299K(6464K)->6299K(6464K) NonClass: 5765K(5824K)->5765K(5824K) Class: 533K(640K)->533K(640K)
[6.955s][info][gc             ] GC(119) Pause Full (Ergonomics) 997M->995M(1169M) 349.293ms
[6.955s][info][gc,cpu         ] GC(119) User=2.47s Sys=0.00s Real=0.35s
[6.977s][info][gc,start       ] GC(120) Pause Young (Allocation Failure)
[7.040s][info][gc,heap        ] GC(120) PSYoungGen: 45523K(105472K)->28448K(47616K) Eden: 18944K(18944K)->0K(18944K) From: 26579K(86528K)->28448K(28672K)
[7.040s][info][gc,heap        ] GC(120) ParOldGen: 993220K(1092096K)->1010684K(1092096K)
[7.040s][info][gc,metaspace   ] GC(120) Metaspace: 6299K(6464K)->6299K(6464K) NonClass: 5765K(5824K)->5765K(5824K) Class: 533K(640K)->533K(640K)
[7.040s][info][gc             ] GC(120) Pause Young (Allocation Failure) 1014M->1014M(1113M) 63.745ms
[7.040s][info][gc,cpu         ] GC(120) User=0.38s Sys=0.00s Real=0.07s
[7.063s][info][gc,start       ] GC(121) Pause Young (Allocation Failure)
[7.088s][info][gc,heap        ] GC(121) PSYoungGen: 47392K(47616K)->38016K(96256K) Eden: 18944K(18944K)->0K(20992K) From: 28448K(28672K)->38016K(75264K)
[7.088s][info][gc,heap        ] GC(121) ParOldGen: 1010684K(1092096K)->1020196K(1092096K)
[7.089s][info][gc,metaspace   ] GC(121) Metaspace: 6299K(6464K)->6299K(6464K) NonClass: 5765K(5824K)->5765K(5824K) Class: 533K(640K)->533K(640K)
[7.089s][info][gc             ] GC(121) Pause Young (Allocation Failure) 1033M->1033M(1160M) 25.692ms
[7.089s][info][gc,cpu         ] GC(121) User=0.12s Sys=0.00s Real=0.02s
[7.114s][info][gc,start       ] GC(122) Pause Young (Allocation Failure)
[7.148s][info][gc,heap        ] GC(122) PSYoungGen: 59008K(96256K)->40128K(61440K) Eden: 20992K(20992K)->0K(20992K) From: 38016K(75264K)->40128K(40448K)
[7.148s][info][gc,heap        ] GC(122) ParOldGen: 1020196K(1092096K)->1039404K(1092096K)
[7.148s][info][gc,metaspace   ] GC(122) Metaspace: 6299K(6464K)->6299K(6464K) NonClass: 5765K(5824K)->5765K(5824K) Class: 533K(640K)->533K(640K)
[7.148s][info][gc             ] GC(122) Pause Young (Allocation Failure) 1053M->1054M(1126M) 34.841ms
[7.148s][info][gc,cpu         ] GC(122) User=0.17s Sys=0.00s Real=0.04s
[7.175s][info][gc,start       ] GC(123) Pause Young (Allocation Failure)
[7.208s][info][gc,heap        ] GC(123) PSYoungGen: 61120K(61440K)->42176K(95232K) Eden: 20992K(20992K)->0K(23552K) From: 40128K(40448K)->42176K(71680K)
[7.208s][info][gc,heap        ] GC(123) ParOldGen: 1039404K(1092096K)->1058612K(1092096K)
[7.208s][info][gc,metaspace   ] GC(123) Metaspace: 6299K(6464K)->6299K(6464K) NonClass: 5765K(5824K)->5765K(5824K) Class: 533K(640K)->533K(640K)
[7.208s][info][gc             ] GC(123) Pause Young (Allocation Failure) 1074M->1074M(1159M) 33.108ms
[7.208s][info][gc,cpu         ] GC(123) User=0.12s Sys=0.03s Real=0.03s
[7.235s][info][gc,start       ] GC(124) Pause Young (Allocation Failure)
[7.271s][info][gc,heap        ] GC(124) PSYoungGen: 65728K(95232K)->44672K(97792K) Eden: 23552K(23552K)->0K(23552K) From: 42176K(71680K)->44672K(74240K)
[7.271s][info][gc,heap        ] GC(124) ParOldGen: 1058612K(1092096K)->1079900K(1092096K)
[7.271s][info][gc,metaspace   ] GC(124) Metaspace: 6299K(6464K)->6299K(6464K) NonClass: 5765K(5824K)->5765K(5824K) Class: 533K(640K)->533K(640K)
[7.271s][info][gc             ] GC(124) Pause Young (Allocation Failure) 1097M->1098M(1162M) 36.160ms
[7.271s][info][gc,cpu         ] GC(124) User=0.22s Sys=0.02s Real=0.04s
[7.271s][info][gc,start       ] GC(125) Pause Full (Ergonomics)
[7.271s][info][gc,phases,start] GC(125) Marking Phase
[7.525s][info][gc,phases      ] GC(125) Marking Phase 253.375ms
[7.525s][info][gc,phases,start] GC(125) Summary Phase
[7.525s][info][gc,phases      ] GC(125) Summary Phase 0.041ms
[7.525s][info][gc,phases,start] GC(125) Adjust Roots
[7.525s][info][gc,phases      ] GC(125) Adjust Roots 0.297ms
[7.525s][info][gc,phases,start] GC(125) Compaction Phase
[7.633s][info][gc,phases      ] GC(125) Compaction Phase 107.528ms
[7.633s][info][gc,phases,start] GC(125) Post Compact
[7.635s][info][gc,phases      ] GC(125) Post Compact 2.559ms
[7.636s][info][gc,heap        ] GC(125) PSYoungGen: 44672K(97792K)->31195K(97792K) Eden: 0K(23552K)->0K(23552K) From: 44672K(74240K)->31195K(74240K)
[7.636s][info][gc,heap        ] GC(125) ParOldGen: 1079900K(1092096K)->1091876K(1200128K)
[7.636s][info][gc,metaspace   ] GC(125) Metaspace: 6299K(6464K)->6299K(6464K) NonClass: 5765K(5824K)->5765K(5824K) Class: 533K(640K)->533K(640K)
[7.636s][info][gc             ] GC(125) Pause Full (Ergonomics) 1098M->1096M(1267M) 364.715ms
[7.636s][info][gc,cpu         ] GC(125) User=2.53s Sys=0.02s Real=0.36s
[7.672s][info][gc,start       ] GC(126) Pause Young (Allocation Failure)
[7.747s][info][gc,heap        ] GC(126) PSYoungGen: 54747K(97792K)->40832K(92672K) Eden: 23552K(23552K)->0K(26112K) From: 31195K(74240K)->40832K(66560K)
[7.747s][info][gc,heap        ] GC(126) ParOldGen: 1091876K(1200128K)->1106164K(1200128K)
[7.748s][info][gc,metaspace   ] GC(126) Metaspace: 6299K(6464K)->6299K(6464K) NonClass: 5765K(5824K)->5765K(5824K) Class: 533K(640K)->533K(640K)
[7.748s][info][gc             ] GC(126) Pause Young (Allocation Failure) 1119M->1120M(1262M) 75.862ms
[7.748s][info][gc,cpu         ] GC(126) User=0.58s Sys=0.00s Real=0.08s
[7.789s][info][gc,start       ] GC(127) Pause Young (Allocation Failure)
[7.824s][info][gc,heap        ] GC(127) PSYoungGen: 66944K(92672K)->67040K(96256K) Eden: 26112K(26112K)->0K(26112K) From: 40832K(66560K)->67040K(70144K)
[7.824s][info][gc,heap        ] GC(127) ParOldGen: 1106164K(1200128K)->1106164K(1200128K)
[7.824s][info][gc,metaspace   ] GC(127) Metaspace: 6299K(6464K)->6299K(6464K) NonClass: 5765K(5824K)->5765K(5824K) Class: 533K(640K)->533K(640K)
[7.824s][info][gc             ] GC(127) Pause Young (Allocation Failure) 1145M->1145M(1266M) 35.325ms
[7.824s][info][gc,cpu         ] GC(127) User=0.23s Sys=0.00s Real=0.04s
[7.867s][info][gc,start       ] GC(128) Pause Young (Allocation Failure)
[7.918s][info][gc,heap        ] GC(128) PSYoungGen: 93152K(96256K)->77824K(91648K) Eden: 26112K(26112K)->0K(13824K) From: 67040K(70144K)->77824K(77824K)
[7.918s][info][gc,heap        ] GC(128) ParOldGen: 1106164K(1200128K)->1121532K(1200128K)
[7.918s][info][gc,metaspace   ] GC(128) Metaspace: 6299K(6464K)->6299K(6464K) NonClass: 5765K(5824K)->5765K(5824K) Class: 533K(640K)->533K(640K)
[7.918s][info][gc             ] GC(128) Pause Young (Allocation Failure) 1171M->1171M(1261M) 51.371ms
[7.918s][info][gc,cpu         ] GC(128) User=0.31s Sys=0.03s Real=0.05s
[7.940s][info][gc,start       ] GC(129) Pause Young (Allocation Failure)
[7.990s][info][gc,heap        ] GC(129) PSYoungGen: 91648K(91648K)->57408K(107008K) Eden: 13824K(13824K)->0K(13824K) From: 77824K(77824K)->57408K(93184K)
[7.990s][info][gc,heap        ] GC(129) ParOldGen: 1121532K(1200128K)->1156324K(1200128K)
[7.990s][info][gc,metaspace   ] GC(129) Metaspace: 6299K(6464K)->6299K(6464K) NonClass: 5765K(5824K)->5765K(5824K) Class: 533K(640K)->533K(640K)
[7.990s][info][gc             ] GC(129) Pause Young (Allocation Failure) 1184M->1185M(1276M) 50.668ms
[7.991s][info][gc,cpu         ] GC(129) User=0.31s Sys=0.02s Real=0.05s
[8.011s][info][gc,start       ] GC(130) Pause Young (Allocation Failure)
[8.050s][info][gc,heap        ] GC(130) PSYoungGen: 71232K(107008K)->50016K(100864K) Eden: 13824K(13824K)->0K(15872K) From: 57408K(93184K)->50016K(84992K)
[8.050s][info][gc,heap        ] GC(130) ParOldGen: 1156324K(1200128K)->1177780K(1200128K)
[8.050s][info][gc,metaspace   ] GC(130) Metaspace: 6299K(6464K)->6299K(6464K) NonClass: 5765K(5824K)->5765K(5824K) Class: 533K(640K)->533K(640K)
[8.050s][info][gc             ] GC(130) Pause Young (Allocation Failure) 1198M->1199M(1270M) 39.214ms
[8.050s][info][gc,cpu         ] GC(130) User=0.25s Sys=0.03s Real=0.04s
[8.050s][info][gc,start       ] GC(131) Pause Full (Ergonomics)
[8.050s][info][gc,phases,start] GC(131) Marking Phase
[8.344s][info][gc,phases      ] GC(131) Marking Phase 293.767ms
[8.344s][info][gc,phases,start] GC(131) Summary Phase
[8.344s][info][gc,phases      ] GC(131) Summary Phase 0.042ms
[8.344s][info][gc,phases,start] GC(131) Adjust Roots
[8.345s][info][gc,phases      ] GC(131) Adjust Roots 0.270ms
[8.345s][info][gc,phases,start] GC(131) Compaction Phase
[8.455s][info][gc,phases      ] GC(131) Compaction Phase 110.241ms
[8.455s][info][gc,phases,start] GC(131) Post Compact
[8.458s][info][gc,phases      ] GC(131) Post Compact 3.295ms
[8.459s][info][gc,heap        ] GC(131) PSYoungGen: 50016K(100864K)->26297K(102912K) Eden: 0K(15872K)->0K(17920K) From: 50016K(84992K)->26297K(84992K)
[8.459s][info][gc,heap        ] GC(131) ParOldGen: 1177780K(1200128K)->1200040K(1319936K)
[8.459s][info][gc,metaspace   ] GC(131) Metaspace: 6299K(6464K)->6299K(6464K) NonClass: 5765K(5824K)->5765K(5824K) Class: 533K(640K)->533K(640K)
[8.459s][info][gc             ] GC(131) Pause Full (Ergonomics) 1199M->1197M(1389M) 408.656ms
[8.459s][info][gc,cpu         ] GC(131) User=2.94s Sys=0.00s Real=0.41s
[8.490s][info][gc,start       ] GC(132) Pause Young (Allocation Failure)
[8.569s][info][gc,heap        ] GC(132) PSYoungGen: 44217K(102912K)->33280K(106496K) Eden: 17920K(17920K)->0K(17920K) From: 26297K(84992K)->33280K(88576K)
[8.569s][info][gc,heap        ] GC(132) ParOldGen: 1200040K(1319936K)->1211256K(1319936K)
[8.569s][info][gc,metaspace   ] GC(132) Metaspace: 6299K(6464K)->6299K(6464K) NonClass: 5765K(5824K)->5765K(5824K) Class: 533K(640K)->533K(640K)
[8.569s][info][gc             ] GC(132) Pause Young (Allocation Failure) 1215M->1215M(1393M) 79.611ms
[8.569s][info][gc,cpu         ] GC(132) User=0.53s Sys=0.03s Real=0.08s
[8.597s][info][gc,start       ] GC(133) Pause Young (Allocation Failure)
[8.627s][info][gc,heap        ] GC(133) PSYoungGen: 51200K(106496K)->51264K(102912K) Eden: 17920K(17920K)->0K(19968K) From: 33280K(88576K)->51264K(82944K)
[8.627s][info][gc,heap        ] GC(133) ParOldGen: 1211256K(1319936K)->1211256K(1319936K)
[8.627s][info][gc,metaspace   ] GC(133) Metaspace: 6299K(6464K)->6299K(6464K) NonClass: 5765K(5824K)->5765K(5824K) Class: 533K(640K)->533K(640K)
[8.627s][info][gc             ] GC(133) Pause Young (Allocation Failure) 1232M->1232M(1389M) 29.943ms
[8.627s][info][gc,cpu         ] GC(133) User=0.19s Sys=0.00s Real=0.03s
[8.658s][info][gc,start       ] GC(134) Pause Young (Allocation Failure)
[8.697s][info][gc,heap        ] GC(134) PSYoungGen: 71232K(102912K)->63328K(104960K) Eden: 19968K(19968K)->0K(19968K) From: 51264K(82944K)->63328K(84992K)
[8.697s][info][gc,heap        ] GC(134) ParOldGen: 1211256K(1319936K)->1219296K(1319936K)
[8.697s][info][gc,metaspace   ] GC(134) Metaspace: 6299K(6464K)->6299K(6464K) NonClass: 5765K(5824K)->5765K(5824K) Class: 533K(640K)->533K(640K)
[8.697s][info][gc             ] GC(134) Pause Young (Allocation Failure) 1252M->1252M(1391M) 39.207ms
[8.697s][info][gc,cpu         ] GC(134) User=0.23s Sys=0.00s Real=0.04s
[8.727s][info][gc,start       ] GC(135) Pause Young (Allocation Failure)
[8.773s][info][gc,heap        ] GC(135) PSYoungGen: 83296K(104960K)->75488K(102912K) Eden: 19968K(19968K)->0K(15872K) From: 63328K(84992K)->75488K(87040K)
[8.773s][info][gc,heap        ] GC(135) ParOldGen: 1219296K(1319936K)->1226776K(1319936K)
[8.773s][info][gc,metaspace   ] GC(135) Metaspace: 6299K(6464K)->6299K(6464K) NonClass: 5765K(5824K)->5765K(5824K) Class: 533K(640K)->533K(640K)
[8.773s][info][gc             ] GC(135) Pause Young (Allocation Failure) 1272M->1271M(1389M) 46.185ms
[8.773s][info][gc,cpu         ] GC(135) User=0.25s Sys=0.00s Real=0.05s
[8.788s][info][gc,start       ] GC(136) Pause Young (Allocation Failure)
[8.831s][info][gc,heap        ] GC(136) PSYoungGen: 91360K(102912K)->65824K(109056K) Eden: 15872K(15872K)->0K(15872K) From: 75488K(87040K)->65824K(93184K)
[8.831s][info][gc,heap        ] GC(136) ParOldGen: 1226776K(1319936K)->1244936K(1319936K)
[8.831s][info][gc,metaspace   ] GC(136) Metaspace: 6299K(6464K)->6299K(6464K) NonClass: 5765K(5824K)->5765K(5824K) Class: 533K(640K)->533K(640K)
[8.831s][info][gc             ] GC(136) Pause Young (Allocation Failure) 1287M->1280M(1395M) 43.603ms
[8.831s][info][gc,cpu         ] GC(136) User=0.25s Sys=0.00s Real=0.04s
[8.846s][info][gc,start       ] GC(137) Pause Young (Allocation Failure)
[8.886s][info][gc,heap        ] GC(137) PSYoungGen: 81696K(109056K)->36160K(110592K) Eden: 15872K(15872K)->0K(18432K) From: 65824K(93184K)->36160K(92160K)
[8.886s][info][gc,heap        ] GC(137) ParOldGen: 1244936K(1319936K)->1283328K(1319936K)
[8.886s][info][gc,metaspace   ] GC(137) Metaspace: 6299K(6464K)->6299K(6464K) NonClass: 5765K(5824K)->5765K(5824K) Class: 533K(640K)->533K(640K)
[8.886s][info][gc             ] GC(137) Pause Young (Allocation Failure) 1295M->1288M(1397M) 39.363ms
[8.886s][info][gc,cpu         ] GC(137) User=0.25s Sys=0.02s Real=0.04s
[8.886s][info][gc,start       ] GC(138) Pause Full (Ergonomics)
[8.886s][info][gc,phases,start] GC(138) Marking Phase
[9.193s][info][gc,phases      ] GC(138) Marking Phase 306.751ms
[9.193s][info][gc,phases,start] GC(138) Summary Phase
[9.193s][info][gc,phases      ] GC(138) Summary Phase 0.069ms
[9.193s][info][gc,phases,start] GC(138) Adjust Roots
[9.193s][info][gc,phases      ] GC(138) Adjust Roots 0.282ms
[9.193s][info][gc,phases,start] GC(138) Compaction Phase
[9.298s][info][gc,phases      ] GC(138) Compaction Phase 104.782ms
[9.298s][info][gc,phases,start] GC(138) Post Compact
[9.301s][info][gc,phases      ] GC(138) Post Compact 3.363ms
[9.302s][info][gc,heap        ] GC(138) PSYoungGen: 36160K(110592K)->0K(111616K) Eden: 0K(18432K)->0K(18432K) From: 36160K(92160K)->0K(93184K)
[9.302s][info][gc,heap        ] GC(138) ParOldGen: 1283328K(1319936K)->1318005K(1449472K)
[9.302s][info][gc,metaspace   ] GC(138) Metaspace: 6299K(6464K)->6299K(6464K) NonClass: 5765K(5824K)->5765K(5824K) Class: 533K(640K)->533K(640K)
[9.302s][info][gc             ] GC(138) Pause Full (Ergonomics) 1288M->1287M(1524M) 416.451ms
[9.302s][info][gc,cpu         ] GC(138) User=3.11s Sys=0.03s Real=0.42s
[9.324s][info][gc,start       ] GC(139) Pause Young (Allocation Failure)
[9.338s][info][gc,heap        ] GC(139) PSYoungGen: 18432K(111616K)->12576K(112128K) Eden: 18432K(18432K)->0K(18944K) From: 0K(93184K)->12576K(93184K)
[9.338s][info][gc,heap        ] GC(139) ParOldGen: 1318005K(1449472K)->1318005K(1449472K)
[9.338s][info][gc,metaspace   ] GC(139) Metaspace: 6299K(6464K)->6299K(6464K) NonClass: 5765K(5824K)->5765K(5824K) Class: 533K(640K)->533K(640K)
[9.338s][info][gc             ] GC(139) Pause Young (Allocation Failure) 1305M->1299M(1525M) 13.777ms
[9.338s][info][gc,cpu         ] GC(139) User=0.02s Sys=0.00s Real=0.01s
[9.364s][info][gc,start       ] GC(140) Pause Young (Allocation Failure)
[9.384s][info][gc,heap        ] GC(140) PSYoungGen: 31520K(112128K)->31552K(114176K) Eden: 18944K(18944K)->0K(18944K) From: 12576K(93184K)->31552K(95232K)
[9.384s][info][gc,heap        ] GC(140) ParOldGen: 1318005K(1449472K)->1318005K(1449472K)
[9.384s][info][gc,metaspace   ] GC(140) Metaspace: 6299K(6464K)->6299K(6464K) NonClass: 5765K(5824K)->5765K(5824K) Class: 533K(640K)->533K(640K)
[9.384s][info][gc             ] GC(140) Pause Young (Allocation Failure) 1317M->1317M(1527M) 19.314ms
[9.384s][info][gc,cpu         ] GC(140) User=0.08s Sys=0.02s Real=0.02s
[9.407s][info][gc,start       ] GC(141) Pause Young (Allocation Failure)
[9.434s][info][gc,heap        ] GC(141) PSYoungGen: 50496K(114176K)->50528K(108032K) Eden: 18944K(18944K)->0K(20992K) From: 31552K(95232K)->50528K(87040K)
[9.434s][info][gc,heap        ] GC(141) ParOldGen: 1318005K(1449472K)->1318005K(1449472K)
[9.434s][info][gc,metaspace   ] GC(141) Metaspace: 6299K(6464K)->6299K(6464K) NonClass: 5765K(5824K)->5765K(5824K) Class: 533K(640K)->533K(640K)
[9.434s][info][gc             ] GC(141) Pause Young (Allocation Failure) 1336M->1336M(1521M) 27.247ms
[9.434s][info][gc,cpu         ] GC(141) User=0.12s Sys=0.00s Real=0.03s
[9.467s][info][gc,start       ] GC(142) Pause Young (Allocation Failure)
[9.513s][info][gc,heap        ] GC(142) PSYoungGen: 71520K(108032K)->59072K(111104K) Eden: 20992K(20992K)->0K(20992K) From: 50528K(87040K)->59072K(90112K)
[9.513s][info][gc,heap        ] GC(142) ParOldGen: 1318005K(1449472K)->1330637K(1449472K)
[9.513s][info][gc,metaspace   ] GC(142) Metaspace: 6299K(6464K)->6299K(6464K) NonClass: 5765K(5824K)->5765K(5824K) Class: 533K(640K)->533K(640K)
[9.513s][info][gc             ] GC(142) Pause Young (Allocation Failure) 1356M->1357M(1524M) 45.997ms
[9.513s][info][gc,cpu         ] GC(142) User=0.28s Sys=0.00s Real=0.05s
[9.823s][info][gc,start       ] GC(143) Pause Young (Allocation Failure)
[9.913s][info][gc,heap        ] GC(143) PSYoungGen: 80064K(111104K)->61120K(113152K) Eden: 20992K(20992K)->0K(22528K) From: 59072K(90112K)->61120K(90624K)
[9.913s][info][gc,heap        ] GC(143) ParOldGen: 1396173K(1449472K)->1415381K(1449472K)
[9.913s][info][gc,metaspace   ] GC(143) Metaspace: 6299K(6464K)->6299K(6464K) NonClass: 5765K(5824K)->5765K(5824K) Class: 533K(640K)->533K(640K)
[9.913s][info][gc             ] GC(143) Pause Young (Allocation Failure) 1441M->1441M(1526M) 90.415ms
[9.913s][info][gc,cpu         ] GC(143) User=0.41s Sys=0.00s Real=0.09s
[9.940s][info][gc,start       ] GC(144) Pause Young (Allocation Failure)
[9.985s][info][gc,heap        ] GC(144) PSYoungGen: 83648K(113152K)->83712K(114176K) Eden: 22528K(22528K)->0K(22528K) From: 61120K(90624K)->83712K(91648K)
[9.986s][info][gc,heap        ] GC(144) ParOldGen: 1415381K(1449472K)->1415381K(1449472K)
[9.986s][info][gc,metaspace   ] GC(144) Metaspace: 6299K(6464K)->6299K(6464K) NonClass: 5765K(5824K)->5765K(5824K) Class: 533K(640K)->533K(640K)
[9.986s][info][gc             ] GC(144) Pause Young (Allocation Failure) 1463M->1463M(1527M) 45.591ms
[9.986s][info][gc,cpu         ] GC(144) User=0.12s Sys=0.00s Real=0.05s
[10.013s][info][gc,start       ] GC(145) Pause Young (Allocation Failure)
[10.066s][info][gc,heap        ] GC(145) PSYoungGen: 106240K(114176K)->87232K(116736K) Eden: 22528K(22528K)->0K(16896K) From: 83712K(91648K)->87232K(99840K)
[10.066s][info][gc,heap        ] GC(145) ParOldGen: 1415381K(1449472K)->1434573K(1449472K)
[10.066s][info][gc,metaspace   ] GC(145) Metaspace: 6299K(6464K)->6299K(6464K) NonClass: 5765K(5824K)->5765K(5824K) Class: 533K(640K)->533K(640K)
[10.066s][info][gc             ] GC(145) Pause Young (Allocation Failure) 1485M->1486M(1529M) 53.320ms
[10.066s][info][gc,cpu         ] GC(145) User=0.28s Sys=0.08s Real=0.05s
[10.066s][info][gc,start       ] GC(146) Pause Full (Ergonomics)
[10.066s][info][gc,phases,start] GC(146) Marking Phase
[10.423s][info][gc,phases      ] GC(146) Marking Phase 356.256ms
[10.423s][info][gc,phases,start] GC(146) Summary Phase
[10.423s][info][gc,phases      ] GC(146) Summary Phase 0.051ms
[10.423s][info][gc,phases,start] GC(146) Adjust Roots
[10.423s][info][gc,phases      ] GC(146) Adjust Roots 0.390ms
[10.423s][info][gc,phases,start] GC(146) Compaction Phase
[10.790s][info][gc,phases      ] GC(146) Compaction Phase 366.624ms
[10.790s][info][gc,phases,start] GC(146) Post Compact
[10.794s][info][gc,phases      ] GC(146) Post Compact 4.077ms
[10.795s][info][gc,heap        ] GC(146) PSYoungGen: 87232K(116736K)->38889K(116736K) Eden: 0K(16896K)->0K(16896K) From: 87232K(99840K)->38889K(99840K)
[10.795s][info][gc,heap        ] GC(146) ParOldGen: 1434573K(1449472K)->1449045K(1584640K)
[10.795s][info][gc,metaspace   ] GC(146) Metaspace: 6299K(6464K)->6299K(6464K) NonClass: 5765K(5824K)->5765K(5824K) Class: 533K(640K)->533K(640K)
[10.795s][info][gc             ] GC(146) Pause Full (Ergonomics) 1486M->1453M(1661M) 728.744ms
[10.795s][info][gc,cpu         ] GC(146) User=4.69s Sys=0.03s Real=0.73s
[10.820s][info][gc,start       ] GC(147) Pause Young (Allocation Failure)
[10.920s][info][gc,heap        ] GC(147) PSYoungGen: 55785K(116736K)->47200K(64512K) Eden: 16896K(16896K)->0K(16896K) From: 38889K(99840K)->47200K(47616K)
[10.921s][info][gc,heap        ] GC(147) ParOldGen: 1449045K(1584640K)->1458053K(1584640K)
[10.921s][info][gc,metaspace   ] GC(147) Metaspace: 6299K(6464K)->6299K(6464K) NonClass: 5765K(5824K)->5765K(5824K) Class: 533K(640K)->533K(640K)
[10.921s][info][gc             ] GC(147) Pause Young (Allocation Failure) 1469M->1469M(1610M) 100.895ms
[10.921s][info][gc,cpu         ] GC(147) User=0.47s Sys=0.00s Real=0.10s
[10.939s][info][gc,start       ] GC(148) Pause Young (Allocation Failure)
[10.973s][info][gc,heap        ] GC(148) PSYoungGen: 64096K(64512K)->64032K(120320K) Eden: 16896K(16896K)->0K(18944K) From: 47200K(47616K)->64032K(101376K)
[10.973s][info][gc,heap        ] GC(148) ParOldGen: 1458053K(1584640K)->1458053K(1584640K)
[10.973s][info][gc,metaspace   ] GC(148) Metaspace: 6299K(6464K)->6299K(6464K) NonClass: 5765K(5824K)->5765K(5824K) Class: 533K(640K)->533K(640K)
[10.973s][info][gc             ] GC(148) Pause Young (Allocation Failure) 1486M->1486M(1665M) 34.428ms
[10.973s][info][gc,cpu         ] GC(148) User=0.08s Sys=0.00s Real=0.03s
[10.992s][info][gc,start       ] GC(149) Pause Young (Allocation Failure)
[11.033s][info][gc,heap        ] GC(149) PSYoungGen: 82976K(120320K)->78528K(121856K) Eden: 18944K(18944K)->0K(18944K) From: 64032K(101376K)->78528K(102912K)
[11.033s][info][gc,heap        ] GC(149) ParOldGen: 1458053K(1584640K)->1462629K(1584640K)
[11.033s][info][gc,metaspace   ] GC(149) Metaspace: 6299K(6464K)->6299K(6464K) NonClass: 5765K(5824K)->5765K(5824K) Class: 533K(640K)->533K(640K)
[11.033s][info][gc             ] GC(149) Pause Young (Allocation Failure) 1504M->1505M(1666M) 41.096ms
[11.033s][info][gc,cpu         ] GC(149) User=0.27s Sys=0.00s Real=0.04s
[11.053s][info][gc,start       ] GC(150) Pause Young (Allocation Failure)
[11.101s][info][gc,heap        ] GC(150) PSYoungGen: 97472K(121856K)->84512K(122880K) Eden: 18944K(18944K)->0K(16384K) From: 78528K(102912K)->84512K(106496K)
[11.101s][info][gc,heap        ] GC(150) ParOldGen: 1462629K(1584640K)->1475765K(1584640K)
[11.101s][info][gc,metaspace   ] GC(150) Metaspace: 6299K(6464K)->6299K(6464K) NonClass: 5765K(5824K)->5765K(5824K) Class: 533K(640K)->533K(640K)
[11.101s][info][gc             ] GC(150) Pause Young (Allocation Failure) 1523M->1523M(1667M) 48.155ms
[11.101s][info][gc,cpu         ] GC(150) User=0.23s Sys=0.03s Real=0.05s
[11.124s][info][gc,start       ] GC(151) Pause Young (Allocation Failure)
[11.181s][info][gc,heap        ] GC(151) PSYoungGen: 100896K(122880K)->71264K(128000K) Eden: 16384K(16384K)->0K(16384K) From: 84512K(106496K)->71264K(111616K)
[11.181s][info][gc,heap        ] GC(151) ParOldGen: 1475765K(1584640K)->1505669K(1584640K)
[11.181s][info][gc,metaspace   ] GC(151) Metaspace: 6299K(6464K)->6299K(6464K) NonClass: 5765K(5824K)->5765K(5824K) Class: 533K(640K)->533K(640K)
[11.181s][info][gc             ] GC(151) Pause Young (Allocation Failure) 1539M->1539M(1672M) 56.613ms
[11.181s][info][gc,cpu         ] GC(151) User=0.36s Sys=0.00s Real=0.06s
[11.204s][info][gc,start       ] GC(152) Pause Young (Allocation Failure)
[11.251s][info][gc,heap        ] GC(152) PSYoungGen: 87648K(128000K)->51904K(122880K) Eden: 16384K(16384K)->0K(18944K) From: 71264K(111616K)->51904K(103936K)
[11.251s][info][gc,heap        ] GC(152) ParOldGen: 1505669K(1584640K)->1541973K(1584640K)
[11.251s][info][gc,metaspace   ] GC(152) Metaspace: 6299K(6464K)->6299K(6464K) NonClass: 5765K(5824K)->5765K(5824K) Class: 533K(640K)->533K(640K)
[11.251s][info][gc             ] GC(152) Pause Young (Allocation Failure) 1555M->1556M(1667M) 47.391ms
[11.251s][info][gc,cpu         ] GC(152) User=0.19s Sys=0.05s Real=0.05s
[11.270s][info][gc,start       ] GC(153) Pause Young (Allocation Failure)
[11.308s][info][gc,heap        ] GC(153) PSYoungGen: 70848K(122880K)->35424K(125952K) Eden: 18944K(18944K)->0K(18944K) From: 51904K(103936K)->35424K(107008K)
[11.308s][info][gc,heap        ] GC(153) ParOldGen: 1541973K(1584640K)->1577733K(1584640K)
[11.308s][info][gc,metaspace   ] GC(153) Metaspace: 6299K(6464K)->6299K(6464K) NonClass: 5765K(5824K)->5765K(5824K) Class: 533K(640K)->533K(640K)
[11.308s][info][gc             ] GC(153) Pause Young (Allocation Failure) 1575M->1575M(1670M) 37.317ms
[11.308s][info][gc,cpu         ] GC(153) User=0.25s Sys=0.00s Real=0.04s
[11.308s][info][gc,start       ] GC(154) Pause Full (Ergonomics)
[11.308s][info][gc,phases,start] GC(154) Marking Phase
[11.666s][info][gc,phases      ] GC(154) Marking Phase 357.754ms
[11.666s][info][gc,phases,start] GC(154) Summary Phase
[11.666s][info][gc,phases      ] GC(154) Summary Phase 0.049ms
[11.666s][info][gc,phases,start] GC(154) Adjust Roots
[11.666s][info][gc,phases      ] GC(154) Adjust Roots 0.226ms
[11.666s][info][gc,phases,start] GC(154) Compaction Phase
[11.847s][info][gc,phases      ] GC(154) Compaction Phase 180.957ms
[11.847s][info][gc,phases,start] GC(154) Post Compact
[11.850s][info][gc,phases      ] GC(154) Post Compact 2.871ms
[11.850s][info][gc,heap        ] GC(154) PSYoungGen: 35424K(125952K)->26575K(125952K) Eden: 0K(18944K)->0K(18944K) From: 35424K(107008K)->26575K(107008K)
[11.851s][info][gc,heap        ] GC(154) ParOldGen: 1577733K(1584640K)->1584531K(1743872K)
[11.851s][info][gc,metaspace   ] GC(154) Metaspace: 6299K(6464K)->6299K(6464K) NonClass: 5765K(5824K)->5765K(5824K) Class: 533K(640K)->533K(640K)
[11.851s][info][gc             ] GC(154) Pause Full (Ergonomics) 1575M->1573M(1826M) 542.763ms
[11.851s][info][gc,cpu         ] GC(154) User=3.61s Sys=0.03s Real=0.54s
[11.871s][info][gc,start       ] GC(155) Pause Young (Allocation Failure)
[11.958s][info][gc,heap        ] GC(155) PSYoungGen: 45519K(125952K)->19072K(127488K) Eden: 18944K(18944K)->0K(20480K) From: 26575K(107008K)->19072K(107008K)
[11.958s][info][gc,heap        ] GC(155) ParOldGen: 1584531K(1743872K)->1611475K(1743872K)
[11.958s][info][gc,metaspace   ] GC(155) Metaspace: 6299K(6464K)->6299K(6464K) NonClass: 5765K(5824K)->5765K(5824K) Class: 533K(640K)->533K(640K)
[11.958s][info][gc             ] GC(155) Pause Young (Allocation Failure) 1591M->1592M(1827M) 86.596ms
[11.958s][info][gc,cpu         ] GC(155) User=0.52s Sys=0.09s Real=0.09s
[11.979s][info][gc,start       ] GC(156) Pause Young (Allocation Failure)
[12.010s][info][gc,heap        ] GC(156) PSYoungGen: 39552K(127488K)->20608K(129024K) Eden: 20480K(20480K)->0K(20480K) From: 19072K(107008K)->20608K(108544K)
[12.010s][info][gc,heap        ] GC(156) ParOldGen: 1611475K(1743872K)->1630675K(1743872K)
[12.010s][info][gc,metaspace   ] GC(156) Metaspace: 6299K(6464K)->6299K(6464K) NonClass: 5765K(5824K)->5765K(5824K) Class: 533K(640K)->533K(640K)
[12.010s][info][gc             ] GC(156) Pause Young (Allocation Failure) 1612M->1612M(1829M) 30.825ms
[12.010s][info][gc,cpu         ] GC(156) User=0.05s Sys=0.00s Real=0.03s
[12.031s][info][gc,start       ] GC(157) Pause Young (Allocation Failure)
[12.061s][info][gc,heap        ] GC(157) PSYoungGen: 41088K(129024K)->20608K(131072K) Eden: 20480K(20480K)->0K(23040K) From: 20608K(108544K)->20608K(108032K)
[12.061s][info][gc,heap        ] GC(157) ParOldGen: 1630675K(1743872K)->1651435K(1743872K)
[12.061s][info][gc,metaspace   ] GC(157) Metaspace: 6299K(6464K)->6299K(6464K) NonClass: 5765K(5824K)->5765K(5824K) Class: 533K(640K)->533K(640K)
[12.061s][info][gc             ] GC(157) Pause Young (Allocation Failure) 1632M->1632M(1831M) 29.557ms
[12.061s][info][gc,cpu         ] GC(157) User=0.02s Sys=0.00s Real=0.03s
[12.085s][info][gc,start       ] GC(158) Pause Young (Allocation Failure)
[12.117s][info][gc,heap        ] GC(158) PSYoungGen: 43648K(131072K)->23200K(131584K) Eden: 23040K(23040K)->0K(23040K) From: 20608K(108032K)->23200K(108544K)
[12.117s][info][gc,heap        ] GC(158) ParOldGen: 1651435K(1743872K)->1672187K(1743872K)
[12.117s][info][gc,metaspace   ] GC(158) Metaspace: 6299K(6464K)->6299K(6464K) NonClass: 5765K(5824K)->5765K(5824K) Class: 533K(640K)->533K(640K)
[12.118s][info][gc             ] GC(158) Pause Young (Allocation Failure) 1655M->1655M(1831M) 32.753ms
[12.118s][info][gc,cpu         ] GC(158) User=0.03s Sys=0.00s Real=0.03s
[12.146s][info][gc,start       ] GC(159) Pause Young (Allocation Failure)
[12.179s][info][gc,heap        ] GC(159) PSYoungGen: 46240K(131584K)->23232K(128000K) Eden: 23040K(23040K)->0K(25600K) From: 23200K(108544K)->23232K(102400K)
[12.179s][info][gc,heap        ] GC(159) ParOldGen: 1672187K(1743872K)->1695547K(1743872K)
[12.179s][info][gc,metaspace   ] GC(159) Metaspace: 6299K(6464K)->6299K(6464K) NonClass: 5765K(5824K)->5765K(5824K) Class: 533K(640K)->533K(640K)
[12.179s][info][gc             ] GC(159) Pause Young (Allocation Failure) 1678M->1678M(1828M) 33.790ms
[12.179s][info][gc,cpu         ] GC(159) User=0.05s Sys=0.00s Real=0.03s
[12.209s][info][gc,start       ] GC(160) Pause Young (Allocation Failure)
[12.245s][info][gc,heap        ] GC(160) PSYoungGen: 48832K(128000K)->25760K(130048K) Eden: 25600K(25600K)->0K(25600K) From: 23232K(102400K)->25760K(104448K)
[12.245s][info][gc,heap        ] GC(160) ParOldGen: 1695547K(1743872K)->1718923K(1743872K)
[12.245s][info][gc,metaspace   ] GC(160) Metaspace: 6299K(6464K)->6299K(6464K) NonClass: 5765K(5824K)->5765K(5824K) Class: 533K(640K)->533K(640K)
[12.245s][info][gc             ] GC(160) Pause Young (Allocation Failure) 1703M->1703M(1830M) 36.838ms
[12.245s][info][gc,cpu         ] GC(160) User=0.08s Sys=0.02s Real=0.04s
[12.246s][info][gc,start       ] GC(161) Pause Full (Ergonomics)
[12.246s][info][gc,phases,start] GC(161) Marking Phase
[12.665s][info][gc,phases      ] GC(161) Marking Phase 419.588ms
[12.665s][info][gc,phases,start] GC(161) Summary Phase
[12.665s][info][gc,phases      ] GC(161) Summary Phase 0.066ms
[12.665s][info][gc,phases,start] GC(161) Adjust Roots
[12.666s][info][gc,phases      ] GC(161) Adjust Roots 0.324ms
[12.666s][info][gc,phases,start] GC(161) Compaction Phase
[12.853s][info][gc,phases      ] GC(161) Compaction Phase 187.482ms
[12.853s][info][gc,phases,start] GC(161) Post Compact
[12.858s][info][gc,phases      ] GC(161) Post Compact 4.300ms
[12.858s][info][gc,heap        ] GC(161) PSYoungGen: 25760K(130048K)->0K(130048K) Eden: 0K(25600K)->0K(28672K) From: 25760K(104448K)->0K(101376K)
[12.858s][info][gc,heap        ] GC(161) ParOldGen: 1718923K(1743872K)->1742498K(1908736K)
[12.858s][info][gc,metaspace   ] GC(161) Metaspace: 6299K(6464K)->6299K(6464K) NonClass: 5765K(5824K)->5765K(5824K) Class: 533K(640K)->533K(640K)
[12.858s][info][gc             ] GC(161) Pause Full (Ergonomics) 1703M->1701M(1991M) 612.863ms
[12.858s][info][gc,cpu         ] GC(161) User=4.17s Sys=0.00s Real=0.61s
[12.891s][info][gc,start       ] GC(162) Pause Young (Allocation Failure)
[12.917s][info][gc,heap        ] GC(162) PSYoungGen: 28672K(130048K)->28832K(57856K) Eden: 28672K(28672K)->0K(28672K) From: 0K(101376K)->28832K(29184K)
[12.917s][info][gc,heap        ] GC(162) ParOldGen: 1742498K(1908736K)->1742498K(1908736K)
[12.917s][info][gc,metaspace   ] GC(162) Metaspace: 6299K(6464K)->6299K(6464K) NonClass: 5765K(5824K)->5765K(5824K) Class: 533K(640K)->533K(640K)
[12.918s][info][gc             ] GC(162) Pause Young (Allocation Failure) 1729M->1729M(1920M) 26.726ms
[12.918s][info][gc,cpu         ] GC(162) User=0.03s Sys=0.00s Real=0.03s
[12.950s][info][gc,start       ] GC(163) Pause Young (Allocation Failure)
[12.985s][info][gc,heap        ] GC(163) PSYoungGen: 57504K(57856K)->57504K(128000K) Eden: 28672K(28672K)->0K(30720K) From: 28832K(29184K)->57504K(97280K)
[12.985s][info][gc,heap        ] GC(163) ParOldGen: 1742498K(1908736K)->1742498K(1908736K)
[12.985s][info][gc,metaspace   ] GC(163) Metaspace: 6299K(6464K)->6299K(6464K) NonClass: 5765K(5824K)->5765K(5824K) Class: 533K(640K)->533K(640K)
[12.985s][info][gc             ] GC(163) Pause Young (Allocation Failure) 1757M->1757M(1989M) 35.329ms
[12.985s][info][gc,cpu         ] GC(163) User=0.16s Sys=0.00s Real=0.04s
[13.018s][info][gc,start       ] GC(164) Pause Young (Allocation Failure)
[13.062s][info][gc,heap        ] GC(164) PSYoungGen: 88224K(128000K)->88288K(129024K) Eden: 30720K(30720K)->0K(30720K) From: 57504K(97280K)->88288K(98304K)
[13.062s][info][gc,heap        ] GC(164) ParOldGen: 1742498K(1908736K)->1742498K(1908736K)
[13.062s][info][gc,metaspace   ] GC(164) Metaspace: 6299K(6464K)->6299K(6464K) NonClass: 5765K(5824K)->5765K(5824K) Class: 533K(640K)->533K(640K)
[13.062s][info][gc             ] GC(164) Pause Young (Allocation Failure) 1787M->1787M(1990M) 43.637ms
[13.062s][info][gc,cpu         ] GC(164) User=0.25s Sys=0.00s Real=0.04s
[13.095s][info][gc,start       ] GC(165) Pause Young (Allocation Failure)
[13.155s][info][gc,heap        ] GC(165) PSYoungGen: 119008K(129024K)->109568K(122880K) Eden: 30720K(30720K)->0K(13312K) From: 88288K(98304K)->109568K(109568K)
[13.155s][info][gc,heap        ] GC(165) ParOldGen: 1742498K(1908736K)->1751970K(1908736K)
[13.155s][info][gc,metaspace   ] GC(165) Metaspace: 6299K(6464K)->6299K(6464K) NonClass: 5765K(5824K)->5765K(5824K) Class: 533K(640K)->533K(640K)
[13.155s][info][gc             ] GC(165) Pause Young (Allocation Failure) 1817M->1817M(1984M) 60.651ms
[13.155s][info][gc,cpu         ] GC(165) User=0.28s Sys=0.05s Real=0.06s
[13.171s][info][gc,start       ] GC(166) Pause Young (Allocation Failure)
[13.229s][info][gc,heap        ] GC(166) PSYoungGen: 122880K(122880K)->70112K(143360K) Eden: 13312K(13312K)->0K(13312K) From: 109568K(109568K)->70112K(130048K)
[13.229s][info][gc,heap        ] GC(166) ParOldGen: 1751970K(1908736K)->1805538K(1908736K)
[13.229s][info][gc,metaspace   ] GC(166) Metaspace: 6299K(6464K)->6299K(6464K) NonClass: 5765K(5824K)->5765K(5824K) Class: 533K(640K)->533K(640K)
[13.229s][info][gc             ] GC(166) Pause Young (Allocation Failure) 1830M->1831M(2004M) 57.422ms
[13.229s][info][gc,cpu         ] GC(166) User=0.33s Sys=0.06s Real=0.06s
[13.244s][info][gc,start       ] GC(167) Pause Young (Allocation Failure)
[13.289s][info][gc,heap        ] GC(167) PSYoungGen: 83424K(143360K)->26720K(139776K) Eden: 13312K(13312K)->0K(15360K) From: 70112K(130048K)->26720K(124416K)
[13.290s][info][gc,heap        ] GC(167) ParOldGen: 1805538K(1908736K)->1862858K(1908736K)
[13.290s][info][gc,metaspace   ] GC(167) Metaspace: 6299K(6464K)->6299K(6464K) NonClass: 5765K(5824K)->5765K(5824K) Class: 533K(640K)->533K(640K)
[13.290s][info][gc             ] GC(167) Pause Young (Allocation Failure) 1844M->1845M(2000M) 45.487ms
[13.290s][info][gc,cpu         ] GC(167) User=0.25s Sys=0.02s Real=0.05s
[13.290s][info][gc,start       ] GC(168) Pause Full (Ergonomics)
[13.290s][info][gc,phases,start] GC(168) Marking Phase
[13.725s][info][gc,phases      ] GC(168) Marking Phase 435.171ms
[13.725s][info][gc,phases,start] GC(168) Summary Phase
[13.725s][info][gc,phases      ] GC(168) Summary Phase 0.064ms
[13.725s][info][gc,phases,start] GC(168) Adjust Roots
[13.725s][info][gc,phases      ] GC(168) Adjust Roots 0.310ms
[13.725s][info][gc,phases,start] GC(168) Compaction Phase
[13.904s][info][gc,phases      ] GC(168) Compaction Phase 178.476ms
[13.904s][info][gc,phases,start] GC(168) Post Compact
[13.908s][info][gc,phases      ] GC(168) Post Compact 3.664ms
[13.909s][info][gc,heap        ] GC(168) PSYoungGen: 26720K(139776K)->0K(141824K) Eden: 0K(15360K)->0K(15360K) From: 26720K(124416K)->0K(126464K)
[13.909s][info][gc,heap        ] GC(168) ParOldGen: 1862858K(1908736K)->1887714K(2085376K)
[13.909s][info][gc,metaspace   ] GC(168) Metaspace: 6299K(6464K)->6299K(6464K) NonClass: 5765K(5824K)->5765K(5824K) Class: 533K(640K)->533K(640K)
[13.909s][info][gc             ] GC(168) Pause Full (Ergonomics) 1845M->1843M(2175M) 618.947ms
[13.909s][info][gc,cpu         ] GC(168) User=4.50s Sys=0.02s Real=0.62s
[13.930s][info][gc,start       ] GC(169) Pause Young (Allocation Failure)
[13.954s][info][gc,heap        ] GC(169) PSYoungGen: 15360K(141824K)->15488K(140800K) Eden: 15360K(15360K)->0K(16896K) From: 0K(126464K)->15488K(123904K)
[13.954s][info][gc,heap        ] GC(169) ParOldGen: 1887714K(2085376K)->1887714K(2085376K)
[13.955s][info][gc,metaspace   ] GC(169) Metaspace: 6299K(6464K)->6299K(6464K) NonClass: 5765K(5824K)->5765K(5824K) Class: 533K(640K)->533K(640K)
[13.955s][info][gc             ] GC(169) Pause Young (Allocation Failure) 1858M->1858M(2174M) 24.565ms
[13.955s][info][gc,cpu         ] GC(169) User=0.05s Sys=0.00s Real=0.03s
[13.973s][info][gc,start       ] GC(170) Pause Young (Allocation Failure)
[13.999s][info][gc,heap        ] GC(170) PSYoungGen: 32384K(140800K)->32384K(49664K) Eden: 16896K(16896K)->0K(16896K) From: 15488K(123904K)->32384K(32768K)
[13.999s][info][gc,heap        ] GC(170) ParOldGen: 1887714K(2085376K)->1887714K(2085376K)
[13.999s][info][gc,metaspace   ] GC(170) Metaspace: 6299K(6464K)->6299K(6464K) NonClass: 5765K(5824K)->5765K(5824K) Class: 533K(640K)->533K(640K)
[13.999s][info][gc             ] GC(170) Pause Young (Allocation Failure) 1875M->1875M(2085M) 25.936ms
[13.999s][info][gc,cpu         ] GC(170) User=0.02s Sys=0.00s Real=0.03s
[14.017s][info][gc,start       ] GC(171) Pause Young (Allocation Failure)
[14.050s][info][gc,heap        ] GC(171) PSYoungGen: 49280K(49664K)->33920K(129024K) Eden: 16896K(16896K)->0K(18944K) From: 32384K(32768K)->33920K(110080K)
[14.050s][info][gc,heap        ] GC(171) ParOldGen: 1887714K(2085376K)->1903298K(2085376K)
[14.050s][info][gc,metaspace   ] GC(171) Metaspace: 6299K(6464K)->6299K(6464K) NonClass: 5765K(5824K)->5765K(5824K) Class: 533K(640K)->533K(640K)
[14.050s][info][gc             ] GC(171) Pause Young (Allocation Failure) 1891M->1891M(2162M) 32.902ms
[14.050s][info][gc,cpu         ] GC(171) User=0.06s Sys=0.00s Real=0.03s
[14.071s][info][gc,start       ] GC(172) Pause Young (Allocation Failure)
[14.103s][info][gc,heap        ] GC(172) PSYoungGen: 52864K(129024K)->36000K(55296K) Eden: 18944K(18944K)->0K(18944K) From: 33920K(110080K)->36000K(36352K)
[14.103s][info][gc,heap        ] GC(172) ParOldGen: 1903298K(2085376K)->1920418K(2085376K)
[14.103s][info][gc,metaspace   ] GC(172) Metaspace: 6299K(6464K)->6299K(6464K) NonClass: 5765K(5824K)->5765K(5824K) Class: 533K(640K)->533K(640K)
[14.103s][info][gc             ] GC(172) Pause Young (Allocation Failure) 1910M->1910M(2090M) 32.456ms
[14.103s][info][gc,cpu         ] GC(172) User=0.14s Sys=0.00s Real=0.03s
[14.125s][info][gc,start       ] GC(173) Pause Young (Allocation Failure)
[14.161s][info][gc,heap        ] GC(173) PSYoungGen: 54944K(55296K)->38016K(121344K) Eden: 18944K(18944K)->0K(21504K) From: 36000K(36352K)->38016K(99840K)
[14.162s][info][gc,heap        ] GC(173) ParOldGen: 1920418K(2085376K)->1937578K(2085376K)
[14.162s][info][gc,metaspace   ] GC(173) Metaspace: 6299K(6464K)->6299K(6464K) NonClass: 5765K(5824K)->5765K(5824K) Class: 533K(640K)->533K(640K)
[14.162s][info][gc             ] GC(173) Pause Young (Allocation Failure) 1929M->1929M(2155M) 36.675ms
[14.162s][info][gc,cpu         ] GC(173) User=0.16s Sys=0.00s Real=0.04s
[14.188s][info][gc,start       ] GC(174) Pause Young (Allocation Failure)
[14.224s][info][gc,heap        ] GC(174) PSYoungGen: 59520K(121344K)->40608K(62464K) Eden: 21504K(21504K)->0K(21504K) From: 38016K(99840K)->40608K(40960K)
[14.224s][info][gc,heap        ] GC(174) ParOldGen: 1937578K(2085376K)->1956786K(2085376K)
[14.224s][info][gc,metaspace   ] GC(174) Metaspace: 6299K(6464K)->6299K(6464K) NonClass: 5765K(5824K)->5765K(5824K) Class: 533K(640K)->533K(640K)
[14.224s][info][gc             ] GC(174) Pause Young (Allocation Failure) 1950M->1950M(2097M) 36.248ms
[14.224s][info][gc,cpu         ] GC(174) User=0.14s Sys=0.00s Real=0.04s
[14.251s][info][gc,start       ] GC(175) Pause Young (Allocation Failure)
[14.288s][info][gc,heap        ] GC(175) PSYoungGen: 62112K(62464K)->43168K(113664K) Eden: 21504K(21504K)->0K(24576K) From: 40608K(40960K)->43168K(89088K)
[14.288s][info][gc,heap        ] GC(175) ParOldGen: 1956786K(2085376K)->1975994K(2085376K)
[14.288s][info][gc,metaspace   ] GC(175) Metaspace: 6299K(6464K)->6299K(6464K) NonClass: 5765K(5824K)->5765K(5824K) Class: 533K(640K)->533K(640K)
[14.288s][info][gc             ] GC(175) Pause Young (Allocation Failure) 1971M->1971M(2147M) 37.256ms
[14.288s][info][gc,cpu         ] GC(175) User=0.14s Sys=0.00s Real=0.04s
[14.317s][info][gc,start       ] GC(176) Pause Young (Allocation Failure)
[14.356s][info][gc,heap        ] GC(176) PSYoungGen: 67744K(113664K)->46240K(71168K) Eden: 24576K(24576K)->0K(24576K) From: 43168K(89088K)->46240K(46592K)
[14.356s][info][gc,heap        ] GC(176) ParOldGen: 1975994K(2085376K)->1997794K(2085376K)
[14.356s][info][gc,metaspace   ] GC(176) Metaspace: 6299K(6464K)->6299K(6464K) NonClass: 5765K(5824K)->5765K(5824K) Class: 533K(640K)->533K(640K)
[14.356s][info][gc             ] GC(176) Pause Young (Allocation Failure) 1995M->1996M(2106M) 39.301ms
[14.356s][info][gc,cpu         ] GC(176) User=0.22s Sys=0.02s Real=0.04s
[14.382s][info][gc,start       ] GC(177) Pause Young (Allocation Failure)
[14.423s][info][gc,heap        ] GC(177) PSYoungGen: 70816K(71168K)->49344K(112640K) Eden: 24576K(24576K)->0K(27648K) From: 46240K(46592K)->49344K(84992K)
[14.423s][info][gc,heap        ] GC(177) ParOldGen: 1997794K(2085376K)->2019610K(2085376K)
[14.423s][info][gc,metaspace   ] GC(177) Metaspace: 6299K(6464K)->6299K(6464K) NonClass: 5765K(5824K)->5765K(5824K) Class: 533K(640K)->533K(640K)
[14.423s][info][gc             ] GC(177) Pause Young (Allocation Failure) 2020M->2020M(2146M) 41.485ms
[14.423s][info][gc,cpu         ] GC(177) User=0.22s Sys=0.05s Real=0.04s
[14.451s][info][gc,start       ] GC(178) Pause Young (Allocation Failure)
[14.495s][info][gc,heap        ] GC(178) PSYoungGen: 76992K(112640K)->52416K(115200K) Eden: 27648K(27648K)->0K(27648K) From: 49344K(84992K)->52416K(87552K)
[14.495s][info][gc,heap        ] GC(178) ParOldGen: 2019610K(2085376K)->2044530K(2085376K)
[14.495s][info][gc,metaspace   ] GC(178) Metaspace: 6299K(6464K)->6299K(6464K) NonClass: 5765K(5824K)->5765K(5824K) Class: 533K(640K)->533K(640K)
[14.495s][info][gc             ] GC(178) Pause Young (Allocation Failure) 2047M->2047M(2149M) 43.844ms
[14.495s][info][gc,cpu         ] GC(178) User=0.33s Sys=0.02s Real=0.04s
[14.525s][info][gc,start       ] GC(179) Pause Young (Allocation Failure)
[14.567s][info][gc,heap        ] GC(179) PSYoungGen: 80064K(115200K)->55488K(116224K) Eden: 27648K(27648K)->0K(31232K) From: 52416K(87552K)->55488K(84992K)
[14.568s][info][gc,heap        ] GC(179) ParOldGen: 2044530K(2085376K)->2069442K(2085376K)
[14.568s][info][gc,metaspace   ] GC(179) Metaspace: 6299K(6464K)->6299K(6464K) NonClass: 5765K(5824K)->5765K(5824K) Class: 533K(640K)->533K(640K)
[14.568s][info][gc             ] GC(179) Pause Young (Allocation Failure) 2074M->2075M(2150M) 42.788ms
[14.568s][info][gc,cpu         ] GC(179) User=0.27s Sys=0.00s Real=0.04s
[14.568s][info][gc,start       ] GC(180) Pause Full (Ergonomics)
[14.568s][info][gc,phases,start] GC(180) Marking Phase
[15.056s][info][gc,phases      ] GC(180) Marking Phase 488.781ms
[15.057s][info][gc,phases,start] GC(180) Summary Phase
[15.057s][info][gc,phases      ] GC(180) Summary Phase 0.033ms
[15.057s][info][gc,phases,start] GC(180) Adjust Roots
[15.057s][info][gc,phases      ] GC(180) Adjust Roots 0.168ms
[15.057s][info][gc,phases,start] GC(180) Compaction Phase
[15.266s][info][gc,phases      ] GC(180) Compaction Phase 209.328ms
[15.266s][info][gc,phases,start] GC(180) Post Compact
[15.270s][info][gc,phases      ] GC(180) Post Compact 3.957ms
[15.271s][info][gc,heap        ] GC(180) PSYoungGen: 55488K(116224K)->36835K(116736K) Eden: 0K(31232K)->0K(31744K) From: 55488K(84992K)->36835K(84992K)
[15.271s][info][gc,heap        ] GC(180) ParOldGen: 2069442K(2085376K)->2085041K(2279424K)
[15.271s][info][gc,metaspace   ] GC(180) Metaspace: 6299K(6464K)->6299K(6464K) NonClass: 5765K(5824K)->5765K(5824K) Class: 533K(640K)->533K(640K)
[15.271s][info][gc             ] GC(180) Pause Full (Ergonomics) 2075M->2072M(2340M) 703.268ms
[15.271s][info][gc,cpu         ] GC(180) User=5.17s Sys=0.02s Real=0.70s
[15.305s][info][gc,start       ] GC(181) Pause Young (Allocation Failure)
[15.436s][info][gc,heap        ] GC(181) PSYoungGen: 68579K(116736K)->50464K(117248K) Eden: 31744K(31744K)->0K(31744K) From: 36835K(84992K)->50464K(85504K)
[15.436s][info][gc,heap        ] GC(181) ParOldGen: 2085041K(2279424K)->2103681K(2279424K)
[15.436s][info][gc,metaspace   ] GC(181) Metaspace: 6299K(6464K)->6299K(6464K) NonClass: 5765K(5824K)->5765K(5824K) Class: 533K(640K)->533K(640K)
[15.436s][info][gc             ] GC(181) Pause Young (Allocation Failure) 2103M->2103M(2340M) 130.210ms
[15.436s][info][gc,cpu         ] GC(181) User=0.86s Sys=0.02s Real=0.13s
[15.472s][info][gc,start       ] GC(182) Pause Young (Allocation Failure)
[15.520s][info][gc,heap        ] GC(182) PSYoungGen: 82208K(117248K)->82240K(109568K) Eden: 31744K(31744K)->0K(26112K) From: 50464K(85504K)->82240K(83456K)
[15.520s][info][gc,heap        ] GC(182) ParOldGen: 2103681K(2279424K)->2103681K(2279424K)
[15.520s][info][gc,metaspace   ] GC(182) Metaspace: 6299K(6464K)->6299K(6464K) NonClass: 5765K(5824K)->5765K(5824K) Class: 533K(640K)->533K(640K)
[15.520s][info][gc             ] GC(182) Pause Young (Allocation Failure) 2134M->2134M(2333M) 48.014ms
[15.520s][info][gc,cpu         ] GC(182) User=0.27s Sys=0.00s Real=0.05s
[15.555s][info][gc,start       ] GC(183) Pause Young (Allocation Failure)
[15.614s][info][gc,heap        ] GC(183) PSYoungGen: 108352K(109568K)->89824K(118784K) Eden: 26112K(26112K)->0K(26112K) From: 82240K(83456K)->89824K(92672K)
[15.614s][info][gc,heap        ] GC(183) ParOldGen: 2103681K(2279424K)->2122425K(2279424K)
[15.614s][info][gc,metaspace   ] GC(183) Metaspace: 6299K(6464K)->6299K(6464K) NonClass: 5765K(5824K)->5765K(5824K) Class: 533K(640K)->533K(640K)
[15.614s][info][gc             ] GC(183) Pause Young (Allocation Failure) 2160M->2160M(2342M) 59.305ms
[15.614s][info][gc,cpu         ] GC(183) User=0.33s Sys=0.02s Real=0.06s
[15.647s][info][gc,start       ] GC(184) Pause Young (Allocation Failure)
[15.708s][info][gc,heap        ] GC(184) PSYoungGen: 115936K(118784K)->84192K(126464K) Eden: 26112K(26112K)->0K(23040K) From: 89824K(92672K)->84192K(103424K)
[15.708s][info][gc,heap        ] GC(184) ParOldGen: 2122425K(2279424K)->2154609K(2279424K)
[15.708s][info][gc,metaspace   ] GC(184) Metaspace: 6299K(6464K)->6299K(6464K) NonClass: 5765K(5824K)->5765K(5824K) Class: 533K(640K)->533K(640K)
[15.708s][info][gc             ] GC(184) Pause Young (Allocation Failure) 2185M->2186M(2349M) 60.994ms
[15.708s][info][gc,cpu         ] GC(184) User=0.38s Sys=0.02s Real=0.06s
[15.737s][info][gc,start       ] GC(185) Pause Young (Allocation Failure)
[15.794s][info][gc,heap        ] GC(185) PSYoungGen: 107232K(126464K)->75488K(132608K) Eden: 23040K(23040K)->0K(23040K) From: 84192K(103424K)->75488K(109568K)
[15.794s][info][gc,heap        ] GC(185) ParOldGen: 2154609K(2279424K)->2186785K(2279424K)
[15.794s][info][gc,metaspace   ] GC(185) Metaspace: 6299K(6464K)->6299K(6464K) NonClass: 5765K(5824K)->5765K(5824K) Class: 533K(640K)->533K(640K)
[15.794s][info][gc             ] GC(185) Pause Young (Allocation Failure) 2208M->2209M(2355M) 57.431ms
[15.794s][info][gc,cpu         ] GC(185) User=0.36s Sys=0.02s Real=0.06s
[15.820s][info][gc,start       ] GC(186) Pause Young (Allocation Failure)
[15.876s][info][gc,heap        ] GC(186) PSYoungGen: 98528K(132608K)->72384K(136192K) Eden: 23040K(23040K)->0K(26112K) From: 75488K(109568K)->72384K(110080K)
[15.876s][info][gc,heap        ] GC(186) ParOldGen: 2186785K(2279424K)->2213273K(2279424K)
[15.876s][info][gc,metaspace   ] GC(186) Metaspace: 6299K(6464K)->6299K(6464K) NonClass: 5765K(5824K)->5765K(5824K) Class: 533K(640K)->533K(640K)
[15.876s][info][gc             ] GC(186) Pause Young (Allocation Failure) 2231M->2232M(2359M) 55.551ms
[15.876s][info][gc,cpu         ] GC(186) User=0.33s Sys=0.02s Real=0.06s
[15.911s][info][gc,start       ] GC(187) Pause Young (Allocation Failure)
[15.966s][info][gc,heap        ] GC(187) PSYoungGen: 98496K(136192K)->49248K(136704K) Eden: 26112K(26112K)->0K(26112K) From: 72384K(110080K)->49248K(110592K)
[15.966s][info][gc,heap        ] GC(187) ParOldGen: 2213273K(2279424K)->2263033K(2279424K)
[15.966s][info][gc,metaspace   ] GC(187) Metaspace: 6299K(6464K)->6299K(6464K) NonClass: 5765K(5824K)->5765K(5824K) Class: 533K(640K)->533K(640K)
[15.966s][info][gc             ] GC(187) Pause Young (Allocation Failure) 2257M->2258M(2359M) 54.892ms
[15.966s][info][gc,cpu         ] GC(187) User=0.36s Sys=0.02s Real=0.06s
[15.966s][info][gc,start       ] GC(188) Pause Full (Ergonomics)
[15.966s][info][gc,phases,start] GC(188) Marking Phase
[16.521s][info][gc,phases      ] GC(188) Marking Phase 554.482ms
[16.521s][info][gc,phases,start] GC(188) Summary Phase
[16.521s][info][gc,phases      ] GC(188) Summary Phase 0.061ms
[16.521s][info][gc,phases,start] GC(188) Adjust Roots
[16.521s][info][gc,phases      ] GC(188) Adjust Roots 0.298ms
[16.521s][info][gc,phases,start] GC(188) Compaction Phase
[16.736s][info][gc,phases      ] GC(188) Compaction Phase 214.390ms
[16.736s][info][gc,phases,start] GC(188) Post Compact
[16.740s][info][gc,phases      ] GC(188) Post Compact 4.385ms
[16.741s][info][gc,heap        ] GC(188) PSYoungGen: 49248K(136704K)->30176K(136704K) Eden: 0K(26112K)->0K(26112K) From: 49248K(110592K)->30176K(110592K)
[16.741s][info][gc,heap        ] GC(188) ParOldGen: 2263033K(2279424K)->2279388K(2501120K)
[16.741s][info][gc,metaspace   ] GC(188) Metaspace: 6299K(6464K)->6299K(6464K) NonClass: 5765K(5824K)->5765K(5824K) Class: 533K(640K)->533K(640K)
[16.741s][info][gc             ] GC(188) Pause Full (Ergonomics) 2258M->2255M(2576M) 775.053ms
[16.741s][info][gc,cpu         ] GC(188) User=5.52s Sys=0.03s Real=0.78s
[16.773s][info][gc,start       ] GC(189) Pause Young (Allocation Failure)
[16.904s][info][gc,heap        ] GC(189) PSYoungGen: 56288K(136704K)->26304K(136192K) Eden: 26112K(26112K)->0K(28672K) From: 30176K(110592K)->26304K(107520K)
[16.904s][info][gc,heap        ] GC(189) ParOldGen: 2279388K(2501120K)->2309876K(2501120K)
[16.904s][info][gc,metaspace   ] GC(189) Metaspace: 6299K(6464K)->6299K(6464K) NonClass: 5765K(5824K)->5765K(5824K) Class: 533K(640K)->533K(640K)
[16.904s][info][gc             ] GC(189) Pause Young (Allocation Failure) 2280M->2281M(2575M) 130.697ms
[16.904s][info][gc,cpu         ] GC(189) User=0.73s Sys=0.02s Real=0.13s
[16.937s][info][gc,start       ] GC(190) Pause Young (Allocation Failure)
[16.972s][info][gc,heap        ] GC(190) PSYoungGen: 54976K(136192K)->28864K(137216K) Eden: 28672K(28672K)->0K(28672K) From: 26304K(107520K)->28864K(108544K)
[16.972s][info][gc,heap        ] GC(190) ParOldGen: 2309876K(2501120K)->2336220K(2501120K)
[16.972s][info][gc,metaspace   ] GC(190) Metaspace: 6299K(6464K)->6299K(6464K) NonClass: 5765K(5824K)->5765K(5824K) Class: 533K(640K)->533K(640K)
[16.972s][info][gc             ] GC(190) Pause Young (Allocation Failure) 2309M->2309M(2576M) 35.879ms
[16.972s][info][gc,cpu         ] GC(190) User=0.20s Sys=0.05s Real=0.04s
[17.007s][info][gc,start       ] GC(191) Pause Young (Allocation Failure)
[17.048s][info][gc,heap        ] GC(191) PSYoungGen: 57536K(137216K)->28864K(137728K) Eden: 28672K(28672K)->0K(32256K) From: 28864K(108544K)->28864K(105472K)
[17.048s][info][gc,heap        ] GC(191) ParOldGen: 2336220K(2501120K)->2365148K(2501120K)
[17.048s][info][gc,metaspace   ] GC(191) Metaspace: 6299K(6464K)->6299K(6464K) NonClass: 5765K(5824K)->5765K(5824K) Class: 533K(640K)->533K(640K)
[17.048s][info][gc             ] GC(191) Pause Young (Allocation Failure) 2337M->2337M(2577M) 40.848ms
[17.048s][info][gc,cpu         ] GC(191) User=0.14s Sys=0.02s Real=0.04s
[17.086s][info][gc,start       ] GC(192) Pause Young (Allocation Failure)
[17.128s][info][gc,heap        ] GC(192) PSYoungGen: 61120K(137728K)->32448K(138752K) Eden: 32256K(32256K)->0K(32256K) From: 28864K(105472K)->32448K(106496K)
[17.128s][info][gc,heap        ] GC(192) ParOldGen: 2365148K(2501120K)->2394076K(2501120K)
[17.128s][info][gc,metaspace   ] GC(192) Metaspace: 6299K(6464K)->6299K(6464K) NonClass: 5765K(5824K)->5765K(5824K) Class: 533K(640K)->533K(640K)
[17.128s][info][gc             ] GC(192) Pause Young (Allocation Failure) 2369M->2369M(2578M) 41.732ms
[17.128s][info][gc,cpu         ] GC(192) User=0.25s Sys=0.00s Real=0.04s
[17.170s][info][gc,start       ] GC(193) Pause Young (Allocation Failure)
[17.213s][info][gc,heap        ] GC(193) PSYoungGen: 64704K(138752K)->32448K(134656K) Eden: 32256K(32256K)->0K(35840K) From: 32448K(106496K)->32448K(98816K)
[17.213s][info][gc,heap        ] GC(193) ParOldGen: 2394076K(2501120K)->2426612K(2501120K)
[17.213s][info][gc,metaspace   ] GC(193) Metaspace: 6299K(6464K)->6299K(6464K) NonClass: 5765K(5824K)->5765K(5824K) Class: 533K(640K)->533K(640K)
[17.213s][info][gc             ] GC(193) Pause Young (Allocation Failure) 2401M->2401M(2574M) 42.733ms
[17.213s][info][gc,cpu         ] GC(193) User=0.36s Sys=0.02s Real=0.04s
[17.260s][info][gc,start       ] GC(194) Pause Young (Allocation Failure)
[17.303s][info][gc,heap        ] GC(194) PSYoungGen: 68288K(134656K)->36064K(137216K) Eden: 35840K(35840K)->0K(35840K) From: 32448K(98816K)->36064K(101376K)
[17.303s][info][gc,heap        ] GC(194) ParOldGen: 2426612K(2501120K)->2459156K(2501120K)
[17.303s][info][gc,metaspace   ] GC(194) Metaspace: 6299K(6464K)->6299K(6464K) NonClass: 5765K(5824K)->5765K(5824K) Class: 533K(640K)->533K(640K)
[17.303s][info][gc             ] GC(194) Pause Young (Allocation Failure) 2436M->2436M(2576M) 42.905ms
[17.303s][info][gc,cpu         ] GC(194) User=0.27s Sys=0.00s Real=0.04s
[17.303s][info][gc,start       ] GC(195) Pause Full (Ergonomics)
[17.303s][info][gc,phases,start] GC(195) Marking Phase
[17.862s][info][gc,phases      ] GC(195) Marking Phase 559.227ms
[17.862s][info][gc,phases,start] GC(195) Summary Phase
[17.862s][info][gc,phases      ] GC(195) Summary Phase 0.072ms
[17.863s][info][gc,phases,start] GC(195) Adjust Roots
[17.863s][info][gc,phases      ] GC(195) Adjust Roots 0.259ms
[17.863s][info][gc,phases,start] GC(195) Compaction Phase
[18.053s][info][gc,phases      ] GC(195) Compaction Phase 190.456ms
[18.053s][info][gc,phases,start] GC(195) Post Compact
[18.058s][info][gc,phases      ] GC(195) Post Compact 4.712ms
[18.059s][info][gc,heap        ] GC(195) PSYoungGen: 36064K(137216K)->0K(137216K) Eden: 0K(35840K)->0K(39424K) From: 36064K(101376K)->0K(97792K)
[18.059s][info][gc,heap        ] GC(195) ParOldGen: 2459156K(2501120K)->2493174K(2731008K)
[18.059s][info][gc,metaspace   ] GC(195) Metaspace: 6299K(6464K)->6299K(6464K) NonClass: 5765K(5824K)->5765K(5824K) Class: 533K(640K)->533K(640K)
[18.059s][info][gc             ] GC(195) Pause Full (Ergonomics) 2436M->2434M(2801M) 755.843ms
[18.059s][info][gc,cpu         ] GC(195) User=5.64s Sys=0.05s Real=0.76s
[18.113s][info][gc,start       ] GC(196) Pause Young (Allocation Failure)
[18.147s][info][gc,heap        ] GC(196) PSYoungGen: 39424K(137216K)->39552K(137216K) Eden: 39424K(39424K)->0K(39424K) From: 0K(97792K)->39552K(97792K)
[18.147s][info][gc,heap        ] GC(196) ParOldGen: 2493174K(2731008K)->2493174K(2731008K)
[18.147s][info][gc,metaspace   ] GC(196) Metaspace: 6299K(6464K)->6299K(6464K) NonClass: 5765K(5824K)->5765K(5824K) Class: 533K(640K)->533K(640K)
[18.147s][info][gc             ] GC(196) Pause Young (Allocation Failure) 2473M->2473M(2801M) 33.344ms
[18.147s][info][gc,cpu         ] GC(196) User=0.08s Sys=0.00s Real=0.03s
[18.194s][info][gc,start       ] GC(197) Pause Young (Allocation Failure)
[18.241s][info][gc,heap        ] GC(197) PSYoungGen: 78976K(137216K)->79104K(130048K) Eden: 39424K(39424K)->0K(35840K) From: 39552K(97792K)->79104K(94208K)
[18.241s][info][gc,heap        ] GC(197) ParOldGen: 2493174K(2731008K)->2493174K(2731008K)
[18.241s][info][gc,metaspace   ] GC(197) Metaspace: 6299K(6464K)->6299K(6464K) NonClass: 5765K(5824K)->5765K(5824K) Class: 533K(640K)->533K(640K)
[18.241s][info][gc             ] GC(197) Pause Young (Allocation Failure) 2511M->2511M(2794M) 46.299ms
[18.241s][info][gc,cpu         ] GC(197) User=0.27s Sys=0.00s Real=0.05s
[18.284s][info][gc,start       ] GC(198) Pause Young (Allocation Failure)
[18.342s][info][gc,heap        ] GC(198) PSYoungGen: 114944K(130048K)->101376K(137216K) Eden: 35840K(35840K)->0K(35840K) From: 79104K(94208K)->101376K(101376K)
[18.342s][info][gc,heap        ] GC(198) ParOldGen: 2493174K(2731008K)->2506758K(2731008K)
[18.342s][info][gc,metaspace   ] GC(198) Metaspace: 6299K(6464K)->6299K(6464K) NonClass: 5765K(5824K)->5765K(5824K) Class: 533K(640K)->533K(640K)
[18.342s][info][gc             ] GC(198) Pause Young (Allocation Failure) 2546M->2547M(2801M) 57.670ms
[18.342s][info][gc,cpu         ] GC(198) User=0.36s Sys=0.02s Real=0.06s
[18.387s][info][gc,start       ] GC(199) Pause Young (Allocation Failure)
[18.462s][info][gc,heap        ] GC(199) PSYoungGen: 137216K(137216K)->67392K(156160K) Eden: 35840K(35840K)->0K(39424K) From: 101376K(101376K)->67392K(116736K)
[18.462s][info][gc,heap        ] GC(199) ParOldGen: 2506758K(2731008K)->2577286K(2731008K)
[18.462s][info][gc,metaspace   ] GC(199) Metaspace: 6299K(6464K)->6299K(6464K) NonClass: 5765K(5824K)->5765K(5824K) Class: 533K(640K)->533K(640K)
[18.462s][info][gc             ] GC(199) Pause Young (Allocation Failure) 2582M->2582M(2819M) 75.007ms
[18.462s][info][gc,cpu         ] GC(199) User=0.47s Sys=0.05s Real=0.08s
[18.512s][info][gc,start       ] GC(200) Pause Young (Allocation Failure)
[18.569s][info][gc,heap        ] GC(200) PSYoungGen: 106816K(156160K)->106848K(158208K) Eden: 39424K(39424K)->0K(39424K) From: 67392K(116736K)->106848K(118784K)
[18.569s][info][gc,heap        ] GC(200) ParOldGen: 2577286K(2731008K)->2577286K(2731008K)
[18.569s][info][gc,metaspace   ] GC(200) Metaspace: 6299K(6464K)->6299K(6464K) NonClass: 5765K(5824K)->5765K(5824K) Class: 533K(640K)->533K(640K)
[18.569s][info][gc             ] GC(200) Pause Young (Allocation Failure) 2621M->2621M(2821M) 56.476ms
[18.569s][info][gc,cpu         ] GC(200) User=0.39s Sys=0.00s Real=0.06s
[18.617s][info][gc,start       ] GC(201) Pause Young (Allocation Failure)
[18.698s][info][gc,heap        ] GC(201) PSYoungGen: 146272K(158208K)->114976K(162304K) Eden: 39424K(39424K)->0K(31232K) From: 106848K(118784K)->114976K(131072K)
[18.698s][info][gc,heap        ] GC(201) ParOldGen: 2577286K(2731008K)->2608910K(2731008K)
[18.698s][info][gc,metaspace   ] GC(201) Metaspace: 6299K(6464K)->6299K(6464K) NonClass: 5765K(5824K)->5765K(5824K) Class: 533K(640K)->533K(640K)
[18.698s][info][gc             ] GC(201) Pause Young (Allocation Failure) 2659M->2660M(2825M) 81.030ms
[18.698s][info][gc,cpu         ] GC(201) User=0.52s Sys=0.00s Real=0.08s
[18.732s][info][gc,start       ] GC(202) Pause Young (Allocation Failure)
[18.807s][info][gc,heap        ] GC(202) PSYoungGen: 146208K(162304K)->110304K(175104K) Eden: 31232K(31232K)->0K(31232K) From: 114976K(131072K)->110304K(143872K)
[18.807s][info][gc,heap        ] GC(202) ParOldGen: 2608910K(2731008K)->2645086K(2731008K)
[18.807s][info][gc,metaspace   ] GC(202) Metaspace: 6299K(6464K)->6299K(6464K) NonClass: 5765K(5824K)->5765K(5824K) Class: 533K(640K)->533K(640K)
[18.807s][info][gc             ] GC(202) Pause Young (Allocation Failure) 2690M->2690M(2838M) 74.505ms
[18.807s][info][gc,cpu         ] GC(202) User=0.52s Sys=0.00s Real=0.07s
[18.843s][info][gc,start       ] GC(203) Pause Young (Allocation Failure)
[18.922s][info][gc,heap        ] GC(203) PSYoungGen: 141536K(175104K)->102176K(183808K) Eden: 31232K(31232K)->0K(31744K) From: 110304K(143872K)->102176K(152064K)
[18.922s][info][gc,heap        ] GC(203) ParOldGen: 2645086K(2731008K)->2684862K(2731008K)
[18.922s][info][gc,metaspace   ] GC(203) Metaspace: 6299K(6464K)->6299K(6464K) NonClass: 5765K(5824K)->5765K(5824K) Class: 533K(640K)->533K(640K)
[18.922s][info][gc             ] GC(203) Pause Young (Allocation Failure) 2721M->2721M(2846M) 78.919ms
[18.922s][info][gc,cpu         ] GC(203) User=0.52s Sys=0.00s Real=0.08s
[18.922s][info][gc,start       ] GC(204) Pause Full (Ergonomics)
[18.922s][info][gc,phases,start] GC(204) Marking Phase
[19.576s][info][gc,phases      ] GC(204) Marking Phase 654.249ms
[19.576s][info][gc,phases,start] GC(204) Summary Phase
[19.576s][info][gc,phases      ] GC(204) Summary Phase 0.053ms
[19.576s][info][gc,phases,start] GC(204) Adjust Roots
[19.576s][info][gc,phases      ] GC(204) Adjust Roots 0.210ms
[19.576s][info][gc,phases,start] GC(204) Compaction Phase
[19.818s][info][gc,phases      ] GC(204) Compaction Phase 241.073ms
[19.818s][info][gc,phases,start] GC(204) Post Compact
[19.823s][info][gc,phases      ] GC(204) Post Compact 5.425ms
[19.824s][info][gc,heap        ] GC(204) PSYoungGen: 102176K(183808K)->54259K(183808K) Eden: 0K(31744K)->0K(31744K) From: 102176K(152064K)->54259K(152064K)
[19.824s][info][gc,heap        ] GC(204) ParOldGen: 2684862K(2731008K)->2730505K(3000832K)
[19.824s][info][gc,metaspace   ] GC(204) Metaspace: 6299K(6464K)->6299K(6464K) NonClass: 5765K(5824K)->5765K(5824K) Class: 533K(640K)->533K(640K)
[19.824s][info][gc             ] GC(204) Pause Full (Ergonomics) 2721M->2719M(3110M) 902.238ms
[19.824s][info][gc,cpu         ] GC(204) User=6.78s Sys=0.02s Real=0.90s
[19.864s][info][gc,start       ] GC(205) Pause Young (Allocation Failure)
[20.039s][info][gc,heap        ] GC(205) PSYoungGen: 86003K(183808K)->49248K(81408K) Eden: 31744K(31744K)->0K(31744K) From: 54259K(152064K)->49248K(49664K)
[20.039s][info][gc,heap        ] GC(205) ParOldGen: 2730505K(3000832K)->2767881K(3000832K)
[20.039s][info][gc,metaspace   ] GC(205) Metaspace: 6299K(6464K)->6299K(6464K) NonClass: 5765K(5824K)->5765K(5824K) Class: 533K(640K)->533K(640K)
[20.039s][info][gc             ] GC(205) Pause Young (Allocation Failure) 2750M->2751M(3010M) 175.455ms
[20.039s][info][gc,cpu         ] GC(205) User=1.03s Sys=0.00s Real=0.18s
[20.600s][info][gc,start       ] GC(206) Pause Young (Allocation Failure)
[20.709s][info][gc,heap        ] GC(206) PSYoungGen: 80992K(81408K)->63712K(173568K) Eden: 31744K(31744K)->0K(34816K) From: 49248K(49664K)->63712K(138752K)
[20.709s][info][gc,heap        ] GC(206) ParOldGen: 2898953K(3000832K)->2916417K(3000832K)
[20.709s][info][gc,metaspace   ] GC(206) Metaspace: 6299K(6464K)->6299K(6464K) NonClass: 5765K(5824K)->5765K(5824K) Class: 533K(640K)->533K(640K)
[20.709s][info][gc             ] GC(206) Pause Young (Allocation Failure) 2910M->2910M(3100M) 108.980ms
[20.709s][info][gc,cpu         ] GC(206) User=0.64s Sys=0.00s Real=0.11s
[20.749s][info][gc,start       ] GC(207) Pause Young (Allocation Failure)
[20.809s][info][gc,heap        ] GC(207) PSYoungGen: 98528K(173568K)->98560K(180224K) Eden: 34816K(34816K)->0K(34816K) From: 63712K(138752K)->98560K(145408K)
[20.809s][info][gc,heap        ] GC(207) ParOldGen: 2916417K(3000832K)->2916417K(3000832K)
[20.809s][info][gc,metaspace   ] GC(207) Metaspace: 6299K(6464K)->6299K(6464K) NonClass: 5765K(5824K)->5765K(5824K) Class: 533K(640K)->533K(640K)
[20.809s][info][gc             ] GC(207) Pause Young (Allocation Failure) 2944M->2944M(3106M) 60.469ms
[20.809s][info][gc,cpu         ] GC(207) User=0.38s Sys=0.00s Real=0.06s
[20.846s][info][gc,start       ] GC(208) Pause Young (Allocation Failure)
[20.919s][info][gc,heap        ] GC(208) PSYoungGen: 133376K(180224K)->133408K(171520K) Eden: 34816K(34816K)->0K(23552K) From: 98560K(145408K)->133408K(147968K)
[20.919s][info][gc,heap        ] GC(208) ParOldGen: 2916417K(3000832K)->2916417K(3000832K)
[20.919s][info][gc,metaspace   ] GC(208) Metaspace: 6299K(6464K)->6299K(6464K) NonClass: 5765K(5824K)->5765K(5824K) Class: 533K(640K)->533K(640K)
[20.919s][info][gc             ] GC(208) Pause Young (Allocation Failure) 2978M->2978M(3098M) 73.009ms
[20.919s][info][gc,cpu         ] GC(208) User=0.33s Sys=0.00s Real=0.07s
[20.945s][info][gc,start       ] GC(209) Pause Young (Allocation Failure)
[21.029s][info][gc,heap        ] GC(209) PSYoungGen: 156960K(171520K)->125184K(186368K) Eden: 23552K(23552K)->0K(23552K) From: 133408K(147968K)->125184K(162816K)
[21.029s][info][gc,heap        ] GC(209) ParOldGen: 2916417K(3000832K)->2948457K(3000832K)
[21.029s][info][gc,metaspace   ] GC(209) Metaspace: 6299K(6464K)->6299K(6464K) NonClass: 5765K(5824K)->5765K(5824K) Class: 533K(640K)->533K(640K)
[21.029s][info][gc             ] GC(209) Pause Young (Allocation Failure) 3001M->3001M(3112M) 83.378ms
[21.029s][info][gc,cpu         ] GC(209) User=0.42s Sys=0.00s Real=0.08s
[21.029s][info][gc,start       ] GC(210) Pause Full (Ergonomics)
[21.029s][info][gc,phases,start] GC(210) Marking Phase
[21.735s][info][gc,phases      ] GC(210) Marking Phase 706.201ms
[21.735s][info][gc,phases,start] GC(210) Summary Phase
[21.735s][info][gc,phases      ] GC(210) Summary Phase 0.052ms
[21.735s][info][gc,phases,start] GC(210) Adjust Roots
[21.735s][info][gc,phases      ] GC(210) Adjust Roots 0.230ms
[21.735s][info][gc,phases,start] GC(210) Compaction Phase
[22.214s][info][gc,phases      ] GC(210) Compaction Phase 478.066ms
[22.214s][info][gc,phases,start] GC(210) Post Compact
[22.220s][info][gc,phases      ] GC(210) Post Compact 6.380ms
[22.221s][info][gc,heap        ] GC(210) PSYoungGen: 125184K(186368K)->6280K(186368K) Eden: 0K(23552K)->0K(23552K) From: 125184K(162816K)->6280K(162816K)
[22.221s][info][gc,heap        ] GC(210) ParOldGen: 2948457K(3000832K)->3000538K(3288064K)
[22.221s][info][gc,metaspace   ] GC(210) Metaspace: 6299K(6464K)->6299K(6464K) NonClass: 5765K(5824K)->5765K(5824K) Class: 533K(640K)->533K(640K)
[22.221s][info][gc             ] GC(210) Pause Full (Ergonomics) 3001M->2936M(3393M) 1192.235ms
[22.221s][info][gc,cpu         ] GC(210) User=8.42s Sys=0.05s Real=1.19s
[22.244s][info][gc,start       ] GC(211) Pause Young (Allocation Failure)
[22.395s][info][gc,heap        ] GC(211) PSYoungGen: 29832K(186368K)->26464K(196096K) Eden: 23552K(23552K)->0K(25088K) From: 6280K(162816K)->26464K(171008K)
[22.395s][info][gc,heap        ] GC(211) ParOldGen: 3000538K(3288064K)->3004122K(3288064K)
[22.395s][info][gc,metaspace   ] GC(211) Metaspace: 6299K(6464K)->6299K(6464K) NonClass: 5765K(5824K)->5765K(5824K) Class: 533K(640K)->533K(640K)
[22.395s][info][gc             ] GC(211) Pause Young (Allocation Failure) 2959M->2959M(3402M) 150.737ms
[22.395s][info][gc,cpu         ] GC(211) User=0.91s Sys=0.02s Real=0.15s
[22.420s][info][gc,start       ] GC(212) Pause Young (Allocation Failure)
[22.470s][info][gc,heap        ] GC(212) PSYoungGen: 51552K(196096K)->51616K(76800K) Eden: 25088K(25088K)->0K(25088K) From: 26464K(171008K)->51616K(51712K)
[22.470s][info][gc,heap        ] GC(212) ParOldGen: 3004122K(3288064K)->3004122K(3288064K)
[22.470s][info][gc,metaspace   ] GC(212) Metaspace: 6299K(6464K)->6299K(6464K) NonClass: 5765K(5824K)->5765K(5824K) Class: 533K(640K)->533K(640K)
[22.470s][info][gc             ] GC(212) Pause Young (Allocation Failure) 2984M->2984M(3286M) 50.045ms
[22.470s][info][gc,cpu         ] GC(212) User=0.08s Sys=0.00s Real=0.05s
[22.493s][info][gc,start       ] GC(213) Pause Young (Allocation Failure)
[22.551s][info][gc,heap        ] GC(213) PSYoungGen: 76704K(76800K)->76704K(178176K) Eden: 25088K(25088K)->0K(28160K) From: 51616K(51712K)->76704K(150016K)
[22.551s][info][gc,heap        ] GC(213) ParOldGen: 3004122K(3288064K)->3004122K(3288064K)
[22.551s][info][gc,metaspace   ] GC(213) Metaspace: 6299K(6464K)->6299K(6464K) NonClass: 5765K(5824K)->5765K(5824K) Class: 533K(640K)->533K(640K)
[22.551s][info][gc             ] GC(213) Pause Young (Allocation Failure) 3008M->3008M(3385M) 57.597ms
[22.551s][info][gc,cpu         ] GC(213) User=0.08s Sys=0.00s Real=0.06s
[22.578s][info][gc,start       ] GC(214) Pause Young (Allocation Failure)
[22.644s][info][gc,heap        ] GC(214) PSYoungGen: 104864K(178176K)->104832K(186880K) Eden: 28160K(28160K)->0K(28160K) From: 76704K(150016K)->104832K(158720K)
[22.644s][info][gc,heap        ] GC(214) ParOldGen: 3004122K(3288064K)->3004154K(3288064K)
[22.644s][info][gc,metaspace   ] GC(214) Metaspace: 6299K(6464K)->6299K(6464K) NonClass: 5765K(5824K)->5765K(5824K) Class: 533K(640K)->533K(640K)
[22.644s][info][gc             ] GC(214) Pause Young (Allocation Failure) 3036M->3036M(3393M) 66.150ms
[22.644s][info][gc,cpu         ] GC(214) User=0.20s Sys=0.00s Real=0.07s
[22.671s][info][gc,start       ] GC(215) Pause Young (Allocation Failure)
[22.741s][info][gc,heap        ] GC(215) PSYoungGen: 132992K(186880K)->106784K(190976K) Eden: 28160K(28160K)->0K(29696K) From: 104832K(158720K)->106784K(161280K)
[22.741s][info][gc,heap        ] GC(215) ParOldGen: 3004154K(3288064K)->3030706K(3288064K)
[22.741s][info][gc,metaspace   ] GC(215) Metaspace: 6299K(6464K)->6299K(6464K) NonClass: 5765K(5824K)->5765K(5824K) Class: 533K(640K)->533K(640K)
[22.741s][info][gc             ] GC(215) Pause Young (Allocation Failure) 3063M->3063M(3397M) 70.162ms
[22.741s][info][gc,cpu         ] GC(215) User=0.31s Sys=0.00s Real=0.07s
[22.771s][info][gc,start       ] GC(216) Pause Young (Allocation Failure)
[22.847s][info][gc,heap        ] GC(216) PSYoungGen: 136480K(190976K)->86272K(116224K) Eden: 29696K(29696K)->0K(29696K) From: 106784K(161280K)->86272K(86528K)
[22.847s][info][gc,heap        ] GC(216) ParOldGen: 3030706K(3288064K)->3081298K(3288064K)
[22.847s][info][gc,metaspace   ] GC(216) Metaspace: 6299K(6464K)->6299K(6464K) NonClass: 5765K(5824K)->5765K(5824K) Class: 533K(640K)->533K(640K)
[22.847s][info][gc             ] GC(216) Pause Young (Allocation Failure) 3092M->3093M(3324M) 75.524ms
[22.847s][info][gc,cpu         ] GC(216) User=0.30s Sys=0.00s Real=0.08s
[22.882s][info][gc,start       ] GC(217) Pause Young (Allocation Failure)
[22.962s][info][gc,heap        ] GC(217) PSYoungGen: 115968K(116224K)->59616K(183296K) Eden: 29696K(29696K)->0K(33792K) From: 86272K(86528K)->59616K(149504K)
[22.962s][info][gc,heap        ] GC(217) ParOldGen: 3081298K(3288064K)->3138090K(3288064K)
[22.962s][info][gc,metaspace   ] GC(217) Metaspace: 6299K(6464K)->6299K(6464K) NonClass: 5765K(5824K)->5765K(5824K) Class: 533K(640K)->533K(640K)
[22.962s][info][gc             ] GC(217) Pause Young (Allocation Failure) 3122M->3122M(3390M) 79.573ms
[22.962s][info][gc,cpu         ] GC(217) User=0.23s Sys=0.09s Real=0.08s
[22.999s][info][gc,start       ] GC(218) Pause Young (Allocation Failure)
[23.065s][info][gc,heap        ] GC(218) PSYoungGen: 93408K(183296K)->33984K(186880K) Eden: 33792K(33792K)->0K(33792K) From: 59616K(149504K)->33984K(153088K)
[23.065s][info][gc,heap        ] GC(218) ParOldGen: 3138090K(3288064K)->3197986K(3288064K)
[23.065s][info][gc,metaspace   ] GC(218) Metaspace: 6299K(6464K)->6299K(6464K) NonClass: 5765K(5824K)->5765K(5824K) Class: 533K(640K)->533K(640K)
[23.065s][info][gc             ] GC(218) Pause Young (Allocation Failure) 3155M->3156M(3393M) 66.709ms
[23.065s][info][gc,cpu         ] GC(218) User=0.27s Sys=0.00s Real=0.07s
[23.098s][info][gc,start       ] GC(219) Pause Young (Allocation Failure)
[23.155s][info][gc,heap        ] GC(219) PSYoungGen: 67776K(186880K)->33952K(191488K) Eden: 33792K(33792K)->0K(38912K) From: 33984K(153088K)->33952K(152576K)
[23.155s][info][gc,heap        ] GC(219) ParOldGen: 3197986K(3288064K)->3232074K(3288064K)
[23.155s][info][gc,metaspace   ] GC(219) Metaspace: 6299K(6464K)->6299K(6464K) NonClass: 5765K(5824K)->5765K(5824K) Class: 533K(640K)->533K(640K)
[23.155s][info][gc             ] GC(219) Pause Young (Allocation Failure) 3189M->3189M(3398M) 57.223ms
[23.155s][info][gc,cpu         ] GC(219) User=0.16s Sys=0.00s Real=0.06s
[23.155s][info][gc,start       ] GC(220) Pause Full (Ergonomics)
[23.155s][info][gc,phases,start] GC(220) Marking Phase
[23.920s][info][gc,phases      ] GC(220) Marking Phase 764.922ms
[23.920s][info][gc,phases,start] GC(220) Summary Phase
[23.921s][info][gc,phases      ] GC(220) Summary Phase 0.106ms
[23.921s][info][gc,phases,start] GC(220) Adjust Roots
[23.921s][info][gc,phases      ] GC(220) Adjust Roots 0.338ms
[23.921s][info][gc,phases,start] GC(220) Compaction Phase
[24.267s][info][gc,phases      ] GC(220) Compaction Phase 346.348ms
[24.267s][info][gc,phases,start] GC(220) Post Compact
[24.275s][info][gc,phases      ] GC(220) Post Compact 7.285ms
[24.276s][info][gc,heap        ] GC(220) PSYoungGen: 33952K(191488K)->0K(192000K) Eden: 0K(38912K)->0K(38912K) From: 33952K(152576K)->0K(153088K)
[24.276s][info][gc,heap        ] GC(220) ParOldGen: 3232074K(3288064K)->3263562K(3598336K)
[24.276s][info][gc,metaspace   ] GC(220) Metaspace: 6299K(6464K)->6299K(6464K) NonClass: 5765K(5824K)->5765K(5824K) Class: 533K(640K)->533K(640K)
[24.276s][info][gc             ] GC(220) Pause Full (Ergonomics) 3189M->3187M(3701M) 1120.660ms
[24.276s][info][gc,cpu         ] GC(220) User=7.77s Sys=0.02s Real=1.12s
[24.316s][info][gc,start       ] GC(221) Pause Young (Allocation Failure)
[24.361s][info][gc,heap        ] GC(221) PSYoungGen: 38912K(192000K)->39136K(188416K) Eden: 38912K(38912K)->0K(43008K) From: 0K(153088K)->39136K(145408K)
[24.361s][info][gc,heap        ] GC(221) ParOldGen: 3263562K(3598336K)->3263562K(3598336K)
[24.361s][info][gc,metaspace   ] GC(221) Metaspace: 6299K(6464K)->6299K(6464K) NonClass: 5765K(5824K)->5765K(5824K) Class: 533K(640K)->533K(640K)
[24.361s][info][gc             ] GC(221) Pause Young (Allocation Failure) 3225M->3225M(3698M) 45.043ms
[24.361s][info][gc,cpu         ] GC(221) User=0.08s Sys=0.00s Real=0.05s
[24.411s][info][gc,start       ] GC(222) Pause Young (Allocation Failure)
[24.496s][info][gc,heap        ] GC(222) PSYoungGen: 82144K(188416K)->43200K(193024K) Eden: 43008K(43008K)->0K(43008K) From: 39136K(145408K)->43200K(150016K)
[24.496s][info][gc,heap        ] GC(222) ParOldGen: 3263562K(3598336K)->3302834K(3598336K)
[24.496s][info][gc,metaspace   ] GC(222) Metaspace: 6299K(6464K)->6299K(6464K) NonClass: 5765K(5824K)->5765K(5824K) Class: 533K(640K)->533K(640K)
[24.496s][info][gc             ] GC(222) Pause Young (Allocation Failure) 3267M->3267M(3702M) 85.000ms
[24.496s][info][gc,cpu         ] GC(222) User=0.20s Sys=0.02s Real=0.09s
[24.547s][info][gc,start       ] GC(223) Pause Young (Allocation Failure)
[24.608s][info][gc,heap        ] GC(223) PSYoungGen: 86208K(193024K)->43168K(185856K) Eden: 43008K(43008K)->0K(48128K) From: 43200K(150016K)->43168K(137728K)
[24.608s][info][gc,heap        ] GC(223) ParOldGen: 3302834K(3598336K)->3346234K(3598336K)
[24.608s][info][gc,metaspace   ] GC(223) Metaspace: 6299K(6464K)->6299K(6464K) NonClass: 5765K(5824K)->5765K(5824K) Class: 533K(640K)->533K(640K)
[24.608s][info][gc             ] GC(223) Pause Young (Allocation Failure) 3309M->3309M(3695M) 61.336ms
[24.608s][info][gc,cpu         ] GC(223) User=0.16s Sys=0.02s Real=0.06s
[24.660s][info][gc,start       ] GC(224) Pause Young (Allocation Failure)
[24.725s][info][gc,heap        ] GC(224) PSYoungGen: 91296K(185856K)->48352K(189952K) Eden: 48128K(48128K)->0K(48128K) From: 43168K(137728K)->48352K(141824K)
[24.725s][info][gc,heap        ] GC(224) ParOldGen: 3346234K(3598336K)->3389618K(3598336K)
[24.725s][info][gc,metaspace   ] GC(224) Metaspace: 6299K(6464K)->6299K(6464K) NonClass: 5765K(5824K)->5765K(5824K) Class: 533K(640K)->533K(640K)
[24.725s][info][gc             ] GC(224) Pause Young (Allocation Failure) 3356M->3357M(3699M) 64.944ms
[24.725s][info][gc,cpu         ] GC(224) User=0.22s Sys=0.02s Real=0.07s
[24.787s][info][gc,start       ] GC(225) Pause Young (Allocation Failure)
[24.851s][info][gc,heap        ] GC(225) PSYoungGen: 96480K(189952K)->48320K(180224K) Eden: 48128K(48128K)->0K(53760K) From: 48352K(141824K)->48320K(126464K)
[24.851s][info][gc,heap        ] GC(225) ParOldGen: 3389618K(3598336K)->3438178K(3598336K)
[24.851s][info][gc,metaspace   ] GC(225) Metaspace: 6299K(6464K)->6299K(6464K) NonClass: 5765K(5824K)->5765K(5824K) Class: 533K(640K)->533K(640K)
[24.851s][info][gc             ] GC(225) Pause Young (Allocation Failure) 3404M->3404M(3690M) 64.518ms
[24.851s][info][gc,cpu         ] GC(225) User=0.23s Sys=0.00s Real=0.06s
[24.915s][info][gc,start       ] GC(226) Pause Young (Allocation Failure)
[24.989s][info][gc,heap        ] GC(226) PSYoungGen: 102080K(180224K)->53984K(185344K) Eden: 53760K(53760K)->0K(53760K) From: 48320K(126464K)->53984K(131584K)
[24.989s][info][gc,heap        ] GC(226) ParOldGen: 3438178K(3598336K)->3486730K(3598336K)
[24.989s][info][gc,metaspace   ] GC(226) Metaspace: 6299K(6464K)->6299K(6464K) NonClass: 5765K(5824K)->5765K(5824K) Class: 533K(640K)->533K(640K)
[24.989s][info][gc             ] GC(226) Pause Young (Allocation Failure) 3457M->3457M(3695M) 74.612ms
[24.990s][info][gc,cpu         ] GC(226) User=0.27s Sys=0.06s Real=0.08s
[25.058s][info][gc,start       ] GC(227) Pause Young (Allocation Failure)
[25.133s][info][gc,heap        ] GC(227) PSYoungGen: 107744K(185344K)->53984K(174080K) Eden: 53760K(53760K)->0K(59904K) From: 53984K(131584K)->53984K(114176K)
[25.133s][info][gc,heap        ] GC(227) ParOldGen: 3486730K(3598336K)->3540954K(3598336K)
[25.133s][info][gc,metaspace   ] GC(227) Metaspace: 6299K(6464K)->6299K(6464K) NonClass: 5765K(5824K)->5765K(5824K) Class: 533K(640K)->533K(640K)
[25.133s][info][gc             ] GC(227) Pause Young (Allocation Failure) 3510M->3510M(3684M) 74.971ms
[25.133s][info][gc,cpu         ] GC(227) User=0.33s Sys=0.02s Real=0.08s
[25.133s][info][gc,start       ] GC(228) Pause Full (Ergonomics)
[25.133s][info][gc,phases,start] GC(228) Marking Phase
[26.086s][info][gc,phases      ] GC(228) Marking Phase 953.186ms
[26.086s][info][gc,phases,start] GC(228) Summary Phase
[26.086s][info][gc,phases      ] GC(228) Summary Phase 0.131ms
[26.086s][info][gc,phases,start] GC(228) Adjust Roots
[26.087s][info][gc,phases      ] GC(228) Adjust Roots 0.342ms
[26.087s][info][gc,phases,start] GC(228) Compaction Phase
[26.509s][info][gc,phases      ] GC(228) Compaction Phase 422.128ms
[26.509s][info][gc,phases,start] GC(228) Post Compact
[26.518s][info][gc,phases      ] GC(228) Post Compact 9.001ms
[26.520s][info][gc,heap        ] GC(228) PSYoungGen: 53984K(174080K)->0K(179712K) Eden: 0K(59904K)->0K(59904K) From: 53984K(114176K)->0K(119808K)
[26.520s][info][gc,heap        ] GC(228) ParOldGen: 3540954K(3598336K)->3592040K(3963392K)
[26.520s][info][gc,metaspace   ] GC(228) Metaspace: 6299K(6464K)->6299K(6464K) NonClass: 5765K(5824K)->5765K(5824K) Class: 533K(640K)->533K(640K)
[26.520s][info][gc             ] GC(228) Pause Full (Ergonomics) 3510M->3507M(4046M) 1387.266ms
[26.520s][info][gc,cpu         ] GC(228) User=8.73s Sys=0.05s Real=1.39s
[26.614s][info][gc,start       ] GC(229) Pause Young (Allocation Failure)
[26.682s][info][gc,heap        ] GC(229) PSYoungGen: 59904K(179712K)->60128K(173056K) Eden: 59904K(59904K)->0K(65536K) From: 0K(119808K)->60128K(107520K)
[26.682s][info][gc,heap        ] GC(229) ParOldGen: 3592040K(3963392K)->3592040K(3963392K)
[26.682s][info][gc,metaspace   ] GC(229) Metaspace: 6299K(6464K)->6299K(6464K) NonClass: 5765K(5824K)->5765K(5824K) Class: 533K(640K)->533K(640K)
[26.682s][info][gc             ] GC(229) Pause Young (Allocation Failure) 3566M->3566M(4039M) 67.434ms
[26.682s][info][gc,cpu         ] GC(229) User=0.20s Sys=0.02s Real=0.07s
[26.765s][info][gc,start       ] GC(230) Pause Young (Allocation Failure)
[26.843s][info][gc,heap        ] GC(230) PSYoungGen: 125664K(173056K)->114176K(179712K) Eden: 65536K(65536K)->0K(65536K) From: 60128K(107520K)->114176K(114176K)
[26.843s][info][gc,heap        ] GC(230) ParOldGen: 3592040K(3963392K)->3603616K(3963392K)
[26.843s][info][gc,metaspace   ] GC(230) Metaspace: 6299K(6464K)->6299K(6464K) NonClass: 5765K(5824K)->5765K(5824K) Class: 533K(640K)->533K(640K)
[26.843s][info][gc             ] GC(230) Pause Young (Allocation Failure) 3630M->3630M(4046M) 77.203ms
[26.843s][info][gc,cpu         ] GC(230) User=0.31s Sys=0.00s Real=0.08s
[26.912s][info][gc,start       ] GC(231) Pause Young (Allocation Failure)
[27.014s][info][gc,heap        ] GC(231) PSYoungGen: 179712K(179712K)->65728K(192512K) Eden: 65536K(65536K)->0K(72192K) From: 114176K(114176K)->65728K(120320K)
[27.014s][info][gc,heap        ] GC(231) ParOldGen: 3603616K(3963392K)->3718608K(3963392K)
[27.014s][info][gc,metaspace   ] GC(231) Metaspace: 6299K(6464K)->6299K(6464K) NonClass: 5765K(5824K)->5765K(5824K) Class: 533K(640K)->533K(640K)
[27.014s][info][gc             ] GC(231) Pause Young (Allocation Failure) 3694M->3695M(4058M) 102.421ms
[27.014s][info][gc,cpu         ] GC(231) User=0.55s Sys=0.09s Real=0.10s
[27.094s][info][gc,start       ] GC(232) Pause Young (Allocation Failure)
[27.175s][info][gc,heap        ] GC(232) PSYoungGen: 137920K(192512K)->126464K(198656K) Eden: 72192K(72192K)->0K(72192K) From: 65728K(120320K)->126464K(126464K)
[27.175s][info][gc,heap        ] GC(232) ParOldGen: 3718608K(3963392K)->3730200K(3963392K)
[27.175s][info][gc,metaspace   ] GC(232) Metaspace: 6299K(6464K)->6299K(6464K) NonClass: 5765K(5824K)->5765K(5824K) Class: 533K(640K)->533K(640K)
[27.175s][info][gc             ] GC(232) Pause Young (Allocation Failure) 3766M->3766M(4064M) 80.408ms
[27.175s][info][gc,cpu         ] GC(232) User=0.41s Sys=0.00s Real=0.08s
[27.259s][info][gc,start       ] GC(233) Pause Young (Allocation Failure)
[27.366s][info][gc,heap        ] GC(233) PSYoungGen: 198656K(198656K)->72416K(212480K) Eden: 72192K(72192K)->0K(79872K) From: 126464K(126464K)->72416K(132608K)
[27.366s][info][gc,heap        ] GC(233) ParOldGen: 3730200K(3963392K)->3857560K(3963392K)
[27.366s][info][gc,metaspace   ] GC(233) Metaspace: 6299K(6464K)->6299K(6464K) NonClass: 5765K(5824K)->5765K(5824K) Class: 533K(640K)->533K(640K)
[27.366s][info][gc             ] GC(233) Pause Young (Allocation Failure) 3836M->3837M(4078M) 107.355ms
[27.366s][info][gc,cpu         ] GC(233) User=0.69s Sys=0.06s Real=0.11s
[27.366s][info][gc,start       ] GC(234) Pause Full (Ergonomics)
[27.366s][info][gc,phases,start] GC(234) Marking Phase
[28.279s][info][gc,phases      ] GC(234) Marking Phase 912.513ms
[28.279s][info][gc,phases,start] GC(234) Summary Phase
[28.279s][info][gc,phases      ] GC(234) Summary Phase 0.125ms
[28.279s][info][gc,phases,start] GC(234) Adjust Roots
[28.280s][info][gc,phases      ] GC(234) Adjust Roots 0.299ms
[28.280s][info][gc,phases,start] GC(234) Compaction Phase
[28.646s][info][gc,phases      ] GC(234) Compaction Phase 366.479ms
[28.646s][info][gc,phases,start] GC(234) Post Compact
[28.657s][info][gc,phases      ] GC(234) Post Compact 10.916ms
[28.659s][info][gc,heap        ] GC(234) PSYoungGen: 72416K(212480K)->0K(219648K) Eden: 0K(79872K)->0K(79872K) From: 72416K(132608K)->0K(139776K)
[28.659s][info][gc,heap        ] GC(234) ParOldGen: 3857560K(3963392K)->3927248K(4378624K)
[28.659s][info][gc,metaspace   ] GC(234) Metaspace: 6299K(6464K)->6299K(6464K) NonClass: 5765K(5824K)->5765K(5824K) Class: 533K(640K)->533K(640K)
[28.659s][info][gc             ] GC(234) Pause Full (Ergonomics) 3837M->3835M(4490M) 1292.828ms
[28.659s][info][gc,cpu         ] GC(234) User=9.08s Sys=0.06s Real=1.29s
[28.789s][info][gc,start       ] GC(235) Pause Young (Allocation Failure)
[28.848s][info][gc,heap        ] GC(235) PSYoungGen: 79872K(219648K)->80160K(217600K) Eden: 79872K(79872K)->0K(86528K) From: 0K(139776K)->80160K(131072K)
[28.848s][info][gc,heap        ] GC(235) ParOldGen: 3927248K(4378624K)->3927248K(4378624K)
[28.848s][info][gc,metaspace   ] GC(235) Metaspace: 6299K(6464K)->6299K(6464K) NonClass: 5765K(5824K)->5765K(5824K) Class: 533K(640K)->533K(640K)
[28.848s][info][gc             ] GC(235) Pause Young (Allocation Failure) 3913M->3913M(4488M) 59.119ms
[28.848s][info][gc,cpu         ] GC(235) User=0.25s Sys=0.00s Real=0.06s
[29.000s][info][gc,start       ] GC(236) Pause Young (Allocation Failure)
[29.094s][info][gc,heap        ] GC(236) PSYoungGen: 166688K(217600K)->136192K(222720K) Eden: 86528K(86528K)->0K(86528K) From: 80160K(131072K)->136192K(136192K)
[29.094s][info][gc,heap        ] GC(236) ParOldGen: 3927248K(4378624K)->3957976K(4378624K)
[29.094s][info][gc,metaspace   ] GC(236) Metaspace: 6299K(6464K)->6299K(6464K) NonClass: 5765K(5824K)->5765K(5824K) Class: 533K(640K)->533K(640K)
[29.094s][info][gc             ] GC(236) Pause Young (Allocation Failure) 3997M->3998M(4493M) 94.058ms
[29.094s][info][gc,cpu         ] GC(236) User=0.50s Sys=0.02s Real=0.09s
[29.242s][info][gc,start       ] GC(237) Pause Young (Allocation Failure)
[29.381s][info][gc,heap        ] GC(237) PSYoungGen: 222720K(222720K)->150496K(241152K) Eden: 86528K(86528K)->0K(76800K) From: 136192K(136192K)->150496K(164352K)
[29.381s][info][gc,heap        ] GC(237) ParOldGen: 3957976K(4378624K)->4031032K(4378624K)
[29.381s][info][gc,metaspace   ] GC(237) Metaspace: 6299K(6464K)->6299K(6464K) NonClass: 5765K(5824K)->5765K(5824K) Class: 533K(640K)->533K(640K)
[29.382s][info][gc             ] GC(237) Pause Young (Allocation Failure) 4082M->4083M(4511M) 139.504ms
[29.382s][info][gc,cpu         ] GC(237) User=0.69s Sys=0.11s Real=0.14s
[29.477s][info][gc,start       ] GC(238) Pause Young (Allocation Failure)
[29.602s][info][gc,heap        ] GC(238) PSYoungGen: 227296K(241152K)->181248K(258048K) Eden: 76800K(76800K)->0K(76800K) From: 150496K(164352K)->181248K(181248K)
[29.602s][info][gc,heap        ] GC(238) ParOldGen: 4031032K(4378624K)->4077424K(4378624K)
[29.602s][info][gc,metaspace   ] GC(238) Metaspace: 6299K(6464K)->6299K(6464K) NonClass: 5765K(5824K)->5765K(5824K) Class: 533K(640K)->533K(640K)
[29.602s][info][gc             ] GC(238) Pause Young (Allocation Failure) 4158M->4158M(4528M) 125.168ms
[29.602s][info][gc,cpu         ] GC(238) User=0.69s Sys=0.06s Real=0.12s
[29.694s][info][gc,start       ] GC(239) Pause Young (Allocation Failure)
[29.841s][info][gc,heap        ] GC(239) PSYoungGen: 258048K(258048K)->132544K(305152K) Eden: 76800K(76800K)->0K(84480K) From: 181248K(181248K)->132544K(220672K)
[29.841s][info][gc,heap        ] GC(239) ParOldGen: 4077424K(4378624K)->4204128K(4378624K)
[29.841s][info][gc,metaspace   ] GC(239) Metaspace: 6299K(6464K)->6299K(6464K) NonClass: 5765K(5824K)->5765K(5824K) Class: 533K(640K)->533K(640K)
[29.841s][info][gc             ] GC(239) Pause Young (Allocation Failure) 4233M->4235M(4574M) 146.902ms
[29.841s][info][gc,cpu         ] GC(239) User=0.89s Sys=0.12s Real=0.15s
[29.934s][info][gc,start       ] GC(240) Pause Young (Allocation Failure)
[30.041s][info][gc,heap        ] GC(240) PSYoungGen: 217024K(305152K)->217152K(306176K) Eden: 84480K(84480K)->0K(84480K) From: 132544K(220672K)->217152K(221696K)
[30.041s][info][gc,heap        ] GC(240) ParOldGen: 4204128K(4378624K)->4204128K(4378624K)
[30.041s][info][gc,metaspace   ] GC(240) Metaspace: 6299K(6464K)->6299K(6464K) NonClass: 5765K(5824K)->5765K(5824K) Class: 533K(640K)->533K(640K)
[30.041s][info][gc             ] GC(240) Pause Young (Allocation Failure) 4317M->4317M(4575M) 107.008ms
[30.041s][info][gc,cpu         ] GC(240) User=0.80s Sys=0.00s Real=0.11s
[30.125s][info][gc,start       ] GC(241) Pause Young (Allocation Failure)
[30.308s][info][gc,heap        ] GC(241) PSYoungGen: 301632K(306176K)->251392K(289792K) Eden: 84480K(84480K)->0K(38400K) From: 217152K(221696K)->251392K(251392K)
[30.309s][info][gc,heap        ] GC(241) ParOldGen: 4204128K(4378624K)->4254752K(4378624K)
[30.309s][info][gc,metaspace   ] GC(241) Metaspace: 6299K(6464K)->6299K(6464K) NonClass: 5765K(5824K)->5765K(5824K) Class: 533K(640K)->533K(640K)
[30.309s][info][gc             ] GC(241) Pause Young (Allocation Failure) 4400M->4400M(4559M) 183.483ms
[30.309s][info][gc,cpu         ] GC(241) User=1.00s Sys=0.22s Real=0.18s
[30.309s][info][gc,start       ] GC(242) Pause Full (Ergonomics)
[30.309s][info][gc,phases,start] GC(242) Marking Phase
[31.329s][info][gc,phases      ] GC(242) Marking Phase 1020.685ms
[31.329s][info][gc,phases,start] GC(242) Summary Phase
[31.330s][info][gc,phases      ] GC(242) Summary Phase 0.099ms
[31.330s][info][gc,phases,start] GC(242) Adjust Roots
[31.330s][info][gc,phases      ] GC(242) Adjust Roots 0.316ms
[31.330s][info][gc,phases,start] GC(242) Compaction Phase
[31.745s][info][gc,phases      ] GC(242) Compaction Phase 414.793ms
[31.745s][info][gc,phases,start] GC(242) Post Compact
[31.753s][info][gc,phases      ] GC(242) Post Compact 7.771ms
[31.754s][info][gc,heap        ] GC(242) PSYoungGen: 251392K(289792K)->124129K(289792K) Eden: 0K(38400K)->0K(38400K) From: 251392K(251392K)->124129K(251392K)
[31.754s][info][gc,heap        ] GC(242) ParOldGen: 4254752K(4378624K)->4378391K(4862464K)
[31.755s][info][gc,metaspace   ] GC(242) Metaspace: 6299K(6464K)->6299K(6464K) NonClass: 5765K(5824K)->5765K(5824K) Class: 533K(640K)->533K(640K)
[31.755s][info][gc             ] GC(242) Pause Full (Ergonomics) 4400M->4396M(5031M) 1445.919ms
[31.755s][info][gc,cpu         ] GC(242) User=10.67s Sys=0.06s Real=1.45s
[31.800s][info][gc,start       ] GC(243) Pause Young (Allocation Failure)
[32.092s][info][gc,heap        ] GC(243) PSYoungGen: 162529K(289792K)->112352K(151040K) Eden: 38400K(38400K)->0K(38400K) From: 124129K(251392K)->112352K(112640K)
[32.092s][info][gc,heap        ] GC(243) ParOldGen: 4378391K(4862464K)->4429439K(4862464K)
[32.092s][info][gc,metaspace   ] GC(243) Metaspace: 6299K(6464K)->6299K(6464K) NonClass: 5765K(5824K)->5765K(5824K) Class: 533K(640K)->533K(640K)
[32.092s][info][gc             ] GC(243) Pause Young (Allocation Failure) 4434M->4435M(4896M) 291.331ms
[32.092s][info][gc,cpu         ] GC(243) User=1.98s Sys=0.02s Real=0.29s
[32.139s][info][gc,start       ] GC(244) Pause Young (Allocation Failure)
[32.227s][info][gc,heap        ] GC(244) PSYoungGen: 150752K(151040K)->150784K(316928K) Eden: 38400K(38400K)->0K(42496K) From: 112352K(112640K)->150784K(274432K)
[32.227s][info][gc,heap        ] GC(244) ParOldGen: 4429439K(4862464K)->4429439K(4862464K)
[32.227s][info][gc,metaspace   ] GC(244) Metaspace: 6299K(6464K)->6299K(6464K) NonClass: 5765K(5824K)->5765K(5824K) Class: 533K(640K)->533K(640K)
[32.227s][info][gc             ] GC(244) Pause Young (Allocation Failure) 4472M->4472M(5058M) 88.357ms
[32.227s][info][gc,cpu         ] GC(244) User=0.67s Sys=0.00s Real=0.09s
[32.276s][info][gc,start       ] GC(245) Pause Young (Allocation Failure)
[32.386s][info][gc,heap        ] GC(245) PSYoungGen: 193280K(316928K)->152352K(195072K) Eden: 42496K(42496K)->0K(42496K) From: 150784K(274432K)->152352K(152576K)
[32.386s][info][gc,heap        ] GC(245) ParOldGen: 4429439K(4862464K)->4470783K(4862464K)
[32.386s][info][gc,metaspace   ] GC(245) Metaspace: 6299K(6464K)->6299K(6464K) NonClass: 5765K(5824K)->5765K(5824K) Class: 533K(640K)->533K(640K)
[32.386s][info][gc             ] GC(245) Pause Young (Allocation Failure) 4514M->4514M(4939M) 110.323ms
[32.386s][info][gc,cpu         ] GC(245) User=0.75s Sys=0.02s Real=0.11s
[32.434s][info][gc,start       ] GC(246) Pause Young (Allocation Failure)
[32.541s][info][gc,heap        ] GC(246) PSYoungGen: 194848K(195072K)->162144K(313344K) Eden: 42496K(42496K)->0K(47616K) From: 152352K(152576K)->162144K(265728K)
[32.541s][info][gc,heap        ] GC(246) ParOldGen: 4470783K(4862464K)->4503759K(4862464K)
[32.541s][info][gc,metaspace   ] GC(246) Metaspace: 6299K(6464K)->6299K(6464K) NonClass: 5765K(5824K)->5765K(5824K) Class: 533K(640K)->533K(640K)
[32.541s][info][gc             ] GC(246) Pause Young (Allocation Failure) 4556M->4556M(5054M) 107.171ms
[32.541s][info][gc,cpu         ] GC(246) User=0.70s Sys=0.05s Real=0.11s
[32.594s][info][gc,start       ] GC(247) Pause Young (Allocation Failure)
[32.714s][info][gc,heap        ] GC(247) PSYoungGen: 209760K(313344K)->171392K(317952K) Eden: 47616K(47616K)->0K(47616K) From: 162144K(265728K)->171392K(270336K)
[32.715s][info][gc,heap        ] GC(247) ParOldGen: 4503759K(4862464K)->4542519K(4862464K)
[32.715s][info][gc,metaspace   ] GC(247) Metaspace: 6299K(6464K)->6299K(6464K) NonClass: 5765K(5824K)->5765K(5824K) Class: 533K(640K)->533K(640K)
[32.715s][info][gc             ] GC(247) Pause Young (Allocation Failure) 4603M->4603M(5059M) 120.876ms
[32.715s][info][gc,cpu         ] GC(247) User=0.80s Sys=0.00s Real=0.12s
[32.768s][info][gc,start       ] GC(248) Pause Young (Allocation Failure)
[32.888s][info][gc,heap        ] GC(248) PSYoungGen: 219008K(317952K)->138080K(299520K) Eden: 47616K(47616K)->0K(53760K) From: 171392K(270336K)->138080K(245760K)
[32.888s][info][gc,heap        ] GC(248) ParOldGen: 4542519K(4862464K)->4624119K(4862464K)
[32.888s][info][gc,metaspace   ] GC(248) Metaspace: 6299K(6464K)->6299K(6464K) NonClass: 5765K(5824K)->5765K(5824K) Class: 533K(640K)->533K(640K)
[32.888s][info][gc             ] GC(248) Pause Young (Allocation Failure) 4649M->4650M(5041M) 120.307ms
[32.888s][info][gc,cpu         ] GC(248) User=0.72s Sys=0.05s Real=0.12s
[32.956s][info][gc,start       ] GC(249) Pause Young (Allocation Failure)
[33.062s][info][gc,heap        ] GC(249) PSYoungGen: 191840K(299520K)->101664K(311296K) Eden: 53760K(53760K)->0K(53760K) From: 138080K(245760K)->101664K(257536K)
[33.062s][info][gc,heap        ] GC(249) ParOldGen: 4624119K(4862464K)->4715015K(4862464K)
[33.062s][info][gc,metaspace   ] GC(249) Metaspace: 6299K(6464K)->6299K(6464K) NonClass: 5765K(5824K)->5765K(5824K) Class: 533K(640K)->533K(640K)
[33.062s][info][gc             ] GC(249) Pause Young (Allocation Failure) 4703M->4703M(5052M) 106.645ms
[33.062s][info][gc,cpu         ] GC(249) User=0.75s Sys=0.02s Real=0.11s
[33.123s][info][gc,start       ] GC(250) Pause Young (Allocation Failure)
[33.218s][info][gc,heap        ] GC(250) PSYoungGen: 155424K(311296K)->53952K(310784K) Eden: 53760K(53760K)->0K(57856K) From: 101664K(257536K)->53952K(252928K)
[33.218s][info][gc,heap        ] GC(250) ParOldGen: 4715015K(4862464K)->4817271K(4862464K)
[33.218s][info][gc,metaspace   ] GC(250) Metaspace: 6299K(6464K)->6299K(6464K) NonClass: 5765K(5824K)->5765K(5824K) Class: 533K(640K)->533K(640K)
[33.219s][info][gc             ] GC(250) Pause Young (Allocation Failure) 4756M->4757M(5052M) 95.359ms
[33.219s][info][gc,cpu         ] GC(250) User=0.52s Sys=0.03s Real=0.10s
[33.219s][info][gc,start       ] GC(251) Pause Full (Ergonomics)
[33.219s][info][gc,phases,start] GC(251) Marking Phase
[34.305s][info][gc,phases      ] GC(251) Marking Phase 1086.154ms
[34.305s][info][gc,phases,start] GC(251) Summary Phase
[34.305s][info][gc,phases      ] GC(251) Summary Phase 0.091ms
[34.305s][info][gc,phases,start] GC(251) Adjust Roots
[34.305s][info][gc,phases      ] GC(251) Adjust Roots 0.424ms
[34.305s][info][gc,phases,start] GC(251) Compaction Phase
[34.729s][info][gc,phases      ] GC(251) Compaction Phase 423.402ms
[34.729s][info][gc,phases,start] GC(251) Post Compact
[34.738s][info][gc,phases      ] GC(251) Post Compact 8.583ms
[34.739s][info][gc,heap        ] GC(251) PSYoungGen: 53952K(310784K)->4688K(310784K) Eden: 0K(57856K)->0K(57856K) From: 53952K(252928K)->4688K(252928K)
[34.739s][info][gc,heap        ] GC(251) ParOldGen: 4817271K(4862464K)->4862133K(5387776K)
[34.739s][info][gc,metaspace   ] GC(251) Metaspace: 6299K(6464K)->6299K(6464K) NonClass: 5765K(5824K)->5765K(5824K) Class: 533K(640K)->533K(640K)
[34.740s][info][gc             ] GC(251) Pause Full (Ergonomics) 4757M->4752M(5565M) 1520.912ms
[34.740s][info][gc,cpu         ] GC(251) User=11.30s Sys=0.02s Real=1.52s
[34.796s][info][gc,start       ] GC(252) Pause Young (Allocation Failure)
[35.044s][info][gc,heap        ] GC(252) PSYoungGen: 62544K(310784K)->58080K(313856K) Eden: 57856K(57856K)->0K(57856K) From: 4688K(252928K)->58080K(256000K)
[35.044s][info][gc,heap        ] GC(252) ParOldGen: 4862133K(5387776K)->4866909K(5387776K)
[35.044s][info][gc,metaspace   ] GC(252) Metaspace: 6299K(6464K)->6299K(6464K) NonClass: 5765K(5824K)->5765K(5824K) Class: 533K(640K)->533K(640K)
[35.044s][info][gc             ] GC(252) Pause Young (Allocation Failure) 4809M->4809M(5568M) 248.711ms
[35.044s][info][gc,cpu         ] GC(252) User=1.64s Sys=0.00s Real=0.25s
[35.108s][info][gc,start       ] GC(253) Pause Young (Allocation Failure)
[35.185s][info][gc,heap        ] GC(253) PSYoungGen: 115936K(313856K)->58144K(314368K) Eden: 57856K(57856K)->0K(64000K) From: 58080K(256000K)->58144K(250368K)
[35.185s][info][gc,heap        ] GC(253) ParOldGen: 4866909K(5387776K)->4925293K(5387776K)
[35.185s][info][gc,metaspace   ] GC(253) Metaspace: 6299K(6464K)->6299K(6464K) NonClass: 5765K(5824K)->5765K(5824K) Class: 533K(640K)->533K(640K)
[35.185s][info][gc             ] GC(253) Pause Young (Allocation Failure) 4866M->4866M(5568M) 76.814ms
[35.185s][info][gc,cpu         ] GC(253) User=0.53s Sys=0.02s Real=0.08s
[35.261s][info][gc,start       ] GC(254) Pause Young (Allocation Failure)
[35.334s][info][gc,heap        ] GC(254) PSYoungGen: 122144K(314368K)->64192K(316928K) Eden: 64000K(64000K)->0K(64000K) From: 58144K(250368K)->64192K(252928K)
[35.334s][info][gc,heap        ] GC(254) ParOldGen: 4925293K(5387776K)->4983677K(5387776K)
[35.334s][info][gc,metaspace   ] GC(254) Metaspace: 6299K(6464K)->6299K(6464K) NonClass: 5765K(5824K)->5765K(5824K) Class: 533K(640K)->533K(640K)
[35.334s][info][gc             ] GC(254) Pause Young (Allocation Failure) 4929M->4929M(5571M) 73.406ms
[35.334s][info][gc,cpu         ] GC(254) User=0.41s Sys=0.03s Real=0.07s
[35.403s][info][gc,start       ] GC(255) Pause Young (Allocation Failure)
[35.480s][info][gc,heap        ] GC(255) PSYoungGen: 128192K(316928K)->64192K(307712K) Eden: 64000K(64000K)->0K(70656K) From: 64192K(252928K)->64192K(237056K)
[35.480s][info][gc,heap        ] GC(255) ParOldGen: 4983677K(5387776K)->5048245K(5387776K)
[35.480s][info][gc,metaspace   ] GC(255) Metaspace: 6299K(6464K)->6299K(6464K) NonClass: 5765K(5824K)->5765K(5824K) Class: 533K(640K)->533K(640K)
[35.480s][info][gc             ] GC(255) Pause Young (Allocation Failure) 4992M->4992M(5562M) 77.143ms
[35.480s][info][gc,cpu         ] GC(255) User=0.50s Sys=0.02s Real=0.08s
[35.555s][info][gc,start       ] GC(256) Pause Young (Allocation Failure)
[35.635s][info][gc,heap        ] GC(256) PSYoungGen: 134848K(307712K)->70912K(313344K) Eden: 70656K(70656K)->0K(70656K) From: 64192K(237056K)->70912K(242688K)
[35.635s][info][gc,heap        ] GC(256) ParOldGen: 5048245K(5387776K)->5112821K(5387776K)
[35.635s][info][gc,metaspace   ] GC(256) Metaspace: 6299K(6464K)->6299K(6464K) NonClass: 5765K(5824K)->5765K(5824K) Class: 533K(640K)->533K(640K)
[35.635s][info][gc             ] GC(256) Pause Young (Allocation Failure) 5061M->5062M(5567M) 79.696ms
[35.635s][info][gc,cpu         ] GC(256) User=0.50s Sys=0.02s Real=0.08s
[35.714s][info][gc,start       ] GC(257) Pause Young (Allocation Failure)
[35.797s][info][gc,heap        ] GC(257) PSYoungGen: 141568K(313344K)->70880K(297984K) Eden: 70656K(70656K)->0K(78336K) From: 70912K(242688K)->70880K(219648K)
[35.797s][info][gc,heap        ] GC(257) ParOldGen: 5112821K(5387776K)->5184117K(5387776K)
[35.798s][info][gc,metaspace   ] GC(257) Metaspace: 6299K(6464K)->6299K(6464K) NonClass: 5765K(5824K)->5765K(5824K) Class: 533K(640K)->533K(640K)
[35.798s][info][gc             ] GC(257) Pause Young (Allocation Failure) 5131M->5131M(5552M) 83.758ms
[35.798s][info][gc,cpu         ] GC(257) User=0.48s Sys=0.02s Real=0.08s
[35.884s][info][gc,start       ] GC(258) Pause Young (Allocation Failure)
[35.974s][info][gc,heap        ] GC(258) PSYoungGen: 149216K(297984K)->78624K(157184K) Eden: 78336K(78336K)->0K(78336K) From: 70880K(219648K)->78624K(78848K)
[35.974s][info][gc,heap        ] GC(258) ParOldGen: 5184117K(5387776K)->5255397K(5387776K)
[35.974s][info][gc,metaspace   ] GC(258) Metaspace: 6299K(6464K)->6299K(6464K) NonClass: 5765K(5824K)->5765K(5824K) Class: 533K(640K)->533K(640K)
[35.974s][info][gc             ] GC(258) Pause Young (Allocation Failure) 5208M->5209M(5415M) 90.051ms
[35.974s][info][gc,cpu         ] GC(258) User=0.53s Sys=0.05s Real=0.09s
[36.059s][info][gc,start       ] GC(259) Pause Young (Allocation Failure)
[36.153s][info][gc,heap        ] GC(259) PSYoungGen: 156960K(157184K)->78624K(287232K) Eden: 78336K(78336K)->0K(86528K) From: 78624K(78848K)->78624K(200704K)
[36.153s][info][gc,heap        ] GC(259) ParOldGen: 5255397K(5387776K)->5334445K(5387776K)
[36.153s][info][gc,metaspace   ] GC(259) Metaspace: 6299K(6464K)->6299K(6464K) NonClass: 5765K(5824K)->5765K(5824K) Class: 533K(640K)->533K(640K)
[36.153s][info][gc             ] GC(259) Pause Young (Allocation Failure) 5285M->5286M(5542M) 93.629ms
[36.153s][info][gc,cpu         ] GC(259) User=0.55s Sys=0.06s Real=0.09s
[36.153s][info][gc,start       ] GC(260) Pause Full (Ergonomics)
[36.153s][info][gc,phases,start] GC(260) Marking Phase
[37.377s][info][gc,phases      ] GC(260) Marking Phase 1224.009ms
[37.377s][info][gc,phases,start] GC(260) Summary Phase
[37.377s][info][gc,phases      ] GC(260) Summary Phase 0.138ms
[37.377s][info][gc,phases,start] GC(260) Adjust Roots
[37.377s][info][gc,phases      ] GC(260) Adjust Roots 0.311ms
[37.378s][info][gc,phases,start] GC(260) Compaction Phase
[37.838s][info][gc,phases      ] GC(260) Compaction Phase 460.294ms
[37.838s][info][gc,phases,start] GC(260) Post Compact
[37.846s][info][gc,phases      ] GC(260) Post Compact 8.182ms
[37.848s][info][gc,heap        ] GC(260) PSYoungGen: 78624K(287232K)->20565K(295936K) Eden: 0K(86528K)->0K(95232K) From: 78624K(200704K)->20565K(200704K)
[37.848s][info][gc,heap        ] GC(260) ParOldGen: 5334445K(5387776K)->5387694K(5944832K)
[37.848s][info][gc,metaspace   ] GC(260) Metaspace: 6299K(6464K)->6299K(6464K) NonClass: 5765K(5824K)->5765K(5824K) Class: 533K(640K)->533K(640K)
[37.848s][info][gc             ] GC(260) Pause Full (Ergonomics) 5286M->5281M(6094M) 1695.134ms
[37.848s][info][gc,cpu         ] GC(260) User=12.50s Sys=0.00s Real=1.69s
[37.959s][info][gc,start       ] GC(261) Pause Young (Allocation Failure)
[38.265s][info][gc,heap        ] GC(261) PSYoungGen: 115797K(295936K)->95520K(190976K) Eden: 95232K(95232K)->0K(95232K) From: 20565K(200704K)->95520K(95744K)
[38.265s][info][gc,heap        ] GC(261) ParOldGen: 5387694K(5944832K)->5408486K(5944832K)
[38.265s][info][gc,metaspace   ] GC(261) Metaspace: 6299K(6464K)->6299K(6464K) NonClass: 5765K(5824K)->5765K(5824K) Class: 533K(640K)->533K(640K)
[38.265s][info][gc             ] GC(261) Pause Young (Allocation Failure) 5374M->5375M(5992M) 305.515ms
[38.265s][info][gc,cpu         ] GC(261) User=1.83s Sys=0.02s Real=0.31s
[38.367s][info][gc,start       ] GC(262) Pause Young (Allocation Failure)
[38.483s][info][gc,heap        ] GC(262) PSYoungGen: 190752K(190976K)->190944K(276480K) Eden: 95232K(95232K)->0K(78848K) From: 95520K(95744K)->190944K(197632K)
[38.483s][info][gc,heap        ] GC(262) ParOldGen: 5408486K(5944832K)->5408486K(5944832K)
[38.483s][info][gc,metaspace   ] GC(262) Metaspace: 6299K(6464K)->6299K(6464K) NonClass: 5765K(5824K)->5765K(5824K) Class: 533K(640K)->533K(640K)
[38.483s][info][gc             ] GC(262) Pause Young (Allocation Failure) 5468M->5468M(6075M) 115.757ms
[38.483s][info][gc,cpu         ] GC(262) User=0.81s Sys=0.02s Real=0.12s
[38.578s][info][gc,start       ] GC(263) Pause Young (Allocation Failure)
[38.726s][info][gc,heap        ] GC(263) PSYoungGen: 269792K(276480K)->222720K(301568K) Eden: 78848K(78848K)->0K(78848K) From: 190944K(197632K)->222720K(222720K)
[38.726s][info][gc,heap        ] GC(263) ParOldGen: 5408486K(5944832K)->5455910K(5944832K)
[38.726s][info][gc,metaspace   ] GC(263) Metaspace: 6299K(6464K)->6299K(6464K) NonClass: 5765K(5824K)->5765K(5824K) Class: 533K(640K)->533K(640K)
[38.726s][info][gc             ] GC(263) Pause Young (Allocation Failure) 5545M->5545M(6100M) 148.548ms
[38.726s][info][gc,cpu         ] GC(263) User=1.12s Sys=0.00s Real=0.15s
[39.914s][info][gc,start       ] GC(264) Pause Young (Allocation Failure)
[40.200s][info][gc,heap        ] GC(264) PSYoungGen: 301568K(301568K)->142944K(343040K) Eden: 78848K(78848K)->0K(86016K) From: 222720K(222720K)->142944K(257024K)
[40.200s][info][gc,heap        ] GC(264) ParOldGen: 5718054K(5944832K)->5878094K(5944832K)
[40.200s][info][gc,metaspace   ] GC(264) Metaspace: 6299K(6464K)->6299K(6464K) NonClass: 5765K(5824K)->5765K(5824K) Class: 533K(640K)->533K(640K)
[40.200s][info][gc             ] GC(264) Pause Young (Allocation Failure) 5878M->5879M(6140M) 285.583ms
[40.200s][info][gc,cpu         ] GC(264) User=1.73s Sys=0.06s Real=0.29s
[40.200s][info][gc,start       ] GC(265) Pause Full (Ergonomics)
[40.200s][info][gc,phases,start] GC(265) Marking Phase
[41.604s][info][gc,phases      ] GC(265) Marking Phase 1403.569ms
[41.604s][info][gc,phases,start] GC(265) Summary Phase
[41.604s][info][gc,phases      ] GC(265) Summary Phase 0.123ms
[41.604s][info][gc,phases,start] GC(265) Adjust Roots
[41.604s][info][gc,phases      ] GC(265) Adjust Roots 0.240ms
[41.604s][info][gc,phases,start] GC(265) Compaction Phase
[42.480s][info][gc,phases      ] GC(265) Compaction Phase 876.265ms
[42.480s][info][gc,phases,start] GC(265) Post Compact
[42.490s][info][gc,phases      ] GC(265) Post Compact 9.809ms
[42.493s][info][gc,heap        ] GC(265) PSYoungGen: 142944K(343040K)->0K(351232K) Eden: 0K(86016K)->0K(86016K) From: 142944K(257024K)->0K(265216K)
[42.493s][info][gc,heap        ] GC(265) ParOldGen: 5878094K(5944832K)->5887364K(6517760K)
[42.493s][info][gc,metaspace   ] GC(265) Metaspace: 6299K(6464K)->6299K(6464K) NonClass: 5765K(5824K)->5765K(5824K) Class: 533K(640K)->533K(640K)
[42.493s][info][gc             ] GC(265) Pause Full (Ergonomics) 5879M->5749M(6708M) 2292.731ms
[42.493s][info][gc,cpu         ] GC(265) User=16.16s Sys=0.06s Real=2.29s
[42.583s][info][gc,start       ] GC(266) Pause Young (Allocation Failure)
[42.667s][info][gc,heap        ] GC(266) PSYoungGen: 86016K(351232K)->86304K(341504K) Eden: 86016K(86016K)->0K(92672K) From: 0K(265216K)->86304K(248832K)
[42.667s][info][gc,heap        ] GC(266) ParOldGen: 5887364K(6517760K)->5887364K(6517760K)
[42.667s][info][gc,metaspace   ] GC(266) Metaspace: 6299K(6464K)->6299K(6464K) NonClass: 5765K(5824K)->5765K(5824K) Class: 533K(640K)->533K(640K)
[42.667s][info][gc             ] GC(266) Pause Young (Allocation Failure) 5833M->5833M(6698M) 84.213ms
[42.667s][info][gc,cpu         ] GC(266) User=0.22s Sys=0.00s Real=0.08s
[42.772s][info][gc,start       ] GC(267) Pause Young (Allocation Failure)
[42.884s][info][gc,heap        ] GC(267) PSYoungGen: 178976K(341504K)->179136K(350208K) Eden: 92672K(92672K)->0K(92672K) From: 86304K(248832K)->179136K(257536K)
[42.884s][info][gc,heap        ] GC(267) ParOldGen: 5887364K(6517760K)->5887364K(6517760K)
[42.884s][info][gc,metaspace   ] GC(267) Metaspace: 6299K(6464K)->6299K(6464K) NonClass: 5765K(5824K)->5765K(5824K) Class: 533K(640K)->533K(640K)
[42.884s][info][gc             ] GC(267) Pause Young (Allocation Failure) 5924M->5924M(6707M) 112.926ms
[42.884s][info][gc,cpu         ] GC(267) User=0.38s Sys=0.00s Real=0.11s
[42.972s][info][gc,start       ] GC(268) Pause Young (Allocation Failure)
[43.112s][info][gc,heap        ] GC(268) PSYoungGen: 271808K(350208K)->265728K(326656K) Eden: 92672K(92672K)->0K(60928K) From: 179136K(257536K)->265728K(265728K)
[43.113s][info][gc,heap        ] GC(268) ParOldGen: 5887364K(6517760K)->5893540K(6517760K)
[43.113s][info][gc,metaspace   ] GC(268) Metaspace: 6299K(6464K)->6299K(6464K) NonClass: 5765K(5824K)->5765K(5824K) Class: 533K(640K)->533K(640K)
[43.113s][info][gc             ] GC(268) Pause Young (Allocation Failure) 6014M->6014M(6684M) 140.725ms
[43.113s][info][gc,cpu         ] GC(268) User=0.48s Sys=0.02s Real=0.14s
[43.176s][info][gc,start       ] GC(269) Pause Young (Allocation Failure)
[43.328s][info][gc,heap        ] GC(269) PSYoungGen: 326656K(326656K)->305664K(366592K) Eden: 60928K(60928K)->0K(60928K) From: 265728K(265728K)->305664K(305664K)
[43.328s][info][gc,heap        ] GC(269) ParOldGen: 5893540K(6517760K)->5914828K(6517760K)
[43.328s][info][gc,metaspace   ] GC(269) Metaspace: 6299K(6464K)->6299K(6464K) NonClass: 5765K(5824K)->5765K(5824K) Class: 533K(640K)->533K(640K)
[43.328s][info][gc             ] GC(269) Pause Young (Allocation Failure) 6074M->6074M(6723M) 152.741ms
[43.328s][info][gc,cpu         ] GC(269) User=0.73s Sys=0.00s Real=0.15s
[43.393s][info][gc,start       ] GC(270) Pause Young (Allocation Failure)
[43.562s][info][gc,heap        ] GC(270) PSYoungGen: 366592K(366592K)->199904K(417792K) Eden: 60928K(60928K)->0K(68096K) From: 305664K(305664K)->199904K(349696K)
[43.562s][info][gc,heap        ] GC(270) ParOldGen: 5914828K(6517760K)->6082940K(6517760K)
[43.562s][info][gc,metaspace   ] GC(270) Metaspace: 6299K(6464K)->6299K(6464K) NonClass: 5765K(5824K)->5765K(5824K) Class: 533K(640K)->533K(640K)
[43.562s][info][gc             ] GC(270) Pause Young (Allocation Failure) 6134M->6135M(6773M) 169.056ms
[43.562s][info][gc,cpu         ] GC(270) User=1.00s Sys=0.23s Real=0.17s
[43.635s][info][gc,start       ] GC(271) Pause Young (Allocation Failure)
[43.773s][info][gc,heap        ] GC(271) PSYoungGen: 268000K(417792K)->181984K(250368K) Eden: 68096K(68096K)->0K(68096K) From: 199904K(349696K)->181984K(182272K)
[43.773s][info][gc,heap        ] GC(271) ParOldGen: 6082940K(6517760K)->6169692K(6517760K)
[43.773s][info][gc,metaspace   ] GC(271) Metaspace: 6299K(6464K)->6299K(6464K) NonClass: 5765K(5824K)->5765K(5824K) Class: 533K(640K)->533K(640K)
[43.773s][info][gc             ] GC(271) Pause Young (Allocation Failure) 6202M->6202M(6609M) 137.705ms
[43.773s][info][gc,cpu         ] GC(271) User=0.59s Sys=0.00s Real=0.14s
[43.844s][info][gc,start       ] GC(272) Pause Young (Allocation Failure)
[43.986s][info][gc,heap        ] GC(272) PSYoungGen: 250080K(250368K)->136576K(393216K) Eden: 68096K(68096K)->0K(76800K) From: 181984K(182272K)->136576K(316416K)
[43.986s][info][gc,heap        ] GC(272) ParOldGen: 6169692K(6517760K)->6284132K(6517760K)
[43.986s][info][gc,metaspace   ] GC(272) Metaspace: 6299K(6464K)->6299K(6464K) NonClass: 5765K(5824K)->5765K(5824K) Class: 533K(640K)->533K(640K)
[43.986s][info][gc             ] GC(272) Pause Young (Allocation Failure) 6269M->6270M(6749M) 141.706ms
[43.986s][info][gc,cpu         ] GC(272) User=0.69s Sys=0.02s Real=0.14s
[44.071s][info][gc,start       ] GC(273) Pause Young (Allocation Failure)
[44.209s][info][gc,heap        ] GC(273) PSYoungGen: 213376K(393216K)->77024K(405504K) Eden: 76800K(76800K)->0K(76800K) From: 136576K(316416K)->77024K(328704K)
[44.209s][info][gc,heap        ] GC(273) ParOldGen: 6284132K(6517760K)->6421516K(6517760K)
[44.209s][info][gc,metaspace   ] GC(273) Metaspace: 6299K(6464K)->6299K(6464K) NonClass: 5765K(5824K)->5765K(5824K) Class: 533K(640K)->533K(640K)
[44.209s][info][gc             ] GC(273) Pause Young (Allocation Failure) 6345M->6346M(6761M) 137.876ms
[44.209s][info][gc,cpu         ] GC(273) User=0.50s Sys=0.08s Real=0.14s
[44.209s][info][gc,start       ] GC(274) Pause Full (Ergonomics)
[44.209s][info][gc,phases,start] GC(274) Marking Phase
[45.663s][info][gc,phases      ] GC(274) Marking Phase 1454.413ms
[45.664s][info][gc,phases,start] GC(274) Summary Phase
[45.664s][info][gc,phases      ] GC(274) Summary Phase 0.109ms
[45.664s][info][gc,phases,start] GC(274) Adjust Roots
[45.664s][info][gc,phases      ] GC(274) Adjust Roots 0.180ms
[45.664s][info][gc,phases,start] GC(274) Compaction Phase
[46.294s][info][gc,phases      ] GC(274) Compaction Phase 629.862ms
[46.294s][info][gc,phases,start] GC(274) Post Compact
[46.305s][info][gc,phases      ] GC(274) Post Compact 11.136ms
[46.307s][info][gc,heap        ] GC(274) PSYoungGen: 77024K(405504K)->0K(413184K) Eden: 0K(76800K)->0K(86528K) From: 77024K(328704K)->0K(326656K)
[46.307s][info][gc,heap        ] GC(274) ParOldGen: 6421516K(6517760K)->6493318K(7223808K)
[46.307s][info][gc,metaspace   ] GC(274) Metaspace: 6299K(6464K)->6299K(6464K) NonClass: 5765K(5824K)->5765K(5824K) Class: 533K(640K)->533K(640K)
[46.307s][info][gc             ] GC(274) Pause Full (Ergonomics) 6346M->6341M(7458M) 2098.237ms
[46.307s][info][gc,cpu         ] GC(274) User=14.77s Sys=0.05s Real=2.10s
[46.398s][info][gc,start       ] GC(275) Pause Young (Allocation Failure)
[46.496s][info][gc,heap        ] GC(275) PSYoungGen: 86528K(413184K)->86784K(413184K) Eden: 86528K(86528K)->0K(86528K) From: 0K(326656K)->86784K(326656K)
[46.496s][info][gc,heap        ] GC(275) ParOldGen: 6493318K(7223808K)->6493318K(7223808K)
[46.496s][info][gc,metaspace   ] GC(275) Metaspace: 6299K(6464K)->6299K(6464K) NonClass: 5765K(5824K)->5765K(5824K) Class: 533K(640K)->533K(640K)
[46.496s][info][gc             ] GC(275) Pause Young (Allocation Failure) 6425M->6425M(7458M) 98.592ms
[46.496s][info][gc,cpu         ] GC(275) User=0.22s Sys=0.00s Real=0.10s
[46.585s][info][gc,start       ] GC(276) Pause Young (Allocation Failure)
[46.704s][info][gc,heap        ] GC(276) PSYoungGen: 173312K(413184K)->173440K(400896K) Eden: 86528K(86528K)->0K(95232K) From: 86784K(326656K)->173440K(305664K)
[46.704s][info][gc,heap        ] GC(276) ParOldGen: 6493318K(7223808K)->6493318K(7223808K)
[46.704s][info][gc,metaspace   ] GC(276) Metaspace: 6299K(6464K)->6299K(6464K) NonClass: 5765K(5824K)->5765K(5824K) Class: 533K(640K)->533K(640K)
[46.704s][info][gc             ] GC(276) Pause Young (Allocation Failure) 6510M->6510M(7446M) 118.931ms
[46.704s][info][gc,cpu         ] GC(276) User=0.34s Sys=0.00s Real=0.12s
[46.814s][info][gc,start       ] GC(277) Pause Young (Allocation Failure)
[46.957s][info][gc,heap        ] GC(277) PSYoungGen: 268672K(400896K)->182208K(408064K) Eden: 95232K(95232K)->0K(95232K) From: 173440K(305664K)->182208K(312832K)
[46.957s][info][gc,heap        ] GC(277) ParOldGen: 6493318K(7223808K)->6580622K(7223808K)
[46.957s][info][gc,metaspace   ] GC(277) Metaspace: 6299K(6464K)->6299K(6464K) NonClass: 5765K(5824K)->5765K(5824K) Class: 533K(640K)->533K(640K)
[46.957s][info][gc             ] GC(277) Pause Young (Allocation Failure) 6603M->6604M(7453M) 143.150ms
[46.957s][info][gc,cpu         ] GC(277) User=0.67s Sys=0.00s Real=0.14s
[47.054s][info][gc,start       ] GC(278) Pause Young (Allocation Failure)
[47.205s][info][gc,heap        ] GC(278) PSYoungGen: 277440K(408064K)->190912K(412160K) Eden: 95232K(95232K)->0K(105984K) From: 182208K(312832K)->190912K(306176K)
[47.205s][info][gc,heap        ] GC(278) ParOldGen: 6580622K(7223808K)->6667934K(7223808K)
[47.205s][info][gc,metaspace   ] GC(278) Metaspace: 6299K(6464K)->6299K(6464K) NonClass: 5765K(5824K)->5765K(5824K) Class: 533K(640K)->533K(640K)
[47.205s][info][gc             ] GC(278) Pause Young (Allocation Failure) 6697M->6698M(7457M) 150.555ms
[47.205s][info][gc,cpu         ] GC(278) User=0.70s Sys=0.00s Real=0.15s
[47.329s][info][gc,start       ] GC(279) Pause Young (Allocation Failure)
[47.489s][info][gc,heap        ] GC(279) PSYoungGen: 296896K(412160K)->201728K(413184K) Eden: 105984K(105984K)->0K(105984K) From: 190912K(306176K)->201728K(307200K)
[47.489s][info][gc,heap        ] GC(279) ParOldGen: 6667934K(7223808K)->6764022K(7223808K)
[47.489s][info][gc,metaspace   ] GC(279) Metaspace: 6299K(6464K)->6299K(6464K) NonClass: 5765K(5824K)->5765K(5824K) Class: 533K(640K)->533K(640K)
[47.489s][info][gc             ] GC(279) Pause Young (Allocation Failure) 6801M->6802M(7458M) 160.033ms
[47.489s][info][gc,cpu         ] GC(279) User=0.72s Sys=0.11s Real=0.16s
[47.596s][info][gc,start       ] GC(280) Pause Young (Allocation Failure)
[47.750s][info][gc,heap        ] GC(280) PSYoungGen: 307712K(413184K)->212512K(422400K) Eden: 105984K(105984K)->0K(113664K) From: 201728K(307200K)->212512K(308736K)
[47.750s][info][gc,heap        ] GC(280) ParOldGen: 6764022K(7223808K)->6860110K(7223808K)
[47.750s][info][gc,metaspace   ] GC(280) Metaspace: 6299K(6464K)->6299K(6464K) NonClass: 5765K(5824K)->5765K(5824K) Class: 533K(640K)->533K(640K)
[47.750s][info][gc             ] GC(280) Pause Young (Allocation Failure) 6905M->6906M(7467M) 154.177ms
[47.750s][info][gc,cpu         ] GC(280) User=1.03s Sys=0.00s Real=0.16s
[47.870s][info][gc,start       ] GC(281) Pause Young (Allocation Failure)
[48.030s][info][gc,heap        ] GC(281) PSYoungGen: 326176K(422400K)->220224K(426496K) Eden: 113664K(113664K)->0K(113664K) From: 212512K(308736K)->220224K(312832K)
[48.030s][info][gc,heap        ] GC(281) ParOldGen: 6860110K(7223808K)->6967038K(7223808K)
[48.030s][info][gc,metaspace   ] GC(281) Metaspace: 6299K(6464K)->6299K(6464K) NonClass: 5765K(5824K)->5765K(5824K) Class: 533K(640K)->533K(640K)
[48.030s][info][gc             ] GC(281) Pause Young (Allocation Failure) 7017M->7018M(7471M) 159.379ms
[48.030s][info][gc,cpu         ] GC(281) User=1.03s Sys=0.11s Real=0.16s
[48.143s][info][gc,start       ] GC(282) Pause Young (Allocation Failure)
[48.313s][info][gc,heap        ] GC(282) PSYoungGen: 333888K(426496K)->227904K(439296K) Eden: 113664K(113664K)->0K(120832K) From: 220224K(312832K)->227904K(318464K)
[48.313s][info][gc,heap        ] GC(282) ParOldGen: 6967038K(7223808K)->7073974K(7223808K)
[48.313s][info][gc,metaspace   ] GC(282) Metaspace: 6299K(6464K)->6299K(6464K) NonClass: 5765K(5824K)->5765K(5824K) Class: 533K(640K)->533K(640K)
[48.313s][info][gc             ] GC(282) Pause Young (Allocation Failure) 7129M->7130M(7483M) 169.315ms
[48.313s][info][gc,cpu         ] GC(282) User=1.03s Sys=0.14s Real=0.17s
[48.313s][info][gc,start       ] GC(283) Pause Full (Ergonomics)
[48.313s][info][gc,phases,start] GC(283) Marking Phase
[49.924s][info][gc,phases      ] GC(283) Marking Phase 1610.720ms
[49.924s][info][gc,phases,start] GC(283) Summary Phase
[49.924s][info][gc,phases      ] GC(283) Summary Phase 0.111ms
[49.924s][info][gc,phases,start] GC(283) Adjust Roots
[49.924s][info][gc,phases      ] GC(283) Adjust Roots 0.270ms
[49.924s][info][gc,phases,start] GC(283) Compaction Phase
[50.587s][info][gc,phases      ] GC(283) Compaction Phase 662.902ms
[50.587s][info][gc,phases,start] GC(283) Post Compact
[50.598s][info][gc,phases      ] GC(283) Post Compact 11.482ms
[50.601s][info][gc,heap        ] GC(283) PSYoungGen: 227904K(439296K)->72454K(439296K) Eden: 0K(120832K)->0K(120832K) From: 227904K(318464K)->72454K(318464K)
[50.601s][info][gc,heap        ] GC(283) ParOldGen: 7073974K(7223808K)->7223430K(8001536K)
[50.601s][info][gc,metaspace   ] GC(283) Metaspace: 6299K(6464K)->6299K(6464K) NonClass: 5765K(5824K)->5765K(5824K) Class: 533K(640K)->533K(640K)
[50.601s][info][gc             ] GC(283) Pause Full (Ergonomics) 7130M->7124M(8243M) 2288.330ms
[50.601s][info][gc,cpu         ] GC(283) User=16.66s Sys=0.02s Real=2.29s
[50.732s][info][gc,start       ] GC(284) Pause Young (Allocation Failure)
[51.131s][info][gc,heap        ] GC(284) PSYoungGen: 193286K(439296K)->161504K(282624K) Eden: 120832K(120832K)->0K(120832K) From: 72454K(318464K)->161504K(161792K)
[51.131s][info][gc,heap        ] GC(284) ParOldGen: 7223430K(8001536K)->7255998K(8001536K)
[51.131s][info][gc,metaspace   ] GC(284) Metaspace: 6299K(6464K)->6299K(6464K) NonClass: 5765K(5824K)->5765K(5824K) Class: 533K(640K)->533K(640K)
[51.131s][info][gc             ] GC(284) Pause Young (Allocation Failure) 7242M->7243M(8090M) 399.397ms
[51.131s][info][gc,cpu         ] GC(284) User=2.89s Sys=0.00s Real=0.40s
[51.255s][info][gc,start       ] GC(285) Pause Young (Allocation Failure)
[51.408s][info][gc,heap        ] GC(285) PSYoungGen: 282336K(282624K)->282560K(418816K) Eden: 120832K(120832K)->0K(106496K) From: 161504K(161792K)->282560K(312320K)
[51.408s][info][gc,heap        ] GC(285) ParOldGen: 7255998K(8001536K)->7255998K(8001536K)
[51.408s][info][gc,metaspace   ] GC(285) Metaspace: 6299K(6464K)->6299K(6464K) NonClass: 5765K(5824K)->5765K(5824K) Class: 533K(640K)->533K(640K)
[51.408s][info][gc             ] GC(285) Pause Young (Allocation Failure) 7361M->7361M(8223M) 153.096ms
[51.408s][info][gc,cpu         ] GC(285) User=0.91s Sys=0.05s Real=0.15s
[51.520s][info][gc,start       ] GC(286) Pause Young (Allocation Failure)
[51.711s][info][gc,heap        ] GC(286) PSYoungGen: 389056K(418816K)->338432K(444928K) Eden: 106496K(106496K)->0K(106496K) From: 282560K(312320K)->338432K(338432K)
[51.711s][info][gc,heap        ] GC(286) ParOldGen: 7255998K(8001536K)->7307110K(8001536K)
[51.711s][info][gc,metaspace   ] GC(286) Metaspace: 6299K(6464K)->6299K(6464K) NonClass: 5765K(5824K)->5765K(5824K) Class: 533K(640K)->533K(640K)
[51.711s][info][gc             ] GC(286) Pause Young (Allocation Failure) 7465M->7466M(8248M) 190.572ms
[51.711s][info][gc,cpu         ] GC(286) User=1.34s Sys=0.03s Real=0.19s
[51.824s][info][gc,start       ] GC(287) Pause Young (Allocation Failure)
[52.060s][info][gc,heap        ] GC(287) PSYoungGen: 444928K(444928K)->209856K(482304K) Eden: 106496K(106496K)->0K(118784K) From: 338432K(338432K)->209856K(363520K)
[52.060s][info][gc,heap        ] GC(287) ParOldGen: 7307110K(8001536K)->7544150K(8001536K)
[52.060s][info][gc,metaspace   ] GC(287) Metaspace: 6299K(6464K)->6299K(6464K) NonClass: 5765K(5824K)->5765K(5824K) Class: 533K(640K)->533K(640K)
[52.060s][info][gc             ] GC(287) Pause Young (Allocation Failure) 7570M->7572M(8285M) 236.234ms
[52.060s][info][gc,cpu         ] GC(287) User=1.78s Sys=0.08s Real=0.24s
[52.199s][info][gc,start       ] GC(288) Pause Young (Allocation Failure)
[52.384s][info][gc,heap        ] GC(288) PSYoungGen: 328640K(482304K)->225792K(499200K) Eden: 118784K(118784K)->0K(118784K) From: 209856K(363520K)->225792K(380416K)
[52.384s][info][gc,heap        ] GC(288) ParOldGen: 7544150K(8001536K)->7647926K(8001536K)
[52.384s][info][gc,metaspace   ] GC(288) Metaspace: 6299K(6464K)->6299K(6464K) NonClass: 5765K(5824K)->5765K(5824K) Class: 533K(640K)->533K(640K)
[52.384s][info][gc             ] GC(288) Pause Young (Allocation Failure) 7688M->7689M(8301M) 185.332ms
[52.384s][info][gc,cpu         ] GC(288) User=0.97s Sys=0.09s Real=0.19s
[52.507s][info][gc,start       ] GC(289) Pause Young (Allocation Failure)
[52.686s][info][gc,heap        ] GC(289) PSYoungGen: 344576K(499200K)->238144K(491520K) Eden: 118784K(118784K)->0K(132608K) From: 225792K(380416K)->238144K(358912K)
[52.686s][info][gc,heap        ] GC(289) ParOldGen: 7647926K(8001536K)->7755374K(8001536K)
[52.686s][info][gc,metaspace   ] GC(289) Metaspace: 6299K(6464K)->6299K(6464K) NonClass: 5765K(5824K)->5765K(5824K) Class: 533K(640K)->533K(640K)
[52.686s][info][gc             ] GC(289) Pause Young (Allocation Failure) 7805M->7806M(8294M) 178.757ms
[52.686s][info][gc,cpu         ] GC(289) User=1.12s Sys=0.14s Real=0.18s
[52.827s][info][gc,start       ] GC(290) Pause Young (Allocation Failure)
[53.024s][info][gc,heap        ] GC(290) PSYoungGen: 370752K(491520K)->252032K(497152K) Eden: 132608K(132608K)->0K(132608K) From: 238144K(358912K)->252032K(364544K)
[53.024s][info][gc,heap        ] GC(290) ParOldGen: 7755374K(8001536K)->7875230K(8001536K)
[53.024s][info][gc,metaspace   ] GC(290) Metaspace: 6299K(6464K)->6299K(6464K) NonClass: 5765K(5824K)->5765K(5824K) Class: 533K(640K)->533K(640K)
[53.024s][info][gc             ] GC(290) Pause Young (Allocation Failure) 7935M->7936M(8299M) 197.371ms
[53.024s][info][gc,cpu         ] GC(290) User=1.36s Sys=0.05s Real=0.20s
[53.025s][info][gc,start       ] GC(291) Pause Full (Ergonomics)
[53.025s][info][gc,phases,start] GC(291) Marking Phase
[54.870s][info][gc,phases      ] GC(291) Marking Phase 1845.688ms
[54.870s][info][gc,phases,start] GC(291) Summary Phase
[54.870s][info][gc,phases      ] GC(291) Summary Phase 0.138ms
[54.870s][info][gc,phases,start] GC(291) Adjust Roots
[54.871s][info][gc,phases      ] GC(291) Adjust Roots 0.369ms
[54.871s][info][gc,phases,start] GC(291) Compaction Phase
[55.623s][info][gc,phases      ] GC(291) Compaction Phase 751.736ms
[55.623s][info][gc,phases,start] GC(291) Post Compact
[55.637s][info][gc,phases      ] GC(291) Post Compact 13.988ms
[55.639s][info][gc,heap        ] GC(291) PSYoungGen: 252032K(497152K)->118970K(497152K) Eden: 0K(132608K)->0K(132608K) From: 252032K(364544K)->118970K(364544K)
[55.639s][info][gc,heap        ] GC(291) ParOldGen: 7875230K(8001536K)->8001534K(8670208K)
[55.639s][info][gc,metaspace   ] GC(291) Metaspace: 6299K(6464K)->6299K(6464K) NonClass: 5765K(5824K)->5765K(5824K) Class: 533K(640K)->533K(640K)
[55.639s][info][gc             ] GC(291) Pause Full (Ergonomics) 7936M->7930M(8952M) 2614.600ms
[55.639s][info][gc,cpu         ] GC(291) User=18.89s Sys=0.14s Real=2.62s
[55.771s][info][gc,start       ] GC(292) Pause Young (Allocation Failure)
[56.269s][info][gc,heap        ] GC(292) PSYoungGen: 251578K(497152K)->193056K(484864K) Eden: 132608K(132608K)->0K(145408K) From: 118970K(364544K)->193056K(339456K)
[56.269s][info][gc,heap        ] GC(292) ParOldGen: 8001534K(8670208K)->8061126K(8670208K)
[56.269s][info][gc,metaspace   ] GC(292) Metaspace: 6299K(6464K)->6299K(6464K) NonClass: 5765K(5824K)->5765K(5824K) Class: 533K(640K)->533K(640K)
[56.269s][info][gc             ] GC(292) Pause Young (Allocation Failure) 8059M->8060M(8940M) 498.183ms
[56.269s][info][gc,cpu         ] GC(292) User=3.36s Sys=0.08s Real=0.50s
[56.417s][info][gc,start       ] GC(293) Pause Young (Allocation Failure)
[56.603s][info][gc,heap        ] GC(293) PSYoungGen: 338464K(484864K)->338784K(498688K) Eden: 145408K(145408K)->0K(145408K) From: 193056K(339456K)->338784K(353280K)
[56.603s][info][gc,heap        ] GC(293) ParOldGen: 8061126K(8670208K)->8061126K(8670208K)
[56.603s][info][gc,metaspace   ] GC(293) Metaspace: 6299K(6464K)->6299K(6464K) NonClass: 5765K(5824K)->5765K(5824K) Class: 533K(640K)->533K(640K)
[56.603s][info][gc             ] GC(293) Pause Young (Allocation Failure) 8202M->8203M(8954M) 185.352ms
[56.603s][info][gc,cpu         ] GC(293) User=1.30s Sys=0.03s Real=0.19s
[56.754s][info][gc,start       ] GC(294) Pause Young (Allocation Failure)
[57.035s][info][gc,heap        ] GC(294) PSYoungGen: 484192K(498688K)->385536K(465408K) Eden: 145408K(145408K)->0K(79872K) From: 338784K(353280K)->385536K(385536K)
[57.035s][info][gc,heap        ] GC(294) ParOldGen: 8061126K(8670208K)->8160646K(8670208K)
[57.035s][info][gc,metaspace   ] GC(294) Metaspace: 6299K(6464K)->6299K(6464K) NonClass: 5765K(5824K)->5765K(5824K) Class: 533K(640K)->533K(640K)
[57.035s][info][gc             ] GC(294) Pause Young (Allocation Failure) 8345M->8345M(8921M) 281.344ms
[57.035s][info][gc,cpu         ] GC(294) User=1.70s Sys=0.28s Real=0.28s
[57.117s][info][gc,start       ] GC(295) Pause Young (Allocation Failure)
[57.416s][info][gc,heap        ] GC(295) PSYoungGen: 465408K(465408K)->216128K(296448K) Eden: 79872K(79872K)->0K(79872K) From: 385536K(385536K)->216128K(216576K)
[57.416s][info][gc,heap        ] GC(295) ParOldGen: 8160646K(8670208K)->8411958K(8670208K)
[57.416s][info][gc,metaspace   ] GC(295) Metaspace: 6299K(6464K)->6299K(6464K) NonClass: 5765K(5824K)->5765K(5824K) Class: 533K(640K)->533K(640K)
[57.416s][info][gc             ] GC(295) Pause Young (Allocation Failure) 8423M->8425M(8756M) 298.491ms
[57.416s][info][gc,cpu         ] GC(295) User=1.89s Sys=0.14s Real=0.30s
[57.501s][info][gc,start       ] GC(296) Pause Young (Allocation Failure)
[57.699s][info][gc,heap        ] GC(296) PSYoungGen: 296000K(296448K)->80192K(531968K) Eden: 79872K(79872K)->0K(81408K) From: 216128K(216576K)->80192K(450560K)
[57.699s][info][gc,heap        ] GC(296) ParOldGen: 8411958K(8670208K)->8629446K(8670208K)
[57.699s][info][gc,metaspace   ] GC(296) Metaspace: 6299K(6464K)->6299K(6464K) NonClass: 5765K(5824K)->5765K(5824K) Class: 533K(640K)->533K(640K)
[57.699s][info][gc             ] GC(296) Pause Young (Allocation Failure) 8503M->8505M(8986M) 198.560ms
[57.699s][info][gc,cpu         ] GC(296) User=1.19s Sys=0.11s Real=0.20s
[57.699s][info][gc,start       ] GC(297) Pause Full (Ergonomics)
[57.699s][info][gc,phases,start] GC(297) Marking Phase
[59.738s][info][gc,phases      ] GC(297) Marking Phase 2038.798ms
[59.738s][info][gc,phases,start] GC(297) Summary Phase
[59.738s][info][gc,phases      ] GC(297) Summary Phase 0.144ms
[59.738s][info][gc,phases,start] GC(297) Adjust Roots
[59.739s][info][gc,phases      ] GC(297) Adjust Roots 0.291ms
[59.739s][info][gc,phases,start] GC(297) Compaction Phase
[60.435s][info][gc,phases      ] GC(297) Compaction Phase 695.963ms
[60.435s][info][gc,phases,start] GC(297) Post Compact
[60.450s][info][gc,phases      ] GC(297) Post Compact 14.770ms
[60.450s][info][gc,heap        ] GC(297) PSYoungGen: 80192K(531968K)->33341K(531968K) Eden: 0K(81408K)->0K(81408K) From: 80192K(450560K)->33341K(450560K)
[60.450s][info][gc,heap        ] GC(297) ParOldGen: 8629446K(8670208K)->8670174K(8670208K)
[60.450s][info][gc,metaspace   ] GC(297) Metaspace: 6299K(6464K)->6299K(6464K) NonClass: 5765K(5824K)->5765K(5824K) Class: 533K(640K)->533K(640K)
[60.450s][info][gc             ] GC(297) Pause Full (Ergonomics) 8505M->8499M(8986M) 2750.337ms
[60.450s][info][gc,cpu         ] GC(297) User=20.09s Sys=0.03s Real=2.75s
[60.542s][info][gc,start       ] GC(298) Pause Full (Ergonomics)
[60.542s][info][gc,phases,start] GC(298) Marking Phase
[62.622s][info][gc,phases      ] GC(298) Marking Phase 2079.312ms
[62.622s][info][gc,phases,start] GC(298) Summary Phase
[62.622s][info][gc,phases      ] GC(298) Summary Phase 0.153ms
[62.622s][info][gc,phases,start] GC(298) Adjust Roots
[62.622s][info][gc,phases      ] GC(298) Adjust Roots 0.345ms
[62.622s][info][gc,phases,start] GC(298) Compaction Phase
[63.238s][info][gc,phases      ] GC(298) Compaction Phase 615.178ms
[63.238s][info][gc,phases,start] GC(298) Post Compact
[63.253s][info][gc,phases      ] GC(298) Post Compact 15.376ms
[63.253s][info][gc,heap        ] GC(298) PSYoungGen: 114749K(531968K)->114717K(531968K) Eden: 81408K(81408K)->81375K(81408K) From: 33341K(450560K)->33341K(450560K)
[63.253s][info][gc,heap        ] GC(298) ParOldGen: 8670174K(8670208K)->8670174K(8670208K)
[63.253s][info][gc,metaspace   ] GC(298) Metaspace: 6299K(6464K)->6299K(6464K) NonClass: 5765K(5824K)->5765K(5824K) Class: 533K(640K)->533K(640K)
[63.253s][info][gc             ] GC(298) Pause Full (Ergonomics) 8579M->8578M(8986M) 2710.840ms
[63.253s][info][gc,cpu         ] GC(298) User=18.73s Sys=0.02s Real=2.71s
[63.253s][info][gc,start       ] GC(299) Pause Full (Ergonomics)
[63.253s][info][gc,phases,start] GC(299) Marking Phase
[65.251s][info][gc,phases      ] GC(299) Marking Phase 1997.142ms
[65.251s][info][gc,phases,start] GC(299) Summary Phase
[65.251s][info][gc,phases      ] GC(299) Summary Phase 0.125ms
[65.251s][info][gc,phases,start] GC(299) Adjust Roots
[65.251s][info][gc,phases      ] GC(299) Adjust Roots 0.285ms
[65.251s][info][gc,phases,start] GC(299) Compaction Phase
[65.818s][info][gc,phases      ] GC(299) Compaction Phase 566.994ms
[65.818s][info][gc,phases,start] GC(299) Post Compact
[65.832s][info][gc,phases      ] GC(299) Post Compact 14.056ms
[65.832s][info][gc,heap        ] GC(299) PSYoungGen: 114749K(531968K)->114748K(531968K) Eden: 81408K(81408K)->81407K(81408K) From: 33341K(450560K)->33341K(450560K)
[65.832s][info][gc,heap        ] GC(299) ParOldGen: 8670174K(8670208K)->8670174K(8670208K)
[65.832s][info][gc,metaspace   ] GC(299) Metaspace: 6299K(6464K)->6299K(6464K) NonClass: 5765K(5824K)->5765K(5824K) Class: 533K(640K)->533K(640K)
[65.832s][info][gc             ] GC(299) Pause Full (Ergonomics) 8579M->8579M(8986M) 2579.041ms
[65.832s][info][gc,cpu         ] GC(299) User=18.62s Sys=0.02s Real=2.58s
[65.833s][info][gc,start       ] GC(300) Pause Full (Ergonomics)
[65.833s][info][gc,phases,start] GC(300) Marking Phase
[67.786s][info][gc,phases      ] GC(300) Marking Phase 1953.051ms
[67.786s][info][gc,phases,start] GC(300) Summary Phase
[67.786s][info][gc,phases      ] GC(300) Summary Phase 0.156ms
[67.786s][info][gc,phases,start] GC(300) Adjust Roots
[67.786s][info][gc,phases      ] GC(300) Adjust Roots 0.329ms
[67.786s][info][gc,phases,start] GC(300) Compaction Phase
[68.327s][info][gc,phases      ] GC(300) Compaction Phase 540.888ms
[68.327s][info][gc,phases,start] GC(300) Post Compact
[68.342s][info][gc,phases      ] GC(300) Post Compact 14.478ms
[68.342s][info][gc,heap        ] GC(300) PSYoungGen: 114749K(531968K)->114749K(531968K) Eden: 81407K(81408K)->81407K(81408K) From: 33341K(450560K)->33341K(450560K)
[68.342s][info][gc,heap        ] GC(300) ParOldGen: 8670174K(8670208K)->8670174K(8670208K)
[68.342s][info][gc,metaspace   ] GC(300) Metaspace: 6299K(6464K)->6299K(6464K) NonClass: 5765K(5824K)->5765K(5824K) Class: 533K(640K)->533K(640K)
[68.342s][info][gc             ] GC(300) Pause Full (Ergonomics) 8579M->8579M(8986M) 2509.294ms
[68.342s][info][gc,cpu         ] GC(300) User=18.70s Sys=0.00s Real=2.51s
[68.342s][info][gc,start       ] GC(301) Pause Full (Ergonomics)
[68.342s][info][gc,phases,start] GC(301) Marking Phase
[70.297s][info][gc,phases      ] GC(301) Marking Phase 1955.290ms
[70.297s][info][gc,phases,start] GC(301) Summary Phase
[70.298s][info][gc,phases      ] GC(301) Summary Phase 0.135ms
[70.298s][info][gc,phases,start] GC(301) Adjust Roots
[70.298s][info][gc,phases      ] GC(301) Adjust Roots 0.380ms
[70.298s][info][gc,phases,start] GC(301) Compaction Phase
[70.839s][info][gc,phases      ] GC(301) Compaction Phase 540.498ms
[70.839s][info][gc,phases,start] GC(301) Post Compact
[70.851s][info][gc,phases      ] GC(301) Post Compact 12.752ms
[70.851s][info][gc,heap        ] GC(301) PSYoungGen: 114749K(531968K)->114749K(531968K) Eden: 81407K(81408K)->81407K(81408K) From: 33341K(450560K)->33341K(450560K)
[70.851s][info][gc,heap        ] GC(301) ParOldGen: 8670179K(8670208K)->8670179K(8670208K)
[70.851s][info][gc,metaspace   ] GC(301) Metaspace: 6299K(6464K)->6299K(6464K) NonClass: 5765K(5824K)->5765K(5824K) Class: 533K(640K)->533K(640K)
[70.852s][info][gc             ] GC(301) Pause Full (Ergonomics) 8579M->8579M(8986M) 2509.431ms
[70.852s][info][gc,cpu         ] GC(301) User=18.97s Sys=0.00s Real=2.51s
[70.852s][info][gc,start       ] GC(302) Pause Full (Ergonomics)
[70.852s][info][gc,phases,start] GC(302) Marking Phase
[72.810s][info][gc,phases      ] GC(302) Marking Phase 1958.516ms
[72.810s][info][gc,phases,start] GC(302) Summary Phase
[72.810s][info][gc,phases      ] GC(302) Summary Phase 0.084ms
[72.810s][info][gc,phases,start] GC(302) Adjust Roots
[72.811s][info][gc,phases      ] GC(302) Adjust Roots 0.162ms
[72.811s][info][gc,phases,start] GC(302) Compaction Phase
[73.339s][info][gc,phases      ] GC(302) Compaction Phase 528.632ms
[73.339s][info][gc,phases,start] GC(302) Post Compact
[73.352s][info][gc,phases      ] GC(302) Post Compact 12.539ms
[73.352s][info][gc,heap        ] GC(302) PSYoungGen: 114749K(531968K)->114749K(531968K) Eden: 81407K(81408K)->81407K(81408K) From: 33341K(450560K)->33341K(450560K)
[73.352s][info][gc,heap        ] GC(302) ParOldGen: 8670184K(8670208K)->8670184K(8670208K)
[73.352s][info][gc,metaspace   ] GC(302) Metaspace: 6299K(6464K)->6299K(6464K) NonClass: 5765K(5824K)->5765K(5824K) Class: 533K(640K)->533K(640K)
[73.352s][info][gc             ] GC(302) Pause Full (Ergonomics) 8579M->8579M(8986M) 2500.253ms
[73.352s][info][gc,cpu         ] GC(302) User=18.94s Sys=0.00s Real=2.50s
[73.352s][info][gc,start       ] GC(303) Pause Full (Ergonomics)
[73.352s][info][gc,phases,start] GC(303) Marking Phase
[75.330s][info][gc,phases      ] GC(303) Marking Phase 1977.315ms
[75.330s][info][gc,phases,start] GC(303) Summary Phase
[75.330s][info][gc,phases      ] GC(303) Summary Phase 0.102ms
[75.330s][info][gc,phases,start] GC(303) Adjust Roots
[75.330s][info][gc,phases      ] GC(303) Adjust Roots 0.195ms
[75.330s][info][gc,phases,start] GC(303) Compaction Phase
[75.857s][info][gc,phases      ] GC(303) Compaction Phase 526.791ms
[75.857s][info][gc,phases,start] GC(303) Post Compact
[75.870s][info][gc,phases      ] GC(303) Post Compact 12.744ms
[75.870s][info][gc,heap        ] GC(303) PSYoungGen: 114749K(531968K)->114749K(531968K) Eden: 81407K(81408K)->81407K(81408K) From: 33341K(450560K)->33341K(450560K)
[75.870s][info][gc,heap        ] GC(303) ParOldGen: 8670189K(8670208K)->8670189K(8670208K)
[75.870s][info][gc,metaspace   ] GC(303) Metaspace: 6299K(6464K)->6299K(6464K) NonClass: 5765K(5824K)->5765K(5824K) Class: 533K(640K)->533K(640K)
[75.870s][info][gc             ] GC(303) Pause Full (Ergonomics) 8579M->8579M(8986M) 2517.488ms
[75.870s][info][gc,cpu         ] GC(303) User=19.03s Sys=0.00s Real=2.52s
[75.870s][info][gc,start       ] GC(304) Pause Full (Ergonomics)
[75.870s][info][gc,phases,start] GC(304) Marking Phase
[77.844s][info][gc,phases      ] GC(304) Marking Phase 1974.368ms
[77.844s][info][gc,phases,start] GC(304) Summary Phase
[77.844s][info][gc,phases      ] GC(304) Summary Phase 0.135ms
[77.844s][info][gc,phases,start] GC(304) Adjust Roots
[77.845s][info][gc,phases      ] GC(304) Adjust Roots 0.259ms
[77.845s][info][gc,phases,start] GC(304) Compaction Phase
[78.377s][info][gc,phases      ] GC(304) Compaction Phase 532.474ms
[78.377s][info][gc,phases,start] GC(304) Post Compact
[78.390s][info][gc,phases      ] GC(304) Post Compact 12.724ms
[78.390s][info][gc,heap        ] GC(304) PSYoungGen: 114749K(531968K)->114749K(531968K) Eden: 81407K(81408K)->81407K(81408K) From: 33341K(450560K)->33341K(450560K)
[78.390s][info][gc,heap        ] GC(304) ParOldGen: 8670194K(8670208K)->8670194K(8670208K)
[78.390s][info][gc,metaspace   ] GC(304) Metaspace: 6299K(6464K)->6299K(6464K) NonClass: 5765K(5824K)->5765K(5824K) Class: 533K(640K)->533K(640K)
[78.390s][info][gc             ] GC(304) Pause Full (Ergonomics) 8579M->8579M(8986M) 2520.344ms
[78.390s][info][gc,cpu         ] GC(304) User=19.00s Sys=0.00s Real=2.52s
[78.390s][info][gc,start       ] GC(305) Pause Full (Ergonomics)
[78.390s][info][gc,phases,start] GC(305) Marking Phase
[80.361s][info][gc,phases      ] GC(305) Marking Phase 1970.072ms
[80.361s][info][gc,phases,start] GC(305) Summary Phase
[80.361s][info][gc,phases      ] GC(305) Summary Phase 0.091ms
[80.361s][info][gc,phases,start] GC(305) Adjust Roots
[80.361s][info][gc,phases      ] GC(305) Adjust Roots 0.164ms
[80.361s][info][gc,phases,start] GC(305) Compaction Phase
[80.886s][info][gc,phases      ] GC(305) Compaction Phase 525.555ms
[80.886s][info][gc,phases,start] GC(305) Post Compact
[80.899s][info][gc,phases      ] GC(305) Post Compact 12.510ms
[80.899s][info][gc,heap        ] GC(305) PSYoungGen: 114749K(531968K)->114749K(531968K) Eden: 81407K(81408K)->81407K(81408K) From: 33341K(450560K)->33341K(450560K)
[80.899s][info][gc,heap        ] GC(305) ParOldGen: 8670198K(8670208K)->8670198K(8670208K)
[80.899s][info][gc,metaspace   ] GC(305) Metaspace: 6299K(6464K)->6299K(6464K) NonClass: 5765K(5824K)->5765K(5824K) Class: 533K(640K)->533K(640K)
[80.899s][info][gc             ] GC(305) Pause Full (Ergonomics) 8579M->8579M(8986M) 2508.716ms
[80.899s][info][gc,cpu         ] GC(305) User=18.92s Sys=0.02s Real=2.51s
[80.899s][info][gc,start       ] GC(306) Pause Full (Ergonomics)
[80.899s][info][gc,phases,start] GC(306) Marking Phase
[82.877s][info][gc,phases      ] GC(306) Marking Phase 1977.450ms
[82.877s][info][gc,phases,start] GC(306) Summary Phase
[82.877s][info][gc,phases      ] GC(306) Summary Phase 0.083ms
[82.877s][info][gc,phases,start] GC(306) Adjust Roots
[82.877s][info][gc,phases      ] GC(306) Adjust Roots 0.163ms
[82.877s][info][gc,phases,start] GC(306) Compaction Phase
[83.407s][info][gc,phases      ] GC(306) Compaction Phase 529.628ms
[83.407s][info][gc,phases,start] GC(306) Post Compact
[83.420s][info][gc,phases      ] GC(306) Post Compact 12.805ms
[83.420s][info][gc,heap        ] GC(306) PSYoungGen: 114749K(531968K)->114749K(531968K) Eden: 81407K(81408K)->81407K(81408K) From: 33341K(450560K)->33341K(450560K)
[83.420s][info][gc,heap        ] GC(306) ParOldGen: 8670203K(8670208K)->8670203K(8670208K)
[83.420s][info][gc,metaspace   ] GC(306) Metaspace: 6299K(6464K)->6299K(6464K) NonClass: 5765K(5824K)->5765K(5824K) Class: 533K(640K)->533K(640K)
[83.420s][info][gc             ] GC(306) Pause Full (Ergonomics) 8579M->8579M(8986M) 2520.467ms
[83.420s][info][gc,cpu         ] GC(306) User=18.98s Sys=0.00s Real=2.52s
[83.420s][info][gc,start       ] GC(307) Pause Full (Ergonomics)
[83.420s][info][gc,phases,start] GC(307) Marking Phase
[85.399s][info][gc,phases      ] GC(307) Marking Phase 1978.871ms
[85.399s][info][gc,phases,start] GC(307) Summary Phase
[85.399s][info][gc,phases      ] GC(307) Summary Phase 0.084ms
[85.399s][info][gc,phases,start] GC(307) Adjust Roots
[85.399s][info][gc,phases      ] GC(307) Adjust Roots 0.194ms
[85.399s][info][gc,phases,start] GC(307) Compaction Phase
[85.932s][info][gc,phases      ] GC(307) Compaction Phase 532.333ms
[85.932s][info][gc,phases,start] GC(307) Post Compact
[85.945s][info][gc,phases      ] GC(307) Post Compact 13.159ms
[85.945s][info][gc,heap        ] GC(307) PSYoungGen: 114749K(531968K)->114749K(531968K) Eden: 81407K(81408K)->81407K(81408K) From: 33341K(450560K)->33341K(450560K)
[85.945s][info][gc,heap        ] GC(307) ParOldGen: 8670207K(8670208K)->8670207K(8670208K)
[85.945s][info][gc,metaspace   ] GC(307) Metaspace: 6299K(6464K)->6299K(6464K) NonClass: 5765K(5824K)->5765K(5824K) Class: 533K(640K)->533K(640K)
[85.945s][info][gc             ] GC(307) Pause Full (Ergonomics) 8579M->8579M(8986M) 2524.992ms
[85.945s][info][gc,cpu         ] GC(307) User=19.28s Sys=0.02s Real=2.53s
[85.945s][info][gc,start       ] GC(308) Pause Full (Allocation Failure)
[85.945s][info][gc,phases,start] GC(308) Marking Phase
[87.967s][info][gc,phases      ] GC(308) Marking Phase 2022.022ms
[87.967s][info][gc,phases,start] GC(308) Summary Phase
[87.967s][info][gc,phases      ] GC(308) Summary Phase 0.090ms
[87.967s][info][gc,phases,start] GC(308) Adjust Roots
[87.968s][info][gc,phases      ] GC(308) Adjust Roots 0.416ms
[87.968s][info][gc,phases,start] GC(308) Compaction Phase
[90.153s][info][gc,phases      ] GC(308) Compaction Phase 2185.122ms
[90.153s][info][gc,phases,start] GC(308) Post Compact
[90.166s][info][gc,phases      ] GC(308) Post Compact 12.833ms
[90.166s][info][gc,heap        ] GC(308) PSYoungGen: 114749K(531968K)->114749K(531968K) Eden: 81407K(81408K)->81407K(81408K) From: 33341K(450560K)->33341K(450560K)
[90.166s][info][gc,heap        ] GC(308) ParOldGen: 8670207K(8670208K)->8670203K(8670208K)
[90.166s][info][gc,metaspace   ] GC(308) Metaspace: 6299K(6464K)->6297K(6464K) NonClass: 5765K(5824K)->5764K(5824K) Class: 533K(640K)->532K(640K)
[90.166s][info][gc             ] GC(308) Pause Full (Allocation Failure) 8579M->8579M(8986M) 4220.787ms
[90.166s][info][gc,cpu         ] GC(308) User=31.59s Sys=0.02s Real=4.22s
[90.166s][info][gc,start       ] GC(309) Pause Full (Ergonomics)
[90.166s][info][gc,phases,start] GC(309) Marking Phase
[92.176s][info][gc,phases      ] GC(309) Marking Phase 2009.849ms
[92.176s][info][gc,phases,start] GC(309) Summary Phase
[92.176s][info][gc,phases      ] GC(309) Summary Phase 0.085ms
[92.176s][info][gc,phases,start] GC(309) Adjust Roots
[92.177s][info][gc,phases      ] GC(309) Adjust Roots 0.164ms
[92.177s][info][gc,phases,start] GC(309) Compaction Phase
[92.709s][info][gc,phases      ] GC(309) Compaction Phase 532.130ms
[92.709s][info][gc,phases,start] GC(309) Post Compact
[92.722s][info][gc,phases      ] GC(309) Post Compact 13.241ms
[92.722s][info][gc,heap        ] GC(309) PSYoungGen: 114749K(531968K)->114749K(531968K) Eden: 81407K(81408K)->81407K(81408K) From: 33341K(450560K)->33341K(450560K)
[92.722s][info][gc,heap        ] GC(309) ParOldGen: 8670204K(8670208K)->8670204K(8670208K)
[92.722s][info][gc,metaspace   ] GC(309) Metaspace: 6297K(6464K)->6297K(6464K) NonClass: 5764K(5824K)->5764K(5824K) Class: 532K(640K)->532K(640K)
[92.722s][info][gc             ] GC(309) Pause Full (Ergonomics) 8579M->8579M(8986M) 2555.829ms
[92.722s][info][gc,cpu         ] GC(309) User=19.31s Sys=0.00s Real=2.56s
[92.723s][info][gc,start       ] GC(310) Pause Full (Ergonomics)
[92.723s][info][gc,phases,start] GC(310) Marking Phase
[94.697s][info][gc,phases      ] GC(310) Marking Phase 1974.795ms
[94.697s][info][gc,phases,start] GC(310) Summary Phase
[94.698s][info][gc,phases      ] GC(310) Summary Phase 0.141ms
[94.698s][info][gc,phases,start] GC(310) Adjust Roots
[94.698s][info][gc,phases      ] GC(310) Adjust Roots 0.292ms
[94.698s][info][gc,phases,start] GC(310) Compaction Phase
[95.234s][info][gc,phases      ] GC(310) Compaction Phase 536.476ms
[95.234s][info][gc,phases,start] GC(310) Post Compact
[95.247s][info][gc,phases      ] GC(310) Post Compact 12.787ms
[95.247s][info][gc,heap        ] GC(310) PSYoungGen: 114749K(531968K)->114749K(531968K) Eden: 81407K(81408K)->81407K(81408K) From: 33341K(450560K)->33341K(450560K)
[95.247s][info][gc,heap        ] GC(310) ParOldGen: 8670207K(8670208K)->8670207K(8670208K)
[95.247s][info][gc,metaspace   ] GC(310) Metaspace: 6297K(6464K)->6297K(6464K) NonClass: 5764K(5824K)->5764K(5824K) Class: 532K(640K)->532K(640K)
[95.247s][info][gc             ] GC(310) Pause Full (Ergonomics) 8579M->8579M(8986M) 2524.839ms
[95.247s][info][gc,cpu         ] GC(310) User=19.08s Sys=0.02s Real=2.53s
[95.247s][info][gc,start       ] GC(311) Pause Full (Allocation Failure)
[95.247s][info][gc,phases,start] GC(311) Marking Phase
[97.206s][info][gc,phases      ] GC(311) Marking Phase 1958.223ms
[97.206s][info][gc,phases,start] GC(311) Summary Phase
[97.206s][info][gc,phases      ] GC(311) Summary Phase 0.099ms
[97.206s][info][gc,phases,start] GC(311) Adjust Roots
[97.206s][info][gc,phases      ] GC(311) Adjust Roots 0.250ms
[97.206s][info][gc,phases,start] GC(311) Compaction Phase
[97.742s][info][gc,phases      ] GC(311) Compaction Phase 536.281ms
[97.743s][info][gc,phases,start] GC(311) Post Compact
[97.755s][info][gc,phases      ] GC(311) Post Compact 12.952ms
[97.756s][info][gc,heap        ] GC(311) PSYoungGen: 114749K(531968K)->114749K(531968K) Eden: 81407K(81408K)->81407K(81408K) From: 33341K(450560K)->33341K(450560K)
[97.756s][info][gc,heap        ] GC(311) ParOldGen: 8670207K(8670208K)->8670207K(8670208K)
[97.756s][info][gc,metaspace   ] GC(311) Metaspace: 6297K(6464K)->6297K(6464K) NonClass: 5764K(5824K)->5764K(5824K) Class: 532K(640K)->532K(640K)
[97.756s][info][gc             ] GC(311) Pause Full (Allocation Failure) 8579M->8579M(8986M) 2508.175ms
[97.756s][info][gc,cpu         ] GC(311) User=19.08s Sys=0.00s Real=2.51s
[97.756s][info][gc,start       ] GC(312) Pause Full (Ergonomics)
[97.756s][info][gc,phases,start] GC(312) Marking Phase
[99.743s][info][gc,phases      ] GC(312) Marking Phase 1986.418ms
[99.743s][info][gc,phases,start] GC(312) Summary Phase
[99.743s][info][gc,phases      ] GC(312) Summary Phase 0.095ms
[99.743s][info][gc,phases,start] GC(312) Adjust Roots
[99.743s][info][gc,phases      ] GC(312) Adjust Roots 0.245ms
[99.743s][info][gc,phases,start] GC(312) Compaction Phase
[101.925s][info][gc,phases      ] GC(312) Compaction Phase 2181.844ms
[101.925s][info][gc,phases,start] GC(312) Post Compact
[101.938s][info][gc,phases      ] GC(312) Post Compact 12.831ms
[101.938s][info][gc,heap        ] GC(312) PSYoungGen: 114749K(531968K)->114749K(531968K) Eden: 81408K(81408K)->81408K(81408K) From: 33341K(450560K)->33341K(450560K)
[101.938s][info][gc,heap        ] GC(312) ParOldGen: 8670208K(8670208K)->8670206K(8670208K)
[101.938s][info][gc,metaspace   ] GC(312) Metaspace: 6297K(6464K)->6297K(6464K) NonClass: 5764K(5824K)->5764K(5824K) Class: 532K(640K)->532K(640K)
[101.938s][info][gc             ] GC(312) Pause Full (Ergonomics) 8579M->8579M(8986M) 4181.773ms
[101.938s][info][gc,cpu         ] GC(312) User=31.16s Sys=0.00s Real=4.18s
[101.938s][info][gc,start       ] GC(313) Pause Full (Ergonomics)
[101.939s][info][gc,phases,start] GC(313) Marking Phase
[103.891s][info][gc,phases      ] GC(313) Marking Phase 1952.924ms
[103.892s][info][gc,phases,start] GC(313) Summary Phase
[103.892s][info][gc,phases      ] GC(313) Summary Phase 0.109ms
[103.892s][info][gc,phases,start] GC(313) Adjust Roots
[103.892s][info][gc,phases      ] GC(313) Adjust Roots 0.233ms
[103.892s][info][gc,phases,start] GC(313) Compaction Phase
[104.428s][info][gc,phases      ] GC(313) Compaction Phase 536.114ms
[104.428s][info][gc,phases,start] GC(313) Post Compact
[104.441s][info][gc,phases      ] GC(313) Post Compact 12.694ms
[104.441s][info][gc,heap        ] GC(313) PSYoungGen: 114749K(531968K)->114749K(531968K) Eden: 81408K(81408K)->81408K(81408K) From: 33341K(450560K)->33341K(450560K)
[104.441s][info][gc,heap        ] GC(313) ParOldGen: 8670206K(8670208K)->8670206K(8670208K)
[104.441s][info][gc,metaspace   ] GC(313) Metaspace: 6297K(6464K)->6297K(6464K) NonClass: 5764K(5824K)->5764K(5824K) Class: 532K(640K)->532K(640K)
[104.441s][info][gc             ] GC(313) Pause Full (Ergonomics) 8579M->8579M(8986M) 2502.428ms
[104.441s][info][gc,cpu         ] GC(313) User=18.88s Sys=0.00s Real=2.50s
[104.442s][info][gc,start       ] GC(314) Pause Full (Ergonomics)
[104.442s][info][gc,phases,start] GC(314) Marking Phase
[106.395s][info][gc,phases      ] GC(314) Marking Phase 1952.667ms
[106.395s][info][gc,phases,start] GC(314) Summary Phase
[106.395s][info][gc,phases      ] GC(314) Summary Phase 0.084ms
[106.395s][info][gc,phases,start] GC(314) Adjust Roots
[106.395s][info][gc,phases      ] GC(314) Adjust Roots 0.358ms
[106.395s][info][gc,phases,start] GC(314) Compaction Phase
[108.569s][info][gc,phases      ] GC(314) Compaction Phase 2173.485ms
[108.569s][info][gc,phases,start] GC(314) Post Compact
[108.582s][info][gc,phases      ] GC(314) Post Compact 12.808ms
[108.582s][info][gc,heap        ] GC(314) PSYoungGen: 114749K(531968K)->114749K(531968K) Eden: 81408K(81408K)->81408K(81408K) From: 33341K(450560K)->33341K(450560K)
[108.582s][info][gc,heap        ] GC(314) ParOldGen: 8670207K(8670208K)->8670204K(8670208K)
[108.582s][info][gc,metaspace   ] GC(314) Metaspace: 6299K(6464K)->6299K(6464K) NonClass: 5765K(5824K)->5765K(5824K) Class: 533K(640K)->533K(640K)
[108.582s][info][gc             ] GC(314) Pause Full (Ergonomics) 8579M->8579M(8986M) 4139.754ms
[108.582s][info][gc,cpu         ] GC(314) User=30.72s Sys=0.08s Real=4.14s
[108.583s][info][gc,heap,exit   ] Heap
[108.583s][info][gc,heap,exit   ]  PSYoungGen      total 531968K, used 114749K [0x00000006f7700000, 0x0000000735080000, 0x0000000800000000)
[108.583s][info][gc,heap,exit   ]   eden space 81408K, 100% used [0x00000006f7700000,0x00000006fc680000,0x00000006fc680000)
[108.583s][info][gc,heap,exit   ]   from space 450560K, 7% used [0x0000000718680000,0x000000071a70f528,0x0000000733e80000)
[108.583s][info][gc,heap,exit   ]   to   space 458752K, 0% used [0x00000006fc680000,0x00000006fc680000,0x0000000718680000)
[108.583s][info][gc,heap,exit   ]  ParOldGen       total 8670208K, used 8670205K [0x00000004e6400000, 0x00000006f7700000, 0x00000006f7700000)
[108.583s][info][gc,heap,exit   ]   object space 8670208K, 99% used [0x00000004e6400000,0x00000006f76ff5c8,0x00000006f7700000)
[108.583s][info][gc,heap,exit   ]  Metaspace       used 6302K, committed 6464K, reserved 1114112K
[108.583s][info][gc,heap,exit   ]   class space    used 534K, committed 640K, reserved 1048576K
