[0.014s][info][gc,init] CardTable entry size: 512
[0.014s][info][gc     ] Using Parallel
[0.015s][info][gc,init] Version: 18.0.1+10 (release)
[0.015s][info][gc,init] CPUs: 8 total, 8 available
[0.015s][info][gc,init] Memory: 16063M
[0.015s][info][gc,init] Large Page Support: Disabled
[0.015s][info][gc,init] NUMA Support: Disabled
[0.015s][info][gc,init] Compressed Oops: Enabled (Zero based)
[0.015s][info][gc,init] Alignments: Space 512K, Generation 512K, Heap 2M
[0.015s][info][gc,init] Heap Min Capacity: 2M
[0.015s][info][gc,init] Heap Initial Capacity: 2M
[0.015s][info][gc,init] Heap Max Capacity: 17200M
[0.016s][info][gc,init] Pre-touch: Disabled
[0.016s][info][gc,init] Parallel Workers: 8
[0.016s][info][gc,metaspace] CDS archive(s) not mapped
[0.016s][info][gc,metaspace] Compressed class space mapped at: 0x0000000800000000-0x0000000840000000, reserved size: 1073741824
[0.016s][info][gc,metaspace] Narrow klass base: 0x0000000800000000, Narrow klass shift: 0, Narrow klass range: 0x40000000
[0.115s][info][gc,start    ] GC(0) Pause Young (Allocation Failure)
[0.116s][info][gc,heap     ] GC(0) PSYoungGen: 512K(1024K)->480K(1024K) Eden: 512K(512K)->0K(512K) From: 0K(512K)->480K(512K)
[0.116s][info][gc,heap     ] GC(0) ParOldGen: 0K(512K)->8K(512K)
[0.116s][info][gc,metaspace] GC(0) Metaspace: 4229K(4352K)->4229K(4352K) NonClass: 3908K(3968K)->3908K(3968K) Class: 321K(384K)->321K(384K)
[0.116s][info][gc          ] GC(0) Pause Young (Allocation Failure) 0M->0M(1M) 1.248ms
[0.117s][info][gc,cpu      ] GC(0) User=0.02s Sys=0.00s Real=0.00s
[0.175s][info][gc,start    ] GC(1) Pause Young (Allocation Failure)
[0.176s][info][gc,heap     ] GC(1) PSYoungGen: 991K(1024K)->512K(1536K) Eden: 511K(512K)->0K(1024K) From: 480K(512K)->512K(512K)
[0.176s][info][gc,heap     ] GC(1) ParOldGen: 8K(512K)->88K(512K)
[0.176s][info][gc,metaspace] GC(1) Metaspace: 5881K(6016K)->5881K(6016K) NonClass: 5384K(5504K)->5384K(5504K) Class: 496K(512K)->496K(512K)
[0.176s][info][gc          ] GC(1) Pause Young (Allocation Failure) 0M->0M(2M) 0.919ms
[0.176s][info][gc,cpu      ] GC(1) User=0.00s Sys=0.00s Real=0.00s
[0.196s][info][gc,start    ] GC(2) Pause Young (Allocation Failure)
[0.197s][info][gc,heap     ] GC(2) PSYoungGen: 1536K(1536K)->512K(1536K) Eden: 1024K(1024K)->0K(1024K) From: 512K(512K)->512K(512K)
[0.197s][info][gc,heap     ] GC(2) ParOldGen: 88K(512K)->512K(1024K)
[0.197s][info][gc,metaspace] GC(2) Metaspace: 6299K(6464K)->6299K(6464K) NonClass: 5765K(5824K)->5765K(5824K) Class: 533K(640K)->533K(640K)
[0.197s][info][gc          ] GC(2) Pause Young (Allocation Failure) 1M->1M(2M) 1.223ms
[0.197s][info][gc,cpu      ] GC(2) User=0.00s Sys=0.00s Real=0.00s
[0.198s][info][gc,start    ] GC(3) Pause Young (Allocation Failure)
[0.199s][info][gc,heap     ] GC(3) PSYoungGen: 1536K(1536K)->480K(2560K) Eden: 1024K(1024K)->0K(2048K) From: 512K(512K)->480K(512K)
[0.199s][info][gc,heap     ] GC(3) ParOldGen: 512K(1024K)->1080K(1536K)
[0.199s][info][gc,metaspace] GC(3) Metaspace: 6299K(6464K)->6299K(6464K) NonClass: 5765K(5824K)->5765K(5824K) Class: 533K(640K)->533K(640K)
[0.199s][info][gc          ] GC(3) Pause Young (Allocation Failure) 2M->1M(4M) 1.301ms
[0.200s][info][gc,cpu      ] GC(3) User=0.00s Sys=0.00s Real=0.00s
[0.200s][info][gc,start    ] GC(4) Pause Full (Ergonomics)
[0.200s][info][gc,phases,start] GC(4) Marking Phase
[0.201s][info][gc,phases      ] GC(4) Marking Phase 1.239ms
[0.201s][info][gc,phases,start] GC(4) Summary Phase
[0.201s][info][gc,phases      ] GC(4) Summary Phase 0.015ms
[0.201s][info][gc,phases,start] GC(4) Adjust Roots
[0.201s][info][gc,phases      ] GC(4) Adjust Roots 0.387ms
[0.201s][info][gc,phases,start] GC(4) Compaction Phase
[0.204s][info][gc,phases      ] GC(4) Compaction Phase 2.296ms
[0.204s][info][gc,phases,start] GC(4) Post Compact
[0.204s][info][gc,phases      ] GC(4) Post Compact 0.068ms
[0.204s][info][gc,heap        ] GC(4) PSYoungGen: 480K(2560K)->0K(2560K) Eden: 0K(2048K)->0K(2048K) From: 480K(512K)->0K(512K)
[0.204s][info][gc,heap        ] GC(4) ParOldGen: 1080K(1536K)->1496K(3584K)
[0.204s][info][gc,metaspace   ] GC(4) Metaspace: 6299K(6464K)->6299K(6464K) NonClass: 5765K(5824K)->5765K(5824K) Class: 533K(640K)->533K(640K)
[0.204s][info][gc             ] GC(4) Pause Full (Ergonomics) 1M->1M(6M) 4.362ms
[0.204s][info][gc,cpu         ] GC(4) User=0.00s Sys=0.00s Real=0.00s
[0.207s][info][gc,start       ] GC(5) Pause Young (Allocation Failure)
[0.208s][info][gc,heap        ] GC(5) PSYoungGen: 2048K(2560K)->480K(3584K) Eden: 2048K(2048K)->0K(3072K) From: 0K(512K)->480K(512K)
[0.208s][info][gc,heap        ] GC(5) ParOldGen: 1496K(3584K)->2112K(3584K)
[0.208s][info][gc,metaspace   ] GC(5) Metaspace: 6299K(6464K)->6299K(6464K) NonClass: 5765K(5824K)->5765K(5824K) Class: 533K(640K)->533K(640K)
[0.208s][info][gc             ] GC(5) Pause Young (Allocation Failure) 3M->2M(7M) 1.655ms
[0.208s][info][gc,cpu         ] GC(5) User=0.00s Sys=0.00s Real=0.00s
[0.212s][info][gc,start       ] GC(6) Pause Young (Allocation Failure)
[0.215s][info][gc,heap        ] GC(6) PSYoungGen: 3552K(3584K)->1504K(4608K) Eden: 3072K(3072K)->0K(3072K) From: 480K(512K)->1504K(1536K)
[0.215s][info][gc,heap        ] GC(6) ParOldGen: 2112K(3584K)->2688K(3584K)
[0.215s][info][gc,metaspace   ] GC(6) Metaspace: 6299K(6464K)->6299K(6464K) NonClass: 5765K(5824K)->5765K(5824K) Class: 533K(640K)->533K(640K)
[0.215s][info][gc             ] GC(6) Pause Young (Allocation Failure) 5M->4M(8M) 2.280ms
[0.215s][info][gc,cpu         ] GC(6) User=0.00s Sys=0.00s Real=0.00s
[0.215s][info][gc,start       ] GC(7) Pause Full (Ergonomics)
[0.215s][info][gc,phases,start] GC(7) Marking Phase
[0.217s][info][gc,phases      ] GC(7) Marking Phase 2.193ms
[0.217s][info][gc,phases,start] GC(7) Summary Phase
[0.217s][info][gc,phases      ] GC(7) Summary Phase 0.015ms
[0.217s][info][gc,phases,start] GC(7) Adjust Roots
[0.217s][info][gc,phases      ] GC(7) Adjust Roots 0.342ms
[0.217s][info][gc,phases,start] GC(7) Compaction Phase
[0.221s][info][gc,phases      ] GC(7) Compaction Phase 3.538ms
[0.221s][info][gc,phases,start] GC(7) Post Compact
[0.221s][info][gc,phases      ] GC(7) Post Compact 0.030ms
[0.221s][info][gc,heap        ] GC(7) PSYoungGen: 1504K(4608K)->990K(4608K) Eden: 0K(3072K)->0K(3072K) From: 1504K(1536K)->990K(1536K)
[0.221s][info][gc,heap        ] GC(7) ParOldGen: 2688K(3584K)->3127K(6144K)
[0.221s][info][gc,metaspace   ] GC(7) Metaspace: 6299K(6464K)->6299K(6464K) NonClass: 5765K(5824K)->5765K(5824K) Class: 533K(640K)->533K(640K)
[0.221s][info][gc             ] GC(7) Pause Full (Ergonomics) 4M->4M(10M) 6.504ms
[0.221s][info][gc,cpu         ] GC(7) User=0.00s Sys=0.00s Real=0.01s
[0.226s][info][gc,start       ] GC(8) Pause Young (Allocation Failure)
[0.229s][info][gc,heap        ] GC(8) PSYoungGen: 4062K(4608K)->2016K(5632K) Eden: 3072K(3072K)->0K(3584K) From: 990K(1536K)->2016K(2048K)
[0.229s][info][gc,heap        ] GC(8) ParOldGen: 3127K(6144K)->3703K(6144K)
[0.229s][info][gc,metaspace   ] GC(8) Metaspace: 6299K(6464K)->6299K(6464K) NonClass: 5765K(5824K)->5765K(5824K) Class: 533K(640K)->533K(640K)
[0.229s][info][gc             ] GC(8) Pause Young (Allocation Failure) 7M->5M(11M) 2.991ms
[0.229s][info][gc,cpu         ] GC(8) User=0.00s Sys=0.00s Real=0.00s
[0.234s][info][gc,start       ] GC(9) Pause Young (Allocation Failure)
[0.238s][info][gc,heap        ] GC(9) PSYoungGen: 5600K(5632K)->3040K(6656K) Eden: 3584K(3584K)->0K(3584K) From: 2016K(2048K)->3040K(3072K)
[0.238s][info][gc,heap        ] GC(9) ParOldGen: 3703K(6144K)->4543K(6144K)
[0.238s][info][gc,metaspace   ] GC(9) Metaspace: 6299K(6464K)->6299K(6464K) NonClass: 5765K(5824K)->5765K(5824K) Class: 533K(640K)->533K(640K)
[0.239s][info][gc             ] GC(9) Pause Young (Allocation Failure) 9M->7M(12M) 4.099ms
[0.239s][info][gc,cpu         ] GC(9) User=0.00s Sys=0.00s Real=0.00s
[0.242s][info][gc,start       ] GC(10) Pause Young (Allocation Failure)
[0.246s][info][gc,heap        ] GC(10) PSYoungGen: 6624K(6656K)->4064K(8704K) Eden: 3584K(3584K)->0K(4608K) From: 3040K(3072K)->4064K(4096K)
[0.246s][info][gc,heap        ] GC(10) ParOldGen: 4543K(6144K)->5391K(6144K)
[0.246s][info][gc,metaspace   ] GC(10) Metaspace: 6299K(6464K)->6299K(6464K) NonClass: 5765K(5824K)->5765K(5824K) Class: 533K(640K)->533K(640K)
[0.246s][info][gc             ] GC(10) Pause Young (Allocation Failure) 10M->9M(14M) 4.384ms
[0.246s][info][gc,cpu         ] GC(10) User=0.00s Sys=0.00s Real=0.00s
[0.246s][info][gc,start       ] GC(11) Pause Full (Ergonomics)
[0.246s][info][gc,phases,start] GC(11) Marking Phase
[0.251s][info][gc,phases      ] GC(11) Marking Phase 4.490ms
[0.251s][info][gc,phases,start] GC(11) Summary Phase
[0.251s][info][gc,phases      ] GC(11) Summary Phase 0.014ms
[0.251s][info][gc,phases,start] GC(11) Adjust Roots
[0.251s][info][gc,phases      ] GC(11) Adjust Roots 0.173ms
[0.251s][info][gc,phases,start] GC(11) Compaction Phase
[0.256s][info][gc,phases      ] GC(11) Compaction Phase 4.620ms
[0.256s][info][gc,phases,start] GC(11) Post Compact
[0.256s][info][gc,phases      ] GC(11) Post Compact 0.044ms
[0.256s][info][gc,heap        ] GC(11) PSYoungGen: 4064K(8704K)->3545K(8704K) Eden: 0K(4608K)->0K(4608K) From: 4064K(4096K)->3545K(4096K)
[0.256s][info][gc,heap        ] GC(11) ParOldGen: 5391K(6144K)->5831K(10240K)
[0.256s][info][gc,metaspace   ] GC(11) Metaspace: 6299K(6464K)->6299K(6464K) NonClass: 5765K(5824K)->5765K(5824K) Class: 533K(640K)->533K(640K)
[0.256s][info][gc             ] GC(11) Pause Full (Ergonomics) 9M->9M(18M) 9.652ms
[0.256s][info][gc,cpu         ] GC(11) User=0.00s Sys=0.00s Real=0.01s
[0.260s][info][gc,start       ] GC(12) Pause Young (Allocation Failure)
[0.265s][info][gc,heap        ] GC(12) PSYoungGen: 8013K(8704K)->3968K(9728K) Eden: 4468K(4608K)->0K(4608K) From: 3545K(4096K)->3968K(5120K)
[0.265s][info][gc,heap        ] GC(12) ParOldGen: 5831K(10240K)->7775K(10240K)
[0.265s][info][gc,metaspace   ] GC(12) Metaspace: 6299K(6464K)->6299K(6464K) NonClass: 5765K(5824K)->5765K(5824K) Class: 533K(640K)->533K(640K)
[0.265s][info][gc             ] GC(12) Pause Young (Allocation Failure) 13M->11M(19M) 4.296ms
[0.265s][info][gc,cpu         ] GC(12) User=0.00s Sys=0.00s Real=0.00s
[0.270s][info][gc,start       ] GC(13) Pause Young (Allocation Failure)
[0.275s][info][gc,heap        ] GC(13) PSYoungGen: 8576K(9728K)->2656K(11264K) Eden: 4608K(4608K)->0K(6656K) From: 3968K(5120K)->2656K(4608K)
[0.276s][info][gc,heap        ] GC(13) ParOldGen: 7775K(10240K)->11775K(11776K)
[0.276s][info][gc,metaspace   ] GC(13) Metaspace: 6299K(6464K)->6299K(6464K) NonClass: 5765K(5824K)->5765K(5824K) Class: 533K(640K)->533K(640K)
[0.276s][info][gc             ] GC(13) Pause Young (Allocation Failure) 15M->14M(22M) 5.857ms
[0.276s][info][gc,cpu         ] GC(13) User=0.00s Sys=0.00s Real=0.01s
[0.276s][info][gc,start       ] GC(14) Pause Full (Ergonomics)
[0.276s][info][gc,phases,start] GC(14) Marking Phase
[0.282s][info][gc,phases      ] GC(14) Marking Phase 6.425ms
[0.282s][info][gc,phases,start] GC(14) Summary Phase
[0.282s][info][gc,phases      ] GC(14) Summary Phase 0.015ms
[0.282s][info][gc,phases,start] GC(14) Adjust Roots
[0.282s][info][gc,phases      ] GC(14) Adjust Roots 0.162ms
[0.282s][info][gc,phases,start] GC(14) Compaction Phase
[0.288s][info][gc,phases      ] GC(14) Compaction Phase 5.140ms
[0.288s][info][gc,phases,start] GC(14) Post Compact
[0.288s][info][gc,phases      ] GC(14) Post Compact 0.060ms
[0.288s][info][gc,heap        ] GC(14) PSYoungGen: 2656K(11264K)->2621K(11776K) Eden: 0K(6656K)->0K(7168K) From: 2656K(4608K)->2621K(4608K)
[0.288s][info][gc,heap        ] GC(14) ParOldGen: 11775K(11776K)->11415K(18432K)
[0.288s][info][gc,metaspace   ] GC(14) Metaspace: 6299K(6464K)->6299K(6464K) NonClass: 5765K(5824K)->5765K(5824K) Class: 533K(640K)->533K(640K)
[0.288s][info][gc             ] GC(14) Pause Full (Ergonomics) 14M->13M(29M) 12.121ms
[0.288s][info][gc,cpu         ] GC(14) User=0.00s Sys=0.00s Real=0.01s
[0.293s][info][gc,start       ] GC(15) Pause Young (Allocation Failure)
[0.298s][info][gc,heap        ] GC(15) PSYoungGen: 9789K(11776K)->3680K(12288K) Eden: 7168K(7168K)->0K(7168K) From: 2621K(4608K)->3680K(5120K)
[0.298s][info][gc,heap        ] GC(15) ParOldGen: 11415K(18432K)->14079K(18432K)
[0.298s][info][gc,metaspace   ] GC(15) Metaspace: 6300K(6464K)->6300K(6464K) NonClass: 5767K(5824K)->5767K(5824K) Class: 533K(640K)->533K(640K)
[0.298s][info][gc             ] GC(15) Pause Young (Allocation Failure) 20M->17M(30M) 5.204ms
[0.298s][info][gc,cpu         ] GC(15) User=0.00s Sys=0.00s Real=0.01s
[0.303s][info][gc,start       ] GC(16) Pause Young (Allocation Failure)
[0.309s][info][gc,heap        ] GC(16) PSYoungGen: 10848K(12288K)->3744K(15360K) Eden: 7168K(7168K)->0K(9728K) From: 3680K(5120K)->3744K(5632K)
[0.309s][info][gc,heap        ] GC(16) ParOldGen: 14079K(18432K)->17807K(18432K)
[0.309s][info][gc,metaspace   ] GC(16) Metaspace: 6300K(6464K)->6300K(6464K) NonClass: 5767K(5824K)->5767K(5824K) Class: 533K(640K)->533K(640K)
[0.309s][info][gc             ] GC(16) Pause Young (Allocation Failure) 24M->21M(33M) 6.571ms
[0.310s][info][gc,cpu         ] GC(16) User=0.00s Sys=0.00s Real=0.01s
[0.310s][info][gc,start       ] GC(17) Pause Full (Ergonomics)
[0.310s][info][gc,phases,start] GC(17) Marking Phase
[0.319s][info][gc,phases      ] GC(17) Marking Phase 9.323ms
[0.319s][info][gc,phases,start] GC(17) Summary Phase
[0.319s][info][gc,phases      ] GC(17) Summary Phase 0.013ms
[0.319s][info][gc,phases,start] GC(17) Adjust Roots
[0.319s][info][gc,phases      ] GC(17) Adjust Roots 0.222ms
[0.319s][info][gc,phases,start] GC(17) Compaction Phase
[0.327s][info][gc,phases      ] GC(17) Compaction Phase 7.831ms
[0.327s][info][gc,phases,start] GC(17) Post Compact
[0.327s][info][gc,phases      ] GC(17) Post Compact 0.093ms
[0.327s][info][gc,heap        ] GC(17) PSYoungGen: 3744K(15360K)->3189K(15360K) Eden: 0K(9728K)->0K(9728K) From: 3744K(5632K)->3189K(5632K)
[0.327s][info][gc,heap        ] GC(17) ParOldGen: 17807K(18432K)->18211K(27648K)
[0.327s][info][gc,metaspace   ] GC(17) Metaspace: 6300K(6464K)->6300K(6464K) NonClass: 5767K(5824K)->5767K(5824K) Class: 533K(640K)->533K(640K)
[0.327s][info][gc             ] GC(17) Pause Full (Ergonomics) 21M->20M(42M) 17.804ms
[0.327s][info][gc,cpu         ] GC(17) User=0.00s Sys=0.00s Real=0.02s
[0.338s][info][gc,start       ] GC(18) Pause Young (Allocation Failure)
[0.346s][info][gc,heap        ] GC(18) PSYoungGen: 12917K(15360K)->5568K(15360K) Eden: 9728K(9728K)->0K(9728K) From: 3189K(5632K)->5568K(5632K)
[0.346s][info][gc,heap        ] GC(18) ParOldGen: 18211K(27648K)->21459K(27648K)
[0.346s][info][gc,metaspace   ] GC(18) Metaspace: 6300K(6464K)->6300K(6464K) NonClass: 5767K(5824K)->5767K(5824K) Class: 533K(640K)->533K(640K)
[0.346s][info][gc             ] GC(18) Pause Young (Allocation Failure) 30M->26M(42M) 7.927ms
[0.346s][info][gc,cpu         ] GC(18) User=0.00s Sys=0.00s Real=0.01s
[0.353s][info][gc,start       ] GC(19) Pause Young (Allocation Failure)
[0.362s][info][gc,heap        ] GC(19) PSYoungGen: 15296K(15360K)->5056K(19456K) Eden: 9728K(9728K)->0K(12800K) From: 5568K(5632K)->5056K(6656K)
[0.362s][info][gc,heap        ] GC(19) ParOldGen: 21459K(27648K)->27059K(27648K)
[0.362s][info][gc,metaspace   ] GC(19) Metaspace: 6300K(6464K)->6300K(6464K) NonClass: 5767K(5824K)->5767K(5824K) Class: 533K(640K)->533K(640K)
[0.362s][info][gc             ] GC(19) Pause Young (Allocation Failure) 35M->31M(46M) 8.824ms
[0.362s][info][gc,cpu         ] GC(19) User=0.00s Sys=0.00s Real=0.01s
[0.362s][info][gc,start       ] GC(20) Pause Full (Ergonomics)
[0.362s][info][gc,phases,start] GC(20) Marking Phase
[0.375s][info][gc,phases      ] GC(20) Marking Phase 13.341ms
[0.375s][info][gc,phases,start] GC(20) Summary Phase
[0.375s][info][gc,phases      ] GC(20) Summary Phase 0.016ms
[0.375s][info][gc,phases,start] GC(20) Adjust Roots
[0.375s][info][gc,phases      ] GC(20) Adjust Roots 0.175ms
[0.375s][info][gc,phases,start] GC(20) Compaction Phase
[0.387s][info][gc,phases      ] GC(20) Compaction Phase 11.620ms
[0.387s][info][gc,phases,start] GC(20) Post Compact
[0.387s][info][gc,phases      ] GC(20) Post Compact 0.115ms
[0.387s][info][gc,heap        ] GC(20) PSYoungGen: 5056K(19456K)->4003K(19456K) Eden: 0K(12800K)->0K(12800K) From: 5056K(6656K)->4003K(6656K)
[0.387s][info][gc,heap        ] GC(20) ParOldGen: 27059K(27648K)->27431K(39424K)
[0.387s][info][gc,metaspace   ] GC(20) Metaspace: 6300K(6464K)->6300K(6464K) NonClass: 5767K(5824K)->5767K(5824K) Class: 533K(640K)->533K(640K)
[0.387s][info][gc             ] GC(20) Pause Full (Ergonomics) 31M->30M(57M) 25.675ms
[0.388s][info][gc,cpu         ] GC(20) User=0.00s Sys=0.00s Real=0.03s
[0.399s][info][gc,start       ] GC(21) Pause Young (Allocation Failure)
[0.411s][info][gc,heap        ] GC(21) PSYoungGen: 16803K(19456K)->7168K(19968K) Eden: 12800K(12800K)->0K(12800K) From: 4003K(6656K)->7168K(7168K)
[0.412s][info][gc,heap        ] GC(21) ParOldGen: 27431K(39424K)->35647K(39424K)
[0.412s][info][gc,metaspace   ] GC(21) Metaspace: 6300K(6464K)->6300K(6464K) NonClass: 5767K(5824K)->5767K(5824K) Class: 533K(640K)->533K(640K)
[0.412s][info][gc             ] GC(21) Pause Young (Allocation Failure) 43M->41M(58M) 12.675ms
[0.412s][info][gc,cpu         ] GC(21) User=0.00s Sys=0.00s Real=0.01s
[0.412s][info][gc,start       ] GC(22) Pause Full (Ergonomics)
[0.412s][info][gc,phases,start] GC(22) Marking Phase
[0.430s][info][gc,phases      ] GC(22) Marking Phase 18.694ms
[0.430s][info][gc,phases,start] GC(22) Summary Phase
[0.430s][info][gc,phases      ] GC(22) Summary Phase 0.014ms
[0.430s][info][gc,phases,start] GC(22) Adjust Roots
[0.431s][info][gc,phases      ] GC(22) Adjust Roots 0.150ms
[0.431s][info][gc,phases,start] GC(22) Compaction Phase
[0.442s][info][gc,phases      ] GC(22) Compaction Phase 11.735ms
[0.442s][info][gc,phases,start] GC(22) Post Compact
[0.443s][info][gc,phases      ] GC(22) Post Compact 0.178ms
[0.443s][info][gc,heap        ] GC(22) PSYoungGen: 7168K(19968K)->3577K(19968K) Eden: 0K(12800K)->0K(12800K) From: 7168K(7168K)->3577K(7168K)
[0.443s][info][gc,heap        ] GC(22) ParOldGen: 35647K(39424K)->39086K(54784K)
[0.443s][info][gc,metaspace   ] GC(22) Metaspace: 6300K(6464K)->6300K(6464K) NonClass: 5767K(5824K)->5767K(5824K) Class: 533K(640K)->533K(640K)
[0.443s][info][gc             ] GC(22) Pause Full (Ergonomics) 41M->41M(73M) 31.358ms
[0.443s][info][gc,cpu         ] GC(22) User=0.02s Sys=0.00s Real=0.03s
[0.458s][info][gc,start       ] GC(23) Pause Young (Allocation Failure)
[0.473s][info][gc,heap        ] GC(23) PSYoungGen: 16377K(19968K)->11232K(22528K) Eden: 12800K(12800K)->0K(11264K) From: 3577K(7168K)->11232K(11264K)
[0.473s][info][gc,heap        ] GC(23) ParOldGen: 39086K(54784K)->44310K(54784K)
[0.473s][info][gc,metaspace   ] GC(23) Metaspace: 6300K(6464K)->6300K(6464K) NonClass: 5767K(5824K)->5767K(5824K) Class: 533K(640K)->533K(640K)
[0.473s][info][gc             ] GC(23) Pause Young (Allocation Failure) 54M->54M(75M) 14.829ms
[0.473s][info][gc,cpu         ] GC(23) User=0.00s Sys=0.00s Real=0.02s
[0.485s][info][gc,start       ] GC(24) Pause Young (Allocation Failure)
[0.501s][info][gc,heap        ] GC(24) PSYoungGen: 22496K(22528K)->11296K(26624K) Eden: 11264K(11264K)->0K(11264K) From: 11232K(11264K)->11296K(15360K)
[0.501s][info][gc,heap        ] GC(24) ParOldGen: 44310K(54784K)->55678K(55808K)
[0.501s][info][gc,metaspace   ] GC(24) Metaspace: 6300K(6464K)->6300K(6464K) NonClass: 5767K(5824K)->5767K(5824K) Class: 533K(640K)->533K(640K)
[0.501s][info][gc             ] GC(24) Pause Young (Allocation Failure) 65M->65M(80M) 15.848ms
[0.501s][info][gc,cpu         ] GC(24) User=0.02s Sys=0.00s Real=0.02s
[0.501s][info][gc,start       ] GC(25) Pause Full (Ergonomics)
[0.501s][info][gc,phases,start] GC(25) Marking Phase
[0.528s][info][gc,phases      ] GC(25) Marking Phase 26.680ms
[0.528s][info][gc,phases,start] GC(25) Summary Phase
[0.528s][info][gc,phases      ] GC(25) Summary Phase 0.015ms
[0.528s][info][gc,phases,start] GC(25) Adjust Roots
[0.528s][info][gc,phases      ] GC(25) Adjust Roots 0.147ms
[0.528s][info][gc,phases,start] GC(25) Compaction Phase
[0.549s][info][gc,phases      ] GC(25) Compaction Phase 21.388ms
[0.549s][info][gc,phases,start] GC(25) Post Compact
[0.550s][info][gc,phases      ] GC(25) Post Compact 0.204ms
[0.550s][info][gc,heap        ] GC(25) PSYoungGen: 11296K(26624K)->10212K(26624K) Eden: 0K(11264K)->0K(11264K) From: 11296K(15360K)->10212K(15360K)
[0.550s][info][gc,heap        ] GC(25) ParOldGen: 55678K(55808K)->55435K(75776K)
[0.550s][info][gc,metaspace   ] GC(25) Metaspace: 6300K(6464K)->6300K(6464K) NonClass: 5767K(5824K)->5767K(5824K) Class: 533K(640K)->533K(640K)
[0.550s][info][gc             ] GC(25) Pause Full (Ergonomics) 65M->64M(100M) 48.872ms
[0.550s][info][gc,cpu         ] GC(25) User=0.06s Sys=0.00s Real=0.05s
[0.562s][info][gc,start       ] GC(26) Pause Young (Allocation Failure)
[0.581s][info][gc,heap        ] GC(26) PSYoungGen: 21476K(26624K)->11264K(29184K) Eden: 11264K(11264K)->0K(12800K) From: 10212K(15360K)->11264K(16384K)
[0.581s][info][gc,heap        ] GC(26) ParOldGen: 55435K(75776K)->65819K(75776K)
[0.581s][info][gc,metaspace   ] GC(26) Metaspace: 6300K(6464K)->6300K(6464K) NonClass: 5767K(5824K)->5767K(5824K) Class: 533K(640K)->533K(640K)
[0.581s][info][gc             ] GC(26) Pause Young (Allocation Failure) 75M->75M(102M) 18.787ms
[0.581s][info][gc,cpu         ] GC(26) User=0.02s Sys=0.02s Real=0.02s
[0.581s][info][gc,start       ] GC(27) Pause Full (Ergonomics)
[0.581s][info][gc,phases,start] GC(27) Marking Phase
[0.614s][info][gc,phases      ] GC(27) Marking Phase 32.828ms
[0.614s][info][gc,phases,start] GC(27) Summary Phase
[0.614s][info][gc,phases      ] GC(27) Summary Phase 0.017ms
[0.614s][info][gc,phases,start] GC(27) Adjust Roots
[0.614s][info][gc,phases      ] GC(27) Adjust Roots 0.154ms
[0.614s][info][gc,phases,start] GC(27) Compaction Phase
[0.632s][info][gc,phases      ] GC(27) Compaction Phase 18.414ms
[0.632s][info][gc,phases,start] GC(27) Post Compact
[0.633s][info][gc,phases      ] GC(27) Post Compact 0.510ms
[0.633s][info][gc,heap        ] GC(27) PSYoungGen: 11264K(29184K)->1520K(29184K) Eden: 0K(12800K)->0K(12800K) From: 11264K(16384K)->1520K(16384K)
[0.633s][info][gc,heap        ] GC(27) ParOldGen: 65819K(75776K)->75357K(98816K)
[0.633s][info][gc,metaspace   ] GC(27) Metaspace: 6300K(6464K)->6300K(6464K) NonClass: 5767K(5824K)->5767K(5824K) Class: 533K(640K)->533K(640K)
[0.633s][info][gc             ] GC(27) Pause Full (Ergonomics) 75M->75M(125M) 52.523ms
[0.633s][info][gc,cpu         ] GC(27) User=0.05s Sys=0.02s Real=0.05s
[0.646s][info][gc,start       ] GC(28) Pause Young (Allocation Failure)
[0.659s][info][gc,heap        ] GC(28) PSYoungGen: 13520K(29184K)->13440K(30208K) Eden: 12000K(12800K)->0K(12800K) From: 1520K(16384K)->13440K(17408K)
[0.659s][info][gc,heap        ] GC(28) ParOldGen: 75357K(98816K)->75357K(98816K)
[0.659s][info][gc,metaspace   ] GC(28) Metaspace: 6300K(6464K)->6300K(6464K) NonClass: 5767K(5824K)->5767K(5824K) Class: 533K(640K)->533K(640K)
[0.659s][info][gc             ] GC(28) Pause Young (Allocation Failure) 86M->86M(126M) 13.343ms
[0.659s][info][gc,cpu         ] GC(28) User=0.00s Sys=0.00s Real=0.01s
[0.679s][info][gc,start       ] GC(29) Pause Young (Allocation Failure)
[0.695s][info][gc,heap        ] GC(29) PSYoungGen: 26240K(30208K)->18912K(28160K) Eden: 12800K(12800K)->0K(9216K) From: 13440K(17408K)->18912K(18944K)
[0.695s][info][gc,heap        ] GC(29) ParOldGen: 75357K(98816K)->82757K(98816K)
[0.695s][info][gc,metaspace   ] GC(29) Metaspace: 6300K(6464K)->6300K(6464K) NonClass: 5767K(5824K)->5767K(5824K) Class: 533K(640K)->533K(640K)
[0.695s][info][gc             ] GC(29) Pause Young (Allocation Failure) 99M->99M(124M) 16.661ms
[0.695s][info][gc,cpu         ] GC(29) User=0.06s Sys=0.00s Real=0.02s
[0.704s][info][gc,start       ] GC(30) Pause Young (Allocation Failure)
[0.720s][info][gc,heap        ] GC(30) PSYoungGen: 28128K(28160K)->18144K(33792K) Eden: 9216K(9216K)->0K(9216K) From: 18912K(18944K)->18144K(24576K)
[0.720s][info][gc,heap        ] GC(30) ParOldGen: 82757K(98816K)->92909K(98816K)
[0.720s][info][gc,metaspace   ] GC(30) Metaspace: 6300K(6464K)->6300K(6464K) NonClass: 5767K(5824K)->5767K(5824K) Class: 533K(640K)->533K(640K)
[0.720s][info][gc             ] GC(30) Pause Young (Allocation Failure) 108M->108M(129M) 16.272ms
[0.720s][info][gc,cpu         ] GC(30) User=0.00s Sys=0.00s Real=0.02s
[0.720s][info][gc,start       ] GC(31) Pause Full (Ergonomics)
[0.720s][info][gc,phases,start] GC(31) Marking Phase
[0.751s][info][gc,phases      ] GC(31) Marking Phase 30.372ms
[0.751s][info][gc,phases,start] GC(31) Summary Phase
[0.751s][info][gc,phases      ] GC(31) Summary Phase 0.020ms
[0.751s][info][gc,phases,start] GC(31) Adjust Roots
[0.751s][info][gc,phases      ] GC(31) Adjust Roots 0.149ms
[0.751s][info][gc,phases,start] GC(31) Compaction Phase
[0.776s][info][gc,phases      ] GC(31) Compaction Phase 24.940ms
[0.776s][info][gc,phases,start] GC(31) Post Compact
[0.776s][info][gc,phases      ] GC(31) Post Compact 0.386ms
[0.777s][info][gc,heap        ] GC(31) PSYoungGen: 18144K(33792K)->9901K(33792K) Eden: 0K(9216K)->0K(9216K) From: 18144K(24576K)->9901K(24576K)
[0.777s][info][gc,heap        ] GC(31) ParOldGen: 92909K(98816K)->98744K(125440K)
[0.777s][info][gc,metaspace   ] GC(31) Metaspace: 6300K(6464K)->6300K(6464K) NonClass: 5767K(5824K)->5767K(5824K) Class: 533K(640K)->533K(640K)
[0.777s][info][gc             ] GC(31) Pause Full (Ergonomics) 108M->106M(155M) 56.258ms
[0.777s][info][gc,cpu         ] GC(31) User=0.06s Sys=0.00s Real=0.06s
[0.786s][info][gc,start       ] GC(32) Pause Young (Allocation Failure)
[0.803s][info][gc,heap        ] GC(32) PSYoungGen: 19117K(33792K)->19168K(36352K) Eden: 9216K(9216K)->0K(9728K) From: 9901K(24576K)->19168K(26624K)
[0.803s][info][gc,heap        ] GC(32) ParOldGen: 98744K(125440K)->98744K(125440K)
[0.803s][info][gc,metaspace   ] GC(32) Metaspace: 6300K(6464K)->6300K(6464K) NonClass: 5767K(5824K)->5767K(5824K) Class: 533K(640K)->533K(640K)
[0.803s][info][gc             ] GC(32) Pause Young (Allocation Failure) 115M->115M(158M) 16.279ms
[0.803s][info][gc,cpu         ] GC(32) User=0.00s Sys=0.00s Real=0.02s
[0.813s][info][gc,start       ] GC(33) Pause Young (Allocation Failure)
[0.827s][info][gc,heap        ] GC(33) PSYoungGen: 28896K(36352K)->28160K(37888K) Eden: 9728K(9728K)->0K(9728K) From: 19168K(26624K)->28160K(28160K)
[0.827s][info][gc,heap        ] GC(33) ParOldGen: 98744K(125440K)->99448K(125440K)
[0.827s][info][gc,metaspace   ] GC(33) Metaspace: 6300K(6464K)->6300K(6464K) NonClass: 5767K(5824K)->5767K(5824K) Class: 533K(640K)->533K(640K)
[0.827s][info][gc             ] GC(33) Pause Young (Allocation Failure) 124M->124M(159M) 14.064ms
[0.827s][info][gc,cpu         ] GC(33) User=0.00s Sys=0.00s Real=0.01s
[0.836s][info][gc,start       ] GC(34) Pause Young (Allocation Failure)
[0.857s][info][gc,heap        ] GC(34) PSYoungGen: 37888K(37888K)->28064K(41472K) Eden: 9728K(9728K)->0K(8192K) From: 28160K(28160K)->28064K(33280K)
[0.857s][info][gc,heap        ] GC(34) ParOldGen: 99448K(125440K)->109456K(125440K)
[0.857s][info][gc,metaspace   ] GC(34) Metaspace: 6300K(6464K)->6300K(6464K) NonClass: 5767K(5824K)->5767K(5824K) Class: 533K(640K)->533K(640K)
[0.857s][info][gc             ] GC(34) Pause Young (Allocation Failure) 134M->134M(163M) 21.049ms
[0.857s][info][gc,cpu         ] GC(34) User=0.05s Sys=0.00s Real=0.02s
[0.866s][info][gc,start       ] GC(35) Pause Young (Allocation Failure)
[0.885s][info][gc,heap        ] GC(35) PSYoungGen: 36256K(41472K)->27488K(45056K) Eden: 8192K(8192K)->0K(8192K) From: 28064K(33280K)->27488K(36864K)
[0.885s][info][gc,heap        ] GC(35) ParOldGen: 109456K(125440K)->118304K(125440K)
[0.885s][info][gc,metaspace   ] GC(35) Metaspace: 6300K(6464K)->6300K(6464K) NonClass: 5767K(5824K)->5767K(5824K) Class: 533K(640K)->533K(640K)
[0.885s][info][gc             ] GC(35) Pause Young (Allocation Failure) 142M->142M(166M) 18.562ms
[0.885s][info][gc,cpu         ] GC(35) User=0.05s Sys=0.00s Real=0.02s
[0.885s][info][gc,start       ] GC(36) Pause Full (Ergonomics)
[0.885s][info][gc,phases,start] GC(36) Marking Phase
[0.923s][info][gc,phases      ] GC(36) Marking Phase 37.244ms
[0.923s][info][gc,phases,start] GC(36) Summary Phase
[0.923s][info][gc,phases      ] GC(36) Summary Phase 0.026ms
[0.923s][info][gc,phases,start] GC(36) Adjust Roots
[0.923s][info][gc,phases      ] GC(36) Adjust Roots 0.170ms
[0.923s][info][gc,phases,start] GC(36) Compaction Phase
[0.944s][info][gc,phases      ] GC(36) Compaction Phase 21.550ms
[0.944s][info][gc,phases,start] GC(36) Post Compact
[0.945s][info][gc,phases      ] GC(36) Post Compact 0.796ms
[0.945s][info][gc,heap        ] GC(36) PSYoungGen: 27488K(45056K)->20265K(45056K) Eden: 0K(8192K)->0K(8192K) From: 27488K(36864K)->20265K(36864K)
[0.946s][info][gc,heap        ] GC(36) ParOldGen: 118304K(125440K)->125121K(154624K)
[0.946s][info][gc,metaspace   ] GC(36) Metaspace: 6300K(6464K)->6300K(6464K) NonClass: 5767K(5824K)->5767K(5824K) Class: 533K(640K)->533K(640K)
[0.946s][info][gc             ] GC(36) Pause Full (Ergonomics) 142M->141M(195M) 60.288ms
[0.946s][info][gc,cpu         ] GC(36) User=0.19s Sys=0.00s Real=0.06s
[0.955s][info][gc,start       ] GC(37) Pause Young (Allocation Failure)
[0.976s][info][gc,heap        ] GC(37) PSYoungGen: 28457K(45056K)->14432K(45056K) Eden: 8192K(8192K)->0K(9728K) From: 20265K(36864K)->14432K(35328K)
[0.976s][info][gc,heap        ] GC(37) ParOldGen: 125121K(154624K)->139441K(154624K)
[0.976s][info][gc,metaspace   ] GC(37) Metaspace: 6300K(6464K)->6300K(6464K) NonClass: 5767K(5824K)->5767K(5824K) Class: 533K(640K)->533K(640K)
[0.976s][info][gc             ] GC(37) Pause Young (Allocation Failure) 149M->150M(195M) 21.054ms
[0.976s][info][gc,cpu         ] GC(37) User=0.05s Sys=0.00s Real=0.02s
[0.976s][info][gc,start       ] GC(38) Pause Full (Ergonomics)
[0.976s][info][gc,phases,start] GC(38) Marking Phase
[1.021s][info][gc,phases      ] GC(38) Marking Phase 44.901ms
[1.021s][info][gc,phases,start] GC(38) Summary Phase
[1.021s][info][gc,phases      ] GC(38) Summary Phase 0.018ms
[1.021s][info][gc,phases,start] GC(38) Adjust Roots
[1.021s][info][gc,phases      ] GC(38) Adjust Roots 0.199ms
[1.021s][info][gc,phases,start] GC(38) Compaction Phase
[1.043s][info][gc,phases      ] GC(38) Compaction Phase 21.734ms
[1.043s][info][gc,phases,start] GC(38) Post Compact
[1.044s][info][gc,phases      ] GC(38) Post Compact 0.926ms
[1.044s][info][gc,heap        ] GC(38) PSYoungGen: 14432K(45056K)->0K(47104K) Eden: 0K(9728K)->0K(9728K) From: 14432K(35328K)->0K(37376K)
[1.044s][info][gc,heap        ] GC(38) ParOldGen: 139441K(154624K)->153547K(187392K)
[1.044s][info][gc,metaspace   ] GC(38) Metaspace: 6300K(6464K)->6300K(6464K) NonClass: 5767K(5824K)->5767K(5824K) Class: 533K(640K)->533K(640K)
[1.044s][info][gc             ] GC(38) Pause Full (Ergonomics) 150M->149M(229M) 68.282ms
[1.044s][info][gc,cpu         ] GC(38) User=0.16s Sys=0.00s Real=0.07s
[1.055s][info][gc,start       ] GC(39) Pause Young (Allocation Failure)
[1.062s][info][gc,heap        ] GC(39) PSYoungGen: 9728K(47104K)->9760K(46592K) Eden: 9728K(9728K)->0K(11264K) From: 0K(37376K)->9760K(35328K)
[1.062s][info][gc,heap        ] GC(39) ParOldGen: 153547K(187392K)->153547K(187392K)
[1.062s][info][gc,metaspace   ] GC(39) Metaspace: 6300K(6464K)->6300K(6464K) NonClass: 5767K(5824K)->5767K(5824K) Class: 533K(640K)->533K(640K)
[1.062s][info][gc             ] GC(39) Pause Young (Allocation Failure) 159M->159M(228M) 6.759ms
[1.062s][info][gc,cpu         ] GC(39) User=0.00s Sys=0.00s Real=0.01s
[1.075s][info][gc,start       ] GC(40) Pause Young (Allocation Failure)
[1.087s][info][gc,heap        ] GC(40) PSYoungGen: 21024K(46592K)->21024K(47616K) Eden: 11264K(11264K)->0K(11264K) From: 9760K(35328K)->21024K(36352K)
[1.087s][info][gc,heap        ] GC(40) ParOldGen: 153547K(187392K)->153547K(187392K)
[1.087s][info][gc,metaspace   ] GC(40) Metaspace: 6300K(6464K)->6300K(6464K) NonClass: 5767K(5824K)->5767K(5824K) Class: 533K(640K)->533K(640K)
[1.087s][info][gc             ] GC(40) Pause Young (Allocation Failure) 170M->170M(229M) 12.386ms
[1.087s][info][gc,cpu         ] GC(40) User=0.02s Sys=0.00s Real=0.01s
[1.121s][info][gc,start       ] GC(41) Pause Young (Allocation Failure)
[1.144s][info][gc,heap        ] GC(41) PSYoungGen: 32288K(47616K)->32288K(45568K) Eden: 11264K(11264K)->0K(9216K) From: 21024K(36352K)->32288K(36352K)
[1.144s][info][gc,heap        ] GC(41) ParOldGen: 153547K(187392K)->153547K(187392K)
[1.144s][info][gc,metaspace   ] GC(41) Metaspace: 6300K(6464K)->6300K(6464K) NonClass: 5767K(5824K)->5767K(5824K) Class: 533K(640K)->533K(640K)
[1.144s][info][gc             ] GC(41) Pause Young (Allocation Failure) 181M->181M(227M) 23.146ms
[1.144s][info][gc,cpu         ] GC(41) User=0.00s Sys=0.00s Real=0.02s
[1.153s][info][gc,start       ] GC(42) Pause Young (Allocation Failure)
[1.172s][info][gc,heap        ] GC(42) PSYoungGen: 41504K(45568K)->40416K(49664K) Eden: 9216K(9216K)->0K(9216K) From: 32288K(36352K)->40416K(40448K)
[1.172s][info][gc,heap        ] GC(42) ParOldGen: 153547K(187392K)->154651K(187392K)
[1.172s][info][gc,metaspace   ] GC(42) Metaspace: 6300K(6464K)->6300K(6464K) NonClass: 5767K(5824K)->5767K(5824K) Class: 533K(640K)->533K(640K)
[1.172s][info][gc             ] GC(42) Pause Young (Allocation Failure) 190M->190M(231M) 18.948ms
[1.172s][info][gc,cpu         ] GC(42) User=0.00s Sys=0.00s Real=0.02s
[1.181s][info][gc,start       ] GC(43) Pause Young (Allocation Failure)
[1.205s][info][gc,heap        ] GC(43) PSYoungGen: 49632K(49664K)->40352K(52736K) Eden: 9216K(9216K)->0K(5632K) From: 40416K(40448K)->40352K(47104K)
[1.205s][info][gc,heap        ] GC(43) ParOldGen: 154651K(187392K)->164115K(187392K)
[1.205s][info][gc,metaspace   ] GC(43) Metaspace: 6300K(6464K)->6300K(6464K) NonClass: 5767K(5824K)->5767K(5824K) Class: 533K(640K)->533K(640K)
[1.205s][info][gc             ] GC(43) Pause Young (Allocation Failure) 199M->199M(234M) 23.521ms
[1.205s][info][gc,cpu         ] GC(43) User=0.00s Sys=0.00s Real=0.02s
[1.210s][info][gc,start       ] GC(44) Pause Young (Allocation Failure)
[1.232s][info][gc,heap        ] GC(44) PSYoungGen: 45984K(52736K)->35328K(57856K) Eden: 5632K(5632K)->0K(5632K) From: 40352K(47104K)->35328K(52224K)
[1.232s][info][gc,heap        ] GC(44) ParOldGen: 164115K(187392K)->174835K(187392K)
[1.232s][info][gc,metaspace   ] GC(44) Metaspace: 6300K(6464K)->6300K(6464K) NonClass: 5767K(5824K)->5767K(5824K) Class: 533K(640K)->533K(640K)
[1.232s][info][gc             ] GC(44) Pause Young (Allocation Failure) 205M->205M(239M) 21.413ms
[1.232s][info][gc,cpu         ] GC(44) User=0.00s Sys=0.00s Real=0.02s
[1.232s][info][gc,start       ] GC(45) Pause Full (Ergonomics)
[1.232s][info][gc,phases,start] GC(45) Marking Phase
[1.282s][info][gc,phases      ] GC(45) Marking Phase 49.943ms
[1.282s][info][gc,phases,start] GC(45) Summary Phase
[1.282s][info][gc,phases      ] GC(45) Summary Phase 0.017ms
[1.282s][info][gc,phases,start] GC(45) Adjust Roots
[1.282s][info][gc,phases      ] GC(45) Adjust Roots 0.161ms
[1.282s][info][gc,phases,start] GC(45) Compaction Phase
[1.322s][info][gc,phases      ] GC(45) Compaction Phase 39.412ms
[1.322s][info][gc,phases,start] GC(45) Post Compact
[1.323s][info][gc,phases      ] GC(45) Post Compact 0.843ms
[1.323s][info][gc,heap        ] GC(45) PSYoungGen: 35328K(57856K)->18341K(57856K) Eden: 0K(5632K)->0K(5632K) From: 35328K(52224K)->18341K(52224K)
[1.323s][info][gc,heap        ] GC(45) ParOldGen: 174835K(187392K)->187259K(223232K)
[1.323s][info][gc,metaspace   ] GC(45) Metaspace: 6300K(6464K)->6300K(6464K) NonClass: 5767K(5824K)->5767K(5824K) Class: 533K(640K)->533K(640K)
[1.323s][info][gc             ] GC(45) Pause Full (Ergonomics) 205M->200M(274M) 90.860ms
[1.323s][info][gc,cpu         ] GC(45) User=0.31s Sys=0.00s Real=0.09s
[1.330s][info][gc,start       ] GC(46) Pause Young (Allocation Failure)
[1.349s][info][gc,heap        ] GC(46) PSYoungGen: 23973K(57856K)->15488K(56832K) Eden: 5632K(5632K)->0K(6656K) From: 18341K(52224K)->15488K(50176K)
[1.349s][info][gc,heap        ] GC(46) ParOldGen: 187259K(223232K)->195995K(223232K)
[1.349s][info][gc,metaspace   ] GC(46) Metaspace: 6300K(6464K)->6300K(6464K) NonClass: 5767K(5824K)->5767K(5824K) Class: 533K(640K)->533K(640K)
[1.349s][info][gc             ] GC(46) Pause Young (Allocation Failure) 206M->206M(273M) 18.803ms
[1.349s][info][gc,cpu         ] GC(46) User=0.09s Sys=0.00s Real=0.02s
[1.355s][info][gc,start       ] GC(47) Pause Young (Allocation Failure)
[1.367s][info][gc,heap        ] GC(47) PSYoungGen: 22144K(56832K)->16096K(23040K) Eden: 6656K(6656K)->0K(6656K) From: 15488K(50176K)->16096K(16384K)
[1.367s][info][gc,heap        ] GC(47) ParOldGen: 195995K(223232K)->202107K(223232K)
[1.367s][info][gc,metaspace   ] GC(47) Metaspace: 6300K(6464K)->6300K(6464K) NonClass: 5767K(5824K)->5767K(5824K) Class: 533K(640K)->533K(640K)
[1.367s][info][gc             ] GC(47) Pause Young (Allocation Failure) 213M->213M(240M) 11.393ms
[1.367s][info][gc,cpu         ] GC(47) User=0.00s Sys=0.00s Real=0.01s
[1.374s][info][gc,start       ] GC(48) Pause Young (Allocation Failure)
[1.386s][info][gc,heap        ] GC(48) PSYoungGen: 22752K(23040K)->13344K(56320K) Eden: 6656K(6656K)->0K(8192K) From: 16096K(16384K)->13344K(48128K)
[1.386s][info][gc,heap        ] GC(48) ParOldGen: 202107K(223232K)->211603K(223232K)
[1.386s][info][gc,metaspace   ] GC(48) Metaspace: 6300K(6464K)->6300K(6464K) NonClass: 5767K(5824K)->5767K(5824K) Class: 533K(640K)->533K(640K)
[1.386s][info][gc             ] GC(48) Pause Young (Allocation Failure) 219M->219M(273M) 11.841ms
[1.386s][info][gc,cpu         ] GC(48) User=0.00s Sys=0.00s Real=0.01s
[1.386s][info][gc,start       ] GC(49) Pause Full (Ergonomics)
[1.386s][info][gc,phases,start] GC(49) Marking Phase
[1.440s][info][gc,phases      ] GC(49) Marking Phase 54.189ms
[1.440s][info][gc,phases,start] GC(49) Summary Phase
[1.440s][info][gc,phases      ] GC(49) Summary Phase 0.017ms
[1.440s][info][gc,phases,start] GC(49) Adjust Roots
[1.440s][info][gc,phases      ] GC(49) Adjust Roots 0.138ms
[1.440s][info][gc,phases,start] GC(49) Compaction Phase
[1.465s][info][gc,phases      ] GC(49) Compaction Phase 24.331ms
[1.465s][info][gc,phases,start] GC(49) Post Compact
[1.466s][info][gc,phases      ] GC(49) Post Compact 1.019ms
[1.466s][info][gc,heap        ] GC(49) PSYoungGen: 13344K(56320K)->1501K(57344K) Eden: 0K(8192K)->0K(9216K) From: 13344K(48128K)->1501K(48128K)
[1.466s][info][gc,heap        ] GC(49) ParOldGen: 211603K(223232K)->222953K(260608K)
[1.466s][info][gc,metaspace   ] GC(49) Metaspace: 6300K(6464K)->6300K(6464K) NonClass: 5767K(5824K)->5767K(5824K) Class: 533K(640K)->533K(640K)
[1.466s][info][gc             ] GC(49) Pause Full (Ergonomics) 219M->219M(310M) 80.206ms
[1.466s][info][gc,cpu         ] GC(49) User=0.31s Sys=0.00s Real=0.08s
[1.477s][info][gc,start       ] GC(50) Pause Young (Allocation Failure)
[1.492s][info][gc,heap        ] GC(50) PSYoungGen: 10717K(57344K)->9312K(58368K) Eden: 9216K(9216K)->0K(9216K) From: 1501K(48128K)->9312K(49152K)
[1.492s][info][gc,heap        ] GC(50) ParOldGen: 222953K(260608K)->224505K(260608K)
[1.492s][info][gc,metaspace   ] GC(50) Metaspace: 6300K(6464K)->6300K(6464K) NonClass: 5767K(5824K)->5767K(5824K) Class: 533K(640K)->533K(640K)
[1.492s][info][gc             ] GC(50) Pause Young (Allocation Failure) 228M->228M(311M) 15.782ms
[1.492s][info][gc,cpu         ] GC(50) User=0.02s Sys=0.00s Real=0.02s
[1.503s][info][gc,start       ] GC(51) Pause Young (Allocation Failure)
[1.514s][info][gc,heap        ] GC(51) PSYoungGen: 18528K(58368K)->9344K(56832K) Eden: 9216K(9216K)->0K(10752K) From: 9312K(49152K)->9344K(46080K)
[1.514s][info][gc,heap        ] GC(51) ParOldGen: 224505K(260608K)->233857K(260608K)
[1.514s][info][gc,metaspace   ] GC(51) Metaspace: 6300K(6464K)->6300K(6464K) NonClass: 5767K(5824K)->5767K(5824K) Class: 533K(640K)->533K(640K)
[1.514s][info][gc             ] GC(51) Pause Young (Allocation Failure) 237M->237M(310M) 10.659ms
[1.514s][info][gc,cpu         ] GC(51) User=0.02s Sys=0.00s Real=0.01s
[1.526s][info][gc,start       ] GC(52) Pause Young (Allocation Failure)
[1.537s][info][gc,heap        ] GC(52) PSYoungGen: 20096K(56832K)->10816K(57856K) Eden: 10752K(10752K)->0K(10752K) From: 9344K(46080K)->10816K(47104K)
[1.537s][info][gc,heap        ] GC(52) ParOldGen: 233857K(260608K)->243209K(260608K)
[1.537s][info][gc,metaspace   ] GC(52) Metaspace: 6300K(6464K)->6300K(6464K) NonClass: 5767K(5824K)->5767K(5824K) Class: 533K(640K)->533K(640K)
[1.537s][info][gc             ] GC(52) Pause Young (Allocation Failure) 248M->248M(311M) 11.005ms
[1.537s][info][gc,cpu         ] GC(52) User=0.00s Sys=0.00s Real=0.01s
[1.549s][info][gc,start       ] GC(53) Pause Young (Allocation Failure)
[1.562s][info][gc,heap        ] GC(53) PSYoungGen: 21568K(57856K)->10880K(54784K) Eden: 10752K(10752K)->0K(12288K) From: 10816K(47104K)->10880K(42496K)
[1.562s][info][gc,heap        ] GC(53) ParOldGen: 243209K(260608K)->254113K(260608K)
[1.562s][info][gc,metaspace   ] GC(53) Metaspace: 6300K(6464K)->6300K(6464K) NonClass: 5767K(5824K)->5767K(5824K) Class: 533K(640K)->533K(640K)
[1.562s][info][gc             ] GC(53) Pause Young (Allocation Failure) 258M->258M(308M) 12.450ms
[1.562s][info][gc,cpu         ] GC(53) User=0.02s Sys=0.00s Real=0.01s
[1.562s][info][gc,start       ] GC(54) Pause Full (Ergonomics)
[1.562s][info][gc,phases,start] GC(54) Marking Phase
[1.623s][info][gc,phases      ] GC(54) Marking Phase 61.339ms
[1.623s][info][gc,phases,start] GC(54) Summary Phase
[1.623s][info][gc,phases      ] GC(54) Summary Phase 0.018ms
[1.623s][info][gc,phases,start] GC(54) Adjust Roots
[1.623s][info][gc,phases      ] GC(54) Adjust Roots 0.148ms
[1.623s][info][gc,phases,start] GC(54) Compaction Phase
[1.649s][info][gc,phases      ] GC(54) Compaction Phase 26.069ms
[1.649s][info][gc,phases,start] GC(54) Post Compact
[1.651s][info][gc,phases      ] GC(54) Post Compact 1.152ms
[1.651s][info][gc,heap        ] GC(54) PSYoungGen: 10880K(54784K)->4079K(56320K) Eden: 0K(12288K)->0K(13824K) From: 10880K(42496K)->4079K(42496K)
[1.651s][info][gc,heap        ] GC(54) ParOldGen: 254113K(260608K)->260186K(301056K)
[1.651s][info][gc,metaspace   ] GC(54) Metaspace: 6300K(6464K)->6300K(6464K) NonClass: 5767K(5824K)->5767K(5824K) Class: 533K(640K)->533K(640K)
[1.651s][info][gc             ] GC(54) Pause Full (Ergonomics) 258M->258M(349M) 89.216ms
[1.651s][info][gc,cpu         ] GC(54) User=0.39s Sys=0.00s Real=0.09s
[1.666s][info][gc,start       ] GC(55) Pause Young (Allocation Failure)
[1.685s][info][gc,heap        ] GC(55) PSYoungGen: 17903K(56320K)->13920K(28160K) Eden: 13824K(13824K)->0K(13824K) From: 4079K(42496K)->13920K(14336K)
[1.685s][info][gc,heap        ] GC(55) ParOldGen: 260186K(301056K)->264346K(301056K)
[1.685s][info][gc,metaspace   ] GC(55) Metaspace: 6300K(6464K)->6300K(6464K) NonClass: 5767K(5824K)->5767K(5824K) Class: 533K(640K)->533K(640K)
[1.685s][info][gc             ] GC(55) Pause Young (Allocation Failure) 271M->271M(321M) 19.843ms
[1.685s][info][gc,cpu         ] GC(55) User=0.12s Sys=0.00s Real=0.02s
[1.701s][info][gc,start       ] GC(56) Pause Young (Allocation Failure)
[1.715s][info][gc,heap        ] GC(56) PSYoungGen: 27744K(28160K)->27744K(55808K) Eden: 13824K(13824K)->0K(13824K) From: 13920K(14336K)->27744K(41984K)
[1.716s][info][gc,heap        ] GC(56) ParOldGen: 264346K(301056K)->264346K(301056K)
[1.716s][info][gc,metaspace   ] GC(56) Metaspace: 6300K(6464K)->6300K(6464K) NonClass: 5767K(5824K)->5767K(5824K) Class: 533K(640K)->533K(640K)
[1.716s][info][gc             ] GC(56) Pause Young (Allocation Failure) 285M->285M(348M) 14.326ms
[1.716s][info][gc,cpu         ] GC(56) User=0.00s Sys=0.00s Real=0.01s
[1.730s][info][gc,start       ] GC(57) Pause Young (Allocation Failure)
[1.751s][info][gc,heap        ] GC(57) PSYoungGen: 41568K(55808K)->41600K(57344K) Eden: 13824K(13824K)->0K(13824K) From: 27744K(41984K)->41600K(43520K)
[1.751s][info][gc,heap        ] GC(57) ParOldGen: 264346K(301056K)->264346K(301056K)
[1.751s][info][gc,metaspace   ] GC(57) Metaspace: 6300K(6464K)->6300K(6464K) NonClass: 5767K(5824K)->5767K(5824K) Class: 533K(640K)->533K(640K)
[1.751s][info][gc             ] GC(57) Pause Young (Allocation Failure) 298M->298M(350M) 20.434ms
[1.751s][info][gc,cpu         ] GC(57) User=0.12s Sys=0.00s Real=0.02s
[1.766s][info][gc,start       ] GC(58) Pause Young (Allocation Failure)
[1.792s][info][gc,heap        ] GC(58) PSYoungGen: 55424K(57344K)->41600K(59904K) Eden: 13824K(13824K)->0K(10240K) From: 41600K(43520K)->41600K(49664K)
[1.792s][info][gc,heap        ] GC(58) ParOldGen: 264346K(301056K)->278362K(301056K)
[1.792s][info][gc,metaspace   ] GC(58) Metaspace: 6300K(6464K)->6300K(6464K) NonClass: 5767K(5824K)->5767K(5824K) Class: 533K(640K)->533K(640K)
[1.792s][info][gc             ] GC(58) Pause Young (Allocation Failure) 312M->312M(352M) 26.072ms
[1.792s][info][gc,cpu         ] GC(58) User=0.14s Sys=0.00s Real=0.03s
[1.804s][info][gc,start       ] GC(59) Pause Young (Allocation Failure)
[1.828s][info][gc,heap        ] GC(59) PSYoungGen: 51840K(59904K)->37984K(65024K) Eden: 10240K(10240K)->0K(10240K) From: 41600K(49664K)->37984K(54784K)
[1.828s][info][gc,heap        ] GC(59) ParOldGen: 278362K(301056K)->292378K(301056K)
[1.828s][info][gc,metaspace   ] GC(59) Metaspace: 6300K(6464K)->6300K(6464K) NonClass: 5767K(5824K)->5767K(5824K) Class: 533K(640K)->533K(640K)
[1.828s][info][gc             ] GC(59) Pause Young (Allocation Failure) 322M->322M(357M) 23.590ms
[1.828s][info][gc,cpu         ] GC(59) User=0.11s Sys=0.02s Real=0.02s
[1.828s][info][gc,start       ] GC(60) Pause Full (Ergonomics)
[1.828s][info][gc,phases,start] GC(60) Marking Phase
[1.899s][info][gc,phases      ] GC(60) Marking Phase 70.970ms
[1.899s][info][gc,phases,start] GC(60) Summary Phase
[1.899s][info][gc,phases      ] GC(60) Summary Phase 0.019ms
[1.899s][info][gc,phases,start] GC(60) Adjust Roots
[1.899s][info][gc,phases      ] GC(60) Adjust Roots 0.177ms
[1.899s][info][gc,phases,start] GC(60) Compaction Phase
[1.949s][info][gc,phases      ] GC(60) Compaction Phase 49.103ms
[1.949s][info][gc,phases,start] GC(60) Post Compact
[1.951s][info][gc,phases      ] GC(60) Post Compact 2.007ms
[1.951s][info][gc,heap        ] GC(60) PSYoungGen: 37984K(65024K)->28600K(65024K) Eden: 0K(10240K)->0K(10240K) From: 37984K(54784K)->28600K(54784K)
[1.951s][info][gc,heap        ] GC(60) ParOldGen: 292378K(301056K)->301049K(346624K)
[1.951s][info][gc,metaspace   ] GC(60) Metaspace: 6300K(6464K)->6300K(6464K) NonClass: 5767K(5824K)->5767K(5824K) Class: 533K(640K)->533K(640K)
[1.951s][info][gc             ] GC(60) Pause Full (Ergonomics) 322M->321M(402M) 123.004ms
[1.951s][info][gc,cpu         ] GC(60) User=0.66s Sys=0.02s Real=0.12s
[1.965s][info][gc,start       ] GC(61) Pause Young (Allocation Failure)
[1.998s][info][gc,heap        ] GC(61) PSYoungGen: 38840K(65024K)->18176K(64000K) Eden: 10240K(10240K)->0K(11776K) From: 28600K(54784K)->18176K(52224K)
[1.998s][info][gc,heap        ] GC(61) ParOldGen: 301049K(346624K)->322185K(346624K)
[1.998s][info][gc,metaspace   ] GC(61) Metaspace: 6300K(6464K)->6300K(6464K) NonClass: 5767K(5824K)->5767K(5824K) Class: 533K(640K)->533K(640K)
[1.998s][info][gc             ] GC(61) Pause Young (Allocation Failure) 331M->332M(401M) 32.507ms
[1.998s][info][gc,cpu         ] GC(61) User=0.11s Sys=0.00s Real=0.03s
[2.013s][info][gc,start       ] GC(62) Pause Young (Allocation Failure)
[2.033s][info][gc,heap        ] GC(62) PSYoungGen: 29952K(64000K)->22112K(34304K) Eden: 11776K(11776K)->0K(11776K) From: 18176K(52224K)->22112K(22528K)
[2.033s][info][gc,heap        ] GC(62) ParOldGen: 322185K(346624K)->330129K(346624K)
[2.033s][info][gc,metaspace   ] GC(62) Metaspace: 6300K(6464K)->6300K(6464K) NonClass: 5767K(5824K)->5767K(5824K) Class: 533K(640K)->533K(640K)
[2.033s][info][gc             ] GC(62) Pause Young (Allocation Failure) 343M->343M(372M) 19.951ms
[2.033s][info][gc,cpu         ] GC(62) User=0.05s Sys=0.02s Real=0.02s
[2.033s][info][gc,start       ] GC(63) Pause Full (Ergonomics)
[2.033s][info][gc,phases,start] GC(63) Marking Phase
[2.118s][info][gc,phases      ] GC(63) Marking Phase 85.477ms
[2.118s][info][gc,phases,start] GC(63) Summary Phase
[2.118s][info][gc,phases      ] GC(63) Summary Phase 0.025ms
[2.118s][info][gc,phases,start] GC(63) Adjust Roots
[2.119s][info][gc,phases      ] GC(63) Adjust Roots 0.223ms
[2.119s][info][gc,phases,start] GC(63) Compaction Phase
[2.157s][info][gc,phases      ] GC(63) Compaction Phase 38.050ms
[2.157s][info][gc,phases,start] GC(63) Post Compact
[2.159s][info][gc,phases      ] GC(63) Post Compact 2.542ms
[2.160s][info][gc,heap        ] GC(63) PSYoungGen: 22112K(34304K)->5094K(34304K) Eden: 0K(11776K)->0K(11776K) From: 22112K(22528K)->5094K(22528K)
[2.160s][info][gc,heap        ] GC(63) ParOldGen: 330129K(346624K)->346511K(397824K)
[2.160s][info][gc,metaspace   ] GC(63) Metaspace: 6300K(6464K)->6300K(6464K) NonClass: 5767K(5824K)->5767K(5824K) Class: 533K(640K)->533K(640K)
[2.160s][info][gc             ] GC(63) Pause Full (Ergonomics) 343M->343M(422M) 126.962ms
[2.160s][info][gc,cpu         ] GC(63) User=0.70s Sys=0.00s Real=0.13s
[2.241s][info][gc,start       ] GC(64) Pause Young (Allocation Failure)
[2.266s][info][gc,heap        ] GC(64) PSYoungGen: 16870K(34304K)->14752K(62464K) Eden: 11776K(11776K)->0K(13312K) From: 5094K(22528K)->14752K(49152K)
[2.266s][info][gc,heap        ] GC(64) ParOldGen: 362895K(397824K)->365207K(397824K)
[2.266s][info][gc,metaspace   ] GC(64) Metaspace: 6300K(6464K)->6300K(6464K) NonClass: 5767K(5824K)->5767K(5824K) Class: 533K(640K)->533K(640K)
[2.266s][info][gc             ] GC(64) Pause Young (Allocation Failure) 370M->371M(449M) 25.302ms
[2.266s][info][gc,cpu         ] GC(64) User=0.08s Sys=0.00s Real=0.03s
[2.279s][info][gc,start       ] GC(65) Pause Young (Allocation Failure)
[2.296s][info][gc,heap        ] GC(65) PSYoungGen: 28064K(62464K)->28096K(64000K) Eden: 13312K(13312K)->0K(13312K) From: 14752K(49152K)->28096K(50688K)
[2.296s][info][gc,heap        ] GC(65) ParOldGen: 365207K(397824K)->365207K(397824K)
[2.296s][info][gc,metaspace   ] GC(65) Metaspace: 6300K(6464K)->6300K(6464K) NonClass: 5767K(5824K)->5767K(5824K) Class: 533K(640K)->533K(640K)
[2.296s][info][gc             ] GC(65) Pause Young (Allocation Failure) 384M->384M(451M) 16.588ms
[2.296s][info][gc,cpu         ] GC(65) User=0.00s Sys=0.00s Real=0.02s
[2.309s][info][gc,start       ] GC(66) Pause Young (Allocation Failure)
[2.330s][info][gc,heap        ] GC(66) PSYoungGen: 41408K(64000K)->41376K(60928K) Eden: 13312K(13312K)->0K(10752K) From: 28096K(50688K)->41376K(50176K)
[2.330s][info][gc,heap        ] GC(66) ParOldGen: 365207K(397824K)->365207K(397824K)
[2.330s][info][gc,metaspace   ] GC(66) Metaspace: 6300K(6464K)->6300K(6464K) NonClass: 5767K(5824K)->5767K(5824K) Class: 533K(640K)->533K(640K)
[2.330s][info][gc             ] GC(66) Pause Young (Allocation Failure) 397M->397M(448M) 21.235ms
[2.330s][info][gc,cpu         ] GC(66) User=0.02s Sys=0.00s Real=0.02s
[2.342s][info][gc,start       ] GC(67) Pause Young (Allocation Failure)
[2.368s][info][gc,heap        ] GC(67) PSYoungGen: 52128K(60928K)->49248K(65024K) Eden: 10752K(10752K)->0K(10752K) From: 41376K(50176K)->49248K(54272K)
[2.368s][info][gc,heap        ] GC(67) ParOldGen: 365207K(397824K)->368143K(397824K)
[2.368s][info][gc,metaspace   ] GC(67) Metaspace: 6300K(6464K)->6300K(6464K) NonClass: 5767K(5824K)->5767K(5824K) Class: 533K(640K)->533K(640K)
[2.368s][info][gc             ] GC(67) Pause Young (Allocation Failure) 407M->407M(452M) 26.115ms
[2.368s][info][gc,cpu         ] GC(67) User=0.05s Sys=0.00s Real=0.03s
[2.381s][info][gc,start       ] GC(68) Pause Young (Allocation Failure)
[2.413s][info][gc,heap        ] GC(68) PSYoungGen: 60000K(65024K)->48256K(68608K) Eden: 10752K(10752K)->0K(8192K) From: 49248K(54272K)->48256K(60416K)
[2.413s][info][gc,heap        ] GC(68) ParOldGen: 368143K(397824K)->380103K(397824K)
[2.413s][info][gc,metaspace   ] GC(68) Metaspace: 6300K(6464K)->6300K(6464K) NonClass: 5767K(5824K)->5767K(5824K) Class: 533K(640K)->533K(640K)
[2.413s][info][gc             ] GC(68) Pause Young (Allocation Failure) 418M->418M(455M) 31.974ms
[2.413s][info][gc,cpu         ] GC(68) User=0.12s Sys=0.00s Real=0.03s
[2.413s][info][gc,start       ] GC(69) Pause Full (Ergonomics)
[2.413s][info][gc,phases,start] GC(69) Marking Phase
[2.511s][info][gc,phases      ] GC(69) Marking Phase 97.866ms
[2.511s][info][gc,phases,start] GC(69) Summary Phase
[2.511s][info][gc,phases      ] GC(69) Summary Phase 0.032ms
[2.511s][info][gc,phases,start] GC(69) Adjust Roots
[2.511s][info][gc,phases      ] GC(69) Adjust Roots 0.271ms
[2.511s][info][gc,phases,start] GC(69) Compaction Phase
[2.589s][info][gc,phases      ] GC(69) Compaction Phase 77.915ms
[2.589s][info][gc,phases,start] GC(69) Post Compact
[2.592s][info][gc,phases      ] GC(69) Post Compact 2.492ms
[2.592s][info][gc,heap        ] GC(69) PSYoungGen: 48256K(68608K)->21948K(68608K) Eden: 0K(8192K)->0K(8192K) From: 48256K(60416K)->21948K(60416K)
[2.592s][info][gc,heap        ] GC(69) ParOldGen: 380103K(397824K)->397601K(450048K)
[2.592s][info][gc,metaspace   ] GC(69) Metaspace: 6300K(6464K)->6300K(6464K) NonClass: 5767K(5824K)->5767K(5824K) Class: 533K(640K)->533K(640K)
[2.592s][info][gc             ] GC(69) Pause Full (Ergonomics) 418M->409M(506M) 179.218ms
[2.592s][info][gc,cpu         ] GC(69) User=1.05s Sys=0.02s Real=0.18s
[2.601s][info][gc,start       ] GC(70) Pause Young (Allocation Failure)
[2.631s][info][gc,heap        ] GC(70) PSYoungGen: 30140K(68608K)->17920K(26112K) Eden: 8192K(8192K)->0K(8192K) From: 21948K(60416K)->17920K(17920K)
[2.631s][info][gc,heap        ] GC(70) ParOldGen: 397601K(450048K)->410137K(450048K)
[2.631s][info][gc,metaspace   ] GC(70) Metaspace: 6300K(6464K)->6300K(6464K) NonClass: 5767K(5824K)->5767K(5824K) Class: 533K(640K)->533K(640K)
[2.631s][info][gc             ] GC(70) Pause Young (Allocation Failure) 417M->418M(465M) 30.212ms
[2.631s][info][gc,cpu         ] GC(70) User=0.09s Sys=0.00s Real=0.03s
[2.640s][info][gc,start       ] GC(71) Pause Young (Allocation Failure)
[2.653s][info][gc,heap        ] GC(71) PSYoungGen: 26112K(26112K)->22176K(69120K) Eden: 8192K(8192K)->0K(9728K) From: 17920K(17920K)->22176K(59392K)
[2.653s][info][gc,heap        ] GC(71) ParOldGen: 410137K(450048K)->414161K(450048K)
[2.653s][info][gc,metaspace   ] GC(71) Metaspace: 6300K(6464K)->6300K(6464K) NonClass: 5767K(5824K)->5767K(5824K) Class: 533K(640K)->533K(640K)
[2.653s][info][gc             ] GC(71) Pause Young (Allocation Failure) 426M->426M(507M) 13.757ms
[2.653s][info][gc,cpu         ] GC(71) User=0.02s Sys=0.00s Real=0.01s
[2.663s][info][gc,start       ] GC(72) Pause Young (Allocation Failure)
[2.679s][info][gc,heap        ] GC(72) PSYoungGen: 31904K(69120K)->26176K(36352K) Eden: 9728K(9728K)->0K(9728K) From: 22176K(59392K)->26176K(26624K)
[2.679s][info][gc,heap        ] GC(72) ParOldGen: 414161K(450048K)->419953K(450048K)
[2.679s][info][gc,metaspace   ] GC(72) Metaspace: 6300K(6464K)->6300K(6464K) NonClass: 5767K(5824K)->5767K(5824K) Class: 533K(640K)->533K(640K)
[2.679s][info][gc             ] GC(72) Pause Young (Allocation Failure) 435M->435M(475M) 16.053ms
[2.679s][info][gc,cpu         ] GC(72) User=0.00s Sys=0.02s Real=0.02s
[2.689s][info][gc,start       ] GC(73) Pause Young (Allocation Failure)
[2.707s][info][gc,heap        ] GC(73) PSYoungGen: 35904K(36352K)->19552K(65024K) Eden: 9728K(9728K)->0K(11264K) From: 26176K(26624K)->19552K(53760K)
[2.707s][info][gc,heap        ] GC(73) ParOldGen: 419953K(450048K)->436529K(450048K)
[2.707s][info][gc,metaspace   ] GC(73) Metaspace: 6300K(6464K)->6300K(6464K) NonClass: 5767K(5824K)->5767K(5824K) Class: 533K(640K)->533K(640K)
[2.707s][info][gc             ] GC(73) Pause Young (Allocation Failure) 445M->445M(503M) 18.333ms
[2.707s][info][gc,cpu         ] GC(73) User=0.11s Sys=0.00s Real=0.02s
[2.707s][info][gc,start       ] GC(74) Pause Full (Ergonomics)
[2.707s][info][gc,phases,start] GC(74) Marking Phase
[2.802s][info][gc,phases      ] GC(74) Marking Phase 94.442ms
[2.802s][info][gc,phases,start] GC(74) Summary Phase
[2.802s][info][gc,phases      ] GC(74) Summary Phase 0.021ms
[2.802s][info][gc,phases,start] GC(74) Adjust Roots
[2.802s][info][gc,phases      ] GC(74) Adjust Roots 0.161ms
[2.802s][info][gc,phases,start] GC(74) Compaction Phase
[2.850s][info][gc,phases      ] GC(74) Compaction Phase 47.867ms
[2.850s][info][gc,phases,start] GC(74) Post Compact
[2.853s][info][gc,phases      ] GC(74) Post Compact 2.441ms
[2.853s][info][gc,heap        ] GC(74) PSYoungGen: 19552K(65024K)->5602K(66560K) Eden: 0K(11264K)->0K(12800K) From: 19552K(53760K)->5602K(53760K)
[2.853s][info][gc,heap        ] GC(74) ParOldGen: 436529K(450048K)->449667K(506880K)
[2.853s][info][gc,metaspace   ] GC(74) Metaspace: 6300K(6464K)->6300K(6464K) NonClass: 5767K(5824K)->5767K(5824K) Class: 533K(640K)->533K(640K)
[2.853s][info][gc             ] GC(74) Pause Full (Ergonomics) 445M->444M(560M) 145.535ms
[2.853s][info][gc,cpu         ] GC(74) User=0.89s Sys=0.00s Real=0.14s
[2.867s][info][gc,start       ] GC(75) Pause Young (Allocation Failure)
[2.894s][info][gc,heap        ] GC(75) PSYoungGen: 18402K(66560K)->12896K(68608K) Eden: 12800K(12800K)->0K(12800K) From: 5602K(53760K)->12896K(55808K)
[2.894s][info][gc,heap        ] GC(75) ParOldGen: 449667K(506880K)->455355K(506880K)
[2.894s][info][gc,metaspace   ] GC(75) Metaspace: 6300K(6464K)->6300K(6464K) NonClass: 5767K(5824K)->5767K(5824K) Class: 533K(640K)->533K(640K)
[2.894s][info][gc             ] GC(75) Pause Young (Allocation Failure) 457M->457M(562M) 27.618ms
[2.894s][info][gc,cpu         ] GC(75) User=0.12s Sys=0.00s Real=0.03s
[2.909s][info][gc,start       ] GC(76) Pause Young (Allocation Failure)
[2.923s][info][gc,heap        ] GC(76) PSYoungGen: 25696K(68608K)->12896K(68608K) Eden: 12800K(12800K)->0K(14336K) From: 12896K(55808K)->12896K(54272K)
[2.923s][info][gc,heap        ] GC(76) ParOldGen: 455355K(506880K)->468331K(506880K)
[2.923s][info][gc,metaspace   ] GC(76) Metaspace: 6300K(6464K)->6300K(6464K) NonClass: 5767K(5824K)->5767K(5824K) Class: 533K(640K)->533K(640K)
[2.923s][info][gc             ] GC(76) Pause Young (Allocation Failure) 469M->469M(562M) 14.229ms
[2.923s][info][gc,cpu         ] GC(76) User=0.02s Sys=0.00s Real=0.01s
[2.939s][info][gc,start       ] GC(77) Pause Young (Allocation Failure)
[2.954s][info][gc,heap        ] GC(77) PSYoungGen: 27232K(68608K)->14464K(69120K) Eden: 14336K(14336K)->0K(14336K) From: 12896K(54272K)->14464K(54784K)
[2.954s][info][gc,heap        ] GC(77) ParOldGen: 468331K(506880K)->481307K(506880K)
[2.954s][info][gc,metaspace   ] GC(77) Metaspace: 6300K(6464K)->6300K(6464K) NonClass: 5767K(5824K)->5767K(5824K) Class: 533K(640K)->533K(640K)
[2.954s][info][gc             ] GC(77) Pause Young (Allocation Failure) 483M->484M(562M) 15.025ms
[2.954s][info][gc,cpu         ] GC(77) User=0.02s Sys=0.00s Real=0.01s
[2.970s][info][gc,start       ] GC(78) Pause Young (Allocation Failure)
[2.986s][info][gc,heap        ] GC(78) PSYoungGen: 28800K(69120K)->14464K(66048K) Eden: 14336K(14336K)->0K(15872K) From: 14464K(54784K)->14464K(50176K)
[2.986s][info][gc,heap        ] GC(78) ParOldGen: 481307K(506880K)->495843K(506880K)
[2.986s][info][gc,metaspace   ] GC(78) Metaspace: 6300K(6464K)->6300K(6464K) NonClass: 5767K(5824K)->5767K(5824K) Class: 533K(640K)->533K(640K)
[2.986s][info][gc             ] GC(78) Pause Young (Allocation Failure) 498M->498M(559M) 15.916ms
[2.986s][info][gc,cpu         ] GC(78) User=0.00s Sys=0.02s Real=0.02s
[2.986s][info][gc,start       ] GC(79) Pause Full (Ergonomics)
[2.986s][info][gc,phases,start] GC(79) Marking Phase
[3.098s][info][gc,phases      ] GC(79) Marking Phase 112.072ms
[3.098s][info][gc,phases,start] GC(79) Summary Phase
[3.098s][info][gc,phases      ] GC(79) Summary Phase 0.030ms
[3.098s][info][gc,phases,start] GC(79) Adjust Roots
[3.098s][info][gc,phases      ] GC(79) Adjust Roots 0.232ms
[3.098s][info][gc,phases,start] GC(79) Compaction Phase
[3.153s][info][gc,phases      ] GC(79) Compaction Phase 55.291ms
[3.154s][info][gc,phases,start] GC(79) Post Compact
[3.157s][info][gc,phases      ] GC(79) Post Compact 3.026ms
[3.157s][info][gc,heap        ] GC(79) PSYoungGen: 14464K(66048K)->2551K(67584K) Eden: 0K(15872K)->0K(17408K) From: 14464K(50176K)->2551K(50176K)
[3.157s][info][gc,heap        ] GC(79) ParOldGen: 495843K(506880K)->506862K(569344K)
[3.157s][info][gc,metaspace   ] GC(79) Metaspace: 6300K(6464K)->6300K(6464K) NonClass: 5767K(5824K)->5767K(5824K) Class: 533K(640K)->533K(640K)
[3.157s][info][gc             ] GC(79) Pause Full (Ergonomics) 498M->497M(622M) 171.311ms
[3.157s][info][gc,cpu         ] GC(79) User=1.03s Sys=0.02s Real=0.17s
[3.176s][info][gc,start       ] GC(80) Pause Young (Allocation Failure)
[3.208s][info][gc,heap        ] GC(80) PSYoungGen: 19959K(67584K)->17504K(69120K) Eden: 17408K(17408K)->0K(17408K) From: 2551K(50176K)->17504K(51712K)
[3.209s][info][gc,heap        ] GC(80) ParOldGen: 506862K(569344K)->509486K(569344K)
[3.209s][info][gc,metaspace   ] GC(80) Metaspace: 6300K(6464K)->6300K(6464K) NonClass: 5767K(5824K)->5767K(5824K) Class: 533K(640K)->533K(640K)
[3.209s][info][gc             ] GC(80) Pause Young (Allocation Failure) 514M->514M(623M) 32.379ms
[3.209s][info][gc,cpu         ] GC(80) User=0.14s Sys=0.00s Real=0.03s
[3.227s][info][gc,start       ] GC(81) Pause Young (Allocation Failure)
[3.247s][info][gc,heap        ] GC(81) PSYoungGen: 34912K(69120K)->34976K(67072K) Eden: 17408K(17408K)->0K(17408K) From: 17504K(51712K)->34976K(49664K)
[3.247s][info][gc,heap        ] GC(81) ParOldGen: 509486K(569344K)->509486K(569344K)
[3.247s][info][gc,metaspace   ] GC(81) Metaspace: 6300K(6464K)->6300K(6464K) NonClass: 5767K(5824K)->5767K(5824K) Class: 533K(640K)->533K(640K)
[3.247s][info][gc             ] GC(81) Pause Young (Allocation Failure) 531M->531M(621M) 19.377ms
[3.247s][info][gc,cpu         ] GC(81) User=0.12s Sys=0.00s Real=0.02s
[3.267s][info][gc,start       ] GC(82) Pause Young (Allocation Failure)
[3.294s][info][gc,heap        ] GC(82) PSYoungGen: 52384K(67072K)->51712K(69120K) Eden: 17408K(17408K)->0K(17408K) From: 34976K(49664K)->51712K(51712K)
[3.294s][info][gc,heap        ] GC(82) ParOldGen: 509486K(569344K)->510046K(569344K)
[3.294s][info][gc,metaspace   ] GC(82) Metaspace: 6300K(6464K)->6300K(6464K) NonClass: 5767K(5824K)->5767K(5824K) Class: 533K(640K)->533K(640K)
[3.294s][info][gc             ] GC(82) Pause Young (Allocation Failure) 548M->548M(623M) 26.652ms
[3.294s][info][gc,cpu         ] GC(82) User=0.14s Sys=0.00s Real=0.03s
[3.315s][info][gc,start       ] GC(83) Pause Young (Allocation Failure)
[3.349s][info][gc,heap        ] GC(83) PSYoungGen: 69120K(69120K)->34752K(78336K) Eden: 17408K(17408K)->0K(19456K) From: 51712K(51712K)->34752K(58880K)
[3.349s][info][gc,heap        ] GC(83) ParOldGen: 510046K(569344K)->544974K(569344K)
[3.349s][info][gc,metaspace   ] GC(83) Metaspace: 6300K(6464K)->6300K(6464K) NonClass: 5767K(5824K)->5767K(5824K) Class: 533K(640K)->533K(640K)
[3.349s][info][gc             ] GC(83) Pause Young (Allocation Failure) 565M->566M(632M) 34.960ms
[3.350s][info][gc,cpu         ] GC(83) User=0.19s Sys=0.02s Real=0.03s
[3.350s][info][gc,start       ] GC(84) Pause Full (Ergonomics)
[3.350s][info][gc,phases,start] GC(84) Marking Phase
[3.475s][info][gc,phases      ] GC(84) Marking Phase 125.841ms
[3.475s][info][gc,phases,start] GC(84) Summary Phase
[3.476s][info][gc,phases      ] GC(84) Summary Phase 0.032ms
[3.476s][info][gc,phases,start] GC(84) Adjust Roots
[3.476s][info][gc,phases      ] GC(84) Adjust Roots 0.260ms
[3.476s][info][gc,phases,start] GC(84) Compaction Phase
[3.531s][info][gc,phases      ] GC(84) Compaction Phase 55.607ms
[3.532s][info][gc,phases,start] GC(84) Post Compact
[3.533s][info][gc,phases      ] GC(84) Post Compact 1.379ms
[3.533s][info][gc,heap        ] GC(84) PSYoungGen: 34752K(78336K)->10031K(78848K) Eden: 0K(19456K)->0K(19968K) From: 34752K(58880K)->10031K(58880K)
[3.533s][info][gc,heap        ] GC(84) ParOldGen: 544974K(569344K)->568885K(643584K)
[3.533s][info][gc,metaspace   ] GC(84) Metaspace: 6300K(6464K)->6300K(6464K) NonClass: 5767K(5824K)->5767K(5824K) Class: 533K(640K)->533K(640K)
[3.533s][info][gc             ] GC(84) Pause Full (Ergonomics) 566M->565M(705M) 183.911ms
[3.534s][info][gc,cpu         ] GC(84) User=1.30s Sys=0.03s Real=0.18s
[3.556s][info][gc,start       ] GC(85) Pause Young (Allocation Failure)
[3.596s][info][gc,heap        ] GC(85) PSYoungGen: 29999K(78848K)->26688K(47104K) Eden: 19968K(19968K)->0K(19968K) From: 10031K(58880K)->26688K(27136K)
[3.596s][info][gc,heap        ] GC(85) ParOldGen: 568885K(643584K)->572397K(643584K)
[3.596s][info][gc,metaspace   ] GC(85) Metaspace: 6300K(6464K)->6300K(6464K) NonClass: 5767K(5824K)->5767K(5824K) Class: 533K(640K)->533K(640K)
[3.596s][info][gc             ] GC(85) Pause Young (Allocation Failure) 584M->585M(674M) 40.340ms
[3.596s][info][gc,cpu         ] GC(85) User=0.25s Sys=0.00s Real=0.04s
[3.621s][info][gc,start       ] GC(86) Pause Young (Allocation Failure)
[3.647s][info][gc,heap        ] GC(86) PSYoungGen: 46656K(47104K)->46688K(73728K) Eden: 19968K(19968K)->0K(17408K) From: 26688K(27136K)->46688K(56320K)
[3.647s][info][gc,heap        ] GC(86) ParOldGen: 572397K(643584K)->572397K(643584K)
[3.647s][info][gc,metaspace   ] GC(86) Metaspace: 6300K(6464K)->6300K(6464K) NonClass: 5767K(5824K)->5767K(5824K) Class: 533K(640K)->533K(640K)
[3.647s][info][gc             ] GC(86) Pause Young (Allocation Failure) 604M->604M(700M) 25.781ms
[3.647s][info][gc,cpu         ] GC(86) User=0.11s Sys=0.00s Real=0.03s
[3.668s][info][gc,start       ] GC(87) Pause Young (Allocation Failure)
[3.700s][info][gc,heap        ] GC(87) PSYoungGen: 64096K(73728K)->60928K(78336K) Eden: 17408K(17408K)->0K(17408K) From: 46688K(56320K)->60928K(60928K)
[3.700s][info][gc,heap        ] GC(87) ParOldGen: 572397K(643584K)->575509K(643584K)
[3.700s][info][gc,metaspace   ] GC(87) Metaspace: 6300K(6464K)->6300K(6464K) NonClass: 5767K(5824K)->5767K(5824K) Class: 533K(640K)->533K(640K)
[3.700s][info][gc             ] GC(87) Pause Young (Allocation Failure) 621M->621M(705M) 31.666ms
[3.700s][info][gc,cpu         ] GC(87) User=0.14s Sys=0.00s Real=0.03s
[3.721s][info][gc,start       ] GC(88) Pause Young (Allocation Failure)
[3.762s][info][gc,heap        ] GC(88) PSYoungGen: 78336K(78336K)->53216K(86016K) Eden: 17408K(17408K)->0K(15360K) From: 60928K(60928K)->53216K(70656K)
[3.762s][info][gc,heap        ] GC(88) ParOldGen: 575509K(643584K)->601085K(643584K)
[3.762s][info][gc,metaspace   ] GC(88) Metaspace: 6300K(6464K)->6300K(6464K) NonClass: 5767K(5824K)->5767K(5824K) Class: 533K(640K)->533K(640K)
[3.762s][info][gc             ] GC(88) Pause Young (Allocation Failure) 638M->638M(712M) 40.862ms
[3.762s][info][gc,cpu         ] GC(88) User=0.25s Sys=0.00s Real=0.04s
[3.780s][info][gc,start       ] GC(89) Pause Young (Allocation Failure)
[3.814s][info][gc,heap        ] GC(89) PSYoungGen: 68576K(86016K)->49472K(90112K) Eden: 15360K(15360K)->0K(15360K) From: 53216K(70656K)->49472K(74752K)
[3.814s][info][gc,heap        ] GC(89) ParOldGen: 601085K(643584K)->620453K(643584K)
[3.814s][info][gc,metaspace   ] GC(89) Metaspace: 6300K(6464K)->6300K(6464K) NonClass: 5767K(5824K)->5767K(5824K) Class: 533K(640K)->533K(640K)
[3.814s][info][gc             ] GC(89) Pause Young (Allocation Failure) 653M->654M(716M) 34.705ms
[3.814s][info][gc,cpu         ] GC(89) User=0.17s Sys=0.00s Real=0.04s
[3.815s][info][gc,start       ] GC(90) Pause Full (Ergonomics)
[3.815s][info][gc,phases,start] GC(90) Marking Phase
[3.951s][info][gc,phases      ] GC(90) Marking Phase 136.183ms
[3.951s][info][gc,phases,start] GC(90) Summary Phase
[3.951s][info][gc,phases      ] GC(90) Summary Phase 0.039ms
[3.951s][info][gc,phases,start] GC(90) Adjust Roots
[3.951s][info][gc,phases      ] GC(90) Adjust Roots 0.203ms
[3.951s][info][gc,phases,start] GC(90) Compaction Phase
[4.013s][info][gc,phases      ] GC(90) Compaction Phase 61.909ms
[4.013s][info][gc,phases,start] GC(90) Post Compact
[4.015s][info][gc,phases      ] GC(90) Post Compact 1.477ms
[4.015s][info][gc,heap        ] GC(90) PSYoungGen: 49472K(90112K)->25708K(90112K) Eden: 0K(15360K)->0K(15360K) From: 49472K(74752K)->25708K(74752K)
[4.015s][info][gc,heap        ] GC(90) ParOldGen: 620453K(643584K)->643167K(725504K)
[4.015s][info][gc,metaspace   ] GC(90) Metaspace: 6300K(6464K)->6300K(6464K) NonClass: 5767K(5824K)->5767K(5824K) Class: 533K(640K)->533K(640K)
[4.015s][info][gc             ] GC(90) Pause Full (Ergonomics) 654M->653M(796M) 200.642ms
[4.015s][info][gc,cpu         ] GC(90) User=1.33s Sys=0.03s Real=0.20s
[4.034s][info][gc,start       ] GC(91) Pause Young (Allocation Failure)
[4.081s][info][gc,heap        ] GC(91) PSYoungGen: 41068K(90112K)->33088K(85504K) Eden: 15360K(15360K)->0K(16896K) From: 25708K(74752K)->33088K(68608K)
[4.081s][info][gc,heap        ] GC(91) ParOldGen: 643167K(725504K)->651455K(725504K)
[4.081s][info][gc,metaspace   ] GC(91) Metaspace: 6300K(6464K)->6300K(6464K) NonClass: 5767K(5824K)->5767K(5824K) Class: 533K(640K)->533K(640K)
[4.081s][info][gc             ] GC(91) Pause Young (Allocation Failure) 668M->668M(792M) 46.908ms
[4.081s][info][gc,cpu         ] GC(91) User=0.22s Sys=0.02s Real=0.05s
[4.102s][info][gc,start       ] GC(92) Pause Young (Allocation Failure)
[4.129s][info][gc,heap        ] GC(92) PSYoungGen: 49984K(85504K)->41760K(89600K) Eden: 16896K(16896K)->0K(16896K) From: 33088K(68608K)->41760K(72704K)
[4.129s][info][gc,heap        ] GC(92) ParOldGen: 651455K(725504K)->659815K(725504K)
[4.129s][info][gc,metaspace   ] GC(92) Metaspace: 6300K(6464K)->6300K(6464K) NonClass: 5767K(5824K)->5767K(5824K) Class: 533K(640K)->533K(640K)
[4.129s][info][gc             ] GC(92) Pause Young (Allocation Failure) 684M->685M(796M) 26.963ms
[4.129s][info][gc,cpu         ] GC(92) User=0.14s Sys=0.00s Real=0.03s
[4.282s][info][gc,start       ] GC(93) Pause Young (Allocation Failure)
[4.327s][info][gc,heap        ] GC(93) PSYoungGen: 58656K(89600K)->49312K(88576K) Eden: 16896K(16896K)->0K(17408K) From: 41760K(72704K)->49312K(71168K)
[4.327s][info][gc,heap        ] GC(93) ParOldGen: 692583K(725504K)->702087K(725504K)
[4.327s][info][gc,metaspace   ] GC(93) Metaspace: 6300K(6464K)->6300K(6464K) NonClass: 5767K(5824K)->5767K(5824K) Class: 533K(640K)->533K(640K)
[4.327s][info][gc             ] GC(93) Pause Young (Allocation Failure) 733M->733M(795M) 44.447ms
[4.327s][info][gc,cpu         ] GC(93) User=0.23s Sys=0.00s Real=0.04s
[4.327s][info][gc,start       ] GC(94) Pause Full (Ergonomics)
[4.327s][info][gc,phases,start] GC(94) Marking Phase
[4.491s][info][gc,phases      ] GC(94) Marking Phase 163.766ms
[4.491s][info][gc,phases,start] GC(94) Summary Phase
[4.491s][info][gc,phases      ] GC(94) Summary Phase 0.022ms
[4.491s][info][gc,phases,start] GC(94) Adjust Roots
[4.491s][info][gc,phases      ] GC(94) Adjust Roots 0.214ms
[4.491s][info][gc,phases,start] GC(94) Compaction Phase
[4.613s][info][gc,phases      ] GC(94) Compaction Phase 122.344ms
[4.614s][info][gc,phases,start] GC(94) Post Compact
[4.615s][info][gc,phases      ] GC(94) Post Compact 1.528ms
[4.615s][info][gc,heap        ] GC(94) PSYoungGen: 49312K(88576K)->9212K(88576K) Eden: 0K(17408K)->0K(17408K) From: 49312K(71168K)->9212K(71168K)
[4.615s][info][gc,heap        ] GC(94) ParOldGen: 702087K(725504K)->725109K(807424K)
[4.615s][info][gc,metaspace   ] GC(94) Metaspace: 6300K(6464K)->6300K(6464K) NonClass: 5767K(5824K)->5767K(5824K) Class: 533K(640K)->533K(640K)
[4.615s][info][gc             ] GC(94) Pause Full (Ergonomics) 733M->717M(875M) 288.481ms
[4.615s][info][gc,cpu         ] GC(94) User=1.84s Sys=0.00s Real=0.29s
[4.636s][info][gc,start       ] GC(95) Pause Young (Allocation Failure)
[4.679s][info][gc,heap        ] GC(95) PSYoungGen: 26620K(88576K)->26784K(44544K) Eden: 17408K(17408K)->0K(17408K) From: 9212K(71168K)->26784K(27136K)
[4.679s][info][gc,heap        ] GC(95) ParOldGen: 725109K(807424K)->725109K(807424K)
[4.679s][info][gc,metaspace   ] GC(95) Metaspace: 6300K(6464K)->6300K(6464K) NonClass: 5767K(5824K)->5767K(5824K) Class: 533K(640K)->533K(640K)
[4.679s][info][gc             ] GC(95) Pause Young (Allocation Failure) 734M->734M(832M) 43.301ms
[4.679s][info][gc,cpu         ] GC(95) User=0.19s Sys=0.00s Real=0.04s
[4.697s][info][gc,start       ] GC(96) Pause Young (Allocation Failure)
[4.720s][info][gc,heap        ] GC(96) PSYoungGen: 44192K(44544K)->44192K(89600K) Eden: 17408K(17408K)->0K(19456K) From: 26784K(27136K)->44192K(70144K)
[4.721s][info][gc,heap        ] GC(96) ParOldGen: 725109K(807424K)->725109K(807424K)
[4.721s][info][gc,metaspace   ] GC(96) Metaspace: 6300K(6464K)->6300K(6464K) NonClass: 5767K(5824K)->5767K(5824K) Class: 533K(640K)->533K(640K)
[4.721s][info][gc             ] GC(96) Pause Young (Allocation Failure) 751M->751M(876M) 23.367ms
[4.721s][info][gc,cpu         ] GC(96) User=0.03s Sys=0.00s Real=0.02s
[4.742s][info][gc,start       ] GC(97) Pause Young (Allocation Failure)
[4.772s][info][gc,heap        ] GC(97) PSYoungGen: 63648K(89600K)->63616K(89600K) Eden: 19456K(19456K)->0K(19456K) From: 44192K(70144K)->63616K(70144K)
[4.772s][info][gc,heap        ] GC(97) ParOldGen: 725109K(807424K)->725109K(807424K)
[4.772s][info][gc,metaspace   ] GC(97) Metaspace: 6300K(6464K)->6300K(6464K) NonClass: 5767K(5824K)->5767K(5824K) Class: 533K(640K)->533K(640K)
[4.772s][info][gc             ] GC(97) Pause Young (Allocation Failure) 770M->770M(876M) 30.607ms
[4.772s][info][gc,cpu         ] GC(97) User=0.12s Sys=0.00s Real=0.03s
[4.792s][info][gc,start       ] GC(98) Pause Young (Allocation Failure)
[4.832s][info][gc,heap        ] GC(98) PSYoungGen: 83072K(89600K)->76800K(86016K) Eden: 19456K(19456K)->0K(9216K) From: 63616K(70144K)->76800K(76800K)
[4.832s][info][gc,heap        ] GC(98) ParOldGen: 725109K(807424K)->731405K(807424K)
[4.832s][info][gc,metaspace   ] GC(98) Metaspace: 6300K(6464K)->6300K(6464K) NonClass: 5767K(5824K)->5767K(5824K) Class: 533K(640K)->533K(640K)
[4.832s][info][gc             ] GC(98) Pause Young (Allocation Failure) 789M->789M(872M) 40.279ms
[4.832s][info][gc,cpu         ] GC(98) User=0.19s Sys=0.06s Real=0.04s
[4.842s][info][gc,start       ] GC(99) Pause Young (Allocation Failure)
[4.881s][info][gc,heap        ] GC(99) PSYoungGen: 86016K(86016K)->81856K(98304K) Eden: 9216K(9216K)->0K(9216K) From: 76800K(76800K)->81856K(89088K)
[4.881s][info][gc,heap        ] GC(99) ParOldGen: 731405K(807424K)->735765K(807424K)
[4.882s][info][gc,metaspace   ] GC(99) Metaspace: 6300K(6464K)->6300K(6464K) NonClass: 5767K(5824K)->5767K(5824K) Class: 533K(640K)->533K(640K)
[4.882s][info][gc             ] GC(99) Pause Young (Allocation Failure) 798M->798M(884M) 39.461ms
[4.882s][info][gc,cpu         ] GC(99) User=0.25s Sys=0.00s Real=0.04s
[4.891s][info][gc,start       ] GC(100) Pause Young (Allocation Failure)
[4.933s][info][gc,heap        ] GC(100) PSYoungGen: 91072K(98304K)->56480K(105472K) Eden: 9216K(9216K)->0K(10752K) From: 81856K(89088K)->56480K(94720K)
[4.933s][info][gc,heap        ] GC(100) ParOldGen: 735765K(807424K)->770773K(807424K)
[4.933s][info][gc,metaspace   ] GC(100) Metaspace: 6300K(6464K)->6300K(6464K) NonClass: 5767K(5824K)->5767K(5824K) Class: 533K(640K)->533K(640K)
[4.933s][info][gc             ] GC(100) Pause Young (Allocation Failure) 807M->807M(891M) 42.445ms
[4.933s][info][gc,cpu         ] GC(100) User=0.23s Sys=0.00s Real=0.04s
[4.945s][info][gc,start       ] GC(101) Pause Young (Allocation Failure)
[4.978s][info][gc,heap        ] GC(101) PSYoungGen: 67232K(105472K)->29280K(107520K) Eden: 10752K(10752K)->0K(10752K) From: 56480K(94720K)->29280K(96768K)
[4.978s][info][gc,heap        ] GC(101) ParOldGen: 770773K(807424K)->809173K(809472K)
[4.978s][info][gc,metaspace   ] GC(101) Metaspace: 6300K(6464K)->6300K(6464K) NonClass: 5767K(5824K)->5767K(5824K) Class: 533K(640K)->533K(640K)
[4.978s][info][gc             ] GC(101) Pause Young (Allocation Failure) 818M->818M(895M) 32.866ms
[4.978s][info][gc,cpu         ] GC(101) User=0.16s Sys=0.00s Real=0.03s
[4.978s][info][gc,start       ] GC(102) Pause Full (Ergonomics)
[4.978s][info][gc,phases,start] GC(102) Marking Phase
[5.172s][info][gc,phases      ] GC(102) Marking Phase 194.077ms
[5.172s][info][gc,phases,start] GC(102) Summary Phase
[5.172s][info][gc,phases      ] GC(102) Summary Phase 0.022ms
[5.172s][info][gc,phases,start] GC(102) Adjust Roots
[5.172s][info][gc,phases      ] GC(102) Adjust Roots 0.161ms
[5.172s][info][gc,phases,start] GC(102) Compaction Phase
[5.265s][info][gc,phases      ] GC(102) Compaction Phase 92.798ms
[5.265s][info][gc,phases,start] GC(102) Post Compact
[5.267s][info][gc,phases      ] GC(102) Post Compact 1.476ms
[5.267s][info][gc,heap        ] GC(102) PSYoungGen: 29280K(107520K)->27552K(107520K) Eden: 0K(10752K)->0K(10752K) From: 29280K(96768K)->27552K(96768K)
[5.267s][info][gc,heap        ] GC(102) ParOldGen: 809173K(809472K)->809457K(909312K)
[5.267s][info][gc,metaspace   ] GC(102) Metaspace: 6300K(6464K)->6300K(6464K) NonClass: 5767K(5824K)->5767K(5824K) Class: 533K(640K)->533K(640K)
[5.267s][info][gc             ] GC(102) Pause Full (Ergonomics) 818M->817M(993M) 289.255ms
[5.267s][info][gc,cpu         ] GC(102) User=1.83s Sys=0.00s Real=0.29s
[5.281s][info][gc,start       ] GC(103) Pause Young (Allocation Failure)
[5.331s][info][gc,heap        ] GC(103) PSYoungGen: 38304K(107520K)->21056K(105984K) Eden: 10752K(10752K)->0K(12288K) From: 27552K(96768K)->21056K(93696K)
[5.331s][info][gc,heap        ] GC(103) ParOldGen: 809457K(909312K)->827145K(909312K)
[5.331s][info][gc,metaspace   ] GC(103) Metaspace: 6300K(6464K)->6300K(6464K) NonClass: 5767K(5824K)->5767K(5824K) Class: 533K(640K)->533K(640K)
[5.331s][info][gc             ] GC(103) Pause Young (Allocation Failure) 827M->828M(991M) 50.091ms
[5.331s][info][gc,cpu         ] GC(103) User=0.28s Sys=0.00s Real=0.05s
[5.344s][info][gc,start       ] GC(104) Pause Young (Allocation Failure)
[5.363s][info][gc,heap        ] GC(104) PSYoungGen: 33344K(105984K)->12384K(107008K) Eden: 12288K(12288K)->0K(12288K) From: 21056K(93696K)->12384K(94720K)
[5.363s][info][gc,heap        ] GC(104) ParOldGen: 827145K(909312K)->848329K(909312K)
[5.363s][info][gc,metaspace   ] GC(104) Metaspace: 6300K(6464K)->6300K(6464K) NonClass: 5767K(5824K)->5767K(5824K) Class: 533K(640K)->533K(640K)
[5.363s][info][gc             ] GC(104) Pause Young (Allocation Failure) 840M->840M(992M) 19.016ms
[5.363s][info][gc,cpu         ] GC(104) User=0.11s Sys=0.02s Real=0.02s
[5.376s][info][gc,start       ] GC(105) Pause Young (Allocation Failure)
[5.392s][info][gc,heap        ] GC(105) PSYoungGen: 24672K(107008K)->12384K(108032K) Eden: 12288K(12288K)->0K(13824K) From: 12384K(94720K)->12384K(94208K)
[5.393s][info][gc,heap        ] GC(105) ParOldGen: 848329K(909312K)->860793K(909312K)
[5.393s][info][gc,metaspace   ] GC(105) Metaspace: 6300K(6464K)->6300K(6464K) NonClass: 5767K(5824K)->5767K(5824K) Class: 533K(640K)->533K(640K)
[5.393s][info][gc             ] GC(105) Pause Young (Allocation Failure) 852M->852M(993M) 16.948ms
[5.393s][info][gc,cpu         ] GC(105) User=0.03s Sys=0.00s Real=0.02s
[5.408s][info][gc,start       ] GC(106) Pause Young (Allocation Failure)
[5.425s][info][gc,heap        ] GC(106) PSYoungGen: 26208K(108032K)->13920K(108544K) Eden: 13824K(13824K)->0K(13824K) From: 12384K(94208K)->13920K(94720K)
[5.425s][info][gc,heap        ] GC(106) ParOldGen: 860793K(909312K)->873241K(909312K)
[5.425s][info][gc,metaspace   ] GC(106) Metaspace: 6300K(6464K)->6300K(6464K) NonClass: 5767K(5824K)->5767K(5824K) Class: 533K(640K)->533K(640K)
[5.425s][info][gc             ] GC(106) Pause Young (Allocation Failure) 866M->866M(994M) 17.023ms
[5.425s][info][gc,cpu         ] GC(106) User=0.03s Sys=0.00s Real=0.02s
[5.439s][info][gc,start       ] GC(107) Pause Young (Allocation Failure)
[5.456s][info][gc,heap        ] GC(107) PSYoungGen: 27744K(108544K)->13952K(104960K) Eden: 13824K(13824K)->0K(15872K) From: 13920K(94720K)->13952K(89088K)
[5.456s][info][gc,heap        ] GC(107) ParOldGen: 873241K(909312K)->887257K(909312K)
[5.456s][info][gc,metaspace   ] GC(107) Metaspace: 6300K(6464K)->6300K(6464K) NonClass: 5767K(5824K)->5767K(5824K) Class: 533K(640K)->533K(640K)
[5.456s][info][gc             ] GC(107) Pause Young (Allocation Failure) 879M->880M(990M) 17.437ms
[5.456s][info][gc,cpu         ] GC(107) User=0.03s Sys=0.00s Real=0.02s
[5.456s][info][gc,start       ] GC(108) Pause Full (Ergonomics)
[5.456s][info][gc,phases,start] GC(108) Marking Phase
[5.658s][info][gc,phases      ] GC(108) Marking Phase 201.638ms
[5.658s][info][gc,phases,start] GC(108) Summary Phase
[5.658s][info][gc,phases      ] GC(108) Summary Phase 0.035ms
[5.658s][info][gc,phases,start] GC(108) Adjust Roots
[5.658s][info][gc,phases      ] GC(108) Adjust Roots 0.179ms
[5.658s][info][gc,phases,start] GC(108) Compaction Phase
[5.748s][info][gc,phases      ] GC(108) Compaction Phase 89.938ms
[5.748s][info][gc,phases,start] GC(108) Post Compact
[5.750s][info][gc,phases      ] GC(108) Post Compact 1.977ms
[5.751s][info][gc,heap        ] GC(108) PSYoungGen: 13952K(104960K)->0K(107008K) Eden: 0K(15872K)->0K(15872K) From: 13952K(89088K)->0K(91136K)
[5.751s][info][gc,heap        ] GC(108) ParOldGen: 887257K(909312K)->899822K(999424K)
[5.751s][info][gc,metaspace   ] GC(108) Metaspace: 6300K(6464K)->6300K(6464K) NonClass: 5767K(5824K)->5767K(5824K) Class: 533K(640K)->533K(640K)
[5.751s][info][gc             ] GC(108) Pause Full (Ergonomics) 880M->878M(1080M) 294.578ms
[5.751s][info][gc,cpu         ] GC(108) User=1.98s Sys=0.03s Real=0.29s
[5.769s][info][gc,start       ] GC(109) Pause Young (Allocation Failure)
[5.784s][info][gc,heap        ] GC(109) PSYoungGen: 15872K(107008K)->16000K(103936K) Eden: 15872K(15872K)->0K(17920K) From: 0K(91136K)->16000K(86016K)
[5.784s][info][gc,heap        ] GC(109) ParOldGen: 899822K(999424K)->899822K(999424K)
[5.784s][info][gc,metaspace   ] GC(109) Metaspace: 6300K(6464K)->6300K(6464K) NonClass: 5767K(5824K)->5767K(5824K) Class: 533K(640K)->533K(640K)
[5.784s][info][gc             ] GC(109) Pause Young (Allocation Failure) 894M->894M(1077M) 14.762ms
[5.784s][info][gc,cpu         ] GC(109) User=0.02s Sys=0.00s Real=0.01s
[5.803s][info][gc,start       ] GC(110) Pause Young (Allocation Failure)
[5.823s][info][gc,heap        ] GC(110) PSYoungGen: 33920K(103936K)->33952K(52224K) Eden: 17920K(17920K)->0K(17920K) From: 16000K(86016K)->33952K(34304K)
[5.823s][info][gc,heap        ] GC(110) ParOldGen: 899822K(999424K)->899822K(999424K)
[5.823s][info][gc,metaspace   ] GC(110) Metaspace: 6300K(6464K)->6300K(6464K) NonClass: 5767K(5824K)->5767K(5824K) Class: 533K(640K)->533K(640K)
[5.823s][info][gc             ] GC(110) Pause Young (Allocation Failure) 911M->911M(1027M) 19.378ms
[5.823s][info][gc,cpu         ] GC(110) User=0.12s Sys=0.00s Real=0.02s
[5.842s][info][gc,start       ] GC(111) Pause Young (Allocation Failure)
[5.869s][info][gc,heap        ] GC(111) PSYoungGen: 51872K(52224K)->51872K(100864K) Eden: 17920K(17920K)->0K(17408K) From: 33952K(34304K)->51872K(83456K)
[5.869s][info][gc,heap        ] GC(111) ParOldGen: 899822K(999424K)->899822K(999424K)
[5.869s][info][gc,metaspace   ] GC(111) Metaspace: 6300K(6464K)->6300K(6464K) NonClass: 5767K(5824K)->5767K(5824K) Class: 533K(640K)->533K(640K)
[5.869s][info][gc             ] GC(111) Pause Young (Allocation Failure) 929M->929M(1074M) 27.009ms
[5.869s][info][gc,cpu         ] GC(111) User=0.14s Sys=0.00s Real=0.03s
[5.888s][info][gc,start       ] GC(112) Pause Young (Allocation Failure)
[5.922s][info][gc,heap        ] GC(112) PSYoungGen: 69280K(100864K)->53408K(103424K) Eden: 17408K(17408K)->0K(17408K) From: 51872K(83456K)->53408K(86016K)
[5.922s][info][gc,heap        ] GC(112) ParOldGen: 899822K(999424K)->915910K(999424K)
[5.922s][info][gc,metaspace   ] GC(112) Metaspace: 6300K(6464K)->6300K(6464K) NonClass: 5767K(5824K)->5767K(5824K) Class: 533K(640K)->533K(640K)
[5.922s][info][gc             ] GC(112) Pause Young (Allocation Failure) 946M->946M(1077M) 34.062ms
[5.922s][info][gc,cpu         ] GC(112) User=0.25s Sys=0.00s Real=0.03s
[5.943s][info][gc,start       ] GC(113) Pause Young (Allocation Failure)
[5.978s][info][gc,heap        ] GC(113) PSYoungGen: 70816K(103424K)->52864K(106496K) Eden: 17408K(17408K)->0K(18432K) From: 53408K(86016K)->52864K(88064K)
[5.978s][info][gc,heap        ] GC(113) ParOldGen: 915910K(999424K)->934070K(999424K)
[5.978s][info][gc,metaspace   ] GC(113) Metaspace: 6300K(6464K)->6300K(6464K) NonClass: 5767K(5824K)->5767K(5824K) Class: 533K(640K)->533K(640K)
[5.978s][info][gc             ] GC(113) Pause Young (Allocation Failure) 963M->963M(1080M) 35.840ms
[5.978s][info][gc,cpu         ] GC(113) User=0.27s Sys=0.00s Real=0.04s
[5.999s][info][gc,start       ] GC(114) Pause Young (Allocation Failure)
[6.034s][info][gc,heap        ] GC(114) PSYoungGen: 71296K(106496K)->53408K(107520K) Eden: 18432K(18432K)->0K(18432K) From: 52864K(88064K)->53408K(89088K)
[6.034s][info][gc,heap        ] GC(114) ParOldGen: 934070K(999424K)->952230K(999424K)
[6.034s][info][gc,metaspace   ] GC(114) Metaspace: 6300K(6464K)->6300K(6464K) NonClass: 5767K(5824K)->5767K(5824K) Class: 533K(640K)->533K(640K)
[6.034s][info][gc             ] GC(114) Pause Young (Allocation Failure) 981M->982M(1081M) 34.929ms
[6.034s][info][gc,cpu         ] GC(114) User=0.25s Sys=0.00s Real=0.03s
[6.055s][info][gc,start       ] GC(115) Pause Young (Allocation Failure)
[6.091s][info][gc,heap        ] GC(115) PSYoungGen: 71840K(107520K)->37024K(101376K) Eden: 18432K(18432K)->0K(20992K) From: 53408K(89088K)->37024K(80384K)
[6.091s][info][gc,heap        ] GC(115) ParOldGen: 952230K(999424K)->987510K(999424K)
[6.091s][info][gc,metaspace   ] GC(115) Metaspace: 6300K(6464K)->6300K(6464K) NonClass: 5767K(5824K)->5767K(5824K) Class: 533K(640K)->533K(640K)
[6.091s][info][gc             ] GC(115) Pause Young (Allocation Failure) 1000M->1000M(1075M) 36.417ms
[6.091s][info][gc,cpu         ] GC(115) User=0.25s Sys=0.00s Real=0.04s
[6.091s][info][gc,start       ] GC(116) Pause Full (Ergonomics)
[6.091s][info][gc,phases,start] GC(116) Marking Phase
[6.325s][info][gc,phases      ] GC(116) Marking Phase 234.259ms
[6.326s][info][gc,phases,start] GC(116) Summary Phase
[6.326s][info][gc,phases      ] GC(116) Summary Phase 0.031ms
[6.326s][info][gc,phases,start] GC(116) Adjust Roots
[6.326s][info][gc,phases      ] GC(116) Adjust Roots 0.165ms
[6.326s][info][gc,phases,start] GC(116) Compaction Phase
[6.443s][info][gc,phases      ] GC(116) Compaction Phase 117.324ms
[6.443s][info][gc,phases,start] GC(116) Post Compact
[6.445s][info][gc,phases      ] GC(116) Post Compact 1.699ms
[6.445s][info][gc,heap        ] GC(116) PSYoungGen: 37024K(101376K)->24023K(104448K) Eden: 0K(20992K)->0K(24064K) From: 37024K(80384K)->24023K(80384K)
[6.445s][info][gc,heap        ] GC(116) ParOldGen: 987510K(999424K)->998976K(1110528K)
[6.445s][info][gc,metaspace   ] GC(116) Metaspace: 6300K(6464K)->6300K(6464K) NonClass: 5767K(5824K)->5767K(5824K) Class: 533K(640K)->533K(640K)
[6.445s][info][gc             ] GC(116) Pause Full (Ergonomics) 1000M->999M(1186M) 354.206ms
[6.445s][info][gc,cpu         ] GC(116) User=2.50s Sys=0.00s Real=0.36s
[6.472s][info][gc,start       ] GC(117) Pause Young (Allocation Failure)
[6.539s][info][gc,heap        ] GC(117) PSYoungGen: 48087K(104448K)->24192K(109056K) Eden: 24064K(24064K)->0K(24064K) From: 24023K(80384K)->24192K(84992K)
[6.539s][info][gc,heap        ] GC(117) ParOldGen: 998976K(1110528K)->1023320K(1110528K)
[6.539s][info][gc,metaspace   ] GC(117) Metaspace: 6300K(6464K)->6300K(6464K) NonClass: 5767K(5824K)->5767K(5824K) Class: 533K(640K)->533K(640K)
[6.539s][info][gc             ] GC(117) Pause Young (Allocation Failure) 1022M->1022M(1191M) 66.429ms
[6.539s][info][gc,cpu         ] GC(117) User=0.38s Sys=0.00s Real=0.07s
[6.566s][info][gc,start       ] GC(118) Pause Young (Allocation Failure)
[6.594s][info][gc,heap        ] GC(118) PSYoungGen: 48256K(109056K)->24256K(105472K) Eden: 24064K(24064K)->0K(26624K) From: 24192K(84992K)->24256K(78848K)
[6.594s][info][gc,heap        ] GC(118) ParOldGen: 1023320K(1110528K)->1047712K(1110528K)
[6.594s][info][gc,metaspace   ] GC(118) Metaspace: 6300K(6464K)->6300K(6464K) NonClass: 5767K(5824K)->5767K(5824K) Class: 533K(640K)->533K(640K)
[6.594s][info][gc             ] GC(118) Pause Young (Allocation Failure) 1046M->1046M(1187M) 28.336ms
[6.594s][info][gc,cpu         ] GC(118) User=0.14s Sys=0.00s Real=0.03s
[6.624s][info][gc,start       ] GC(119) Pause Young (Allocation Failure)
[6.653s][info][gc,heap        ] GC(119) PSYoungGen: 50880K(105472K)->26784K(107520K) Eden: 26624K(26624K)->0K(26624K) From: 24256K(78848K)->26784K(80896K)
[6.653s][info][gc,heap        ] GC(119) ParOldGen: 1047712K(1110528K)->1072088K(1110528K)
[6.653s][info][gc,metaspace   ] GC(119) Metaspace: 6300K(6464K)->6300K(6464K) NonClass: 5767K(5824K)->5767K(5824K) Class: 533K(640K)->533K(640K)
[6.653s][info][gc             ] GC(119) Pause Young (Allocation Failure) 1072M->1073M(1189M) 29.341ms
[6.653s][info][gc,cpu         ] GC(119) User=0.12s Sys=0.02s Real=0.03s
[6.653s][info][gc,start       ] GC(120) Pause Full (Ergonomics)
[6.653s][info][gc,phases,start] GC(120) Marking Phase
[6.903s][info][gc,phases      ] GC(120) Marking Phase 249.860ms
[6.903s][info][gc,phases,start] GC(120) Summary Phase
[6.903s][info][gc,phases      ] GC(120) Summary Phase 0.031ms
[6.903s][info][gc,phases,start] GC(120) Adjust Roots
[6.904s][info][gc,phases      ] GC(120) Adjust Roots 0.187ms
[6.904s][info][gc,phases,start] GC(120) Compaction Phase
[6.999s][info][gc,phases      ] GC(120) Compaction Phase 95.572ms
[6.999s][info][gc,phases,start] GC(120) Post Compact
[7.001s][info][gc,phases      ] GC(120) Post Compact 1.802ms
[7.001s][info][gc,heap        ] GC(120) PSYoungGen: 26784K(107520K)->0K(107520K) Eden: 0K(26624K)->0K(29696K) From: 26784K(80896K)->0K(77824K)
[7.002s][info][gc,heap        ] GC(120) ParOldGen: 1072088K(1110528K)->1097660K(1220608K)
[7.002s][info][gc,metaspace   ] GC(120) Metaspace: 6300K(6464K)->6300K(6464K) NonClass: 5767K(5824K)->5767K(5824K) Class: 533K(640K)->533K(640K)
[7.002s][info][gc             ] GC(120) Pause Full (Ergonomics) 1073M->1071M(1297M) 348.148ms
[7.002s][info][gc,cpu         ] GC(120) User=2.42s Sys=0.00s Real=0.35s
[7.034s][info][gc,start       ] GC(121) Pause Young (Allocation Failure)
[7.055s][info][gc,heap        ] GC(121) PSYoungGen: 29696K(107520K)->29856K(59904K) Eden: 29696K(29696K)->0K(29696K) From: 0K(77824K)->29856K(30208K)
[7.055s][info][gc,heap        ] GC(121) ParOldGen: 1097660K(1220608K)->1097660K(1220608K)
[7.055s][info][gc,metaspace   ] GC(121) Metaspace: 6300K(6464K)->6300K(6464K) NonClass: 5767K(5824K)->5767K(5824K) Class: 533K(640K)->533K(640K)
[7.055s][info][gc             ] GC(121) Pause Young (Allocation Failure) 1100M->1101M(1250M) 21.113ms
[7.055s][info][gc,cpu         ] GC(121) User=0.12s Sys=0.00s Real=0.02s
[7.087s][info][gc,start       ] GC(122) Pause Young (Allocation Failure)
[7.119s][info][gc,heap        ] GC(122) PSYoungGen: 59552K(59904K)->59616K(101888K) Eden: 29696K(29696K)->0K(27136K) From: 29856K(30208K)->59616K(74752K)
[7.119s][info][gc,heap        ] GC(122) ParOldGen: 1097660K(1220608K)->1097660K(1220608K)
[7.119s][info][gc,metaspace   ] GC(122) Metaspace: 6300K(6464K)->6300K(6464K) NonClass: 5767K(5824K)->5767K(5824K) Class: 533K(640K)->533K(640K)
[7.119s][info][gc             ] GC(122) Pause Young (Allocation Failure) 1130M->1130M(1291M) 32.114ms
[7.119s][info][gc,cpu         ] GC(122) User=0.14s Sys=0.00s Real=0.03s
[7.150s][info][gc,start       ] GC(123) Pause Young (Allocation Failure)
[7.196s][info][gc,heap        ] GC(123) PSYoungGen: 86752K(101888K)->79872K(107008K) Eden: 27136K(27136K)->0K(27136K) From: 59616K(74752K)->79872K(79872K)
[7.196s][info][gc,heap        ] GC(123) ParOldGen: 1097660K(1220608K)->1104516K(1220608K)
[7.196s][info][gc,metaspace   ] GC(123) Metaspace: 6300K(6464K)->6300K(6464K) NonClass: 5767K(5824K)->5767K(5824K) Class: 533K(640K)->533K(640K)
[7.196s][info][gc             ] GC(123) Pause Young (Allocation Failure) 1156M->1156M(1296M) 46.272ms
[7.196s][info][gc,cpu         ] GC(123) User=0.25s Sys=0.00s Real=0.05s
[7.230s][info][gc,start       ] GC(124) Pause Young (Allocation Failure)
[7.291s][info][gc,heap        ] GC(124) PSYoungGen: 107008K(107008K)->53312K(121856K) Eden: 27136K(27136K)->0K(30208K) From: 79872K(79872K)->53312K(91648K)
[7.291s][info][gc,heap        ] GC(124) ParOldGen: 1104516K(1220608K)->1159060K(1220608K)
[7.291s][info][gc,metaspace   ] GC(124) Metaspace: 6300K(6464K)->6300K(6464K) NonClass: 5767K(5824K)->5767K(5824K) Class: 533K(640K)->533K(640K)
[7.291s][info][gc             ] GC(124) Pause Young (Allocation Failure) 1183M->1183M(1311M) 60.837ms
[7.291s][info][gc,cpu         ] GC(124) User=0.38s Sys=0.02s Real=0.06s
[7.329s][info][gc,start       ] GC(125) Pause Young (Allocation Failure)
[7.376s][info][gc,heap        ] GC(125) PSYoungGen: 83520K(121856K)->57568K(122880K) Eden: 30208K(30208K)->0K(30208K) From: 53312K(91648K)->57568K(92672K)
[7.376s][info][gc,heap        ] GC(125) ParOldGen: 1159060K(1220608K)->1185388K(1220608K)
[7.376s][info][gc,metaspace   ] GC(125) Metaspace: 6300K(6464K)->6300K(6464K) NonClass: 5767K(5824K)->5767K(5824K) Class: 533K(640K)->533K(640K)
[7.376s][info][gc             ] GC(125) Pause Young (Allocation Failure) 1213M->1213M(1312M) 47.074ms
[7.376s][info][gc,cpu         ] GC(125) User=0.22s Sys=0.02s Real=0.05s
[7.376s][info][gc,start       ] GC(126) Pause Full (Ergonomics)
[7.376s][info][gc,phases,start] GC(126) Marking Phase
[7.671s][info][gc,phases      ] GC(126) Marking Phase 295.442ms
[7.671s][info][gc,phases,start] GC(126) Summary Phase
[7.671s][info][gc,phases      ] GC(126) Summary Phase 0.034ms
[7.671s][info][gc,phases,start] GC(126) Adjust Roots
[7.672s][info][gc,phases      ] GC(126) Adjust Roots 0.177ms
[7.672s][info][gc,phases,start] GC(126) Compaction Phase
[7.773s][info][gc,phases      ] GC(126) Compaction Phase 101.736ms
[7.773s][info][gc,phases,start] GC(126) Post Compact
[7.776s][info][gc,phases      ] GC(126) Post Compact 2.419ms
[7.776s][info][gc,heap        ] GC(126) PSYoungGen: 57568K(122880K)->21004K(122880K) Eden: 0K(30208K)->0K(30208K) From: 57568K(92672K)->21004K(92672K)
[7.776s][info][gc,heap        ] GC(126) ParOldGen: 1185388K(1220608K)->1220371K(1361408K)
[7.776s][info][gc,metaspace   ] GC(126) Metaspace: 6300K(6464K)->6300K(6464K) NonClass: 5767K(5824K)->5767K(5824K) Class: 533K(640K)->533K(640K)
[7.777s][info][gc             ] GC(126) Pause Full (Ergonomics) 1213M->1212M(1449M) 400.660ms
[7.777s][info][gc,cpu         ] GC(126) User=3.08s Sys=0.02s Real=0.40s
[7.814s][info][gc,start       ] GC(127) Pause Young (Allocation Failure)
[7.895s][info][gc,heap        ] GC(127) PSYoungGen: 51212K(122880K)->40960K(117760K) Eden: 30208K(30208K)->0K(33280K) From: 21004K(92672K)->40960K(84480K)
[7.895s][info][gc,heap        ] GC(127) ParOldGen: 1220371K(1361408K)->1230955K(1361408K)
[7.895s][info][gc,metaspace   ] GC(127) Metaspace: 6300K(6464K)->6300K(6464K) NonClass: 5767K(5824K)->5767K(5824K) Class: 533K(640K)->533K(640K)
[7.895s][info][gc             ] GC(127) Pause Young (Allocation Failure) 1241M->1242M(1444M) 81.555ms
[7.895s][info][gc,cpu         ] GC(127) User=0.48s Sys=0.00s Real=0.08s
[7.939s][info][gc,start       ] GC(128) Pause Young (Allocation Failure)
[7.979s][info][gc,heap        ] GC(128) PSYoungGen: 74240K(117760K)->72512K(122368K) Eden: 33280K(33280K)->0K(33280K) From: 40960K(84480K)->72512K(89088K)
[7.979s][info][gc,heap        ] GC(128) ParOldGen: 1230955K(1361408K)->1230955K(1361408K)
[7.979s][info][gc,metaspace   ] GC(128) Metaspace: 6300K(6464K)->6300K(6464K) NonClass: 5767K(5824K)->5767K(5824K) Class: 533K(640K)->533K(640K)
[7.979s][info][gc             ] GC(128) Pause Young (Allocation Failure) 1274M->1272M(1449M) 40.342ms
[7.979s][info][gc,cpu         ] GC(128) User=0.25s Sys=0.02s Real=0.04s
[8.011s][info][gc,start       ] GC(129) Pause Young (Allocation Failure)
[8.060s][info][gc,heap        ] GC(129) PSYoungGen: 105792K(122368K)->90912K(120320K) Eden: 33280K(33280K)->0K(25088K) From: 72512K(89088K)->90912K(95232K)
[8.060s][info][gc,heap        ] GC(129) ParOldGen: 1230955K(1361408K)->1230955K(1361408K)
[8.060s][info][gc,metaspace   ] GC(129) Metaspace: 6300K(6464K)->6300K(6464K) NonClass: 5767K(5824K)->5767K(5824K) Class: 533K(640K)->533K(640K)
[8.060s][info][gc             ] GC(129) Pause Young (Allocation Failure) 1305M->1290M(1447M) 48.318ms
[8.060s][info][gc,cpu         ] GC(129) User=0.27s Sys=0.00s Real=0.05s
[8.094s][info][gc,start       ] GC(130) Pause Young (Allocation Failure)
[8.160s][info][gc,heap        ] GC(130) PSYoungGen: 116000K(120320K)->106496K(131584K) Eden: 25088K(25088K)->0K(25088K) From: 90912K(95232K)->106496K(106496K)
[8.160s][info][gc,heap        ] GC(130) ParOldGen: 1230955K(1361408K)->1240515K(1361408K)
[8.160s][info][gc,metaspace   ] GC(130) Metaspace: 6300K(6464K)->6300K(6464K) NonClass: 5767K(5824K)->5767K(5824K) Class: 533K(640K)->533K(640K)
[8.160s][info][gc             ] GC(130) Pause Young (Allocation Failure) 1315M->1315M(1458M) 66.574ms
[8.160s][info][gc,cpu         ] GC(130) User=0.38s Sys=0.00s Real=0.07s
[8.190s][info][gc,start       ] GC(131) Pause Young (Allocation Failure)
[8.266s][info][gc,heap        ] GC(131) PSYoungGen: 131584K(131584K)->95040K(145920K) Eden: 25088K(25088K)->0K(20992K) From: 106496K(106496K)->95040K(124928K)
[8.266s][info][gc,heap        ] GC(131) ParOldGen: 1240515K(1361408K)->1277643K(1361408K)
[8.266s][info][gc,metaspace   ] GC(131) Metaspace: 6300K(6464K)->6300K(6464K) NonClass: 5767K(5824K)->5767K(5824K) Class: 533K(640K)->533K(640K)
[8.266s][info][gc             ] GC(131) Pause Young (Allocation Failure) 1339M->1340M(1472M) 75.989ms
[8.266s][info][gc,cpu         ] GC(131) User=0.47s Sys=0.05s Real=0.08s
[8.295s][info][gc,start       ] GC(132) Pause Young (Allocation Failure)
[8.356s][info][gc,heap        ] GC(132) PSYoungGen: 116032K(145920K)->86816K(153088K) Eden: 20992K(20992K)->0K(20992K) From: 95040K(124928K)->86816K(132096K)
[8.356s][info][gc,heap        ] GC(132) ParOldGen: 1277643K(1361408K)->1307227K(1361408K)
[8.356s][info][gc,metaspace   ] GC(132) Metaspace: 6300K(6464K)->6300K(6464K) NonClass: 5767K(5824K)->5767K(5824K) Class: 533K(640K)->533K(640K)
[8.356s][info][gc             ] GC(132) Pause Young (Allocation Failure) 1361M->1361M(1479M) 61.963ms
[8.357s][info][gc,cpu         ] GC(132) User=0.39s Sys=0.00s Real=0.06s
[8.637s][info][gc,start       ] GC(133) Pause Young (Allocation Failure)
[8.726s][info][gc,heap        ] GC(133) PSYoungGen: 107808K(153088K)->67264K(145920K) Eden: 20992K(20992K)->0K(23552K) From: 86816K(132096K)->67264K(122368K)
[8.726s][info][gc,heap        ] GC(133) ParOldGen: 1372763K(1427456K)->1413819K(1427456K)
[8.726s][info][gc,metaspace   ] GC(133) Metaspace: 6300K(6464K)->6300K(6464K) NonClass: 5767K(5824K)->5767K(5824K) Class: 533K(640K)->533K(640K)
[8.726s][info][gc             ] GC(133) Pause Young (Allocation Failure) 1445M->1446M(1536M) 89.397ms
[8.726s][info][gc,cpu         ] GC(133) User=0.53s Sys=0.00s Real=0.09s
[8.726s][info][gc,start       ] GC(134) Pause Full (Ergonomics)
[8.726s][info][gc,phases,start] GC(134) Marking Phase
[9.053s][info][gc,phases      ] GC(134) Marking Phase 326.496ms
[9.053s][info][gc,phases,start] GC(134) Summary Phase
[9.053s][info][gc,phases      ] GC(134) Summary Phase 0.047ms
[9.053s][info][gc,phases,start] GC(134) Adjust Roots
[9.053s][info][gc,phases      ] GC(134) Adjust Roots 0.279ms
[9.053s][info][gc,phases,start] GC(134) Compaction Phase
[9.402s][info][gc,phases      ] GC(134) Compaction Phase 348.696ms
[9.402s][info][gc,phases,start] GC(134) Post Compact
[9.405s][info][gc,phases      ] GC(134) Post Compact 3.089ms
[9.406s][info][gc,heap        ] GC(134) PSYoungGen: 67264K(145920K)->18957K(148992K) Eden: 0K(23552K)->0K(26624K) From: 67264K(122368K)->18957K(122368K)
[9.406s][info][gc,heap        ] GC(134) ParOldGen: 1413819K(1427456K)->1427258K(1583616K)
[9.406s][info][gc,metaspace   ] GC(134) Metaspace: 6300K(6464K)->6300K(6464K) NonClass: 5767K(5824K)->5767K(5824K) Class: 533K(640K)->533K(640K)
[9.406s][info][gc             ] GC(134) Pause Full (Ergonomics) 1446M->1412M(1692M) 679.510ms
[9.406s][info][gc,cpu         ] GC(134) User=4.52s Sys=0.06s Real=0.68s
[9.434s][info][gc,start       ] GC(135) Pause Young (Allocation Failure)
[9.516s][info][gc,heap        ] GC(135) PSYoungGen: 45581K(148992K)->33312K(155136K) Eden: 26624K(26624K)->0K(26624K) From: 18957K(122368K)->33312K(128512K)
[9.516s][info][gc,heap        ] GC(135) ParOldGen: 1427258K(1583616K)->1439906K(1583616K)
[9.516s][info][gc,metaspace   ] GC(135) Metaspace: 6300K(6464K)->6300K(6464K) NonClass: 5767K(5824K)->5767K(5824K) Class: 533K(640K)->533K(640K)
[9.516s][info][gc             ] GC(135) Pause Young (Allocation Failure) 1438M->1438M(1698M) 81.365ms
[9.516s][info][gc,cpu         ] GC(135) User=0.41s Sys=0.02s Real=0.08s
[9.540s][info][gc,start       ] GC(136) Pause Young (Allocation Failure)
[9.574s][info][gc,heap        ] GC(136) PSYoungGen: 59936K(155136K)->59904K(144384K) Eden: 26624K(26624K)->0K(29696K) From: 33312K(128512K)->59904K(114688K)
[9.574s][info][gc,heap        ] GC(136) ParOldGen: 1439906K(1583616K)->1439906K(1583616K)
[9.574s][info][gc,metaspace   ] GC(136) Metaspace: 6300K(6464K)->6300K(6464K) NonClass: 5767K(5824K)->5767K(5824K) Class: 533K(640K)->533K(640K)
[9.574s][info][gc             ] GC(136) Pause Young (Allocation Failure) 1464M->1464M(1687M) 34.038ms
[9.574s][info][gc,cpu         ] GC(136) User=0.11s Sys=0.00s Real=0.03s
[9.605s][info][gc,start       ] GC(137) Pause Young (Allocation Failure)
[9.648s][info][gc,heap        ] GC(137) PSYoungGen: 89600K(144384K)->89664K(150528K) Eden: 29696K(29696K)->0K(29696K) From: 59904K(114688K)->89664K(120832K)
[9.648s][info][gc,heap        ] GC(137) ParOldGen: 1439906K(1583616K)->1439906K(1583616K)
[9.648s][info][gc,metaspace   ] GC(137) Metaspace: 6300K(6464K)->6300K(6464K) NonClass: 5767K(5824K)->5767K(5824K) Class: 533K(640K)->533K(640K)
[9.648s][info][gc             ] GC(137) Pause Young (Allocation Failure) 1493M->1493M(1693M) 43.431ms
[9.648s][info][gc,cpu         ] GC(137) User=0.25s Sys=0.00s Real=0.04s
[9.678s][info][gc,start       ] GC(138) Pause Young (Allocation Failure)
[9.738s][info][gc,heap        ] GC(138) PSYoungGen: 119360K(150528K)->115072K(145408K) Eden: 29696K(29696K)->0K(19968K) From: 89664K(120832K)->115072K(125440K)
[9.738s][info][gc,heap        ] GC(138) ParOldGen: 1439906K(1583616K)->1444306K(1583616K)
[9.738s][info][gc,metaspace   ] GC(138) Metaspace: 6300K(6464K)->6300K(6464K) NonClass: 5767K(5824K)->5767K(5824K) Class: 533K(640K)->533K(640K)
[9.738s][info][gc             ] GC(138) Pause Young (Allocation Failure) 1522M->1522M(1688M) 60.364ms
[9.739s][info][gc,cpu         ] GC(138) User=0.44s Sys=0.02s Real=0.06s
[9.759s][info][gc,start       ] GC(139) Pause Young (Allocation Failure)
[9.825s][info][gc,heap        ] GC(139) PSYoungGen: 135040K(145408K)->132896K(158208K) Eden: 19968K(19968K)->0K(19968K) From: 115072K(125440K)->132896K(138240K)
[9.825s][info][gc,heap        ] GC(139) ParOldGen: 1444306K(1583616K)->1446546K(1583616K)
[9.825s][info][gc,metaspace   ] GC(139) Metaspace: 6300K(6464K)->6300K(6464K) NonClass: 5767K(5824K)->5767K(5824K) Class: 533K(640K)->533K(640K)
[9.825s][info][gc             ] GC(139) Pause Young (Allocation Failure) 1542M->1542M(1701M) 65.522ms
[9.825s][info][gc,cpu         ] GC(139) User=0.39s Sys=0.00s Real=0.07s
[9.846s][info][gc,start       ] GC(140) Pause Young (Allocation Failure)
[9.929s][info][gc,heap        ] GC(140) PSYoungGen: 152864K(158208K)->99520K(176640K) Eden: 19968K(19968K)->0K(21504K) From: 132896K(138240K)->99520K(155136K)
[9.929s][info][gc,heap        ] GC(140) ParOldGen: 1446546K(1583616K)->1500474K(1583616K)
[9.929s][info][gc,metaspace   ] GC(140) Metaspace: 6300K(6464K)->6300K(6464K) NonClass: 5767K(5824K)->5767K(5824K) Class: 533K(640K)->533K(640K)
[9.929s][info][gc             ] GC(140) Pause Young (Allocation Failure) 1561M->1562M(1719M) 83.459ms
[9.929s][info][gc,cpu         ] GC(140) User=0.50s Sys=0.02s Real=0.08s
[9.952s][info][gc,start       ] GC(141) Pause Young (Allocation Failure)
[10.014s][info][gc,heap        ] GC(141) PSYoungGen: 121024K(176640K)->61600K(83456K) Eden: 21504K(21504K)->0K(21504K) From: 99520K(155136K)->61600K(61952K)
[10.014s][info][gc,heap        ] GC(141) ParOldGen: 1500474K(1583616K)->1560610K(1583616K)
[10.014s][info][gc,metaspace   ] GC(141) Metaspace: 6300K(6464K)->6300K(6464K) NonClass: 5767K(5824K)->5767K(5824K) Class: 533K(640K)->533K(640K)
[10.014s][info][gc             ] GC(141) Pause Young (Allocation Failure) 1583M->1584M(1628M) 61.927ms
[10.014s][info][gc,cpu         ] GC(141) User=0.28s Sys=0.09s Real=0.06s
[10.014s][info][gc,start       ] GC(142) Pause Full (Ergonomics)
[10.014s][info][gc,phases,start] GC(142) Marking Phase
[10.388s][info][gc,phases      ] GC(142) Marking Phase 374.139ms
[10.388s][info][gc,phases,start] GC(142) Summary Phase
[10.388s][info][gc,phases      ] GC(142) Summary Phase 0.041ms
[10.388s][info][gc,phases,start] GC(142) Adjust Roots
[10.388s][info][gc,phases      ] GC(142) Adjust Roots 0.220ms
[10.388s][info][gc,phases,start] GC(142) Compaction Phase
[10.555s][info][gc,phases      ] GC(142) Compaction Phase 166.754ms
[10.555s][info][gc,phases,start] GC(142) Post Compact
[10.558s][info][gc,phases      ] GC(142) Post Compact 3.076ms
[10.559s][info][gc,heap        ] GC(142) PSYoungGen: 61600K(83456K)->36813K(83456K) Eden: 0K(21504K)->0K(21504K) From: 61600K(61952K)->36813K(61952K)
[10.559s][info][gc,heap        ] GC(142) ParOldGen: 1560610K(1583616K)->1583255K(1764864K)
[10.559s][info][gc,metaspace   ] GC(142) Metaspace: 6300K(6464K)->6300K(6464K) NonClass: 5767K(5824K)->5767K(5824K) Class: 533K(640K)->533K(640K)
[10.559s][info][gc             ] GC(142) Pause Full (Ergonomics) 1584M->1582M(1805M) 545.196ms
[10.559s][info][gc,cpu         ] GC(142) User=3.80s Sys=0.03s Real=0.55s
[10.583s][info][gc,start       ] GC(143) Pause Young (Allocation Failure)
[10.674s][info][gc,heap        ] GC(143) PSYoungGen: 58317K(83456K)->35872K(173568K) Eden: 21504K(21504K)->0K(24064K) From: 36813K(61952K)->35872K(149504K)
[10.674s][info][gc,heap        ] GC(143) ParOldGen: 1583255K(1764864K)->1606167K(1764864K)
[10.674s][info][gc,metaspace   ] GC(143) Metaspace: 6300K(6464K)->6300K(6464K) NonClass: 5767K(5824K)->5767K(5824K) Class: 533K(640K)->533K(640K)
[10.674s][info][gc             ] GC(143) Pause Young (Allocation Failure) 1603M->1603M(1893M) 91.260ms
[10.674s][info][gc,cpu         ] GC(143) User=0.75s Sys=0.00s Real=0.09s
[10.700s][info][gc,start       ] GC(144) Pause Young (Allocation Failure)
[10.734s][info][gc,heap        ] GC(144) PSYoungGen: 59936K(173568K)->45696K(70144K) Eden: 24064K(24064K)->0K(24064K) From: 35872K(149504K)->45696K(46080K)
[10.734s][info][gc,heap        ] GC(144) ParOldGen: 1606167K(1764864K)->1620583K(1764864K)
[10.734s][info][gc,metaspace   ] GC(144) Metaspace: 6300K(6464K)->6300K(6464K) NonClass: 5767K(5824K)->5767K(5824K) Class: 533K(640K)->533K(640K)
[10.734s][info][gc             ] GC(144) Pause Young (Allocation Failure) 1627M->1627M(1792M) 33.638ms
[10.734s][info][gc,cpu         ] GC(144) User=0.16s Sys=0.00s Real=0.03s
[10.758s][info][gc,start       ] GC(145) Pause Young (Allocation Failure)
[10.797s][info][gc,heap        ] GC(145) PSYoungGen: 69760K(70144K)->48288K(165888K) Eden: 24064K(24064K)->0K(27136K) From: 45696K(46080K)->48288K(138752K)
[10.797s][info][gc,heap        ] GC(145) ParOldGen: 1620583K(1764864K)->1642367K(1764864K)
[10.797s][info][gc,metaspace   ] GC(145) Metaspace: 6300K(6464K)->6300K(6464K) NonClass: 5767K(5824K)->5767K(5824K) Class: 533K(640K)->533K(640K)
[10.797s][info][gc             ] GC(145) Pause Young (Allocation Failure) 1650M->1651M(1885M) 39.058ms
[10.797s][info][gc,cpu         ] GC(145) User=0.14s Sys=0.00s Real=0.04s
[10.825s][info][gc,start       ] GC(146) Pause Young (Allocation Failure)
[10.866s][info][gc,heap        ] GC(146) PSYoungGen: 75424K(165888K)->27328K(169984K) Eden: 27136K(27136K)->0K(27136K) From: 48288K(138752K)->27328K(142848K)
[10.867s][info][gc,heap        ] GC(146) ParOldGen: 1642367K(1764864K)->1691119K(1764864K)
[10.867s][info][gc,metaspace   ] GC(146) Metaspace: 6300K(6464K)->6300K(6464K) NonClass: 5767K(5824K)->5767K(5824K) Class: 533K(640K)->533K(640K)
[10.867s][info][gc             ] GC(146) Pause Young (Allocation Failure) 1677M->1678M(1889M) 41.721ms
[10.867s][info][gc,cpu         ] GC(146) User=0.27s Sys=0.00s Real=0.04s
[10.897s][info][gc,start       ] GC(147) Pause Young (Allocation Failure)
[10.932s][info][gc,heap        ] GC(147) PSYoungGen: 54464K(169984K)->27264K(169984K) Eden: 27136K(27136K)->0K(30720K) From: 27328K(142848K)->27264K(139264K)
[10.933s][info][gc,heap        ] GC(147) ParOldGen: 1691119K(1764864K)->1718647K(1764864K)
[10.933s][info][gc,metaspace   ] GC(147) Metaspace: 6300K(6464K)->6300K(6464K) NonClass: 5767K(5824K)->5767K(5824K) Class: 533K(640K)->533K(640K)
[10.933s][info][gc             ] GC(147) Pause Young (Allocation Failure) 1704M->1704M(1889M) 35.310ms
[10.933s][info][gc,cpu         ] GC(147) User=0.11s Sys=0.00s Real=0.03s
[10.933s][info][gc,start       ] GC(148) Pause Full (Ergonomics)
[10.933s][info][gc,phases,start] GC(148) Marking Phase
[11.343s][info][gc,phases      ] GC(148) Marking Phase 410.566ms
[11.343s][info][gc,phases,start] GC(148) Summary Phase
[11.343s][info][gc,phases      ] GC(148) Summary Phase 0.049ms
[11.343s][info][gc,phases,start] GC(148) Adjust Roots
[11.344s][info][gc,phases      ] GC(148) Adjust Roots 0.208ms
[11.344s][info][gc,phases,start] GC(148) Compaction Phase
[11.521s][info][gc,phases      ] GC(148) Compaction Phase 176.912ms
[11.521s][info][gc,phases,start] GC(148) Post Compact
[11.524s][info][gc,phases      ] GC(148) Post Compact 3.709ms
[11.525s][info][gc,heap        ] GC(148) PSYoungGen: 27264K(169984K)->0K(171520K) Eden: 0K(30720K)->0K(30720K) From: 27264K(139264K)->0K(140800K)
[11.525s][info][gc,heap        ] GC(148) ParOldGen: 1718647K(1764864K)->1743821K(1929728K)
[11.525s][info][gc,metaspace   ] GC(148) Metaspace: 6300K(6464K)->6300K(6464K) NonClass: 5767K(5824K)->5767K(5824K) Class: 533K(640K)->533K(640K)
[11.525s][info][gc             ] GC(148) Pause Full (Ergonomics) 1704M->1702M(2052M) 592.415ms
[11.525s][info][gc,cpu         ] GC(148) User=3.94s Sys=0.00s Real=0.59s
[11.560s][info][gc,start       ] GC(149) Pause Young (Allocation Failure)
[11.588s][info][gc,heap        ] GC(149) PSYoungGen: 30720K(171520K)->30912K(167936K) Eden: 30720K(30720K)->0K(33792K) From: 0K(140800K)->30912K(134144K)
[11.588s][info][gc,heap        ] GC(149) ParOldGen: 1743821K(1929728K)->1743821K(1929728K)
[11.588s][info][gc,metaspace   ] GC(149) Metaspace: 6300K(6464K)->6300K(6464K) NonClass: 5767K(5824K)->5767K(5824K) Class: 533K(640K)->533K(640K)
[11.588s][info][gc             ] GC(149) Pause Young (Allocation Failure) 1732M->1733M(2048M) 28.228ms
[11.588s][info][gc,cpu         ] GC(149) User=0.03s Sys=0.00s Real=0.03s
[11.625s][info][gc,start       ] GC(150) Pause Young (Allocation Failure)
[11.663s][info][gc,heap        ] GC(150) PSYoungGen: 64704K(167936K)->64704K(98816K) Eden: 33792K(33792K)->0K(33792K) From: 30912K(134144K)->64704K(65024K)
[11.663s][info][gc,heap        ] GC(150) ParOldGen: 1743821K(1929728K)->1743821K(1929728K)
[11.663s][info][gc,metaspace   ] GC(150) Metaspace: 6300K(6464K)->6300K(6464K) NonClass: 5767K(5824K)->5767K(5824K) Class: 533K(640K)->533K(640K)
[11.663s][info][gc             ] GC(150) Pause Young (Allocation Failure) 1766M->1766M(1981M) 38.626ms
[11.663s][info][gc,cpu         ] GC(150) User=0.14s Sys=0.00s Real=0.04s
[11.698s][info][gc,start       ] GC(151) Pause Young (Allocation Failure)
[11.748s][info][gc,heap        ] GC(151) PSYoungGen: 98496K(98816K)->98560K(161792K) Eden: 33792K(33792K)->0K(29696K) From: 64704K(65024K)->98560K(132096K)
[11.748s][info][gc,heap        ] GC(151) ParOldGen: 1743821K(1929728K)->1743821K(1929728K)
[11.748s][info][gc,metaspace   ] GC(151) Metaspace: 6300K(6464K)->6300K(6464K) NonClass: 5767K(5824K)->5767K(5824K) Class: 533K(640K)->533K(640K)
[11.748s][info][gc             ] GC(151) Pause Young (Allocation Failure) 1799M->1799M(2042M) 50.166ms
[11.748s][info][gc,cpu         ] GC(151) User=0.28s Sys=0.00s Real=0.05s
[11.781s][info][gc,start       ] GC(152) Pause Young (Allocation Failure)
[11.845s][info][gc,heap        ] GC(152) PSYoungGen: 128256K(161792K)->97536K(169472K) Eden: 29696K(29696K)->0K(29696K) From: 98560K(132096K)->97536K(139776K)
[11.845s][info][gc,heap        ] GC(152) ParOldGen: 1743821K(1929728K)->1774965K(1929728K)
[11.845s][info][gc,metaspace   ] GC(152) Metaspace: 6300K(6464K)->6300K(6464K) NonClass: 5767K(5824K)->5767K(5824K) Class: 533K(640K)->533K(640K)
[11.845s][info][gc             ] GC(152) Pause Young (Allocation Failure) 1828M->1828M(2050M) 64.040ms
[11.845s][info][gc,cpu         ] GC(152) User=0.34s Sys=0.02s Real=0.06s
[11.879s][info][gc,start       ] GC(153) Pause Young (Allocation Failure)
[11.943s][info][gc,heap        ] GC(153) PSYoungGen: 127232K(169472K)->93440K(176128K) Eden: 29696K(29696K)->0K(30720K) From: 97536K(139776K)->93440K(145408K)
[11.943s][info][gc,heap        ] GC(153) ParOldGen: 1774965K(1929728K)->1809229K(1929728K)
[11.943s][info][gc,metaspace   ] GC(153) Metaspace: 6300K(6464K)->6300K(6464K) NonClass: 5767K(5824K)->5767K(5824K) Class: 533K(640K)->533K(640K)
[11.943s][info][gc             ] GC(153) Pause Young (Allocation Failure) 1857M->1858M(2056M) 63.629ms
[11.943s][info][gc,cpu         ] GC(153) User=0.38s Sys=0.02s Real=0.06s
[11.976s][info][gc,start       ] GC(154) Pause Young (Allocation Failure)
[12.040s][info][gc,heap        ] GC(154) PSYoungGen: 124160K(176128K)->90336K(178688K) Eden: 30720K(30720K)->0K(30720K) From: 93440K(145408K)->90336K(147968K)
[12.040s][info][gc,heap        ] GC(154) ParOldGen: 1809229K(1929728K)->1843477K(1929728K)
[12.040s][info][gc,metaspace   ] GC(154) Metaspace: 6300K(6464K)->6300K(6464K) NonClass: 5767K(5824K)->5767K(5824K) Class: 533K(640K)->533K(640K)
[12.040s][info][gc             ] GC(154) Pause Young (Allocation Failure) 1888M->1888M(2059M) 63.440ms
[12.040s][info][gc,cpu         ] GC(154) User=0.36s Sys=0.00s Real=0.06s
[12.075s][info][gc,start       ] GC(155) Pause Young (Allocation Failure)
[12.137s][info][gc,heap        ] GC(155) PSYoungGen: 121056K(178688K)->61664K(171008K) Eden: 30720K(30720K)->0K(34816K) From: 90336K(147968K)->61664K(136192K)
[12.137s][info][gc,heap        ] GC(155) ParOldGen: 1843477K(1929728K)->1903653K(1929728K)
[12.137s][info][gc,metaspace   ] GC(155) Metaspace: 6300K(6464K)->6300K(6464K) NonClass: 5767K(5824K)->5767K(5824K) Class: 533K(640K)->533K(640K)
[12.137s][info][gc             ] GC(155) Pause Young (Allocation Failure) 1918M->1919M(2051M) 62.149ms
[12.137s][info][gc,cpu         ] GC(155) User=0.34s Sys=0.03s Real=0.06s
[12.137s][info][gc,start       ] GC(156) Pause Full (Ergonomics)
[12.137s][info][gc,phases,start] GC(156) Marking Phase
[12.597s][info][gc,phases      ] GC(156) Marking Phase 459.617ms
[12.597s][info][gc,phases,start] GC(156) Summary Phase
[12.597s][info][gc,phases      ] GC(156) Summary Phase 0.032ms
[12.597s][info][gc,phases,start] GC(156) Adjust Roots
[12.597s][info][gc,phases      ] GC(156) Adjust Roots 0.185ms
[12.597s][info][gc,phases,start] GC(156) Compaction Phase
[12.802s][info][gc,phases      ] GC(156) Compaction Phase 205.052ms
[12.802s][info][gc,phases,start] GC(156) Post Compact
[12.807s][info][gc,phases      ] GC(156) Post Compact 4.181ms
[12.808s][info][gc,heap        ] GC(156) PSYoungGen: 61664K(171008K)->33276K(175616K) Eden: 0K(34816K)->0K(39424K) From: 61664K(136192K)->33276K(136192K)
[12.808s][info][gc,heap        ] GC(156) ParOldGen: 1903653K(1929728K)->1929458K(2137088K)
[12.808s][info][gc,metaspace   ] GC(156) Metaspace: 6300K(6464K)->6300K(6464K) NonClass: 5767K(5824K)->5767K(5824K) Class: 533K(640K)->533K(640K)
[12.808s][info][gc             ] GC(156) Pause Full (Ergonomics) 1919M->1916M(2258M) 670.386ms
[12.808s][info][gc,cpu         ] GC(156) User=4.83s Sys=0.02s Real=0.67s
[12.856s][info][gc,start       ] GC(157) Pause Young (Allocation Failure)
[12.977s][info][gc,heap        ] GC(157) PSYoungGen: 72700K(175616K)->39616K(181248K) Eden: 39424K(39424K)->0K(39424K) From: 33276K(136192K)->39616K(141824K)
[12.977s][info][gc,heap        ] GC(157) ParOldGen: 1929458K(2137088K)->1963138K(2137088K)
[12.977s][info][gc,metaspace   ] GC(157) Metaspace: 6300K(6464K)->6300K(6464K) NonClass: 5767K(5824K)->5767K(5824K) Class: 533K(640K)->533K(640K)
[12.977s][info][gc             ] GC(157) Pause Young (Allocation Failure) 1955M->1955M(2264M) 120.349ms
[12.977s][info][gc,cpu         ] GC(157) User=0.75s Sys=0.03s Real=0.12s
[13.025s][info][gc,start       ] GC(158) Pause Young (Allocation Failure)
[13.073s][info][gc,heap        ] GC(158) PSYoungGen: 79040K(181248K)->39584K(178176K) Eden: 39424K(39424K)->0K(43520K) From: 39616K(141824K)->39584K(134656K)
[13.073s][info][gc,heap        ] GC(158) ParOldGen: 1963138K(2137088K)->2003106K(2137088K)
[13.073s][info][gc,metaspace   ] GC(158) Metaspace: 6300K(6464K)->6300K(6464K) NonClass: 5767K(5824K)->5767K(5824K) Class: 533K(640K)->533K(640K)
[13.073s][info][gc             ] GC(158) Pause Young (Allocation Failure) 1994M->1994M(2261M) 48.316ms
[13.073s][info][gc,cpu         ] GC(158) User=0.23s Sys=0.00s Real=0.05s
[13.118s][info][gc,start       ] GC(159) Pause Young (Allocation Failure)
[13.168s][info][gc,heap        ] GC(159) PSYoungGen: 83104K(178176K)->43680K(180736K) Eden: 43520K(43520K)->0K(43520K) From: 39584K(134656K)->43680K(137216K)
[13.168s][info][gc,heap        ] GC(159) ParOldGen: 2003106K(2137088K)->2043082K(2137088K)
[13.168s][info][gc,metaspace   ] GC(159) Metaspace: 6300K(6464K)->6300K(6464K) NonClass: 5767K(5824K)->5767K(5824K) Class: 533K(640K)->533K(640K)
[13.168s][info][gc             ] GC(159) Pause Young (Allocation Failure) 2037M->2037M(2263M) 50.143ms
[13.168s][info][gc,cpu         ] GC(159) User=0.25s Sys=0.00s Real=0.05s
[13.217s][info][gc,start       ] GC(160) Pause Young (Allocation Failure)
[13.268s][info][gc,heap        ] GC(160) PSYoungGen: 87200K(180736K)->43680K(173056K) Eden: 43520K(43520K)->0K(48128K) From: 43680K(137216K)->43680K(124928K)
[13.268s][info][gc,heap        ] GC(160) ParOldGen: 2043082K(2137088K)->2087170K(2137088K)
[13.268s][info][gc,metaspace   ] GC(160) Metaspace: 6300K(6464K)->6300K(6464K) NonClass: 5767K(5824K)->5767K(5824K) Class: 533K(640K)->533K(640K)
[13.268s][info][gc             ] GC(160) Pause Young (Allocation Failure) 2080M->2080M(2256M) 50.788ms
[13.268s][info][gc,cpu         ] GC(160) User=0.27s Sys=0.00s Real=0.05s
[13.268s][info][gc,start       ] GC(161) Pause Full (Ergonomics)
[13.268s][info][gc,phases,start] GC(161) Marking Phase
[13.758s][info][gc,phases      ] GC(161) Marking Phase 490.175ms
[13.759s][info][gc,phases,start] GC(161) Summary Phase
[13.759s][info][gc,phases      ] GC(161) Summary Phase 0.054ms
[13.759s][info][gc,phases,start] GC(161) Adjust Roots
[13.759s][info][gc,phases      ] GC(161) Adjust Roots 0.253ms
[13.759s][info][gc,phases,start] GC(161) Compaction Phase
[13.939s][info][gc,phases      ] GC(161) Compaction Phase 179.623ms
[13.939s][info][gc,phases,start] GC(161) Post Compact
[13.943s][info][gc,phases      ] GC(161) Post Compact 4.151ms
[13.944s][info][gc,heap        ] GC(161) PSYoungGen: 43680K(173056K)->0K(177152K) Eden: 0K(48128K)->0K(48128K) From: 43680K(124928K)->0K(129024K)
[13.944s][info][gc,heap        ] GC(161) ParOldGen: 2087170K(2137088K)->2128489K(2352128K)
[13.944s][info][gc,metaspace   ] GC(161) Metaspace: 6300K(6464K)->6300K(6464K) NonClass: 5767K(5824K)->5767K(5824K) Class: 533K(640K)->533K(640K)
[13.944s][info][gc             ] GC(161) Pause Full (Ergonomics) 2080M->2078M(2470M) 675.469ms
[13.944s][info][gc,cpu         ] GC(161) User=4.95s Sys=0.02s Real=0.67s
[13.998s][info][gc,start       ] GC(162) Pause Young (Allocation Failure)
[14.035s][info][gc,heap        ] GC(162) PSYoungGen: 48128K(177152K)->48320K(171008K) Eden: 48128K(48128K)->0K(52224K) From: 0K(129024K)->48320K(118784K)
[14.035s][info][gc,heap        ] GC(162) ParOldGen: 2128489K(2352128K)->2128489K(2352128K)
[14.035s][info][gc,metaspace   ] GC(162) Metaspace: 6300K(6464K)->6300K(6464K) NonClass: 5767K(5824K)->5767K(5824K) Class: 533K(640K)->533K(640K)
[14.035s][info][gc             ] GC(162) Pause Young (Allocation Failure) 2125M->2125M(2464M) 37.155ms
[14.035s][info][gc,cpu         ] GC(162) User=0.12s Sys=0.02s Real=0.04s
[14.102s][info][gc,start       ] GC(163) Pause Young (Allocation Failure)
[14.156s][info][gc,heap        ] GC(163) PSYoungGen: 100544K(171008K)->100608K(176640K) Eden: 52224K(52224K)->0K(52224K) From: 48320K(118784K)->100608K(124416K)
[14.156s][info][gc,heap        ] GC(163) ParOldGen: 2128489K(2352128K)->2128489K(2352128K)
[14.156s][info][gc,metaspace   ] GC(163) Metaspace: 6300K(6464K)->6300K(6464K) NonClass: 5767K(5824K)->5767K(5824K) Class: 533K(640K)->533K(640K)
[14.156s][info][gc             ] GC(163) Pause Young (Allocation Failure) 2176M->2176M(2469M) 54.257ms
[14.156s][info][gc,cpu         ] GC(163) User=0.38s Sys=0.00s Real=0.05s
[14.222s][info][gc,start       ] GC(164) Pause Young (Allocation Failure)
[14.305s][info][gc,heap        ] GC(164) PSYoungGen: 152832K(176640K)->133120K(163840K) Eden: 52224K(52224K)->0K(30720K) From: 100608K(124416K)->133120K(133120K)
[14.305s][info][gc,heap        ] GC(164) ParOldGen: 2128489K(2352128K)->2148385K(2352128K)
[14.305s][info][gc,metaspace   ] GC(164) Metaspace: 6300K(6464K)->6300K(6464K) NonClass: 5767K(5824K)->5767K(5824K) Class: 533K(640K)->533K(640K)
[14.305s][info][gc             ] GC(164) Pause Young (Allocation Failure) 2227M->2228M(2457M) 83.477ms
[14.305s][info][gc,cpu         ] GC(164) User=0.50s Sys=0.03s Real=0.08s
[14.343s][info][gc,start       ] GC(165) Pause Young (Allocation Failure)
[14.434s][info][gc,heap        ] GC(165) PSYoungGen: 163840K(163840K)->76416K(107520K) Eden: 30720K(30720K)->0K(30720K) From: 133120K(133120K)->76416K(76800K)
[14.434s][info][gc,heap        ] GC(165) ParOldGen: 2148385K(2352128K)->2237033K(2352128K)
[14.434s][info][gc,metaspace   ] GC(165) Metaspace: 6300K(6464K)->6300K(6464K) NonClass: 5767K(5824K)->5767K(5824K) Class: 533K(640K)->533K(640K)
[14.434s][info][gc             ] GC(165) Pause Young (Allocation Failure) 2258M->2259M(2402M) 91.044ms
[14.434s][info][gc,cpu         ] GC(165) User=0.52s Sys=0.02s Real=0.09s
[14.470s][info][gc,start       ] GC(166) Pause Young (Allocation Failure)
[14.527s][info][gc,heap        ] GC(166) PSYoungGen: 107136K(107520K)->61664K(174592K) Eden: 30720K(30720K)->0K(34304K) From: 76416K(76800K)->61664K(140288K)
[14.527s][info][gc,heap        ] GC(166) ParOldGen: 2237033K(2352128K)->2282993K(2352128K)
[14.527s][info][gc,metaspace   ] GC(166) Metaspace: 6300K(6464K)->6300K(6464K) NonClass: 5767K(5824K)->5767K(5824K) Class: 533K(640K)->533K(640K)
[14.527s][info][gc             ] GC(166) Pause Young (Allocation Failure) 2289M->2289M(2467M) 57.346ms
[14.527s][info][gc,cpu         ] GC(166) User=0.33s Sys=0.06s Real=0.06s
[14.527s][info][gc,start       ] GC(167) Pause Full (Ergonomics)
[14.527s][info][gc,phases,start] GC(167) Marking Phase
[15.061s][info][gc,phases      ] GC(167) Marking Phase 533.454ms
[15.061s][info][gc,phases,start] GC(167) Summary Phase
[15.061s][info][gc,phases      ] GC(167) Summary Phase 0.066ms
[15.061s][info][gc,phases,start] GC(167) Adjust Roots
[15.061s][info][gc,phases      ] GC(167) Adjust Roots 0.224ms
[15.061s][info][gc,phases,start] GC(167) Compaction Phase
[15.257s][info][gc,phases      ] GC(167) Compaction Phase 196.430ms
[15.257s][info][gc,phases,start] GC(167) Post Compact
[15.262s][info][gc,phases      ] GC(167) Post Compact 4.652ms
[15.263s][info][gc,heap        ] GC(167) PSYoungGen: 61664K(174592K)->0K(180736K) Eden: 0K(34304K)->0K(34304K) From: 61664K(140288K)->0K(146432K)
[15.263s][info][gc,heap        ] GC(167) ParOldGen: 2282993K(2352128K)->2342351K(2594304K)
[15.263s][info][gc,metaspace   ] GC(167) Metaspace: 6300K(6464K)->6300K(6464K) NonClass: 5767K(5824K)->5767K(5824K) Class: 533K(640K)->533K(640K)
[15.263s][info][gc             ] GC(167) Pause Full (Ergonomics) 2289M->2287M(2710M) 736.226ms
[15.263s][info][gc,cpu         ] GC(167) User=5.56s Sys=0.00s Real=0.74s
[15.303s][info][gc,start       ] GC(168) Pause Young (Allocation Failure)
[15.333s][info][gc,heap        ] GC(168) PSYoungGen: 34304K(180736K)->34464K(179712K) Eden: 34304K(34304K)->0K(37376K) From: 0K(146432K)->34464K(142336K)
[15.333s][info][gc,heap        ] GC(168) ParOldGen: 2342351K(2594304K)->2342351K(2594304K)
[15.333s][info][gc,metaspace   ] GC(168) Metaspace: 6300K(6464K)->6300K(6464K) NonClass: 5767K(5824K)->5767K(5824K) Class: 533K(640K)->533K(640K)
[15.333s][info][gc             ] GC(168) Pause Young (Allocation Failure) 2320M->2321M(2709M) 29.888ms
[15.333s][info][gc,cpu         ] GC(168) User=0.14s Sys=0.00s Real=0.03s
[15.376s][info][gc,start       ] GC(169) Pause Young (Allocation Failure)
[15.418s][info][gc,heap        ] GC(169) PSYoungGen: 71840K(179712K)->71936K(109568K) Eden: 37376K(37376K)->0K(37376K) From: 34464K(142336K)->71936K(72192K)
[15.418s][info][gc,heap        ] GC(169) ParOldGen: 2342351K(2594304K)->2342351K(2594304K)
[15.418s][info][gc,metaspace   ] GC(169) Metaspace: 6300K(6464K)->6300K(6464K) NonClass: 5767K(5824K)->5767K(5824K) Class: 533K(640K)->533K(640K)
[15.418s][info][gc             ] GC(169) Pause Young (Allocation Failure) 2357M->2357M(2640M) 42.206ms
[15.418s][info][gc,cpu         ] GC(169) User=0.27s Sys=0.00s Real=0.04s
[15.463s][info][gc,start       ] GC(170) Pause Young (Allocation Failure)
[15.522s][info][gc,heap        ] GC(170) PSYoungGen: 109312K(109568K)->109344K(171520K) Eden: 37376K(37376K)->0K(32768K) From: 71936K(72192K)->109344K(138752K)
[15.522s][info][gc,heap        ] GC(170) ParOldGen: 2342351K(2594304K)->2342351K(2594304K)
[15.522s][info][gc,metaspace   ] GC(170) Metaspace: 6300K(6464K)->6300K(6464K) NonClass: 5767K(5824K)->5767K(5824K) Class: 533K(640K)->533K(640K)
[15.522s][info][gc             ] GC(170) Pause Young (Allocation Failure) 2394M->2394M(2701M) 58.653ms
[15.522s][info][gc,cpu         ] GC(170) User=0.33s Sys=0.00s Real=0.06s
[15.563s][info][gc,start       ] GC(171) Pause Young (Allocation Failure)
[15.633s][info][gc,heap        ] GC(171) PSYoungGen: 142112K(171520K)->142112K(179712K) Eden: 32768K(32768K)->0K(32768K) From: 109344K(138752K)->142112K(146944K)
[15.634s][info][gc,heap        ] GC(171) ParOldGen: 2342351K(2594304K)->2342351K(2594304K)
[15.634s][info][gc,metaspace   ] GC(171) Metaspace: 6300K(6464K)->6300K(6464K) NonClass: 5767K(5824K)->5767K(5824K) Class: 533K(640K)->533K(640K)
[15.634s][info][gc             ] GC(171) Pause Young (Allocation Failure) 2426M->2426M(2709M) 70.985ms
[15.634s][info][gc,cpu         ] GC(171) User=0.42s Sys=0.00s Real=0.07s
[15.673s][info][gc,start       ] GC(172) Pause Young (Allocation Failure)
[15.769s][info][gc,heap        ] GC(172) PSYoungGen: 174880K(179712K)->165376K(174592K) Eden: 32768K(32768K)->0K(9216K) From: 142112K(146944K)->165376K(165376K)
[15.770s][info][gc,heap        ] GC(172) ParOldGen: 2342351K(2594304K)->2351887K(2594304K)
[15.770s][info][gc,metaspace   ] GC(172) Metaspace: 6300K(6464K)->6300K(6464K) NonClass: 5767K(5824K)->5767K(5824K) Class: 533K(640K)->533K(640K)
[15.770s][info][gc             ] GC(172) Pause Young (Allocation Failure) 2458M->2458M(2704M) 96.289ms
[15.770s][info][gc,cpu         ] GC(172) User=0.61s Sys=0.00s Real=0.10s
[15.781s][info][gc,start       ] GC(173) Pause Young (Allocation Failure)
[15.876s][info][gc,heap        ] GC(173) PSYoungGen: 174592K(174592K)->106080K(115712K) Eden: 9216K(9216K)->0K(9216K) From: 165376K(165376K)->106080K(106496K)
[15.876s][info][gc,heap        ] GC(173) ParOldGen: 2351887K(2594304K)->2421047K(2594304K)
[15.876s][info][gc,metaspace   ] GC(173) Metaspace: 6300K(6464K)->6300K(6464K) NonClass: 5767K(5824K)->5767K(5824K) Class: 533K(640K)->533K(640K)
[15.876s][info][gc             ] GC(173) Pause Young (Allocation Failure) 2467M->2467M(2646M) 95.294ms
[15.876s][info][gc,cpu         ] GC(173) User=0.45s Sys=0.05s Real=0.09s
[15.887s][info][gc,start       ] GC(174) Pause Young (Allocation Failure)
[15.950s][info][gc,heap        ] GC(174) PSYoungGen: 115296K(115712K)->49088K(194048K) Eden: 9216K(9216K)->0K(10752K) From: 106080K(106496K)->49088K(183296K)
[15.950s][info][gc,heap        ] GC(174) ParOldGen: 2421047K(2594304K)->2487679K(2594304K)
[15.950s][info][gc,metaspace   ] GC(174) Metaspace: 6300K(6464K)->6300K(6464K) NonClass: 5767K(5824K)->5767K(5824K) Class: 533K(640K)->533K(640K)
[15.950s][info][gc             ] GC(174) Pause Young (Allocation Failure) 2476M->2477M(2723M) 62.997ms
[15.950s][info][gc,cpu         ] GC(174) User=0.30s Sys=0.08s Real=0.06s
[15.962s][info][gc,start       ] GC(175) Pause Young (Allocation Failure)
[15.998s][info][gc,heap        ] GC(175) PSYoungGen: 59840K(194048K)->20064K(196608K) Eden: 10752K(10752K)->0K(10752K) From: 49088K(183296K)->20064K(185856K)
[15.998s][info][gc,heap        ] GC(175) ParOldGen: 2487679K(2594304K)->2527791K(2594304K)
[15.998s][info][gc,metaspace   ] GC(175) Metaspace: 6300K(6464K)->6300K(6464K) NonClass: 5767K(5824K)->5767K(5824K) Class: 533K(640K)->533K(640K)
[15.999s][info][gc             ] GC(175) Pause Young (Allocation Failure) 2487M->2488M(2725M) 36.138ms
[15.999s][info][gc,cpu         ] GC(175) User=0.20s Sys=0.03s Real=0.04s
[15.999s][info][gc,start       ] GC(176) Pause Full (Ergonomics)
[15.999s][info][gc,phases,start] GC(176) Marking Phase
[16.602s][info][gc,phases      ] GC(176) Marking Phase 603.698ms
[16.602s][info][gc,phases,start] GC(176) Summary Phase
[16.602s][info][gc,phases      ] GC(176) Summary Phase 0.051ms
[16.602s][info][gc,phases,start] GC(176) Adjust Roots
[16.603s][info][gc,phases      ] GC(176) Adjust Roots 0.172ms
[16.603s][info][gc,phases,start] GC(176) Compaction Phase
[16.809s][info][gc,phases      ] GC(176) Compaction Phase 206.155ms
[16.809s][info][gc,phases,start] GC(176) Post Compact
[16.813s][info][gc,phases      ] GC(176) Post Compact 4.361ms
[16.814s][info][gc,heap        ] GC(176) PSYoungGen: 20064K(196608K)->0K(199680K) Eden: 0K(10752K)->0K(12800K) From: 20064K(185856K)->0K(186880K)
[16.814s][info][gc,heap        ] GC(176) ParOldGen: 2527791K(2594304K)->2545879K(2823168K)
[16.814s][info][gc,metaspace   ] GC(176) Metaspace: 6300K(6464K)->6300K(6464K) NonClass: 5767K(5824K)->5767K(5824K) Class: 533K(640K)->533K(640K)
[16.814s][info][gc             ] GC(176) Pause Full (Ergonomics) 2488M->2486M(2952M) 815.564ms
[16.814s][info][gc,cpu         ] GC(176) User=5.95s Sys=0.02s Real=0.82s
[16.829s][info][gc,start       ] GC(177) Pause Young (Allocation Failure)
[16.853s][info][gc,heap        ] GC(177) PSYoungGen: 12800K(199680K)->12960K(199680K) Eden: 12800K(12800K)->0K(12800K) From: 0K(186880K)->12960K(186880K)
[16.853s][info][gc,heap        ] GC(177) ParOldGen: 2545879K(2823168K)->2545879K(2823168K)
[16.853s][info][gc,metaspace   ] GC(177) Metaspace: 6300K(6464K)->6300K(6464K) NonClass: 5767K(5824K)->5767K(5824K) Class: 533K(640K)->533K(640K)
[16.853s][info][gc             ] GC(177) Pause Young (Allocation Failure) 2498M->2498M(2952M) 23.302ms
[16.853s][info][gc,cpu         ] GC(177) User=0.02s Sys=0.00s Real=0.02s
[16.867s][info][gc,start       ] GC(178) Pause Young (Allocation Failure)
[16.894s][info][gc,heap        ] GC(178) PSYoungGen: 25760K(199680K)->12960K(199168K) Eden: 12800K(12800K)->0K(14336K) From: 12960K(186880K)->12960K(184832K)
[16.894s][info][gc,heap        ] GC(178) ParOldGen: 2545879K(2823168K)->2558799K(2823168K)
[16.894s][info][gc,metaspace   ] GC(178) Metaspace: 6300K(6464K)->6300K(6464K) NonClass: 5767K(5824K)->5767K(5824K) Class: 533K(640K)->533K(640K)
[16.894s][info][gc             ] GC(178) Pause Young (Allocation Failure) 2511M->2511M(2951M) 27.037ms
[16.894s][info][gc,cpu         ] GC(178) User=0.03s Sys=0.00s Real=0.03s
[16.911s][info][gc,start       ] GC(179) Pause Young (Allocation Failure)
[16.937s][info][gc,heap        ] GC(179) PSYoungGen: 27296K(199168K)->14400K(29184K) Eden: 14336K(14336K)->0K(14336K) From: 12960K(184832K)->14400K(14848K)
[16.937s][info][gc,heap        ] GC(179) ParOldGen: 2558799K(2823168K)->2571719K(2823168K)
[16.938s][info][gc,metaspace   ] GC(179) Metaspace: 6300K(6464K)->6300K(6464K) NonClass: 5767K(5824K)->5767K(5824K) Class: 533K(640K)->533K(640K)
[16.938s][info][gc             ] GC(179) Pause Young (Allocation Failure) 2525M->2525M(2785M) 26.106ms
[16.938s][info][gc,cpu         ] GC(179) User=0.05s Sys=0.00s Real=0.03s
[16.955s][info][gc,start       ] GC(180) Pause Young (Allocation Failure)
[16.984s][info][gc,heap        ] GC(180) PSYoungGen: 28736K(29184K)->14464K(191488K) Eden: 14336K(14336K)->0K(16384K) From: 14400K(14848K)->14464K(175104K)
[16.984s][info][gc,heap        ] GC(180) ParOldGen: 2571719K(2823168K)->2586183K(2823168K)
[16.984s][info][gc,metaspace   ] GC(180) Metaspace: 6300K(6464K)->6300K(6464K) NonClass: 5767K(5824K)->5767K(5824K) Class: 533K(640K)->533K(640K)
[16.984s][info][gc             ] GC(180) Pause Young (Allocation Failure) 2539M->2539M(2944M) 29.053ms
[16.984s][info][gc,cpu         ] GC(180) User=0.03s Sys=0.00s Real=0.03s
[17.004s][info][gc,start       ] GC(181) Pause Young (Allocation Failure)
[17.032s][info][gc,heap        ] GC(181) PSYoungGen: 30848K(191488K)->16480K(33280K) Eden: 16384K(16384K)->0K(16384K) From: 14464K(175104K)->16480K(16896K)
[17.032s][info][gc,heap        ] GC(181) ParOldGen: 2586183K(2823168K)->2600639K(2823168K)
[17.032s][info][gc,metaspace   ] GC(181) Metaspace: 6300K(6464K)->6300K(6464K) NonClass: 5767K(5824K)->5767K(5824K) Class: 533K(640K)->533K(640K)
[17.032s][info][gc             ] GC(181) Pause Young (Allocation Failure) 2555M->2555M(2789M) 27.707ms
[17.032s][info][gc,cpu         ] GC(181) User=0.06s Sys=0.00s Real=0.03s
[17.052s][info][gc,start       ] GC(182) Pause Young (Allocation Failure)
[17.081s][info][gc,heap        ] GC(182) PSYoungGen: 32864K(33280K)->16544K(181760K) Eden: 16384K(16384K)->0K(18944K) From: 16480K(16896K)->16544K(162816K)
[17.081s][info][gc,heap        ] GC(182) ParOldGen: 2600639K(2823168K)->2617175K(2823168K)
[17.081s][info][gc,metaspace   ] GC(182) Metaspace: 6300K(6464K)->6300K(6464K) NonClass: 5767K(5824K)->5767K(5824K) Class: 533K(640K)->533K(640K)
[17.081s][info][gc             ] GC(182) Pause Young (Allocation Failure) 2571M->2571M(2934M) 29.023ms
[17.081s][info][gc,cpu         ] GC(182) User=0.03s Sys=0.00s Real=0.03s
[17.105s][info][gc,start       ] GC(183) Pause Young (Allocation Failure)
[17.134s][info][gc,heap        ] GC(183) PSYoungGen: 35488K(181760K)->19072K(38400K) Eden: 18944K(18944K)->0K(18944K) From: 16544K(162816K)->19072K(19456K)
[17.134s][info][gc,heap        ] GC(183) ParOldGen: 2617175K(2823168K)->2633711K(2823168K)
[17.134s][info][gc,metaspace   ] GC(183) Metaspace: 6300K(6464K)->6300K(6464K) NonClass: 5767K(5824K)->5767K(5824K) Class: 533K(640K)->533K(640K)
[17.134s][info][gc             ] GC(183) Pause Young (Allocation Failure) 2590M->2590M(2794M) 29.468ms
[17.134s][info][gc,cpu         ] GC(183) User=0.09s Sys=0.03s Real=0.03s
[17.157s][info][gc,start       ] GC(184) Pause Young (Allocation Failure)
[17.189s][info][gc,heap        ] GC(184) PSYoungGen: 38016K(38400K)->19136K(169472K) Eden: 18944K(18944K)->0K(21504K) From: 19072K(19456K)->19136K(147968K)
[17.189s][info][gc,heap        ] GC(184) ParOldGen: 2633711K(2823168K)->2652823K(2823168K)
[17.189s][info][gc,metaspace   ] GC(184) Metaspace: 6300K(6464K)->6300K(6464K) NonClass: 5767K(5824K)->5767K(5824K) Class: 533K(640K)->533K(640K)
[17.190s][info][gc             ] GC(184) Pause Young (Allocation Failure) 2609M->2609M(2922M) 32.446ms
[17.190s][info][gc,cpu         ] GC(184) User=0.14s Sys=0.00s Real=0.03s
[17.217s][info][gc,start       ] GC(185) Pause Young (Allocation Failure)
[17.256s][info][gc,heap        ] GC(185) PSYoungGen: 40640K(169472K)->21600K(43520K) Eden: 21504K(21504K)->0K(21504K) From: 19136K(147968K)->21600K(22016K)
[17.256s][info][gc,heap        ] GC(185) ParOldGen: 2652823K(2823168K)->2671943K(2823168K)
[17.256s][info][gc,metaspace   ] GC(185) Metaspace: 6300K(6464K)->6300K(6464K) NonClass: 5767K(5824K)->5767K(5824K) Class: 533K(640K)->533K(640K)
[17.256s][info][gc             ] GC(185) Pause Young (Allocation Failure) 2630M->2630M(2799M) 38.351ms
[17.256s][info][gc,cpu         ] GC(185) User=0.11s Sys=0.00s Real=0.04s
[17.287s][info][gc,start       ] GC(186) Pause Young (Allocation Failure)
[17.324s][info][gc,heap        ] GC(186) PSYoungGen: 43104K(43520K)->21632K(156672K) Eden: 21504K(21504K)->0K(24064K) From: 21600K(22016K)->21632K(132608K)
[17.325s][info][gc,heap        ] GC(186) ParOldGen: 2671943K(2823168K)->2693647K(2823168K)
[17.325s][info][gc,metaspace   ] GC(186) Metaspace: 6300K(6464K)->6300K(6464K) NonClass: 5767K(5824K)->5767K(5824K) Class: 533K(640K)->533K(640K)
[17.325s][info][gc             ] GC(186) Pause Young (Allocation Failure) 2651M->2651M(2910M) 37.647ms
[17.325s][info][gc,cpu         ] GC(186) User=0.14s Sys=0.02s Real=0.04s
[17.351s][info][gc,start       ] GC(187) Pause Young (Allocation Failure)
[17.386s][info][gc,heap        ] GC(187) PSYoungGen: 45696K(156672K)->24192K(48640K) Eden: 24064K(24064K)->0K(24064K) From: 21632K(132608K)->24192K(24576K)
[17.386s][info][gc,heap        ] GC(187) ParOldGen: 2693647K(2823168K)->2715351K(2823168K)
[17.386s][info][gc,metaspace   ] GC(187) Metaspace: 6300K(6464K)->6300K(6464K) NonClass: 5767K(5824K)->5767K(5824K) Class: 533K(640K)->533K(640K)
[17.386s][info][gc             ] GC(187) Pause Young (Allocation Failure) 2675M->2675M(2804M) 34.875ms
[17.386s][info][gc,cpu         ] GC(187) User=0.12s Sys=0.00s Real=0.03s
[17.415s][info][gc,start       ] GC(188) Pause Young (Allocation Failure)
[17.448s][info][gc,heap        ] GC(188) PSYoungGen: 48256K(48640K)->24192K(145408K) Eden: 24064K(24064K)->0K(27136K) From: 24192K(24576K)->24192K(118272K)
[17.448s][info][gc,heap        ] GC(188) ParOldGen: 2715351K(2823168K)->2739631K(2823168K)
[17.448s][info][gc,metaspace   ] GC(188) Metaspace: 6300K(6464K)->6300K(6464K) NonClass: 5767K(5824K)->5767K(5824K) Class: 533K(640K)->533K(640K)
[17.448s][info][gc             ] GC(188) Pause Young (Allocation Failure) 2698M->2699M(2899M) 33.357ms
[17.448s][info][gc,cpu         ] GC(188) User=0.14s Sys=0.00s Real=0.03s
[17.478s][info][gc,start       ] GC(189) Pause Young (Allocation Failure)
[17.513s][info][gc,heap        ] GC(189) PSYoungGen: 51328K(145408K)->27296K(54784K) Eden: 27136K(27136K)->0K(27136K) From: 24192K(118272K)->27296K(27648K)
[17.513s][info][gc,heap        ] GC(189) ParOldGen: 2739631K(2823168K)->2763919K(2823168K)
[17.513s][info][gc,metaspace   ] GC(189) Metaspace: 6300K(6464K)->6300K(6464K) NonClass: 5767K(5824K)->5767K(5824K) Class: 533K(640K)->533K(640K)
[17.513s][info][gc             ] GC(189) Pause Young (Allocation Failure) 2725M->2725M(2810M) 34.567ms
[17.513s][info][gc,cpu         ] GC(189) User=0.11s Sys=0.03s Real=0.03s
[17.545s][info][gc,start       ] GC(190) Pause Young (Allocation Failure)
[17.582s][info][gc,heap        ] GC(190) PSYoungGen: 54432K(54784K)->27296K(135168K) Eden: 27136K(27136K)->0K(30208K) From: 27296K(27648K)->27296K(104960K)
[17.582s][info][gc,heap        ] GC(190) ParOldGen: 2763919K(2823168K)->2791295K(2823168K)
[17.582s][info][gc,metaspace   ] GC(190) Metaspace: 6300K(6464K)->6300K(6464K) NonClass: 5767K(5824K)->5767K(5824K) Class: 533K(640K)->533K(640K)
[17.582s][info][gc             ] GC(190) Pause Young (Allocation Failure) 2752M->2752M(2889M) 37.014ms
[17.582s][info][gc,cpu         ] GC(190) User=0.16s Sys=0.00s Real=0.04s
[17.582s][info][gc,start       ] GC(191) Pause Full (Ergonomics)
[17.582s][info][gc,phases,start] GC(191) Marking Phase
[18.232s][info][gc,phases      ] GC(191) Marking Phase 649.235ms
[18.232s][info][gc,phases,start] GC(191) Summary Phase
[18.232s][info][gc,phases      ] GC(191) Summary Phase 0.113ms
[18.232s][info][gc,phases,start] GC(191) Adjust Roots
[18.232s][info][gc,phases      ] GC(191) Adjust Roots 0.242ms
[18.232s][info][gc,phases,start] GC(191) Compaction Phase
[18.465s][info][gc,phases      ] GC(191) Compaction Phase 232.655ms
[18.465s][info][gc,phases,start] GC(191) Post Compact
[18.470s][info][gc,phases      ] GC(191) Post Compact 5.407ms
[18.471s][info][gc,heap        ] GC(191) PSYoungGen: 27296K(135168K)->0K(141824K) Eden: 0K(30208K)->0K(30208K) From: 27296K(104960K)->0K(111616K)
[18.471s][info][gc,heap        ] GC(191) ParOldGen: 2791295K(2823168K)->2815765K(3070464K)
[18.471s][info][gc,metaspace   ] GC(191) Metaspace: 6300K(6464K)->6300K(6464K) NonClass: 5767K(5824K)->5767K(5824K) Class: 533K(640K)->533K(640K)
[18.471s][info][gc             ] GC(191) Pause Full (Ergonomics) 2752M->2749M(3137M) 889.133ms
[18.472s][info][gc,cpu         ] GC(191) User=6.14s Sys=0.02s Real=0.89s
[19.035s][info][gc,start       ] GC(192) Pause Young (Allocation Failure)
[19.134s][info][gc,heap        ] GC(192) PSYoungGen: 30208K(141824K)->30368K(130048K) Eden: 30208K(30208K)->0K(33280K) From: 0K(111616K)->30368K(96768K)
[19.134s][info][gc,heap        ] GC(192) ParOldGen: 2946837K(3070464K)->2946837K(3070464K)
[19.134s][info][gc,metaspace   ] GC(192) Metaspace: 6300K(6464K)->6300K(6464K) NonClass: 5767K(5824K)->5767K(5824K) Class: 533K(640K)->533K(640K)
[19.134s][info][gc             ] GC(192) Pause Young (Allocation Failure) 2907M->2907M(3125M) 98.946ms
[19.134s][info][gc,cpu         ] GC(192) User=0.52s Sys=0.00s Real=0.10s
[19.172s][info][gc,start       ] GC(193) Pause Young (Allocation Failure)
[19.228s][info][gc,heap        ] GC(193) PSYoungGen: 63648K(130048K)->63680K(137728K) Eden: 33280K(33280K)->0K(33280K) From: 30368K(96768K)->63680K(104448K)
[19.228s][info][gc,heap        ] GC(193) ParOldGen: 2946837K(3070464K)->2946837K(3070464K)
[19.228s][info][gc,metaspace   ] GC(193) Metaspace: 6300K(6464K)->6300K(6464K) NonClass: 5767K(5824K)->5767K(5824K) Class: 533K(640K)->533K(640K)
[19.228s][info][gc             ] GC(193) Pause Young (Allocation Failure) 2939M->2939M(3133M) 55.540ms
[19.228s][info][gc,cpu         ] GC(193) User=0.14s Sys=0.02s Real=0.06s
[19.262s][info][gc,start       ] GC(194) Pause Young (Allocation Failure)
[19.321s][info][gc,heap        ] GC(194) PSYoungGen: 96960K(137728K)->97024K(130048K) Eden: 33280K(33280K)->0K(21504K) From: 63680K(104448K)->97024K(108544K)
[19.322s][info][gc,heap        ] GC(194) ParOldGen: 2946837K(3070464K)->2946837K(3070464K)
[19.322s][info][gc,metaspace   ] GC(194) Metaspace: 6300K(6464K)->6300K(6464K) NonClass: 5767K(5824K)->5767K(5824K) Class: 533K(640K)->533K(640K)
[19.322s][info][gc             ] GC(194) Pause Young (Allocation Failure) 2972M->2972M(3125M) 59.491ms
[19.322s][info][gc,cpu         ] GC(194) User=0.20s Sys=0.00s Real=0.06s
[19.345s][info][gc,start       ] GC(195) Pause Young (Allocation Failure)
[19.416s][info][gc,heap        ] GC(195) PSYoungGen: 118528K(130048K)->88288K(144896K) Eden: 21504K(21504K)->0K(21504K) From: 97024K(108544K)->88288K(123392K)
[19.417s][info][gc,heap        ] GC(195) ParOldGen: 2946837K(3070464K)->2977317K(3070464K)
[19.417s][info][gc,metaspace   ] GC(195) Metaspace: 6300K(6464K)->6300K(6464K) NonClass: 5767K(5824K)->5767K(5824K) Class: 533K(640K)->533K(640K)
[19.417s][info][gc             ] GC(195) Pause Young (Allocation Failure) 2993M->2993M(3140M) 71.158ms
[19.417s][info][gc,cpu         ] GC(195) User=0.23s Sys=0.00s Real=0.07s
[19.437s][info][gc,start       ] GC(196) Pause Young (Allocation Failure)
[19.512s][info][gc,heap        ] GC(196) PSYoungGen: 109792K(144896K)->76512K(154624K) Eden: 21504K(21504K)->0K(22528K) From: 88288K(123392K)->76512K(132096K)
[19.512s][info][gc,heap        ] GC(196) ParOldGen: 2977317K(3070464K)->3010885K(3070464K)
[19.512s][info][gc,metaspace   ] GC(196) Metaspace: 6300K(6464K)->6300K(6464K) NonClass: 5767K(5824K)->5767K(5824K) Class: 533K(640K)->533K(640K)
[19.512s][info][gc             ] GC(196) Pause Young (Allocation Failure) 3014M->3015M(3149M) 75.539ms
[19.512s][info][gc,cpu         ] GC(196) User=0.25s Sys=0.00s Real=0.08s
[19.538s][info][gc,start       ] GC(197) Pause Young (Allocation Failure)
[19.599s][info][gc,heap        ] GC(197) PSYoungGen: 99040K(154624K)->44160K(67072K) Eden: 22528K(22528K)->0K(22528K) From: 76512K(132096K)->44160K(44544K)
[19.599s][info][gc,heap        ] GC(197) ParOldGen: 3010885K(3070464K)->3066117K(3070464K)
[19.599s][info][gc,metaspace   ] GC(197) Metaspace: 6300K(6464K)->6300K(6464K) NonClass: 5767K(5824K)->5767K(5824K) Class: 533K(640K)->533K(640K)
[19.599s][info][gc             ] GC(197) Pause Young (Allocation Failure) 3037M->3037M(3064M) 61.706ms
[19.599s][info][gc,cpu         ] GC(197) User=0.28s Sys=0.00s Real=0.06s
[19.599s][info][gc,start       ] GC(198) Pause Full (Ergonomics)
[19.599s][info][gc,phases,start] GC(198) Marking Phase
[20.282s][info][gc,phases      ] GC(198) Marking Phase 682.338ms
[20.282s][info][gc,phases,start] GC(198) Summary Phase
[20.282s][info][gc,phases      ] GC(198) Summary Phase 0.058ms
[20.282s][info][gc,phases,start] GC(198) Adjust Roots
[20.282s][info][gc,phases      ] GC(198) Adjust Roots 0.174ms
[20.282s][info][gc,phases,start] GC(198) Compaction Phase
[20.762s][info][gc,phases      ] GC(198) Compaction Phase 479.379ms
[20.762s][info][gc,phases,start] GC(198) Post Compact
[20.768s][info][gc,phases      ] GC(198) Post Compact 6.318ms
[20.769s][info][gc,heap        ] GC(198) PSYoungGen: 44160K(67072K)->0K(152576K) Eden: 0K(22528K)->0K(25600K) From: 44160K(44544K)->0K(126976K)
[20.769s][info][gc,heap        ] GC(198) ParOldGen: 3066117K(3070464K)->3043407K(3331584K)
[20.769s][info][gc,metaspace   ] GC(198) Metaspace: 6300K(6464K)->6300K(6464K) NonClass: 5767K(5824K)->5767K(5824K) Class: 533K(640K)->533K(640K)
[20.769s][info][gc             ] GC(198) Pause Full (Ergonomics) 3037M->2972M(3402M) 1169.495ms
[20.769s][info][gc,cpu         ] GC(198) User=8.06s Sys=0.05s Real=1.17s
[20.794s][info][gc,start       ] GC(199) Pause Young (Allocation Failure)
[20.829s][info][gc,heap        ] GC(199) PSYoungGen: 25600K(152576K)->25760K(51712K) Eden: 25600K(25600K)->0K(25600K) From: 0K(126976K)->25760K(26112K)
[20.829s][info][gc,heap        ] GC(199) ParOldGen: 3043407K(3331584K)->3043407K(3331584K)
[20.829s][info][gc,metaspace   ] GC(199) Metaspace: 6300K(6464K)->6300K(6464K) NonClass: 5767K(5824K)->5767K(5824K) Class: 533K(640K)->533K(640K)
[20.829s][info][gc             ] GC(199) Pause Young (Allocation Failure) 2997M->2997M(3304M) 34.598ms
[20.829s][info][gc,cpu         ] GC(199) User=0.03s Sys=0.00s Real=0.03s
[20.853s][info][gc,start       ] GC(200) Pause Young (Allocation Failure)
[20.898s][info][gc,heap        ] GC(200) PSYoungGen: 51360K(51712K)->25760K(145408K) Eden: 25600K(25600K)->0K(28672K) From: 25760K(26112K)->25760K(116736K)
[20.898s][info][gc,heap        ] GC(200) ParOldGen: 3043407K(3331584K)->3069263K(3331584K)
[20.898s][info][gc,metaspace   ] GC(200) Metaspace: 6300K(6464K)->6300K(6464K) NonClass: 5767K(5824K)->5767K(5824K) Class: 533K(640K)->533K(640K)
[20.898s][info][gc             ] GC(200) Pause Young (Allocation Failure) 3022M->3022M(3395M) 45.355ms
[20.898s][info][gc,cpu         ] GC(200) User=0.11s Sys=0.02s Real=0.05s
[20.926s][info][gc,start       ] GC(201) Pause Young (Allocation Failure)
[20.970s][info][gc,heap        ] GC(201) PSYoungGen: 54432K(145408K)->28832K(57856K) Eden: 28672K(28672K)->0K(28672K) From: 25760K(116736K)->28832K(29184K)
[20.970s][info][gc,heap        ] GC(201) ParOldGen: 3069263K(3331584K)->3095087K(3331584K)
[20.970s][info][gc,metaspace   ] GC(201) Metaspace: 6300K(6464K)->6300K(6464K) NonClass: 5767K(5824K)->5767K(5824K) Class: 533K(640K)->533K(640K)
[20.970s][info][gc             ] GC(201) Pause Young (Allocation Failure) 3050M->3050M(3310M) 44.253ms
[20.970s][info][gc,cpu         ] GC(201) User=0.06s Sys=0.02s Real=0.04s
[20.997s][info][gc,start       ] GC(202) Pause Young (Allocation Failure)
[21.047s][info][gc,heap        ] GC(202) PSYoungGen: 57504K(57856K)->28864K(138240K) Eden: 28672K(28672K)->0K(32256K) From: 28832K(29184K)->28864K(105984K)
[21.047s][info][gc,heap        ] GC(202) ParOldGen: 3095087K(3331584K)->3124039K(3331584K)
[21.047s][info][gc,metaspace   ] GC(202) Metaspace: 6300K(6464K)->6300K(6464K) NonClass: 5767K(5824K)->5767K(5824K) Class: 533K(640K)->533K(640K)
[21.047s][info][gc             ] GC(202) Pause Young (Allocation Failure) 3078M->3079M(3388M) 49.708ms
[21.047s][info][gc,cpu         ] GC(202) User=0.08s Sys=0.00s Real=0.05s
[21.081s][info][gc,start       ] GC(203) Pause Young (Allocation Failure)
[21.135s][info][gc,heap        ] GC(203) PSYoungGen: 61120K(138240K)->32448K(65024K) Eden: 32256K(32256K)->0K(32256K) From: 28864K(105984K)->32448K(32768K)
[21.135s][info][gc,heap        ] GC(203) ParOldGen: 3124039K(3331584K)->3152983K(3331584K)
[21.135s][info][gc,metaspace   ] GC(203) Metaspace: 6300K(6464K)->6300K(6464K) NonClass: 5767K(5824K)->5767K(5824K) Class: 533K(640K)->533K(640K)
[21.136s][info][gc             ] GC(203) Pause Young (Allocation Failure) 3110M->3110M(3317M) 54.251ms
[21.136s][info][gc,cpu         ] GC(203) User=0.19s Sys=0.02s Real=0.05s
[21.172s][info][gc,start       ] GC(204) Pause Young (Allocation Failure)
[21.222s][info][gc,heap        ] GC(204) PSYoungGen: 64704K(65024K)->32384K(131584K) Eden: 32256K(32256K)->0K(36352K) From: 32448K(32768K)->32384K(95232K)
[21.222s][info][gc,heap        ] GC(204) ParOldGen: 3152983K(3331584K)->3185527K(3331584K)
[21.222s][info][gc,metaspace   ] GC(204) Metaspace: 6300K(6464K)->6300K(6464K) NonClass: 5767K(5824K)->5767K(5824K) Class: 533K(640K)->533K(640K)
[21.222s][info][gc             ] GC(204) Pause Young (Allocation Failure) 3142M->3142M(3382M) 50.402ms
[21.222s][info][gc,cpu         ] GC(204) User=0.17s Sys=0.02s Real=0.05s
[21.260s][info][gc,start       ] GC(205) Pause Young (Allocation Failure)
[21.318s][info][gc,heap        ] GC(205) PSYoungGen: 68736K(131584K)->36544K(73216K) Eden: 36352K(36352K)->0K(36352K) From: 32384K(95232K)->36544K(36864K)
[21.318s][info][gc,heap        ] GC(205) ParOldGen: 3185527K(3331584K)->3218063K(3331584K)
[21.318s][info][gc,metaspace   ] GC(205) Metaspace: 6300K(6464K)->6300K(6464K) NonClass: 5767K(5824K)->5767K(5824K) Class: 533K(640K)->533K(640K)
[21.318s][info][gc             ] GC(205) Pause Young (Allocation Failure) 3177M->3178M(3325M) 57.968ms
[21.318s][info][gc,cpu         ] GC(205) User=0.16s Sys=0.03s Real=0.06s
[21.355s][info][gc,start       ] GC(206) Pause Young (Allocation Failure)
[21.411s][info][gc,heap        ] GC(206) PSYoungGen: 72896K(73216K)->36512K(125952K) Eden: 36352K(36352K)->0K(40960K) From: 36544K(36864K)->36512K(84992K)
[21.411s][info][gc,heap        ] GC(206) ParOldGen: 3218063K(3331584K)->3254735K(3331584K)
[21.411s][info][gc,metaspace   ] GC(206) Metaspace: 6300K(6464K)->6300K(6464K) NonClass: 5767K(5824K)->5767K(5824K) Class: 533K(640K)->533K(640K)
[21.411s][info][gc             ] GC(206) Pause Young (Allocation Failure) 3213M->3214M(3376M) 56.309ms
[21.411s][info][gc,cpu         ] GC(206) User=0.17s Sys=0.00s Real=0.06s
[21.452s][info][gc,start       ] GC(207) Pause Young (Allocation Failure)
[21.516s][info][gc,heap        ] GC(207) PSYoungGen: 77472K(125952K)->41152K(131072K) Eden: 40960K(40960K)->0K(40960K) From: 36512K(84992K)->41152K(90112K)
[21.516s][info][gc,heap        ] GC(207) ParOldGen: 3254735K(3331584K)->3291415K(3331584K)
[21.516s][info][gc,metaspace   ] GC(207) Metaspace: 6300K(6464K)->6300K(6464K) NonClass: 5767K(5824K)->5767K(5824K) Class: 533K(640K)->533K(640K)
[21.516s][info][gc             ] GC(207) Pause Young (Allocation Failure) 3254M->3254M(3381M) 63.500ms
[21.516s][info][gc,cpu         ] GC(207) User=0.25s Sys=0.00s Real=0.06s
[21.516s][info][gc,start       ] GC(208) Pause Full (Ergonomics)
[21.516s][info][gc,phases,start] GC(208) Marking Phase
[22.310s][info][gc,phases      ] GC(208) Marking Phase 794.285ms
[22.310s][info][gc,phases,start] GC(208) Summary Phase
[22.310s][info][gc,phases      ] GC(208) Summary Phase 0.119ms
[22.310s][info][gc,phases,start] GC(208) Adjust Roots
[22.311s][info][gc,phases      ] GC(208) Adjust Roots 0.273ms
[22.311s][info][gc,phases,start] GC(208) Compaction Phase
[22.694s][info][gc,phases      ] GC(208) Compaction Phase 383.655ms
[22.695s][info][gc,phases,start] GC(208) Post Compact
[22.702s][info][gc,phases      ] GC(208) Post Compact 7.755ms
[22.703s][info][gc,heap        ] GC(208) PSYoungGen: 41152K(131072K)->0K(131584K) Eden: 0K(40960K)->0K(46080K) From: 41152K(90112K)->0K(85504K)
[22.703s][info][gc,heap        ] GC(208) ParOldGen: 3291415K(3331584K)->3329847K(3641344K)
[22.703s][info][gc,metaspace   ] GC(208) Metaspace: 6300K(6464K)->6300K(6464K) NonClass: 5767K(5824K)->5767K(5824K) Class: 533K(640K)->533K(640K)
[22.704s][info][gc             ] GC(208) Pause Full (Ergonomics) 3254M->3251M(3684M) 1187.535ms
[22.704s][info][gc,cpu         ] GC(208) User=7.81s Sys=0.00s Real=1.19s
[22.751s][info][gc,start       ] GC(209) Pause Young (Allocation Failure)
[22.805s][info][gc,heap        ] GC(209) PSYoungGen: 46080K(131584K)->46240K(131584K) Eden: 46080K(46080K)->0K(46080K) From: 0K(85504K)->46240K(85504K)
[22.805s][info][gc,heap        ] GC(209) ParOldGen: 3329847K(3641344K)->3329847K(3641344K)
[22.805s][info][gc,metaspace   ] GC(209) Metaspace: 6300K(6464K)->6300K(6464K) NonClass: 5767K(5824K)->5767K(5824K) Class: 533K(640K)->533K(640K)
[22.805s][info][gc             ] GC(209) Pause Young (Allocation Failure) 3296M->3296M(3684M) 54.590ms
[22.805s][info][gc,cpu         ] GC(209) User=0.11s Sys=0.02s Real=0.05s
[22.859s][info][gc,start       ] GC(210) Pause Young (Allocation Failure)
[22.922s][info][gc,heap        ] GC(210) PSYoungGen: 92320K(131584K)->83456K(119296K) Eden: 46080K(46080K)->0K(35840K) From: 46240K(85504K)->83456K(83456K)
[22.922s][info][gc,heap        ] GC(210) ParOldGen: 3329847K(3641344K)->3338775K(3641344K)
[22.922s][info][gc,metaspace   ] GC(210) Metaspace: 6300K(6464K)->6300K(6464K) NonClass: 5767K(5824K)->5767K(5824K) Class: 533K(640K)->533K(640K)
[22.922s][info][gc             ] GC(210) Pause Young (Allocation Failure) 3341M->3342M(3672M) 63.596ms
[22.922s][info][gc,cpu         ] GC(210) User=0.19s Sys=0.00s Real=0.06s
[22.961s][info][gc,start       ] GC(211) Pause Young (Allocation Failure)
[23.039s][info][gc,heap        ] GC(211) PSYoungGen: 119296K(119296K)->36000K(134144K) Eden: 35840K(35840K)->0K(35840K) From: 83456K(83456K)->36000K(98304K)
[23.039s][info][gc,heap        ] GC(211) ParOldGen: 3338775K(3641344K)->3422871K(3641344K)
[23.039s][info][gc,metaspace   ] GC(211) Metaspace: 6300K(6464K)->6300K(6464K) NonClass: 5767K(5824K)->5767K(5824K) Class: 533K(640K)->533K(640K)
[23.039s][info][gc             ] GC(211) Pause Young (Allocation Failure) 3377M->3377M(3687M) 78.177ms
[23.039s][info][gc,cpu         ] GC(211) User=0.22s Sys=0.00s Real=0.08s
[23.073s][info][gc,start       ] GC(212) Pause Young (Allocation Failure)
[23.128s][info][gc,heap        ] GC(212) PSYoungGen: 71840K(134144K)->36064K(127488K) Eden: 35840K(35840K)->0K(39936K) From: 36000K(98304K)->36064K(87552K)
[23.128s][info][gc,heap        ] GC(212) ParOldGen: 3422871K(3641344K)->3459047K(3641344K)
[23.128s][info][gc,metaspace   ] GC(212) Metaspace: 6300K(6464K)->6300K(6464K) NonClass: 5767K(5824K)->5767K(5824K) Class: 533K(640K)->533K(640K)
[23.128s][info][gc             ] GC(212) Pause Young (Allocation Failure) 3412M->3413M(3680M) 54.172ms
[23.128s][info][gc,cpu         ] GC(212) User=0.17s Sys=0.00s Real=0.05s
[23.167s][info][gc,start       ] GC(213) Pause Young (Allocation Failure)
[23.219s][info][gc,heap        ] GC(213) PSYoungGen: 76000K(127488K)->40128K(131072K) Eden: 39936K(39936K)->0K(39936K) From: 36064K(87552K)->40128K(91136K)
[23.219s][info][gc,heap        ] GC(213) ParOldGen: 3459047K(3641344K)->3495207K(3641344K)
[23.219s][info][gc,metaspace   ] GC(213) Metaspace: 6300K(6464K)->6300K(6464K) NonClass: 5767K(5824K)->5767K(5824K) Class: 533K(640K)->533K(640K)
[23.219s][info][gc             ] GC(213) Pause Young (Allocation Failure) 3452M->3452M(3684M) 52.122ms
[23.219s][info][gc,cpu         ] GC(213) User=0.12s Sys=0.00s Real=0.05s
[23.263s][info][gc,start       ] GC(214) Pause Young (Allocation Failure)
[23.320s][info][gc,heap        ] GC(214) PSYoungGen: 80064K(131072K)->40096K(124416K) Eden: 39936K(39936K)->0K(44544K) From: 40128K(91136K)->40096K(79872K)
[23.320s][info][gc,heap        ] GC(214) ParOldGen: 3495207K(3641344K)->3535495K(3641344K)
[23.320s][info][gc,metaspace   ] GC(214) Metaspace: 6300K(6464K)->6300K(6464K) NonClass: 5767K(5824K)->5767K(5824K) Class: 533K(640K)->533K(640K)
[23.320s][info][gc             ] GC(214) Pause Young (Allocation Failure) 3491M->3491M(3677M) 56.763ms
[23.320s][info][gc,cpu         ] GC(214) User=0.16s Sys=0.00s Real=0.06s
[23.367s][info][gc,start       ] GC(215) Pause Young (Allocation Failure)
[23.427s][info][gc,heap        ] GC(215) PSYoungGen: 84640K(124416K)->44736K(128000K) Eden: 44544K(44544K)->0K(44544K) From: 40096K(79872K)->44736K(83456K)
[23.427s][info][gc,heap        ] GC(215) ParOldGen: 3535495K(3641344K)->3575783K(3641344K)
[23.427s][info][gc,metaspace   ] GC(215) Metaspace: 6300K(6464K)->6300K(6464K) NonClass: 5767K(5824K)->5767K(5824K) Class: 533K(640K)->533K(640K)
[23.427s][info][gc             ] GC(215) Pause Young (Allocation Failure) 3535M->3535M(3681M) 59.379ms
[23.427s][info][gc,cpu         ] GC(215) User=0.28s Sys=0.00s Real=0.06s
[23.427s][info][gc,start       ] GC(216) Pause Full (Ergonomics)
[23.427s][info][gc,phases,start] GC(216) Marking Phase
[24.250s][info][gc,phases      ] GC(216) Marking Phase 823.014ms
[24.250s][info][gc,phases,start] GC(216) Summary Phase
[24.250s][info][gc,phases      ] GC(216) Summary Phase 0.098ms
[24.250s][info][gc,phases,start] GC(216) Adjust Roots
[24.250s][info][gc,phases      ] GC(216) Adjust Roots 0.200ms
[24.250s][info][gc,phases,start] GC(216) Compaction Phase
[24.585s][info][gc,phases      ] GC(216) Compaction Phase 334.705ms
[24.585s][info][gc,phases,start] GC(216) Post Compact
[24.592s][info][gc,phases      ] GC(216) Post Compact 6.716ms
[24.593s][info][gc,heap        ] GC(216) PSYoungGen: 44736K(128000K)->0K(129536K) Eden: 0K(44544K)->0K(49664K) From: 44736K(83456K)->0K(79872K)
[24.593s][info][gc,heap        ] GC(216) ParOldGen: 3575783K(3641344K)->3617873K(3971584K)
[24.593s][info][gc,metaspace   ] GC(216) Metaspace: 6300K(6464K)->6300K(6464K) NonClass: 5767K(5824K)->5767K(5824K) Class: 533K(640K)->533K(640K)
[24.593s][info][gc             ] GC(216) Pause Full (Ergonomics) 3535M->3533M(4005M) 1166.133ms
[24.593s][info][gc,cpu         ] GC(216) User=8.56s Sys=0.05s Real=1.17s
[24.650s][info][gc,start       ] GC(217) Pause Young (Allocation Failure)
[24.696s][info][gc,heap        ] GC(217) PSYoungGen: 49664K(129536K)->49888K(129536K) Eden: 49664K(49664K)->0K(49664K) From: 0K(79872K)->49888K(79872K)
[24.696s][info][gc,heap        ] GC(217) ParOldGen: 3617873K(3971584K)->3617873K(3971584K)
[24.696s][info][gc,metaspace   ] GC(217) Metaspace: 6300K(6464K)->6300K(6464K) NonClass: 5767K(5824K)->5767K(5824K) Class: 533K(640K)->533K(640K)
[24.696s][info][gc             ] GC(217) Pause Young (Allocation Failure) 3581M->3581M(4005M) 45.971ms
[24.696s][info][gc,cpu         ] GC(217) User=0.14s Sys=0.00s Real=0.05s
[24.747s][info][gc,start       ] GC(218) Pause Young (Allocation Failure)
[24.808s][info][gc,heap        ] GC(218) PSYoungGen: 99552K(129536K)->78848K(115712K) Eden: 49664K(49664K)->0K(36864K) From: 49888K(79872K)->78848K(78848K)
[24.808s][info][gc,heap        ] GC(218) ParOldGen: 3617873K(3971584K)->3638689K(3971584K)
[24.808s][info][gc,metaspace   ] GC(218) Metaspace: 6300K(6464K)->6300K(6464K) NonClass: 5767K(5824K)->5767K(5824K) Class: 533K(640K)->533K(640K)
[24.808s][info][gc             ] GC(218) Pause Young (Allocation Failure) 3630M->3630M(3991M) 61.217ms
[24.808s][info][gc,cpu         ] GC(218) User=0.16s Sys=0.00s Real=0.06s
[24.846s][info][gc,start       ] GC(219) Pause Young (Allocation Failure)
[24.912s][info][gc,heap        ] GC(219) PSYoungGen: 115712K(115712K)->37088K(133120K) Eden: 36864K(36864K)->0K(36864K) From: 78848K(78848K)->37088K(96256K)
[24.912s][info][gc,heap        ] GC(219) ParOldGen: 3638689K(3971584K)->3718129K(3971584K)
[24.912s][info][gc,metaspace   ] GC(219) Metaspace: 6300K(6464K)->6300K(6464K) NonClass: 5767K(5824K)->5767K(5824K) Class: 533K(640K)->533K(640K)
[24.912s][info][gc             ] GC(219) Pause Young (Allocation Failure) 3666M->3667M(4008M) 66.352ms
[24.912s][info][gc,cpu         ] GC(219) User=0.38s Sys=0.03s Real=0.07s
[24.949s][info][gc,start       ] GC(220) Pause Young (Allocation Failure)
[25.006s][info][gc,heap        ] GC(220) PSYoungGen: 73952K(133120K)->73952K(130048K) Eden: 36864K(36864K)->0K(36352K) From: 37088K(96256K)->73952K(93696K)
[25.006s][info][gc,heap        ] GC(220) ParOldGen: 3718129K(3971584K)->3718129K(3971584K)
[25.007s][info][gc,metaspace   ] GC(220) Metaspace: 6300K(6464K)->6300K(6464K) NonClass: 5767K(5824K)->5767K(5824K) Class: 533K(640K)->533K(640K)
[25.007s][info][gc             ] GC(220) Pause Young (Allocation Failure) 3703M->3703M(4005M) 57.736ms
[25.007s][info][gc,cpu         ] GC(220) User=0.17s Sys=0.00s Real=0.06s
[25.044s][info][gc,start       ] GC(221) Pause Young (Allocation Failure)
[25.105s][info][gc,heap        ] GC(221) PSYoungGen: 110304K(130048K)->73440K(134656K) Eden: 36352K(36352K)->0K(36352K) From: 73952K(93696K)->73440K(98304K)
[25.106s][info][gc,heap        ] GC(221) ParOldGen: 3718129K(3971584K)->3755321K(3971584K)
[25.106s][info][gc,metaspace   ] GC(221) Metaspace: 6300K(6464K)->6300K(6464K) NonClass: 5767K(5824K)->5767K(5824K) Class: 533K(640K)->533K(640K)
[25.106s][info][gc             ] GC(221) Pause Young (Allocation Failure) 3738M->3739M(4010M) 61.914ms
[25.106s][info][gc,cpu         ] GC(221) User=0.17s Sys=0.03s Real=0.06s
[25.144s][info][gc,start       ] GC(222) Pause Young (Allocation Failure)
[25.207s][info][gc,heap        ] GC(222) PSYoungGen: 109792K(134656K)->72928K(140288K) Eden: 36352K(36352K)->0K(38400K) From: 73440K(98304K)->72928K(101888K)
[25.207s][info][gc,heap        ] GC(222) ParOldGen: 3755321K(3971584K)->3792529K(3971584K)
[25.207s][info][gc,metaspace   ] GC(222) Metaspace: 6300K(6464K)->6300K(6464K) NonClass: 5767K(5824K)->5767K(5824K) Class: 533K(640K)->533K(640K)
[25.207s][info][gc             ] GC(222) Pause Young (Allocation Failure) 3774M->3774M(4015M) 63.062ms
[25.207s][info][gc,cpu         ] GC(222) User=0.23s Sys=0.02s Real=0.06s
[25.250s][info][gc,start       ] GC(223) Pause Young (Allocation Failure)
[25.316s][info][gc,heap        ] GC(223) PSYoungGen: 111328K(140288K)->74976K(142848K) Eden: 38400K(38400K)->0K(38400K) From: 72928K(101888K)->74976K(104448K)
[25.316s][info][gc,heap        ] GC(223) ParOldGen: 3792529K(3971584K)->3829209K(3971584K)
[25.316s][info][gc,metaspace   ] GC(223) Metaspace: 6300K(6464K)->6300K(6464K) NonClass: 5767K(5824K)->5767K(5824K) Class: 533K(640K)->533K(640K)
[25.316s][info][gc             ] GC(223) Pause Young (Allocation Failure) 3812M->3812M(4018M) 65.402ms
[25.316s][info][gc,cpu         ] GC(223) User=0.28s Sys=0.00s Real=0.07s
[25.356s][info][gc,start       ] GC(224) Pause Young (Allocation Failure)
[25.422s][info][gc,heap        ] GC(224) PSYoungGen: 113376K(142848K)->77056K(147456K) Eden: 38400K(38400K)->0K(40448K) From: 74976K(104448K)->77056K(107008K)
[25.422s][info][gc,heap        ] GC(224) ParOldGen: 3829209K(3971584K)->3865889K(3971584K)
[25.422s][info][gc,metaspace   ] GC(224) Metaspace: 6300K(6464K)->6300K(6464K) NonClass: 5767K(5824K)->5767K(5824K) Class: 533K(640K)->533K(640K)
[25.422s][info][gc             ] GC(224) Pause Young (Allocation Failure) 3850M->3850M(4022M) 65.594ms
[25.422s][info][gc,cpu         ] GC(224) User=0.27s Sys=0.00s Real=0.06s
[25.463s][info][gc,start       ] GC(225) Pause Young (Allocation Failure)
[25.527s][info][gc,heap        ] GC(225) PSYoungGen: 117504K(147456K)->79072K(150016K) Eden: 40448K(40448K)->0K(40448K) From: 77056K(107008K)->79072K(109568K)
[25.527s][info][gc,heap        ] GC(225) ParOldGen: 3865889K(3971584K)->3904641K(3971584K)
[25.527s][info][gc,metaspace   ] GC(225) Metaspace: 6300K(6464K)->6300K(6464K) NonClass: 5767K(5824K)->5767K(5824K) Class: 533K(640K)->533K(640K)
[25.527s][info][gc             ] GC(225) Pause Young (Allocation Failure) 3890M->3890M(4025M) 64.710ms
[25.527s][info][gc,cpu         ] GC(225) User=0.31s Sys=0.00s Real=0.07s
[25.569s][info][gc,start       ] GC(226) Pause Young (Allocation Failure)
[25.641s][info][gc,heap        ] GC(226) PSYoungGen: 119520K(150016K)->81152K(154624K) Eden: 40448K(40448K)->0K(43008K) From: 79072K(109568K)->81152K(111616K)
[25.641s][info][gc,heap        ] GC(226) ParOldGen: 3904641K(3971584K)->3943377K(3971584K)
[25.641s][info][gc,metaspace   ] GC(226) Metaspace: 6300K(6464K)->6300K(6464K) NonClass: 5767K(5824K)->5767K(5824K) Class: 533K(640K)->533K(640K)
[25.642s][info][gc             ] GC(226) Pause Young (Allocation Failure) 3929M->3930M(4029M) 72.880ms
[25.642s][info][gc,cpu         ] GC(226) User=0.38s Sys=0.00s Real=0.07s
[25.642s][info][gc,start       ] GC(227) Pause Full (Ergonomics)
[25.642s][info][gc,phases,start] GC(227) Marking Phase
[26.548s][info][gc,phases      ] GC(227) Marking Phase 906.176ms
[26.548s][info][gc,phases,start] GC(227) Summary Phase
[26.548s][info][gc,phases      ] GC(227) Summary Phase 0.056ms
[26.548s][info][gc,phases,start] GC(227) Adjust Roots
[26.548s][info][gc,phases      ] GC(227) Adjust Roots 0.162ms
[26.548s][info][gc,phases,start] GC(227) Compaction Phase
[27.428s][info][gc,phases      ] GC(227) Compaction Phase 879.647ms
[27.428s][info][gc,phases,start] GC(227) Post Compact
[27.435s][info][gc,phases      ] GC(227) Post Compact 7.606ms
[27.437s][info][gc,heap        ] GC(227) PSYoungGen: 81152K(154624K)->49660K(154624K) Eden: 0K(43008K)->0K(43008K) From: 81152K(111616K)->49660K(111616K)
[27.437s][info][gc,heap        ] GC(227) ParOldGen: 3943377K(3971584K)->3971365K(4355584K)
[27.437s][info][gc,metaspace   ] GC(227) Metaspace: 6300K(6464K)->6300K(6464K) NonClass: 5767K(5824K)->5767K(5824K) Class: 533K(640K)->533K(640K)
[27.437s][info][gc             ] GC(227) Pause Full (Ergonomics) 3930M->3926M(4404M) 1795.581ms
[27.437s][info][gc,cpu         ] GC(227) User=12.89s Sys=0.06s Real=1.80s
[27.487s][info][gc,start       ] GC(228) Pause Young (Allocation Failure)
[27.706s][info][gc,heap        ] GC(228) PSYoungGen: 92668K(154624K)->65152K(157184K) Eden: 43008K(43008K)->0K(43008K) From: 49660K(111616K)->65152K(114176K)
[27.706s][info][gc,heap        ] GC(228) ParOldGen: 3971365K(4355584K)->3999405K(4355584K)
[27.706s][info][gc,metaspace   ] GC(228) Metaspace: 6300K(6464K)->6300K(6464K) NonClass: 5767K(5824K)->5767K(5824K) Class: 533K(640K)->533K(640K)
[27.706s][info][gc             ] GC(228) Pause Young (Allocation Failure) 3968M->3969M(4407M) 219.215ms
[27.706s][info][gc,cpu         ] GC(228) User=1.61s Sys=0.02s Real=0.22s
[27.758s][info][gc,start       ] GC(229) Pause Young (Allocation Failure)
[27.829s][info][gc,heap        ] GC(229) PSYoungGen: 108160K(157184K)->108224K(145920K) Eden: 43008K(43008K)->0K(35840K) From: 65152K(114176K)->108224K(110080K)
[27.829s][info][gc,heap        ] GC(229) ParOldGen: 3999405K(4355584K)->3999405K(4355584K)
[27.829s][info][gc,metaspace   ] GC(229) Metaspace: 6300K(6464K)->6300K(6464K) NonClass: 5767K(5824K)->5767K(5824K) Class: 533K(640K)->533K(640K)
[27.829s][info][gc             ] GC(229) Pause Young (Allocation Failure) 4011M->4011M(4396M) 70.919ms
[27.829s][info][gc,cpu         ] GC(229) User=0.28s Sys=0.02s Real=0.07s
[27.870s][info][gc,start       ] GC(230) Pause Young (Allocation Failure)
[27.946s][info][gc,heap        ] GC(230) PSYoungGen: 144064K(145920K)->121856K(157696K) Eden: 35840K(35840K)->0K(35840K) From: 108224K(110080K)->121856K(121856K)
[27.946s][info][gc,heap        ] GC(230) ParOldGen: 3999405K(4355584K)->4021709K(4355584K)
[27.946s][info][gc,metaspace   ] GC(230) Metaspace: 6300K(6464K)->6300K(6464K) NonClass: 5767K(5824K)->5767K(5824K) Class: 533K(640K)->533K(640K)
[27.946s][info][gc             ] GC(230) Pause Young (Allocation Failure) 4046M->4046M(4407M) 76.208ms
[27.946s][info][gc,cpu         ] GC(230) User=0.39s Sys=0.00s Real=0.08s
[27.982s][info][gc,start       ] GC(231) Pause Young (Allocation Failure)
[28.064s][info][gc,heap        ] GC(231) PSYoungGen: 157696K(157696K)->106976K(180224K) Eden: 35840K(35840K)->0K(35328K) From: 121856K(121856K)->106976K(144896K)
[28.064s][info][gc,heap        ] GC(231) ParOldGen: 4021709K(4355584K)->4073021K(4355584K)
[28.064s][info][gc,metaspace   ] GC(231) Metaspace: 6300K(6464K)->6300K(6464K) NonClass: 5767K(5824K)->5767K(5824K) Class: 533K(640K)->533K(640K)
[28.064s][info][gc             ] GC(231) Pause Young (Allocation Failure) 4081M->4082M(4429M) 82.439ms
[28.064s][info][gc,cpu         ] GC(231) User=0.53s Sys=0.00s Real=0.08s
[28.098s][info][gc,start       ] GC(232) Pause Young (Allocation Failure)
[28.175s][info][gc,heap        ] GC(232) PSYoungGen: 142304K(180224K)->106112K(184832K) Eden: 35328K(35328K)->0K(35328K) From: 106976K(144896K)->106112K(149504K)
[28.175s][info][gc,heap        ] GC(232) ParOldGen: 4073021K(4355584K)->4109501K(4355584K)
[28.175s][info][gc,metaspace   ] GC(232) Metaspace: 6300K(6464K)->6300K(6464K) NonClass: 5767K(5824K)->5767K(5824K) Class: 533K(640K)->533K(640K)
[28.175s][info][gc             ] GC(232) Pause Young (Allocation Failure) 4116M->4116M(4434M) 77.085ms
[28.175s][info][gc,cpu         ] GC(232) User=0.39s Sys=0.02s Real=0.08s
[28.215s][info][gc,start       ] GC(233) Pause Young (Allocation Failure)
[28.291s][info][gc,heap        ] GC(233) PSYoungGen: 141440K(184832K)->106752K(189952K) Eden: 35328K(35328K)->0K(37376K) From: 106112K(149504K)->106752K(152576K)
[28.291s][info][gc,heap        ] GC(233) ParOldGen: 4109501K(4355584K)->4144493K(4355584K)
[28.291s][info][gc,metaspace   ] GC(233) Metaspace: 6300K(6464K)->6300K(6464K) NonClass: 5767K(5824K)->5767K(5824K) Class: 533K(640K)->533K(640K)
[28.291s][info][gc             ] GC(233) Pause Young (Allocation Failure) 4151M->4151M(4439M) 75.651ms
[28.291s][info][gc,cpu         ] GC(233) User=0.44s Sys=0.02s Real=0.08s
[28.334s][info][gc,start       ] GC(234) Pause Young (Allocation Failure)
[28.410s][info][gc,heap        ] GC(234) PSYoungGen: 144128K(189952K)->108320K(192512K) Eden: 37376K(37376K)->0K(37376K) From: 106752K(152576K)->108320K(155136K)
[28.410s][info][gc,heap        ] GC(234) ParOldGen: 4144493K(4355584K)->4180653K(4355584K)
[28.410s][info][gc,metaspace   ] GC(234) Metaspace: 6300K(6464K)->6300K(6464K) NonClass: 5767K(5824K)->5767K(5824K) Class: 533K(640K)->533K(640K)
[28.410s][info][gc             ] GC(234) Pause Young (Allocation Failure) 4188M->4188M(4441M) 75.817ms
[28.410s][info][gc,cpu         ] GC(234) User=0.52s Sys=0.03s Real=0.08s
[28.459s][info][gc,start       ] GC(235) Pause Young (Allocation Failure)
[28.541s][info][gc,heap        ] GC(235) PSYoungGen: 145696K(192512K)->110368K(197120K) Eden: 37376K(37376K)->0K(40448K) From: 108320K(155136K)->110368K(156672K)
[28.541s][info][gc,heap        ] GC(235) ParOldGen: 4180653K(4355584K)->4216301K(4355584K)
[28.541s][info][gc,metaspace   ] GC(235) Metaspace: 6300K(6464K)->6300K(6464K) NonClass: 5767K(5824K)->5767K(5824K) Class: 533K(640K)->533K(640K)
[28.541s][info][gc             ] GC(235) Pause Young (Allocation Failure) 4224M->4225M(4446M) 81.629ms
[28.541s][info][gc,cpu         ] GC(235) User=0.55s Sys=0.00s Real=0.08s
[28.589s][info][gc,start       ] GC(236) Pause Young (Allocation Failure)
[28.671s][info][gc,heap        ] GC(236) PSYoungGen: 150816K(197120K)->115456K(199168K) Eden: 40448K(40448K)->0K(40448K) From: 110368K(156672K)->115456K(158720K)
[28.671s][info][gc,heap        ] GC(236) ParOldGen: 4216301K(4355584K)->4251949K(4355584K)
[28.671s][info][gc,metaspace   ] GC(236) Metaspace: 6300K(6464K)->6300K(6464K) NonClass: 5767K(5824K)->5767K(5824K) Class: 533K(640K)->533K(640K)
[28.671s][info][gc             ] GC(236) Pause Young (Allocation Failure) 4264M->4265M(4448M) 81.754ms
[28.671s][info][gc,cpu         ] GC(236) User=0.52s Sys=0.00s Real=0.08s
[28.712s][info][gc,start       ] GC(237) Pause Young (Allocation Failure)
[28.794s][info][gc,heap        ] GC(237) PSYoungGen: 155904K(199168K)->118560K(204288K) Eden: 40448K(40448K)->0K(42496K) From: 115456K(158720K)->118560K(161792K)
[28.794s][info][gc,heap        ] GC(237) ParOldGen: 4251949K(4355584K)->4289661K(4355584K)
[28.794s][info][gc,metaspace   ] GC(237) Metaspace: 6300K(6464K)->6300K(6464K) NonClass: 5767K(5824K)->5767K(5824K) Class: 533K(640K)->533K(640K)
[28.794s][info][gc             ] GC(237) Pause Young (Allocation Failure) 4304M->4304M(4453M) 81.595ms
[28.794s][info][gc,cpu         ] GC(237) User=0.42s Sys=0.09s Real=0.08s
[28.836s][info][gc,start       ] GC(238) Pause Young (Allocation Failure)
[28.920s][info][gc,heap        ] GC(238) PSYoungGen: 161056K(204288K)->123712K(207360K) Eden: 42496K(42496K)->0K(42496K) From: 118560K(161792K)->123712K(164864K)
[28.920s][info][gc,heap        ] GC(238) ParOldGen: 4289661K(4355584K)->4327381K(4355584K)
[28.920s][info][gc,metaspace   ] GC(238) Metaspace: 6300K(6464K)->6300K(6464K) NonClass: 5767K(5824K)->5767K(5824K) Class: 533K(640K)->533K(640K)
[28.920s][info][gc             ] GC(238) Pause Young (Allocation Failure) 4346M->4346M(4456M) 83.422ms
[28.920s][info][gc,cpu         ] GC(238) User=0.50s Sys=0.03s Real=0.08s
[28.920s][info][gc,start       ] GC(239) Pause Full (Ergonomics)
[28.920s][info][gc,phases,start] GC(239) Marking Phase
[29.939s][info][gc,phases      ] GC(239) Marking Phase 1019.139ms
[29.939s][info][gc,phases,start] GC(239) Summary Phase
[29.939s][info][gc,phases      ] GC(239) Summary Phase 0.059ms
[29.939s][info][gc,phases,start] GC(239) Adjust Roots
[29.939s][info][gc,phases      ] GC(239) Adjust Roots 0.214ms
[29.939s][info][gc,phases,start] GC(239) Compaction Phase
[30.349s][info][gc,phases      ] GC(239) Compaction Phase 409.612ms
[30.349s][info][gc,phases,start] GC(239) Post Compact
[30.356s][info][gc,phases      ] GC(239) Post Compact 6.605ms
[30.357s][info][gc,heap        ] GC(239) PSYoungGen: 123712K(207360K)->91614K(207360K) Eden: 0K(42496K)->0K(42496K) From: 123712K(164864K)->91614K(164864K)
[30.357s][info][gc,heap        ] GC(239) ParOldGen: 4327381K(4355584K)->4355578K(4765696K)
[30.357s][info][gc,metaspace   ] GC(239) Metaspace: 6300K(6464K)->6300K(6464K) NonClass: 5767K(5824K)->5767K(5824K) Class: 533K(640K)->533K(640K)
[30.357s][info][gc             ] GC(239) Pause Full (Ergonomics) 4346M->4342M(4856M) 1437.398ms
[30.357s][info][gc,cpu         ] GC(239) User=10.70s Sys=0.03s Real=1.44s
[30.399s][info][gc,start       ] GC(240) Pause Young (Allocation Failure)
[30.670s][info][gc,heap        ] GC(240) PSYoungGen: 134110K(207360K)->109568K(210432K) Eden: 42496K(42496K)->0K(47104K) From: 91614K(164864K)->109568K(163328K)
[30.670s][info][gc,heap        ] GC(240) ParOldGen: 4355578K(4765696K)->4380762K(4765696K)
[30.670s][info][gc,metaspace   ] GC(240) Metaspace: 6300K(6464K)->6300K(6464K) NonClass: 5767K(5824K)->5767K(5824K) Class: 533K(640K)->533K(640K)
[30.670s][info][gc             ] GC(240) Pause Young (Allocation Failure) 4384M->4385M(4859M) 270.672ms
[30.670s][info][gc,cpu         ] GC(240) User=1.81s Sys=0.00s Real=0.27s
[30.724s][info][gc,start       ] GC(241) Pause Young (Allocation Failure)
[30.810s][info][gc,heap        ] GC(241) PSYoungGen: 156672K(210432K)->126720K(213504K) Eden: 47104K(47104K)->0K(47104K) From: 109568K(163328K)->126720K(166400K)
[30.810s][info][gc,heap        ] GC(241) ParOldGen: 4380762K(4765696K)->4410970K(4765696K)
[30.810s][info][gc,metaspace   ] GC(241) Metaspace: 6300K(6464K)->6300K(6464K) NonClass: 5767K(5824K)->5767K(5824K) Class: 533K(640K)->533K(640K)
[30.810s][info][gc             ] GC(241) Pause Young (Allocation Failure) 4431M->4431M(4862M) 86.383ms
[30.810s][info][gc,cpu         ] GC(241) User=0.67s Sys=0.03s Real=0.09s
[30.871s][info][gc,start       ] GC(242) Pause Young (Allocation Failure)
[30.964s][info][gc,heap        ] GC(242) PSYoungGen: 173824K(213504K)->136992K(216576K) Eden: 47104K(47104K)->0K(46592K) From: 126720K(166400K)->136992K(169984K)
[30.965s][info][gc,heap        ] GC(242) ParOldGen: 4410970K(4765696K)->4448138K(4765696K)
[30.965s][info][gc,metaspace   ] GC(242) Metaspace: 6300K(6464K)->6300K(6464K) NonClass: 5767K(5824K)->5767K(5824K) Class: 533K(640K)->533K(640K)
[30.965s][info][gc             ] GC(242) Pause Young (Allocation Failure) 4477M->4477M(4865M) 93.163ms
[30.965s][info][gc,cpu         ] GC(242) User=0.64s Sys=0.00s Real=0.09s
[31.019s][info][gc,start       ] GC(243) Pause Young (Allocation Failure)
[31.114s][info][gc,heap        ] GC(243) PSYoungGen: 183584K(216576K)->141088K(222720K) Eden: 46592K(46592K)->0K(46592K) From: 136992K(169984K)->141088K(176128K)
[31.114s][info][gc,heap        ] GC(243) ParOldGen: 4448138K(4765696K)->4491034K(4765696K)
[31.114s][info][gc,metaspace   ] GC(243) Metaspace: 6300K(6464K)->6300K(6464K) NonClass: 5767K(5824K)->5767K(5824K) Class: 533K(640K)->533K(640K)
[31.114s][info][gc             ] GC(243) Pause Young (Allocation Failure) 4523M->4523M(4871M) 95.490ms
[31.114s][info][gc,cpu         ] GC(243) User=0.62s Sys=0.02s Real=0.10s
[31.164s][info][gc,start       ] GC(244) Pause Young (Allocation Failure)
[31.265s][info][gc,heap        ] GC(244) PSYoungGen: 187680K(222720K)->140576K(230400K) Eden: 46592K(46592K)->0K(47616K) From: 141088K(176128K)->140576K(182784K)
[31.265s][info][gc,heap        ] GC(244) ParOldGen: 4491034K(4765696K)->4538570K(4765696K)
[31.265s][info][gc,metaspace   ] GC(244) Metaspace: 6300K(6464K)->6300K(6464K) NonClass: 5767K(5824K)->5767K(5824K) Class: 533K(640K)->533K(640K)
[31.266s][info][gc             ] GC(244) Pause Young (Allocation Failure) 4569M->4569M(4879M) 101.534ms
[31.266s][info][gc,cpu         ] GC(244) User=0.52s Sys=0.08s Real=0.10s
[31.316s][info][gc,start       ] GC(245) Pause Young (Allocation Failure)
[31.415s][info][gc,heap        ] GC(245) PSYoungGen: 188192K(230400K)->141120K(235008K) Eden: 47616K(47616K)->0K(47616K) From: 140576K(182784K)->141120K(187392K)
[31.415s][info][gc,heap        ] GC(245) ParOldGen: 4538570K(4765696K)->4586106K(4765696K)
[31.415s][info][gc,metaspace   ] GC(245) Metaspace: 6300K(6464K)->6300K(6464K) NonClass: 5767K(5824K)->5767K(5824K) Class: 533K(640K)->533K(640K)
[31.415s][info][gc             ] GC(245) Pause Young (Allocation Failure) 4615M->4616M(4883M) 99.038ms
[31.415s][info][gc,cpu         ] GC(245) User=0.62s Sys=0.03s Real=0.10s
[31.474s][info][gc,start       ] GC(246) Pause Young (Allocation Failure)
[31.572s][info][gc,heap        ] GC(246) PSYoungGen: 188736K(235008K)->142144K(241664K) Eden: 47616K(47616K)->0K(51200K) From: 141120K(187392K)->142144K(190464K)
[31.572s][info][gc,heap        ] GC(246) ParOldGen: 4586106K(4765696K)->4633122K(4765696K)
[31.572s][info][gc,metaspace   ] GC(246) Metaspace: 6300K(6464K)->6300K(6464K) NonClass: 5767K(5824K)->5767K(5824K) Class: 533K(640K)->533K(640K)
[31.572s][info][gc             ] GC(246) Pause Young (Allocation Failure) 4662M->4663M(4890M) 97.621ms
[31.572s][info][gc,cpu         ] GC(246) User=0.73s Sys=0.00s Real=0.10s
[31.631s][info][gc,start       ] GC(247) Pause Young (Allocation Failure)
[31.737s][info][gc,heap        ] GC(247) PSYoungGen: 193344K(241664K)->99104K(244224K) Eden: 51200K(51200K)->0K(51200K) From: 142144K(190464K)->99104K(193024K)
[31.737s][info][gc,heap        ] GC(247) ParOldGen: 4633122K(4765696K)->4728162K(4765696K)
[31.737s][info][gc,metaspace   ] GC(247) Metaspace: 6300K(6464K)->6300K(6464K) NonClass: 5767K(5824K)->5767K(5824K) Class: 533K(640K)->533K(640K)
[31.737s][info][gc             ] GC(247) Pause Young (Allocation Failure) 4713M->4714M(4892M) 106.092ms
[31.737s][info][gc,cpu         ] GC(247) User=0.80s Sys=0.08s Real=0.11s
[31.737s][info][gc,start       ] GC(248) Pause Full (Ergonomics)
[31.737s][info][gc,phases,start] GC(248) Marking Phase
[32.827s][info][gc,phases      ] GC(248) Marking Phase 1089.635ms
[32.827s][info][gc,phases,start] GC(248) Summary Phase
[32.827s][info][gc,phases      ] GC(248) Summary Phase 0.053ms
[32.827s][info][gc,phases,start] GC(248) Adjust Roots
[32.827s][info][gc,phases      ] GC(248) Adjust Roots 0.183ms
[32.827s][info][gc,phases,start] GC(248) Compaction Phase
[33.284s][info][gc,phases      ] GC(248) Compaction Phase 456.119ms
[33.284s][info][gc,phases,start] GC(248) Post Compact
[33.291s][info][gc,phases      ] GC(248) Post Compact 7.150ms
[33.292s][info][gc,heap        ] GC(248) PSYoungGen: 99104K(244224K)->57866K(244224K) Eden: 0K(51200K)->0K(51200K) From: 99104K(193024K)->57866K(193024K)
[33.292s][info][gc,heap        ] GC(248) ParOldGen: 4728162K(4765696K)->4765397K(5239808K)
[33.292s][info][gc,metaspace   ] GC(248) Metaspace: 6300K(6464K)->6300K(6464K) NonClass: 5767K(5824K)->5767K(5824K) Class: 533K(640K)->533K(640K)
[33.292s][info][gc             ] GC(248) Pause Full (Ergonomics) 4714M->4710M(5355M) 1554.903ms
[33.292s][info][gc,cpu         ] GC(248) User=11.42s Sys=0.06s Real=1.56s
[33.348s][info][gc,start       ] GC(249) Pause Young (Allocation Failure)
[33.625s][info][gc,heap        ] GC(249) PSYoungGen: 109066K(244224K)->51392K(243200K) Eden: 51200K(51200K)->0K(54272K) From: 57866K(193024K)->51392K(188928K)
[33.625s][info][gc,heap        ] GC(249) ParOldGen: 4765397K(5239808K)->4823845K(5239808K)
[33.625s][info][gc,metaspace   ] GC(249) Metaspace: 6300K(6464K)->6300K(6464K) NonClass: 5767K(5824K)->5767K(5824K) Class: 533K(640K)->533K(640K)
[33.625s][info][gc             ] GC(249) Pause Young (Allocation Failure) 4760M->4760M(5354M) 276.358ms
[33.625s][info][gc,cpu         ] GC(249) User=1.89s Sys=0.02s Real=0.28s
[33.682s][info][gc,start       ] GC(250) Pause Young (Allocation Failure)
[33.749s][info][gc,heap        ] GC(250) PSYoungGen: 105664K(243200K)->54496K(246784K) Eden: 54272K(54272K)->0K(54272K) From: 51392K(188928K)->54496K(192512K)
[33.749s][info][gc,heap        ] GC(250) ParOldGen: 4823845K(5239808K)->4875525K(5239808K)
[33.749s][info][gc,metaspace   ] GC(250) Metaspace: 6300K(6464K)->6300K(6464K) NonClass: 5767K(5824K)->5767K(5824K) Class: 533K(640K)->533K(640K)
[33.749s][info][gc             ] GC(250) Pause Young (Allocation Failure) 4813M->4814M(5358M) 67.241ms
[33.749s][info][gc,cpu         ] GC(250) User=0.38s Sys=0.02s Real=0.07s
[33.808s][info][gc,start       ] GC(251) Pause Young (Allocation Failure)
[33.878s][info][gc,heap        ] GC(251) PSYoungGen: 108768K(246784K)->54496K(251904K) Eden: 54272K(54272K)->0K(60416K) From: 54496K(192512K)->54496K(191488K)
[33.878s][info][gc,heap        ] GC(251) ParOldGen: 4875525K(5239808K)->4930293K(5239808K)
[33.878s][info][gc,metaspace   ] GC(251) Metaspace: 6300K(6464K)->6300K(6464K) NonClass: 5767K(5824K)->5767K(5824K) Class: 533K(640K)->533K(640K)
[33.878s][info][gc             ] GC(251) Pause Young (Allocation Failure) 4867M->4867M(5363M) 69.689ms
[33.878s][info][gc,cpu         ] GC(251) User=0.36s Sys=0.03s Real=0.07s
[33.948s][info][gc,start       ] GC(252) Pause Young (Allocation Failure)
[34.022s][info][gc,heap        ] GC(252) PSYoungGen: 114912K(251904K)->60640K(252928K) Eden: 60416K(60416K)->0K(60416K) From: 54496K(191488K)->60640K(192512K)
[34.022s][info][gc,heap        ] GC(252) ParOldGen: 4930293K(5239808K)->4985061K(5239808K)
[34.022s][info][gc,metaspace   ] GC(252) Metaspace: 6300K(6464K)->6300K(6464K) NonClass: 5767K(5824K)->5767K(5824K) Class: 533K(640K)->533K(640K)
[34.022s][info][gc             ] GC(252) Pause Young (Allocation Failure) 4926M->4927M(5364M) 74.045ms
[34.022s][info][gc,cpu         ] GC(252) User=0.36s Sys=0.05s Real=0.07s
[34.090s][info][gc,start       ] GC(253) Pause Young (Allocation Failure)
[34.166s][info][gc,heap        ] GC(253) PSYoungGen: 121056K(252928K)->60672K(249856K) Eden: 60416K(60416K)->0K(67072K) From: 60640K(192512K)->60672K(182784K)
[34.166s][info][gc,heap        ] GC(253) ParOldGen: 4985061K(5239808K)->5046013K(5239808K)
[34.166s][info][gc,metaspace   ] GC(253) Metaspace: 6300K(6464K)->6300K(6464K) NonClass: 5767K(5824K)->5767K(5824K) Class: 533K(640K)->533K(640K)
[34.166s][info][gc             ] GC(253) Pause Young (Allocation Failure) 4986M->4986M(5361M) 75.564ms
[34.166s][info][gc,cpu         ] GC(253) User=0.48s Sys=0.02s Real=0.08s
[34.238s][info][gc,start       ] GC(254) Pause Young (Allocation Failure)
[34.324s][info][gc,heap        ] GC(254) PSYoungGen: 127744K(249856K)->67296K(253440K) Eden: 67072K(67072K)->0K(67072K) From: 60672K(182784K)->67296K(186368K)
[34.324s][info][gc,heap        ] GC(254) ParOldGen: 5046013K(5239808K)->5106965K(5239808K)
[34.324s][info][gc,metaspace   ] GC(254) Metaspace: 6300K(6464K)->6300K(6464K) NonClass: 5767K(5824K)->5767K(5824K) Class: 533K(640K)->533K(640K)
[34.324s][info][gc             ] GC(254) Pause Young (Allocation Failure) 5052M->5052M(5364M) 86.098ms
[34.324s][info][gc,cpu         ] GC(254) User=0.48s Sys=0.02s Real=0.09s
[34.404s][info][gc,start       ] GC(255) Pause Young (Allocation Failure)
[34.487s][info][gc,heap        ] GC(255) PSYoungGen: 134368K(253440K)->67264K(245248K) Eden: 67072K(67072K)->0K(74752K) From: 67296K(186368K)->67264K(170496K)
[34.487s][info][gc,heap        ] GC(255) ParOldGen: 5106965K(5239808K)->5174645K(5239808K)
[34.487s][info][gc,metaspace   ] GC(255) Metaspace: 6300K(6464K)->6300K(6464K) NonClass: 5767K(5824K)->5767K(5824K) Class: 533K(640K)->533K(640K)
[34.487s][info][gc             ] GC(255) Pause Young (Allocation Failure) 5118M->5119M(5356M) 82.636ms
[34.487s][info][gc,cpu         ] GC(255) User=0.53s Sys=0.00s Real=0.08s
[34.487s][info][gc,start       ] GC(256) Pause Full (Ergonomics)
[34.487s][info][gc,phases,start] GC(256) Marking Phase
[35.683s][info][gc,phases      ] GC(256) Marking Phase 1195.606ms
[35.683s][info][gc,phases,start] GC(256) Summary Phase
[35.683s][info][gc,phases      ] GC(256) Summary Phase 0.085ms
[35.683s][info][gc,phases,start] GC(256) Adjust Roots
[35.683s][info][gc,phases      ] GC(256) Adjust Roots 0.188ms
[35.683s][info][gc,phases,start] GC(256) Compaction Phase
[36.121s][info][gc,phases      ] GC(256) Compaction Phase 438.057ms
[36.121s][info][gc,phases,start] GC(256) Post Compact
[36.129s][info][gc,phases      ] GC(256) Post Compact 7.623ms
[36.131s][info][gc,heap        ] GC(256) PSYoungGen: 67264K(245248K)->0K(250368K) Eden: 0K(74752K)->0K(74752K) From: 67264K(170496K)->0K(175616K)
[36.131s][info][gc,heap        ] GC(256) ParOldGen: 5174645K(5239808K)->5237766K(5763584K)
[36.131s][info][gc,metaspace   ] GC(256) Metaspace: 6300K(6464K)->6300K(6464K) NonClass: 5767K(5824K)->5767K(5824K) Class: 533K(640K)->533K(640K)
[36.131s][info][gc             ] GC(256) Pause Full (Ergonomics) 5119M->5115M(5873M) 1643.667ms
[36.131s][info][gc,cpu         ] GC(256) User=12.62s Sys=0.03s Real=1.64s
[36.218s][info][gc,start       ] GC(257) Pause Young (Allocation Failure)
[36.278s][info][gc,heap        ] GC(257) PSYoungGen: 74752K(250368K)->75008K(241152K) Eden: 74752K(74752K)->0K(81408K) From: 0K(175616K)->75008K(159744K)
[36.278s][info][gc,heap        ] GC(257) ParOldGen: 5237766K(5763584K)->5237766K(5763584K)
[36.278s][info][gc,metaspace   ] GC(257) Metaspace: 6300K(6464K)->6300K(6464K) NonClass: 5767K(5824K)->5767K(5824K) Class: 533K(640K)->533K(640K)
[36.278s][info][gc             ] GC(257) Pause Young (Allocation Failure) 5188M->5188M(5864M) 60.483ms
[36.278s][info][gc,cpu         ] GC(257) User=0.16s Sys=0.00s Real=0.06s
[36.373s][info][gc,start       ] GC(258) Pause Young (Allocation Failure)
[36.458s][info][gc,heap        ] GC(258) PSYoungGen: 156416K(241152K)->156576K(249856K) Eden: 81408K(81408K)->0K(81408K) From: 75008K(159744K)->156576K(168448K)
[36.458s][info][gc,heap        ] GC(258) ParOldGen: 5237766K(5763584K)->5237766K(5763584K)
[36.458s][info][gc,metaspace   ] GC(258) Metaspace: 6300K(6464K)->6300K(6464K) NonClass: 5767K(5824K)->5767K(5824K) Class: 533K(640K)->533K(640K)
[36.458s][info][gc             ] GC(258) Pause Young (Allocation Failure) 5267M->5267M(5872M) 85.574ms
[36.458s][info][gc,cpu         ] GC(258) User=0.52s Sys=0.00s Real=0.09s
[36.552s][info][gc,start       ] GC(259) Pause Young (Allocation Failure)
[36.681s][info][gc,heap        ] GC(259) PSYoungGen: 237984K(249856K)->186368K(230400K) Eden: 81408K(81408K)->0K(44032K) From: 156576K(168448K)->186368K(186368K)
[36.681s][info][gc,heap        ] GC(259) ParOldGen: 5237766K(5763584K)->5289750K(5763584K)
[36.681s][info][gc,metaspace   ] GC(259) Metaspace: 6300K(6464K)->6300K(6464K) NonClass: 5767K(5824K)->5767K(5824K) Class: 533K(640K)->533K(640K)
[36.681s][info][gc             ] GC(259) Pause Young (Allocation Failure) 5347M->5347M(5853M) 129.228ms
[36.681s][info][gc,cpu         ] GC(259) User=0.88s Sys=0.14s Real=0.13s
[36.739s][info][gc,start       ] GC(260) Pause Young (Allocation Failure)
[36.863s][info][gc,heap        ] GC(260) PSYoungGen: 230400K(230400K)->105856K(150016K) Eden: 44032K(44032K)->0K(44032K) From: 186368K(186368K)->105856K(105984K)
[36.863s][info][gc,heap        ] GC(260) ParOldGen: 5289750K(5763584K)->5415398K(5763584K)
[36.863s][info][gc,metaspace   ] GC(260) Metaspace: 6300K(6464K)->6300K(6464K) NonClass: 5767K(5824K)->5767K(5824K) Class: 533K(640K)->533K(640K)
[36.863s][info][gc             ] GC(260) Pause Young (Allocation Failure) 5390M->5391M(5775M) 124.394ms
[36.863s][info][gc,cpu         ] GC(260) User=0.84s Sys=0.16s Real=0.12s
[36.911s][info][gc,start       ] GC(261) Pause Young (Allocation Failure)
[36.998s][info][gc,heap        ] GC(261) PSYoungGen: 149888K(150016K)->88320K(251904K) Eden: 44032K(44032K)->0K(49152K) From: 105856K(105984K)->88320K(202752K)
[36.998s][info][gc,heap        ] GC(261) ParOldGen: 5415398K(5763584K)->5477494K(5763584K)
[36.998s][info][gc,metaspace   ] GC(261) Metaspace: 6300K(6464K)->6300K(6464K) NonClass: 5767K(5824K)->5767K(5824K) Class: 533K(640K)->533K(640K)
[36.998s][info][gc             ] GC(261) Pause Young (Allocation Failure) 5434M->5435M(5874M) 86.976ms
[36.998s][info][gc,cpu         ] GC(261) User=0.53s Sys=0.06s Real=0.09s
[37.051s][info][gc,start       ] GC(262) Pause Young (Allocation Failure)
[37.128s][info][gc,heap        ] GC(262) PSYoungGen: 137472K(251904K)->93472K(142848K) Eden: 49152K(49152K)->0K(49152K) From: 88320K(202752K)->93472K(93696K)
[37.128s][info][gc,heap        ] GC(262) ParOldGen: 5477494K(5763584K)->5521926K(5763584K)
[37.128s][info][gc,metaspace   ] GC(262) Metaspace: 6300K(6464K)->6300K(6464K) NonClass: 5767K(5824K)->5767K(5824K) Class: 533K(640K)->533K(640K)
[37.128s][info][gc             ] GC(262) Pause Young (Allocation Failure) 5483M->5483M(5768M) 77.389ms
[37.128s][info][gc,cpu         ] GC(262) User=0.50s Sys=0.02s Real=0.08s
[37.187s][info][gc,start       ] GC(263) Pause Young (Allocation Failure)
[37.269s][info][gc,heap        ] GC(263) PSYoungGen: 142624K(142848K)->98560K(240128K) Eden: 49152K(49152K)->0K(55296K) From: 93472K(93696K)->98560K(184832K)
[37.269s][info][gc,heap        ] GC(263) ParOldGen: 5521926K(5763584K)->5566342K(5763584K)
[37.269s][info][gc,metaspace   ] GC(263) Metaspace: 6300K(6464K)->6300K(6464K) NonClass: 5767K(5824K)->5767K(5824K) Class: 533K(640K)->533K(640K)
[37.269s][info][gc             ] GC(263) Pause Young (Allocation Failure) 5531M->5532M(5863M) 81.918ms
[37.269s][info][gc,cpu         ] GC(263) User=0.45s Sys=0.03s Real=0.08s
[37.341s][info][gc,start       ] GC(264) Pause Young (Allocation Failure)
[37.428s][info][gc,heap        ] GC(264) PSYoungGen: 153856K(240128K)->104736K(160256K) Eden: 55296K(55296K)->0K(55296K) From: 98560K(184832K)->104736K(104960K)
[37.428s][info][gc,heap        ] GC(264) ParOldGen: 5566342K(5763584K)->5615942K(5763584K)
[37.428s][info][gc,metaspace   ] GC(264) Metaspace: 6300K(6464K)->6300K(6464K) NonClass: 5767K(5824K)->5767K(5824K) Class: 533K(640K)->533K(640K)
[37.428s][info][gc             ] GC(264) Pause Young (Allocation Failure) 5586M->5586M(5785M) 86.808ms
[37.428s][info][gc,cpu         ] GC(264) User=0.47s Sys=0.05s Real=0.09s
[38.572s][info][gc,start       ] GC(265) Pause Young (Allocation Failure)
[38.798s][info][gc,heap        ] GC(265) PSYoungGen: 160032K(160256K)->110880K(234496K) Eden: 55296K(55296K)->0K(60928K) From: 104736K(104960K)->110880K(173568K)
[38.798s][info][gc,heap        ] GC(265) ParOldGen: 5878086K(6026240K)->5927686K(6026240K)
[38.798s][info][gc,metaspace   ] GC(265) Metaspace: 6300K(6464K)->6300K(6464K) NonClass: 5767K(5824K)->5767K(5824K) Class: 533K(640K)->533K(640K)
[38.799s][info][gc             ] GC(265) Pause Young (Allocation Failure) 5896M->5897M(6114M) 226.920ms
[38.799s][info][gc,cpu         ] GC(265) User=1.12s Sys=0.00s Real=0.23s
[38.861s][info][gc,start       ] GC(266) Pause Young (Allocation Failure)
[38.965s][info][gc,heap        ] GC(266) PSYoungGen: 171808K(234496K)->171968K(240640K) Eden: 60928K(60928K)->0K(60928K) From: 110880K(173568K)->171968K(179712K)
[38.965s][info][gc,heap        ] GC(266) ParOldGen: 5927686K(6026240K)->5927686K(6026240K)
[38.965s][info][gc,metaspace   ] GC(266) Metaspace: 6300K(6464K)->6300K(6464K) NonClass: 5767K(5824K)->5767K(5824K) Class: 533K(640K)->533K(640K)
[38.965s][info][gc             ] GC(266) Pause Young (Allocation Failure) 5956M->5956M(6120M) 104.685ms
[38.965s][info][gc,cpu         ] GC(266) User=0.36s Sys=0.00s Real=0.11s
[39.033s][info][gc,start       ] GC(267) Pause Young (Allocation Failure)
[39.162s][info][gc,heap        ] GC(267) PSYoungGen: 232896K(240640K)->197120K(228352K) Eden: 60928K(60928K)->0K(31232K) From: 171968K(179712K)->197120K(197120K)
[39.162s][info][gc,heap        ] GC(267) ParOldGen: 5927686K(6026240K)->5963662K(6026240K)
[39.162s][info][gc,metaspace   ] GC(267) Metaspace: 6300K(6464K)->6300K(6464K) NonClass: 5767K(5824K)->5767K(5824K) Class: 533K(640K)->533K(640K)
[39.162s][info][gc             ] GC(267) Pause Young (Allocation Failure) 6016M->6016M(6108M) 129.353ms
[39.162s][info][gc,cpu         ] GC(267) User=0.41s Sys=0.00s Real=0.13s
[39.162s][info][gc,start       ] GC(268) Pause Full (Ergonomics)
[39.162s][info][gc,phases,start] GC(268) Marking Phase
[40.510s][info][gc,phases      ] GC(268) Marking Phase 1347.200ms
[40.510s][info][gc,phases,start] GC(268) Summary Phase
[40.510s][info][gc,phases      ] GC(268) Summary Phase 0.179ms
[40.510s][info][gc,phases,start] GC(268) Adjust Roots
[40.510s][info][gc,phases      ] GC(268) Adjust Roots 0.198ms
[40.510s][info][gc,phases,start] GC(268) Compaction Phase
[41.474s][info][gc,phases      ] GC(268) Compaction Phase 963.684ms
[41.474s][info][gc,phases,start] GC(268) Post Compact
[41.484s][info][gc,phases      ] GC(268) Post Compact 10.364ms
[41.486s][info][gc,heap        ] GC(268) PSYoungGen: 197120K(228352K)->0K(264704K) Eden: 0K(31232K)->0K(31232K) From: 197120K(197120K)->0K(233472K)
[41.486s][info][gc,heap        ] GC(268) ParOldGen: 5963662K(6026240K)->6024859K(6590976K)
[41.486s][info][gc,metaspace   ] GC(268) Metaspace: 6300K(6464K)->6300K(6464K) NonClass: 5767K(5824K)->5767K(5824K) Class: 533K(640K)->533K(640K)
[41.486s][info][gc             ] GC(268) Pause Full (Ergonomics) 6016M->5883M(6695M) 2324.014ms
[41.486s][info][gc,cpu         ] GC(268) User=16.14s Sys=0.11s Real=2.33s
[41.525s][info][gc,start       ] GC(269) Pause Young (Allocation Failure)
[41.594s][info][gc,heap        ] GC(269) PSYoungGen: 31232K(264704K)->31424K(264192K) Eden: 31232K(31232K)->0K(30720K) From: 0K(233472K)->31424K(233472K)
[41.594s][info][gc,heap        ] GC(269) ParOldGen: 6024859K(6590976K)->6024859K(6590976K)
[41.594s][info][gc,metaspace   ] GC(269) Metaspace: 6300K(6464K)->6300K(6464K) NonClass: 5767K(5824K)->5767K(5824K) Class: 533K(640K)->533K(640K)
[41.594s][info][gc             ] GC(269) Pause Young (Allocation Failure) 5914M->5914M(6694M) 68.854ms
[41.594s][info][gc,cpu         ] GC(269) User=0.11s Sys=0.00s Real=0.07s
[41.629s][info][gc,start       ] GC(270) Pause Young (Allocation Failure)
[41.707s][info][gc,heap        ] GC(270) PSYoungGen: 62144K(264192K)->62080K(268800K) Eden: 30720K(30720K)->0K(30720K) From: 31424K(233472K)->62080K(238080K)
[41.707s][info][gc,heap        ] GC(270) ParOldGen: 6024859K(6590976K)->6024859K(6590976K)
[41.707s][info][gc,metaspace   ] GC(270) Metaspace: 6300K(6464K)->6300K(6464K) NonClass: 5767K(5824K)->5767K(5824K) Class: 533K(640K)->533K(640K)
[41.707s][info][gc             ] GC(270) Pause Young (Allocation Failure) 5944M->5944M(6699M) 77.425ms
[41.707s][info][gc,cpu         ] GC(270) User=0.17s Sys=0.00s Real=0.08s
[41.735s][info][gc,start       ] GC(271) Pause Young (Allocation Failure)
[41.822s][info][gc,heap        ] GC(271) PSYoungGen: 92800K(268800K)->92960K(249344K) Eden: 30720K(30720K)->0K(34304K) From: 62080K(238080K)->92960K(215040K)
[41.822s][info][gc,heap        ] GC(271) ParOldGen: 6024859K(6590976K)->6024859K(6590976K)
[41.822s][info][gc,metaspace   ] GC(271) Metaspace: 6300K(6464K)->6300K(6464K) NonClass: 5767K(5824K)->5767K(5824K) Class: 533K(640K)->533K(640K)
[41.822s][info][gc             ] GC(271) Pause Young (Allocation Failure) 5974M->5974M(6680M) 86.794ms
[41.822s][info][gc,cpu         ] GC(271) User=0.19s Sys=0.00s Real=0.09s
[41.857s][info][gc,start       ] GC(272) Pause Young (Allocation Failure)
[41.950s][info][gc,heap        ] GC(272) PSYoungGen: 127264K(249344K)->127232K(259072K) Eden: 34304K(34304K)->0K(34304K) From: 92960K(215040K)->127232K(224768K)
[41.950s][info][gc,heap        ] GC(272) ParOldGen: 6024859K(6590976K)->6024859K(6590976K)
[41.950s][info][gc,metaspace   ] GC(272) Metaspace: 6300K(6464K)->6300K(6464K) NonClass: 5767K(5824K)->5767K(5824K) Class: 533K(640K)->533K(640K)
[41.950s][info][gc             ] GC(272) Pause Young (Allocation Failure) 6007M->6007M(6689M) 93.289ms
[41.950s][info][gc,cpu         ] GC(272) User=0.25s Sys=0.00s Real=0.09s
[41.985s][info][gc,start       ] GC(273) Pause Young (Allocation Failure)
[42.090s][info][gc,heap        ] GC(273) PSYoungGen: 161536K(259072K)->130368K(252416K) Eden: 34304K(34304K)->0K(38912K) From: 127232K(224768K)->130368K(213504K)
[42.090s][info][gc,heap        ] GC(273) ParOldGen: 6024859K(6590976K)->6056371K(6590976K)
[42.090s][info][gc,metaspace   ] GC(273) Metaspace: 6300K(6464K)->6300K(6464K) NonClass: 5767K(5824K)->5767K(5824K) Class: 533K(640K)->533K(640K)
[42.090s][info][gc             ] GC(273) Pause Young (Allocation Failure) 6041M->6041M(6683M) 105.431ms
[42.090s][info][gc,cpu         ] GC(273) User=0.33s Sys=0.00s Real=0.10s
[42.134s][info][gc,start       ] GC(274) Pause Young (Allocation Failure)
[42.243s][info][gc,heap        ] GC(274) PSYoungGen: 169280K(252416K)->107776K(146944K) Eden: 38912K(38912K)->0K(38912K) From: 130368K(213504K)->107776K(108032K)
[42.243s][info][gc,heap        ] GC(274) ParOldGen: 6056371K(6590976K)->6118331K(6590976K)
[42.243s][info][gc,metaspace   ] GC(274) Metaspace: 6300K(6464K)->6300K(6464K) NonClass: 5767K(5824K)->5767K(5824K) Class: 533K(640K)->533K(640K)
[42.243s][info][gc             ] GC(274) Pause Young (Allocation Failure) 6079M->6080M(6580M) 109.050ms
[42.243s][info][gc,cpu         ] GC(274) User=0.30s Sys=0.03s Real=0.11s
[42.285s][info][gc,start       ] GC(275) Pause Young (Allocation Failure)
[42.393s][info][gc,heap        ] GC(275) PSYoungGen: 146688K(146944K)->78048K(243712K) Eden: 38912K(38912K)->0K(44544K) From: 107776K(108032K)->78048K(199168K)
[42.393s][info][gc,heap        ] GC(275) ParOldGen: 6118331K(6590976K)->6187539K(6590976K)
[42.393s][info][gc,metaspace   ] GC(275) Metaspace: 6300K(6464K)->6300K(6464K) NonClass: 5767K(5824K)->5767K(5824K) Class: 533K(640K)->533K(640K)
[42.393s][info][gc             ] GC(275) Pause Young (Allocation Failure) 6118M->6118M(6674M) 107.341ms
[42.393s][info][gc,cpu         ] GC(275) User=0.36s Sys=0.00s Real=0.11s
[42.441s][info][gc,start       ] GC(276) Pause Young (Allocation Failure)
[42.545s][info][gc,heap        ] GC(276) PSYoungGen: 122592K(243712K)->44704K(247808K) Eden: 44544K(44544K)->0K(44544K) From: 78048K(199168K)->44704K(203264K)
[42.545s][info][gc,heap        ] GC(276) ParOldGen: 6187539K(6590976K)->6266043K(6590976K)
[42.545s][info][gc,metaspace   ] GC(276) Metaspace: 6300K(6464K)->6300K(6464K) NonClass: 5767K(5824K)->5767K(5824K) Class: 533K(640K)->533K(640K)
[42.545s][info][gc             ] GC(276) Pause Young (Allocation Failure) 6162M->6162M(6678M) 104.213ms
[42.545s][info][gc,cpu         ] GC(276) User=0.31s Sys=0.03s Real=0.11s
[42.591s][info][gc,start       ] GC(277) Pause Young (Allocation Failure)
[42.678s][info][gc,heap        ] GC(277) PSYoungGen: 89248K(247808K)->44768K(254464K) Eden: 44544K(44544K)->0K(51200K) From: 44704K(203264K)->44768K(203264K)
[42.678s][info][gc,heap        ] GC(277) ParOldGen: 6266043K(6590976K)->6310987K(6590976K)
[42.678s][info][gc,metaspace   ] GC(277) Metaspace: 6300K(6464K)->6300K(6464K) NonClass: 5767K(5824K)->5767K(5824K) Class: 533K(640K)->533K(640K)
[42.678s][info][gc             ] GC(277) Pause Young (Allocation Failure) 6206M->6206M(6685M) 87.029ms
[42.678s][info][gc,cpu         ] GC(277) User=0.20s Sys=0.02s Real=0.09s
[42.730s][info][gc,start       ] GC(278) Pause Young (Allocation Failure)
[42.818s][info][gc,heap        ] GC(278) PSYoungGen: 95968K(254464K)->51424K(254976K) Eden: 51200K(51200K)->0K(51200K) From: 44768K(203264K)->51424K(203776K)
[42.818s][info][gc,heap        ] GC(278) ParOldGen: 6310987K(6590976K)->6355931K(6590976K)
[42.818s][info][gc,metaspace   ] GC(278) Metaspace: 6300K(6464K)->6300K(6464K) NonClass: 5767K(5824K)->5767K(5824K) Class: 533K(640K)->533K(640K)
[42.818s][info][gc             ] GC(278) Pause Young (Allocation Failure) 6256M->6257M(6685M) 88.191ms
[42.818s][info][gc,cpu         ] GC(278) User=0.20s Sys=0.03s Real=0.09s
[42.872s][info][gc,start       ] GC(279) Pause Young (Allocation Failure)
[42.961s][info][gc,heap        ] GC(279) PSYoungGen: 102624K(254976K)->51424K(249856K) Eden: 51200K(51200K)->0K(57856K) From: 51424K(203776K)->51424K(192000K)
[42.961s][info][gc,heap        ] GC(279) ParOldGen: 6355931K(6590976K)->6407595K(6590976K)
[42.961s][info][gc,metaspace   ] GC(279) Metaspace: 6300K(6464K)->6300K(6464K) NonClass: 5767K(5824K)->5767K(5824K) Class: 533K(640K)->533K(640K)
[42.961s][info][gc             ] GC(279) Pause Young (Allocation Failure) 6307M->6307M(6680M) 88.980ms
[42.961s][info][gc,cpu         ] GC(279) User=0.23s Sys=0.00s Real=0.09s
[43.028s][info][gc,start       ] GC(280) Pause Young (Allocation Failure)
[43.124s][info][gc,heap        ] GC(280) PSYoungGen: 109280K(249856K)->58080K(254464K) Eden: 57856K(57856K)->0K(57856K) From: 51424K(192000K)->58080K(196608K)
[43.124s][info][gc,heap        ] GC(280) ParOldGen: 6407595K(6590976K)->6459267K(6590976K)
[43.124s][info][gc,metaspace   ] GC(280) Metaspace: 6300K(6464K)->6300K(6464K) NonClass: 5767K(5824K)->5767K(5824K) Class: 533K(640K)->533K(640K)
[43.124s][info][gc             ] GC(280) Pause Young (Allocation Failure) 6364M->6364M(6685M) 95.721ms
[43.124s][info][gc,cpu         ] GC(280) User=0.31s Sys=0.02s Real=0.10s
[43.184s][info][gc,start       ] GC(281) Pause Young (Allocation Failure)
[43.286s][info][gc,heap        ] GC(281) PSYoungGen: 115936K(254464K)->58048K(243712K) Eden: 57856K(57856K)->0K(65536K) From: 58080K(196608K)->58048K(178176K)
[43.286s][info][gc,heap        ] GC(281) ParOldGen: 6459267K(6590976K)->6517635K(6590976K)
[43.286s][info][gc,metaspace   ] GC(281) Metaspace: 6300K(6464K)->6300K(6464K) NonClass: 5767K(5824K)->5767K(5824K) Class: 533K(640K)->533K(640K)
[43.286s][info][gc             ] GC(281) Pause Young (Allocation Failure) 6421M->6421M(6674M) 101.421ms
[43.286s][info][gc,cpu         ] GC(281) User=0.23s Sys=0.06s Real=0.10s
[43.286s][info][gc,start       ] GC(282) Pause Full (Ergonomics)
[43.286s][info][gc,phases,start] GC(282) Marking Phase
[44.744s][info][gc,phases      ] GC(282) Marking Phase 1458.130ms
[44.744s][info][gc,phases,start] GC(282) Summary Phase
[44.744s][info][gc,phases      ] GC(282) Summary Phase 0.101ms
[44.744s][info][gc,phases,start] GC(282) Adjust Roots
[44.744s][info][gc,phases      ] GC(282) Adjust Roots 0.191ms
[44.745s][info][gc,phases,start] GC(282) Compaction Phase
[45.387s][info][gc,phases      ] GC(282) Compaction Phase 642.932ms
[45.388s][info][gc,phases,start] GC(282) Post Compact
[45.397s][info][gc,phases      ] GC(282) Post Compact 9.499ms
[45.399s][info][gc,heap        ] GC(282) PSYoungGen: 58048K(243712K)->0K(249856K) Eden: 0K(65536K)->0K(65536K) From: 58048K(178176K)->0K(184320K)
[45.399s][info][gc,heap        ] GC(282) ParOldGen: 6517635K(6590976K)->6570757K(7193600K)
[45.399s][info][gc,metaspace   ] GC(282) Metaspace: 6300K(6464K)->6300K(6464K) NonClass: 5767K(5824K)->5767K(5824K) Class: 533K(640K)->533K(640K)
[45.399s][info][gc             ] GC(282) Pause Full (Ergonomics) 6421M->6416M(7269M) 2113.024ms
[45.399s][info][gc,cpu         ] GC(282) User=15.27s Sys=0.00s Real=2.11s
[45.470s][info][gc,start       ] GC(283) Pause Young (Allocation Failure)
[45.550s][info][gc,heap        ] GC(283) PSYoungGen: 65536K(249856K)->65760K(240128K) Eden: 65536K(65536K)->0K(72192K) From: 0K(184320K)->65760K(167936K)
[45.551s][info][gc,heap        ] GC(283) ParOldGen: 6570757K(7193600K)->6570757K(7193600K)
[45.551s][info][gc,metaspace   ] GC(283) Metaspace: 6300K(6464K)->6300K(6464K) NonClass: 5767K(5824K)->5767K(5824K) Class: 533K(640K)->533K(640K)
[45.551s][info][gc             ] GC(283) Pause Young (Allocation Failure) 6480M->6480M(7259M) 80.529ms
[45.551s][info][gc,cpu         ] GC(283) User=0.22s Sys=0.00s Real=0.08s
[45.634s][info][gc,start       ] GC(284) Pause Young (Allocation Failure)
[45.729s][info][gc,heap        ] GC(284) PSYoungGen: 137952K(240128K)->138080K(249344K) Eden: 72192K(72192K)->0K(72192K) From: 65760K(167936K)->138080K(177152K)
[45.729s][info][gc,heap        ] GC(284) ParOldGen: 6570757K(7193600K)->6570757K(7193600K)
[45.729s][info][gc,metaspace   ] GC(284) Metaspace: 6300K(6464K)->6300K(6464K) NonClass: 5767K(5824K)->5767K(5824K) Class: 533K(640K)->533K(640K)
[45.729s][info][gc             ] GC(284) Pause Young (Allocation Failure) 6551M->6551M(7268M) 94.574ms
[45.729s][info][gc,cpu         ] GC(284) User=0.38s Sys=0.00s Real=0.10s
[45.815s][info][gc,start       ] GC(285) Pause Young (Allocation Failure)
[45.940s][info][gc,heap        ] GC(285) PSYoungGen: 210272K(249344K)->144736K(257536K) Eden: 72192K(72192K)->0K(68608K) From: 138080K(177152K)->144736K(188928K)
[45.940s][info][gc,heap        ] GC(285) ParOldGen: 6570757K(7193600K)->6636885K(7193600K)
[45.940s][info][gc,metaspace   ] GC(285) Metaspace: 6300K(6464K)->6300K(6464K) NonClass: 5767K(5824K)->5767K(5824K) Class: 533K(640K)->533K(640K)
[45.940s][info][gc             ] GC(285) Pause Young (Allocation Failure) 6622M->6622M(7276M) 125.590ms
[45.940s][info][gc,cpu         ] GC(285) User=0.50s Sys=0.00s Real=0.12s
[46.011s][info][gc,start       ] GC(286) Pause Young (Allocation Failure)
[46.137s][info][gc,heap        ] GC(286) PSYoungGen: 213344K(257536K)->141184K(268800K) Eden: 68608K(68608K)->0K(68608K) From: 144736K(188928K)->141184K(200192K)
[46.137s][info][gc,heap        ] GC(286) ParOldGen: 6636885K(7193600K)->6709717K(7193600K)
[46.137s][info][gc,metaspace   ] GC(286) Metaspace: 6300K(6464K)->6300K(6464K) NonClass: 5767K(5824K)->5767K(5824K) Class: 533K(640K)->533K(640K)
[46.137s][info][gc             ] GC(286) Pause Young (Allocation Failure) 6689M->6690M(7287M) 126.299ms
[46.137s][info][gc,cpu         ] GC(286) User=0.55s Sys=0.02s Real=0.13s
[46.215s][info][gc,start       ] GC(287) Pause Young (Allocation Failure)
[46.340s][info][gc,heap        ] GC(287) PSYoungGen: 209792K(268800K)->137568K(280576K) Eden: 68608K(68608K)->0K(72704K) From: 141184K(200192K)->137568K(207872K)
[46.340s][info][gc,heap        ] GC(287) ParOldGen: 6709717K(7193600K)->6782557K(7193600K)
[46.340s][info][gc,metaspace   ] GC(287) Metaspace: 6300K(6464K)->6300K(6464K) NonClass: 5767K(5824K)->5767K(5824K) Class: 533K(640K)->533K(640K)
[46.340s][info][gc             ] GC(287) Pause Young (Allocation Failure) 6757M->6757M(7299M) 125.275ms
[46.340s][info][gc,cpu         ] GC(287) User=0.41s Sys=0.03s Real=0.12s
[46.426s][info][gc,start       ] GC(288) Pause Young (Allocation Failure)
[46.551s][info][gc,heap        ] GC(288) PSYoungGen: 210272K(280576K)->141664K(284160K) Eden: 72704K(72704K)->0K(72704K) From: 137568K(207872K)->141664K(211456K)
[46.551s][info][gc,heap        ] GC(288) ParOldGen: 6782557K(7193600K)->6851781K(7193600K)
[46.551s][info][gc,metaspace   ] GC(288) Metaspace: 6300K(6464K)->6300K(6464K) NonClass: 5767K(5824K)->5767K(5824K) Class: 533K(640K)->533K(640K)
[46.551s][info][gc             ] GC(288) Pause Young (Allocation Failure) 6828M->6829M(7302M) 125.218ms
[46.551s][info][gc,cpu         ] GC(288) User=0.55s Sys=0.02s Real=0.12s
[46.622s][info][gc,start       ] GC(289) Pause Young (Allocation Failure)
[46.748s][info][gc,heap        ] GC(289) PSYoungGen: 214368K(284160K)->145760K(292864K) Eden: 72704K(72704K)->0K(77312K) From: 141664K(211456K)->145760K(215552K)
[46.748s][info][gc,heap        ] GC(289) ParOldGen: 6851781K(7193600K)->6921013K(7193600K)
[46.748s][info][gc,metaspace   ] GC(289) Metaspace: 6300K(6464K)->6300K(6464K) NonClass: 5767K(5824K)->5767K(5824K) Class: 533K(640K)->533K(640K)
[46.748s][info][gc             ] GC(289) Pause Young (Allocation Failure) 6900M->6901M(7311M) 126.146ms
[46.748s][info][gc,cpu         ] GC(289) User=0.50s Sys=0.02s Real=0.13s
[46.831s][info][gc,start       ] GC(290) Pause Young (Allocation Failure)
[46.957s][info][gc,heap        ] GC(290) PSYoungGen: 223072K(292864K)->77600K(296960K) Eden: 77312K(77312K)->0K(77312K) From: 145760K(215552K)->77600K(219648K)
[46.957s][info][gc,heap        ] GC(290) ParOldGen: 6921013K(7193600K)->7067701K(7193600K)
[46.957s][info][gc,metaspace   ] GC(290) Metaspace: 6300K(6464K)->6300K(6464K) NonClass: 5767K(5824K)->5767K(5824K) Class: 533K(640K)->533K(640K)
[46.957s][info][gc             ] GC(290) Pause Young (Allocation Failure) 6976M->6977M(7315M) 126.536ms
[46.957s][info][gc,cpu         ] GC(290) User=0.52s Sys=0.08s Real=0.13s
[46.957s][info][gc,start       ] GC(291) Pause Full (Ergonomics)
[46.957s][info][gc,phases,start] GC(291) Marking Phase
[48.597s][info][gc,phases      ] GC(291) Marking Phase 1639.908ms
[48.597s][info][gc,phases,start] GC(291) Summary Phase
[48.597s][info][gc,phases      ] GC(291) Summary Phase 0.121ms
[48.597s][info][gc,phases,start] GC(291) Adjust Roots
[48.597s][info][gc,phases      ] GC(291) Adjust Roots 0.170ms
[48.597s][info][gc,phases,start] GC(291) Compaction Phase
[49.281s][info][gc,phases      ] GC(291) Compaction Phase 683.498ms
[49.281s][info][gc,phases,start] GC(291) Post Compact
[49.291s][info][gc,phases      ] GC(291) Post Compact 10.370ms
[49.293s][info][gc,heap        ] GC(291) PSYoungGen: 77600K(296960K)->0K(301056K) Eden: 0K(77312K)->0K(87040K) From: 77600K(219648K)->0K(214016K)
[49.294s][info][gc,heap        ] GC(291) ParOldGen: 7067701K(7193600K)->7140364K(7872000K)
[49.294s][info][gc,metaspace   ] GC(291) Metaspace: 6300K(6464K)->6300K(6464K) NonClass: 5767K(5824K)->5767K(5824K) Class: 533K(640K)->533K(640K)
[49.294s][info][gc             ] GC(291) Pause Full (Ergonomics) 6977M->6973M(7981M) 2336.434ms
[49.294s][info][gc,cpu         ] GC(291) User=17.14s Sys=0.03s Real=2.34s
[49.387s][info][gc,start       ] GC(292) Pause Young (Allocation Failure)
[49.479s][info][gc,heap        ] GC(292) PSYoungGen: 87040K(301056K)->87328K(301056K) Eden: 87040K(87040K)->0K(87040K) From: 0K(214016K)->87328K(214016K)
[49.479s][info][gc,heap        ] GC(292) ParOldGen: 7140364K(7872000K)->7140364K(7872000K)
[49.479s][info][gc,metaspace   ] GC(292) Metaspace: 6300K(6464K)->6300K(6464K) NonClass: 5767K(5824K)->5767K(5824K) Class: 533K(640K)->533K(640K)
[49.479s][info][gc             ] GC(292) Pause Young (Allocation Failure) 7058M->7058M(7981M) 91.588ms
[49.479s][info][gc,cpu         ] GC(292) User=0.22s Sys=0.00s Real=0.09s
[49.562s][info][gc,start       ] GC(293) Pause Young (Allocation Failure)
[49.674s][info][gc,heap        ] GC(293) PSYoungGen: 174368K(301056K)->174528K(285696K) Eden: 87040K(87040K)->0K(79360K) From: 87328K(214016K)->174528K(206336K)
[49.674s][info][gc,heap        ] GC(293) ParOldGen: 7140364K(7872000K)->7140364K(7872000K)
[49.674s][info][gc,metaspace   ] GC(293) Metaspace: 6300K(6464K)->6300K(6464K) NonClass: 5767K(5824K)->5767K(5824K) Class: 533K(640K)->533K(640K)
[49.674s][info][gc             ] GC(293) Pause Young (Allocation Failure) 7143M->7143M(7966M) 112.151ms
[49.674s][info][gc,cpu         ] GC(293) User=0.36s Sys=0.00s Real=0.11s
[49.764s][info][gc,start       ] GC(294) Pause Young (Allocation Failure)
[49.903s][info][gc,heap        ] GC(294) PSYoungGen: 253888K(285696K)->222208K(301568K) Eden: 79360K(79360K)->0K(79360K) From: 174528K(206336K)->222208K(222208K)
[49.903s][info][gc,heap        ] GC(294) ParOldGen: 7140364K(7872000K)->7172300K(7872000K)
[49.903s][info][gc,metaspace   ] GC(294) Metaspace: 6300K(6464K)->6300K(6464K) NonClass: 5767K(5824K)->5767K(5824K) Class: 533K(640K)->533K(640K)
[49.903s][info][gc             ] GC(294) Pause Young (Allocation Failure) 7220M->7221M(7982M) 138.937ms
[49.903s][info][gc,cpu         ] GC(294) User=0.59s Sys=0.00s Real=0.14s
[49.996s][info][gc,start       ] GC(295) Pause Young (Allocation Failure)
[50.147s][info][gc,heap        ] GC(295) PSYoungGen: 301568K(301568K)->149024K(342528K) Eden: 79360K(79360K)->0K(88064K) From: 222208K(222208K)->149024K(254464K)
[50.147s][info][gc,heap        ] GC(295) ParOldGen: 7172300K(7872000K)->7326164K(7872000K)
[50.147s][info][gc,metaspace   ] GC(295) Metaspace: 6300K(6464K)->6300K(6464K) NonClass: 5767K(5824K)->5767K(5824K) Class: 533K(640K)->533K(640K)
[50.147s][info][gc             ] GC(295) Pause Young (Allocation Failure) 7298M->7299M(8022M) 151.057ms
[50.147s][info][gc,cpu         ] GC(295) User=0.95s Sys=0.09s Real=0.15s
[50.239s][info][gc,start       ] GC(296) Pause Young (Allocation Failure)
[50.382s][info][gc,heap        ] GC(296) PSYoungGen: 237088K(342528K)->167840K(347136K) Eden: 88064K(88064K)->0K(88064K) From: 149024K(254464K)->167840K(259072K)
[50.382s][info][gc,heap        ] GC(296) ParOldGen: 7326164K(7872000K)->7396100K(7872000K)
[50.382s][info][gc,metaspace   ] GC(296) Metaspace: 6300K(6464K)->6300K(6464K) NonClass: 5767K(5824K)->5767K(5824K) Class: 533K(640K)->533K(640K)
[50.382s][info][gc             ] GC(296) Pause Young (Allocation Failure) 7385M->7386M(8026M) 142.801ms
[50.382s][info][gc,cpu         ] GC(296) User=0.70s Sys=0.05s Real=0.14s
[50.480s][info][gc,start       ] GC(297) Pause Young (Allocation Failure)
[50.619s][info][gc,heap        ] GC(297) PSYoungGen: 255904K(347136K)->176544K(354816K) Eden: 88064K(88064K)->0K(94208K) From: 167840K(259072K)->176544K(260608K)
[50.619s][info][gc,heap        ] GC(297) ParOldGen: 7396100K(7872000K)->7476164K(7872000K)
[50.619s][info][gc,metaspace   ] GC(297) Metaspace: 6300K(6464K)->6300K(6464K) NonClass: 5767K(5824K)->5767K(5824K) Class: 533K(640K)->533K(640K)
[50.619s][info][gc             ] GC(297) Pause Young (Allocation Failure) 7472M->7473M(8034M) 139.653ms
[50.619s][info][gc,cpu         ] GC(297) User=0.69s Sys=0.03s Real=0.14s
[50.720s][info][gc,start       ] GC(298) Pause Young (Allocation Failure)
[50.863s][info][gc,heap        ] GC(298) PSYoungGen: 270752K(354816K)->182720K(358912K) Eden: 94208K(94208K)->0K(94208K) From: 176544K(260608K)->182720K(264704K)
[50.863s][info][gc,heap        ] GC(298) ParOldGen: 7476164K(7872000K)->7565036K(7872000K)
[50.864s][info][gc,metaspace   ] GC(298) Metaspace: 6300K(6464K)->6300K(6464K) NonClass: 5767K(5824K)->5767K(5824K) Class: 533K(640K)->533K(640K)
[50.864s][info][gc             ] GC(298) Pause Young (Allocation Failure) 7565M->7566M(8038M) 143.755ms
[50.864s][info][gc,cpu         ] GC(298) User=0.62s Sys=0.11s Real=0.14s
[50.971s][info][gc,start       ] GC(299) Pause Young (Allocation Failure)
[51.118s][info][gc,heap        ] GC(299) PSYoungGen: 276928K(358912K)->188864K(369152K) Eden: 94208K(94208K)->0K(100352K) From: 182720K(264704K)->188864K(268800K)
[51.118s][info][gc,heap        ] GC(299) ParOldGen: 7565036K(7872000K)->7653908K(7872000K)
[51.118s][info][gc,metaspace   ] GC(299) Metaspace: 6300K(6464K)->6300K(6464K) NonClass: 5767K(5824K)->5767K(5824K) Class: 533K(640K)->533K(640K)
[51.118s][info][gc             ] GC(299) Pause Young (Allocation Failure) 7658M->7658M(8048M) 147.304ms
[51.118s][info][gc,cpu         ] GC(299) User=0.77s Sys=0.05s Real=0.15s
[51.233s][info][gc,start       ] GC(300) Pause Young (Allocation Failure)
[51.393s][info][gc,heap        ] GC(300) PSYoungGen: 289216K(369152K)->195072K(374272K) Eden: 100352K(100352K)->0K(100352K) From: 188864K(268800K)->195072K(273920K)
[51.393s][info][gc,heap        ] GC(300) ParOldGen: 7653908K(7872000K)->7748964K(7872000K)
[51.393s][info][gc,metaspace   ] GC(300) Metaspace: 6300K(6464K)->6300K(6464K) NonClass: 5767K(5824K)->5767K(5824K) Class: 533K(640K)->533K(640K)
[51.393s][info][gc             ] GC(300) Pause Young (Allocation Failure) 7756M->7757M(8053M) 159.853ms
[51.393s][info][gc,cpu         ] GC(300) User=0.88s Sys=0.05s Real=0.16s
[51.393s][info][gc,start       ] GC(301) Pause Full (Ergonomics)
[51.393s][info][gc,phases,start] GC(301) Marking Phase
[53.203s][info][gc,phases      ] GC(301) Marking Phase 1809.745ms
[53.203s][info][gc,phases,start] GC(301) Summary Phase
[53.203s][info][gc,phases      ] GC(301) Summary Phase 0.110ms
[53.203s][info][gc,phases,start] GC(301) Adjust Roots
[53.203s][info][gc,phases      ] GC(301) Adjust Roots 0.196ms
[53.203s][info][gc,phases,start] GC(301) Compaction Phase
[53.995s][info][gc,phases      ] GC(301) Compaction Phase 791.635ms
[53.995s][info][gc,phases,start] GC(301) Post Compact
[54.008s][info][gc,phases      ] GC(301) Post Compact 12.875ms
[54.010s][info][gc,heap        ] GC(301) PSYoungGen: 195072K(374272K)->66223K(374272K) Eden: 0K(100352K)->0K(100352K) From: 195072K(273920K)->66223K(273920K)
[54.010s][info][gc,heap        ] GC(301) ParOldGen: 7748964K(7872000K)->7871548K(8685568K)
[54.010s][info][gc,metaspace   ] GC(301) Metaspace: 6300K(6464K)->6300K(6464K) NonClass: 5767K(5824K)->5767K(5824K) Class: 533K(640K)->533K(640K)
[54.010s][info][gc             ] GC(301) Pause Full (Ergonomics) 7757M->7751M(8847M) 2617.664ms
[54.010s][info][gc,cpu         ] GC(301) User=19.12s Sys=0.03s Real=2.62s
[54.118s][info][gc,start       ] GC(302) Pause Young (Allocation Failure)
[54.552s][info][gc,heap        ] GC(302) PSYoungGen: 166575K(374272K)->136224K(366080K) Eden: 100352K(100352K)->0K(110080K) From: 66223K(273920K)->136224K(256000K)
[54.552s][info][gc,heap        ] GC(302) ParOldGen: 7871548K(8685568K)->7902596K(8685568K)
[54.552s][info][gc,metaspace   ] GC(302) Metaspace: 6300K(6464K)->6300K(6464K) NonClass: 5767K(5824K)->5767K(5824K) Class: 533K(640K)->533K(640K)
[54.552s][info][gc             ] GC(302) Pause Young (Allocation Failure) 7849M->7850M(8839M) 434.318ms
[54.552s][info][gc,cpu         ] GC(302) User=2.86s Sys=0.02s Real=0.43s
[54.676s][info][gc,start       ] GC(303) Pause Young (Allocation Failure)
[54.821s][info][gc,heap        ] GC(303) PSYoungGen: 246304K(366080K)->246528K(378880K) Eden: 110080K(110080K)->0K(110080K) From: 136224K(256000K)->246528K(268800K)
[54.821s][info][gc,heap        ] GC(303) ParOldGen: 7902596K(8685568K)->7902596K(8685568K)
[54.821s][info][gc,metaspace   ] GC(303) Metaspace: 6300K(6464K)->6300K(6464K) NonClass: 5767K(5824K)->5767K(5824K) Class: 533K(640K)->533K(640K)
[54.821s][info][gc             ] GC(303) Pause Young (Allocation Failure) 7957M->7958M(8852M) 145.733ms
[54.821s][info][gc,cpu         ] GC(303) User=0.66s Sys=0.00s Real=0.14s
[54.942s][info][gc,start       ] GC(304) Pause Young (Allocation Failure)
[55.128s][info][gc,heap        ] GC(304) PSYoungGen: 356608K(378880K)->292864K(353792K) Eden: 110080K(110080K)->0K(60928K) From: 246528K(268800K)->292864K(292864K)
[55.129s][info][gc,heap        ] GC(304) ParOldGen: 7902596K(8685568K)->7966868K(8685568K)
[55.129s][info][gc,metaspace   ] GC(304) Metaspace: 6300K(6464K)->6300K(6464K) NonClass: 5767K(5824K)->5767K(5824K) Class: 533K(640K)->533K(640K)
[55.129s][info][gc             ] GC(304) Pause Young (Allocation Failure) 8065M->8066M(8827M) 186.660ms
[55.129s][info][gc,cpu         ] GC(304) User=1.28s Sys=0.12s Real=0.19s
[55.195s][info][gc,start       ] GC(305) Pause Young (Allocation Failure)
[55.394s][info][gc,heap        ] GC(305) PSYoungGen: 353792K(353792K)->253312K(413696K) Eden: 60928K(60928K)->0K(60928K) From: 292864K(292864K)->253312K(352768K)
[55.394s][info][gc,heap        ] GC(305) ParOldGen: 7966868K(8685568K)->8068300K(8685568K)
[55.394s][info][gc,metaspace   ] GC(305) Metaspace: 6300K(6464K)->6300K(6464K) NonClass: 5767K(5824K)->5767K(5824K) Class: 533K(640K)->533K(640K)
[55.394s][info][gc             ] GC(305) Pause Young (Allocation Failure) 8125M->8126M(8886M) 199.036ms
[55.394s][info][gc,cpu         ] GC(305) User=1.08s Sys=0.05s Real=0.20s
[55.461s][info][gc,start       ] GC(306) Pause Young (Allocation Failure)
[55.631s][info][gc,heap        ] GC(306) PSYoungGen: 314240K(413696K)->224384K(424960K) Eden: 60928K(60928K)->0K(68608K) From: 253312K(352768K)->224384K(356352K)
[55.631s][info][gc,heap        ] GC(306) ParOldGen: 8068300K(8685568K)->8158900K(8685568K)
[55.631s][info][gc,metaspace   ] GC(306) Metaspace: 6300K(6464K)->6300K(6464K) NonClass: 5767K(5824K)->5767K(5824K) Class: 533K(640K)->533K(640K)
[55.631s][info][gc             ] GC(306) Pause Young (Allocation Failure) 8186M->8186M(8897M) 170.776ms
[55.631s][info][gc,cpu         ] GC(306) User=1.14s Sys=0.02s Real=0.17s
[55.699s][info][gc,start       ] GC(307) Pause Young (Allocation Failure)
[55.857s][info][gc,heap        ] GC(307) PSYoungGen: 292992K(424960K)->129920K(428032K) Eden: 68608K(68608K)->0K(68608K) From: 224384K(356352K)->129920K(359424K)
[55.857s][info][gc,heap        ] GC(307) ParOldGen: 8158900K(8685568K)->8323300K(8685568K)
[55.857s][info][gc,metaspace   ] GC(307) Metaspace: 6300K(6464K)->6300K(6464K) NonClass: 5767K(5824K)->5767K(5824K) Class: 533K(640K)->533K(640K)
[55.857s][info][gc             ] GC(307) Pause Young (Allocation Failure) 8253M->8255M(8900M) 158.319ms
[55.857s][info][gc,cpu         ] GC(307) User=1.06s Sys=0.06s Real=0.16s
[55.934s][info][gc,start       ] GC(308) Pause Young (Allocation Failure)
[56.057s][info][gc,heap        ] GC(308) PSYoungGen: 198528K(428032K)->68800K(427520K) Eden: 68608K(68608K)->0K(74752K) From: 129920K(359424K)->68800K(352768K)
[56.057s][info][gc,heap        ] GC(308) ParOldGen: 8323300K(8685568K)->8453964K(8685568K)
[56.058s][info][gc,metaspace   ] GC(308) Metaspace: 6300K(6464K)->6300K(6464K) NonClass: 5767K(5824K)->5767K(5824K) Class: 533K(640K)->533K(640K)
[56.058s][info][gc             ] GC(308) Pause Young (Allocation Failure) 8322M->8323M(8899M) 123.075ms
[56.058s][info][gc,cpu         ] GC(308) User=0.50s Sys=0.06s Real=0.12s
[56.142s][info][gc,start       ] GC(309) Pause Young (Allocation Failure)
[56.255s][info][gc,heap        ] GC(309) PSYoungGen: 143552K(427520K)->75008K(430592K) Eden: 74752K(74752K)->0K(74752K) From: 68800K(352768K)->75008K(355840K)
[56.255s][info][gc,heap        ] GC(309) ParOldGen: 8453964K(8685568K)->8523196K(8685568K)
[56.255s][info][gc,metaspace   ] GC(309) Metaspace: 6300K(6464K)->6300K(6464K) NonClass: 5767K(5824K)->5767K(5824K) Class: 533K(640K)->533K(640K)
[56.255s][info][gc             ] GC(309) Pause Young (Allocation Failure) 8396M->8396M(8902M) 113.246ms
[56.255s][info][gc,cpu         ] GC(309) User=0.50s Sys=0.02s Real=0.11s
[56.255s][info][gc,start       ] GC(310) Pause Full (Ergonomics)
[56.255s][info][gc,phases,start] GC(310) Marking Phase
[58.231s][info][gc,phases      ] GC(310) Marking Phase 1975.982ms
[58.231s][info][gc,phases,start] GC(310) Summary Phase
[58.231s][info][gc,phases      ] GC(310) Summary Phase 0.130ms
[58.231s][info][gc,phases,start] GC(310) Adjust Roots
[58.231s][info][gc,phases      ] GC(310) Adjust Roots 0.204ms
[58.231s][info][gc,phases,start] GC(310) Compaction Phase
[59.051s][info][gc,phases      ] GC(310) Compaction Phase 819.155ms
[59.051s][info][gc,phases,start] GC(310) Post Compact
[59.063s][info][gc,phases      ] GC(310) Post Compact 12.697ms
[59.066s][info][gc,heap        ] GC(310) PSYoungGen: 75008K(430592K)->0K(438272K) Eden: 0K(74752K)->0K(84480K) From: 75008K(355840K)->0K(353792K)
[59.066s][info][gc,heap        ] GC(310) ParOldGen: 8523196K(8685568K)->8591852K(9504768K)
[59.066s][info][gc,metaspace   ] GC(310) Metaspace: 6300K(6464K)->6300K(6464K) NonClass: 5767K(5824K)->5767K(5824K) Class: 533K(640K)->533K(640K)
[59.066s][info][gc             ] GC(310) Pause Full (Ergonomics) 8396M->8390M(9710M) 2811.012ms
[59.066s][info][gc,cpu         ] GC(310) User=20.61s Sys=0.06s Real=2.81s
[59.154s][info][gc,start       ] GC(311) Pause Young (Allocation Failure)
[59.242s][info][gc,heap        ] GC(311) PSYoungGen: 84480K(438272K)->84800K(438272K) Eden: 84480K(84480K)->0K(84480K) From: 0K(353792K)->84800K(353792K)
[59.242s][info][gc,heap        ] GC(311) ParOldGen: 8591852K(9504768K)->8591852K(9504768K)
[59.242s][info][gc,metaspace   ] GC(311) Metaspace: 6300K(6464K)->6300K(6464K) NonClass: 5767K(5824K)->5767K(5824K) Class: 533K(640K)->533K(640K)
[59.242s][info][gc             ] GC(311) Pause Young (Allocation Failure) 8472M->8473M(9710M) 88.287ms
[59.243s][info][gc,cpu         ] GC(311) User=0.22s Sys=0.00s Real=0.09s
[59.339s][info][gc,start       ] GC(312) Pause Young (Allocation Failure)
[59.455s][info][gc,heap        ] GC(312) PSYoungGen: 169280K(438272K)->169408K(414208K) Eden: 84480K(84480K)->0K(93184K) From: 84800K(353792K)->169408K(321024K)
[59.455s][info][gc,heap        ] GC(312) ParOldGen: 8591852K(9504768K)->8591852K(9504768K)
[59.455s][info][gc,metaspace   ] GC(312) Metaspace: 6300K(6464K)->6300K(6464K) NonClass: 5767K(5824K)->5767K(5824K) Class: 533K(640K)->533K(640K)
[59.455s][info][gc             ] GC(312) Pause Young (Allocation Failure) 8555M->8555M(9686M) 116.120ms
[59.455s][info][gc,cpu         ] GC(312) User=0.45s Sys=0.00s Real=0.12s
[59.561s][info][gc,start       ] GC(313) Pause Young (Allocation Failure)
[59.706s][info][gc,heap        ] GC(313) PSYoungGen: 262592K(414208K)->262720K(427520K) Eden: 93184K(93184K)->0K(93184K) From: 169408K(321024K)->262720K(334336K)
[59.706s][info][gc,heap        ] GC(313) ParOldGen: 8591852K(9504768K)->8591852K(9504768K)
[59.706s][info][gc,metaspace   ] GC(313) Metaspace: 6300K(6464K)->6300K(6464K) NonClass: 5767K(5824K)->5767K(5824K) Class: 533K(640K)->533K(640K)
[59.706s][info][gc             ] GC(313) Pause Young (Allocation Failure) 8646M->8647M(9699M) 145.777ms
[59.706s][info][gc,cpu         ] GC(313) User=0.80s Sys=0.00s Real=0.15s
[59.809s][info][gc,start       ] GC(314) Pause Young (Allocation Failure)
[60.002s][info][gc,heap        ] GC(314) PSYoungGen: 355904K(427520K)->271488K(439296K) Eden: 93184K(93184K)->0K(83456K) From: 262720K(334336K)->271488K(355840K)
[60.002s][info][gc,heap        ] GC(314) ParOldGen: 8591852K(9504768K)->8677092K(9504768K)
[60.002s][info][gc,metaspace   ] GC(314) Metaspace: 6300K(6464K)->6300K(6464K) NonClass: 5767K(5824K)->5767K(5824K) Class: 533K(640K)->533K(640K)
[60.002s][info][gc             ] GC(314) Pause Young (Allocation Failure) 8738M->8738M(9711M) 192.158ms
[60.002s][info][gc,cpu         ] GC(314) User=1.19s Sys=0.03s Real=0.19s
[60.099s][info][gc,start       ] GC(315) Pause Young (Allocation Failure)
[60.291s][info][gc,heap        ] GC(315) PSYoungGen: 354944K(439296K)->270432K(458752K) Eden: 83456K(83456K)->0K(83456K) From: 271488K(355840K)->270432K(375296K)
[60.291s][info][gc,heap        ] GC(315) ParOldGen: 8677092K(9504768K)->8762316K(9504768K)
[60.292s][info][gc,metaspace   ] GC(315) Metaspace: 6300K(6464K)->6300K(6464K) NonClass: 5767K(5824K)->5767K(5824K) Class: 533K(640K)->533K(640K)
[60.292s][info][gc             ] GC(315) Pause Young (Allocation Failure) 8820M->8821M(9730M) 192.811ms
[60.292s][info][gc,cpu         ] GC(315) User=1.30s Sys=0.06s Real=0.19s
[60.382s][info][gc,start       ] GC(316) Pause Young (Allocation Failure)
[60.577s][info][gc,heap        ] GC(316) PSYoungGen: 353888K(458752K)->260736K(476160K) Eden: 83456K(83456K)->0K(86016K) From: 270432K(375296K)->260736K(390144K)
[60.577s][info][gc,heap        ] GC(316) ParOldGen: 8762316K(9504768K)->8856340K(9504768K)
[60.577s][info][gc,metaspace   ] GC(316) Metaspace: 6300K(6464K)->6300K(6464K) NonClass: 5767K(5824K)->5767K(5824K) Class: 533K(640K)->533K(640K)
[60.577s][info][gc             ] GC(316) Pause Young (Allocation Failure) 8902M->8903M(9747M) 195.337ms
[60.577s][info][gc,cpu         ] GC(316) User=1.34s Sys=0.03s Real=0.19s
[60.683s][info][gc,start       ] GC(317) Pause Young (Allocation Failure)
[60.867s][info][gc,heap        ] GC(317) PSYoungGen: 346752K(476160K)->253568K(483328K) Eden: 86016K(86016K)->0K(86016K) From: 260736K(390144K)->253568K(397312K)
[60.867s][info][gc,heap        ] GC(317) ParOldGen: 8856340K(9504768K)->8950380K(9504768K)
[60.867s][info][gc,metaspace   ] GC(317) Metaspace: 6300K(6464K)->6300K(6464K) NonClass: 5767K(5824K)->5767K(5824K) Class: 533K(640K)->533K(640K)
[60.867s][info][gc             ] GC(317) Pause Young (Allocation Failure) 8987M->8988M(9754M) 183.341ms
[60.867s][info][gc,cpu         ] GC(317) User=1.20s Sys=0.08s Real=0.18s
[60.974s][info][gc,start       ] GC(318) Pause Young (Allocation Failure)
[61.159s][info][gc,heap        ] GC(318) PSYoungGen: 339584K(483328K)->172480K(464896K) Eden: 86016K(86016K)->0K(96768K) From: 253568K(397312K)->172480K(368128K)
[61.159s][info][gc,heap        ] GC(318) ParOldGen: 8950380K(9504768K)->9118788K(9504768K)
[61.159s][info][gc,metaspace   ] GC(318) Metaspace: 6300K(6464K)->6300K(6464K) NonClass: 5767K(5824K)->5767K(5824K) Class: 533K(640K)->533K(640K)
[61.159s][info][gc             ] GC(318) Pause Young (Allocation Failure) 9072M->9073M(9736M) 185.543ms
[61.159s][info][gc,cpu         ] GC(318) User=1.25s Sys=0.12s Real=0.18s
[61.267s][info][gc,start       ] GC(319) Pause Young (Allocation Failure)
[61.434s][info][gc,heap        ] GC(319) PSYoungGen: 269248K(464896K)->97056K(480256K) Eden: 96768K(96768K)->0K(96768K) From: 172480K(368128K)->97056K(383488K)
[61.434s][info][gc,heap        ] GC(319) ParOldGen: 9118788K(9504768K)->9292324K(9504768K)
[61.434s][info][gc,metaspace   ] GC(319) Metaspace: 6300K(6464K)->6300K(6464K) NonClass: 5767K(5824K)->5767K(5824K) Class: 533K(640K)->533K(640K)
[61.434s][info][gc             ] GC(319) Pause Young (Allocation Failure) 9168M->9169M(9751M) 167.067ms
[61.434s][info][gc,cpu         ] GC(319) User=0.88s Sys=0.14s Real=0.17s
[61.550s][info][gc,start       ] GC(320) Pause Young (Allocation Failure)
[61.678s][info][gc,heap        ] GC(320) PSYoungGen: 193824K(480256K)->97088K(481792K) Eden: 96768K(96768K)->0K(108544K) From: 97056K(383488K)->97088K(373248K)
[61.678s][info][gc,heap        ] GC(320) ParOldGen: 9292324K(9504768K)->9389964K(9504768K)
[61.678s][info][gc,metaspace   ] GC(320) Metaspace: 6300K(6464K)->6300K(6464K) NonClass: 5767K(5824K)->5767K(5824K) Class: 533K(640K)->533K(640K)
[61.678s][info][gc             ] GC(320) Pause Young (Allocation Failure) 9263M->9264M(9752M) 127.746ms
[61.678s][info][gc,cpu         ] GC(320) User=0.53s Sys=0.05s Real=0.13s
[61.678s][info][gc,start       ] GC(321) Pause Full (Ergonomics)
[61.678s][info][gc,phases,start] GC(321) Marking Phase
[63.908s][info][gc,phases      ] GC(321) Marking Phase 2230.557ms
[63.908s][info][gc,phases,start] GC(321) Summary Phase
[63.909s][info][gc,phases      ] GC(321) Summary Phase 0.213ms
[63.909s][info][gc,phases,start] GC(321) Adjust Roots
[63.909s][info][gc,phases      ] GC(321) Adjust Roots 0.297ms
[63.909s][info][gc,phases,start] GC(321) Compaction Phase
[64.861s][info][gc,phases      ] GC(321) Compaction Phase 951.826ms
[64.861s][info][gc,phases,start] GC(321) Post Compact
[64.876s][info][gc,phases      ] GC(321) Post Compact 15.421ms
[64.879s][info][gc,heap        ] GC(321) PSYoungGen: 97088K(481792K)->0K(486400K) Eden: 0K(108544K)->0K(108544K) From: 97088K(373248K)->0K(377856K)
[64.879s][info][gc,heap        ] GC(321) ParOldGen: 9389964K(9504768K)->9479345K(10498048K)
[64.879s][info][gc,metaspace   ] GC(321) Metaspace: 6300K(6464K)->6300K(6464K) NonClass: 5767K(5824K)->5767K(5824K) Class: 533K(640K)->533K(640K)
[64.879s][info][gc             ] GC(321) Pause Full (Ergonomics) 9264M->9257M(10727M) 3201.701ms
[64.880s][info][gc,cpu         ] GC(321) User=23.38s Sys=0.05s Real=3.20s
[64.995s][info][gc,start       ] GC(322) Pause Young (Allocation Failure)
[65.103s][info][gc,heap        ] GC(322) PSYoungGen: 108544K(486400K)->108896K(477184K) Eden: 108544K(108544K)->0K(118784K) From: 0K(377856K)->108896K(358400K)
[65.103s][info][gc,heap        ] GC(322) ParOldGen: 9479345K(10498048K)->9479345K(10498048K)
[65.103s][info][gc,metaspace   ] GC(322) Metaspace: 6300K(6464K)->6300K(6464K) NonClass: 5767K(5824K)->5767K(5824K) Class: 533K(640K)->533K(640K)
[65.104s][info][gc             ] GC(322) Pause Young (Allocation Failure) 9363M->9363M(10718M) 108.332ms
[65.104s][info][gc,cpu         ] GC(322) User=0.30s Sys=0.00s Real=0.11s
[65.262s][info][gc,start       ] GC(323) Pause Young (Allocation Failure)
[65.398s][info][gc,heap        ] GC(323) PSYoungGen: 227680K(477184K)->227872K(488448K) Eden: 118784K(118784K)->0K(118784K) From: 108896K(358400K)->227872K(369664K)
[65.398s][info][gc,heap        ] GC(323) ParOldGen: 9479345K(10498048K)->9479345K(10498048K)
[65.398s][info][gc,metaspace   ] GC(323) Metaspace: 6300K(6464K)->6300K(6464K) NonClass: 5767K(5824K)->5767K(5824K) Class: 533K(640K)->533K(640K)
[65.398s][info][gc             ] GC(323) Pause Young (Allocation Failure) 9479M->9479M(10729M) 136.313ms
[65.398s][info][gc,cpu         ] GC(323) User=0.64s Sys=0.00s Real=0.14s
[65.516s][info][gc,start       ] GC(324) Pause Young (Allocation Failure)
[65.697s][info][gc,heap        ] GC(324) PSYoungGen: 346656K(488448K)->346912K(457728K) Eden: 118784K(118784K)->0K(86528K) From: 227872K(369664K)->346912K(371200K)
[65.698s][info][gc,heap        ] GC(324) ParOldGen: 9479345K(10498048K)->9479345K(10498048K)
[65.698s][info][gc,metaspace   ] GC(324) Metaspace: 6300K(6464K)->6300K(6464K) NonClass: 5767K(5824K)->5767K(5824K) Class: 533K(640K)->533K(640K)
[65.698s][info][gc             ] GC(324) Pause Young (Allocation Failure) 9595M->9595M(10699M) 181.672ms
[65.698s][info][gc,cpu         ] GC(324) User=1.17s Sys=0.11s Real=0.18s
[65.799s][info][gc,start       ] GC(325) Pause Young (Allocation Failure)
[66.017s][info][gc,heap        ] GC(325) PSYoungGen: 433440K(457728K)->414720K(501248K) Eden: 86528K(86528K)->0K(86528K) From: 346912K(371200K)->414720K(414720K)
[66.017s][info][gc,heap        ] GC(325) ParOldGen: 9479345K(10498048K)->9498273K(10498048K)
[66.017s][info][gc,metaspace   ] GC(325) Metaspace: 6300K(6464K)->6300K(6464K) NonClass: 5767K(5824K)->5767K(5824K) Class: 533K(640K)->533K(640K)
[66.017s][info][gc             ] GC(325) Pause Young (Allocation Failure) 9680M->9680M(10741M) 218.562ms
[66.018s][info][gc,cpu         ] GC(325) User=1.62s Sys=0.00s Real=0.22s
[66.110s][info][gc,start       ] GC(326) Pause Young (Allocation Failure)
[66.397s][info][gc,heap        ] GC(326) PSYoungGen: 501248K(501248K)->284576K(575488K) Eden: 86528K(86528K)->0K(97280K) From: 414720K(414720K)->284576K(478208K)
[66.397s][info][gc,heap        ] GC(326) ParOldGen: 9498273K(10498048K)->9716793K(10498048K)
[66.397s][info][gc,metaspace   ] GC(326) Metaspace: 6300K(6464K)->6300K(6464K) NonClass: 5767K(5824K)->5767K(5824K) Class: 533K(640K)->533K(640K)
[66.397s][info][gc             ] GC(326) Pause Young (Allocation Failure) 9765M->9766M(10814M) 286.440ms
[66.397s][info][gc,cpu         ] GC(326) User=2.03s Sys=0.11s Real=0.29s
[66.519s][info][gc,start       ] GC(327) Pause Young (Allocation Failure)
[66.728s][info][gc,heap        ] GC(327) PSYoungGen: 381856K(575488K)->266176K(576512K) Eden: 97280K(97280K)->0K(97280K) From: 284576K(478208K)->266176K(479232K)
[66.728s][info][gc,heap        ] GC(327) ParOldGen: 9716793K(10498048K)->9833457K(10498048K)
[66.728s][info][gc,metaspace   ] GC(327) Metaspace: 6300K(6464K)->6300K(6464K) NonClass: 5767K(5824K)->5767K(5824K) Class: 533K(640K)->533K(640K)
[66.728s][info][gc             ] GC(327) Pause Young (Allocation Failure) 9861M->9862M(10815M) 208.855ms
[66.728s][info][gc,cpu         ] GC(327) User=1.30s Sys=0.11s Real=0.21s
[66.835s][info][gc,start       ] GC(328) Pause Young (Allocation Failure)
[67.034s][info][gc,heap        ] GC(328) PSYoungGen: 363456K(576512K)->281696K(570368K) Eden: 97280K(97280K)->0K(109568K) From: 266176K(479232K)->281696K(460800K)
[67.034s][info][gc,heap        ] GC(328) ParOldGen: 9833457K(10498048K)->9915969K(10498048K)
[67.034s][info][gc,metaspace   ] GC(328) Metaspace: 6300K(6464K)->6300K(6464K) NonClass: 5767K(5824K)->5767K(5824K) Class: 533K(640K)->533K(640K)
[67.034s][info][gc             ] GC(328) Pause Young (Allocation Failure) 9957M->9958M(10809M) 199.129ms
[67.034s][info][gc,cpu         ] GC(328) User=1.31s Sys=0.08s Real=0.20s
[67.156s][info][gc,start       ] GC(329) Pause Young (Allocation Failure)
[67.395s][info][gc,heap        ] GC(329) PSYoungGen: 391264K(570368K)->207360K(316928K) Eden: 109568K(109568K)->0K(109568K) From: 281696K(460800K)->207360K(207360K)
[67.395s][info][gc,heap        ] GC(329) ParOldGen: 9915969K(10498048K)->10101425K(10498048K)
[67.395s][info][gc,metaspace   ] GC(329) Metaspace: 6300K(6464K)->6300K(6464K) NonClass: 5767K(5824K)->5767K(5824K) Class: 533K(640K)->533K(640K)
[67.395s][info][gc             ] GC(329) Pause Young (Allocation Failure) 10065M->10067M(10561M) 239.642ms
[67.395s][info][gc,cpu         ] GC(329) User=1.39s Sys=0.09s Real=0.24s
[67.531s][info][gc,start       ] GC(330) Pause Young (Allocation Failure)
[67.720s][info][gc,heap        ] GC(330) PSYoungGen: 316928K(316928K)->109888K(567808K) Eden: 109568K(109568K)->0K(123392K) From: 207360K(207360K)->109888K(444416K)
[67.720s][info][gc,heap        ] GC(330) ParOldGen: 10101425K(10498048K)->10310145K(10498048K)
[67.720s][info][gc,metaspace   ] GC(330) Metaspace: 6300K(6464K)->6300K(6464K) NonClass: 5767K(5824K)->5767K(5824K) Class: 533K(640K)->533K(640K)
[67.720s][info][gc             ] GC(330) Pause Young (Allocation Failure) 10174M->10175M(10806M) 189.775ms
[67.720s][info][gc,cpu         ] GC(330) User=1.12s Sys=0.16s Real=0.19s
[67.720s][info][gc,start       ] GC(331) Pause Full (Ergonomics)
[67.720s][info][gc,phases,start] GC(331) Marking Phase
[70.236s][info][gc,phases      ] GC(331) Marking Phase 2515.192ms
[70.236s][info][gc,phases,start] GC(331) Summary Phase
[70.236s][info][gc,phases      ] GC(331) Summary Phase 0.246ms
[70.236s][info][gc,phases,start] GC(331) Adjust Roots
[70.236s][info][gc,phases      ] GC(331) Adjust Roots 0.390ms
[70.236s][info][gc,phases,start] GC(331) Compaction Phase
[71.281s][info][gc,phases      ] GC(331) Compaction Phase 1044.751ms
[71.281s][info][gc,phases,start] GC(331) Post Compact
[71.299s][info][gc,phases      ] GC(331) Post Compact 18.063ms
[71.303s][info][gc,heap        ] GC(331) PSYoungGen: 109888K(567808K)->0K(568832K) Eden: 0K(123392K)->0K(123392K) From: 109888K(444416K)->0K(445440K)
[71.303s][info][gc,heap        ] GC(331) ParOldGen: 10310145K(10498048K)->10411924K(11583488K)
[71.303s][info][gc,metaspace   ] GC(331) Metaspace: 6300K(6464K)->6300K(6464K) NonClass: 5767K(5824K)->5767K(5824K) Class: 533K(640K)->533K(640K)
[71.303s][info][gc             ] GC(331) Pause Full (Ergonomics) 10175M->10167M(11867M) 3582.187ms
[71.303s][info][gc,cpu         ] GC(331) User=26.11s Sys=0.09s Real=3.58s
[71.435s][info][gc,start       ] GC(332) Pause Young (Allocation Failure)
[71.555s][info][gc,heap        ] GC(332) PSYoungGen: 123392K(568832K)->123680K(565248K) Eden: 123392K(123392K)->0K(135680K) From: 0K(445440K)->123680K(429568K)
[71.555s][info][gc,heap        ] GC(332) ParOldGen: 10411924K(11583488K)->10411924K(11583488K)
[71.555s][info][gc,metaspace   ] GC(332) Metaspace: 6300K(6464K)->6300K(6464K) NonClass: 5767K(5824K)->5767K(5824K) Class: 533K(640K)->533K(640K)
[71.555s][info][gc             ] GC(332) Pause Young (Allocation Failure) 10288M->10288M(11864M) 120.573ms
[71.555s][info][gc,cpu         ] GC(332) User=0.41s Sys=0.00s Real=0.12s
[71.715s][info][gc,start       ] GC(333) Pause Young (Allocation Failure)
[71.872s][info][gc,heap        ] GC(333) PSYoungGen: 259360K(565248K)->259680K(574976K) Eden: 135680K(135680K)->0K(135680K) From: 123680K(429568K)->259680K(439296K)
[71.872s][info][gc,heap        ] GC(333) ParOldGen: 10411924K(11583488K)->10411924K(11583488K)
[71.872s][info][gc,metaspace   ] GC(333) Metaspace: 6300K(6464K)->6300K(6464K) NonClass: 5767K(5824K)->5767K(5824K) Class: 533K(640K)->533K(640K)
[71.872s][info][gc             ] GC(333) Pause Young (Allocation Failure) 10421M->10421M(11873M) 156.887ms
[71.872s][info][gc,cpu         ] GC(333) User=0.80s Sys=0.00s Real=0.16s
[72.036s][info][gc,start       ] GC(334) Pause Young (Allocation Failure)
[72.264s][info][gc,heap        ] GC(334) PSYoungGen: 395360K(574976K)->395616K(538624K) Eden: 135680K(135680K)->0K(103936K) From: 259680K(439296K)->395616K(434688K)
[72.264s][info][gc,heap        ] GC(334) ParOldGen: 10411924K(11583488K)->10411924K(11583488K)
[72.264s][info][gc,metaspace   ] GC(334) Metaspace: 6300K(6464K)->6300K(6464K) NonClass: 5767K(5824K)->5767K(5824K) Class: 533K(640K)->533K(640K)
[72.264s][info][gc             ] GC(334) Pause Young (Allocation Failure) 10553M->10554M(11838M) 228.552ms
[72.264s][info][gc,cpu         ] GC(334) User=1.36s Sys=0.06s Real=0.23s
[72.385s][info][gc,start       ] GC(335) Pause Young (Allocation Failure)
[72.670s][info][gc,heap        ] GC(335) PSYoungGen: 499552K(538624K)->479744K(583680K) Eden: 103936K(103936K)->0K(103936K) From: 395616K(434688K)->479744K(479744K)
[72.671s][info][gc,heap        ] GC(335) ParOldGen: 10411924K(11583488K)->10431988K(11583488K)
[72.671s][info][gc,metaspace   ] GC(335) Metaspace: 6300K(6464K)->6300K(6464K) NonClass: 5767K(5824K)->5767K(5824K) Class: 533K(640K)->533K(640K)
[72.671s][info][gc             ] GC(335) Pause Young (Allocation Failure) 10655M->10655M(11882M) 285.286ms
[72.671s][info][gc,cpu         ] GC(335) User=2.00s Sys=0.00s Real=0.28s
[72.795s][info][gc,start       ] GC(336) Pause Young (Allocation Failure)
[73.152s][info][gc,heap        ] GC(336) PSYoungGen: 583680K(583680K)->334720K(668672K) Eden: 103936K(103936K)->0K(116736K) From: 479744K(479744K)->334720K(551936K)
[73.152s][info][gc,heap        ] GC(336) ParOldGen: 10431988K(11583488K)->10683052K(11583488K)
[73.152s][info][gc,metaspace   ] GC(336) Metaspace: 6300K(6464K)->6300K(6464K) NonClass: 5767K(5824K)->5767K(5824K) Class: 533K(640K)->533K(640K)
[73.152s][info][gc             ] GC(336) Pause Young (Allocation Failure) 10757M->10759M(11965M) 357.078ms
[73.152s][info][gc,cpu         ] GC(336) User=2.45s Sys=0.12s Real=0.36s
[73.294s][info][gc,start       ] GC(337) Pause Young (Allocation Failure)
[73.589s][info][gc,heap        ] GC(337) PSYoungGen: 451456K(668672K)->321536K(669184K) Eden: 116736K(116736K)->0K(116736K) From: 334720K(551936K)->321536K(552448K)
[73.589s][info][gc,heap        ] GC(337) ParOldGen: 10683052K(11583488K)->10814012K(11583488K)
[73.589s][info][gc,metaspace   ] GC(337) Metaspace: 6300K(6464K)->6300K(6464K) NonClass: 5767K(5824K)->5767K(5824K) Class: 533K(640K)->533K(640K)
[73.589s][info][gc             ] GC(337) Pause Young (Allocation Failure) 10873M->10874M(11965M) 294.592ms
[73.589s][info][gc,cpu         ] GC(337) User=1.72s Sys=0.12s Real=0.29s
[73.729s][info][gc,start       ] GC(338) Pause Young (Allocation Failure)
[74.374s][info][gc,heap        ] GC(338) PSYoungGen: 438272K(669184K)->234016K(636416K) Eden: 116736K(116736K)->0K(132608K) From: 321536K(552448K)->234016K(503808K)
[74.374s][info][gc,heap        ] GC(338) ParOldGen: 10814012K(11583488K)->11019980K(11583488K)
[74.374s][info][gc,metaspace   ] GC(338) Metaspace: 6300K(6464K)->6300K(6464K) NonClass: 5767K(5824K)->5767K(5824K) Class: 533K(640K)->533K(640K)
[74.374s][info][gc             ] GC(338) Pause Young (Allocation Failure) 10988M->10990M(11933M) 644.867ms
[74.374s][info][gc,cpu         ] GC(338) User=1.69s Sys=0.92s Real=0.65s
[74.541s][info][gc,start       ] GC(339) Pause Young (Allocation Failure)
[75.424s][info][gc,heap        ] GC(339) PSYoungGen: 366624K(636416K)->132992K(655872K) Eden: 132608K(132608K)->0K(132608K) From: 234016K(503808K)->132992K(523264K)
[75.424s][info][gc,heap        ] GC(339) ParOldGen: 11019980K(11583488K)->11255548K(11583488K)
[75.424s][info][gc,metaspace   ] GC(339) Metaspace: 6300K(6464K)->6300K(6464K) NonClass: 5767K(5824K)->5767K(5824K) Class: 533K(640K)->533K(640K)
[75.424s][info][gc             ] GC(339) Pause Young (Allocation Failure) 11119M->11121M(11952M) 883.267ms
[75.424s][info][gc,cpu         ] GC(339) User=1.50s Sys=1.30s Real=0.88s
[75.424s][info][gc,start       ] GC(340) Pause Full (Ergonomics)
[75.424s][info][gc,phases,start] GC(340) Marking Phase
[78.102s][info][gc,phases      ] GC(340) Marking Phase 2677.844ms
[78.102s][info][gc,phases,start] GC(340) Summary Phase
[78.102s][info][gc,phases      ] GC(340) Summary Phase 0.190ms
[78.102s][info][gc,phases,start] GC(340) Adjust Roots
[78.102s][info][gc,phases      ] GC(340) Adjust Roots 0.200ms
[78.102s][info][gc,phases,start] GC(340) Compaction Phase
[79.442s][info][gc,phases      ] GC(340) Compaction Phase 1339.952ms
[79.442s][info][gc,phases,start] GC(340) Post Compact
[79.590s][info][gc,phases      ] GC(340) Post Compact 147.630ms
[79.591s][info][gc,heap        ] GC(340) PSYoungGen: 132992K(655872K)->0K(673280K) Eden: 0K(132608K)->0K(152064K) From: 132992K(523264K)->0K(521216K)
[79.591s][info][gc,heap        ] GC(340) ParOldGen: 11255548K(11583488K)->11380377K(11742208K)
[79.591s][info][gc,metaspace   ] GC(340) Metaspace: 6300K(6464K)->6300K(6464K) NonClass: 5767K(5824K)->5767K(5824K) Class: 533K(640K)->533K(640K)
[79.591s][info][gc             ] GC(340) Pause Full (Ergonomics) 11121M->11113M(12124M) 4166.862ms
[79.591s][info][gc,cpu         ] GC(340) User=28.45s Sys=3.03s Real=4.17s
[79.781s][info][gc,start       ] GC(341) Pause Young (Allocation Failure)
[80.021s][info][gc,heap        ] GC(341) PSYoungGen: 152064K(673280K)->152480K(673280K) Eden: 152064K(152064K)->0K(152064K) From: 0K(521216K)->152480K(521216K)
[80.021s][info][gc,heap        ] GC(341) ParOldGen: 11380377K(11742208K)->11380377K(11742208K)
[80.021s][info][gc,metaspace   ] GC(341) Metaspace: 6300K(6464K)->6300K(6464K) NonClass: 5767K(5824K)->5767K(5824K) Class: 533K(640K)->533K(640K)
[80.021s][info][gc             ] GC(341) Pause Young (Allocation Failure) 11262M->11262M(12124M) 239.934ms
[80.021s][info][gc,cpu         ] GC(341) User=0.48s Sys=0.08s Real=0.24s
[80.090s][info][gc,start       ] GC(342) Pause Young (Allocation Failure)
[80.241s][info][gc,heap        ] GC(342) PSYoungGen: 210253K(673280K)->55808K(675840K) Eden: 57773K(152064K)->0K(163840K) From: 152480K(521216K)->55808K(512000K)
[80.241s][info][gc,heap        ] GC(342) ParOldGen: 11380377K(11742208K)->11533833K(11742208K)
[80.241s][info][gc,metaspace   ] GC(342) Metaspace: 6300K(6464K)->6300K(6464K) NonClass: 5767K(5824K)->5767K(5824K) Class: 533K(640K)->533K(640K)
[80.241s][info][gc             ] GC(342) Pause Young (Allocation Failure) 11318M->11318M(12127M) 151.299ms
[80.241s][info][gc,cpu         ] GC(342) User=0.73s Sys=0.03s Real=0.15s
[80.242s][info][gc,start       ] GC(343) Pause Full (Ergonomics)
[80.242s][info][gc,phases,start] GC(343) Marking Phase
[82.972s][info][gc,phases      ] GC(343) Marking Phase 2730.860ms
[82.972s][info][gc,phases,start] GC(343) Summary Phase
[82.973s][info][gc,phases      ] GC(343) Summary Phase 0.270ms
[82.973s][info][gc,phases,start] GC(343) Adjust Roots
[82.973s][info][gc,phases      ] GC(343) Adjust Roots 0.210ms
[82.973s][info][gc,phases,start] GC(343) Compaction Phase
[83.907s][info][gc,phases      ] GC(343) Compaction Phase 933.912ms
[83.907s][info][gc,phases,start] GC(343) Post Compact
[83.922s][info][gc,phases      ] GC(343) Post Compact 15.188ms
[83.922s][info][gc,heap        ] GC(343) PSYoungGen: 55808K(675840K)->0K(680960K) Eden: 0K(163840K)->0K(163840K) From: 55808K(512000K)->0K(517120K)
[83.922s][info][gc,heap        ] GC(343) ParOldGen: 11533833K(11742208K)->11587947K(11742208K)
[83.922s][info][gc,metaspace   ] GC(343) Metaspace: 6300K(6464K)->6300K(6464K) NonClass: 5767K(5824K)->5767K(5824K) Class: 533K(640K)->533K(640K)
[83.922s][info][gc             ] GC(343) Pause Full (Ergonomics) 11318M->11316M(12132M) 3680.809ms
[83.922s][info][gc,cpu         ] GC(343) User=28.31s Sys=0.09s Real=3.68s
[83.922s][info][gc,start       ] GC(344) Pause Young (Allocation Failure)
[83.938s][info][gc,heap        ] GC(344) PSYoungGen: 0K(680960K)->0K(690688K) Eden: 0K(163840K)->0K(173568K) From: 0K(517120K)->0K(517120K)
[83.938s][info][gc,heap        ] GC(344) ParOldGen: 11587947K(11742208K)->11587947K(11742208K)
[83.938s][info][gc,metaspace   ] GC(344) Metaspace: 6300K(6464K)->6300K(6464K) NonClass: 5767K(5824K)->5767K(5824K) Class: 533K(640K)->533K(640K)
[83.938s][info][gc             ] GC(344) Pause Young (Allocation Failure) 11316M->11316M(12141M) 15.577ms
[83.938s][info][gc,cpu         ] GC(344) User=0.02s Sys=0.00s Real=0.02s
[83.938s][info][gc,start       ] GC(345) Pause Full (Allocation Failure)
[83.938s][info][gc,phases,start] GC(345) Marking Phase
[86.678s][info][gc,phases      ] GC(345) Marking Phase 2740.118ms
[86.678s][info][gc,phases,start] GC(345) Summary Phase
[86.678s][info][gc,phases      ] GC(345) Summary Phase 0.148ms
[86.678s][info][gc,phases,start] GC(345) Adjust Roots
[86.679s][info][gc,phases      ] GC(345) Adjust Roots 0.488ms
[86.679s][info][gc,phases,start] GC(345) Compaction Phase
[89.581s][info][gc,phases      ] GC(345) Compaction Phase 2901.749ms
[89.581s][info][gc,phases,start] GC(345) Post Compact
[89.598s][info][gc,phases      ] GC(345) Post Compact 16.893ms
[89.598s][info][gc,heap        ] GC(345) PSYoungGen: 0K(690688K)->0K(700416K) Eden: 0K(173568K)->0K(173568K) From: 0K(517120K)->0K(526848K)
[89.598s][info][gc,heap        ] GC(345) ParOldGen: 11587947K(11742208K)->11587942K(11742208K)
[89.598s][info][gc,metaspace   ] GC(345) Metaspace: 6300K(6464K)->6299K(6464K) NonClass: 5767K(5824K)->5766K(5824K) Class: 533K(640K)->532K(640K)
[89.598s][info][gc             ] GC(345) Pause Full (Allocation Failure) 11316M->11316M(12151M) 5659.784ms
[89.598s][info][gc,cpu         ] GC(345) User=42.39s Sys=0.00s Real=5.66s
[89.600s][info][gc,heap,exit   ] Heap
[89.600s][info][gc,heap,exit   ]  PSYoungGen      total 700416K, used 6942K [0x0000000699b00000, 0x00000006e5880000, 0x0000000800000000)
[89.600s][info][gc,heap,exit   ]   eden space 173568K, 3% used [0x0000000699b00000,0x000000069a1c7900,0x00000006a4480000)
[89.600s][info][gc,heap,exit   ]   from space 526848K, 0% used [0x00000006a4480000,0x00000006a4480000,0x00000006c4700000)
[89.600s][info][gc,heap,exit   ]   to   space 526848K, 0% used [0x00000006c5600000,0x00000006c5600000,0x00000006e5880000)
[89.600s][info][gc,heap,exit   ]  ParOldGen       total 11742208K, used 11587942K [0x00000003cd000000, 0x0000000699b00000, 0x0000000699b00000)
[89.600s][info][gc,heap,exit   ]   object space 11742208K, 98% used [0x00000003cd000000,0x0000000690459b88,0x0000000699b00000)
[89.600s][info][gc,heap,exit   ]  Metaspace       used 6304K, committed 6528K, reserved 1114112K
[89.600s][info][gc,heap,exit   ]   class space    used 534K, committed 640K, reserved 1048576K
