[0.012s][info][gc,init] CardTable entry size: 512
[0.012s][info][gc     ] Using Serial
[0.012s][info][gc,init] Version: 18.0.1+10 (release)
[0.012s][info][gc,init] CPUs: 8 total, 8 available
[0.012s][info][gc,init] Memory: 16063M
[0.012s][info][gc,init] Large Page Support: Disabled
[0.012s][info][gc,init] NUMA Support: Disabled
[0.012s][info][gc,init] Compressed Oops: Enabled (Zero based)
[0.012s][info][gc,init] Heap Min Capacity: 2M
[0.013s][info][gc,init] Heap Initial Capacity: 2M
[0.013s][info][gc,init] Heap Max Capacity: 11800M
[0.013s][info][gc,init] Pre-touch: Disabled
[0.013s][info][gc,metaspace] CDS archive(s) not mapped
[0.013s][info][gc,metaspace] Compressed class space mapped at: 0x0000000800000000-0x0000000840000000, reserved size: 1073741824
[0.013s][info][gc,metaspace] Narrow klass base: 0x0000000800000000, Narrow klass shift: 0, Narrow klass range: 0x40000000
[0.184s][info][gc,start    ] GC(0) Pause Young (Allocation Failure)
[0.186s][info][gc,heap     ] GC(0) DefNew: 1023K(1152K)->127K(1152K) Eden: 1023K(1024K)->0K(1024K) From: 0K(128K)->127K(128K)
[0.186s][info][gc,heap     ] GC(0) Tenured: 0K(768K)->439K(768K)
[0.186s][info][gc,metaspace] GC(0) Metaspace: 5902K(6016K)->5902K(6016K) NonClass: 5402K(5504K)->5402K(5504K) Class: 499K(512K)->499K(512K)
[0.186s][info][gc          ] GC(0) Pause Young (Allocation Failure) 0M->0M(1M) 1.780ms
[0.186s][info][gc,cpu      ] GC(0) User=0.00s Sys=0.00s Real=0.00s
[0.207s][info][gc,start    ] GC(1) Pause Young (Allocation Failure)
[0.209s][info][gc          ] GC(1) Pause Young (Allocation Failure) 1M->0M(2M) 1.424ms
[0.209s][info][gc,cpu      ] GC(1) User=0.00s Sys=0.00s Real=0.00s
[0.209s][info][gc,start    ] GC(2) Pause Full (Allocation Failure)
[0.209s][info][gc,phases,start] GC(2) Phase 1: Mark live objects
[0.210s][info][gc,phases      ] GC(2) Phase 1: Mark live objects 1.083ms
[0.210s][info][gc,phases,start] GC(2) Phase 2: Compute new object addresses
[0.210s][info][gc,phases      ] GC(2) Phase 2: Compute new object addresses 0.229ms
[0.210s][info][gc,phases,start] GC(2) Phase 3: Adjust pointers
[0.211s][info][gc,phases      ] GC(2) Phase 3: Adjust pointers 0.484ms
[0.211s][info][gc,phases,start] GC(2) Phase 4: Move objects
[0.211s][info][gc,phases      ] GC(2) Phase 4: Move objects 0.063ms
[0.211s][info][gc,heap        ] GC(2) DefNew: 1151K(1152K)->40K(1152K) Eden: 1024K(1024K)->40K(1024K) From: 127K(128K)->0K(128K)
[0.211s][info][gc,heap        ] GC(2) Tenured: 439K(768K)->960K(1600K)
[0.211s][info][gc,metaspace   ] GC(2) Metaspace: 6300K(6464K)->6300K(6464K) NonClass: 5766K(5824K)->5766K(5824K) Class: 533K(640K)->533K(640K)
[0.211s][info][gc             ] GC(2) Pause Full (Allocation Failure) 0M->0M(2M) 2.144ms
[0.211s][info][gc,cpu         ] GC(2) User=0.00s Sys=0.00s Real=0.00s
[0.213s][info][gc,start       ] GC(3) Pause Young (Allocation Failure)
[0.214s][info][gc,heap        ] GC(3) DefNew: 1024K(1152K)->127K(1152K) Eden: 1024K(1024K)->0K(1024K) From: 0K(128K)->127K(128K)
[0.214s][info][gc,heap        ] GC(3) Tenured: 960K(1600K)->1374K(1600K)
[0.214s][info][gc,metaspace   ] GC(3) Metaspace: 6300K(6464K)->6300K(6464K) NonClass: 5766K(5824K)->5766K(5824K) Class: 533K(640K)->533K(640K)
[0.214s][info][gc             ] GC(3) Pause Young (Allocation Failure) 1M->1M(2M) 1.801ms
[0.214s][info][gc,cpu         ] GC(3) User=0.00s Sys=0.00s Real=0.00s
[0.216s][info][gc,start       ] GC(4) Pause Young (Allocation Failure)
[0.217s][info][gc             ] GC(4) Pause Young (Allocation Failure) 2M->1M(3M) 1.310ms
[0.217s][info][gc,cpu         ] GC(4) User=0.00s Sys=0.00s Real=0.00s
[0.217s][info][gc,start       ] GC(5) Pause Full (Allocation Failure)
[0.217s][info][gc,phases,start] GC(5) Phase 1: Mark live objects
[0.219s][info][gc,phases      ] GC(5) Phase 1: Mark live objects 1.534ms
[0.219s][info][gc,phases,start] GC(5) Phase 2: Compute new object addresses
[0.219s][info][gc,phases      ] GC(5) Phase 2: Compute new object addresses 0.428ms
[0.219s][info][gc,phases,start] GC(5) Phase 3: Adjust pointers
[0.220s][info][gc,phases      ] GC(5) Phase 3: Adjust pointers 0.860ms
[0.220s][info][gc,phases,start] GC(5) Phase 4: Move objects
[0.220s][info][gc,phases      ] GC(5) Phase 4: Move objects 0.079ms
[0.220s][info][gc,heap        ] GC(5) DefNew: 1151K(1152K)->34K(1536K) Eden: 1024K(1024K)->34K(1408K) From: 127K(128K)->0K(128K)
[0.220s][info][gc,heap        ] GC(5) Tenured: 1374K(1600K)->1983K(3308K)
[0.220s][info][gc,metaspace   ] GC(5) Metaspace: 6300K(6464K)->6300K(6464K) NonClass: 5766K(5824K)->5766K(5824K) Class: 533K(640K)->533K(640K)
[0.220s][info][gc             ] GC(5) Pause Full (Allocation Failure) 1M->1M(4M) 3.261ms
[0.220s][info][gc,cpu         ] GC(5) User=0.00s Sys=0.00s Real=0.00s
[0.222s][info][gc,start       ] GC(6) Pause Young (Allocation Failure)
[0.224s][info][gc,heap        ] GC(6) DefNew: 1408K(1536K)->128K(1536K) Eden: 1408K(1408K)->0K(1408K) From: 0K(128K)->128K(128K)
[0.224s][info][gc,heap        ] GC(6) Tenured: 1983K(3308K)->2617K(3308K)
[0.224s][info][gc,metaspace   ] GC(6) Metaspace: 6300K(6464K)->6300K(6464K) NonClass: 5766K(5824K)->5766K(5824K) Class: 533K(640K)->533K(640K)
[0.224s][info][gc             ] GC(6) Pause Young (Allocation Failure) 3M->2M(4M) 1.825ms
[0.224s][info][gc,cpu         ] GC(6) User=0.00s Sys=0.00s Real=0.00s
[0.226s][info][gc,start       ] GC(7) Pause Young (Allocation Failure)
[0.228s][info][gc             ] GC(7) Pause Young (Allocation Failure) 4M->3M(4M) 2.002ms
[0.228s][info][gc,cpu         ] GC(7) User=0.00s Sys=0.00s Real=0.00s
[0.228s][info][gc,start       ] GC(8) Pause Full (Allocation Failure)
[0.228s][info][gc,phases,start] GC(8) Phase 1: Mark live objects
[0.230s][info][gc,phases      ] GC(8) Phase 1: Mark live objects 2.315ms
[0.230s][info][gc,phases,start] GC(8) Phase 2: Compute new object addresses
[0.231s][info][gc,phases      ] GC(8) Phase 2: Compute new object addresses 0.576ms
[0.231s][info][gc,phases,start] GC(8) Phase 3: Adjust pointers
[0.232s][info][gc,phases      ] GC(8) Phase 3: Adjust pointers 1.018ms
[0.232s][info][gc,phases,start] GC(8) Phase 4: Move objects
[0.232s][info][gc,phases      ] GC(8) Phase 4: Move objects 0.088ms
[0.232s][info][gc,heap        ] GC(8) DefNew: 1536K(1536K)->0K(2688K) Eden: 1408K(1408K)->0K(2432K) From: 128K(128K)->0K(256K)
[0.232s][info][gc,heap        ] GC(8) Tenured: 2617K(3308K)->3460K(5768K)
[0.232s][info][gc,metaspace   ] GC(8) Metaspace: 6300K(6464K)->6300K(6464K) NonClass: 5766K(5824K)->5766K(5824K) Class: 533K(640K)->533K(640K)
[0.232s][info][gc             ] GC(8) Pause Full (Allocation Failure) 3M->3M(8M) 4.326ms
[0.232s][info][gc,cpu         ] GC(8) User=0.00s Sys=0.00s Real=0.00s
[0.235s][info][gc,start       ] GC(9) Pause Young (Allocation Failure)
[0.238s][info][gc,heap        ] GC(9) DefNew: 2432K(2688K)->256K(2688K) Eden: 2432K(2432K)->0K(2432K) From: 0K(256K)->256K(256K)
[0.238s][info][gc,heap        ] GC(9) Tenured: 3460K(5768K)->4512K(5768K)
[0.238s][info][gc,metaspace   ] GC(9) Metaspace: 6300K(6464K)->6300K(6464K) NonClass: 5766K(5824K)->5766K(5824K) Class: 533K(640K)->533K(640K)
[0.238s][info][gc             ] GC(9) Pause Young (Allocation Failure) 5M->4M(8M) 2.648ms
[0.238s][info][gc,cpu         ] GC(9) User=0.00s Sys=0.00s Real=0.00s
[0.241s][info][gc,start       ] GC(10) Pause Young (Allocation Failure)
[0.245s][info][gc,heap        ] GC(10) DefNew: 2688K(2688K)->255K(2688K) Eden: 2432K(2432K)->0K(2432K) From: 256K(256K)->255K(256K)
[0.245s][info][gc,heap        ] GC(10) Tenured: 4512K(5768K)->5755K(5768K)
[0.245s][info][gc,metaspace   ] GC(10) Metaspace: 6300K(6464K)->6300K(6464K) NonClass: 5766K(5824K)->5766K(5824K) Class: 533K(640K)->533K(640K)
[0.245s][info][gc             ] GC(10) Pause Young (Allocation Failure) 7M->5M(8M) 3.736ms
[0.245s][info][gc,cpu         ] GC(10) User=0.00s Sys=0.00s Real=0.00s
[0.248s][info][gc,start       ] GC(11) Pause Young (Allocation Failure)
[0.252s][info][gc             ] GC(11) Pause Young (Allocation Failure) 8M->7M(9M) 3.361ms
[0.252s][info][gc,cpu         ] GC(11) User=0.00s Sys=0.00s Real=0.00s
[0.252s][info][gc,start       ] GC(12) Pause Full (Allocation Failure)
[0.252s][info][gc,phases,start] GC(12) Phase 1: Mark live objects
[0.256s][info][gc,phases      ] GC(12) Phase 1: Mark live objects 3.960ms
[0.256s][info][gc,phases,start] GC(12) Phase 2: Compute new object addresses
[0.257s][info][gc,phases      ] GC(12) Phase 2: Compute new object addresses 1.140ms
[0.257s][info][gc,phases,start] GC(12) Phase 3: Adjust pointers
[0.259s][info][gc,phases      ] GC(12) Phase 3: Adjust pointers 1.647ms
[0.259s][info][gc,phases,start] GC(12) Phase 4: Move objects
[0.260s][info][gc,phases      ] GC(12) Phase 4: Move objects 1.220ms
[0.260s][info][gc,heap        ] GC(12) DefNew: 2687K(2688K)->0K(5376K) Eden: 2432K(2432K)->0K(4800K) From: 255K(256K)->0K(576K)
[0.260s][info][gc,heap        ] GC(12) Tenured: 5755K(5768K)->7132K(11888K)
[0.260s][info][gc,metaspace   ] GC(12) Metaspace: 6300K(6464K)->6300K(6464K) NonClass: 5766K(5824K)->5766K(5824K) Class: 533K(640K)->533K(640K)
[0.260s][info][gc             ] GC(12) Pause Full (Allocation Failure) 7M->6M(16M) 8.463ms
[0.260s][info][gc,cpu         ] GC(12) User=0.00s Sys=0.00s Real=0.01s
[0.267s][info][gc,start       ] GC(13) Pause Young (Allocation Failure)
[0.272s][info][gc,heap        ] GC(13) DefNew: 4800K(5376K)->575K(5376K) Eden: 4800K(4800K)->0K(4800K) From: 0K(576K)->575K(576K)
[0.272s][info][gc,heap        ] GC(13) Tenured: 7132K(11888K)->9027K(11888K)
[0.272s][info][gc,metaspace   ] GC(13) Metaspace: 6300K(6464K)->6300K(6464K) NonClass: 5766K(5824K)->5766K(5824K) Class: 533K(640K)->533K(640K)
[0.272s][info][gc             ] GC(13) Pause Young (Allocation Failure) 11M->9M(16M) 5.180ms
[0.272s][info][gc,cpu         ] GC(13) User=0.00s Sys=0.00s Real=0.01s
[0.277s][info][gc,start       ] GC(14) Pause Young (Allocation Failure)
[0.284s][info][gc,heap        ] GC(14) DefNew: 5375K(5376K)->576K(5376K) Eden: 4800K(4800K)->0K(4800K) From: 575K(576K)->576K(576K)
[0.284s][info][gc,heap        ] GC(14) Tenured: 9027K(11888K)->11746K(11888K)
[0.284s][info][gc,metaspace   ] GC(14) Metaspace: 6300K(6464K)->6300K(6464K) NonClass: 5766K(5824K)->5766K(5824K) Class: 533K(640K)->533K(640K)
[0.284s][info][gc             ] GC(14) Pause Young (Allocation Failure) 14M->12M(16M) 7.096ms
[0.284s][info][gc,cpu         ] GC(14) User=0.00s Sys=0.00s Real=0.01s
[0.288s][info][gc,start       ] GC(15) Pause Young (Allocation Failure)
[0.294s][info][gc             ] GC(15) Pause Young (Allocation Failure) 16M->14M(19M) 5.840ms
[0.294s][info][gc,cpu         ] GC(15) User=0.00s Sys=0.00s Real=0.01s
[0.294s][info][gc,start       ] GC(16) Pause Full (Allocation Failure)
[0.294s][info][gc,phases,start] GC(16) Phase 1: Mark live objects
[0.302s][info][gc,phases      ] GC(16) Phase 1: Mark live objects 7.774ms
[0.302s][info][gc,phases,start] GC(16) Phase 2: Compute new object addresses
[0.304s][info][gc,phases      ] GC(16) Phase 2: Compute new object addresses 2.460ms
[0.304s][info][gc,phases,start] GC(16) Phase 3: Adjust pointers
[0.307s][info][gc,phases      ] GC(16) Phase 3: Adjust pointers 2.771ms
[0.307s][info][gc,phases,start] GC(16) Phase 4: Move objects
[0.307s][info][gc,phases      ] GC(16) Phase 4: Move objects 0.136ms
[0.307s][info][gc,heap        ] GC(16) DefNew: 5376K(5376K)->458K(10816K) Eden: 4800K(4800K)->458K(9664K) From: 576K(576K)->0K(1152K)
[0.307s][info][gc,heap        ] GC(16) Tenured: 11746K(11888K)->14323K(23876K)
[0.307s][info][gc,metaspace   ] GC(16) Metaspace: 6302K(6464K)->6302K(6464K) NonClass: 5768K(5824K)->5768K(5824K) Class: 533K(640K)->533K(640K)
[0.308s][info][gc             ] GC(16) Pause Full (Allocation Failure) 14M->14M(33M) 13.551ms
[0.308s][info][gc,cpu         ] GC(16) User=0.02s Sys=0.00s Real=0.01s
[0.316s][info][gc,start       ] GC(17) Pause Young (Allocation Failure)
[0.331s][info][gc,heap        ] GC(17) DefNew: 9664K(10816K)->1152K(10816K) Eden: 9664K(9664K)->0K(9664K) From: 0K(1152K)->1152K(1152K)
[0.331s][info][gc,heap        ] GC(17) Tenured: 14323K(23876K)->18337K(23876K)
[0.331s][info][gc,metaspace   ] GC(17) Metaspace: 6302K(6464K)->6302K(6464K) NonClass: 5768K(5824K)->5768K(5824K) Class: 533K(640K)->533K(640K)
[0.331s][info][gc             ] GC(17) Pause Young (Allocation Failure) 23M->19M(33M) 15.029ms
[0.331s][info][gc,cpu         ] GC(17) User=0.00s Sys=0.02s Real=0.02s
[0.340s][info][gc,start       ] GC(18) Pause Young (Allocation Failure)
[0.351s][info][gc,heap        ] GC(18) DefNew: 10815K(10816K)->1152K(10816K) Eden: 9663K(9664K)->0K(9664K) From: 1152K(1152K)->1152K(1152K)
[0.351s][info][gc,heap        ] GC(18) Tenured: 18337K(23876K)->23825K(23876K)
[0.351s][info][gc,metaspace   ] GC(18) Metaspace: 6302K(6464K)->6302K(6464K) NonClass: 5768K(5824K)->5768K(5824K) Class: 533K(640K)->533K(640K)
[0.351s][info][gc             ] GC(18) Pause Young (Allocation Failure) 28M->24M(33M) 11.593ms
[0.351s][info][gc,cpu         ] GC(18) User=0.00s Sys=0.00s Real=0.01s
[0.356s][info][gc,start       ] GC(19) Pause Young (Allocation Failure)
[0.368s][info][gc             ] GC(19) Pause Young (Allocation Failure) 33M->29M(38M) 11.739ms
[0.368s][info][gc,cpu         ] GC(19) User=0.00s Sys=0.00s Real=0.01s
[0.368s][info][gc,start       ] GC(20) Pause Full (Allocation Failure)
[0.368s][info][gc,phases,start] GC(20) Phase 1: Mark live objects
[0.382s][info][gc,phases      ] GC(20) Phase 1: Mark live objects 14.110ms
[0.382s][info][gc,phases,start] GC(20) Phase 2: Compute new object addresses
[0.387s][info][gc,phases      ] GC(20) Phase 2: Compute new object addresses 5.036ms
[0.388s][info][gc,phases,start] GC(20) Phase 3: Adjust pointers
[0.393s][info][gc,phases      ] GC(20) Phase 3: Adjust pointers 5.390ms
[0.393s][info][gc,phases,start] GC(20) Phase 4: Move objects
[0.393s][info][gc,phases      ] GC(20) Phase 4: Move objects 0.192ms
[0.393s][info][gc,heap        ] GC(20) DefNew: 10815K(10816K)->1036K(21760K) Eden: 9663K(9664K)->1036K(19392K) From: 1152K(1152K)->0K(2368K)
[0.393s][info][gc,heap        ] GC(20) Tenured: 23825K(23876K)->28936K(48228K)
[0.393s][info][gc,metaspace   ] GC(20) Metaspace: 6302K(6464K)->6302K(6464K) NonClass: 5768K(5824K)->5768K(5824K) Class: 533K(640K)->533K(640K)
[0.393s][info][gc             ] GC(20) Pause Full (Allocation Failure) 29M->29M(68M) 25.150ms
[0.393s][info][gc,cpu         ] GC(20) User=0.03s Sys=0.00s Real=0.02s
[0.409s][info][gc,start       ] GC(21) Pause Young (Allocation Failure)
[0.436s][info][gc,heap        ] GC(21) DefNew: 19391K(21760K)->2367K(21760K) Eden: 19391K(19392K)->0K(19392K) From: 0K(2368K)->2367K(2368K)
[0.436s][info][gc,heap        ] GC(21) Tenured: 28936K(48228K)->38984K(48228K)
[0.436s][info][gc,metaspace   ] GC(21) Metaspace: 6302K(6464K)->6302K(6464K) NonClass: 5768K(5824K)->5768K(5824K) Class: 533K(640K)->533K(640K)
[0.437s][info][gc             ] GC(21) Pause Young (Allocation Failure) 47M->40M(68M) 27.461ms
[0.437s][info][gc,cpu         ] GC(21) User=0.02s Sys=0.00s Real=0.03s
[0.455s][info][gc,start       ] GC(22) Pause Young (Allocation Failure)
[0.491s][info][gc             ] GC(22) Pause Young (Allocation Failure) 59M->59M(78M) 35.553ms
[0.491s][info][gc,cpu         ] GC(22) User=0.03s Sys=0.00s Real=0.04s
[0.491s][info][gc,start       ] GC(23) Pause Full (Allocation Failure)
[0.491s][info][gc,phases,start] GC(23) Phase 1: Mark live objects
[0.516s][info][gc,phases      ] GC(23) Phase 1: Mark live objects 24.774ms
[0.516s][info][gc,phases,start] GC(23) Phase 2: Compute new object addresses
[0.525s][info][gc,phases      ] GC(23) Phase 2: Compute new object addresses 9.592ms
[0.525s][info][gc,phases,start] GC(23) Phase 3: Adjust pointers
[0.536s][info][gc,phases      ] GC(23) Phase 3: Adjust pointers 10.744ms
[0.536s][info][gc,phases,start] GC(23) Phase 4: Move objects
[0.536s][info][gc,phases      ] GC(23) Phase 4: Move objects 0.250ms
[0.537s][info][gc,heap        ] GC(23) DefNew: 21759K(21760K)->2367K(43776K) Eden: 19392K(19392K)->2367K(38912K) From: 2367K(2368K)->0K(4864K)
[0.537s][info][gc,heap        ] GC(23) Tenured: 38984K(48228K)->58350K(97252K)
[0.537s][info][gc,metaspace   ] GC(23) Metaspace: 6302K(6464K)->6302K(6464K) NonClass: 5768K(5824K)->5768K(5824K) Class: 533K(640K)->533K(640K)
[0.537s][info][gc             ] GC(23) Pause Full (Allocation Failure) 59M->59M(137M) 45.935ms
[0.537s][info][gc,cpu         ] GC(23) User=0.05s Sys=0.00s Real=0.05s
[0.578s][info][gc,start       ] GC(24) Pause Young (Allocation Failure)
[0.638s][info][gc,heap        ] GC(24) DefNew: 38912K(43776K)->4863K(43776K) Eden: 38912K(38912K)->0K(38912K) From: 0K(4864K)->4863K(4864K)
[0.638s][info][gc,heap        ] GC(24) Tenured: 58350K(97252K)->90322K(97252K)
[0.638s][info][gc,metaspace   ] GC(24) Metaspace: 6302K(6464K)->6302K(6464K) NonClass: 5768K(5824K)->5768K(5824K) Class: 533K(640K)->533K(640K)
[0.638s][info][gc             ] GC(24) Pause Young (Allocation Failure) 94M->92M(137M) 59.991ms
[0.638s][info][gc,cpu         ] GC(24) User=0.03s Sys=0.02s Real=0.06s
[0.670s][info][gc,start       ] GC(25) Pause Young (Allocation Failure)
[0.741s][info][gc             ] GC(25) Pause Young (Allocation Failure) 130M->130M(169M) 71.114ms
[0.741s][info][gc,cpu         ] GC(25) User=0.02s Sys=0.05s Real=0.07s
[0.741s][info][gc,start       ] GC(26) Pause Full (Allocation Failure)
[0.741s][info][gc,phases,start] GC(26) Phase 1: Mark live objects
[0.795s][info][gc,phases      ] GC(26) Phase 1: Mark live objects 53.904ms
[0.795s][info][gc,phases,start] GC(26) Phase 2: Compute new object addresses
[0.816s][info][gc,phases      ] GC(26) Phase 2: Compute new object addresses 21.212ms
[0.816s][info][gc,phases,start] GC(26) Phase 3: Adjust pointers
[0.843s][info][gc,phases      ] GC(26) Phase 3: Adjust pointers 26.587ms
[0.843s][info][gc,phases,start] GC(26) Phase 4: Move objects
[0.867s][info][gc,phases      ] GC(26) Phase 4: Move objects 24.288ms
[0.868s][info][gc,heap        ] GC(26) DefNew: 43775K(43776K)->2957K(97024K) Eden: 38912K(38912K)->2957K(86272K) From: 4863K(4864K)->0K(10752K)
[0.868s][info][gc,heap        ] GC(26) Tenured: 90322K(97252K)->129315K(215528K)
[0.868s][info][gc,metaspace   ] GC(26) Metaspace: 6302K(6464K)->6302K(6464K) NonClass: 5768K(5824K)->5768K(5824K) Class: 533K(640K)->533K(640K)
[0.868s][info][gc             ] GC(26) Pause Full (Allocation Failure) 130M->129M(305M) 126.856ms
[0.868s][info][gc,cpu         ] GC(26) User=0.12s Sys=0.00s Real=0.13s
[0.966s][info][gc,start       ] GC(27) Pause Young (Allocation Failure)
[1.111s][info][gc,heap        ] GC(27) DefNew: 86272K(97024K)->10751K(97024K) Eden: 86272K(86272K)->0K(86272K) From: 0K(10752K)->10751K(10752K)
[1.111s][info][gc,heap        ] GC(27) Tenured: 129315K(215528K)->204809K(215528K)
[1.111s][info][gc,metaspace   ] GC(27) Metaspace: 6302K(6464K)->6302K(6464K) NonClass: 5768K(5824K)->5768K(5824K) Class: 533K(640K)->533K(640K)
[1.111s][info][gc             ] GC(27) Pause Young (Allocation Failure) 210M->210M(305M) 144.701ms
[1.111s][info][gc,cpu         ] GC(27) User=0.12s Sys=0.02s Real=0.15s
[1.188s][info][gc,start       ] GC(28) Pause Young (Allocation Failure)
[1.355s][info][gc             ] GC(28) Pause Young (Allocation Failure) 294M->294M(379M) 167.288ms
[1.356s][info][gc,cpu         ] GC(28) User=0.16s Sys=0.00s Real=0.17s
[1.356s][info][gc,start       ] GC(29) Pause Full (Allocation Failure)
[1.356s][info][gc,phases,start] GC(29) Phase 1: Mark live objects
[1.489s][info][gc,phases      ] GC(29) Phase 1: Mark live objects 133.535ms
[1.489s][info][gc,phases,start] GC(29) Phase 2: Compute new object addresses
[1.538s][info][gc,phases      ] GC(29) Phase 2: Compute new object addresses 49.051ms
[1.538s][info][gc,phases,start] GC(29) Phase 3: Adjust pointers
[1.603s][info][gc,phases      ] GC(29) Phase 3: Adjust pointers 64.651ms
[1.603s][info][gc,phases,start] GC(29) Phase 4: Move objects
[1.605s][info][gc,phases      ] GC(29) Phase 4: Move objects 2.222ms
[1.607s][info][gc,heap        ] GC(29) DefNew: 97023K(97024K)->10687K(218368K) Eden: 86272K(86272K)->10687K(194112K) From: 10751K(10752K)->0K(24256K)
[1.607s][info][gc,heap        ] GC(29) Tenured: 204809K(215528K)->291116K(485196K)
[1.607s][info][gc,metaspace   ] GC(29) Metaspace: 6302K(6464K)->6302K(6464K) NonClass: 5768K(5824K)->5768K(5824K) Class: 533K(640K)->533K(640K)
[1.607s][info][gc             ] GC(29) Pause Full (Allocation Failure) 294M->294M(687M) 251.178ms
[1.607s][info][gc,cpu         ] GC(29) User=0.23s Sys=0.00s Real=0.25s
[1.822s][info][gc,start       ] GC(30) Pause Young (Allocation Failure)
[2.151s][info][gc,heap        ] GC(30) DefNew: 194112K(218368K)->24255K(218368K) Eden: 194112K(194112K)->0K(194112K) From: 0K(24256K)->24255K(24256K)
[2.151s][info][gc,heap        ] GC(30) Tenured: 291116K(485196K)->460942K(485196K)
[2.151s][info][gc,metaspace   ] GC(30) Metaspace: 6302K(6464K)->6302K(6464K) NonClass: 5768K(5824K)->5768K(5824K) Class: 533K(640K)->533K(640K)
[2.151s][info][gc             ] GC(30) Pause Young (Allocation Failure) 473M->473M(687M) 329.271ms
[2.151s][info][gc,cpu         ] GC(30) User=0.25s Sys=0.08s Real=0.33s
[2.330s][info][gc,start       ] GC(31) Pause Young (Allocation Failure)
[2.697s][info][gc             ] GC(31) Pause Young (Allocation Failure) 663M->663M(853M) 367.740ms
[2.697s][info][gc,cpu         ] GC(31) User=0.31s Sys=0.03s Real=0.37s
[2.697s][info][gc,start       ] GC(32) Pause Full (Allocation Failure)
[2.697s][info][gc,phases,start] GC(32) Phase 1: Mark live objects
[3.061s][info][gc,phases      ] GC(32) Phase 1: Mark live objects 363.607ms
[3.061s][info][gc,phases,start] GC(32) Phase 2: Compute new object addresses
[3.162s][info][gc,phases      ] GC(32) Phase 2: Compute new object addresses 100.849ms
[3.162s][info][gc,phases,start] GC(32) Phase 3: Adjust pointers
[3.275s][info][gc,phases      ] GC(32) Phase 3: Adjust pointers 113.113ms
[3.275s][info][gc,phases,start] GC(32) Phase 4: Move objects
[3.281s][info][gc,phases      ] GC(32) Phase 4: Move objects 5.386ms
[3.283s][info][gc,heap        ] GC(32) DefNew: 218367K(218368K)->24096K(491456K) Eden: 194112K(194112K)->24096K(436864K) From: 24255K(24256K)->0K(54592K)
[3.283s][info][gc,heap        ] GC(32) Tenured: 460942K(485196K)->655183K(1091976K)
[3.283s][info][gc,metaspace   ] GC(32) Metaspace: 6302K(6464K)->6302K(6464K) NonClass: 5768K(5824K)->5768K(5824K) Class: 533K(640K)->533K(640K)
[3.283s][info][gc             ] GC(32) Pause Full (Allocation Failure) 663M->663M(1546M) 585.202ms
[3.283s][info][gc,cpu         ] GC(32) User=0.58s Sys=0.00s Real=0.59s
[3.730s][info][gc,start       ] GC(33) Pause Young (Allocation Failure)
[4.482s][info][gc,heap        ] GC(33) DefNew: 436864K(491456K)->54592K(491456K) Eden: 436864K(436864K)->0K(436864K) From: 0K(54592K)->54592K(54592K)
[4.482s][info][gc,heap        ] GC(33) Tenured: 655183K(1091976K)->1037427K(1091976K)
[4.482s][info][gc,metaspace   ] GC(33) Metaspace: 6302K(6464K)->6302K(6464K) NonClass: 5768K(5824K)->5768K(5824K) Class: 533K(640K)->533K(640K)
[4.482s][info][gc             ] GC(33) Pause Young (Allocation Failure) 1066M->1066M(1546M) 752.108ms
[4.482s][info][gc,cpu         ] GC(33) User=0.62s Sys=0.09s Real=0.75s
[4.809s][info][gc,start       ] GC(34) Pause Young (Allocation Failure)
[5.527s][info][gc             ] GC(34) Pause Young (Allocation Failure) 1429M->1404M(1831M) 718.265ms
[5.527s][info][gc,cpu         ] GC(34) User=0.53s Sys=0.16s Real=0.72s
[5.527s][info][gc,start       ] GC(35) Pause Full (Allocation Failure)
[5.528s][info][gc,phases,start] GC(35) Phase 1: Mark live objects
[6.175s][info][gc,phases      ] GC(35) Phase 1: Mark live objects 647.126ms
[6.175s][info][gc,phases,start] GC(35) Phase 2: Compute new object addresses
[6.383s][info][gc,phases      ] GC(35) Phase 2: Compute new object addresses 208.637ms
[6.383s][info][gc,phases,start] GC(35) Phase 3: Adjust pointers
[6.624s][info][gc,phases      ] GC(35) Phase 3: Adjust pointers 240.960ms
[6.624s][info][gc,phases,start] GC(35) Phase 4: Move objects
[6.635s][info][gc,phases      ] GC(35) Phase 4: Move objects 10.803ms
[6.639s][info][gc,heap        ] GC(35) DefNew: 426617K(491456K)->54545K(1037952K) Eden: 372025K(436864K)->54545K(922688K) From: 54592K(54592K)->0K(115264K)
[6.639s][info][gc,heap        ] GC(35) Tenured: 1037427K(1091976K)->1383815K(2306360K)
[6.639s][info][gc,metaspace   ] GC(35) Metaspace: 6302K(6464K)->6302K(6464K) NonClass: 5768K(5824K)->5768K(5824K) Class: 533K(640K)->533K(640K)
[6.639s][info][gc             ] GC(35) Pause Full (Allocation Failure) 1404M->1404M(3265M) 1111.733ms
[6.639s][info][gc,cpu         ] GC(35) User=1.11s Sys=0.00s Real=1.11s
[7.571s][info][gc,start       ] GC(36) Pause Young (Allocation Failure)
[9.183s][info][gc,heap        ] GC(36) DefNew: 922688K(1037952K)->115264K(1037952K) Eden: 922688K(922688K)->0K(922688K) From: 0K(115264K)->115264K(115264K)
[9.183s][info][gc,heap        ] GC(36) Tenured: 1383815K(2306360K)->2191212K(2306360K)
[9.183s][info][gc,metaspace   ] GC(36) Metaspace: 6302K(6464K)->6302K(6464K) NonClass: 5768K(5824K)->5768K(5824K) Class: 533K(640K)->533K(640K)
[9.183s][info][gc             ] GC(36) Pause Young (Allocation Failure) 2252M->2252M(3265M) 1611.433ms
[9.183s][info][gc,cpu         ] GC(36) User=1.52s Sys=0.09s Real=1.61s
[10.155s][info][gc,start       ] GC(37) Pause Young (Allocation Failure)
[11.696s][info][gc             ] GC(37) Pause Young (Allocation Failure) 3153M->3089M(3990M) 1540.876ms
[11.696s][info][gc,cpu         ] GC(37) User=1.19s Sys=0.33s Real=1.54s
[11.696s][info][gc,start       ] GC(38) Pause Full (Allocation Failure)
[11.696s][info][gc,phases,start] GC(38) Phase 1: Mark live objects
[13.151s][info][gc,phases      ] GC(38) Phase 1: Mark live objects 1454.307ms
[13.151s][info][gc,phases,start] GC(38) Phase 2: Compute new object addresses
[13.621s][info][gc,phases      ] GC(38) Phase 2: Compute new object addresses 469.930ms
[13.621s][info][gc,phases,start] GC(38) Phase 3: Adjust pointers
[14.249s][info][gc,phases      ] GC(38) Phase 3: Adjust pointers 628.523ms
[14.249s][info][gc,phases,start] GC(38) Phase 4: Move objects
[14.844s][info][gc,phases      ] GC(38) Phase 4: Move objects 594.240ms
[14.852s][info][gc,heap        ] GC(38) DefNew: 1037952K(1037952K)->53775K(2286336K) Eden: 922688K(922688K)->53775K(2032320K) From: 115264K(115264K)->0K(254016K)
[14.852s][info][gc,heap        ] GC(38) Tenured: 2191212K(2306360K)->3048379K(5080636K)
[14.852s][info][gc,metaspace   ] GC(38) Metaspace: 6302K(6464K)->6302K(6464K) NonClass: 5768K(5824K)->5768K(5824K) Class: 533K(640K)->533K(640K)
[14.852s][info][gc             ] GC(38) Pause Full (Allocation Failure) 3089M->3029M(7194M) 3155.931ms
[14.852s][info][gc,cpu         ] GC(38) User=3.12s Sys=0.02s Real=3.16s
[16.891s][info][gc,start       ] GC(39) Pause Young (Allocation Failure)
[20.505s][info][gc,heap        ] GC(39) DefNew: 2032320K(2286336K)->254015K(2286336K) Eden: 2032320K(2032320K)->0K(2032320K) From: 0K(254016K)->254015K(254016K)
[20.505s][info][gc,heap        ] GC(39) Tenured: 3048379K(5080636K)->4826654K(5080636K)
[20.505s][info][gc,metaspace   ] GC(39) Metaspace: 6302K(6464K)->6302K(6464K) NonClass: 5768K(5824K)->5768K(5824K) Class: 533K(640K)->533K(640K)
[20.505s][info][gc             ] GC(39) Pause Young (Allocation Failure) 4961M->4961M(7194M) 3614.901ms
[20.505s][info][gc,cpu         ] GC(39) User=3.19s Sys=0.41s Real=3.62s
[22.564s][info][gc,start       ] GC(40) Pause Young (Allocation Failure)
[26.094s][info][gc             ] GC(40) Pause Young (Allocation Failure) 6946M->6946M(8931M) 3530.125ms
[26.094s][info][gc,cpu         ] GC(40) User=2.89s Sys=0.61s Real=3.53s
[26.094s][info][gc,start       ] GC(41) Pause Full (Allocation Failure)
[26.094s][info][gc,phases,start] GC(41) Phase 1: Mark live objects
[29.361s][info][gc,phases      ] GC(41) Phase 1: Mark live objects 3267.303ms
[29.362s][info][gc,phases,start] GC(41) Phase 2: Compute new object addresses
[30.453s][info][gc,phases      ] GC(41) Phase 2: Compute new object addresses 1091.702ms
[30.453s][info][gc,phases,start] GC(41) Phase 3: Adjust pointers
[31.694s][info][gc,phases      ] GC(41) Phase 3: Adjust pointers 1240.201ms
[31.694s][info][gc,phases,start] GC(41) Phase 4: Move objects
[31.746s][info][gc,phases      ] GC(41) Phase 4: Move objects 52.022ms
[31.752s][info][gc,heap        ] GC(41) DefNew: 2286335K(2286336K)->253956K(3624960K) Eden: 2032320K(2032320K)->253956K(3222208K) From: 254015K(254016K)->0K(402752K)
[31.752s][info][gc,heap        ] GC(41) Tenured: 4826654K(5080636K)->6859007K(8055488K)
[31.752s][info][gc,metaspace   ] GC(41) Metaspace: 6302K(6464K)->6302K(6464K) NonClass: 5768K(5824K)->5768K(5824K) Class: 533K(640K)->533K(640K)
[31.752s][info][gc             ] GC(41) Pause Full (Allocation Failure) 6946M->6946M(11406M) 5658.215ms
[31.752s][info][gc,cpu         ] GC(41) User=5.62s Sys=0.00s Real=5.66s
[34.536s][info][gc,start       ] GC(42) Pause Young (Allocation Failure)
[34.536s][info][gc             ] GC(42) Pause Young (Allocation Failure) 9844M->9844M(11406M) 0.121ms
[34.536s][info][gc,cpu         ] GC(42) User=0.00s Sys=0.00s Real=0.00s
[34.536s][info][gc,start       ] GC(43) Pause Full (Allocation Failure)
[34.536s][info][gc,phases,start] GC(43) Phase 1: Mark live objects
[39.091s][info][gc,phases      ] GC(43) Phase 1: Mark live objects 4554.274ms
[39.091s][info][gc,phases,start] GC(43) Phase 2: Compute new object addresses
[40.579s][info][gc,phases      ] GC(43) Phase 2: Compute new object addresses 1488.426ms
[40.579s][info][gc,phases,start] GC(43) Phase 3: Adjust pointers
[42.615s][info][gc,phases      ] GC(43) Phase 3: Adjust pointers 2035.747ms
[42.615s][info][gc,phases,start] GC(43) Phase 4: Move objects
[43.553s][info][gc,phases      ] GC(43) Phase 4: Move objects 938.307ms
[43.554s][info][gc,heap        ] GC(43) DefNew: 3222208K(3624960K)->2025698K(3624960K) Eden: 3222208K(3222208K)->2025698K(3222208K) From: 0K(402752K)->0K(402752K)
[43.554s][info][gc,heap        ] GC(43) Tenured: 6859007K(8055488K)->8055487K(8055488K)
[43.554s][info][gc,metaspace   ] GC(43) Metaspace: 6302K(6464K)->6302K(6464K) NonClass: 5768K(5824K)->5768K(5824K) Class: 533K(640K)->533K(640K)
[43.554s][info][gc             ] GC(43) Pause Full (Allocation Failure) 9844M->9844M(11406M) 9017.936ms
[43.554s][info][gc,cpu         ] GC(43) User=8.69s Sys=0.30s Real=9.02s
[45.894s][info][gc,start       ] GC(44) Pause Full (Allocation Failure)
[45.894s][info][gc,phases,start] GC(44) Phase 1: Mark live objects
[51.446s][info][gc,phases      ] GC(44) Phase 1: Mark live objects 5552.662ms
[51.446s][info][gc,phases,start] GC(44) Phase 2: Compute new object addresses
[53.348s][info][gc,phases      ] GC(44) Phase 2: Compute new object addresses 1901.739ms
[53.348s][info][gc,phases,start] GC(44) Phase 3: Adjust pointers
[55.649s][info][gc,phases      ] GC(44) Phase 3: Adjust pointers 2300.343ms
[55.649s][info][gc,phases,start] GC(44) Phase 4: Move objects
[55.890s][info][gc,phases      ] GC(44) Phase 4: Move objects 241.346ms
[55.891s][info][gc,heap        ] GC(44) DefNew: 3624960K(3624960K)->3624946K(3624960K) Eden: 3222208K(3222208K)->3222207K(3222208K) From: 402752K(402752K)->402738K(402752K)
[55.891s][info][gc,heap        ] GC(44) Tenured: 8055487K(8055488K)->8055487K(8055488K)
[55.891s][info][gc,metaspace   ] GC(44) Metaspace: 6302K(6464K)->6302K(6464K) NonClass: 5768K(5824K)->5768K(5824K) Class: 533K(640K)->533K(640K)
[55.891s][info][gc             ] GC(44) Pause Full (Allocation Failure) 11406M->11406M(11406M) 9997.375ms
[55.891s][info][gc,cpu         ] GC(44) User=9.95s Sys=0.00s Real=10.00s
[55.891s][info][gc,start       ] GC(45) Pause Full (Allocation Failure)
[55.891s][info][gc,phases,start] GC(45) Phase 1: Mark live objects
[61.074s][info][gc,phases      ] GC(45) Phase 1: Mark live objects 5182.722ms
[61.074s][info][gc,phases,start] GC(45) Phase 2: Compute new object addresses
[62.658s][info][gc,phases      ] GC(45) Phase 2: Compute new object addresses 1584.314ms
[62.658s][info][gc,phases,start] GC(45) Phase 3: Adjust pointers
[65.276s][info][gc,phases      ] GC(45) Phase 3: Adjust pointers 2617.980ms
[65.277s][info][gc,phases,start] GC(45) Phase 4: Move objects
[66.906s][info][gc,phases      ] GC(45) Phase 4: Move objects 1629.577ms
[66.907s][info][gc,heap        ] GC(45) DefNew: 3624959K(3624960K)->3493887K(3624960K) Eden: 3222208K(3222208K)->3222208K(3222208K) From: 402751K(402752K)->271679K(402752K)
[66.907s][info][gc,heap        ] GC(45) Tenured: 8055487K(8055488K)->8055487K(8055488K)
[66.907s][info][gc,metaspace   ] GC(45) Metaspace: 6302K(6464K)->6302K(6464K) NonClass: 5768K(5824K)->5768K(5824K) Class: 533K(640K)->533K(640K)
[66.907s][info][gc             ] GC(45) Pause Full (Allocation Failure) 11406M->11278M(11406M) 11015.581ms
[66.907s][info][gc,cpu         ] GC(45) User=10.95s Sys=0.02s Real=11.01s
[67.015s][info][gc,start       ] GC(46) Pause Full (Allocation Failure)
[67.015s][info][gc,phases,start] GC(46) Phase 1: Mark live objects
[72.248s][info][gc,phases      ] GC(46) Phase 1: Mark live objects 5233.486ms
[72.248s][info][gc,phases,start] GC(46) Phase 2: Compute new object addresses
[73.839s][info][gc,phases      ] GC(46) Phase 2: Compute new object addresses 1590.493ms
[73.839s][info][gc,phases,start] GC(46) Phase 3: Adjust pointers
[76.126s][info][gc,phases      ] GC(46) Phase 3: Adjust pointers 2287.360ms
[76.126s][info][gc,phases,start] GC(46) Phase 4: Move objects
[76.126s][info][gc,phases      ] GC(46) Phase 4: Move objects 0.019ms
[76.127s][info][gc,heap        ] GC(46) DefNew: 3532459K(3624960K)->3532459K(3624960K) Eden: 3222208K(3222208K)->3222208K(3222208K) From: 310251K(402752K)->310251K(402752K)
[76.127s][info][gc,heap        ] GC(46) Tenured: 8055487K(8055488K)->8055487K(8055488K)
[76.127s][info][gc,metaspace   ] GC(46) Metaspace: 6302K(6464K)->6302K(6464K) NonClass: 5768K(5824K)->5768K(5824K) Class: 533K(640K)->533K(640K)
[76.127s][info][gc             ] GC(46) Pause Full (Allocation Failure) 11316M->11316M(11406M) 9112.583ms
[76.127s][info][gc,cpu         ] GC(46) User=9.05s Sys=0.00s Real=9.11s
[76.127s][info][gc,start       ] GC(47) Pause Full (Allocation Failure)
[76.127s][info][gc,phases,start] GC(47) Phase 1: Mark live objects
[81.329s][info][gc,phases      ] GC(47) Phase 1: Mark live objects 5202.246ms
[81.329s][info][gc,phases,start] GC(47) Phase 2: Compute new object addresses
[82.898s][info][gc,phases      ] GC(47) Phase 2: Compute new object addresses 1568.815ms
[82.898s][info][gc,phases,start] GC(47) Phase 3: Adjust pointers
[85.580s][info][gc,phases      ] GC(47) Phase 3: Adjust pointers 2681.556ms
[85.580s][info][gc,phases,start] GC(47) Phase 4: Move objects
[87.476s][info][gc,phases      ] GC(47) Phase 4: Move objects 1895.590ms
[87.476s][info][gc,heap        ] GC(47) DefNew: 3532459K(3624960K)->3532454K(3624960K) Eden: 3222208K(3222208K)->3222208K(3222208K) From: 310251K(402752K)->310246K(402752K)
[87.476s][info][gc,heap        ] GC(47) Tenured: 8055487K(8055488K)->8055487K(8055488K)
[87.476s][info][gc,metaspace   ] GC(47) Metaspace: 6302K(6464K)->6300K(6464K) NonClass: 5768K(5824K)->5767K(5824K) Class: 533K(640K)->532K(640K)
[87.476s][info][gc             ] GC(47) Pause Full (Allocation Failure) 11316M->11316M(11406M) 11349.238ms
[87.476s][info][gc,cpu         ] GC(47) User=11.28s Sys=0.00s Real=11.35s
[87.478s][info][gc,heap,exit   ] Heap
[87.478s][info][gc,heap,exit   ]  def new generation   total 3624960K, used 3532457K [0x000000051e800000, 0x0000000614550000, 0x0000000614550000)
[87.478s][info][gc,heap,exit   ]   eden space 3222208K, 100% used [0x000000051e800000, 0x00000005e32b0000, 0x00000005e32b0000)
[87.478s][info][gc,heap,exit   ]   from space 402752K,  77% used [0x00000005e32b0000, 0x00000005f61aa470, 0x00000005fbc00000)
[87.478s][info][gc,heap,exit   ]   to   space 402752K,   0% used [0x00000005fbc00000, 0x00000005fbc00000, 0x0000000614550000)
[87.478s][info][gc,heap,exit   ]  tenured generation   total 8055488K, used 8055487K [0x0000000614550000, 0x0000000800000000, 0x0000000800000000)
[87.478s][info][gc,heap,exit   ]    the space 8055488K,  99% used [0x0000000614550000, 0x00000007ffffffd0, 0x0000000800000000, 0x0000000800000000)
[87.478s][info][gc,heap,exit   ]  Metaspace       used 6305K, committed 6528K, reserved 1114112K
[87.478s][info][gc,heap,exit   ]   class space    used 534K, committed 640K, reserved 1048576K
