[0.011s][info][gc,init] CardTable entry size: 512
[0.011s][info][gc     ] Using Serial
[0.011s][info][gc,init] Version: 18.0.1+10 (release)
[0.011s][info][gc,init] CPUs: 8 total, 8 available
[0.011s][info][gc,init] Memory: 16063M
[0.011s][info][gc,init] Large Page Support: Disabled
[0.011s][info][gc,init] NUMA Support: Disabled
[0.011s][info][gc,init] Compressed Oops: Enabled (Zero based)
[0.011s][info][gc,init] Heap Min Capacity: 2M
[0.011s][info][gc,init] Heap Initial Capacity: 2M
[0.011s][info][gc,init] Heap Max Capacity: 5100M
[0.011s][info][gc,init] Pre-touch: Disabled
[0.012s][info][gc,metaspace] CDS archive(s) not mapped
[0.012s][info][gc,metaspace] Compressed class space mapped at: 0x0000000800000000-0x0000000840000000, reserved size: 1073741824
[0.012s][info][gc,metaspace] Narrow klass base: 0x0000000800000000, Narrow klass shift: 0, Narrow klass range: 0x40000000
[0.172s][info][gc,start    ] GC(0) Pause Young (Allocation Failure)
[0.173s][info][gc,heap     ] GC(0) DefNew: 1023K(1152K)->127K(1152K) Eden: 1023K(1024K)->0K(1024K) From: 0K(128K)->127K(128K)
[0.173s][info][gc,heap     ] GC(0) Tenured: 0K(768K)->439K(768K)
[0.173s][info][gc,metaspace] GC(0) Metaspace: 5898K(6016K)->5898K(6016K) NonClass: 5398K(5504K)->5398K(5504K) Class: 499K(512K)->499K(512K)
[0.173s][info][gc          ] GC(0) Pause Young (Allocation Failure) 0M->0M(1M) 1.444ms
[0.173s][info][gc,cpu      ] GC(0) User=0.00s Sys=0.00s Real=0.00s
[0.192s][info][gc,start    ] GC(1) Pause Young (Allocation Failure)
[0.194s][info][gc          ] GC(1) Pause Young (Allocation Failure) 1M->0M(2M) 1.113ms
[0.194s][info][gc,cpu      ] GC(1) User=0.00s Sys=0.00s Real=0.00s
[0.194s][info][gc,start    ] GC(2) Pause Full (Allocation Failure)
[0.194s][info][gc,phases,start] GC(2) Phase 1: Mark live objects
[0.195s][info][gc,phases      ] GC(2) Phase 1: Mark live objects 0.855ms
[0.195s][info][gc,phases,start] GC(2) Phase 2: Compute new object addresses
[0.195s][info][gc,phases      ] GC(2) Phase 2: Compute new object addresses 0.205ms
[0.195s][info][gc,phases,start] GC(2) Phase 3: Adjust pointers
[0.195s][info][gc,phases      ] GC(2) Phase 3: Adjust pointers 0.437ms
[0.195s][info][gc,phases,start] GC(2) Phase 4: Move objects
[0.195s][info][gc,phases      ] GC(2) Phase 4: Move objects 0.059ms
[0.195s][info][gc,heap        ] GC(2) DefNew: 1151K(1152K)->40K(1152K) Eden: 1024K(1024K)->40K(1024K) From: 127K(128K)->0K(128K)
[0.195s][info][gc,heap        ] GC(2) Tenured: 439K(768K)->959K(1600K)
[0.195s][info][gc,metaspace   ] GC(2) Metaspace: 6296K(6464K)->6296K(6464K) NonClass: 5763K(5824K)->5763K(5824K) Class: 533K(640K)->533K(640K)
[0.195s][info][gc             ] GC(2) Pause Full (Allocation Failure) 0M->0M(2M) 1.787ms
[0.195s][info][gc,cpu         ] GC(2) User=0.00s Sys=0.00s Real=0.00s
[0.197s][info][gc,start       ] GC(3) Pause Young (Allocation Failure)
[0.198s][info][gc,heap        ] GC(3) DefNew: 1024K(1152K)->128K(1152K) Eden: 1024K(1024K)->0K(1024K) From: 0K(128K)->128K(128K)
[0.198s][info][gc,heap        ] GC(3) Tenured: 959K(1600K)->1375K(1600K)
[0.198s][info][gc,metaspace   ] GC(3) Metaspace: 6296K(6464K)->6296K(6464K) NonClass: 5763K(5824K)->5763K(5824K) Class: 533K(640K)->533K(640K)
[0.198s][info][gc             ] GC(3) Pause Young (Allocation Failure) 1M->1M(2M) 1.272ms
[0.198s][info][gc,cpu         ] GC(3) User=0.00s Sys=0.00s Real=0.00s
[0.199s][info][gc,start       ] GC(4) Pause Young (Allocation Failure)
[0.201s][info][gc             ] GC(4) Pause Young (Allocation Failure) 2M->1M(3M) 1.345ms
[0.201s][info][gc,cpu         ] GC(4) User=0.00s Sys=0.00s Real=0.00s
[0.201s][info][gc,start       ] GC(5) Pause Full (Allocation Failure)
[0.201s][info][gc,phases,start] GC(5) Phase 1: Mark live objects
[0.202s][info][gc,phases      ] GC(5) Phase 1: Mark live objects 1.354ms
[0.202s][info][gc,phases,start] GC(5) Phase 2: Compute new object addresses
[0.202s][info][gc,phases      ] GC(5) Phase 2: Compute new object addresses 0.354ms
[0.202s][info][gc,phases,start] GC(5) Phase 3: Adjust pointers
[0.203s][info][gc,phases      ] GC(5) Phase 3: Adjust pointers 0.594ms
[0.203s][info][gc,phases,start] GC(5) Phase 4: Move objects
[0.203s][info][gc,phases      ] GC(5) Phase 4: Move objects 0.069ms
[0.203s][info][gc,heap        ] GC(5) DefNew: 1152K(1152K)->35K(1536K) Eden: 1024K(1024K)->35K(1408K) From: 128K(128K)->0K(128K)
[0.203s][info][gc,heap        ] GC(5) Tenured: 1375K(1600K)->1983K(3308K)
[0.203s][info][gc,metaspace   ] GC(5) Metaspace: 6296K(6464K)->6296K(6464K) NonClass: 5763K(5824K)->5763K(5824K) Class: 533K(640K)->533K(640K)
[0.203s][info][gc             ] GC(5) Pause Full (Allocation Failure) 1M->1M(4M) 2.673ms
[0.203s][info][gc,cpu         ] GC(5) User=0.00s Sys=0.00s Real=0.00s
[0.205s][info][gc,start       ] GC(6) Pause Young (Allocation Failure)
[0.207s][info][gc,heap        ] GC(6) DefNew: 1407K(1536K)->127K(1536K) Eden: 1407K(1408K)->0K(1408K) From: 0K(128K)->127K(128K)
[0.207s][info][gc,heap        ] GC(6) Tenured: 1983K(3308K)->2617K(3308K)
[0.207s][info][gc,metaspace   ] GC(6) Metaspace: 6296K(6464K)->6296K(6464K) NonClass: 5763K(5824K)->5763K(5824K) Class: 533K(640K)->533K(640K)
[0.207s][info][gc             ] GC(6) Pause Young (Allocation Failure) 3M->2M(4M) 1.782ms
[0.207s][info][gc,cpu         ] GC(6) User=0.00s Sys=0.00s Real=0.00s
[0.208s][info][gc,start       ] GC(7) Pause Young (Allocation Failure)
[0.210s][info][gc             ] GC(7) Pause Young (Allocation Failure) 4M->3M(4M) 1.392ms
[0.210s][info][gc,cpu         ] GC(7) User=0.02s Sys=0.00s Real=0.00s
[0.210s][info][gc,start       ] GC(8) Pause Full (Allocation Failure)
[0.210s][info][gc,phases,start] GC(8) Phase 1: Mark live objects
[0.212s][info][gc,phases      ] GC(8) Phase 1: Mark live objects 1.837ms
[0.212s][info][gc,phases,start] GC(8) Phase 2: Compute new object addresses
[0.212s][info][gc,phases      ] GC(8) Phase 2: Compute new object addresses 0.533ms
[0.212s][info][gc,phases,start] GC(8) Phase 3: Adjust pointers
[0.213s][info][gc,phases      ] GC(8) Phase 3: Adjust pointers 0.772ms
[0.213s][info][gc,phases,start] GC(8) Phase 4: Move objects
[0.213s][info][gc,phases      ] GC(8) Phase 4: Move objects 0.073ms
[0.213s][info][gc,heap        ] GC(8) DefNew: 1535K(1536K)->0K(2688K) Eden: 1408K(1408K)->0K(2432K) From: 127K(128K)->0K(256K)
[0.213s][info][gc,heap        ] GC(8) Tenured: 2617K(3308K)->3460K(5768K)
[0.213s][info][gc,metaspace   ] GC(8) Metaspace: 6296K(6464K)->6296K(6464K) NonClass: 5763K(5824K)->5763K(5824K) Class: 533K(640K)->533K(640K)
[0.213s][info][gc             ] GC(8) Pause Full (Allocation Failure) 3M->3M(8M) 3.457ms
[0.213s][info][gc,cpu         ] GC(8) User=0.00s Sys=0.00s Real=0.00s
[0.217s][info][gc,start       ] GC(9) Pause Young (Allocation Failure)
[0.219s][info][gc,heap        ] GC(9) DefNew: 2431K(2688K)->256K(2688K) Eden: 2431K(2432K)->0K(2432K) From: 0K(256K)->256K(256K)
[0.219s][info][gc,heap        ] GC(9) Tenured: 3460K(5768K)->4512K(5768K)
[0.219s][info][gc,metaspace   ] GC(9) Metaspace: 6296K(6464K)->6296K(6464K) NonClass: 5763K(5824K)->5763K(5824K) Class: 533K(640K)->533K(640K)
[0.219s][info][gc             ] GC(9) Pause Young (Allocation Failure) 5M->4M(8M) 2.264ms
[0.219s][info][gc,cpu         ] GC(9) User=0.00s Sys=0.00s Real=0.00s
[0.221s][info][gc,start       ] GC(10) Pause Young (Allocation Failure)
[0.224s][info][gc,heap        ] GC(10) DefNew: 2688K(2688K)->255K(2688K) Eden: 2432K(2432K)->0K(2432K) From: 256K(256K)->255K(256K)
[0.224s][info][gc,heap        ] GC(10) Tenured: 4512K(5768K)->5755K(5768K)
[0.224s][info][gc,metaspace   ] GC(10) Metaspace: 6296K(6464K)->6296K(6464K) NonClass: 5763K(5824K)->5763K(5824K) Class: 533K(640K)->533K(640K)
[0.224s][info][gc             ] GC(10) Pause Young (Allocation Failure) 7M->5M(8M) 2.740ms
[0.224s][info][gc,cpu         ] GC(10) User=0.00s Sys=0.00s Real=0.00s
[0.227s][info][gc,start       ] GC(11) Pause Young (Allocation Failure)
[0.230s][info][gc             ] GC(11) Pause Young (Allocation Failure) 8M->7M(9M) 2.975ms
[0.230s][info][gc,cpu         ] GC(11) User=0.00s Sys=0.00s Real=0.00s
[0.230s][info][gc,start       ] GC(12) Pause Full (Allocation Failure)
[0.230s][info][gc,phases,start] GC(12) Phase 1: Mark live objects
[0.233s][info][gc,phases      ] GC(12) Phase 1: Mark live objects 3.796ms
[0.234s][info][gc,phases,start] GC(12) Phase 2: Compute new object addresses
[0.235s][info][gc,phases      ] GC(12) Phase 2: Compute new object addresses 1.158ms
[0.235s][info][gc,phases,start] GC(12) Phase 3: Adjust pointers
[0.236s][info][gc,phases      ] GC(12) Phase 3: Adjust pointers 1.647ms
[0.237s][info][gc,phases,start] GC(12) Phase 4: Move objects
[0.238s][info][gc,phases      ] GC(12) Phase 4: Move objects 1.403ms
[0.238s][info][gc,heap        ] GC(12) DefNew: 2687K(2688K)->0K(5376K) Eden: 2432K(2432K)->0K(4800K) From: 255K(256K)->0K(576K)
[0.238s][info][gc,heap        ] GC(12) Tenured: 5755K(5768K)->7132K(11888K)
[0.238s][info][gc,metaspace   ] GC(12) Metaspace: 6296K(6464K)->6296K(6464K) NonClass: 5763K(5824K)->5763K(5824K) Class: 533K(640K)->533K(640K)
[0.238s][info][gc             ] GC(12) Pause Full (Allocation Failure) 7M->6M(16M) 8.536ms
[0.238s][info][gc,cpu         ] GC(12) User=0.00s Sys=0.00s Real=0.01s
[0.244s][info][gc,start       ] GC(13) Pause Young (Allocation Failure)
[0.249s][info][gc,heap        ] GC(13) DefNew: 4800K(5376K)->575K(5376K) Eden: 4800K(4800K)->0K(4800K) From: 0K(576K)->575K(576K)
[0.249s][info][gc,heap        ] GC(13) Tenured: 7132K(11888K)->9027K(11888K)
[0.249s][info][gc,metaspace   ] GC(13) Metaspace: 6296K(6464K)->6296K(6464K) NonClass: 5763K(5824K)->5763K(5824K) Class: 533K(640K)->533K(640K)
[0.249s][info][gc             ] GC(13) Pause Young (Allocation Failure) 11M->9M(16M) 4.763ms
[0.249s][info][gc,cpu         ] GC(13) User=0.00s Sys=0.00s Real=0.01s
[0.253s][info][gc,start       ] GC(14) Pause Young (Allocation Failure)
[0.259s][info][gc,heap        ] GC(14) DefNew: 5375K(5376K)->576K(5376K) Eden: 4800K(4800K)->0K(4800K) From: 575K(576K)->576K(576K)
[0.259s][info][gc,heap        ] GC(14) Tenured: 9027K(11888K)->11746K(11888K)
[0.259s][info][gc,metaspace   ] GC(14) Metaspace: 6296K(6464K)->6296K(6464K) NonClass: 5763K(5824K)->5763K(5824K) Class: 533K(640K)->533K(640K)
[0.259s][info][gc             ] GC(14) Pause Young (Allocation Failure) 14M->12M(16M) 5.873ms
[0.259s][info][gc,cpu         ] GC(14) User=0.00s Sys=0.02s Real=0.01s
[0.263s][info][gc,start       ] GC(15) Pause Young (Allocation Failure)
[0.268s][info][gc             ] GC(15) Pause Young (Allocation Failure) 16M->14M(19M) 5.209ms
[0.269s][info][gc,cpu         ] GC(15) User=0.00s Sys=0.00s Real=0.01s
[0.269s][info][gc,start       ] GC(16) Pause Full (Allocation Failure)
[0.269s][info][gc,phases,start] GC(16) Phase 1: Mark live objects
[0.277s][info][gc,phases      ] GC(16) Phase 1: Mark live objects 8.177ms
[0.277s][info][gc,phases,start] GC(16) Phase 2: Compute new object addresses
[0.279s][info][gc,phases      ] GC(16) Phase 2: Compute new object addresses 2.303ms
[0.279s][info][gc,phases,start] GC(16) Phase 3: Adjust pointers
[0.282s][info][gc,phases      ] GC(16) Phase 3: Adjust pointers 2.860ms
[0.282s][info][gc,phases,start] GC(16) Phase 4: Move objects
[0.282s][info][gc,phases      ] GC(16) Phase 4: Move objects 0.213ms
[0.282s][info][gc,heap        ] GC(16) DefNew: 5376K(5376K)->405K(10880K) Eden: 4800K(4800K)->405K(9728K) From: 576K(576K)->0K(1152K)
[0.282s][info][gc,heap        ] GC(16) Tenured: 11746K(11888K)->14383K(23976K)
[0.282s][info][gc,metaspace   ] GC(16) Metaspace: 6298K(6464K)->6298K(6464K) NonClass: 5765K(5824K)->5765K(5824K) Class: 533K(640K)->533K(640K)
[0.282s][info][gc             ] GC(16) Pause Full (Allocation Failure) 14M->14M(34M) 13.935ms
[0.282s][info][gc,cpu         ] GC(16) User=0.02s Sys=0.00s Real=0.01s
[0.291s][info][gc,start       ] GC(17) Pause Young (Allocation Failure)
[0.304s][info][gc,heap        ] GC(17) DefNew: 9728K(10880K)->1151K(10880K) Eden: 9728K(9728K)->0K(9728K) From: 0K(1152K)->1151K(1152K)
[0.304s][info][gc,heap        ] GC(17) Tenured: 14383K(23976K)->18406K(23976K)
[0.304s][info][gc,metaspace   ] GC(17) Metaspace: 6298K(6464K)->6298K(6464K) NonClass: 5765K(5824K)->5765K(5824K) Class: 533K(640K)->533K(640K)
[0.304s][info][gc             ] GC(17) Pause Young (Allocation Failure) 23M->19M(34M) 12.721ms
[0.304s][info][gc,cpu         ] GC(17) User=0.00s Sys=0.00s Real=0.01s
[0.311s][info][gc,start       ] GC(18) Pause Young (Allocation Failure)
[0.323s][info][gc,heap        ] GC(18) DefNew: 10879K(10880K)->1151K(10880K) Eden: 9728K(9728K)->0K(9728K) From: 1151K(1152K)->1151K(1152K)
[0.323s][info][gc,heap        ] GC(18) Tenured: 18406K(23976K)->23930K(23976K)
[0.323s][info][gc,metaspace   ] GC(18) Metaspace: 6298K(6464K)->6298K(6464K) NonClass: 5765K(5824K)->5765K(5824K) Class: 533K(640K)->533K(640K)
[0.323s][info][gc             ] GC(18) Pause Young (Allocation Failure) 28M->24M(34M) 11.684ms
[0.323s][info][gc,cpu         ] GC(18) User=0.00s Sys=0.00s Real=0.01s
[0.330s][info][gc,start       ] GC(19) Pause Young (Allocation Failure)
[0.340s][info][gc             ] GC(19) Pause Young (Allocation Failure) 33M->29M(38M) 10.673ms
[0.341s][info][gc,cpu         ] GC(19) User=0.00s Sys=0.00s Real=0.01s
[0.341s][info][gc,start       ] GC(20) Pause Full (Allocation Failure)
[0.341s][info][gc,phases,start] GC(20) Phase 1: Mark live objects
[0.354s][info][gc,phases      ] GC(20) Phase 1: Mark live objects 13.740ms
[0.354s][info][gc,phases,start] GC(20) Phase 2: Compute new object addresses
[0.359s][info][gc,phases      ] GC(20) Phase 2: Compute new object addresses 4.538ms
[0.359s][info][gc,phases,start] GC(20) Phase 3: Adjust pointers
[0.364s][info][gc,phases      ] GC(20) Phase 3: Adjust pointers 5.265ms
[0.364s][info][gc,phases,start] GC(20) Phase 4: Move objects
[0.365s][info][gc,phases      ] GC(20) Phase 4: Move objects 0.178ms
[0.365s][info][gc,heap        ] GC(20) DefNew: 10879K(10880K)->1072K(21888K) Eden: 9728K(9728K)->1072K(19520K) From: 1151K(1152K)->0K(2368K)
[0.365s][info][gc,heap        ] GC(20) Tenured: 23930K(23976K)->29035K(48396K)
[0.365s][info][gc,metaspace   ] GC(20) Metaspace: 6298K(6464K)->6298K(6464K) NonClass: 5765K(5824K)->5765K(5824K) Class: 533K(640K)->533K(640K)
[0.365s][info][gc             ] GC(20) Pause Full (Allocation Failure) 29M->29M(68M) 24.213ms
[0.365s][info][gc,cpu         ] GC(20) User=0.03s Sys=0.00s Real=0.02s
[0.382s][info][gc,start       ] GC(21) Pause Young (Allocation Failure)
[0.413s][info][gc,heap        ] GC(21) DefNew: 19520K(21888K)->2368K(21888K) Eden: 19520K(19520K)->0K(19520K) From: 0K(2368K)->2368K(2368K)
[0.413s][info][gc,heap        ] GC(21) Tenured: 29035K(48396K)->40996K(48396K)
[0.413s][info][gc,metaspace   ] GC(21) Metaspace: 6298K(6464K)->6298K(6464K) NonClass: 5765K(5824K)->5765K(5824K) Class: 533K(640K)->533K(640K)
[0.413s][info][gc             ] GC(21) Pause Young (Allocation Failure) 47M->42M(68M) 31.312ms
[0.413s][info][gc,cpu         ] GC(21) User=0.02s Sys=0.00s Real=0.03s
[0.431s][info][gc,start       ] GC(22) Pause Young (Allocation Failure)
[0.467s][info][gc             ] GC(22) Pause Young (Allocation Failure) 61M->61M(80M) 35.543ms
[0.467s][info][gc,cpu         ] GC(22) User=0.03s Sys=0.00s Real=0.04s
[0.467s][info][gc,start       ] GC(23) Pause Full (Allocation Failure)
[0.467s][info][gc,phases,start] GC(23) Phase 1: Mark live objects
[0.492s][info][gc,phases      ] GC(23) Phase 1: Mark live objects 25.108ms
[0.492s][info][gc,phases,start] GC(23) Phase 2: Compute new object addresses
[0.502s][info][gc,phases      ] GC(23) Phase 2: Compute new object addresses 9.569ms
[0.502s][info][gc,phases,start] GC(23) Phase 3: Adjust pointers
[0.512s][info][gc,phases      ] GC(23) Phase 3: Adjust pointers 10.753ms
[0.512s][info][gc,phases,start] GC(23) Phase 4: Move objects
[0.513s][info][gc,phases      ] GC(23) Phase 4: Move objects 0.326ms
[0.513s][info][gc,heap        ] GC(23) DefNew: 21888K(21888K)->2362K(45440K) Eden: 19520K(19520K)->2362K(40448K) From: 2368K(2368K)->0K(4992K)
[0.513s][info][gc,heap        ] GC(23) Tenured: 40996K(48396K)->60491K(100820K)
[0.513s][info][gc,metaspace   ] GC(23) Metaspace: 6298K(6464K)->6298K(6464K) NonClass: 5765K(5824K)->5765K(5824K) Class: 533K(640K)->533K(640K)
[0.513s][info][gc             ] GC(23) Pause Full (Allocation Failure) 61M->61M(142M) 46.385ms
[0.513s][info][gc,cpu         ] GC(23) User=0.05s Sys=0.00s Real=0.05s
[0.555s][info][gc,start       ] GC(24) Pause Young (Allocation Failure)
[0.619s][info][gc,heap        ] GC(24) DefNew: 40448K(45440K)->4991K(45440K) Eden: 40448K(40448K)->0K(40448K) From: 0K(4992K)->4991K(4992K)
[0.619s][info][gc,heap        ] GC(24) Tenured: 60491K(100820K)->95921K(100820K)
[0.619s][info][gc,metaspace   ] GC(24) Metaspace: 6298K(6464K)->6298K(6464K) NonClass: 5765K(5824K)->5765K(5824K) Class: 533K(640K)->533K(640K)
[0.619s][info][gc             ] GC(24) Pause Young (Allocation Failure) 98M->98M(142M) 64.320ms
[0.619s][info][gc,cpu         ] GC(24) User=0.05s Sys=0.02s Real=0.07s
[0.653s][info][gc,start       ] GC(25) Pause Young (Allocation Failure)
[0.726s][info][gc             ] GC(25) Pause Young (Allocation Failure) 138M->138M(177M) 72.570ms
[0.726s][info][gc,cpu         ] GC(25) User=0.05s Sys=0.02s Real=0.07s
[0.726s][info][gc,start       ] GC(26) Pause Full (Allocation Failure)
[0.726s][info][gc,phases,start] GC(26) Phase 1: Mark live objects
[0.783s][info][gc,phases      ] GC(26) Phase 1: Mark live objects 57.033ms
[0.783s][info][gc,phases,start] GC(26) Phase 2: Compute new object addresses
[0.804s][info][gc,phases      ] GC(26) Phase 2: Compute new object addresses 21.691ms
[0.805s][info][gc,phases,start] GC(26) Phase 3: Adjust pointers
[0.832s][info][gc,phases      ] GC(26) Phase 3: Adjust pointers 27.617ms
[0.832s][info][gc,phases,start] GC(26) Phase 4: Move objects
[0.858s][info][gc,phases      ] GC(26) Phase 4: Move objects 26.122ms
[0.859s][info][gc,heap        ] GC(26) DefNew: 45439K(45440K)->1080K(102400K) Eden: 40448K(40448K)->1080K(91072K) From: 4991K(4992K)->0K(11328K)
[0.859s][info][gc,heap        ] GC(26) Tenured: 95921K(100820K)->136407K(227348K)
[0.859s][info][gc,metaspace   ] GC(26) Metaspace: 6298K(6464K)->6298K(6464K) NonClass: 5765K(5824K)->5765K(5824K) Class: 533K(640K)->533K(640K)
[0.859s][info][gc             ] GC(26) Pause Full (Allocation Failure) 138M->134M(322M) 133.309ms
[0.859s][info][gc,cpu         ] GC(26) User=0.12s Sys=0.00s Real=0.13s
[0.955s][info][gc,start       ] GC(27) Pause Young (Allocation Failure)
[1.107s][info][gc,heap        ] GC(27) DefNew: 91072K(102400K)->11327K(102400K) Eden: 91072K(91072K)->0K(91072K) From: 0K(11328K)->11327K(11328K)
[1.107s][info][gc,heap        ] GC(27) Tenured: 136407K(227348K)->216125K(227348K)
[1.107s][info][gc,metaspace   ] GC(27) Metaspace: 6298K(6464K)->6298K(6464K) NonClass: 5765K(5824K)->5765K(5824K) Class: 533K(640K)->533K(640K)
[1.107s][info][gc             ] GC(27) Pause Young (Allocation Failure) 222M->222M(322M) 152.180ms
[1.107s][info][gc,cpu         ] GC(27) User=0.11s Sys=0.02s Real=0.15s
[1.196s][info][gc,start       ] GC(28) Pause Young (Allocation Failure)
[1.369s][info][gc             ] GC(28) Pause Young (Allocation Failure) 311M->311M(400M) 173.725ms
[1.369s][info][gc,cpu         ] GC(28) User=0.16s Sys=0.00s Real=0.17s
[1.369s][info][gc,start       ] GC(29) Pause Full (Allocation Failure)
[1.369s][info][gc,phases,start] GC(29) Phase 1: Mark live objects
[1.510s][info][gc,phases      ] GC(29) Phase 1: Mark live objects 140.581ms
[1.510s][info][gc,phases,start] GC(29) Phase 2: Compute new object addresses
[1.563s][info][gc,phases      ] GC(29) Phase 2: Compute new object addresses 53.230ms
[1.563s][info][gc,phases,start] GC(29) Phase 3: Adjust pointers
[1.618s][info][gc,phases      ] GC(29) Phase 3: Adjust pointers 55.126ms
[1.619s][info][gc,phases,start] GC(29) Phase 4: Move objects
[1.621s][info][gc,phases      ] GC(29) Phase 4: Move objects 2.169ms
[1.622s][info][gc,heap        ] GC(29) DefNew: 102399K(102400K)->11144K(230592K) Eden: 91072K(91072K)->11144K(204992K) From: 11327K(11328K)->0K(25600K)
[1.622s][info][gc,heap        ] GC(29) Tenured: 216125K(227348K)->307351K(512256K)
[1.622s][info][gc,metaspace   ] GC(29) Metaspace: 6298K(6464K)->6298K(6464K) NonClass: 5765K(5824K)->5765K(5824K) Class: 533K(640K)->533K(640K)
[1.622s][info][gc             ] GC(29) Pause Full (Allocation Failure) 311M->311M(725M) 252.434ms
[1.622s][info][gc,cpu         ] GC(29) User=0.25s Sys=0.00s Real=0.25s
[1.835s][info][gc,start       ] GC(30) Pause Young (Allocation Failure)
[2.185s][info][gc,heap        ] GC(30) DefNew: 204992K(230592K)->25599K(230592K) Eden: 204992K(204992K)->0K(204992K) From: 0K(25600K)->25599K(25600K)
[2.185s][info][gc,heap        ] GC(30) Tenured: 307351K(512256K)->486715K(512256K)
[2.185s][info][gc,metaspace   ] GC(30) Metaspace: 6298K(6464K)->6298K(6464K) NonClass: 5765K(5824K)->5765K(5824K) Class: 533K(640K)->533K(640K)
[2.185s][info][gc             ] GC(30) Pause Young (Allocation Failure) 500M->500M(725M) 350.060ms
[2.185s][info][gc,cpu         ] GC(30) User=0.27s Sys=0.06s Real=0.35s
[2.377s][info][gc,start       ] GC(31) Pause Young (Allocation Failure)
[2.764s][info][gc             ] GC(31) Pause Young (Allocation Failure) 700M->700M(900M) 387.019ms
[2.764s][info][gc,cpu         ] GC(31) User=0.34s Sys=0.03s Real=0.39s
[2.764s][info][gc,start       ] GC(32) Pause Full (Allocation Failure)
[2.764s][info][gc,phases,start] GC(32) Phase 1: Mark live objects
[3.085s][info][gc,phases      ] GC(32) Phase 1: Mark live objects 320.238ms
[3.085s][info][gc,phases,start] GC(32) Phase 2: Compute new object addresses
[3.194s][info][gc,phases      ] GC(32) Phase 2: Compute new object addresses 109.590ms
[3.194s][info][gc,phases,start] GC(32) Phase 3: Adjust pointers
[3.314s][info][gc,phases      ] GC(32) Phase 3: Adjust pointers 119.915ms
[3.314s][info][gc,phases,start] GC(32) Phase 4: Move objects
[3.320s][info][gc,phases      ] GC(32) Phase 4: Move objects 5.441ms
[3.322s][info][gc,heap        ] GC(32) DefNew: 230591K(230592K)->25433K(518976K) Eden: 204992K(204992K)->25433K(461376K) From: 25599K(25600K)->0K(57600K)
[3.322s][info][gc,heap        ] GC(32) Tenured: 486715K(512256K)->691843K(1153076K)
[3.322s][info][gc,metaspace   ] GC(32) Metaspace: 6298K(6464K)->6298K(6464K) NonClass: 5765K(5824K)->5765K(5824K) Class: 533K(640K)->533K(640K)
[3.322s][info][gc             ] GC(32) Pause Full (Allocation Failure) 700M->700M(1632M) 557.599ms
[3.322s][info][gc,cpu         ] GC(32) User=0.56s Sys=0.00s Real=0.56s
[3.803s][info][gc,start       ] GC(33) Pause Young (Allocation Failure)
[4.584s][info][gc,heap        ] GC(33) DefNew: 461376K(518976K)->57599K(518976K) Eden: 461376K(461376K)->0K(461376K) From: 0K(57600K)->57599K(57600K)
[4.584s][info][gc,heap        ] GC(33) Tenured: 691843K(1153076K)->1095594K(1153076K)
[4.584s][info][gc,metaspace   ] GC(33) Metaspace: 6298K(6464K)->6298K(6464K) NonClass: 5765K(5824K)->5765K(5824K) Class: 533K(640K)->533K(640K)
[4.584s][info][gc             ] GC(33) Pause Young (Allocation Failure) 1126M->1126M(1632M) 781.253ms
[4.584s][info][gc,cpu         ] GC(33) User=0.59s Sys=0.16s Real=0.78s
[5.063s][info][gc,start       ] GC(34) Pause Young (Allocation Failure)
[5.786s][info][gc             ] GC(34) Pause Young (Allocation Failure) 1576M->1525M(1975M) 723.355ms
[5.786s][info][gc,cpu         ] GC(34) User=0.56s Sys=0.16s Real=0.72s
[5.786s][info][gc,start       ] GC(35) Pause Full (Allocation Failure)
[5.786s][info][gc,phases,start] GC(35) Phase 1: Mark live objects
[6.457s][info][gc,phases      ] GC(35) Phase 1: Mark live objects 670.523ms
[6.457s][info][gc,phases,start] GC(35) Phase 2: Compute new object addresses
[6.681s][info][gc,phases      ] GC(35) Phase 2: Compute new object addresses 224.050ms
[6.681s][info][gc,phases,start] GC(35) Phase 3: Adjust pointers
[6.950s][info][gc,phases      ] GC(35) Phase 3: Adjust pointers 268.965ms
[6.950s][info][gc,phases,start] GC(35) Phase 4: Move objects
[6.961s][info][gc,phases      ] GC(35) Phase 4: Move objects 11.536ms
[6.965s][info][gc,heap        ] GC(35) DefNew: 518975K(518976K)->57492K(1128320K) Eden: 461376K(461376K)->57492K(1003008K) From: 57599K(57600K)->0K(125312K)
[6.965s][info][gc,heap        ] GC(35) Tenured: 1095594K(1153076K)->1504311K(2507188K)
[6.965s][info][gc,metaspace   ] GC(35) Metaspace: 6298K(6464K)->6298K(6464K) NonClass: 5765K(5824K)->5765K(5824K) Class: 533K(640K)->533K(640K)
[6.965s][info][gc             ] GC(35) Pause Full (Allocation Failure) 1525M->1525M(3550M) 1179.322ms
[6.965s][info][gc,cpu         ] GC(35) User=1.17s Sys=0.00s Real=1.18s
[7.950s][info][gc,start       ] GC(36) Pause Young (Allocation Failure)
[9.695s][info][gc,heap        ] GC(36) DefNew: 1003008K(1128320K)->125311K(1128320K) Eden: 1003008K(1003008K)->0K(1003008K) From: 0K(125312K)->125311K(125312K)
[9.695s][info][gc,heap        ] GC(36) Tenured: 1504311K(2507188K)->2381980K(2507188K)
[9.695s][info][gc,metaspace   ] GC(36) Metaspace: 6298K(6464K)->6298K(6464K) NonClass: 5765K(5824K)->5765K(5824K) Class: 533K(640K)->533K(640K)
[9.695s][info][gc             ] GC(36) Pause Young (Allocation Failure) 2448M->2448M(3550M) 1744.791ms
[9.695s][info][gc,cpu         ] GC(36) User=1.44s Sys=0.28s Real=1.74s
[10.692s][info][gc,start       ] GC(37) Pause Young (Allocation Failure)
[12.386s][info][gc             ] GC(37) Pause Young (Allocation Failure) 3428M->3428M(4407M) 1693.072ms
[12.386s][info][gc,cpu         ] GC(37) User=1.42s Sys=0.28s Real=1.69s
[12.386s][info][gc,start       ] GC(38) Pause Full (Allocation Failure)
[12.386s][info][gc,phases,start] GC(38) Phase 1: Mark live objects
[13.897s][info][gc,phases      ] GC(38) Phase 1: Mark live objects 1511.228ms
[13.897s][info][gc,phases,start] GC(38) Phase 2: Compute new object addresses
[14.382s][info][gc,phases      ] GC(38) Phase 2: Compute new object addresses 485.231ms
[14.382s][info][gc,phases,start] GC(38) Phase 3: Adjust pointers
[15.056s][info][gc,phases      ] GC(38) Phase 3: Adjust pointers 674.097ms
[15.056s][info][gc,phases,start] GC(38) Phase 4: Move objects
[15.686s][info][gc,phases      ] GC(38) Phase 4: Move objects 629.598ms
[15.688s][info][gc,heap        ] GC(38) DefNew: 1128319K(1128320K)->30919K(1566720K) Eden: 1003008K(1003008K)->30919K(1392640K) From: 125311K(125312K)->0K(174080K)
[15.688s][info][gc,heap        ] GC(38) Tenured: 2381980K(2507188K)->3385143K(3481600K)
[15.688s][info][gc,metaspace   ] GC(38) Metaspace: 6298K(6464K)->6298K(6464K) NonClass: 5765K(5824K)->5765K(5824K) Class: 533K(640K)->533K(640K)
[15.688s][info][gc             ] GC(38) Pause Full (Allocation Failure) 3428M->3335M(4930M) 3302.575ms
[15.688s][info][gc,cpu         ] GC(38) User=3.28s Sys=0.00s Real=3.30s
[16.895s][info][gc,start       ] GC(39) Pause Young (Allocation Failure)
[16.895s][info][gc             ] GC(39) Pause Young (Allocation Failure) 4665M->4665M(4930M) 0.132ms
[16.895s][info][gc,cpu         ] GC(39) User=0.00s Sys=0.00s Real=0.00s
[16.895s][info][gc,start       ] GC(40) Pause Full (Allocation Failure)
[16.895s][info][gc,phases,start] GC(40) Phase 1: Mark live objects
[19.044s][info][gc,phases      ] GC(40) Phase 1: Mark live objects 2149.080ms
[19.044s][info][gc,phases,start] GC(40) Phase 2: Compute new object addresses
[19.697s][info][gc,phases      ] GC(40) Phase 2: Compute new object addresses 653.398ms
[19.698s][info][gc,phases,start] GC(40) Phase 3: Adjust pointers
[20.657s][info][gc,phases      ] GC(40) Phase 3: Adjust pointers 959.190ms
[20.657s][info][gc,phases,start] GC(40) Phase 4: Move objects
[20.927s][info][gc,phases      ] GC(40) Phase 4: Move objects 270.619ms
[20.928s][info][gc,heap        ] GC(40) DefNew: 1392640K(1566720K)->1296150K(1566720K) Eden: 1392640K(1392640K)->1296150K(1392640K) From: 0K(174080K)->0K(174080K)
[20.928s][info][gc,heap        ] GC(40) Tenured: 3385143K(3481600K)->3481599K(3481600K)
[20.928s][info][gc,metaspace   ] GC(40) Metaspace: 6298K(6464K)->6298K(6464K) NonClass: 5765K(5824K)->5765K(5824K) Class: 533K(640K)->533K(640K)
[20.928s][info][gc             ] GC(40) Pause Full (Allocation Failure) 4665M->4665M(4930M) 4033.519ms
[20.928s][info][gc,cpu         ] GC(40) User=4.02s Sys=0.02s Real=4.03s
[21.544s][info][gc,start       ] GC(41) Pause Full (Allocation Failure)
[21.544s][info][gc,phases,start] GC(41) Phase 1: Mark live objects
[23.830s][info][gc,phases      ] GC(41) Phase 1: Mark live objects 2286.388ms
[23.830s][info][gc,phases,start] GC(41) Phase 2: Compute new object addresses
[24.522s][info][gc,phases      ] GC(41) Phase 2: Compute new object addresses 691.968ms
[24.522s][info][gc,phases,start] GC(41) Phase 3: Adjust pointers
[25.476s][info][gc,phases      ] GC(41) Phase 3: Adjust pointers 953.705ms
[25.476s][info][gc,phases,start] GC(41) Phase 4: Move objects
[25.512s][info][gc,phases      ] GC(41) Phase 4: Move objects 36.234ms
[25.513s][info][gc,heap        ] GC(41) DefNew: 1566719K(1566720K)->1566717K(1566720K) Eden: 1392640K(1392640K)->1392639K(1392640K) From: 174079K(174080K)->174077K(174080K)
[25.513s][info][gc,heap        ] GC(41) Tenured: 3481599K(3481600K)->3481599K(3481600K)
[25.513s][info][gc,metaspace   ] GC(41) Metaspace: 6298K(6464K)->6298K(6464K) NonClass: 5765K(5824K)->5765K(5824K) Class: 533K(640K)->533K(640K)
[25.513s][info][gc             ] GC(41) Pause Full (Allocation Failure) 4929M->4929M(4930M) 3969.731ms
[25.513s][info][gc,cpu         ] GC(41) User=3.97s Sys=0.00s Real=3.97s
[25.513s][info][gc,start       ] GC(42) Pause Full (Allocation Failure)
[25.514s][info][gc,phases,start] GC(42) Phase 1: Mark live objects
[27.794s][info][gc,phases      ] GC(42) Phase 1: Mark live objects 2280.835ms
[27.794s][info][gc,phases,start] GC(42) Phase 2: Compute new object addresses
[28.489s][info][gc,phases      ] GC(42) Phase 2: Compute new object addresses 694.877ms
[28.489s][info][gc,phases,start] GC(42) Phase 3: Adjust pointers
[29.428s][info][gc,phases      ] GC(42) Phase 3: Adjust pointers 938.836ms
[29.428s][info][gc,phases,start] GC(42) Phase 4: Move objects
[29.428s][info][gc,phases      ] GC(42) Phase 4: Move objects 0.017ms
[29.429s][info][gc,heap        ] GC(42) DefNew: 1566719K(1566720K)->1566719K(1566720K) Eden: 1392639K(1392640K)->1392639K(1392640K) From: 174080K(174080K)->174080K(174080K)
[29.429s][info][gc,heap        ] GC(42) Tenured: 3481599K(3481600K)->3481599K(3481600K)
[29.429s][info][gc,metaspace   ] GC(42) Metaspace: 6298K(6464K)->6298K(6464K) NonClass: 5765K(5824K)->5765K(5824K) Class: 533K(640K)->533K(640K)
[29.429s][info][gc             ] GC(42) Pause Full (Allocation Failure) 4929M->4929M(4930M) 3915.546ms
[29.429s][info][gc,cpu         ] GC(42) User=3.89s Sys=0.00s Real=3.92s
[29.429s][info][gc,start       ] GC(43) Pause Full (Allocation Failure)
[29.429s][info][gc,phases,start] GC(43) Phase 1: Mark live objects
[31.719s][info][gc,phases      ] GC(43) Phase 1: Mark live objects 2290.293ms
[31.719s][info][gc,phases,start] GC(43) Phase 2: Compute new object addresses
[32.416s][info][gc,phases      ] GC(43) Phase 2: Compute new object addresses 696.462ms
[32.416s][info][gc,phases,start] GC(43) Phase 3: Adjust pointers
[33.546s][info][gc,phases      ] GC(43) Phase 3: Adjust pointers 1129.549ms
[33.546s][info][gc,phases,start] GC(43) Phase 4: Move objects
[34.362s][info][gc,phases      ] GC(43) Phase 4: Move objects 816.219ms
[34.363s][info][gc,heap        ] GC(43) DefNew: 1566719K(1566720K)->1566715K(1566720K) Eden: 1392639K(1392640K)->1392639K(1392640K) From: 174080K(174080K)->174075K(174080K)
[34.363s][info][gc,heap        ] GC(43) Tenured: 3481599K(3481600K)->3481599K(3481600K)
[34.363s][info][gc,metaspace   ] GC(43) Metaspace: 6298K(6464K)->6296K(6464K) NonClass: 5765K(5824K)->5763K(5824K) Class: 533K(640K)->532K(640K)
[34.363s][info][gc             ] GC(43) Pause Full (Allocation Failure) 4929M->4929M(4930M) 4933.912ms
[34.363s][info][gc,cpu         ] GC(43) User=4.91s Sys=0.00s Real=4.93s
[34.364s][info][gc,start       ] GC(44) Pause Full (Allocation Failure)
[34.364s][info][gc,phases,start] GC(44) Phase 1: Mark live objects
[36.633s][info][gc,phases      ] GC(44) Phase 1: Mark live objects 2269.483ms
[36.633s][info][gc,phases,start] GC(44) Phase 2: Compute new object addresses
[37.330s][info][gc,phases      ] GC(44) Phase 2: Compute new object addresses 696.874ms
[37.330s][info][gc,phases,start] GC(44) Phase 3: Adjust pointers
[38.279s][info][gc,phases      ] GC(44) Phase 3: Adjust pointers 949.023ms
[38.279s][info][gc,phases,start] GC(44) Phase 4: Move objects
[38.279s][info][gc,phases      ] GC(44) Phase 4: Move objects 0.023ms
[38.280s][info][gc,heap        ] GC(44) DefNew: 1566719K(1566720K)->1566719K(1566720K) Eden: 1392639K(1392640K)->1392639K(1392640K) From: 174080K(174080K)->174080K(174080K)
[38.280s][info][gc,heap        ] GC(44) Tenured: 3481599K(3481600K)->3481599K(3481600K)
[38.280s][info][gc,metaspace   ] GC(44) Metaspace: 6296K(6464K)->6296K(6464K) NonClass: 5763K(5824K)->5763K(5824K) Class: 532K(640K)->532K(640K)
[38.280s][info][gc             ] GC(44) Pause Full (Allocation Failure) 4929M->4929M(4930M) 3916.492ms
[38.280s][info][gc,cpu         ] GC(44) User=3.92s Sys=0.00s Real=3.92s
[38.280s][info][gc,start       ] GC(45) Pause Full (Allocation Failure)
[38.280s][info][gc,phases,start] GC(45) Phase 1: Mark live objects
[40.590s][info][gc,phases      ] GC(45) Phase 1: Mark live objects 2310.041ms
[40.590s][info][gc,phases,start] GC(45) Phase 2: Compute new object addresses
[41.279s][info][gc,phases      ] GC(45) Phase 2: Compute new object addresses 688.790ms
[41.279s][info][gc,phases,start] GC(45) Phase 3: Adjust pointers
[42.218s][info][gc,phases      ] GC(45) Phase 3: Adjust pointers 939.076ms
[42.218s][info][gc,phases,start] GC(45) Phase 4: Move objects
[42.218s][info][gc,phases      ] GC(45) Phase 4: Move objects 0.017ms
[42.219s][info][gc,heap        ] GC(45) DefNew: 1566719K(1566720K)->1566719K(1566720K) Eden: 1392639K(1392640K)->1392639K(1392640K) From: 174080K(174080K)->174080K(174080K)
[42.219s][info][gc,heap        ] GC(45) Tenured: 3481599K(3481600K)->3481599K(3481600K)
[42.219s][info][gc,metaspace   ] GC(45) Metaspace: 6296K(6464K)->6296K(6464K) NonClass: 5763K(5824K)->5763K(5824K) Class: 532K(640K)->532K(640K)
[42.219s][info][gc             ] GC(45) Pause Full (Allocation Failure) 4929M->4929M(4930M) 3938.883ms
[42.219s][info][gc,cpu         ] GC(45) User=3.94s Sys=0.00s Real=3.94s
[42.219s][info][gc,start       ] GC(46) Pause Full (Allocation Failure)
[42.220s][info][gc,phases,start] GC(46) Phase 1: Mark live objects
[44.496s][info][gc,phases      ] GC(46) Phase 1: Mark live objects 2276.533ms
[44.496s][info][gc,phases,start] GC(46) Phase 2: Compute new object addresses
[45.188s][info][gc,phases      ] GC(46) Phase 2: Compute new object addresses 691.741ms
[45.188s][info][gc,phases,start] GC(46) Phase 3: Adjust pointers
[46.121s][info][gc,phases      ] GC(46) Phase 3: Adjust pointers 932.804ms
[46.121s][info][gc,phases,start] GC(46) Phase 4: Move objects
[46.121s][info][gc,phases      ] GC(46) Phase 4: Move objects 0.017ms
[46.122s][info][gc,heap        ] GC(46) DefNew: 1566720K(1566720K)->1566720K(1566720K) Eden: 1392640K(1392640K)->1392640K(1392640K) From: 174080K(174080K)->174080K(174080K)
[46.122s][info][gc,heap        ] GC(46) Tenured: 3481600K(3481600K)->3481600K(3481600K)
[46.122s][info][gc,metaspace   ] GC(46) Metaspace: 6296K(6464K)->6296K(6464K) NonClass: 5763K(5824K)->5763K(5824K) Class: 532K(640K)->532K(640K)
[46.122s][info][gc             ] GC(46) Pause Full (Allocation Failure) 4930M->4930M(4930M) 3902.113ms
[46.122s][info][gc,cpu         ] GC(46) User=3.86s Sys=0.02s Real=3.90s
[46.122s][info][gc,start       ] GC(47) Pause Full (Allocation Failure)
[46.122s][info][gc,phases,start] GC(47) Phase 1: Mark live objects
[48.402s][info][gc,phases      ] GC(47) Phase 1: Mark live objects 2280.109ms
[48.402s][info][gc,phases,start] GC(47) Phase 2: Compute new object addresses
[49.088s][info][gc,phases      ] GC(47) Phase 2: Compute new object addresses 685.916ms
[49.088s][info][gc,phases,start] GC(47) Phase 3: Adjust pointers
[50.207s][info][gc,phases      ] GC(47) Phase 3: Adjust pointers 1118.665ms
[50.207s][info][gc,phases,start] GC(47) Phase 4: Move objects
[51.012s][info][gc,phases      ] GC(47) Phase 4: Move objects 805.278ms
[51.013s][info][gc,heap        ] GC(47) DefNew: 1566720K(1566720K)->1566718K(1566720K) Eden: 1392640K(1392640K)->1392640K(1392640K) From: 174080K(174080K)->174078K(174080K)
[51.013s][info][gc,heap        ] GC(47) Tenured: 3481600K(3481600K)->3481599K(3481600K)
[51.013s][info][gc,metaspace   ] GC(47) Metaspace: 6296K(6464K)->6296K(6464K) NonClass: 5763K(5824K)->5763K(5824K) Class: 532K(640K)->532K(640K)
[51.013s][info][gc             ] GC(47) Pause Full (Allocation Failure) 4930M->4929M(4930M) 4891.334ms
[51.013s][info][gc,cpu         ] GC(47) User=4.89s Sys=0.00s Real=4.89s
[51.014s][info][gc,start       ] GC(48) Pause Full (Allocation Failure)
[51.014s][info][gc,phases,start] GC(48) Phase 1: Mark live objects
[53.331s][info][gc,phases      ] GC(48) Phase 1: Mark live objects 2317.058ms
[53.331s][info][gc,phases,start] GC(48) Phase 2: Compute new object addresses
[54.115s][info][gc,phases      ] GC(48) Phase 2: Compute new object addresses 783.812ms
[54.115s][info][gc,phases,start] GC(48) Phase 3: Adjust pointers
[55.093s][info][gc,phases      ] GC(48) Phase 3: Adjust pointers 977.757ms
[55.093s][info][gc,phases,start] GC(48) Phase 4: Move objects
[55.093s][info][gc,phases      ] GC(48) Phase 4: Move objects 0.017ms
[55.094s][info][gc,heap        ] GC(48) DefNew: 1566719K(1566720K)->1566719K(1566720K) Eden: 1392640K(1392640K)->1392640K(1392640K) From: 174079K(174080K)->174079K(174080K)
[55.094s][info][gc,heap        ] GC(48) Tenured: 3481599K(3481600K)->3481599K(3481600K)
[55.094s][info][gc,metaspace   ] GC(48) Metaspace: 6298K(6464K)->6298K(6464K) NonClass: 5764K(5824K)->5764K(5824K) Class: 533K(640K)->533K(640K)
[55.094s][info][gc             ] GC(48) Pause Full (Allocation Failure) 4929M->4929M(4930M) 4079.892ms
[55.094s][info][gc,cpu         ] GC(48) User=4.02s Sys=0.00s Real=4.08s
[55.095s][info][gc,heap,exit   ] Heap
[55.095s][info][gc,heap,exit   ]  def new generation   total 1566720K, used 1566719K [0x00000006c1400000, 0x000000072b800000, 0x000000072b800000)
[55.095s][info][gc,heap,exit   ]   eden space 1392640K, 100% used [0x00000006c1400000, 0x0000000716400000, 0x0000000716400000)
[55.095s][info][gc,heap,exit   ]   from space 174080K,  99% used [0x0000000716400000, 0x0000000720dfff70, 0x0000000720e00000)
[55.095s][info][gc,heap,exit   ]   to   space 174080K,   0% used [0x0000000720e00000, 0x0000000720e00000, 0x000000072b800000)
[55.095s][info][gc,heap,exit   ]  tenured generation   total 3481600K, used 3481599K [0x000000072b800000, 0x0000000800000000, 0x0000000800000000)
[55.095s][info][gc,heap,exit   ]    the space 3481600K,  99% used [0x000000072b800000, 0x00000007ffffffd0, 0x0000000800000000, 0x0000000800000000)
[55.095s][info][gc,heap,exit   ]  Metaspace       used 6301K, committed 6464K, reserved 1114112K
[55.095s][info][gc,heap,exit   ]   class space    used 534K, committed 640K, reserved 1048576K
