[0.012s][info][gc,init] CardTable entry size: 512
[0.012s][info][gc     ] Using Parallel
[0.013s][info][gc,init] Version: 18.0.1+10 (release)
[0.013s][info][gc,init] CPUs: 8 total, 8 available
[0.013s][info][gc,init] Memory: 16063M
[0.013s][info][gc,init] Large Page Support: Disabled
[0.013s][info][gc,init] NUMA Support: Disabled
[0.013s][info][gc,init] Compressed Oops: Enabled (Zero based)
[0.013s][info][gc,init] Alignments: Space 512K, Generation 512K, Heap 2M
[0.013s][info][gc,init] Heap Min Capacity: 2M
[0.013s][info][gc,init] Heap Initial Capacity: 2M
[0.013s][info][gc,init] Heap Max Capacity: 3000M
[0.013s][info][gc,init] Pre-touch: Disabled
[0.013s][info][gc,init] Parallel Workers: 8
[0.013s][info][gc,metaspace] CDS archive(s) not mapped
[0.013s][info][gc,metaspace] Compressed class space mapped at: 0x0000000800000000-0x0000000840000000, reserved size: 1073741824
[0.013s][info][gc,metaspace] Narrow klass base: 0x0000000800000000, Narrow klass shift: 0, Narrow klass range: 0x40000000
[0.102s][info][gc,start    ] GC(0) Pause Young (Allocation Failure)
[0.103s][info][gc,heap     ] GC(0) PSYoungGen: 512K(1024K)->480K(1024K) Eden: 512K(512K)->0K(512K) From: 0K(512K)->480K(512K)
[0.103s][info][gc,heap     ] GC(0) ParOldGen: 0K(512K)->8K(512K)
[0.103s][info][gc,metaspace] GC(0) Metaspace: 4229K(4352K)->4229K(4352K) NonClass: 3908K(3968K)->3908K(3968K) Class: 321K(384K)->321K(384K)
[0.103s][info][gc          ] GC(0) Pause Young (Allocation Failure) 0M->0M(1M) 1.723ms
[0.103s][info][gc,cpu      ] GC(0) User=0.00s Sys=0.00s Real=0.00s
[0.166s][info][gc,start    ] GC(1) Pause Young (Allocation Failure)
[0.167s][info][gc,heap     ] GC(1) PSYoungGen: 991K(1024K)->512K(1536K) Eden: 511K(512K)->0K(1024K) From: 480K(512K)->512K(512K)
[0.167s][info][gc,heap     ] GC(1) ParOldGen: 8K(512K)->88K(512K)
[0.167s][info][gc,metaspace] GC(1) Metaspace: 5882K(6016K)->5882K(6016K) NonClass: 5385K(5504K)->5385K(5504K) Class: 496K(512K)->496K(512K)
[0.167s][info][gc          ] GC(1) Pause Young (Allocation Failure) 0M->0M(2M) 0.844ms
[0.167s][info][gc,cpu      ] GC(1) User=0.00s Sys=0.00s Real=0.00s
[0.187s][info][gc,start    ] GC(2) Pause Young (Allocation Failure)
[0.188s][info][gc,heap     ] GC(2) PSYoungGen: 1536K(1536K)->512K(1536K) Eden: 1024K(1024K)->0K(1024K) From: 512K(512K)->512K(512K)
[0.188s][info][gc,heap     ] GC(2) ParOldGen: 88K(512K)->504K(512K)
[0.189s][info][gc,metaspace] GC(2) Metaspace: 6301K(6528K)->6301K(6528K) NonClass: 5767K(5888K)->5767K(5888K) Class: 533K(640K)->533K(640K)
[0.189s][info][gc          ] GC(2) Pause Young (Allocation Failure) 1M->0M(2M) 1.201ms
[0.189s][info][gc,cpu      ] GC(2) User=0.00s Sys=0.00s Real=0.00s
[0.189s][info][gc,start    ] GC(3) Pause Full (Ergonomics)
[0.189s][info][gc,phases,start] GC(3) Marking Phase
[0.189s][info][gc,phases      ] GC(3) Marking Phase 0.852ms
[0.189s][info][gc,phases,start] GC(3) Summary Phase
[0.190s][info][gc,phases      ] GC(3) Summary Phase 0.014ms
[0.190s][info][gc,phases,start] GC(3) Adjust Roots
[0.190s][info][gc,phases      ] GC(3) Adjust Roots 0.323ms
[0.190s][info][gc,phases,start] GC(3) Compaction Phase
[0.191s][info][gc,phases      ] GC(3) Compaction Phase 1.340ms
[0.191s][info][gc,phases,start] GC(3) Post Compact
[0.191s][info][gc,phases      ] GC(3) Post Compact 0.080ms
[0.191s][info][gc,heap        ] GC(3) PSYoungGen: 512K(1536K)->510K(1536K) Eden: 0K(1024K)->0K(1024K) From: 512K(512K)->510K(512K)
[0.191s][info][gc,heap        ] GC(3) ParOldGen: 504K(512K)->470K(2048K)
[0.191s][info][gc,metaspace   ] GC(3) Metaspace: 6301K(6528K)->6301K(6528K) NonClass: 5767K(5888K)->5767K(5888K) Class: 533K(640K)->533K(640K)
[0.191s][info][gc             ] GC(3) Pause Full (Ergonomics) 0M->0M(3M) 2.817ms
[0.191s][info][gc,cpu         ] GC(3) User=0.00s Sys=0.00s Real=0.00s
[0.193s][info][gc,start       ] GC(4) Pause Young (Allocation Failure)
[0.194s][info][gc,heap        ] GC(4) PSYoungGen: 1534K(1536K)->480K(2560K) Eden: 1024K(1024K)->0K(2048K) From: 510K(512K)->480K(512K)
[0.194s][info][gc,heap        ] GC(4) ParOldGen: 470K(2048K)->1030K(2048K)
[0.194s][info][gc,metaspace   ] GC(4) Metaspace: 6301K(6528K)->6301K(6528K) NonClass: 5767K(5888K)->5767K(5888K) Class: 533K(640K)->533K(640K)
[0.194s][info][gc             ] GC(4) Pause Young (Allocation Failure) 1M->1M(4M) 1.474ms
[0.194s][info][gc,cpu         ] GC(4) User=0.00s Sys=0.00s Real=0.00s
[0.197s][info][gc,start       ] GC(5) Pause Young (Allocation Failure)
[0.199s][info][gc,heap        ] GC(5) PSYoungGen: 2528K(2560K)->480K(2560K) Eden: 2048K(2048K)->0K(2048K) From: 480K(512K)->480K(512K)
[0.199s][info][gc,heap        ] GC(5) ParOldGen: 1030K(2048K)->2102K(2560K)
[0.199s][info][gc,metaspace   ] GC(5) Metaspace: 6301K(6528K)->6301K(6528K) NonClass: 5767K(5888K)->5767K(5888K) Class: 533K(640K)->533K(640K)
[0.199s][info][gc             ] GC(5) Pause Young (Allocation Failure) 3M->2M(5M) 1.702ms
[0.199s][info][gc,cpu         ] GC(5) User=0.00s Sys=0.00s Real=0.00s
[0.199s][info][gc,start       ] GC(6) Pause Full (Ergonomics)
[0.199s][info][gc,phases,start] GC(6) Marking Phase
[0.200s][info][gc,phases      ] GC(6) Marking Phase 1.471ms
[0.200s][info][gc,phases,start] GC(6) Summary Phase
[0.200s][info][gc,phases      ] GC(6) Summary Phase 0.017ms
[0.200s][info][gc,phases,start] GC(6) Adjust Roots
[0.201s][info][gc,phases      ] GC(6) Adjust Roots 0.323ms
[0.201s][info][gc,phases,start] GC(6) Compaction Phase
[0.203s][info][gc,phases      ] GC(6) Compaction Phase 2.223ms
[0.203s][info][gc,phases,start] GC(6) Post Compact
[0.203s][info][gc,phases      ] GC(6) Post Compact 0.029ms
[0.203s][info][gc,heap        ] GC(6) PSYoungGen: 480K(2560K)->0K(4096K) Eden: 0K(2048K)->0K(3072K) From: 480K(512K)->0K(1024K)
[0.203s][info][gc,heap        ] GC(6) ParOldGen: 2102K(2560K)->2542K(6144K)
[0.203s][info][gc,metaspace   ] GC(6) Metaspace: 6301K(6528K)->6301K(6528K) NonClass: 5767K(5888K)->5767K(5888K) Class: 533K(640K)->533K(640K)
[0.203s][info][gc             ] GC(6) Pause Full (Ergonomics) 2M->2M(10M) 4.393ms
[0.203s][info][gc,cpu         ] GC(6) User=0.02s Sys=0.00s Real=0.00s
[0.207s][info][gc,start       ] GC(7) Pause Young (Allocation Failure)
[0.209s][info][gc,heap        ] GC(7) PSYoungGen: 3072K(4096K)->1664K(5120K) Eden: 3072K(3072K)->0K(3072K) From: 0K(1024K)->1664K(2048K)
[0.209s][info][gc,heap        ] GC(7) ParOldGen: 2542K(6144K)->2542K(6144K)
[0.209s][info][gc,metaspace   ] GC(7) Metaspace: 6301K(6528K)->6301K(6528K) NonClass: 5767K(5888K)->5767K(5888K) Class: 533K(640K)->533K(640K)
[0.209s][info][gc             ] GC(7) Pause Young (Allocation Failure) 5M->4M(11M) 1.929ms
[0.209s][info][gc,cpu         ] GC(7) User=0.00s Sys=0.00s Real=0.00s
[0.214s][info][gc,start       ] GC(8) Pause Young (Allocation Failure)
[0.216s][info][gc,heap        ] GC(8) PSYoungGen: 4736K(5120K)->2016K(5632K) Eden: 3072K(3072K)->0K(3584K) From: 1664K(2048K)->2016K(2048K)
[0.216s][info][gc,heap        ] GC(8) ParOldGen: 2542K(6144K)->3766K(6144K)
[0.216s][info][gc,metaspace   ] GC(8) Metaspace: 6301K(6528K)->6301K(6528K) NonClass: 5767K(5888K)->5767K(5888K) Class: 533K(640K)->533K(640K)
[0.216s][info][gc             ] GC(8) Pause Young (Allocation Failure) 7M->5M(11M) 2.720ms
[0.216s][info][gc,cpu         ] GC(8) User=0.02s Sys=0.00s Real=0.00s
[0.222s][info][gc,start       ] GC(9) Pause Young (Allocation Failure)
[0.225s][info][gc,heap        ] GC(9) PSYoungGen: 5600K(5632K)->3040K(6656K) Eden: 3584K(3584K)->0K(3584K) From: 2016K(2048K)->3040K(3072K)
[0.225s][info][gc,heap        ] GC(9) ParOldGen: 3766K(6144K)->4606K(6144K)
[0.225s][info][gc,metaspace   ] GC(9) Metaspace: 6301K(6528K)->6301K(6528K) NonClass: 5767K(5888K)->5767K(5888K) Class: 533K(640K)->533K(640K)
[0.225s][info][gc             ] GC(9) Pause Young (Allocation Failure) 9M->7M(12M) 3.711ms
[0.225s][info][gc,cpu         ] GC(9) User=0.00s Sys=0.00s Real=0.00s
[0.229s][info][gc,start       ] GC(10) Pause Young (Allocation Failure)
[0.233s][info][gc,heap        ] GC(10) PSYoungGen: 6624K(6656K)->4064K(8704K) Eden: 3584K(3584K)->0K(4608K) From: 3040K(3072K)->4064K(4096K)
[0.233s][info][gc,heap        ] GC(10) ParOldGen: 4606K(6144K)->5446K(6144K)
[0.233s][info][gc,metaspace   ] GC(10) Metaspace: 6301K(6528K)->6301K(6528K) NonClass: 5767K(5888K)->5767K(5888K) Class: 533K(640K)->533K(640K)
[0.233s][info][gc             ] GC(10) Pause Young (Allocation Failure) 10M->9M(14M) 4.227ms
[0.233s][info][gc,cpu         ] GC(10) User=0.00s Sys=0.00s Real=0.00s
[0.233s][info][gc,start       ] GC(11) Pause Full (Ergonomics)
[0.233s][info][gc,phases,start] GC(11) Marking Phase
[0.238s][info][gc,phases      ] GC(11) Marking Phase 4.171ms
[0.238s][info][gc,phases,start] GC(11) Summary Phase
[0.238s][info][gc,phases      ] GC(11) Summary Phase 0.015ms
[0.238s][info][gc,phases,start] GC(11) Adjust Roots
[0.238s][info][gc,phases      ] GC(11) Adjust Roots 0.461ms
[0.238s][info][gc,phases,start] GC(11) Compaction Phase
[0.244s][info][gc,phases      ] GC(11) Compaction Phase 5.609ms
[0.244s][info][gc,phases,start] GC(11) Post Compact
[0.244s][info][gc,phases      ] GC(11) Post Compact 0.056ms
[0.244s][info][gc,heap        ] GC(11) PSYoungGen: 4064K(8704K)->3545K(8704K) Eden: 0K(4608K)->0K(4608K) From: 4064K(4096K)->3545K(4096K)
[0.244s][info][gc,heap        ] GC(11) ParOldGen: 5446K(6144K)->5820K(10752K)
[0.244s][info][gc,metaspace   ] GC(11) Metaspace: 6301K(6528K)->6301K(6528K) NonClass: 5767K(5888K)->5767K(5888K) Class: 533K(640K)->533K(640K)
[0.244s][info][gc             ] GC(11) Pause Full (Ergonomics) 9M->9M(19M) 10.649ms
[0.244s][info][gc,cpu         ] GC(11) User=0.00s Sys=0.00s Real=0.01s
[0.248s][info][gc,start       ] GC(12) Pause Young (Allocation Failure)
[0.252s][info][gc,heap        ] GC(12) PSYoungGen: 8099K(8704K)->5088K(9728K) Eden: 4553K(4608K)->0K(4608K) From: 3545K(4096K)->5088K(5120K)
[0.252s][info][gc,heap        ] GC(12) ParOldGen: 5820K(10752K)->6612K(10752K)
[0.252s][info][gc,metaspace   ] GC(12) Metaspace: 6301K(6528K)->6301K(6528K) NonClass: 5767K(5888K)->5767K(5888K) Class: 533K(640K)->533K(640K)
[0.252s][info][gc             ] GC(12) Pause Young (Allocation Failure) 13M->11M(20M) 3.797ms
[0.252s][info][gc,cpu         ] GC(12) User=0.00s Sys=0.00s Real=0.00s
[0.257s][info][gc,start       ] GC(13) Pause Young (Allocation Failure)
[0.263s][info][gc,heap        ] GC(13) PSYoungGen: 9696K(9728K)->6112K(11264K) Eden: 4608K(4608K)->0K(5120K) From: 5088K(5120K)->6112K(6144K)
[0.263s][info][gc,heap        ] GC(13) ParOldGen: 6612K(10752K)->7980K(10752K)
[0.263s][info][gc,metaspace   ] GC(13) Metaspace: 6301K(6528K)->6301K(6528K) NonClass: 5767K(5888K)->5767K(5888K) Class: 533K(640K)->533K(640K)
[0.263s][info][gc             ] GC(13) Pause Young (Allocation Failure) 15M->13M(21M) 5.300ms
[0.263s][info][gc,cpu         ] GC(13) User=0.00s Sys=0.00s Real=0.01s
[0.267s][info][gc,start       ] GC(14) Pause Young (Allocation Failure)
[0.272s][info][gc,heap        ] GC(14) PSYoungGen: 11232K(11264K)->5216K(12800K) Eden: 5120K(5120K)->0K(5120K) From: 6112K(6144K)->5216K(7680K)
[0.272s][info][gc,heap        ] GC(14) ParOldGen: 7980K(10752K)->11580K(11776K)
[0.272s][info][gc,metaspace   ] GC(14) Metaspace: 6302K(6528K)->6302K(6528K) NonClass: 5769K(5888K)->5769K(5888K) Class: 533K(640K)->533K(640K)
[0.272s][info][gc             ] GC(14) Pause Young (Allocation Failure) 18M->16M(24M) 5.416ms
[0.272s][info][gc,cpu         ] GC(14) User=0.00s Sys=0.00s Real=0.00s
[0.272s][info][gc,start       ] GC(15) Pause Full (Ergonomics)
[0.272s][info][gc,phases,start] GC(15) Marking Phase
[0.279s][info][gc,phases      ] GC(15) Marking Phase 7.008ms
[0.279s][info][gc,phases,start] GC(15) Summary Phase
[0.279s][info][gc,phases      ] GC(15) Summary Phase 0.015ms
[0.279s][info][gc,phases,start] GC(15) Adjust Roots
[0.280s][info][gc,phases      ] GC(15) Adjust Roots 0.258ms
[0.280s][info][gc,phases,start] GC(15) Compaction Phase
[0.286s][info][gc,phases      ] GC(15) Compaction Phase 6.302ms
[0.286s][info][gc,phases,start] GC(15) Post Compact
[0.286s][info][gc,phases      ] GC(15) Post Compact 0.069ms
[0.286s][info][gc,heap        ] GC(15) PSYoungGen: 5216K(12800K)->5181K(12800K) Eden: 0K(5120K)->0K(5120K) From: 5216K(7680K)->5181K(7680K)
[0.286s][info][gc,heap        ] GC(15) ParOldGen: 11580K(11776K)->11467K(18432K)
[0.286s][info][gc,metaspace   ] GC(15) Metaspace: 6302K(6528K)->6302K(6528K) NonClass: 5769K(5888K)->5769K(5888K) Class: 533K(640K)->533K(640K)
[0.286s][info][gc             ] GC(15) Pause Full (Ergonomics) 16M->16M(30M) 13.926ms
[0.286s][info][gc,cpu         ] GC(15) User=0.00s Sys=0.00s Real=0.01s
[0.290s][info][gc,start       ] GC(16) Pause Young (Allocation Failure)
[0.296s][info][gc,heap        ] GC(16) PSYoungGen: 10301K(12800K)->2688K(14336K) Eden: 5120K(5120K)->0K(7168K) From: 5181K(7680K)->2688K(7168K)
[0.296s][info][gc,heap        ] GC(16) ParOldGen: 11467K(18432K)->16731K(18432K)
[0.296s][info][gc,metaspace   ] GC(16) Metaspace: 6302K(6528K)->6302K(6528K) NonClass: 5769K(5888K)->5769K(5888K) Class: 533K(640K)->533K(640K)
[0.296s][info][gc             ] GC(16) Pause Young (Allocation Failure) 21M->18M(32M) 6.485ms
[0.296s][info][gc,cpu         ] GC(16) User=0.00s Sys=0.00s Real=0.01s
[0.296s][info][gc,start       ] GC(17) Pause Full (Ergonomics)
[0.296s][info][gc,phases,start] GC(17) Marking Phase
[0.304s][info][gc,phases      ] GC(17) Marking Phase 7.957ms
[0.304s][info][gc,phases,start] GC(17) Summary Phase
[0.304s][info][gc,phases      ] GC(17) Summary Phase 0.014ms
[0.304s][info][gc,phases,start] GC(17) Adjust Roots
[0.304s][info][gc,phases      ] GC(17) Adjust Roots 0.247ms
[0.304s][info][gc,phases,start] GC(17) Compaction Phase
[0.310s][info][gc,phases      ] GC(17) Compaction Phase 6.026ms
[0.310s][info][gc,phases,start] GC(17) Post Compact
[0.311s][info][gc,phases      ] GC(17) Post Compact 0.080ms
[0.311s][info][gc,heap        ] GC(17) PSYoungGen: 2688K(14336K)->1106K(14848K) Eden: 0K(7168K)->0K(7680K) From: 2688K(7168K)->1106K(7168K)
[0.311s][info][gc,heap        ] GC(17) ParOldGen: 16731K(18432K)->18182K(27648K)
[0.311s][info][gc,metaspace   ] GC(17) Metaspace: 6302K(6528K)->6302K(6528K) NonClass: 5769K(5888K)->5769K(5888K) Class: 533K(640K)->533K(640K)
[0.311s][info][gc             ] GC(17) Pause Full (Ergonomics) 18M->18M(41M) 14.639ms
[0.311s][info][gc,cpu         ] GC(17) User=0.00s Sys=0.00s Real=0.01s
[0.315s][info][gc,start       ] GC(18) Pause Young (Allocation Failure)
[0.320s][info][gc,heap        ] GC(18) PSYoungGen: 7796K(14848K)->3456K(15360K) Eden: 6689K(7680K)->0K(7680K) From: 1106K(7168K)->3456K(7680K)
[0.320s][info][gc,heap        ] GC(18) ParOldGen: 18182K(27648K)->19310K(27648K)
[0.320s][info][gc,metaspace   ] GC(18) Metaspace: 6302K(6528K)->6302K(6528K) NonClass: 5769K(5888K)->5769K(5888K) Class: 533K(640K)->533K(640K)
[0.320s][info][gc             ] GC(18) Pause Young (Allocation Failure) 25M->22M(42M) 4.813ms
[0.320s][info][gc,cpu         ] GC(18) User=0.00s Sys=0.00s Real=0.00s
[0.327s][info][gc,start       ] GC(19) Pause Young (Allocation Failure)
[0.334s][info][gc,heap        ] GC(19) PSYoungGen: 11136K(15360K)->4512K(17920K) Eden: 7680K(7680K)->0K(10240K) From: 3456K(7680K)->4512K(7680K)
[0.334s][info][gc,heap        ] GC(19) ParOldGen: 19310K(27648K)->22758K(27648K)
[0.334s][info][gc,metaspace   ] GC(19) Metaspace: 6302K(6528K)->6302K(6528K) NonClass: 5769K(5888K)->5769K(5888K) Class: 533K(640K)->533K(640K)
[0.334s][info][gc             ] GC(19) Pause Young (Allocation Failure) 29M->26M(44M) 7.092ms
[0.334s][info][gc,cpu         ] GC(19) User=0.00s Sys=0.00s Real=0.01s
[0.341s][info][gc,start       ] GC(20) Pause Young (Allocation Failure)
[0.348s][info][gc,heap        ] GC(20) PSYoungGen: 14752K(17920K)->5344K(17920K) Eden: 10240K(10240K)->0K(10240K) From: 4512K(7680K)->5344K(7680K)
[0.348s][info][gc,heap        ] GC(20) ParOldGen: 22758K(27648K)->27286K(27648K)
[0.348s][info][gc,metaspace   ] GC(20) Metaspace: 6302K(6528K)->6302K(6528K) NonClass: 5769K(5888K)->5769K(5888K) Class: 533K(640K)->533K(640K)
[0.348s][info][gc             ] GC(20) Pause Young (Allocation Failure) 36M->31M(44M) 7.452ms
[0.348s][info][gc,cpu         ] GC(20) User=0.00s Sys=0.00s Real=0.01s
[0.348s][info][gc,start       ] GC(21) Pause Full (Ergonomics)
[0.348s][info][gc,phases,start] GC(21) Marking Phase
[0.361s][info][gc,phases      ] GC(21) Marking Phase 13.132ms
[0.361s][info][gc,phases,start] GC(21) Summary Phase
[0.361s][info][gc,phases      ] GC(21) Summary Phase 0.014ms
[0.361s][info][gc,phases,start] GC(21) Adjust Roots
[0.362s][info][gc,phases      ] GC(21) Adjust Roots 0.198ms
[0.362s][info][gc,phases,start] GC(21) Compaction Phase
[0.373s][info][gc,phases      ] GC(21) Compaction Phase 11.499ms
[0.373s][info][gc,phases,start] GC(21) Post Compact
[0.373s][info][gc,phases      ] GC(21) Post Compact 0.125ms
[0.374s][info][gc,heap        ] GC(21) PSYoungGen: 5344K(17920K)->4780K(17920K) Eden: 0K(10240K)->0K(10240K) From: 5344K(7680K)->4780K(7680K)
[0.374s][info][gc,heap        ] GC(21) ParOldGen: 27286K(27648K)->27140K(38912K)
[0.374s][info][gc,metaspace   ] GC(21) Metaspace: 6302K(6528K)->6302K(6528K) NonClass: 5769K(5888K)->5769K(5888K) Class: 533K(640K)->533K(640K)
[0.374s][info][gc             ] GC(21) Pause Full (Ergonomics) 31M->31M(55M) 25.422ms
[0.374s][info][gc,cpu         ] GC(21) User=0.00s Sys=0.00s Real=0.02s
[0.382s][info][gc,start       ] GC(22) Pause Young (Allocation Failure)
[0.394s][info][gc,heap        ] GC(22) PSYoungGen: 15020K(17920K)->8192K(17920K) Eden: 10240K(10240K)->0K(9728K) From: 4780K(7680K)->8192K(8192K)
[0.395s][info][gc,heap        ] GC(22) ParOldGen: 27140K(38912K)->32956K(38912K)
[0.395s][info][gc,metaspace   ] GC(22) Metaspace: 6302K(6528K)->6302K(6528K) NonClass: 5769K(5888K)->5769K(5888K) Class: 533K(640K)->533K(640K)
[0.395s][info][gc             ] GC(22) Pause Young (Allocation Failure) 41M->40M(55M) 12.146ms
[0.395s][info][gc,cpu         ] GC(22) User=0.00s Sys=0.00s Real=0.01s
[0.395s][info][gc,start       ] GC(23) Pause Full (Ergonomics)
[0.395s][info][gc,phases,start] GC(23) Marking Phase
[0.411s][info][gc,phases      ] GC(23) Marking Phase 16.070ms
[0.411s][info][gc,phases,start] GC(23) Summary Phase
[0.411s][info][gc,phases      ] GC(23) Summary Phase 0.014ms
[0.411s][info][gc,phases,start] GC(23) Adjust Roots
[0.411s][info][gc,phases      ] GC(23) Adjust Roots 0.176ms
[0.411s][info][gc,phases,start] GC(23) Compaction Phase
[0.421s][info][gc,phases      ] GC(23) Compaction Phase 10.261ms
[0.421s][info][gc,phases,start] GC(23) Post Compact
[0.422s][info][gc,phases      ] GC(23) Post Compact 0.203ms
[0.422s][info][gc,heap        ] GC(23) PSYoungGen: 8192K(17920K)->2555K(17920K) Eden: 0K(9728K)->0K(9728K) From: 8192K(8192K)->2555K(8192K)
[0.422s][info][gc,heap        ] GC(23) ParOldGen: 32956K(38912K)->38476K(52736K)
[0.422s][info][gc,metaspace   ] GC(23) Metaspace: 6302K(6528K)->6302K(6528K) NonClass: 5769K(5888K)->5769K(5888K) Class: 533K(640K)->533K(640K)
[0.422s][info][gc             ] GC(23) Pause Full (Ergonomics) 40M->40M(69M) 27.106ms
[0.422s][info][gc,cpu         ] GC(23) User=0.00s Sys=0.00s Real=0.03s
[0.434s][info][gc,start       ] GC(24) Pause Young (Allocation Failure)
[0.444s][info][gc,heap        ] GC(24) PSYoungGen: 12283K(17920K)->9760K(20992K) Eden: 9728K(9728K)->0K(9728K) From: 2555K(8192K)->9760K(11264K)
[0.444s][info][gc,heap        ] GC(24) ParOldGen: 38476K(52736K)->41076K(52736K)
[0.444s][info][gc,metaspace   ] GC(24) Metaspace: 6302K(6528K)->6302K(6528K) NonClass: 5769K(5888K)->5769K(5888K) Class: 533K(640K)->533K(640K)
[0.444s][info][gc             ] GC(24) Pause Young (Allocation Failure) 49M->49M(72M) 9.490ms
[0.444s][info][gc,cpu         ] GC(24) User=0.00s Sys=0.00s Real=0.01s
[0.453s][info][gc,start       ] GC(25) Pause Young (Allocation Failure)
[0.466s][info][gc,heap        ] GC(25) PSYoungGen: 19488K(20992K)->12768K(19968K) Eden: 9728K(9728K)->0K(7168K) From: 9760K(11264K)->12768K(12800K)
[0.466s][info][gc,heap        ] GC(25) ParOldGen: 41076K(52736K)->47852K(52736K)
[0.467s][info][gc,metaspace   ] GC(25) Metaspace: 6302K(6528K)->6302K(6528K) NonClass: 5769K(5888K)->5769K(5888K) Class: 533K(640K)->533K(640K)
[0.467s][info][gc             ] GC(25) Pause Young (Allocation Failure) 59M->59M(71M) 13.207ms
[0.467s][info][gc,cpu         ] GC(25) User=0.00s Sys=0.00s Real=0.01s
[0.467s][info][gc,start       ] GC(26) Pause Full (Ergonomics)
[0.467s][info][gc,phases,start] GC(26) Marking Phase
[0.489s][info][gc,phases      ] GC(26) Marking Phase 22.368ms
[0.489s][info][gc,phases,start] GC(26) Summary Phase
[0.489s][info][gc,phases      ] GC(26) Summary Phase 0.014ms
[0.489s][info][gc,phases,start] GC(26) Adjust Roots
[0.489s][info][gc,phases      ] GC(26) Adjust Roots 0.157ms
[0.489s][info][gc,phases,start] GC(26) Compaction Phase
[0.507s][info][gc,phases      ] GC(26) Compaction Phase 17.722ms
[0.507s][info][gc,phases,start] GC(26) Post Compact
[0.507s][info][gc,phases      ] GC(26) Post Compact 0.226ms
[0.507s][info][gc,heap        ] GC(26) PSYoungGen: 12768K(19968K)->7122K(19968K) Eden: 0K(7168K)->0K(7168K) From: 12768K(12800K)->7122K(12800K)
[0.507s][info][gc,heap        ] GC(26) ParOldGen: 47852K(52736K)->52289K(69120K)
[0.507s][info][gc,metaspace   ] GC(26) Metaspace: 6302K(6528K)->6302K(6528K) NonClass: 5769K(5888K)->5769K(5888K) Class: 533K(640K)->533K(640K)
[0.507s][info][gc             ] GC(26) Pause Full (Ergonomics) 59M->58M(87M) 40.864ms
[0.507s][info][gc,cpu         ] GC(26) User=0.02s Sys=0.00s Real=0.04s
[0.515s][info][gc,start       ] GC(27) Pause Young (Allocation Failure)
[0.528s][info][gc,heap        ] GC(27) PSYoungGen: 14290K(19968K)->7200K(24576K) Eden: 7168K(7168K)->0K(7168K) From: 7122K(12800K)->7200K(17408K)
[0.528s][info][gc,heap        ] GC(27) ParOldGen: 52289K(69120K)->59537K(69120K)
[0.528s][info][gc,metaspace   ] GC(27) Metaspace: 6302K(6528K)->6302K(6528K) NonClass: 5769K(5888K)->5769K(5888K) Class: 533K(640K)->533K(640K)
[0.528s][info][gc             ] GC(27) Pause Young (Allocation Failure) 65M->65M(91M) 13.146ms
[0.528s][info][gc,cpu         ] GC(27) User=0.00s Sys=0.00s Real=0.01s
[0.535s][info][gc,start       ] GC(28) Pause Young (Allocation Failure)
[0.545s][info][gc,heap        ] GC(28) PSYoungGen: 14368K(24576K)->14336K(23040K) Eden: 7168K(7168K)->0K(6656K) From: 7200K(17408K)->14336K(16384K)
[0.545s][info][gc,heap        ] GC(28) ParOldGen: 59537K(69120K)->59537K(69120K)
[0.545s][info][gc,metaspace   ] GC(28) Metaspace: 6302K(6528K)->6302K(6528K) NonClass: 5769K(5888K)->5769K(5888K) Class: 533K(640K)->533K(640K)
[0.545s][info][gc             ] GC(28) Pause Young (Allocation Failure) 72M->72M(90M) 10.306ms
[0.545s][info][gc,cpu         ] GC(28) User=0.00s Sys=0.00s Real=0.01s
[0.552s][info][gc,start       ] GC(29) Pause Young (Allocation Failure)
[0.565s][info][gc,heap        ] GC(29) PSYoungGen: 20992K(23040K)->13824K(25088K) Eden: 6656K(6656K)->0K(6656K) From: 14336K(16384K)->13824K(18432K)
[0.565s][info][gc,heap        ] GC(29) ParOldGen: 59537K(69120K)->66793K(69120K)
[0.565s][info][gc,metaspace   ] GC(29) Metaspace: 6302K(6528K)->6302K(6528K) NonClass: 5769K(5888K)->5769K(5888K) Class: 533K(640K)->533K(640K)
[0.565s][info][gc             ] GC(29) Pause Young (Allocation Failure) 78M->78M(92M) 13.213ms
[0.565s][info][gc,cpu         ] GC(29) User=0.00s Sys=0.00s Real=0.01s
[0.565s][info][gc,start       ] GC(30) Pause Full (Ergonomics)
[0.565s][info][gc,phases,start] GC(30) Marking Phase
[0.595s][info][gc,phases      ] GC(30) Marking Phase 30.034ms
[0.596s][info][gc,phases,start] GC(30) Summary Phase
[0.596s][info][gc,phases      ] GC(30) Summary Phase 0.017ms
[0.596s][info][gc,phases,start] GC(30) Adjust Roots
[0.596s][info][gc,phases      ] GC(30) Adjust Roots 0.162ms
[0.596s][info][gc,phases,start] GC(30) Compaction Phase
[0.614s][info][gc,phases      ] GC(30) Compaction Phase 18.305ms
[0.614s][info][gc,phases,start] GC(30) Post Compact
[0.614s][info][gc,phases      ] GC(30) Post Compact 0.338ms
[0.615s][info][gc,heap        ] GC(30) PSYoungGen: 13824K(25088K)->11209K(25088K) Eden: 0K(6656K)->0K(6656K) From: 13824K(18432K)->11209K(18432K)
[0.615s][info][gc,heap        ] GC(30) ParOldGen: 66793K(69120K)->69105K(89600K)
[0.615s][info][gc,metaspace   ] GC(30) Metaspace: 6302K(6528K)->6302K(6528K) NonClass: 5769K(5888K)->5769K(5888K) Class: 533K(640K)->533K(640K)
[0.615s][info][gc             ] GC(30) Pause Full (Ergonomics) 78M->78M(112M) 49.242ms
[0.615s][info][gc,cpu         ] GC(30) User=0.06s Sys=0.00s Real=0.05s
[0.621s][info][gc,start       ] GC(31) Pause Young (Allocation Failure)
[0.639s][info][gc,heap        ] GC(31) PSYoungGen: 17865K(25088K)->6656K(25600K) Eden: 6656K(6656K)->0K(8192K) From: 11209K(18432K)->6656K(17408K)
[0.639s][info][gc,heap        ] GC(31) ParOldGen: 69105K(89600K)->80505K(89600K)
[0.639s][info][gc,metaspace   ] GC(31) Metaspace: 6302K(6528K)->6302K(6528K) NonClass: 5769K(5888K)->5769K(5888K) Class: 533K(640K)->533K(640K)
[0.639s][info][gc             ] GC(31) Pause Young (Allocation Failure) 84M->85M(112M) 17.760ms
[0.639s][info][gc,cpu         ] GC(31) User=0.03s Sys=0.00s Real=0.02s
[0.639s][info][gc,start       ] GC(32) Pause Full (Ergonomics)
[0.639s][info][gc,phases,start] GC(32) Marking Phase
[0.673s][info][gc,phases      ] GC(32) Marking Phase 33.204ms
[0.673s][info][gc,phases,start] GC(32) Summary Phase
[0.673s][info][gc,phases      ] GC(32) Summary Phase 0.017ms
[0.673s][info][gc,phases,start] GC(32) Adjust Roots
[0.673s][info][gc,phases      ] GC(32) Adjust Roots 0.170ms
[0.673s][info][gc,phases,start] GC(32) Compaction Phase
[0.691s][info][gc,phases      ] GC(32) Compaction Phase 17.761ms
[0.691s][info][gc,phases,start] GC(32) Post Compact
[0.691s][info][gc,phases      ] GC(32) Post Compact 0.491ms
[0.691s][info][gc,heap        ] GC(32) PSYoungGen: 6656K(25600K)->0K(27136K) Eden: 0K(8192K)->0K(8192K) From: 6656K(17408K)->0K(18944K)
[0.691s][info][gc,heap        ] GC(32) ParOldGen: 80505K(89600K)->86941K(111616K)
[0.691s][info][gc,metaspace   ] GC(32) Metaspace: 6302K(6528K)->6302K(6528K) NonClass: 5769K(5888K)->5769K(5888K) Class: 533K(640K)->533K(640K)
[0.691s][info][gc             ] GC(32) Pause Full (Ergonomics) 85M->84M(135M) 52.088ms
[0.691s][info][gc,cpu         ] GC(32) User=0.06s Sys=0.00s Real=0.05s
[0.712s][info][gc,start       ] GC(33) Pause Young (Allocation Failure)
[0.717s][info][gc,heap        ] GC(33) PSYoungGen: 8192K(27136K)->8256K(26112K) Eden: 8192K(8192K)->0K(9728K) From: 0K(18944K)->8256K(16384K)
[0.717s][info][gc,heap        ] GC(33) ParOldGen: 86941K(111616K)->86941K(111616K)
[0.717s][info][gc,metaspace   ] GC(33) Metaspace: 6302K(6528K)->6302K(6528K) NonClass: 5769K(5888K)->5769K(5888K) Class: 533K(640K)->533K(640K)
[0.717s][info][gc             ] GC(33) Pause Young (Allocation Failure) 92M->92M(134M) 5.470ms
[0.717s][info][gc,cpu         ] GC(33) User=0.00s Sys=0.00s Real=0.01s
[0.725s][info][gc,start       ] GC(34) Pause Young (Allocation Failure)
[0.733s][info][gc,heap        ] GC(34) PSYoungGen: 17984K(26112K)->17888K(27648K) Eden: 9728K(9728K)->0K(9728K) From: 8256K(16384K)->17888K(17920K)
[0.733s][info][gc,heap        ] GC(34) ParOldGen: 86941K(111616K)->86957K(111616K)
[0.733s][info][gc,metaspace   ] GC(34) Metaspace: 6302K(6528K)->6302K(6528K) NonClass: 5769K(5888K)->5769K(5888K) Class: 533K(640K)->533K(640K)
[0.733s][info][gc             ] GC(34) Pause Young (Allocation Failure) 102M->102M(136M) 7.980ms
[0.733s][info][gc,cpu         ] GC(34) User=0.00s Sys=0.00s Real=0.01s
[0.742s][info][gc,start       ] GC(35) Pause Young (Allocation Failure)
[0.756s][info][gc,heap        ] GC(35) PSYoungGen: 27616K(27648K)->9760K(30720K) Eden: 9728K(9728K)->0K(11264K) From: 17888K(17920K)->9760K(19456K)
[0.756s][info][gc,heap        ] GC(35) ParOldGen: 86957K(111616K)->105045K(111616K)
[0.756s][info][gc,metaspace   ] GC(35) Metaspace: 6302K(6528K)->6302K(6528K) NonClass: 5769K(5888K)->5769K(5888K) Class: 533K(640K)->533K(640K)
[0.756s][info][gc             ] GC(35) Pause Young (Allocation Failure) 111M->112M(139M) 14.345ms
[0.756s][info][gc,cpu         ] GC(35) User=0.00s Sys=0.00s Real=0.01s
[0.756s][info][gc,start       ] GC(36) Pause Full (Ergonomics)
[0.756s][info][gc,phases,start] GC(36) Marking Phase
[0.788s][info][gc,phases      ] GC(36) Marking Phase 31.983ms
[0.788s][info][gc,phases,start] GC(36) Summary Phase
[0.788s][info][gc,phases      ] GC(36) Summary Phase 0.017ms
[0.788s][info][gc,phases,start] GC(36) Adjust Roots
[0.789s][info][gc,phases      ] GC(36) Adjust Roots 0.195ms
[0.789s][info][gc,phases,start] GC(36) Compaction Phase
[0.814s][info][gc,phases      ] GC(36) Compaction Phase 25.565ms
[0.814s][info][gc,phases,start] GC(36) Post Compact
[0.815s][info][gc,phases      ] GC(36) Post Compact 0.416ms
[0.815s][info][gc,heap        ] GC(36) PSYoungGen: 9760K(30720K)->1007K(31232K) Eden: 0K(11264K)->0K(11776K) From: 9760K(19456K)->1007K(19456K)
[0.815s][info][gc,heap        ] GC(36) ParOldGen: 105045K(111616K)->111449K(142336K)
[0.815s][info][gc,metaspace   ] GC(36) Metaspace: 6302K(6528K)->6302K(6528K) NonClass: 5769K(5888K)->5769K(5888K) Class: 533K(640K)->533K(640K)
[0.815s][info][gc             ] GC(36) Pause Full (Ergonomics) 112M->109M(169M) 58.573ms
[0.815s][info][gc,cpu         ] GC(36) User=0.09s Sys=0.00s Real=0.06s
[0.827s][info][gc,start       ] GC(37) Pause Young (Allocation Failure)
[0.841s][info][gc,heap        ] GC(37) PSYoungGen: 12783K(31232K)->12832K(31744K) Eden: 11776K(11776K)->0K(11776K) From: 1007K(19456K)->12832K(19968K)
[0.841s][info][gc,heap        ] GC(37) ParOldGen: 111449K(142336K)->111449K(142336K)
[0.841s][info][gc,metaspace   ] GC(37) Metaspace: 6302K(6528K)->6302K(6528K) NonClass: 5769K(5888K)->5769K(5888K) Class: 533K(640K)->533K(640K)
[0.841s][info][gc             ] GC(37) Pause Young (Allocation Failure) 121M->121M(170M) 14.361ms
[0.841s][info][gc,cpu         ] GC(37) User=0.00s Sys=0.00s Real=0.01s
[0.852s][info][gc,start       ] GC(38) Pause Young (Allocation Failure)
[0.865s][info][gc,heap        ] GC(38) PSYoungGen: 24608K(31744K)->19968K(28672K) Eden: 11776K(11776K)->0K(8704K) From: 12832K(19968K)->19968K(19968K)
[0.866s][info][gc,heap        ] GC(38) ParOldGen: 111449K(142336K)->116097K(142336K)
[0.866s][info][gc,metaspace   ] GC(38) Metaspace: 6302K(6528K)->6302K(6528K) NonClass: 5769K(5888K)->5769K(5888K) Class: 533K(640K)->533K(640K)
[0.866s][info][gc             ] GC(38) Pause Young (Allocation Failure) 132M->132M(167M) 13.625ms
[0.866s][info][gc,cpu         ] GC(38) User=0.00s Sys=0.00s Real=0.01s
[0.874s][info][gc,start       ] GC(39) Pause Young (Allocation Failure)
[0.888s][info][gc,heap        ] GC(39) PSYoungGen: 28672K(28672K)->18688K(33280K) Eden: 8704K(8704K)->0K(8704K) From: 19968K(19968K)->18688K(24576K)
[0.888s][info][gc,heap        ] GC(39) ParOldGen: 116097K(142336K)->126297K(142336K)
[0.888s][info][gc,metaspace   ] GC(39) Metaspace: 6302K(6528K)->6302K(6528K) NonClass: 5769K(5888K)->5769K(5888K) Class: 533K(640K)->533K(640K)
[0.888s][info][gc             ] GC(39) Pause Young (Allocation Failure) 141M->141M(171M) 13.963ms
[0.888s][info][gc,cpu         ] GC(39) User=0.00s Sys=0.00s Real=0.01s
[0.896s][info][gc,start       ] GC(40) Pause Young (Allocation Failure)
[0.910s][info][gc,heap        ] GC(40) PSYoungGen: 27392K(33280K)->17440K(35328K) Eden: 8704K(8704K)->0K(9216K) From: 18688K(24576K)->17440K(26112K)
[0.910s][info][gc,heap        ] GC(40) ParOldGen: 126297K(142336K)->136369K(142336K)
[0.910s][info][gc,metaspace   ] GC(40) Metaspace: 6302K(6528K)->6302K(6528K) NonClass: 5769K(5888K)->5769K(5888K) Class: 533K(640K)->533K(640K)
[0.910s][info][gc             ] GC(40) Pause Young (Allocation Failure) 150M->150M(173M) 13.153ms
[0.910s][info][gc,cpu         ] GC(40) User=0.00s Sys=0.00s Real=0.01s
[0.910s][info][gc,start       ] GC(41) Pause Full (Ergonomics)
[0.910s][info][gc,phases,start] GC(41) Marking Phase
[0.948s][info][gc,phases      ] GC(41) Marking Phase 37.993ms
[0.948s][info][gc,phases,start] GC(41) Summary Phase
[0.948s][info][gc,phases      ] GC(41) Summary Phase 0.017ms
[0.948s][info][gc,phases,start] GC(41) Adjust Roots
[0.948s][info][gc,phases      ] GC(41) Adjust Roots 0.147ms
[0.948s][info][gc,phases,start] GC(41) Compaction Phase
[0.966s][info][gc,phases      ] GC(41) Compaction Phase 18.124ms
[0.966s][info][gc,phases,start] GC(41) Post Compact
[0.967s][info][gc,phases      ] GC(41) Post Compact 0.765ms
[0.967s][info][gc,heap        ] GC(41) PSYoungGen: 17440K(35328K)->11209K(35328K) Eden: 0K(9216K)->0K(9216K) From: 17440K(26112K)->11209K(26112K)
[0.967s][info][gc,heap        ] GC(41) ParOldGen: 136369K(142336K)->142078K(175616K)
[0.967s][info][gc,metaspace   ] GC(41) Metaspace: 6302K(6528K)->6302K(6528K) NonClass: 5769K(5888K)->5769K(5888K) Class: 533K(640K)->533K(640K)
[0.967s][info][gc             ] GC(41) Pause Full (Ergonomics) 150M->149M(206M) 57.691ms
[0.967s][info][gc,cpu         ] GC(41) User=0.17s Sys=0.00s Real=0.06s
[0.977s][info][gc,start       ] GC(42) Pause Young (Allocation Failure)
[0.994s][info][gc,heap        ] GC(42) PSYoungGen: 20425K(35328K)->14720K(36352K) Eden: 9216K(9216K)->0K(9216K) From: 11209K(26112K)->14720K(27136K)
[0.994s][info][gc,heap        ] GC(42) ParOldGen: 142078K(175616K)->147958K(175616K)
[0.994s][info][gc,metaspace   ] GC(42) Metaspace: 6302K(6528K)->6302K(6528K) NonClass: 5769K(5888K)->5769K(5888K) Class: 533K(640K)->533K(640K)
[0.994s][info][gc             ] GC(42) Pause Young (Allocation Failure) 158M->158M(207M) 16.838ms
[0.994s][info][gc,cpu         ] GC(42) User=0.03s Sys=0.00s Real=0.02s
[1.003s][info][gc,start       ] GC(43) Pause Young (Allocation Failure)
[1.017s][info][gc,heap        ] GC(43) PSYoungGen: 23936K(36352K)->18496K(36864K) Eden: 9216K(9216K)->0K(10240K) From: 14720K(27136K)->18496K(26624K)
[1.017s][info][gc,heap        ] GC(43) ParOldGen: 147958K(175616K)->153502K(175616K)
[1.017s][info][gc,metaspace   ] GC(43) Metaspace: 6302K(6528K)->6302K(6528K) NonClass: 5769K(5888K)->5769K(5888K) Class: 533K(640K)->533K(640K)
[1.017s][info][gc             ] GC(43) Pause Young (Allocation Failure) 167M->167M(207M) 14.347ms
[1.017s][info][gc,cpu         ] GC(43) User=0.02s Sys=0.00s Real=0.02s
[1.050s][info][gc,start       ] GC(44) Pause Full (Ergonomics)
[1.050s][info][gc,phases,start] GC(44) Marking Phase
[1.101s][info][gc,phases      ] GC(44) Marking Phase 50.559ms
[1.101s][info][gc,phases,start] GC(44) Summary Phase
[1.101s][info][gc,phases      ] GC(44) Summary Phase 0.018ms
[1.101s][info][gc,phases,start] GC(44) Adjust Roots
[1.101s][info][gc,phases      ] GC(44) Adjust Roots 0.145ms
[1.101s][info][gc,phases,start] GC(44) Compaction Phase
[1.141s][info][gc,phases      ] GC(44) Compaction Phase 39.910ms
[1.141s][info][gc,phases,start] GC(44) Post Compact
[1.142s][info][gc,phases      ] GC(44) Post Compact 0.703ms
[1.142s][info][gc,heap        ] GC(44) PSYoungGen: 28736K(36864K)->10707K(36864K) Eden: 10240K(10240K)->0K(10240K) From: 18496K(26624K)->10707K(26624K)
[1.142s][info][gc,heap        ] GC(44) ParOldGen: 161694K(175616K)->175257K(208896K)
[1.142s][info][gc,metaspace   ] GC(44) Metaspace: 6302K(6528K)->6302K(6528K) NonClass: 5769K(5888K)->5769K(5888K) Class: 533K(640K)->533K(640K)
[1.142s][info][gc             ] GC(44) Pause Full (Ergonomics) 185M->181M(240M) 91.826ms
[1.142s][info][gc,cpu         ] GC(44) User=0.19s Sys=0.02s Real=0.09s
[1.153s][info][gc,start       ] GC(45) Pause Young (Allocation Failure)
[1.172s][info][gc,heap        ] GC(45) PSYoungGen: 20947K(36864K)->15552K(37376K) Eden: 10240K(10240K)->0K(10240K) From: 10707K(26624K)->15552K(27136K)
[1.172s][info][gc,heap        ] GC(45) ParOldGen: 175257K(208896K)->180849K(208896K)
[1.172s][info][gc,metaspace   ] GC(45) Metaspace: 6302K(6528K)->6302K(6528K) NonClass: 5769K(5888K)->5769K(5888K) Class: 533K(640K)->533K(640K)
[1.172s][info][gc             ] GC(45) Pause Young (Allocation Failure) 191M->191M(240M) 19.200ms
[1.172s][info][gc,cpu         ] GC(45) User=0.06s Sys=0.02s Real=0.02s
[1.181s][info][gc,start       ] GC(46) Pause Young (Allocation Failure)
[1.194s][info][gc,heap        ] GC(46) PSYoungGen: 25792K(37376K)->25728K(34816K) Eden: 10240K(10240K)->0K(8192K) From: 15552K(27136K)->25728K(26624K)
[1.194s][info][gc,heap        ] GC(46) ParOldGen: 180849K(208896K)->180849K(208896K)
[1.194s][info][gc,metaspace   ] GC(46) Metaspace: 6302K(6528K)->6302K(6528K) NonClass: 5769K(5888K)->5769K(5888K) Class: 533K(640K)->533K(640K)
[1.194s][info][gc             ] GC(46) Pause Young (Allocation Failure) 201M->201M(238M) 12.787ms
[1.194s][info][gc,cpu         ] GC(46) User=0.00s Sys=0.00s Real=0.01s
[1.202s][info][gc,start       ] GC(47) Pause Young (Allocation Failure)
[1.217s][info][gc,heap        ] GC(47) PSYoungGen: 33920K(34816K)->30208K(38400K) Eden: 8192K(8192K)->0K(8192K) From: 25728K(26624K)->30208K(30208K)
[1.217s][info][gc,heap        ] GC(47) ParOldGen: 180849K(208896K)->184577K(208896K)
[1.217s][info][gc,metaspace   ] GC(47) Metaspace: 6302K(6528K)->6302K(6528K) NonClass: 5769K(5888K)->5769K(5888K) Class: 533K(640K)->533K(640K)
[1.217s][info][gc             ] GC(47) Pause Young (Allocation Failure) 209M->209M(241M) 15.078ms
[1.217s][info][gc,cpu         ] GC(47) User=0.02s Sys=0.00s Real=0.02s
[1.225s][info][gc,start       ] GC(48) Pause Young (Allocation Failure)
[1.244s][info][gc,heap        ] GC(48) PSYoungGen: 38400K(38400K)->25632K(44032K) Eden: 8192K(8192K)->0K(8192K) From: 30208K(30208K)->25632K(35840K)
[1.244s][info][gc,heap        ] GC(48) ParOldGen: 184577K(208896K)->197585K(208896K)
[1.244s][info][gc,metaspace   ] GC(48) Metaspace: 6302K(6528K)->6302K(6528K) NonClass: 5769K(5888K)->5769K(5888K) Class: 533K(640K)->533K(640K)
[1.244s][info][gc             ] GC(48) Pause Young (Allocation Failure) 217M->217M(247M) 18.496ms
[1.244s][info][gc,cpu         ] GC(48) User=0.06s Sys=0.00s Real=0.02s
[1.244s][info][gc,start       ] GC(49) Pause Full (Ergonomics)
[1.244s][info][gc,phases,start] GC(49) Marking Phase
[1.298s][info][gc,phases      ] GC(49) Marking Phase 54.357ms
[1.298s][info][gc,phases,start] GC(49) Summary Phase
[1.298s][info][gc,phases      ] GC(49) Summary Phase 0.018ms
[1.298s][info][gc,phases,start] GC(49) Adjust Roots
[1.298s][info][gc,phases      ] GC(49) Adjust Roots 0.149ms
[1.298s][info][gc,phases,start] GC(49) Compaction Phase
[1.323s][info][gc,phases      ] GC(49) Compaction Phase 24.886ms
[1.323s][info][gc,phases,start] GC(49) Post Compact
[1.324s][info][gc,phases      ] GC(49) Post Compact 0.886ms
[1.324s][info][gc,heap        ] GC(49) PSYoungGen: 25632K(44032K)->14269K(44032K) Eden: 0K(8192K)->0K(8192K) From: 25632K(35840K)->14269K(35840K)
[1.324s][info][gc,heap        ] GC(49) ParOldGen: 197585K(208896K)->208436K(244224K)
[1.324s][info][gc,metaspace   ] GC(49) Metaspace: 6302K(6528K)->6302K(6528K) NonClass: 5769K(5888K)->5769K(5888K) Class: 533K(640K)->533K(640K)
[1.324s][info][gc             ] GC(49) Pause Full (Ergonomics) 217M->217M(281M) 80.767ms
[1.324s][info][gc,cpu         ] GC(49) User=0.30s Sys=0.00s Real=0.08s
[1.334s][info][gc,start       ] GC(50) Pause Young (Allocation Failure)
[1.353s][info][gc,heap        ] GC(50) PSYoungGen: 22461K(44032K)->12928K(21504K) Eden: 8192K(8192K)->0K(8192K) From: 14269K(35840K)->12928K(13312K)
[1.353s][info][gc,heap        ] GC(50) ParOldGen: 208436K(244224K)->218228K(244224K)
[1.353s][info][gc,metaspace   ] GC(50) Metaspace: 6302K(6528K)->6302K(6528K) NonClass: 5769K(5888K)->5769K(5888K) Class: 533K(640K)->533K(640K)
[1.353s][info][gc             ] GC(50) Pause Young (Allocation Failure) 225M->225M(259M) 19.888ms
[1.353s][info][gc,cpu         ] GC(50) User=0.09s Sys=0.00s Real=0.02s
[1.362s][info][gc,start       ] GC(51) Pause Young (Allocation Failure)
[1.373s][info][gc,heap        ] GC(51) PSYoungGen: 21120K(21504K)->16480K(43008K) Eden: 8192K(8192K)->0K(9728K) From: 12928K(13312K)->16480K(33280K)
[1.373s][info][gc,heap        ] GC(51) ParOldGen: 218228K(244224K)->222948K(244224K)
[1.373s][info][gc,metaspace   ] GC(51) Metaspace: 6302K(6528K)->6302K(6528K) NonClass: 5769K(5888K)->5769K(5888K) Class: 533K(640K)->533K(640K)
[1.373s][info][gc             ] GC(51) Pause Young (Allocation Failure) 233M->233M(280M) 10.819ms
[1.373s][info][gc,cpu         ] GC(51) User=0.00s Sys=0.00s Real=0.01s
[1.384s][info][gc,start       ] GC(52) Pause Young (Allocation Failure)
[1.397s][info][gc,heap        ] GC(52) PSYoungGen: 26208K(43008K)->17952K(44032K) Eden: 9728K(9728K)->0K(9728K) From: 16480K(33280K)->17952K(34304K)
[1.397s][info][gc,heap        ] GC(52) ParOldGen: 222948K(244224K)->231260K(244224K)
[1.397s][info][gc,metaspace   ] GC(52) Metaspace: 6302K(6528K)->6302K(6528K) NonClass: 5769K(5888K)->5769K(5888K) Class: 533K(640K)->533K(640K)
[1.397s][info][gc             ] GC(52) Pause Young (Allocation Failure) 243M->243M(281M) 13.435ms
[1.397s][info][gc,cpu         ] GC(52) User=0.00s Sys=0.00s Real=0.01s
[1.398s][info][gc,start       ] GC(53) Pause Full (Ergonomics)
[1.398s][info][gc,phases,start] GC(53) Marking Phase
[1.456s][info][gc,phases      ] GC(53) Marking Phase 58.838ms
[1.456s][info][gc,phases,start] GC(53) Summary Phase
[1.456s][info][gc,phases      ] GC(53) Summary Phase 0.018ms
[1.456s][info][gc,phases,start] GC(53) Adjust Roots
[1.457s][info][gc,phases      ] GC(53) Adjust Roots 0.152ms
[1.457s][info][gc,phases,start] GC(53) Compaction Phase
[1.482s][info][gc,phases      ] GC(53) Compaction Phase 25.547ms
[1.482s][info][gc,phases,start] GC(53) Post Compact
[1.483s][info][gc,phases      ] GC(53) Post Compact 1.185ms
[1.484s][info][gc,heap        ] GC(53) PSYoungGen: 17952K(44032K)->4567K(44032K) Eden: 0K(9728K)->0K(9728K) From: 17952K(34304K)->4567K(34304K)
[1.484s][info][gc,heap        ] GC(53) ParOldGen: 231260K(244224K)->244153K(282624K)
[1.484s][info][gc,metaspace   ] GC(53) Metaspace: 6302K(6528K)->6302K(6528K) NonClass: 5769K(5888K)->5769K(5888K) Class: 533K(640K)->533K(640K)
[1.484s][info][gc             ] GC(53) Pause Full (Ergonomics) 243M->242M(319M) 86.225ms
[1.484s][info][gc,cpu         ] GC(53) User=0.36s Sys=0.02s Real=0.09s
[1.495s][info][gc,start       ] GC(54) Pause Young (Allocation Failure)
[1.513s][info][gc,heap        ] GC(54) PSYoungGen: 14295K(44032K)->12096K(43008K) Eden: 9728K(9728K)->0K(11264K) From: 4567K(34304K)->12096K(31744K)
[1.513s][info][gc,heap        ] GC(54) ParOldGen: 244153K(282624K)->246497K(282624K)
[1.513s][info][gc,metaspace   ] GC(54) Metaspace: 6302K(6528K)->6302K(6528K) NonClass: 5769K(5888K)->5769K(5888K) Class: 533K(640K)->533K(640K)
[1.513s][info][gc             ] GC(54) Pause Young (Allocation Failure) 252M->252M(318M) 18.431ms
[1.513s][info][gc,cpu         ] GC(54) User=0.03s Sys=0.00s Real=0.02s
[1.526s][info][gc,start       ] GC(55) Pause Young (Allocation Failure)
[1.538s][info][gc,heap        ] GC(55) PSYoungGen: 23360K(43008K)->23392K(43520K) Eden: 11264K(11264K)->0K(11264K) From: 12096K(31744K)->23392K(32256K)
[1.538s][info][gc,heap        ] GC(55) ParOldGen: 246497K(282624K)->246497K(282624K)
[1.538s][info][gc,metaspace   ] GC(55) Metaspace: 6302K(6528K)->6302K(6528K) NonClass: 5769K(5888K)->5769K(5888K) Class: 533K(640K)->533K(640K)
[1.538s][info][gc             ] GC(55) Pause Young (Allocation Failure) 263M->263M(318M) 12.349ms
[1.538s][info][gc,cpu         ] GC(55) User=0.03s Sys=0.00s Real=0.01s
[1.550s][info][gc,start       ] GC(56) Pause Young (Allocation Failure)
[1.568s][info][gc,heap        ] GC(56) PSYoungGen: 34656K(43520K)->33280K(41472K) Eden: 11264K(11264K)->0K(8192K) From: 23392K(32256K)->33280K(33280K)
[1.568s][info][gc,heap        ] GC(56) ParOldGen: 246497K(282624K)->247761K(282624K)
[1.568s][info][gc,metaspace   ] GC(56) Metaspace: 6302K(6528K)->6302K(6528K) NonClass: 5769K(5888K)->5769K(5888K) Class: 533K(640K)->533K(640K)
[1.568s][info][gc             ] GC(56) Pause Young (Allocation Failure) 274M->274M(316M) 17.849ms
[1.568s][info][gc,cpu         ] GC(56) User=0.06s Sys=0.00s Real=0.02s
[1.578s][info][gc,start       ] GC(57) Pause Young (Allocation Failure)
[1.597s][info][gc,heap        ] GC(57) PSYoungGen: 41472K(41472K)->29920K(46080K) Eden: 8192K(8192K)->0K(8192K) From: 33280K(33280K)->29920K(37888K)
[1.597s][info][gc,heap        ] GC(57) ParOldGen: 247761K(282624K)->259585K(282624K)
[1.597s][info][gc,metaspace   ] GC(57) Metaspace: 6302K(6528K)->6302K(6528K) NonClass: 5769K(5888K)->5769K(5888K) Class: 533K(640K)->533K(640K)
[1.597s][info][gc             ] GC(57) Pause Young (Allocation Failure) 282M->282M(321M) 19.154ms
[1.597s][info][gc,cpu         ] GC(57) User=0.08s Sys=0.00s Real=0.02s
[1.606s][info][gc,start       ] GC(58) Pause Young (Allocation Failure)
[1.624s][info][gc,heap        ] GC(58) PSYoungGen: 38112K(46080K)->27264K(48640K) Eden: 8192K(8192K)->0K(8704K) From: 29920K(37888K)->27264K(39936K)
[1.624s][info][gc,heap        ] GC(58) ParOldGen: 259585K(282624K)->270593K(282624K)
[1.624s][info][gc,metaspace   ] GC(58) Metaspace: 6302K(6528K)->6302K(6528K) NonClass: 5769K(5888K)->5769K(5888K) Class: 533K(640K)->533K(640K)
[1.624s][info][gc             ] GC(58) Pause Young (Allocation Failure) 290M->290M(323M) 18.332ms
[1.624s][info][gc,cpu         ] GC(58) User=0.11s Sys=0.00s Real=0.02s
[1.624s][info][gc,start       ] GC(59) Pause Full (Ergonomics)
[1.625s][info][gc,phases,start] GC(59) Marking Phase
[1.693s][info][gc,phases      ] GC(59) Marking Phase 68.096ms
[1.693s][info][gc,phases,start] GC(59) Summary Phase
[1.693s][info][gc,phases      ] GC(59) Summary Phase 0.018ms
[1.693s][info][gc,phases,start] GC(59) Adjust Roots
[1.693s][info][gc,phases      ] GC(59) Adjust Roots 0.152ms
[1.693s][info][gc,phases,start] GC(59) Compaction Phase
[1.720s][info][gc,phases      ] GC(59) Compaction Phase 27.145ms
[1.720s][info][gc,phases,start] GC(59) Post Compact
[1.722s][info][gc,phases      ] GC(59) Post Compact 1.468ms
[1.722s][info][gc,heap        ] GC(59) PSYoungGen: 27264K(48640K)->14823K(48640K) Eden: 0K(8704K)->0K(8704K) From: 27264K(39936K)->14823K(39936K)
[1.722s][info][gc,heap        ] GC(59) ParOldGen: 270593K(282624K)->282366K(325120K)
[1.722s][info][gc,metaspace   ] GC(59) Metaspace: 6302K(6528K)->6302K(6528K) NonClass: 5769K(5888K)->5769K(5888K) Class: 533K(640K)->533K(640K)
[1.722s][info][gc             ] GC(59) Pause Full (Ergonomics) 290M->290M(365M) 97.400ms
[1.722s][info][gc,cpu         ] GC(59) User=0.55s Sys=0.00s Real=0.10s
[1.732s][info][gc,start       ] GC(60) Pause Young (Allocation Failure)
[1.755s][info][gc,heap        ] GC(60) PSYoungGen: 23527K(48640K)->13984K(49664K) Eden: 8704K(8704K)->0K(8704K) From: 14823K(39936K)->13984K(40960K)
[1.755s][info][gc,heap        ] GC(60) ParOldGen: 282366K(325120K)->292198K(325120K)
[1.755s][info][gc,metaspace   ] GC(60) Metaspace: 6302K(6528K)->6302K(6528K) NonClass: 5769K(5888K)->5769K(5888K) Class: 533K(640K)->533K(640K)
[1.755s][info][gc             ] GC(60) Pause Young (Allocation Failure) 298M->299M(366M) 23.183ms
[1.755s][info][gc,cpu         ] GC(60) User=0.03s Sys=0.00s Real=0.02s
[1.766s][info][gc,start       ] GC(61) Pause Young (Allocation Failure)
[1.778s][info][gc,heap        ] GC(61) PSYoungGen: 22688K(49664K)->17536K(47616K) Eden: 8704K(8704K)->0K(10240K) From: 13984K(40960K)->17536K(37376K)
[1.778s][info][gc,heap        ] GC(61) ParOldGen: 292198K(325120K)->297414K(325120K)
[1.778s][info][gc,metaspace   ] GC(61) Metaspace: 6302K(6528K)->6302K(6528K) NonClass: 5769K(5888K)->5769K(5888K) Class: 533K(640K)->533K(640K)
[1.778s][info][gc             ] GC(61) Pause Young (Allocation Failure) 307M->307M(364M) 11.817ms
[1.778s][info][gc,cpu         ] GC(61) User=0.00s Sys=0.00s Real=0.01s
[1.790s][info][gc,start       ] GC(62) Pause Young (Allocation Failure)
[1.804s][info][gc,heap        ] GC(62) PSYoungGen: 27776K(47616K)->19104K(48640K) Eden: 10240K(10240K)->0K(10240K) From: 17536K(37376K)->19104K(38400K)
[1.804s][info][gc,heap        ] GC(62) ParOldGen: 297414K(325120K)->306246K(325120K)
[1.804s][info][gc,metaspace   ] GC(62) Metaspace: 6302K(6528K)->6302K(6528K) NonClass: 5769K(5888K)->5769K(5888K) Class: 533K(640K)->533K(640K)
[1.804s][info][gc             ] GC(62) Pause Young (Allocation Failure) 317M->317M(365M) 14.343ms
[1.804s][info][gc,cpu         ] GC(62) User=0.02s Sys=0.00s Real=0.01s
[1.816s][info][gc,start       ] GC(63) Pause Young (Allocation Failure)
[1.830s][info][gc,heap        ] GC(63) PSYoungGen: 29344K(48640K)->20576K(45568K) Eden: 10240K(10240K)->0K(11776K) From: 19104K(38400K)->20576K(33792K)
[1.830s][info][gc,heap        ] GC(63) ParOldGen: 306246K(325120K)->315086K(325120K)
[1.830s][info][gc,metaspace   ] GC(63) Metaspace: 6302K(6528K)->6302K(6528K) NonClass: 5769K(5888K)->5769K(5888K) Class: 533K(640K)->533K(640K)
[1.830s][info][gc             ] GC(63) Pause Young (Allocation Failure) 327M->327M(362M) 14.637ms
[1.830s][info][gc,cpu         ] GC(63) User=0.02s Sys=0.00s Real=0.02s
[1.830s][info][gc,start       ] GC(64) Pause Full (Ergonomics)
[1.830s][info][gc,phases,start] GC(64) Marking Phase
[1.904s][info][gc,phases      ] GC(64) Marking Phase 73.788ms
[1.904s][info][gc,phases,start] GC(64) Summary Phase
[1.904s][info][gc,phases      ] GC(64) Summary Phase 0.019ms
[1.904s][info][gc,phases,start] GC(64) Adjust Roots
[1.904s][info][gc,phases      ] GC(64) Adjust Roots 0.163ms
[1.904s][info][gc,phases,start] GC(64) Compaction Phase
[1.936s][info][gc,phases      ] GC(64) Compaction Phase 31.682ms
[1.936s][info][gc,phases,start] GC(64) Post Compact
[1.938s][info][gc,phases      ] GC(64) Post Compact 1.530ms
[1.938s][info][gc,heap        ] GC(64) PSYoungGen: 20576K(45568K)->10198K(47104K) Eden: 0K(11776K)->0K(13312K) From: 20576K(33792K)->10198K(33792K)
[1.938s][info][gc,heap        ] GC(64) ParOldGen: 315086K(325120K)->324758K(370176K)
[1.938s][info][gc,metaspace   ] GC(64) Metaspace: 6302K(6528K)->6302K(6528K) NonClass: 5769K(5888K)->5769K(5888K) Class: 533K(640K)->533K(640K)
[1.938s][info][gc             ] GC(64) Pause Full (Ergonomics) 327M->327M(407M) 107.661ms
[1.938s][info][gc,cpu         ] GC(64) User=0.64s Sys=0.00s Real=0.11s
[1.953s][info][gc,start       ] GC(65) Pause Young (Allocation Failure)
[1.979s][info][gc,heap        ] GC(65) PSYoungGen: 23510K(47104K)->17856K(48640K) Eden: 13312K(13312K)->0K(13312K) From: 10198K(33792K)->17856K(35328K)
[1.979s][info][gc,heap        ] GC(65) ParOldGen: 324758K(370176K)->330654K(370176K)
[1.979s][info][gc,metaspace   ] GC(65) Metaspace: 6302K(6528K)->6302K(6528K) NonClass: 5769K(5888K)->5769K(5888K) Class: 533K(640K)->533K(640K)
[1.979s][info][gc             ] GC(65) Pause Young (Allocation Failure) 340M->340M(409M) 25.818ms
[1.979s][info][gc,cpu         ] GC(65) User=0.12s Sys=0.00s Real=0.03s
[2.064s][info][gc,start       ] GC(66) Pause Young (Allocation Failure)
[2.087s][info][gc,heap        ] GC(66) PSYoungGen: 31168K(48640K)->31136K(46592K) Eden: 13312K(13312K)->0K(12288K) From: 17856K(35328K)->31136K(34304K)
[2.087s][info][gc,heap        ] GC(66) ParOldGen: 347038K(370176K)->347038K(370176K)
[2.087s][info][gc,metaspace   ] GC(66) Metaspace: 6302K(6528K)->6302K(6528K) NonClass: 5769K(5888K)->5769K(5888K) Class: 533K(640K)->533K(640K)
[2.087s][info][gc             ] GC(66) Pause Young (Allocation Failure) 369M->369M(407M) 22.748ms
[2.087s][info][gc,cpu         ] GC(66) User=0.12s Sys=0.00s Real=0.02s
[2.098s][info][gc,start       ] GC(67) Pause Young (Allocation Failure)
[2.118s][info][gc,heap        ] GC(67) PSYoungGen: 43424K(46592K)->36864K(49152K) Eden: 12288K(12288K)->0K(12288K) From: 31136K(34304K)->36864K(36864K)
[2.118s][info][gc,heap        ] GC(67) ParOldGen: 347038K(370176K)->353614K(370176K)
[2.118s][info][gc,metaspace   ] GC(67) Metaspace: 6302K(6528K)->6302K(6528K) NonClass: 5769K(5888K)->5769K(5888K) Class: 533K(640K)->533K(640K)
[2.118s][info][gc             ] GC(67) Pause Young (Allocation Failure) 381M->381M(409M) 20.428ms
[2.118s][info][gc,cpu         ] GC(67) User=0.12s Sys=0.00s Real=0.02s
[2.130s][info][gc,start       ] GC(68) Pause Young (Allocation Failure)
[2.154s][info][gc,heap        ] GC(68) PSYoungGen: 49152K(49152K)->33760K(56320K) Eden: 12288K(12288K)->0K(12288K) From: 36864K(36864K)->33760K(44032K)
[2.154s][info][gc,heap        ] GC(68) ParOldGen: 353614K(370176K)->369326K(370176K)
[2.154s][info][gc,metaspace   ] GC(68) Metaspace: 6302K(6528K)->6302K(6528K) NonClass: 5769K(5888K)->5769K(5888K) Class: 533K(640K)->533K(640K)
[2.154s][info][gc             ] GC(68) Pause Young (Allocation Failure) 393M->393M(416M) 23.419ms
[2.154s][info][gc,cpu         ] GC(68) User=0.12s Sys=0.00s Real=0.02s
[2.154s][info][gc,start       ] GC(69) Pause Full (Ergonomics)
[2.154s][info][gc,phases,start] GC(69) Marking Phase
[2.239s][info][gc,phases      ] GC(69) Marking Phase 85.103ms
[2.239s][info][gc,phases,start] GC(69) Summary Phase
[2.239s][info][gc,phases      ] GC(69) Summary Phase 0.021ms
[2.239s][info][gc,phases,start] GC(69) Adjust Roots
[2.239s][info][gc,phases      ] GC(69) Adjust Roots 0.157ms
[2.239s][info][gc,phases,start] GC(69) Compaction Phase
[2.308s][info][gc,phases      ] GC(69) Compaction Phase 69.072ms
[2.308s][info][gc,phases,start] GC(69) Post Compact
[2.310s][info][gc,phases      ] GC(69) Post Compact 2.024ms
[2.311s][info][gc,heap        ] GC(69) PSYoungGen: 33760K(56320K)->24375K(56320K) Eden: 0K(12288K)->0K(12288K) From: 33760K(44032K)->24375K(44032K)
[2.311s][info][gc,heap        ] GC(69) ParOldGen: 369326K(370176K)->369848K(418816K)
[2.311s][info][gc,metaspace   ] GC(69) Metaspace: 6302K(6528K)->6302K(6528K) NonClass: 5769K(5888K)->5769K(5888K) Class: 533K(640K)->533K(640K)
[2.311s][info][gc             ] GC(69) Pause Full (Ergonomics) 393M->384M(464M) 156.904ms
[2.311s][info][gc,cpu         ] GC(69) User=1.06s Sys=0.00s Real=0.16s
[2.327s][info][gc,start       ] GC(70) Pause Young (Allocation Failure)
[2.358s][info][gc,heap        ] GC(70) PSYoungGen: 36663K(56320K)->30272K(57856K) Eden: 12288K(12288K)->0K(12288K) From: 24375K(44032K)->30272K(45568K)
[2.358s][info][gc,heap        ] GC(70) ParOldGen: 369848K(418816K)->376552K(418816K)
[2.358s][info][gc,metaspace   ] GC(70) Metaspace: 6302K(6528K)->6302K(6528K) NonClass: 5769K(5888K)->5769K(5888K) Class: 533K(640K)->533K(640K)
[2.358s][info][gc             ] GC(70) Pause Young (Allocation Failure) 396M->397M(465M) 30.886ms
[2.358s][info][gc,cpu         ] GC(70) User=0.12s Sys=0.00s Real=0.03s
[2.371s][info][gc,start       ] GC(71) Pause Young (Allocation Failure)
[2.391s][info][gc,heap        ] GC(71) PSYoungGen: 42560K(57856K)->42496K(55808K) Eden: 12288K(12288K)->0K(9728K) From: 30272K(45568K)->42496K(46080K)
[2.391s][info][gc,heap        ] GC(71) ParOldGen: 376552K(418816K)->376552K(418816K)
[2.391s][info][gc,metaspace   ] GC(71) Metaspace: 6302K(6528K)->6302K(6528K) NonClass: 5769K(5888K)->5769K(5888K) Class: 533K(640K)->533K(640K)
[2.391s][info][gc             ] GC(71) Pause Young (Allocation Failure) 409M->409M(463M) 20.232ms
[2.391s][info][gc,cpu         ] GC(71) User=0.11s Sys=0.03s Real=0.02s
[2.401s][info][gc,start       ] GC(72) Pause Young (Allocation Failure)
[2.424s][info][gc,heap        ] GC(72) PSYoungGen: 52224K(55808K)->43584K(59904K) Eden: 9728K(9728K)->0K(9728K) From: 42496K(46080K)->43584K(50176K)
[2.425s][info][gc,heap        ] GC(72) ParOldGen: 376552K(418816K)->385376K(418816K)
[2.425s][info][gc,metaspace   ] GC(72) Metaspace: 6302K(6528K)->6302K(6528K) NonClass: 5769K(5888K)->5769K(5888K) Class: 533K(640K)->533K(640K)
[2.425s][info][gc             ] GC(72) Pause Young (Allocation Failure) 418M->418M(467M) 23.653ms
[2.425s][info][gc,cpu         ] GC(72) User=0.14s Sys=0.00s Real=0.02s
[2.435s][info][gc,start       ] GC(73) Pause Young (Allocation Failure)
[2.460s][info][gc,heap        ] GC(73) PSYoungGen: 53312K(59904K)->31808K(63488K) Eden: 9728K(9728K)->0K(11264K) From: 43584K(50176K)->31808K(52224K)
[2.460s][info][gc,heap        ] GC(73) ParOldGen: 385376K(418816K)->407048K(418816K)
[2.460s][info][gc,metaspace   ] GC(73) Metaspace: 6302K(6528K)->6302K(6528K) NonClass: 5769K(5888K)->5769K(5888K) Class: 533K(640K)->533K(640K)
[2.460s][info][gc             ] GC(73) Pause Young (Allocation Failure) 428M->428M(471M) 24.753ms
[2.460s][info][gc,cpu         ] GC(73) User=0.25s Sys=0.00s Real=0.02s
[2.460s][info][gc,start       ] GC(74) Pause Full (Ergonomics)
[2.460s][info][gc,phases,start] GC(74) Marking Phase
[2.550s][info][gc,phases      ] GC(74) Marking Phase 90.727ms
[2.551s][info][gc,phases,start] GC(74) Summary Phase
[2.551s][info][gc,phases      ] GC(74) Summary Phase 0.019ms
[2.551s][info][gc,phases,start] GC(74) Adjust Roots
[2.551s][info][gc,phases      ] GC(74) Adjust Roots 0.185ms
[2.551s][info][gc,phases,start] GC(74) Compaction Phase
[2.598s][info][gc,phases      ] GC(74) Compaction Phase 46.963ms
[2.598s][info][gc,phases,start] GC(74) Post Compact
[2.600s][info][gc,phases      ] GC(74) Post Compact 2.024ms
[2.600s][info][gc,heap        ] GC(74) PSYoungGen: 31808K(63488K)->19386K(64512K) Eden: 0K(11264K)->0K(12288K) From: 31808K(52224K)->19386K(52224K)
[2.600s][info][gc,heap        ] GC(74) ParOldGen: 407048K(418816K)->418746K(474624K)
[2.600s][info][gc,metaspace   ] GC(74) Metaspace: 6302K(6528K)->6302K(6528K) NonClass: 5769K(5888K)->5769K(5888K) Class: 533K(640K)->533K(640K)
[2.600s][info][gc             ] GC(74) Pause Full (Ergonomics) 428M->427M(526M) 140.460ms
[2.600s][info][gc,cpu         ] GC(74) User=0.89s Sys=0.00s Real=0.14s
[2.613s][info][gc,start       ] GC(75) Pause Young (Allocation Failure)
[2.644s][info][gc,heap        ] GC(75) PSYoungGen: 31674K(64512K)->18336K(65536K) Eden: 12288K(12288K)->0K(12288K) From: 19386K(52224K)->18336K(53248K)
[2.645s][info][gc,heap        ] GC(75) ParOldGen: 418746K(474624K)->432402K(474624K)
[2.645s][info][gc,metaspace   ] GC(75) Metaspace: 6302K(6528K)->6302K(6528K) NonClass: 5769K(5888K)->5769K(5888K) Class: 533K(640K)->533K(640K)
[2.645s][info][gc             ] GC(75) Pause Young (Allocation Failure) 439M->440M(527M) 31.284ms
[2.645s][info][gc,cpu         ] GC(75) User=0.14s Sys=0.00s Real=0.03s
[2.658s][info][gc,start       ] GC(76) Pause Young (Allocation Failure)
[2.673s][info][gc,heap        ] GC(76) PSYoungGen: 30624K(65536K)->24672K(61952K) Eden: 12288K(12288K)->0K(13824K) From: 18336K(53248K)->24672K(48128K)
[2.673s][info][gc,heap        ] GC(76) ParOldGen: 432402K(474624K)->438426K(474624K)
[2.673s][info][gc,metaspace   ] GC(76) Metaspace: 6302K(6528K)->6302K(6528K) NonClass: 5769K(5888K)->5769K(5888K) Class: 533K(640K)->533K(640K)
[2.673s][info][gc             ] GC(76) Pause Young (Allocation Failure) 452M->452M(524M) 15.578ms
[2.673s][info][gc,cpu         ] GC(76) User=0.02s Sys=0.00s Real=0.02s
[2.688s][info][gc,start       ] GC(77) Pause Young (Allocation Failure)
[2.707s][info][gc,heap        ] GC(77) PSYoungGen: 38496K(61952K)->26240K(64000K) Eden: 13824K(13824K)->0K(13824K) From: 24672K(48128K)->26240K(50176K)
[2.707s][info][gc,heap        ] GC(77) ParOldGen: 438426K(474624K)->450882K(474624K)
[2.707s][info][gc,metaspace   ] GC(77) Metaspace: 6302K(6528K)->6302K(6528K) NonClass: 5769K(5888K)->5769K(5888K) Class: 533K(640K)->533K(640K)
[2.707s][info][gc             ] GC(77) Pause Young (Allocation Failure) 465M->465M(526M) 19.185ms
[2.707s][info][gc,cpu         ] GC(77) User=0.11s Sys=0.02s Real=0.02s
[2.722s][info][gc,start       ] GC(78) Pause Young (Allocation Failure)
[2.742s][info][gc,heap        ] GC(78) PSYoungGen: 40064K(64000K)->27776K(60928K) Eden: 13824K(13824K)->0K(15872K) From: 26240K(50176K)->27776K(45056K)
[2.742s][info][gc,heap        ] GC(78) ParOldGen: 450882K(474624K)->463338K(474624K)
[2.742s][info][gc,metaspace   ] GC(78) Metaspace: 6302K(6528K)->6302K(6528K) NonClass: 5769K(5888K)->5769K(5888K) Class: 533K(640K)->533K(640K)
[2.742s][info][gc             ] GC(78) Pause Young (Allocation Failure) 479M->479M(523M) 20.116ms
[2.742s][info][gc,cpu         ] GC(78) User=0.12s Sys=0.00s Real=0.02s
[2.742s][info][gc,start       ] GC(79) Pause Full (Ergonomics)
[2.742s][info][gc,phases,start] GC(79) Marking Phase
[2.846s][info][gc,phases      ] GC(79) Marking Phase 103.145ms
[2.846s][info][gc,phases,start] GC(79) Summary Phase
[2.846s][info][gc,phases      ] GC(79) Summary Phase 0.030ms
[2.846s][info][gc,phases,start] GC(79) Adjust Roots
[2.846s][info][gc,phases      ] GC(79) Adjust Roots 0.195ms
[2.846s][info][gc,phases,start] GC(79) Compaction Phase
[2.896s][info][gc,phases      ] GC(79) Compaction Phase 50.157ms
[2.896s][info][gc,phases,start] GC(79) Post Compact
[2.898s][info][gc,phases      ] GC(79) Post Compact 2.289ms
[2.899s][info][gc,heap        ] GC(79) PSYoungGen: 27776K(60928K)->15830K(62464K) Eden: 0K(15872K)->0K(17408K) From: 27776K(45056K)->15830K(45056K)
[2.899s][info][gc,heap        ] GC(79) ParOldGen: 463338K(474624K)->474395K(534528K)
[2.899s][info][gc,metaspace   ] GC(79) Metaspace: 6302K(6528K)->6302K(6528K) NonClass: 5769K(5888K)->5769K(5888K) Class: 533K(640K)->533K(640K)
[2.899s][info][gc             ] GC(79) Pause Full (Ergonomics) 479M->478M(583M) 156.389ms
[2.899s][info][gc,cpu         ] GC(79) User=1.00s Sys=0.00s Real=0.16s
[2.918s][info][gc,start       ] GC(80) Pause Young (Allocation Failure)
[2.953s][info][gc,heap        ] GC(80) PSYoungGen: 33238K(62464K)->17568K(64000K) Eden: 17408K(17408K)->0K(17408K) From: 15830K(45056K)->17568K(46592K)
[2.953s][info][gc,heap        ] GC(80) ParOldGen: 474395K(534528K)->490459K(534528K)
[2.953s][info][gc,metaspace   ] GC(80) Metaspace: 6302K(6528K)->6302K(6528K) NonClass: 5769K(5888K)->5769K(5888K) Class: 533K(640K)->533K(640K)
[2.953s][info][gc             ] GC(80) Pause Young (Allocation Failure) 495M->496M(584M) 35.651ms
[2.953s][info][gc,cpu         ] GC(80) User=0.23s Sys=0.02s Real=0.03s
[2.973s][info][gc,start       ] GC(81) Pause Young (Allocation Failure)
[2.992s][info][gc,heap        ] GC(81) PSYoungGen: 34976K(64000K)->35008K(64000K) Eden: 17408K(17408K)->0K(17920K) From: 17568K(46592K)->35008K(46080K)
[2.992s][info][gc,heap        ] GC(81) ParOldGen: 490459K(534528K)->490459K(534528K)
[2.992s][info][gc,metaspace   ] GC(81) Metaspace: 6302K(6528K)->6302K(6528K) NonClass: 5769K(5888K)->5769K(5888K) Class: 533K(640K)->533K(640K)
[2.992s][info][gc             ] GC(81) Pause Young (Allocation Failure) 513M->513M(584M) 18.649ms
[2.992s][info][gc,cpu         ] GC(81) User=0.12s Sys=0.00s Real=0.02s
[3.011s][info][gc,start       ] GC(82) Pause Young (Allocation Failure)
[3.037s][info][gc,heap        ] GC(82) PSYoungGen: 52928K(64000K)->35456K(65536K) Eden: 17920K(17920K)->0K(17920K) From: 35008K(46080K)->35456K(47616K)
[3.037s][info][gc,heap        ] GC(82) ParOldGen: 490459K(534528K)->508107K(534528K)
[3.037s][info][gc,metaspace   ] GC(82) Metaspace: 6302K(6528K)->6302K(6528K) NonClass: 5769K(5888K)->5769K(5888K) Class: 533K(640K)->533K(640K)
[3.037s][info][gc             ] GC(82) Pause Young (Allocation Failure) 530M->530M(586M) 26.075ms
[3.037s][info][gc,cpu         ] GC(82) User=0.11s Sys=0.03s Real=0.03s
[3.056s][info][gc,start       ] GC(83) Pause Young (Allocation Failure)
[3.083s][info][gc,heap        ] GC(83) PSYoungGen: 53376K(65536K)->35936K(67584K) Eden: 17920K(17920K)->0K(18944K) From: 35456K(47616K)->35936K(48640K)
[3.083s][info][gc,heap        ] GC(83) ParOldGen: 508107K(534528K)->525755K(534528K)
[3.083s][info][gc,metaspace   ] GC(83) Metaspace: 6302K(6528K)->6302K(6528K) NonClass: 5769K(5888K)->5769K(5888K) Class: 533K(640K)->533K(640K)
[3.083s][info][gc             ] GC(83) Pause Young (Allocation Failure) 548M->548M(588M) 26.913ms
[3.083s][info][gc,cpu         ] GC(83) User=0.12s Sys=0.02s Real=0.03s
[3.083s][info][gc,start       ] GC(84) Pause Full (Ergonomics)
[3.083s][info][gc,phases,start] GC(84) Marking Phase
[3.207s][info][gc,phases      ] GC(84) Marking Phase 123.741ms
[3.207s][info][gc,phases,start] GC(84) Summary Phase
[3.207s][info][gc,phases      ] GC(84) Summary Phase 0.025ms
[3.207s][info][gc,phases,start] GC(84) Adjust Roots
[3.207s][info][gc,phases      ] GC(84) Adjust Roots 0.155ms
[3.207s][info][gc,phases,start] GC(84) Compaction Phase
[3.265s][info][gc,phases      ] GC(84) Compaction Phase 58.091ms
[3.265s][info][gc,phases,start] GC(84) Post Compact
[3.266s][info][gc,phases      ] GC(84) Post Compact 1.018ms
[3.267s][info][gc,heap        ] GC(84) PSYoungGen: 35936K(67584K)->26577K(67584K) Eden: 0K(18944K)->0K(18944K) From: 35936K(48640K)->26577K(48640K)
[3.267s][info][gc,heap        ] GC(84) ParOldGen: 525755K(534528K)->534179K(602624K)
[3.267s][info][gc,metaspace   ] GC(84) Metaspace: 6302K(6528K)->6302K(6528K) NonClass: 5769K(5888K)->5769K(5888K) Class: 533K(640K)->533K(640K)
[3.267s][info][gc             ] GC(84) Pause Full (Ergonomics) 548M->547M(654M) 183.673ms
[3.267s][info][gc,cpu         ] GC(84) User=1.03s Sys=0.02s Real=0.18s
[3.290s][info][gc,start       ] GC(85) Pause Young (Allocation Failure)
[3.332s][info][gc,heap        ] GC(85) PSYoungGen: 45521K(67584K)->32544K(68608K) Eden: 18944K(18944K)->0K(18944K) From: 26577K(48640K)->32544K(49664K)
[3.332s][info][gc,heap        ] GC(85) ParOldGen: 534179K(602624K)->547539K(602624K)
[3.332s][info][gc,metaspace   ] GC(85) Metaspace: 6302K(6528K)->6302K(6528K) NonClass: 5769K(5888K)->5769K(5888K) Class: 533K(640K)->533K(640K)
[3.332s][info][gc             ] GC(85) Pause Young (Allocation Failure) 566M->566M(655M) 41.901ms
[3.332s][info][gc,cpu         ] GC(85) User=0.20s Sys=0.06s Real=0.04s
[3.353s][info][gc,start       ] GC(86) Pause Young (Allocation Failure)
[3.379s][info][gc,heap        ] GC(86) PSYoungGen: 51488K(68608K)->48640K(62976K) Eden: 18944K(18944K)->0K(14336K) From: 32544K(49664K)->48640K(48640K)
[3.379s][info][gc,heap        ] GC(86) ParOldGen: 547539K(602624K)->550347K(602624K)
[3.379s][info][gc,metaspace   ] GC(86) Metaspace: 6302K(6528K)->6302K(6528K) NonClass: 5769K(5888K)->5769K(5888K) Class: 533K(640K)->533K(640K)
[3.379s][info][gc             ] GC(86) Pause Young (Allocation Failure) 584M->584M(650M) 26.263ms
[3.379s][info][gc,cpu         ] GC(86) User=0.12s Sys=0.02s Real=0.03s
[3.396s][info][gc,start       ] GC(87) Pause Young (Allocation Failure)
[3.426s][info][gc,heap        ] GC(87) PSYoungGen: 62976K(62976K)->32704K(69632K) Eden: 14336K(14336K)->0K(14336K) From: 48640K(48640K)->32704K(55296K)
[3.426s][info][gc,heap        ] GC(87) ParOldGen: 550347K(602624K)->581123K(602624K)
[3.426s][info][gc,metaspace   ] GC(87) Metaspace: 6302K(6528K)->6302K(6528K) NonClass: 5769K(5888K)->5769K(5888K) Class: 533K(640K)->533K(640K)
[3.426s][info][gc             ] GC(87) Pause Young (Allocation Failure) 598M->599M(656M) 30.226ms
[3.426s][info][gc,cpu         ] GC(87) User=0.14s Sys=0.00s Real=0.03s
[3.426s][info][gc,start       ] GC(88) Pause Full (Ergonomics)
[3.426s][info][gc,phases,start] GC(88) Marking Phase
[3.564s][info][gc,phases      ] GC(88) Marking Phase 137.389ms
[3.564s][info][gc,phases,start] GC(88) Summary Phase
[3.564s][info][gc,phases      ] GC(88) Summary Phase 0.021ms
[3.564s][info][gc,phases,start] GC(88) Adjust Roots
[3.564s][info][gc,phases      ] GC(88) Adjust Roots 0.198ms
[3.564s][info][gc,phases,start] GC(88) Compaction Phase
[3.621s][info][gc,phases      ] GC(88) Compaction Phase 57.004ms
[3.621s][info][gc,phases,start] GC(88) Post Compact
[3.622s][info][gc,phases      ] GC(88) Post Compact 1.013ms
[3.622s][info][gc,heap        ] GC(88) PSYoungGen: 32704K(69632K)->10537K(25088K) Eden: 0K(14336K)->0K(14336K) From: 32704K(55296K)->10537K(10752K)
[3.622s][info][gc,heap        ] GC(88) ParOldGen: 581123K(602624K)->602356K(681472K)
[3.622s][info][gc,metaspace   ] GC(88) Metaspace: 6302K(6528K)->6302K(6528K) NonClass: 5769K(5888K)->5769K(5888K) Class: 533K(640K)->533K(640K)
[3.622s][info][gc             ] GC(88) Pause Full (Ergonomics) 599M->598M(690M) 196.294ms
[3.622s][info][gc,cpu         ] GC(88) User=1.36s Sys=0.02s Real=0.20s
[3.640s][info][gc,start       ] GC(89) Pause Young (Allocation Failure)
[3.678s][info][gc,heap        ] GC(89) PSYoungGen: 24873K(25088K)->18752K(69120K) Eden: 14336K(14336K)->0K(15872K) From: 10537K(10752K)->18752K(53248K)
[3.678s][info][gc,heap        ] GC(89) ParOldGen: 602356K(681472K)->608796K(681472K)
[3.678s][info][gc,metaspace   ] GC(89) Metaspace: 6302K(6528K)->6302K(6528K) NonClass: 5769K(5888K)->5769K(5888K) Class: 533K(640K)->533K(640K)
[3.678s][info][gc             ] GC(89) Pause Young (Allocation Failure) 612M->612M(733M) 37.803ms
[3.678s][info][gc,cpu         ] GC(89) User=0.16s Sys=0.00s Real=0.04s
[3.697s][info][gc,start       ] GC(90) Pause Young (Allocation Failure)
[3.717s][info][gc,heap        ] GC(90) PSYoungGen: 34624K(69120K)->34528K(69120K) Eden: 15872K(15872K)->0K(15872K) From: 18752K(53248K)->34528K(53248K)
[3.717s][info][gc,heap        ] GC(90) ParOldGen: 608796K(681472K)->608796K(681472K)
[3.717s][info][gc,metaspace   ] GC(90) Metaspace: 6302K(6528K)->6302K(6528K) NonClass: 5769K(5888K)->5769K(5888K) Class: 533K(640K)->533K(640K)
[3.717s][info][gc             ] GC(90) Pause Young (Allocation Failure) 628M->628M(733M) 19.771ms
[3.717s][info][gc,cpu         ] GC(90) User=0.12s Sys=0.00s Real=0.02s
[3.735s][info][gc,start       ] GC(91) Pause Young (Allocation Failure)
[3.761s][info][gc,heap        ] GC(91) PSYoungGen: 50400K(69120K)->50432K(65536K) Eden: 15872K(15872K)->0K(12800K) From: 34528K(53248K)->50432K(52736K)
[3.761s][info][gc,heap        ] GC(91) ParOldGen: 608796K(681472K)->608796K(681472K)
[3.761s][info][gc,metaspace   ] GC(91) Metaspace: 6302K(6528K)->6302K(6528K) NonClass: 5769K(5888K)->5769K(5888K) Class: 533K(640K)->533K(640K)
[3.761s][info][gc             ] GC(91) Pause Young (Allocation Failure) 643M->643M(729M) 25.751ms
[3.761s][info][gc,cpu         ] GC(91) User=0.12s Sys=0.00s Real=0.03s
[3.776s][info][gc,start       ] GC(92) Pause Young (Allocation Failure)
[3.806s][info][gc,heap        ] GC(92) PSYoungGen: 63232K(65536K)->57856K(70656K) Eden: 12800K(12800K)->0K(12800K) From: 50432K(52736K)->57856K(57856K)
[3.806s][info][gc,heap        ] GC(92) ParOldGen: 608796K(681472K)->614188K(681472K)
[3.806s][info][gc,metaspace   ] GC(92) Metaspace: 6302K(6528K)->6302K(6528K) NonClass: 5769K(5888K)->5769K(5888K) Class: 533K(640K)->533K(640K)
[3.807s][info][gc             ] GC(92) Pause Young (Allocation Failure) 656M->656M(734M) 30.577ms
[3.807s][info][gc,cpu         ] GC(92) User=0.14s Sys=0.00s Real=0.03s
[3.822s][info][gc,start       ] GC(93) Pause Young (Allocation Failure)
[3.855s][info][gc,heap        ] GC(93) PSYoungGen: 70656K(70656K)->41024K(78848K) Eden: 12800K(12800K)->0K(14336K) From: 57856K(57856K)->41024K(64512K)
[3.855s][info][gc,heap        ] GC(93) ParOldGen: 614188K(681472K)->644268K(681472K)
[3.855s][info][gc,metaspace   ] GC(93) Metaspace: 6302K(6528K)->6302K(6528K) NonClass: 5769K(5888K)->5769K(5888K) Class: 533K(640K)->533K(640K)
[3.855s][info][gc             ] GC(93) Pause Young (Allocation Failure) 668M->669M(742M) 33.707ms
[3.855s][info][gc,cpu         ] GC(93) User=0.14s Sys=0.02s Real=0.03s
[3.874s][info][gc,start       ] GC(94) Pause Young (Allocation Failure)
[3.902s][info][gc,heap        ] GC(94) PSYoungGen: 55360K(78848K)->27264K(79872K) Eden: 14336K(14336K)->0K(14336K) From: 41024K(64512K)->27264K(65536K)
[3.902s][info][gc,heap        ] GC(94) ParOldGen: 644268K(681472K)->672748K(681472K)
[3.902s][info][gc,metaspace   ] GC(94) Metaspace: 6302K(6528K)->6302K(6528K) NonClass: 5769K(5888K)->5769K(5888K) Class: 533K(640K)->533K(640K)
[3.902s][info][gc             ] GC(94) Pause Young (Allocation Failure) 683M->683M(743M) 28.032ms
[3.902s][info][gc,cpu         ] GC(94) User=0.12s Sys=0.00s Real=0.03s
[3.902s][info][gc,start       ] GC(95) Pause Full (Ergonomics)
[3.902s][info][gc,phases,start] GC(95) Marking Phase
[4.057s][info][gc,phases      ] GC(95) Marking Phase 155.148ms
[4.057s][info][gc,phases,start] GC(95) Summary Phase
[4.057s][info][gc,phases      ] GC(95) Summary Phase 0.023ms
[4.057s][info][gc,phases,start] GC(95) Adjust Roots
[4.058s][info][gc,phases      ] GC(95) Adjust Roots 0.428ms
[4.058s][info][gc,phases,start] GC(95) Compaction Phase
[4.121s][info][gc,phases      ] GC(95) Compaction Phase 63.286ms
[4.121s][info][gc,phases,start] GC(95) Post Compact
[4.122s][info][gc,phases      ] GC(95) Post Compact 1.015ms
[4.122s][info][gc,heap        ] GC(95) PSYoungGen: 27264K(79872K)->17365K(79872K) Eden: 0K(14336K)->0K(14336K) From: 27264K(65536K)->17365K(65536K)
[4.122s][info][gc,heap        ] GC(95) ParOldGen: 672748K(681472K)->681353K(771584K)
[4.122s][info][gc,metaspace   ] GC(95) Metaspace: 6302K(6528K)->6302K(6528K) NonClass: 5769K(5888K)->5769K(5888K) Class: 533K(640K)->533K(640K)
[4.122s][info][gc             ] GC(95) Pause Full (Ergonomics) 683M->682M(831M) 220.459ms
[4.122s][info][gc,cpu         ] GC(95) User=1.62s Sys=0.00s Real=0.22s
[4.248s][info][gc,start       ] GC(96) Pause Young (Allocation Failure)
[4.291s][info][gc,heap        ] GC(96) PSYoungGen: 31701K(79872K)->14464K(79360K) Eden: 14336K(14336K)->0K(15360K) From: 17365K(65536K)->14464K(64000K)
[4.292s][info][gc,heap        ] GC(96) ParOldGen: 714121K(771584K)->731777K(771584K)
[4.292s][info][gc,metaspace   ] GC(96) Metaspace: 6302K(6528K)->6302K(6528K) NonClass: 5769K(5888K)->5769K(5888K) Class: 533K(640K)->533K(640K)
[4.292s][info][gc             ] GC(96) Pause Young (Allocation Failure) 728M->728M(831M) 43.635ms
[4.292s][info][gc,cpu         ] GC(96) User=0.30s Sys=0.00s Real=0.04s
[4.307s][info][gc,start       ] GC(97) Pause Young (Allocation Failure)
[4.326s][info][gc,heap        ] GC(97) PSYoungGen: 29824K(79360K)->15488K(80384K) Eden: 15360K(15360K)->0K(15360K) From: 14464K(64000K)->15488K(65024K)
[4.326s][info][gc,heap        ] GC(97) ParOldGen: 731777K(771584K)->746321K(771584K)
[4.326s][info][gc,metaspace   ] GC(97) Metaspace: 6302K(6528K)->6302K(6528K) NonClass: 5769K(5888K)->5769K(5888K) Class: 533K(640K)->533K(640K)
[4.326s][info][gc             ] GC(97) Pause Young (Allocation Failure) 743M->743M(832M) 18.857ms
[4.326s][info][gc,cpu         ] GC(97) User=0.06s Sys=0.00s Real=0.02s
[4.326s][info][gc,start       ] GC(98) Pause Full (Ergonomics)
[4.326s][info][gc,phases,start] GC(98) Marking Phase
[4.492s][info][gc,phases      ] GC(98) Marking Phase 165.399ms
[4.492s][info][gc,phases,start] GC(98) Summary Phase
[4.492s][info][gc,phases      ] GC(98) Summary Phase 0.031ms
[4.492s][info][gc,phases,start] GC(98) Adjust Roots
[4.492s][info][gc,phases      ] GC(98) Adjust Roots 0.179ms
[4.492s][info][gc,phases,start] GC(98) Compaction Phase
[4.608s][info][gc,phases      ] GC(98) Compaction Phase 115.961ms
[4.608s][info][gc,phases,start] GC(98) Post Compact
[4.610s][info][gc,phases      ] GC(98) Post Compact 1.428ms
[4.610s][info][gc,heap        ] GC(98) PSYoungGen: 15488K(80384K)->0K(81408K) Eden: 0K(15360K)->0K(16896K) From: 15488K(65024K)->0K(64512K)
[4.610s][info][gc,heap        ] GC(98) ParOldGen: 746321K(771584K)->744736K(838144K)
[4.610s][info][gc,metaspace   ] GC(98) Metaspace: 6302K(6528K)->6302K(6528K) NonClass: 5769K(5888K)->5769K(5888K) Class: 533K(640K)->533K(640K)
[4.610s][info][gc             ] GC(98) Pause Full (Ergonomics) 743M->727M(898M) 283.527ms
[4.610s][info][gc,cpu         ] GC(98) User=1.89s Sys=0.00s Real=0.28s
[4.629s][info][gc,start       ] GC(99) Pause Young (Allocation Failure)
[4.642s][info][gc,heap        ] GC(99) PSYoungGen: 16896K(81408K)->17056K(81408K) Eden: 16896K(16896K)->0K(16896K) From: 0K(64512K)->17056K(64512K)
[4.642s][info][gc,heap        ] GC(99) ParOldGen: 744736K(838144K)->744736K(838144K)
[4.642s][info][gc,metaspace   ] GC(99) Metaspace: 6302K(6528K)->6302K(6528K) NonClass: 5769K(5888K)->5769K(5888K) Class: 533K(640K)->533K(640K)
[4.642s][info][gc             ] GC(99) Pause Young (Allocation Failure) 743M->743M(898M) 13.226ms
[4.642s][info][gc,cpu         ] GC(99) User=0.00s Sys=0.00s Real=0.01s
[4.660s][info][gc,start       ] GC(100) Pause Young (Allocation Failure)
[4.679s][info][gc,heap        ] GC(100) PSYoungGen: 33952K(81408K)->33952K(79360K) Eden: 16896K(16896K)->0K(18944K) From: 17056K(64512K)->33952K(60416K)
[4.679s][info][gc,heap        ] GC(100) ParOldGen: 744736K(838144K)->744736K(838144K)
[4.679s][info][gc,metaspace   ] GC(100) Metaspace: 6302K(6528K)->6302K(6528K) NonClass: 5769K(5888K)->5769K(5888K) Class: 533K(640K)->533K(640K)
[4.679s][info][gc             ] GC(100) Pause Young (Allocation Failure) 760M->760M(896M) 18.963ms
[4.679s][info][gc,cpu         ] GC(100) User=0.03s Sys=0.00s Real=0.02s
[4.699s][info][gc,start       ] GC(101) Pause Young (Allocation Failure)
[4.724s][info][gc,heap        ] GC(101) PSYoungGen: 52896K(79360K)->52864K(80896K) Eden: 18944K(18944K)->0K(18944K) From: 33952K(60416K)->52864K(61952K)
[4.724s][info][gc,heap        ] GC(101) ParOldGen: 744736K(838144K)->744736K(838144K)
[4.724s][info][gc,metaspace   ] GC(101) Metaspace: 6302K(6528K)->6302K(6528K) NonClass: 5769K(5888K)->5769K(5888K) Class: 533K(640K)->533K(640K)
[4.724s][info][gc             ] GC(101) Pause Young (Allocation Failure) 778M->778M(897M) 25.242ms
[4.724s][info][gc,cpu         ] GC(101) User=0.14s Sys=0.00s Real=0.03s
[4.743s][info][gc,start       ] GC(102) Pause Young (Allocation Failure)
[4.776s][info][gc,heap        ] GC(102) PSYoungGen: 71808K(80896K)->67072K(76800K) Eden: 18944K(18944K)->0K(9728K) From: 52864K(61952K)->67072K(67072K)
[4.776s][info][gc,heap        ] GC(102) ParOldGen: 744736K(838144K)->749456K(838144K)
[4.776s][info][gc,metaspace   ] GC(102) Metaspace: 6302K(6528K)->6302K(6528K) NonClass: 5769K(5888K)->5769K(5888K) Class: 533K(640K)->533K(640K)
[4.776s][info][gc             ] GC(102) Pause Young (Allocation Failure) 797M->797M(893M) 33.246ms
[4.776s][info][gc,cpu         ] GC(102) User=0.20s Sys=0.05s Real=0.03s
[4.785s][info][gc,start       ] GC(103) Pause Young (Allocation Failure)
[4.820s][info][gc,heap        ] GC(103) PSYoungGen: 76800K(76800K)->45568K(88064K) Eden: 9728K(9728K)->0K(9728K) From: 67072K(67072K)->45568K(78336K)
[4.820s][info][gc,heap        ] GC(103) ParOldGen: 749456K(838144K)->781200K(838144K)
[4.820s][info][gc,metaspace   ] GC(103) Metaspace: 6302K(6528K)->6302K(6528K) NonClass: 5769K(5888K)->5769K(5888K) Class: 533K(640K)->533K(640K)
[4.820s][info][gc             ] GC(103) Pause Young (Allocation Failure) 806M->807M(904M) 34.379ms
[4.820s][info][gc,cpu         ] GC(103) User=0.22s Sys=0.03s Real=0.03s
[4.831s][info][gc,start       ] GC(104) Pause Young (Allocation Failure)
[4.857s][info][gc,heap        ] GC(104) PSYoungGen: 55296K(88064K)->19552K(86528K) Eden: 9728K(9728K)->0K(11264K) From: 45568K(78336K)->19552K(75264K)
[4.857s][info][gc,heap        ] GC(104) ParOldGen: 781200K(838144K)->817344K(838144K)
[4.857s][info][gc,metaspace   ] GC(104) Metaspace: 6302K(6528K)->6302K(6528K) NonClass: 5769K(5888K)->5769K(5888K) Class: 533K(640K)->533K(640K)
[4.857s][info][gc             ] GC(104) Pause Young (Allocation Failure) 816M->817M(903M) 26.485ms
[4.857s][info][gc,cpu         ] GC(104) User=0.11s Sys=0.02s Real=0.03s
[4.857s][info][gc,start       ] GC(105) Pause Full (Ergonomics)
[4.857s][info][gc,phases,start] GC(105) Marking Phase
[5.035s][info][gc,phases      ] GC(105) Marking Phase 178.175ms
[5.035s][info][gc,phases,start] GC(105) Summary Phase
[5.036s][info][gc,phases      ] GC(105) Summary Phase 0.028ms
[5.036s][info][gc,phases,start] GC(105) Adjust Roots
[5.036s][info][gc,phases      ] GC(105) Adjust Roots 0.155ms
[5.036s][info][gc,phases,start] GC(105) Compaction Phase
[5.121s][info][gc,phases      ] GC(105) Compaction Phase 85.179ms
[5.121s][info][gc,phases,start] GC(105) Post Compact
[5.122s][info][gc,phases      ] GC(105) Post Compact 1.503ms
[5.123s][info][gc,heap        ] GC(105) PSYoungGen: 19552K(86528K)->0K(87552K) Eden: 0K(11264K)->0K(11264K) From: 19552K(75264K)->0K(76288K)
[5.123s][info][gc,heap        ] GC(105) ParOldGen: 817344K(838144K)->835690K(943616K)
[5.123s][info][gc,metaspace   ] GC(105) Metaspace: 6302K(6528K)->6302K(6528K) NonClass: 5769K(5888K)->5769K(5888K) Class: 533K(640K)->533K(640K)
[5.123s][info][gc             ] GC(105) Pause Full (Ergonomics) 817M->816M(1007M) 265.836ms
[5.123s][info][gc,cpu         ] GC(105) User=1.86s Sys=0.02s Real=0.27s
[5.135s][info][gc,start       ] GC(106) Pause Young (Allocation Failure)
[5.150s][info][gc,heap        ] GC(106) PSYoungGen: 11264K(87552K)->11392K(89088K) Eden: 11264K(11264K)->0K(12800K) From: 0K(76288K)->11392K(76288K)
[5.150s][info][gc,heap        ] GC(106) ParOldGen: 835690K(943616K)->835690K(943616K)
[5.150s][info][gc,metaspace   ] GC(106) Metaspace: 6302K(6528K)->6302K(6528K) NonClass: 5769K(5888K)->5769K(5888K) Class: 533K(640K)->533K(640K)
[5.150s][info][gc             ] GC(106) Pause Young (Allocation Failure) 827M->827M(1008M) 14.797ms
[5.150s][info][gc,cpu         ] GC(106) User=0.02s Sys=0.00s Real=0.01s
[5.164s][info][gc,start       ] GC(107) Pause Young (Allocation Failure)
[5.180s][info][gc,heap        ] GC(107) PSYoungGen: 24192K(89088K)->24224K(37376K) Eden: 12800K(12800K)->0K(12800K) From: 11392K(76288K)->24224K(24576K)
[5.180s][info][gc,heap        ] GC(107) ParOldGen: 835690K(943616K)->835690K(943616K)
[5.180s][info][gc,metaspace   ] GC(107) Metaspace: 6302K(6528K)->6302K(6528K) NonClass: 5769K(5888K)->5769K(5888K) Class: 533K(640K)->533K(640K)
[5.180s][info][gc             ] GC(107) Pause Young (Allocation Failure) 839M->839M(958M) 15.920ms
[5.180s][info][gc,cpu         ] GC(107) User=0.02s Sys=0.00s Real=0.02s
[5.194s][info][gc,start       ] GC(108) Pause Young (Allocation Failure)
[5.214s][info][gc,heap        ] GC(108) PSYoungGen: 37024K(37376K)->25760K(81920K) Eden: 12800K(12800K)->0K(14336K) From: 24224K(24576K)->25760K(67584K)
[5.214s][info][gc,heap        ] GC(108) ParOldGen: 835690K(943616K)->847106K(943616K)
[5.214s][info][gc,metaspace   ] GC(108) Metaspace: 6302K(6528K)->6302K(6528K) NonClass: 5769K(5888K)->5769K(5888K) Class: 533K(640K)->533K(640K)
[5.214s][info][gc             ] GC(108) Pause Young (Allocation Failure) 852M->852M(1001M) 20.263ms
[5.214s][info][gc,cpu         ] GC(108) User=0.02s Sys=0.00s Real=0.02s
[5.230s][info][gc,start       ] GC(109) Pause Young (Allocation Failure)
[5.253s][info][gc,heap        ] GC(109) PSYoungGen: 40096K(81920K)->27296K(41984K) Eden: 14336K(14336K)->0K(14336K) From: 25760K(67584K)->27296K(27648K)
[5.253s][info][gc,heap        ] GC(109) ParOldGen: 847106K(943616K)->860090K(943616K)
[5.253s][info][gc,metaspace   ] GC(109) Metaspace: 6302K(6528K)->6302K(6528K) NonClass: 5769K(5888K)->5769K(5888K) Class: 533K(640K)->533K(640K)
[5.253s][info][gc             ] GC(109) Pause Young (Allocation Failure) 866M->866M(962M) 23.692ms
[5.253s][info][gc,cpu         ] GC(109) User=0.03s Sys=0.00s Real=0.02s
[5.268s][info][gc,start       ] GC(110) Pause Young (Allocation Failure)
[5.290s][info][gc,heap        ] GC(110) PSYoungGen: 41632K(41984K)->28800K(77824K) Eden: 14336K(14336K)->0K(16384K) From: 27296K(27648K)->28800K(61440K)
[5.290s][info][gc,heap        ] GC(110) ParOldGen: 860090K(943616K)->873074K(943616K)
[5.290s][info][gc,metaspace   ] GC(110) Metaspace: 6302K(6528K)->6302K(6528K) NonClass: 5769K(5888K)->5769K(5888K) Class: 533K(640K)->533K(640K)
[5.290s][info][gc             ] GC(110) Pause Young (Allocation Failure) 880M->880M(997M) 21.779ms
[5.290s][info][gc,cpu         ] GC(110) User=0.12s Sys=0.00s Real=0.02s
[5.308s][info][gc,start       ] GC(111) Pause Young (Allocation Failure)
[5.332s][info][gc,heap        ] GC(111) PSYoungGen: 45184K(77824K)->30848K(47616K) Eden: 16384K(16384K)->0K(16384K) From: 28800K(61440K)->30848K(31232K)
[5.332s][info][gc,heap        ] GC(111) ParOldGen: 873074K(943616K)->887610K(943616K)
[5.332s][info][gc,metaspace   ] GC(111) Metaspace: 6302K(6528K)->6302K(6528K) NonClass: 5769K(5888K)->5769K(5888K) Class: 533K(640K)->533K(640K)
[5.332s][info][gc             ] GC(111) Pause Young (Allocation Failure) 896M->896M(968M) 23.925ms
[5.332s][info][gc,cpu         ] GC(111) User=0.12s Sys=0.02s Real=0.02s
[5.349s][info][gc,start       ] GC(112) Pause Young (Allocation Failure)
[5.373s][info][gc,heap        ] GC(112) PSYoungGen: 47232K(47616K)->32928K(75264K) Eden: 16384K(16384K)->0K(18432K) From: 30848K(31232K)->32928K(56832K)
[5.373s][info][gc,heap        ] GC(112) ParOldGen: 887610K(943616K)->902130K(943616K)
[5.373s][info][gc,metaspace   ] GC(112) Metaspace: 6302K(6528K)->6302K(6528K) NonClass: 5769K(5888K)->5769K(5888K) Class: 533K(640K)->533K(640K)
[5.373s][info][gc             ] GC(112) Pause Young (Allocation Failure) 912M->913M(995M) 24.245ms
[5.373s][info][gc,cpu         ] GC(112) User=0.12s Sys=0.00s Real=0.02s
[5.393s][info][gc,start       ] GC(113) Pause Young (Allocation Failure)
[5.420s][info][gc,heap        ] GC(113) PSYoungGen: 51360K(75264K)->34944K(77312K) Eden: 18432K(18432K)->0K(18432K) From: 32928K(56832K)->34944K(58880K)
[5.420s][info][gc,heap        ] GC(113) ParOldGen: 902130K(943616K)->918730K(943616K)
[5.420s][info][gc,metaspace   ] GC(113) Metaspace: 6302K(6528K)->6302K(6528K) NonClass: 5769K(5888K)->5769K(5888K) Class: 533K(640K)->533K(640K)
[5.420s][info][gc             ] GC(113) Pause Young (Allocation Failure) 931M->931M(997M) 26.509ms
[5.420s][info][gc,cpu         ] GC(113) User=0.12s Sys=0.02s Real=0.03s
[5.420s][info][gc,start       ] GC(114) Pause Full (Ergonomics)
[5.420s][info][gc,phases,start] GC(114) Marking Phase
[5.623s][info][gc,phases      ] GC(114) Marking Phase 202.733ms
[5.623s][info][gc,phases,start] GC(114) Summary Phase
[5.623s][info][gc,phases      ] GC(114) Summary Phase 0.028ms
[5.623s][info][gc,phases,start] GC(114) Adjust Roots
[5.623s][info][gc,phases      ] GC(114) Adjust Roots 0.153ms
[5.623s][info][gc,phases,start] GC(114) Compaction Phase
[5.721s][info][gc,phases      ] GC(114) Compaction Phase 98.138ms
[5.721s][info][gc,phases,start] GC(114) Post Compact
[5.723s][info][gc,phases      ] GC(114) Post Compact 1.637ms
[5.723s][info][gc,heap        ] GC(114) PSYoungGen: 34944K(77312K)->8701K(77312K) Eden: 0K(18432K)->0K(18432K) From: 34944K(58880K)->8701K(58880K)
[5.723s][info][gc,heap        ] GC(114) ParOldGen: 918730K(943616K)->943464K(1046528K)
[5.723s][info][gc,metaspace   ] GC(114) Metaspace: 6302K(6528K)->6302K(6528K) NonClass: 5769K(5888K)->5769K(5888K) Class: 533K(640K)->533K(640K)
[5.723s][info][gc             ] GC(114) Pause Full (Ergonomics) 931M->929M(1097M) 303.341ms
[5.723s][info][gc,cpu         ] GC(114) User=1.80s Sys=0.06s Real=0.30s
[5.745s][info][gc,start       ] GC(115) Pause Young (Allocation Failure)
[5.796s][info][gc,heap        ] GC(115) PSYoungGen: 27133K(77312K)->22944K(75264K) Eden: 18432K(18432K)->0K(20480K) From: 8701K(58880K)->22944K(54784K)
[5.797s][info][gc,heap        ] GC(115) ParOldGen: 943464K(1046528K)->947856K(1046528K)
[5.797s][info][gc,metaspace   ] GC(115) Metaspace: 6302K(6528K)->6302K(6528K) NonClass: 5769K(5888K)->5769K(5888K) Class: 533K(640K)->533K(640K)
[5.797s][info][gc             ] GC(115) Pause Young (Allocation Failure) 947M->948M(1095M) 51.916ms
[5.797s][info][gc,cpu         ] GC(115) User=0.28s Sys=0.00s Real=0.05s
[5.819s][info][gc,start       ] GC(116) Pause Young (Allocation Failure)
[5.842s][info][gc,heap        ] GC(116) PSYoungGen: 43424K(75264K)->43424K(76800K) Eden: 20480K(20480K)->0K(20480K) From: 22944K(54784K)->43424K(56320K)
[5.842s][info][gc,heap        ] GC(116) ParOldGen: 947856K(1046528K)->947856K(1046528K)
[5.843s][info][gc,metaspace   ] GC(116) Metaspace: 6302K(6528K)->6302K(6528K) NonClass: 5769K(5888K)->5769K(5888K) Class: 533K(640K)->533K(640K)
[5.843s][info][gc             ] GC(116) Pause Young (Allocation Failure) 968M->968M(1097M) 23.606ms
[5.843s][info][gc,cpu         ] GC(116) User=0.14s Sys=0.00s Real=0.02s
[5.865s][info][gc,start       ] GC(117) Pause Young (Allocation Failure)
[5.897s][info][gc,heap        ] GC(117) PSYoungGen: 63904K(76800K)->58368K(71680K) Eden: 20480K(20480K)->0K(13312K) From: 43424K(56320K)->58368K(58368K)
[5.898s][info][gc,heap        ] GC(117) ParOldGen: 947856K(1046528K)->953408K(1046528K)
[5.898s][info][gc,metaspace   ] GC(117) Metaspace: 6302K(6528K)->6302K(6528K) NonClass: 5769K(5888K)->5769K(5888K) Class: 533K(640K)->533K(640K)
[5.898s][info][gc             ] GC(117) Pause Young (Allocation Failure) 988M->988M(1092M) 32.087ms
[5.898s][info][gc,cpu         ] GC(117) User=0.14s Sys=0.00s Real=0.03s
[5.913s][info][gc,start       ] GC(118) Pause Young (Allocation Failure)
[5.948s][info][gc,heap        ] GC(118) PSYoungGen: 71680K(71680K)->33568K(47104K) Eden: 13312K(13312K)->0K(13312K) From: 58368K(58368K)->33568K(33792K)
[5.948s][info][gc,heap        ] GC(118) ParOldGen: 953408K(1046528K)->992136K(1046528K)
[5.948s][info][gc,metaspace   ] GC(118) Metaspace: 6302K(6528K)->6302K(6528K) NonClass: 5769K(5888K)->5769K(5888K) Class: 533K(640K)->533K(640K)
[5.948s][info][gc             ] GC(118) Pause Young (Allocation Failure) 1001M->1001M(1068M) 34.950ms
[5.948s][info][gc,cpu         ] GC(118) User=0.22s Sys=0.03s Real=0.04s
[5.963s][info][gc,start       ] GC(119) Pause Young (Allocation Failure)
[5.987s][info][gc,heap        ] GC(119) PSYoungGen: 46880K(47104K)->26720K(77312K) Eden: 13312K(13312K)->0K(15360K) From: 33568K(33792K)->26720K(61952K)
[5.987s][info][gc,heap        ] GC(119) ParOldGen: 992136K(1046528K)->1012488K(1046528K)
[5.987s][info][gc,metaspace   ] GC(119) Metaspace: 6302K(6528K)->6302K(6528K) NonClass: 5769K(5888K)->5769K(5888K) Class: 533K(640K)->533K(640K)
[5.987s][info][gc             ] GC(119) Pause Young (Allocation Failure) 1014M->1014M(1097M) 24.779ms
[5.987s][info][gc,cpu         ] GC(119) User=0.11s Sys=0.03s Real=0.02s
[5.987s][info][gc,start       ] GC(120) Pause Full (Ergonomics)
[5.987s][info][gc,phases,start] GC(120) Marking Phase
[6.221s][info][gc,phases      ] GC(120) Marking Phase 234.034ms
[6.222s][info][gc,phases,start] GC(120) Summary Phase
[6.222s][info][gc,phases      ] GC(120) Summary Phase 0.032ms
[6.222s][info][gc,phases,start] GC(120) Adjust Roots
[6.222s][info][gc,phases      ] GC(120) Adjust Roots 0.195ms
[6.222s][info][gc,phases,start] GC(120) Compaction Phase
[6.313s][info][gc,phases      ] GC(120) Compaction Phase 91.562ms
[6.313s][info][gc,phases,start] GC(120) Post Compact
[6.315s][info][gc,phases      ] GC(120) Post Compact 1.914ms
[6.316s][info][gc,heap        ] GC(120) PSYoungGen: 26720K(77312K)->0K(78848K) Eden: 0K(15360K)->0K(15360K) From: 26720K(61952K)->0K(63488K)
[6.316s][info][gc,heap        ] GC(120) ParOldGen: 1012488K(1046528K)->1038027K(1156096K)
[6.316s][info][gc,metaspace   ] GC(120) Metaspace: 6302K(6528K)->6302K(6528K) NonClass: 5769K(5888K)->5769K(5888K) Class: 533K(640K)->533K(640K)
[6.316s][info][gc             ] GC(120) Pause Full (Ergonomics) 1014M->1013M(1206M) 328.583ms
[6.316s][info][gc,cpu         ] GC(120) User=2.30s Sys=0.02s Real=0.33s
[6.336s][info][gc,start       ] GC(121) Pause Young (Allocation Failure)
[6.350s][info][gc,heap        ] GC(121) PSYoungGen: 15360K(78848K)->15456K(79872K) Eden: 15360K(15360K)->0K(16896K) From: 0K(63488K)->15456K(62976K)
[6.350s][info][gc,heap        ] GC(121) ParOldGen: 1038027K(1156096K)->1038027K(1156096K)
[6.351s][info][gc,metaspace   ] GC(121) Metaspace: 6302K(6528K)->6302K(6528K) NonClass: 5769K(5888K)->5769K(5888K) Class: 533K(640K)->533K(640K)
[6.351s][info][gc             ] GC(121) Pause Young (Allocation Failure) 1028M->1028M(1207M) 14.410ms
[6.351s][info][gc,cpu         ] GC(121) User=0.02s Sys=0.00s Real=0.01s
[6.369s][info][gc,start       ] GC(122) Pause Young (Allocation Failure)
[6.388s][info][gc,heap        ] GC(122) PSYoungGen: 32352K(79872K)->32416K(49664K) Eden: 16896K(16896K)->0K(16896K) From: 15456K(62976K)->32416K(32768K)
[6.388s][info][gc,heap        ] GC(122) ParOldGen: 1038027K(1156096K)->1038027K(1156096K)
[6.388s][info][gc,metaspace   ] GC(122) Metaspace: 6302K(6528K)->6302K(6528K) NonClass: 5769K(5888K)->5769K(5888K) Class: 533K(640K)->533K(640K)
[6.388s][info][gc             ] GC(122) Pause Young (Allocation Failure) 1045M->1045M(1177M) 18.908ms
[6.388s][info][gc,cpu         ] GC(122) User=0.05s Sys=0.00s Real=0.02s
[6.407s][info][gc,start       ] GC(123) Pause Young (Allocation Failure)
[6.432s][info][gc,heap        ] GC(123) PSYoungGen: 49312K(49664K)->49312K(75776K) Eden: 16896K(16896K)->0K(15360K) From: 32416K(32768K)->49312K(60416K)
[6.432s][info][gc,heap        ] GC(123) ParOldGen: 1038027K(1156096K)->1038027K(1156096K)
[6.432s][info][gc,metaspace   ] GC(123) Metaspace: 6302K(6528K)->6302K(6528K) NonClass: 5769K(5888K)->5769K(5888K) Class: 533K(640K)->533K(640K)
[6.432s][info][gc             ] GC(123) Pause Young (Allocation Failure) 1061M->1061M(1203M) 25.237ms
[6.432s][info][gc,cpu         ] GC(123) User=0.12s Sys=0.00s Real=0.03s
[6.449s][info][gc,start       ] GC(124) Pause Young (Allocation Failure)
[6.482s][info][gc,heap        ] GC(124) PSYoungGen: 64672K(75776K)->49312K(79360K) Eden: 15360K(15360K)->0K(15360K) From: 49312K(60416K)->49312K(64000K)
[6.482s][info][gc,heap        ] GC(124) ParOldGen: 1038027K(1156096K)->1053603K(1156096K)
[6.482s][info][gc,metaspace   ] GC(124) Metaspace: 6302K(6528K)->6302K(6528K) NonClass: 5769K(5888K)->5769K(5888K) Class: 533K(640K)->533K(640K)
[6.482s][info][gc             ] GC(124) Pause Young (Allocation Failure) 1076M->1077M(1206M) 32.477ms
[6.482s][info][gc,cpu         ] GC(124) User=0.14s Sys=0.00s Real=0.03s
[6.498s][info][gc,start       ] GC(125) Pause Young (Allocation Failure)
[6.531s][info][gc,heap        ] GC(125) PSYoungGen: 64672K(79360K)->47712K(82432K) Eden: 15360K(15360K)->0K(15872K) From: 49312K(64000K)->47712K(66560K)
[6.531s][info][gc,heap        ] GC(125) ParOldGen: 1053603K(1156096K)->1070723K(1156096K)
[6.531s][info][gc,metaspace   ] GC(125) Metaspace: 6302K(6528K)->6302K(6528K) NonClass: 5769K(5888K)->5769K(5888K) Class: 533K(640K)->533K(640K)
[6.531s][info][gc             ] GC(125) Pause Young (Allocation Failure) 1092M->1092M(1209M) 32.496ms
[6.531s][info][gc,cpu         ] GC(125) User=0.14s Sys=0.00s Real=0.03s
[6.548s][info][gc,start       ] GC(126) Pause Young (Allocation Failure)
[6.580s][info][gc,heap        ] GC(126) PSYoungGen: 63584K(82432K)->46720K(83968K) Eden: 15872K(15872K)->0K(15872K) From: 47712K(66560K)->46720K(68096K)
[6.580s][info][gc,heap        ] GC(126) ParOldGen: 1070723K(1156096K)->1087851K(1156096K)
[6.580s][info][gc,metaspace   ] GC(126) Metaspace: 6302K(6528K)->6302K(6528K) NonClass: 5769K(5888K)->5769K(5888K) Class: 533K(640K)->533K(640K)
[6.580s][info][gc             ] GC(126) Pause Young (Allocation Failure) 1107M->1107M(1211M) 32.088ms
[6.580s][info][gc,cpu         ] GC(126) User=0.11s Sys=0.03s Real=0.03s
[6.597s][info][gc,start       ] GC(127) Pause Young (Allocation Failure)
[6.629s][info][gc,heap        ] GC(127) PSYoungGen: 62592K(83968K)->31872K(82944K) Eden: 15872K(15872K)->0K(18432K) From: 46720K(68096K)->31872K(64512K)
[6.629s][info][gc,heap        ] GC(127) ParOldGen: 1087851K(1156096K)->1118971K(1156096K)
[6.629s][info][gc,metaspace   ] GC(127) Metaspace: 6302K(6528K)->6302K(6528K) NonClass: 5769K(5888K)->5769K(5888K) Class: 533K(640K)->533K(640K)
[6.629s][info][gc             ] GC(127) Pause Young (Allocation Failure) 1123M->1123M(1210M) 32.099ms
[6.629s][info][gc,cpu         ] GC(127) User=0.08s Sys=0.05s Real=0.03s
[6.629s][info][gc,start       ] GC(128) Pause Full (Ergonomics)
[6.629s][info][gc,phases,start] GC(128) Marking Phase
[6.886s][info][gc,phases      ] GC(128) Marking Phase 257.420ms
[6.886s][info][gc,phases,start] GC(128) Summary Phase
[6.886s][info][gc,phases      ] GC(128) Summary Phase 0.032ms
[6.886s][info][gc,phases,start] GC(128) Adjust Roots
[6.887s][info][gc,phases      ] GC(128) Adjust Roots 0.165ms
[6.887s][info][gc,phases,start] GC(128) Compaction Phase
[6.988s][info][gc,phases      ] GC(128) Compaction Phase 101.127ms
[6.988s][info][gc,phases,start] GC(128) Post Compact
[6.990s][info][gc,phases      ] GC(128) Post Compact 1.875ms
[6.990s][info][gc,heap        ] GC(128) PSYoungGen: 31872K(82944K)->0K(84992K) Eden: 0K(18432K)->0K(18432K) From: 31872K(64512K)->0K(66560K)
[6.990s][info][gc,heap        ] GC(128) ParOldGen: 1118971K(1156096K)->1149428K(1276928K)
[6.990s][info][gc,metaspace   ] GC(128) Metaspace: 6302K(6528K)->6302K(6528K) NonClass: 5769K(5888K)->5769K(5888K) Class: 533K(640K)->533K(640K)
[6.990s][info][gc             ] GC(128) Pause Full (Ergonomics) 1123M->1122M(1330M) 361.361ms
[6.990s][info][gc,cpu         ] GC(128) User=2.64s Sys=0.02s Real=0.36s
[7.014s][info][gc,start       ] GC(129) Pause Young (Allocation Failure)
[7.029s][info][gc,heap        ] GC(129) PSYoungGen: 18432K(84992K)->18560K(87040K) Eden: 18432K(18432K)->0K(20480K) From: 0K(66560K)->18560K(66560K)
[7.029s][info][gc,heap        ] GC(129) ParOldGen: 1149428K(1276928K)->1149428K(1276928K)
[7.029s][info][gc,metaspace   ] GC(129) Metaspace: 6302K(6528K)->6302K(6528K) NonClass: 5769K(5888K)->5769K(5888K) Class: 533K(640K)->533K(640K)
[7.029s][info][gc             ] GC(129) Pause Young (Allocation Failure) 1140M->1140M(1332M) 15.202ms
[7.029s][info][gc,cpu         ] GC(129) User=0.00s Sys=0.00s Real=0.02s
[7.053s][info][gc,start       ] GC(130) Pause Young (Allocation Failure)
[7.074s][info][gc,heap        ] GC(130) PSYoungGen: 39040K(87040K)->39072K(87552K) Eden: 20480K(20480K)->0K(20480K) From: 18560K(66560K)->39072K(67072K)
[7.074s][info][gc,heap        ] GC(130) ParOldGen: 1149428K(1276928K)->1149428K(1276928K)
[7.074s][info][gc,metaspace   ] GC(130) Metaspace: 6302K(6528K)->6302K(6528K) NonClass: 5769K(5888K)->5769K(5888K) Class: 533K(640K)->533K(640K)
[7.074s][info][gc             ] GC(130) Pause Young (Allocation Failure) 1160M->1160M(1332M) 21.857ms
[7.074s][info][gc,cpu         ] GC(130) User=0.12s Sys=0.00s Real=0.02s
[7.098s][info][gc,start       ] GC(131) Pause Young (Allocation Failure)
[7.129s][info][gc,heap        ] GC(131) PSYoungGen: 59552K(87552K)->59584K(81408K) Eden: 20480K(20480K)->0K(16384K) From: 39072K(67072K)->59584K(65024K)
[7.129s][info][gc,heap        ] GC(131) ParOldGen: 1149428K(1276928K)->1149428K(1276928K)
[7.129s][info][gc,metaspace   ] GC(131) Metaspace: 6302K(6528K)->6302K(6528K) NonClass: 5769K(5888K)->5769K(5888K) Class: 533K(640K)->533K(640K)
[7.129s][info][gc             ] GC(131) Pause Young (Allocation Failure) 1180M->1180M(1326M) 30.326ms
[7.129s][info][gc,cpu         ] GC(131) User=0.14s Sys=0.00s Real=0.03s
[7.148s][info][gc,start       ] GC(132) Pause Young (Allocation Failure)
[7.186s][info][gc,heap        ] GC(132) PSYoungGen: 75968K(81408K)->57504K(87552K) Eden: 16384K(16384K)->0K(16384K) From: 59584K(65024K)->57504K(71168K)
[7.186s][info][gc,heap        ] GC(132) ParOldGen: 1149428K(1276928K)->1168116K(1276928K)
[7.186s][info][gc,metaspace   ] GC(132) Metaspace: 6302K(6528K)->6302K(6528K) NonClass: 5769K(5888K)->5769K(5888K) Class: 533K(640K)->533K(640K)
[7.186s][info][gc             ] GC(132) Pause Young (Allocation Failure) 1196M->1196M(1332M) 38.363ms
[7.186s][info][gc,cpu         ] GC(132) User=0.25s Sys=0.02s Real=0.04s
[7.206s][info][gc,start       ] GC(133) Pause Young (Allocation Failure)
[7.242s][info][gc,heap        ] GC(133) PSYoungGen: 73888K(87552K)->53472K(91648K) Eden: 16384K(16384K)->0K(16896K) From: 57504K(71168K)->53472K(74752K)
[7.243s][info][gc,heap        ] GC(133) ParOldGen: 1168116K(1276928K)->1188876K(1276928K)
[7.243s][info][gc,metaspace   ] GC(133) Metaspace: 6302K(6528K)->6302K(6528K) NonClass: 5769K(5888K)->5769K(5888K) Class: 533K(640K)->533K(640K)
[7.243s][info][gc             ] GC(133) Pause Young (Allocation Failure) 1212M->1213M(1336M) 36.888ms
[7.243s][info][gc,cpu         ] GC(133) User=0.23s Sys=0.02s Real=0.04s
[7.263s][info][gc,start       ] GC(134) Pause Young (Allocation Failure)
[7.298s][info][gc,heap        ] GC(134) PSYoungGen: 70368K(91648K)->49792K(93184K) Eden: 16896K(16896K)->0K(16896K) From: 53472K(74752K)->49792K(76288K)
[7.298s][info][gc,heap        ] GC(134) ParOldGen: 1188876K(1276928K)->1209644K(1276928K)
[7.298s][info][gc,metaspace   ] GC(134) Metaspace: 6302K(6528K)->6302K(6528K) NonClass: 5769K(5888K)->5769K(5888K) Class: 533K(640K)->533K(640K)
[7.298s][info][gc             ] GC(134) Pause Young (Allocation Failure) 1229M->1229M(1338M) 35.858ms
[7.298s][info][gc,cpu         ] GC(134) User=0.38s Sys=0.00s Real=0.04s
[7.318s][info][gc,start       ] GC(135) Pause Young (Allocation Failure)
[7.353s][info][gc,heap        ] GC(135) PSYoungGen: 66688K(93184K)->33920K(91648K) Eden: 16896K(16896K)->0K(19456K) From: 49792K(76288K)->33920K(72192K)
[7.353s][info][gc,heap        ] GC(135) ParOldGen: 1209644K(1276928K)->1242836K(1276928K)
[7.353s][info][gc,metaspace   ] GC(135) Metaspace: 6302K(6528K)->6302K(6528K) NonClass: 5769K(5888K)->5769K(5888K) Class: 533K(640K)->533K(640K)
[7.353s][info][gc             ] GC(135) Pause Young (Allocation Failure) 1246M->1246M(1336M) 34.729ms
[7.353s][info][gc,cpu         ] GC(135) User=0.16s Sys=0.00s Real=0.04s
[7.353s][info][gc,start       ] GC(136) Pause Full (Ergonomics)
[7.353s][info][gc,phases,start] GC(136) Marking Phase
[7.635s][info][gc,phases      ] GC(136) Marking Phase 282.524ms
[7.635s][info][gc,phases,start] GC(136) Summary Phase
[7.636s][info][gc,phases      ] GC(136) Summary Phase 0.046ms
[7.636s][info][gc,phases,start] GC(136) Adjust Roots
[7.636s][info][gc,phases      ] GC(136) Adjust Roots 0.158ms
[7.636s][info][gc,phases,start] GC(136) Compaction Phase
[7.741s][info][gc,phases      ] GC(136) Compaction Phase 105.331ms
[7.741s][info][gc,phases,start] GC(136) Post Compact
[7.743s][info][gc,phases      ] GC(136) Post Compact 2.043ms
[7.744s][info][gc,heap        ] GC(136) PSYoungGen: 33920K(91648K)->0K(93696K) Eden: 0K(19456K)->0K(19456K) From: 33920K(72192K)->0K(74240K)
[7.744s][info][gc,heap        ] GC(136) ParOldGen: 1242836K(1276928K)->1275164K(1416704K)
[7.744s][info][gc,metaspace   ] GC(136) Metaspace: 6302K(6528K)->6302K(6528K) NonClass: 5769K(5888K)->5769K(5888K) Class: 533K(640K)->533K(640K)
[7.744s][info][gc             ] GC(136) Pause Full (Ergonomics) 1246M->1245M(1475M) 390.925ms
[7.744s][info][gc,cpu         ] GC(136) User=2.97s Sys=0.02s Real=0.39s
[7.768s][info][gc,start       ] GC(137) Pause Young (Allocation Failure)
[7.785s][info][gc,heap        ] GC(137) PSYoungGen: 19456K(93696K)->19552K(95744K) Eden: 19456K(19456K)->0K(21504K) From: 0K(74240K)->19552K(74240K)
[7.785s][info][gc,heap        ] GC(137) ParOldGen: 1275164K(1416704K)->1275164K(1416704K)
[7.785s][info][gc,metaspace   ] GC(137) Metaspace: 6302K(6528K)->6302K(6528K) NonClass: 5769K(5888K)->5769K(5888K) Class: 533K(640K)->533K(640K)
[7.785s][info][gc             ] GC(137) Pause Young (Allocation Failure) 1264M->1264M(1477M) 16.695ms
[7.785s][info][gc,cpu         ] GC(137) User=0.02s Sys=0.00s Real=0.02s
[7.807s][info][gc,start       ] GC(138) Pause Young (Allocation Failure)
[7.827s][info][gc,heap        ] GC(138) PSYoungGen: 41056K(95744K)->33888K(96256K) Eden: 21504K(21504K)->0K(21504K) From: 19552K(74240K)->33888K(74752K)
[7.827s][info][gc,heap        ] GC(138) ParOldGen: 1275164K(1416704K)->1275164K(1416704K)
[7.827s][info][gc,metaspace   ] GC(138) Metaspace: 6302K(6528K)->6302K(6528K) NonClass: 5769K(5888K)->5769K(5888K) Class: 533K(640K)->533K(640K)
[7.827s][info][gc             ] GC(138) Pause Young (Allocation Failure) 1285M->1278M(1477M) 20.197ms
[7.827s][info][gc,cpu         ] GC(138) User=0.12s Sys=0.00s Real=0.02s
[7.845s][info][gc,start       ] GC(139) Pause Young (Allocation Failure)
[7.870s][info][gc,heap        ] GC(139) PSYoungGen: 55392K(96256K)->45056K(94208K) Eden: 21504K(21504K)->0K(24064K) From: 33888K(74752K)->45056K(70144K)
[7.870s][info][gc,heap        ] GC(139) ParOldGen: 1275164K(1416704K)->1275164K(1416704K)
[7.870s][info][gc,metaspace   ] GC(139) Metaspace: 6302K(6528K)->6302K(6528K) NonClass: 5769K(5888K)->5769K(5888K) Class: 533K(640K)->533K(640K)
[7.870s][info][gc             ] GC(139) Pause Young (Allocation Failure) 1299M->1289M(1475M) 24.471ms
[7.870s][info][gc,cpu         ] GC(139) User=0.12s Sys=0.00s Real=0.02s
[7.900s][info][gc,start       ] GC(140) Pause Young (Allocation Failure)
[7.936s][info][gc,heap        ] GC(140) PSYoungGen: 69120K(94208K)->48896K(95232K) Eden: 24064K(24064K)->0K(24064K) From: 45056K(70144K)->48896K(71168K)
[7.936s][info][gc,heap        ] GC(140) ParOldGen: 1275164K(1416704K)->1294908K(1416704K)
[7.936s][info][gc,metaspace   ] GC(140) Metaspace: 6302K(6528K)->6302K(6528K) NonClass: 5769K(5888K)->5769K(5888K) Class: 533K(640K)->533K(640K)
[7.936s][info][gc             ] GC(140) Pause Young (Allocation Failure) 1312M->1312M(1476M) 36.136ms
[7.936s][info][gc,cpu         ] GC(140) User=0.25s Sys=0.00s Real=0.04s
[7.966s][info][gc,start       ] GC(141) Pause Young (Allocation Failure)
[8.004s][info][gc,heap        ] GC(141) PSYoungGen: 72960K(95232K)->58624K(95232K) Eden: 24064K(24064K)->0K(23552K) From: 48896K(71168K)->58624K(71680K)
[8.004s][info][gc,heap        ] GC(141) ParOldGen: 1294908K(1416704K)->1309444K(1416704K)
[8.004s][info][gc,metaspace   ] GC(141) Metaspace: 6302K(6528K)->6302K(6528K) NonClass: 5769K(5888K)->5769K(5888K) Class: 533K(640K)->533K(640K)
[8.004s][info][gc             ] GC(141) Pause Young (Allocation Failure) 1335M->1336M(1476M) 38.255ms
[8.004s][info][gc,cpu         ] GC(141) User=0.36s Sys=0.02s Real=0.04s
[8.033s][info][gc,start       ] GC(142) Pause Young (Allocation Failure)
[8.076s][info][gc,heap        ] GC(142) PSYoungGen: 82176K(95232K)->71104K(98816K) Eden: 23552K(23552K)->0K(23552K) From: 58624K(71680K)->71104K(75264K)
[8.076s][info][gc,heap        ] GC(142) ParOldGen: 1309444K(1416704K)->1320764K(1416704K)
[8.076s][info][gc,metaspace   ] GC(142) Metaspace: 6302K(6528K)->6302K(6528K) NonClass: 5769K(5888K)->5769K(5888K) Class: 533K(640K)->533K(640K)
[8.076s][info][gc             ] GC(142) Pause Young (Allocation Failure) 1359M->1359M(1480M) 42.922ms
[8.076s][info][gc,cpu         ] GC(142) User=0.25s Sys=0.00s Real=0.04s
[8.337s][info][gc,start       ] GC(143) Pause Full (Ergonomics)
[8.337s][info][gc,phases,start] GC(143) Marking Phase
[8.653s][info][gc,phases      ] GC(143) Marking Phase 316.319ms
[8.653s][info][gc,phases,start] GC(143) Summary Phase
[8.653s][info][gc,phases      ] GC(143) Summary Phase 0.035ms
[8.653s][info][gc,phases,start] GC(143) Adjust Roots
[8.654s][info][gc,phases      ] GC(143) Adjust Roots 0.255ms
[8.654s][info][gc,phases,start] GC(143) Compaction Phase
[8.997s][info][gc,phases      ] GC(143) Compaction Phase 343.659ms
[8.997s][info][gc,phases,start] GC(143) Post Compact
[9.001s][info][gc,phases      ] GC(143) Post Compact 3.067ms
[9.001s][info][gc,heap        ] GC(143) PSYoungGen: 94656K(98816K)->30428K(98816K) Eden: 23552K(23552K)->0K(23552K) From: 71104K(75264K)->30428K(75264K)
[9.001s][info][gc,heap        ] GC(143) ParOldGen: 1386300K(1416704K)->1416666K(1561600K)
[9.001s][info][gc,metaspace   ] GC(143) Metaspace: 6302K(6528K)->6302K(6528K) NonClass: 5769K(5888K)->5769K(5888K) Class: 533K(640K)->533K(640K)
[9.001s][info][gc             ] GC(143) Pause Full (Ergonomics) 1446M->1413M(1621M) 664.390ms
[9.001s][info][gc,cpu         ] GC(143) User=4.80s Sys=0.02s Real=0.66s
[9.024s][info][gc,start       ] GC(144) Pause Young (Allocation Failure)
[9.105s][info][gc,heap        ] GC(144) PSYoungGen: 53980K(98816K)->44416K(100864K) Eden: 23552K(23552K)->0K(26112K) From: 30428K(75264K)->44416K(74752K)
[9.105s][info][gc,heap        ] GC(144) ParOldGen: 1416666K(1561600K)->1426642K(1561600K)
[9.105s][info][gc,metaspace   ] GC(144) Metaspace: 6302K(6528K)->6302K(6528K) NonClass: 5769K(5888K)->5769K(5888K) Class: 533K(640K)->533K(640K)
[9.105s][info][gc             ] GC(144) Pause Young (Allocation Failure) 1436M->1436M(1623M) 81.302ms
[9.105s][info][gc,cpu         ] GC(144) User=0.52s Sys=0.00s Real=0.08s
[9.129s][info][gc,start       ] GC(145) Pause Young (Allocation Failure)
[9.166s][info][gc,heap        ] GC(145) PSYoungGen: 70528K(100864K)->70496K(104960K) Eden: 26112K(26112K)->0K(26112K) From: 44416K(74752K)->70496K(78848K)
[9.166s][info][gc,heap        ] GC(145) ParOldGen: 1426642K(1561600K)->1426642K(1561600K)
[9.166s][info][gc,metaspace   ] GC(145) Metaspace: 6302K(6528K)->6302K(6528K) NonClass: 5769K(5888K)->5769K(5888K) Class: 533K(640K)->533K(640K)
[9.166s][info][gc             ] GC(145) Pause Young (Allocation Failure) 1462M->1462M(1627M) 36.471ms
[9.166s][info][gc,cpu         ] GC(145) User=0.08s Sys=0.00s Real=0.04s
[9.190s][info][gc,start       ] GC(146) Pause Young (Allocation Failure)
[9.236s][info][gc,heap        ] GC(146) PSYoungGen: 96608K(104960K)->84992K(99840K) Eden: 26112K(26112K)->0K(14848K) From: 70496K(78848K)->84992K(84992K)
[9.236s][info][gc,heap        ] GC(146) ParOldGen: 1426642K(1561600K)->1438322K(1561600K)
[9.236s][info][gc,metaspace   ] GC(146) Metaspace: 6302K(6528K)->6302K(6528K) NonClass: 5769K(5888K)->5769K(5888K) Class: 533K(640K)->533K(640K)
[9.236s][info][gc             ] GC(146) Pause Young (Allocation Failure) 1487M->1487M(1622M) 46.563ms
[9.236s][info][gc,cpu         ] GC(146) User=0.25s Sys=0.02s Real=0.05s
[9.250s][info][gc,start       ] GC(147) Pause Young (Allocation Failure)
[9.296s][info][gc,heap        ] GC(147) PSYoungGen: 99840K(99840K)->82368K(114176K) Eden: 14848K(14848K)->0K(14848K) From: 84992K(84992K)->82368K(99328K)
[9.296s][info][gc,heap        ] GC(147) ParOldGen: 1438322K(1561600K)->1456106K(1561600K)
[9.296s][info][gc,metaspace   ] GC(147) Metaspace: 6302K(6528K)->6302K(6528K) NonClass: 5769K(5888K)->5769K(5888K) Class: 533K(640K)->533K(640K)
[9.297s][info][gc             ] GC(147) Pause Young (Allocation Failure) 1502M->1502M(1636M) 46.398ms
[9.297s][info][gc,cpu         ] GC(147) User=0.27s Sys=0.00s Real=0.05s
[9.312s][info][gc,start       ] GC(148) Pause Young (Allocation Failure)
[9.357s][info][gc,heap        ] GC(148) PSYoungGen: 97216K(114176K)->78336K(119296K) Eden: 14848K(14848K)->0K(13312K) From: 82368K(99328K)->78336K(105984K)
[9.357s][info][gc,heap        ] GC(148) ParOldGen: 1456106K(1561600K)->1475322K(1561600K)
[9.357s][info][gc,metaspace   ] GC(148) Metaspace: 6302K(6528K)->6302K(6528K) NonClass: 5769K(5888K)->5769K(5888K) Class: 533K(640K)->533K(640K)
[9.357s][info][gc             ] GC(148) Pause Young (Allocation Failure) 1516M->1517M(1641M) 45.583ms
[9.357s][info][gc,cpu         ] GC(148) User=0.25s Sys=0.00s Real=0.05s
[9.371s][info][gc,start       ] GC(149) Pause Young (Allocation Failure)
[9.415s][info][gc,heap        ] GC(149) PSYoungGen: 91648K(119296K)->43168K(56832K) Eden: 13312K(13312K)->0K(13312K) From: 78336K(105984K)->43168K(43520K)
[9.415s][info][gc,heap        ] GC(149) ParOldGen: 1475322K(1561600K)->1524330K(1561600K)
[9.415s][info][gc,metaspace   ] GC(149) Metaspace: 6302K(6528K)->6302K(6528K) NonClass: 5769K(5888K)->5769K(5888K) Class: 533K(640K)->533K(640K)
[9.415s][info][gc             ] GC(149) Pause Young (Allocation Failure) 1530M->1530M(1580M) 44.630ms
[9.415s][info][gc,cpu         ] GC(149) User=0.19s Sys=0.02s Real=0.05s
[9.416s][info][gc,start       ] GC(150) Pause Full (Ergonomics)
[9.416s][info][gc,phases,start] GC(150) Marking Phase
[9.760s][info][gc,phases      ] GC(150) Marking Phase 344.064ms
[9.760s][info][gc,phases,start] GC(150) Summary Phase
[9.760s][info][gc,phases      ] GC(150) Summary Phase 0.028ms
[9.760s][info][gc,phases,start] GC(150) Adjust Roots
[9.760s][info][gc,phases      ] GC(150) Adjust Roots 0.160ms
[9.760s][info][gc,phases,start] GC(150) Compaction Phase
[9.925s][info][gc,phases      ] GC(150) Compaction Phase 165.372ms
[9.925s][info][gc,phases,start] GC(150) Post Compact
[9.928s][info][gc,phases      ] GC(150) Post Compact 2.747ms
[9.929s][info][gc,heap        ] GC(150) PSYoungGen: 43168K(56832K)->4601K(56832K) Eden: 0K(13312K)->0K(13312K) From: 43168K(43520K)->4601K(43520K)
[9.929s][info][gc,heap        ] GC(150) ParOldGen: 1524330K(1561600K)->1561093K(1725952K)
[9.929s][info][gc,metaspace   ] GC(150) Metaspace: 6302K(6528K)->6302K(6528K) NonClass: 5769K(5888K)->5769K(5888K) Class: 533K(640K)->533K(640K)
[9.929s][info][gc             ] GC(150) Pause Full (Ergonomics) 1530M->1528M(1741M) 513.535ms
[9.929s][info][gc,cpu         ] GC(150) User=3.55s Sys=0.03s Real=0.51s
[9.945s][info][gc,start       ] GC(151) Pause Young (Allocation Failure)
[10.022s][info][gc,heap        ] GC(151) PSYoungGen: 17913K(56832K)->14272K(119296K) Eden: 13312K(13312K)->0K(12800K) From: 4601K(43520K)->14272K(106496K)
[10.022s][info][gc,heap        ] GC(151) ParOldGen: 1561093K(1725952K)->1564925K(1725952K)
[10.022s][info][gc,metaspace   ] GC(151) Metaspace: 6302K(6528K)->6302K(6528K) NonClass: 5769K(5888K)->5769K(5888K) Class: 533K(640K)->533K(640K)
[10.022s][info][gc             ] GC(151) Pause Young (Allocation Failure) 1541M->1542M(1802M) 77.475ms
[10.022s][info][gc,cpu         ] GC(151) User=0.42s Sys=0.00s Real=0.08s
[10.035s][info][gc,start       ] GC(152) Pause Young (Allocation Failure)
[10.060s][info][gc,heap        ] GC(152) PSYoungGen: 27072K(119296K)->26240K(121856K) Eden: 12800K(12800K)->0K(12800K) From: 14272K(106496K)->26240K(109056K)
[10.060s][info][gc,heap        ] GC(152) ParOldGen: 1564925K(1725952K)->1565805K(1725952K)
[10.060s][info][gc,metaspace   ] GC(152) Metaspace: 6302K(6528K)->6302K(6528K) NonClass: 5769K(5888K)->5769K(5888K) Class: 533K(640K)->533K(640K)
[10.060s][info][gc             ] GC(152) Pause Young (Allocation Failure) 1554M->1554M(1804M) 24.369ms
[10.060s][info][gc,cpu         ] GC(152) User=0.03s Sys=0.00s Real=0.02s
[10.073s][info][gc,start       ] GC(153) Pause Young (Allocation Failure)
[10.100s][info][gc,heap        ] GC(153) PSYoungGen: 39040K(121856K)->25696K(118784K) Eden: 12800K(12800K)->0K(14336K) From: 26240K(109056K)->25696K(104448K)
[10.101s][info][gc,heap        ] GC(153) ParOldGen: 1565805K(1725952K)->1579293K(1725952K)
[10.101s][info][gc,metaspace   ] GC(153) Metaspace: 6302K(6528K)->6302K(6528K) NonClass: 5769K(5888K)->5769K(5888K) Class: 533K(640K)->533K(640K)
[10.101s][info][gc             ] GC(153) Pause Young (Allocation Failure) 1567M->1567M(1801M) 27.771ms
[10.101s][info][gc,cpu         ] GC(153) User=0.05s Sys=0.00s Real=0.03s
[10.115s][info][gc,start       ] GC(154) Pause Young (Allocation Failure)
[10.143s][info][gc,heap        ] GC(154) PSYoungGen: 40032K(118784K)->27264K(41984K) Eden: 14336K(14336K)->0K(14336K) From: 25696K(104448K)->27264K(27648K)
[10.143s][info][gc,heap        ] GC(154) ParOldGen: 1579293K(1725952K)->1592277K(1725952K)
[10.143s][info][gc,metaspace   ] GC(154) Metaspace: 6302K(6528K)->6302K(6528K) NonClass: 5769K(5888K)->5769K(5888K) Class: 533K(640K)->533K(640K)
[10.143s][info][gc             ] GC(154) Pause Young (Allocation Failure) 1581M->1581M(1726M) 27.945ms
[10.143s][info][gc,cpu         ] GC(154) User=0.05s Sys=0.00s Real=0.03s
[10.157s][info][gc,start       ] GC(155) Pause Young (Allocation Failure)
[10.186s][info][gc,heap        ] GC(155) PSYoungGen: 41600K(41984K)->14464K(118784K) Eden: 14336K(14336K)->0K(16384K) From: 27264K(27648K)->14464K(102400K)
[10.186s][info][gc,heap        ] GC(155) ParOldGen: 1592277K(1725952K)->1619765K(1725952K)
[10.186s][info][gc,metaspace   ] GC(155) Metaspace: 6302K(6528K)->6302K(6528K) NonClass: 5769K(5888K)->5769K(5888K) Class: 533K(640K)->533K(640K)
[10.186s][info][gc             ] GC(155) Pause Young (Allocation Failure) 1595M->1595M(1801M) 29.862ms
[10.186s][info][gc,cpu         ] GC(155) User=0.03s Sys=0.00s Real=0.03s
[10.203s][info][gc,start       ] GC(156) Pause Young (Allocation Failure)
[10.228s][info][gc,heap        ] GC(156) PSYoungGen: 30848K(118784K)->16512K(119296K) Eden: 16384K(16384K)->0K(16384K) From: 14464K(102400K)->16512K(102912K)
[10.228s][info][gc,heap        ] GC(156) ParOldGen: 1619765K(1725952K)->1634285K(1725952K)
[10.228s][info][gc,metaspace   ] GC(156) Metaspace: 6302K(6528K)->6302K(6528K) NonClass: 5769K(5888K)->5769K(5888K) Class: 533K(640K)->533K(640K)
[10.228s][info][gc             ] GC(156) Pause Young (Allocation Failure) 1611M->1612M(1802M) 25.797ms
[10.228s][info][gc,cpu         ] GC(156) User=0.02s Sys=0.02s Real=0.03s
[10.245s][info][gc,start       ] GC(157) Pause Young (Allocation Failure)
[10.271s][info][gc,heap        ] GC(157) PSYoungGen: 32896K(119296K)->16544K(115712K) Eden: 16384K(16384K)->0K(18944K) From: 16512K(102912K)->16544K(96768K)
[10.271s][info][gc,heap        ] GC(157) ParOldGen: 1634285K(1725952K)->1650877K(1725952K)
[10.271s][info][gc,metaspace   ] GC(157) Metaspace: 6302K(6528K)->6302K(6528K) NonClass: 5769K(5888K)->5769K(5888K) Class: 533K(640K)->533K(640K)
[10.271s][info][gc             ] GC(157) Pause Young (Allocation Failure) 1628M->1628M(1798M) 26.592ms
[10.271s][info][gc,cpu         ] GC(157) User=0.03s Sys=0.00s Real=0.03s
[10.290s][info][gc,start       ] GC(158) Pause Young (Allocation Failure)
[10.317s][info][gc,heap        ] GC(158) PSYoungGen: 35488K(115712K)->19072K(38400K) Eden: 18944K(18944K)->0K(18944K) From: 16544K(96768K)->19072K(19456K)
[10.317s][info][gc,heap        ] GC(158) ParOldGen: 1650877K(1725952K)->1667469K(1725952K)
[10.317s][info][gc,metaspace   ] GC(158) Metaspace: 6302K(6528K)->6302K(6528K) NonClass: 5769K(5888K)->5769K(5888K) Class: 533K(640K)->533K(640K)
[10.317s][info][gc             ] GC(158) Pause Young (Allocation Failure) 1646M->1647M(1723M) 27.349ms
[10.317s][info][gc,cpu         ] GC(158) User=0.02s Sys=0.02s Real=0.03s
[10.337s][info][gc,start       ] GC(159) Pause Young (Allocation Failure)
[10.365s][info][gc,heap        ] GC(159) PSYoungGen: 38016K(38400K)->19104K(111104K) Eden: 18944K(18944K)->0K(21504K) From: 19072K(19456K)->19104K(89600K)
[10.365s][info][gc,heap        ] GC(159) ParOldGen: 1667469K(1725952K)->1686669K(1725952K)
[10.365s][info][gc,metaspace   ] GC(159) Metaspace: 6302K(6528K)->6302K(6528K) NonClass: 5769K(5888K)->5769K(5888K) Class: 533K(640K)->533K(640K)
[10.365s][info][gc             ] GC(159) Pause Young (Allocation Failure) 1665M->1665M(1794M) 28.099ms
[10.365s][info][gc,cpu         ] GC(159) User=0.03s Sys=0.00s Real=0.03s
[10.387s][info][gc,start       ] GC(160) Pause Young (Allocation Failure)
[10.415s][info][gc,heap        ] GC(160) PSYoungGen: 40608K(111104K)->21696K(43520K) Eden: 21504K(21504K)->0K(21504K) From: 19104K(89600K)->21696K(22016K)
[10.415s][info][gc,heap        ] GC(160) ParOldGen: 1686669K(1725952K)->1705877K(1725952K)
[10.415s][info][gc,metaspace   ] GC(160) Metaspace: 6302K(6528K)->6302K(6528K) NonClass: 5769K(5888K)->5769K(5888K) Class: 533K(640K)->533K(640K)
[10.415s][info][gc             ] GC(160) Pause Young (Allocation Failure) 1686M->1687M(1728M) 28.387ms
[10.415s][info][gc,cpu         ] GC(160) User=0.05s Sys=0.00s Real=0.03s
[10.416s][info][gc,start       ] GC(161) Pause Full (Ergonomics)
[10.416s][info][gc,phases,start] GC(161) Marking Phase
[10.798s][info][gc,phases      ] GC(161) Marking Phase 382.457ms
[10.798s][info][gc,phases,start] GC(161) Summary Phase
[10.798s][info][gc,phases      ] GC(161) Summary Phase 0.039ms
[10.798s][info][gc,phases,start] GC(161) Adjust Roots
[10.798s][info][gc,phases      ] GC(161) Adjust Roots 0.190ms
[10.798s][info][gc,phases,start] GC(161) Compaction Phase
[10.971s][info][gc,phases      ] GC(161) Compaction Phase 172.215ms
[10.971s][info][gc,phases,start] GC(161) Post Compact
[10.974s][info][gc,phases      ] GC(161) Post Compact 3.230ms
[10.975s][info][gc,heap        ] GC(161) PSYoungGen: 21696K(43520K)->0K(113152K) Eden: 0K(21504K)->0K(24576K) From: 21696K(22016K)->0K(88576K)
[10.975s][info][gc,heap        ] GC(161) ParOldGen: 1705877K(1725952K)->1725140K(1893376K)
[10.975s][info][gc,metaspace   ] GC(161) Metaspace: 6302K(6528K)->6302K(6528K) NonClass: 5769K(5888K)->5769K(5888K) Class: 533K(640K)->533K(640K)
[10.975s][info][gc             ] GC(161) Pause Full (Ergonomics) 1687M->1684M(1959M) 559.247ms
[10.975s][info][gc,cpu         ] GC(161) User=3.94s Sys=0.00s Real=0.56s
[11.002s][info][gc,start       ] GC(162) Pause Young (Allocation Failure)
[11.026s][info][gc,heap        ] GC(162) PSYoungGen: 24576K(113152K)->24736K(49664K) Eden: 24576K(24576K)->0K(24576K) From: 0K(88576K)->24736K(25088K)
[11.026s][info][gc,heap        ] GC(162) ParOldGen: 1725140K(1893376K)->1725140K(1893376K)
[11.026s][info][gc,metaspace   ] GC(162) Metaspace: 6302K(6528K)->6302K(6528K) NonClass: 5769K(5888K)->5769K(5888K) Class: 533K(640K)->533K(640K)
[11.026s][info][gc             ] GC(162) Pause Young (Allocation Failure) 1708M->1708M(1897M) 23.969ms
[11.026s][info][gc,cpu         ] GC(162) User=0.02s Sys=0.00s Real=0.02s
[11.052s][info][gc,start       ] GC(163) Pause Young (Allocation Failure)
[11.083s][info][gc,heap        ] GC(163) PSYoungGen: 49312K(49664K)->49344K(110592K) Eden: 24576K(24576K)->0K(26112K) From: 24736K(25088K)->49344K(84480K)
[11.083s][info][gc,heap        ] GC(163) ParOldGen: 1725140K(1893376K)->1725140K(1893376K)
[11.083s][info][gc,metaspace   ] GC(163) Metaspace: 6302K(6528K)->6302K(6528K) NonClass: 5769K(5888K)->5769K(5888K) Class: 533K(640K)->533K(640K)
[11.083s][info][gc             ] GC(163) Pause Young (Allocation Failure) 1732M->1732M(1957M) 31.281ms
[11.083s][info][gc,cpu         ] GC(163) User=0.06s Sys=0.00s Real=0.03s
[11.112s][info][gc,start       ] GC(164) Pause Young (Allocation Failure)
[11.153s][info][gc,heap        ] GC(164) PSYoungGen: 75456K(110592K)->75456K(111616K) Eden: 26112K(26112K)->0K(26112K) From: 49344K(84480K)->75456K(85504K)
[11.153s][info][gc,heap        ] GC(164) ParOldGen: 1725140K(1893376K)->1725140K(1893376K)
[11.153s][info][gc,metaspace   ] GC(164) Metaspace: 6302K(6528K)->6302K(6528K) NonClass: 5769K(5888K)->5769K(5888K) Class: 533K(640K)->533K(640K)
[11.153s][info][gc             ] GC(164) Pause Young (Allocation Failure) 1758M->1758M(1958M) 41.156ms
[11.153s][info][gc,cpu         ] GC(164) User=0.16s Sys=0.00s Real=0.04s
[11.180s][info][gc,start       ] GC(165) Pause Young (Allocation Failure)
[11.230s][info][gc,heap        ] GC(165) PSYoungGen: 101568K(111616K)->77024K(116736K) Eden: 26112K(26112K)->0K(20480K) From: 75456K(85504K)->77024K(96256K)
[11.230s][info][gc,heap        ] GC(165) ParOldGen: 1725140K(1893376K)->1750060K(1893376K)
[11.230s][info][gc,metaspace   ] GC(165) Metaspace: 6302K(6528K)->6302K(6528K) NonClass: 5769K(5888K)->5769K(5888K) Class: 533K(640K)->533K(640K)
[11.230s][info][gc             ] GC(165) Pause Young (Allocation Failure) 1783M->1784M(1963M) 49.714ms
[11.230s][info][gc,cpu         ] GC(165) User=0.27s Sys=0.02s Real=0.05s
[11.250s][info][gc,start       ] GC(166) Pause Young (Allocation Failure)
[11.297s][info][gc,heap        ] GC(166) PSYoungGen: 97504K(116736K)->72864K(125440K) Eden: 20480K(20480K)->0K(20480K) From: 77024K(96256K)->72864K(104960K)
[11.297s][info][gc,heap        ] GC(166) ParOldGen: 1750060K(1893376K)->1774972K(1893376K)
[11.297s][info][gc,metaspace   ] GC(166) Metaspace: 6302K(6528K)->6302K(6528K) NonClass: 5769K(5888K)->5769K(5888K) Class: 533K(640K)->533K(640K)
[11.297s][info][gc             ] GC(166) Pause Young (Allocation Failure) 1804M->1804M(1971M) 47.444ms
[11.297s][info][gc,cpu         ] GC(166) User=0.23s Sys=0.03s Real=0.05s
[11.319s][info][gc,start       ] GC(167) Pause Young (Allocation Failure)
[11.365s][info][gc,heap        ] GC(167) PSYoungGen: 93344K(125440K)->67200K(131584K) Eden: 20480K(20480K)->0K(21504K) From: 72864K(104960K)->67200K(110080K)
[11.365s][info][gc,heap        ] GC(167) ParOldGen: 1774972K(1893376K)->1801436K(1893376K)
[11.365s][info][gc,metaspace   ] GC(167) Metaspace: 6302K(6528K)->6302K(6528K) NonClass: 5769K(5888K)->5769K(5888K) Class: 533K(640K)->533K(640K)
[11.365s][info][gc             ] GC(167) Pause Young (Allocation Failure) 1824M->1824M(1977M) 45.823ms
[11.365s][info][gc,cpu         ] GC(167) User=0.23s Sys=0.03s Real=0.05s
[11.389s][info][gc,start       ] GC(168) Pause Young (Allocation Failure)
[11.433s][info][gc,heap        ] GC(168) PSYoungGen: 88704K(131584K)->42176K(64000K) Eden: 21504K(21504K)->0K(21504K) From: 67200K(110080K)->42176K(42496K)
[11.433s][info][gc,heap        ] GC(168) ParOldGen: 1801436K(1893376K)->1848620K(1893376K)
[11.433s][info][gc,metaspace   ] GC(168) Metaspace: 6302K(6528K)->6302K(6528K) NonClass: 5769K(5888K)->5769K(5888K) Class: 533K(640K)->533K(640K)
[11.433s][info][gc             ] GC(168) Pause Young (Allocation Failure) 1845M->1846M(1911M) 44.724ms
[11.433s][info][gc,cpu         ] GC(168) User=0.25s Sys=0.00s Real=0.04s
[11.434s][info][gc,start       ] GC(169) Pause Full (Ergonomics)
[11.434s][info][gc,phases,start] GC(169) Marking Phase
[11.853s][info][gc,phases      ] GC(169) Marking Phase 419.925ms
[11.854s][info][gc,phases,start] GC(169) Summary Phase
[11.854s][info][gc,phases      ] GC(169) Summary Phase 0.046ms
[11.854s][info][gc,phases,start] GC(169) Adjust Roots
[11.854s][info][gc,phases      ] GC(169) Adjust Roots 0.176ms
[11.854s][info][gc,phases,start] GC(169) Compaction Phase
[12.028s][info][gc,phases      ] GC(169) Compaction Phase 174.227ms
[12.028s][info][gc,phases,start] GC(169) Post Compact
[12.032s][info][gc,phases      ] GC(169) Post Compact 3.388ms
[12.032s][info][gc,heap        ] GC(169) PSYoungGen: 42176K(64000K)->0K(130560K) Eden: 0K(21504K)->0K(24576K) From: 42176K(42496K)->0K(105984K)
[12.032s][info][gc,heap        ] GC(169) ParOldGen: 1848620K(1893376K)->1888759K(2048000K)
[12.032s][info][gc,metaspace   ] GC(169) Metaspace: 6302K(6528K)->6302K(6528K) NonClass: 5769K(5888K)->5769K(5888K) Class: 533K(640K)->533K(640K)
[12.032s][info][gc             ] GC(169) Pause Full (Ergonomics) 1846M->1844M(2127M) 598.637ms
[12.032s][info][gc,cpu         ] GC(169) User=4.45s Sys=0.06s Real=0.60s
[12.060s][info][gc,start       ] GC(170) Pause Young (Allocation Failure)
[12.084s][info][gc,heap        ] GC(170) PSYoungGen: 24576K(130560K)->24736K(130560K) Eden: 24576K(24576K)->0K(24576K) From: 0K(105984K)->24736K(105984K)
[12.084s][info][gc,heap        ] GC(170) ParOldGen: 1888759K(2048000K)->1888759K(2048000K)
[12.084s][info][gc,metaspace   ] GC(170) Metaspace: 6302K(6528K)->6302K(6528K) NonClass: 5769K(5888K)->5769K(5888K) Class: 533K(640K)->533K(640K)
[12.084s][info][gc             ] GC(170) Pause Young (Allocation Failure) 1868M->1868M(2127M) 24.263ms
[12.084s][info][gc,cpu         ] GC(170) User=0.06s Sys=0.00s Real=0.02s
[12.111s][info][gc,start       ] GC(171) Pause Young (Allocation Failure)
[12.141s][info][gc,heap        ] GC(171) PSYoungGen: 49312K(130560K)->49312K(122880K) Eden: 24576K(24576K)->0K(27136K) From: 24736K(105984K)->49312K(95744K)
[12.141s][info][gc,heap        ] GC(171) ParOldGen: 1888759K(2048000K)->1888759K(2048000K)
[12.141s][info][gc,metaspace   ] GC(171) Metaspace: 6302K(6528K)->6302K(6528K) NonClass: 5769K(5888K)->5769K(5888K) Class: 533K(640K)->533K(640K)
[12.141s][info][gc             ] GC(171) Pause Young (Allocation Failure) 1892M->1892M(2120M) 30.547ms
[12.141s][info][gc,cpu         ] GC(171) User=0.06s Sys=0.00s Real=0.03s
[12.175s][info][gc,start       ] GC(172) Pause Young (Allocation Failure)
[12.215s][info][gc,heap        ] GC(172) PSYoungGen: 76448K(122880K)->76480K(126976K) Eden: 27136K(27136K)->0K(27136K) From: 49312K(95744K)->76480K(99840K)
[12.215s][info][gc,heap        ] GC(172) ParOldGen: 1888759K(2048000K)->1888759K(2048000K)
[12.215s][info][gc,metaspace   ] GC(172) Metaspace: 6302K(6528K)->6302K(6528K) NonClass: 5769K(5888K)->5769K(5888K) Class: 533K(640K)->533K(640K)
[12.215s][info][gc             ] GC(172) Pause Young (Allocation Failure) 1919M->1919M(2124M) 39.831ms
[12.215s][info][gc,cpu         ] GC(172) User=0.16s Sys=0.00s Real=0.04s
[12.248s][info][gc,start       ] GC(173) Pause Young (Allocation Failure)
[12.300s][info][gc,heap        ] GC(173) PSYoungGen: 103616K(126976K)->79040K(130560K) Eden: 27136K(27136K)->0K(24576K) From: 76480K(99840K)->79040K(105984K)
[12.300s][info][gc,heap        ] GC(173) ParOldGen: 1888759K(2048000K)->1913687K(2048000K)
[12.300s][info][gc,metaspace   ] GC(173) Metaspace: 6302K(6528K)->6302K(6528K) NonClass: 5769K(5888K)->5769K(5888K) Class: 533K(640K)->533K(640K)
[12.300s][info][gc             ] GC(173) Pause Young (Allocation Failure) 1945M->1946M(2127M) 51.627ms
[12.300s][info][gc,cpu         ] GC(173) User=0.34s Sys=0.03s Real=0.05s
[12.332s][info][gc,start       ] GC(174) Pause Young (Allocation Failure)
[12.384s][info][gc,heap        ] GC(174) PSYoungGen: 103616K(130560K)->79040K(136192K) Eden: 24576K(24576K)->0K(24576K) From: 79040K(105984K)->79040K(111616K)
[12.384s][info][gc,heap        ] GC(174) ParOldGen: 1913687K(2048000K)->1938615K(2048000K)
[12.384s][info][gc,metaspace   ] GC(174) Metaspace: 6302K(6528K)->6302K(6528K) NonClass: 5769K(5888K)->5769K(5888K) Class: 533K(640K)->533K(640K)
[12.384s][info][gc             ] GC(174) Pause Young (Allocation Failure) 1970M->1970M(2133M) 51.934ms
[12.384s][info][gc,cpu         ] GC(174) User=0.28s Sys=0.00s Real=0.05s
[12.415s][info][gc,start       ] GC(175) Pause Young (Allocation Failure)
[12.467s][info][gc,heap        ] GC(175) PSYoungGen: 103616K(136192K)->76512K(141824K) Eden: 24576K(24576K)->0K(25600K) From: 79040K(111616K)->76512K(116224K)
[12.467s][info][gc,heap        ] GC(175) ParOldGen: 1938615K(2048000K)->1966119K(2048000K)
[12.467s][info][gc,metaspace   ] GC(175) Metaspace: 6302K(6528K)->6302K(6528K) NonClass: 5769K(5888K)->5769K(5888K) Class: 533K(640K)->533K(640K)
[12.467s][info][gc             ] GC(175) Pause Young (Allocation Failure) 1994M->1994M(2138M) 52.814ms
[12.467s][info][gc,cpu         ] GC(175) User=0.36s Sys=0.02s Real=0.05s
[12.494s][info][gc,start       ] GC(176) Pause Young (Allocation Failure)
[12.546s][info][gc,heap        ] GC(176) PSYoungGen: 102112K(141824K)->74912K(143872K) Eden: 25600K(25600K)->0K(25600K) From: 76512K(116224K)->74912K(118272K)
[12.546s][info][gc,heap        ] GC(176) ParOldGen: 1966119K(2048000K)->1993639K(2048000K)
[12.546s][info][gc,metaspace   ] GC(176) Metaspace: 6302K(6528K)->6302K(6528K) NonClass: 5769K(5888K)->5769K(5888K) Class: 533K(640K)->533K(640K)
[12.546s][info][gc             ] GC(176) Pause Young (Allocation Failure) 2019M->2020M(2140M) 52.043ms
[12.546s][info][gc,cpu         ] GC(176) User=0.30s Sys=0.02s Real=0.05s
[12.574s][info][gc,start       ] GC(177) Pause Young (Allocation Failure)
[12.624s][info][gc,heap        ] GC(177) PSYoungGen: 100512K(143872K)->76000K(146432K) Eden: 25600K(25600K)->0K(27648K) From: 74912K(118272K)->76000K(118784K)
[12.624s][info][gc,heap        ] GC(177) ParOldGen: 1993639K(2048000K)->2018559K(2048000K)
[12.624s][info][gc,metaspace   ] GC(177) Metaspace: 6302K(6528K)->6302K(6528K) NonClass: 5769K(5888K)->5769K(5888K) Class: 533K(640K)->533K(640K)
[12.624s][info][gc             ] GC(177) Pause Young (Allocation Failure) 2045M->2045M(2143M) 50.761ms
[12.624s][info][gc,cpu         ] GC(177) User=0.25s Sys=0.03s Real=0.05s
[12.624s][info][gc,start       ] GC(178) Pause Full (Ergonomics)
[12.624s][info][gc,phases,start] GC(178) Marking Phase
[13.094s][info][gc,phases      ] GC(178) Marking Phase 469.289ms
[13.094s][info][gc,phases,start] GC(178) Summary Phase
[13.094s][info][gc,phases      ] GC(178) Summary Phase 0.032ms
[13.094s][info][gc,phases,start] GC(178) Adjust Roots
[13.094s][info][gc,phases      ] GC(178) Adjust Roots 0.167ms
[13.094s][info][gc,phases,start] GC(178) Compaction Phase
[13.282s][info][gc,phases      ] GC(178) Compaction Phase 188.359ms
[13.282s][info][gc,phases,start] GC(178) Post Compact
[13.286s][info][gc,phases      ] GC(178) Post Compact 3.940ms
[13.286s][info][gc,heap        ] GC(178) PSYoungGen: 76000K(146432K)->44514K(146432K) Eden: 0K(27648K)->0K(27648K) From: 76000K(118784K)->44514K(118784K)
[13.286s][info][gc,heap        ] GC(178) ParOldGen: 2018559K(2048000K)->2047778K(2048000K)
[13.286s][info][gc,metaspace   ] GC(178) Metaspace: 6302K(6528K)->6302K(6528K) NonClass: 5769K(5888K)->5769K(5888K) Class: 533K(640K)->533K(640K)
[13.287s][info][gc             ] GC(178) Pause Full (Ergonomics) 2045M->2043M(2143M) 662.161ms
[13.287s][info][gc,cpu         ] GC(178) User=4.67s Sys=0.02s Real=0.66s
[13.317s][info][gc,start       ] GC(179) Pause Full (Ergonomics)
[13.317s][info][gc,phases,start] GC(179) Marking Phase
[13.810s][info][gc,phases      ] GC(179) Marking Phase 492.925ms
[13.810s][info][gc,phases,start] GC(179) Summary Phase
[13.810s][info][gc,phases      ] GC(179) Summary Phase 0.033ms
[13.810s][info][gc,phases,start] GC(179) Adjust Roots
[13.810s][info][gc,phases      ] GC(179) Adjust Roots 0.161ms
[13.810s][info][gc,phases,start] GC(179) Compaction Phase
[13.946s][info][gc,phases      ] GC(179) Compaction Phase 136.109ms
[13.946s][info][gc,phases,start] GC(179) Post Compact
[13.950s][info][gc,phases      ] GC(179) Post Compact 3.504ms
[13.950s][info][gc,heap        ] GC(179) PSYoungGen: 72162K(146432K)->72131K(146432K) Eden: 27648K(27648K)->27617K(27648K) From: 44514K(118784K)->44514K(118784K)
[13.950s][info][gc,heap        ] GC(179) ParOldGen: 2047778K(2048000K)->2047778K(2048000K)
[13.950s][info][gc,metaspace   ] GC(179) Metaspace: 6302K(6528K)->6302K(6528K) NonClass: 5769K(5888K)->5769K(5888K) Class: 533K(640K)->533K(640K)
[13.950s][info][gc             ] GC(179) Pause Full (Ergonomics) 2070M->2070M(2143M) 633.103ms
[13.950s][info][gc,cpu         ] GC(179) User=4.72s Sys=0.00s Real=0.63s
[13.950s][info][gc,start       ] GC(180) Pause Full (Ergonomics)
[13.950s][info][gc,phases,start] GC(180) Marking Phase
[14.411s][info][gc,phases      ] GC(180) Marking Phase 461.169ms
[14.411s][info][gc,phases,start] GC(180) Summary Phase
[14.412s][info][gc,phases      ] GC(180) Summary Phase 0.032ms
[14.412s][info][gc,phases,start] GC(180) Adjust Roots
[14.412s][info][gc,phases      ] GC(180) Adjust Roots 0.161ms
[14.412s][info][gc,phases,start] GC(180) Compaction Phase
[14.542s][info][gc,phases      ] GC(180) Compaction Phase 130.443ms
[14.542s][info][gc,phases,start] GC(180) Post Compact
[14.546s][info][gc,phases      ] GC(180) Post Compact 3.476ms
[14.546s][info][gc,heap        ] GC(180) PSYoungGen: 72162K(146432K)->72161K(146432K) Eden: 27648K(27648K)->27647K(27648K) From: 44514K(118784K)->44514K(118784K)
[14.546s][info][gc,heap        ] GC(180) ParOldGen: 2047778K(2048000K)->2047778K(2048000K)
[14.546s][info][gc,metaspace   ] GC(180) Metaspace: 6302K(6528K)->6302K(6528K) NonClass: 5769K(5888K)->5769K(5888K) Class: 533K(640K)->533K(640K)
[14.546s][info][gc             ] GC(180) Pause Full (Ergonomics) 2070M->2070M(2143M) 595.723ms
[14.546s][info][gc,cpu         ] GC(180) User=4.55s Sys=0.00s Real=0.60s
[14.546s][info][gc,start       ] GC(181) Pause Full (Ergonomics)
[14.546s][info][gc,phases,start] GC(181) Marking Phase
[15.033s][info][gc,phases      ] GC(181) Marking Phase 486.925ms
[15.033s][info][gc,phases,start] GC(181) Summary Phase
[15.033s][info][gc,phases      ] GC(181) Summary Phase 0.032ms
[15.033s][info][gc,phases,start] GC(181) Adjust Roots
[15.033s][info][gc,phases      ] GC(181) Adjust Roots 0.159ms
[15.033s][info][gc,phases,start] GC(181) Compaction Phase
[15.165s][info][gc,phases      ] GC(181) Compaction Phase 131.888ms
[15.165s][info][gc,phases,start] GC(181) Post Compact
[15.169s][info][gc,phases      ] GC(181) Post Compact 4.034ms
[15.169s][info][gc,heap        ] GC(181) PSYoungGen: 72162K(146432K)->72162K(146432K) Eden: 27648K(27648K)->27648K(27648K) From: 44514K(118784K)->44514K(118784K)
[15.169s][info][gc,heap        ] GC(181) ParOldGen: 2047778K(2048000K)->2047778K(2048000K)
[15.170s][info][gc,metaspace   ] GC(181) Metaspace: 6302K(6528K)->6302K(6528K) NonClass: 5769K(5888K)->5769K(5888K) Class: 533K(640K)->533K(640K)
[15.170s][info][gc             ] GC(181) Pause Full (Ergonomics) 2070M->2070M(2143M) 623.432ms
[15.170s][info][gc,cpu         ] GC(181) User=4.64s Sys=0.00s Real=0.62s
[15.170s][info][gc,start       ] GC(182) Pause Full (Ergonomics)
[15.170s][info][gc,phases,start] GC(182) Marking Phase
[15.640s][info][gc,phases      ] GC(182) Marking Phase 470.038ms
[15.640s][info][gc,phases,start] GC(182) Summary Phase
[15.640s][info][gc,phases      ] GC(182) Summary Phase 0.033ms
[15.640s][info][gc,phases,start] GC(182) Adjust Roots
[15.640s][info][gc,phases      ] GC(182) Adjust Roots 0.183ms
[15.640s][info][gc,phases,start] GC(182) Compaction Phase
[15.770s][info][gc,phases      ] GC(182) Compaction Phase 130.233ms
[15.770s][info][gc,phases,start] GC(182) Post Compact
[15.774s][info][gc,phases      ] GC(182) Post Compact 3.472ms
[15.774s][info][gc,heap        ] GC(182) PSYoungGen: 72162K(146432K)->72162K(146432K) Eden: 27648K(27648K)->27648K(27648K) From: 44514K(118784K)->44514K(118784K)
[15.774s][info][gc,heap        ] GC(182) ParOldGen: 2047783K(2048000K)->2047783K(2048000K)
[15.774s][info][gc,metaspace   ] GC(182) Metaspace: 6302K(6528K)->6302K(6528K) NonClass: 5769K(5888K)->5769K(5888K) Class: 533K(640K)->533K(640K)
[15.774s][info][gc             ] GC(182) Pause Full (Ergonomics) 2070M->2070M(2143M) 604.305ms
[15.774s][info][gc,cpu         ] GC(182) User=4.48s Sys=0.00s Real=0.61s
[15.774s][info][gc,start       ] GC(183) Pause Full (Ergonomics)
[15.774s][info][gc,phases,start] GC(183) Marking Phase
[16.244s][info][gc,phases      ] GC(183) Marking Phase 470.040ms
[16.244s][info][gc,phases,start] GC(183) Summary Phase
[16.244s][info][gc,phases      ] GC(183) Summary Phase 0.038ms
[16.244s][info][gc,phases,start] GC(183) Adjust Roots
[16.245s][info][gc,phases      ] GC(183) Adjust Roots 0.237ms
[16.245s][info][gc,phases,start] GC(183) Compaction Phase
[16.381s][info][gc,phases      ] GC(183) Compaction Phase 136.526ms
[16.381s][info][gc,phases,start] GC(183) Post Compact
[16.385s][info][gc,phases      ] GC(183) Post Compact 4.133ms
[16.386s][info][gc,heap        ] GC(183) PSYoungGen: 72162K(146432K)->72162K(146432K) Eden: 27648K(27648K)->27648K(27648K) From: 44514K(118784K)->44514K(118784K)
[16.386s][info][gc,heap        ] GC(183) ParOldGen: 2047787K(2048000K)->2047787K(2048000K)
[16.386s][info][gc,metaspace   ] GC(183) Metaspace: 6302K(6528K)->6302K(6528K) NonClass: 5769K(5888K)->5769K(5888K) Class: 533K(640K)->533K(640K)
[16.386s][info][gc             ] GC(183) Pause Full (Ergonomics) 2070M->2070M(2143M) 611.371ms
[16.386s][info][gc,cpu         ] GC(183) User=4.66s Sys=0.00s Real=0.61s
[16.386s][info][gc,start       ] GC(184) Pause Full (Ergonomics)
[16.386s][info][gc,phases,start] GC(184) Marking Phase
[16.878s][info][gc,phases      ] GC(184) Marking Phase 492.353ms
[16.878s][info][gc,phases,start] GC(184) Summary Phase
[16.879s][info][gc,phases      ] GC(184) Summary Phase 0.037ms
[16.879s][info][gc,phases,start] GC(184) Adjust Roots
[16.879s][info][gc,phases      ] GC(184) Adjust Roots 0.199ms
[16.879s][info][gc,phases,start] GC(184) Compaction Phase
[17.016s][info][gc,phases      ] GC(184) Compaction Phase 137.246ms
[17.016s][info][gc,phases,start] GC(184) Post Compact
[17.020s][info][gc,phases      ] GC(184) Post Compact 3.692ms
[17.020s][info][gc,heap        ] GC(184) PSYoungGen: 72162K(146432K)->72162K(146432K) Eden: 27648K(27648K)->27648K(27648K) From: 44514K(118784K)->44514K(118784K)
[17.020s][info][gc,heap        ] GC(184) ParOldGen: 2047792K(2048000K)->2047792K(2048000K)
[17.020s][info][gc,metaspace   ] GC(184) Metaspace: 6302K(6528K)->6302K(6528K) NonClass: 5769K(5888K)->5769K(5888K) Class: 533K(640K)->533K(640K)
[17.020s][info][gc             ] GC(184) Pause Full (Ergonomics) 2070M->2070M(2143M) 633.963ms
[17.020s][info][gc,cpu         ] GC(184) User=4.81s Sys=0.00s Real=0.63s
[17.020s][info][gc,start       ] GC(185) Pause Full (Ergonomics)
[17.020s][info][gc,phases,start] GC(185) Marking Phase
[17.504s][info][gc,phases      ] GC(185) Marking Phase 484.367ms
[17.505s][info][gc,phases,start] GC(185) Summary Phase
[17.505s][info][gc,phases      ] GC(185) Summary Phase 0.032ms
[17.505s][info][gc,phases,start] GC(185) Adjust Roots
[17.505s][info][gc,phases      ] GC(185) Adjust Roots 0.163ms
[17.505s][info][gc,phases,start] GC(185) Compaction Phase
[17.658s][info][gc,phases      ] GC(185) Compaction Phase 153.550ms
[17.658s][info][gc,phases,start] GC(185) Post Compact
[17.662s][info][gc,phases      ] GC(185) Post Compact 3.947ms
[17.662s][info][gc,heap        ] GC(185) PSYoungGen: 72162K(146432K)->72162K(146432K) Eden: 27648K(27648K)->27648K(27648K) From: 44514K(118784K)->44514K(118784K)
[17.662s][info][gc,heap        ] GC(185) ParOldGen: 2047797K(2048000K)->2047797K(2048000K)
[17.662s][info][gc,metaspace   ] GC(185) Metaspace: 6302K(6528K)->6302K(6528K) NonClass: 5769K(5888K)->5769K(5888K) Class: 533K(640K)->533K(640K)
[17.662s][info][gc             ] GC(185) Pause Full (Ergonomics) 2070M->2070M(2143M) 642.390ms
[17.662s][info][gc,cpu         ] GC(185) User=4.73s Sys=0.00s Real=0.64s
[17.663s][info][gc,start       ] GC(186) Pause Full (Ergonomics)
[17.663s][info][gc,phases,start] GC(186) Marking Phase
[18.132s][info][gc,phases      ] GC(186) Marking Phase 469.528ms
[18.132s][info][gc,phases,start] GC(186) Summary Phase
[18.132s][info][gc,phases      ] GC(186) Summary Phase 0.033ms
[18.132s][info][gc,phases,start] GC(186) Adjust Roots
[18.132s][info][gc,phases      ] GC(186) Adjust Roots 0.160ms
[18.132s][info][gc,phases,start] GC(186) Compaction Phase
[18.266s][info][gc,phases      ] GC(186) Compaction Phase 133.397ms
[18.266s][info][gc,phases,start] GC(186) Post Compact
[18.269s][info][gc,phases      ] GC(186) Post Compact 3.510ms
[18.270s][info][gc,heap        ] GC(186) PSYoungGen: 72162K(146432K)->72162K(146432K) Eden: 27648K(27648K)->27648K(27648K) From: 44514K(118784K)->44514K(118784K)
[18.270s][info][gc,heap        ] GC(186) ParOldGen: 2047801K(2048000K)->2047801K(2048000K)
[18.270s][info][gc,metaspace   ] GC(186) Metaspace: 6302K(6528K)->6302K(6528K) NonClass: 5769K(5888K)->5769K(5888K) Class: 533K(640K)->533K(640K)
[18.270s][info][gc             ] GC(186) Pause Full (Ergonomics) 2070M->2070M(2143M) 606.953ms
[18.270s][info][gc,cpu         ] GC(186) User=4.66s Sys=0.00s Real=0.61s
[18.270s][info][gc,start       ] GC(187) Pause Full (Ergonomics)
[18.270s][info][gc,phases,start] GC(187) Marking Phase
[18.752s][info][gc,phases      ] GC(187) Marking Phase 481.841ms
[18.752s][info][gc,phases,start] GC(187) Summary Phase
[18.752s][info][gc,phases      ] GC(187) Summary Phase 0.032ms
[18.752s][info][gc,phases,start] GC(187) Adjust Roots
[18.752s][info][gc,phases      ] GC(187) Adjust Roots 0.160ms
[18.752s][info][gc,phases,start] GC(187) Compaction Phase
[18.890s][info][gc,phases      ] GC(187) Compaction Phase 137.941ms
[18.890s][info][gc,phases,start] GC(187) Post Compact
[18.894s][info][gc,phases      ] GC(187) Post Compact 3.648ms
[18.894s][info][gc,heap        ] GC(187) PSYoungGen: 72162K(146432K)->72162K(146432K) Eden: 27648K(27648K)->27648K(27648K) From: 44514K(118784K)->44514K(118784K)
[18.894s][info][gc,heap        ] GC(187) ParOldGen: 2047806K(2048000K)->2047806K(2048000K)
[18.894s][info][gc,metaspace   ] GC(187) Metaspace: 6302K(6528K)->6302K(6528K) NonClass: 5769K(5888K)->5769K(5888K) Class: 533K(640K)->533K(640K)
[18.894s][info][gc             ] GC(187) Pause Full (Ergonomics) 2070M->2070M(2143M) 624.093ms
[18.894s][info][gc,cpu         ] GC(187) User=4.75s Sys=0.00s Real=0.62s
[18.894s][info][gc,start       ] GC(188) Pause Full (Ergonomics)
[18.894s][info][gc,phases,start] GC(188) Marking Phase
[19.372s][info][gc,phases      ] GC(188) Marking Phase 477.701ms
[19.372s][info][gc,phases,start] GC(188) Summary Phase
[19.372s][info][gc,phases      ] GC(188) Summary Phase 0.032ms
[19.372s][info][gc,phases,start] GC(188) Adjust Roots
[19.372s][info][gc,phases      ] GC(188) Adjust Roots 0.160ms
[19.372s][info][gc,phases,start] GC(188) Compaction Phase
[19.502s][info][gc,phases      ] GC(188) Compaction Phase 129.867ms
[19.502s][info][gc,phases,start] GC(188) Post Compact
[19.506s][info][gc,phases      ] GC(188) Post Compact 3.922ms
[19.506s][info][gc,heap        ] GC(188) PSYoungGen: 72162K(146432K)->72162K(146432K) Eden: 27648K(27648K)->27648K(27648K) From: 44514K(118784K)->44514K(118784K)
[19.506s][info][gc,heap        ] GC(188) ParOldGen: 2047811K(2048000K)->2047811K(2048000K)
[19.506s][info][gc,metaspace   ] GC(188) Metaspace: 6302K(6528K)->6302K(6528K) NonClass: 5769K(5888K)->5769K(5888K) Class: 533K(640K)->533K(640K)
[19.506s][info][gc             ] GC(188) Pause Full (Ergonomics) 2070M->2070M(2143M) 612.037ms
[19.506s][info][gc,cpu         ] GC(188) User=4.70s Sys=0.00s Real=0.61s
[19.506s][info][gc,start       ] GC(189) Pause Full (Ergonomics)
[19.506s][info][gc,phases,start] GC(189) Marking Phase
[19.984s][info][gc,phases      ] GC(189) Marking Phase 477.595ms
[19.984s][info][gc,phases,start] GC(189) Summary Phase
[19.984s][info][gc,phases      ] GC(189) Summary Phase 0.032ms
[19.984s][info][gc,phases,start] GC(189) Adjust Roots
[19.984s][info][gc,phases      ] GC(189) Adjust Roots 0.189ms
[19.984s][info][gc,phases,start] GC(189) Compaction Phase
[20.116s][info][gc,phases      ] GC(189) Compaction Phase 131.637ms
[20.116s][info][gc,phases,start] GC(189) Post Compact
[20.120s][info][gc,phases      ] GC(189) Post Compact 3.569ms
[20.120s][info][gc,heap        ] GC(189) PSYoungGen: 72162K(146432K)->72162K(146432K) Eden: 27648K(27648K)->27648K(27648K) From: 44514K(118784K)->44514K(118784K)
[20.120s][info][gc,heap        ] GC(189) ParOldGen: 2047815K(2048000K)->2047815K(2048000K)
[20.120s][info][gc,metaspace   ] GC(189) Metaspace: 6302K(6528K)->6302K(6528K) NonClass: 5769K(5888K)->5769K(5888K) Class: 533K(640K)->533K(640K)
[20.120s][info][gc             ] GC(189) Pause Full (Ergonomics) 2070M->2070M(2143M) 613.363ms
[20.120s][info][gc,cpu         ] GC(189) User=4.61s Sys=0.00s Real=0.61s
[20.120s][info][gc,start       ] GC(190) Pause Full (Ergonomics)
[20.120s][info][gc,phases,start] GC(190) Marking Phase
[20.590s][info][gc,phases      ] GC(190) Marking Phase 470.300ms
[20.590s][info][gc,phases,start] GC(190) Summary Phase
[20.590s][info][gc,phases      ] GC(190) Summary Phase 0.033ms
[20.590s][info][gc,phases,start] GC(190) Adjust Roots
[20.591s][info][gc,phases      ] GC(190) Adjust Roots 0.164ms
[20.591s][info][gc,phases,start] GC(190) Compaction Phase
[20.723s][info][gc,phases      ] GC(190) Compaction Phase 132.657ms
[20.723s][info][gc,phases,start] GC(190) Post Compact
[20.727s][info][gc,phases      ] GC(190) Post Compact 3.587ms
[20.727s][info][gc,heap        ] GC(190) PSYoungGen: 72162K(146432K)->72162K(146432K) Eden: 27648K(27648K)->27648K(27648K) From: 44514K(118784K)->44514K(118784K)
[20.727s][info][gc,heap        ] GC(190) ParOldGen: 2047820K(2048000K)->2047820K(2048000K)
[20.727s][info][gc,metaspace   ] GC(190) Metaspace: 6302K(6528K)->6302K(6528K) NonClass: 5769K(5888K)->5769K(5888K) Class: 533K(640K)->533K(640K)
[20.727s][info][gc             ] GC(190) Pause Full (Ergonomics) 2070M->2070M(2143M) 607.118ms
[20.727s][info][gc,cpu         ] GC(190) User=4.59s Sys=0.00s Real=0.61s
[20.727s][info][gc,start       ] GC(191) Pause Full (Ergonomics)
[20.727s][info][gc,phases,start] GC(191) Marking Phase
[21.203s][info][gc,phases      ] GC(191) Marking Phase 475.537ms
[21.203s][info][gc,phases,start] GC(191) Summary Phase
[21.203s][info][gc,phases      ] GC(191) Summary Phase 0.033ms
[21.203s][info][gc,phases,start] GC(191) Adjust Roots
[21.203s][info][gc,phases      ] GC(191) Adjust Roots 0.176ms
[21.203s][info][gc,phases,start] GC(191) Compaction Phase
[21.338s][info][gc,phases      ] GC(191) Compaction Phase 134.846ms
[21.338s][info][gc,phases,start] GC(191) Post Compact
[21.342s][info][gc,phases      ] GC(191) Post Compact 3.559ms
[21.342s][info][gc,heap        ] GC(191) PSYoungGen: 72162K(146432K)->72162K(146432K) Eden: 27648K(27648K)->27648K(27648K) From: 44514K(118784K)->44514K(118784K)
[21.342s][info][gc,heap        ] GC(191) ParOldGen: 2047825K(2048000K)->2047825K(2048000K)
[21.342s][info][gc,metaspace   ] GC(191) Metaspace: 6302K(6528K)->6302K(6528K) NonClass: 5769K(5888K)->5769K(5888K) Class: 533K(640K)->533K(640K)
[21.342s][info][gc             ] GC(191) Pause Full (Ergonomics) 2070M->2070M(2143M) 614.496ms
[21.342s][info][gc,cpu         ] GC(191) User=4.66s Sys=0.00s Real=0.61s
[21.342s][info][gc,start       ] GC(192) Pause Full (Ergonomics)
[21.342s][info][gc,phases,start] GC(192) Marking Phase
[21.812s][info][gc,phases      ] GC(192) Marking Phase 469.521ms
[21.812s][info][gc,phases,start] GC(192) Summary Phase
[21.812s][info][gc,phases      ] GC(192) Summary Phase 0.033ms
[21.812s][info][gc,phases,start] GC(192) Adjust Roots
[21.812s][info][gc,phases      ] GC(192) Adjust Roots 0.185ms
[21.812s][info][gc,phases,start] GC(192) Compaction Phase
[21.952s][info][gc,phases      ] GC(192) Compaction Phase 140.043ms
[21.952s][info][gc,phases,start] GC(192) Post Compact
[21.955s][info][gc,phases      ] GC(192) Post Compact 3.466ms
[21.955s][info][gc,heap        ] GC(192) PSYoungGen: 72162K(146432K)->72162K(146432K) Eden: 27648K(27648K)->27648K(27648K) From: 44514K(118784K)->44514K(118784K)
[21.955s][info][gc,heap        ] GC(192) ParOldGen: 2047829K(2048000K)->2047829K(2048000K)
[21.956s][info][gc,metaspace   ] GC(192) Metaspace: 6302K(6528K)->6302K(6528K) NonClass: 5769K(5888K)->5769K(5888K) Class: 533K(640K)->533K(640K)
[21.956s][info][gc             ] GC(192) Pause Full (Ergonomics) 2070M->2070M(2143M) 613.571ms
[21.956s][info][gc,cpu         ] GC(192) User=4.53s Sys=0.00s Real=0.61s
[21.956s][info][gc,start       ] GC(193) Pause Full (Ergonomics)
[21.956s][info][gc,phases,start] GC(193) Marking Phase
[22.412s][info][gc,phases      ] GC(193) Marking Phase 456.605ms
[22.412s][info][gc,phases,start] GC(193) Summary Phase
[22.412s][info][gc,phases      ] GC(193) Summary Phase 0.035ms
[22.412s][info][gc,phases,start] GC(193) Adjust Roots
[22.413s][info][gc,phases      ] GC(193) Adjust Roots 0.237ms
[22.413s][info][gc,phases,start] GC(193) Compaction Phase
[22.574s][info][gc,phases      ] GC(193) Compaction Phase 161.239ms
[22.574s][info][gc,phases,start] GC(193) Post Compact
[22.578s][info][gc,phases      ] GC(193) Post Compact 3.935ms
[22.578s][info][gc,heap        ] GC(193) PSYoungGen: 72162K(146432K)->72162K(146432K) Eden: 27648K(27648K)->27648K(27648K) From: 44514K(118784K)->44514K(118784K)
[22.578s][info][gc,heap        ] GC(193) ParOldGen: 2047834K(2048000K)->2047834K(2048000K)
[22.578s][info][gc,metaspace   ] GC(193) Metaspace: 6302K(6528K)->6302K(6528K) NonClass: 5769K(5888K)->5769K(5888K) Class: 533K(640K)->533K(640K)
[22.578s][info][gc             ] GC(193) Pause Full (Ergonomics) 2070M->2070M(2143M) 622.438ms
[22.578s][info][gc,cpu         ] GC(193) User=4.53s Sys=0.00s Real=0.62s
[22.578s][info][gc,start       ] GC(194) Pause Full (Ergonomics)
[22.578s][info][gc,phases,start] GC(194) Marking Phase
[23.066s][info][gc,phases      ] GC(194) Marking Phase 487.695ms
[23.066s][info][gc,phases,start] GC(194) Summary Phase
[23.066s][info][gc,phases      ] GC(194) Summary Phase 0.032ms
[23.066s][info][gc,phases,start] GC(194) Adjust Roots
[23.066s][info][gc,phases      ] GC(194) Adjust Roots 0.162ms
[23.066s][info][gc,phases,start] GC(194) Compaction Phase
[23.219s][info][gc,phases      ] GC(194) Compaction Phase 152.585ms
[23.219s][info][gc,phases,start] GC(194) Post Compact
[23.223s][info][gc,phases      ] GC(194) Post Compact 3.829ms
[23.223s][info][gc,heap        ] GC(194) PSYoungGen: 72162K(146432K)->72162K(146432K) Eden: 27648K(27648K)->27648K(27648K) From: 44514K(118784K)->44514K(118784K)
[23.223s][info][gc,heap        ] GC(194) ParOldGen: 2047839K(2048000K)->2047839K(2048000K)
[23.223s][info][gc,metaspace   ] GC(194) Metaspace: 6302K(6528K)->6302K(6528K) NonClass: 5769K(5888K)->5769K(5888K) Class: 533K(640K)->533K(640K)
[23.223s][info][gc             ] GC(194) Pause Full (Ergonomics) 2070M->2070M(2143M) 644.689ms
[23.223s][info][gc,cpu         ] GC(194) User=4.64s Sys=0.00s Real=0.65s
[23.223s][info][gc,start       ] GC(195) Pause Full (Ergonomics)
[23.223s][info][gc,phases,start] GC(195) Marking Phase
[23.691s][info][gc,phases      ] GC(195) Marking Phase 467.797ms
[23.691s][info][gc,phases,start] GC(195) Summary Phase
[23.691s][info][gc,phases      ] GC(195) Summary Phase 0.033ms
[23.691s][info][gc,phases,start] GC(195) Adjust Roots
[23.691s][info][gc,phases      ] GC(195) Adjust Roots 0.165ms
[23.691s][info][gc,phases,start] GC(195) Compaction Phase
[23.823s][info][gc,phases      ] GC(195) Compaction Phase 131.832ms
[23.823s][info][gc,phases,start] GC(195) Post Compact
[23.827s][info][gc,phases      ] GC(195) Post Compact 3.516ms
[23.827s][info][gc,heap        ] GC(195) PSYoungGen: 72162K(146432K)->72162K(146432K) Eden: 27648K(27648K)->27648K(27648K) From: 44514K(118784K)->44514K(118784K)
[23.827s][info][gc,heap        ] GC(195) ParOldGen: 2047843K(2048000K)->2047843K(2048000K)
[23.827s][info][gc,metaspace   ] GC(195) Metaspace: 6302K(6528K)->6302K(6528K) NonClass: 5769K(5888K)->5769K(5888K) Class: 533K(640K)->533K(640K)
[23.827s][info][gc             ] GC(195) Pause Full (Ergonomics) 2070M->2070M(2143M) 603.692ms
[23.827s][info][gc,cpu         ] GC(195) User=4.59s Sys=0.00s Real=0.60s
[23.827s][info][gc,start       ] GC(196) Pause Full (Ergonomics)
[23.827s][info][gc,phases,start] GC(196) Marking Phase
[24.313s][info][gc,phases      ] GC(196) Marking Phase 485.762ms
[24.313s][info][gc,phases,start] GC(196) Summary Phase
[24.313s][info][gc,phases      ] GC(196) Summary Phase 0.033ms
[24.313s][info][gc,phases,start] GC(196) Adjust Roots
[24.313s][info][gc,phases      ] GC(196) Adjust Roots 0.187ms
[24.313s][info][gc,phases,start] GC(196) Compaction Phase
[24.450s][info][gc,phases      ] GC(196) Compaction Phase 136.520ms
[24.450s][info][gc,phases,start] GC(196) Post Compact
[24.454s][info][gc,phases      ] GC(196) Post Compact 4.082ms
[24.454s][info][gc,heap        ] GC(196) PSYoungGen: 72162K(146432K)->72162K(146432K) Eden: 27648K(27648K)->27648K(27648K) From: 44514K(118784K)->44514K(118784K)
[24.454s][info][gc,heap        ] GC(196) ParOldGen: 2047848K(2048000K)->2047848K(2048000K)
[24.454s][info][gc,metaspace   ] GC(196) Metaspace: 6302K(6528K)->6302K(6528K) NonClass: 5769K(5888K)->5769K(5888K) Class: 533K(640K)->533K(640K)
[24.454s][info][gc             ] GC(196) Pause Full (Ergonomics) 2070M->2070M(2143M) 626.983ms
[24.454s][info][gc,cpu         ] GC(196) User=4.62s Sys=0.00s Real=0.63s
[24.454s][info][gc,start       ] GC(197) Pause Full (Ergonomics)
[24.454s][info][gc,phases,start] GC(197) Marking Phase
[24.939s][info][gc,phases      ] GC(197) Marking Phase 484.164ms
[24.939s][info][gc,phases,start] GC(197) Summary Phase
[24.939s][info][gc,phases      ] GC(197) Summary Phase 0.035ms
[24.939s][info][gc,phases,start] GC(197) Adjust Roots
[24.939s][info][gc,phases      ] GC(197) Adjust Roots 0.160ms
[24.939s][info][gc,phases,start] GC(197) Compaction Phase
[25.076s][info][gc,phases      ] GC(197) Compaction Phase 136.583ms
[25.076s][info][gc,phases,start] GC(197) Post Compact
[25.079s][info][gc,phases      ] GC(197) Post Compact 3.630ms
[25.079s][info][gc,heap        ] GC(197) PSYoungGen: 72162K(146432K)->72162K(146432K) Eden: 27648K(27648K)->27648K(27648K) From: 44514K(118784K)->44514K(118784K)
[25.079s][info][gc,heap        ] GC(197) ParOldGen: 2047853K(2048000K)->2047853K(2048000K)
[25.079s][info][gc,metaspace   ] GC(197) Metaspace: 6302K(6528K)->6302K(6528K) NonClass: 5769K(5888K)->5769K(5888K) Class: 533K(640K)->533K(640K)
[25.079s][info][gc             ] GC(197) Pause Full (Ergonomics) 2070M->2070M(2143M) 624.929ms
[25.079s][info][gc,cpu         ] GC(197) User=4.62s Sys=0.00s Real=0.62s
[25.080s][info][gc,start       ] GC(198) Pause Full (Ergonomics)
[25.080s][info][gc,phases,start] GC(198) Marking Phase
[25.540s][info][gc,phases      ] GC(198) Marking Phase 459.994ms
[25.540s][info][gc,phases,start] GC(198) Summary Phase
[25.540s][info][gc,phases      ] GC(198) Summary Phase 0.033ms
[25.540s][info][gc,phases,start] GC(198) Adjust Roots
[25.540s][info][gc,phases      ] GC(198) Adjust Roots 0.199ms
[25.540s][info][gc,phases,start] GC(198) Compaction Phase
[25.676s][info][gc,phases      ] GC(198) Compaction Phase 136.268ms
[25.676s][info][gc,phases,start] GC(198) Post Compact
[25.680s][info][gc,phases      ] GC(198) Post Compact 4.114ms
[25.681s][info][gc,heap        ] GC(198) PSYoungGen: 72162K(146432K)->72162K(146432K) Eden: 27648K(27648K)->27648K(27648K) From: 44514K(118784K)->44514K(118784K)
[25.681s][info][gc,heap        ] GC(198) ParOldGen: 2047857K(2048000K)->2047857K(2048000K)
[25.681s][info][gc,metaspace   ] GC(198) Metaspace: 6302K(6528K)->6302K(6528K) NonClass: 5769K(5888K)->5769K(5888K) Class: 533K(640K)->533K(640K)
[25.681s][info][gc             ] GC(198) Pause Full (Ergonomics) 2070M->2070M(2143M) 600.995ms
[25.681s][info][gc,cpu         ] GC(198) User=4.41s Sys=0.00s Real=0.60s
[25.681s][info][gc,start       ] GC(199) Pause Full (Ergonomics)
[25.681s][info][gc,phases,start] GC(199) Marking Phase
[26.160s][info][gc,phases      ] GC(199) Marking Phase 478.928ms
[26.160s][info][gc,phases,start] GC(199) Summary Phase
[26.160s][info][gc,phases      ] GC(199) Summary Phase 0.033ms
[26.160s][info][gc,phases,start] GC(199) Adjust Roots
[26.160s][info][gc,phases      ] GC(199) Adjust Roots 0.161ms
[26.160s][info][gc,phases,start] GC(199) Compaction Phase
[26.297s][info][gc,phases      ] GC(199) Compaction Phase 137.368ms
[26.298s][info][gc,phases,start] GC(199) Post Compact
[26.301s][info][gc,phases      ] GC(199) Post Compact 3.707ms
[26.301s][info][gc,heap        ] GC(199) PSYoungGen: 72162K(146432K)->72162K(146432K) Eden: 27648K(27648K)->27648K(27648K) From: 44514K(118784K)->44514K(118784K)
[26.301s][info][gc,heap        ] GC(199) ParOldGen: 2047862K(2048000K)->2047862K(2048000K)
[26.301s][info][gc,metaspace   ] GC(199) Metaspace: 6302K(6528K)->6302K(6528K) NonClass: 5769K(5888K)->5769K(5888K) Class: 533K(640K)->533K(640K)
[26.301s][info][gc             ] GC(199) Pause Full (Ergonomics) 2070M->2070M(2143M) 620.567ms
[26.301s][info][gc,cpu         ] GC(199) User=4.66s Sys=0.00s Real=0.62s
[26.302s][info][gc,start       ] GC(200) Pause Full (Ergonomics)
[26.302s][info][gc,phases,start] GC(200) Marking Phase
[26.789s][info][gc,phases      ] GC(200) Marking Phase 487.398ms
[26.789s][info][gc,phases,start] GC(200) Summary Phase
[26.789s][info][gc,phases      ] GC(200) Summary Phase 0.048ms
[26.789s][info][gc,phases,start] GC(200) Adjust Roots
[26.789s][info][gc,phases      ] GC(200) Adjust Roots 0.211ms
[26.789s][info][gc,phases,start] GC(200) Compaction Phase
[26.929s][info][gc,phases      ] GC(200) Compaction Phase 139.391ms
[26.929s][info][gc,phases,start] GC(200) Post Compact
[26.933s][info][gc,phases      ] GC(200) Post Compact 4.074ms
[26.933s][info][gc,heap        ] GC(200) PSYoungGen: 72162K(146432K)->72162K(146432K) Eden: 27648K(27648K)->27648K(27648K) From: 44514K(118784K)->44514K(118784K)
[26.933s][info][gc,heap        ] GC(200) ParOldGen: 2047867K(2048000K)->2047867K(2048000K)
[26.933s][info][gc,metaspace   ] GC(200) Metaspace: 6302K(6528K)->6302K(6528K) NonClass: 5769K(5888K)->5769K(5888K) Class: 533K(640K)->533K(640K)
[26.933s][info][gc             ] GC(200) Pause Full (Ergonomics) 2070M->2070M(2143M) 631.524ms
[26.933s][info][gc,cpu         ] GC(200) User=4.78s Sys=0.00s Real=0.63s
[26.933s][info][gc,start       ] GC(201) Pause Full (Ergonomics)
[26.933s][info][gc,phases,start] GC(201) Marking Phase
[27.434s][info][gc,phases      ] GC(201) Marking Phase 500.100ms
[27.434s][info][gc,phases,start] GC(201) Summary Phase
[27.434s][info][gc,phases      ] GC(201) Summary Phase 0.032ms
[27.434s][info][gc,phases,start] GC(201) Adjust Roots
[27.434s][info][gc,phases      ] GC(201) Adjust Roots 0.175ms
[27.434s][info][gc,phases,start] GC(201) Compaction Phase
[27.580s][info][gc,phases      ] GC(201) Compaction Phase 146.120ms
[27.580s][info][gc,phases,start] GC(201) Post Compact
[27.584s][info][gc,phases      ] GC(201) Post Compact 4.238ms
[27.584s][info][gc,heap        ] GC(201) PSYoungGen: 72162K(146432K)->72162K(146432K) Eden: 27648K(27648K)->27648K(27648K) From: 44514K(118784K)->44514K(118784K)
[27.584s][info][gc,heap        ] GC(201) ParOldGen: 2047871K(2048000K)->2047871K(2048000K)
[27.584s][info][gc,metaspace   ] GC(201) Metaspace: 6302K(6528K)->6302K(6528K) NonClass: 5769K(5888K)->5769K(5888K) Class: 533K(640K)->533K(640K)
[27.584s][info][gc             ] GC(201) Pause Full (Ergonomics) 2070M->2070M(2143M) 651.119ms
[27.585s][info][gc,cpu         ] GC(201) User=4.98s Sys=0.00s Real=0.65s
[27.585s][info][gc,start       ] GC(202) Pause Full (Ergonomics)
[27.585s][info][gc,phases,start] GC(202) Marking Phase
[28.069s][info][gc,phases      ] GC(202) Marking Phase 483.833ms
[28.069s][info][gc,phases,start] GC(202) Summary Phase
[28.069s][info][gc,phases      ] GC(202) Summary Phase 0.034ms
[28.069s][info][gc,phases,start] GC(202) Adjust Roots
[28.069s][info][gc,phases      ] GC(202) Adjust Roots 0.204ms
[28.069s][info][gc,phases,start] GC(202) Compaction Phase
[28.209s][info][gc,phases      ] GC(202) Compaction Phase 140.082ms
[28.209s][info][gc,phases,start] GC(202) Post Compact
[28.213s][info][gc,phases      ] GC(202) Post Compact 3.949ms
[28.213s][info][gc,heap        ] GC(202) PSYoungGen: 72162K(146432K)->72162K(146432K) Eden: 27648K(27648K)->27648K(27648K) From: 44514K(118784K)->44514K(118784K)
[28.213s][info][gc,heap        ] GC(202) ParOldGen: 2047876K(2048000K)->2047876K(2048000K)
[28.213s][info][gc,metaspace   ] GC(202) Metaspace: 6302K(6528K)->6302K(6528K) NonClass: 5769K(5888K)->5769K(5888K) Class: 533K(640K)->533K(640K)
[28.213s][info][gc             ] GC(202) Pause Full (Ergonomics) 2070M->2070M(2143M) 628.490ms
[28.213s][info][gc,cpu         ] GC(202) User=4.78s Sys=0.00s Real=0.63s
[28.213s][info][gc,start       ] GC(203) Pause Full (Ergonomics)
[28.214s][info][gc,phases,start] GC(203) Marking Phase
[28.704s][info][gc,phases      ] GC(203) Marking Phase 490.161ms
[28.704s][info][gc,phases,start] GC(203) Summary Phase
[28.704s][info][gc,phases      ] GC(203) Summary Phase 0.034ms
[28.704s][info][gc,phases,start] GC(203) Adjust Roots
[28.704s][info][gc,phases      ] GC(203) Adjust Roots 0.187ms
[28.704s][info][gc,phases,start] GC(203) Compaction Phase
[28.858s][info][gc,phases      ] GC(203) Compaction Phase 154.171ms
[28.858s][info][gc,phases,start] GC(203) Post Compact
[28.862s][info][gc,phases      ] GC(203) Post Compact 3.832ms
[28.862s][info][gc,heap        ] GC(203) PSYoungGen: 72162K(146432K)->72162K(146432K) Eden: 27648K(27648K)->27648K(27648K) From: 44514K(118784K)->44514K(118784K)
[28.862s][info][gc,heap        ] GC(203) ParOldGen: 2047881K(2048000K)->2047881K(2048000K)
[28.862s][info][gc,metaspace   ] GC(203) Metaspace: 6302K(6528K)->6302K(6528K) NonClass: 5769K(5888K)->5769K(5888K) Class: 533K(640K)->533K(640K)
[28.862s][info][gc             ] GC(203) Pause Full (Ergonomics) 2070M->2070M(2143M) 648.738ms
[28.862s][info][gc,cpu         ] GC(203) User=4.80s Sys=0.00s Real=0.65s
[28.862s][info][gc,start       ] GC(204) Pause Full (Ergonomics)
[28.863s][info][gc,phases,start] GC(204) Marking Phase
[29.359s][info][gc,phases      ] GC(204) Marking Phase 496.603ms
[29.359s][info][gc,phases,start] GC(204) Summary Phase
[29.359s][info][gc,phases      ] GC(204) Summary Phase 0.033ms
[29.359s][info][gc,phases,start] GC(204) Adjust Roots
[29.359s][info][gc,phases      ] GC(204) Adjust Roots 0.165ms
[29.359s][info][gc,phases,start] GC(204) Compaction Phase
[29.500s][info][gc,phases      ] GC(204) Compaction Phase 140.568ms
[29.500s][info][gc,phases,start] GC(204) Post Compact
[29.504s][info][gc,phases      ] GC(204) Post Compact 4.001ms
[29.504s][info][gc,heap        ] GC(204) PSYoungGen: 72162K(146432K)->72162K(146432K) Eden: 27648K(27648K)->27648K(27648K) From: 44514K(118784K)->44514K(118784K)
[29.504s][info][gc,heap        ] GC(204) ParOldGen: 2047885K(2048000K)->2047885K(2048000K)
[29.504s][info][gc,metaspace   ] GC(204) Metaspace: 6302K(6528K)->6302K(6528K) NonClass: 5769K(5888K)->5769K(5888K) Class: 533K(640K)->533K(640K)
[29.504s][info][gc             ] GC(204) Pause Full (Ergonomics) 2070M->2070M(2143M) 641.730ms
[29.504s][info][gc,cpu         ] GC(204) User=4.77s Sys=0.00s Real=0.64s
[29.504s][info][gc,start       ] GC(205) Pause Full (Ergonomics)
[29.504s][info][gc,phases,start] GC(205) Marking Phase
[29.990s][info][gc,phases      ] GC(205) Marking Phase 485.675ms
[29.990s][info][gc,phases,start] GC(205) Summary Phase
[29.990s][info][gc,phases      ] GC(205) Summary Phase 0.036ms
[29.990s][info][gc,phases,start] GC(205) Adjust Roots
[29.990s][info][gc,phases      ] GC(205) Adjust Roots 0.217ms
[29.990s][info][gc,phases,start] GC(205) Compaction Phase
[30.147s][info][gc,phases      ] GC(205) Compaction Phase 156.525ms
[30.147s][info][gc,phases,start] GC(205) Post Compact
[30.151s][info][gc,phases      ] GC(205) Post Compact 4.046ms
[30.151s][info][gc,heap        ] GC(205) PSYoungGen: 72162K(146432K)->72162K(146432K) Eden: 27648K(27648K)->27648K(27648K) From: 44514K(118784K)->44514K(118784K)
[30.151s][info][gc,heap        ] GC(205) ParOldGen: 2047890K(2048000K)->2047890K(2048000K)
[30.151s][info][gc,metaspace   ] GC(205) Metaspace: 6302K(6528K)->6302K(6528K) NonClass: 5769K(5888K)->5769K(5888K) Class: 533K(640K)->533K(640K)
[30.151s][info][gc             ] GC(205) Pause Full (Ergonomics) 2070M->2070M(2143M) 646.893ms
[30.151s][info][gc,cpu         ] GC(205) User=4.70s Sys=0.00s Real=0.65s
[30.152s][info][gc,start       ] GC(206) Pause Full (Ergonomics)
[30.152s][info][gc,phases,start] GC(206) Marking Phase
[30.640s][info][gc,phases      ] GC(206) Marking Phase 488.103ms
[30.640s][info][gc,phases,start] GC(206) Summary Phase
[30.640s][info][gc,phases      ] GC(206) Summary Phase 0.032ms
[30.640s][info][gc,phases,start] GC(206) Adjust Roots
[30.640s][info][gc,phases      ] GC(206) Adjust Roots 0.164ms
[30.640s][info][gc,phases,start] GC(206) Compaction Phase
[30.785s][info][gc,phases      ] GC(206) Compaction Phase 144.544ms
[30.785s][info][gc,phases,start] GC(206) Post Compact
[30.789s][info][gc,phases      ] GC(206) Post Compact 3.975ms
[30.789s][info][gc,heap        ] GC(206) PSYoungGen: 72162K(146432K)->72162K(146432K) Eden: 27648K(27648K)->27648K(27648K) From: 44514K(118784K)->44514K(118784K)
[30.789s][info][gc,heap        ] GC(206) ParOldGen: 2047895K(2048000K)->2047895K(2048000K)
[30.789s][info][gc,metaspace   ] GC(206) Metaspace: 6302K(6528K)->6302K(6528K) NonClass: 5769K(5888K)->5769K(5888K) Class: 533K(640K)->533K(640K)
[30.789s][info][gc             ] GC(206) Pause Full (Ergonomics) 2070M->2070M(2143M) 637.175ms
[30.789s][info][gc,cpu         ] GC(206) User=4.73s Sys=0.00s Real=0.64s
[30.789s][info][gc,start       ] GC(207) Pause Full (Ergonomics)
[30.789s][info][gc,phases,start] GC(207) Marking Phase
[31.275s][info][gc,phases      ] GC(207) Marking Phase 486.371ms
[31.275s][info][gc,phases,start] GC(207) Summary Phase
[31.275s][info][gc,phases      ] GC(207) Summary Phase 0.038ms
[31.276s][info][gc,phases,start] GC(207) Adjust Roots
[31.276s][info][gc,phases      ] GC(207) Adjust Roots 0.190ms
[31.276s][info][gc,phases,start] GC(207) Compaction Phase
[31.417s][info][gc,phases      ] GC(207) Compaction Phase 141.347ms
[31.417s][info][gc,phases,start] GC(207) Post Compact
[31.421s][info][gc,phases      ] GC(207) Post Compact 3.624ms
[31.421s][info][gc,heap        ] GC(207) PSYoungGen: 72162K(146432K)->72162K(146432K) Eden: 27648K(27648K)->27648K(27648K) From: 44514K(118784K)->44514K(118784K)
[31.421s][info][gc,heap        ] GC(207) ParOldGen: 2047899K(2048000K)->2047899K(2048000K)
[31.421s][info][gc,metaspace   ] GC(207) Metaspace: 6302K(6528K)->6302K(6528K) NonClass: 5769K(5888K)->5769K(5888K) Class: 533K(640K)->533K(640K)
[31.421s][info][gc             ] GC(207) Pause Full (Ergonomics) 2070M->2070M(2143M) 631.912ms
[31.421s][info][gc,cpu         ] GC(207) User=4.94s Sys=0.00s Real=0.63s
[31.421s][info][gc,start       ] GC(208) Pause Full (Ergonomics)
[31.421s][info][gc,phases,start] GC(208) Marking Phase
[31.917s][info][gc,phases      ] GC(208) Marking Phase 495.515ms
[31.917s][info][gc,phases,start] GC(208) Summary Phase
[31.917s][info][gc,phases      ] GC(208) Summary Phase 0.032ms
[31.917s][info][gc,phases,start] GC(208) Adjust Roots
[31.917s][info][gc,phases      ] GC(208) Adjust Roots 0.175ms
[31.917s][info][gc,phases,start] GC(208) Compaction Phase
[32.058s][info][gc,phases      ] GC(208) Compaction Phase 140.582ms
[32.058s][info][gc,phases,start] GC(208) Post Compact
[32.062s][info][gc,phases      ] GC(208) Post Compact 3.901ms
[32.062s][info][gc,heap        ] GC(208) PSYoungGen: 72162K(146432K)->72162K(146432K) Eden: 27648K(27648K)->27648K(27648K) From: 44514K(118784K)->44514K(118784K)
[32.062s][info][gc,heap        ] GC(208) ParOldGen: 2047904K(2048000K)->2047904K(2048000K)
[32.062s][info][gc,metaspace   ] GC(208) Metaspace: 6302K(6528K)->6302K(6528K) NonClass: 5769K(5888K)->5769K(5888K) Class: 533K(640K)->533K(640K)
[32.062s][info][gc             ] GC(208) Pause Full (Ergonomics) 2070M->2070M(2143M) 640.567ms
[32.062s][info][gc,cpu         ] GC(208) User=4.78s Sys=0.00s Real=0.64s
[32.062s][info][gc,start       ] GC(209) Pause Full (Ergonomics)
[32.062s][info][gc,phases,start] GC(209) Marking Phase
[32.570s][info][gc,phases      ] GC(209) Marking Phase 508.298ms
[32.570s][info][gc,phases,start] GC(209) Summary Phase
[32.570s][info][gc,phases      ] GC(209) Summary Phase 0.033ms
[32.570s][info][gc,phases,start] GC(209) Adjust Roots
[32.571s][info][gc,phases      ] GC(209) Adjust Roots 0.173ms
[32.571s][info][gc,phases,start] GC(209) Compaction Phase
[32.713s][info][gc,phases      ] GC(209) Compaction Phase 141.922ms
[32.713s][info][gc,phases,start] GC(209) Post Compact
[32.716s][info][gc,phases      ] GC(209) Post Compact 3.638ms
[32.716s][info][gc,heap        ] GC(209) PSYoungGen: 72162K(146432K)->72162K(146432K) Eden: 27648K(27648K)->27648K(27648K) From: 44514K(118784K)->44514K(118784K)
[32.716s][info][gc,heap        ] GC(209) ParOldGen: 2047909K(2048000K)->2047909K(2048000K)
[32.716s][info][gc,metaspace   ] GC(209) Metaspace: 6302K(6528K)->6302K(6528K) NonClass: 5769K(5888K)->5769K(5888K) Class: 533K(640K)->533K(640K)
[32.716s][info][gc             ] GC(209) Pause Full (Ergonomics) 2070M->2070M(2143M) 654.425ms
[32.716s][info][gc,cpu         ] GC(209) User=4.81s Sys=0.00s Real=0.65s
[32.717s][info][gc,start       ] GC(210) Pause Full (Ergonomics)
[32.717s][info][gc,phases,start] GC(210) Marking Phase
[33.207s][info][gc,phases      ] GC(210) Marking Phase 489.944ms
[33.207s][info][gc,phases,start] GC(210) Summary Phase
[33.207s][info][gc,phases      ] GC(210) Summary Phase 0.035ms
[33.207s][info][gc,phases,start] GC(210) Adjust Roots
[33.207s][info][gc,phases      ] GC(210) Adjust Roots 0.191ms
[33.207s][info][gc,phases,start] GC(210) Compaction Phase
[33.356s][info][gc,phases      ] GC(210) Compaction Phase 149.318ms
[33.356s][info][gc,phases,start] GC(210) Post Compact
[33.360s][info][gc,phases      ] GC(210) Post Compact 3.858ms
[33.360s][info][gc,heap        ] GC(210) PSYoungGen: 72162K(146432K)->72162K(146432K) Eden: 27648K(27648K)->27648K(27648K) From: 44514K(118784K)->44514K(118784K)
[33.360s][info][gc,heap        ] GC(210) ParOldGen: 2047913K(2048000K)->2047913K(2048000K)
[33.360s][info][gc,metaspace   ] GC(210) Metaspace: 6302K(6528K)->6302K(6528K) NonClass: 5769K(5888K)->5769K(5888K) Class: 533K(640K)->533K(640K)
[33.360s][info][gc             ] GC(210) Pause Full (Ergonomics) 2070M->2070M(2143M) 643.713ms
[33.360s][info][gc,cpu         ] GC(210) User=4.67s Sys=0.00s Real=0.64s
[33.361s][info][gc,start       ] GC(211) Pause Full (Ergonomics)
[33.361s][info][gc,phases,start] GC(211) Marking Phase
[33.848s][info][gc,phases      ] GC(211) Marking Phase 487.113ms
[33.848s][info][gc,phases,start] GC(211) Summary Phase
[33.848s][info][gc,phases      ] GC(211) Summary Phase 0.033ms
[33.848s][info][gc,phases,start] GC(211) Adjust Roots
[33.848s][info][gc,phases      ] GC(211) Adjust Roots 0.179ms
[33.848s][info][gc,phases,start] GC(211) Compaction Phase
[33.986s][info][gc,phases      ] GC(211) Compaction Phase 137.620ms
[33.986s][info][gc,phases,start] GC(211) Post Compact
[33.989s][info][gc,phases      ] GC(211) Post Compact 3.625ms
[33.989s][info][gc,heap        ] GC(211) PSYoungGen: 72162K(146432K)->72162K(146432K) Eden: 27648K(27648K)->27648K(27648K) From: 44514K(118784K)->44514K(118784K)
[33.989s][info][gc,heap        ] GC(211) ParOldGen: 2047918K(2048000K)->2047918K(2048000K)
[33.989s][info][gc,metaspace   ] GC(211) Metaspace: 6302K(6528K)->6302K(6528K) NonClass: 5769K(5888K)->5769K(5888K) Class: 533K(640K)->533K(640K)
[33.989s][info][gc             ] GC(211) Pause Full (Ergonomics) 2070M->2070M(2143M) 628.933ms
[33.990s][info][gc,cpu         ] GC(211) User=4.70s Sys=0.02s Real=0.63s
[33.990s][info][gc,start       ] GC(212) Pause Full (Ergonomics)
[33.990s][info][gc,phases,start] GC(212) Marking Phase
[34.496s][info][gc,phases      ] GC(212) Marking Phase 506.112ms
[34.496s][info][gc,phases,start] GC(212) Summary Phase
[34.496s][info][gc,phases      ] GC(212) Summary Phase 0.032ms
[34.496s][info][gc,phases,start] GC(212) Adjust Roots
[34.496s][info][gc,phases      ] GC(212) Adjust Roots 0.191ms
[34.496s][info][gc,phases,start] GC(212) Compaction Phase
[34.632s][info][gc,phases      ] GC(212) Compaction Phase 135.821ms
[34.632s][info][gc,phases,start] GC(212) Post Compact
[34.636s][info][gc,phases      ] GC(212) Post Compact 4.119ms
[34.636s][info][gc,heap        ] GC(212) PSYoungGen: 72162K(146432K)->72162K(146432K) Eden: 27648K(27648K)->27648K(27648K) From: 44514K(118784K)->44514K(118784K)
[34.636s][info][gc,heap        ] GC(212) ParOldGen: 2047923K(2048000K)->2047923K(2048000K)
[34.636s][info][gc,metaspace   ] GC(212) Metaspace: 6302K(6528K)->6302K(6528K) NonClass: 5769K(5888K)->5769K(5888K) Class: 533K(640K)->533K(640K)
[34.636s][info][gc             ] GC(212) Pause Full (Ergonomics) 2070M->2070M(2143M) 646.654ms
[34.636s][info][gc,cpu         ] GC(212) User=5.03s Sys=0.00s Real=0.65s
[34.637s][info][gc,start       ] GC(213) Pause Full (Ergonomics)
[34.637s][info][gc,phases,start] GC(213) Marking Phase
[35.132s][info][gc,phases      ] GC(213) Marking Phase 495.801ms
[35.133s][info][gc,phases,start] GC(213) Summary Phase
[35.133s][info][gc,phases      ] GC(213) Summary Phase 0.032ms
[35.133s][info][gc,phases,start] GC(213) Adjust Roots
[35.133s][info][gc,phases      ] GC(213) Adjust Roots 0.171ms
[35.133s][info][gc,phases,start] GC(213) Compaction Phase
[35.277s][info][gc,phases      ] GC(213) Compaction Phase 144.220ms
[35.277s][info][gc,phases,start] GC(213) Post Compact
[35.281s][info][gc,phases      ] GC(213) Post Compact 3.592ms
[35.281s][info][gc,heap        ] GC(213) PSYoungGen: 72162K(146432K)->72162K(146432K) Eden: 27648K(27648K)->27648K(27648K) From: 44514K(118784K)->44514K(118784K)
[35.281s][info][gc,heap        ] GC(213) ParOldGen: 2047927K(2048000K)->2047927K(2048000K)
[35.281s][info][gc,metaspace   ] GC(213) Metaspace: 6302K(6528K)->6302K(6528K) NonClass: 5769K(5888K)->5769K(5888K) Class: 533K(640K)->533K(640K)
[35.281s][info][gc             ] GC(213) Pause Full (Ergonomics) 2070M->2070M(2143M) 644.175ms
[35.281s][info][gc,cpu         ] GC(213) User=4.83s Sys=0.02s Real=0.64s
[35.281s][info][gc,start       ] GC(214) Pause Full (Ergonomics)
[35.281s][info][gc,phases,start] GC(214) Marking Phase
[35.779s][info][gc,phases      ] GC(214) Marking Phase 497.702ms
[35.779s][info][gc,phases,start] GC(214) Summary Phase
[35.779s][info][gc,phases      ] GC(214) Summary Phase 0.032ms
[35.779s][info][gc,phases,start] GC(214) Adjust Roots
[35.779s][info][gc,phases      ] GC(214) Adjust Roots 0.188ms
[35.779s][info][gc,phases,start] GC(214) Compaction Phase
[35.927s][info][gc,phases      ] GC(214) Compaction Phase 148.049ms
[35.927s][info][gc,phases,start] GC(214) Post Compact
[35.931s][info][gc,phases      ] GC(214) Post Compact 3.603ms
[35.931s][info][gc,heap        ] GC(214) PSYoungGen: 72162K(146432K)->72162K(146432K) Eden: 27648K(27648K)->27648K(27648K) From: 44514K(118784K)->44514K(118784K)
[35.931s][info][gc,heap        ] GC(214) ParOldGen: 2047932K(2048000K)->2047932K(2048000K)
[35.931s][info][gc,metaspace   ] GC(214) Metaspace: 6302K(6528K)->6302K(6528K) NonClass: 5769K(5888K)->5769K(5888K) Class: 533K(640K)->533K(640K)
[35.931s][info][gc             ] GC(214) Pause Full (Ergonomics) 2070M->2070M(2143M) 649.926ms
[35.931s][info][gc,cpu         ] GC(214) User=4.69s Sys=0.03s Real=0.65s
[35.931s][info][gc,start       ] GC(215) Pause Full (Ergonomics)
[35.931s][info][gc,phases,start] GC(215) Marking Phase
[36.435s][info][gc,phases      ] GC(215) Marking Phase 503.751ms
[36.435s][info][gc,phases,start] GC(215) Summary Phase
[36.435s][info][gc,phases      ] GC(215) Summary Phase 0.032ms
[36.435s][info][gc,phases,start] GC(215) Adjust Roots
[36.435s][info][gc,phases      ] GC(215) Adjust Roots 0.161ms
[36.435s][info][gc,phases,start] GC(215) Compaction Phase
[36.581s][info][gc,phases      ] GC(215) Compaction Phase 145.285ms
[36.581s][info][gc,phases,start] GC(215) Post Compact
[36.584s][info][gc,phases      ] GC(215) Post Compact 3.641ms
[36.584s][info][gc,heap        ] GC(215) PSYoungGen: 72162K(146432K)->72162K(146432K) Eden: 27648K(27648K)->27648K(27648K) From: 44514K(118784K)->44514K(118784K)
[36.584s][info][gc,heap        ] GC(215) ParOldGen: 2047937K(2048000K)->2047937K(2048000K)
[36.584s][info][gc,metaspace   ] GC(215) Metaspace: 6302K(6528K)->6302K(6528K) NonClass: 5769K(5888K)->5769K(5888K) Class: 533K(640K)->533K(640K)
[36.584s][info][gc             ] GC(215) Pause Full (Ergonomics) 2070M->2070M(2143M) 653.249ms
[36.585s][info][gc,cpu         ] GC(215) User=4.97s Sys=0.00s Real=0.65s
[36.585s][info][gc,start       ] GC(216) Pause Full (Ergonomics)
[36.585s][info][gc,phases,start] GC(216) Marking Phase
[37.080s][info][gc,phases      ] GC(216) Marking Phase 495.247ms
[37.080s][info][gc,phases,start] GC(216) Summary Phase
[37.080s][info][gc,phases      ] GC(216) Summary Phase 0.033ms
[37.080s][info][gc,phases,start] GC(216) Adjust Roots
[37.080s][info][gc,phases      ] GC(216) Adjust Roots 0.164ms
[37.080s][info][gc,phases,start] GC(216) Compaction Phase
[37.233s][info][gc,phases      ] GC(216) Compaction Phase 152.169ms
[37.233s][info][gc,phases,start] GC(216) Post Compact
[37.236s][info][gc,phases      ] GC(216) Post Compact 3.845ms
[37.237s][info][gc,heap        ] GC(216) PSYoungGen: 72162K(146432K)->72162K(146432K) Eden: 27648K(27648K)->27648K(27648K) From: 44514K(118784K)->44514K(118784K)
[37.237s][info][gc,heap        ] GC(216) ParOldGen: 2047941K(2048000K)->2047941K(2048000K)
[37.237s][info][gc,metaspace   ] GC(216) Metaspace: 6302K(6528K)->6302K(6528K) NonClass: 5769K(5888K)->5769K(5888K) Class: 533K(640K)->533K(640K)
[37.237s][info][gc             ] GC(216) Pause Full (Ergonomics) 2070M->2070M(2143M) 651.856ms
[37.237s][info][gc,cpu         ] GC(216) User=4.89s Sys=0.00s Real=0.65s
[37.237s][info][gc,start       ] GC(217) Pause Full (Ergonomics)
[37.237s][info][gc,phases,start] GC(217) Marking Phase
[37.718s][info][gc,phases      ] GC(217) Marking Phase 480.773ms
[37.718s][info][gc,phases,start] GC(217) Summary Phase
[37.718s][info][gc,phases      ] GC(217) Summary Phase 0.032ms
[37.718s][info][gc,phases,start] GC(217) Adjust Roots
[37.718s][info][gc,phases      ] GC(217) Adjust Roots 0.189ms
[37.718s][info][gc,phases,start] GC(217) Compaction Phase
[37.865s][info][gc,phases      ] GC(217) Compaction Phase 146.959ms
[37.865s][info][gc,phases,start] GC(217) Post Compact
[37.869s][info][gc,phases      ] GC(217) Post Compact 3.584ms
[37.869s][info][gc,heap        ] GC(217) PSYoungGen: 72162K(146432K)->72162K(146432K) Eden: 27648K(27648K)->27648K(27648K) From: 44514K(118784K)->44514K(118784K)
[37.869s][info][gc,heap        ] GC(217) ParOldGen: 2047946K(2048000K)->2047946K(2048000K)
[37.869s][info][gc,metaspace   ] GC(217) Metaspace: 6302K(6528K)->6302K(6528K) NonClass: 5769K(5888K)->5769K(5888K) Class: 533K(640K)->533K(640K)
[37.869s][info][gc             ] GC(217) Pause Full (Ergonomics) 2070M->2070M(2143M) 631.875ms
[37.869s][info][gc,cpu         ] GC(217) User=4.80s Sys=0.00s Real=0.63s
[37.869s][info][gc,start       ] GC(218) Pause Full (Ergonomics)
[37.869s][info][gc,phases,start] GC(218) Marking Phase
[38.359s][info][gc,phases      ] GC(218) Marking Phase 489.895ms
[38.359s][info][gc,phases,start] GC(218) Summary Phase
[38.359s][info][gc,phases      ] GC(218) Summary Phase 0.032ms
[38.359s][info][gc,phases,start] GC(218) Adjust Roots
[38.359s][info][gc,phases      ] GC(218) Adjust Roots 0.160ms
[38.359s][info][gc,phases,start] GC(218) Compaction Phase
[38.509s][info][gc,phases      ] GC(218) Compaction Phase 150.120ms
[38.509s][info][gc,phases,start] GC(218) Post Compact
[38.514s][info][gc,phases      ] GC(218) Post Compact 4.163ms
[38.514s][info][gc,heap        ] GC(218) PSYoungGen: 72162K(146432K)->72162K(146432K) Eden: 27648K(27648K)->27648K(27648K) From: 44514K(118784K)->44514K(118784K)
[38.514s][info][gc,heap        ] GC(218) ParOldGen: 2047951K(2048000K)->2047951K(2048000K)
[38.514s][info][gc,metaspace   ] GC(218) Metaspace: 6302K(6528K)->6302K(6528K) NonClass: 5769K(5888K)->5769K(5888K) Class: 533K(640K)->533K(640K)
[38.514s][info][gc             ] GC(218) Pause Full (Ergonomics) 2070M->2070M(2143M) 644.742ms
[38.514s][info][gc,cpu         ] GC(218) User=4.91s Sys=0.00s Real=0.64s
[38.514s][info][gc,start       ] GC(219) Pause Full (Ergonomics)
[38.514s][info][gc,phases,start] GC(219) Marking Phase
[39.002s][info][gc,phases      ] GC(219) Marking Phase 487.607ms
[39.002s][info][gc,phases,start] GC(219) Summary Phase
[39.002s][info][gc,phases      ] GC(219) Summary Phase 0.033ms
[39.002s][info][gc,phases,start] GC(219) Adjust Roots
[39.002s][info][gc,phases      ] GC(219) Adjust Roots 0.167ms
[39.002s][info][gc,phases,start] GC(219) Compaction Phase
[39.169s][info][gc,phases      ] GC(219) Compaction Phase 167.204ms
[39.169s][info][gc,phases,start] GC(219) Post Compact
[39.174s][info][gc,phases      ] GC(219) Post Compact 4.355ms
[39.174s][info][gc,heap        ] GC(219) PSYoungGen: 72162K(146432K)->72162K(146432K) Eden: 27648K(27648K)->27648K(27648K) From: 44514K(118784K)->44514K(118784K)
[39.174s][info][gc,heap        ] GC(219) ParOldGen: 2047955K(2048000K)->2047955K(2048000K)
[39.174s][info][gc,metaspace   ] GC(219) Metaspace: 6302K(6528K)->6302K(6528K) NonClass: 5769K(5888K)->5769K(5888K) Class: 533K(640K)->533K(640K)
[39.174s][info][gc             ] GC(219) Pause Full (Ergonomics) 2070M->2070M(2143M) 659.725ms
[39.174s][info][gc,cpu         ] GC(219) User=4.78s Sys=0.00s Real=0.66s
[39.174s][info][gc,start       ] GC(220) Pause Full (Ergonomics)
[39.174s][info][gc,phases,start] GC(220) Marking Phase
[39.666s][info][gc,phases      ] GC(220) Marking Phase 492.545ms
[39.667s][info][gc,phases,start] GC(220) Summary Phase
[39.667s][info][gc,phases      ] GC(220) Summary Phase 0.032ms
[39.667s][info][gc,phases,start] GC(220) Adjust Roots
[39.667s][info][gc,phases      ] GC(220) Adjust Roots 0.188ms
[39.667s][info][gc,phases,start] GC(220) Compaction Phase
[39.813s][info][gc,phases      ] GC(220) Compaction Phase 146.135ms
[39.813s][info][gc,phases,start] GC(220) Post Compact
[39.817s][info][gc,phases      ] GC(220) Post Compact 3.899ms
[39.817s][info][gc,heap        ] GC(220) PSYoungGen: 72162K(146432K)->72162K(146432K) Eden: 27648K(27648K)->27648K(27648K) From: 44514K(118784K)->44514K(118784K)
[39.817s][info][gc,heap        ] GC(220) ParOldGen: 2047960K(2048000K)->2047960K(2048000K)
[39.817s][info][gc,metaspace   ] GC(220) Metaspace: 6302K(6528K)->6302K(6528K) NonClass: 5769K(5888K)->5769K(5888K) Class: 533K(640K)->533K(640K)
[39.817s][info][gc             ] GC(220) Pause Full (Ergonomics) 2070M->2070M(2143M) 643.157ms
[39.817s][info][gc,cpu         ] GC(220) User=4.91s Sys=0.02s Real=0.64s
[39.817s][info][gc,start       ] GC(221) Pause Full (Ergonomics)
[39.817s][info][gc,phases,start] GC(221) Marking Phase
[40.315s][info][gc,phases      ] GC(221) Marking Phase 497.669ms
[40.315s][info][gc,phases,start] GC(221) Summary Phase
[40.315s][info][gc,phases      ] GC(221) Summary Phase 0.047ms
[40.315s][info][gc,phases,start] GC(221) Adjust Roots
[40.315s][info][gc,phases      ] GC(221) Adjust Roots 0.179ms
[40.315s][info][gc,phases,start] GC(221) Compaction Phase
[40.457s][info][gc,phases      ] GC(221) Compaction Phase 141.929ms
[40.457s][info][gc,phases,start] GC(221) Post Compact
[40.461s][info][gc,phases      ] GC(221) Post Compact 4.056ms
[40.461s][info][gc,heap        ] GC(221) PSYoungGen: 72162K(146432K)->72162K(146432K) Eden: 27648K(27648K)->27648K(27648K) From: 44514K(118784K)->44514K(118784K)
[40.461s][info][gc,heap        ] GC(221) ParOldGen: 2047965K(2048000K)->2047965K(2048000K)
[40.461s][info][gc,metaspace   ] GC(221) Metaspace: 6302K(6528K)->6302K(6528K) NonClass: 5769K(5888K)->5769K(5888K) Class: 533K(640K)->533K(640K)
[40.462s][info][gc             ] GC(221) Pause Full (Ergonomics) 2070M->2070M(2143M) 644.250ms
[40.462s][info][gc,cpu         ] GC(221) User=4.95s Sys=0.00s Real=0.64s
[40.462s][info][gc,start       ] GC(222) Pause Full (Ergonomics)
[40.462s][info][gc,phases,start] GC(222) Marking Phase
[40.973s][info][gc,phases      ] GC(222) Marking Phase 511.259ms
[40.973s][info][gc,phases,start] GC(222) Summary Phase
[40.973s][info][gc,phases      ] GC(222) Summary Phase 0.033ms
[40.973s][info][gc,phases,start] GC(222) Adjust Roots
[40.973s][info][gc,phases      ] GC(222) Adjust Roots 0.171ms
[40.973s][info][gc,phases,start] GC(222) Compaction Phase
[41.118s][info][gc,phases      ] GC(222) Compaction Phase 144.480ms
[41.118s][info][gc,phases,start] GC(222) Post Compact
[41.122s][info][gc,phases      ] GC(222) Post Compact 3.602ms
[41.122s][info][gc,heap        ] GC(222) PSYoungGen: 72162K(146432K)->72162K(146432K) Eden: 27648K(27648K)->27648K(27648K) From: 44514K(118784K)->44514K(118784K)
[41.122s][info][gc,heap        ] GC(222) ParOldGen: 2047969K(2048000K)->2047969K(2048000K)
[41.122s][info][gc,metaspace   ] GC(222) Metaspace: 6302K(6528K)->6302K(6528K) NonClass: 5769K(5888K)->5769K(5888K) Class: 533K(640K)->533K(640K)
[41.122s][info][gc             ] GC(222) Pause Full (Ergonomics) 2070M->2070M(2143M) 659.894ms
[41.122s][info][gc,cpu         ] GC(222) User=5.03s Sys=0.00s Real=0.66s
[41.122s][info][gc,start       ] GC(223) Pause Full (Ergonomics)
[41.122s][info][gc,phases,start] GC(223) Marking Phase
[41.626s][info][gc,phases      ] GC(223) Marking Phase 503.631ms
[41.626s][info][gc,phases,start] GC(223) Summary Phase
[41.626s][info][gc,phases      ] GC(223) Summary Phase 0.033ms
[41.626s][info][gc,phases,start] GC(223) Adjust Roots
[41.626s][info][gc,phases      ] GC(223) Adjust Roots 0.246ms
[41.626s][info][gc,phases,start] GC(223) Compaction Phase
[41.773s][info][gc,phases      ] GC(223) Compaction Phase 146.801ms
[41.773s][info][gc,phases,start] GC(223) Post Compact
[41.777s][info][gc,phases      ] GC(223) Post Compact 3.637ms
[41.777s][info][gc,heap        ] GC(223) PSYoungGen: 72162K(146432K)->72162K(146432K) Eden: 27648K(27648K)->27648K(27648K) From: 44514K(118784K)->44514K(118784K)
[41.777s][info][gc,heap        ] GC(223) ParOldGen: 2047974K(2048000K)->2047974K(2048000K)
[41.777s][info][gc,metaspace   ] GC(223) Metaspace: 6302K(6528K)->6302K(6528K) NonClass: 5769K(5888K)->5769K(5888K) Class: 533K(640K)->533K(640K)
[41.777s][info][gc             ] GC(223) Pause Full (Ergonomics) 2070M->2070M(2143M) 654.732ms
[41.777s][info][gc,cpu         ] GC(223) User=4.97s Sys=0.00s Real=0.65s
[41.777s][info][gc,start       ] GC(224) Pause Full (Ergonomics)
[41.777s][info][gc,phases,start] GC(224) Marking Phase
[42.285s][info][gc,phases      ] GC(224) Marking Phase 508.080ms
[42.285s][info][gc,phases,start] GC(224) Summary Phase
[42.285s][info][gc,phases      ] GC(224) Summary Phase 0.037ms
[42.285s][info][gc,phases,start] GC(224) Adjust Roots
[42.285s][info][gc,phases      ] GC(224) Adjust Roots 0.167ms
[42.285s][info][gc,phases,start] GC(224) Compaction Phase
[42.433s][info][gc,phases      ] GC(224) Compaction Phase 148.071ms
[42.434s][info][gc,phases,start] GC(224) Post Compact
[42.437s][info][gc,phases      ] GC(224) Post Compact 3.913ms
[42.438s][info][gc,heap        ] GC(224) PSYoungGen: 72162K(146432K)->72162K(146432K) Eden: 27648K(27648K)->27648K(27648K) From: 44514K(118784K)->44514K(118784K)
[42.438s][info][gc,heap        ] GC(224) ParOldGen: 2047979K(2048000K)->2047979K(2048000K)
[42.438s][info][gc,metaspace   ] GC(224) Metaspace: 6302K(6528K)->6302K(6528K) NonClass: 5769K(5888K)->5769K(5888K) Class: 533K(640K)->533K(640K)
[42.438s][info][gc             ] GC(224) Pause Full (Ergonomics) 2070M->2070M(2143M) 660.633ms
[42.438s][info][gc,cpu         ] GC(224) User=4.97s Sys=0.03s Real=0.66s
[42.438s][info][gc,start       ] GC(225) Pause Full (Ergonomics)
[42.438s][info][gc,phases,start] GC(225) Marking Phase
[42.944s][info][gc,phases      ] GC(225) Marking Phase 505.609ms
[42.944s][info][gc,phases,start] GC(225) Summary Phase
[42.944s][info][gc,phases      ] GC(225) Summary Phase 0.032ms
[42.944s][info][gc,phases,start] GC(225) Adjust Roots
[42.944s][info][gc,phases      ] GC(225) Adjust Roots 0.163ms
[42.944s][info][gc,phases,start] GC(225) Compaction Phase
[43.085s][info][gc,phases      ] GC(225) Compaction Phase 140.788ms
[43.085s][info][gc,phases,start] GC(225) Post Compact
[43.089s][info][gc,phases      ] GC(225) Post Compact 4.113ms
[43.089s][info][gc,heap        ] GC(225) PSYoungGen: 72162K(146432K)->72162K(146432K) Eden: 27648K(27648K)->27648K(27648K) From: 44514K(118784K)->44514K(118784K)
[43.089s][info][gc,heap        ] GC(225) ParOldGen: 2047983K(2048000K)->2047983K(2048000K)
[43.089s][info][gc,metaspace   ] GC(225) Metaspace: 6302K(6528K)->6302K(6528K) NonClass: 5769K(5888K)->5769K(5888K) Class: 533K(640K)->533K(640K)
[43.089s][info][gc             ] GC(225) Pause Full (Ergonomics) 2070M->2070M(2143M) 651.106ms
[43.089s][info][gc,cpu         ] GC(225) User=4.97s Sys=0.00s Real=0.65s
[43.089s][info][gc,start       ] GC(226) Pause Full (Ergonomics)
[43.089s][info][gc,phases,start] GC(226) Marking Phase
[43.594s][info][gc,phases      ] GC(226) Marking Phase 505.052ms
[43.594s][info][gc,phases,start] GC(226) Summary Phase
[43.594s][info][gc,phases      ] GC(226) Summary Phase 0.032ms
[43.594s][info][gc,phases,start] GC(226) Adjust Roots
[43.595s][info][gc,phases      ] GC(226) Adjust Roots 0.213ms
[43.595s][info][gc,phases,start] GC(226) Compaction Phase
[43.747s][info][gc,phases      ] GC(226) Compaction Phase 152.613ms
[43.747s][info][gc,phases,start] GC(226) Post Compact
[43.751s][info][gc,phases      ] GC(226) Post Compact 3.647ms
[43.751s][info][gc,heap        ] GC(226) PSYoungGen: 72162K(146432K)->72162K(146432K) Eden: 27648K(27648K)->27648K(27648K) From: 44514K(118784K)->44514K(118784K)
[43.751s][info][gc,heap        ] GC(226) ParOldGen: 2047988K(2048000K)->2047988K(2048000K)
[43.751s][info][gc,metaspace   ] GC(226) Metaspace: 6302K(6528K)->6302K(6528K) NonClass: 5769K(5888K)->5769K(5888K) Class: 533K(640K)->533K(640K)
[43.751s][info][gc             ] GC(226) Pause Full (Ergonomics) 2070M->2070M(2143M) 661.913ms
[43.751s][info][gc,cpu         ] GC(226) User=4.95s Sys=0.00s Real=0.66s
[43.751s][info][gc,start       ] GC(227) Pause Full (Ergonomics)
[43.751s][info][gc,phases,start] GC(227) Marking Phase
[44.247s][info][gc,phases      ] GC(227) Marking Phase 495.917ms
[44.247s][info][gc,phases,start] GC(227) Summary Phase
[44.247s][info][gc,phases      ] GC(227) Summary Phase 0.032ms
[44.247s][info][gc,phases,start] GC(227) Adjust Roots
[44.248s][info][gc,phases      ] GC(227) Adjust Roots 0.161ms
[44.248s][info][gc,phases,start] GC(227) Compaction Phase
[44.434s][info][gc,phases      ] GC(227) Compaction Phase 186.724ms
[44.434s][info][gc,phases,start] GC(227) Post Compact
[44.438s][info][gc,phases      ] GC(227) Post Compact 3.700ms
[44.438s][info][gc,heap        ] GC(227) PSYoungGen: 72162K(146432K)->72162K(146432K) Eden: 27648K(27648K)->27648K(27648K) From: 44514K(118784K)->44514K(118784K)
[44.438s][info][gc,heap        ] GC(227) ParOldGen: 2047993K(2048000K)->2047993K(2048000K)
[44.438s][info][gc,metaspace   ] GC(227) Metaspace: 6302K(6528K)->6302K(6528K) NonClass: 5769K(5888K)->5769K(5888K) Class: 533K(640K)->533K(640K)
[44.438s][info][gc             ] GC(227) Pause Full (Ergonomics) 2070M->2070M(2143M) 686.873ms
[44.438s][info][gc,cpu         ] GC(227) User=4.88s Sys=0.00s Real=0.69s
[44.438s][info][gc,start       ] GC(228) Pause Full (Ergonomics)
[44.439s][info][gc,phases,start] GC(228) Marking Phase
[44.925s][info][gc,phases      ] GC(228) Marking Phase 486.721ms
[44.925s][info][gc,phases,start] GC(228) Summary Phase
[44.925s][info][gc,phases      ] GC(228) Summary Phase 0.032ms
[44.925s][info][gc,phases,start] GC(228) Adjust Roots
[44.926s][info][gc,phases      ] GC(228) Adjust Roots 0.166ms
[44.926s][info][gc,phases,start] GC(228) Compaction Phase
[45.074s][info][gc,phases      ] GC(228) Compaction Phase 148.566ms
[45.074s][info][gc,phases,start] GC(228) Post Compact
[45.078s][info][gc,phases      ] GC(228) Post Compact 3.927ms
[45.078s][info][gc,heap        ] GC(228) PSYoungGen: 72162K(146432K)->72162K(146432K) Eden: 27648K(27648K)->27648K(27648K) From: 44514K(118784K)->44514K(118784K)
[45.078s][info][gc,heap        ] GC(228) ParOldGen: 2047997K(2048000K)->2047997K(2048000K)
[45.078s][info][gc,metaspace   ] GC(228) Metaspace: 6302K(6528K)->6302K(6528K) NonClass: 5769K(5888K)->5769K(5888K) Class: 533K(640K)->533K(640K)
[45.078s][info][gc             ] GC(228) Pause Full (Ergonomics) 2070M->2070M(2143M) 639.773ms
[45.078s][info][gc,cpu         ] GC(228) User=4.88s Sys=0.00s Real=0.64s
[45.078s][info][gc,start       ] GC(229) Pause Full (Ergonomics)
[45.078s][info][gc,phases,start] GC(229) Marking Phase
[45.589s][info][gc,phases      ] GC(229) Marking Phase 510.527ms
[45.589s][info][gc,phases,start] GC(229) Summary Phase
[45.589s][info][gc,phases      ] GC(229) Summary Phase 0.032ms
[45.589s][info][gc,phases,start] GC(229) Adjust Roots
[45.589s][info][gc,phases      ] GC(229) Adjust Roots 0.167ms
[45.589s][info][gc,phases,start] GC(229) Compaction Phase
[45.735s][info][gc,phases      ] GC(229) Compaction Phase 145.313ms
[45.735s][info][gc,phases,start] GC(229) Post Compact
[45.739s][info][gc,phases      ] GC(229) Post Compact 4.474ms
[45.739s][info][gc,heap        ] GC(229) PSYoungGen: 72162K(146432K)->72162K(146432K) Eden: 27648K(27648K)->27648K(27648K) From: 44514K(118784K)->44514K(118784K)
[45.739s][info][gc,heap        ] GC(229) ParOldGen: 2047999K(2048000K)->2047999K(2048000K)
[45.739s][info][gc,metaspace   ] GC(229) Metaspace: 6302K(6528K)->6302K(6528K) NonClass: 5769K(5888K)->5769K(5888K) Class: 533K(640K)->533K(640K)
[45.739s][info][gc             ] GC(229) Pause Full (Ergonomics) 2070M->2070M(2143M) 660.907ms
[45.739s][info][gc,cpu         ] GC(229) User=5.08s Sys=0.00s Real=0.66s
[45.739s][info][gc,start       ] GC(230) Pause Full (Allocation Failure)
[45.739s][info][gc,phases,start] GC(230) Marking Phase
[46.245s][info][gc,phases      ] GC(230) Marking Phase 505.368ms
[46.245s][info][gc,phases,start] GC(230) Summary Phase
[46.245s][info][gc,phases      ] GC(230) Summary Phase 0.033ms
[46.245s][info][gc,phases,start] GC(230) Adjust Roots
[46.245s][info][gc,phases      ] GC(230) Adjust Roots 0.362ms
[46.245s][info][gc,phases,start] GC(230) Compaction Phase
[46.777s][info][gc,phases      ] GC(230) Compaction Phase 531.244ms
[46.777s][info][gc,phases,start] GC(230) Post Compact
[46.781s][info][gc,phases      ] GC(230) Post Compact 4.023ms
[46.781s][info][gc,heap        ] GC(230) PSYoungGen: 72162K(146432K)->72162K(146432K) Eden: 27648K(27648K)->27648K(27648K) From: 44514K(118784K)->44514K(118784K)
[46.781s][info][gc,heap        ] GC(230) ParOldGen: 2047999K(2048000K)->2047995K(2048000K)
[46.781s][info][gc,metaspace   ] GC(230) Metaspace: 6302K(6528K)->6301K(6528K) NonClass: 5769K(5888K)->5768K(5888K) Class: 533K(640K)->532K(640K)
[46.781s][info][gc             ] GC(230) Pause Full (Allocation Failure) 2070M->2070M(2143M) 1041.387ms
[46.781s][info][gc,cpu         ] GC(230) User=7.77s Sys=0.00s Real=1.04s
[46.781s][info][gc,start       ] GC(231) Pause Full (Ergonomics)
[46.781s][info][gc,phases,start] GC(231) Marking Phase
[47.266s][info][gc,phases      ] GC(231) Marking Phase 484.939ms
[47.266s][info][gc,phases,start] GC(231) Summary Phase
[47.266s][info][gc,phases      ] GC(231) Summary Phase 0.033ms
[47.266s][info][gc,phases,start] GC(231) Adjust Roots
[47.267s][info][gc,phases      ] GC(231) Adjust Roots 0.170ms
[47.267s][info][gc,phases,start] GC(231) Compaction Phase
[47.411s][info][gc,phases      ] GC(231) Compaction Phase 144.228ms
[47.411s][info][gc,phases,start] GC(231) Post Compact
[47.415s][info][gc,phases      ] GC(231) Post Compact 4.189ms
[47.415s][info][gc,heap        ] GC(231) PSYoungGen: 72162K(146432K)->72162K(146432K) Eden: 27648K(27648K)->27648K(27648K) From: 44514K(118784K)->44514K(118784K)
[47.415s][info][gc,heap        ] GC(231) ParOldGen: 2047998K(2048000K)->2047998K(2048000K)
[47.415s][info][gc,metaspace   ] GC(231) Metaspace: 6301K(6528K)->6301K(6528K) NonClass: 5768K(5888K)->5768K(5888K) Class: 532K(640K)->532K(640K)
[47.415s][info][gc             ] GC(231) Pause Full (Ergonomics) 2070M->2070M(2143M) 633.920ms
[47.415s][info][gc,cpu         ] GC(231) User=4.75s Sys=0.00s Real=0.63s
[47.416s][info][gc,start       ] GC(232) Pause Full (Ergonomics)
[47.416s][info][gc,phases,start] GC(232) Marking Phase
[47.917s][info][gc,phases      ] GC(232) Marking Phase 501.475ms
[47.917s][info][gc,phases,start] GC(232) Summary Phase
[47.917s][info][gc,phases      ] GC(232) Summary Phase 0.032ms
[47.917s][info][gc,phases,start] GC(232) Adjust Roots
[47.917s][info][gc,phases      ] GC(232) Adjust Roots 0.161ms
[47.917s][info][gc,phases,start] GC(232) Compaction Phase
[48.077s][info][gc,phases      ] GC(232) Compaction Phase 159.375ms
[48.077s][info][gc,phases,start] GC(232) Post Compact
[48.081s][info][gc,phases      ] GC(232) Post Compact 3.844ms
[48.081s][info][gc,heap        ] GC(232) PSYoungGen: 72162K(146432K)->72162K(146432K) Eden: 27648K(27648K)->27648K(27648K) From: 44514K(118784K)->44514K(118784K)
[48.081s][info][gc,heap        ] GC(232) ParOldGen: 2048000K(2048000K)->2048000K(2048000K)
[48.081s][info][gc,metaspace   ] GC(232) Metaspace: 6301K(6528K)->6301K(6528K) NonClass: 5768K(5888K)->5768K(5888K) Class: 532K(640K)->532K(640K)
[48.081s][info][gc             ] GC(232) Pause Full (Ergonomics) 2070M->2070M(2143M) 665.226ms
[48.081s][info][gc,cpu         ] GC(232) User=5.02s Sys=0.00s Real=0.67s
[48.081s][info][gc,start       ] GC(233) Pause Full (Allocation Failure)
[48.081s][info][gc,phases,start] GC(233) Marking Phase
[48.593s][info][gc,phases      ] GC(233) Marking Phase 511.854ms
[48.593s][info][gc,phases,start] GC(233) Summary Phase
[48.593s][info][gc,phases      ] GC(233) Summary Phase 0.032ms
[48.593s][info][gc,phases,start] GC(233) Adjust Roots
[48.593s][info][gc,phases      ] GC(233) Adjust Roots 0.222ms
[48.593s][info][gc,phases,start] GC(233) Compaction Phase
[48.744s][info][gc,phases      ] GC(233) Compaction Phase 151.236ms
[48.745s][info][gc,phases,start] GC(233) Post Compact
[48.748s][info][gc,phases      ] GC(233) Post Compact 3.460ms
[48.748s][info][gc,heap        ] GC(233) PSYoungGen: 72162K(146432K)->72162K(146432K) Eden: 27648K(27648K)->27648K(27648K) From: 44514K(118784K)->44514K(118784K)
[48.748s][info][gc,heap        ] GC(233) ParOldGen: 2048000K(2048000K)->2048000K(2048000K)
[48.748s][info][gc,metaspace   ] GC(233) Metaspace: 6301K(6528K)->6301K(6528K) NonClass: 5768K(5888K)->5768K(5888K) Class: 532K(640K)->532K(640K)
[48.748s][info][gc             ] GC(233) Pause Full (Allocation Failure) 2070M->2070M(2143M) 667.139ms
[48.748s][info][gc,cpu         ] GC(233) User=4.92s Sys=0.00s Real=0.67s
[48.749s][info][gc,start       ] GC(234) Pause Full (Ergonomics)
[48.749s][info][gc,phases,start] GC(234) Marking Phase
[49.276s][info][gc,phases      ] GC(234) Marking Phase 526.806ms
[49.276s][info][gc,phases,start] GC(234) Summary Phase
[49.276s][info][gc,phases      ] GC(234) Summary Phase 0.034ms
[49.276s][info][gc,phases,start] GC(234) Adjust Roots
[49.276s][info][gc,phases      ] GC(234) Adjust Roots 0.244ms
[49.276s][info][gc,phases,start] GC(234) Compaction Phase
[49.812s][info][gc,phases      ] GC(234) Compaction Phase 535.752ms
[49.812s][info][gc,phases,start] GC(234) Post Compact
[49.816s][info][gc,phases      ] GC(234) Post Compact 4.139ms
[49.816s][info][gc,heap        ] GC(234) PSYoungGen: 72162K(146432K)->72162K(146432K) Eden: 27648K(27648K)->27648K(27648K) From: 44514K(118784K)->44514K(118784K)
[49.816s][info][gc,heap        ] GC(234) ParOldGen: 2048000K(2048000K)->2047998K(2048000K)
[49.816s][info][gc,metaspace   ] GC(234) Metaspace: 6301K(6528K)->6301K(6528K) NonClass: 5768K(5888K)->5768K(5888K) Class: 532K(640K)->532K(640K)
[49.816s][info][gc             ] GC(234) Pause Full (Ergonomics) 2070M->2070M(2143M) 1067.348ms
[49.816s][info][gc,cpu         ] GC(234) User=7.94s Sys=0.00s Real=1.07s
[49.817s][info][gc,start       ] GC(235) Pause Full (Ergonomics)
[49.817s][info][gc,phases,start] GC(235) Marking Phase
[50.299s][info][gc,phases      ] GC(235) Marking Phase 481.817ms
[50.299s][info][gc,phases,start] GC(235) Summary Phase
[50.299s][info][gc,phases      ] GC(235) Summary Phase 0.033ms
[50.299s][info][gc,phases,start] GC(235) Adjust Roots
[50.300s][info][gc,phases      ] GC(235) Adjust Roots 0.347ms
[50.300s][info][gc,phases,start] GC(235) Compaction Phase
[50.834s][info][gc,phases      ] GC(235) Compaction Phase 534.617ms
[50.834s][info][gc,phases,start] GC(235) Post Compact
[50.838s][info][gc,phases      ] GC(235) Post Compact 4.069ms
[50.838s][info][gc,heap        ] GC(235) PSYoungGen: 72162K(146432K)->72162K(146432K) Eden: 27648K(27648K)->27648K(27648K) From: 44514K(118784K)->44514K(118784K)
[50.838s][info][gc,heap        ] GC(235) ParOldGen: 2047999K(2048000K)->2047996K(2048000K)
[50.838s][info][gc,metaspace   ] GC(235) Metaspace: 6302K(6528K)->6302K(6528K) NonClass: 5768K(5888K)->5768K(5888K) Class: 533K(640K)->533K(640K)
[50.839s][info][gc             ] GC(235) Pause Full (Ergonomics) 2070M->2070M(2143M) 1021.259ms
[50.839s][info][gc,cpu         ] GC(235) User=7.58s Sys=0.02s Real=1.02s
[50.839s][info][gc,start       ] GC(236) Pause Full (Ergonomics)
[50.839s][info][gc,phases,start] GC(236) Marking Phase
[51.354s][info][gc,phases      ] GC(236) Marking Phase 514.736ms
[51.354s][info][gc,phases,start] GC(236) Summary Phase
[51.354s][info][gc,phases      ] GC(236) Summary Phase 0.032ms
[51.354s][info][gc,phases,start] GC(236) Adjust Roots
[51.354s][info][gc,phases      ] GC(236) Adjust Roots 0.165ms
[51.354s][info][gc,phases,start] GC(236) Compaction Phase
[51.521s][info][gc,phases      ] GC(236) Compaction Phase 167.070ms
[51.521s][info][gc,phases,start] GC(236) Post Compact
[51.525s][info][gc,phases      ] GC(236) Post Compact 3.962ms
[51.525s][info][gc,heap        ] GC(236) PSYoungGen: 72162K(146432K)->72162K(146432K) Eden: 27648K(27648K)->27648K(27648K) From: 44514K(118784K)->44514K(118784K)
[51.525s][info][gc,heap        ] GC(236) ParOldGen: 2047997K(2048000K)->2047997K(2048000K)
[51.525s][info][gc,metaspace   ] GC(236) Metaspace: 6305K(6528K)->6305K(6528K) NonClass: 5770K(5888K)->5770K(5888K) Class: 534K(640K)->534K(640K)
[51.526s][info][gc             ] GC(236) Pause Full (Ergonomics) 2070M->2070M(2143M) 686.321ms
[51.526s][info][gc,cpu         ] GC(236) User=5.20s Sys=0.00s Real=0.69s
[51.526s][info][gc,heap,exit   ] Heap
[51.526s][info][gc,heap,exit   ]  PSYoungGen      total 146432K, used 72162K [0x00000007c1800000, 0x00000007d2080000, 0x0000000800000000)
[51.526s][info][gc,heap,exit   ]   eden space 27648K, 100% used [0x00000007c1800000,0x00000007c3300000,0x00000007c3300000)
[51.526s][info][gc,heap,exit   ]   from space 118784K, 37% used [0x00000007ca800000,0x00000007cd378898,0x00000007d1c00000)
[51.526s][info][gc,heap,exit   ]   to   space 119808K, 0% used [0x00000007c3300000,0x00000007c3300000,0x00000007ca800000)
[51.526s][info][gc,heap,exit   ]  ParOldGen       total 2048000K, used 2047997K [0x0000000744800000, 0x00000007c1800000, 0x00000007c1800000)
[51.526s][info][gc,heap,exit   ]   object space 2048000K, 99% used [0x0000000744800000,0x00000007c17ff768,0x00000007c1800000)
[51.526s][info][gc,heap,exit   ]  Metaspace       used 6305K, committed 6528K, reserved 1114112K
[51.526s][info][gc,heap,exit   ]   class space    used 534K, committed 640K, reserved 1048576K
