[0.010s][info][gc,init] CardTable entry size: 512
[0.010s][info][gc     ] Using Serial
[0.010s][info][gc,init] Version: 18.0.1+10 (release)
[0.010s][info][gc,init] CPUs: 8 total, 8 available
[0.010s][info][gc,init] Memory: 16063M
[0.010s][info][gc,init] Large Page Support: Disabled
[0.011s][info][gc,init] NUMA Support: Disabled
[0.011s][info][gc,init] Compressed Oops: Enabled (Zero based)
[0.011s][info][gc,init] Heap Min Capacity: 2M
[0.011s][info][gc,init] Heap Initial Capacity: 2M
[0.011s][info][gc,init] Heap Max Capacity: 3600M
[0.011s][info][gc,init] Pre-touch: Disabled
[0.011s][info][gc,metaspace] CDS archive(s) not mapped
[0.011s][info][gc,metaspace] Compressed class space mapped at: 0x0000000800000000-0x0000000840000000, reserved size: 1073741824
[0.011s][info][gc,metaspace] Narrow klass base: 0x0000000800000000, Narrow klass shift: 0, Narrow klass range: 0x40000000
[0.164s][info][gc,start    ] GC(0) Pause Young (Allocation Failure)
[0.165s][info][gc,heap     ] GC(0) DefNew: 1023K(1152K)->127K(1152K) Eden: 1023K(1024K)->0K(1024K) From: 0K(128K)->127K(128K)
[0.166s][info][gc,heap     ] GC(0) Tenured: 0K(768K)->440K(768K)
[0.166s][info][gc,metaspace] GC(0) Metaspace: 5904K(6016K)->5904K(6016K) NonClass: 5405K(5504K)->5405K(5504K) Class: 499K(512K)->499K(512K)
[0.166s][info][gc          ] GC(0) Pause Young (Allocation Failure) 0M->0M(1M) 1.598ms
[0.166s][info][gc,cpu      ] GC(0) User=0.00s Sys=0.00s Real=0.00s
[0.184s][info][gc,start    ] GC(1) Pause Young (Allocation Failure)
[0.185s][info][gc          ] GC(1) Pause Young (Allocation Failure) 1M->0M(2M) 1.113ms
[0.185s][info][gc,cpu      ] GC(1) User=0.00s Sys=0.00s Real=0.00s
[0.185s][info][gc,start    ] GC(2) Pause Full (Allocation Failure)
[0.185s][info][gc,phases,start] GC(2) Phase 1: Mark live objects
[0.186s][info][gc,phases      ] GC(2) Phase 1: Mark live objects 0.894ms
[0.186s][info][gc,phases,start] GC(2) Phase 2: Compute new object addresses
[0.186s][info][gc,phases      ] GC(2) Phase 2: Compute new object addresses 0.215ms
[0.186s][info][gc,phases,start] GC(2) Phase 3: Adjust pointers
[0.187s][info][gc,phases      ] GC(2) Phase 3: Adjust pointers 0.449ms
[0.187s][info][gc,phases,start] GC(2) Phase 4: Move objects
[0.187s][info][gc,phases      ] GC(2) Phase 4: Move objects 0.060ms
[0.187s][info][gc,heap        ] GC(2) DefNew: 1151K(1152K)->40K(1152K) Eden: 1024K(1024K)->40K(1024K) From: 127K(128K)->0K(128K)
[0.187s][info][gc,heap        ] GC(2) Tenured: 440K(768K)->959K(1600K)
[0.187s][info][gc,metaspace   ] GC(2) Metaspace: 6299K(6464K)->6299K(6464K) NonClass: 5766K(5824K)->5766K(5824K) Class: 533K(640K)->533K(640K)
[0.187s][info][gc             ] GC(2) Pause Full (Allocation Failure) 0M->0M(2M) 1.854ms
[0.187s][info][gc,cpu         ] GC(2) User=0.00s Sys=0.00s Real=0.00s
[0.189s][info][gc,start       ] GC(3) Pause Young (Allocation Failure)
[0.190s][info][gc,heap        ] GC(3) DefNew: 1024K(1152K)->128K(1152K) Eden: 1024K(1024K)->0K(1024K) From: 0K(128K)->128K(128K)
[0.190s][info][gc,heap        ] GC(3) Tenured: 959K(1600K)->1374K(1600K)
[0.190s][info][gc,metaspace   ] GC(3) Metaspace: 6299K(6464K)->6299K(6464K) NonClass: 5766K(5824K)->5766K(5824K) Class: 533K(640K)->533K(640K)
[0.190s][info][gc             ] GC(3) Pause Young (Allocation Failure) 1M->1M(2M) 1.605ms
[0.190s][info][gc,cpu         ] GC(3) User=0.00s Sys=0.00s Real=0.00s
[0.192s][info][gc,start       ] GC(4) Pause Young (Allocation Failure)
[0.193s][info][gc             ] GC(4) Pause Young (Allocation Failure) 2M->1M(3M) 1.130ms
[0.193s][info][gc,cpu         ] GC(4) User=0.00s Sys=0.00s Real=0.00s
[0.193s][info][gc,start       ] GC(5) Pause Full (Allocation Failure)
[0.193s][info][gc,phases,start] GC(5) Phase 1: Mark live objects
[0.195s][info][gc,phases      ] GC(5) Phase 1: Mark live objects 1.776ms
[0.195s][info][gc,phases,start] GC(5) Phase 2: Compute new object addresses
[0.195s][info][gc,phases      ] GC(5) Phase 2: Compute new object addresses 0.617ms
[0.195s][info][gc,phases,start] GC(5) Phase 3: Adjust pointers
[0.196s][info][gc,phases      ] GC(5) Phase 3: Adjust pointers 0.880ms
[0.196s][info][gc,phases,start] GC(5) Phase 4: Move objects
[0.196s][info][gc,phases      ] GC(5) Phase 4: Move objects 0.072ms
[0.197s][info][gc,heap        ] GC(5) DefNew: 1152K(1152K)->34K(1536K) Eden: 1024K(1024K)->34K(1408K) From: 128K(128K)->0K(128K)
[0.197s][info][gc,heap        ] GC(5) Tenured: 1374K(1600K)->1984K(3308K)
[0.197s][info][gc,metaspace   ] GC(5) Metaspace: 6299K(6464K)->6299K(6464K) NonClass: 5766K(5824K)->5766K(5824K) Class: 533K(640K)->533K(640K)
[0.197s][info][gc             ] GC(5) Pause Full (Allocation Failure) 1M->1M(4M) 3.812ms
[0.197s][info][gc,cpu         ] GC(5) User=0.00s Sys=0.00s Real=0.00s
[0.199s][info][gc,start       ] GC(6) Pause Young (Allocation Failure)
[0.200s][info][gc,heap        ] GC(6) DefNew: 1408K(1536K)->127K(1536K) Eden: 1408K(1408K)->0K(1408K) From: 0K(128K)->127K(128K)
[0.200s][info][gc,heap        ] GC(6) Tenured: 1984K(3308K)->2617K(3308K)
[0.200s][info][gc,metaspace   ] GC(6) Metaspace: 6299K(6464K)->6299K(6464K) NonClass: 5766K(5824K)->5766K(5824K) Class: 533K(640K)->533K(640K)
[0.200s][info][gc             ] GC(6) Pause Young (Allocation Failure) 3M->2M(4M) 1.756ms
[0.200s][info][gc,cpu         ] GC(6) User=0.00s Sys=0.00s Real=0.00s
[0.202s][info][gc,start       ] GC(7) Pause Young (Allocation Failure)
[0.205s][info][gc             ] GC(7) Pause Young (Allocation Failure) 4M->3M(4M) 2.363ms
[0.205s][info][gc,cpu         ] GC(7) User=0.02s Sys=0.00s Real=0.00s
[0.205s][info][gc,start       ] GC(8) Pause Full (Allocation Failure)
[0.205s][info][gc,phases,start] GC(8) Phase 1: Mark live objects
[0.207s][info][gc,phases      ] GC(8) Phase 1: Mark live objects 2.234ms
[0.207s][info][gc,phases,start] GC(8) Phase 2: Compute new object addresses
[0.208s][info][gc,phases      ] GC(8) Phase 2: Compute new object addresses 0.594ms
[0.208s][info][gc,phases,start] GC(8) Phase 3: Adjust pointers
[0.209s][info][gc,phases      ] GC(8) Phase 3: Adjust pointers 1.109ms
[0.209s][info][gc,phases,start] GC(8) Phase 4: Move objects
[0.209s][info][gc,phases      ] GC(8) Phase 4: Move objects 0.070ms
[0.209s][info][gc,heap        ] GC(8) DefNew: 1535K(1536K)->0K(2688K) Eden: 1408K(1408K)->0K(2432K) From: 127K(128K)->0K(256K)
[0.209s][info][gc,heap        ] GC(8) Tenured: 2617K(3308K)->3459K(5768K)
[0.209s][info][gc,metaspace   ] GC(8) Metaspace: 6299K(6464K)->6299K(6464K) NonClass: 5766K(5824K)->5766K(5824K) Class: 533K(640K)->533K(640K)
[0.209s][info][gc             ] GC(8) Pause Full (Allocation Failure) 3M->3M(8M) 4.355ms
[0.209s][info][gc,cpu         ] GC(8) User=0.00s Sys=0.00s Real=0.00s
[0.212s][info][gc,start       ] GC(9) Pause Young (Allocation Failure)
[0.215s][info][gc,heap        ] GC(9) DefNew: 2432K(2688K)->255K(2688K) Eden: 2432K(2432K)->0K(2432K) From: 0K(256K)->255K(256K)
[0.215s][info][gc,heap        ] GC(9) Tenured: 3459K(5768K)->4512K(5768K)
[0.215s][info][gc,metaspace   ] GC(9) Metaspace: 6299K(6464K)->6299K(6464K) NonClass: 5766K(5824K)->5766K(5824K) Class: 533K(640K)->533K(640K)
[0.215s][info][gc             ] GC(9) Pause Young (Allocation Failure) 5M->4M(8M) 2.562ms
[0.215s][info][gc,cpu         ] GC(9) User=0.00s Sys=0.00s Real=0.00s
[0.218s][info][gc,start       ] GC(10) Pause Young (Allocation Failure)
[0.221s][info][gc,heap        ] GC(10) DefNew: 2687K(2688K)->256K(2688K) Eden: 2432K(2432K)->0K(2432K) From: 255K(256K)->256K(256K)
[0.222s][info][gc,heap        ] GC(10) Tenured: 4512K(5768K)->5754K(5768K)
[0.222s][info][gc,metaspace   ] GC(10) Metaspace: 6299K(6464K)->6299K(6464K) NonClass: 5766K(5824K)->5766K(5824K) Class: 533K(640K)->533K(640K)
[0.222s][info][gc             ] GC(10) Pause Young (Allocation Failure) 7M->5M(8M) 3.261ms
[0.222s][info][gc,cpu         ] GC(10) User=0.00s Sys=0.00s Real=0.00s
[0.225s][info][gc,start       ] GC(11) Pause Young (Allocation Failure)
[0.229s][info][gc             ] GC(11) Pause Young (Allocation Failure) 8M->7M(9M) 3.960ms
[0.229s][info][gc,cpu         ] GC(11) User=0.00s Sys=0.00s Real=0.00s
[0.229s][info][gc,start       ] GC(12) Pause Full (Allocation Failure)
[0.230s][info][gc,phases,start] GC(12) Phase 1: Mark live objects
[0.235s][info][gc,phases      ] GC(12) Phase 1: Mark live objects 5.546ms
[0.235s][info][gc,phases,start] GC(12) Phase 2: Compute new object addresses
[0.237s][info][gc,phases      ] GC(12) Phase 2: Compute new object addresses 1.364ms
[0.237s][info][gc,phases,start] GC(12) Phase 3: Adjust pointers
[0.239s][info][gc,phases      ] GC(12) Phase 3: Adjust pointers 2.064ms
[0.239s][info][gc,phases,start] GC(12) Phase 4: Move objects
[0.240s][info][gc,phases      ] GC(12) Phase 4: Move objects 1.517ms
[0.240s][info][gc,heap        ] GC(12) DefNew: 2688K(2688K)->0K(5376K) Eden: 2432K(2432K)->0K(4800K) From: 256K(256K)->0K(576K)
[0.240s][info][gc,heap        ] GC(12) Tenured: 5754K(5768K)->7132K(11888K)
[0.241s][info][gc,metaspace   ] GC(12) Metaspace: 6299K(6464K)->6299K(6464K) NonClass: 5766K(5824K)->5766K(5824K) Class: 533K(640K)->533K(640K)
[0.241s][info][gc             ] GC(12) Pause Full (Allocation Failure) 7M->6M(16M) 11.110ms
[0.241s][info][gc,cpu         ] GC(12) User=0.00s Sys=0.00s Real=0.01s
[0.246s][info][gc,start       ] GC(13) Pause Young (Allocation Failure)
[0.252s][info][gc,heap        ] GC(13) DefNew: 4800K(5376K)->576K(5376K) Eden: 4800K(4800K)->0K(4800K) From: 0K(576K)->576K(576K)
[0.252s][info][gc,heap        ] GC(13) Tenured: 7132K(11888K)->9027K(11888K)
[0.252s][info][gc,metaspace   ] GC(13) Metaspace: 6299K(6464K)->6299K(6464K) NonClass: 5766K(5824K)->5766K(5824K) Class: 533K(640K)->533K(640K)
[0.252s][info][gc             ] GC(13) Pause Young (Allocation Failure) 11M->9M(16M) 5.640ms
[0.252s][info][gc,cpu         ] GC(13) User=0.00s Sys=0.00s Real=0.01s
[0.257s][info][gc,start       ] GC(14) Pause Young (Allocation Failure)
[0.264s][info][gc,heap        ] GC(14) DefNew: 5376K(5376K)->576K(5376K) Eden: 4800K(4800K)->0K(4800K) From: 576K(576K)->576K(576K)
[0.264s][info][gc,heap        ] GC(14) Tenured: 9027K(11888K)->11746K(11888K)
[0.264s][info][gc,metaspace   ] GC(14) Metaspace: 6299K(6464K)->6299K(6464K) NonClass: 5766K(5824K)->5766K(5824K) Class: 533K(640K)->533K(640K)
[0.264s][info][gc             ] GC(14) Pause Young (Allocation Failure) 14M->12M(16M) 6.951ms
[0.264s][info][gc,cpu         ] GC(14) User=0.00s Sys=0.00s Real=0.01s
[0.268s][info][gc,start       ] GC(15) Pause Young (Allocation Failure)
[0.275s][info][gc             ] GC(15) Pause Young (Allocation Failure) 16M->14M(19M) 6.632ms
[0.275s][info][gc,cpu         ] GC(15) User=0.00s Sys=0.00s Real=0.01s
[0.275s][info][gc,start       ] GC(16) Pause Full (Allocation Failure)
[0.275s][info][gc,phases,start] GC(16) Phase 1: Mark live objects
[0.284s][info][gc,phases      ] GC(16) Phase 1: Mark live objects 8.626ms
[0.284s][info][gc,phases,start] GC(16) Phase 2: Compute new object addresses
[0.286s][info][gc,phases      ] GC(16) Phase 2: Compute new object addresses 2.485ms
[0.286s][info][gc,phases,start] GC(16) Phase 3: Adjust pointers
[0.289s][info][gc,phases      ] GC(16) Phase 3: Adjust pointers 3.200ms
[0.289s][info][gc,phases,start] GC(16) Phase 4: Move objects
[0.290s][info][gc,phases      ] GC(16) Phase 4: Move objects 0.189ms
[0.290s][info][gc,heap        ] GC(16) DefNew: 5376K(5376K)->386K(10880K) Eden: 4800K(4800K)->386K(9728K) From: 576K(576K)->0K(1152K)
[0.290s][info][gc,heap        ] GC(16) Tenured: 11746K(11888K)->14383K(23976K)
[0.290s][info][gc,metaspace   ] GC(16) Metaspace: 6301K(6464K)->6301K(6464K) NonClass: 5768K(5824K)->5768K(5824K) Class: 533K(640K)->533K(640K)
[0.290s][info][gc             ] GC(16) Pause Full (Allocation Failure) 14M->14M(34M) 14.878ms
[0.290s][info][gc,cpu         ] GC(16) User=0.02s Sys=0.00s Real=0.01s
[0.297s][info][gc,start       ] GC(17) Pause Young (Allocation Failure)
[0.311s][info][gc,heap        ] GC(17) DefNew: 9728K(10880K)->1152K(10880K) Eden: 9728K(9728K)->0K(9728K) From: 0K(1152K)->1152K(1152K)
[0.311s][info][gc,heap        ] GC(17) Tenured: 14383K(23976K)->18415K(23976K)
[0.311s][info][gc,metaspace   ] GC(17) Metaspace: 6301K(6464K)->6301K(6464K) NonClass: 5768K(5824K)->5768K(5824K) Class: 533K(640K)->533K(640K)
[0.311s][info][gc             ] GC(17) Pause Young (Allocation Failure) 23M->19M(34M) 14.171ms
[0.311s][info][gc,cpu         ] GC(17) User=0.02s Sys=0.00s Real=0.01s
[0.318s][info][gc,start       ] GC(18) Pause Young (Allocation Failure)
[0.330s][info][gc,heap        ] GC(18) DefNew: 10880K(10880K)->1151K(10880K) Eden: 9728K(9728K)->0K(9728K) From: 1152K(1152K)->1151K(1152K)
[0.330s][info][gc,heap        ] GC(18) Tenured: 18415K(23976K)->23936K(23976K)
[0.330s][info][gc,metaspace   ] GC(18) Metaspace: 6301K(6464K)->6301K(6464K) NonClass: 5768K(5824K)->5768K(5824K) Class: 533K(640K)->533K(640K)
[0.330s][info][gc             ] GC(18) Pause Young (Allocation Failure) 28M->24M(34M) 11.557ms
[0.330s][info][gc,cpu         ] GC(18) User=0.02s Sys=0.00s Real=0.01s
[0.337s][info][gc,start       ] GC(19) Pause Young (Allocation Failure)
[0.347s][info][gc             ] GC(19) Pause Young (Allocation Failure) 34M->29M(38M) 10.976ms
[0.348s][info][gc,cpu         ] GC(19) User=0.02s Sys=0.00s Real=0.01s
[0.348s][info][gc,start       ] GC(20) Pause Full (Allocation Failure)
[0.348s][info][gc,phases,start] GC(20) Phase 1: Mark live objects
[0.362s][info][gc,phases      ] GC(20) Phase 1: Mark live objects 14.037ms
[0.362s][info][gc,phases,start] GC(20) Phase 2: Compute new object addresses
[0.367s][info][gc,phases      ] GC(20) Phase 2: Compute new object addresses 4.952ms
[0.367s][info][gc,phases,start] GC(20) Phase 3: Adjust pointers
[0.372s][info][gc,phases      ] GC(20) Phase 3: Adjust pointers 5.377ms
[0.372s][info][gc,phases,start] GC(20) Phase 4: Move objects
[0.372s][info][gc,phases      ] GC(20) Phase 4: Move objects 0.195ms
[0.372s][info][gc,heap        ] GC(20) DefNew: 10879K(10880K)->1080K(21888K) Eden: 9728K(9728K)->1080K(19520K) From: 1151K(1152K)->0K(2368K)
[0.372s][info][gc,heap        ] GC(20) Tenured: 23936K(23976K)->29035K(48396K)
[0.372s][info][gc,metaspace   ] GC(20) Metaspace: 6301K(6464K)->6301K(6464K) NonClass: 5768K(5824K)->5768K(5824K) Class: 533K(640K)->533K(640K)
[0.373s][info][gc             ] GC(20) Pause Full (Allocation Failure) 29M->29M(68M) 24.961ms
[0.373s][info][gc,cpu         ] GC(20) User=0.02s Sys=0.00s Real=0.03s
[0.390s][info][gc,start       ] GC(21) Pause Young (Allocation Failure)
[0.421s][info][gc,heap        ] GC(21) DefNew: 19520K(21888K)->2367K(21888K) Eden: 19520K(19520K)->0K(19520K) From: 0K(2368K)->2367K(2368K)
[0.421s][info][gc,heap        ] GC(21) Tenured: 29035K(48396K)->41005K(48396K)
[0.421s][info][gc,metaspace   ] GC(21) Metaspace: 6301K(6464K)->6301K(6464K) NonClass: 5768K(5824K)->5768K(5824K) Class: 533K(640K)->533K(640K)
[0.421s][info][gc             ] GC(21) Pause Young (Allocation Failure) 47M->42M(68M) 31.001ms
[0.421s][info][gc,cpu         ] GC(21) User=0.02s Sys=0.00s Real=0.03s
[0.440s][info][gc,start       ] GC(22) Pause Young (Allocation Failure)
[0.476s][info][gc             ] GC(22) Pause Young (Allocation Failure) 61M->61M(80M) 36.350ms
[0.477s][info][gc,cpu         ] GC(22) User=0.02s Sys=0.02s Real=0.04s
[0.477s][info][gc,start       ] GC(23) Pause Full (Allocation Failure)
[0.477s][info][gc,phases,start] GC(23) Phase 1: Mark live objects
[0.503s][info][gc,phases      ] GC(23) Phase 1: Mark live objects 26.622ms
[0.503s][info][gc,phases,start] GC(23) Phase 2: Compute new object addresses
[0.513s][info][gc,phases      ] GC(23) Phase 2: Compute new object addresses 9.502ms
[0.513s][info][gc,phases,start] GC(23) Phase 3: Adjust pointers
[0.524s][info][gc,phases      ] GC(23) Phase 3: Adjust pointers 11.034ms
[0.524s][info][gc,phases,start] GC(23) Phase 4: Move objects
[0.524s][info][gc,phases      ] GC(23) Phase 4: Move objects 0.416ms
[0.525s][info][gc,heap        ] GC(23) DefNew: 21887K(21888K)->2178K(45568K) Eden: 19520K(19520K)->2178K(40512K) From: 2367K(2368K)->0K(5056K)
[0.525s][info][gc,heap        ] GC(23) Tenured: 41005K(48396K)->60683K(101140K)
[0.525s][info][gc,metaspace   ] GC(23) Metaspace: 6301K(6464K)->6301K(6464K) NonClass: 5768K(5824K)->5768K(5824K) Class: 533K(640K)->533K(640K)
[0.525s][info][gc             ] GC(23) Pause Full (Allocation Failure) 61M->61M(143M) 48.213ms
[0.525s][info][gc,cpu         ] GC(23) User=0.03s Sys=0.00s Real=0.05s
[0.568s][info][gc,start       ] GC(24) Pause Young (Allocation Failure)
[0.632s][info][gc,heap        ] GC(24) DefNew: 40512K(45568K)->5055K(45568K) Eden: 40512K(40512K)->0K(40512K) From: 0K(5056K)->5055K(5056K)
[0.632s][info][gc,heap        ] GC(24) Tenured: 60683K(101140K)->96114K(101140K)
[0.632s][info][gc,metaspace   ] GC(24) Metaspace: 6301K(6464K)->6301K(6464K) NonClass: 5768K(5824K)->5768K(5824K) Class: 533K(640K)->533K(640K)
[0.632s][info][gc             ] GC(24) Pause Young (Allocation Failure) 98M->98M(143M) 64.461ms
[0.632s][info][gc,cpu         ] GC(24) User=0.06s Sys=0.00s Real=0.06s
[0.666s][info][gc,start       ] GC(25) Pause Young (Allocation Failure)
[0.741s][info][gc             ] GC(25) Pause Young (Allocation Failure) 138M->138M(178M) 74.458ms
[0.741s][info][gc,cpu         ] GC(25) User=0.05s Sys=0.02s Real=0.08s
[0.741s][info][gc,start       ] GC(26) Pause Full (Allocation Failure)
[0.741s][info][gc,phases,start] GC(26) Phase 1: Mark live objects
[0.800s][info][gc,phases      ] GC(26) Phase 1: Mark live objects 59.237ms
[0.800s][info][gc,phases,start] GC(26) Phase 2: Compute new object addresses
[0.823s][info][gc,phases      ] GC(26) Phase 2: Compute new object addresses 22.542ms
[0.823s][info][gc,phases,start] GC(26) Phase 3: Adjust pointers
[0.851s][info][gc,phases      ] GC(26) Phase 3: Adjust pointers 28.554ms
[0.851s][info][gc,phases,start] GC(26) Phase 4: Move objects
[0.878s][info][gc,phases      ] GC(26) Phase 4: Move objects 26.259ms
[0.878s][info][gc,heap        ] GC(26) DefNew: 45567K(45568K)->1083K(102592K) Eden: 40512K(40512K)->1083K(91200K) From: 5055K(5056K)->0K(11392K)
[0.878s][info][gc,heap        ] GC(26) Tenured: 96114K(101140K)->136727K(227880K)
[0.878s][info][gc,metaspace   ] GC(26) Metaspace: 6301K(6464K)->6301K(6464K) NonClass: 5768K(5824K)->5768K(5824K) Class: 533K(640K)->533K(640K)
[0.878s][info][gc             ] GC(26) Pause Full (Allocation Failure) 138M->134M(322M) 137.461ms
[0.878s][info][gc,cpu         ] GC(26) User=0.14s Sys=0.00s Real=0.14s
[0.977s][info][gc,start       ] GC(27) Pause Young (Allocation Failure)
[1.135s][info][gc,heap        ] GC(27) DefNew: 91200K(102592K)->11392K(102592K) Eden: 91200K(91200K)->0K(91200K) From: 0K(11392K)->11392K(11392K)
[1.135s][info][gc,heap        ] GC(27) Tenured: 136727K(227880K)->216505K(227880K)
[1.135s][info][gc,metaspace   ] GC(27) Metaspace: 6301K(6464K)->6301K(6464K) NonClass: 5768K(5824K)->5768K(5824K) Class: 533K(640K)->533K(640K)
[1.135s][info][gc             ] GC(27) Pause Young (Allocation Failure) 222M->222M(322M) 157.406ms
[1.135s][info][gc,cpu         ] GC(27) User=0.11s Sys=0.03s Real=0.16s
[1.218s][info][gc,start       ] GC(28) Pause Young (Allocation Failure)
[1.390s][info][gc             ] GC(28) Pause Young (Allocation Failure) 311M->311M(400M) 172.396ms
[1.390s][info][gc,cpu         ] GC(28) User=0.14s Sys=0.03s Real=0.17s
[1.390s][info][gc,start       ] GC(29) Pause Full (Allocation Failure)
[1.390s][info][gc,phases,start] GC(29) Phase 1: Mark live objects
[1.533s][info][gc,phases      ] GC(29) Phase 1: Mark live objects 142.562ms
[1.533s][info][gc,phases,start] GC(29) Phase 2: Compute new object addresses
[1.584s][info][gc,phases      ] GC(29) Phase 2: Compute new object addresses 51.501ms
[1.584s][info][gc,phases,start] GC(29) Phase 3: Adjust pointers
[1.643s][info][gc,phases      ] GC(29) Phase 3: Adjust pointers 58.810ms
[1.643s][info][gc,phases,start] GC(29) Phase 4: Move objects
[1.645s][info][gc,phases      ] GC(29) Phase 4: Move objects 2.216ms
[1.646s][info][gc,heap        ] GC(29) DefNew: 102592K(102592K)->11376K(230848K) Eden: 91200K(91200K)->11376K(205248K) From: 11392K(11392K)->0K(25600K)
[1.646s][info][gc,heap        ] GC(29) Tenured: 216505K(227880K)->307691K(512820K)
[1.646s][info][gc,metaspace   ] GC(29) Metaspace: 6301K(6464K)->6301K(6464K) NonClass: 5768K(5824K)->5768K(5824K) Class: 533K(640K)->533K(640K)
[1.647s][info][gc             ] GC(29) Pause Full (Allocation Failure) 311M->311M(726M) 256.465ms
[1.647s][info][gc,cpu         ] GC(29) User=0.25s Sys=0.00s Real=0.26s
[1.858s][info][gc,start       ] GC(30) Pause Young (Allocation Failure)
[2.208s][info][gc,heap        ] GC(30) DefNew: 205248K(230848K)->25599K(230848K) Eden: 205248K(205248K)->0K(205248K) From: 0K(25600K)->25599K(25600K)
[2.208s][info][gc,heap        ] GC(30) Tenured: 307691K(512820K)->487313K(512820K)
[2.208s][info][gc,metaspace   ] GC(30) Metaspace: 6301K(6464K)->6301K(6464K) NonClass: 5768K(5824K)->5768K(5824K) Class: 533K(640K)->533K(640K)
[2.208s][info][gc             ] GC(30) Pause Young (Allocation Failure) 500M->500M(726M) 349.574ms
[2.208s][info][gc,cpu         ] GC(30) User=0.33s Sys=0.03s Real=0.35s
[2.398s][info][gc,start       ] GC(31) Pause Young (Allocation Failure)
[2.788s][info][gc             ] GC(31) Pause Young (Allocation Failure) 701M->700M(901M) 390.407ms
[2.788s][info][gc,cpu         ] GC(31) User=0.33s Sys=0.06s Real=0.39s
[2.788s][info][gc,start       ] GC(32) Pause Full (Allocation Failure)
[2.788s][info][gc,phases,start] GC(32) Phase 1: Mark live objects
[3.116s][info][gc,phases      ] GC(32) Phase 1: Mark live objects 327.466ms
[3.116s][info][gc,phases,start] GC(32) Phase 2: Compute new object addresses
[3.227s][info][gc,phases      ] GC(32) Phase 2: Compute new object addresses 111.217ms
[3.227s][info][gc,phases,start] GC(32) Phase 3: Adjust pointers
[3.346s][info][gc,phases      ] GC(32) Phase 3: Adjust pointers 119.107ms
[3.346s][info][gc,phases,start] GC(32) Phase 4: Move objects
[3.351s][info][gc,phases      ] GC(32) Phase 4: Move objects 5.258ms
[3.353s][info][gc,heap        ] GC(32) DefNew: 230847K(230848K)->25508K(518976K) Eden: 205248K(205248K)->25508K(461312K) From: 25599K(25600K)->0K(57664K)
[3.353s][info][gc,heap        ] GC(32) Tenured: 487313K(512820K)->691955K(1153260K)
[3.353s][info][gc,metaspace   ] GC(32) Metaspace: 6301K(6464K)->6301K(6464K) NonClass: 5768K(5824K)->5768K(5824K) Class: 533K(640K)->533K(640K)
[3.353s][info][gc             ] GC(32) Pause Full (Allocation Failure) 700M->700M(1633M) 565.338ms
[3.353s][info][gc,cpu         ] GC(32) User=0.56s Sys=0.00s Real=0.57s
[3.821s][info][gc,start       ] GC(33) Pause Young (Allocation Failure)
[4.609s][info][gc,heap        ] GC(33) DefNew: 461312K(518976K)->57663K(518976K) Eden: 461312K(461312K)->0K(461312K) From: 0K(57664K)->57663K(57664K)
[4.609s][info][gc,heap        ] GC(33) Tenured: 691955K(1153260K)->1095572K(1153260K)
[4.609s][info][gc,metaspace   ] GC(33) Metaspace: 6301K(6464K)->6301K(6464K) NonClass: 5768K(5824K)->5768K(5824K) Class: 533K(640K)->533K(640K)
[4.609s][info][gc             ] GC(33) Pause Young (Allocation Failure) 1126M->1126M(1633M) 788.785ms
[4.609s][info][gc,cpu         ] GC(33) User=0.69s Sys=0.09s Real=0.79s
[5.077s][info][gc,start       ] GC(34) Pause Young (Allocation Failure)
[5.807s][info][gc             ] GC(34) Pause Young (Allocation Failure) 1576M->1525M(1975M) 729.281ms
[5.807s][info][gc,cpu         ] GC(34) User=0.67s Sys=0.06s Real=0.73s
[5.807s][info][gc,start       ] GC(35) Pause Full (Allocation Failure)
[5.807s][info][gc,phases,start] GC(35) Phase 1: Mark live objects
[6.482s][info][gc,phases      ] GC(35) Phase 1: Mark live objects 674.984ms
[6.482s][info][gc,phases,start] GC(35) Phase 2: Compute new object addresses
[6.705s][info][gc,phases      ] GC(35) Phase 2: Compute new object addresses 223.380ms
[6.705s][info][gc,phases,start] GC(35) Phase 3: Adjust pointers
[6.975s][info][gc,phases      ] GC(35) Phase 3: Adjust pointers 269.629ms
[6.975s][info][gc,phases,start] GC(35) Phase 4: Move objects
[6.987s][info][gc,phases      ] GC(35) Phase 4: Move objects 11.452ms
[6.990s][info][gc,heap        ] GC(35) DefNew: 518975K(518976K)->57483K(1105920K) Eden: 461312K(461312K)->57483K(983040K) From: 57663K(57664K)->0K(122880K)
[6.990s][info][gc,heap        ] GC(35) Tenured: 1095572K(1153260K)->1504303K(2457600K)
[6.991s][info][gc,metaspace   ] GC(35) Metaspace: 6301K(6464K)->6301K(6464K) NonClass: 5768K(5824K)->5768K(5824K) Class: 533K(640K)->533K(640K)
[6.991s][info][gc             ] GC(35) Pause Full (Allocation Failure) 1525M->1525M(3480M) 1183.770ms
[6.991s][info][gc,cpu         ] GC(35) User=1.17s Sys=0.00s Real=1.18s
[7.932s][info][gc,start       ] GC(36) Pause Young (Allocation Failure)
[9.652s][info][gc,heap        ] GC(36) DefNew: 983040K(1105920K)->122879K(1105920K) Eden: 983040K(983040K)->0K(983040K) From: 0K(122880K)->122879K(122880K)
[9.652s][info][gc,heap        ] GC(36) Tenured: 1504303K(2457600K)->2364433K(2457600K)
[9.652s][info][gc,metaspace   ] GC(36) Metaspace: 6301K(6464K)->6301K(6464K) NonClass: 5768K(5824K)->5768K(5824K) Class: 533K(640K)->533K(640K)
[9.653s][info][gc             ] GC(36) Pause Young (Allocation Failure) 2429M->2429M(3480M) 1720.993ms
[9.653s][info][gc,cpu         ] GC(36) User=1.53s Sys=0.17s Real=1.72s
[10.617s][info][gc,start       ] GC(37) Pause Young (Allocation Failure)
[10.617s][info][gc             ] GC(37) Pause Young (Allocation Failure) 3389M->3389M(3480M) 0.118ms
[10.617s][info][gc,cpu         ] GC(37) User=0.00s Sys=0.00s Real=0.00s
[10.617s][info][gc,start       ] GC(38) Pause Full (Allocation Failure)
[10.618s][info][gc,phases,start] GC(38) Phase 1: Mark live objects
[12.181s][info][gc,phases      ] GC(38) Phase 1: Mark live objects 1563.049ms
[12.181s][info][gc,phases,start] GC(38) Phase 2: Compute new object addresses
[12.647s][info][gc,phases      ] GC(38) Phase 2: Compute new object addresses 466.155ms
[12.647s][info][gc,phases,start] GC(38) Phase 3: Adjust pointers
[13.392s][info][gc,phases      ] GC(38) Phase 3: Adjust pointers 744.815ms
[13.392s][info][gc,phases,start] GC(38) Phase 4: Move objects
[14.037s][info][gc,phases      ] GC(38) Phase 4: Move objects 645.546ms
[14.038s][info][gc,heap        ] GC(38) DefNew: 1105919K(1105920K)->918517K(1105920K) Eden: 983040K(983040K)->918517K(983040K) From: 122879K(122880K)->0K(122880K)
[14.038s][info][gc,heap        ] GC(38) Tenured: 2364433K(2457600K)->2457599K(2457600K)
[14.038s][info][gc,metaspace   ] GC(38) Metaspace: 6301K(6464K)->6301K(6464K) NonClass: 5768K(5824K)->5768K(5824K) Class: 533K(640K)->533K(640K)
[14.038s][info][gc             ] GC(38) Pause Full (Allocation Failure) 3389M->3296M(3480M) 3420.518ms
[14.038s][info][gc,cpu         ] GC(38) User=3.36s Sys=0.03s Real=3.42s
[14.429s][info][gc,start       ] GC(39) Pause Full (Allocation Failure)
[14.429s][info][gc,phases,start] GC(39) Phase 1: Mark live objects
[16.074s][info][gc,phases      ] GC(39) Phase 1: Mark live objects 1645.182ms
[16.074s][info][gc,phases,start] GC(39) Phase 2: Compute new object addresses
[16.566s][info][gc,phases      ] GC(39) Phase 2: Compute new object addresses 492.162ms
[16.566s][info][gc,phases,start] GC(39) Phase 3: Adjust pointers
[17.247s][info][gc,phases      ] GC(39) Phase 3: Adjust pointers 681.099ms
[17.247s][info][gc,phases,start] GC(39) Phase 4: Move objects
[17.273s][info][gc,phases      ] GC(39) Phase 4: Move objects 25.436ms
[17.274s][info][gc,heap        ] GC(39) DefNew: 1105919K(1105920K)->1105917K(1105920K) Eden: 983040K(983040K)->983039K(983040K) From: 122879K(122880K)->122877K(122880K)
[17.274s][info][gc,heap        ] GC(39) Tenured: 2457599K(2457600K)->2457599K(2457600K)
[17.274s][info][gc,metaspace   ] GC(39) Metaspace: 6301K(6464K)->6301K(6464K) NonClass: 5768K(5824K)->5768K(5824K) Class: 533K(640K)->533K(640K)
[17.274s][info][gc             ] GC(39) Pause Full (Allocation Failure) 3479M->3479M(3480M) 2845.322ms
[17.274s][info][gc,cpu         ] GC(39) User=2.83s Sys=0.00s Real=2.85s
[17.274s][info][gc,start       ] GC(40) Pause Full (Allocation Failure)
[17.274s][info][gc,phases,start] GC(40) Phase 1: Mark live objects
[18.931s][info][gc,phases      ] GC(40) Phase 1: Mark live objects 1656.456ms
[18.931s][info][gc,phases,start] GC(40) Phase 2: Compute new object addresses
[19.418s][info][gc,phases      ] GC(40) Phase 2: Compute new object addresses 487.560ms
[19.418s][info][gc,phases,start] GC(40) Phase 3: Adjust pointers
[20.074s][info][gc,phases      ] GC(40) Phase 3: Adjust pointers 655.736ms
[20.074s][info][gc,phases,start] GC(40) Phase 4: Move objects
[20.074s][info][gc,phases      ] GC(40) Phase 4: Move objects 0.017ms
[20.075s][info][gc,heap        ] GC(40) DefNew: 1105919K(1105920K)->1105919K(1105920K) Eden: 983040K(983040K)->983040K(983040K) From: 122879K(122880K)->122879K(122880K)
[20.075s][info][gc,heap        ] GC(40) Tenured: 2457599K(2457600K)->2457599K(2457600K)
[20.075s][info][gc,metaspace   ] GC(40) Metaspace: 6301K(6464K)->6301K(6464K) NonClass: 5768K(5824K)->5768K(5824K) Class: 533K(640K)->533K(640K)
[20.075s][info][gc             ] GC(40) Pause Full (Allocation Failure) 3479M->3479M(3480M) 2800.504ms
[20.075s][info][gc,cpu         ] GC(40) User=2.78s Sys=0.00s Real=2.80s
[20.075s][info][gc,start       ] GC(41) Pause Full (Allocation Failure)
[20.075s][info][gc,phases,start] GC(41) Phase 1: Mark live objects
[21.721s][info][gc,phases      ] GC(41) Phase 1: Mark live objects 1645.891ms
[21.721s][info][gc,phases,start] GC(41) Phase 2: Compute new object addresses
[22.212s][info][gc,phases      ] GC(41) Phase 2: Compute new object addresses 491.414ms
[22.212s][info][gc,phases,start] GC(41) Phase 3: Adjust pointers
[23.004s][info][gc,phases      ] GC(41) Phase 3: Adjust pointers 792.303ms
[23.005s][info][gc,phases,start] GC(41) Phase 4: Move objects
[23.581s][info][gc,phases      ] GC(41) Phase 4: Move objects 576.507ms
[23.582s][info][gc,heap        ] GC(41) DefNew: 1105919K(1105920K)->1105915K(1105920K) Eden: 983040K(983040K)->983040K(983040K) From: 122879K(122880K)->122875K(122880K)
[23.582s][info][gc,heap        ] GC(41) Tenured: 2457599K(2457600K)->2457599K(2457600K)
[23.582s][info][gc,metaspace   ] GC(41) Metaspace: 6301K(6464K)->6300K(6464K) NonClass: 5768K(5824K)->5767K(5824K) Class: 533K(640K)->532K(640K)
[23.582s][info][gc             ] GC(41) Pause Full (Allocation Failure) 3479M->3479M(3480M) 3507.222ms
[23.582s][info][gc,cpu         ] GC(41) User=3.47s Sys=0.00s Real=3.51s
[23.582s][info][gc,start       ] GC(42) Pause Full (Allocation Failure)
[23.583s][info][gc,phases,start] GC(42) Phase 1: Mark live objects
[25.221s][info][gc,phases      ] GC(42) Phase 1: Mark live objects 1638.748ms
[25.221s][info][gc,phases,start] GC(42) Phase 2: Compute new object addresses
[25.711s][info][gc,phases      ] GC(42) Phase 2: Compute new object addresses 489.933ms
[25.711s][info][gc,phases,start] GC(42) Phase 3: Adjust pointers
[26.371s][info][gc,phases      ] GC(42) Phase 3: Adjust pointers 659.398ms
[26.371s][info][gc,phases,start] GC(42) Phase 4: Move objects
[26.371s][info][gc,phases      ] GC(42) Phase 4: Move objects 0.017ms
[26.371s][info][gc,heap        ] GC(42) DefNew: 1105919K(1105920K)->1105919K(1105920K) Eden: 983040K(983040K)->983040K(983040K) From: 122879K(122880K)->122879K(122880K)
[26.371s][info][gc,heap        ] GC(42) Tenured: 2457599K(2457600K)->2457599K(2457600K)
[26.371s][info][gc,metaspace   ] GC(42) Metaspace: 6300K(6464K)->6300K(6464K) NonClass: 5767K(5824K)->5767K(5824K) Class: 532K(640K)->532K(640K)
[26.371s][info][gc             ] GC(42) Pause Full (Allocation Failure) 3479M->3479M(3480M) 2788.818ms
[26.371s][info][gc,cpu         ] GC(42) User=2.78s Sys=0.00s Real=2.79s
[26.371s][info][gc,start       ] GC(43) Pause Full (Allocation Failure)
[26.371s][info][gc,phases,start] GC(43) Phase 1: Mark live objects
[28.009s][info][gc,phases      ] GC(43) Phase 1: Mark live objects 1637.411ms
[28.009s][info][gc,phases,start] GC(43) Phase 2: Compute new object addresses
[28.497s][info][gc,phases      ] GC(43) Phase 2: Compute new object addresses 488.618ms
[28.498s][info][gc,phases,start] GC(43) Phase 3: Adjust pointers
[29.160s][info][gc,phases      ] GC(43) Phase 3: Adjust pointers 662.112ms
[29.160s][info][gc,phases,start] GC(43) Phase 4: Move objects
[29.160s][info][gc,phases      ] GC(43) Phase 4: Move objects 0.017ms
[29.160s][info][gc,heap        ] GC(43) DefNew: 1105919K(1105920K)->1105919K(1105920K) Eden: 983040K(983040K)->983040K(983040K) From: 122879K(122880K)->122879K(122880K)
[29.160s][info][gc,heap        ] GC(43) Tenured: 2457599K(2457600K)->2457599K(2457600K)
[29.160s][info][gc,metaspace   ] GC(43) Metaspace: 6300K(6464K)->6300K(6464K) NonClass: 5767K(5824K)->5767K(5824K) Class: 532K(640K)->532K(640K)
[29.160s][info][gc             ] GC(43) Pause Full (Allocation Failure) 3479M->3479M(3480M) 2788.970ms
[29.160s][info][gc,cpu         ] GC(43) User=2.78s Sys=0.00s Real=2.79s
[29.161s][info][gc,start       ] GC(44) Pause Full (Allocation Failure)
[29.161s][info][gc,phases,start] GC(44) Phase 1: Mark live objects
[30.781s][info][gc,phases      ] GC(44) Phase 1: Mark live objects 1620.332ms
[30.781s][info][gc,phases,start] GC(44) Phase 2: Compute new object addresses
[31.267s][info][gc,phases      ] GC(44) Phase 2: Compute new object addresses 485.692ms
[31.267s][info][gc,phases,start] GC(44) Phase 3: Adjust pointers
[31.925s][info][gc,phases      ] GC(44) Phase 3: Adjust pointers 658.377ms
[31.925s][info][gc,phases,start] GC(44) Phase 4: Move objects
[31.925s][info][gc,phases      ] GC(44) Phase 4: Move objects 0.017ms
[31.926s][info][gc,heap        ] GC(44) DefNew: 1105920K(1105920K)->1105920K(1105920K) Eden: 983040K(983040K)->983040K(983040K) From: 122880K(122880K)->122880K(122880K)
[31.926s][info][gc,heap        ] GC(44) Tenured: 2457599K(2457600K)->2457599K(2457600K)
[31.926s][info][gc,metaspace   ] GC(44) Metaspace: 6300K(6464K)->6300K(6464K) NonClass: 5767K(5824K)->5767K(5824K) Class: 532K(640K)->532K(640K)
[31.926s][info][gc             ] GC(44) Pause Full (Allocation Failure) 3479M->3479M(3480M) 2765.162ms
[31.926s][info][gc,cpu         ] GC(44) User=2.77s Sys=0.00s Real=2.76s
[31.926s][info][gc,start       ] GC(45) Pause Full (Allocation Failure)
[31.926s][info][gc,phases,start] GC(45) Phase 1: Mark live objects
[33.555s][info][gc,phases      ] GC(45) Phase 1: Mark live objects 1628.764ms
[33.555s][info][gc,phases,start] GC(45) Phase 2: Compute new object addresses
[34.035s][info][gc,phases      ] GC(45) Phase 2: Compute new object addresses 480.413ms
[34.035s][info][gc,phases,start] GC(45) Phase 3: Adjust pointers
[34.821s][info][gc,phases      ] GC(45) Phase 3: Adjust pointers 785.608ms
[34.821s][info][gc,phases,start] GC(45) Phase 4: Move objects
[35.386s][info][gc,phases      ] GC(45) Phase 4: Move objects 564.928ms
[35.387s][info][gc,heap        ] GC(45) DefNew: 1105920K(1105920K)->1105918K(1105920K) Eden: 983040K(983040K)->983040K(983040K) From: 122880K(122880K)->122878K(122880K)
[35.387s][info][gc,heap        ] GC(45) Tenured: 2457599K(2457600K)->2457599K(2457600K)
[35.387s][info][gc,metaspace   ] GC(45) Metaspace: 6300K(6464K)->6300K(6464K) NonClass: 5767K(5824K)->5767K(5824K) Class: 532K(640K)->532K(640K)
[35.387s][info][gc             ] GC(45) Pause Full (Allocation Failure) 3479M->3479M(3480M) 3460.805ms
[35.387s][info][gc,cpu         ] GC(45) User=3.42s Sys=0.00s Real=3.46s
[35.388s][info][gc,start       ] GC(46) Pause Full (Allocation Failure)
[35.388s][info][gc,phases,start] GC(46) Phase 1: Mark live objects
[37.028s][info][gc,phases      ] GC(46) Phase 1: Mark live objects 1639.906ms
[37.028s][info][gc,phases,start] GC(46) Phase 2: Compute new object addresses
[37.506s][info][gc,phases      ] GC(46) Phase 2: Compute new object addresses 478.127ms
[37.506s][info][gc,phases,start] GC(46) Phase 3: Adjust pointers
[38.291s][info][gc,phases      ] GC(46) Phase 3: Adjust pointers 784.641ms
[38.291s][info][gc,phases,start] GC(46) Phase 4: Move objects
[38.857s][info][gc,phases      ] GC(46) Phase 4: Move objects 566.423ms
[38.858s][info][gc,heap        ] GC(46) DefNew: 1105919K(1105920K)->1105916K(1105920K) Eden: 983040K(983040K)->983040K(983040K) From: 122879K(122880K)->122876K(122880K)
[38.858s][info][gc,heap        ] GC(46) Tenured: 2457599K(2457600K)->2457599K(2457600K)
[38.858s][info][gc,metaspace   ] GC(46) Metaspace: 6301K(6464K)->6301K(6464K) NonClass: 5767K(5824K)->5767K(5824K) Class: 533K(640K)->533K(640K)
[38.858s][info][gc             ] GC(46) Pause Full (Allocation Failure) 3479M->3479M(3480M) 3470.250ms
[38.858s][info][gc,cpu         ] GC(46) User=3.45s Sys=0.00s Real=3.47s
[38.859s][info][gc,heap,exit   ] Heap
[38.859s][info][gc,heap,exit   ]  def new generation   total 1105920K, used 1105917K [0x000000071f000000, 0x000000076a000000, 0x000000076a000000)
[38.859s][info][gc,heap,exit   ]   eden space 983040K, 100% used [0x000000071f000000, 0x000000075b000000, 0x000000075b000000)
[38.859s][info][gc,heap,exit   ]   from space 122880K,  99% used [0x0000000762800000, 0x0000000769fff748, 0x000000076a000000)
[38.859s][info][gc,heap,exit   ]   to   space 122880K,   0% used [0x000000075b000000, 0x000000075b000000, 0x0000000762800000)
[38.859s][info][gc,heap,exit   ]  tenured generation   total 2457600K, used 2457599K [0x000000076a000000, 0x0000000800000000, 0x0000000800000000)
[38.859s][info][gc,heap,exit   ]    the space 2457600K,  99% used [0x000000076a000000, 0x00000007fffffff0, 0x0000000800000000, 0x0000000800000000)
[38.859s][info][gc,heap,exit   ]  Metaspace       used 6304K, committed 6528K, reserved 1114112K
[38.859s][info][gc,heap,exit   ]   class space    used 534K, committed 640K, reserved 1048576K
