[0.011s][info][gc,init] CardTable entry size: 512
[0.011s][info][gc     ] Using Parallel
[0.012s][info][gc,init] Version: 18.0.1+10 (release)
[0.013s][info][gc,init] CPUs: 8 total, 8 available
[0.013s][info][gc,init] Memory: 16063M
[0.013s][info][gc,init] Large Page Support: Disabled
[0.013s][info][gc,init] NUMA Support: Disabled
[0.013s][info][gc,init] Compressed Oops: Enabled (Zero based)
[0.013s][info][gc,init] Alignments: Space 512K, Generation 512K, Heap 2M
[0.013s][info][gc,init] Heap Min Capacity: 2M
[0.013s][info][gc,init] Heap Initial Capacity: 2M
[0.013s][info][gc,init] Heap Max Capacity: 14700M
[0.013s][info][gc,init] Pre-touch: Disabled
[0.013s][info][gc,init] Parallel Workers: 8
[0.013s][info][gc,metaspace] CDS archive(s) not mapped
[0.013s][info][gc,metaspace] Compressed class space mapped at: 0x0000000800000000-0x0000000840000000, reserved size: 1073741824
[0.013s][info][gc,metaspace] Narrow klass base: 0x0000000800000000, Narrow klass shift: 0, Narrow klass range: 0x40000000
[0.112s][info][gc,start    ] GC(0) Pause Young (Allocation Failure)
[0.113s][info][gc,heap     ] GC(0) PSYoungGen: 512K(1024K)->480K(1024K) Eden: 512K(512K)->0K(512K) From: 0K(512K)->480K(512K)
[0.113s][info][gc,heap     ] GC(0) ParOldGen: 0K(512K)->8K(512K)
[0.113s][info][gc,metaspace] GC(0) Metaspace: 4229K(4352K)->4229K(4352K) NonClass: 3908K(3968K)->3908K(3968K) Class: 321K(384K)->321K(384K)
[0.113s][info][gc          ] GC(0) Pause Young (Allocation Failure) 0M->0M(1M) 1.411ms
[0.113s][info][gc,cpu      ] GC(0) User=0.00s Sys=0.00s Real=0.00s
[0.183s][info][gc,start    ] GC(1) Pause Young (Allocation Failure)
[0.184s][info][gc,heap     ] GC(1) PSYoungGen: 991K(1024K)->512K(1536K) Eden: 511K(512K)->0K(1024K) From: 480K(512K)->512K(512K)
[0.184s][info][gc,heap     ] GC(1) ParOldGen: 8K(512K)->88K(512K)
[0.184s][info][gc,metaspace] GC(1) Metaspace: 5882K(6016K)->5882K(6016K) NonClass: 5385K(5504K)->5385K(5504K) Class: 496K(512K)->496K(512K)
[0.184s][info][gc          ] GC(1) Pause Young (Allocation Failure) 0M->0M(2M) 0.991ms
[0.184s][info][gc,cpu      ] GC(1) User=0.00s Sys=0.00s Real=0.00s
[0.205s][info][gc,start    ] GC(2) Pause Young (Allocation Failure)
[0.206s][info][gc,heap     ] GC(2) PSYoungGen: 1536K(1536K)->512K(1536K) Eden: 1024K(1024K)->0K(1024K) From: 512K(512K)->512K(512K)
[0.206s][info][gc,heap     ] GC(2) ParOldGen: 88K(512K)->496K(512K)
[0.206s][info][gc,metaspace] GC(2) Metaspace: 6301K(6528K)->6301K(6528K) NonClass: 5767K(5888K)->5767K(5888K) Class: 533K(640K)->533K(640K)
[0.206s][info][gc          ] GC(2) Pause Young (Allocation Failure) 1M->0M(2M) 1.692ms
[0.206s][info][gc,cpu      ] GC(2) User=0.00s Sys=0.00s Real=0.00s
[0.207s][info][gc,start    ] GC(3) Pause Full (Ergonomics)
[0.207s][info][gc,phases,start] GC(3) Marking Phase
[0.208s][info][gc,phases      ] GC(3) Marking Phase 1.195ms
[0.208s][info][gc,phases,start] GC(3) Summary Phase
[0.208s][info][gc,phases      ] GC(3) Summary Phase 0.017ms
[0.208s][info][gc,phases,start] GC(3) Adjust Roots
[0.208s][info][gc,phases      ] GC(3) Adjust Roots 0.368ms
[0.208s][info][gc,phases,start] GC(3) Compaction Phase
[0.210s][info][gc,phases      ] GC(3) Compaction Phase 1.733ms
[0.210s][info][gc,phases,start] GC(3) Post Compact
[0.210s][info][gc,phases      ] GC(3) Post Compact 0.073ms
[0.210s][info][gc,heap        ] GC(3) PSYoungGen: 512K(1536K)->511K(1536K) Eden: 0K(1024K)->0K(1024K) From: 512K(512K)->511K(512K)
[0.210s][info][gc,heap        ] GC(3) ParOldGen: 496K(512K)->469K(2048K)
[0.210s][info][gc,metaspace   ] GC(3) Metaspace: 6301K(6528K)->6301K(6528K) NonClass: 5767K(5888K)->5767K(5888K) Class: 533K(640K)->533K(640K)
[0.210s][info][gc             ] GC(3) Pause Full (Ergonomics) 0M->0M(3M) 3.674ms
[0.210s][info][gc,cpu         ] GC(3) User=0.00s Sys=0.00s Real=0.00s
[0.212s][info][gc,start       ] GC(4) Pause Young (Allocation Failure)
[0.213s][info][gc,heap        ] GC(4) PSYoungGen: 1535K(1536K)->480K(2560K) Eden: 1024K(1024K)->0K(2048K) From: 511K(512K)->480K(512K)
[0.213s][info][gc,heap        ] GC(4) ParOldGen: 469K(2048K)->1029K(2048K)
[0.213s][info][gc,metaspace   ] GC(4) Metaspace: 6301K(6528K)->6301K(6528K) NonClass: 5767K(5888K)->5767K(5888K) Class: 533K(640K)->533K(640K)
[0.213s][info][gc             ] GC(4) Pause Young (Allocation Failure) 1M->1M(4M) 1.468ms
[0.213s][info][gc,cpu         ] GC(4) User=0.00s Sys=0.00s Real=0.00s
[0.216s][info][gc,start       ] GC(5) Pause Young (Allocation Failure)
[0.218s][info][gc,heap        ] GC(5) PSYoungGen: 2528K(2560K)->480K(2560K) Eden: 2048K(2048K)->0K(2048K) From: 480K(512K)->480K(512K)
[0.218s][info][gc,heap        ] GC(5) ParOldGen: 1029K(2048K)->2101K(2560K)
[0.218s][info][gc,metaspace   ] GC(5) Metaspace: 6301K(6528K)->6301K(6528K) NonClass: 5767K(5888K)->5767K(5888K) Class: 533K(640K)->533K(640K)
[0.218s][info][gc             ] GC(5) Pause Young (Allocation Failure) 3M->2M(5M) 2.067ms
[0.218s][info][gc,cpu         ] GC(5) User=0.00s Sys=0.00s Real=0.00s
[0.218s][info][gc,start       ] GC(6) Pause Full (Ergonomics)
[0.218s][info][gc,phases,start] GC(6) Marking Phase
[0.220s][info][gc,phases      ] GC(6) Marking Phase 1.772ms
[0.220s][info][gc,phases,start] GC(6) Summary Phase
[0.220s][info][gc,phases      ] GC(6) Summary Phase 0.015ms
[0.220s][info][gc,phases,start] GC(6) Adjust Roots
[0.221s][info][gc,phases      ] GC(6) Adjust Roots 0.429ms
[0.221s][info][gc,phases,start] GC(6) Compaction Phase
[0.223s][info][gc,phases      ] GC(6) Compaction Phase 2.261ms
[0.223s][info][gc,phases,start] GC(6) Post Compact
[0.223s][info][gc,phases      ] GC(6) Post Compact 0.034ms
[0.223s][info][gc,heap        ] GC(6) PSYoungGen: 480K(2560K)->0K(4096K) Eden: 0K(2048K)->0K(3072K) From: 480K(512K)->0K(1024K)
[0.223s][info][gc,heap        ] GC(6) ParOldGen: 2101K(2560K)->2542K(6144K)
[0.223s][info][gc,metaspace   ] GC(6) Metaspace: 6301K(6528K)->6301K(6528K) NonClass: 5767K(5888K)->5767K(5888K) Class: 533K(640K)->533K(640K)
[0.223s][info][gc             ] GC(6) Pause Full (Ergonomics) 2M->2M(10M) 4.890ms
[0.223s][info][gc,cpu         ] GC(6) User=0.00s Sys=0.00s Real=0.00s
[0.228s][info][gc,start       ] GC(7) Pause Young (Allocation Failure)
[0.230s][info][gc,heap        ] GC(7) PSYoungGen: 3072K(4096K)->1696K(5120K) Eden: 3072K(3072K)->0K(3072K) From: 0K(1024K)->1696K(2048K)
[0.230s][info][gc,heap        ] GC(7) ParOldGen: 2542K(6144K)->2542K(6144K)
[0.230s][info][gc,metaspace   ] GC(7) Metaspace: 6301K(6528K)->6301K(6528K) NonClass: 5767K(5888K)->5767K(5888K) Class: 533K(640K)->533K(640K)
[0.230s][info][gc             ] GC(7) Pause Young (Allocation Failure) 5M->4M(11M) 1.915ms
[0.230s][info][gc,cpu         ] GC(7) User=0.00s Sys=0.00s Real=0.00s
[0.236s][info][gc,start       ] GC(8) Pause Young (Allocation Failure)
[0.239s][info][gc,heap        ] GC(8) PSYoungGen: 4768K(5120K)->2016K(5632K) Eden: 3072K(3072K)->0K(3584K) From: 1696K(2048K)->2016K(2048K)
[0.239s][info][gc,heap        ] GC(8) ParOldGen: 2542K(6144K)->3766K(6144K)
[0.239s][info][gc,metaspace   ] GC(8) Metaspace: 6301K(6528K)->6301K(6528K) NonClass: 5767K(5888K)->5767K(5888K) Class: 533K(640K)->533K(640K)
[0.239s][info][gc             ] GC(8) Pause Young (Allocation Failure) 7M->5M(11M) 3.083ms
[0.239s][info][gc,cpu         ] GC(8) User=0.00s Sys=0.00s Real=0.00s
[0.244s][info][gc,start       ] GC(9) Pause Young (Allocation Failure)
[0.248s][info][gc,heap        ] GC(9) PSYoungGen: 5600K(5632K)->3040K(6656K) Eden: 3584K(3584K)->0K(3584K) From: 2016K(2048K)->3040K(3072K)
[0.248s][info][gc,heap        ] GC(9) ParOldGen: 3766K(6144K)->4606K(6144K)
[0.248s][info][gc,metaspace   ] GC(9) Metaspace: 6301K(6528K)->6301K(6528K) NonClass: 5767K(5888K)->5767K(5888K) Class: 533K(640K)->533K(640K)
[0.248s][info][gc             ] GC(9) Pause Young (Allocation Failure) 9M->7M(12M) 3.974ms
[0.248s][info][gc,cpu         ] GC(9) User=0.00s Sys=0.00s Real=0.00s
[0.252s][info][gc,start       ] GC(10) Pause Young (Allocation Failure)
[0.257s][info][gc,heap        ] GC(10) PSYoungGen: 6624K(6656K)->4064K(8704K) Eden: 3584K(3584K)->0K(4608K) From: 3040K(3072K)->4064K(4096K)
[0.257s][info][gc,heap        ] GC(10) ParOldGen: 4606K(6144K)->5446K(6144K)
[0.257s][info][gc,metaspace   ] GC(10) Metaspace: 6301K(6528K)->6301K(6528K) NonClass: 5767K(5888K)->5767K(5888K) Class: 533K(640K)->533K(640K)
[0.257s][info][gc             ] GC(10) Pause Young (Allocation Failure) 10M->9M(14M) 5.052ms
[0.257s][info][gc,cpu         ] GC(10) User=0.00s Sys=0.00s Real=0.01s
[0.257s][info][gc,start       ] GC(11) Pause Full (Ergonomics)
[0.257s][info][gc,phases,start] GC(11) Marking Phase
[0.262s][info][gc,phases      ] GC(11) Marking Phase 4.577ms
[0.262s][info][gc,phases,start] GC(11) Summary Phase
[0.262s][info][gc,phases      ] GC(11) Summary Phase 0.017ms
[0.262s][info][gc,phases,start] GC(11) Adjust Roots
[0.262s][info][gc,phases      ] GC(11) Adjust Roots 0.401ms
[0.262s][info][gc,phases,start] GC(11) Compaction Phase
[0.269s][info][gc,phases      ] GC(11) Compaction Phase 6.456ms
[0.269s][info][gc,phases,start] GC(11) Post Compact
[0.269s][info][gc,phases      ] GC(11) Post Compact 0.055ms
[0.269s][info][gc,heap        ] GC(11) PSYoungGen: 4064K(8704K)->3545K(8704K) Eden: 0K(4608K)->0K(4608K) From: 4064K(4096K)->3545K(4096K)
[0.269s][info][gc,heap        ] GC(11) ParOldGen: 5446K(6144K)->5820K(10752K)
[0.269s][info][gc,metaspace   ] GC(11) Metaspace: 6301K(6528K)->6301K(6528K) NonClass: 5767K(5888K)->5767K(5888K) Class: 533K(640K)->533K(640K)
[0.269s][info][gc             ] GC(11) Pause Full (Ergonomics) 9M->9M(19M) 11.887ms
[0.269s][info][gc,cpu         ] GC(11) User=0.02s Sys=0.00s Real=0.01s
[0.275s][info][gc,start       ] GC(12) Pause Young (Allocation Failure)
[0.279s][info][gc,heap        ] GC(12) PSYoungGen: 8099K(8704K)->5088K(9728K) Eden: 4553K(4608K)->0K(4608K) From: 3545K(4096K)->5088K(5120K)
[0.279s][info][gc,heap        ] GC(12) ParOldGen: 5820K(10752K)->6612K(10752K)
[0.279s][info][gc,metaspace   ] GC(12) Metaspace: 6301K(6528K)->6301K(6528K) NonClass: 5767K(5888K)->5767K(5888K) Class: 533K(640K)->533K(640K)
[0.279s][info][gc             ] GC(12) Pause Young (Allocation Failure) 13M->11M(20M) 4.555ms
[0.279s][info][gc,cpu         ] GC(12) User=0.00s Sys=0.00s Real=0.01s
[0.287s][info][gc,start       ] GC(13) Pause Young (Allocation Failure)
[0.293s][info][gc,heap        ] GC(13) PSYoungGen: 9696K(9728K)->6112K(11264K) Eden: 4608K(4608K)->0K(5120K) From: 5088K(5120K)->6112K(6144K)
[0.293s][info][gc,heap        ] GC(13) ParOldGen: 6612K(10752K)->7980K(10752K)
[0.293s][info][gc,metaspace   ] GC(13) Metaspace: 6301K(6528K)->6301K(6528K) NonClass: 5767K(5888K)->5767K(5888K) Class: 533K(640K)->533K(640K)
[0.293s][info][gc             ] GC(13) Pause Young (Allocation Failure) 15M->13M(21M) 6.231ms
[0.293s][info][gc,cpu         ] GC(13) User=0.00s Sys=0.00s Real=0.01s
[0.298s][info][gc,start       ] GC(14) Pause Young (Allocation Failure)
[0.303s][info][gc,heap        ] GC(14) PSYoungGen: 11232K(11264K)->5248K(12800K) Eden: 5120K(5120K)->0K(5120K) From: 6112K(6144K)->5248K(7680K)
[0.304s][info][gc,heap        ] GC(14) ParOldGen: 7980K(10752K)->11572K(11776K)
[0.304s][info][gc,metaspace   ] GC(14) Metaspace: 6302K(6528K)->6302K(6528K) NonClass: 5769K(5888K)->5769K(5888K) Class: 533K(640K)->533K(640K)
[0.304s][info][gc             ] GC(14) Pause Young (Allocation Failure) 18M->16M(24M) 5.891ms
[0.304s][info][gc,cpu         ] GC(14) User=0.00s Sys=0.00s Real=0.01s
[0.304s][info][gc,start       ] GC(15) Pause Full (Ergonomics)
[0.304s][info][gc,phases,start] GC(15) Marking Phase
[0.311s][info][gc,phases      ] GC(15) Marking Phase 7.763ms
[0.312s][info][gc,phases,start] GC(15) Summary Phase
[0.312s][info][gc,phases      ] GC(15) Summary Phase 0.018ms
[0.312s][info][gc,phases,start] GC(15) Adjust Roots
[0.312s][info][gc,phases      ] GC(15) Adjust Roots 0.204ms
[0.312s][info][gc,phases,start] GC(15) Compaction Phase
[0.319s][info][gc,phases      ] GC(15) Compaction Phase 7.390ms
[0.319s][info][gc,phases,start] GC(15) Post Compact
[0.319s][info][gc,phases      ] GC(15) Post Compact 0.084ms
[0.319s][info][gc,heap        ] GC(15) PSYoungGen: 5248K(12800K)->5187K(12800K) Eden: 0K(5120K)->0K(5120K) From: 5248K(7680K)->5187K(7680K)
[0.319s][info][gc,heap        ] GC(15) ParOldGen: 11572K(11776K)->11462K(18432K)
[0.319s][info][gc,metaspace   ] GC(15) Metaspace: 6302K(6528K)->6302K(6528K) NonClass: 5769K(5888K)->5769K(5888K) Class: 533K(640K)->533K(640K)
[0.319s][info][gc             ] GC(15) Pause Full (Ergonomics) 16M->16M(30M) 15.809ms
[0.320s][info][gc,cpu         ] GC(15) User=0.00s Sys=0.00s Real=0.02s
[0.323s][info][gc,start       ] GC(16) Pause Young (Allocation Failure)
[0.331s][info][gc,heap        ] GC(16) PSYoungGen: 10307K(12800K)->2688K(14336K) Eden: 5120K(5120K)->0K(7168K) From: 5187K(7680K)->2688K(7168K)
[0.331s][info][gc,heap        ] GC(16) ParOldGen: 11462K(18432K)->16734K(18432K)
[0.331s][info][gc,metaspace   ] GC(16) Metaspace: 6302K(6528K)->6302K(6528K) NonClass: 5769K(5888K)->5769K(5888K) Class: 533K(640K)->533K(640K)
[0.331s][info][gc             ] GC(16) Pause Young (Allocation Failure) 21M->18M(32M) 8.619ms
[0.331s][info][gc,cpu         ] GC(16) User=0.00s Sys=0.00s Real=0.01s
[0.332s][info][gc,start       ] GC(17) Pause Full (Ergonomics)
[0.332s][info][gc,phases,start] GC(17) Marking Phase
[0.340s][info][gc,phases      ] GC(17) Marking Phase 8.753ms
[0.340s][info][gc,phases,start] GC(17) Summary Phase
[0.340s][info][gc,phases      ] GC(17) Summary Phase 0.014ms
[0.340s][info][gc,phases,start] GC(17) Adjust Roots
[0.341s][info][gc,phases      ] GC(17) Adjust Roots 0.316ms
[0.341s][info][gc,phases,start] GC(17) Compaction Phase
[0.347s][info][gc,phases      ] GC(17) Compaction Phase 6.162ms
[0.347s][info][gc,phases,start] GC(17) Post Compact
[0.347s][info][gc,phases      ] GC(17) Post Compact 0.113ms
[0.347s][info][gc,heap        ] GC(17) PSYoungGen: 2688K(14336K)->1106K(14848K) Eden: 0K(7168K)->0K(7680K) From: 2688K(7168K)->1106K(7168K)
[0.347s][info][gc,heap        ] GC(17) ParOldGen: 16734K(18432K)->18182K(27648K)
[0.347s][info][gc,metaspace   ] GC(17) Metaspace: 6302K(6528K)->6302K(6528K) NonClass: 5769K(5888K)->5769K(5888K) Class: 533K(640K)->533K(640K)
[0.347s][info][gc             ] GC(17) Pause Full (Ergonomics) 18M->18M(41M) 15.733ms
[0.347s][info][gc,cpu         ] GC(17) User=0.00s Sys=0.00s Real=0.02s
[0.352s][info][gc,start       ] GC(18) Pause Young (Allocation Failure)
[0.359s][info][gc,heap        ] GC(18) PSYoungGen: 7796K(14848K)->3424K(15360K) Eden: 6689K(7680K)->0K(7680K) From: 1106K(7168K)->3424K(7680K)
[0.359s][info][gc,heap        ] GC(18) ParOldGen: 18182K(27648K)->19310K(27648K)
[0.359s][info][gc,metaspace   ] GC(18) Metaspace: 6302K(6528K)->6302K(6528K) NonClass: 5769K(5888K)->5769K(5888K) Class: 533K(640K)->533K(640K)
[0.359s][info][gc             ] GC(18) Pause Young (Allocation Failure) 25M->22M(42M) 6.309ms
[0.359s][info][gc,cpu         ] GC(18) User=0.00s Sys=0.00s Real=0.01s
[0.367s][info][gc,start       ] GC(19) Pause Young (Allocation Failure)
[0.376s][info][gc,heap        ] GC(19) PSYoungGen: 11104K(15360K)->4512K(17920K) Eden: 7680K(7680K)->0K(10240K) From: 3424K(7680K)->4512K(7680K)
[0.376s][info][gc,heap        ] GC(19) ParOldGen: 19310K(27648K)->22766K(27648K)
[0.376s][info][gc,metaspace   ] GC(19) Metaspace: 6302K(6528K)->6302K(6528K) NonClass: 5769K(5888K)->5769K(5888K) Class: 533K(640K)->533K(640K)
[0.376s][info][gc             ] GC(19) Pause Young (Allocation Failure) 29M->26M(44M) 9.179ms
[0.376s][info][gc,cpu         ] GC(19) User=0.00s Sys=0.00s Real=0.01s
[0.384s][info][gc,start       ] GC(20) Pause Young (Allocation Failure)
[0.392s][info][gc,heap        ] GC(20) PSYoungGen: 14752K(17920K)->5344K(17920K) Eden: 10240K(10240K)->0K(10240K) From: 4512K(7680K)->5344K(7680K)
[0.392s][info][gc,heap        ] GC(20) ParOldGen: 22766K(27648K)->27294K(27648K)
[0.392s][info][gc,metaspace   ] GC(20) Metaspace: 6302K(6528K)->6302K(6528K) NonClass: 5769K(5888K)->5769K(5888K) Class: 533K(640K)->533K(640K)
[0.392s][info][gc             ] GC(20) Pause Young (Allocation Failure) 36M->31M(44M) 8.346ms
[0.392s][info][gc,cpu         ] GC(20) User=0.00s Sys=0.00s Real=0.01s
[0.392s][info][gc,start       ] GC(21) Pause Full (Ergonomics)
[0.392s][info][gc,phases,start] GC(21) Marking Phase
[0.406s][info][gc,phases      ] GC(21) Marking Phase 14.293ms
[0.406s][info][gc,phases,start] GC(21) Summary Phase
[0.406s][info][gc,phases      ] GC(21) Summary Phase 0.014ms
[0.406s][info][gc,phases,start] GC(21) Adjust Roots
[0.407s][info][gc,phases      ] GC(21) Adjust Roots 0.200ms
[0.407s][info][gc,phases,start] GC(21) Compaction Phase
[0.420s][info][gc,phases      ] GC(21) Compaction Phase 13.753ms
[0.421s][info][gc,phases,start] GC(21) Post Compact
[0.421s][info][gc,phases      ] GC(21) Post Compact 0.121ms
[0.421s][info][gc,heap        ] GC(21) PSYoungGen: 5344K(17920K)->4780K(17920K) Eden: 0K(10240K)->0K(10240K) From: 5344K(7680K)->4780K(7680K)
[0.421s][info][gc,heap        ] GC(21) ParOldGen: 27294K(27648K)->27140K(38912K)
[0.421s][info][gc,metaspace   ] GC(21) Metaspace: 6302K(6528K)->6302K(6528K) NonClass: 5769K(5888K)->5769K(5888K) Class: 533K(640K)->533K(640K)
[0.421s][info][gc             ] GC(21) Pause Full (Ergonomics) 31M->31M(55M) 28.909ms
[0.421s][info][gc,cpu         ] GC(21) User=0.02s Sys=0.00s Real=0.03s
[0.431s][info][gc,start       ] GC(22) Pause Young (Allocation Failure)
[0.446s][info][gc,heap        ] GC(22) PSYoungGen: 15020K(17920K)->8192K(17920K) Eden: 10240K(10240K)->0K(9728K) From: 4780K(7680K)->8192K(8192K)
[0.446s][info][gc,heap        ] GC(22) ParOldGen: 27140K(38912K)->32972K(38912K)
[0.446s][info][gc,metaspace   ] GC(22) Metaspace: 6302K(6528K)->6302K(6528K) NonClass: 5769K(5888K)->5769K(5888K) Class: 533K(640K)->533K(640K)
[0.446s][info][gc             ] GC(22) Pause Young (Allocation Failure) 41M->40M(55M) 14.248ms
[0.446s][info][gc,cpu         ] GC(22) User=0.00s Sys=0.00s Real=0.01s
[0.446s][info][gc,start       ] GC(23) Pause Full (Ergonomics)
[0.446s][info][gc,phases,start] GC(23) Marking Phase
[0.463s][info][gc,phases      ] GC(23) Marking Phase 17.326ms
[0.463s][info][gc,phases,start] GC(23) Summary Phase
[0.463s][info][gc,phases      ] GC(23) Summary Phase 0.017ms
[0.463s][info][gc,phases,start] GC(23) Adjust Roots
[0.463s][info][gc,phases      ] GC(23) Adjust Roots 0.178ms
[0.463s][info][gc,phases,start] GC(23) Compaction Phase
[0.475s][info][gc,phases      ] GC(23) Compaction Phase 11.368ms
[0.475s][info][gc,phases,start] GC(23) Post Compact
[0.475s][info][gc,phases      ] GC(23) Post Compact 0.234ms
[0.475s][info][gc,heap        ] GC(23) PSYoungGen: 8192K(17920K)->2554K(17920K) Eden: 0K(9728K)->0K(9728K) From: 8192K(8192K)->2554K(8192K)
[0.475s][info][gc,heap        ] GC(23) ParOldGen: 32972K(38912K)->38490K(52736K)
[0.475s][info][gc,metaspace   ] GC(23) Metaspace: 6302K(6528K)->6302K(6528K) NonClass: 5769K(5888K)->5769K(5888K) Class: 533K(640K)->533K(640K)
[0.475s][info][gc             ] GC(23) Pause Full (Ergonomics) 40M->40M(69M) 29.505ms
[0.475s][info][gc,cpu         ] GC(23) User=0.03s Sys=0.00s Real=0.03s
[0.487s][info][gc,start       ] GC(24) Pause Young (Allocation Failure)
[0.497s][info][gc,heap        ] GC(24) PSYoungGen: 12282K(17920K)->9760K(20992K) Eden: 9728K(9728K)->0K(9728K) From: 2554K(8192K)->9760K(11264K)
[0.497s][info][gc,heap        ] GC(24) ParOldGen: 38490K(52736K)->41090K(52736K)
[0.497s][info][gc,metaspace   ] GC(24) Metaspace: 6302K(6528K)->6302K(6528K) NonClass: 5769K(5888K)->5769K(5888K) Class: 533K(640K)->533K(640K)
[0.497s][info][gc             ] GC(24) Pause Young (Allocation Failure) 49M->49M(72M) 9.883ms
[0.497s][info][gc,cpu         ] GC(24) User=0.02s Sys=0.00s Real=0.01s
[0.506s][info][gc,start       ] GC(25) Pause Young (Allocation Failure)
[0.520s][info][gc,heap        ] GC(25) PSYoungGen: 19488K(20992K)->12768K(19968K) Eden: 9728K(9728K)->0K(7168K) From: 9760K(11264K)->12768K(12800K)
[0.520s][info][gc,heap        ] GC(25) ParOldGen: 41090K(52736K)->47866K(52736K)
[0.520s][info][gc,metaspace   ] GC(25) Metaspace: 6302K(6528K)->6302K(6528K) NonClass: 5769K(5888K)->5769K(5888K) Class: 533K(640K)->533K(640K)
[0.520s][info][gc             ] GC(25) Pause Young (Allocation Failure) 59M->59M(71M) 13.498ms
[0.520s][info][gc,cpu         ] GC(25) User=0.00s Sys=0.00s Real=0.01s
[0.520s][info][gc,start       ] GC(26) Pause Full (Ergonomics)
[0.520s][info][gc,phases,start] GC(26) Marking Phase
[0.545s][info][gc,phases      ] GC(26) Marking Phase 25.597ms
[0.545s][info][gc,phases,start] GC(26) Summary Phase
[0.545s][info][gc,phases      ] GC(26) Summary Phase 0.017ms
[0.545s][info][gc,phases,start] GC(26) Adjust Roots
[0.546s][info][gc,phases      ] GC(26) Adjust Roots 0.173ms
[0.546s][info][gc,phases,start] GC(26) Compaction Phase
[0.564s][info][gc,phases      ] GC(26) Compaction Phase 17.920ms
[0.564s][info][gc,phases,start] GC(26) Post Compact
[0.564s][info][gc,phases      ] GC(26) Post Compact 0.170ms
[0.564s][info][gc,heap        ] GC(26) PSYoungGen: 12768K(19968K)->7122K(19968K) Eden: 0K(7168K)->0K(7168K) From: 12768K(12800K)->7122K(12800K)
[0.564s][info][gc,heap        ] GC(26) ParOldGen: 47866K(52736K)->52302K(69120K)
[0.564s][info][gc,metaspace   ] GC(26) Metaspace: 6302K(6528K)->6302K(6528K) NonClass: 5769K(5888K)->5769K(5888K) Class: 533K(640K)->533K(640K)
[0.564s][info][gc             ] GC(26) Pause Full (Ergonomics) 59M->58M(87M) 44.245ms
[0.564s][info][gc,cpu         ] GC(26) User=0.03s Sys=0.00s Real=0.05s
[0.572s][info][gc,start       ] GC(27) Pause Young (Allocation Failure)
[0.586s][info][gc,heap        ] GC(27) PSYoungGen: 14290K(19968K)->7200K(24576K) Eden: 7168K(7168K)->0K(7168K) From: 7122K(12800K)->7200K(17408K)
[0.586s][info][gc,heap        ] GC(27) ParOldGen: 52302K(69120K)->59542K(69120K)
[0.586s][info][gc,metaspace   ] GC(27) Metaspace: 6302K(6528K)->6302K(6528K) NonClass: 5769K(5888K)->5769K(5888K) Class: 533K(640K)->533K(640K)
[0.586s][info][gc             ] GC(27) Pause Young (Allocation Failure) 65M->65M(91M) 13.827ms
[0.586s][info][gc,cpu         ] GC(27) User=0.00s Sys=0.00s Real=0.01s
[0.593s][info][gc,start       ] GC(28) Pause Young (Allocation Failure)
[0.603s][info][gc,heap        ] GC(28) PSYoungGen: 14368K(24576K)->14336K(23040K) Eden: 7168K(7168K)->0K(6656K) From: 7200K(17408K)->14336K(16384K)
[0.603s][info][gc,heap        ] GC(28) ParOldGen: 59542K(69120K)->59542K(69120K)
[0.603s][info][gc,metaspace   ] GC(28) Metaspace: 6302K(6528K)->6302K(6528K) NonClass: 5769K(5888K)->5769K(5888K) Class: 533K(640K)->533K(640K)
[0.603s][info][gc             ] GC(28) Pause Young (Allocation Failure) 72M->72M(90M) 9.990ms
[0.603s][info][gc,cpu         ] GC(28) User=0.00s Sys=0.00s Real=0.01s
[0.610s][info][gc,start       ] GC(29) Pause Young (Allocation Failure)
[0.623s][info][gc,heap        ] GC(29) PSYoungGen: 20992K(23040K)->13824K(25088K) Eden: 6656K(6656K)->0K(6656K) From: 14336K(16384K)->13824K(18432K)
[0.623s][info][gc,heap        ] GC(29) ParOldGen: 59542K(69120K)->66798K(69120K)
[0.623s][info][gc,metaspace   ] GC(29) Metaspace: 6302K(6528K)->6302K(6528K) NonClass: 5769K(5888K)->5769K(5888K) Class: 533K(640K)->533K(640K)
[0.623s][info][gc             ] GC(29) Pause Young (Allocation Failure) 78M->78M(92M) 13.436ms
[0.623s][info][gc,cpu         ] GC(29) User=0.02s Sys=0.00s Real=0.01s
[0.623s][info][gc,start       ] GC(30) Pause Full (Ergonomics)
[0.623s][info][gc,phases,start] GC(30) Marking Phase
[0.655s][info][gc,phases      ] GC(30) Marking Phase 31.723ms
[0.655s][info][gc,phases,start] GC(30) Summary Phase
[0.655s][info][gc,phases      ] GC(30) Summary Phase 0.015ms
[0.655s][info][gc,phases,start] GC(30) Adjust Roots
[0.655s][info][gc,phases      ] GC(30) Adjust Roots 0.149ms
[0.655s][info][gc,phases,start] GC(30) Compaction Phase
[0.675s][info][gc,phases      ] GC(30) Compaction Phase 19.784ms
[0.675s][info][gc,phases,start] GC(30) Post Compact
[0.676s][info][gc,phases      ] GC(30) Post Compact 0.343ms
[0.676s][info][gc,heap        ] GC(30) PSYoungGen: 13824K(25088K)->11209K(25088K) Eden: 0K(6656K)->0K(6656K) From: 13824K(18432K)->11209K(18432K)
[0.676s][info][gc,heap        ] GC(30) ParOldGen: 66798K(69120K)->69118K(89600K)
[0.676s][info][gc,metaspace   ] GC(30) Metaspace: 6302K(6528K)->6302K(6528K) NonClass: 5769K(5888K)->5769K(5888K) Class: 533K(640K)->533K(640K)
[0.676s][info][gc             ] GC(30) Pause Full (Ergonomics) 78M->78M(112M) 52.395ms
[0.676s][info][gc,cpu         ] GC(30) User=0.06s Sys=0.00s Real=0.05s
[0.684s][info][gc,start       ] GC(31) Pause Young (Allocation Failure)
[0.700s][info][gc,heap        ] GC(31) PSYoungGen: 17865K(25088K)->6656K(25600K) Eden: 6656K(6656K)->0K(8192K) From: 11209K(18432K)->6656K(17408K)
[0.700s][info][gc,heap        ] GC(31) ParOldGen: 69118K(89600K)->80518K(89600K)
[0.700s][info][gc,metaspace   ] GC(31) Metaspace: 6302K(6528K)->6302K(6528K) NonClass: 5769K(5888K)->5769K(5888K) Class: 533K(640K)->533K(640K)
[0.700s][info][gc             ] GC(31) Pause Young (Allocation Failure) 84M->85M(112M) 16.460ms
[0.700s][info][gc,cpu         ] GC(31) User=0.03s Sys=0.00s Real=0.02s
[0.700s][info][gc,start       ] GC(32) Pause Full (Ergonomics)
[0.700s][info][gc,phases,start] GC(32) Marking Phase
[0.733s][info][gc,phases      ] GC(32) Marking Phase 32.791ms
[0.733s][info][gc,phases,start] GC(32) Summary Phase
[0.733s][info][gc,phases      ] GC(32) Summary Phase 0.021ms
[0.733s][info][gc,phases,start] GC(32) Adjust Roots
[0.733s][info][gc,phases      ] GC(32) Adjust Roots 0.223ms
[0.733s][info][gc,phases,start] GC(32) Compaction Phase
[0.751s][info][gc,phases      ] GC(32) Compaction Phase 17.852ms
[0.751s][info][gc,phases,start] GC(32) Post Compact
[0.752s][info][gc,phases      ] GC(32) Post Compact 0.431ms
[0.752s][info][gc,heap        ] GC(32) PSYoungGen: 6656K(25600K)->0K(27136K) Eden: 0K(8192K)->0K(8192K) From: 6656K(17408K)->0K(18944K)
[0.752s][info][gc,heap        ] GC(32) ParOldGen: 80518K(89600K)->86954K(111616K)
[0.752s][info][gc,metaspace   ] GC(32) Metaspace: 6302K(6528K)->6302K(6528K) NonClass: 5769K(5888K)->5769K(5888K) Class: 533K(640K)->533K(640K)
[0.752s][info][gc             ] GC(32) Pause Full (Ergonomics) 85M->84M(135M) 51.767ms
[0.752s][info][gc,cpu         ] GC(32) User=0.08s Sys=0.00s Real=0.05s
[0.769s][info][gc,start       ] GC(33) Pause Young (Allocation Failure)
[0.775s][info][gc,heap        ] GC(33) PSYoungGen: 8192K(27136K)->8256K(26112K) Eden: 8192K(8192K)->0K(9728K) From: 0K(18944K)->8256K(16384K)
[0.775s][info][gc,heap        ] GC(33) ParOldGen: 86954K(111616K)->86954K(111616K)
[0.775s][info][gc,metaspace   ] GC(33) Metaspace: 6302K(6528K)->6302K(6528K) NonClass: 5769K(5888K)->5769K(5888K) Class: 533K(640K)->533K(640K)
[0.775s][info][gc             ] GC(33) Pause Young (Allocation Failure) 92M->92M(134M) 6.550ms
[0.775s][info][gc,cpu         ] GC(33) User=0.00s Sys=0.00s Real=0.01s
[0.784s][info][gc,start       ] GC(34) Pause Young (Allocation Failure)
[0.792s][info][gc,heap        ] GC(34) PSYoungGen: 17984K(26112K)->17888K(27648K) Eden: 9728K(9728K)->0K(9728K) From: 8256K(16384K)->17888K(17920K)
[0.792s][info][gc,heap        ] GC(34) ParOldGen: 86954K(111616K)->86978K(111616K)
[0.792s][info][gc,metaspace   ] GC(34) Metaspace: 6302K(6528K)->6302K(6528K) NonClass: 5769K(5888K)->5769K(5888K) Class: 533K(640K)->533K(640K)
[0.792s][info][gc             ] GC(34) Pause Young (Allocation Failure) 102M->102M(136M) 8.310ms
[0.792s][info][gc,cpu         ] GC(34) User=0.00s Sys=0.00s Real=0.01s
[0.801s][info][gc,start       ] GC(35) Pause Young (Allocation Failure)
[0.816s][info][gc,heap        ] GC(35) PSYoungGen: 27616K(27648K)->9760K(30720K) Eden: 9728K(9728K)->0K(11264K) From: 17888K(17920K)->9760K(19456K)
[0.816s][info][gc,heap        ] GC(35) ParOldGen: 86978K(111616K)->105066K(111616K)
[0.816s][info][gc,metaspace   ] GC(35) Metaspace: 6302K(6528K)->6302K(6528K) NonClass: 5769K(5888K)->5769K(5888K) Class: 533K(640K)->533K(640K)
[0.816s][info][gc             ] GC(35) Pause Young (Allocation Failure) 111M->112M(139M) 15.013ms
[0.816s][info][gc,cpu         ] GC(35) User=0.00s Sys=0.00s Real=0.02s
[0.816s][info][gc,start       ] GC(36) Pause Full (Ergonomics)
[0.816s][info][gc,phases,start] GC(36) Marking Phase
[0.848s][info][gc,phases      ] GC(36) Marking Phase 31.452ms
[0.848s][info][gc,phases,start] GC(36) Summary Phase
[0.848s][info][gc,phases      ] GC(36) Summary Phase 0.019ms
[0.848s][info][gc,phases,start] GC(36) Adjust Roots
[0.848s][info][gc,phases      ] GC(36) Adjust Roots 0.178ms
[0.848s][info][gc,phases,start] GC(36) Compaction Phase
[0.874s][info][gc,phases      ] GC(36) Compaction Phase 25.862ms
[0.874s][info][gc,phases,start] GC(36) Post Compact
[0.874s][info][gc,phases      ] GC(36) Post Compact 0.370ms
[0.875s][info][gc,heap        ] GC(36) PSYoungGen: 9760K(30720K)->1007K(31232K) Eden: 0K(11264K)->0K(11776K) From: 9760K(19456K)->1007K(19456K)
[0.875s][info][gc,heap        ] GC(36) ParOldGen: 105066K(111616K)->111464K(142336K)
[0.875s][info][gc,metaspace   ] GC(36) Metaspace: 6302K(6528K)->6302K(6528K) NonClass: 5769K(5888K)->5769K(5888K) Class: 533K(640K)->533K(640K)
[0.875s][info][gc             ] GC(36) Pause Full (Ergonomics) 112M->109M(169M) 58.297ms
[0.875s][info][gc,cpu         ] GC(36) User=0.09s Sys=0.00s Real=0.06s
[0.886s][info][gc,start       ] GC(37) Pause Young (Allocation Failure)
[0.899s][info][gc,heap        ] GC(37) PSYoungGen: 12783K(31232K)->12864K(31744K) Eden: 11776K(11776K)->0K(11776K) From: 1007K(19456K)->12864K(19968K)
[0.899s][info][gc,heap        ] GC(37) ParOldGen: 111464K(142336K)->111464K(142336K)
[0.899s][info][gc,metaspace   ] GC(37) Metaspace: 6302K(6528K)->6302K(6528K) NonClass: 5769K(5888K)->5769K(5888K) Class: 533K(640K)->533K(640K)
[0.899s][info][gc             ] GC(37) Pause Young (Allocation Failure) 121M->121M(170M) 12.912ms
[0.899s][info][gc,cpu         ] GC(37) User=0.00s Sys=0.00s Real=0.01s
[0.910s][info][gc,start       ] GC(38) Pause Young (Allocation Failure)
[0.924s][info][gc,heap        ] GC(38) PSYoungGen: 24640K(31744K)->19968K(28672K) Eden: 11776K(11776K)->0K(8704K) From: 12864K(19968K)->19968K(19968K)
[0.925s][info][gc,heap        ] GC(38) ParOldGen: 111464K(142336K)->116128K(142336K)
[0.925s][info][gc,metaspace   ] GC(38) Metaspace: 6302K(6528K)->6302K(6528K) NonClass: 5769K(5888K)->5769K(5888K) Class: 533K(640K)->533K(640K)
[0.925s][info][gc             ] GC(38) Pause Young (Allocation Failure) 132M->132M(167M) 14.367ms
[0.925s][info][gc,cpu         ] GC(38) User=0.00s Sys=0.00s Real=0.02s
[0.933s][info][gc,start       ] GC(39) Pause Young (Allocation Failure)
[0.947s][info][gc,heap        ] GC(39) PSYoungGen: 28672K(28672K)->18144K(33280K) Eden: 8704K(8704K)->0K(8704K) From: 19968K(19968K)->18144K(24576K)
[0.947s][info][gc,heap        ] GC(39) ParOldGen: 116128K(142336K)->126856K(142336K)
[0.947s][info][gc,metaspace   ] GC(39) Metaspace: 6302K(6528K)->6302K(6528K) NonClass: 5769K(5888K)->5769K(5888K) Class: 533K(640K)->533K(640K)
[0.947s][info][gc             ] GC(39) Pause Young (Allocation Failure) 141M->141M(171M) 13.825ms
[0.947s][info][gc,cpu         ] GC(39) User=0.00s Sys=0.00s Real=0.01s
[0.947s][info][gc,start       ] GC(40) Pause Full (Ergonomics)
[0.947s][info][gc,phases,start] GC(40) Marking Phase
[0.976s][info][gc,phases      ] GC(40) Marking Phase 29.182ms
[0.976s][info][gc,phases,start] GC(40) Summary Phase
[0.976s][info][gc,phases      ] GC(40) Summary Phase 0.015ms
[0.976s][info][gc,phases,start] GC(40) Adjust Roots
[0.976s][info][gc,phases      ] GC(40) Adjust Roots 0.138ms
[0.976s][info][gc,phases,start] GC(40) Compaction Phase
[0.996s][info][gc,phases      ] GC(40) Compaction Phase 19.474ms
[0.996s][info][gc,phases,start] GC(40) Post Compact
[0.997s][info][gc,phases      ] GC(40) Post Compact 0.751ms
[0.997s][info][gc,heap        ] GC(40) PSYoungGen: 18144K(33280K)->2708K(33280K) Eden: 0K(8704K)->0K(8704K) From: 18144K(24576K)->2708K(24576K)
[0.997s][info][gc,heap        ] GC(40) ParOldGen: 126856K(142336K)->141921K(174592K)
[0.997s][info][gc,metaspace   ] GC(40) Metaspace: 6302K(6528K)->6302K(6528K) NonClass: 5769K(5888K)->5769K(5888K) Class: 533K(640K)->533K(640K)
[0.997s][info][gc             ] GC(40) Pause Full (Ergonomics) 141M->141M(203M) 49.982ms
[0.997s][info][gc,cpu         ] GC(40) User=0.08s Sys=0.05s Real=0.05s
[1.006s][info][gc,start       ] GC(41) Pause Young (Allocation Failure)
[1.020s][info][gc,heap        ] GC(41) PSYoungGen: 11412K(33280K)->11104K(33280K) Eden: 8704K(8704K)->0K(10240K) From: 2708K(24576K)->11104K(23040K)
[1.021s][info][gc,heap        ] GC(41) ParOldGen: 141921K(174592K)->142297K(174592K)
[1.021s][info][gc,metaspace   ] GC(41) Metaspace: 6302K(6528K)->6302K(6528K) NonClass: 5769K(5888K)->5769K(5888K) Class: 533K(640K)->533K(640K)
[1.021s][info][gc             ] GC(41) Pause Young (Allocation Failure) 149M->149M(203M) 14.604ms
[1.021s][info][gc,cpu         ] GC(41) User=0.00s Sys=0.00s Real=0.02s
[1.030s][info][gc,start       ] GC(42) Pause Young (Allocation Failure)
[1.042s][info][gc,heap        ] GC(42) PSYoungGen: 21344K(33280K)->21376K(34816K) Eden: 10240K(10240K)->0K(10240K) From: 11104K(23040K)->21376K(24576K)
[1.042s][info][gc,heap        ] GC(42) ParOldGen: 142297K(174592K)->142297K(174592K)
[1.042s][info][gc,metaspace   ] GC(42) Metaspace: 6302K(6528K)->6302K(6528K) NonClass: 5769K(5888K)->5769K(5888K) Class: 533K(640K)->533K(640K)
[1.042s][info][gc             ] GC(42) Pause Young (Allocation Failure) 159M->159M(204M) 11.651ms
[1.042s][info][gc,cpu         ] GC(42) User=0.00s Sys=0.00s Real=0.01s
[1.052s][info][gc,start       ] GC(43) Pause Young (Allocation Failure)
[1.068s][info][gc,heap        ] GC(43) PSYoungGen: 31616K(34816K)->27136K(33280K) Eden: 10240K(10240K)->0K(6144K) From: 21376K(24576K)->27136K(27136K)
[1.068s][info][gc,heap        ] GC(43) ParOldGen: 142297K(174592K)->146745K(174592K)
[1.068s][info][gc,metaspace   ] GC(43) Metaspace: 6302K(6528K)->6302K(6528K) NonClass: 5769K(5888K)->5769K(5888K) Class: 533K(640K)->533K(640K)
[1.068s][info][gc             ] GC(43) Pause Young (Allocation Failure) 169M->169M(203M) 16.018ms
[1.068s][info][gc,cpu         ] GC(43) User=0.00s Sys=0.00s Real=0.02s
[1.100s][info][gc,start       ] GC(44) Pause Young (Allocation Failure)
[1.122s][info][gc,heap        ] GC(44) PSYoungGen: 33280K(33280K)->15360K(21504K) Eden: 6144K(6144K)->0K(6144K) From: 27136K(27136K)->15360K(15360K)
[1.122s][info][gc,heap        ] GC(44) ParOldGen: 154937K(174592K)->173145K(174592K)
[1.122s][info][gc,metaspace   ] GC(44) Metaspace: 6302K(6528K)->6302K(6528K) NonClass: 5769K(5888K)->5769K(5888K) Class: 533K(640K)->533K(640K)
[1.123s][info][gc             ] GC(44) Pause Young (Allocation Failure) 183M->184M(191M) 22.241ms
[1.123s][info][gc,cpu         ] GC(44) User=0.06s Sys=0.00s Real=0.02s
[1.123s][info][gc,start       ] GC(45) Pause Full (Ergonomics)
[1.123s][info][gc,phases,start] GC(45) Marking Phase
[1.176s][info][gc,phases      ] GC(45) Marking Phase 53.758ms
[1.176s][info][gc,phases,start] GC(45) Summary Phase
[1.176s][info][gc,phases      ] GC(45) Summary Phase 0.017ms
[1.176s][info][gc,phases,start] GC(45) Adjust Roots
[1.177s][info][gc,phases      ] GC(45) Adjust Roots 0.151ms
[1.177s][info][gc,phases,start] GC(45) Compaction Phase
[1.213s][info][gc,phases      ] GC(45) Compaction Phase 35.888ms
[1.213s][info][gc,phases,start] GC(45) Post Compact
[1.214s][info][gc,phases      ] GC(45) Post Compact 0.972ms
[1.214s][info][gc,heap        ] GC(45) PSYoungGen: 15360K(21504K)->9663K(21504K) Eden: 0K(6144K)->0K(6144K) From: 15360K(15360K)->9663K(15360K)
[1.214s][info][gc,heap        ] GC(45) ParOldGen: 173145K(174592K)->174266K(211968K)
[1.214s][info][gc,metaspace   ] GC(45) Metaspace: 6302K(6528K)->6302K(6528K) NonClass: 5769K(5888K)->5769K(5888K) Class: 533K(640K)->533K(640K)
[1.214s][info][gc             ] GC(45) Pause Full (Ergonomics) 184M->179M(228M) 91.253ms
[1.214s][info][gc,cpu         ] GC(45) User=0.25s Sys=0.00s Real=0.09s
[1.220s][info][gc,start       ] GC(46) Pause Young (Allocation Failure)
[1.236s][info][gc,heap        ] GC(46) PSYoungGen: 15807K(21504K)->9984K(36352K) Eden: 6144K(6144K)->0K(7168K) From: 9663K(15360K)->9984K(29184K)
[1.236s][info][gc,heap        ] GC(46) ParOldGen: 174266K(211968K)->180258K(211968K)
[1.236s][info][gc,metaspace   ] GC(46) Metaspace: 6302K(6528K)->6302K(6528K) NonClass: 5769K(5888K)->5769K(5888K) Class: 533K(640K)->533K(640K)
[1.236s][info][gc             ] GC(46) Pause Young (Allocation Failure) 185M->185M(242M) 16.011ms
[1.236s][info][gc,cpu         ] GC(46) User=0.00s Sys=0.00s Real=0.02s
[1.243s][info][gc,start       ] GC(47) Pause Young (Allocation Failure)
[1.251s][info][gc,heap        ] GC(47) PSYoungGen: 17152K(36352K)->17120K(37376K) Eden: 7168K(7168K)->0K(7168K) From: 9984K(29184K)->17120K(30208K)
[1.252s][info][gc,heap        ] GC(47) ParOldGen: 180258K(211968K)->180258K(211968K)
[1.252s][info][gc,metaspace   ] GC(47) Metaspace: 6302K(6528K)->6302K(6528K) NonClass: 5769K(5888K)->5769K(5888K) Class: 533K(640K)->533K(640K)
[1.252s][info][gc             ] GC(47) Pause Young (Allocation Failure) 192M->192M(243M) 8.755ms
[1.252s][info][gc,cpu         ] GC(47) User=0.00s Sys=0.00s Real=0.01s
[1.258s][info][gc,start       ] GC(48) Pause Young (Allocation Failure)
[1.270s][info][gc,heap        ] GC(48) PSYoungGen: 24288K(37376K)->20480K(36864K) Eden: 7168K(7168K)->0K(7168K) From: 17120K(30208K)->20480K(29696K)
[1.270s][info][gc,heap        ] GC(48) ParOldGen: 180258K(211968K)->184106K(211968K)
[1.270s][info][gc,metaspace   ] GC(48) Metaspace: 6302K(6528K)->6302K(6528K) NonClass: 5769K(5888K)->5769K(5888K) Class: 533K(640K)->533K(640K)
[1.270s][info][gc             ] GC(48) Pause Young (Allocation Failure) 199M->199M(243M) 12.127ms
[1.270s][info][gc,cpu         ] GC(48) User=0.00s Sys=0.00s Real=0.01s
[1.278s][info][gc,start       ] GC(49) Pause Young (Allocation Failure)
[1.292s][info][gc,heap        ] GC(49) PSYoungGen: 27648K(36864K)->21568K(37888K) Eden: 7168K(7168K)->0K(7168K) From: 20480K(29696K)->21568K(30720K)
[1.292s][info][gc,heap        ] GC(49) ParOldGen: 184106K(211968K)->190330K(211968K)
[1.292s][info][gc,metaspace   ] GC(49) Metaspace: 6302K(6528K)->6302K(6528K) NonClass: 5769K(5888K)->5769K(5888K) Class: 533K(640K)->533K(640K)
[1.292s][info][gc             ] GC(49) Pause Young (Allocation Failure) 206M->206M(244M) 14.377ms
[1.292s][info][gc,cpu         ] GC(49) User=0.02s Sys=0.00s Real=0.01s
[1.299s][info][gc,start       ] GC(50) Pause Young (Allocation Failure)
[1.314s][info][gc,heap        ] GC(50) PSYoungGen: 28736K(37888K)->14400K(37376K) Eden: 7168K(7168K)->0K(8704K) From: 21568K(30720K)->14400K(28672K)
[1.314s][info][gc,heap        ] GC(50) ParOldGen: 190330K(211968K)->204826K(211968K)
[1.314s][info][gc,metaspace   ] GC(50) Metaspace: 6302K(6528K)->6302K(6528K) NonClass: 5769K(5888K)->5769K(5888K) Class: 533K(640K)->533K(640K)
[1.314s][info][gc             ] GC(50) Pause Young (Allocation Failure) 213M->214M(243M) 14.726ms
[1.314s][info][gc,cpu         ] GC(50) User=0.02s Sys=0.00s Real=0.02s
[1.314s][info][gc,start       ] GC(51) Pause Full (Ergonomics)
[1.314s][info][gc,phases,start] GC(51) Marking Phase
[1.369s][info][gc,phases      ] GC(51) Marking Phase 55.195ms
[1.369s][info][gc,phases,start] GC(51) Summary Phase
[1.369s][info][gc,phases      ] GC(51) Summary Phase 0.024ms
[1.369s][info][gc,phases,start] GC(51) Adjust Roots
[1.369s][info][gc,phases      ] GC(51) Adjust Roots 0.150ms
[1.369s][info][gc,phases,start] GC(51) Compaction Phase
[1.394s][info][gc,phases      ] GC(51) Compaction Phase 25.019ms
[1.394s][info][gc,phases,start] GC(51) Post Compact
[1.395s][info][gc,phases      ] GC(51) Post Compact 0.959ms
[1.396s][info][gc,heap        ] GC(51) PSYoungGen: 14400K(37376K)->7122K(38912K) Eden: 0K(8704K)->0K(10240K) From: 14400K(28672K)->7122K(28672K)
[1.396s][info][gc,heap        ] GC(51) ParOldGen: 204826K(211968K)->211469K(250368K)
[1.396s][info][gc,metaspace   ] GC(51) Metaspace: 6302K(6528K)->6302K(6528K) NonClass: 5769K(5888K)->5769K(5888K) Class: 533K(640K)->533K(640K)
[1.396s][info][gc             ] GC(51) Pause Full (Ergonomics) 214M->213M(282M) 81.811ms
[1.396s][info][gc,cpu         ] GC(51) User=0.25s Sys=0.02s Real=0.08s
[1.407s][info][gc,start       ] GC(52) Pause Young (Allocation Failure)
[1.425s][info][gc,heap        ] GC(52) PSYoungGen: 17362K(38912K)->10336K(40448K) Eden: 10240K(10240K)->0K(10240K) From: 7122K(28672K)->10336K(30208K)
[1.425s][info][gc,heap        ] GC(52) ParOldGen: 211469K(250368K)->218717K(250368K)
[1.425s][info][gc,metaspace   ] GC(52) Metaspace: 6302K(6528K)->6302K(6528K) NonClass: 5769K(5888K)->5769K(5888K) Class: 533K(640K)->533K(640K)
[1.425s][info][gc             ] GC(52) Pause Young (Allocation Failure) 223M->223M(284M) 18.831ms
[1.425s][info][gc,cpu         ] GC(52) User=0.05s Sys=0.00s Real=0.02s
[1.437s][info][gc,start       ] GC(53) Pause Young (Allocation Failure)
[1.450s][info][gc,heap        ] GC(53) PSYoungGen: 20576K(40448K)->10368K(40448K) Eden: 10240K(10240K)->0K(11776K) From: 10336K(30208K)->10368K(28672K)
[1.450s][info][gc,heap        ] GC(53) ParOldGen: 218717K(250368K)->229101K(250368K)
[1.450s][info][gc,metaspace   ] GC(53) Metaspace: 6302K(6528K)->6302K(6528K) NonClass: 5769K(5888K)->5769K(5888K) Class: 533K(640K)->533K(640K)
[1.450s][info][gc             ] GC(53) Pause Young (Allocation Failure) 233M->233M(284M) 13.158ms
[1.450s][info][gc,cpu         ] GC(53) User=0.02s Sys=0.00s Real=0.01s
[1.463s][info][gc,start       ] GC(54) Pause Young (Allocation Failure)
[1.476s][info][gc,heap        ] GC(54) PSYoungGen: 22144K(40448K)->11872K(40960K) Eden: 11776K(11776K)->0K(11776K) From: 10368K(28672K)->11872K(29184K)
[1.476s][info][gc,heap        ] GC(54) ParOldGen: 229101K(250368K)->239485K(250368K)
[1.476s][info][gc,metaspace   ] GC(54) Metaspace: 6302K(6528K)->6302K(6528K) NonClass: 5769K(5888K)->5769K(5888K) Class: 533K(640K)->533K(640K)
[1.476s][info][gc             ] GC(54) Pause Young (Allocation Failure) 245M->245M(284M) 13.155ms
[1.476s][info][gc,cpu         ] GC(54) User=0.00s Sys=0.00s Real=0.01s
[1.476s][info][gc,start       ] GC(55) Pause Full (Ergonomics)
[1.476s][info][gc,phases,start] GC(55) Marking Phase
[1.537s][info][gc,phases      ] GC(55) Marking Phase 60.477ms
[1.537s][info][gc,phases,start] GC(55) Summary Phase
[1.537s][info][gc,phases      ] GC(55) Summary Phase 0.018ms
[1.537s][info][gc,phases,start] GC(55) Adjust Roots
[1.537s][info][gc,phases      ] GC(55) Adjust Roots 0.156ms
[1.537s][info][gc,phases,start] GC(55) Compaction Phase
[1.565s][info][gc,phases      ] GC(55) Compaction Phase 27.871ms
[1.565s][info][gc,phases,start] GC(55) Post Compact
[1.566s][info][gc,phases      ] GC(55) Post Compact 1.317ms
[1.567s][info][gc,heap        ] GC(55) PSYoungGen: 11872K(40960K)->506K(40960K) Eden: 0K(11776K)->0K(11776K) From: 11872K(29184K)->506K(29184K)
[1.567s][info][gc,heap        ] GC(55) ParOldGen: 239485K(250368K)->250247K(291840K)
[1.567s][info][gc,metaspace   ] GC(55) Metaspace: 6302K(6528K)->6302K(6528K) NonClass: 5769K(5888K)->5769K(5888K) Class: 533K(640K)->533K(640K)
[1.567s][info][gc             ] GC(55) Pause Full (Ergonomics) 245M->244M(325M) 90.335ms
[1.567s][info][gc,cpu         ] GC(55) User=0.31s Sys=0.00s Real=0.09s
[1.580s][info][gc,start       ] GC(56) Pause Young (Allocation Failure)
[1.599s][info][gc,heap        ] GC(56) PSYoungGen: 12282K(40960K)->11840K(38912K) Eden: 11776K(11776K)->0K(13312K) From: 506K(29184K)->11840K(25600K)
[1.599s][info][gc,heap        ] GC(56) ParOldGen: 250247K(291840K)->250783K(291840K)
[1.599s][info][gc,metaspace   ] GC(56) Metaspace: 6302K(6528K)->6302K(6528K) NonClass: 5769K(5888K)->5769K(5888K) Class: 533K(640K)->533K(640K)
[1.599s][info][gc             ] GC(56) Pause Young (Allocation Failure) 256M->256M(323M) 19.129ms
[1.599s][info][gc,cpu         ] GC(56) User=0.05s Sys=0.00s Real=0.02s
[1.614s][info][gc,start       ] GC(57) Pause Young (Allocation Failure)
[1.627s][info][gc,heap        ] GC(57) PSYoungGen: 25152K(38912K)->25184K(40448K) Eden: 13312K(13312K)->0K(13312K) From: 11840K(25600K)->25184K(27136K)
[1.627s][info][gc,heap        ] GC(57) ParOldGen: 250783K(291840K)->250783K(291840K)
[1.627s][info][gc,metaspace   ] GC(57) Metaspace: 6302K(6528K)->6302K(6528K) NonClass: 5769K(5888K)->5769K(5888K) Class: 533K(640K)->533K(640K)
[1.627s][info][gc             ] GC(57) Pause Young (Allocation Failure) 269M->269M(324M) 13.778ms
[1.627s][info][gc,cpu         ] GC(57) User=0.02s Sys=0.00s Real=0.01s
[1.643s][info][gc,start       ] GC(58) Pause Young (Allocation Failure)
[1.662s][info][gc,heap        ] GC(58) PSYoungGen: 38496K(40448K)->29696K(37376K) Eden: 13312K(13312K)->0K(7680K) From: 25184K(27136K)->29696K(29696K)
[1.662s][info][gc,heap        ] GC(58) ParOldGen: 250783K(291840K)->259583K(291840K)
[1.662s][info][gc,metaspace   ] GC(58) Metaspace: 6302K(6528K)->6302K(6528K) NonClass: 5769K(5888K)->5769K(5888K) Class: 533K(640K)->533K(640K)
[1.662s][info][gc             ] GC(58) Pause Young (Allocation Failure) 282M->282M(321M) 19.138ms
[1.662s][info][gc,cpu         ] GC(58) User=0.11s Sys=0.00s Real=0.02s
[1.671s][info][gc,start       ] GC(59) Pause Young (Allocation Failure)
[1.688s][info][gc,heap        ] GC(59) PSYoungGen: 37376K(37376K)->18624K(44544K) Eden: 7680K(7680K)->0K(7680K) From: 29696K(29696K)->18624K(36864K)
[1.688s][info][gc,heap        ] GC(59) ParOldGen: 259583K(291840K)->278719K(291840K)
[1.688s][info][gc,metaspace   ] GC(59) Metaspace: 6302K(6528K)->6302K(6528K) NonClass: 5769K(5888K)->5769K(5888K) Class: 533K(640K)->533K(640K)
[1.688s][info][gc             ] GC(59) Pause Young (Allocation Failure) 289M->290M(328M) 17.769ms
[1.688s][info][gc,cpu         ] GC(59) User=0.09s Sys=0.00s Real=0.02s
[1.688s][info][gc,start       ] GC(60) Pause Full (Ergonomics)
[1.688s][info][gc,phases,start] GC(60) Marking Phase
[1.756s][info][gc,phases      ] GC(60) Marking Phase 67.316ms
[1.756s][info][gc,phases,start] GC(60) Summary Phase
[1.756s][info][gc,phases      ] GC(60) Summary Phase 0.018ms
[1.756s][info][gc,phases,start] GC(60) Adjust Roots
[1.756s][info][gc,phases      ] GC(60) Adjust Roots 0.147ms
[1.756s][info][gc,phases,start] GC(60) Compaction Phase
[1.783s][info][gc,phases      ] GC(60) Compaction Phase 27.362ms
[1.783s][info][gc,phases,start] GC(60) Post Compact
[1.785s][info][gc,phases      ] GC(60) Post Compact 1.505ms
[1.785s][info][gc,heap        ] GC(60) PSYoungGen: 18624K(44544K)->5166K(44544K) Eden: 0K(7680K)->0K(7680K) From: 18624K(36864K)->5166K(36864K)
[1.785s][info][gc,heap        ] GC(60) ParOldGen: 278719K(291840K)->291536K(338944K)
[1.785s][info][gc,metaspace   ] GC(60) Metaspace: 6302K(6528K)->6302K(6528K) NonClass: 5769K(5888K)->5769K(5888K) Class: 533K(640K)->533K(640K)
[1.785s][info][gc             ] GC(60) Pause Full (Ergonomics) 290M->289M(374M) 96.851ms
[1.785s][info][gc,cpu         ] GC(60) User=0.52s Sys=0.00s Real=0.10s
[1.794s][info][gc,start       ] GC(61) Pause Young (Allocation Failure)
[1.813s][info][gc,heap        ] GC(61) PSYoungGen: 12846K(44544K)->10688K(41984K) Eden: 7680K(7680K)->0K(8704K) From: 5166K(36864K)->10688K(33280K)
[1.813s][info][gc,heap        ] GC(61) ParOldGen: 291536K(338944K)->293880K(338944K)
[1.813s][info][gc,metaspace   ] GC(61) Metaspace: 6302K(6528K)->6302K(6528K) NonClass: 5769K(5888K)->5769K(5888K) Class: 533K(640K)->533K(640K)
[1.813s][info][gc             ] GC(61) Pause Young (Allocation Failure) 297M->297M(372M) 19.503ms
[1.813s][info][gc,cpu         ] GC(61) User=0.05s Sys=0.00s Real=0.02s
[1.823s][info][gc,start       ] GC(62) Pause Young (Allocation Failure)
[1.835s][info][gc,heap        ] GC(62) PSYoungGen: 19392K(41984K)->19424K(43520K) Eden: 8704K(8704K)->0K(8704K) From: 10688K(33280K)->19424K(34816K)
[1.835s][info][gc,heap        ] GC(62) ParOldGen: 293880K(338944K)->293880K(338944K)
[1.835s][info][gc,metaspace   ] GC(62) Metaspace: 6302K(6528K)->6302K(6528K) NonClass: 5769K(5888K)->5769K(5888K) Class: 533K(640K)->533K(640K)
[1.835s][info][gc             ] GC(62) Pause Young (Allocation Failure) 305M->305M(373M) 11.830ms
[1.835s][info][gc,cpu         ] GC(62) User=0.00s Sys=0.00s Real=0.01s
[1.846s][info][gc,start       ] GC(63) Pause Young (Allocation Failure)
[1.860s][info][gc,heap        ] GC(63) PSYoungGen: 28128K(43520K)->25184K(43008K) Eden: 8704K(8704K)->0K(8704K) From: 19424K(34816K)->25184K(34304K)
[1.860s][info][gc,heap        ] GC(63) ParOldGen: 293880K(338944K)->296832K(338944K)
[1.860s][info][gc,metaspace   ] GC(63) Metaspace: 6302K(6528K)->6302K(6528K) NonClass: 5769K(5888K)->5769K(5888K) Class: 533K(640K)->533K(640K)
[1.860s][info][gc             ] GC(63) Pause Young (Allocation Failure) 314M->314M(373M) 14.199ms
[1.861s][info][gc,cpu         ] GC(63) User=0.02s Sys=0.00s Real=0.01s
[1.871s][info][gc,start       ] GC(64) Pause Young (Allocation Failure)
[1.888s][info][gc,heap        ] GC(64) PSYoungGen: 33888K(43008K)->26176K(44032K) Eden: 8704K(8704K)->0K(8704K) From: 25184K(34304K)->26176K(35328K)
[1.888s][info][gc,heap        ] GC(64) ParOldGen: 296832K(338944K)->304616K(338944K)
[1.888s][info][gc,metaspace   ] GC(64) Metaspace: 6302K(6528K)->6302K(6528K) NonClass: 5769K(5888K)->5769K(5888K) Class: 533K(640K)->533K(640K)
[1.888s][info][gc             ] GC(64) Pause Young (Allocation Failure) 322M->323M(374M) 17.152ms
[1.888s][info][gc,cpu         ] GC(64) User=0.03s Sys=0.00s Real=0.02s
[1.899s][info][gc,start       ] GC(65) Pause Young (Allocation Failure)
[1.917s][info][gc,heap        ] GC(65) PSYoungGen: 34880K(44032K)->26240K(46080K) Eden: 8704K(8704K)->0K(9216K) From: 26176K(35328K)->26240K(36864K)
[1.917s][info][gc,heap        ] GC(65) ParOldGen: 304616K(338944K)->313448K(338944K)
[1.917s][info][gc,metaspace   ] GC(65) Metaspace: 6302K(6528K)->6302K(6528K) NonClass: 5769K(5888K)->5769K(5888K) Class: 533K(640K)->533K(640K)
[1.917s][info][gc             ] GC(65) Pause Young (Allocation Failure) 331M->331M(376M) 18.117ms
[1.917s][info][gc,cpu         ] GC(65) User=0.05s Sys=0.03s Real=0.02s
[1.927s][info][gc,start       ] GC(66) Pause Young (Allocation Failure)
[1.947s][info][gc,heap        ] GC(66) PSYoungGen: 35456K(46080K)->18016K(47104K) Eden: 9216K(9216K)->0K(9216K) From: 26240K(36864K)->18016K(37888K)
[1.947s][info][gc,heap        ] GC(66) ParOldGen: 313448K(338944K)->331056K(338944K)
[1.947s][info][gc,metaspace   ] GC(66) Metaspace: 6302K(6528K)->6302K(6528K) NonClass: 5769K(5888K)->5769K(5888K) Class: 533K(640K)->533K(640K)
[1.947s][info][gc             ] GC(66) Pause Young (Allocation Failure) 340M->340M(377M) 20.468ms
[1.947s][info][gc,cpu         ] GC(66) User=0.11s Sys=0.03s Real=0.02s
[1.947s][info][gc,start       ] GC(67) Pause Full (Ergonomics)
[1.947s][info][gc,phases,start] GC(67) Marking Phase
[2.032s][info][gc,phases      ] GC(67) Marking Phase 84.663ms
[2.032s][info][gc,phases,start] GC(67) Summary Phase
[2.032s][info][gc,phases      ] GC(67) Summary Phase 0.019ms
[2.032s][info][gc,phases,start] GC(67) Adjust Roots
[2.032s][info][gc,phases      ] GC(67) Adjust Roots 0.180ms
[2.032s][info][gc,phases,start] GC(67) Compaction Phase
[2.069s][info][gc,phases      ] GC(67) Compaction Phase 36.514ms
[2.069s][info][gc,phases,start] GC(67) Post Compact
[2.071s][info][gc,phases      ] GC(67) Post Compact 1.987ms
[2.071s][info][gc,heap        ] GC(67) PSYoungGen: 18016K(47104K)->9684K(47104K) Eden: 0K(9216K)->0K(9216K) From: 18016K(37888K)->9684K(37888K)
[2.072s][info][gc,heap        ] GC(67) ParOldGen: 331056K(338944K)->338549K(389120K)
[2.072s][info][gc,metaspace   ] GC(67) Metaspace: 6302K(6528K)->6302K(6528K) NonClass: 5769K(5888K)->5769K(5888K) Class: 533K(640K)->533K(640K)
[2.072s][info][gc             ] GC(67) Pause Full (Ergonomics) 340M->340M(426M) 124.084ms
[2.072s][info][gc,cpu         ] GC(67) User=0.80s Sys=0.00s Real=0.12s
[2.148s][info][gc,start       ] GC(68) Pause Young (Allocation Failure)
[2.174s][info][gc,heap        ] GC(68) PSYoungGen: 18900K(47104K)->9344K(46080K) Eden: 9216K(9216K)->0K(10240K) From: 9684K(37888K)->9344K(35840K)
[2.174s][info][gc,heap        ] GC(68) ParOldGen: 354933K(389120K)->364789K(389120K)
[2.174s][info][gc,metaspace   ] GC(68) Metaspace: 6302K(6528K)->6302K(6528K) NonClass: 5769K(5888K)->5769K(5888K) Class: 533K(640K)->533K(640K)
[2.174s][info][gc             ] GC(68) Pause Young (Allocation Failure) 365M->365M(425M) 25.481ms
[2.174s][info][gc,cpu         ] GC(68) User=0.09s Sys=0.02s Real=0.02s
[2.184s][info][gc,start       ] GC(69) Pause Young (Allocation Failure)
[2.196s][info][gc,heap        ] GC(69) PSYoungGen: 19584K(46080K)->10304K(46592K) Eden: 10240K(10240K)->0K(10240K) From: 9344K(35840K)->10304K(36352K)
[2.196s][info][gc,heap        ] GC(69) ParOldGen: 364789K(389120K)->374141K(389120K)
[2.196s][info][gc,metaspace   ] GC(69) Metaspace: 6302K(6528K)->6302K(6528K) NonClass: 5769K(5888K)->5769K(5888K) Class: 533K(640K)->533K(640K)
[2.196s][info][gc             ] GC(69) Pause Young (Allocation Failure) 375M->375M(425M) 11.806ms
[2.196s][info][gc,cpu         ] GC(69) User=0.02s Sys=0.00s Real=0.01s
[2.196s][info][gc,start       ] GC(70) Pause Full (Ergonomics)
[2.196s][info][gc,phases,start] GC(70) Marking Phase
[2.284s][info][gc,phases      ] GC(70) Marking Phase 87.920ms
[2.284s][info][gc,phases,start] GC(70) Summary Phase
[2.284s][info][gc,phases      ] GC(70) Summary Phase 0.026ms
[2.284s][info][gc,phases,start] GC(70) Adjust Roots
[2.285s][info][gc,phases      ] GC(70) Adjust Roots 0.183ms
[2.285s][info][gc,phases,start] GC(70) Compaction Phase
[2.364s][info][gc,phases      ] GC(70) Compaction Phase 79.026ms
[2.364s][info][gc,phases,start] GC(70) Post Compact
[2.366s][info][gc,phases      ] GC(70) Post Compact 2.518ms
[2.366s][info][gc,heap        ] GC(70) PSYoungGen: 10304K(46592K)->0K(47616K) Eden: 0K(10240K)->0K(11776K) From: 10304K(36352K)->0K(35840K)
[2.367s][info][gc,heap        ] GC(70) ParOldGen: 374141K(389120K)->375819K(429056K)
[2.367s][info][gc,metaspace   ] GC(70) Metaspace: 6302K(6528K)->6302K(6528K) NonClass: 5769K(5888K)->5769K(5888K) Class: 533K(640K)->533K(640K)
[2.367s][info][gc             ] GC(70) Pause Full (Ergonomics) 375M->367M(465M) 170.183ms
[2.367s][info][gc,cpu         ] GC(70) User=0.86s Sys=0.02s Real=0.17s
[2.381s][info][gc,start       ] GC(71) Pause Young (Allocation Failure)
[2.389s][info][gc,heap        ] GC(71) PSYoungGen: 11776K(47616K)->11936K(47616K) Eden: 11776K(11776K)->0K(11776K) From: 0K(35840K)->11936K(35840K)
[2.389s][info][gc,heap        ] GC(71) ParOldGen: 375819K(429056K)->375819K(429056K)
[2.389s][info][gc,metaspace   ] GC(71) Metaspace: 6302K(6528K)->6302K(6528K) NonClass: 5769K(5888K)->5769K(5888K) Class: 533K(640K)->533K(640K)
[2.390s][info][gc             ] GC(71) Pause Young (Allocation Failure) 378M->378M(465M) 8.585ms
[2.390s][info][gc,cpu         ] GC(71) User=0.02s Sys=0.00s Real=0.01s
[2.401s][info][gc,start       ] GC(72) Pause Young (Allocation Failure)
[2.414s][info][gc,heap        ] GC(72) PSYoungGen: 23712K(47616K)->23648K(47104K) Eden: 11776K(11776K)->0K(12288K) From: 11936K(35840K)->23648K(34816K)
[2.414s][info][gc,heap        ] GC(72) ParOldGen: 375819K(429056K)->375819K(429056K)
[2.414s][info][gc,metaspace   ] GC(72) Metaspace: 6302K(6528K)->6302K(6528K) NonClass: 5769K(5888K)->5769K(5888K) Class: 533K(640K)->533K(640K)
[2.415s][info][gc             ] GC(72) Pause Young (Allocation Failure) 390M->390M(465M) 13.390ms
[2.415s][info][gc,cpu         ] GC(72) User=0.02s Sys=0.00s Real=0.01s
[2.428s][info][gc,start       ] GC(73) Pause Young (Allocation Failure)
[2.446s][info][gc,heap        ] GC(73) PSYoungGen: 35936K(47104K)->35840K(48128K) Eden: 12288K(12288K)->0K(12288K) From: 23648K(34816K)->35840K(35840K)
[2.446s][info][gc,heap        ] GC(73) ParOldGen: 375819K(429056K)->375851K(429056K)
[2.446s][info][gc,metaspace   ] GC(73) Metaspace: 6302K(6528K)->6302K(6528K) NonClass: 5769K(5888K)->5769K(5888K) Class: 533K(640K)->533K(640K)
[2.447s][info][gc             ] GC(73) Pause Young (Allocation Failure) 402M->402M(466M) 18.633ms
[2.447s][info][gc,cpu         ] GC(73) User=0.12s Sys=0.00s Real=0.02s
[2.459s][info][gc,start       ] GC(74) Pause Young (Allocation Failure)
[2.483s][info][gc,heap        ] GC(74) PSYoungGen: 48128K(48128K)->24704K(54272K) Eden: 12288K(12288K)->0K(13824K) From: 35840K(35840K)->24704K(40448K)
[2.483s][info][gc,heap        ] GC(74) ParOldGen: 375851K(429056K)->399699K(429056K)
[2.484s][info][gc,metaspace   ] GC(74) Metaspace: 6302K(6528K)->6302K(6528K) NonClass: 5769K(5888K)->5769K(5888K) Class: 533K(640K)->533K(640K)
[2.484s][info][gc             ] GC(74) Pause Young (Allocation Failure) 414M->414M(472M) 24.285ms
[2.484s][info][gc,cpu         ] GC(74) User=0.08s Sys=0.05s Real=0.02s
[2.498s][info][gc,start       ] GC(75) Pause Young (Allocation Failure)
[2.518s][info][gc,heap        ] GC(75) PSYoungGen: 38528K(54272K)->26208K(54272K) Eden: 13824K(13824K)->0K(13824K) From: 24704K(40448K)->26208K(40448K)
[2.518s][info][gc,heap        ] GC(75) ParOldGen: 399699K(429056K)->412147K(429056K)
[2.518s][info][gc,metaspace   ] GC(75) Metaspace: 6302K(6528K)->6302K(6528K) NonClass: 5769K(5888K)->5769K(5888K) Class: 533K(640K)->533K(640K)
[2.518s][info][gc             ] GC(75) Pause Young (Allocation Failure) 427M->428M(472M) 19.412ms
[2.518s][info][gc,cpu         ] GC(75) User=0.11s Sys=0.00s Real=0.02s
[2.518s][info][gc,start       ] GC(76) Pause Full (Ergonomics)
[2.518s][info][gc,phases,start] GC(76) Marking Phase
[2.614s][info][gc,phases      ] GC(76) Marking Phase 96.333ms
[2.614s][info][gc,phases,start] GC(76) Summary Phase
[2.614s][info][gc,phases      ] GC(76) Summary Phase 0.027ms
[2.614s][info][gc,phases,start] GC(76) Adjust Roots
[2.614s][info][gc,phases      ] GC(76) Adjust Roots 0.146ms
[2.614s][info][gc,phases,start] GC(76) Compaction Phase
[2.663s][info][gc,phases      ] GC(76) Compaction Phase 48.959ms
[2.663s][info][gc,phases,start] GC(76) Post Compact
[2.666s][info][gc,phases      ] GC(76) Post Compact 2.333ms
[2.666s][info][gc,heap        ] GC(76) PSYoungGen: 26208K(54272K)->8679K(54272K) Eden: 0K(13824K)->0K(13824K) From: 26208K(40448K)->8679K(40448K)
[2.666s][info][gc,heap        ] GC(76) ParOldGen: 412147K(429056K)->428942K(489472K)
[2.666s][info][gc,metaspace   ] GC(76) Metaspace: 6302K(6528K)->6302K(6528K) NonClass: 5769K(5888K)->5769K(5888K) Class: 533K(640K)->533K(640K)
[2.666s][info][gc             ] GC(76) Pause Full (Ergonomics) 428M->427M(531M) 148.332ms
[2.666s][info][gc,cpu         ] GC(76) User=0.78s Sys=0.02s Real=0.15s
[2.680s][info][gc,start       ] GC(77) Pause Young (Allocation Failure)
[2.711s][info][gc,heap        ] GC(77) PSYoungGen: 22503K(54272K)->17472K(52736K) Eden: 13824K(13824K)->0K(15360K) From: 8679K(40448K)->17472K(37376K)
[2.711s][info][gc,heap        ] GC(77) ParOldGen: 428942K(489472K)->434254K(489472K)
[2.711s][info][gc,metaspace   ] GC(77) Metaspace: 6302K(6528K)->6302K(6528K) NonClass: 5769K(5888K)->5769K(5888K) Class: 533K(640K)->533K(640K)
[2.711s][info][gc             ] GC(77) Pause Young (Allocation Failure) 440M->441M(529M) 30.332ms
[2.711s][info][gc,cpu         ] GC(77) User=0.12s Sys=0.00s Real=0.03s
[2.727s][info][gc,start       ] GC(78) Pause Young (Allocation Failure)
[2.745s][info][gc,heap        ] GC(78) PSYoungGen: 32832K(52736K)->32768K(54784K) Eden: 15360K(15360K)->0K(15360K) From: 17472K(37376K)->32768K(39424K)
[2.745s][info][gc,heap        ] GC(78) ParOldGen: 434254K(489472K)->434254K(489472K)
[2.745s][info][gc,metaspace   ] GC(78) Metaspace: 6302K(6528K)->6302K(6528K) NonClass: 5769K(5888K)->5769K(5888K) Class: 533K(640K)->533K(640K)
[2.745s][info][gc             ] GC(78) Pause Young (Allocation Failure) 456M->456M(531M) 17.661ms
[2.745s][info][gc,cpu         ] GC(78) User=0.09s Sys=0.00s Real=0.02s
[2.762s][info][gc,start       ] GC(79) Pause Young (Allocation Failure)
[2.787s][info][gc,heap        ] GC(79) PSYoungGen: 48128K(54784K)->41984K(51200K) Eden: 15360K(15360K)->0K(9216K) From: 32768K(39424K)->41984K(41984K)
[2.787s][info][gc,heap        ] GC(79) ParOldGen: 434254K(489472K)->440390K(489472K)
[2.787s][info][gc,metaspace   ] GC(79) Metaspace: 6302K(6528K)->6302K(6528K) NonClass: 5769K(5888K)->5769K(5888K) Class: 533K(640K)->533K(640K)
[2.787s][info][gc             ] GC(79) Pause Young (Allocation Failure) 471M->471M(528M) 25.447ms
[2.787s][info][gc,cpu         ] GC(79) User=0.11s Sys=0.00s Real=0.03s
[2.798s][info][gc,start       ] GC(80) Pause Young (Allocation Failure)
[2.823s][info][gc,heap        ] GC(80) PSYoungGen: 51200K(51200K)->23936K(33280K) Eden: 9216K(9216K)->0K(9216K) From: 41984K(41984K)->23936K(24064K)
[2.823s][info][gc,heap        ] GC(80) ParOldGen: 440390K(489472K)->468198K(489472K)
[2.823s][info][gc,metaspace   ] GC(80) Metaspace: 6302K(6528K)->6302K(6528K) NonClass: 5769K(5888K)->5769K(5888K) Class: 533K(640K)->533K(640K)
[2.823s][info][gc             ] GC(80) Pause Young (Allocation Failure) 480M->480M(510M) 25.649ms
[2.823s][info][gc,cpu         ] GC(80) User=0.12s Sys=0.00s Real=0.03s
[2.823s][info][gc,start       ] GC(81) Pause Full (Ergonomics)
[2.823s][info][gc,phases,start] GC(81) Marking Phase
[2.933s][info][gc,phases      ] GC(81) Marking Phase 109.384ms
[2.933s][info][gc,phases,start] GC(81) Summary Phase
[2.933s][info][gc,phases      ] GC(81) Summary Phase 0.024ms
[2.933s][info][gc,phases,start] GC(81) Adjust Roots
[2.933s][info][gc,phases      ] GC(81) Adjust Roots 0.152ms
[2.933s][info][gc,phases,start] GC(81) Compaction Phase
[2.984s][info][gc,phases      ] GC(81) Compaction Phase 51.288ms
[2.984s][info][gc,phases,start] GC(81) Post Compact
[2.987s][info][gc,phases      ] GC(81) Post Compact 2.657ms
[2.987s][info][gc,heap        ] GC(81) PSYoungGen: 23936K(33280K)->2248K(33280K) Eden: 0K(9216K)->0K(9216K) From: 23936K(24064K)->2248K(24064K)
[2.988s][info][gc,heap        ] GC(81) ParOldGen: 468198K(489472K)->489009K(556544K)
[2.988s][info][gc,metaspace   ] GC(81) Metaspace: 6302K(6528K)->6302K(6528K) NonClass: 5769K(5888K)->5769K(5888K) Class: 533K(640K)->533K(640K)
[2.988s][info][gc             ] GC(81) Pause Full (Ergonomics) 480M->479M(576M) 164.114ms
[2.988s][info][gc,cpu         ] GC(81) User=0.98s Sys=0.02s Real=0.16s
[2.997s][info][gc,start       ] GC(82) Pause Young (Allocation Failure)
[3.026s][info][gc,heap        ] GC(82) PSYoungGen: 11464K(33280K)->9376K(57344K) Eden: 9216K(9216K)->0K(10240K) From: 2248K(24064K)->9376K(47104K)
[3.026s][info][gc,heap        ] GC(82) ParOldGen: 489009K(556544K)->491313K(556544K)
[3.026s][info][gc,metaspace   ] GC(82) Metaspace: 6302K(6528K)->6302K(6528K) NonClass: 5769K(5888K)->5769K(5888K) Class: 533K(640K)->533K(640K)
[3.026s][info][gc             ] GC(82) Pause Young (Allocation Failure) 488M->488M(599M) 28.611ms
[3.026s][info][gc,cpu         ] GC(82) User=0.12s Sys=0.00s Real=0.03s
[3.037s][info][gc,start       ] GC(83) Pause Young (Allocation Failure)
[3.050s][info][gc,heap        ] GC(83) PSYoungGen: 19616K(57344K)->19520K(30208K) Eden: 10240K(10240K)->0K(10240K) From: 9376K(47104K)->19520K(19968K)
[3.050s][info][gc,heap        ] GC(83) ParOldGen: 491313K(556544K)->491313K(556544K)
[3.050s][info][gc,metaspace   ] GC(83) Metaspace: 6302K(6528K)->6302K(6528K) NonClass: 5769K(5888K)->5769K(5888K) Class: 533K(640K)->533K(640K)
[3.050s][info][gc             ] GC(83) Pause Young (Allocation Failure) 498M->498M(573M) 12.899ms
[3.050s][info][gc,cpu         ] GC(83) User=0.02s Sys=0.00s Real=0.01s
[3.062s][info][gc,start       ] GC(84) Pause Young (Allocation Failure)
[3.079s][info][gc,heap        ] GC(84) PSYoungGen: 29760K(30208K)->20544K(52736K) Eden: 10240K(10240K)->0K(11264K) From: 19520K(19968K)->20544K(41472K)
[3.079s][info][gc,heap        ] GC(84) ParOldGen: 491313K(556544K)->500657K(556544K)
[3.079s][info][gc,metaspace   ] GC(84) Metaspace: 6302K(6528K)->6302K(6528K) NonClass: 5769K(5888K)->5769K(5888K) Class: 533K(640K)->533K(640K)
[3.079s][info][gc             ] GC(84) Pause Young (Allocation Failure) 508M->508M(595M) 17.121ms
[3.079s][info][gc,cpu         ] GC(84) User=0.02s Sys=0.00s Real=0.02s
[3.090s][info][gc,start       ] GC(85) Pause Young (Allocation Failure)
[3.109s][info][gc,heap        ] GC(85) PSYoungGen: 31808K(52736K)->21600K(33280K) Eden: 11264K(11264K)->0K(11264K) From: 20544K(41472K)->21600K(22016K)
[3.109s][info][gc,heap        ] GC(85) ParOldGen: 500657K(556544K)->511041K(556544K)
[3.109s][info][gc,metaspace   ] GC(85) Metaspace: 6302K(6528K)->6302K(6528K) NonClass: 5769K(5888K)->5769K(5888K) Class: 533K(640K)->533K(640K)
[3.109s][info][gc             ] GC(85) Pause Young (Allocation Failure) 519M->520M(576M) 18.704ms
[3.109s][info][gc,cpu         ] GC(85) User=0.03s Sys=0.00s Real=0.02s
[3.122s][info][gc,start       ] GC(86) Pause Young (Allocation Failure)
[3.139s][info][gc,heap        ] GC(86) PSYoungGen: 32864K(33280K)->22624K(51200K) Eden: 11264K(11264K)->0K(12800K) From: 21600K(22016K)->22624K(38400K)
[3.139s][info][gc,heap        ] GC(86) ParOldGen: 511041K(556544K)->521417K(556544K)
[3.139s][info][gc,metaspace   ] GC(86) Metaspace: 6302K(6528K)->6302K(6528K) NonClass: 5769K(5888K)->5769K(5888K) Class: 533K(640K)->533K(640K)
[3.139s][info][gc             ] GC(86) Pause Young (Allocation Failure) 531M->531M(593M) 17.672ms
[3.139s][info][gc,cpu         ] GC(86) User=0.03s Sys=0.00s Real=0.02s
[3.154s][info][gc,start       ] GC(87) Pause Young (Allocation Failure)
[3.172s][info][gc,heap        ] GC(87) PSYoungGen: 35424K(51200K)->24160K(52736K) Eden: 12800K(12800K)->0K(12800K) From: 22624K(38400K)->24160K(39936K)
[3.172s][info][gc,heap        ] GC(87) ParOldGen: 521417K(556544K)->532833K(556544K)
[3.172s][info][gc,metaspace   ] GC(87) Metaspace: 6302K(6528K)->6302K(6528K) NonClass: 5769K(5888K)->5769K(5888K) Class: 533K(640K)->533K(640K)
[3.172s][info][gc             ] GC(87) Pause Young (Allocation Failure) 543M->543M(595M) 18.491ms
[3.172s][info][gc,cpu         ] GC(87) User=0.12s Sys=0.00s Real=0.02s
[3.187s][info][gc,start       ] GC(88) Pause Young (Allocation Failure)
[3.206s][info][gc,heap        ] GC(88) PSYoungGen: 36960K(52736K)->25728K(52224K) Eden: 12800K(12800K)->0K(14336K) From: 24160K(39936K)->25728K(37888K)
[3.206s][info][gc,heap        ] GC(88) ParOldGen: 532833K(556544K)->544241K(556544K)
[3.206s][info][gc,metaspace   ] GC(88) Metaspace: 6302K(6528K)->6302K(6528K) NonClass: 5769K(5888K)->5769K(5888K) Class: 533K(640K)->533K(640K)
[3.206s][info][gc             ] GC(88) Pause Young (Allocation Failure) 556M->556M(594M) 19.340ms
[3.206s][info][gc,cpu         ] GC(88) User=0.12s Sys=0.00s Real=0.02s
[3.206s][info][gc,start       ] GC(89) Pause Full (Ergonomics)
[3.206s][info][gc,phases,start] GC(89) Marking Phase
[3.331s][info][gc,phases      ] GC(89) Marking Phase 125.033ms
[3.331s][info][gc,phases,start] GC(89) Summary Phase
[3.331s][info][gc,phases      ] GC(89) Summary Phase 0.026ms
[3.331s][info][gc,phases,start] GC(89) Adjust Roots
[3.331s][info][gc,phases      ] GC(89) Adjust Roots 0.176ms
[3.331s][info][gc,phases,start] GC(89) Compaction Phase
[3.384s][info][gc,phases      ] GC(89) Compaction Phase 53.172ms
[3.385s][info][gc,phases,start] GC(89) Post Compact
[3.385s][info][gc,phases      ] GC(89) Post Compact 0.918ms
[3.386s][info][gc,heap        ] GC(89) PSYoungGen: 25728K(52224K)->12762K(52736K) Eden: 0K(14336K)->0K(14848K) From: 25728K(37888K)->12762K(37888K)
[3.386s][info][gc,heap        ] GC(89) ParOldGen: 544241K(556544K)->556093K(623104K)
[3.386s][info][gc,metaspace   ] GC(89) Metaspace: 6302K(6528K)->6302K(6528K) NonClass: 5769K(5888K)->5769K(5888K) Class: 533K(640K)->533K(640K)
[3.386s][info][gc             ] GC(89) Pause Full (Ergonomics) 556M->555M(660M) 179.846ms
[3.386s][info][gc,cpu         ] GC(89) User=1.20s Sys=0.00s Real=0.18s
[3.403s][info][gc,start       ] GC(90) Pause Young (Allocation Failure)
[3.439s][info][gc,heap        ] GC(90) PSYoungGen: 27610K(52736K)->21664K(53248K) Eden: 14848K(14848K)->0K(14848K) From: 12762K(37888K)->21664K(38400K)
[3.439s][info][gc,heap        ] GC(90) ParOldGen: 556093K(623104K)->562253K(623104K)
[3.439s][info][gc,metaspace   ] GC(90) Metaspace: 6302K(6528K)->6302K(6528K) NonClass: 5769K(5888K)->5769K(5888K) Class: 533K(640K)->533K(640K)
[3.439s][info][gc             ] GC(90) Pause Young (Allocation Failure) 570M->570M(660M) 36.118ms
[3.439s][info][gc,cpu         ] GC(90) User=0.14s Sys=0.00s Real=0.04s
[3.455s][info][gc,start       ] GC(91) Pause Young (Allocation Failure)
[3.474s][info][gc,heap        ] GC(91) PSYoungGen: 36512K(53248K)->29856K(52736K) Eden: 14848K(14848K)->0K(15360K) From: 21664K(38400K)->29856K(37376K)
[3.474s][info][gc,heap        ] GC(91) ParOldGen: 562253K(623104K)->569077K(623104K)
[3.474s][info][gc,metaspace   ] GC(91) Metaspace: 6302K(6528K)->6302K(6528K) NonClass: 5769K(5888K)->5769K(5888K) Class: 533K(640K)->533K(640K)
[3.474s][info][gc             ] GC(91) Pause Young (Allocation Failure) 584M->584M(660M) 19.290ms
[3.474s][info][gc,cpu         ] GC(91) User=0.12s Sys=0.00s Real=0.02s
[3.493s][info][gc,start       ] GC(92) Pause Young (Allocation Failure)
[3.517s][info][gc,heap        ] GC(92) PSYoungGen: 45216K(52736K)->30336K(53760K) Eden: 15360K(15360K)->0K(15360K) From: 29856K(37376K)->30336K(38400K)
[3.517s][info][gc,heap        ] GC(92) ParOldGen: 569077K(623104K)->584141K(623104K)
[3.518s][info][gc,metaspace   ] GC(92) Metaspace: 6302K(6528K)->6302K(6528K) NonClass: 5769K(5888K)->5769K(5888K) Class: 533K(640K)->533K(640K)
[3.518s][info][gc             ] GC(92) Pause Young (Allocation Failure) 599M->600M(661M) 24.947ms
[3.518s][info][gc,cpu         ] GC(92) User=0.09s Sys=0.02s Real=0.03s
[3.536s][info][gc,start       ] GC(93) Pause Young (Allocation Failure)
[3.561s][info][gc,heap        ] GC(93) PSYoungGen: 45696K(53760K)->30880K(55808K) Eden: 15360K(15360K)->0K(16384K) From: 30336K(38400K)->30880K(39424K)
[3.561s][info][gc,heap        ] GC(93) ParOldGen: 584141K(623104K)->599189K(623104K)
[3.561s][info][gc,metaspace   ] GC(93) Metaspace: 6302K(6528K)->6302K(6528K) NonClass: 5769K(5888K)->5769K(5888K) Class: 533K(640K)->533K(640K)
[3.562s][info][gc             ] GC(93) Pause Young (Allocation Failure) 615M->615M(663M) 25.317ms
[3.562s][info][gc,cpu         ] GC(93) User=0.14s Sys=0.00s Real=0.03s
[3.581s][info][gc,start       ] GC(94) Pause Young (Allocation Failure)
[3.607s][info][gc,heap        ] GC(94) PSYoungGen: 47264K(55808K)->31872K(56832K) Eden: 16384K(16384K)->0K(16384K) From: 30880K(39424K)->31872K(40448K)
[3.607s][info][gc,heap        ] GC(94) ParOldGen: 599189K(623104K)->614765K(623104K)
[3.607s][info][gc,metaspace   ] GC(94) Metaspace: 6302K(6528K)->6302K(6528K) NonClass: 5769K(5888K)->5769K(5888K) Class: 533K(640K)->533K(640K)
[3.607s][info][gc             ] GC(94) Pause Young (Allocation Failure) 631M->631M(664M) 25.604ms
[3.607s][info][gc,cpu         ] GC(94) User=0.14s Sys=0.00s Real=0.03s
[3.607s][info][gc,start       ] GC(95) Pause Full (Ergonomics)
[3.607s][info][gc,phases,start] GC(95) Marking Phase
[3.740s][info][gc,phases      ] GC(95) Marking Phase 132.901ms
[3.740s][info][gc,phases,start] GC(95) Summary Phase
[3.740s][info][gc,phases      ] GC(95) Summary Phase 0.020ms
[3.740s][info][gc,phases,start] GC(95) Adjust Roots
[3.740s][info][gc,phases      ] GC(95) Adjust Roots 0.151ms
[3.740s][info][gc,phases,start] GC(95) Compaction Phase
[3.800s][info][gc,phases      ] GC(95) Compaction Phase 60.178ms
[3.800s][info][gc,phases,start] GC(95) Post Compact
[3.801s][info][gc,phases      ] GC(95) Post Compact 1.025ms
[3.802s][info][gc,heap        ] GC(95) PSYoungGen: 31872K(56832K)->22483K(56832K) Eden: 0K(16384K)->0K(16384K) From: 31872K(40448K)->22483K(40448K)
[3.802s][info][gc,heap        ] GC(95) ParOldGen: 614765K(623104K)->623016K(695808K)
[3.802s][info][gc,metaspace   ] GC(95) Metaspace: 6302K(6528K)->6302K(6528K) NonClass: 5769K(5888K)->5769K(5888K) Class: 533K(640K)->533K(640K)
[3.802s][info][gc             ] GC(95) Pause Full (Ergonomics) 631M->630M(735M) 194.808ms
[3.802s][info][gc,cpu         ] GC(95) User=1.36s Sys=0.02s Real=0.19s
[3.820s][info][gc,start       ] GC(96) Pause Young (Allocation Failure)
[3.866s][info][gc,heap        ] GC(96) PSYoungGen: 38867K(56832K)->28736K(59904K) Eden: 16384K(16384K)->0K(18432K) From: 22483K(40448K)->28736K(41472K)
[3.866s][info][gc,heap        ] GC(96) ParOldGen: 623016K(695808K)->633504K(695808K)
[3.866s][info][gc,metaspace   ] GC(96) Metaspace: 6302K(6528K)->6302K(6528K) NonClass: 5769K(5888K)->5769K(5888K) Class: 533K(640K)->533K(640K)
[3.866s][info][gc             ] GC(96) Pause Young (Allocation Failure) 646M->646M(738M) 45.814ms
[3.866s][info][gc,cpu         ] GC(96) User=0.23s Sys=0.00s Real=0.05s
[3.888s][info][gc,start       ] GC(97) Pause Young (Allocation Failure)
[3.915s][info][gc,heap        ] GC(97) PSYoungGen: 47168K(59904K)->34976K(59904K) Eden: 18432K(18432K)->0K(18432K) From: 28736K(41472K)->34976K(41472K)
[3.915s][info][gc,heap        ] GC(97) ParOldGen: 633504K(695808K)->645880K(695808K)
[3.915s][info][gc,metaspace   ] GC(97) Metaspace: 6302K(6528K)->6302K(6528K) NonClass: 5769K(5888K)->5769K(5888K) Class: 533K(640K)->533K(640K)
[3.915s][info][gc             ] GC(97) Pause Young (Allocation Failure) 664M->664M(738M) 27.023ms
[3.915s][info][gc,cpu         ] GC(97) User=0.12s Sys=0.00s Real=0.03s
[3.939s][info][gc,start       ] GC(98) Pause Young (Allocation Failure)
[3.968s][info][gc,heap        ] GC(98) PSYoungGen: 53408K(59904K)->36992K(61440K) Eden: 18432K(18432K)->0K(18432K) From: 34976K(41472K)->36992K(43008K)
[3.968s][info][gc,heap        ] GC(98) ParOldGen: 645880K(695808K)->662496K(695808K)
[3.968s][info][gc,metaspace   ] GC(98) Metaspace: 6302K(6528K)->6302K(6528K) NonClass: 5769K(5888K)->5769K(5888K) Class: 533K(640K)->533K(640K)
[3.968s][info][gc             ] GC(98) Pause Young (Allocation Failure) 682M->683M(739M) 29.004ms
[3.968s][info][gc,cpu         ] GC(98) User=0.14s Sys=0.00s Real=0.03s
[4.128s][info][gc,start       ] GC(99) Pause Full (Ergonomics)
[4.128s][info][gc,phases,start] GC(99) Marking Phase
[4.299s][info][gc,phases      ] GC(99) Marking Phase 171.117ms
[4.299s][info][gc,phases,start] GC(99) Summary Phase
[4.299s][info][gc,phases      ] GC(99) Summary Phase 0.027ms
[4.300s][info][gc,phases,start] GC(99) Adjust Roots
[4.300s][info][gc,phases      ] GC(99) Adjust Roots 0.183ms
[4.300s][info][gc,phases,start] GC(99) Compaction Phase
[4.433s][info][gc,phases      ] GC(99) Compaction Phase 133.419ms
[4.433s][info][gc,phases,start] GC(99) Post Compact
[4.435s][info][gc,phases      ] GC(99) Post Compact 1.500ms
[4.435s][info][gc,heap        ] GC(99) PSYoungGen: 55424K(61440K)->37823K(61440K) Eden: 18432K(18432K)->18395K(18432K) From: 36992K(43008K)->19428K(43008K)
[4.435s][info][gc,heap        ] GC(99) ParOldGen: 695264K(695808K)->695616K(773120K)
[4.435s][info][gc,metaspace   ] GC(99) Metaspace: 6302K(6528K)->6302K(6528K) NonClass: 5769K(5888K)->5769K(5888K) Class: 533K(640K)->533K(640K)
[4.435s][info][gc             ] GC(99) Pause Full (Ergonomics) 733M->716M(815M) 306.916ms
[4.435s][info][gc,cpu         ] GC(99) User=1.91s Sys=0.00s Real=0.31s
[4.435s][info][gc,start       ] GC(100) Pause Young (Allocation Failure)
[4.484s][info][gc,heap        ] GC(100) PSYoungGen: 37860K(61440K)->19616K(63488K) Eden: 18432K(18432K)->0K(18432K) From: 19428K(43008K)->19616K(45056K)
[4.484s][info][gc,heap        ] GC(100) ParOldGen: 695616K(773120K)->714312K(773120K)
[4.484s][info][gc,metaspace   ] GC(100) Metaspace: 6302K(6528K)->6302K(6528K) NonClass: 5769K(5888K)->5769K(5888K) Class: 533K(640K)->533K(640K)
[4.484s][info][gc             ] GC(100) Pause Young (Allocation Failure) 716M->716M(817M) 48.364ms
[4.484s][info][gc,cpu         ] GC(100) User=0.19s Sys=0.02s Real=0.05s
[4.503s][info][gc,start       ] GC(101) Pause Young (Allocation Failure)
[4.525s][info][gc,heap        ] GC(101) PSYoungGen: 38048K(63488K)->38080K(63488K) Eden: 18432K(18432K)->0K(18432K) From: 19616K(45056K)->38080K(45056K)
[4.525s][info][gc,heap        ] GC(101) ParOldGen: 714312K(773120K)->714312K(773120K)
[4.525s][info][gc,metaspace   ] GC(101) Metaspace: 6302K(6528K)->6302K(6528K) NonClass: 5769K(5888K)->5769K(5888K) Class: 533K(640K)->533K(640K)
[4.525s][info][gc             ] GC(101) Pause Young (Allocation Failure) 734M->734M(817M) 21.895ms
[4.525s][info][gc,cpu         ] GC(101) User=0.08s Sys=0.00s Real=0.02s
[4.544s][info][gc,start       ] GC(102) Pause Young (Allocation Failure)
[4.572s][info][gc,heap        ] GC(102) PSYoungGen: 56512K(63488K)->47104K(65536K) Eden: 18432K(18432K)->0K(18432K) From: 38080K(45056K)->47104K(47104K)
[4.572s][info][gc,heap        ] GC(102) ParOldGen: 714312K(773120K)->723680K(773120K)
[4.572s][info][gc,metaspace   ] GC(102) Metaspace: 6302K(6528K)->6302K(6528K) NonClass: 5769K(5888K)->5769K(5888K) Class: 533K(640K)->533K(640K)
[4.572s][info][gc             ] GC(102) Pause Young (Allocation Failure) 752M->752M(819M) 27.997ms
[4.572s][info][gc,cpu         ] GC(102) User=0.14s Sys=0.00s Real=0.03s
[4.592s][info][gc,start       ] GC(103) Pause Young (Allocation Failure)
[4.625s][info][gc,heap        ] GC(103) PSYoungGen: 65536K(65536K)->50080K(71680K) Eden: 18432K(18432K)->0K(15872K) From: 47104K(47104K)->50080K(55808K)
[4.625s][info][gc,heap        ] GC(103) ParOldGen: 723680K(773120K)->739448K(773120K)
[4.625s][info][gc,metaspace   ] GC(103) Metaspace: 6302K(6528K)->6302K(6528K) NonClass: 5769K(5888K)->5769K(5888K) Class: 533K(640K)->533K(640K)
[4.625s][info][gc             ] GC(103) Pause Young (Allocation Failure) 770M->771M(825M) 32.861ms
[4.625s][info][gc,cpu         ] GC(103) User=0.20s Sys=0.00s Real=0.03s
[4.641s][info][gc,start       ] GC(104) Pause Young (Allocation Failure)
[4.672s][info][gc,heap        ] GC(104) PSYoungGen: 65952K(71680K)->50144K(76288K) Eden: 15872K(15872K)->0K(15872K) From: 50080K(55808K)->50144K(60416K)
[4.672s][info][gc,heap        ] GC(104) ParOldGen: 739448K(773120K)->755496K(773120K)
[4.672s][info][gc,metaspace   ] GC(104) Metaspace: 6302K(6528K)->6302K(6528K) NonClass: 5769K(5888K)->5769K(5888K) Class: 533K(640K)->533K(640K)
[4.672s][info][gc             ] GC(104) Pause Young (Allocation Failure) 786M->786M(829M) 31.498ms
[4.672s][info][gc,cpu         ] GC(104) User=0.14s Sys=0.00s Real=0.03s
[4.672s][info][gc,start       ] GC(105) Pause Full (Ergonomics)
[4.672s][info][gc,phases,start] GC(105) Marking Phase
[4.858s][info][gc,phases      ] GC(105) Marking Phase 185.429ms
[4.858s][info][gc,phases,start] GC(105) Summary Phase
[4.858s][info][gc,phases      ] GC(105) Summary Phase 0.021ms
[4.858s][info][gc,phases,start] GC(105) Adjust Roots
[4.858s][info][gc,phases      ] GC(105) Adjust Roots 0.151ms
[4.858s][info][gc,phases,start] GC(105) Compaction Phase
[4.942s][info][gc,phases      ] GC(105) Compaction Phase 84.068ms
[4.942s][info][gc,phases,start] GC(105) Post Compact
[4.944s][info][gc,phases      ] GC(105) Post Compact 1.572ms
[4.944s][info][gc,heap        ] GC(105) PSYoungGen: 50144K(76288K)->31517K(76288K) Eden: 0K(15872K)->0K(15872K) From: 50144K(60416K)->31517K(60416K)
[4.944s][info][gc,heap        ] GC(105) ParOldGen: 755496K(773120K)->772964K(857088K)
[4.944s][info][gc,metaspace   ] GC(105) Metaspace: 6302K(6528K)->6302K(6528K) NonClass: 5769K(5888K)->5769K(5888K) Class: 533K(640K)->533K(640K)
[4.944s][info][gc             ] GC(105) Pause Full (Ergonomics) 786M->785M(911M) 271.954ms
[4.944s][info][gc,cpu         ] GC(105) User=1.84s Sys=0.02s Real=0.27s
[4.961s][info][gc,start       ] GC(106) Pause Young (Allocation Failure)
[5.013s][info][gc,heap        ] GC(106) PSYoungGen: 47389K(76288K)->27008K(78848K) Eden: 15872K(15872K)->0K(17920K) From: 31517K(60416K)->27008K(60928K)
[5.013s][info][gc,heap        ] GC(106) ParOldGen: 772964K(857088K)->793756K(857088K)
[5.013s][info][gc,metaspace   ] GC(106) Metaspace: 6302K(6528K)->6302K(6528K) NonClass: 5769K(5888K)->5769K(5888K) Class: 533K(640K)->533K(640K)
[5.013s][info][gc             ] GC(106) Pause Young (Allocation Failure) 801M->801M(914M) 52.342ms
[5.013s][info][gc,cpu         ] GC(106) User=0.36s Sys=0.00s Real=0.05s
[5.032s][info][gc,start       ] GC(107) Pause Young (Allocation Failure)
[5.055s][info][gc,heap        ] GC(107) PSYoungGen: 44928K(78848K)->44992K(80384K) Eden: 17920K(17920K)->0K(17920K) From: 27008K(60928K)->44992K(62464K)
[5.055s][info][gc,heap        ] GC(107) ParOldGen: 793756K(857088K)->793756K(857088K)
[5.055s][info][gc,metaspace   ] GC(107) Metaspace: 6302K(6528K)->6302K(6528K) NonClass: 5769K(5888K)->5769K(5888K) Class: 533K(640K)->533K(640K)
[5.055s][info][gc             ] GC(107) Pause Young (Allocation Failure) 819M->819M(915M) 23.424ms
[5.055s][info][gc,cpu         ] GC(107) User=0.14s Sys=0.00s Real=0.02s
[5.074s][info][gc,start       ] GC(108) Pause Young (Allocation Failure)
[5.106s][info][gc,heap        ] GC(108) PSYoungGen: 62912K(80384K)->51872K(80896K) Eden: 17920K(17920K)->0K(16896K) From: 44992K(62464K)->51872K(64000K)
[5.106s][info][gc,heap        ] GC(108) ParOldGen: 793756K(857088K)->804932K(857088K)
[5.106s][info][gc,metaspace   ] GC(108) Metaspace: 6302K(6528K)->6302K(6528K) NonClass: 5769K(5888K)->5769K(5888K) Class: 533K(640K)->533K(640K)
[5.106s][info][gc             ] GC(108) Pause Young (Allocation Failure) 836M->836M(916M) 31.293ms
[5.106s][info][gc,cpu         ] GC(108) User=0.09s Sys=0.05s Real=0.03s
[5.123s][info][gc,start       ] GC(109) Pause Young (Allocation Failure)
[5.156s][info][gc,heap        ] GC(109) PSYoungGen: 68768K(80896K)->52928K(83968K) Eden: 16896K(16896K)->0K(16896K) From: 51872K(64000K)->52928K(67072K)
[5.156s][info][gc,heap        ] GC(109) ParOldGen: 804932K(857088K)->821020K(857088K)
[5.156s][info][gc,metaspace   ] GC(109) Metaspace: 6302K(6528K)->6302K(6528K) NonClass: 5769K(5888K)->5769K(5888K) Class: 533K(640K)->533K(640K)
[5.156s][info][gc             ] GC(109) Pause Young (Allocation Failure) 853M->853M(919M) 33.324ms
[5.156s][info][gc,cpu         ] GC(109) User=0.16s Sys=0.03s Real=0.03s
[5.176s][info][gc,start       ] GC(110) Pause Young (Allocation Failure)
[5.211s][info][gc,heap        ] GC(110) PSYoungGen: 69824K(83968K)->33920K(83968K) Eden: 16896K(16896K)->0K(18944K) From: 52928K(67072K)->33920K(65024K)
[5.211s][info][gc,heap        ] GC(110) ParOldGen: 821020K(857088K)->857324K(857600K)
[5.211s][info][gc,metaspace   ] GC(110) Metaspace: 6302K(6528K)->6302K(6528K) NonClass: 5769K(5888K)->5769K(5888K) Class: 533K(640K)->533K(640K)
[5.211s][info][gc             ] GC(110) Pause Young (Allocation Failure) 869M->870M(919M) 34.803ms
[5.211s][info][gc,cpu         ] GC(110) User=0.25s Sys=0.02s Real=0.04s
[5.211s][info][gc,start       ] GC(111) Pause Full (Ergonomics)
[5.211s][info][gc,phases,start] GC(111) Marking Phase
[5.401s][info][gc,phases      ] GC(111) Marking Phase 190.434ms
[5.401s][info][gc,phases,start] GC(111) Summary Phase
[5.401s][info][gc,phases      ] GC(111) Summary Phase 0.024ms
[5.401s][info][gc,phases,start] GC(111) Adjust Roots
[5.402s][info][gc,phases      ] GC(111) Adjust Roots 0.150ms
[5.402s][info][gc,phases,start] GC(111) Compaction Phase
[5.492s][info][gc,phases      ] GC(111) Compaction Phase 90.064ms
[5.492s][info][gc,phases,start] GC(111) Post Compact
[5.493s][info][gc,phases      ] GC(111) Post Compact 1.510ms
[5.494s][info][gc,heap        ] GC(111) PSYoungGen: 33920K(83968K)->32705K(86528K) Eden: 0K(18944K)->0K(21504K) From: 33920K(65024K)->32705K(65024K)
[5.494s][info][gc,heap        ] GC(111) ParOldGen: 857324K(857600K)->857120K(955392K)
[5.494s][info][gc,metaspace   ] GC(111) Metaspace: 6302K(6528K)->6302K(6528K) NonClass: 5769K(5888K)->5769K(5888K) Class: 533K(640K)->533K(640K)
[5.494s][info][gc             ] GC(111) Pause Full (Ergonomics) 870M->868M(1017M) 282.919ms
[5.494s][info][gc,cpu         ] GC(111) User=1.75s Sys=0.00s Real=0.28s
[5.517s][info][gc,start       ] GC(112) Pause Young (Allocation Failure)
[5.576s][info][gc,heap        ] GC(112) PSYoungGen: 54209K(86528K)->21632K(89088K) Eden: 21504K(21504K)->0K(21504K) From: 32705K(65024K)->21632K(67584K)
[5.576s][info][gc,heap        ] GC(112) ParOldGen: 857120K(955392K)->890304K(955392K)
[5.576s][info][gc,metaspace   ] GC(112) Metaspace: 6302K(6528K)->6302K(6528K) NonClass: 5769K(5888K)->5769K(5888K) Class: 533K(640K)->533K(640K)
[5.576s][info][gc             ] GC(112) Pause Young (Allocation Failure) 889M->890M(1020M) 58.957ms
[5.576s][info][gc,cpu         ] GC(112) User=0.39s Sys=0.00s Real=0.06s
[5.600s][info][gc,start       ] GC(113) Pause Young (Allocation Failure)
[5.625s][info][gc,heap        ] GC(113) PSYoungGen: 43136K(89088K)->21664K(90624K) Eden: 21504K(21504K)->0K(24064K) From: 21632K(67584K)->21664K(66560K)
[5.625s][info][gc,heap        ] GC(113) ParOldGen: 890304K(955392K)->912104K(955392K)
[5.625s][info][gc,metaspace   ] GC(113) Metaspace: 6302K(6528K)->6302K(6528K) NonClass: 5769K(5888K)->5769K(5888K) Class: 533K(640K)->533K(640K)
[5.625s][info][gc             ] GC(113) Pause Young (Allocation Failure) 911M->911M(1021M) 24.881ms
[5.625s][info][gc,cpu         ] GC(113) User=0.19s Sys=0.05s Real=0.02s
[5.652s][info][gc,start       ] GC(114) Pause Young (Allocation Failure)
[5.677s][info][gc,heap        ] GC(114) PSYoungGen: 45728K(90624K)->24224K(91136K) Eden: 24064K(24064K)->0K(24064K) From: 21664K(66560K)->24224K(67072K)
[5.677s][info][gc,heap        ] GC(114) ParOldGen: 912104K(955392K)->933880K(955392K)
[5.677s][info][gc,metaspace   ] GC(114) Metaspace: 6302K(6528K)->6302K(6528K) NonClass: 5769K(5888K)->5769K(5888K) Class: 533K(640K)->533K(640K)
[5.677s][info][gc             ] GC(114) Pause Young (Allocation Failure) 935M->935M(1022M) 25.422ms
[5.677s][info][gc,cpu         ] GC(114) User=0.12s Sys=0.00s Real=0.02s
[5.677s][info][gc,start       ] GC(115) Pause Full (Ergonomics)
[5.677s][info][gc,phases,start] GC(115) Marking Phase
[5.903s][info][gc,phases      ] GC(115) Marking Phase 225.949ms
[5.903s][info][gc,phases,start] GC(115) Summary Phase
[5.903s][info][gc,phases      ] GC(115) Summary Phase 0.053ms
[5.903s][info][gc,phases,start] GC(115) Adjust Roots
[5.903s][info][gc,phases      ] GC(115) Adjust Roots 0.182ms
[5.904s][info][gc,phases,start] GC(115) Compaction Phase
[5.994s][info][gc,phases      ] GC(115) Compaction Phase 90.158ms
[5.994s][info][gc,phases,start] GC(115) Post Compact
[5.995s][info][gc,phases      ] GC(115) Post Compact 1.672ms
[5.996s][info][gc,heap        ] GC(115) PSYoungGen: 24224K(91136K)->1555K(91136K) Eden: 0K(24064K)->0K(24064K) From: 24224K(67072K)->1555K(67072K)
[5.996s][info][gc,heap        ] GC(115) ParOldGen: 933880K(955392K)->955245K(1065472K)
[5.996s][info][gc,metaspace   ] GC(115) Metaspace: 6302K(6528K)->6302K(6528K) NonClass: 5769K(5888K)->5769K(5888K) Class: 533K(640K)->533K(640K)
[5.996s][info][gc             ] GC(115) Pause Full (Ergonomics) 935M->934M(1129M) 318.744ms
[5.996s][info][gc,cpu         ] GC(115) User=2.20s Sys=0.03s Real=0.32s
[6.022s][info][gc,start       ] GC(116) Pause Young (Allocation Failure)
[6.078s][info][gc,heap        ] GC(116) PSYoungGen: 25619K(91136K)->24256K(89088K) Eden: 24064K(24064K)->0K(26624K) From: 1555K(67072K)->24256K(62464K)
[6.079s][info][gc,heap        ] GC(116) ParOldGen: 955245K(1065472K)->956861K(1065472K)
[6.079s][info][gc,metaspace   ] GC(116) Metaspace: 6302K(6528K)->6302K(6528K) NonClass: 5769K(5888K)->5769K(5888K) Class: 533K(640K)->533K(640K)
[6.079s][info][gc             ] GC(116) Pause Young (Allocation Failure) 957M->958M(1127M) 56.191ms
[6.079s][info][gc,cpu         ] GC(116) User=0.50s Sys=0.00s Real=0.06s
[6.108s][info][gc,start       ] GC(117) Pause Young (Allocation Failure)
[6.136s][info][gc,heap        ] GC(117) PSYoungGen: 50880K(89088K)->50912K(90624K) Eden: 26624K(26624K)->0K(26624K) From: 24256K(62464K)->50912K(64000K)
[6.136s][info][gc,heap        ] GC(117) ParOldGen: 956861K(1065472K)->956861K(1065472K)
[6.136s][info][gc,metaspace   ] GC(117) Metaspace: 6302K(6528K)->6302K(6528K) NonClass: 5769K(5888K)->5769K(5888K) Class: 533K(640K)->533K(640K)
[6.136s][info][gc             ] GC(117) Pause Young (Allocation Failure) 984M->984M(1129M) 28.009ms
[6.136s][info][gc,cpu         ] GC(117) User=0.14s Sys=0.00s Real=0.03s
[6.166s][info][gc,start       ] GC(118) Pause Young (Allocation Failure)
[6.205s][info][gc,heap        ] GC(118) PSYoungGen: 77536K(90624K)->67584K(83968K) Eden: 26624K(26624K)->0K(16384K) From: 50912K(64000K)->67584K(67584K)
[6.205s][info][gc,heap        ] GC(118) ParOldGen: 956861K(1065472K)->966805K(1065472K)
[6.205s][info][gc,metaspace   ] GC(118) Metaspace: 6302K(6528K)->6302K(6528K) NonClass: 5769K(5888K)->5769K(5888K) Class: 533K(640K)->533K(640K)
[6.205s][info][gc             ] GC(118) Pause Young (Allocation Failure) 1010M->1010M(1122M) 39.251ms
[6.205s][info][gc,cpu         ] GC(118) User=0.23s Sys=0.02s Real=0.04s
[6.223s][info][gc,start       ] GC(119) Pause Young (Allocation Failure)
[6.264s][info][gc,heap        ] GC(119) PSYoungGen: 83968K(83968K)->39488K(56320K) Eden: 16384K(16384K)->0K(16384K) From: 67584K(67584K)->39488K(39936K)
[6.264s][info][gc,heap        ] GC(119) ParOldGen: 966805K(1065472K)->1012005K(1065472K)
[6.264s][info][gc,metaspace   ] GC(119) Metaspace: 6302K(6528K)->6302K(6528K) NonClass: 5769K(5888K)->5769K(5888K) Class: 533K(640K)->533K(640K)
[6.264s][info][gc             ] GC(119) Pause Young (Allocation Failure) 1026M->1026M(1095M) 40.954ms
[6.264s][info][gc,cpu         ] GC(119) User=0.25s Sys=0.02s Real=0.04s
[6.281s][info][gc,start       ] GC(120) Pause Young (Allocation Failure)
[6.310s][info][gc,heap        ] GC(120) PSYoungGen: 55872K(56320K)->32928K(89600K) Eden: 16384K(16384K)->0K(18432K) From: 39488K(39936K)->32928K(71168K)
[6.311s][info][gc,heap        ] GC(120) ParOldGen: 1012005K(1065472K)->1035253K(1065472K)
[6.311s][info][gc,metaspace   ] GC(120) Metaspace: 6302K(6528K)->6302K(6528K) NonClass: 5769K(5888K)->5769K(5888K) Class: 533K(640K)->533K(640K)
[6.311s][info][gc             ] GC(120) Pause Young (Allocation Failure) 1042M->1043M(1128M) 29.294ms
[6.311s][info][gc,cpu         ] GC(120) User=0.14s Sys=0.00s Real=0.03s
[6.311s][info][gc,start       ] GC(121) Pause Full (Ergonomics)
[6.311s][info][gc,phases,start] GC(121) Marking Phase
[6.558s][info][gc,phases      ] GC(121) Marking Phase 247.443ms
[6.558s][info][gc,phases,start] GC(121) Summary Phase
[6.558s][info][gc,phases      ] GC(121) Summary Phase 0.040ms
[6.558s][info][gc,phases,start] GC(121) Adjust Roots
[6.558s][info][gc,phases      ] GC(121) Adjust Roots 0.158ms
[6.558s][info][gc,phases,start] GC(121) Compaction Phase
[6.653s][info][gc,phases      ] GC(121) Compaction Phase 94.935ms
[6.653s][info][gc,phases,start] GC(121) Post Compact
[6.655s][info][gc,phases      ] GC(121) Post Compact 1.766ms
[6.656s][info][gc,heap        ] GC(121) PSYoungGen: 32928K(89600K)->1539K(92160K) Eden: 0K(18432K)->0K(20992K) From: 32928K(71168K)->1539K(71168K)
[6.656s][info][gc,heap        ] GC(121) ParOldGen: 1035253K(1065472K)->1065178K(1190912K)
[6.656s][info][gc,metaspace   ] GC(121) Metaspace: 6302K(6528K)->6302K(6528K) NonClass: 5769K(5888K)->5769K(5888K) Class: 533K(640K)->533K(640K)
[6.656s][info][gc             ] GC(121) Pause Full (Ergonomics) 1043M->1041M(1253M) 345.174ms
[6.656s][info][gc,cpu         ] GC(121) User=2.45s Sys=0.00s Real=0.35s
[6.683s][info][gc,start       ] GC(122) Pause Young (Allocation Failure)
[6.741s][info][gc,heap        ] GC(122) PSYoungGen: 22531K(92160K)->21568K(94720K) Eden: 20992K(20992K)->0K(20992K) From: 1539K(71168K)->21568K(73728K)
[6.741s][info][gc,heap        ] GC(122) ParOldGen: 1065178K(1190912K)->1066354K(1190912K)
[6.741s][info][gc,metaspace   ] GC(122) Metaspace: 6302K(6528K)->6302K(6528K) NonClass: 5769K(5888K)->5769K(5888K) Class: 533K(640K)->533K(640K)
[6.741s][info][gc             ] GC(122) Pause Young (Allocation Failure) 1062M->1062M(1255M) 58.424ms
[6.741s][info][gc,cpu         ] GC(122) User=0.36s Sys=0.00s Real=0.06s
[6.765s][info][gc,start       ] GC(123) Pause Young (Allocation Failure)
[6.791s][info][gc,heap        ] GC(123) PSYoungGen: 42560K(94720K)->42560K(93696K) Eden: 20992K(20992K)->0K(23552K) From: 21568K(73728K)->42560K(70144K)
[6.791s][info][gc,heap        ] GC(123) ParOldGen: 1066354K(1190912K)->1066354K(1190912K)
[6.791s][info][gc,metaspace   ] GC(123) Metaspace: 6302K(6528K)->6302K(6528K) NonClass: 5769K(5888K)->5769K(5888K) Class: 533K(640K)->533K(640K)
[6.791s][info][gc             ] GC(123) Pause Young (Allocation Failure) 1082M->1082M(1254M) 25.794ms
[6.791s][info][gc,cpu         ] GC(123) User=0.06s Sys=0.00s Real=0.03s
[6.816s][info][gc,start       ] GC(124) Pause Young (Allocation Failure)
[6.853s][info][gc,heap        ] GC(124) PSYoungGen: 66112K(93696K)->66144K(95232K) Eden: 23552K(23552K)->0K(23552K) From: 42560K(70144K)->66144K(71680K)
[6.853s][info][gc,heap        ] GC(124) ParOldGen: 1066354K(1190912K)->1066354K(1190912K)
[6.853s][info][gc,metaspace   ] GC(124) Metaspace: 6302K(6528K)->6302K(6528K) NonClass: 5769K(5888K)->5769K(5888K) Class: 533K(640K)->533K(640K)
[6.853s][info][gc             ] GC(124) Pause Young (Allocation Failure) 1105M->1105M(1256M) 37.232ms
[6.853s][info][gc,cpu         ] GC(124) User=0.27s Sys=0.00s Real=0.04s
[6.879s][info][gc,start       ] GC(125) Pause Young (Allocation Failure)
[6.926s][info][gc,heap        ] GC(125) PSYoungGen: 89696K(95232K)->78848K(90624K) Eden: 23552K(23552K)->0K(11776K) From: 66144K(71680K)->78848K(78848K)
[6.926s][info][gc,heap        ] GC(125) ParOldGen: 1066354K(1190912K)->1077202K(1190912K)
[6.926s][info][gc,metaspace   ] GC(125) Metaspace: 6302K(6528K)->6302K(6528K) NonClass: 5769K(5888K)->5769K(5888K) Class: 533K(640K)->533K(640K)
[6.926s][info][gc             ] GC(125) Pause Young (Allocation Failure) 1128M->1128M(1251M) 46.238ms
[6.926s][info][gc,cpu         ] GC(125) User=0.25s Sys=0.02s Real=0.05s
[6.940s][info][gc,start       ] GC(126) Pause Young (Allocation Failure)
[6.986s][info][gc,heap        ] GC(126) PSYoungGen: 90624K(90624K)->53472K(104960K) Eden: 11776K(11776K)->0K(11776K) From: 78848K(78848K)->53472K(93184K)
[6.986s][info][gc,heap        ] GC(126) ParOldGen: 1077202K(1190912K)->1114930K(1190912K)
[6.986s][info][gc,metaspace   ] GC(126) Metaspace: 6302K(6528K)->6302K(6528K) NonClass: 5769K(5888K)->5769K(5888K) Class: 533K(640K)->533K(640K)
[6.986s][info][gc             ] GC(126) Pause Young (Allocation Failure) 1140M->1141M(1265M) 45.338ms
[6.986s][info][gc,cpu         ] GC(126) User=0.25s Sys=0.02s Real=0.05s
[6.999s][info][gc,start       ] GC(127) Pause Young (Allocation Failure)
[7.033s][info][gc,heap        ] GC(127) PSYoungGen: 65248K(104960K)->23680K(104960K) Eden: 11776K(11776K)->0K(13824K) From: 53472K(93184K)->23680K(91136K)
[7.034s][info][gc,heap        ] GC(127) ParOldGen: 1114930K(1190912K)->1157018K(1190912K)
[7.034s][info][gc,metaspace   ] GC(127) Metaspace: 6302K(6528K)->6302K(6528K) NonClass: 5769K(5888K)->5769K(5888K) Class: 533K(640K)->533K(640K)
[7.034s][info][gc             ] GC(127) Pause Young (Allocation Failure) 1152M->1153M(1265M) 34.484ms
[7.034s][info][gc,cpu         ] GC(127) User=0.17s Sys=0.00s Real=0.04s
[7.034s][info][gc,start       ] GC(128) Pause Full (Ergonomics)
[7.034s][info][gc,phases,start] GC(128) Marking Phase
[7.303s][info][gc,phases      ] GC(128) Marking Phase 269.412ms
[7.303s][info][gc,phases,start] GC(128) Summary Phase
[7.303s][info][gc,phases      ] GC(128) Summary Phase 0.031ms
[7.303s][info][gc,phases,start] GC(128) Adjust Roots
[7.303s][info][gc,phases      ] GC(128) Adjust Roots 0.148ms
[7.303s][info][gc,phases,start] GC(128) Compaction Phase
[7.403s][info][gc,phases      ] GC(128) Compaction Phase 99.682ms
[7.403s][info][gc,phases,start] GC(128) Post Compact
[7.405s][info][gc,phases      ] GC(128) Post Compact 2.062ms
[7.406s][info][gc,heap        ] GC(128) PSYoungGen: 23680K(104960K)->0K(104960K) Eden: 0K(13824K)->0K(13824K) From: 23680K(91136K)->0K(91136K)
[7.406s][info][gc,heap        ] GC(128) ParOldGen: 1157018K(1190912K)->1179177K(1321472K)
[7.406s][info][gc,metaspace   ] GC(128) Metaspace: 6302K(6528K)->6302K(6528K) NonClass: 5769K(5888K)->5769K(5888K) Class: 533K(640K)->533K(640K)
[7.406s][info][gc             ] GC(128) Pause Full (Ergonomics) 1153M->1151M(1393M) 372.154ms
[7.406s][info][gc,cpu         ] GC(128) User=2.78s Sys=0.08s Real=0.37s
[7.422s][info][gc,start       ] GC(129) Pause Young (Allocation Failure)
[7.435s][info][gc,heap        ] GC(129) PSYoungGen: 13824K(104960K)->13888K(105984K) Eden: 13824K(13824K)->0K(15360K) From: 0K(91136K)->13888K(90624K)
[7.435s][info][gc,heap        ] GC(129) ParOldGen: 1179177K(1321472K)->1179177K(1321472K)
[7.435s][info][gc,metaspace   ] GC(129) Metaspace: 6302K(6528K)->6302K(6528K) NonClass: 5769K(5888K)->5769K(5888K) Class: 533K(640K)->533K(640K)
[7.435s][info][gc             ] GC(129) Pause Young (Allocation Failure) 1165M->1165M(1394M) 13.554ms
[7.435s][info][gc,cpu         ] GC(129) User=0.02s Sys=0.00s Real=0.01s
[7.454s][info][gc,start       ] GC(130) Pause Young (Allocation Failure)
[7.473s][info][gc,heap        ] GC(130) PSYoungGen: 29248K(105984K)->29312K(45056K) Eden: 15360K(15360K)->0K(15360K) From: 13888K(90624K)->29312K(29696K)
[7.473s][info][gc,heap        ] GC(130) ParOldGen: 1179177K(1321472K)->1179177K(1321472K)
[7.473s][info][gc,metaspace   ] GC(130) Metaspace: 6302K(6528K)->6302K(6528K) NonClass: 5769K(5888K)->5769K(5888K) Class: 533K(640K)->533K(640K)
[7.473s][info][gc             ] GC(130) Pause Young (Allocation Failure) 1180M->1180M(1334M) 18.260ms
[7.473s][info][gc,cpu         ] GC(130) User=0.03s Sys=0.00s Real=0.02s
[7.491s][info][gc,start       ] GC(131) Pause Young (Allocation Failure)
[7.518s][info][gc,heap        ] GC(131) PSYoungGen: 44672K(45056K)->30848K(99840K) Eden: 15360K(15360K)->0K(17408K) From: 29312K(29696K)->30848K(82432K)
[7.518s][info][gc,heap        ] GC(131) ParOldGen: 1179177K(1321472K)->1193201K(1321472K)
[7.518s][info][gc,metaspace   ] GC(131) Metaspace: 6302K(6528K)->6302K(6528K) NonClass: 5769K(5888K)->5769K(5888K) Class: 533K(640K)->533K(640K)
[7.518s][info][gc             ] GC(131) Pause Young (Allocation Failure) 1195M->1195M(1388M) 27.240ms
[7.518s][info][gc,cpu         ] GC(131) User=0.09s Sys=0.02s Real=0.03s
[7.539s][info][gc,start       ] GC(132) Pause Young (Allocation Failure)
[7.568s][info][gc,heap        ] GC(132) PSYoungGen: 48256K(99840K)->32896K(50688K) Eden: 17408K(17408K)->0K(17408K) From: 30848K(82432K)->32896K(33280K)
[7.568s][info][gc,heap        ] GC(132) ParOldGen: 1193201K(1321472K)->1208777K(1321472K)
[7.568s][info][gc,metaspace   ] GC(132) Metaspace: 6302K(6528K)->6302K(6528K) NonClass: 5769K(5888K)->5769K(5888K) Class: 533K(640K)->533K(640K)
[7.568s][info][gc             ] GC(132) Pause Young (Allocation Failure) 1212M->1212M(1340M) 28.844ms
[7.568s][info][gc,cpu         ] GC(132) User=0.12s Sys=0.00s Real=0.03s
[7.589s][info][gc,start       ] GC(133) Pause Young (Allocation Failure)
[7.619s][info][gc,heap        ] GC(133) PSYoungGen: 50304K(50688K)->34944K(92672K) Eden: 17408K(17408K)->0K(19456K) From: 32896K(33280K)->34944K(73216K)
[7.619s][info][gc,heap        ] GC(133) ParOldGen: 1208777K(1321472K)->1224361K(1321472K)
[7.619s][info][gc,metaspace   ] GC(133) Metaspace: 6302K(6528K)->6302K(6528K) NonClass: 5769K(5888K)->5769K(5888K) Class: 533K(640K)->533K(640K)
[7.619s][info][gc             ] GC(133) Pause Young (Allocation Failure) 1229M->1229M(1381M) 30.078ms
[7.619s][info][gc,cpu         ] GC(133) User=0.12s Sys=0.00s Real=0.03s
[7.642s][info][gc,start       ] GC(134) Pause Young (Allocation Failure)
[7.674s][info][gc,heap        ] GC(134) PSYoungGen: 54400K(92672K)->37024K(56832K) Eden: 19456K(19456K)->0K(19456K) From: 34944K(73216K)->37024K(37376K)
[7.674s][info][gc,heap        ] GC(134) ParOldGen: 1224361K(1321472K)->1242025K(1321472K)
[7.674s][info][gc,metaspace   ] GC(134) Metaspace: 6302K(6528K)->6302K(6528K) NonClass: 5769K(5888K)->5769K(5888K) Class: 533K(640K)->533K(640K)
[7.674s][info][gc             ] GC(134) Pause Young (Allocation Failure) 1248M->1249M(1346M) 31.996ms
[7.674s][info][gc,cpu         ] GC(134) User=0.12s Sys=0.02s Real=0.03s
[7.700s][info][gc,start       ] GC(135) Pause Young (Allocation Failure)
[7.733s][info][gc,heap        ] GC(135) PSYoungGen: 56480K(56832K)->39104K(89600K) Eden: 19456K(19456K)->0K(22016K) From: 37024K(37376K)->39104K(67584K)
[7.733s][info][gc,heap        ] GC(135) ParOldGen: 1242025K(1321472K)->1259681K(1321472K)
[7.733s][info][gc,metaspace   ] GC(135) Metaspace: 6302K(6528K)->6302K(6528K) NonClass: 5769K(5888K)->5769K(5888K) Class: 533K(640K)->533K(640K)
[7.733s][info][gc             ] GC(135) Pause Young (Allocation Failure) 1268M->1268M(1378M) 33.652ms
[7.733s][info][gc,cpu         ] GC(135) User=0.14s Sys=0.00s Real=0.03s
[7.753s][info][gc,start       ] GC(136) Pause Young (Allocation Failure)
[7.785s][info][gc,heap        ] GC(136) PSYoungGen: 61120K(89600K)->32928K(92672K) Eden: 22016K(22016K)->0K(22016K) From: 39104K(67584K)->32928K(70656K)
[7.785s][info][gc,heap        ] GC(136) ParOldGen: 1259681K(1321472K)->1279417K(1321472K)
[7.785s][info][gc,metaspace   ] GC(136) Metaspace: 6302K(6528K)->6302K(6528K) NonClass: 5769K(5888K)->5769K(5888K) Class: 533K(640K)->533K(640K)
[7.785s][info][gc             ] GC(136) Pause Young (Allocation Failure) 1289M->1281M(1381M) 32.065ms
[7.785s][info][gc,cpu         ] GC(136) User=0.14s Sys=0.02s Real=0.03s
[7.805s][info][gc,start       ] GC(137) Pause Young (Allocation Failure)
[7.833s][info][gc,heap        ] GC(137) PSYoungGen: 54944K(92672K)->25856K(91136K) Eden: 22016K(22016K)->0K(25088K) From: 32928K(70656K)->25856K(66048K)
[7.833s][info][gc,heap        ] GC(137) ParOldGen: 1279417K(1321472K)->1299161K(1321472K)
[7.833s][info][gc,metaspace   ] GC(137) Metaspace: 6302K(6528K)->6302K(6528K) NonClass: 5769K(5888K)->5769K(5888K) Class: 533K(640K)->533K(640K)
[7.833s][info][gc             ] GC(137) Pause Young (Allocation Failure) 1303M->1293M(1379M) 28.237ms
[7.833s][info][gc,cpu         ] GC(137) User=0.12s Sys=0.00s Real=0.03s
[7.833s][info][gc,start       ] GC(138) Pause Full (Ergonomics)
[7.833s][info][gc,phases,start] GC(138) Marking Phase
[8.135s][info][gc,phases      ] GC(138) Marking Phase 301.763ms
[8.135s][info][gc,phases,start] GC(138) Summary Phase
[8.135s][info][gc,phases      ] GC(138) Summary Phase 0.034ms
[8.135s][info][gc,phases,start] GC(138) Adjust Roots
[8.135s][info][gc,phases      ] GC(138) Adjust Roots 0.218ms
[8.135s][info][gc,phases,start] GC(138) Compaction Phase
[8.488s][info][gc,phases      ] GC(138) Compaction Phase 352.924ms
[8.488s][info][gc,phases,start] GC(138) Post Compact
[8.491s][info][gc,phases      ] GC(138) Post Compact 2.656ms
[8.491s][info][gc,heap        ] GC(138) PSYoungGen: 25856K(91136K)->1652K(92160K) Eden: 0K(25088K)->0K(26112K) From: 25856K(66048K)->1652K(66048K)
[8.491s][info][gc,heap        ] GC(138) ParOldGen: 1299161K(1321472K)->1321235K(1458176K)
[8.491s][info][gc,metaspace   ] GC(138) Metaspace: 6302K(6528K)->6302K(6528K) NonClass: 5769K(5888K)->5769K(5888K) Class: 533K(640K)->533K(640K)
[8.491s][info][gc             ] GC(138) Pause Full (Ergonomics) 1293M->1291M(1514M) 658.582ms
[8.491s][info][gc,cpu         ] GC(138) User=4.14s Sys=0.02s Real=0.66s
[8.527s][info][gc,start       ] GC(139) Pause Young (Allocation Failure)
[8.617s][info][gc,heap        ] GC(139) PSYoungGen: 27764K(92160K)->26976K(93184K) Eden: 26112K(26112K)->0K(26112K) From: 1652K(66048K)->26976K(67072K)
[8.617s][info][gc,heap        ] GC(139) ParOldGen: 1321235K(1458176K)->1322203K(1458176K)
[8.617s][info][gc,metaspace   ] GC(139) Metaspace: 6302K(6528K)->6302K(6528K) NonClass: 5769K(5888K)->5769K(5888K) Class: 533K(640K)->533K(640K)
[8.617s][info][gc             ] GC(139) Pause Young (Allocation Failure) 1317M->1317M(1515M) 90.605ms
[8.617s][info][gc,cpu         ] GC(139) User=0.45s Sys=0.00s Real=0.09s
[8.649s][info][gc,start       ] GC(140) Pause Young (Allocation Failure)
[8.684s][info][gc,heap        ] GC(140) PSYoungGen: 53088K(93184K)->53088K(91136K) Eden: 26112K(26112K)->0K(25600K) From: 26976K(67072K)->53088K(65536K)
[8.684s][info][gc,heap        ] GC(140) ParOldGen: 1322203K(1458176K)->1322203K(1458176K)
[8.684s][info][gc,metaspace   ] GC(140) Metaspace: 6302K(6528K)->6302K(6528K) NonClass: 5769K(5888K)->5769K(5888K) Class: 533K(640K)->533K(640K)
[8.684s][info][gc             ] GC(140) Pause Young (Allocation Failure) 1343M->1343M(1513M) 35.495ms
[8.684s][info][gc,cpu         ] GC(140) User=0.14s Sys=0.00s Real=0.04s
[8.717s][info][gc,start       ] GC(141) Pause Young (Allocation Failure)
[8.763s][info][gc,heap        ] GC(141) PSYoungGen: 78688K(91136K)->69120K(94720K) Eden: 25600K(25600K)->0K(25600K) From: 53088K(65536K)->69120K(69120K)
[8.763s][info][gc,heap        ] GC(141) ParOldGen: 1322203K(1458176K)->1331843K(1458176K)
[8.763s][info][gc,metaspace   ] GC(141) Metaspace: 6302K(6528K)->6302K(6528K) NonClass: 5769K(5888K)->5769K(5888K) Class: 533K(640K)->533K(640K)
[8.763s][info][gc             ] GC(141) Pause Young (Allocation Failure) 1368M->1368M(1516M) 45.974ms
[8.763s][info][gc,cpu         ] GC(141) User=0.25s Sys=0.02s Real=0.05s
[9.057s][info][gc,start       ] GC(142) Pause Young (Allocation Failure)
[9.137s][info][gc,heap        ] GC(142) PSYoungGen: 94720K(94720K)->72128K(101888K) Eden: 25600K(25600K)->0K(20480K) From: 69120K(69120K)->72128K(81408K)
[9.137s][info][gc,heap        ] GC(142) ParOldGen: 1397379K(1458176K)->1420411K(1458176K)
[9.137s][info][gc,metaspace   ] GC(142) Metaspace: 6302K(6528K)->6302K(6528K) NonClass: 5769K(5888K)->5769K(5888K) Class: 533K(640K)->533K(640K)
[9.137s][info][gc             ] GC(142) Pause Young (Allocation Failure) 1457M->1457M(1523M) 79.597ms
[9.137s][info][gc,cpu         ] GC(142) User=0.50s Sys=0.00s Real=0.08s
[9.157s][info][gc,start       ] GC(143) Pause Young (Allocation Failure)
[9.202s][info][gc,heap        ] GC(143) PSYoungGen: 92608K(101888K)->89088K(109568K) Eden: 20480K(20480K)->0K(20480K) From: 72128K(81408K)->89088K(89088K)
[9.202s][info][gc,heap        ] GC(143) ParOldGen: 1420411K(1458176K)->1423907K(1458176K)
[9.202s][info][gc,metaspace   ] GC(143) Metaspace: 6302K(6528K)->6302K(6528K) NonClass: 5769K(5888K)->5769K(5888K) Class: 533K(640K)->533K(640K)
[9.202s][info][gc             ] GC(143) Pause Young (Allocation Failure) 1477M->1477M(1531M) 45.724ms
[9.202s][info][gc,cpu         ] GC(143) User=0.20s Sys=0.00s Real=0.05s
[9.202s][info][gc,start       ] GC(144) Pause Full (Ergonomics)
[9.202s][info][gc,phases,start] GC(144) Marking Phase
[9.538s][info][gc,phases      ] GC(144) Marking Phase 336.053ms
[9.538s][info][gc,phases,start] GC(144) Summary Phase
[9.539s][info][gc,phases      ] GC(144) Summary Phase 0.029ms
[9.539s][info][gc,phases,start] GC(144) Adjust Roots
[9.539s][info][gc,phases      ] GC(144) Adjust Roots 0.226ms
[9.539s][info][gc,phases,start] GC(144) Compaction Phase
[9.778s][info][gc,phases      ] GC(144) Compaction Phase 239.251ms
[9.778s][info][gc,phases,start] GC(144) Post Compact
[9.781s][info][gc,phases      ] GC(144) Post Compact 3.084ms
[9.782s][info][gc,heap        ] GC(144) PSYoungGen: 89088K(109568K)->21454K(109568K) Eden: 0K(20480K)->0K(20480K) From: 89088K(89088K)->21454K(89088K)
[9.782s][info][gc,heap        ] GC(144) ParOldGen: 1423907K(1458176K)->1457957K(1604608K)
[9.782s][info][gc,metaspace   ] GC(144) Metaspace: 6302K(6528K)->6302K(6528K) NonClass: 5769K(5888K)->5769K(5888K) Class: 533K(640K)->533K(640K)
[9.782s][info][gc             ] GC(144) Pause Full (Ergonomics) 1477M->1444M(1674M) 579.471ms
[9.782s][info][gc,cpu         ] GC(144) User=3.64s Sys=0.03s Real=0.58s
[9.802s][info][gc,start       ] GC(145) Pause Young (Allocation Failure)
[9.898s][info][gc,heap        ] GC(145) PSYoungGen: 41934K(109568K)->29472K(120832K) Eden: 20480K(20480K)->0K(22528K) From: 21454K(89088K)->29472K(98304K)
[9.898s][info][gc,heap        ] GC(145) ParOldGen: 1457957K(1604608K)->1470757K(1604608K)
[9.898s][info][gc,metaspace   ] GC(145) Metaspace: 6302K(6528K)->6302K(6528K) NonClass: 5769K(5888K)->5769K(5888K) Class: 533K(640K)->533K(640K)
[9.898s][info][gc             ] GC(145) Pause Young (Allocation Failure) 1464M->1465M(1685M) 95.674ms
[9.898s][info][gc,cpu         ] GC(145) User=0.41s Sys=0.00s Real=0.10s
[9.919s][info][gc,start       ] GC(146) Pause Young (Allocation Failure)
[9.951s][info][gc,heap        ] GC(146) PSYoungGen: 52000K(120832K)->52032K(74752K) Eden: 22528K(22528K)->0K(22528K) From: 29472K(98304K)->52032K(52224K)
[9.952s][info][gc,heap        ] GC(146) ParOldGen: 1470757K(1604608K)->1470757K(1604608K)
[9.952s][info][gc,metaspace   ] GC(146) Metaspace: 6302K(6528K)->6302K(6528K) NonClass: 5769K(5888K)->5769K(5888K) Class: 533K(640K)->533K(640K)
[9.952s][info][gc             ] GC(146) Pause Young (Allocation Failure) 1487M->1487M(1640M) 32.374ms
[9.952s][info][gc,cpu         ] GC(146) User=0.05s Sys=0.00s Real=0.03s
[9.974s][info][gc,start       ] GC(147) Pause Young (Allocation Failure)
[10.015s][info][gc,heap        ] GC(147) PSYoungGen: 74560K(74752K)->74592K(116736K) Eden: 22528K(22528K)->0K(19968K) From: 52032K(52224K)->74592K(96768K)
[10.015s][info][gc,heap        ] GC(147) ParOldGen: 1470757K(1604608K)->1470757K(1604608K)
[10.015s][info][gc,metaspace   ] GC(147) Metaspace: 6302K(6528K)->6302K(6528K) NonClass: 5769K(5888K)->5769K(5888K) Class: 533K(640K)->533K(640K)
[10.015s][info][gc             ] GC(147) Pause Young (Allocation Failure) 1509M->1509M(1681M) 41.368ms
[10.015s][info][gc,cpu         ] GC(147) User=0.17s Sys=0.02s Real=0.04s
[10.035s][info][gc,start       ] GC(148) Pause Young (Allocation Failure)
[10.082s][info][gc,heap        ] GC(148) PSYoungGen: 94560K(116736K)->86080K(121856K) Eden: 19968K(19968K)->0K(19968K) From: 74592K(96768K)->86080K(101888K)
[10.083s][info][gc,heap        ] GC(148) ParOldGen: 1470757K(1604608K)->1479325K(1604608K)
[10.083s][info][gc,metaspace   ] GC(148) Metaspace: 6302K(6528K)->6302K(6528K) NonClass: 5769K(5888K)->5769K(5888K) Class: 533K(640K)->533K(640K)
[10.083s][info][gc             ] GC(148) Pause Young (Allocation Failure) 1528M->1528M(1686M) 47.580ms
[10.083s][info][gc,cpu         ] GC(148) User=0.22s Sys=0.02s Real=0.05s
[10.103s][info][gc,start       ] GC(149) Pause Young (Allocation Failure)
[10.155s][info][gc,heap        ] GC(149) PSYoungGen: 106048K(121856K)->105696K(119296K) Eden: 19968K(19968K)->0K(9216K) From: 86080K(101888K)->105696K(110080K)
[10.155s][info][gc,heap        ] GC(149) ParOldGen: 1479325K(1604608K)->1479773K(1604608K)
[10.155s][info][gc,metaspace   ] GC(149) Metaspace: 6302K(6528K)->6302K(6528K) NonClass: 5769K(5888K)->5769K(5888K) Class: 533K(640K)->533K(640K)
[10.155s][info][gc             ] GC(149) Pause Young (Allocation Failure) 1548M->1548M(1683M) 52.166ms
[10.155s][info][gc,cpu         ] GC(149) User=0.31s Sys=0.06s Real=0.05s
[10.165s][info][gc,start       ] GC(150) Pause Young (Allocation Failure)
[10.221s][info][gc,heap        ] GC(150) PSYoungGen: 114912K(119296K)->71872K(132608K) Eden: 9216K(9216K)->0K(9216K) From: 105696K(110080K)->71872K(123392K)
[10.221s][info][gc,heap        ] GC(150) ParOldGen: 1479773K(1604608K)->1523317K(1604608K)
[10.221s][info][gc,metaspace   ] GC(150) Metaspace: 6302K(6528K)->6302K(6528K) NonClass: 5769K(5888K)->5769K(5888K) Class: 533K(640K)->533K(640K)
[10.221s][info][gc             ] GC(150) Pause Young (Allocation Failure) 1557M->1557M(1696M) 55.729ms
[10.221s][info][gc,cpu         ] GC(150) User=0.36s Sys=0.02s Real=0.06s
[10.230s][info][gc,start       ] GC(151) Pause Young (Allocation Failure)
[10.272s][info][gc,heap        ] GC(151) PSYoungGen: 81088K(132608K)->38528K(127488K) Eden: 9216K(9216K)->0K(10752K) From: 71872K(123392K)->38528K(116736K)
[10.272s][info][gc,heap        ] GC(151) ParOldGen: 1523317K(1604608K)->1566357K(1604608K)
[10.272s][info][gc,metaspace   ] GC(151) Metaspace: 6302K(6528K)->6302K(6528K) NonClass: 5769K(5888K)->5769K(5888K) Class: 533K(640K)->533K(640K)
[10.272s][info][gc             ] GC(151) Pause Young (Allocation Failure) 1566M->1567M(1691M) 41.973ms
[10.272s][info][gc,cpu         ] GC(151) User=0.25s Sys=0.00s Real=0.04s
[10.272s][info][gc,start       ] GC(152) Pause Full (Ergonomics)
[10.272s][info][gc,phases,start] GC(152) Marking Phase
[10.650s][info][gc,phases      ] GC(152) Marking Phase 377.697ms
[10.650s][info][gc,phases,start] GC(152) Summary Phase
[10.650s][info][gc,phases      ] GC(152) Summary Phase 0.073ms
[10.650s][info][gc,phases,start] GC(152) Adjust Roots
[10.650s][info][gc,phases      ] GC(152) Adjust Roots 0.291ms
[10.650s][info][gc,phases,start] GC(152) Compaction Phase
[10.810s][info][gc,phases      ] GC(152) Compaction Phase 159.518ms
[10.810s][info][gc,phases,start] GC(152) Post Compact
[10.813s][info][gc,phases      ] GC(152) Post Compact 3.622ms
[10.814s][info][gc,heap        ] GC(152) PSYoungGen: 38528K(127488K)->0K(130048K) Eden: 0K(10752K)->0K(10752K) From: 38528K(116736K)->0K(119296K)
[10.814s][info][gc,heap        ] GC(152) ParOldGen: 1566357K(1604608K)->1603090K(1774080K)
[10.814s][info][gc,metaspace   ] GC(152) Metaspace: 6302K(6528K)->6302K(6528K) NonClass: 5769K(5888K)->5769K(5888K) Class: 533K(640K)->533K(640K)
[10.814s][info][gc             ] GC(152) Pause Full (Ergonomics) 1567M->1565M(1859M) 542.168ms
[10.814s][info][gc,cpu         ] GC(152) User=3.73s Sys=0.03s Real=0.54s
[10.825s][info][gc,start       ] GC(153) Pause Young (Allocation Failure)
[10.848s][info][gc,heap        ] GC(153) PSYoungGen: 10752K(130048K)->10880K(130048K) Eden: 10752K(10752K)->0K(10752K) From: 0K(119296K)->10880K(119296K)
[10.848s][info][gc,heap        ] GC(153) ParOldGen: 1603090K(1774080K)->1603090K(1774080K)
[10.848s][info][gc,metaspace   ] GC(153) Metaspace: 6302K(6528K)->6302K(6528K) NonClass: 5769K(5888K)->5769K(5888K) Class: 533K(640K)->533K(640K)
[10.848s][info][gc             ] GC(153) Pause Young (Allocation Failure) 1576M->1576M(1859M) 22.928ms
[10.848s][info][gc,cpu         ] GC(153) User=0.02s Sys=0.00s Real=0.02s
[10.860s][info][gc,start       ] GC(154) Pause Young (Allocation Failure)
[10.880s][info][gc,heap        ] GC(154) PSYoungGen: 21632K(130048K)->21600K(132096K) Eden: 10752K(10752K)->0K(10752K) From: 10880K(119296K)->21600K(121344K)
[10.880s][info][gc,heap        ] GC(154) ParOldGen: 1603090K(1774080K)->1603090K(1774080K)
[10.881s][info][gc,metaspace   ] GC(154) Metaspace: 6302K(6528K)->6302K(6528K) NonClass: 5769K(5888K)->5769K(5888K) Class: 533K(640K)->533K(640K)
[10.881s][info][gc             ] GC(154) Pause Young (Allocation Failure) 1586M->1586M(1861M) 20.535ms
[10.881s][info][gc,cpu         ] GC(154) User=0.03s Sys=0.00s Real=0.02s
[10.891s][info][gc,start       ] GC(155) Pause Young (Allocation Failure)
[10.914s][info][gc,heap        ] GC(155) PSYoungGen: 32352K(132096K)->21600K(128000K) Eden: 10752K(10752K)->0K(12288K) From: 21600K(121344K)->21600K(115712K)
[10.914s][info][gc,heap        ] GC(155) ParOldGen: 1603090K(1774080K)->1613994K(1774080K)
[10.914s][info][gc,metaspace   ] GC(155) Metaspace: 6302K(6528K)->6302K(6528K) NonClass: 5769K(5888K)->5769K(5888K) Class: 533K(640K)->533K(640K)
[10.914s][info][gc             ] GC(155) Pause Young (Allocation Failure) 1597M->1597M(1857M) 23.054ms
[10.914s][info][gc,cpu         ] GC(155) User=0.02s Sys=0.00s Real=0.02s
[10.926s][info][gc,start       ] GC(156) Pause Young (Allocation Failure)
[10.952s][info][gc,heap        ] GC(156) PSYoungGen: 33888K(128000K)->12416K(130048K) Eden: 12288K(12288K)->0K(12288K) From: 21600K(115712K)->12416K(117760K)
[10.952s][info][gc,heap        ] GC(156) ParOldGen: 1613994K(1774080K)->1635762K(1774080K)
[10.952s][info][gc,metaspace   ] GC(156) Metaspace: 6302K(6528K)->6302K(6528K) NonClass: 5769K(5888K)->5769K(5888K) Class: 533K(640K)->533K(640K)
[10.952s][info][gc             ] GC(156) Pause Young (Allocation Failure) 1609M->1609M(1859M) 26.338ms
[10.952s][info][gc,cpu         ] GC(156) User=0.05s Sys=0.00s Real=0.03s
[10.964s][info][gc,start       ] GC(157) Pause Young (Allocation Failure)
[10.986s][info][gc,heap        ] GC(157) PSYoungGen: 24704K(130048K)->12384K(128000K) Eden: 12288K(12288K)->0K(14336K) From: 12416K(117760K)->12384K(113664K)
[10.986s][info][gc,heap        ] GC(157) ParOldGen: 1635762K(1774080K)->1648210K(1774080K)
[10.986s][info][gc,metaspace   ] GC(157) Metaspace: 6302K(6528K)->6302K(6528K) NonClass: 5769K(5888K)->5769K(5888K) Class: 533K(640K)->533K(640K)
[10.986s][info][gc             ] GC(157) Pause Young (Allocation Failure) 1621M->1621M(1857M) 21.821ms
[10.986s][info][gc,cpu         ] GC(157) User=0.02s Sys=0.00s Real=0.02s
[11.000s][info][gc,start       ] GC(158) Pause Young (Allocation Failure)
[11.024s][info][gc,heap        ] GC(158) PSYoungGen: 26720K(128000K)->14464K(29184K) Eden: 14336K(14336K)->0K(14336K) From: 12384K(113664K)->14464K(14848K)
[11.024s][info][gc,heap        ] GC(158) ParOldGen: 1648210K(1774080K)->1660666K(1774080K)
[11.024s][info][gc,metaspace   ] GC(158) Metaspace: 6302K(6528K)->6302K(6528K) NonClass: 5769K(5888K)->5769K(5888K) Class: 533K(640K)->533K(640K)
[11.024s][info][gc             ] GC(158) Pause Young (Allocation Failure) 1635M->1635M(1761M) 24.257ms
[11.024s][info][gc,cpu         ] GC(158) User=0.05s Sys=0.00s Real=0.02s
[11.038s][info][gc,start       ] GC(159) Pause Young (Allocation Failure)
[11.061s][info][gc,heap        ] GC(159) PSYoungGen: 28800K(29184K)->14464K(121344K) Eden: 14336K(14336K)->0K(16384K) From: 14464K(14848K)->14464K(104960K)
[11.061s][info][gc,heap        ] GC(159) ParOldGen: 1660666K(1774080K)->1675202K(1774080K)
[11.061s][info][gc,metaspace   ] GC(159) Metaspace: 6302K(6528K)->6302K(6528K) NonClass: 5769K(5888K)->5769K(5888K) Class: 533K(640K)->533K(640K)
[11.062s][info][gc             ] GC(159) Pause Young (Allocation Failure) 1649M->1650M(1851M) 23.764ms
[11.062s][info][gc,cpu         ] GC(159) User=0.05s Sys=0.00s Real=0.02s
[11.078s][info][gc,start       ] GC(160) Pause Young (Allocation Failure)
[11.110s][info][gc,heap        ] GC(160) PSYoungGen: 30848K(121344K)->16512K(33280K) Eden: 16384K(16384K)->0K(16384K) From: 14464K(104960K)->16512K(16896K)
[11.110s][info][gc,heap        ] GC(160) ParOldGen: 1675202K(1774080K)->1689754K(1774080K)
[11.110s][info][gc,metaspace   ] GC(160) Metaspace: 6302K(6528K)->6302K(6528K) NonClass: 5769K(5888K)->5769K(5888K) Class: 533K(640K)->533K(640K)
[11.110s][info][gc             ] GC(160) Pause Young (Allocation Failure) 1666M->1666M(1765M) 31.560ms
[11.110s][info][gc,cpu         ] GC(160) User=0.03s Sys=0.00s Real=0.03s
[11.126s][info][gc,start       ] GC(161) Pause Young (Allocation Failure)
[11.154s][info][gc,heap        ] GC(161) PSYoungGen: 32896K(33280K)->16512K(114688K) Eden: 16384K(16384K)->0K(18944K) From: 16512K(16896K)->16512K(95744K)
[11.154s][info][gc,heap        ] GC(161) ParOldGen: 1689754K(1774080K)->1706394K(1774080K)
[11.154s][info][gc,metaspace   ] GC(161) Metaspace: 6302K(6528K)->6302K(6528K) NonClass: 5769K(5888K)->5769K(5888K) Class: 533K(640K)->533K(640K)
[11.154s][info][gc             ] GC(161) Pause Young (Allocation Failure) 1682M->1682M(1844M) 27.603ms
[11.154s][info][gc,cpu         ] GC(161) User=0.02s Sys=0.02s Real=0.03s
[11.176s][info][gc,start       ] GC(162) Pause Young (Allocation Failure)
[11.204s][info][gc,heap        ] GC(162) PSYoungGen: 35456K(114688K)->19072K(38400K) Eden: 18944K(18944K)->0K(18944K) From: 16512K(95744K)->19072K(19456K)
[11.204s][info][gc,heap        ] GC(162) ParOldGen: 1706394K(1774080K)->1723010K(1774080K)
[11.204s][info][gc,metaspace   ] GC(162) Metaspace: 6302K(6528K)->6302K(6528K) NonClass: 5769K(5888K)->5769K(5888K) Class: 533K(640K)->533K(640K)
[11.204s][info][gc             ] GC(162) Pause Young (Allocation Failure) 1701M->1701M(1770M) 28.403ms
[11.204s][info][gc,cpu         ] GC(162) User=0.03s Sys=0.00s Real=0.03s
[11.224s][info][gc,start       ] GC(163) Pause Young (Allocation Failure)
[11.253s][info][gc,heap        ] GC(163) PSYoungGen: 38016K(38400K)->19136K(109056K) Eden: 18944K(18944K)->0K(21504K) From: 19072K(19456K)->19136K(87552K)
[11.253s][info][gc,heap        ] GC(163) ParOldGen: 1723010K(1774080K)->1742210K(1774080K)
[11.253s][info][gc,metaspace   ] GC(163) Metaspace: 6302K(6528K)->6302K(6528K) NonClass: 5769K(5888K)->5769K(5888K) Class: 533K(640K)->533K(640K)
[11.253s][info][gc             ] GC(163) Pause Young (Allocation Failure) 1719M->1720M(1839M) 28.529ms
[11.253s][info][gc,cpu         ] GC(163) User=0.05s Sys=0.00s Real=0.03s
[11.253s][info][gc,start       ] GC(164) Pause Full (Ergonomics)
[11.253s][info][gc,phases,start] GC(164) Marking Phase
[11.646s][info][gc,phases      ] GC(164) Marking Phase 392.718ms
[11.646s][info][gc,phases,start] GC(164) Summary Phase
[11.646s][info][gc,phases      ] GC(164) Summary Phase 0.046ms
[11.646s][info][gc,phases,start] GC(164) Adjust Roots
[11.646s][info][gc,phases      ] GC(164) Adjust Roots 0.174ms
[11.646s][info][gc,phases,start] GC(164) Compaction Phase
[11.807s][info][gc,phases      ] GC(164) Compaction Phase 161.129ms
[11.807s][info][gc,phases,start] GC(164) Post Compact
[11.810s][info][gc,phases      ] GC(164) Post Compact 3.297ms
[11.811s][info][gc,heap        ] GC(164) PSYoungGen: 19136K(109056K)->0K(113152K) Eden: 0K(21504K)->0K(21504K) From: 19136K(87552K)->0K(91648K)
[11.811s][info][gc,heap        ] GC(164) ParOldGen: 1742210K(1774080K)->1758889K(1927168K)
[11.811s][info][gc,metaspace   ] GC(164) Metaspace: 6302K(6528K)->6302K(6528K) NonClass: 5769K(5888K)->5769K(5888K) Class: 533K(640K)->533K(640K)
[11.811s][info][gc             ] GC(164) Pause Full (Ergonomics) 1720M->1717M(1992M) 558.560ms
[11.811s][info][gc,cpu         ] GC(164) User=4.06s Sys=0.03s Real=0.56s
[11.835s][info][gc,start       ] GC(165) Pause Young (Allocation Failure)
[11.861s][info][gc,heap        ] GC(165) PSYoungGen: 21504K(113152K)->21664K(104960K) Eden: 21504K(21504K)->0K(24064K) From: 0K(91648K)->21664K(80896K)
[11.861s][info][gc,heap        ] GC(165) ParOldGen: 1758889K(1927168K)->1758889K(1927168K)
[11.861s][info][gc,metaspace   ] GC(165) Metaspace: 6302K(6528K)->6302K(6528K) NonClass: 5769K(5888K)->5769K(5888K) Class: 533K(640K)->533K(640K)
[11.861s][info][gc             ] GC(165) Pause Young (Allocation Failure) 1738M->1738M(1984M) 26.419ms
[11.861s][info][gc,cpu         ] GC(165) User=0.05s Sys=0.00s Real=0.03s
[11.887s][info][gc,start       ] GC(166) Pause Young (Allocation Failure)
[11.917s][info][gc,heap        ] GC(166) PSYoungGen: 45728K(104960K)->45760K(110592K) Eden: 24064K(24064K)->0K(24064K) From: 21664K(80896K)->45760K(86528K)
[11.917s][info][gc,heap        ] GC(166) ParOldGen: 1758889K(1927168K)->1758889K(1927168K)
[11.917s][info][gc,metaspace   ] GC(166) Metaspace: 6302K(6528K)->6302K(6528K) NonClass: 5769K(5888K)->5769K(5888K) Class: 533K(640K)->533K(640K)
[11.917s][info][gc             ] GC(166) Pause Young (Allocation Failure) 1762M->1762M(1990M) 29.920ms
[11.917s][info][gc,cpu         ] GC(166) User=0.03s Sys=0.00s Real=0.03s
[11.941s][info][gc,start       ] GC(167) Pause Young (Allocation Failure)
[11.979s][info][gc,heap        ] GC(167) PSYoungGen: 69824K(110592K)->69792K(104448K) Eden: 24064K(24064K)->0K(17408K) From: 45760K(86528K)->69792K(87040K)
[11.979s][info][gc,heap        ] GC(167) ParOldGen: 1758889K(1927168K)->1758889K(1927168K)
[11.979s][info][gc,metaspace   ] GC(167) Metaspace: 6302K(6528K)->6302K(6528K) NonClass: 5769K(5888K)->5769K(5888K) Class: 533K(640K)->533K(640K)
[11.979s][info][gc             ] GC(167) Pause Young (Allocation Failure) 1785M->1785M(1984M) 37.734ms
[11.979s][info][gc,cpu         ] GC(167) User=0.16s Sys=0.00s Real=0.04s
[11.995s][info][gc,start       ] GC(168) Pause Young (Allocation Failure)
[12.038s][info][gc,heap        ] GC(168) PSYoungGen: 87200K(104448K)->65696K(113664K) Eden: 17408K(17408K)->0K(17408K) From: 69792K(87040K)->65696K(96256K)
[12.038s][info][gc,heap        ] GC(168) ParOldGen: 1758889K(1927168K)->1780689K(1927168K)
[12.038s][info][gc,metaspace   ] GC(168) Metaspace: 6302K(6528K)->6302K(6528K) NonClass: 5769K(5888K)->5769K(5888K) Class: 533K(640K)->533K(640K)
[12.038s][info][gc             ] GC(168) Pause Young (Allocation Failure) 1802M->1803M(1993M) 42.807ms
[12.038s][info][gc,cpu         ] GC(168) User=0.23s Sys=0.02s Real=0.04s
[12.057s][info][gc,start       ] GC(169) Pause Young (Allocation Failure)
[12.098s][info][gc,heap        ] GC(169) PSYoungGen: 83104K(113664K)->59072K(119296K) Eden: 17408K(17408K)->0K(17920K) From: 65696K(96256K)->59072K(101376K)
[12.098s][info][gc,heap        ] GC(169) ParOldGen: 1780689K(1927168K)->1805089K(1927168K)
[12.098s][info][gc,metaspace   ] GC(169) Metaspace: 6302K(6528K)->6302K(6528K) NonClass: 5769K(5888K)->5769K(5888K) Class: 533K(640K)->533K(640K)
[12.098s][info][gc             ] GC(169) Pause Young (Allocation Failure) 1820M->1820M(1998M) 41.311ms
[12.098s][info][gc,cpu         ] GC(169) User=0.25s Sys=0.00s Real=0.04s
[12.118s][info][gc,start       ] GC(170) Pause Young (Allocation Failure)
[12.158s][info][gc,heap        ] GC(170) PSYoungGen: 76992K(119296K)->35456K(53760K) Eden: 17920K(17920K)->0K(17920K) From: 59072K(101376K)->35456K(35840K)
[12.158s][info][gc,heap        ] GC(170) ParOldGen: 1805089K(1927168K)->1847081K(1927168K)
[12.158s][info][gc,metaspace   ] GC(170) Metaspace: 6302K(6528K)->6302K(6528K) NonClass: 5769K(5888K)->5769K(5888K) Class: 533K(640K)->533K(640K)
[12.158s][info][gc             ] GC(170) Pause Young (Allocation Failure) 1837M->1838M(1934M) 39.878ms
[12.158s][info][gc,cpu         ] GC(170) User=0.23s Sys=0.02s Real=0.04s
[12.178s][info][gc,start       ] GC(171) Pause Young (Allocation Failure)
[12.212s][info][gc,heap        ] GC(171) PSYoungGen: 53376K(53760K)->18080K(113664K) Eden: 17920K(17920K)->0K(20480K) From: 35456K(35840K)->18080K(93184K)
[12.212s][info][gc,heap        ] GC(171) ParOldGen: 1847081K(1927168K)->1882881K(1927168K)
[12.212s][info][gc,metaspace   ] GC(171) Metaspace: 6302K(6528K)->6302K(6528K) NonClass: 5769K(5888K)->5769K(5888K) Class: 533K(640K)->533K(640K)
[12.212s][info][gc             ] GC(171) Pause Young (Allocation Failure) 1855M->1856M(1993M) 33.859ms
[12.212s][info][gc,cpu         ] GC(171) User=0.14s Sys=0.03s Real=0.03s
[12.212s][info][gc,start       ] GC(172) Pause Full (Ergonomics)
[12.212s][info][gc,phases,start] GC(172) Marking Phase
[12.634s][info][gc,phases      ] GC(172) Marking Phase 422.096ms
[12.634s][info][gc,phases,start] GC(172) Summary Phase
[12.634s][info][gc,phases      ] GC(172) Summary Phase 0.049ms
[12.634s][info][gc,phases,start] GC(172) Adjust Roots
[12.635s][info][gc,phases      ] GC(172) Adjust Roots 0.193ms
[12.635s][info][gc,phases,start] GC(172) Compaction Phase
[12.792s][info][gc,phases      ] GC(172) Compaction Phase 157.354ms
[12.792s][info][gc,phases,start] GC(172) Post Compact
[12.795s][info][gc,phases      ] GC(172) Post Compact 3.348ms
[12.796s][info][gc,heap        ] GC(172) PSYoungGen: 18080K(113664K)->0K(115712K) Eden: 0K(20480K)->0K(20480K) From: 18080K(93184K)->0K(95232K)
[12.796s][info][gc,heap        ] GC(172) ParOldGen: 1882881K(1927168K)->1898962K(2097664K)
[12.796s][info][gc,metaspace   ] GC(172) Metaspace: 6302K(6528K)->6302K(6528K) NonClass: 5769K(5888K)->5769K(5888K) Class: 533K(640K)->533K(640K)
[12.796s][info][gc             ] GC(172) Pause Full (Ergonomics) 1856M->1854M(2161M) 584.105ms
[12.796s][info][gc,cpu         ] GC(172) User=4.12s Sys=0.02s Real=0.58s
[12.822s][info][gc,start       ] GC(173) Pause Young (Allocation Failure)
[12.845s][info][gc,heap        ] GC(173) PSYoungGen: 20480K(115712K)->20608K(111104K) Eden: 20480K(20480K)->0K(22528K) From: 0K(95232K)->20608K(88576K)
[12.845s][info][gc,heap        ] GC(173) ParOldGen: 1898962K(2097664K)->1898962K(2097664K)
[12.845s][info][gc,metaspace   ] GC(173) Metaspace: 6302K(6528K)->6302K(6528K) NonClass: 5769K(5888K)->5769K(5888K) Class: 533K(640K)->533K(640K)
[12.845s][info][gc             ] GC(173) Pause Young (Allocation Failure) 1874M->1874M(2157M) 22.753ms
[12.845s][info][gc,cpu         ] GC(173) User=0.02s Sys=0.00s Real=0.02s
[12.869s][info][gc,start       ] GC(174) Pause Young (Allocation Failure)
[12.898s][info][gc,heap        ] GC(174) PSYoungGen: 43136K(111104K)->43168K(114688K) Eden: 22528K(22528K)->0K(22528K) From: 20608K(88576K)->43168K(92160K)
[12.898s][info][gc,heap        ] GC(174) ParOldGen: 1898962K(2097664K)->1898962K(2097664K)
[12.898s][info][gc,metaspace   ] GC(174) Metaspace: 6302K(6528K)->6302K(6528K) NonClass: 5769K(5888K)->5769K(5888K) Class: 533K(640K)->533K(640K)
[12.898s][info][gc             ] GC(174) Pause Young (Allocation Failure) 1896M->1896M(2160M) 29.163ms
[12.898s][info][gc,cpu         ] GC(174) User=0.05s Sys=0.00s Real=0.03s
[12.923s][info][gc,start       ] GC(175) Pause Young (Allocation Failure)
[12.959s][info][gc,heap        ] GC(175) PSYoungGen: 65696K(114688K)->65696K(109056K) Eden: 22528K(22528K)->0K(19456K) From: 43168K(92160K)->65696K(89600K)
[12.960s][info][gc,heap        ] GC(175) ParOldGen: 1898962K(2097664K)->1898962K(2097664K)
[12.960s][info][gc,metaspace   ] GC(175) Metaspace: 6302K(6528K)->6302K(6528K) NonClass: 5769K(5888K)->5769K(5888K) Class: 533K(640K)->533K(640K)
[12.960s][info][gc             ] GC(175) Pause Young (Allocation Failure) 1918M->1918M(2155M) 36.448ms
[12.960s][info][gc,cpu         ] GC(175) User=0.16s Sys=0.00s Real=0.04s
[12.981s][info][gc,start       ] GC(176) Pause Young (Allocation Failure)
[13.024s][info][gc,heap        ] GC(176) PSYoungGen: 85152K(109056K)->64704K(114688K) Eden: 19456K(19456K)->0K(19456K) From: 65696K(89600K)->64704K(95232K)
[13.024s][info][gc,heap        ] GC(176) ParOldGen: 1898962K(2097664K)->1919722K(2097664K)
[13.024s][info][gc,metaspace   ] GC(176) Metaspace: 6302K(6528K)->6302K(6528K) NonClass: 5769K(5888K)->5769K(5888K) Class: 533K(640K)->533K(640K)
[13.024s][info][gc             ] GC(176) Pause Young (Allocation Failure) 1937M->1937M(2160M) 43.001ms
[13.024s][info][gc,cpu         ] GC(176) User=0.25s Sys=0.02s Real=0.04s
[13.047s][info][gc,start       ] GC(177) Pause Young (Allocation Failure)
[13.090s][info][gc,heap        ] GC(177) PSYoungGen: 84160K(114688K)->61600K(119296K) Eden: 19456K(19456K)->0K(20480K) From: 64704K(95232K)->61600K(98816K)
[13.090s][info][gc,heap        ] GC(177) ParOldGen: 1919722K(2097664K)->1942554K(2097664K)
[13.090s][info][gc,metaspace   ] GC(177) Metaspace: 6302K(6528K)->6302K(6528K) NonClass: 5769K(5888K)->5769K(5888K) Class: 533K(640K)->533K(640K)
[13.090s][info][gc             ] GC(177) Pause Young (Allocation Failure) 1956M->1957M(2165M) 43.418ms
[13.090s][info][gc,cpu         ] GC(177) User=0.19s Sys=0.08s Real=0.04s
[13.115s][info][gc,start       ] GC(178) Pause Young (Allocation Failure)
[13.158s][info][gc,heap        ] GC(178) PSYoungGen: 82080K(119296K)->59552K(120832K) Eden: 20480K(20480K)->0K(20480K) From: 61600K(98816K)->59552K(100352K)
[13.158s][info][gc,heap        ] GC(178) ParOldGen: 1942554K(2097664K)->1965386K(2097664K)
[13.158s][info][gc,metaspace   ] GC(178) Metaspace: 6302K(6528K)->6302K(6528K) NonClass: 5769K(5888K)->5769K(5888K) Class: 533K(640K)->533K(640K)
[13.158s][info][gc             ] GC(178) Pause Young (Allocation Failure) 1977M->1977M(2166M) 42.971ms
[13.158s][info][gc,cpu         ] GC(178) User=0.27s Sys=0.00s Real=0.04s
[13.184s][info][gc,start       ] GC(179) Pause Young (Allocation Failure)
[13.227s][info][gc,heap        ] GC(179) PSYoungGen: 80032K(120832K)->60608K(123904K) Eden: 20480K(20480K)->0K(23040K) From: 59552K(100352K)->60608K(100864K)
[13.227s][info][gc,heap        ] GC(179) ParOldGen: 1965386K(2097664K)->1985114K(2097664K)
[13.227s][info][gc,metaspace   ] GC(179) Metaspace: 6302K(6528K)->6302K(6528K) NonClass: 5769K(5888K)->5769K(5888K) Class: 533K(640K)->533K(640K)
[13.227s][info][gc             ] GC(179) Pause Young (Allocation Failure) 1997M->1997M(2169M) 42.813ms
[13.227s][info][gc,cpu         ] GC(179) User=0.22s Sys=0.03s Real=0.04s
[13.252s][info][gc,start       ] GC(180) Pause Young (Allocation Failure)
[13.296s][info][gc,heap        ] GC(180) PSYoungGen: 83648K(123904K)->64160K(123904K) Eden: 23040K(23040K)->0K(23040K) From: 60608K(100864K)->64160K(100864K)
[13.296s][info][gc,heap        ] GC(180) ParOldGen: 1985114K(2097664K)->2004842K(2097664K)
[13.296s][info][gc,metaspace   ] GC(180) Metaspace: 6302K(6528K)->6302K(6528K) NonClass: 5769K(5888K)->5769K(5888K) Class: 533K(640K)->533K(640K)
[13.296s][info][gc             ] GC(180) Pause Young (Allocation Failure) 2020M->2020M(2169M) 44.130ms
[13.296s][info][gc,cpu         ] GC(180) User=0.25s Sys=0.02s Real=0.04s
[13.322s][info][gc,start       ] GC(181) Pause Young (Allocation Failure)
[13.374s][info][gc,heap        ] GC(181) PSYoungGen: 87200K(123904K)->46240K(118784K) Eden: 23040K(23040K)->0K(26112K) From: 64160K(100864K)->46240K(92672K)
[13.374s][info][gc,heap        ] GC(181) ParOldGen: 2004842K(2097664K)->2046346K(2097664K)
[13.374s][info][gc,metaspace   ] GC(181) Metaspace: 6302K(6528K)->6302K(6528K) NonClass: 5769K(5888K)->5769K(5888K) Class: 533K(640K)->533K(640K)
[13.374s][info][gc             ] GC(181) Pause Young (Allocation Failure) 2043M->2043M(2164M) 52.325ms
[13.374s][info][gc,cpu         ] GC(181) User=0.17s Sys=0.00s Real=0.05s
[13.403s][info][gc,start       ] GC(182) Pause Young (Allocation Failure)
[13.443s][info][gc,heap        ] GC(182) PSYoungGen: 72352K(118784K)->26272K(123392K) Eden: 26112K(26112K)->0K(26112K) From: 46240K(92672K)->26272K(97280K)
[13.443s][info][gc,heap        ] GC(182) ParOldGen: 2046346K(2097664K)->2093010K(2097664K)
[13.443s][info][gc,metaspace   ] GC(182) Metaspace: 6302K(6528K)->6302K(6528K) NonClass: 5769K(5888K)->5769K(5888K) Class: 533K(640K)->533K(640K)
[13.443s][info][gc             ] GC(182) Pause Young (Allocation Failure) 2069M->2069M(2169M) 40.044ms
[13.443s][info][gc,cpu         ] GC(182) User=0.22s Sys=0.03s Real=0.04s
[13.443s][info][gc,start       ] GC(183) Pause Full (Ergonomics)
[13.443s][info][gc,phases,start] GC(183) Marking Phase
[13.914s][info][gc,phases      ] GC(183) Marking Phase 470.577ms
[13.914s][info][gc,phases,start] GC(183) Summary Phase
[13.914s][info][gc,phases      ] GC(183) Summary Phase 0.125ms
[13.914s][info][gc,phases,start] GC(183) Adjust Roots
[13.914s][info][gc,phases      ] GC(183) Adjust Roots 0.233ms
[13.914s][info][gc,phases,start] GC(183) Compaction Phase
[14.098s][info][gc,phases      ] GC(183) Compaction Phase 184.097ms
[14.098s][info][gc,phases,start] GC(183) Post Compact
[14.102s][info][gc,phases      ] GC(183) Post Compact 3.808ms
[14.103s][info][gc,heap        ] GC(183) PSYoungGen: 26272K(123392K)->18927K(123392K) Eden: 0K(26112K)->0K(26112K) From: 26272K(97280K)->18927K(97280K)
[14.103s][info][gc,heap        ] GC(183) ParOldGen: 2093010K(2097664K)->2097312K(2320896K)
[14.103s][info][gc,metaspace   ] GC(183) Metaspace: 6302K(6528K)->6302K(6528K) NonClass: 5769K(5888K)->5769K(5888K) Class: 533K(640K)->533K(640K)
[14.103s][info][gc             ] GC(183) Pause Full (Ergonomics) 2069M->2066M(2387M) 659.983ms
[14.103s][info][gc,cpu         ] GC(183) User=4.91s Sys=0.00s Real=0.66s
[14.135s][info][gc,start       ] GC(184) Pause Young (Allocation Failure)
[14.246s][info][gc,heap        ] GC(184) PSYoungGen: 45039K(123392K)->26272K(121344K) Eden: 26112K(26112K)->0K(29184K) From: 18927K(97280K)->26272K(92160K)
[14.246s][info][gc,heap        ] GC(184) ParOldGen: 2097312K(2320896K)->2116512K(2320896K)
[14.246s][info][gc,metaspace   ] GC(184) Metaspace: 6302K(6528K)->6302K(6528K) NonClass: 5769K(5888K)->5769K(5888K) Class: 533K(640K)->533K(640K)
[14.246s][info][gc             ] GC(184) Pause Young (Allocation Failure) 2092M->2092M(2385M) 111.309ms
[14.246s][info][gc,cpu         ] GC(184) User=0.66s Sys=0.00s Real=0.11s
[14.276s][info][gc,start       ] GC(185) Pause Young (Allocation Failure)
[14.312s][info][gc,heap        ] GC(185) PSYoungGen: 55456K(121344K)->29376K(123392K) Eden: 29184K(29184K)->0K(29184K) From: 26272K(92160K)->29376K(94208K)
[14.312s][info][gc,heap        ] GC(185) ParOldGen: 2116512K(2320896K)->2142992K(2320896K)
[14.312s][info][gc,metaspace   ] GC(185) Metaspace: 6302K(6528K)->6302K(6528K) NonClass: 5769K(5888K)->5769K(5888K) Class: 533K(640K)->533K(640K)
[14.312s][info][gc             ] GC(185) Pause Young (Allocation Failure) 2121M->2121M(2387M) 35.515ms
[14.312s][info][gc,cpu         ] GC(185) User=0.12s Sys=0.02s Real=0.04s
[14.347s][info][gc,start       ] GC(186) Pause Young (Allocation Failure)
[14.384s][info][gc,heap        ] GC(186) PSYoungGen: 58560K(123392K)->29376K(119296K) Eden: 29184K(29184K)->0K(32768K) From: 29376K(94208K)->29376K(86528K)
[14.384s][info][gc,heap        ] GC(186) ParOldGen: 2142992K(2320896K)->2172584K(2320896K)
[14.384s][info][gc,metaspace   ] GC(186) Metaspace: 6302K(6528K)->6302K(6528K) NonClass: 5769K(5888K)->5769K(5888K) Class: 533K(640K)->533K(640K)
[14.384s][info][gc             ] GC(186) Pause Young (Allocation Failure) 2149M->2150M(2383M) 37.271ms
[14.384s][info][gc,cpu         ] GC(186) User=0.14s Sys=0.03s Real=0.04s
[14.426s][info][gc,start       ] GC(187) Pause Young (Allocation Failure)
[14.465s][info][gc,heap        ] GC(187) PSYoungGen: 62144K(119296K)->32928K(121856K) Eden: 32768K(32768K)->0K(32768K) From: 29376K(86528K)->32928K(89088K)
[14.465s][info][gc,heap        ] GC(187) ParOldGen: 2172584K(2320896K)->2202176K(2320896K)
[14.465s][info][gc,metaspace   ] GC(187) Metaspace: 6302K(6528K)->6302K(6528K) NonClass: 5769K(5888K)->5769K(5888K) Class: 533K(640K)->533K(640K)
[14.465s][info][gc             ] GC(187) Pause Young (Allocation Failure) 2182M->2182M(2385M) 39.633ms
[14.465s][info][gc,cpu         ] GC(187) User=0.25s Sys=0.02s Real=0.04s
[14.505s][info][gc,start       ] GC(188) Pause Young (Allocation Failure)
[14.546s][info][gc,heap        ] GC(188) PSYoungGen: 65696K(121856K)->32960K(116224K) Eden: 32768K(32768K)->0K(36352K) From: 32928K(89088K)->32960K(79872K)
[14.546s][info][gc,heap        ] GC(188) ParOldGen: 2202176K(2320896K)->2235416K(2320896K)
[14.546s][info][gc,metaspace   ] GC(188) Metaspace: 6302K(6528K)->6302K(6528K) NonClass: 5769K(5888K)->5769K(5888K) Class: 533K(640K)->533K(640K)
[14.546s][info][gc             ] GC(188) Pause Young (Allocation Failure) 2214M->2215M(2380M) 40.844ms
[14.546s][info][gc,cpu         ] GC(188) User=0.23s Sys=0.03s Real=0.04s
[14.588s][info][gc,start       ] GC(189) Pause Young (Allocation Failure)
[14.630s][info][gc,heap        ] GC(189) PSYoungGen: 69312K(116224K)->36544K(119296K) Eden: 36352K(36352K)->0K(36352K) From: 32960K(79872K)->36544K(82944K)
[14.630s][info][gc,heap        ] GC(189) ParOldGen: 2235416K(2320896K)->2268552K(2320896K)
[14.630s][info][gc,metaspace   ] GC(189) Metaspace: 6302K(6528K)->6302K(6528K) NonClass: 5769K(5888K)->5769K(5888K) Class: 533K(640K)->533K(640K)
[14.630s][info][gc             ] GC(189) Pause Young (Allocation Failure) 2250M->2251M(2383M) 41.559ms
[14.630s][info][gc,cpu         ] GC(189) User=0.25s Sys=0.00s Real=0.04s
[14.671s][info][gc,start       ] GC(190) Pause Young (Allocation Failure)
[14.715s][info][gc,heap        ] GC(190) PSYoungGen: 72896K(119296K)->36512K(113152K) Eden: 36352K(36352K)->0K(40448K) From: 36544K(82944K)->36512K(72704K)
[14.715s][info][gc,heap        ] GC(190) ParOldGen: 2268552K(2320896K)->2305232K(2320896K)
[14.715s][info][gc,metaspace   ] GC(190) Metaspace: 6302K(6528K)->6302K(6528K) NonClass: 5769K(5888K)->5769K(5888K) Class: 533K(640K)->533K(640K)
[14.715s][info][gc             ] GC(190) Pause Young (Allocation Failure) 2286M->2286M(2377M) 44.808ms
[14.715s][info][gc,cpu         ] GC(190) User=0.22s Sys=0.03s Real=0.05s
[14.716s][info][gc,start       ] GC(191) Pause Full (Ergonomics)
[14.716s][info][gc,phases,start] GC(191) Marking Phase
[15.265s][info][gc,phases      ] GC(191) Marking Phase 549.687ms
[15.265s][info][gc,phases,start] GC(191) Summary Phase
[15.265s][info][gc,phases      ] GC(191) Summary Phase 0.046ms
[15.265s][info][gc,phases,start] GC(191) Adjust Roots
[15.266s][info][gc,phases      ] GC(191) Adjust Roots 0.232ms
[15.266s][info][gc,phases,start] GC(191) Compaction Phase
[15.476s][info][gc,phases      ] GC(191) Compaction Phase 210.227ms
[15.476s][info][gc,phases,start] GC(191) Post Compact
[15.480s][info][gc,phases      ] GC(191) Post Compact 4.255ms
[15.481s][info][gc,heap        ] GC(191) PSYoungGen: 36512K(113152K)->17923K(116224K) Eden: 0K(40448K)->0K(43520K) From: 36512K(72704K)->17923K(72704K)
[15.481s][info][gc,heap        ] GC(191) ParOldGen: 2305232K(2320896K)->2320815K(2561536K)
[15.481s][info][gc,metaspace   ] GC(191) Metaspace: 6302K(6528K)->6302K(6528K) NonClass: 5769K(5888K)->5769K(5888K) Class: 533K(640K)->533K(640K)
[15.481s][info][gc             ] GC(191) Pause Full (Ergonomics) 2286M->2283M(2615M) 765.648ms
[15.481s][info][gc,cpu         ] GC(191) User=5.69s Sys=0.02s Real=0.77s
[15.531s][info][gc,start       ] GC(192) Pause Young (Allocation Failure)
[15.666s][info][gc,heap        ] GC(192) PSYoungGen: 61443K(116224K)->43680K(119296K) Eden: 43520K(43520K)->0K(43520K) From: 17923K(72704K)->43680K(75776K)
[15.666s][info][gc,heap        ] GC(192) ParOldGen: 2320815K(2561536K)->2338935K(2561536K)
[15.666s][info][gc,metaspace   ] GC(192) Metaspace: 6302K(6528K)->6302K(6528K) NonClass: 5769K(5888K)->5769K(5888K) Class: 533K(640K)->533K(640K)
[15.666s][info][gc             ] GC(192) Pause Young (Allocation Failure) 2326M->2326M(2618M) 134.905ms
[15.666s][info][gc,cpu         ] GC(192) User=0.78s Sys=0.00s Real=0.13s
[15.718s][info][gc,start       ] GC(193) Pause Young (Allocation Failure)
[15.768s][info][gc,heap        ] GC(193) PSYoungGen: 87200K(119296K)->73728K(107008K) Eden: 43520K(43520K)->0K(33280K) From: 43680K(75776K)->73728K(73728K)
[15.768s][info][gc,heap        ] GC(193) ParOldGen: 2338935K(2561536K)->2352479K(2561536K)
[15.768s][info][gc,metaspace   ] GC(193) Metaspace: 6302K(6528K)->6302K(6528K) NonClass: 5769K(5888K)->5769K(5888K) Class: 533K(640K)->533K(640K)
[15.768s][info][gc             ] GC(193) Pause Young (Allocation Failure) 2369M->2369M(2606M) 49.950ms
[15.768s][info][gc,cpu         ] GC(193) User=0.28s Sys=0.00s Real=0.05s
[15.808s][info][gc,start       ] GC(194) Pause Young (Allocation Failure)
[15.866s][info][gc,heap        ] GC(194) PSYoungGen: 107008K(107008K)->33440K(121344K) Eden: 33280K(33280K)->0K(33280K) From: 73728K(73728K)->33440K(88064K)
[15.867s][info][gc,heap        ] GC(194) ParOldGen: 2352479K(2561536K)->2426751K(2561536K)
[15.867s][info][gc,metaspace   ] GC(194) Metaspace: 6302K(6528K)->6302K(6528K) NonClass: 5769K(5888K)->5769K(5888K) Class: 533K(640K)->533K(640K)
[15.867s][info][gc             ] GC(194) Pause Young (Allocation Failure) 2401M->2402M(2620M) 58.657ms
[15.867s][info][gc,cpu         ] GC(194) User=0.33s Sys=0.05s Real=0.06s
[15.908s][info][gc,start       ] GC(195) Pause Young (Allocation Failure)
[15.950s][info][gc,heap        ] GC(195) PSYoungGen: 66720K(121344K)->66720K(117760K) Eden: 33280K(33280K)->0K(32256K) From: 33440K(88064K)->66720K(85504K)
[15.950s][info][gc,heap        ] GC(195) ParOldGen: 2426751K(2561536K)->2426751K(2561536K)
[15.950s][info][gc,metaspace   ] GC(195) Metaspace: 6302K(6528K)->6302K(6528K) NonClass: 5769K(5888K)->5769K(5888K) Class: 533K(640K)->533K(640K)
[15.950s][info][gc             ] GC(195) Pause Young (Allocation Failure) 2435M->2435M(2616M) 42.144ms
[15.950s][info][gc,cpu         ] GC(195) User=0.17s Sys=0.00s Real=0.04s
[15.986s][info][gc,start       ] GC(196) Pause Young (Allocation Failure)
[16.039s][info][gc,heap        ] GC(196) PSYoungGen: 98976K(117760K)->90112K(122368K) Eden: 32256K(32256K)->0K(32256K) From: 66720K(85504K)->90112K(90112K)
[16.039s][info][gc,heap        ] GC(196) ParOldGen: 2426751K(2561536K)->2435647K(2561536K)
[16.039s][info][gc,metaspace   ] GC(196) Metaspace: 6302K(6528K)->6302K(6528K) NonClass: 5769K(5888K)->5769K(5888K) Class: 533K(640K)->533K(640K)
[16.039s][info][gc             ] GC(196) Pause Young (Allocation Failure) 2466M->2466M(2621M) 52.622ms
[16.039s][info][gc,cpu         ] GC(196) User=0.28s Sys=0.00s Real=0.05s
[16.077s][info][gc,start       ] GC(197) Pause Young (Allocation Failure)
[16.143s][info][gc,heap        ] GC(197) PSYoungGen: 122368K(122368K)->61696K(138240K) Eden: 32256K(32256K)->0K(35840K) From: 90112K(90112K)->61696K(102400K)
[16.143s][info][gc,heap        ] GC(197) ParOldGen: 2435647K(2561536K)->2496927K(2561536K)
[16.143s][info][gc,metaspace   ] GC(197) Metaspace: 6302K(6528K)->6302K(6528K) NonClass: 5769K(5888K)->5769K(5888K) Class: 533K(640K)->533K(640K)
[16.143s][info][gc             ] GC(197) Pause Young (Allocation Failure) 2498M->2498M(2636M) 66.213ms
[16.143s][info][gc,cpu         ] GC(197) User=0.36s Sys=0.03s Real=0.07s
[16.143s][info][gc,start       ] GC(198) Pause Full (Ergonomics)
[16.143s][info][gc,phases,start] GC(198) Marking Phase
[16.729s][info][gc,phases      ] GC(198) Marking Phase 585.601ms
[16.729s][info][gc,phases,start] GC(198) Summary Phase
[16.729s][info][gc,phases      ] GC(198) Summary Phase 0.057ms
[16.729s][info][gc,phases,start] GC(198) Adjust Roots
[16.729s][info][gc,phases      ] GC(198) Adjust Roots 0.162ms
[16.729s][info][gc,phases,start] GC(198) Compaction Phase
[16.945s][info][gc,phases      ] GC(198) Compaction Phase 215.837ms
[16.945s][info][gc,phases,start] GC(198) Post Compact
[16.950s][info][gc,phases      ] GC(198) Post Compact 4.820ms
[16.951s][info][gc,heap        ] GC(198) PSYoungGen: 61696K(138240K)->0K(139776K) Eden: 0K(35840K)->0K(35840K) From: 61696K(102400K)->0K(103936K)
[16.951s][info][gc,heap        ] GC(198) ParOldGen: 2496927K(2561536K)->2556663K(2837504K)
[16.951s][info][gc,metaspace   ] GC(198) Metaspace: 6302K(6528K)->6302K(6528K) NonClass: 5769K(5888K)->5769K(5888K) Class: 533K(640K)->533K(640K)
[16.951s][info][gc             ] GC(198) Pause Full (Ergonomics) 2498M->2496M(2907M) 807.764ms
[16.951s][info][gc,cpu         ] GC(198) User=5.94s Sys=0.03s Real=0.81s
[16.995s][info][gc,start       ] GC(199) Pause Young (Allocation Failure)
[17.025s][info][gc,heap        ] GC(199) PSYoungGen: 35840K(139776K)->35968K(137728K) Eden: 35840K(35840K)->0K(39424K) From: 0K(103936K)->35968K(98304K)
[17.025s][info][gc,heap        ] GC(199) ParOldGen: 2556663K(2837504K)->2556663K(2837504K)
[17.025s][info][gc,metaspace   ] GC(199) Metaspace: 6302K(6528K)->6302K(6528K) NonClass: 5769K(5888K)->5769K(5888K) Class: 533K(640K)->533K(640K)
[17.025s][info][gc             ] GC(199) Pause Young (Allocation Failure) 2531M->2531M(2905M) 30.489ms
[17.025s][info][gc,cpu         ] GC(199) User=0.12s Sys=0.00s Real=0.03s
[17.073s][info][gc,start       ] GC(200) Pause Young (Allocation Failure)
[17.115s][info][gc,heap        ] GC(200) PSYoungGen: 75392K(137728K)->75488K(140800K) Eden: 39424K(39424K)->0K(39424K) From: 35968K(98304K)->75488K(101376K)
[17.116s][info][gc,heap        ] GC(200) ParOldGen: 2556663K(2837504K)->2556663K(2837504K)
[17.116s][info][gc,metaspace   ] GC(200) Metaspace: 6302K(6528K)->6302K(6528K) NonClass: 5769K(5888K)->5769K(5888K) Class: 533K(640K)->533K(640K)
[17.116s][info][gc             ] GC(200) Pause Young (Allocation Failure) 2570M->2570M(2908M) 42.776ms
[17.116s][info][gc,cpu         ] GC(200) User=0.23s Sys=0.00s Real=0.04s
[17.163s][info][gc,start       ] GC(201) Pause Young (Allocation Failure)
[17.224s][info][gc,heap        ] GC(201) PSYoungGen: 114912K(140800K)->105472K(131072K) Eden: 39424K(39424K)->0K(25600K) From: 75488K(101376K)->105472K(105472K)
[17.224s][info][gc,heap        ] GC(201) ParOldGen: 2556663K(2837504K)->2566103K(2837504K)
[17.224s][info][gc,metaspace   ] GC(201) Metaspace: 6302K(6528K)->6302K(6528K) NonClass: 5769K(5888K)->5769K(5888K) Class: 533K(640K)->533K(640K)
[17.224s][info][gc             ] GC(201) Pause Young (Allocation Failure) 2608M->2608M(2899M) 60.460ms
[17.224s][info][gc,cpu         ] GC(201) User=0.47s Sys=0.03s Real=0.06s
[17.256s][info][gc,start       ] GC(202) Pause Young (Allocation Failure)
[17.321s][info][gc,heap        ] GC(202) PSYoungGen: 131072K(131072K)->98592K(148992K) Eden: 25600K(25600K)->0K(25600K) From: 105472K(105472K)->98592K(123392K)
[17.321s][info][gc,heap        ] GC(202) ParOldGen: 2566103K(2837504K)->2598967K(2837504K)
[17.321s][info][gc,metaspace   ] GC(202) Metaspace: 6302K(6528K)->6302K(6528K) NonClass: 5769K(5888K)->5769K(5888K) Class: 533K(640K)->533K(640K)
[17.321s][info][gc             ] GC(202) Pause Young (Allocation Failure) 2633M->2634M(2916M) 65.049ms
[17.321s][info][gc,cpu         ] GC(202) User=0.38s Sys=0.02s Real=0.07s
[17.350s][info][gc,start       ] GC(203) Pause Young (Allocation Failure)
[17.411s][info][gc,heap        ] GC(203) PSYoungGen: 124192K(148992K)->88096K(157696K) Eden: 25600K(25600K)->0K(26112K) From: 98592K(123392K)->88096K(131584K)
[17.411s][info][gc,heap        ] GC(203) ParOldGen: 2598967K(2837504K)->2635383K(2837504K)
[17.412s][info][gc,metaspace   ] GC(203) Metaspace: 6302K(6528K)->6302K(6528K) NonClass: 5769K(5888K)->5769K(5888K) Class: 533K(640K)->533K(640K)
[17.412s][info][gc             ] GC(203) Pause Young (Allocation Failure) 2659M->2659M(2925M) 61.167ms
[17.412s][info][gc,cpu         ] GC(203) User=0.47s Sys=0.03s Real=0.06s
[17.442s][info][gc,start       ] GC(204) Pause Young (Allocation Failure)
[17.500s][info][gc,heap        ] GC(204) PSYoungGen: 114208K(157696K)->77504K(160256K) Eden: 26112K(26112K)->0K(26112K) From: 88096K(131584K)->77504K(134144K)
[17.500s][info][gc,heap        ] GC(204) ParOldGen: 2635383K(2837504K)->2672415K(2837504K)
[17.500s][info][gc,metaspace   ] GC(204) Metaspace: 6302K(6528K)->6302K(6528K) NonClass: 5769K(5888K)->5769K(5888K) Class: 533K(640K)->533K(640K)
[17.500s][info][gc             ] GC(204) Pause Young (Allocation Failure) 2685M->2685M(2927M) 57.870ms
[17.500s][info][gc,cpu         ] GC(204) User=0.38s Sys=0.02s Real=0.06s
[17.529s][info][gc,start       ] GC(205) Pause Young (Allocation Failure)
[17.583s][info][gc,heap        ] GC(205) PSYoungGen: 103616K(160256K)->78016K(156160K) Eden: 26112K(26112K)->0K(29696K) From: 77504K(134144K)->78016K(126464K)
[17.583s][info][gc,heap        ] GC(205) ParOldGen: 2672415K(2837504K)->2698247K(2837504K)
[17.583s][info][gc,metaspace   ] GC(205) Metaspace: 6302K(6528K)->6302K(6528K) NonClass: 5769K(5888K)->5769K(5888K) Class: 533K(640K)->533K(640K)
[17.583s][info][gc             ] GC(205) Pause Young (Allocation Failure) 2710M->2711M(2923M) 54.442ms
[17.583s][info][gc,cpu         ] GC(205) User=0.27s Sys=0.00s Real=0.05s
[17.619s][info][gc,start       ] GC(206) Pause Young (Allocation Failure)
[17.675s][info][gc,heap        ] GC(206) PSYoungGen: 107712K(156160K)->82080K(158720K) Eden: 29696K(29696K)->0K(29696K) From: 78016K(126464K)->82080K(129024K)
[17.675s][info][gc,heap        ] GC(206) ParOldGen: 2698247K(2837504K)->2724095K(2837504K)
[17.675s][info][gc,metaspace   ] GC(206) Metaspace: 6302K(6528K)->6302K(6528K) NonClass: 5769K(5888K)->5769K(5888K) Class: 533K(640K)->533K(640K)
[17.675s][info][gc             ] GC(206) Pause Young (Allocation Failure) 2740M->2740M(2926M) 55.730ms
[17.675s][info][gc,cpu         ] GC(206) User=0.34s Sys=0.03s Real=0.06s
[17.710s][info][gc,start       ] GC(207) Pause Young (Allocation Failure)
[17.770s][info][gc,heap        ] GC(207) PSYoungGen: 111776K(158720K)->59552K(154112K) Eden: 29696K(29696K)->0K(33792K) From: 82080K(129024K)->59552K(120320K)
[17.770s][info][gc,heap        ] GC(207) ParOldGen: 2724095K(2837504K)->2776775K(2837504K)
[17.770s][info][gc,metaspace   ] GC(207) Metaspace: 6302K(6528K)->6302K(6528K) NonClass: 5769K(5888K)->5769K(5888K) Class: 533K(640K)->533K(640K)
[17.770s][info][gc             ] GC(207) Pause Young (Allocation Failure) 2769M->2769M(2921M) 59.465ms
[17.770s][info][gc,cpu         ] GC(207) User=0.36s Sys=0.03s Real=0.06s
[17.770s][info][gc,start       ] GC(208) Pause Full (Ergonomics)
[17.770s][info][gc,phases,start] GC(208) Marking Phase
[18.430s][info][gc,phases      ] GC(208) Marking Phase 659.815ms
[18.430s][info][gc,phases,start] GC(208) Summary Phase
[18.430s][info][gc,phases      ] GC(208) Summary Phase 0.062ms
[18.430s][info][gc,phases,start] GC(208) Adjust Roots
[18.430s][info][gc,phases      ] GC(208) Adjust Roots 0.160ms
[18.430s][info][gc,phases,start] GC(208) Compaction Phase
[18.648s][info][gc,phases      ] GC(208) Compaction Phase 218.084ms
[18.648s][info][gc,phases,start] GC(208) Post Compact
[18.653s][info][gc,phases      ] GC(208) Post Compact 4.930ms
[18.654s][info][gc,heap        ] GC(208) PSYoungGen: 59552K(154112K)->0K(158208K) Eden: 0K(33792K)->0K(33792K) From: 59552K(120320K)->0K(124416K)
[18.654s][info][gc,heap        ] GC(208) ParOldGen: 2776775K(2837504K)->2833891K(3129856K)
[18.654s][info][gc,metaspace   ] GC(208) Metaspace: 6302K(6528K)->6302K(6528K) NonClass: 5769K(5888K)->5769K(5888K) Class: 533K(640K)->533K(640K)
[18.654s][info][gc             ] GC(208) Pause Full (Ergonomics) 2769M->2767M(3211M) 884.344ms
[18.654s][info][gc,cpu         ] GC(208) User=6.84s Sys=0.00s Real=0.88s
[19.240s][info][gc,start       ] GC(209) Pause Young (Allocation Failure)
[19.353s][info][gc,heap        ] GC(209) PSYoungGen: 33792K(158208K)->33984K(160768K) Eden: 33792K(33792K)->0K(37376K) From: 0K(124416K)->33984K(123392K)
[19.353s][info][gc,heap        ] GC(209) ParOldGen: 2964963K(3129856K)->2964963K(3129856K)
[19.353s][info][gc,metaspace   ] GC(209) Metaspace: 6302K(6528K)->6302K(6528K) NonClass: 5769K(5888K)->5769K(5888K) Class: 533K(640K)->533K(640K)
[19.353s][info][gc             ] GC(209) Pause Young (Allocation Failure) 2928M->2928M(3213M) 113.293ms
[19.353s][info][gc,cpu         ] GC(209) User=0.64s Sys=0.00s Real=0.11s
[19.394s][info][gc,start       ] GC(210) Pause Young (Allocation Failure)
[19.446s][info][gc,heap        ] GC(210) PSYoungGen: 71360K(160768K)->71360K(161792K) Eden: 37376K(37376K)->0K(37376K) From: 33984K(123392K)->71360K(124416K)
[19.446s][info][gc,heap        ] GC(210) ParOldGen: 2964963K(3129856K)->2964963K(3129856K)
[19.446s][info][gc,metaspace   ] GC(210) Metaspace: 6302K(6528K)->6302K(6528K) NonClass: 5769K(5888K)->5769K(5888K) Class: 533K(640K)->533K(640K)
[19.446s][info][gc             ] GC(210) Pause Young (Allocation Failure) 2965M->2965M(3214M) 52.674ms
[19.446s][info][gc,cpu         ] GC(210) User=0.17s Sys=0.00s Real=0.05s
[19.486s][info][gc,start       ] GC(211) Pause Young (Allocation Failure)
[19.552s][info][gc,heap        ] GC(211) PSYoungGen: 108736K(161792K)->74944K(158208K) Eden: 37376K(37376K)->0K(41472K) From: 71360K(124416K)->74944K(116736K)
[19.552s][info][gc,heap        ] GC(211) ParOldGen: 2964963K(3129856K)->2999067K(3129856K)
[19.552s][info][gc,metaspace   ] GC(211) Metaspace: 6302K(6528K)->6302K(6528K) NonClass: 5769K(5888K)->5769K(5888K) Class: 533K(640K)->533K(640K)
[19.552s][info][gc             ] GC(211) Pause Young (Allocation Failure) 3001M->3001M(3211M) 66.001ms
[19.552s][info][gc,cpu         ] GC(211) User=0.17s Sys=0.00s Real=0.07s
[19.593s][info][gc,start       ] GC(212) Pause Young (Allocation Failure)
[19.661s][info][gc,heap        ] GC(212) PSYoungGen: 116416K(158208K)->79136K(160256K) Eden: 41472K(41472K)->0K(41472K) From: 74944K(116736K)->79136K(118784K)
[19.661s][info][gc,heap        ] GC(212) ParOldGen: 2999067K(3129856K)->3036787K(3129856K)
[19.661s][info][gc,metaspace   ] GC(212) Metaspace: 6302K(6528K)->6302K(6528K) NonClass: 5769K(5888K)->5769K(5888K) Class: 533K(640K)->533K(640K)
[19.661s][info][gc             ] GC(212) Pause Young (Allocation Failure) 3042M->3042M(3213M) 67.495ms
[19.661s][info][gc,cpu         ] GC(212) User=0.20s Sys=0.00s Real=0.07s
[19.699s][info][gc,start       ] GC(213) Pause Young (Allocation Failure)
[19.766s][info][gc,heap        ] GC(213) PSYoungGen: 120608K(160256K)->83168K(164352K) Eden: 41472K(41472K)->0K(46080K) From: 79136K(118784K)->83168K(118272K)
[19.766s][info][gc,heap        ] GC(213) ParOldGen: 3036787K(3129856K)->3074507K(3129856K)
[19.766s][info][gc,metaspace   ] GC(213) Metaspace: 6302K(6528K)->6302K(6528K) NonClass: 5769K(5888K)->5769K(5888K) Class: 533K(640K)->533K(640K)
[19.766s][info][gc             ] GC(213) Pause Young (Allocation Failure) 3083M->3083M(3217M) 67.038ms
[19.766s][info][gc,cpu         ] GC(213) User=0.20s Sys=0.00s Real=0.07s
[19.766s][info][gc,start       ] GC(214) Pause Full (Ergonomics)
[19.766s][info][gc,phases,start] GC(214) Marking Phase
[20.450s][info][gc,phases      ] GC(214) Marking Phase 684.412ms
[20.450s][info][gc,phases,start] GC(214) Summary Phase
[20.450s][info][gc,phases      ] GC(214) Summary Phase 0.076ms
[20.450s][info][gc,phases,start] GC(214) Adjust Roots
[20.451s][info][gc,phases      ] GC(214) Adjust Roots 0.165ms
[20.451s][info][gc,phases,start] GC(214) Compaction Phase
[20.926s][info][gc,phases      ] GC(214) Compaction Phase 475.215ms
[20.926s][info][gc,phases,start] GC(214) Post Compact
[20.932s][info][gc,phases      ] GC(214) Post Compact 6.188ms
[20.933s][info][gc,heap        ] GC(214) PSYoungGen: 83168K(164352K)->0K(164864K) Eden: 0K(46080K)->0K(46080K) From: 83168K(118272K)->0K(118784K)
[20.933s][info][gc,heap        ] GC(214) ParOldGen: 3074507K(3129856K)->3090754K(3408896K)
[20.933s][info][gc,metaspace   ] GC(214) Metaspace: 6302K(6528K)->6302K(6528K) NonClass: 5769K(5888K)->5769K(5888K) Class: 533K(640K)->533K(640K)
[20.933s][info][gc             ] GC(214) Pause Full (Ergonomics) 3083M->3018M(3490M) 1167.301ms
[20.933s][info][gc,cpu         ] GC(214) User=8.16s Sys=0.02s Real=1.17s
[20.977s][info][gc,start       ] GC(215) Pause Young (Allocation Failure)
[21.018s][info][gc,heap        ] GC(215) PSYoungGen: 46080K(164864K)->46304K(166400K) Eden: 46080K(46080K)->0K(50688K) From: 0K(118784K)->46304K(115712K)
[21.018s][info][gc,heap        ] GC(215) ParOldGen: 3090754K(3408896K)->3090754K(3408896K)
[21.018s][info][gc,metaspace   ] GC(215) Metaspace: 6302K(6528K)->6302K(6528K) NonClass: 5769K(5888K)->5769K(5888K) Class: 533K(640K)->533K(640K)
[21.018s][info][gc             ] GC(215) Pause Young (Allocation Failure) 3063M->3063M(3491M) 41.328ms
[21.018s][info][gc,cpu         ] GC(215) User=0.08s Sys=0.00s Real=0.04s
[21.071s][info][gc,start       ] GC(216) Pause Young (Allocation Failure)
[21.130s][info][gc,heap        ] GC(216) PSYoungGen: 96992K(166400K)->97024K(168448K) Eden: 50688K(50688K)->0K(50688K) From: 46304K(115712K)->97024K(117760K)
[21.130s][info][gc,heap        ] GC(216) ParOldGen: 3090754K(3408896K)->3090754K(3408896K)
[21.130s][info][gc,metaspace   ] GC(216) Metaspace: 6302K(6528K)->6302K(6528K) NonClass: 5769K(5888K)->5769K(5888K) Class: 533K(640K)->533K(640K)
[21.131s][info][gc             ] GC(216) Pause Young (Allocation Failure) 3113M->3113M(3493M) 59.576ms
[21.131s][info][gc,cpu         ] GC(216) User=0.17s Sys=0.00s Real=0.06s
[21.186s][info][gc,start       ] GC(217) Pause Young (Allocation Failure)
[21.260s][info][gc,heap        ] GC(217) PSYoungGen: 147712K(168448K)->123904K(156160K) Eden: 50688K(50688K)->0K(32256K) From: 97024K(117760K)->123904K(123904K)
[21.260s][info][gc,heap        ] GC(217) ParOldGen: 3090754K(3408896K)->3114714K(3408896K)
[21.260s][info][gc,metaspace   ] GC(217) Metaspace: 6302K(6528K)->6302K(6528K) NonClass: 5769K(5888K)->5769K(5888K) Class: 533K(640K)->533K(640K)
[21.260s][info][gc             ] GC(217) Pause Young (Allocation Failure) 3162M->3162M(3481M) 74.366ms
[21.260s][info][gc,cpu         ] GC(217) User=0.38s Sys=0.03s Real=0.07s
[21.291s][info][gc,start       ] GC(218) Pause Young (Allocation Failure)
[21.369s][info][gc,heap        ] GC(218) PSYoungGen: 156160K(156160K)->110880K(179712K) Eden: 32256K(32256K)->0K(32256K) From: 123904K(123904K)->110880K(147456K)
[21.369s][info][gc,heap        ] GC(218) ParOldGen: 3114714K(3408896K)->3160530K(3408896K)
[21.369s][info][gc,metaspace   ] GC(218) Metaspace: 6302K(6528K)->6302K(6528K) NonClass: 5769K(5888K)->5769K(5888K) Class: 533K(640K)->533K(640K)
[21.369s][info][gc             ] GC(218) Pause Young (Allocation Failure) 3194M->3194M(3504M) 78.015ms
[21.369s][info][gc,cpu         ] GC(218) User=0.44s Sys=0.03s Real=0.08s
[21.402s][info][gc,start       ] GC(219) Pause Young (Allocation Failure)
[21.476s][info][gc,heap        ] GC(219) PSYoungGen: 143136K(179712K)->101984K(188416K) Eden: 32256K(32256K)->0K(35840K) From: 110880K(147456K)->101984K(152576K)
[21.476s][info][gc,heap        ] GC(219) ParOldGen: 3160530K(3408896K)->3202026K(3408896K)
[21.476s][info][gc,metaspace   ] GC(219) Metaspace: 6302K(6528K)->6302K(6528K) NonClass: 5769K(5888K)->5769K(5888K) Class: 533K(640K)->533K(640K)
[21.476s][info][gc             ] GC(219) Pause Young (Allocation Failure) 3226M->3226M(3513M) 73.856ms
[21.476s][info][gc,cpu         ] GC(219) User=0.47s Sys=0.05s Real=0.07s
[21.512s][info][gc,start       ] GC(220) Pause Young (Allocation Failure)
[21.584s][info][gc,heap        ] GC(220) PSYoungGen: 137824K(188416K)->100608K(188928K) Eden: 35840K(35840K)->0K(35840K) From: 101984K(152576K)->100608K(153088K)
[21.584s][info][gc,heap        ] GC(220) ParOldGen: 3202026K(3408896K)->3239570K(3408896K)
[21.584s][info][gc,metaspace   ] GC(220) Metaspace: 6302K(6528K)->6302K(6528K) NonClass: 5769K(5888K)->5769K(5888K) Class: 533K(640K)->533K(640K)
[21.584s][info][gc             ] GC(220) Pause Young (Allocation Failure) 3261M->3261M(3513M) 72.127ms
[21.584s][info][gc,cpu         ] GC(220) User=0.39s Sys=0.00s Real=0.07s
[21.624s][info][gc,start       ] GC(221) Pause Young (Allocation Failure)
[21.697s][info][gc,heap        ] GC(221) PSYoungGen: 136448K(188928K)->71904K(184832K) Eden: 35840K(35840K)->0K(40448K) From: 100608K(153088K)->71904K(144384K)
[21.697s][info][gc,heap        ] GC(221) ParOldGen: 3239570K(3408896K)->3304626K(3408896K)
[21.697s][info][gc,metaspace   ] GC(221) Metaspace: 6302K(6528K)->6302K(6528K) NonClass: 5769K(5888K)->5769K(5888K) Class: 533K(640K)->533K(640K)
[21.697s][info][gc             ] GC(221) Pause Young (Allocation Failure) 3296M->3297M(3509M) 73.182ms
[21.697s][info][gc,cpu         ] GC(221) User=0.25s Sys=0.06s Real=0.07s
[21.740s][info][gc,start       ] GC(222) Pause Young (Allocation Failure)
[21.803s][info][gc,heap        ] GC(222) PSYoungGen: 112352K(184832K)->40640K(188928K) Eden: 40448K(40448K)->0K(40448K) From: 71904K(144384K)->40640K(148480K)
[21.803s][info][gc,heap        ] GC(222) ParOldGen: 3304626K(3408896K)->3376914K(3408896K)
[21.803s][info][gc,metaspace   ] GC(222) Metaspace: 6302K(6528K)->6302K(6528K) NonClass: 5769K(5888K)->5769K(5888K) Class: 533K(640K)->533K(640K)
[21.803s][info][gc             ] GC(222) Pause Young (Allocation Failure) 3336M->3337M(3513M) 63.406ms
[21.803s][info][gc,cpu         ] GC(222) User=0.25s Sys=0.03s Real=0.06s
[21.804s][info][gc,start       ] GC(223) Pause Full (Ergonomics)
[21.804s][info][gc,phases,start] GC(223) Marking Phase
[22.573s][info][gc,phases      ] GC(223) Marking Phase 769.150ms
[22.573s][info][gc,phases,start] GC(223) Summary Phase
[22.573s][info][gc,phases      ] GC(223) Summary Phase 0.073ms
[22.573s][info][gc,phases,start] GC(223) Adjust Roots
[22.573s][info][gc,phases      ] GC(223) Adjust Roots 0.303ms
[22.573s][info][gc,phases,start] GC(223) Compaction Phase
[23.264s][info][gc,phases      ] GC(223) Compaction Phase 690.581ms
[23.264s][info][gc,phases,start] GC(223) Post Compact
[23.271s][info][gc,phases      ] GC(223) Post Compact 7.496ms
[23.273s][info][gc,heap        ] GC(223) PSYoungGen: 40640K(188928K)->6194K(188928K) Eden: 0K(40448K)->0K(40448K) From: 40640K(148480K)->6194K(148480K)
[23.273s][info][gc,heap        ] GC(223) ParOldGen: 3376914K(3408896K)->3408398K(3777536K)
[23.273s][info][gc,metaspace   ] GC(223) Metaspace: 6302K(6528K)->6302K(6528K) NonClass: 5769K(5888K)->5769K(5888K) Class: 533K(640K)->533K(640K)
[23.273s][info][gc             ] GC(223) Pause Full (Ergonomics) 3337M->3334M(3873M) 1469.205ms
[23.273s][info][gc,cpu         ] GC(223) User=10.36s Sys=0.08s Real=1.47s
[23.315s][info][gc,start       ] GC(224) Pause Young (Allocation Failure)
[23.485s][info][gc,heap        ] GC(224) PSYoungGen: 46642K(188928K)->40640K(192512K) Eden: 40448K(40448K)->0K(44544K) From: 6194K(148480K)->40640K(147968K)
[23.485s][info][gc,heap        ] GC(224) ParOldGen: 3408398K(3777536K)->3414686K(3777536K)
[23.485s][info][gc,metaspace   ] GC(224) Metaspace: 6302K(6528K)->6302K(6528K) NonClass: 5769K(5888K)->5769K(5888K) Class: 533K(640K)->533K(640K)
[23.485s][info][gc             ] GC(224) Pause Young (Allocation Failure) 3374M->3374M(3877M) 170.246ms
[23.485s][info][gc,cpu         ] GC(224) User=1.00s Sys=0.00s Real=0.17s
[23.527s][info][gc,start       ] GC(225) Pause Young (Allocation Failure)
[23.585s][info][gc,heap        ] GC(225) PSYoungGen: 85184K(192512K)->85280K(193536K) Eden: 44544K(44544K)->0K(44544K) From: 40640K(147968K)->85280K(148992K)
[23.585s][info][gc,heap        ] GC(225) ParOldGen: 3414686K(3777536K)->3414686K(3777536K)
[23.585s][info][gc,metaspace   ] GC(225) Metaspace: 6302K(6528K)->6302K(6528K) NonClass: 5769K(5888K)->5769K(5888K) Class: 533K(640K)->533K(640K)
[23.585s][info][gc             ] GC(225) Pause Young (Allocation Failure) 3417M->3417M(3878M) 58.328ms
[23.585s][info][gc,cpu         ] GC(225) User=0.17s Sys=0.00s Real=0.06s
[23.630s][info][gc,start       ] GC(226) Pause Young (Allocation Failure)
[23.701s][info][gc,heap        ] GC(226) PSYoungGen: 129824K(193536K)->89344K(190464K) Eden: 44544K(44544K)->0K(49664K) From: 85280K(148992K)->89344K(140800K)
[23.701s][info][gc,heap        ] GC(226) ParOldGen: 3414686K(3777536K)->3455510K(3777536K)
[23.701s][info][gc,metaspace   ] GC(226) Metaspace: 6302K(6528K)->6302K(6528K) NonClass: 5769K(5888K)->5769K(5888K) Class: 533K(640K)->533K(640K)
[23.701s][info][gc             ] GC(226) Pause Young (Allocation Failure) 3461M->3461M(3875M) 71.576ms
[23.701s][info][gc,cpu         ] GC(226) User=0.20s Sys=0.02s Real=0.07s
[23.752s][info][gc,start       ] GC(227) Pause Young (Allocation Failure)
[23.825s][info][gc,heap        ] GC(227) PSYoungGen: 139008K(190464K)->94432K(192512K) Eden: 49664K(49664K)->0K(49664K) From: 89344K(140800K)->94432K(142848K)
[23.825s][info][gc,heap        ] GC(227) ParOldGen: 3455510K(3777536K)->3500470K(3777536K)
[23.825s][info][gc,metaspace   ] GC(227) Metaspace: 6302K(6528K)->6302K(6528K) NonClass: 5769K(5888K)->5769K(5888K) Class: 533K(640K)->533K(640K)
[23.825s][info][gc             ] GC(227) Pause Young (Allocation Failure) 3510M->3510M(3877M) 73.428ms
[23.825s][info][gc,cpu         ] GC(227) User=0.22s Sys=0.02s Real=0.07s
[23.880s][info][gc,start       ] GC(228) Pause Young (Allocation Failure)
[23.956s][info][gc,heap        ] GC(228) PSYoungGen: 144096K(192512K)->99584K(197120K) Eden: 49664K(49664K)->0K(54272K) From: 94432K(142848K)->99584K(142848K)
[23.957s][info][gc,heap        ] GC(228) ParOldGen: 3500470K(3777536K)->3545414K(3777536K)
[23.957s][info][gc,metaspace   ] GC(228) Metaspace: 6302K(6528K)->6302K(6528K) NonClass: 5769K(5888K)->5769K(5888K) Class: 533K(640K)->533K(640K)
[23.957s][info][gc             ] GC(228) Pause Young (Allocation Failure) 3559M->3559M(3881M) 76.901ms
[23.957s][info][gc,cpu         ] GC(228) User=0.31s Sys=0.09s Real=0.08s
[24.014s][info][gc,start       ] GC(229) Pause Young (Allocation Failure)
[24.094s][info][gc,heap        ] GC(229) PSYoungGen: 153856K(197120K)->104192K(198144K) Eden: 54272K(54272K)->0K(54272K) From: 99584K(142848K)->104192K(143872K)
[24.094s][info][gc,heap        ] GC(229) ParOldGen: 3545414K(3777536K)->3595526K(3777536K)
[24.094s][info][gc,metaspace   ] GC(229) Metaspace: 6302K(6528K)->6302K(6528K) NonClass: 5769K(5888K)->5769K(5888K) Class: 533K(640K)->533K(640K)
[24.094s][info][gc             ] GC(229) Pause Young (Allocation Failure) 3612M->3613M(3882M) 79.784ms
[24.094s][info][gc,cpu         ] GC(229) User=0.50s Sys=0.02s Real=0.08s
[24.148s][info][gc,start       ] GC(230) Pause Young (Allocation Failure)
[24.229s][info][gc,heap        ] GC(230) PSYoungGen: 158464K(198144K)->108864K(203776K) Eden: 54272K(54272K)->0K(57856K) From: 104192K(143872K)->108864K(145920K)
[24.229s][info][gc,heap        ] GC(230) ParOldGen: 3595526K(3777536K)->3645638K(3777536K)
[24.229s][info][gc,metaspace   ] GC(230) Metaspace: 6302K(6528K)->6302K(6528K) NonClass: 5769K(5888K)->5769K(5888K) Class: 533K(640K)->533K(640K)
[24.229s][info][gc             ] GC(230) Pause Young (Allocation Failure) 3666M->3666M(3888M) 81.520ms
[24.229s][info][gc,cpu         ] GC(230) User=0.64s Sys=0.00s Real=0.08s
[24.285s][info][gc,start       ] GC(231) Pause Young (Allocation Failure)
[24.372s][info][gc,heap        ] GC(231) PSYoungGen: 166720K(203776K)->112416K(206848K) Eden: 57856K(57856K)->0K(57856K) From: 108864K(145920K)->112416K(148992K)
[24.372s][info][gc,heap        ] GC(231) ParOldGen: 3645638K(3777536K)->3700414K(3777536K)
[24.372s][info][gc,metaspace   ] GC(231) Metaspace: 6302K(6528K)->6302K(6528K) NonClass: 5769K(5888K)->5769K(5888K) Class: 533K(640K)->533K(640K)
[24.372s][info][gc             ] GC(231) Pause Young (Allocation Failure) 3723M->3723M(3891M) 86.737ms
[24.372s][info][gc,cpu         ] GC(231) User=0.52s Sys=0.02s Real=0.09s
[24.372s][info][gc,start       ] GC(232) Pause Full (Ergonomics)
[24.372s][info][gc,phases,start] GC(232) Marking Phase
[25.234s][info][gc,phases      ] GC(232) Marking Phase 862.399ms
[25.234s][info][gc,phases,start] GC(232) Summary Phase
[25.234s][info][gc,phases      ] GC(232) Summary Phase 0.071ms
[25.234s][info][gc,phases,start] GC(232) Adjust Roots
[25.235s][info][gc,phases      ] GC(232) Adjust Roots 0.191ms
[25.235s][info][gc,phases,start] GC(232) Compaction Phase
[25.615s][info][gc,phases      ] GC(232) Compaction Phase 380.728ms
[25.615s][info][gc,phases,start] GC(232) Post Compact
[25.622s][info][gc,phases      ] GC(232) Post Compact 7.017ms
[25.624s][info][gc,heap        ] GC(232) PSYoungGen: 112416K(206848K)->32363K(206848K) Eden: 0K(57856K)->0K(57856K) From: 112416K(148992K)->32363K(148992K)
[25.624s][info][gc,heap        ] GC(232) ParOldGen: 3700414K(3777536K)->3777243K(4177920K)
[25.624s][info][gc,metaspace   ] GC(232) Metaspace: 6302K(6528K)->6302K(6528K) NonClass: 5769K(5888K)->5769K(5888K) Class: 533K(640K)->533K(640K)
[25.624s][info][gc             ] GC(232) Pause Full (Ergonomics) 3723M->3720M(4282M) 1252.056ms
[25.624s][info][gc,cpu         ] GC(232) User=8.97s Sys=0.02s Real=1.25s
[25.686s][info][gc,start       ] GC(233) Pause Young (Allocation Failure)
[25.883s][info][gc,heap        ] GC(233) PSYoungGen: 90219K(206848K)->83296K(203264K) Eden: 57856K(57856K)->0K(63488K) From: 32363K(148992K)->83296K(139776K)
[25.883s][info][gc,heap        ] GC(233) ParOldGen: 3777243K(4177920K)->3784515K(4177920K)
[25.883s][info][gc,metaspace   ] GC(233) Metaspace: 6302K(6528K)->6302K(6528K) NonClass: 5769K(5888K)->5769K(5888K) Class: 533K(640K)->533K(640K)
[25.883s][info][gc             ] GC(233) Pause Young (Allocation Failure) 3776M->3777M(4278M) 197.107ms
[25.883s][info][gc,cpu         ] GC(233) User=1.39s Sys=0.00s Real=0.20s
[25.949s][info][gc,start       ] GC(234) Pause Young (Allocation Failure)
[26.028s][info][gc,heap        ] GC(234) PSYoungGen: 146784K(203264K)->146880K(210432K) Eden: 63488K(63488K)->0K(63488K) From: 83296K(139776K)->146880K(146944K)
[26.029s][info][gc,heap        ] GC(234) ParOldGen: 3784515K(4177920K)->3784515K(4177920K)
[26.029s][info][gc,metaspace   ] GC(234) Metaspace: 6302K(6528K)->6302K(6528K) NonClass: 5769K(5888K)->5769K(5888K) Class: 533K(640K)->533K(640K)
[26.029s][info][gc             ] GC(234) Pause Young (Allocation Failure) 3839M->3839M(4285M) 79.265ms
[26.029s][info][gc,cpu         ] GC(234) User=0.44s Sys=0.00s Real=0.08s
[26.092s][info][gc,start       ] GC(235) Pause Young (Allocation Failure)
[26.203s][info][gc,heap        ] GC(235) PSYoungGen: 210368K(210432K)->162816K(196608K) Eden: 63488K(63488K)->0K(33792K) From: 146880K(146944K)->162816K(162816K)
[26.203s][info][gc,heap        ] GC(235) ParOldGen: 3784515K(4177920K)->3832459K(4177920K)
[26.203s][info][gc,metaspace   ] GC(235) Metaspace: 6302K(6528K)->6302K(6528K) NonClass: 5769K(5888K)->5769K(5888K) Class: 533K(640K)->533K(640K)
[26.203s][info][gc             ] GC(235) Pause Young (Allocation Failure) 3901M->3901M(4272M) 111.500ms
[26.203s][info][gc,cpu         ] GC(235) User=0.70s Sys=0.05s Real=0.11s
[26.238s][info][gc,start       ] GC(236) Pause Young (Allocation Failure)
[26.344s][info][gc,heap        ] GC(236) PSYoungGen: 196608K(196608K)->137824K(232960K) Eden: 33792K(33792K)->0K(33792K) From: 162816K(162816K)->137824K(199168K)
[26.344s][info][gc,heap        ] GC(236) ParOldGen: 3832459K(4177920K)->3891859K(4177920K)
[26.344s][info][gc,metaspace   ] GC(236) Metaspace: 6302K(6528K)->6302K(6528K) NonClass: 5769K(5888K)->5769K(5888K) Class: 533K(640K)->533K(640K)
[26.344s][info][gc             ] GC(236) Pause Young (Allocation Failure) 3934M->3935M(4307M) 106.547ms
[26.344s][info][gc,cpu         ] GC(236) User=0.70s Sys=0.05s Real=0.11s
[26.382s][info][gc,start       ] GC(237) Pause Young (Allocation Failure)
[26.473s][info][gc,heap        ] GC(237) PSYoungGen: 171616K(232960K)->126144K(233984K) Eden: 33792K(33792K)->0K(38400K) From: 137824K(199168K)->126144K(195584K)
[26.474s][info][gc,heap        ] GC(237) ParOldGen: 3891859K(4177920K)->3937747K(4177920K)
[26.474s][info][gc,metaspace   ] GC(237) Metaspace: 6302K(6528K)->6302K(6528K) NonClass: 5769K(5888K)->5769K(5888K) Class: 533K(640K)->533K(640K)
[26.474s][info][gc             ] GC(237) Pause Young (Allocation Failure) 3968M->3968M(4308M) 91.229ms
[26.474s][info][gc,cpu         ] GC(237) User=0.59s Sys=0.05s Real=0.09s
[26.521s][info][gc,start       ] GC(238) Pause Young (Allocation Failure)
[26.606s][info][gc,heap        ] GC(238) PSYoungGen: 164544K(233984K)->72384K(237056K) Eden: 38400K(38400K)->0K(38400K) From: 126144K(195584K)->72384K(198656K)
[26.606s][info][gc,heap        ] GC(238) ParOldGen: 3937747K(4177920K)->4030595K(4177920K)
[26.606s][info][gc,metaspace   ] GC(238) Metaspace: 6302K(6528K)->6302K(6528K) NonClass: 5769K(5888K)->5769K(5888K) Class: 533K(640K)->533K(640K)
[26.606s][info][gc             ] GC(238) Pause Young (Allocation Failure) 4006M->4006M(4311M) 84.720ms
[26.606s][info][gc,cpu         ] GC(238) User=0.64s Sys=0.09s Real=0.09s
[26.649s][info][gc,start       ] GC(239) Pause Young (Allocation Failure)
[26.721s][info][gc,heap        ] GC(239) PSYoungGen: 110784K(237056K)->38560K(237568K) Eden: 38400K(38400K)->0K(40960K) From: 72384K(198656K)->38560K(196608K)
[26.721s][info][gc,heap        ] GC(239) ParOldGen: 4030595K(4177920K)->4103403K(4177920K)
[26.721s][info][gc,metaspace   ] GC(239) Metaspace: 6302K(6528K)->6302K(6528K) NonClass: 5769K(5888K)->5769K(5888K) Class: 533K(640K)->533K(640K)
[26.721s][info][gc             ] GC(239) Pause Young (Allocation Failure) 4044M->4044M(4312M) 72.361ms
[26.721s][info][gc,cpu         ] GC(239) User=0.27s Sys=0.02s Real=0.07s
[26.721s][info][gc,start       ] GC(240) Pause Full (Ergonomics)
[26.721s][info][gc,phases,start] GC(240) Marking Phase
[27.646s][info][gc,phases      ] GC(240) Marking Phase 924.933ms
[27.646s][info][gc,phases,start] GC(240) Summary Phase
[27.646s][info][gc,phases      ] GC(240) Summary Phase 0.070ms
[27.646s][info][gc,phases,start] GC(240) Adjust Roots
[27.646s][info][gc,phases      ] GC(240) Adjust Roots 0.164ms
[27.646s][info][gc,phases,start] GC(240) Compaction Phase
[28.013s][info][gc,phases      ] GC(240) Compaction Phase 366.485ms
[28.013s][info][gc,phases,start] GC(240) Post Compact
[28.019s][info][gc,phases      ] GC(240) Post Compact 5.986ms
[28.020s][info][gc,heap        ] GC(240) PSYoungGen: 38560K(237568K)->0K(240128K) Eden: 0K(40960K)->0K(40960K) From: 38560K(196608K)->0K(199168K)
[28.020s][info][gc,heap        ] GC(240) ParOldGen: 4103403K(4177920K)->4138590K(4596224K)
[28.020s][info][gc,metaspace   ] GC(240) Metaspace: 6302K(6528K)->6302K(6528K) NonClass: 5769K(5888K)->5769K(5888K) Class: 533K(640K)->533K(640K)
[28.020s][info][gc             ] GC(240) Pause Full (Ergonomics) 4044M->4041M(4723M) 1299.280ms
[28.020s][info][gc,cpu         ] GC(240) User=9.72s Sys=0.02s Real=1.30s
[28.061s][info][gc,start       ] GC(241) Pause Young (Allocation Failure)
[28.101s][info][gc,heap        ] GC(241) PSYoungGen: 40960K(240128K)->41120K(243200K) Eden: 40960K(40960K)->0K(45056K) From: 0K(199168K)->41120K(198144K)
[28.101s][info][gc,heap        ] GC(241) ParOldGen: 4138590K(4596224K)->4138590K(4596224K)
[28.101s][info][gc,metaspace   ] GC(241) Metaspace: 6302K(6528K)->6302K(6528K) NonClass: 5769K(5888K)->5769K(5888K) Class: 533K(640K)->533K(640K)
[28.101s][info][gc             ] GC(241) Pause Young (Allocation Failure) 4081M->4081M(4726M) 39.510ms
[28.101s][info][gc,cpu         ] GC(241) User=0.06s Sys=0.00s Real=0.04s
[28.144s][info][gc,start       ] GC(242) Pause Young (Allocation Failure)
[28.199s][info][gc,heap        ] GC(242) PSYoungGen: 86176K(243200K)->86304K(131584K) Eden: 45056K(45056K)->0K(45056K) From: 41120K(198144K)->86304K(86528K)
[28.199s][info][gc,heap        ] GC(242) ParOldGen: 4138590K(4596224K)->4138590K(4596224K)
[28.199s][info][gc,metaspace   ] GC(242) Metaspace: 6302K(6528K)->6302K(6528K) NonClass: 5769K(5888K)->5769K(5888K) Class: 533K(640K)->533K(640K)
[28.199s][info][gc             ] GC(242) Pause Young (Allocation Failure) 4125M->4125M(4617M) 55.181ms
[28.199s][info][gc,cpu         ] GC(242) User=0.20s Sys=0.00s Real=0.06s
[28.248s][info][gc,start       ] GC(243) Pause Young (Allocation Failure)
[28.319s][info][gc,heap        ] GC(243) PSYoungGen: 131360K(131584K)->131392K(236032K) Eden: 45056K(45056K)->0K(45568K) From: 86304K(86528K)->131392K(190464K)
[28.319s][info][gc,heap        ] GC(243) ParOldGen: 4138590K(4596224K)->4138590K(4596224K)
[28.319s][info][gc,metaspace   ] GC(243) Metaspace: 6302K(6528K)->6302K(6528K) NonClass: 5769K(5888K)->5769K(5888K) Class: 533K(640K)->533K(640K)
[28.319s][info][gc             ] GC(243) Pause Young (Allocation Failure) 4169M->4169M(4719M) 70.984ms
[28.319s][info][gc,cpu         ] GC(243) User=0.27s Sys=0.00s Real=0.07s
[28.374s][info][gc,start       ] GC(244) Pause Young (Allocation Failure)
[28.460s][info][gc,heap        ] GC(244) PSYoungGen: 176960K(236032K)->136032K(240128K) Eden: 45568K(45568K)->0K(45568K) From: 131392K(190464K)->136032K(194560K)
[28.460s][info][gc,heap        ] GC(244) ParOldGen: 4138590K(4596224K)->4179918K(4596224K)
[28.460s][info][gc,metaspace   ] GC(244) Metaspace: 6302K(6528K)->6302K(6528K) NonClass: 5769K(5888K)->5769K(5888K) Class: 533K(640K)->533K(640K)
[28.460s][info][gc             ] GC(244) Pause Young (Allocation Failure) 4214M->4214M(4723M) 86.517ms
[28.460s][info][gc,cpu         ] GC(244) User=0.56s Sys=0.06s Real=0.09s
[28.516s][info][gc,start       ] GC(245) Pause Young (Allocation Failure)
[28.605s][info][gc,heap        ] GC(245) PSYoungGen: 181600K(240128K)->136480K(246272K) Eden: 45568K(45568K)->0K(47104K) From: 136032K(194560K)->136480K(199168K)
[28.605s][info][gc,heap        ] GC(245) ParOldGen: 4179918K(4596224K)->4225390K(4596224K)
[28.605s][info][gc,metaspace   ] GC(245) Metaspace: 6302K(6528K)->6302K(6528K) NonClass: 5769K(5888K)->5769K(5888K) Class: 533K(640K)->533K(640K)
[28.605s][info][gc             ] GC(245) Pause Young (Allocation Failure) 4259M->4259M(4729M) 89.385ms
[28.605s][info][gc,cpu         ] GC(245) User=0.61s Sys=0.02s Real=0.09s
[28.653s][info][gc,start       ] GC(246) Pause Young (Allocation Failure)
[28.743s][info][gc,heap        ] GC(246) PSYoungGen: 183584K(246272K)->138560K(249856K) Eden: 47104K(47104K)->0K(47104K) From: 136480K(199168K)->138560K(202752K)
[28.743s][info][gc,heap        ] GC(246) ParOldGen: 4225390K(4596224K)->4270846K(4596224K)
[28.743s][info][gc,metaspace   ] GC(246) Metaspace: 6302K(6528K)->6302K(6528K) NonClass: 5769K(5888K)->5769K(5888K) Class: 533K(640K)->533K(640K)
[28.743s][info][gc             ] GC(246) Pause Young (Allocation Failure) 4305M->4306M(4732M) 90.094ms
[28.743s][info][gc,cpu         ] GC(246) User=0.58s Sys=0.06s Real=0.09s
[28.790s][info][gc,start       ] GC(247) Pause Young (Allocation Failure)
[28.883s][info][gc,heap        ] GC(247) PSYoungGen: 185664K(249856K)->140096K(256512K) Eden: 47104K(47104K)->0K(51200K) From: 138560K(202752K)->140096K(205312K)
[28.883s][info][gc,heap        ] GC(247) ParOldGen: 4270846K(4596224K)->4316838K(4596224K)
[28.883s][info][gc,metaspace   ] GC(247) Metaspace: 6302K(6528K)->6302K(6528K) NonClass: 5769K(5888K)->5769K(5888K) Class: 533K(640K)->533K(640K)
[28.883s][info][gc             ] GC(247) Pause Young (Allocation Failure) 4352M->4352M(4739M) 92.901ms
[28.883s][info][gc,cpu         ] GC(247) User=0.58s Sys=0.06s Real=0.09s
[28.935s][info][gc,start       ] GC(248) Pause Young (Allocation Failure)
[29.030s][info][gc,heap        ] GC(248) PSYoungGen: 191296K(256512K)->98560K(150016K) Eden: 51200K(51200K)->0K(51200K) From: 140096K(205312K)->98560K(98816K)
[29.030s][info][gc,heap        ] GC(248) ParOldGen: 4316838K(4596224K)->4410310K(4596224K)
[29.030s][info][gc,metaspace   ] GC(248) Metaspace: 6302K(6528K)->6302K(6528K) NonClass: 5769K(5888K)->5769K(5888K) Class: 533K(640K)->533K(640K)
[29.030s][info][gc             ] GC(248) Pause Young (Allocation Failure) 4402M->4403M(4635M) 95.910ms
[29.031s][info][gc,cpu         ] GC(248) User=0.59s Sys=0.05s Real=0.10s
[29.091s][info][gc,start       ] GC(249) Pause Young (Allocation Failure)
[29.171s][info][gc,heap        ] GC(249) PSYoungGen: 149760K(150016K)->51392K(257024K) Eden: 51200K(51200K)->0K(56832K) From: 98560K(98816K)->51392K(200192K)
[29.171s][info][gc,heap        ] GC(249) ParOldGen: 4410310K(4596224K)->4509470K(4596224K)
[29.171s][info][gc,metaspace   ] GC(249) Metaspace: 6302K(6528K)->6302K(6528K) NonClass: 5769K(5888K)->5769K(5888K) Class: 533K(640K)->533K(640K)
[29.171s][info][gc             ] GC(249) Pause Young (Allocation Failure) 4453M->4453M(4739M) 79.917ms
[29.171s][info][gc,cpu         ] GC(249) User=0.48s Sys=0.03s Real=0.08s
[29.171s][info][gc,start       ] GC(250) Pause Full (Ergonomics)
[29.171s][info][gc,phases,start] GC(250) Marking Phase
[30.205s][info][gc,phases      ] GC(250) Marking Phase 1033.511ms
[30.205s][info][gc,phases,start] GC(250) Summary Phase
[30.205s][info][gc,phases      ] GC(250) Summary Phase 0.109ms
[30.205s][info][gc,phases,start] GC(250) Adjust Roots
[30.205s][info][gc,phases      ] GC(250) Adjust Roots 0.209ms
[30.205s][info][gc,phases,start] GC(250) Compaction Phase
[30.610s][info][gc,phases      ] GC(250) Compaction Phase 404.434ms
[30.610s][info][gc,phases,start] GC(250) Post Compact
[30.616s][info][gc,phases      ] GC(250) Post Compact 6.582ms
[30.618s][info][gc,heap        ] GC(250) PSYoungGen: 51392K(257024K)->0K(258048K) Eden: 0K(56832K)->0K(56832K) From: 51392K(200192K)->0K(201216K)
[30.618s][info][gc,heap        ] GC(250) ParOldGen: 4509470K(4596224K)->4557123K(5063680K)
[30.618s][info][gc,metaspace   ] GC(250) Metaspace: 6302K(6528K)->6302K(6528K) NonClass: 5769K(5888K)->5769K(5888K) Class: 533K(640K)->533K(640K)
[30.618s][info][gc             ] GC(250) Pause Full (Ergonomics) 4453M->4450M(5197M) 1446.552ms
[30.618s][info][gc,cpu         ] GC(250) User=10.70s Sys=0.05s Real=1.45s
[30.684s][info][gc,start       ] GC(251) Pause Young (Allocation Failure)
[30.734s][info][gc,heap        ] GC(251) PSYoungGen: 56832K(258048K)->57056K(258048K) Eden: 56832K(56832K)->0K(62464K) From: 0K(201216K)->57056K(195584K)
[30.734s][info][gc,heap        ] GC(251) ParOldGen: 4557123K(5063680K)->4557123K(5063680K)
[30.734s][info][gc,metaspace   ] GC(251) Metaspace: 6302K(6528K)->6302K(6528K) NonClass: 5769K(5888K)->5769K(5888K) Class: 533K(640K)->533K(640K)
[30.734s][info][gc             ] GC(251) Pause Young (Allocation Failure) 4505M->4506M(5197M) 49.687ms
[30.734s][info][gc,cpu         ] GC(251) User=0.19s Sys=0.00s Real=0.05s
[30.803s][info][gc,start       ] GC(252) Pause Young (Allocation Failure)
[30.874s][info][gc,heap        ] GC(252) PSYoungGen: 119520K(258048K)->119648K(261632K) Eden: 62464K(62464K)->0K(62464K) From: 57056K(195584K)->119648K(199168K)
[30.874s][info][gc,heap        ] GC(252) ParOldGen: 4557123K(5063680K)->4557123K(5063680K)
[30.874s][info][gc,metaspace   ] GC(252) Metaspace: 6302K(6528K)->6302K(6528K) NonClass: 5769K(5888K)->5769K(5888K) Class: 533K(640K)->533K(640K)
[30.874s][info][gc             ] GC(252) Pause Young (Allocation Failure) 4567M->4567M(5200M) 70.983ms
[30.874s][info][gc,cpu         ] GC(252) User=0.53s Sys=0.00s Real=0.07s
[30.939s][info][gc,start       ] GC(253) Pause Young (Allocation Failure)
[31.031s][info][gc,heap        ] GC(253) PSYoungGen: 182112K(261632K)->182176K(245760K) Eden: 62464K(62464K)->0K(48640K) From: 119648K(199168K)->182176K(197120K)
[31.031s][info][gc,heap        ] GC(253) ParOldGen: 4557123K(5063680K)->4557123K(5063680K)
[31.031s][info][gc,metaspace   ] GC(253) Metaspace: 6302K(6528K)->6302K(6528K) NonClass: 5769K(5888K)->5769K(5888K) Class: 533K(640K)->533K(640K)
[31.031s][info][gc             ] GC(253) Pause Young (Allocation Failure) 4628M->4628M(5185M) 92.689ms
[31.031s][info][gc,cpu         ] GC(253) User=0.59s Sys=0.05s Real=0.09s
[31.093s][info][gc,start       ] GC(254) Pause Young (Allocation Failure)
[31.211s][info][gc,heap        ] GC(254) PSYoungGen: 230816K(245760K)->173984K(265728K) Eden: 48640K(48640K)->0K(48640K) From: 182176K(197120K)->173984K(217088K)
[31.211s][info][gc,heap        ] GC(254) ParOldGen: 4557123K(5063680K)->4614475K(5063680K)
[31.211s][info][gc,metaspace   ] GC(254) Metaspace: 6302K(6528K)->6302K(6528K) NonClass: 5769K(5888K)->5769K(5888K) Class: 533K(640K)->533K(640K)
[31.211s][info][gc             ] GC(254) Pause Young (Allocation Failure) 4675M->4676M(5204M) 118.265ms
[31.211s][info][gc,cpu         ] GC(254) User=0.75s Sys=0.03s Real=0.12s
[31.266s][info][gc,start       ] GC(255) Pause Young (Allocation Failure)
[31.385s][info][gc,heap        ] GC(255) PSYoungGen: 222624K(265728K)->160160K(279552K) Eden: 48640K(48640K)->0K(49152K) From: 173984K(217088K)->160160K(230400K)
[31.385s][info][gc,heap        ] GC(255) ParOldGen: 4614475K(5063680K)->4677499K(5063680K)
[31.385s][info][gc,metaspace   ] GC(255) Metaspace: 6302K(6528K)->6302K(6528K) NonClass: 5769K(5888K)->5769K(5888K) Class: 533K(640K)->533K(640K)
[31.385s][info][gc             ] GC(255) Pause Young (Allocation Failure) 4723M->4724M(5218M) 118.596ms
[31.385s][info][gc,cpu         ] GC(255) User=0.62s Sys=0.03s Real=0.12s
[31.434s][info][gc,start       ] GC(256) Pause Young (Allocation Failure)
[31.540s][info][gc,heap        ] GC(256) PSYoungGen: 209312K(279552K)->146816K(284672K) Eden: 49152K(49152K)->0K(49152K) From: 160160K(230400K)->146816K(235520K)
[31.540s][info][gc,heap        ] GC(256) ParOldGen: 4677499K(5063680K)->4740539K(5063680K)
[31.540s][info][gc,metaspace   ] GC(256) Metaspace: 6302K(6528K)->6302K(6528K) NonClass: 5769K(5888K)->5769K(5888K) Class: 533K(640K)->533K(640K)
[31.540s][info][gc             ] GC(256) Pause Young (Allocation Failure) 4772M->4772M(5223M) 105.767ms
[31.540s][info][gc,cpu         ] GC(256) User=0.73s Sys=0.03s Real=0.11s
[31.595s][info][gc,start       ] GC(257) Pause Young (Allocation Failure)
[31.695s][info][gc,heap        ] GC(257) PSYoungGen: 195968K(284672K)->147296K(285184K) Eden: 49152K(49152K)->0K(55808K) From: 146816K(235520K)->147296K(229376K)
[31.695s][info][gc,heap        ] GC(257) ParOldGen: 4740539K(5063680K)->4789619K(5063680K)
[31.695s][info][gc,metaspace   ] GC(257) Metaspace: 6302K(6528K)->6302K(6528K) NonClass: 5769K(5888K)->5769K(5888K) Class: 533K(640K)->533K(640K)
[31.695s][info][gc             ] GC(257) Pause Young (Allocation Failure) 4820M->4821M(5223M) 99.898ms
[31.695s][info][gc,cpu         ] GC(257) User=0.64s Sys=0.02s Real=0.10s
[31.756s][info][gc,start       ] GC(258) Pause Young (Allocation Failure)
[31.867s][info][gc,heap        ] GC(258) PSYoungGen: 203104K(285184K)->105248K(287232K) Eden: 55808K(55808K)->0K(55808K) From: 147296K(229376K)->105248K(231424K)
[31.867s][info][gc,heap        ] GC(258) ParOldGen: 4789619K(5063680K)->4888259K(5063680K)
[31.867s][info][gc,metaspace   ] GC(258) Metaspace: 6302K(6528K)->6302K(6528K) NonClass: 5769K(5888K)->5769K(5888K) Class: 533K(640K)->533K(640K)
[31.867s][info][gc             ] GC(258) Pause Young (Allocation Failure) 4875M->4876M(5225M) 110.866ms
[31.867s][info][gc,cpu         ] GC(258) User=0.86s Sys=0.03s Real=0.11s
[31.931s][info][gc,start       ] GC(259) Pause Young (Allocation Failure)
[32.021s][info][gc,heap        ] GC(259) PSYoungGen: 161056K(287232K)->56064K(285696K) Eden: 55808K(55808K)->0K(61440K) From: 105248K(231424K)->56064K(224256K)
[32.021s][info][gc,heap        ] GC(259) ParOldGen: 4888259K(5063680K)->4994139K(5063680K)
[32.021s][info][gc,metaspace   ] GC(259) Metaspace: 6302K(6528K)->6302K(6528K) NonClass: 5769K(5888K)->5769K(5888K) Class: 533K(640K)->533K(640K)
[32.021s][info][gc             ] GC(259) Pause Young (Allocation Failure) 4930M->4931M(5224M) 90.460ms
[32.021s][info][gc,cpu         ] GC(259) User=0.56s Sys=0.06s Real=0.09s
[32.022s][info][gc,start       ] GC(260) Pause Full (Ergonomics)
[32.022s][info][gc,phases,start] GC(260) Marking Phase
[33.168s][info][gc,phases      ] GC(260) Marking Phase 1146.012ms
[33.168s][info][gc,phases,start] GC(260) Summary Phase
[33.168s][info][gc,phases      ] GC(260) Summary Phase 0.088ms
[33.168s][info][gc,phases,start] GC(260) Adjust Roots
[33.168s][info][gc,phases      ] GC(260) Adjust Roots 0.163ms
[33.168s][info][gc,phases,start] GC(260) Compaction Phase
[33.583s][info][gc,phases      ] GC(260) Compaction Phase 415.159ms
[33.583s][info][gc,phases,start] GC(260) Post Compact
[33.590s][info][gc,phases      ] GC(260) Post Compact 7.366ms
[33.592s][info][gc,heap        ] GC(260) PSYoungGen: 56064K(285696K)->0K(287232K) Eden: 0K(61440K)->0K(61440K) From: 56064K(224256K)->0K(225792K)
[33.592s][info][gc,heap        ] GC(260) ParOldGen: 4994139K(5063680K)->5045786K(5611008K)
[33.592s][info][gc,metaspace   ] GC(260) Metaspace: 6302K(6528K)->6302K(6528K) NonClass: 5769K(5888K)->5769K(5888K) Class: 533K(640K)->533K(640K)
[33.592s][info][gc             ] GC(260) Pause Full (Ergonomics) 4931M->4927M(5760M) 1570.838ms
[33.592s][info][gc,cpu         ] GC(260) User=11.83s Sys=0.05s Real=1.57s
[33.665s][info][gc,start       ] GC(261) Pause Young (Allocation Failure)
[33.715s][info][gc,heap        ] GC(261) PSYoungGen: 61440K(287232K)->61664K(288768K) Eden: 61440K(61440K)->0K(67584K) From: 0K(225792K)->61664K(221184K)
[33.715s][info][gc,heap        ] GC(261) ParOldGen: 5045786K(5611008K)->5045786K(5611008K)
[33.715s][info][gc,metaspace   ] GC(261) Metaspace: 6302K(6528K)->6302K(6528K) NonClass: 5769K(5888K)->5769K(5888K) Class: 533K(640K)->533K(640K)
[33.715s][info][gc             ] GC(261) Pause Young (Allocation Failure) 4987M->4987M(5761M) 50.393ms
[33.715s][info][gc,cpu         ] GC(261) User=0.16s Sys=0.00s Real=0.05s
[33.789s][info][gc,start       ] GC(262) Pause Young (Allocation Failure)
[33.863s][info][gc,heap        ] GC(262) PSYoungGen: 129248K(288768K)->129312K(291840K) Eden: 67584K(67584K)->0K(67584K) From: 61664K(221184K)->129312K(224256K)
[33.863s][info][gc,heap        ] GC(262) ParOldGen: 5045786K(5611008K)->5045786K(5611008K)
[33.863s][info][gc,metaspace   ] GC(262) Metaspace: 6302K(6528K)->6302K(6528K) NonClass: 5769K(5888K)->5769K(5888K) Class: 533K(640K)->533K(640K)
[33.863s][info][gc             ] GC(262) Pause Young (Allocation Failure) 5053M->5053M(5764M) 73.887ms
[33.863s][info][gc,cpu         ] GC(262) User=0.39s Sys=0.00s Real=0.07s
[33.938s][info][gc,start       ] GC(263) Pause Young (Allocation Failure)
[34.038s][info][gc,heap        ] GC(263) PSYoungGen: 196896K(291840K)->197120K(273408K) Eden: 67584K(67584K)->0K(53760K) From: 129312K(224256K)->197120K(219648K)
[34.038s][info][gc,heap        ] GC(263) ParOldGen: 5045786K(5611008K)->5045786K(5611008K)
[34.038s][info][gc,metaspace   ] GC(263) Metaspace: 6302K(6528K)->6302K(6528K) NonClass: 5769K(5888K)->5769K(5888K) Class: 533K(640K)->533K(640K)
[34.038s][info][gc             ] GC(263) Pause Young (Allocation Failure) 5119M->5120M(5746M) 99.184ms
[34.038s][info][gc,cpu         ] GC(263) User=0.62s Sys=0.03s Real=0.10s
[34.098s][info][gc,start       ] GC(264) Pause Young (Allocation Failure)
[34.229s][info][gc,heap        ] GC(264) PSYoungGen: 250880K(273408K)->189408K(293888K) Eden: 53760K(53760K)->0K(53760K) From: 197120K(219648K)->189408K(240128K)
[34.229s][info][gc,heap        ] GC(264) ParOldGen: 5045786K(5611008K)->5107770K(5611008K)
[34.229s][info][gc,metaspace   ] GC(264) Metaspace: 6302K(6528K)->6302K(6528K) NonClass: 5769K(5888K)->5769K(5888K) Class: 533K(640K)->533K(640K)
[34.229s][info][gc             ] GC(264) Pause Young (Allocation Failure) 5172M->5173M(5766M) 131.111ms
[34.229s][info][gc,cpu         ] GC(264) User=0.95s Sys=0.05s Real=0.13s
[34.290s][info][gc,start       ] GC(265) Pause Young (Allocation Failure)
[34.414s][info][gc,heap        ] GC(265) PSYoungGen: 243168K(293888K)->175488K(308224K) Eden: 53760K(53760K)->0K(54784K) From: 189408K(240128K)->175488K(253440K)
[34.414s][info][gc,heap        ] GC(265) ParOldGen: 5107770K(5611008K)->5175962K(5611008K)
[34.414s][info][gc,metaspace   ] GC(265) Metaspace: 6302K(6528K)->6302K(6528K) NonClass: 5769K(5888K)->5769K(5888K) Class: 533K(640K)->533K(640K)
[34.414s][info][gc             ] GC(265) Pause Young (Allocation Failure) 5225M->5226M(5780M) 124.181ms
[34.414s][info][gc,cpu         ] GC(265) User=0.77s Sys=0.00s Real=0.12s
[34.476s][info][gc,start       ] GC(266) Pause Young (Allocation Failure)
[34.599s][info][gc,heap        ] GC(266) PSYoungGen: 230272K(308224K)->162656K(313344K) Eden: 54784K(54784K)->0K(54784K) From: 175488K(253440K)->162656K(258560K)
[34.599s][info][gc,heap        ] GC(266) ParOldGen: 5175962K(5611008K)->5244146K(5611008K)
[34.599s][info][gc,metaspace   ] GC(266) Metaspace: 6302K(6528K)->6302K(6528K) NonClass: 5769K(5888K)->5769K(5888K) Class: 533K(640K)->533K(640K)
[34.599s][info][gc             ] GC(266) Pause Young (Allocation Failure) 5279M->5280M(5785M) 123.661ms
[34.599s][info][gc,cpu         ] GC(266) User=0.97s Sys=0.03s Real=0.12s
[34.663s][info][gc,start       ] GC(267) Pause Young (Allocation Failure)
[34.777s][info][gc,heap        ] GC(267) PSYoungGen: 217440K(313344K)->163712K(314880K) Eden: 54784K(54784K)->0K(61952K) From: 162656K(258560K)->163712K(252928K)
[34.778s][info][gc,heap        ] GC(267) ParOldGen: 5244146K(5611008K)->5298402K(5611008K)
[34.778s][info][gc,metaspace   ] GC(267) Metaspace: 6302K(6528K)->6302K(6528K) NonClass: 5769K(5888K)->5769K(5888K) Class: 533K(640K)->533K(640K)
[34.778s][info][gc             ] GC(267) Pause Young (Allocation Failure) 5333M->5334M(5787M) 114.455ms
[34.778s][info][gc,cpu         ] GC(267) User=0.91s Sys=0.00s Real=0.12s
[34.852s][info][gc,start       ] GC(268) Pause Young (Allocation Failure)
[34.979s][info][gc,heap        ] GC(268) PSYoungGen: 225664K(314880K)->117056K(316928K) Eden: 61952K(61952K)->0K(61952K) From: 163712K(252928K)->117056K(254976K)
[34.979s][info][gc,heap        ] GC(268) ParOldGen: 5298402K(5611008K)->5407898K(5611008K)
[34.979s][info][gc,metaspace   ] GC(268) Metaspace: 6302K(6528K)->6302K(6528K) NonClass: 5769K(5888K)->5769K(5888K) Class: 533K(640K)->533K(640K)
[34.979s][info][gc             ] GC(268) Pause Young (Allocation Failure) 5394M->5395M(5789M) 126.858ms
[34.979s][info][gc,cpu         ] GC(268) User=0.78s Sys=0.11s Real=0.13s
[35.047s][info][gc,start       ] GC(269) Pause Young (Allocation Failure)
[35.150s][info][gc,heap        ] GC(269) PSYoungGen: 179008K(316928K)->62144K(315904K) Eden: 61952K(61952K)->0K(68608K) From: 117056K(254976K)->62144K(247296K)
[35.150s][info][gc,heap        ] GC(269) ParOldGen: 5407898K(5611008K)->5525658K(5611008K)
[35.150s][info][gc,metaspace   ] GC(269) Metaspace: 6302K(6528K)->6302K(6528K) NonClass: 5769K(5888K)->5769K(5888K) Class: 533K(640K)->533K(640K)
[35.150s][info][gc             ] GC(269) Pause Young (Allocation Failure) 5455M->5456M(5788M) 103.536ms
[35.150s][info][gc,cpu         ] GC(269) User=0.64s Sys=0.02s Real=0.10s
[35.151s][info][gc,start       ] GC(270) Pause Full (Ergonomics)
[35.151s][info][gc,phases,start] GC(270) Marking Phase
[36.410s][info][gc,phases      ] GC(270) Marking Phase 1259.192ms
[36.410s][info][gc,phases,start] GC(270) Summary Phase
[36.410s][info][gc,phases      ] GC(270) Summary Phase 0.093ms
[36.410s][info][gc,phases,start] GC(270) Adjust Roots
[36.410s][info][gc,phases      ] GC(270) Adjust Roots 0.193ms
[36.410s][info][gc,phases,start] GC(270) Compaction Phase
[36.875s][info][gc,phases      ] GC(270) Compaction Phase 465.096ms
[36.875s][info][gc,phases,start] GC(270) Post Compact
[36.884s][info][gc,phases      ] GC(270) Post Compact 8.795ms
[36.886s][info][gc,heap        ] GC(270) PSYoungGen: 62144K(315904K)->0K(317440K) Eden: 0K(68608K)->0K(68608K) From: 62144K(247296K)->0K(248832K)
[36.886s][info][gc,heap        ] GC(270) ParOldGen: 5525658K(5611008K)->5583098K(6210560K)
[36.886s][info][gc,metaspace   ] GC(270) Metaspace: 6302K(6528K)->6302K(6528K) NonClass: 5769K(5888K)->5769K(5888K) Class: 533K(640K)->533K(640K)
[36.886s][info][gc             ] GC(270) Pause Full (Ergonomics) 5456M->5452M(6375M) 1735.585ms
[36.886s][info][gc,cpu         ] GC(270) User=13.11s Sys=0.06s Real=1.74s
[36.964s][info][gc,start       ] GC(271) Pause Young (Allocation Failure)
[37.019s][info][gc,heap        ] GC(271) PSYoungGen: 68608K(317440K)->68832K(318976K) Eden: 68608K(68608K)->0K(75264K) From: 0K(248832K)->68832K(243712K)
[37.019s][info][gc,heap        ] GC(271) ParOldGen: 5583098K(6210560K)->5583098K(6210560K)
[37.019s][info][gc,metaspace   ] GC(271) Metaspace: 6302K(6528K)->6302K(6528K) NonClass: 5769K(5888K)->5769K(5888K) Class: 533K(640K)->533K(640K)
[37.019s][info][gc             ] GC(271) Pause Young (Allocation Failure) 5519M->5519M(6376M) 54.642ms
[37.019s][info][gc,cpu         ] GC(271) User=0.20s Sys=0.00s Real=0.06s
[37.116s][info][gc,start       ] GC(272) Pause Young (Allocation Failure)
[37.199s][info][gc,heap        ] GC(272) PSYoungGen: 144096K(318976K)->144160K(322560K) Eden: 75264K(75264K)->0K(75264K) From: 68832K(243712K)->144160K(247296K)
[37.199s][info][gc,heap        ] GC(272) ParOldGen: 5583098K(6210560K)->5583098K(6210560K)
[37.199s][info][gc,metaspace   ] GC(272) Metaspace: 6302K(6528K)->6302K(6528K) NonClass: 5769K(5888K)->5769K(5888K) Class: 533K(640K)->533K(640K)
[37.199s][info][gc             ] GC(272) Pause Young (Allocation Failure) 5592M->5593M(6380M) 82.281ms
[37.199s][info][gc,cpu         ] GC(272) User=0.52s Sys=0.00s Real=0.08s
[38.429s][info][gc,start       ] GC(273) Pause Young (Allocation Failure)
[38.666s][info][gc,heap        ] GC(273) PSYoungGen: 219424K(322560K)->219648K(302080K) Eden: 75264K(75264K)->0K(59392K) From: 144160K(247296K)->219648K(242688K)
[38.666s][info][gc,heap        ] GC(273) ParOldGen: 5845242K(6210560K)->5845242K(6210560K)
[38.666s][info][gc,metaspace   ] GC(273) Metaspace: 6302K(6528K)->6302K(6528K) NonClass: 5769K(5888K)->5769K(5888K) Class: 533K(640K)->533K(640K)
[38.666s][info][gc             ] GC(273) Pause Young (Allocation Failure) 5922M->5922M(6360M) 237.247ms
[38.666s][info][gc,cpu         ] GC(273) User=1.41s Sys=0.03s Real=0.24s
[38.728s][info][gc,start       ] GC(274) Pause Young (Allocation Failure)
[38.869s][info][gc,heap        ] GC(274) PSYoungGen: 279040K(302080K)->265728K(325120K) Eden: 59392K(59392K)->0K(59392K) From: 219648K(242688K)->265728K(265728K)
[38.869s][info][gc,heap        ] GC(274) ParOldGen: 5845242K(6210560K)->5858674K(6210560K)
[38.869s][info][gc,metaspace   ] GC(274) Metaspace: 6302K(6528K)->6302K(6528K) NonClass: 5769K(5888K)->5769K(5888K) Class: 533K(640K)->533K(640K)
[38.869s][info][gc             ] GC(274) Pause Young (Allocation Failure) 5980M->5980M(6382M) 140.823ms
[38.869s][info][gc,cpu         ] GC(274) User=0.58s Sys=0.00s Real=0.14s
[38.934s][info][gc,start       ] GC(275) Pause Young (Allocation Failure)
[39.092s][info][gc,heap        ] GC(275) PSYoungGen: 325120K(325120K)->182624K(366592K) Eden: 59392K(59392K)->0K(66048K) From: 265728K(265728K)->182624K(300544K)
[39.092s][info][gc,heap        ] GC(275) ParOldGen: 5858674K(6210560K)->6002394K(6210560K)
[39.092s][info][gc,metaspace   ] GC(275) Metaspace: 6302K(6528K)->6302K(6528K) NonClass: 5769K(5888K)->5769K(5888K) Class: 533K(640K)->533K(640K)
[39.092s][info][gc             ] GC(275) Pause Young (Allocation Failure) 6038M->6040M(6423M) 157.697ms
[39.092s][info][gc,cpu         ] GC(275) User=0.97s Sys=0.08s Real=0.16s
[39.163s][info][gc,start       ] GC(276) Pause Young (Allocation Failure)
[39.301s][info][gc,heap        ] GC(276) PSYoungGen: 248672K(366592K)->184352K(369152K) Eden: 66048K(66048K)->0K(66048K) From: 182624K(300544K)->184352K(303104K)
[39.301s][info][gc,heap        ] GC(276) ParOldGen: 6002394K(6210560K)->6067314K(6210560K)
[39.301s][info][gc,metaspace   ] GC(276) Metaspace: 6302K(6528K)->6302K(6528K) NonClass: 5769K(5888K)->5769K(5888K) Class: 533K(640K)->533K(640K)
[39.301s][info][gc             ] GC(276) Pause Young (Allocation Failure) 6104M->6105M(6425M) 137.481ms
[39.301s][info][gc,cpu         ] GC(276) User=0.77s Sys=0.06s Real=0.14s
[39.301s][info][gc,start       ] GC(277) Pause Full (Ergonomics)
[39.301s][info][gc,phases,start] GC(277) Marking Phase
[40.650s][info][gc,phases      ] GC(277) Marking Phase 1349.069ms
[40.650s][info][gc,phases,start] GC(277) Summary Phase
[40.650s][info][gc,phases      ] GC(277) Summary Phase 0.137ms
[40.650s][info][gc,phases,start] GC(277) Adjust Roots
[40.650s][info][gc,phases      ] GC(277) Adjust Roots 0.162ms
[40.650s][info][gc,phases,start] GC(277) Compaction Phase
[41.562s][info][gc,phases      ] GC(277) Compaction Phase 911.731ms
[41.562s][info][gc,phases,start] GC(277) Post Compact
[41.572s][info][gc,phases      ] GC(277) Post Compact 9.916ms
[41.575s][info][gc,heap        ] GC(277) PSYoungGen: 184352K(369152K)->0K(373248K) Eden: 0K(66048K)->0K(73728K) From: 184352K(303104K)->0K(299520K)
[41.575s][info][gc,heap        ] GC(277) ParOldGen: 6067314K(6210560K)->6117950K(6799872K)
[41.575s][info][gc,metaspace   ] GC(277) Metaspace: 6302K(6528K)->6302K(6528K) NonClass: 5769K(5888K)->5769K(5888K) Class: 533K(640K)->533K(640K)
[41.575s][info][gc             ] GC(277) Pause Full (Ergonomics) 6105M->5974M(7005M) 2273.817ms
[41.575s][info][gc,cpu         ] GC(277) User=16.20s Sys=0.09s Real=2.27s
[41.647s][info][gc,start       ] GC(278) Pause Young (Allocation Failure)
[41.735s][info][gc,heap        ] GC(278) PSYoungGen: 73728K(373248K)->73984K(373248K) Eden: 73728K(73728K)->0K(73728K) From: 0K(299520K)->73984K(299520K)
[41.735s][info][gc,heap        ] GC(278) ParOldGen: 6117950K(6799872K)->6117950K(6799872K)
[41.735s][info][gc,metaspace   ] GC(278) Metaspace: 6302K(6528K)->6302K(6528K) NonClass: 5769K(5888K)->5769K(5888K) Class: 533K(640K)->533K(640K)
[41.735s][info][gc             ] GC(278) Pause Young (Allocation Failure) 6046M->6046M(7005M) 87.989ms
[41.735s][info][gc,cpu         ] GC(278) User=0.33s Sys=0.00s Real=0.09s
[41.814s][info][gc,start       ] GC(279) Pause Young (Allocation Failure)
[41.921s][info][gc,heap        ] GC(279) PSYoungGen: 147712K(373248K)->147808K(350208K) Eden: 73728K(73728K)->0K(80896K) From: 73984K(299520K)->147808K(269312K)
[41.921s][info][gc,heap        ] GC(279) ParOldGen: 6117950K(6799872K)->6117950K(6799872K)
[41.921s][info][gc,metaspace   ] GC(279) Metaspace: 6302K(6528K)->6302K(6528K) NonClass: 5769K(5888K)->5769K(5888K) Class: 533K(640K)->533K(640K)
[41.921s][info][gc             ] GC(279) Pause Young (Allocation Failure) 6118M->6118M(6982M) 106.773ms
[41.921s][info][gc,cpu         ] GC(279) User=0.38s Sys=0.00s Real=0.11s
[42.008s][info][gc,start       ] GC(280) Pause Young (Allocation Failure)
[42.138s][info][gc,heap        ] GC(280) PSYoungGen: 228704K(350208K)->228864K(365056K) Eden: 80896K(80896K)->0K(80896K) From: 147808K(269312K)->228864K(284160K)
[42.138s][info][gc,heap        ] GC(280) ParOldGen: 6117950K(6799872K)->6117950K(6799872K)
[42.138s][info][gc,metaspace   ] GC(280) Metaspace: 6302K(6528K)->6302K(6528K) NonClass: 5769K(5888K)->5769K(5888K) Class: 533K(640K)->533K(640K)
[42.138s][info][gc             ] GC(280) Pause Young (Allocation Failure) 6197M->6198M(6997M) 130.357ms
[42.138s][info][gc,cpu         ] GC(280) User=0.48s Sys=0.00s Real=0.13s
[42.221s][info][gc,start       ] GC(281) Pause Young (Allocation Failure)
[42.372s][info][gc,heap        ] GC(281) PSYoungGen: 309760K(365056K)->300544K(347136K) Eden: 80896K(80896K)->0K(46592K) From: 228864K(284160K)->300544K(300544K)
[42.372s][info][gc,heap        ] GC(281) ParOldGen: 6117950K(6799872K)->6127270K(6799872K)
[42.372s][info][gc,metaspace   ] GC(281) Metaspace: 6302K(6528K)->6302K(6528K) NonClass: 5769K(5888K)->5769K(5888K) Class: 533K(640K)->533K(640K)
[42.372s][info][gc             ] GC(281) Pause Young (Allocation Failure) 6277M->6277M(6979M) 150.212ms
[42.372s][info][gc,cpu         ] GC(281) User=0.77s Sys=0.00s Real=0.15s
[42.420s][info][gc,start       ] GC(282) Pause Young (Allocation Failure)
[42.578s][info][gc,heap        ] GC(282) PSYoungGen: 347136K(347136K)->277856K(389632K) Eden: 46592K(46592K)->0K(46592K) From: 300544K(300544K)->277856K(343040K)
[42.578s][info][gc,heap        ] GC(282) ParOldGen: 6127270K(6799872K)->6197278K(6799872K)
[42.578s][info][gc,metaspace   ] GC(282) Metaspace: 6302K(6528K)->6302K(6528K) NonClass: 5769K(5888K)->5769K(5888K) Class: 533K(640K)->533K(640K)
[42.578s][info][gc             ] GC(282) Pause Young (Allocation Failure) 6322M->6323M(7021M) 158.119ms
[42.578s][info][gc,cpu         ] GC(282) User=0.78s Sys=0.03s Real=0.16s
[42.634s][info][gc,start       ] GC(283) Pause Young (Allocation Failure)
[42.791s][info][gc,heap        ] GC(283) PSYoungGen: 324448K(389632K)->174368K(384512K) Eden: 46592K(46592K)->0K(52736K) From: 277856K(343040K)->174368K(331776K)
[42.791s][info][gc,heap        ] GC(283) ParOldGen: 6197278K(6799872K)->6348462K(6799872K)
[42.791s][info][gc,metaspace   ] GC(283) Metaspace: 6302K(6528K)->6302K(6528K) NonClass: 5769K(5888K)->5769K(5888K) Class: 533K(640K)->533K(640K)
[42.791s][info][gc             ] GC(283) Pause Young (Allocation Failure) 6368M->6369M(7016M) 156.941ms
[42.791s][info][gc,cpu         ] GC(283) User=0.80s Sys=0.05s Real=0.16s
[42.844s][info][gc,start       ] GC(284) Pause Young (Allocation Failure)
[42.974s][info][gc,heap        ] GC(284) PSYoungGen: 227104K(384512K)->99616K(401408K) Eden: 52736K(52736K)->0K(52736K) From: 174368K(331776K)->99616K(348672K)
[42.974s][info][gc,heap        ] GC(284) ParOldGen: 6348462K(6799872K)->6476950K(6799872K)
[42.974s][info][gc,metaspace   ] GC(284) Metaspace: 6302K(6528K)->6302K(6528K) NonClass: 5769K(5888K)->5769K(5888K) Class: 533K(640K)->533K(640K)
[42.974s][info][gc             ] GC(284) Pause Young (Allocation Failure) 6421M->6422M(7032M) 129.997ms
[42.974s][info][gc,cpu         ] GC(284) User=0.58s Sys=0.02s Real=0.13s
[43.027s][info][gc,start       ] GC(285) Pause Young (Allocation Failure)
[43.134s][info][gc,heap        ] GC(285) PSYoungGen: 152352K(401408K)->52960K(402432K) Eden: 52736K(52736K)->0K(56832K) From: 99616K(348672K)->52960K(345600K)
[43.135s][info][gc,heap        ] GC(285) ParOldGen: 6476950K(6799872K)->6577142K(6799872K)
[43.135s][info][gc,metaspace   ] GC(285) Metaspace: 6302K(6528K)->6302K(6528K) NonClass: 5769K(5888K)->5769K(5888K) Class: 533K(640K)->533K(640K)
[43.135s][info][gc             ] GC(285) Pause Young (Allocation Failure) 6473M->6474M(7033M) 107.515ms
[43.135s][info][gc,cpu         ] GC(285) User=0.34s Sys=0.02s Real=0.11s
[43.198s][info][gc,start       ] GC(286) Pause Young (Allocation Failure)
[43.291s][info][gc,heap        ] GC(286) PSYoungGen: 109792K(402432K)->56992K(405504K) Eden: 56832K(56832K)->0K(56832K) From: 52960K(345600K)->56992K(348672K)
[43.291s][info][gc,heap        ] GC(286) ParOldGen: 6577142K(6799872K)->6630366K(6799872K)
[43.291s][info][gc,metaspace   ] GC(286) Metaspace: 6302K(6528K)->6302K(6528K) NonClass: 5769K(5888K)->5769K(5888K) Class: 533K(640K)->533K(640K)
[43.291s][info][gc             ] GC(286) Pause Young (Allocation Failure) 6530M->6530M(7036M) 93.967ms
[43.292s][info][gc,cpu         ] GC(286) User=0.23s Sys=0.02s Real=0.09s
[43.292s][info][gc,start       ] GC(287) Pause Full (Ergonomics)
[43.292s][info][gc,phases,start] GC(287) Marking Phase
[44.785s][info][gc,phases      ] GC(287) Marking Phase 1493.574ms
[44.785s][info][gc,phases,start] GC(287) Summary Phase
[44.785s][info][gc,phases      ] GC(287) Summary Phase 0.110ms
[44.785s][info][gc,phases,start] GC(287) Adjust Roots
[44.785s][info][gc,phases      ] GC(287) Adjust Roots 0.170ms
[44.786s][info][gc,phases,start] GC(287) Compaction Phase
[45.400s][info][gc,phases      ] GC(287) Compaction Phase 614.587ms
[45.400s][info][gc,phases,start] GC(287) Post Compact
[45.410s][info][gc,phases      ] GC(287) Post Compact 10.087ms
[45.412s][info][gc,heap        ] GC(287) PSYoungGen: 56992K(405504K)->0K(412160K) Eden: 0K(56832K)->0K(64512K) From: 56992K(348672K)->0K(347648K)
[45.412s][info][gc,heap        ] GC(287) ParOldGen: 6630366K(6799872K)->6682404K(7445504K)
[45.412s][info][gc,metaspace   ] GC(287) Metaspace: 6302K(6528K)->6302K(6528K) NonClass: 5769K(5888K)->5769K(5888K) Class: 533K(640K)->533K(640K)
[45.412s][info][gc             ] GC(287) Pause Full (Ergonomics) 6530M->6525M(7673M) 2120.922ms
[45.413s][info][gc,cpu         ] GC(287) User=15.31s Sys=0.08s Real=2.12s
[45.492s][info][gc,start       ] GC(288) Pause Young (Allocation Failure)
[45.589s][info][gc,heap        ] GC(288) PSYoungGen: 64512K(412160K)->64736K(412160K) Eden: 64512K(64512K)->0K(64512K) From: 0K(347648K)->64736K(347648K)
[45.589s][info][gc,heap        ] GC(288) ParOldGen: 6682404K(7445504K)->6682404K(7445504K)
[45.589s][info][gc,metaspace   ] GC(288) Metaspace: 6302K(6528K)->6302K(6528K) NonClass: 5769K(5888K)->5769K(5888K) Class: 533K(640K)->533K(640K)
[45.589s][info][gc             ] GC(288) Pause Young (Allocation Failure) 6588M->6589M(7673M) 96.891ms
[45.589s][info][gc,cpu         ] GC(288) User=0.20s Sys=0.00s Real=0.10s
[45.657s][info][gc,start       ] GC(289) Pause Young (Allocation Failure)
[45.762s][info][gc,heap        ] GC(289) PSYoungGen: 129248K(412160K)->64704K(400384K) Eden: 64512K(64512K)->0K(71680K) From: 64736K(347648K)->64704K(328704K)
[45.762s][info][gc,heap        ] GC(289) ParOldGen: 6682404K(7445504K)->6747492K(7445504K)
[45.762s][info][gc,metaspace   ] GC(289) Metaspace: 6302K(6528K)->6302K(6528K) NonClass: 5769K(5888K)->5769K(5888K) Class: 533K(640K)->533K(640K)
[45.762s][info][gc             ] GC(289) Pause Young (Allocation Failure) 6652M->6652M(7662M) 104.734ms
[45.762s][info][gc,cpu         ] GC(289) User=0.34s Sys=0.02s Real=0.10s
[45.837s][info][gc,start       ] GC(290) Pause Young (Allocation Failure)
[45.937s][info][gc,heap        ] GC(290) PSYoungGen: 136384K(400384K)->71936K(143872K) Eden: 71680K(71680K)->0K(71680K) From: 64704K(328704K)->71936K(72192K)
[45.937s][info][gc,heap        ] GC(290) ParOldGen: 6747492K(7445504K)->6812596K(7445504K)
[45.937s][info][gc,metaspace   ] GC(290) Metaspace: 6302K(6528K)->6302K(6528K) NonClass: 5769K(5888K)->5769K(5888K) Class: 533K(640K)->533K(640K)
[45.937s][info][gc             ] GC(290) Pause Young (Allocation Failure) 6722M->6723M(7411M) 99.916ms
[45.937s][info][gc,cpu         ] GC(290) User=0.39s Sys=0.06s Real=0.10s
[46.022s][info][gc,start       ] GC(291) Pause Young (Allocation Failure)
[46.130s][info][gc,heap        ] GC(291) PSYoungGen: 143616K(143872K)->71968K(386048K) Eden: 71680K(71680K)->0K(79872K) From: 71936K(72192K)->71968K(306176K)
[46.130s][info][gc,heap        ] GC(291) ParOldGen: 6812596K(7445504K)->6884932K(7445504K)
[46.130s][info][gc,metaspace   ] GC(291) Metaspace: 6302K(6528K)->6302K(6528K) NonClass: 5769K(5888K)->5769K(5888K) Class: 533K(640K)->533K(640K)
[46.130s][info][gc             ] GC(291) Pause Young (Allocation Failure) 6793M->6793M(7648M) 107.785ms
[46.130s][info][gc,cpu         ] GC(291) User=0.36s Sys=0.05s Real=0.11s
[46.209s][info][gc,start       ] GC(292) Pause Young (Allocation Failure)
[46.323s][info][gc,heap        ] GC(292) PSYoungGen: 151840K(386048K)->80128K(160256K) Eden: 79872K(79872K)->0K(79872K) From: 71968K(306176K)->80128K(80384K)
[46.323s][info][gc,heap        ] GC(292) ParOldGen: 6884932K(7445504K)->6957268K(7445504K)
[46.323s][info][gc,metaspace   ] GC(292) Metaspace: 6302K(6528K)->6302K(6528K) NonClass: 5769K(5888K)->5769K(5888K) Class: 533K(640K)->533K(640K)
[46.323s][info][gc             ] GC(292) Pause Young (Allocation Failure) 6871M->6872M(7427M) 114.271ms
[46.323s][info][gc,cpu         ] GC(292) User=0.31s Sys=0.06s Real=0.11s
[46.404s][info][gc,start       ] GC(293) Pause Young (Allocation Failure)
[46.519s][info][gc,heap        ] GC(293) PSYoungGen: 160000K(160256K)->80160K(368128K) Eden: 79872K(79872K)->0K(89088K) From: 80128K(80384K)->80160K(279040K)
[46.519s][info][gc,heap        ] GC(293) ParOldGen: 6957268K(7445504K)->7037860K(7445504K)
[46.519s][info][gc,metaspace   ] GC(293) Metaspace: 6302K(6528K)->6302K(6528K) NonClass: 5769K(5888K)->5769K(5888K) Class: 533K(640K)->533K(640K)
[46.519s][info][gc             ] GC(293) Pause Young (Allocation Failure) 6950M->6951M(7630M) 114.909ms
[46.519s][info][gc,cpu         ] GC(293) User=0.50s Sys=0.06s Real=0.12s
[46.615s][info][gc,start       ] GC(294) Pause Young (Allocation Failure)
[46.728s][info][gc,heap        ] GC(294) PSYoungGen: 169248K(368128K)->89344K(178688K) Eden: 89088K(89088K)->0K(89088K) From: 80160K(279040K)->89344K(89600K)
[46.728s][info][gc,heap        ] GC(294) ParOldGen: 7037860K(7445504K)->7118452K(7445504K)
[46.728s][info][gc,metaspace   ] GC(294) Metaspace: 6302K(6528K)->6302K(6528K) NonClass: 5769K(5888K)->5769K(5888K) Class: 533K(640K)->533K(640K)
[46.728s][info][gc             ] GC(294) Pause Young (Allocation Failure) 7038M->7038M(7445M) 113.372ms
[46.728s][info][gc,cpu         ] GC(294) User=0.50s Sys=0.03s Real=0.11s
[46.812s][info][gc,start       ] GC(295) Pause Young (Allocation Failure)
[46.927s][info][gc,heap        ] GC(295) PSYoungGen: 178432K(178688K)->89376K(351744K) Eden: 89088K(89088K)->0K(99328K) From: 89344K(89600K)->89376K(252416K)
[46.927s][info][gc,heap        ] GC(295) ParOldGen: 7118452K(7445504K)->7208340K(7445504K)
[46.927s][info][gc,metaspace   ] GC(295) Metaspace: 6302K(6528K)->6302K(6528K) NonClass: 5769K(5888K)->5769K(5888K) Class: 533K(640K)->533K(640K)
[46.927s][info][gc             ] GC(295) Pause Young (Allocation Failure) 7125M->7126M(7614M) 114.979ms
[46.927s][info][gc,cpu         ] GC(295) User=0.44s Sys=0.02s Real=0.12s
[47.032s][info][gc,start       ] GC(296) Pause Young (Allocation Failure)
[47.153s][info][gc,heap        ] GC(296) PSYoungGen: 188704K(351744K)->99648K(199168K) Eden: 99328K(99328K)->0K(99328K) From: 89376K(252416K)->99648K(99840K)
[47.153s][info][gc,heap        ] GC(296) ParOldGen: 7208340K(7445504K)->7298220K(7445504K)
[47.153s][info][gc,metaspace   ] GC(296) Metaspace: 6302K(6528K)->6302K(6528K) NonClass: 5769K(5888K)->5769K(5888K) Class: 533K(640K)->533K(640K)
[47.153s][info][gc             ] GC(296) Pause Young (Allocation Failure) 7223M->7224M(7465M) 120.919ms
[47.153s][info][gc,cpu         ] GC(296) User=0.47s Sys=0.02s Real=0.12s
[47.259s][info][gc,start       ] GC(297) Pause Young (Allocation Failure)
[47.391s][info][gc,heap        ] GC(297) PSYoungGen: 198976K(199168K)->99616K(336384K) Eden: 99328K(99328K)->0K(110592K) From: 99648K(99840K)->99616K(225792K)
[47.391s][info][gc,heap        ] GC(297) ParOldGen: 7298220K(7445504K)->7398444K(7445504K)
[47.391s][info][gc,metaspace   ] GC(297) Metaspace: 6302K(6528K)->6302K(6528K) NonClass: 5769K(5888K)->5769K(5888K) Class: 533K(640K)->533K(640K)
[47.391s][info][gc             ] GC(297) Pause Young (Allocation Failure) 7321M->7322M(7599M) 132.448ms
[47.391s][info][gc,cpu         ] GC(297) User=0.48s Sys=0.00s Real=0.13s
[47.391s][info][gc,start       ] GC(298) Pause Full (Ergonomics)
[47.391s][info][gc,phases,start] GC(298) Marking Phase
[49.075s][info][gc,phases      ] GC(298) Marking Phase 1683.537ms
[49.075s][info][gc,phases,start] GC(298) Summary Phase
[49.075s][info][gc,phases      ] GC(298) Summary Phase 0.081ms
[49.075s][info][gc,phases,start] GC(298) Adjust Roots
[49.075s][info][gc,phases      ] GC(298) Adjust Roots 0.192ms
[49.075s][info][gc,phases,start] GC(298) Compaction Phase
[49.822s][info][gc,phases      ] GC(298) Compaction Phase 746.285ms
[49.822s][info][gc,phases,start] GC(298) Post Compact
[49.833s][info][gc,phases      ] GC(298) Post Compact 11.313ms
[49.836s][info][gc,heap        ] GC(298) PSYoungGen: 99616K(336384K)->45639K(349184K) Eden: 0K(110592K)->0K(123392K) From: 99616K(225792K)->45639K(225792K)
[49.836s][info][gc,heap        ] GC(298) ParOldGen: 7398444K(7445504K)->7445417K(8245248K)
[49.836s][info][gc,metaspace   ] GC(298) Metaspace: 6302K(6528K)->6302K(6528K) NonClass: 5769K(5888K)->5769K(5888K) Class: 533K(640K)->533K(640K)
[49.836s][info][gc             ] GC(298) Pause Full (Ergonomics) 7322M->7315M(8393M) 2444.224ms
[49.836s][info][gc,cpu         ] GC(298) User=17.59s Sys=0.06s Real=2.45s
[49.965s][info][gc,start       ] GC(299) Pause Young (Allocation Failure)
[50.367s][info][gc,heap        ] GC(299) PSYoungGen: 169031K(349184K)->123776K(361984K) Eden: 123392K(123392K)->0K(123392K) From: 45639K(225792K)->123776K(238592K)
[50.367s][info][gc,heap        ] GC(299) ParOldGen: 7445417K(8245248K)->7491513K(8245248K)
[50.367s][info][gc,metaspace   ] GC(299) Metaspace: 6302K(6528K)->6302K(6528K) NonClass: 5769K(5888K)->5769K(5888K) Class: 533K(640K)->533K(640K)
[50.367s][info][gc             ] GC(299) Pause Young (Allocation Failure) 7435M->7436M(8405M) 401.998ms
[50.367s][info][gc,cpu         ] GC(299) User=2.64s Sys=0.03s Real=0.40s
[50.499s][info][gc,start       ] GC(300) Pause Young (Allocation Failure)
[50.641s][info][gc,heap        ] GC(300) PSYoungGen: 247168K(361984K)->231424K(327680K) Eden: 123392K(123392K)->0K(96256K) From: 123776K(238592K)->231424K(231424K)
[50.642s][info][gc,heap        ] GC(300) ParOldGen: 7491513K(8245248K)->7507489K(8245248K)
[50.642s][info][gc,metaspace   ] GC(300) Metaspace: 6302K(6528K)->6302K(6528K) NonClass: 5769K(5888K)->5769K(5888K) Class: 533K(640K)->533K(640K)
[50.642s][info][gc             ] GC(300) Pause Young (Allocation Failure) 7557M->7557M(8372M) 142.365ms
[50.642s][info][gc,cpu         ] GC(300) User=0.69s Sys=0.02s Real=0.14s
[50.747s][info][gc,start       ] GC(301) Pause Young (Allocation Failure)
[50.917s][info][gc,heap        ] GC(301) PSYoungGen: 327680K(327680K)->96544K(366592K) Eden: 96256K(96256K)->0K(96256K) From: 231424K(231424K)->96544K(270336K)
[50.917s][info][gc,heap        ] GC(301) ParOldGen: 7507489K(8245248K)->7740537K(8245248K)
[50.917s][info][gc,metaspace   ] GC(301) Metaspace: 6302K(6528K)->6302K(6528K) NonClass: 5769K(5888K)->5769K(5888K) Class: 533K(640K)->533K(640K)
[50.917s][info][gc             ] GC(301) Pause Young (Allocation Failure) 7651M->7653M(8410M) 169.857ms
[50.917s][info][gc,cpu         ] GC(301) User=1.06s Sys=0.17s Real=0.17s
[51.026s][info][gc,start       ] GC(302) Pause Young (Allocation Failure)
[51.156s][info][gc,heap        ] GC(302) PSYoungGen: 192800K(366592K)->96544K(347136K) Eden: 96256K(96256K)->0K(106496K) From: 96544K(270336K)->96544K(240640K)
[51.156s][info][gc,heap        ] GC(302) ParOldGen: 7740537K(8245248K)->7837665K(8245248K)
[51.156s][info][gc,metaspace   ] GC(302) Metaspace: 6302K(6528K)->6302K(6528K) NonClass: 5769K(5888K)->5769K(5888K) Class: 533K(640K)->533K(640K)
[51.156s][info][gc             ] GC(302) Pause Young (Allocation Failure) 7747M->7748M(8391M) 129.555ms
[51.156s][info][gc,cpu         ] GC(302) User=0.64s Sys=0.03s Real=0.13s
[51.268s][info][gc,start       ] GC(303) Pause Young (Allocation Failure)
[51.405s][info][gc,heap        ] GC(303) PSYoungGen: 203040K(347136K)->106848K(356864K) Eden: 106496K(106496K)->0K(106496K) From: 96544K(240640K)->106848K(250368K)
[51.405s][info][gc,heap        ] GC(303) ParOldGen: 7837665K(8245248K)->7934769K(8245248K)
[51.405s][info][gc,metaspace   ] GC(303) Metaspace: 6302K(6528K)->6302K(6528K) NonClass: 5769K(5888K)->5769K(5888K) Class: 533K(640K)->533K(640K)
[51.405s][info][gc             ] GC(303) Pause Young (Allocation Failure) 7852M->7853M(8400M) 136.942ms
[51.405s][info][gc,cpu         ] GC(303) User=0.53s Sys=0.03s Real=0.14s
[51.520s][info][gc,start       ] GC(304) Pause Young (Allocation Failure)
[51.654s][info][gc,heap        ] GC(304) PSYoungGen: 213344K(356864K)->106784K(337408K) Eden: 106496K(106496K)->0K(118272K) From: 106848K(250368K)->106784K(219136K)
[51.654s][info][gc,heap        ] GC(304) ParOldGen: 7934769K(8245248K)->8042225K(8245248K)
[51.654s][info][gc,metaspace   ] GC(304) Metaspace: 6302K(6528K)->6302K(6528K) NonClass: 5769K(5888K)->5769K(5888K) Class: 533K(640K)->533K(640K)
[51.654s][info][gc             ] GC(304) Pause Young (Allocation Failure) 7957M->7958M(8381M) 133.938ms
[51.654s][info][gc,cpu         ] GC(304) User=0.56s Sys=0.06s Real=0.13s
[51.779s][info][gc,start       ] GC(305) Pause Young (Allocation Failure)
[51.918s][info][gc,heap        ] GC(305) PSYoungGen: 225056K(337408K)->118624K(347136K) Eden: 118272K(118272K)->0K(118272K) From: 106784K(219136K)->118624K(228864K)
[51.918s][info][gc,heap        ] GC(305) ParOldGen: 8042225K(8245248K)->8149673K(8245248K)
[51.918s][info][gc,metaspace   ] GC(305) Metaspace: 6302K(6528K)->6302K(6528K) NonClass: 5769K(5888K)->5769K(5888K) Class: 533K(640K)->533K(640K)
[51.918s][info][gc             ] GC(305) Pause Young (Allocation Failure) 8073M->8074M(8391M) 138.980ms
[51.918s][info][gc,cpu         ] GC(305) User=0.70s Sys=0.00s Real=0.14s
[51.918s][info][gc,start       ] GC(306) Pause Full (Ergonomics)
[51.918s][info][gc,phases,start] GC(306) Marking Phase
[53.809s][info][gc,phases      ] GC(306) Marking Phase 1890.613ms
[53.809s][info][gc,phases,start] GC(306) Summary Phase
[53.809s][info][gc,phases      ] GC(306) Summary Phase 0.118ms
[53.809s][info][gc,phases,start] GC(306) Adjust Roots
[53.809s][info][gc,phases      ] GC(306) Adjust Roots 0.251ms
[53.809s][info][gc,phases,start] GC(306) Compaction Phase
[54.624s][info][gc,phases      ] GC(306) Compaction Phase 814.545ms
[54.624s][info][gc,phases,start] GC(306) Post Compact
[54.636s][info][gc,phases      ] GC(306) Post Compact 11.954ms
[54.639s][info][gc,heap        ] GC(306) PSYoungGen: 118624K(347136K)->16565K(347136K) Eden: 0K(118272K)->0K(118272K) From: 118624K(228864K)->16565K(228864K)
[54.639s][info][gc,heap        ] GC(306) ParOldGen: 8149673K(8245248K)->8244826K(9150976K)
[54.639s][info][gc,metaspace   ] GC(306) Metaspace: 6302K(6528K)->6302K(6528K) NonClass: 5769K(5888K)->5769K(5888K) Class: 533K(640K)->533K(640K)
[54.639s][info][gc             ] GC(306) Pause Full (Ergonomics) 8074M->8067M(9275M) 2720.726ms
[54.639s][info][gc,cpu         ] GC(306) User=19.39s Sys=0.05s Real=2.72s
[54.765s][info][gc,start       ] GC(307) Pause Young (Allocation Failure)
[55.197s][info][gc,heap        ] GC(307) PSYoungGen: 134837K(347136K)->118624K(326144K) Eden: 118272K(118272K)->0K(129024K) From: 16565K(228864K)->118624K(197120K)
[55.197s][info][gc,heap        ] GC(307) ParOldGen: 8244826K(9150976K)->8261570K(9150976K)
[55.197s][info][gc,metaspace   ] GC(307) Metaspace: 6302K(6528K)->6302K(6528K) NonClass: 5769K(5888K)->5769K(5888K) Class: 533K(640K)->533K(640K)
[55.197s][info][gc             ] GC(307) Pause Young (Allocation Failure) 8183M->8183M(9255M) 432.148ms
[55.197s][info][gc,cpu         ] GC(307) User=2.98s Sys=0.02s Real=0.43s
[55.331s][info][gc,start       ] GC(308) Pause Young (Allocation Failure)
[55.481s][info][gc,heap        ] GC(308) PSYoungGen: 247648K(326144K)->208896K(337920K) Eden: 129024K(129024K)->0K(129024K) From: 118624K(197120K)->208896K(208896K)
[55.481s][info][gc,heap        ] GC(308) ParOldGen: 8261570K(9150976K)->8300722K(9150976K)
[55.481s][info][gc,metaspace   ] GC(308) Metaspace: 6302K(6528K)->6302K(6528K) NonClass: 5769K(5888K)->5769K(5888K) Class: 533K(640K)->533K(640K)
[55.481s][info][gc             ] GC(308) Pause Young (Allocation Failure) 8309M->8310M(9266M) 149.715ms
[55.481s][info][gc,cpu         ] GC(308) User=0.84s Sys=0.00s Real=0.15s
[55.615s][info][gc,start       ] GC(309) Pause Young (Allocation Failure)
[55.815s][info][gc,heap        ] GC(309) PSYoungGen: 337920K(337920K)->129408K(367104K) Eden: 129024K(129024K)->0K(141824K) From: 208896K(208896K)->129408K(225280K)
[55.815s][info][gc,heap        ] GC(309) ParOldGen: 8300722K(9150976K)->8511114K(9150976K)
[55.815s][info][gc,metaspace   ] GC(309) Metaspace: 6302K(6528K)->6302K(6528K) NonClass: 5769K(5888K)->5769K(5888K) Class: 533K(640K)->533K(640K)
[55.815s][info][gc             ] GC(309) Pause Young (Allocation Failure) 8436M->8438M(9295M) 199.317ms
[55.815s][info][gc,cpu         ] GC(309) User=1.17s Sys=0.14s Real=0.20s
[55.971s][info][gc,start       ] GC(310) Pause Young (Allocation Failure)
[56.132s][info][gc,heap        ] GC(310) PSYoungGen: 271232K(367104K)->236544K(378368K) Eden: 141824K(141824K)->0K(141824K) From: 129408K(225280K)->236544K(236544K)
[56.132s][info][gc,heap        ] GC(310) ParOldGen: 8511114K(9150976K)->8546202K(9150976K)
[56.132s][info][gc,metaspace   ] GC(310) Metaspace: 6302K(6528K)->6302K(6528K) NonClass: 5769K(5888K)->5769K(5888K) Class: 533K(640K)->533K(640K)
[56.132s][info][gc             ] GC(310) Pause Young (Allocation Failure) 8576M->8576M(9306M) 161.713ms
[56.132s][info][gc,cpu         ] GC(310) User=0.94s Sys=0.00s Real=0.16s
[56.287s][info][gc,start       ] GC(311) Pause Young (Allocation Failure)
[56.511s][info][gc,heap        ] GC(311) PSYoungGen: 378368K(378368K)->142208K(409088K) Eden: 141824K(141824K)->0K(156672K) From: 236544K(236544K)->142208K(252416K)
[56.511s][info][gc,heap        ] GC(311) ParOldGen: 8546202K(9150976K)->8784418K(9150976K)
[56.511s][info][gc,metaspace   ] GC(311) Metaspace: 6302K(6528K)->6302K(6528K) NonClass: 5769K(5888K)->5769K(5888K) Class: 533K(640K)->533K(640K)
[56.511s][info][gc             ] GC(311) Pause Young (Allocation Failure) 8715M->8717M(9336M) 224.239ms
[56.511s][info][gc,cpu         ] GC(311) User=1.44s Sys=0.17s Real=0.22s
[56.685s][info][gc,start       ] GC(312) Pause Young (Allocation Failure)
[56.869s][info][gc,heap        ] GC(312) PSYoungGen: 298880K(409088K)->157152K(421888K) Eden: 156672K(156672K)->0K(156672K) From: 142208K(252416K)->157152K(265216K)
[56.869s][info][gc,heap        ] GC(312) ParOldGen: 8784418K(9150976K)->8927498K(9150976K)
[56.869s][info][gc,metaspace   ] GC(312) Metaspace: 6302K(6528K)->6302K(6528K) NonClass: 5769K(5888K)->5769K(5888K) Class: 533K(640K)->533K(640K)
[56.869s][info][gc             ] GC(312) Pause Young (Allocation Failure) 8870M->8871M(9348M) 183.961ms
[56.869s][info][gc,cpu         ] GC(312) User=1.20s Sys=0.06s Real=0.18s
[56.869s][info][gc,start       ] GC(313) Pause Full (Ergonomics)
[56.869s][info][gc,phases,start] GC(313) Marking Phase
[58.952s][info][gc,phases      ] GC(313) Marking Phase 2082.091ms
[58.952s][info][gc,phases,start] GC(313) Summary Phase
[58.952s][info][gc,phases      ] GC(313) Summary Phase 0.185ms
[58.952s][info][gc,phases,start] GC(313) Adjust Roots
[58.952s][info][gc,phases      ] GC(313) Adjust Roots 0.268ms
[58.952s][info][gc,phases,start] GC(313) Compaction Phase
[59.765s][info][gc,phases      ] GC(313) Compaction Phase 812.765ms
[59.765s][info][gc,phases,start] GC(313) Post Compact
[59.779s][info][gc,phases      ] GC(313) Post Compact 13.861ms
[59.782s][info][gc,heap        ] GC(313) PSYoungGen: 157152K(421888K)->0K(431104K) Eden: 0K(156672K)->0K(173056K) From: 157152K(265216K)->0K(258048K)
[59.782s][info][gc,heap        ] GC(313) ParOldGen: 8927498K(9150976K)->9077832K(10035200K)
[59.782s][info][gc,metaspace   ] GC(313) Metaspace: 6302K(6528K)->6302K(6528K) NonClass: 5769K(5888K)->5769K(5888K) Class: 533K(640K)->533K(640K)
[59.782s][info][gc             ] GC(313) Pause Full (Ergonomics) 8871M->8865M(10221M) 2912.237ms
[59.782s][info][gc,cpu         ] GC(313) User=21.39s Sys=0.19s Real=2.91s
[59.989s][info][gc,start       ] GC(314) Pause Young (Allocation Failure)
[60.115s][info][gc,heap        ] GC(314) PSYoungGen: 173056K(431104K)->173536K(431104K) Eden: 173056K(173056K)->0K(173056K) From: 0K(258048K)->173536K(258048K)
[60.115s][info][gc,heap        ] GC(314) ParOldGen: 9077832K(10035200K)->9077832K(10035200K)
[60.115s][info][gc,metaspace   ] GC(314) Metaspace: 6302K(6528K)->6302K(6528K) NonClass: 5769K(5888K)->5769K(5888K) Class: 533K(640K)->533K(640K)
[60.115s][info][gc             ] GC(314) Pause Young (Allocation Failure) 9034M->9034M(10221M) 125.473ms
[60.115s][info][gc,cpu         ] GC(314) User=0.58s Sys=0.00s Real=0.12s
[60.298s][info][gc,start       ] GC(315) Pause Young (Allocation Failure)
[60.511s][info][gc,heap        ] GC(315) PSYoungGen: 346592K(431104K)->257536K(382464K) Eden: 173056K(173056K)->0K(124928K) From: 173536K(258048K)->257536K(257536K)
[60.511s][info][gc,heap        ] GC(315) ParOldGen: 9077832K(10035200K)->9167712K(10035200K)
[60.511s][info][gc,metaspace   ] GC(315) Metaspace: 6302K(6528K)->6302K(6528K) NonClass: 5769K(5888K)->5769K(5888K) Class: 533K(640K)->533K(640K)
[60.511s][info][gc             ] GC(315) Pause Young (Allocation Failure) 9203M->9204M(10173M) 212.613ms
[60.511s][info][gc,cpu         ] GC(315) User=1.25s Sys=0.11s Real=0.21s
[60.645s][info][gc,start       ] GC(316) Pause Young (Allocation Failure)
[60.868s][info][gc,heap        ] GC(316) PSYoungGen: 382464K(382464K)->125312K(445440K) Eden: 124928K(124928K)->0K(124928K) From: 257536K(257536K)->125312K(320512K)
[60.868s][info][gc,heap        ] GC(316) ParOldGen: 9167712K(10035200K)->9427128K(10035200K)
[60.868s][info][gc,metaspace   ] GC(316) Metaspace: 6302K(6528K)->6302K(6528K) NonClass: 5769K(5888K)->5769K(5888K) Class: 533K(640K)->533K(640K)
[60.868s][info][gc             ] GC(316) Pause Young (Allocation Failure) 9326M->9328M(10235M) 222.478ms
[60.868s][info][gc,cpu         ] GC(316) User=1.66s Sys=0.11s Real=0.22s
[61.003s][info][gc,start       ] GC(317) Pause Young (Allocation Failure)
[61.148s][info][gc,heap        ] GC(317) PSYoungGen: 250240K(445440K)->250496K(432128K) Eden: 124928K(124928K)->0K(119808K) From: 125312K(320512K)->250496K(312320K)
[61.148s][info][gc,heap        ] GC(317) ParOldGen: 9427128K(10035200K)->9427128K(10035200K)
[61.148s][info][gc,metaspace   ] GC(317) Metaspace: 6302K(6528K)->6302K(6528K) NonClass: 5769K(5888K)->5769K(5888K) Class: 533K(640K)->533K(640K)
[61.148s][info][gc             ] GC(317) Pause Young (Allocation Failure) 9450M->9450M(10222M) 145.153ms
[61.148s][info][gc,cpu         ] GC(317) User=0.80s Sys=0.00s Real=0.14s
[61.273s][info][gc,start       ] GC(318) Pause Young (Allocation Failure)
[61.474s][info][gc,heap        ] GC(318) PSYoungGen: 370304K(432128K)->329728K(449536K) Eden: 119808K(119808K)->0K(119808K) From: 250496K(312320K)->329728K(329728K)
[61.474s][info][gc,heap        ] GC(318) ParOldGen: 9427128K(10035200K)->9468080K(10035200K)
[61.474s][info][gc,metaspace   ] GC(318) Metaspace: 6302K(6528K)->6302K(6528K) NonClass: 5769K(5888K)->5769K(5888K) Class: 533K(640K)->533K(640K)
[61.474s][info][gc             ] GC(318) Pause Young (Allocation Failure) 9567M->9568M(10239M) 200.909ms
[61.474s][info][gc,cpu         ] GC(318) User=1.20s Sys=0.00s Real=0.20s
[61.607s][info][gc,start       ] GC(319) Pause Young (Allocation Failure)
[61.840s][info][gc,heap        ] GC(319) PSYoungGen: 449536K(449536K)->224800K(505856K) Eden: 119808K(119808K)->0K(133120K) From: 329728K(329728K)->224800K(372736K)
[61.840s][info][gc,heap        ] GC(319) ParOldGen: 9468080K(10035200K)->9694840K(10035200K)
[61.840s][info][gc,metaspace   ] GC(319) Metaspace: 6302K(6528K)->6302K(6528K) NonClass: 5769K(5888K)->5769K(5888K) Class: 533K(640K)->533K(640K)
[61.840s][info][gc             ] GC(319) Pause Young (Allocation Failure) 9685M->9687M(10294M) 233.749ms
[61.840s][info][gc,cpu         ] GC(319) User=1.62s Sys=0.12s Real=0.23s
[61.990s][info][gc,start       ] GC(320) Pause Young (Allocation Failure)
[62.189s][info][gc,heap        ] GC(320) PSYoungGen: 357920K(505856K)->253536K(513024K) Eden: 133120K(133120K)->0K(133120K) From: 224800K(372736K)->253536K(379904K)
[62.189s][info][gc,heap        ] GC(320) ParOldGen: 9694840K(10035200K)->9800208K(10035200K)
[62.189s][info][gc,metaspace   ] GC(320) Metaspace: 6302K(6528K)->6302K(6528K) NonClass: 5769K(5888K)->5769K(5888K) Class: 533K(640K)->533K(640K)
[62.189s][info][gc             ] GC(320) Pause Young (Allocation Failure) 9817M->9818M(10301M) 199.033ms
[62.189s][info][gc,cpu         ] GC(320) User=1.48s Sys=0.03s Real=0.20s
[62.189s][info][gc,start       ] GC(321) Pause Full (Ergonomics)
[62.189s][info][gc,phases,start] GC(321) Marking Phase
[64.571s][info][gc,phases      ] GC(321) Marking Phase 2381.706ms
[64.571s][info][gc,phases,start] GC(321) Summary Phase
[64.571s][info][gc,phases      ] GC(321) Summary Phase 0.112ms
[64.571s][info][gc,phases,start] GC(321) Adjust Roots
[64.571s][info][gc,phases      ] GC(321) Adjust Roots 0.198ms
[64.571s][info][gc,phases,start] GC(321) Compaction Phase
[65.459s][info][gc,phases      ] GC(321) Compaction Phase 887.798ms
[65.459s][info][gc,phases,start] GC(321) Post Compact
[65.476s][info][gc,phases      ] GC(321) Post Compact 17.139ms
[65.477s][info][gc,heap        ] GC(321) PSYoungGen: 253536K(513024K)->11225K(513024K) Eden: 0K(133120K)->0K(133120K) From: 253536K(379904K)->11225K(379904K)
[65.477s][info][gc,heap        ] GC(321) ParOldGen: 9800208K(10035200K)->10035094K(10035200K)
[65.477s][info][gc,metaspace   ] GC(321) Metaspace: 6302K(6528K)->6302K(6528K) NonClass: 5769K(5888K)->5769K(5888K) Class: 533K(640K)->533K(640K)
[65.477s][info][gc             ] GC(321) Pause Full (Ergonomics) 9818M->9810M(10301M) 3287.312ms
[65.477s][info][gc,cpu         ] GC(321) User=24.11s Sys=0.12s Real=3.29s
[65.631s][info][gc,start       ] GC(322) Pause Full (Ergonomics)
[65.631s][info][gc,phases,start] GC(322) Marking Phase
[67.969s][info][gc,phases      ] GC(322) Marking Phase 2338.069ms
[67.969s][info][gc,phases,start] GC(322) Summary Phase
[67.969s][info][gc,phases      ] GC(322) Summary Phase 0.112ms
[67.969s][info][gc,phases,start] GC(322) Adjust Roots
[67.970s][info][gc,phases      ] GC(322) Adjust Roots 0.217ms
[67.970s][info][gc,phases,start] GC(322) Compaction Phase
[68.692s][info][gc,phases      ] GC(322) Compaction Phase 722.166ms
[68.692s][info][gc,phases,start] GC(322) Post Compact
[68.706s][info][gc,phases      ] GC(322) Post Compact 14.445ms
[68.706s][info][gc,heap        ] GC(322) PSYoungGen: 144345K(513024K)->144316K(513024K) Eden: 133120K(133120K)->133090K(133120K) From: 11225K(379904K)->11225K(379904K)
[68.706s][info][gc,heap        ] GC(322) ParOldGen: 10035094K(10035200K)->10035094K(10035200K)
[68.706s][info][gc,metaspace   ] GC(322) Metaspace: 6302K(6528K)->6302K(6528K) NonClass: 5769K(5888K)->5769K(5888K) Class: 533K(640K)->533K(640K)
[68.706s][info][gc             ] GC(322) Pause Full (Ergonomics) 9940M->9940M(10301M) 3075.405ms
[68.706s][info][gc,cpu         ] GC(322) User=23.12s Sys=0.00s Real=3.08s
[68.707s][info][gc,start       ] GC(323) Pause Full (Ergonomics)
[68.707s][info][gc,phases,start] GC(323) Marking Phase
[71.005s][info][gc,phases      ] GC(323) Marking Phase 2298.037ms
[71.005s][info][gc,phases,start] GC(323) Summary Phase
[71.005s][info][gc,phases      ] GC(323) Summary Phase 0.099ms
[71.005s][info][gc,phases,start] GC(323) Adjust Roots
[71.005s][info][gc,phases      ] GC(323) Adjust Roots 0.165ms
[71.005s][info][gc,phases,start] GC(323) Compaction Phase
[71.674s][info][gc,phases      ] GC(323) Compaction Phase 668.894ms
[71.674s][info][gc,phases,start] GC(323) Post Compact
[71.687s][info][gc,phases      ] GC(323) Post Compact 13.336ms
[71.688s][info][gc,heap        ] GC(323) PSYoungGen: 144345K(513024K)->144344K(513024K) Eden: 133120K(133120K)->133119K(133120K) From: 11225K(379904K)->11225K(379904K)
[71.688s][info][gc,heap        ] GC(323) ParOldGen: 10035094K(10035200K)->10035094K(10035200K)
[71.688s][info][gc,metaspace   ] GC(323) Metaspace: 6302K(6528K)->6302K(6528K) NonClass: 5769K(5888K)->5769K(5888K) Class: 533K(640K)->533K(640K)
[71.688s][info][gc             ] GC(323) Pause Full (Ergonomics) 9940M->9940M(10301M) 2980.876ms
[71.688s][info][gc,cpu         ] GC(323) User=23.20s Sys=0.02s Real=2.98s
[71.688s][info][gc,start       ] GC(324) Pause Full (Ergonomics)
[71.688s][info][gc,phases,start] GC(324) Marking Phase
[73.992s][info][gc,phases      ] GC(324) Marking Phase 2303.908ms
[73.992s][info][gc,phases,start] GC(324) Summary Phase
[73.992s][info][gc,phases      ] GC(324) Summary Phase 0.099ms
[73.992s][info][gc,phases,start] GC(324) Adjust Roots
[73.992s][info][gc,phases      ] GC(324) Adjust Roots 0.189ms
[73.992s][info][gc,phases,start] GC(324) Compaction Phase
[74.662s][info][gc,phases      ] GC(324) Compaction Phase 670.071ms
[74.662s][info][gc,phases,start] GC(324) Post Compact
[74.675s][info][gc,phases      ] GC(324) Post Compact 12.384ms
[74.675s][info][gc,heap        ] GC(324) PSYoungGen: 144345K(513024K)->144345K(513024K) Eden: 133119K(133120K)->133119K(133120K) From: 11225K(379904K)->11225K(379904K)
[74.675s][info][gc,heap        ] GC(324) ParOldGen: 10035094K(10035200K)->10035094K(10035200K)
[74.675s][info][gc,metaspace   ] GC(324) Metaspace: 6302K(6528K)->6302K(6528K) NonClass: 5769K(5888K)->5769K(5888K) Class: 533K(640K)->533K(640K)
[74.675s][info][gc             ] GC(324) Pause Full (Ergonomics) 9940M->9940M(10301M) 2986.991ms
[74.675s][info][gc,cpu         ] GC(324) User=23.20s Sys=0.00s Real=2.99s
[74.675s][info][gc,start       ] GC(325) Pause Full (Ergonomics)
[74.675s][info][gc,phases,start] GC(325) Marking Phase
[76.974s][info][gc,phases      ] GC(325) Marking Phase 2299.113ms
[76.974s][info][gc,phases,start] GC(325) Summary Phase
[76.974s][info][gc,phases      ] GC(325) Summary Phase 0.093ms
[76.974s][info][gc,phases,start] GC(325) Adjust Roots
[76.974s][info][gc,phases      ] GC(325) Adjust Roots 0.168ms
[76.974s][info][gc,phases,start] GC(325) Compaction Phase
[77.646s][info][gc,phases      ] GC(325) Compaction Phase 671.391ms
[77.646s][info][gc,phases,start] GC(325) Post Compact
[77.659s][info][gc,phases      ] GC(325) Post Compact 13.469ms
[77.659s][info][gc,heap        ] GC(325) PSYoungGen: 144345K(513024K)->144345K(513024K) Eden: 133119K(133120K)->133119K(133120K) From: 11225K(379904K)->11225K(379904K)
[77.659s][info][gc,heap        ] GC(325) ParOldGen: 10035099K(10035200K)->10035099K(10035200K)
[77.659s][info][gc,metaspace   ] GC(325) Metaspace: 6302K(6528K)->6302K(6528K) NonClass: 5769K(5888K)->5769K(5888K) Class: 533K(640K)->533K(640K)
[77.660s][info][gc             ] GC(325) Pause Full (Ergonomics) 9940M->9940M(10301M) 2984.584ms
[77.660s][info][gc,cpu         ] GC(325) User=23.28s Sys=0.00s Real=2.98s
[77.660s][info][gc,start       ] GC(326) Pause Full (Ergonomics)
[77.660s][info][gc,phases,start] GC(326) Marking Phase
[79.945s][info][gc,phases      ] GC(326) Marking Phase 2285.581ms
[79.945s][info][gc,phases,start] GC(326) Summary Phase
[79.946s][info][gc,phases      ] GC(326) Summary Phase 0.099ms
[79.946s][info][gc,phases,start] GC(326) Adjust Roots
[79.946s][info][gc,phases      ] GC(326) Adjust Roots 0.235ms
[79.946s][info][gc,phases,start] GC(326) Compaction Phase
[80.618s][info][gc,phases      ] GC(326) Compaction Phase 672.485ms
[80.618s][info][gc,phases,start] GC(326) Post Compact
[80.631s][info][gc,phases      ] GC(326) Post Compact 12.255ms
[80.631s][info][gc,heap        ] GC(326) PSYoungGen: 144345K(513024K)->144345K(513024K) Eden: 133119K(133120K)->133119K(133120K) From: 11225K(379904K)->11225K(379904K)
[80.631s][info][gc,heap        ] GC(326) ParOldGen: 10035104K(10035200K)->10035104K(10035200K)
[80.631s][info][gc,metaspace   ] GC(326) Metaspace: 6302K(6528K)->6302K(6528K) NonClass: 5769K(5888K)->5769K(5888K) Class: 533K(640K)->533K(640K)
[80.631s][info][gc             ] GC(326) Pause Full (Ergonomics) 9940M->9940M(10301M) 2971.002ms
[80.631s][info][gc,cpu         ] GC(326) User=23.30s Sys=0.00s Real=2.97s
[80.631s][info][gc,start       ] GC(327) Pause Full (Ergonomics)
[80.631s][info][gc,phases,start] GC(327) Marking Phase
[82.931s][info][gc,phases      ] GC(327) Marking Phase 2300.249ms
[82.931s][info][gc,phases,start] GC(327) Summary Phase
[82.931s][info][gc,phases      ] GC(327) Summary Phase 0.099ms
[82.931s][info][gc,phases,start] GC(327) Adjust Roots
[82.932s][info][gc,phases      ] GC(327) Adjust Roots 0.183ms
[82.932s][info][gc,phases,start] GC(327) Compaction Phase
[83.612s][info][gc,phases      ] GC(327) Compaction Phase 679.907ms
[83.612s][info][gc,phases,start] GC(327) Post Compact
[83.624s][info][gc,phases      ] GC(327) Post Compact 12.388ms
[83.624s][info][gc,heap        ] GC(327) PSYoungGen: 144345K(513024K)->144345K(513024K) Eden: 133119K(133120K)->133119K(133120K) From: 11225K(379904K)->11225K(379904K)
[83.624s][info][gc,heap        ] GC(327) ParOldGen: 10035109K(10035200K)->10035109K(10035200K)
[83.624s][info][gc,metaspace   ] GC(327) Metaspace: 6302K(6528K)->6302K(6528K) NonClass: 5769K(5888K)->5769K(5888K) Class: 533K(640K)->533K(640K)
[83.624s][info][gc             ] GC(327) Pause Full (Ergonomics) 9940M->9940M(10301M) 2993.143ms
[83.624s][info][gc,cpu         ] GC(327) User=23.28s Sys=0.02s Real=2.99s
[83.624s][info][gc,start       ] GC(328) Pause Full (Ergonomics)
[83.624s][info][gc,phases,start] GC(328) Marking Phase
[85.921s][info][gc,phases      ] GC(328) Marking Phase 2296.607ms
[85.921s][info][gc,phases,start] GC(328) Summary Phase
[85.921s][info][gc,phases      ] GC(328) Summary Phase 0.123ms
[85.921s][info][gc,phases,start] GC(328) Adjust Roots
[85.921s][info][gc,phases      ] GC(328) Adjust Roots 0.230ms
[85.921s][info][gc,phases,start] GC(328) Compaction Phase
[86.610s][info][gc,phases      ] GC(328) Compaction Phase 688.966ms
[86.610s][info][gc,phases,start] GC(328) Post Compact
[86.624s][info][gc,phases      ] GC(328) Post Compact 13.562ms
[86.624s][info][gc,heap        ] GC(328) PSYoungGen: 144345K(513024K)->144345K(513024K) Eden: 133119K(133120K)->133119K(133120K) From: 11225K(379904K)->11225K(379904K)
[86.624s][info][gc,heap        ] GC(328) ParOldGen: 10035113K(10035200K)->10035113K(10035200K)
[86.624s][info][gc,metaspace   ] GC(328) Metaspace: 6302K(6528K)->6302K(6528K) NonClass: 5769K(5888K)->5769K(5888K) Class: 533K(640K)->533K(640K)
[86.624s][info][gc             ] GC(328) Pause Full (Ergonomics) 9940M->9940M(10301M) 2999.821ms
[86.624s][info][gc,cpu         ] GC(328) User=23.53s Sys=0.00s Real=3.00s
[86.624s][info][gc,start       ] GC(329) Pause Full (Ergonomics)
[86.624s][info][gc,phases,start] GC(329) Marking Phase
[88.955s][info][gc,phases      ] GC(329) Marking Phase 2330.313ms
[88.955s][info][gc,phases,start] GC(329) Summary Phase
[88.955s][info][gc,phases      ] GC(329) Summary Phase 0.103ms
[88.955s][info][gc,phases,start] GC(329) Adjust Roots
[88.955s][info][gc,phases      ] GC(329) Adjust Roots 0.213ms
[88.955s][info][gc,phases,start] GC(329) Compaction Phase
[89.642s][info][gc,phases      ] GC(329) Compaction Phase 686.842ms
[89.642s][info][gc,phases,start] GC(329) Post Compact
[89.656s][info][gc,phases      ] GC(329) Post Compact 13.806ms
[89.656s][info][gc,heap        ] GC(329) PSYoungGen: 144345K(513024K)->144345K(513024K) Eden: 133119K(133120K)->133119K(133120K) From: 11225K(379904K)->11225K(379904K)
[89.656s][info][gc,heap        ] GC(329) ParOldGen: 10035118K(10035200K)->10035118K(10035200K)
[89.656s][info][gc,metaspace   ] GC(329) Metaspace: 6302K(6528K)->6302K(6528K) NonClass: 5769K(5888K)->5769K(5888K) Class: 533K(640K)->533K(640K)
[89.656s][info][gc             ] GC(329) Pause Full (Ergonomics) 9940M->9940M(10301M) 3031.637ms
[89.656s][info][gc,cpu         ] GC(329) User=23.55s Sys=0.03s Real=3.03s
[89.656s][info][gc,start       ] GC(330) Pause Full (Ergonomics)
[89.656s][info][gc,phases,start] GC(330) Marking Phase
[91.957s][info][gc,phases      ] GC(330) Marking Phase 2300.467ms
[91.957s][info][gc,phases,start] GC(330) Summary Phase
[91.957s][info][gc,phases      ] GC(330) Summary Phase 0.103ms
[91.957s][info][gc,phases,start] GC(330) Adjust Roots
[91.957s][info][gc,phases      ] GC(330) Adjust Roots 0.170ms
[91.957s][info][gc,phases,start] GC(330) Compaction Phase
[92.643s][info][gc,phases      ] GC(330) Compaction Phase 686.434ms
[92.644s][info][gc,phases,start] GC(330) Post Compact
[92.656s][info][gc,phases      ] GC(330) Post Compact 12.358ms
[92.656s][info][gc,heap        ] GC(330) PSYoungGen: 144345K(513024K)->144345K(513024K) Eden: 133119K(133120K)->133119K(133120K) From: 11225K(379904K)->11225K(379904K)
[92.656s][info][gc,heap        ] GC(330) ParOldGen: 10035123K(10035200K)->10035123K(10035200K)
[92.656s][info][gc,metaspace   ] GC(330) Metaspace: 6302K(6528K)->6302K(6528K) NonClass: 5769K(5888K)->5769K(5888K) Class: 533K(640K)->533K(640K)
[92.656s][info][gc             ] GC(330) Pause Full (Ergonomics) 9940M->9940M(10301M) 2999.876ms
[92.656s][info][gc,cpu         ] GC(330) User=23.33s Sys=0.00s Real=3.00s
[92.656s][info][gc,start       ] GC(331) Pause Full (Ergonomics)
[92.656s][info][gc,phases,start] GC(331) Marking Phase
[94.996s][info][gc,phases      ] GC(331) Marking Phase 2339.446ms
[94.996s][info][gc,phases,start] GC(331) Summary Phase
[94.996s][info][gc,phases      ] GC(331) Summary Phase 0.101ms
[94.996s][info][gc,phases,start] GC(331) Adjust Roots
[94.996s][info][gc,phases      ] GC(331) Adjust Roots 0.182ms
[94.996s][info][gc,phases,start] GC(331) Compaction Phase
[95.697s][info][gc,phases      ] GC(331) Compaction Phase 700.749ms
[95.697s][info][gc,phases,start] GC(331) Post Compact
[95.711s][info][gc,phases      ] GC(331) Post Compact 13.670ms
[95.711s][info][gc,heap        ] GC(331) PSYoungGen: 144345K(513024K)->144345K(513024K) Eden: 133119K(133120K)->133119K(133120K) From: 11225K(379904K)->11225K(379904K)
[95.711s][info][gc,heap        ] GC(331) ParOldGen: 10035128K(10035200K)->10035128K(10035200K)
[95.711s][info][gc,metaspace   ] GC(331) Metaspace: 6302K(6528K)->6302K(6528K) NonClass: 5769K(5888K)->5769K(5888K) Class: 533K(640K)->533K(640K)
[95.711s][info][gc             ] GC(331) Pause Full (Ergonomics) 9940M->9940M(10301M) 3054.471ms
[95.711s][info][gc,cpu         ] GC(331) User=23.55s Sys=0.00s Real=3.06s
[95.711s][info][gc,start       ] GC(332) Pause Full (Ergonomics)
[95.711s][info][gc,phases,start] GC(332) Marking Phase
[98.020s][info][gc,phases      ] GC(332) Marking Phase 2308.959ms
[98.020s][info][gc,phases,start] GC(332) Summary Phase
[98.020s][info][gc,phases      ] GC(332) Summary Phase 0.097ms
[98.020s][info][gc,phases,start] GC(332) Adjust Roots
[98.020s][info][gc,phases      ] GC(332) Adjust Roots 0.174ms
[98.020s][info][gc,phases,start] GC(332) Compaction Phase
[98.706s][info][gc,phases      ] GC(332) Compaction Phase 685.982ms
[98.706s][info][gc,phases,start] GC(332) Post Compact
[98.719s][info][gc,phases      ] GC(332) Post Compact 12.360ms
[98.719s][info][gc,heap        ] GC(332) PSYoungGen: 144345K(513024K)->144345K(513024K) Eden: 133119K(133120K)->133119K(133120K) From: 11225K(379904K)->11225K(379904K)
[98.719s][info][gc,heap        ] GC(332) ParOldGen: 10035133K(10035200K)->10035133K(10035200K)
[98.719s][info][gc,metaspace   ] GC(332) Metaspace: 6302K(6528K)->6302K(6528K) NonClass: 5769K(5888K)->5769K(5888K) Class: 533K(640K)->533K(640K)
[98.719s][info][gc             ] GC(332) Pause Full (Ergonomics) 9940M->9940M(10301M) 3007.908ms
[98.719s][info][gc,cpu         ] GC(332) User=23.27s Sys=0.00s Real=3.01s
[98.719s][info][gc,start       ] GC(333) Pause Full (Ergonomics)
[98.719s][info][gc,phases,start] GC(333) Marking Phase
[101.035s][info][gc,phases      ] GC(333) Marking Phase 2316.009ms
[101.035s][info][gc,phases,start] GC(333) Summary Phase
[101.035s][info][gc,phases      ] GC(333) Summary Phase 0.101ms
[101.035s][info][gc,phases,start] GC(333) Adjust Roots
[101.035s][info][gc,phases      ] GC(333) Adjust Roots 0.188ms
[101.035s][info][gc,phases,start] GC(333) Compaction Phase
[101.714s][info][gc,phases      ] GC(333) Compaction Phase 678.657ms
[101.714s][info][gc,phases,start] GC(333) Post Compact
[101.731s][info][gc,phases      ] GC(333) Post Compact 16.981ms
[101.731s][info][gc,heap        ] GC(333) PSYoungGen: 144345K(513024K)->144345K(513024K) Eden: 133119K(133120K)->133119K(133120K) From: 11225K(379904K)->11225K(379904K)
[101.731s][info][gc,heap        ] GC(333) ParOldGen: 10035138K(10035200K)->10035138K(10035200K)
[101.731s][info][gc,metaspace   ] GC(333) Metaspace: 6302K(6528K)->6302K(6528K) NonClass: 5769K(5888K)->5769K(5888K) Class: 533K(640K)->533K(640K)
[101.731s][info][gc             ] GC(333) Pause Full (Ergonomics) 9940M->9940M(10301M) 3012.301ms
[101.731s][info][gc,cpu         ] GC(333) User=23.36s Sys=0.00s Real=3.01s
[101.732s][info][gc,start       ] GC(334) Pause Full (Ergonomics)
[101.732s][info][gc,phases,start] GC(334) Marking Phase
[104.028s][info][gc,phases      ] GC(334) Marking Phase 2296.047ms
[104.028s][info][gc,phases,start] GC(334) Summary Phase
[104.028s][info][gc,phases      ] GC(334) Summary Phase 0.095ms
[104.028s][info][gc,phases,start] GC(334) Adjust Roots
[104.028s][info][gc,phases      ] GC(334) Adjust Roots 0.180ms
[104.028s][info][gc,phases,start] GC(334) Compaction Phase
[104.712s][info][gc,phases      ] GC(334) Compaction Phase 684.396ms
[104.712s][info][gc,phases,start] GC(334) Post Compact
[104.725s][info][gc,phases      ] GC(334) Post Compact 12.910ms
[104.725s][info][gc,heap        ] GC(334) PSYoungGen: 144345K(513024K)->144345K(513024K) Eden: 133119K(133120K)->133119K(133120K) From: 11225K(379904K)->11225K(379904K)
[104.726s][info][gc,heap        ] GC(334) ParOldGen: 10035142K(10035200K)->10035142K(10035200K)
[104.726s][info][gc,metaspace   ] GC(334) Metaspace: 6302K(6528K)->6302K(6528K) NonClass: 5769K(5888K)->5769K(5888K) Class: 533K(640K)->533K(640K)
[104.726s][info][gc             ] GC(334) Pause Full (Ergonomics) 9940M->9940M(10301M) 2994.021ms
[104.726s][info][gc,cpu         ] GC(334) User=23.12s Sys=0.00s Real=2.99s
[104.726s][info][gc,start       ] GC(335) Pause Full (Ergonomics)
[104.726s][info][gc,phases,start] GC(335) Marking Phase
[107.006s][info][gc,phases      ] GC(335) Marking Phase 2279.855ms
[107.006s][info][gc,phases,start] GC(335) Summary Phase
[107.006s][info][gc,phases      ] GC(335) Summary Phase 0.093ms
[107.006s][info][gc,phases,start] GC(335) Adjust Roots
[107.006s][info][gc,phases      ] GC(335) Adjust Roots 0.163ms
[107.006s][info][gc,phases,start] GC(335) Compaction Phase
[107.697s][info][gc,phases      ] GC(335) Compaction Phase 690.827ms
[107.697s][info][gc,phases,start] GC(335) Post Compact
[107.711s][info][gc,phases      ] GC(335) Post Compact 13.652ms
[107.711s][info][gc,heap        ] GC(335) PSYoungGen: 144345K(513024K)->144345K(513024K) Eden: 133119K(133120K)->133119K(133120K) From: 11225K(379904K)->11225K(379904K)
[107.711s][info][gc,heap        ] GC(335) ParOldGen: 10035147K(10035200K)->10035147K(10035200K)
[107.711s][info][gc,metaspace   ] GC(335) Metaspace: 6302K(6528K)->6302K(6528K) NonClass: 5769K(5888K)->5769K(5888K) Class: 533K(640K)->533K(640K)
[107.711s][info][gc             ] GC(335) Pause Full (Ergonomics) 9940M->9940M(10301M) 2984.940ms
[107.711s][info][gc,cpu         ] GC(335) User=23.20s Sys=0.02s Real=2.99s
[107.711s][info][gc,start       ] GC(336) Pause Full (Ergonomics)
[107.711s][info][gc,phases,start] GC(336) Marking Phase
[110.012s][info][gc,phases      ] GC(336) Marking Phase 2300.656ms
[110.012s][info][gc,phases,start] GC(336) Summary Phase
[110.012s][info][gc,phases      ] GC(336) Summary Phase 0.099ms
[110.012s][info][gc,phases,start] GC(336) Adjust Roots
[110.012s][info][gc,phases      ] GC(336) Adjust Roots 0.193ms
[110.012s][info][gc,phases,start] GC(336) Compaction Phase
[110.701s][info][gc,phases      ] GC(336) Compaction Phase 689.167ms
[110.701s][info][gc,phases,start] GC(336) Post Compact
[110.714s][info][gc,phases      ] GC(336) Post Compact 12.288ms
[110.714s][info][gc,heap        ] GC(336) PSYoungGen: 144345K(513024K)->144345K(513024K) Eden: 133119K(133120K)->133119K(133120K) From: 11225K(379904K)->11225K(379904K)
[110.714s][info][gc,heap        ] GC(336) ParOldGen: 10035152K(10035200K)->10035152K(10035200K)
[110.714s][info][gc,metaspace   ] GC(336) Metaspace: 6302K(6528K)->6302K(6528K) NonClass: 5769K(5888K)->5769K(5888K) Class: 533K(640K)->533K(640K)
[110.714s][info][gc             ] GC(336) Pause Full (Ergonomics) 9940M->9940M(10301M) 3002.736ms
[110.714s][info][gc,cpu         ] GC(336) User=23.22s Sys=0.00s Real=3.00s
[110.714s][info][gc,start       ] GC(337) Pause Full (Ergonomics)
[110.714s][info][gc,phases,start] GC(337) Marking Phase
[113.027s][info][gc,phases      ] GC(337) Marking Phase 2312.750ms
[113.027s][info][gc,phases,start] GC(337) Summary Phase
[113.027s][info][gc,phases      ] GC(337) Summary Phase 0.093ms
[113.027s][info][gc,phases,start] GC(337) Adjust Roots
[113.027s][info][gc,phases      ] GC(337) Adjust Roots 0.169ms
[113.027s][info][gc,phases,start] GC(337) Compaction Phase
[113.704s][info][gc,phases      ] GC(337) Compaction Phase 676.690ms
[113.704s][info][gc,phases,start] GC(337) Post Compact
[113.716s][info][gc,phases      ] GC(337) Post Compact 12.310ms
[113.716s][info][gc,heap        ] GC(337) PSYoungGen: 144345K(513024K)->144345K(513024K) Eden: 133119K(133120K)->133119K(133120K) From: 11225K(379904K)->11225K(379904K)
[113.716s][info][gc,heap        ] GC(337) ParOldGen: 10035157K(10035200K)->10035157K(10035200K)
[113.716s][info][gc,metaspace   ] GC(337) Metaspace: 6302K(6528K)->6302K(6528K) NonClass: 5769K(5888K)->5769K(5888K) Class: 533K(640K)->533K(640K)
[113.716s][info][gc             ] GC(337) Pause Full (Ergonomics) 9940M->9940M(10301M) 3002.342ms
[113.716s][info][gc,cpu         ] GC(337) User=23.33s Sys=0.00s Real=3.00s
[113.716s][info][gc,start       ] GC(338) Pause Full (Ergonomics)
[113.716s][info][gc,phases,start] GC(338) Marking Phase
[116.038s][info][gc,phases      ] GC(338) Marking Phase 2321.916ms
[116.038s][info][gc,phases,start] GC(338) Summary Phase
[116.039s][info][gc,phases      ] GC(338) Summary Phase 0.092ms
[116.039s][info][gc,phases,start] GC(338) Adjust Roots
[116.039s][info][gc,phases      ] GC(338) Adjust Roots 0.189ms
[116.039s][info][gc,phases,start] GC(338) Compaction Phase
[116.721s][info][gc,phases      ] GC(338) Compaction Phase 682.654ms
[116.721s][info][gc,phases,start] GC(338) Post Compact
[116.735s][info][gc,phases      ] GC(338) Post Compact 13.069ms
[116.735s][info][gc,heap        ] GC(338) PSYoungGen: 144345K(513024K)->144345K(513024K) Eden: 133119K(133120K)->133119K(133120K) From: 11225K(379904K)->11225K(379904K)
[116.735s][info][gc,heap        ] GC(338) ParOldGen: 10035162K(10035200K)->10035162K(10035200K)
[116.735s][info][gc,metaspace   ] GC(338) Metaspace: 6302K(6528K)->6302K(6528K) NonClass: 5769K(5888K)->5769K(5888K) Class: 533K(640K)->533K(640K)
[116.735s][info][gc             ] GC(338) Pause Full (Ergonomics) 9940M->9940M(10301M) 3018.274ms
[116.735s][info][gc,cpu         ] GC(338) User=23.47s Sys=0.00s Real=3.02s
[116.735s][info][gc,start       ] GC(339) Pause Full (Ergonomics)
[116.735s][info][gc,phases,start] GC(339) Marking Phase
[119.030s][info][gc,phases      ] GC(339) Marking Phase 2295.130ms
[119.030s][info][gc,phases,start] GC(339) Summary Phase
[119.030s][info][gc,phases      ] GC(339) Summary Phase 0.095ms
[119.030s][info][gc,phases,start] GC(339) Adjust Roots
[119.030s][info][gc,phases      ] GC(339) Adjust Roots 0.170ms
[119.030s][info][gc,phases,start] GC(339) Compaction Phase
[119.710s][info][gc,phases      ] GC(339) Compaction Phase 679.493ms
[119.710s][info][gc,phases,start] GC(339) Post Compact
[119.723s][info][gc,phases      ] GC(339) Post Compact 12.920ms
[119.723s][info][gc,heap        ] GC(339) PSYoungGen: 144345K(513024K)->144345K(513024K) Eden: 133119K(133120K)->133119K(133120K) From: 11225K(379904K)->11225K(379904K)
[119.723s][info][gc,heap        ] GC(339) ParOldGen: 10035167K(10035200K)->10035167K(10035200K)
[119.723s][info][gc,metaspace   ] GC(339) Metaspace: 6302K(6528K)->6302K(6528K) NonClass: 5769K(5888K)->5769K(5888K) Class: 533K(640K)->533K(640K)
[119.723s][info][gc             ] GC(339) Pause Full (Ergonomics) 9940M->9940M(10301M) 2988.130ms
[119.723s][info][gc,cpu         ] GC(339) User=23.22s Sys=0.00s Real=2.99s
[119.723s][info][gc,start       ] GC(340) Pause Full (Ergonomics)
[119.723s][info][gc,phases,start] GC(340) Marking Phase
[122.045s][info][gc,phases      ] GC(340) Marking Phase 2321.773ms
[122.045s][info][gc,phases,start] GC(340) Summary Phase
[122.045s][info][gc,phases      ] GC(340) Summary Phase 0.094ms
[122.045s][info][gc,phases,start] GC(340) Adjust Roots
[122.045s][info][gc,phases      ] GC(340) Adjust Roots 0.168ms
[122.045s][info][gc,phases,start] GC(340) Compaction Phase
[122.729s][info][gc,phases      ] GC(340) Compaction Phase 683.295ms
[122.729s][info][gc,phases,start] GC(340) Post Compact
[122.742s][info][gc,phases      ] GC(340) Post Compact 13.395ms
[122.742s][info][gc,heap        ] GC(340) PSYoungGen: 144345K(513024K)->144345K(513024K) Eden: 133119K(133120K)->133119K(133120K) From: 11225K(379904K)->11225K(379904K)
[122.742s][info][gc,heap        ] GC(340) ParOldGen: 10035171K(10035200K)->10035171K(10035200K)
[122.742s][info][gc,metaspace   ] GC(340) Metaspace: 6302K(6528K)->6302K(6528K) NonClass: 5769K(5888K)->5769K(5888K) Class: 533K(640K)->533K(640K)
[122.742s][info][gc             ] GC(340) Pause Full (Ergonomics) 9940M->9940M(10301M) 3019.030ms
[122.742s][info][gc,cpu         ] GC(340) User=23.42s Sys=0.00s Real=3.02s
[122.742s][info][gc,start       ] GC(341) Pause Full (Ergonomics)
[122.742s][info][gc,phases,start] GC(341) Marking Phase
[125.049s][info][gc,phases      ] GC(341) Marking Phase 2306.241ms
[125.049s][info][gc,phases,start] GC(341) Summary Phase
[125.049s][info][gc,phases      ] GC(341) Summary Phase 0.093ms
[125.049s][info][gc,phases,start] GC(341) Adjust Roots
[125.049s][info][gc,phases      ] GC(341) Adjust Roots 0.164ms
[125.049s][info][gc,phases,start] GC(341) Compaction Phase
[125.729s][info][gc,phases      ] GC(341) Compaction Phase 679.845ms
[125.729s][info][gc,phases,start] GC(341) Post Compact
[125.743s][info][gc,phases      ] GC(341) Post Compact 13.574ms
[125.743s][info][gc,heap        ] GC(341) PSYoungGen: 144345K(513024K)->144345K(513024K) Eden: 133119K(133120K)->133119K(133120K) From: 11225K(379904K)->11225K(379904K)
[125.743s][info][gc,heap        ] GC(341) ParOldGen: 10035176K(10035200K)->10035176K(10035200K)
[125.743s][info][gc,metaspace   ] GC(341) Metaspace: 6302K(6528K)->6302K(6528K) NonClass: 5769K(5888K)->5769K(5888K) Class: 533K(640K)->533K(640K)
[125.743s][info][gc             ] GC(341) Pause Full (Ergonomics) 9940M->9940M(10301M) 3000.251ms
[125.743s][info][gc,cpu         ] GC(341) User=23.03s Sys=0.00s Real=3.00s
[125.743s][info][gc,start       ] GC(342) Pause Full (Ergonomics)
[125.743s][info][gc,phases,start] GC(342) Marking Phase
[128.009s][info][gc,phases      ] GC(342) Marking Phase 2265.860ms
[128.009s][info][gc,phases,start] GC(342) Summary Phase
[128.009s][info][gc,phases      ] GC(342) Summary Phase 0.093ms
[128.009s][info][gc,phases,start] GC(342) Adjust Roots
[128.009s][info][gc,phases      ] GC(342) Adjust Roots 0.162ms
[128.009s][info][gc,phases,start] GC(342) Compaction Phase
[128.688s][info][gc,phases      ] GC(342) Compaction Phase 678.713ms
[128.688s][info][gc,phases,start] GC(342) Post Compact
[128.702s][info][gc,phases      ] GC(342) Post Compact 14.304ms
[128.702s][info][gc,heap        ] GC(342) PSYoungGen: 144345K(513024K)->144345K(513024K) Eden: 133119K(133120K)->133119K(133120K) From: 11225K(379904K)->11225K(379904K)
[128.702s][info][gc,heap        ] GC(342) ParOldGen: 10035181K(10035200K)->10035181K(10035200K)
[128.702s][info][gc,metaspace   ] GC(342) Metaspace: 6302K(6528K)->6302K(6528K) NonClass: 5769K(5888K)->5769K(5888K) Class: 533K(640K)->533K(640K)
[128.702s][info][gc             ] GC(342) Pause Full (Ergonomics) 9940M->9940M(10301M) 2959.480ms
[128.703s][info][gc,cpu         ] GC(342) User=22.75s Sys=0.02s Real=2.96s
[128.703s][info][gc,start       ] GC(343) Pause Full (Ergonomics)
[128.703s][info][gc,phases,start] GC(343) Marking Phase
[130.978s][info][gc,phases      ] GC(343) Marking Phase 2275.600ms
[130.978s][info][gc,phases,start] GC(343) Summary Phase
[130.979s][info][gc,phases      ] GC(343) Summary Phase 0.148ms
[130.979s][info][gc,phases,start] GC(343) Adjust Roots
[130.979s][info][gc,phases      ] GC(343) Adjust Roots 0.259ms
[130.979s][info][gc,phases,start] GC(343) Compaction Phase
[131.636s][info][gc,phases      ] GC(343) Compaction Phase 657.054ms
[131.636s][info][gc,phases,start] GC(343) Post Compact
[131.648s][info][gc,phases      ] GC(343) Post Compact 12.361ms
[131.648s][info][gc,heap        ] GC(343) PSYoungGen: 144345K(513024K)->144345K(513024K) Eden: 133119K(133120K)->133119K(133120K) From: 11225K(379904K)->11225K(379904K)
[131.648s][info][gc,heap        ] GC(343) ParOldGen: 10035186K(10035200K)->10035186K(10035200K)
[131.648s][info][gc,metaspace   ] GC(343) Metaspace: 6302K(6528K)->6302K(6528K) NonClass: 5769K(5888K)->5769K(5888K) Class: 533K(640K)->533K(640K)
[131.648s][info][gc             ] GC(343) Pause Full (Ergonomics) 9940M->9940M(10301M) 2945.750ms
[131.648s][info][gc,cpu         ] GC(343) User=22.94s Sys=0.02s Real=2.95s
[131.649s][info][gc,start       ] GC(344) Pause Full (Ergonomics)
[131.649s][info][gc,phases,start] GC(344) Marking Phase
[133.949s][info][gc,phases      ] GC(344) Marking Phase 2300.393ms
[133.949s][info][gc,phases,start] GC(344) Summary Phase
[133.949s][info][gc,phases      ] GC(344) Summary Phase 0.095ms
[133.949s][info][gc,phases,start] GC(344) Adjust Roots
[133.949s][info][gc,phases      ] GC(344) Adjust Roots 0.179ms
[133.949s][info][gc,phases,start] GC(344) Compaction Phase
[134.627s][info][gc,phases      ] GC(344) Compaction Phase 677.777ms
[134.627s][info][gc,phases,start] GC(344) Post Compact
[134.641s][info][gc,phases      ] GC(344) Post Compact 13.778ms
[134.641s][info][gc,heap        ] GC(344) PSYoungGen: 144345K(513024K)->144345K(513024K) Eden: 133119K(133120K)->133119K(133120K) From: 11225K(379904K)->11225K(379904K)
[134.641s][info][gc,heap        ] GC(344) ParOldGen: 10035191K(10035200K)->10035191K(10035200K)
[134.641s][info][gc,metaspace   ] GC(344) Metaspace: 6302K(6528K)->6302K(6528K) NonClass: 5769K(5888K)->5769K(5888K) Class: 533K(640K)->533K(640K)
[134.641s][info][gc             ] GC(344) Pause Full (Ergonomics) 9940M->9940M(10301M) 2992.574ms
[134.641s][info][gc,cpu         ] GC(344) User=23.02s Sys=0.00s Real=2.99s
[134.641s][info][gc,start       ] GC(345) Pause Full (Ergonomics)
[134.641s][info][gc,phases,start] GC(345) Marking Phase
[136.948s][info][gc,phases      ] GC(345) Marking Phase 2306.558ms
[136.948s][info][gc,phases,start] GC(345) Summary Phase
[136.948s][info][gc,phases      ] GC(345) Summary Phase 0.102ms
[136.948s][info][gc,phases,start] GC(345) Adjust Roots
[136.948s][info][gc,phases      ] GC(345) Adjust Roots 0.177ms
[136.948s][info][gc,phases,start] GC(345) Compaction Phase
[137.611s][info][gc,phases      ] GC(345) Compaction Phase 662.996ms
[137.611s][info][gc,phases,start] GC(345) Post Compact
[137.625s][info][gc,phases      ] GC(345) Post Compact 13.416ms
[137.625s][info][gc,heap        ] GC(345) PSYoungGen: 144345K(513024K)->144345K(513024K) Eden: 133119K(133120K)->133119K(133120K) From: 11225K(379904K)->11225K(379904K)
[137.625s][info][gc,heap        ] GC(345) ParOldGen: 10035196K(10035200K)->10035196K(10035200K)
[137.625s][info][gc,metaspace   ] GC(345) Metaspace: 6302K(6528K)->6302K(6528K) NonClass: 5769K(5888K)->5769K(5888K) Class: 533K(640K)->533K(640K)
[137.625s][info][gc             ] GC(345) Pause Full (Ergonomics) 9940M->9940M(10301M) 2983.568ms
[137.625s][info][gc,cpu         ] GC(345) User=23.19s Sys=0.00s Real=2.98s
[137.625s][info][gc,start       ] GC(346) Pause Full (Ergonomics)
[137.625s][info][gc,phases,start] GC(346) Marking Phase
[139.917s][info][gc,phases      ] GC(346) Marking Phase 2291.434ms
[139.917s][info][gc,phases,start] GC(346) Summary Phase
[139.917s][info][gc,phases      ] GC(346) Summary Phase 0.102ms
[139.917s][info][gc,phases,start] GC(346) Adjust Roots
[139.917s][info][gc,phases      ] GC(346) Adjust Roots 0.180ms
[139.917s][info][gc,phases,start] GC(346) Compaction Phase
[140.569s][info][gc,phases      ] GC(346) Compaction Phase 651.895ms
[140.569s][info][gc,phases,start] GC(346) Post Compact
[140.581s][info][gc,phases      ] GC(346) Post Compact 12.277ms
[140.581s][info][gc,heap        ] GC(346) PSYoungGen: 144345K(513024K)->144345K(513024K) Eden: 133119K(133120K)->133119K(133120K) From: 11225K(379904K)->11225K(379904K)
[140.581s][info][gc,heap        ] GC(346) ParOldGen: 10035200K(10035200K)->10035200K(10035200K)
[140.581s][info][gc,metaspace   ] GC(346) Metaspace: 6302K(6528K)->6302K(6528K) NonClass: 5769K(5888K)->5769K(5888K) Class: 533K(640K)->533K(640K)
[140.581s][info][gc             ] GC(346) Pause Full (Ergonomics) 9940M->9940M(10301M) 2956.309ms
[140.581s][info][gc,cpu         ] GC(346) User=23.06s Sys=0.00s Real=2.96s
[140.582s][info][gc,start       ] GC(347) Pause Full (Allocation Failure)
[140.582s][info][gc,phases,start] GC(347) Marking Phase
[142.846s][info][gc,phases      ] GC(347) Marking Phase 2264.936ms
[142.847s][info][gc,phases,start] GC(347) Summary Phase
[142.847s][info][gc,phases      ] GC(347) Summary Phase 0.114ms
[142.847s][info][gc,phases,start] GC(347) Adjust Roots
[142.847s][info][gc,phases      ] GC(347) Adjust Roots 0.397ms
[142.847s][info][gc,phases,start] GC(347) Compaction Phase
[145.359s][info][gc,phases      ] GC(347) Compaction Phase 2512.303ms
[145.360s][info][gc,phases,start] GC(347) Post Compact
[145.374s][info][gc,phases      ] GC(347) Post Compact 14.774ms
[145.374s][info][gc,heap        ] GC(347) PSYoungGen: 144345K(513024K)->144345K(513024K) Eden: 133119K(133120K)->133119K(133120K) From: 11225K(379904K)->11225K(379904K)
[145.374s][info][gc,heap        ] GC(347) ParOldGen: 10035200K(10035200K)->10035195K(10035200K)
[145.374s][info][gc,metaspace   ] GC(347) Metaspace: 6302K(6528K)->6301K(6528K) NonClass: 5769K(5888K)->5768K(5888K) Class: 533K(640K)->532K(640K)
[145.374s][info][gc             ] GC(347) Pause Full (Allocation Failure) 9940M->9940M(10301M) 4792.884ms
[145.374s][info][gc,cpu         ] GC(347) User=36.22s Sys=0.02s Real=4.79s
[145.375s][info][gc,start       ] GC(348) Pause Full (Ergonomics)
[145.375s][info][gc,phases,start] GC(348) Marking Phase
[147.652s][info][gc,phases      ] GC(348) Marking Phase 2276.688ms
[147.652s][info][gc,phases,start] GC(348) Summary Phase
[147.652s][info][gc,phases      ] GC(348) Summary Phase 0.112ms
[147.652s][info][gc,phases,start] GC(348) Adjust Roots
[147.652s][info][gc,phases      ] GC(348) Adjust Roots 0.214ms
[147.652s][info][gc,phases,start] GC(348) Compaction Phase
[148.290s][info][gc,phases      ] GC(348) Compaction Phase 637.609ms
[148.290s][info][gc,phases,start] GC(348) Post Compact
[148.302s][info][gc,phases      ] GC(348) Post Compact 12.690ms
[148.302s][info][gc,heap        ] GC(348) PSYoungGen: 144345K(513024K)->144345K(513024K) Eden: 133119K(133120K)->133119K(133120K) From: 11225K(379904K)->11225K(379904K)
[148.303s][info][gc,heap        ] GC(348) ParOldGen: 10035196K(10035200K)->10035196K(10035200K)
[148.303s][info][gc,metaspace   ] GC(348) Metaspace: 6301K(6528K)->6301K(6528K) NonClass: 5768K(5888K)->5768K(5888K) Class: 532K(640K)->532K(640K)
[148.303s][info][gc             ] GC(348) Pause Full (Ergonomics) 9940M->9940M(10301M) 2927.657ms
[148.303s][info][gc,cpu         ] GC(348) User=22.92s Sys=0.00s Real=2.93s
[148.303s][info][gc,start       ] GC(349) Pause Full (Ergonomics)
[148.303s][info][gc,phases,start] GC(349) Marking Phase
[150.603s][info][gc,phases      ] GC(349) Marking Phase 2300.497ms
[150.604s][info][gc,phases,start] GC(349) Summary Phase
[150.604s][info][gc,phases      ] GC(349) Summary Phase 0.093ms
[150.604s][info][gc,phases,start] GC(349) Adjust Roots
[150.604s][info][gc,phases      ] GC(349) Adjust Roots 0.167ms
[150.604s][info][gc,phases,start] GC(349) Compaction Phase
[151.252s][info][gc,phases      ] GC(349) Compaction Phase 648.410ms
[151.252s][info][gc,phases,start] GC(349) Post Compact
[151.266s][info][gc,phases      ] GC(349) Post Compact 13.358ms
[151.266s][info][gc,heap        ] GC(349) PSYoungGen: 144345K(513024K)->144345K(513024K) Eden: 133119K(133120K)->133119K(133120K) From: 11225K(379904K)->11225K(379904K)
[151.266s][info][gc,heap        ] GC(349) ParOldGen: 10035199K(10035200K)->10035199K(10035200K)
[151.266s][info][gc,metaspace   ] GC(349) Metaspace: 6301K(6528K)->6301K(6528K) NonClass: 5768K(5888K)->5768K(5888K) Class: 532K(640K)->532K(640K)
[151.266s][info][gc             ] GC(349) Pause Full (Ergonomics) 9940M->9940M(10301M) 2962.952ms
[151.266s][info][gc,cpu         ] GC(349) User=23.05s Sys=0.02s Real=2.96s
[151.266s][info][gc,start       ] GC(350) Pause Full (Allocation Failure)
[151.266s][info][gc,phases,start] GC(350) Marking Phase
[153.536s][info][gc,phases      ] GC(350) Marking Phase 2270.421ms
[153.536s][info][gc,phases,start] GC(350) Summary Phase
[153.537s][info][gc,phases      ] GC(350) Summary Phase 0.093ms
[153.537s][info][gc,phases,start] GC(350) Adjust Roots
[153.537s][info][gc,phases      ] GC(350) Adjust Roots 0.165ms
[153.537s][info][gc,phases,start] GC(350) Compaction Phase
[154.185s][info][gc,phases      ] GC(350) Compaction Phase 648.032ms
[154.185s][info][gc,phases,start] GC(350) Post Compact
[154.198s][info][gc,phases      ] GC(350) Post Compact 13.209ms
[154.198s][info][gc,heap        ] GC(350) PSYoungGen: 144345K(513024K)->144345K(513024K) Eden: 133119K(133120K)->133119K(133120K) From: 11225K(379904K)->11225K(379904K)
[154.198s][info][gc,heap        ] GC(350) ParOldGen: 10035199K(10035200K)->10035199K(10035200K)
[154.198s][info][gc,metaspace   ] GC(350) Metaspace: 6301K(6528K)->6301K(6528K) NonClass: 5768K(5888K)->5768K(5888K) Class: 532K(640K)->532K(640K)
[154.198s][info][gc             ] GC(350) Pause Full (Allocation Failure) 9940M->9940M(10301M) 2932.216ms
[154.198s][info][gc,cpu         ] GC(350) User=22.77s Sys=0.00s Real=2.93s
[154.199s][info][gc,start       ] GC(351) Pause Full (Ergonomics)
[154.199s][info][gc,phases,start] GC(351) Marking Phase
[156.475s][info][gc,phases      ] GC(351) Marking Phase 2276.635ms
[156.475s][info][gc,phases,start] GC(351) Summary Phase
[156.476s][info][gc,phases      ] GC(351) Summary Phase 0.096ms
[156.476s][info][gc,phases,start] GC(351) Adjust Roots
[156.476s][info][gc,phases      ] GC(351) Adjust Roots 0.252ms
[156.476s][info][gc,phases,start] GC(351) Compaction Phase
[159.003s][info][gc,phases      ] GC(351) Compaction Phase 2527.633ms
[159.004s][info][gc,phases,start] GC(351) Post Compact
[159.018s][info][gc,phases      ] GC(351) Post Compact 14.669ms
[159.018s][info][gc,heap        ] GC(351) PSYoungGen: 144345K(513024K)->144345K(513024K) Eden: 133119K(133120K)->133119K(133120K) From: 11225K(379904K)->11225K(379904K)
[159.018s][info][gc,heap        ] GC(351) ParOldGen: 10035199K(10035200K)->10035198K(10035200K)
[159.018s][info][gc,metaspace   ] GC(351) Metaspace: 6301K(6528K)->6301K(6528K) NonClass: 5768K(5888K)->5768K(5888K) Class: 532K(640K)->532K(640K)
[159.018s][info][gc             ] GC(351) Pause Full (Ergonomics) 9940M->9940M(10301M) 4819.638ms
[159.018s][info][gc,cpu         ] GC(351) User=35.98s Sys=0.05s Real=4.82s
[159.019s][info][gc,start       ] GC(352) Pause Full (Ergonomics)
[159.019s][info][gc,phases,start] GC(352) Marking Phase
[161.282s][info][gc,phases      ] GC(352) Marking Phase 2262.748ms
[161.282s][info][gc,phases,start] GC(352) Summary Phase
[161.282s][info][gc,phases      ] GC(352) Summary Phase 0.093ms
[161.282s][info][gc,phases,start] GC(352) Adjust Roots
[161.282s][info][gc,phases      ] GC(352) Adjust Roots 0.164ms
[161.282s][info][gc,phases,start] GC(352) Compaction Phase
[161.930s][info][gc,phases      ] GC(352) Compaction Phase 647.638ms
[161.930s][info][gc,phases,start] GC(352) Post Compact
[161.942s][info][gc,phases      ] GC(352) Post Compact 12.426ms
[161.942s][info][gc,heap        ] GC(352) PSYoungGen: 144345K(513024K)->144345K(513024K) Eden: 133119K(133120K)->133119K(133120K) From: 11225K(379904K)->11225K(379904K)
[161.942s][info][gc,heap        ] GC(352) ParOldGen: 10035199K(10035200K)->10035198K(10035200K)
[161.942s][info][gc,metaspace   ] GC(352) Metaspace: 6301K(6528K)->6301K(6528K) NonClass: 5768K(5888K)->5768K(5888K) Class: 532K(640K)->532K(640K)
[161.942s][info][gc             ] GC(352) Pause Full (Ergonomics) 9940M->9940M(10301M) 2923.521ms
[161.942s][info][gc,cpu         ] GC(352) User=22.77s Sys=0.00s Real=2.92s
[161.943s][info][gc,start       ] GC(353) Pause Full (Ergonomics)
[161.943s][info][gc,phases,start] GC(353) Marking Phase
[164.226s][info][gc,phases      ] GC(353) Marking Phase 2282.486ms
[164.226s][info][gc,phases,start] GC(353) Summary Phase
[164.226s][info][gc,phases      ] GC(353) Summary Phase 0.099ms
[164.226s][info][gc,phases,start] GC(353) Adjust Roots
[164.226s][info][gc,phases      ] GC(353) Adjust Roots 0.353ms
[164.226s][info][gc,phases,start] GC(353) Compaction Phase
[166.767s][info][gc,phases      ] GC(353) Compaction Phase 2540.735ms
[166.767s][info][gc,phases,start] GC(353) Post Compact
[166.782s][info][gc,phases      ] GC(353) Post Compact 14.805ms
[166.782s][info][gc,heap        ] GC(353) PSYoungGen: 144345K(513024K)->144345K(513024K) Eden: 133119K(133120K)->133119K(133120K) From: 11225K(379904K)->11225K(379904K)
[166.782s][info][gc,heap        ] GC(353) ParOldGen: 10035199K(10035200K)->10035197K(10035200K)
[166.782s][info][gc,metaspace   ] GC(353) Metaspace: 6305K(6528K)->6305K(6528K) NonClass: 5770K(5888K)->5770K(5888K) Class: 534K(640K)->534K(640K)
[166.782s][info][gc             ] GC(353) Pause Full (Ergonomics) 9940M->9940M(10301M) 4838.838ms
[166.782s][info][gc,cpu         ] GC(353) User=36.42s Sys=0.02s Real=4.84s
[166.783s][info][gc,heap,exit   ] Heap
[166.783s][info][gc,heap,exit   ]  PSYoungGen      total 513024K, used 144345K [0x00000006cdc00000, 0x0000000705880000, 0x0000000800000000)
[166.783s][info][gc,heap,exit   ]   eden space 133120K, 99% used [0x00000006cdc00000,0x00000006d5dffff8,0x00000006d5e00000)
[166.783s][info][gc,heap,exit   ]   from space 379904K, 2% used [0x00000006d5e00000,0x00000006d68f66d0,0x00000006ed100000)
[166.783s][info][gc,heap,exit   ]   to   space 382976K, 0% used [0x00000006ee280000,0x00000006ee280000,0x0000000705880000)
[166.783s][info][gc,heap,exit   ]  ParOldGen       total 10035200K, used 10035197K [0x0000000469400000, 0x00000006cdc00000, 0x00000006cdc00000)
[166.783s][info][gc,heap,exit   ]   object space 10035200K, 99% used [0x0000000469400000,0x00000006cdbff5a0,0x00000006cdc00000)
[166.783s][info][gc,heap,exit   ]  Metaspace       used 6306K, committed 6528K, reserved 1114112K
[166.783s][info][gc,heap,exit   ]   class space    used 534K, committed 640K, reserved 1048576K
