[0.013s][info][gc,init] CardTable entry size: 512
[0.013s][info][gc     ] Using Parallel
[0.014s][info][gc,init] Version: 18.0.1+10 (release)
[0.014s][info][gc,init] CPUs: 8 total, 8 available
[0.014s][info][gc,init] Memory: 16063M
[0.014s][info][gc,init] Large Page Support: Disabled
[0.014s][info][gc,init] NUMA Support: Disabled
[0.014s][info][gc,init] Compressed Oops: Enabled (Zero based)
[0.014s][info][gc,init] Alignments: Space 512K, Generation 512K, Heap 2M
[0.014s][info][gc,init] Heap Min Capacity: 2M
[0.014s][info][gc,init] Heap Initial Capacity: 2M
[0.015s][info][gc,init] Heap Max Capacity: 4700M
[0.015s][info][gc,init] Pre-touch: Disabled
[0.015s][info][gc,init] Parallel Workers: 8
[0.015s][info][gc,metaspace] CDS archive(s) not mapped
[0.015s][info][gc,metaspace] Compressed class space mapped at: 0x0000000800000000-0x0000000840000000, reserved size: 1073741824
[0.015s][info][gc,metaspace] Narrow klass base: 0x0000000800000000, Narrow klass shift: 0, Narrow klass range: 0x40000000
[0.136s][info][gc,start    ] GC(0) Pause Young (Allocation Failure)
[0.137s][info][gc,heap     ] GC(0) PSYoungGen: 512K(1024K)->480K(1024K) Eden: 512K(512K)->0K(512K) From: 0K(512K)->480K(512K)
[0.137s][info][gc,heap     ] GC(0) ParOldGen: 0K(512K)->8K(512K)
[0.137s][info][gc,metaspace] GC(0) Metaspace: 4229K(4352K)->4229K(4352K) NonClass: 3908K(3968K)->3908K(3968K) Class: 321K(384K)->321K(384K)
[0.137s][info][gc          ] GC(0) Pause Young (Allocation Failure) 0M->0M(1M) 1.399ms
[0.137s][info][gc,cpu      ] GC(0) User=0.00s Sys=0.00s Real=0.00s
[0.211s][info][gc,start    ] GC(1) Pause Young (Allocation Failure)
[0.212s][info][gc,heap     ] GC(1) PSYoungGen: 991K(1024K)->512K(1024K) Eden: 511K(512K)->0K(512K) From: 480K(512K)->512K(512K)
[0.212s][info][gc,heap     ] GC(1) ParOldGen: 8K(512K)->88K(512K)
[0.212s][info][gc,metaspace] GC(1) Metaspace: 5880K(6016K)->5880K(6016K) NonClass: 5383K(5504K)->5383K(5504K) Class: 496K(512K)->496K(512K)
[0.212s][info][gc          ] GC(1) Pause Young (Allocation Failure) 0M->0M(1M) 1.065ms
[0.212s][info][gc,cpu      ] GC(1) User=0.00s Sys=0.00s Real=0.00s
[0.236s][info][gc,start    ] GC(2) Pause Young (Allocation Failure)
[0.237s][info][gc,heap     ] GC(2) PSYoungGen: 1023K(1024K)->512K(1024K) Eden: 511K(512K)->0K(512K) From: 512K(512K)->512K(512K)
[0.237s][info][gc,heap     ] GC(2) ParOldGen: 88K(512K)->240K(512K)
[0.237s][info][gc,metaspace] GC(2) Metaspace: 6297K(6464K)->6297K(6464K) NonClass: 5763K(5824K)->5763K(5824K) Class: 533K(640K)->533K(640K)
[0.237s][info][gc          ] GC(2) Pause Young (Allocation Failure) 1M->0M(1M) 0.954ms
[0.237s][info][gc,cpu      ] GC(2) User=0.00s Sys=0.00s Real=0.00s
[0.239s][info][gc,start    ] GC(3) Pause Young (Allocation Failure)
[0.240s][info][gc,heap     ] GC(3) PSYoungGen: 1023K(1024K)->512K(1536K) Eden: 511K(512K)->0K(1024K) From: 512K(512K)->512K(512K)
[0.240s][info][gc,heap     ] GC(3) ParOldGen: 240K(512K)->492K(512K)
[0.240s][info][gc,metaspace] GC(3) Metaspace: 6299K(6464K)->6299K(6464K) NonClass: 5766K(5824K)->5766K(5824K) Class: 533K(640K)->533K(640K)
[0.240s][info][gc          ] GC(3) Pause Young (Allocation Failure) 1M->0M(2M) 1.290ms
[0.240s][info][gc,cpu      ] GC(3) User=0.00s Sys=0.00s Real=0.00s
[0.240s][info][gc,start    ] GC(4) Pause Full (Ergonomics)
[0.240s][info][gc,phases,start] GC(4) Marking Phase
[0.241s][info][gc,phases      ] GC(4) Marking Phase 1.015ms
[0.241s][info][gc,phases,start] GC(4) Summary Phase
[0.241s][info][gc,phases      ] GC(4) Summary Phase 0.014ms
[0.241s][info][gc,phases,start] GC(4) Adjust Roots
[0.241s][info][gc,phases      ] GC(4) Adjust Roots 0.390ms
[0.241s][info][gc,phases,start] GC(4) Compaction Phase
[0.243s][info][gc,phases      ] GC(4) Compaction Phase 1.373ms
[0.243s][info][gc,phases,start] GC(4) Post Compact
[0.243s][info][gc,phases      ] GC(4) Post Compact 0.106ms
[0.243s][info][gc,heap        ] GC(4) PSYoungGen: 512K(1536K)->511K(1536K) Eden: 0K(1024K)->0K(1024K) From: 512K(512K)->511K(512K)
[0.243s][info][gc,heap        ] GC(4) ParOldGen: 492K(512K)->455K(2048K)
[0.243s][info][gc,metaspace   ] GC(4) Metaspace: 6299K(6464K)->6299K(6464K) NonClass: 5766K(5824K)->5766K(5824K) Class: 533K(640K)->533K(640K)
[0.243s][info][gc             ] GC(4) Pause Full (Ergonomics) 0M->0M(3M) 3.293ms
[0.243s][info][gc,cpu         ] GC(4) User=0.00s Sys=0.00s Real=0.00s
[0.245s][info][gc,start       ] GC(5) Pause Young (Allocation Failure)
[0.246s][info][gc,heap        ] GC(5) PSYoungGen: 1535K(1536K)->480K(1536K) Eden: 1024K(1024K)->0K(1024K) From: 511K(512K)->480K(512K)
[0.246s][info][gc,heap        ] GC(5) ParOldGen: 455K(2048K)->1020K(2048K)
[0.246s][info][gc,metaspace   ] GC(5) Metaspace: 6299K(6464K)->6299K(6464K) NonClass: 5766K(5824K)->5766K(5824K) Class: 533K(640K)->533K(640K)
[0.246s][info][gc             ] GC(5) Pause Young (Allocation Failure) 1M->1M(3M) 1.197ms
[0.246s][info][gc,cpu         ] GC(5) User=0.02s Sys=0.00s Real=0.00s
[0.248s][info][gc,start       ] GC(6) Pause Young (Allocation Failure)
[0.249s][info][gc,heap        ] GC(6) PSYoungGen: 1504K(1536K)->1024K(3584K) Eden: 1024K(1024K)->0K(2048K) From: 480K(512K)->1024K(1536K)
[0.249s][info][gc,heap        ] GC(6) ParOldGen: 1020K(2048K)->1020K(2048K)
[0.249s][info][gc,metaspace   ] GC(6) Metaspace: 6299K(6464K)->6299K(6464K) NonClass: 5766K(5824K)->5766K(5824K) Class: 533K(640K)->533K(640K)
[0.249s][info][gc             ] GC(6) Pause Young (Allocation Failure) 2M->1M(5M) 1.334ms
[0.249s][info][gc,cpu         ] GC(6) User=0.00s Sys=0.00s Real=0.00s
[0.253s][info][gc,start       ] GC(7) Pause Young (Allocation Failure)
[0.256s][info][gc,heap        ] GC(7) PSYoungGen: 3072K(3584K)->1504K(3584K) Eden: 2048K(2048K)->0K(2048K) From: 1024K(1536K)->1504K(1536K)
[0.256s][info][gc,heap        ] GC(7) ParOldGen: 1020K(2048K)->1564K(2048K)
[0.256s][info][gc,metaspace   ] GC(7) Metaspace: 6299K(6464K)->6299K(6464K) NonClass: 5766K(5824K)->5766K(5824K) Class: 533K(640K)->533K(640K)
[0.256s][info][gc             ] GC(7) Pause Young (Allocation Failure) 3M->2M(5M) 2.775ms
[0.256s][info][gc,cpu         ] GC(7) User=0.00s Sys=0.00s Real=0.00s
[0.256s][info][gc,start       ] GC(8) Pause Full (Ergonomics)
[0.256s][info][gc,phases,start] GC(8) Marking Phase
[0.258s][info][gc,phases      ] GC(8) Marking Phase 2.003ms
[0.258s][info][gc,phases,start] GC(8) Summary Phase
[0.258s][info][gc,phases      ] GC(8) Summary Phase 0.017ms
[0.258s][info][gc,phases,start] GC(8) Adjust Roots
[0.259s][info][gc,phases      ] GC(8) Adjust Roots 0.469ms
[0.259s][info][gc,phases,start] GC(8) Compaction Phase
[0.262s][info][gc,phases      ] GC(8) Compaction Phase 2.740ms
[0.262s][info][gc,phases,start] GC(8) Post Compact
[0.262s][info][gc,phases      ] GC(8) Post Compact 0.030ms
[0.262s][info][gc,heap        ] GC(8) PSYoungGen: 1504K(3584K)->1501K(3584K) Eden: 0K(2048K)->0K(2048K) From: 1504K(1536K)->1501K(1536K)
[0.262s][info][gc,heap        ] GC(8) ParOldGen: 1564K(2048K)->1537K(4096K)
[0.262s][info][gc,metaspace   ] GC(8) Metaspace: 6299K(6464K)->6299K(6464K) NonClass: 5766K(5824K)->5766K(5824K) Class: 533K(640K)->533K(640K)
[0.262s][info][gc             ] GC(8) Pause Full (Ergonomics) 2M->2M(7M) 5.599ms
[0.262s][info][gc,cpu         ] GC(8) User=0.00s Sys=0.00s Real=0.01s
[0.266s][info][gc,start       ] GC(9) Pause Young (Allocation Failure)
[0.269s][info][gc,heap        ] GC(9) PSYoungGen: 3549K(3584K)->2016K(5120K) Eden: 2048K(2048K)->0K(3072K) From: 1501K(1536K)->2016K(2048K)
[0.269s][info][gc,heap        ] GC(9) ParOldGen: 1537K(4096K)->2089K(4096K)
[0.269s][info][gc,metaspace   ] GC(9) Metaspace: 6299K(6464K)->6299K(6464K) NonClass: 5766K(5824K)->5766K(5824K) Class: 533K(640K)->533K(640K)
[0.269s][info][gc             ] GC(9) Pause Young (Allocation Failure) 4M->4M(9M) 3.543ms
[0.269s][info][gc,cpu         ] GC(9) User=0.00s Sys=0.00s Real=0.00s
[0.275s][info][gc,start       ] GC(10) Pause Young (Allocation Failure)
[0.278s][info][gc,heap        ] GC(10) PSYoungGen: 5088K(5120K)->2528K(5632K) Eden: 3072K(3072K)->0K(3072K) From: 2016K(2048K)->2528K(2560K)
[0.278s][info][gc,heap        ] GC(10) ParOldGen: 2089K(4096K)->3177K(4096K)
[0.278s][info][gc,metaspace   ] GC(10) Metaspace: 6299K(6464K)->6299K(6464K) NonClass: 5766K(5824K)->5766K(5824K) Class: 533K(640K)->533K(640K)
[0.278s][info][gc             ] GC(10) Pause Young (Allocation Failure) 7M->5M(9M) 3.369ms
[0.278s][info][gc,cpu         ] GC(10) User=0.00s Sys=0.00s Real=0.00s
[0.278s][info][gc,start       ] GC(11) Pause Full (Ergonomics)
[0.278s][info][gc,phases,start] GC(11) Marking Phase
[0.281s][info][gc,phases      ] GC(11) Marking Phase 2.969ms
[0.281s][info][gc,phases,start] GC(11) Summary Phase
[0.281s][info][gc,phases      ] GC(11) Summary Phase 0.017ms
[0.281s][info][gc,phases,start] GC(11) Adjust Roots
[0.281s][info][gc,phases      ] GC(11) Adjust Roots 0.246ms
[0.281s][info][gc,phases,start] GC(11) Compaction Phase
[0.285s][info][gc,phases      ] GC(11) Compaction Phase 3.752ms
[0.285s][info][gc,phases,start] GC(11) Post Compact
[0.285s][info][gc,phases      ] GC(11) Post Compact 0.050ms
[0.285s][info][gc,heap        ] GC(11) PSYoungGen: 2528K(5632K)->1916K(5632K) Eden: 0K(3072K)->0K(3072K) From: 2528K(2560K)->1916K(2560K)
[0.285s][info][gc,heap        ] GC(11) ParOldGen: 3177K(4096K)->3744K(7168K)
[0.285s][info][gc,metaspace   ] GC(11) Metaspace: 6299K(6464K)->6299K(6464K) NonClass: 5766K(5824K)->5766K(5824K) Class: 533K(640K)->533K(640K)
[0.285s][info][gc             ] GC(11) Pause Full (Ergonomics) 5M->5M(12M) 7.360ms
[0.285s][info][gc,cpu         ] GC(11) User=0.00s Sys=0.00s Real=0.01s
[0.291s][info][gc,start       ] GC(12) Pause Young (Allocation Failure)
[0.295s][info][gc,heap        ] GC(12) PSYoungGen: 4988K(5632K)->2720K(8192K) Eden: 3072K(3072K)->0K(4608K) From: 1916K(2560K)->2720K(3584K)
[0.295s][info][gc,heap        ] GC(12) ParOldGen: 3744K(7168K)->4704K(7168K)
[0.295s][info][gc,metaspace   ] GC(12) Metaspace: 6299K(6464K)->6299K(6464K) NonClass: 5766K(5824K)->5766K(5824K) Class: 533K(640K)->533K(640K)
[0.295s][info][gc             ] GC(12) Pause Young (Allocation Failure) 8M->7M(15M) 3.783ms
[0.295s][info][gc,cpu         ] GC(12) User=0.02s Sys=0.00s Real=0.00s
[0.303s][info][gc,start       ] GC(13) Pause Young (Allocation Failure)
[0.308s][info][gc,heap        ] GC(13) PSYoungGen: 7328K(8192K)->2432K(8192K) Eden: 4608K(4608K)->0K(4608K) From: 2720K(3584K)->2432K(3584K)
[0.308s][info][gc,heap        ] GC(13) ParOldGen: 4704K(7168K)->7424K(7680K)
[0.308s][info][gc,metaspace   ] GC(13) Metaspace: 6299K(6464K)->6299K(6464K) NonClass: 5766K(5824K)->5766K(5824K) Class: 533K(640K)->533K(640K)
[0.308s][info][gc             ] GC(13) Pause Young (Allocation Failure) 11M->9M(15M) 5.649ms
[0.308s][info][gc,cpu         ] GC(13) User=0.00s Sys=0.00s Real=0.01s
[0.308s][info][gc,start       ] GC(14) Pause Full (Ergonomics)
[0.308s][info][gc,phases,start] GC(14) Marking Phase
[0.313s][info][gc,phases      ] GC(14) Marking Phase 4.792ms
[0.313s][info][gc,phases,start] GC(14) Summary Phase
[0.313s][info][gc,phases      ] GC(14) Summary Phase 0.021ms
[0.313s][info][gc,phases,start] GC(14) Adjust Roots
[0.314s][info][gc,phases      ] GC(14) Adjust Roots 0.243ms
[0.314s][info][gc,phases,start] GC(14) Compaction Phase
[0.319s][info][gc,phases      ] GC(14) Compaction Phase 5.207ms
[0.319s][info][gc,phases,start] GC(14) Post Compact
[0.319s][info][gc,phases      ] GC(14) Post Compact 0.059ms
[0.319s][info][gc,heap        ] GC(14) PSYoungGen: 2432K(8192K)->2370K(8192K) Eden: 0K(4608K)->0K(4608K) From: 2432K(3584K)->2370K(3584K)
[0.319s][info][gc,heap        ] GC(14) ParOldGen: 7424K(7680K)->7232K(12288K)
[0.319s][info][gc,metaspace   ] GC(14) Metaspace: 6299K(6464K)->6299K(6464K) NonClass: 5766K(5824K)->5766K(5824K) Class: 533K(640K)->533K(640K)
[0.319s][info][gc             ] GC(14) Pause Full (Ergonomics) 9M->9M(20M) 10.696ms
[0.319s][info][gc,cpu         ] GC(14) User=0.00s Sys=0.00s Real=0.01s
[0.324s][info][gc,start       ] GC(15) Pause Young (Allocation Failure)
[0.328s][info][gc,heap        ] GC(15) PSYoungGen: 6469K(8192K)->2112K(10752K) Eden: 4098K(4608K)->0K(6656K) From: 2370K(3584K)->2112K(4096K)
[0.328s][info][gc,heap        ] GC(15) ParOldGen: 7232K(12288K)->9648K(12288K)
[0.329s][info][gc,metaspace   ] GC(15) Metaspace: 6299K(6464K)->6299K(6464K) NonClass: 5766K(5824K)->5766K(5824K) Class: 533K(640K)->533K(640K)
[0.329s][info][gc             ] GC(15) Pause Young (Allocation Failure) 13M->11M(22M) 4.739ms
[0.329s][info][gc,cpu         ] GC(15) User=0.02s Sys=0.00s Real=0.00s
[0.339s][info][gc,start       ] GC(16) Pause Young (Allocation Failure)
[0.347s][info][gc,heap        ] GC(16) PSYoungGen: 8768K(10752K)->3712K(10752K) Eden: 6656K(6656K)->0K(6656K) From: 2112K(4096K)->3712K(4096K)
[0.347s][info][gc,heap        ] GC(16) ParOldGen: 9648K(12288K)->11752K(12288K)
[0.347s][info][gc,metaspace   ] GC(16) Metaspace: 6301K(6464K)->6301K(6464K) NonClass: 5768K(5824K)->5768K(5824K) Class: 533K(640K)->533K(640K)
[0.347s][info][gc             ] GC(16) Pause Young (Allocation Failure) 17M->15M(22M) 7.577ms
[0.347s][info][gc,cpu         ] GC(16) User=0.02s Sys=0.00s Real=0.01s
[0.347s][info][gc,start       ] GC(17) Pause Full (Ergonomics)
[0.347s][info][gc,phases,start] GC(17) Marking Phase
[0.355s][info][gc,phases      ] GC(17) Marking Phase 7.925ms
[0.355s][info][gc,phases,start] GC(17) Summary Phase
[0.355s][info][gc,phases      ] GC(17) Summary Phase 0.019ms
[0.355s][info][gc,phases,start] GC(17) Adjust Roots
[0.355s][info][gc,phases      ] GC(17) Adjust Roots 0.193ms
[0.355s][info][gc,phases,start] GC(17) Compaction Phase
[0.363s][info][gc,phases      ] GC(17) Compaction Phase 8.283ms
[0.364s][info][gc,phases,start] GC(17) Post Compact
[0.364s][info][gc,phases      ] GC(17) Post Compact 0.052ms
[0.364s][info][gc,heap        ] GC(17) PSYoungGen: 3712K(10752K)->3072K(10752K) Eden: 0K(6656K)->0K(6656K) From: 3712K(4096K)->3072K(4096K)
[0.364s][info][gc,heap        ] GC(17) ParOldGen: 11752K(12288K)->11991K(18944K)
[0.364s][info][gc,metaspace   ] GC(17) Metaspace: 6301K(6464K)->6301K(6464K) NonClass: 5768K(5824K)->5768K(5824K) Class: 533K(640K)->533K(640K)
[0.364s][info][gc             ] GC(17) Pause Full (Ergonomics) 15M->14M(29M) 16.782ms
[0.364s][info][gc,cpu         ] GC(17) User=0.02s Sys=0.00s Real=0.02s
[0.369s][info][gc,start       ] GC(18) Pause Young (Allocation Failure)
[0.376s][info][gc,heap        ] GC(18) PSYoungGen: 9728K(10752K)->3488K(13824K) Eden: 6656K(6656K)->0K(9216K) From: 3072K(4096K)->3488K(4608K)
[0.376s][info][gc,heap        ] GC(18) ParOldGen: 11991K(18944K)->15119K(18944K)
[0.376s][info][gc,metaspace   ] GC(18) Metaspace: 6301K(6464K)->6301K(6464K) NonClass: 5768K(5824K)->5768K(5824K) Class: 533K(640K)->533K(640K)
[0.376s][info][gc             ] GC(18) Pause Young (Allocation Failure) 21M->18M(32M) 7.533ms
[0.376s][info][gc,cpu         ] GC(18) User=0.02s Sys=0.00s Real=0.01s
[0.385s][info][gc,start       ] GC(19) Pause Young (Allocation Failure)
[0.393s][info][gc,heap        ] GC(19) PSYoungGen: 12704K(13824K)->4576K(13824K) Eden: 9216K(9216K)->0K(9216K) From: 3488K(4608K)->4576K(4608K)
[0.394s][info][gc,heap        ] GC(19) ParOldGen: 15119K(18944K)->19311K(19456K)
[0.394s][info][gc,metaspace   ] GC(19) Metaspace: 6301K(6464K)->6301K(6464K) NonClass: 5768K(5824K)->5768K(5824K) Class: 533K(640K)->533K(640K)
[0.394s][info][gc             ] GC(19) Pause Young (Allocation Failure) 27M->23M(32M) 8.367ms
[0.394s][info][gc,cpu         ] GC(19) User=0.00s Sys=0.00s Real=0.01s
[0.394s][info][gc,start       ] GC(20) Pause Full (Ergonomics)
[0.394s][info][gc,phases,start] GC(20) Marking Phase
[0.405s][info][gc,phases      ] GC(20) Marking Phase 11.584ms
[0.405s][info][gc,phases,start] GC(20) Summary Phase
[0.405s][info][gc,phases      ] GC(20) Summary Phase 0.019ms
[0.405s][info][gc,phases,start] GC(20) Adjust Roots
[0.406s][info][gc,phases      ] GC(20) Adjust Roots 0.195ms
[0.406s][info][gc,phases,start] GC(20) Compaction Phase
[0.416s][info][gc,phases      ] GC(20) Compaction Phase 10.073ms
[0.416s][info][gc,phases,start] GC(20) Post Compact
[0.416s][info][gc,phases      ] GC(20) Post Compact 0.078ms
[0.416s][info][gc,heap        ] GC(20) PSYoungGen: 4576K(13824K)->4569K(13824K) Eden: 0K(9216K)->0K(9216K) From: 4576K(4608K)->4569K(4608K)
[0.416s][info][gc,heap        ] GC(20) ParOldGen: 19311K(19456K)->18674K(28160K)
[0.416s][info][gc,metaspace   ] GC(20) Metaspace: 6301K(6464K)->6301K(6464K) NonClass: 5768K(5824K)->5768K(5824K) Class: 533K(640K)->533K(640K)
[0.416s][info][gc             ] GC(20) Pause Full (Ergonomics) 23M->22M(41M) 22.429ms
[0.416s][info][gc,cpu         ] GC(20) User=0.02s Sys=0.00s Real=0.02s
[0.423s][info][gc,start       ] GC(21) Pause Young (Allocation Failure)
[0.433s][info][gc,heap        ] GC(21) PSYoungGen: 13785K(13824K)->4800K(18944K) Eden: 9216K(9216K)->0K(11776K) From: 4569K(4608K)->4800K(7168K)
[0.433s][info][gc,heap        ] GC(21) ParOldGen: 18674K(28160K)->23306K(28160K)
[0.433s][info][gc,metaspace   ] GC(21) Metaspace: 6301K(6464K)->6301K(6464K) NonClass: 5768K(5824K)->5768K(5824K) Class: 533K(640K)->533K(640K)
[0.433s][info][gc             ] GC(21) Pause Young (Allocation Failure) 31M->27M(46M) 9.740ms
[0.433s][info][gc,cpu         ] GC(21) User=0.00s Sys=0.00s Real=0.01s
[0.433s][info][gc,start       ] GC(22) Pause Full (Ergonomics)
[0.433s][info][gc,phases,start] GC(22) Marking Phase
[0.449s][info][gc,phases      ] GC(22) Marking Phase 16.356ms
[0.449s][info][gc,phases,start] GC(22) Summary Phase
[0.449s][info][gc,phases      ] GC(22) Summary Phase 0.020ms
[0.449s][info][gc,phases,start] GC(22) Adjust Roots
[0.450s][info][gc,phases      ] GC(22) Adjust Roots 0.198ms
[0.450s][info][gc,phases,start] GC(22) Compaction Phase
[0.458s][info][gc,phases      ] GC(22) Compaction Phase 7.983ms
[0.458s][info][gc,phases,start] GC(22) Post Compact
[0.458s][info][gc,phases      ] GC(22) Post Compact 0.184ms
[0.458s][info][gc,heap        ] GC(22) PSYoungGen: 4800K(18944K)->0K(19456K) Eden: 0K(11776K)->0K(11776K) From: 4800K(7168K)->0K(7680K)
[0.458s][info][gc,heap        ] GC(22) ParOldGen: 23306K(28160K)->28006K(39424K)
[0.458s][info][gc,metaspace   ] GC(22) Metaspace: 6301K(6464K)->6301K(6464K) NonClass: 5768K(5824K)->5768K(5824K) Class: 533K(640K)->533K(640K)
[0.458s][info][gc             ] GC(22) Pause Full (Ergonomics) 27M->27M(57M) 25.116ms
[0.458s][info][gc,cpu         ] GC(22) User=0.03s Sys=0.00s Real=0.02s
[0.465s][info][gc,start       ] GC(23) Pause Young (Allocation Failure)
[0.473s][info][gc,heap        ] GC(23) PSYoungGen: 11776K(19456K)->6112K(21504K) Eden: 11776K(11776K)->0K(13824K) From: 0K(7680K)->6112K(7680K)
[0.473s][info][gc,heap        ] GC(23) ParOldGen: 28006K(39424K)->28006K(39424K)
[0.473s][info][gc,metaspace   ] GC(23) Metaspace: 6301K(6464K)->6301K(6464K) NonClass: 5768K(5824K)->5768K(5824K) Class: 533K(640K)->533K(640K)
[0.473s][info][gc             ] GC(23) Pause Young (Allocation Failure) 38M->33M(59M) 7.701ms
[0.473s][info][gc,cpu         ] GC(23) User=0.00s Sys=0.00s Real=0.01s
[0.490s][info][gc,start       ] GC(24) Pause Young (Allocation Failure)
[0.503s][info][gc,heap        ] GC(24) PSYoungGen: 19936K(21504K)->8160K(22016K) Eden: 13824K(13824K)->0K(13824K) From: 6112K(7680K)->8160K(8192K)
[0.503s][info][gc,heap        ] GC(24) ParOldGen: 28006K(39424K)->39182K(39424K)
[0.503s][info][gc,metaspace   ] GC(24) Metaspace: 6301K(6464K)->6301K(6464K) NonClass: 5768K(5824K)->5768K(5824K) Class: 533K(640K)->533K(640K)
[0.503s][info][gc             ] GC(24) Pause Young (Allocation Failure) 46M->46M(60M) 13.618ms
[0.504s][info][gc,cpu         ] GC(24) User=0.00s Sys=0.00s Real=0.01s
[0.504s][info][gc,start       ] GC(25) Pause Full (Ergonomics)
[0.504s][info][gc,phases,start] GC(25) Marking Phase
[0.522s][info][gc,phases      ] GC(25) Marking Phase 18.256ms
[0.522s][info][gc,phases,start] GC(25) Summary Phase
[0.522s][info][gc,phases      ] GC(25) Summary Phase 0.016ms
[0.522s][info][gc,phases,start] GC(25) Adjust Roots
[0.522s][info][gc,phases      ] GC(25) Adjust Roots 0.150ms
[0.522s][info][gc,phases,start] GC(25) Compaction Phase
[0.536s][info][gc,phases      ] GC(25) Compaction Phase 13.860ms
[0.536s][info][gc,phases,start] GC(25) Post Compact
[0.536s][info][gc,phases      ] GC(25) Post Compact 0.147ms
[0.536s][info][gc,heap        ] GC(25) PSYoungGen: 8160K(22016K)->8148K(22016K) Eden: 0K(13824K)->0K(13824K) From: 8160K(8192K)->8148K(8192K)
[0.536s][info][gc,heap        ] GC(25) ParOldGen: 39182K(39424K)->37982K(54272K)
[0.536s][info][gc,metaspace   ] GC(25) Metaspace: 6301K(6464K)->6301K(6464K) NonClass: 5768K(5824K)->5768K(5824K) Class: 533K(640K)->533K(640K)
[0.536s][info][gc             ] GC(25) Pause Full (Ergonomics) 46M->45M(74M) 32.796ms
[0.536s][info][gc,cpu         ] GC(25) User=0.03s Sys=0.00s Real=0.03s
[0.550s][info][gc,start       ] GC(26) Pause Young (Allocation Failure)
[0.568s][info][gc,heap        ] GC(26) PSYoungGen: 21972K(22016K)->13824K(25088K) Eden: 13824K(13824K)->0K(11264K) From: 8148K(8192K)->13824K(13824K)
[0.568s][info][gc,heap        ] GC(26) ParOldGen: 37982K(54272K)->46238K(54272K)
[0.568s][info][gc,metaspace   ] GC(26) Metaspace: 6301K(6464K)->6301K(6464K) NonClass: 5768K(5824K)->5768K(5824K) Class: 533K(640K)->533K(640K)
[0.568s][info][gc             ] GC(26) Pause Young (Allocation Failure) 58M->58M(77M) 18.650ms
[0.568s][info][gc,cpu         ] GC(26) User=0.02s Sys=0.00s Real=0.02s
[0.568s][info][gc,start       ] GC(27) Pause Full (Ergonomics)
[0.568s][info][gc,phases,start] GC(27) Marking Phase
[0.590s][info][gc,phases      ] GC(27) Marking Phase 22.202ms
[0.591s][info][gc,phases,start] GC(27) Summary Phase
[0.591s][info][gc,phases      ] GC(27) Summary Phase 0.024ms
[0.591s][info][gc,phases,start] GC(27) Adjust Roots
[0.591s][info][gc,phases      ] GC(27) Adjust Roots 0.155ms
[0.591s][info][gc,phases,start] GC(27) Compaction Phase
[0.609s][info][gc,phases      ] GC(27) Compaction Phase 17.767ms
[0.609s][info][gc,phases,start] GC(27) Post Compact
[0.609s][info][gc,phases      ] GC(27) Post Compact 0.184ms
[0.609s][info][gc,heap        ] GC(27) PSYoungGen: 13824K(25088K)->6121K(25088K) Eden: 0K(11264K)->0K(11264K) From: 13824K(13824K)->6121K(13824K)
[0.609s][info][gc,heap        ] GC(27) ParOldGen: 46238K(54272K)->53798K(73216K)
[0.609s][info][gc,metaspace   ] GC(27) Metaspace: 6301K(6464K)->6301K(6464K) NonClass: 5768K(5824K)->5768K(5824K) Class: 533K(640K)->533K(640K)
[0.609s][info][gc             ] GC(27) Pause Full (Ergonomics) 58M->58M(96M) 40.680ms
[0.609s][info][gc,cpu         ] GC(27) User=0.05s Sys=0.00s Real=0.04s
[0.620s][info][gc,start       ] GC(28) Pause Young (Allocation Failure)
[0.636s][info][gc,heap        ] GC(28) PSYoungGen: 17385K(25088K)->11296K(30208K) Eden: 11264K(11264K)->0K(11264K) From: 6121K(13824K)->11296K(18944K)
[0.636s][info][gc,heap        ] GC(28) ParOldGen: 53798K(73216K)->60030K(73216K)
[0.636s][info][gc,metaspace   ] GC(28) Metaspace: 6301K(6464K)->6301K(6464K) NonClass: 5768K(5824K)->5768K(5824K) Class: 533K(640K)->533K(640K)
[0.636s][info][gc             ] GC(28) Pause Young (Allocation Failure) 69M->69M(101M) 16.421ms
[0.636s][info][gc,cpu         ] GC(28) User=0.02s Sys=0.00s Real=0.02s
[0.647s][info][gc,start       ] GC(29) Pause Young (Allocation Failure)
[0.663s][info][gc,heap        ] GC(29) PSYoungGen: 22560K(30208K)->19456K(28160K) Eden: 11264K(11264K)->0K(8704K) From: 11296K(18944K)->19456K(19456K)
[0.663s][info][gc,heap        ] GC(29) ParOldGen: 60030K(73216K)->63126K(73216K)
[0.663s][info][gc,metaspace   ] GC(29) Metaspace: 6301K(6464K)->6301K(6464K) NonClass: 5768K(5824K)->5768K(5824K) Class: 533K(640K)->533K(640K)
[0.663s][info][gc             ] GC(29) Pause Young (Allocation Failure) 80M->80M(99M) 16.681ms
[0.663s][info][gc,cpu         ] GC(29) User=0.03s Sys=0.00s Real=0.02s
[0.670s][info][gc,start       ] GC(30) Pause Young (Allocation Failure)
[0.688s][info][gc,heap        ] GC(30) PSYoungGen: 25881K(28160K)->6400K(32768K) Eden: 6425K(8704K)->0K(8704K) From: 19456K(19456K)->6400K(24064K)
[0.688s][info][gc,heap        ] GC(30) ParOldGen: 63126K(73216K)->82862K(82944K)
[0.688s][info][gc,metaspace   ] GC(30) Metaspace: 6301K(6464K)->6301K(6464K) NonClass: 5768K(5824K)->5768K(5824K) Class: 533K(640K)->533K(640K)
[0.688s][info][gc             ] GC(30) Pause Young (Allocation Failure) 86M->87M(113M) 18.272ms
[0.688s][info][gc,cpu         ] GC(30) User=0.02s Sys=0.00s Real=0.02s
[0.688s][info][gc,start       ] GC(31) Pause Full (Ergonomics)
[0.688s][info][gc,phases,start] GC(31) Marking Phase
[0.724s][info][gc,phases      ] GC(31) Marking Phase 35.377ms
[0.724s][info][gc,phases,start] GC(31) Summary Phase
[0.724s][info][gc,phases      ] GC(31) Summary Phase 0.020ms
[0.724s][info][gc,phases,start] GC(31) Adjust Roots
[0.724s][info][gc,phases      ] GC(31) Adjust Roots 0.157ms
[0.724s][info][gc,phases,start] GC(31) Compaction Phase
[0.747s][info][gc,phases      ] GC(31) Compaction Phase 22.944ms
[0.747s][info][gc,phases,start] GC(31) Post Compact
[0.748s][info][gc,phases      ] GC(31) Post Compact 0.888ms
[0.748s][info][gc,heap        ] GC(31) PSYoungGen: 6400K(32768K)->5834K(32768K) Eden: 0K(8704K)->0K(8704K) From: 6400K(24064K)->5834K(24064K)
[0.748s][info][gc,heap        ] GC(31) ParOldGen: 82862K(82944K)->82893K(109056K)
[0.748s][info][gc,metaspace   ] GC(31) Metaspace: 6301K(6464K)->6301K(6464K) NonClass: 5768K(5824K)->5768K(5824K) Class: 533K(640K)->533K(640K)
[0.748s][info][gc             ] GC(31) Pause Full (Ergonomics) 87M->86M(138M) 59.908ms
[0.748s][info][gc,cpu         ] GC(31) User=0.06s Sys=0.00s Real=0.06s
[0.762s][info][gc,start       ] GC(32) Pause Young (Allocation Failure)
[0.775s][info][gc,heap        ] GC(32) PSYoungGen: 14538K(32768K)->8768K(30720K) Eden: 8704K(8704K)->0K(10752K) From: 5834K(24064K)->8768K(19968K)
[0.775s][info][gc,heap        ] GC(32) ParOldGen: 82893K(109056K)->88829K(109056K)
[0.775s][info][gc,metaspace   ] GC(32) Metaspace: 6301K(6464K)->6301K(6464K) NonClass: 5768K(5824K)->5768K(5824K) Class: 533K(640K)->533K(640K)
[0.775s][info][gc             ] GC(32) Pause Young (Allocation Failure) 95M->95M(136M) 13.428ms
[0.775s][info][gc,cpu         ] GC(32) User=0.00s Sys=0.00s Real=0.01s
[0.785s][info][gc,start       ] GC(33) Pause Young (Allocation Failure)
[0.799s][info][gc,heap        ] GC(33) PSYoungGen: 19520K(30720K)->19488K(32256K) Eden: 10752K(10752K)->0K(10752K) From: 8768K(19968K)->19488K(21504K)
[0.799s][info][gc,heap        ] GC(33) ParOldGen: 88829K(109056K)->88829K(109056K)
[0.799s][info][gc,metaspace   ] GC(33) Metaspace: 6301K(6464K)->6301K(6464K) NonClass: 5768K(5824K)->5768K(5824K) Class: 533K(640K)->533K(640K)
[0.799s][info][gc             ] GC(33) Pause Young (Allocation Failure) 105M->105M(138M) 13.860ms
[0.799s][info][gc,cpu         ] GC(33) User=0.00s Sys=0.00s Real=0.01s
[0.811s][info][gc,start       ] GC(34) Pause Young (Allocation Failure)
[0.830s][info][gc,heap        ] GC(34) PSYoungGen: 30240K(32256K)->21504K(34816K) Eden: 10752K(10752K)->0K(10240K) From: 19488K(21504K)->21504K(24576K)
[0.830s][info][gc,heap        ] GC(34) ParOldGen: 88829K(109056K)->97605K(109056K)
[0.830s][info][gc,metaspace   ] GC(34) Metaspace: 6301K(6464K)->6301K(6464K) NonClass: 5768K(5824K)->5768K(5824K) Class: 533K(640K)->533K(640K)
[0.830s][info][gc             ] GC(34) Pause Young (Allocation Failure) 116M->116M(140M) 19.303ms
[0.830s][info][gc,cpu         ] GC(34) User=0.00s Sys=0.02s Real=0.02s
[0.830s][info][gc,start       ] GC(35) Pause Full (Ergonomics)
[0.830s][info][gc,phases,start] GC(35) Marking Phase
[0.869s][info][gc,phases      ] GC(35) Marking Phase 39.015ms
[0.869s][info][gc,phases,start] GC(35) Summary Phase
[0.869s][info][gc,phases      ] GC(35) Summary Phase 0.026ms
[0.869s][info][gc,phases,start] GC(35) Adjust Roots
[0.869s][info][gc,phases      ] GC(35) Adjust Roots 0.201ms
[0.869s][info][gc,phases,start] GC(35) Compaction Phase
[0.910s][info][gc,phases      ] GC(35) Compaction Phase 40.530ms
[0.910s][info][gc,phases,start] GC(35) Post Compact
[0.910s][info][gc,phases      ] GC(35) Post Compact 0.559ms
[0.911s][info][gc,heap        ] GC(35) PSYoungGen: 21504K(34816K)->8151K(34816K) Eden: 0K(10240K)->0K(10240K) From: 21504K(24576K)->8151K(24576K)
[0.911s][info][gc,heap        ] GC(35) ParOldGen: 97605K(109056K)->108654K(135680K)
[0.911s][info][gc,metaspace   ] GC(35) Metaspace: 6301K(6464K)->6301K(6464K) NonClass: 5768K(5824K)->5768K(5824K) Class: 533K(640K)->533K(640K)
[0.911s][info][gc             ] GC(35) Pause Full (Ergonomics) 116M->114M(166M) 80.835ms
[0.911s][info][gc,cpu         ] GC(35) User=0.06s Sys=0.02s Real=0.08s
[0.922s][info][gc,start       ] GC(36) Pause Young (Allocation Failure)
[0.942s][info][gc,heap        ] GC(36) PSYoungGen: 18391K(34816K)->10272K(37888K) Eden: 10240K(10240K)->0K(10240K) From: 8151K(24576K)->10272K(27648K)
[0.942s][info][gc,heap        ] GC(36) ParOldGen: 108654K(135680K)->116958K(135680K)
[0.942s][info][gc,metaspace   ] GC(36) Metaspace: 6301K(6464K)->6301K(6464K) NonClass: 5768K(5824K)->5768K(5824K) Class: 533K(640K)->533K(640K)
[0.942s][info][gc             ] GC(36) Pause Young (Allocation Failure) 124M->124M(169M) 20.428ms
[0.942s][info][gc,cpu         ] GC(36) User=0.05s Sys=0.00s Real=0.02s
[0.952s][info][gc,start       ] GC(37) Pause Young (Allocation Failure)
[0.966s][info][gc,heap        ] GC(37) PSYoungGen: 20512K(37888K)->20512K(35840K) Eden: 10240K(10240K)->0K(9728K) From: 10272K(27648K)->20512K(26112K)
[0.966s][info][gc,heap        ] GC(37) ParOldGen: 116958K(135680K)->116958K(135680K)
[0.966s][info][gc,metaspace   ] GC(37) Metaspace: 6301K(6464K)->6301K(6464K) NonClass: 5768K(5824K)->5768K(5824K) Class: 533K(640K)->533K(640K)
[0.966s][info][gc             ] GC(37) Pause Young (Allocation Failure) 134M->134M(167M) 13.263ms
[0.966s][info][gc,cpu         ] GC(37) User=0.00s Sys=0.00s Real=0.01s
[0.976s][info][gc,start       ] GC(38) Pause Young (Allocation Failure)
[0.994s][info][gc,heap        ] GC(38) PSYoungGen: 30240K(35840K)->20032K(37888K) Eden: 9728K(9728K)->0K(9728K) From: 20512K(26112K)->20032K(28160K)
[0.994s][info][gc,heap        ] GC(38) ParOldGen: 116958K(135680K)->127334K(135680K)
[0.994s][info][gc,metaspace   ] GC(38) Metaspace: 6301K(6464K)->6301K(6464K) NonClass: 5768K(5824K)->5768K(5824K) Class: 533K(640K)->533K(640K)
[0.994s][info][gc             ] GC(38) Pause Young (Allocation Failure) 143M->143M(169M) 18.231ms
[0.994s][info][gc,cpu         ] GC(38) User=0.05s Sys=0.00s Real=0.02s
[0.994s][info][gc,start       ] GC(39) Pause Full (Ergonomics)
[0.994s][info][gc,phases,start] GC(39) Marking Phase
[1.045s][info][gc,phases      ] GC(39) Marking Phase 50.867ms
[1.045s][info][gc,phases,start] GC(39) Summary Phase
[1.045s][info][gc,phases      ] GC(39) Summary Phase 0.017ms
[1.045s][info][gc,phases,start] GC(39) Adjust Roots
[1.045s][info][gc,phases      ] GC(39) Adjust Roots 0.204ms
[1.046s][info][gc,phases,start] GC(39) Compaction Phase
[1.072s][info][gc,phases      ] GC(39) Compaction Phase 26.865ms
[1.072s][info][gc,phases,start] GC(39) Post Compact
[1.073s][info][gc,phases      ] GC(39) Post Compact 0.683ms
[1.073s][info][gc,heap        ] GC(39) PSYoungGen: 20032K(37888K)->11734K(37888K) Eden: 0K(9728K)->0K(9728K) From: 20032K(28160K)->11734K(28160K)
[1.073s][info][gc,heap        ] GC(39) ParOldGen: 127334K(135680K)->135191K(164352K)
[1.074s][info][gc,metaspace   ] GC(39) Metaspace: 6301K(6464K)->6301K(6464K) NonClass: 5768K(5824K)->5768K(5824K) Class: 533K(640K)->533K(640K)
[1.074s][info][gc             ] GC(39) Pause Full (Ergonomics) 143M->143M(197M) 79.223ms
[1.074s][info][gc,cpu         ] GC(39) User=0.16s Sys=0.02s Real=0.08s
[1.084s][info][gc,start       ] GC(40) Pause Young (Allocation Failure)
[1.108s][info][gc,heap        ] GC(40) PSYoungGen: 21462K(37888K)->15840K(39424K) Eden: 9728K(9728K)->0K(11264K) From: 11734K(28160K)->15840K(28160K)
[1.108s][info][gc,heap        ] GC(40) ParOldGen: 135191K(164352K)->140999K(164352K)
[1.108s][info][gc,metaspace   ] GC(40) Metaspace: 6301K(6464K)->6301K(6464K) NonClass: 5768K(5824K)->5768K(5824K) Class: 533K(640K)->533K(640K)
[1.108s][info][gc             ] GC(40) Pause Young (Allocation Failure) 152M->153M(199M) 23.748ms
[1.108s][info][gc,cpu         ] GC(40) User=0.06s Sys=0.00s Real=0.02s
[1.120s][info][gc,start       ] GC(41) Pause Young (Allocation Failure)
[1.137s][info][gc,heap        ] GC(41) PSYoungGen: 27104K(39424K)->21024K(40448K) Eden: 11264K(11264K)->0K(11264K) From: 15840K(28160K)->21024K(29184K)
[1.138s][info][gc,heap        ] GC(41) ParOldGen: 140999K(164352K)->147135K(164352K)
[1.138s][info][gc,metaspace   ] GC(41) Metaspace: 6301K(6464K)->6301K(6464K) NonClass: 5768K(5824K)->5768K(5824K) Class: 533K(640K)->533K(640K)
[1.138s][info][gc             ] GC(41) Pause Young (Allocation Failure) 164M->164M(200M) 18.038ms
[1.138s][info][gc,cpu         ] GC(41) User=0.03s Sys=0.00s Real=0.02s
[1.182s][info][gc,start       ] GC(42) Pause Full (Ergonomics)
[1.182s][info][gc,phases,start] GC(42) Marking Phase
[1.243s][info][gc,phases      ] GC(42) Marking Phase 60.702ms
[1.243s][info][gc,phases,start] GC(42) Summary Phase
[1.243s][info][gc,phases      ] GC(42) Summary Phase 0.024ms
[1.243s][info][gc,phases,start] GC(42) Adjust Roots
[1.243s][info][gc,phases      ] GC(42) Adjust Roots 0.157ms
[1.243s][info][gc,phases,start] GC(42) Compaction Phase
[1.286s][info][gc,phases      ] GC(42) Compaction Phase 43.263ms
[1.286s][info][gc,phases,start] GC(42) Post Compact
[1.287s][info][gc,phases      ] GC(42) Post Compact 0.827ms
[1.288s][info][gc,heap        ] GC(42) PSYoungGen: 32288K(40448K)->18882K(40448K) Eden: 11264K(11264K)->0K(11264K) From: 21024K(29184K)->18882K(29184K)
[1.288s][info][gc,heap        ] GC(42) ParOldGen: 155327K(164352K)->164294K(194048K)
[1.288s][info][gc,metaspace   ] GC(42) Metaspace: 6301K(6464K)->6301K(6464K) NonClass: 5768K(5824K)->5768K(5824K) Class: 533K(640K)->533K(640K)
[1.288s][info][gc             ] GC(42) Pause Full (Ergonomics) 183M->178M(229M) 105.699ms
[1.288s][info][gc,cpu         ] GC(42) User=0.22s Sys=0.00s Real=0.11s
[1.299s][info][gc,start       ] GC(43) Pause Young (Allocation Failure)
[1.323s][info][gc,heap        ] GC(43) PSYoungGen: 30146K(40448K)->21920K(43008K) Eden: 11264K(11264K)->0K(12288K) From: 18882K(29184K)->21920K(30720K)
[1.323s][info][gc,heap        ] GC(43) ParOldGen: 164294K(194048K)->172766K(194048K)
[1.323s][info][gc,metaspace   ] GC(43) Metaspace: 6301K(6464K)->6301K(6464K) NonClass: 5768K(5824K)->5768K(5824K) Class: 533K(640K)->533K(640K)
[1.323s][info][gc             ] GC(43) Pause Young (Allocation Failure) 189M->190M(231M) 24.672ms
[1.324s][info][gc,cpu         ] GC(43) User=0.02s Sys=0.00s Real=0.02s
[1.336s][info][gc,start       ] GC(44) Pause Young (Allocation Failure)
[1.354s][info][gc,heap        ] GC(44) PSYoungGen: 34208K(43008K)->31744K(44032K) Eden: 12288K(12288K)->0K(12288K) From: 21920K(30720K)->31744K(31744K)
[1.354s][info][gc,heap        ] GC(44) ParOldGen: 172766K(194048K)->175206K(194048K)
[1.354s][info][gc,metaspace   ] GC(44) Metaspace: 6301K(6464K)->6301K(6464K) NonClass: 5768K(5824K)->5768K(5824K) Class: 533K(640K)->533K(640K)
[1.354s][info][gc             ] GC(44) Pause Young (Allocation Failure) 202M->202M(232M) 18.336ms
[1.354s][info][gc,cpu         ] GC(44) User=0.03s Sys=0.00s Real=0.02s
[1.366s][info][gc,start       ] GC(45) Pause Young (Allocation Failure)
[1.390s][info][gc,heap        ] GC(45) PSYoungGen: 44032K(44032K)->23616K(51200K) Eden: 12288K(12288K)->0K(13824K) From: 31744K(31744K)->23616K(37376K)
[1.390s][info][gc,heap        ] GC(45) ParOldGen: 175206K(194048K)->195990K(196096K)
[1.390s][info][gc,metaspace   ] GC(45) Metaspace: 6301K(6464K)->6301K(6464K) NonClass: 5768K(5824K)->5768K(5824K) Class: 533K(640K)->533K(640K)
[1.390s][info][gc             ] GC(45) Pause Young (Allocation Failure) 214M->214M(241M) 24.216ms
[1.391s][info][gc,cpu         ] GC(45) User=0.08s Sys=0.00s Real=0.03s
[1.391s][info][gc,start       ] GC(46) Pause Full (Ergonomics)
[1.391s][info][gc,phases,start] GC(46) Marking Phase
[1.449s][info][gc,phases      ] GC(46) Marking Phase 58.635ms
[1.449s][info][gc,phases,start] GC(46) Summary Phase
[1.449s][info][gc,phases      ] GC(46) Summary Phase 0.017ms
[1.449s][info][gc,phases,start] GC(46) Adjust Roots
[1.449s][info][gc,phases      ] GC(46) Adjust Roots 0.151ms
[1.449s][info][gc,phases,start] GC(46) Compaction Phase
[1.485s][info][gc,phases      ] GC(46) Compaction Phase 35.210ms
[1.485s][info][gc,phases,start] GC(46) Post Compact
[1.486s][info][gc,phases      ] GC(46) Post Compact 1.126ms
[1.486s][info][gc,heap        ] GC(46) PSYoungGen: 23616K(51200K)->22971K(51200K) Eden: 0K(13824K)->0K(13824K) From: 23616K(37376K)->22971K(37376K)
[1.486s][info][gc,heap        ] GC(46) ParOldGen: 195990K(196096K)->195958K(232960K)
[1.486s][info][gc,metaspace   ] GC(46) Metaspace: 6301K(6464K)->6301K(6464K) NonClass: 5768K(5824K)->5768K(5824K) Class: 533K(640K)->533K(640K)
[1.486s][info][gc             ] GC(46) Pause Full (Ergonomics) 214M->213M(277M) 95.814ms
[1.486s][info][gc,cpu         ] GC(46) User=0.22s Sys=0.00s Real=0.10s
[1.502s][info][gc,start       ] GC(47) Pause Young (Allocation Failure)
[1.529s][info][gc,heap        ] GC(47) PSYoungGen: 36795K(51200K)->26080K(51712K) Eden: 13824K(13824K)->0K(13824K) From: 22971K(37376K)->26080K(37888K)
[1.529s][info][gc,heap        ] GC(47) ParOldGen: 195958K(232960K)->206974K(232960K)
[1.529s][info][gc,metaspace   ] GC(47) Metaspace: 6301K(6464K)->6301K(6464K) NonClass: 5768K(5824K)->5768K(5824K) Class: 533K(640K)->533K(640K)
[1.529s][info][gc             ] GC(47) Pause Young (Allocation Failure) 227M->227M(278M) 26.831ms
[1.529s][info][gc,cpu         ] GC(47) User=0.08s Sys=0.00s Real=0.03s
[1.544s][info][gc,start       ] GC(48) Pause Young (Allocation Failure)
[1.565s][info][gc,heap        ] GC(48) PSYoungGen: 39904K(51712K)->39424K(49664K) Eden: 13824K(13824K)->0K(10240K) From: 26080K(37888K)->39424K(39424K)
[1.566s][info][gc,heap        ] GC(48) ParOldGen: 206974K(232960K)->207414K(232960K)
[1.566s][info][gc,metaspace   ] GC(48) Metaspace: 6301K(6464K)->6301K(6464K) NonClass: 5768K(5824K)->5768K(5824K) Class: 533K(640K)->533K(640K)
[1.566s][info][gc             ] GC(48) Pause Young (Allocation Failure) 241M->241M(276M) 21.298ms
[1.566s][info][gc,cpu         ] GC(48) User=0.05s Sys=0.02s Real=0.02s
[1.577s][info][gc,start       ] GC(49) Pause Young (Allocation Failure)
[1.602s][info][gc,heap        ] GC(49) PSYoungGen: 49664K(49664K)->23904K(55296K) Eden: 10240K(10240K)->0K(10240K) From: 39424K(39424K)->23904K(45056K)
[1.602s][info][gc,heap        ] GC(49) ParOldGen: 207414K(232960K)->233558K(233984K)
[1.602s][info][gc,metaspace   ] GC(49) Metaspace: 6301K(6464K)->6301K(6464K) NonClass: 5768K(5824K)->5768K(5824K) Class: 533K(640K)->533K(640K)
[1.602s][info][gc             ] GC(49) Pause Young (Allocation Failure) 251M->251M(282M) 25.078ms
[1.602s][info][gc,cpu         ] GC(49) User=0.08s Sys=0.00s Real=0.03s
[1.602s][info][gc,start       ] GC(50) Pause Full (Ergonomics)
[1.602s][info][gc,phases,start] GC(50) Marking Phase
[1.666s][info][gc,phases      ] GC(50) Marking Phase 63.949ms
[1.666s][info][gc,phases,start] GC(50) Summary Phase
[1.666s][info][gc,phases      ] GC(50) Summary Phase 0.018ms
[1.666s][info][gc,phases,start] GC(50) Adjust Roots
[1.667s][info][gc,phases      ] GC(50) Adjust Roots 0.146ms
[1.667s][info][gc,phases,start] GC(50) Compaction Phase
[1.698s][info][gc,phases      ] GC(50) Compaction Phase 30.877ms
[1.698s][info][gc,phases,start] GC(50) Post Compact
[1.699s][info][gc,phases      ] GC(50) Post Compact 1.372ms
[1.699s][info][gc,heap        ] GC(50) PSYoungGen: 23904K(55296K)->22746K(55296K) Eden: 0K(10240K)->0K(10240K) From: 23904K(45056K)->22746K(45056K)
[1.699s][info][gc,heap        ] GC(50) ParOldGen: 233558K(233984K)->233978K(279040K)
[1.699s][info][gc,metaspace   ] GC(50) Metaspace: 6301K(6464K)->6301K(6464K) NonClass: 5768K(5824K)->5768K(5824K) Class: 533K(640K)->533K(640K)
[1.700s][info][gc             ] GC(50) Pause Full (Ergonomics) 251M->250M(326M) 97.084ms
[1.700s][info][gc,cpu         ] GC(50) User=0.33s Sys=0.02s Real=0.10s
[1.712s][info][gc,start       ] GC(51) Pause Young (Allocation Failure)
[1.739s][info][gc,heap        ] GC(51) PSYoungGen: 32986K(55296K)->20320K(51712K) Eden: 10240K(10240K)->0K(11776K) From: 22746K(45056K)->20320K(39936K)
[1.739s][info][gc,heap        ] GC(51) ParOldGen: 233978K(279040K)->247010K(279040K)
[1.739s][info][gc,metaspace   ] GC(51) Metaspace: 6301K(6464K)->6301K(6464K) NonClass: 5768K(5824K)->5768K(5824K) Class: 533K(640K)->533K(640K)
[1.739s][info][gc             ] GC(51) Pause Young (Allocation Failure) 260M->261M(323M) 26.720ms
[1.739s][info][gc,cpu         ] GC(51) User=0.11s Sys=0.00s Real=0.03s
[1.752s][info][gc,start       ] GC(52) Pause Young (Allocation Failure)
[1.770s][info][gc,heap        ] GC(52) PSYoungGen: 32096K(51712K)->22080K(53760K) Eden: 11776K(11776K)->0K(11776K) From: 20320K(39936K)->22080K(41984K)
[1.770s][info][gc,heap        ] GC(52) ParOldGen: 247010K(279040K)->257106K(279040K)
[1.770s][info][gc,metaspace   ] GC(52) Metaspace: 6301K(6464K)->6301K(6464K) NonClass: 5768K(5824K)->5768K(5824K) Class: 533K(640K)->533K(640K)
[1.770s][info][gc             ] GC(52) Pause Young (Allocation Failure) 272M->272M(325M) 18.283ms
[1.770s][info][gc,cpu         ] GC(52) User=0.03s Sys=0.00s Real=0.02s
[1.770s][info][gc,start       ] GC(53) Pause Full (Ergonomics)
[1.770s][info][gc,phases,start] GC(53) Marking Phase
[1.837s][info][gc,phases      ] GC(53) Marking Phase 67.546ms
[1.838s][info][gc,phases,start] GC(53) Summary Phase
[1.838s][info][gc,phases      ] GC(53) Summary Phase 0.028ms
[1.838s][info][gc,phases,start] GC(53) Adjust Roots
[1.838s][info][gc,phases      ] GC(53) Adjust Roots 0.145ms
[1.838s][info][gc,phases,start] GC(53) Compaction Phase
[1.865s][info][gc,phases      ] GC(53) Compaction Phase 26.970ms
[1.865s][info][gc,phases,start] GC(53) Post Compact
[1.866s][info][gc,phases      ] GC(53) Post Compact 1.416ms
[1.867s][info][gc,heap        ] GC(53) PSYoungGen: 22080K(53760K)->0K(53248K) Eden: 0K(11776K)->0K(13312K) From: 22080K(41984K)->0K(39936K)
[1.867s][info][gc,heap        ] GC(53) ParOldGen: 257106K(279040K)->278682K(325120K)
[1.867s][info][gc,metaspace   ] GC(53) Metaspace: 6301K(6464K)->6301K(6464K) NonClass: 5768K(5824K)->5768K(5824K) Class: 533K(640K)->533K(640K)
[1.867s][info][gc             ] GC(53) Pause Full (Ergonomics) 272M->272M(369M) 96.777ms
[1.867s][info][gc,cpu         ] GC(53) User=0.47s Sys=0.00s Real=0.10s
[1.883s][info][gc,start       ] GC(54) Pause Young (Allocation Failure)
[1.892s][info][gc,heap        ] GC(54) PSYoungGen: 13312K(53248K)->13472K(53760K) Eden: 13312K(13312K)->0K(13312K) From: 0K(39936K)->13472K(40448K)
[1.892s][info][gc,heap        ] GC(54) ParOldGen: 278682K(325120K)->278682K(325120K)
[1.892s][info][gc,metaspace   ] GC(54) Metaspace: 6301K(6464K)->6301K(6464K) NonClass: 5768K(5824K)->5768K(5824K) Class: 533K(640K)->533K(640K)
[1.892s][info][gc             ] GC(54) Pause Young (Allocation Failure) 285M->285M(370M) 9.644ms
[1.892s][info][gc,cpu         ] GC(54) User=0.00s Sys=0.00s Real=0.01s
[1.907s][info][gc,start       ] GC(55) Pause Young (Allocation Failure)
[1.921s][info][gc,heap        ] GC(55) PSYoungGen: 26784K(53760K)->26752K(53760K) Eden: 13312K(13312K)->0K(14336K) From: 13472K(40448K)->26752K(39424K)
[1.921s][info][gc,heap        ] GC(55) ParOldGen: 278682K(325120K)->278682K(325120K)
[1.921s][info][gc,metaspace   ] GC(55) Metaspace: 6301K(6464K)->6301K(6464K) NonClass: 5768K(5824K)->5768K(5824K) Class: 533K(640K)->533K(640K)
[1.921s][info][gc             ] GC(55) Pause Young (Allocation Failure) 298M->298M(370M) 13.876ms
[1.921s][info][gc,cpu         ] GC(55) User=0.02s Sys=0.00s Real=0.01s
[1.938s][info][gc,start       ] GC(56) Pause Young (Allocation Failure)
[1.958s][info][gc,heap        ] GC(56) PSYoungGen: 41088K(53760K)->39936K(54272K) Eden: 14336K(14336K)->0K(14336K) From: 26752K(39424K)->39936K(39936K)
[1.958s][info][gc,heap        ] GC(56) ParOldGen: 278682K(325120K)->279746K(325120K)
[1.958s][info][gc,metaspace   ] GC(56) Metaspace: 6301K(6464K)->6301K(6464K) NonClass: 5768K(5824K)->5768K(5824K) Class: 533K(640K)->533K(640K)
[1.958s][info][gc             ] GC(56) Pause Young (Allocation Failure) 312M->312M(370M) 19.687ms
[1.958s][info][gc,cpu         ] GC(56) User=0.12s Sys=0.00s Real=0.02s
[1.974s][info][gc,start       ] GC(57) Pause Young (Allocation Failure)
[1.999s][info][gc,heap        ] GC(57) PSYoungGen: 54272K(54272K)->41472K(56832K) Eden: 14336K(14336K)->0K(11264K) From: 39936K(39936K)->41472K(45568K)
[1.999s][info][gc,heap        ] GC(57) ParOldGen: 279746K(325120K)->292898K(325120K)
[1.999s][info][gc,metaspace   ] GC(57) Metaspace: 6301K(6464K)->6301K(6464K) NonClass: 5768K(5824K)->5768K(5824K) Class: 533K(640K)->533K(640K)
[1.999s][info][gc             ] GC(57) Pause Young (Allocation Failure) 326M->326M(373M) 25.343ms
[2.000s][info][gc,cpu         ] GC(57) User=0.12s Sys=0.02s Real=0.03s
[2.012s][info][gc,start       ] GC(58) Pause Young (Allocation Failure)
[2.037s][info][gc,heap        ] GC(58) PSYoungGen: 52736K(56832K)->39680K(61952K) Eden: 11264K(11264K)->0K(11264K) From: 41472K(45568K)->39680K(50688K)
[2.037s][info][gc,heap        ] GC(58) ParOldGen: 292898K(325120K)->306082K(325120K)
[2.037s][info][gc,metaspace   ] GC(58) Metaspace: 6301K(6464K)->6301K(6464K) NonClass: 5768K(5824K)->5768K(5824K) Class: 533K(640K)->533K(640K)
[2.037s][info][gc             ] GC(58) Pause Young (Allocation Failure) 337M->337M(378M) 25.353ms
[2.037s][info][gc,cpu         ] GC(58) User=0.09s Sys=0.02s Real=0.02s
[2.037s][info][gc,start       ] GC(59) Pause Full (Ergonomics)
[2.037s][info][gc,phases,start] GC(59) Marking Phase
[2.113s][info][gc,phases      ] GC(59) Marking Phase 75.138ms
[2.113s][info][gc,phases,start] GC(59) Summary Phase
[2.113s][info][gc,phases      ] GC(59) Summary Phase 0.035ms
[2.113s][info][gc,phases,start] GC(59) Adjust Roots
[2.113s][info][gc,phases      ] GC(59) Adjust Roots 0.264ms
[2.113s][info][gc,phases,start] GC(59) Compaction Phase
[2.148s][info][gc,phases      ] GC(59) Compaction Phase 35.141ms
[2.148s][info][gc,phases,start] GC(59) Post Compact
[2.150s][info][gc,phases      ] GC(59) Post Compact 1.508ms
[2.150s][info][gc,heap        ] GC(59) PSYoungGen: 39680K(61952K)->20077K(61952K) Eden: 0K(11264K)->0K(11264K) From: 39680K(50688K)->20077K(50688K)
[2.150s][info][gc,heap        ] GC(59) ParOldGen: 306082K(325120K)->325017K(373248K)
[2.150s][info][gc,metaspace   ] GC(59) Metaspace: 6301K(6464K)->6301K(6464K) NonClass: 5768K(5824K)->5768K(5824K) Class: 533K(640K)->533K(640K)
[2.150s][info][gc             ] GC(59) Pause Full (Ergonomics) 337M->337M(425M) 112.639ms
[2.150s][info][gc,cpu         ] GC(59) User=0.69s Sys=0.05s Real=0.11s
[2.221s][info][gc,start       ] GC(60) Pause Young (Allocation Failure)
[2.251s][info][gc,heap        ] GC(60) PSYoungGen: 31341K(61952K)->24512K(61952K) Eden: 11264K(11264K)->0K(12800K) From: 20077K(50688K)->24512K(49152K)
[2.251s][info][gc,heap        ] GC(60) ParOldGen: 341401K(373248K)->348553K(373248K)
[2.251s][info][gc,metaspace   ] GC(60) Metaspace: 6301K(6464K)->6301K(6464K) NonClass: 5768K(5824K)->5768K(5824K) Class: 533K(640K)->533K(640K)
[2.251s][info][gc             ] GC(60) Pause Young (Allocation Failure) 364M->364M(425M) 29.558ms
[2.251s][info][gc,cpu         ] GC(60) User=0.11s Sys=0.00s Real=0.03s
[2.263s][info][gc,start       ] GC(61) Pause Young (Allocation Failure)
[2.283s][info][gc,heap        ] GC(61) PSYoungGen: 37312K(61952K)->37280K(64000K) Eden: 12800K(12800K)->0K(12800K) From: 24512K(49152K)->37280K(51200K)
[2.283s][info][gc,heap        ] GC(61) ParOldGen: 348553K(373248K)->348553K(373248K)
[2.283s][info][gc,metaspace   ] GC(61) Metaspace: 6301K(6464K)->6301K(6464K) NonClass: 5768K(5824K)->5768K(5824K) Class: 533K(640K)->533K(640K)
[2.283s][info][gc             ] GC(61) Pause Young (Allocation Failure) 376M->376M(427M) 20.062ms
[2.283s][info][gc,cpu         ] GC(61) User=0.08s Sys=0.00s Real=0.02s
[2.297s][info][gc,start       ] GC(62) Pause Young (Allocation Failure)
[2.320s][info][gc,heap        ] GC(62) PSYoungGen: 50080K(64000K)->42624K(64512K) Eden: 12800K(12800K)->0K(11776K) From: 37280K(51200K)->42624K(52736K)
[2.320s][info][gc,heap        ] GC(62) ParOldGen: 348553K(373248K)->356121K(373248K)
[2.320s][info][gc,metaspace   ] GC(62) Metaspace: 6301K(6464K)->6301K(6464K) NonClass: 5768K(5824K)->5768K(5824K) Class: 533K(640K)->533K(640K)
[2.320s][info][gc             ] GC(62) Pause Young (Allocation Failure) 389M->389M(427M) 23.637ms
[2.321s][info][gc,cpu         ] GC(62) User=0.12s Sys=0.00s Real=0.02s
[2.321s][info][gc,start       ] GC(63) Pause Full (Ergonomics)
[2.321s][info][gc,phases,start] GC(63) Marking Phase
[2.404s][info][gc,phases      ] GC(63) Marking Phase 83.476ms
[2.404s][info][gc,phases,start] GC(63) Summary Phase
[2.404s][info][gc,phases      ] GC(63) Summary Phase 0.032ms
[2.404s][info][gc,phases,start] GC(63) Adjust Roots
[2.405s][info][gc,phases      ] GC(63) Adjust Roots 0.287ms
[2.405s][info][gc,phases,start] GC(63) Compaction Phase
[2.480s][info][gc,phases      ] GC(63) Compaction Phase 75.033ms
[2.480s][info][gc,phases,start] GC(63) Post Compact
[2.482s][info][gc,phases      ] GC(63) Post Compact 2.455ms
[2.482s][info][gc,heap        ] GC(63) PSYoungGen: 42624K(64512K)->16829K(64512K) Eden: 0K(11776K)->0K(11776K) From: 42624K(52736K)->16829K(52736K)
[2.482s][info][gc,heap        ] GC(63) ParOldGen: 356121K(373248K)->373218K(420864K)
[2.483s][info][gc,metaspace   ] GC(63) Metaspace: 6301K(6464K)->6301K(6464K) NonClass: 5768K(5824K)->5768K(5824K) Class: 533K(640K)->533K(640K)
[2.483s][info][gc             ] GC(63) Pause Full (Ergonomics) 389M->380M(474M) 161.906ms
[2.483s][info][gc,cpu         ] GC(63) User=1.05s Sys=0.02s Real=0.16s
[2.495s][info][gc,start       ] GC(64) Pause Young (Allocation Failure)
[2.525s][info][gc,heap        ] GC(64) PSYoungGen: 28605K(64512K)->27168K(39424K) Eden: 11776K(11776K)->0K(11776K) From: 16829K(52736K)->27168K(27648K)
[2.525s][info][gc,heap        ] GC(64) ParOldGen: 373218K(420864K)->374850K(420864K)
[2.525s][info][gc,metaspace   ] GC(64) Metaspace: 6301K(6464K)->6301K(6464K) NonClass: 5768K(5824K)->5768K(5824K) Class: 533K(640K)->533K(640K)
[2.525s][info][gc             ] GC(64) Pause Young (Allocation Failure) 392M->392M(449M) 30.277ms
[2.525s][info][gc,cpu         ] GC(64) User=0.14s Sys=0.00s Real=0.03s
[2.538s][info][gc,start       ] GC(65) Pause Young (Allocation Failure)
[2.557s][info][gc,heap        ] GC(65) PSYoungGen: 38944K(39424K)->38944K(65024K) Eden: 11776K(11776K)->0K(11776K) From: 27168K(27648K)->38944K(53248K)
[2.557s][info][gc,heap        ] GC(65) ParOldGen: 374850K(420864K)->374850K(420864K)
[2.557s][info][gc,metaspace   ] GC(65) Metaspace: 6301K(6464K)->6301K(6464K) NonClass: 5768K(5824K)->5768K(5824K) Class: 533K(640K)->533K(640K)
[2.557s][info][gc             ] GC(65) Pause Young (Allocation Failure) 404M->404M(474M) 18.694ms
[2.557s][info][gc,cpu         ] GC(65) User=0.12s Sys=0.00s Real=0.02s
[2.568s][info][gc,start       ] GC(66) Pause Young (Allocation Failure)
[2.592s][info][gc,heap        ] GC(66) PSYoungGen: 50720K(65024K)->46272K(66560K) Eden: 11776K(11776K)->0K(11776K) From: 38944K(53248K)->46272K(54784K)
[2.592s][info][gc,heap        ] GC(66) ParOldGen: 374850K(420864K)->379370K(420864K)
[2.592s][info][gc,metaspace   ] GC(66) Metaspace: 6301K(6464K)->6301K(6464K) NonClass: 5768K(5824K)->5768K(5824K) Class: 533K(640K)->533K(640K)
[2.592s][info][gc             ] GC(66) Pause Young (Allocation Failure) 415M->415M(476M) 23.360ms
[2.592s][info][gc,cpu         ] GC(66) User=0.14s Sys=0.00s Real=0.02s
[2.604s][info][gc,start       ] GC(67) Pause Young (Allocation Failure)
[2.631s][info][gc,heap        ] GC(67) PSYoungGen: 58048K(66560K)->52960K(66048K) Eden: 11776K(11776K)->0K(7680K) From: 46272K(54784K)->52960K(58368K)
[2.631s][info][gc,heap        ] GC(67) ParOldGen: 379370K(420864K)->384522K(420864K)
[2.631s][info][gc,metaspace   ] GC(67) Metaspace: 6301K(6464K)->6301K(6464K) NonClass: 5768K(5824K)->5768K(5824K) Class: 533K(640K)->533K(640K)
[2.631s][info][gc             ] GC(67) Pause Young (Allocation Failure) 427M->427M(475M) 27.075ms
[2.631s][info][gc,cpu         ] GC(67) User=0.11s Sys=0.02s Real=0.03s
[2.639s][info][gc,start       ] GC(68) Pause Young (Allocation Failure)
[2.666s][info][gc,heap        ] GC(68) PSYoungGen: 60640K(66048K)->43136K(71680K) Eden: 7680K(7680K)->0K(7680K) From: 52960K(58368K)->43136K(64000K)
[2.666s][info][gc,heap        ] GC(68) ParOldGen: 384522K(420864K)->402266K(420864K)
[2.666s][info][gc,metaspace   ] GC(68) Metaspace: 6301K(6464K)->6301K(6464K) NonClass: 5768K(5824K)->5768K(5824K) Class: 533K(640K)->533K(640K)
[2.666s][info][gc             ] GC(68) Pause Young (Allocation Failure) 434M->434M(481M) 27.637ms
[2.666s][info][gc,cpu         ] GC(68) User=0.12s Sys=0.00s Real=0.03s
[2.666s][info][gc,start       ] GC(69) Pause Full (Ergonomics)
[2.666s][info][gc,phases,start] GC(69) Marking Phase
[2.767s][info][gc,phases      ] GC(69) Marking Phase 100.211ms
[2.767s][info][gc,phases,start] GC(69) Summary Phase
[2.767s][info][gc,phases      ] GC(69) Summary Phase 0.036ms
[2.767s][info][gc,phases,start] GC(69) Adjust Roots
[2.767s][info][gc,phases      ] GC(69) Adjust Roots 0.211ms
[2.767s][info][gc,phases,start] GC(69) Compaction Phase
[2.817s][info][gc,phases      ] GC(69) Compaction Phase 50.095ms
[2.817s][info][gc,phases,start] GC(69) Post Compact
[2.819s][info][gc,phases      ] GC(69) Post Compact 2.240ms
[2.820s][info][gc,heap        ] GC(69) PSYoungGen: 43136K(71680K)->23975K(71680K) Eden: 0K(7680K)->0K(7680K) From: 43136K(64000K)->23975K(64000K)
[2.820s][info][gc,heap        ] GC(69) ParOldGen: 402266K(420864K)->420695K(471552K)
[2.820s][info][gc,metaspace   ] GC(69) Metaspace: 6301K(6464K)->6301K(6464K) NonClass: 5768K(5824K)->5768K(5824K) Class: 533K(640K)->533K(640K)
[2.820s][info][gc             ] GC(69) Pause Full (Ergonomics) 434M->434M(530M) 153.503ms
[2.820s][info][gc,cpu         ] GC(69) User=1.02s Sys=0.02s Real=0.15s
[2.828s][info][gc,start       ] GC(70) Pause Young (Allocation Failure)
[2.861s][info][gc,heap        ] GC(70) PSYoungGen: 31655K(71680K)->18176K(73728K) Eden: 7680K(7680K)->0K(9216K) From: 23975K(64000K)->18176K(64512K)
[2.861s][info][gc,heap        ] GC(70) ParOldGen: 420695K(471552K)->434559K(471552K)
[2.861s][info][gc,metaspace   ] GC(70) Metaspace: 6301K(6464K)->6301K(6464K) NonClass: 5768K(5824K)->5768K(5824K) Class: 533K(640K)->533K(640K)
[2.861s][info][gc             ] GC(70) Pause Young (Allocation Failure) 441M->442M(532M) 32.558ms
[2.861s][info][gc,cpu         ] GC(70) User=0.14s Sys=0.02s Real=0.03s
[2.871s][info][gc,start       ] GC(71) Pause Young (Allocation Failure)
[2.886s][info][gc,heap        ] GC(71) PSYoungGen: 27392K(73728K)->21376K(73728K) Eden: 9216K(9216K)->0K(9216K) From: 18176K(64512K)->21376K(64512K)
[2.886s][info][gc,heap        ] GC(71) ParOldGen: 434559K(471552K)->440615K(471552K)
[2.886s][info][gc,metaspace   ] GC(71) Metaspace: 6301K(6464K)->6301K(6464K) NonClass: 5768K(5824K)->5768K(5824K) Class: 533K(640K)->533K(640K)
[2.886s][info][gc             ] GC(71) Pause Young (Allocation Failure) 451M->451M(532M) 15.316ms
[2.887s][info][gc,cpu         ] GC(71) User=0.02s Sys=0.00s Real=0.01s
[2.897s][info][gc,start       ] GC(72) Pause Young (Allocation Failure)
[2.913s][info][gc,heap        ] GC(72) PSYoungGen: 30592K(73728K)->18528K(71680K) Eden: 9216K(9216K)->0K(10752K) From: 21376K(64512K)->18528K(60928K)
[2.913s][info][gc,heap        ] GC(72) ParOldGen: 440615K(471552K)->452831K(471552K)
[2.913s][info][gc,metaspace   ] GC(72) Metaspace: 6301K(6464K)->6301K(6464K) NonClass: 5768K(5824K)->5768K(5824K) Class: 533K(640K)->533K(640K)
[2.913s][info][gc             ] GC(72) Pause Young (Allocation Failure) 460M->460M(530M) 16.512ms
[2.913s][info][gc,cpu         ] GC(72) User=0.02s Sys=0.02s Real=0.02s
[2.913s][info][gc,start       ] GC(73) Pause Full (Ergonomics)
[2.913s][info][gc,phases,start] GC(73) Marking Phase
[3.022s][info][gc,phases      ] GC(73) Marking Phase 108.306ms
[3.022s][info][gc,phases,start] GC(73) Summary Phase
[3.022s][info][gc,phases      ] GC(73) Summary Phase 0.047ms
[3.022s][info][gc,phases,start] GC(73) Adjust Roots
[3.022s][info][gc,phases      ] GC(73) Adjust Roots 0.274ms
[3.022s][info][gc,phases,start] GC(73) Compaction Phase
[3.069s][info][gc,phases      ] GC(73) Compaction Phase 47.257ms
[3.069s][info][gc,phases,start] GC(73) Post Compact
[3.072s][info][gc,phases      ] GC(73) Post Compact 2.228ms
[3.072s][info][gc,heap        ] GC(73) PSYoungGen: 18528K(71680K)->0K(72704K) Eden: 0K(10752K)->0K(10752K) From: 18528K(60928K)->0K(61952K)
[3.072s][info][gc,heap        ] GC(73) ParOldGen: 452831K(471552K)->470694K(525824K)
[3.072s][info][gc,metaspace   ] GC(73) Metaspace: 6301K(6464K)->6301K(6464K) NonClass: 5768K(5824K)->5768K(5824K) Class: 533K(640K)->533K(640K)
[3.072s][info][gc             ] GC(73) Pause Full (Ergonomics) 460M->459M(584M) 158.728ms
[3.072s][info][gc,cpu         ] GC(73) User=1.02s Sys=0.00s Real=0.16s
[3.085s][info][gc,start       ] GC(74) Pause Young (Allocation Failure)
[3.094s][info][gc,heap        ] GC(74) PSYoungGen: 10752K(72704K)->10848K(73728K) Eden: 10752K(10752K)->0K(11776K) From: 0K(61952K)->10848K(61952K)
[3.094s][info][gc,heap        ] GC(74) ParOldGen: 470694K(525824K)->470694K(525824K)
[3.094s][info][gc,metaspace   ] GC(74) Metaspace: 6301K(6464K)->6301K(6464K) NonClass: 5768K(5824K)->5768K(5824K) Class: 533K(640K)->533K(640K)
[3.094s][info][gc             ] GC(74) Pause Young (Allocation Failure) 470M->470M(585M) 9.093ms
[3.094s][info][gc,cpu         ] GC(74) User=0.02s Sys=0.00s Real=0.01s
[3.107s][info][gc,start       ] GC(75) Pause Young (Allocation Failure)
[3.120s][info][gc,heap        ] GC(75) PSYoungGen: 22624K(73728K)->22656K(34816K) Eden: 11776K(11776K)->0K(11776K) From: 10848K(61952K)->22656K(23040K)
[3.120s][info][gc,heap        ] GC(75) ParOldGen: 470694K(525824K)->470694K(525824K)
[3.120s][info][gc,metaspace   ] GC(75) Metaspace: 6301K(6464K)->6301K(6464K) NonClass: 5768K(5824K)->5768K(5824K) Class: 533K(640K)->533K(640K)
[3.120s][info][gc             ] GC(75) Pause Young (Allocation Failure) 481M->481M(547M) 12.627ms
[3.120s][info][gc,cpu         ] GC(75) User=0.00s Sys=0.00s Real=0.01s
[3.132s][info][gc,start       ] GC(76) Pause Young (Allocation Failure)
[3.149s][info][gc,heap        ] GC(76) PSYoungGen: 34432K(34816K)->34432K(72192K) Eden: 11776K(11776K)->0K(13312K) From: 22656K(23040K)->34432K(58880K)
[3.149s][info][gc,heap        ] GC(76) ParOldGen: 470694K(525824K)->470694K(525824K)
[3.149s][info][gc,metaspace   ] GC(76) Metaspace: 6301K(6464K)->6301K(6464K) NonClass: 5768K(5824K)->5768K(5824K) Class: 533K(640K)->533K(640K)
[3.149s][info][gc             ] GC(76) Pause Young (Allocation Failure) 493M->493M(584M) 17.245ms
[3.149s][info][gc,cpu         ] GC(76) User=0.03s Sys=0.02s Real=0.02s
[3.164s][info][gc,start       ] GC(77) Pause Young (Allocation Failure)
[3.188s][info][gc,heap        ] GC(77) PSYoungGen: 47744K(72192K)->36960K(72704K) Eden: 13312K(13312K)->0K(13312K) From: 34432K(58880K)->36960K(59392K)
[3.188s][info][gc,heap        ] GC(77) ParOldGen: 470694K(525824K)->481590K(525824K)
[3.188s][info][gc,metaspace   ] GC(77) Metaspace: 6301K(6464K)->6301K(6464K) NonClass: 5768K(5824K)->5768K(5824K) Class: 533K(640K)->533K(640K)
[3.188s][info][gc             ] GC(77) Pause Young (Allocation Failure) 506M->506M(584M) 24.356ms
[3.188s][info][gc,cpu         ] GC(77) User=0.14s Sys=0.00s Real=0.02s
[3.202s][info][gc,start       ] GC(78) Pause Young (Allocation Failure)
[3.227s][info][gc,heap        ] GC(78) PSYoungGen: 50272K(72704K)->38560K(74240K) Eden: 13312K(13312K)->0K(14848K) From: 36960K(59392K)->38560K(59392K)
[3.227s][info][gc,heap        ] GC(78) ParOldGen: 481590K(525824K)->493526K(525824K)
[3.227s][info][gc,metaspace   ] GC(78) Metaspace: 6301K(6464K)->6301K(6464K) NonClass: 5768K(5824K)->5768K(5824K) Class: 533K(640K)->533K(640K)
[3.227s][info][gc             ] GC(78) Pause Young (Allocation Failure) 519M->519M(586M) 25.129ms
[3.227s][info][gc,cpu         ] GC(78) User=0.11s Sys=0.00s Real=0.03s
[3.244s][info][gc,start       ] GC(79) Pause Young (Allocation Failure)
[3.270s][info][gc,heap        ] GC(79) PSYoungGen: 53408K(74240K)->41600K(74752K) Eden: 14848K(14848K)->0K(14848K) From: 38560K(59392K)->41600K(59904K)
[3.270s][info][gc,heap        ] GC(79) ParOldGen: 493526K(525824K)->505454K(525824K)
[3.270s][info][gc,metaspace   ] GC(79) Metaspace: 6301K(6464K)->6301K(6464K) NonClass: 5768K(5824K)->5768K(5824K) Class: 533K(640K)->533K(640K)
[3.270s][info][gc             ] GC(79) Pause Young (Allocation Failure) 534M->534M(586M) 26.638ms
[3.270s][info][gc,cpu         ] GC(79) User=0.14s Sys=0.00s Real=0.03s
[3.270s][info][gc,start       ] GC(80) Pause Full (Ergonomics)
[3.270s][info][gc,phases,start] GC(80) Marking Phase
[3.396s][info][gc,phases      ] GC(80) Marking Phase 125.789ms
[3.396s][info][gc,phases,start] GC(80) Summary Phase
[3.396s][info][gc,phases      ] GC(80) Summary Phase 0.046ms
[3.396s][info][gc,phases,start] GC(80) Adjust Roots
[3.397s][info][gc,phases      ] GC(80) Adjust Roots 0.279ms
[3.397s][info][gc,phases,start] GC(80) Compaction Phase
[3.447s][info][gc,phases      ] GC(80) Compaction Phase 50.059ms
[3.447s][info][gc,phases,start] GC(80) Post Compact
[3.450s][info][gc,phases      ] GC(80) Post Compact 2.815ms
[3.450s][info][gc,heap        ] GC(80) PSYoungGen: 41600K(74752K)->20938K(74752K) Eden: 0K(14848K)->0K(14848K) From: 41600K(59904K)->20938K(59904K)
[3.450s][info][gc,heap        ] GC(80) ParOldGen: 505454K(525824K)->525339K(584192K)
[3.450s][info][gc,metaspace   ] GC(80) Metaspace: 6301K(6464K)->6301K(6464K) NonClass: 5768K(5824K)->5768K(5824K) Class: 533K(640K)->533K(640K)
[3.450s][info][gc             ] GC(80) Pause Full (Ergonomics) 534M->533M(643M) 179.595ms
[3.450s][info][gc,cpu         ] GC(80) User=1.23s Sys=0.00s Real=0.18s
[3.466s][info][gc,start       ] GC(81) Pause Young (Allocation Failure)
[3.506s][info][gc,heap        ] GC(81) PSYoungGen: 35786K(74752K)->29824K(71680K) Eden: 14848K(14848K)->0K(16384K) From: 20938K(59904K)->29824K(55296K)
[3.506s][info][gc,heap        ] GC(81) ParOldGen: 525339K(584192K)->531571K(584192K)
[3.506s][info][gc,metaspace   ] GC(81) Metaspace: 6301K(6464K)->6301K(6464K) NonClass: 5768K(5824K)->5768K(5824K) Class: 533K(640K)->533K(640K)
[3.506s][info][gc             ] GC(81) Pause Young (Allocation Failure) 547M->548M(640M) 40.008ms
[3.506s][info][gc,cpu         ] GC(81) User=0.23s Sys=0.00s Real=0.04s
[3.525s][info][gc,start       ] GC(82) Pause Young (Allocation Failure)
[3.550s][info][gc,heap        ] GC(82) PSYoungGen: 46208K(71680K)->38464K(74752K) Eden: 16384K(16384K)->0K(16384K) From: 29824K(55296K)->38464K(58368K)
[3.550s][info][gc,heap        ] GC(82) ParOldGen: 531571K(584192K)->539443K(584192K)
[3.550s][info][gc,metaspace   ] GC(82) Metaspace: 6301K(6464K)->6301K(6464K) NonClass: 5768K(5824K)->5768K(5824K) Class: 533K(640K)->533K(640K)
[3.550s][info][gc             ] GC(82) Pause Young (Allocation Failure) 564M->564M(643M) 24.978ms
[3.550s][info][gc,cpu         ] GC(82) User=0.14s Sys=0.00s Real=0.03s
[3.568s][info][gc,start       ] GC(83) Pause Young (Allocation Failure)
[3.595s][info][gc,heap        ] GC(83) PSYoungGen: 54848K(74752K)->47776K(73728K) Eden: 16384K(16384K)->0K(15360K) From: 38464K(58368K)->47776K(58368K)
[3.596s][info][gc,heap        ] GC(83) ParOldGen: 539443K(584192K)->546635K(584192K)
[3.596s][info][gc,metaspace   ] GC(83) Metaspace: 6301K(6464K)->6301K(6464K) NonClass: 5768K(5824K)->5768K(5824K) Class: 533K(640K)->533K(640K)
[3.596s][info][gc             ] GC(83) Pause Young (Allocation Failure) 580M->580M(642M) 27.425ms
[3.596s][info][gc,cpu         ] GC(83) User=0.12s Sys=0.00s Real=0.03s
[3.614s][info][gc,start       ] GC(84) Pause Young (Allocation Failure)
[3.647s][info][gc,heap        ] GC(84) PSYoungGen: 63136K(73728K)->48288K(76800K) Eden: 15360K(15360K)->0K(15360K) From: 47776K(58368K)->48288K(61440K)
[3.647s][info][gc,heap        ] GC(84) ParOldGen: 546635K(584192K)->561683K(584192K)
[3.647s][info][gc,metaspace   ] GC(84) Metaspace: 6301K(6464K)->6301K(6464K) NonClass: 5768K(5824K)->5768K(5824K) Class: 533K(640K)->533K(640K)
[3.647s][info][gc             ] GC(84) Pause Young (Allocation Failure) 595M->595M(645M) 32.903ms
[3.647s][info][gc,cpu         ] GC(84) User=0.16s Sys=0.00s Real=0.03s
[3.667s][info][gc,start       ] GC(85) Pause Young (Allocation Failure)
[3.700s][info][gc,heap        ] GC(85) PSYoungGen: 63648K(76800K)->47264K(80384K) Eden: 15360K(15360K)->0K(15872K) From: 48288K(61440K)->47264K(64512K)
[3.700s][info][gc,heap        ] GC(85) ParOldGen: 561683K(584192K)->578307K(584192K)
[3.700s][info][gc,metaspace   ] GC(85) Metaspace: 6301K(6464K)->6301K(6464K) NonClass: 5768K(5824K)->5768K(5824K) Class: 533K(640K)->533K(640K)
[3.700s][info][gc             ] GC(85) Pause Young (Allocation Failure) 610M->610M(649M) 33.039ms
[3.700s][info][gc,cpu         ] GC(85) User=0.14s Sys=0.02s Real=0.03s
[3.700s][info][gc,start       ] GC(86) Pause Full (Ergonomics)
[3.700s][info][gc,phases,start] GC(86) Marking Phase
[3.853s][info][gc,phases      ] GC(86) Marking Phase 153.115ms
[3.853s][info][gc,phases,start] GC(86) Summary Phase
[3.853s][info][gc,phases      ] GC(86) Summary Phase 0.045ms
[3.853s][info][gc,phases,start] GC(86) Adjust Roots
[3.854s][info][gc,phases      ] GC(86) Adjust Roots 0.271ms
[3.854s][info][gc,phases,start] GC(86) Compaction Phase
[3.929s][info][gc,phases      ] GC(86) Compaction Phase 75.431ms
[3.929s][info][gc,phases,start] GC(86) Post Compact
[3.930s][info][gc,phases      ] GC(86) Post Compact 1.183ms
[3.931s][info][gc,heap        ] GC(86) PSYoungGen: 47264K(80384K)->40362K(80384K) Eden: 0K(15872K)->0K(15872K) From: 47264K(64512K)->40362K(64512K)
[3.931s][info][gc,heap        ] GC(86) ParOldGen: 578307K(584192K)->584084K(647680K)
[3.931s][info][gc,metaspace   ] GC(86) Metaspace: 6301K(6464K)->6301K(6464K) NonClass: 5768K(5824K)->5768K(5824K) Class: 533K(640K)->533K(640K)
[3.931s][info][gc             ] GC(86) Pause Full (Ergonomics) 610M->609M(711M) 230.765ms
[3.931s][info][gc,cpu         ] GC(86) User=1.33s Sys=0.00s Real=0.23s
[3.950s][info][gc,start       ] GC(87) Pause Young (Allocation Failure)
[4.001s][info][gc,heap        ] GC(87) PSYoungGen: 56234K(80384K)->29536K(81920K) Eden: 15872K(15872K)->0K(15872K) From: 40362K(64512K)->29536K(66048K)
[4.001s][info][gc,heap        ] GC(87) ParOldGen: 584084K(647680K)->611340K(647680K)
[4.001s][info][gc,metaspace   ] GC(87) Metaspace: 6301K(6464K)->6301K(6464K) NonClass: 5768K(5824K)->5768K(5824K) Class: 533K(640K)->533K(640K)
[4.001s][info][gc             ] GC(87) Pause Young (Allocation Failure) 625M->625M(712M) 50.891ms
[4.001s][info][gc,cpu         ] GC(87) User=0.25s Sys=0.00s Real=0.05s
[4.020s][info][gc,start       ] GC(88) Pause Young (Allocation Failure)
[4.047s][info][gc,heap        ] GC(88) PSYoungGen: 45408K(81920K)->31904K(77824K) Eden: 15872K(15872K)->0K(17920K) From: 29536K(66048K)->31904K(59904K)
[4.047s][info][gc,heap        ] GC(88) ParOldGen: 611340K(647680K)->625076K(647680K)
[4.047s][info][gc,metaspace   ] GC(88) Metaspace: 6301K(6464K)->6301K(6464K) NonClass: 5768K(5824K)->5768K(5824K) Class: 533K(640K)->533K(640K)
[4.047s][info][gc             ] GC(88) Pause Young (Allocation Failure) 641M->641M(708M) 26.709ms
[4.047s][info][gc,cpu         ] GC(88) User=0.16s Sys=0.00s Real=0.03s
[4.047s][info][gc,start       ] GC(89) Pause Full (Ergonomics)
[4.047s][info][gc,phases,start] GC(89) Marking Phase
[4.202s][info][gc,phases      ] GC(89) Marking Phase 155.140ms
[4.202s][info][gc,phases,start] GC(89) Summary Phase
[4.202s][info][gc,phases      ] GC(89) Summary Phase 0.036ms
[4.202s][info][gc,phases,start] GC(89) Adjust Roots
[4.203s][info][gc,phases      ] GC(89) Adjust Roots 0.249ms
[4.203s][info][gc,phases,start] GC(89) Compaction Phase
[4.276s][info][gc,phases      ] GC(89) Compaction Phase 73.414ms
[4.276s][info][gc,phases,start] GC(89) Post Compact
[4.278s][info][gc,phases      ] GC(89) Post Compact 1.583ms
[4.278s][info][gc,heap        ] GC(89) PSYoungGen: 31904K(77824K)->8688K(79872K) Eden: 0K(17920K)->0K(19968K) From: 31904K(59904K)->8688K(59904K)
[4.278s][info][gc,heap        ] GC(89) ParOldGen: 625076K(647680K)->647440K(720896K)
[4.278s][info][gc,metaspace   ] GC(89) Metaspace: 6301K(6464K)->6301K(6464K) NonClass: 5768K(5824K)->5768K(5824K) Class: 533K(640K)->533K(640K)
[4.278s][info][gc             ] GC(89) Pause Full (Ergonomics) 641M->640M(782M) 231.167ms
[4.278s][info][gc,cpu         ] GC(89) User=1.45s Sys=0.00s Real=0.23s
[4.303s][info][gc,start       ] GC(90) Pause Young (Allocation Failure)
[4.356s][info][gc,heap        ] GC(90) PSYoungGen: 28656K(79872K)->23712K(81920K) Eden: 19968K(19968K)->0K(19968K) From: 8688K(59904K)->23712K(61952K)
[4.356s][info][gc,heap        ] GC(90) ParOldGen: 647440K(720896K)->652664K(720896K)
[4.356s][info][gc,metaspace   ] GC(90) Metaspace: 6301K(6464K)->6301K(6464K) NonClass: 5768K(5824K)->5768K(5824K) Class: 533K(640K)->533K(640K)
[4.356s][info][gc             ] GC(90) Pause Young (Allocation Failure) 660M->660M(784M) 53.247ms
[4.356s][info][gc,cpu         ] GC(90) User=0.17s Sys=0.03s Real=0.05s
[4.383s][info][gc,start       ] GC(91) Pause Young (Allocation Failure)
[4.411s][info][gc,heap        ] GC(91) PSYoungGen: 43680K(81920K)->43680K(82944K) Eden: 19968K(19968K)->0K(21504K) From: 23712K(61952K)->43680K(61440K)
[4.411s][info][gc,heap        ] GC(91) ParOldGen: 652664K(720896K)->652664K(720896K)
[4.411s][info][gc,metaspace   ] GC(91) Metaspace: 6301K(6464K)->6301K(6464K) NonClass: 5768K(5824K)->5768K(5824K) Class: 533K(640K)->533K(640K)
[4.411s][info][gc             ] GC(91) Pause Young (Allocation Failure) 680M->680M(785M) 27.806ms
[4.411s][info][gc,cpu         ] GC(91) User=0.12s Sys=0.00s Real=0.03s
[4.562s][info][gc,start       ] GC(92) Pause Young (Allocation Failure)
[4.611s][info][gc,heap        ] GC(92) PSYoungGen: 65184K(82944K)->61952K(83456K) Eden: 21504K(21504K)->0K(21504K) From: 43680K(61440K)->61952K(61952K)
[4.611s][info][gc,heap        ] GC(92) ParOldGen: 685432K(720896K)->688592K(720896K)
[4.611s][info][gc,metaspace   ] GC(92) Metaspace: 6301K(6464K)->6301K(6464K) NonClass: 5768K(5824K)->5768K(5824K) Class: 533K(640K)->533K(640K)
[4.611s][info][gc             ] GC(92) Pause Young (Allocation Failure) 733M->732M(785M) 49.802ms
[4.611s][info][gc,cpu         ] GC(92) User=0.27s Sys=0.00s Real=0.05s
[4.637s][info][gc,start       ] GC(93) Pause Young (Allocation Failure)
[4.684s][info][gc,heap        ] GC(93) PSYoungGen: 83456K(83456K)->61440K(89088K) Eden: 21504K(21504K)->0K(18432K) From: 61952K(61952K)->61440K(70656K)
[4.684s][info][gc,heap        ] GC(93) ParOldGen: 688592K(720896K)->711008K(720896K)
[4.684s][info][gc,metaspace   ] GC(93) Metaspace: 6301K(6464K)->6301K(6464K) NonClass: 5768K(5824K)->5768K(5824K) Class: 533K(640K)->533K(640K)
[4.684s][info][gc             ] GC(93) Pause Young (Allocation Failure) 753M->754M(791M) 46.721ms
[4.684s][info][gc,cpu         ] GC(93) User=0.22s Sys=0.00s Real=0.05s
[4.684s][info][gc,start       ] GC(94) Pause Full (Ergonomics)
[4.684s][info][gc,phases,start] GC(94) Marking Phase
[4.861s][info][gc,phases      ] GC(94) Marking Phase 176.304ms
[4.861s][info][gc,phases,start] GC(94) Summary Phase
[4.861s][info][gc,phases      ] GC(94) Summary Phase 0.025ms
[4.861s][info][gc,phases,start] GC(94) Adjust Roots
[4.861s][info][gc,phases      ] GC(94) Adjust Roots 0.223ms
[4.861s][info][gc,phases,start] GC(94) Compaction Phase
[5.010s][info][gc,phases      ] GC(94) Compaction Phase 148.675ms
[5.010s][info][gc,phases,start] GC(94) Post Compact
[5.012s][info][gc,phases      ] GC(94) Post Compact 2.111ms
[5.013s][info][gc,heap        ] GC(94) PSYoungGen: 61440K(89088K)->34646K(89088K) Eden: 0K(18432K)->0K(18432K) From: 61440K(70656K)->34646K(70656K)
[5.013s][info][gc,heap        ] GC(94) ParOldGen: 711008K(720896K)->720687K(801280K)
[5.013s][info][gc,metaspace   ] GC(94) Metaspace: 6301K(6464K)->6301K(6464K) NonClass: 5768K(5824K)->5768K(5824K) Class: 533K(640K)->533K(640K)
[5.013s][info][gc             ] GC(94) Pause Full (Ergonomics) 754M->737M(869M) 328.683ms
[5.013s][info][gc,cpu         ] GC(94) User=1.69s Sys=0.02s Real=0.33s
[5.036s][info][gc,start       ] GC(95) Pause Young (Allocation Failure)
[5.097s][info][gc,heap        ] GC(95) PSYoungGen: 53078K(89088K)->53344K(94208K) Eden: 18432K(18432K)->0K(18432K) From: 34646K(70656K)->53344K(75776K)
[5.097s][info][gc,heap        ] GC(95) ParOldGen: 720687K(801280K)->720687K(801280K)
[5.097s][info][gc,metaspace   ] GC(95) Metaspace: 6301K(6464K)->6301K(6464K) NonClass: 5768K(5824K)->5768K(5824K) Class: 533K(640K)->533K(640K)
[5.097s][info][gc             ] GC(95) Pause Young (Allocation Failure) 755M->755M(874M) 61.237ms
[5.097s][info][gc,cpu         ] GC(95) User=0.25s Sys=0.00s Real=0.06s
[5.117s][info][gc,start       ] GC(96) Pause Young (Allocation Failure)
[5.160s][info][gc,heap        ] GC(96) PSYoungGen: 71776K(94208K)->71712K(90112K) Eden: 18432K(18432K)->0K(12800K) From: 53344K(75776K)->71712K(77312K)
[5.160s][info][gc,heap        ] GC(96) ParOldGen: 720687K(801280K)->720687K(801280K)
[5.160s][info][gc,metaspace   ] GC(96) Metaspace: 6301K(6464K)->6301K(6464K) NonClass: 5768K(5824K)->5768K(5824K) Class: 533K(640K)->533K(640K)
[5.160s][info][gc             ] GC(96) Pause Young (Allocation Failure) 773M->773M(870M) 43.571ms
[5.160s][info][gc,cpu         ] GC(96) User=0.19s Sys=0.06s Real=0.04s
[5.173s][info][gc,start       ] GC(97) Pause Young (Allocation Failure)
[5.219s][info][gc,heap        ] GC(97) PSYoungGen: 84512K(90112K)->84544K(97792K) Eden: 12800K(12800K)->0K(12800K) From: 71712K(77312K)->84544K(84992K)
[5.219s][info][gc,heap        ] GC(97) ParOldGen: 720687K(801280K)->720687K(801280K)
[5.219s][info][gc,metaspace   ] GC(97) Metaspace: 6301K(6464K)->6301K(6464K) NonClass: 5768K(5824K)->5768K(5824K) Class: 533K(640K)->533K(640K)
[5.219s][info][gc             ] GC(97) Pause Young (Allocation Failure) 786M->786M(878M) 45.740ms
[5.219s][info][gc,cpu         ] GC(97) User=0.19s Sys=0.00s Real=0.04s
[5.233s][info][gc,start       ] GC(98) Pause Young (Allocation Failure)
[5.298s][info][gc,heap        ] GC(98) PSYoungGen: 97344K(97792K)->86816K(100864K) Eden: 12800K(12800K)->0K(5120K) From: 84544K(84992K)->86816K(95744K)
[5.298s][info][gc,heap        ] GC(98) ParOldGen: 720687K(801280K)->731399K(801280K)
[5.298s][info][gc,metaspace   ] GC(98) Metaspace: 6301K(6464K)->6301K(6464K) NonClass: 5768K(5824K)->5768K(5824K) Class: 533K(640K)->533K(640K)
[5.298s][info][gc             ] GC(98) Pause Young (Allocation Failure) 798M->799M(881M) 64.786ms
[5.298s][info][gc,cpu         ] GC(98) User=0.22s Sys=0.17s Real=0.06s
[5.305s][info][gc,start       ] GC(99) Pause Young (Allocation Failure)
[5.360s][info][gc,heap        ] GC(99) PSYoungGen: 91936K(100864K)->67680K(110080K) Eden: 5120K(5120K)->0K(5120K) From: 86816K(95744K)->67680K(104960K)
[5.360s][info][gc,heap        ] GC(99) ParOldGen: 731399K(801280K)->755919K(801280K)
[5.360s][info][gc,metaspace   ] GC(99) Metaspace: 6301K(6464K)->6301K(6464K) NonClass: 5768K(5824K)->5768K(5824K) Class: 533K(640K)->533K(640K)
[5.360s][info][gc             ] GC(99) Pause Young (Allocation Failure) 804M->804M(890M) 55.433ms
[5.360s][info][gc,cpu         ] GC(99) User=0.25s Sys=0.09s Real=0.06s
[5.366s][info][gc,start       ] GC(100) Pause Young (Allocation Failure)
[5.418s][info][gc,heap        ] GC(100) PSYoungGen: 72800K(110080K)->35904K(107520K) Eden: 5120K(5120K)->0K(6144K) From: 67680K(104960K)->35904K(101376K)
[5.418s][info][gc,heap        ] GC(100) ParOldGen: 755919K(801280K)->793311K(801280K)
[5.418s][info][gc,metaspace   ] GC(100) Metaspace: 6301K(6464K)->6301K(6464K) NonClass: 5768K(5824K)->5768K(5824K) Class: 533K(640K)->533K(640K)
[5.418s][info][gc             ] GC(100) Pause Young (Allocation Failure) 809M->809M(887M) 51.855ms
[5.418s][info][gc,cpu         ] GC(100) User=0.17s Sys=0.09s Real=0.05s
[5.418s][info][gc,start       ] GC(101) Pause Full (Ergonomics)
[5.418s][info][gc,phases,start] GC(101) Marking Phase
[5.603s][info][gc,phases      ] GC(101) Marking Phase 184.406ms
[5.603s][info][gc,phases,start] GC(101) Summary Phase
[5.603s][info][gc,phases      ] GC(101) Summary Phase 0.046ms
[5.603s][info][gc,phases,start] GC(101) Adjust Roots
[5.603s][info][gc,phases      ] GC(101) Adjust Roots 0.275ms
[5.603s][info][gc,phases,start] GC(101) Compaction Phase
[5.699s][info][gc,phases      ] GC(101) Compaction Phase 96.019ms
[5.699s][info][gc,phases,start] GC(101) Post Compact
[5.701s][info][gc,phases      ] GC(101) Post Compact 1.528ms
[5.702s][info][gc,heap        ] GC(101) PSYoungGen: 35904K(107520K)->27022K(109056K) Eden: 0K(6144K)->0K(7680K) From: 35904K(101376K)->27022K(101376K)
[5.702s][info][gc,heap        ] GC(101) ParOldGen: 793311K(801280K)->800825K(897024K)
[5.702s][info][gc,metaspace   ] GC(101) Metaspace: 6301K(6464K)->6301K(6464K) NonClass: 5768K(5824K)->5768K(5824K) Class: 533K(640K)->533K(640K)
[5.702s][info][gc             ] GC(101) Pause Full (Ergonomics) 809M->808M(982M) 283.572ms
[5.702s][info][gc,cpu         ] GC(101) User=1.98s Sys=0.02s Real=0.28s
[5.711s][info][gc,start       ] GC(102) Pause Young (Allocation Failure)
[5.767s][info][gc,heap        ] GC(102) PSYoungGen: 34702K(109056K)->15680K(111104K) Eden: 7680K(7680K)->0K(7680K) From: 27022K(101376K)->15680K(103424K)
[5.767s][info][gc,heap        ] GC(102) ParOldGen: 800825K(897024K)->820289K(897024K)
[5.767s][info][gc,metaspace   ] GC(102) Metaspace: 6301K(6464K)->6301K(6464K) NonClass: 5768K(5824K)->5768K(5824K) Class: 533K(640K)->533K(640K)
[5.767s][info][gc             ] GC(102) Pause Young (Allocation Failure) 815M->816M(984M) 56.389ms
[5.767s][info][gc,cpu         ] GC(102) User=0.23s Sys=0.12s Real=0.06s
[5.776s][info][gc,start       ] GC(103) Pause Young (Allocation Failure)
[5.792s][info][gc,heap        ] GC(103) PSYoungGen: 23360K(111104K)->15456K(113152K) Eden: 7680K(7680K)->0K(8704K) From: 15680K(103424K)->15456K(104448K)
[5.792s][info][gc,heap        ] GC(103) ParOldGen: 820289K(897024K)->828329K(897024K)
[5.792s][info][gc,metaspace   ] GC(103) Metaspace: 6301K(6464K)->6301K(6464K) NonClass: 5768K(5824K)->5768K(5824K) Class: 533K(640K)->533K(640K)
[5.792s][info][gc             ] GC(103) Pause Young (Allocation Failure) 823M->824M(986M) 16.261ms
[5.792s][info][gc,cpu         ] GC(103) User=0.02s Sys=0.00s Real=0.02s
[5.802s][info][gc,start       ] GC(104) Pause Young (Allocation Failure)
[5.822s][info][gc,heap        ] GC(104) PSYoungGen: 24160K(113152K)->8800K(113152K) Eden: 8704K(8704K)->0K(8704K) From: 15456K(104448K)->8800K(104448K)
[5.822s][info][gc,heap        ] GC(104) ParOldGen: 828329K(897024K)->843905K(897024K)
[5.822s][info][gc,metaspace   ] GC(104) Metaspace: 6301K(6464K)->6301K(6464K) NonClass: 5768K(5824K)->5768K(5824K) Class: 533K(640K)->533K(640K)
[5.822s][info][gc             ] GC(104) Pause Young (Allocation Failure) 832M->832M(986M) 19.584ms
[5.822s][info][gc,cpu         ] GC(104) User=0.06s Sys=0.06s Real=0.02s
[5.831s][info][gc,start       ] GC(105) Pause Young (Allocation Failure)
[5.846s][info][gc,heap        ] GC(105) PSYoungGen: 17504K(113152K)->8832K(113152K) Eden: 8704K(8704K)->0K(10240K) From: 8800K(104448K)->8832K(102912K)
[5.846s][info][gc,heap        ] GC(105) ParOldGen: 843905K(897024K)->852737K(897024K)
[5.846s][info][gc,metaspace   ] GC(105) Metaspace: 6301K(6464K)->6301K(6464K) NonClass: 5768K(5824K)->5768K(5824K) Class: 533K(640K)->533K(640K)
[5.846s][info][gc             ] GC(105) Pause Young (Allocation Failure) 841M->841M(986M) 15.283ms
[5.846s][info][gc,cpu         ] GC(105) User=0.00s Sys=0.00s Real=0.01s
[5.857s][info][gc,start       ] GC(106) Pause Young (Allocation Failure)
[5.875s][info][gc,heap        ] GC(106) PSYoungGen: 19072K(113152K)->10368K(114176K) Eden: 10240K(10240K)->0K(10240K) From: 8832K(102912K)->10368K(103936K)
[5.875s][info][gc,heap        ] GC(106) ParOldGen: 852737K(897024K)->861585K(897024K)
[5.875s][info][gc,metaspace   ] GC(106) Metaspace: 6301K(6464K)->6301K(6464K) NonClass: 5768K(5824K)->5768K(5824K) Class: 533K(640K)->533K(640K)
[5.875s][info][gc             ] GC(106) Pause Young (Allocation Failure) 851M->851M(987M) 17.574ms
[5.875s][info][gc,cpu         ] GC(106) User=0.09s Sys=0.00s Real=0.02s
[5.888s][info][gc,start       ] GC(107) Pause Young (Allocation Failure)
[5.906s][info][gc,heap        ] GC(107) PSYoungGen: 20608K(114176K)->10336K(109056K) Eden: 10240K(10240K)->0K(11776K) From: 10368K(103936K)->10336K(97280K)
[5.906s][info][gc,heap        ] GC(107) ParOldGen: 861585K(897024K)->871977K(897024K)
[5.906s][info][gc,metaspace   ] GC(107) Metaspace: 6301K(6464K)->6301K(6464K) NonClass: 5768K(5824K)->5768K(5824K) Class: 533K(640K)->533K(640K)
[5.906s][info][gc             ] GC(107) Pause Young (Allocation Failure) 861M->861M(982M) 17.417ms
[5.906s][info][gc,cpu         ] GC(107) User=0.00s Sys=0.03s Real=0.02s
[5.906s][info][gc,start       ] GC(108) Pause Full (Ergonomics)
[5.906s][info][gc,phases,start] GC(108) Marking Phase
[6.113s][info][gc,phases      ] GC(108) Marking Phase 206.705ms
[6.113s][info][gc,phases,start] GC(108) Summary Phase
[6.113s][info][gc,phases      ] GC(108) Summary Phase 0.039ms
[6.113s][info][gc,phases,start] GC(108) Adjust Roots
[6.113s][info][gc,phases      ] GC(108) Adjust Roots 0.237ms
[6.113s][info][gc,phases,start] GC(108) Compaction Phase
[6.204s][info][gc,phases      ] GC(108) Compaction Phase 90.831ms
[6.204s][info][gc,phases,start] GC(108) Post Compact
[6.206s][info][gc,phases      ] GC(108) Post Compact 1.765ms
[6.207s][info][gc,heap        ] GC(108) PSYoungGen: 10336K(109056K)->0K(111616K) Eden: 0K(11776K)->0K(11776K) From: 10336K(97280K)->0K(99840K)
[6.207s][info][gc,heap        ] GC(108) ParOldGen: 871977K(897024K)->880902K(975872K)
[6.207s][info][gc,metaspace   ] GC(108) Metaspace: 6301K(6464K)->6301K(6464K) NonClass: 5768K(5824K)->5768K(5824K) Class: 533K(640K)->533K(640K)
[6.207s][info][gc             ] GC(108) Pause Full (Ergonomics) 861M->860M(1062M) 300.701ms
[6.207s][info][gc,cpu         ] GC(108) User=1.83s Sys=0.05s Real=0.30s
[6.221s][info][gc,start       ] GC(109) Pause Young (Allocation Failure)
[6.234s][info][gc,heap        ] GC(109) PSYoungGen: 11776K(111616K)->11872K(107008K) Eden: 11776K(11776K)->0K(13312K) From: 0K(99840K)->11872K(93696K)
[6.234s][info][gc,heap        ] GC(109) ParOldGen: 880902K(975872K)->880902K(975872K)
[6.234s][info][gc,metaspace   ] GC(109) Metaspace: 6301K(6464K)->6301K(6464K) NonClass: 5768K(5824K)->5768K(5824K) Class: 533K(640K)->533K(640K)
[6.234s][info][gc             ] GC(109) Pause Young (Allocation Failure) 871M->871M(1057M) 13.128ms
[6.234s][info][gc,cpu         ] GC(109) User=0.02s Sys=0.00s Real=0.01s
[6.248s][info][gc,start       ] GC(110) Pause Young (Allocation Failure)
[6.264s][info][gc,heap        ] GC(110) PSYoungGen: 25184K(107008K)->25216K(38912K) Eden: 13312K(13312K)->0K(13312K) From: 11872K(93696K)->25216K(25600K)
[6.264s][info][gc,heap        ] GC(110) ParOldGen: 880902K(975872K)->880902K(975872K)
[6.264s][info][gc,metaspace   ] GC(110) Metaspace: 6301K(6464K)->6301K(6464K) NonClass: 5768K(5824K)->5768K(5824K) Class: 533K(640K)->533K(640K)
[6.264s][info][gc             ] GC(110) Pause Young (Allocation Failure) 884M->884M(991M) 16.374ms
[6.264s][info][gc,cpu         ] GC(110) User=0.03s Sys=0.00s Real=0.02s
[6.279s][info][gc,start       ] GC(111) Pause Young (Allocation Failure)
[6.304s][info][gc,heap        ] GC(111) PSYoungGen: 38528K(38912K)->26720K(96768K) Eden: 13312K(13312K)->0K(15360K) From: 25216K(25600K)->26720K(81408K)
[6.304s][info][gc,heap        ] GC(111) ParOldGen: 880902K(975872K)->892854K(975872K)
[6.304s][info][gc,metaspace   ] GC(111) Metaspace: 6301K(6464K)->6301K(6464K) NonClass: 5768K(5824K)->5768K(5824K) Class: 533K(640K)->533K(640K)
[6.304s][info][gc             ] GC(111) Pause Young (Allocation Failure) 897M->898M(1047M) 24.653ms
[6.304s][info][gc,cpu         ] GC(111) User=0.09s Sys=0.03s Real=0.02s
[6.321s][info][gc,start       ] GC(112) Pause Young (Allocation Failure)
[6.345s][info][gc,heap        ] GC(112) PSYoungGen: 42080K(96768K)->28832K(44544K) Eden: 15360K(15360K)->0K(15360K) From: 26720K(81408K)->28832K(29184K)
[6.346s][info][gc,heap        ] GC(112) ParOldGen: 892854K(975872K)->906350K(975872K)
[6.346s][info][gc,metaspace   ] GC(112) Metaspace: 6301K(6464K)->6301K(6464K) NonClass: 5768K(5824K)->5768K(5824K) Class: 533K(640K)->533K(640K)
[6.346s][info][gc             ] GC(112) Pause Young (Allocation Failure) 913M->913M(996M) 24.712ms
[6.346s][info][gc,cpu         ] GC(112) User=0.12s Sys=0.00s Real=0.02s
[6.366s][info][gc,start       ] GC(113) Pause Young (Allocation Failure)
[6.392s][info][gc,heap        ] GC(113) PSYoungGen: 44192K(44544K)->30848K(88576K) Eden: 15360K(15360K)->0K(17408K) From: 28832K(29184K)->30848K(71168K)
[6.392s][info][gc,heap        ] GC(113) ParOldGen: 906350K(975872K)->919862K(975872K)
[6.392s][info][gc,metaspace   ] GC(113) Metaspace: 6301K(6464K)->6301K(6464K) NonClass: 5768K(5824K)->5768K(5824K) Class: 533K(640K)->533K(640K)
[6.392s][info][gc             ] GC(113) Pause Young (Allocation Failure) 928M->928M(1039M) 26.155ms
[6.392s][info][gc,cpu         ] GC(113) User=0.08s Sys=0.03s Real=0.03s
[6.412s][info][gc,start       ] GC(114) Pause Young (Allocation Failure)
[6.441s][info][gc,heap        ] GC(114) PSYoungGen: 48256K(88576K)->32928K(50688K) Eden: 17408K(17408K)->0K(17408K) From: 30848K(71168K)->32928K(33280K)
[6.441s][info][gc,heap        ] GC(114) ParOldGen: 919862K(975872K)->935446K(975872K)
[6.441s][info][gc,metaspace   ] GC(114) Metaspace: 6301K(6464K)->6301K(6464K) NonClass: 5768K(5824K)->5768K(5824K) Class: 533K(640K)->533K(640K)
[6.441s][info][gc             ] GC(114) Pause Young (Allocation Failure) 945M->945M(1002M) 28.864ms
[6.441s][info][gc,cpu         ] GC(114) User=0.09s Sys=0.03s Real=0.03s
[6.460s][info][gc,start       ] GC(115) Pause Young (Allocation Failure)
[6.490s][info][gc,heap        ] GC(115) PSYoungGen: 50336K(50688K)->34944K(86528K) Eden: 17408K(17408K)->0K(19456K) From: 32928K(33280K)->34944K(67072K)
[6.490s][info][gc,heap        ] GC(115) ParOldGen: 935446K(975872K)->951022K(975872K)
[6.490s][info][gc,metaspace   ] GC(115) Metaspace: 6301K(6464K)->6301K(6464K) NonClass: 5768K(5824K)->5768K(5824K) Class: 533K(640K)->533K(640K)
[6.490s][info][gc             ] GC(115) Pause Young (Allocation Failure) 962M->962M(1037M) 30.045ms
[6.490s][info][gc,cpu         ] GC(115) User=0.12s Sys=0.00s Real=0.03s
[6.490s][info][gc,start       ] GC(116) Pause Full (Ergonomics)
[6.490s][info][gc,phases,start] GC(116) Marking Phase
[6.712s][info][gc,phases      ] GC(116) Marking Phase 221.297ms
[6.712s][info][gc,phases,start] GC(116) Summary Phase
[6.712s][info][gc,phases      ] GC(116) Summary Phase 0.062ms
[6.712s][info][gc,phases,start] GC(116) Adjust Roots
[6.712s][info][gc,phases      ] GC(116) Adjust Roots 0.250ms
[6.712s][info][gc,phases,start] GC(116) Compaction Phase
[6.809s][info][gc,phases      ] GC(116) Compaction Phase 96.979ms
[6.809s][info][gc,phases,start] GC(116) Post Compact
[6.811s][info][gc,phases      ] GC(116) Post Compact 1.675ms
[6.812s][info][gc,heap        ] GC(116) PSYoungGen: 34944K(86528K)->9204K(89088K) Eden: 0K(19456K)->0K(22016K) From: 34944K(67072K)->9204K(67072K)
[6.812s][info][gc,heap        ] GC(116) ParOldGen: 951022K(975872K)->975418K(1073664K)
[6.812s][info][gc,metaspace   ] GC(116) Metaspace: 6301K(6464K)->6301K(6464K) NonClass: 5768K(5824K)->5768K(5824K) Class: 533K(640K)->533K(640K)
[6.812s][info][gc             ] GC(116) Pause Full (Ergonomics) 962M->961M(1135M) 321.784ms
[6.812s][info][gc,cpu         ] GC(116) User=2.22s Sys=0.06s Real=0.32s
[6.837s][info][gc,start       ] GC(117) Pause Young (Allocation Failure)
[6.899s][info][gc,heap        ] GC(117) PSYoungGen: 31220K(89088K)->27360K(49664K) Eden: 22016K(22016K)->0K(22016K) From: 9204K(67072K)->27360K(27648K)
[6.899s][info][gc,heap        ] GC(117) ParOldGen: 975418K(1073664K)->979578K(1073664K)
[6.899s][info][gc,metaspace   ] GC(117) Metaspace: 6301K(6464K)->6301K(6464K) NonClass: 5768K(5824K)->5768K(5824K) Class: 533K(640K)->533K(640K)
[6.899s][info][gc             ] GC(117) Pause Young (Allocation Failure) 983M->983M(1097M) 61.995ms
[6.899s][info][gc,cpu         ] GC(117) User=0.36s Sys=0.00s Real=0.06s
[6.924s][info][gc,start       ] GC(118) Pause Young (Allocation Failure)
[6.952s][info][gc,heap        ] GC(118) PSYoungGen: 49376K(49664K)->49344K(87552K) Eden: 22016K(22016K)->0K(20992K) From: 27360K(27648K)->49344K(66560K)
[6.952s][info][gc,heap        ] GC(118) ParOldGen: 979578K(1073664K)->979578K(1073664K)
[6.952s][info][gc,metaspace   ] GC(118) Metaspace: 6301K(6464K)->6301K(6464K) NonClass: 5768K(5824K)->5768K(5824K) Class: 533K(640K)->533K(640K)
[6.952s][info][gc             ] GC(118) Pause Young (Allocation Failure) 1004M->1004M(1134M) 27.840ms
[6.952s][info][gc,cpu         ] GC(118) User=0.12s Sys=0.00s Real=0.03s
[6.976s][info][gc,start       ] GC(119) Pause Young (Allocation Failure)
[7.014s][info][gc,heap        ] GC(119) PSYoungGen: 70336K(87552K)->65152K(91136K) Eden: 20992K(20992K)->0K(20992K) From: 49344K(66560K)->65152K(70144K)
[7.014s][info][gc,heap        ] GC(119) ParOldGen: 979578K(1073664K)->984842K(1073664K)
[7.014s][info][gc,metaspace   ] GC(119) Metaspace: 6301K(6464K)->6301K(6464K) NonClass: 5768K(5824K)->5768K(5824K) Class: 533K(640K)->533K(640K)
[7.014s][info][gc             ] GC(119) Pause Young (Allocation Failure) 1025M->1025M(1137M) 38.249ms
[7.014s][info][gc,cpu         ] GC(119) User=0.25s Sys=0.02s Real=0.04s
[7.037s][info][gc,start       ] GC(120) Pause Young (Allocation Failure)
[7.090s][info][gc,heap        ] GC(120) PSYoungGen: 86144K(91136K)->64160K(95744K) Eden: 20992K(20992K)->0K(17408K) From: 65152K(70144K)->64160K(78336K)
[7.090s][info][gc,heap        ] GC(120) ParOldGen: 984842K(1073664K)->1007202K(1073664K)
[7.090s][info][gc,metaspace   ] GC(120) Metaspace: 6301K(6464K)->6301K(6464K) NonClass: 5768K(5824K)->5768K(5824K) Class: 533K(640K)->533K(640K)
[7.090s][info][gc             ] GC(120) Pause Young (Allocation Failure) 1045M->1046M(1142M) 53.180ms
[7.090s][info][gc,cpu         ] GC(120) User=0.22s Sys=0.14s Real=0.05s
[7.110s][info][gc,start       ] GC(121) Pause Young (Allocation Failure)
[7.158s][info][gc,heap        ] GC(121) PSYoungGen: 81568K(95744K)->59552K(101888K) Eden: 17408K(17408K)->0K(17408K) From: 64160K(78336K)->59552K(84480K)
[7.158s][info][gc,heap        ] GC(121) ParOldGen: 1007202K(1073664K)->1029546K(1073664K)
[7.158s][info][gc,metaspace   ] GC(121) Metaspace: 6301K(6464K)->6301K(6464K) NonClass: 5768K(5824K)->5768K(5824K) Class: 533K(640K)->533K(640K)
[7.158s][info][gc             ] GC(121) Pause Young (Allocation Failure) 1063M->1063M(1148M) 47.627ms
[7.158s][info][gc,cpu         ] GC(121) User=0.16s Sys=0.11s Real=0.05s
[7.179s][info][gc,start       ] GC(122) Pause Young (Allocation Failure)
[7.234s][info][gc,heap        ] GC(122) PSYoungGen: 76960K(101888K)->34944K(99840K) Eden: 17408K(17408K)->0K(19968K) From: 59552K(84480K)->34944K(79872K)
[7.234s][info][gc,heap        ] GC(122) ParOldGen: 1029546K(1073664K)->1072138K(1073664K)
[7.234s][info][gc,metaspace   ] GC(122) Metaspace: 6301K(6464K)->6301K(6464K) NonClass: 5768K(5824K)->5768K(5824K) Class: 533K(640K)->533K(640K)
[7.234s][info][gc             ] GC(122) Pause Young (Allocation Failure) 1080M->1081M(1146M) 55.087ms
[7.234s][info][gc,cpu         ] GC(122) User=0.14s Sys=0.22s Real=0.05s
[7.234s][info][gc,start       ] GC(123) Pause Full (Ergonomics)
[7.234s][info][gc,phases,start] GC(123) Marking Phase
[7.487s][info][gc,phases      ] GC(123) Marking Phase 253.506ms
[7.488s][info][gc,phases,start] GC(123) Summary Phase
[7.488s][info][gc,phases      ] GC(123) Summary Phase 0.062ms
[7.488s][info][gc,phases,start] GC(123) Adjust Roots
[7.488s][info][gc,phases      ] GC(123) Adjust Roots 0.289ms
[7.488s][info][gc,phases,start] GC(123) Compaction Phase
[7.585s][info][gc,phases      ] GC(123) Compaction Phase 97.452ms
[7.586s][info][gc,phases,start] GC(123) Post Compact
[7.587s][info][gc,phases      ] GC(123) Post Compact 1.827ms
[7.588s][info][gc,heap        ] GC(123) PSYoungGen: 34944K(99840K)->31688K(102400K) Eden: 0K(19968K)->0K(22528K) From: 34944K(79872K)->31688K(79872K)
[7.588s][info][gc,heap        ] GC(123) ParOldGen: 1072138K(1073664K)->1073579K(1192960K)
[7.588s][info][gc,metaspace   ] GC(123) Metaspace: 6301K(6464K)->6301K(6464K) NonClass: 5768K(5824K)->5768K(5824K) Class: 533K(640K)->533K(640K)
[7.588s][info][gc             ] GC(123) Pause Full (Ergonomics) 1081M->1079M(1265M) 354.108ms
[7.588s][info][gc,cpu         ] GC(123) User=2.55s Sys=0.00s Real=0.36s
[7.615s][info][gc,start       ] GC(124) Pause Young (Allocation Failure)
[7.694s][info][gc,heap        ] GC(124) PSYoungGen: 54216K(102400K)->22592K(106496K) Eden: 22528K(22528K)->0K(22528K) From: 31688K(79872K)->22592K(83968K)
[7.695s][info][gc,heap        ] GC(124) ParOldGen: 1073579K(1192960K)->1105787K(1192960K)
[7.695s][info][gc,metaspace   ] GC(124) Metaspace: 6301K(6464K)->6301K(6464K) NonClass: 5768K(5824K)->5768K(5824K) Class: 533K(640K)->533K(640K)
[7.695s][info][gc             ] GC(124) Pause Young (Allocation Failure) 1101M->1101M(1269M) 79.285ms
[7.695s][info][gc,cpu         ] GC(124) User=0.38s Sys=0.14s Real=0.08s
[7.719s][info][gc,start       ] GC(125) Pause Young (Allocation Failure)
[7.752s][info][gc,heap        ] GC(125) PSYoungGen: 45120K(106496K)->22688K(103936K) Eden: 22528K(22528K)->0K(25088K) From: 22592K(83968K)->22688K(78848K)
[7.752s][info][gc,heap        ] GC(125) ParOldGen: 1105787K(1192960K)->1128659K(1192960K)
[7.752s][info][gc,metaspace   ] GC(125) Metaspace: 6301K(6464K)->6301K(6464K) NonClass: 5768K(5824K)->5768K(5824K) Class: 533K(640K)->533K(640K)
[7.752s][info][gc             ] GC(125) Pause Young (Allocation Failure) 1123M->1124M(1266M) 33.280ms
[7.752s][info][gc,cpu         ] GC(125) User=0.05s Sys=0.09s Real=0.03s
[7.782s][info][gc,start       ] GC(126) Pause Young (Allocation Failure)
[7.815s][info][gc,heap        ] GC(126) PSYoungGen: 47776K(103936K)->25248K(105984K) Eden: 25088K(25088K)->0K(25088K) From: 22688K(78848K)->25248K(80896K)
[7.815s][info][gc,heap        ] GC(126) ParOldGen: 1128659K(1192960K)->1151539K(1192960K)
[7.815s][info][gc,metaspace   ] GC(126) Metaspace: 6301K(6464K)->6301K(6464K) NonClass: 5768K(5824K)->5768K(5824K) Class: 533K(640K)->533K(640K)
[7.815s][info][gc             ] GC(126) Pause Young (Allocation Failure) 1148M->1149M(1268M) 33.755ms
[7.815s][info][gc,cpu         ] GC(126) User=0.05s Sys=0.09s Real=0.03s
[7.815s][info][gc,start       ] GC(127) Pause Full (Ergonomics)
[7.815s][info][gc,phases,start] GC(127) Marking Phase
[8.090s][info][gc,phases      ] GC(127) Marking Phase 274.819ms
[8.090s][info][gc,phases,start] GC(127) Summary Phase
[8.090s][info][gc,phases      ] GC(127) Summary Phase 0.060ms
[8.090s][info][gc,phases,start] GC(127) Adjust Roots
[8.091s][info][gc,phases      ] GC(127) Adjust Roots 0.287ms
[8.091s][info][gc,phases,start] GC(127) Compaction Phase
[8.189s][info][gc,phases      ] GC(127) Compaction Phase 98.259ms
[8.189s][info][gc,phases,start] GC(127) Post Compact
[8.191s][info][gc,phases      ] GC(127) Post Compact 2.319ms
[8.192s][info][gc,heap        ] GC(127) PSYoungGen: 25248K(105984K)->0K(106496K) Eden: 0K(25088K)->0K(28160K) From: 25248K(80896K)->0K(78336K)
[8.192s][info][gc,heap        ] GC(127) ParOldGen: 1151539K(1192960K)->1175311K(1306624K)
[8.192s][info][gc,metaspace   ] GC(127) Metaspace: 6301K(6464K)->6301K(6464K) NonClass: 5768K(5824K)->5768K(5824K) Class: 533K(640K)->533K(640K)
[8.192s][info][gc             ] GC(127) Pause Full (Ergonomics) 1149M->1147M(1380M) 376.975ms
[8.192s][info][gc,cpu         ] GC(127) User=2.72s Sys=0.03s Real=0.38s
[8.228s][info][gc,start       ] GC(128) Pause Young (Allocation Failure)
[8.246s][info][gc,heap        ] GC(128) PSYoungGen: 28160K(106496K)->28320K(56832K) Eden: 28160K(28160K)->0K(28160K) From: 0K(78336K)->28320K(28672K)
[8.246s][info][gc,heap        ] GC(128) ParOldGen: 1175311K(1306624K)->1175311K(1306624K)
[8.246s][info][gc,metaspace   ] GC(128) Metaspace: 6301K(6464K)->6301K(6464K) NonClass: 5768K(5824K)->5768K(5824K) Class: 533K(640K)->533K(640K)
[8.246s][info][gc             ] GC(128) Pause Young (Allocation Failure) 1175M->1175M(1331M) 18.671ms
[8.246s][info][gc,cpu         ] GC(128) User=0.06s Sys=0.00s Real=0.02s
[8.282s][info][gc,start       ] GC(129) Pause Young (Allocation Failure)
[8.313s][info][gc,heap        ] GC(129) PSYoungGen: 56480K(56832K)->56512K(101888K) Eden: 28160K(28160K)->0K(26624K) From: 28320K(28672K)->56512K(75264K)
[8.313s][info][gc,heap        ] GC(129) ParOldGen: 1175311K(1306624K)->1175311K(1306624K)
[8.313s][info][gc,metaspace   ] GC(129) Metaspace: 6301K(6464K)->6301K(6464K) NonClass: 5768K(5824K)->5768K(5824K) Class: 533K(640K)->533K(640K)
[8.313s][info][gc             ] GC(129) Pause Young (Allocation Failure) 1202M->1202M(1375M) 31.593ms
[8.314s][info][gc,cpu         ] GC(129) User=0.14s Sys=0.00s Real=0.03s
[8.344s][info][gc,start       ] GC(130) Pause Young (Allocation Failure)
[8.387s][info][gc,heap        ] GC(130) PSYoungGen: 83136K(101888K)->79360K(105984K) Eden: 26624K(26624K)->0K(26624K) From: 56512K(75264K)->79360K(79360K)
[8.387s][info][gc,heap        ] GC(130) ParOldGen: 1175311K(1306624K)->1179047K(1306624K)
[8.387s][info][gc,metaspace   ] GC(130) Metaspace: 6301K(6464K)->6301K(6464K) NonClass: 5768K(5824K)->5768K(5824K) Class: 533K(640K)->533K(640K)
[8.387s][info][gc             ] GC(130) Pause Young (Allocation Failure) 1228M->1228M(1379M) 43.094ms
[8.387s][info][gc,cpu         ] GC(130) User=0.22s Sys=0.00s Real=0.04s
[8.418s][info][gc,start       ] GC(131) Pause Young (Allocation Failure)
[8.491s][info][gc,heap        ] GC(131) PSYoungGen: 105984K(105984K)->52320K(119808K) Eden: 26624K(26624K)->0K(29696K) From: 79360K(79360K)->52320K(90112K)
[8.491s][info][gc,heap        ] GC(131) ParOldGen: 1179047K(1306624K)->1233583K(1306624K)
[8.491s][info][gc,metaspace   ] GC(131) Metaspace: 6301K(6464K)->6301K(6464K) NonClass: 5768K(5824K)->5768K(5824K) Class: 533K(640K)->533K(640K)
[8.491s][info][gc             ] GC(131) Pause Young (Allocation Failure) 1254M->1255M(1393M) 73.744ms
[8.491s][info][gc,cpu         ] GC(131) User=0.39s Sys=0.22s Real=0.07s
[8.525s][info][gc,start       ] GC(132) Pause Young (Allocation Failure)
[8.571s][info][gc,heap        ] GC(132) PSYoungGen: 82016K(119808K)->50112K(120832K) Eden: 29696K(29696K)->0K(29696K) From: 52320K(90112K)->50112K(91136K)
[8.571s][info][gc,heap        ] GC(132) ParOldGen: 1233583K(1306624K)->1259479K(1306624K)
[8.571s][info][gc,metaspace   ] GC(132) Metaspace: 6301K(6464K)->6301K(6464K) NonClass: 5768K(5824K)->5768K(5824K) Class: 533K(640K)->533K(640K)
[8.571s][info][gc             ] GC(132) Pause Young (Allocation Failure) 1284M->1278M(1394M) 46.384ms
[8.572s][info][gc,cpu         ] GC(132) User=0.22s Sys=0.03s Real=0.05s
[8.572s][info][gc,start       ] GC(133) Pause Full (Ergonomics)
[8.572s][info][gc,phases,start] GC(133) Marking Phase
[8.867s][info][gc,phases      ] GC(133) Marking Phase 295.915ms
[8.868s][info][gc,phases,start] GC(133) Summary Phase
[8.868s][info][gc,phases      ] GC(133) Summary Phase 0.029ms
[8.868s][info][gc,phases,start] GC(133) Adjust Roots
[8.868s][info][gc,phases      ] GC(133) Adjust Roots 0.318ms
[8.868s][info][gc,phases,start] GC(133) Compaction Phase
[9.221s][info][gc,phases      ] GC(133) Compaction Phase 352.845ms
[9.221s][info][gc,phases,start] GC(133) Post Compact
[9.224s][info][gc,phases      ] GC(133) Post Compact 2.860ms
[9.225s][info][gc,heap        ] GC(133) PSYoungGen: 50112K(120832K)->1840K(120832K) Eden: 0K(29696K)->0K(29696K) From: 50112K(91136K)->1840K(91136K)
[9.225s][info][gc,heap        ] GC(133) ParOldGen: 1259479K(1306624K)->1306188K(1456128K)
[9.225s][info][gc,metaspace   ] GC(133) Metaspace: 6301K(6464K)->6301K(6464K) NonClass: 5768K(5824K)->5768K(5824K) Class: 533K(640K)->533K(640K)
[9.225s][info][gc             ] GC(133) Pause Full (Ergonomics) 1278M->1277M(1540M) 653.627ms
[9.225s][info][gc,cpu         ] GC(133) User=4.41s Sys=0.08s Real=0.65s
[9.253s][info][gc,start       ] GC(134) Pause Young (Allocation Failure)
[9.324s][info][gc,heap        ] GC(134) PSYoungGen: 31536K(120832K)->18880K(120320K) Eden: 29696K(29696K)->0K(32768K) From: 1840K(91136K)->18880K(87552K)
[9.324s][info][gc,heap        ] GC(134) ParOldGen: 1306188K(1456128K)->1307132K(1456128K)
[9.324s][info][gc,metaspace   ] GC(134) Metaspace: 6301K(6464K)->6301K(6464K) NonClass: 5768K(5824K)->5768K(5824K) Class: 533K(640K)->533K(640K)
[9.324s][info][gc             ] GC(134) Pause Young (Allocation Failure) 1306M->1294M(1539M) 71.370ms
[9.324s][info][gc,cpu         ] GC(134) User=0.38s Sys=0.00s Real=0.07s
[9.366s][info][gc,start       ] GC(135) Pause Young (Allocation Failure)
[9.398s][info][gc,heap        ] GC(135) PSYoungGen: 51648K(120320K)->51648K(121344K) Eden: 32768K(32768K)->0K(32768K) From: 18880K(87552K)->51648K(88576K)
[9.398s][info][gc,heap        ] GC(135) ParOldGen: 1307132K(1456128K)->1307132K(1456128K)
[9.398s][info][gc,metaspace   ] GC(135) Metaspace: 6301K(6464K)->6301K(6464K) NonClass: 5768K(5824K)->5768K(5824K) Class: 533K(640K)->533K(640K)
[9.398s][info][gc             ] GC(135) Pause Young (Allocation Failure) 1326M->1326M(1540M) 32.585ms
[9.398s][info][gc,cpu         ] GC(135) User=0.14s Sys=0.00s Real=0.03s
[9.439s][info][gc,start       ] GC(136) Pause Young (Allocation Failure)
[9.494s][info][gc,heap        ] GC(136) PSYoungGen: 84416K(121344K)->84480K(112640K) Eden: 32768K(32768K)->0K(24576K) From: 51648K(88576K)->84480K(88064K)
[9.494s][info][gc,heap        ] GC(136) ParOldGen: 1307132K(1456128K)->1307132K(1456128K)
[9.494s][info][gc,metaspace   ] GC(136) Metaspace: 6301K(6464K)->6301K(6464K) NonClass: 5768K(5824K)->5768K(5824K) Class: 533K(640K)->533K(640K)
[9.494s][info][gc             ] GC(136) Pause Young (Allocation Failure) 1358M->1358M(1532M) 55.078ms
[9.494s][info][gc,cpu         ] GC(136) User=0.20s Sys=0.06s Real=0.06s
[9.808s][info][gc,start       ] GC(137) Pause Young (Allocation Failure)
[9.895s][info][gc,heap        ] GC(137) PSYoungGen: 109056K(112640K)->99328K(123904K) Eden: 24576K(24576K)->0K(24576K) From: 84480K(88064K)->99328K(99328K)
[9.895s][info][gc,heap        ] GC(137) ParOldGen: 1372668K(1456128K)->1382468K(1456128K)
[9.895s][info][gc,metaspace   ] GC(137) Metaspace: 6301K(6464K)->6301K(6464K) NonClass: 5768K(5824K)->5768K(5824K) Class: 533K(640K)->533K(640K)
[9.895s][info][gc             ] GC(137) Pause Young (Allocation Failure) 1446M->1447M(1543M) 86.919ms
[9.895s][info][gc,cpu         ] GC(137) User=0.58s Sys=0.06s Real=0.09s
[9.919s][info][gc,start       ] GC(138) Pause Young (Allocation Failure)
[10.000s][info][gc,heap        ] GC(138) PSYoungGen: 123904K(123904K)->106656K(131072K) Eden: 24576K(24576K)->0K(13824K) From: 99328K(99328K)->106656K(117248K)
[10.000s][info][gc,heap        ] GC(138) ParOldGen: 1382468K(1456128K)->1400108K(1456128K)
[10.000s][info][gc,metaspace   ] GC(138) Metaspace: 6301K(6464K)->6301K(6464K) NonClass: 5768K(5824K)->5768K(5824K) Class: 533K(640K)->533K(640K)
[10.000s][info][gc             ] GC(138) Pause Young (Allocation Failure) 1471M->1471M(1550M) 80.888ms
[10.000s][info][gc,cpu         ] GC(138) User=0.33s Sys=0.20s Real=0.08s
[10.013s][info][gc,start       ] GC(139) Pause Young (Allocation Failure)
[10.070s][info][gc,heap        ] GC(139) PSYoungGen: 120480K(131072K)->120480K(144384K) Eden: 13824K(13824K)->0K(13824K) From: 106656K(117248K)->120480K(130560K)
[10.070s][info][gc,heap        ] GC(139) ParOldGen: 1400108K(1456128K)->1400108K(1456128K)
[10.070s][info][gc,metaspace   ] GC(139) Metaspace: 6301K(6464K)->6301K(6464K) NonClass: 5768K(5824K)->5768K(5824K) Class: 533K(640K)->533K(640K)
[10.070s][info][gc             ] GC(139) Pause Young (Allocation Failure) 1484M->1484M(1563M) 56.938ms
[10.070s][info][gc,cpu         ] GC(139) User=0.36s Sys=0.00s Real=0.06s
[10.083s][info][gc,start       ] GC(140) Pause Young (Allocation Failure)
[10.170s][info][gc,heap        ] GC(140) PSYoungGen: 134304K(144384K)->103232K(156160K) Eden: 13824K(13824K)->0K(9728K) From: 120480K(130560K)->103232K(146432K)
[10.170s][info][gc,heap        ] GC(140) ParOldGen: 1400108K(1456128K)->1431596K(1456128K)
[10.170s][info][gc,metaspace   ] GC(140) Metaspace: 6301K(6464K)->6301K(6464K) NonClass: 5768K(5824K)->5768K(5824K) Class: 533K(640K)->533K(640K)
[10.170s][info][gc             ] GC(140) Pause Young (Allocation Failure) 1498M->1498M(1574M) 87.173ms
[10.170s][info][gc,cpu         ] GC(140) User=0.45s Sys=0.11s Real=0.09s
[10.170s][info][gc,start       ] GC(141) Pause Full (Ergonomics)
[10.170s][info][gc,phases,start] GC(141) Marking Phase
[10.518s][info][gc,phases      ] GC(141) Marking Phase 347.938ms
[10.518s][info][gc,phases,start] GC(141) Summary Phase
[10.518s][info][gc,phases      ] GC(141) Summary Phase 0.053ms
[10.518s][info][gc,phases,start] GC(141) Adjust Roots
[10.518s][info][gc,phases      ] GC(141) Adjust Roots 0.267ms
[10.518s][info][gc,phases,start] GC(141) Compaction Phase
[10.773s][info][gc,phases      ] GC(141) Compaction Phase 254.456ms
[10.773s][info][gc,phases,start] GC(141) Post Compact
[10.776s][info][gc,phases      ] GC(141) Post Compact 3.630ms
[10.778s][info][gc,heap        ] GC(141) PSYoungGen: 103232K(156160K)->44628K(156160K) Eden: 0K(9728K)->0K(9728K) From: 103232K(146432K)->44628K(146432K)
[10.778s][info][gc,heap        ] GC(141) ParOldGen: 1431596K(1456128K)->1456061K(1611776K)
[10.778s][info][gc,metaspace   ] GC(141) Metaspace: 6301K(6464K)->6301K(6464K) NonClass: 5768K(5824K)->5768K(5824K) Class: 533K(640K)->533K(640K)
[10.778s][info][gc             ] GC(141) Pause Full (Ergonomics) 1498M->1465M(1726M) 608.045ms
[10.778s][info][gc,cpu         ] GC(141) User=3.70s Sys=0.08s Real=0.61s
[10.789s][info][gc,start       ] GC(142) Pause Young (Allocation Failure)
[10.882s][info][gc,heap        ] GC(142) PSYoungGen: 54356K(156160K)->33152K(43008K) Eden: 9728K(9728K)->0K(9728K) From: 44628K(146432K)->33152K(33280K)
[10.882s][info][gc,heap        ] GC(142) ParOldGen: 1456061K(1611776K)->1477733K(1611776K)
[10.882s][info][gc,metaspace   ] GC(142) Metaspace: 6301K(6464K)->6301K(6464K) NonClass: 5768K(5824K)->5768K(5824K) Class: 533K(640K)->533K(640K)
[10.882s][info][gc             ] GC(142) Pause Young (Allocation Failure) 1475M->1475M(1616M) 93.547ms
[10.882s][info][gc,cpu         ] GC(142) User=0.47s Sys=0.05s Real=0.09s
[10.891s][info][gc,start       ] GC(143) Pause Young (Allocation Failure)
[10.922s][info][gc,heap        ] GC(143) PSYoungGen: 42880K(43008K)->30496K(155648K) Eden: 9728K(9728K)->0K(11264K) From: 33152K(33280K)->30496K(144384K)
[10.922s][info][gc,heap        ] GC(143) ParOldGen: 1477733K(1611776K)->1490357K(1611776K)
[10.922s][info][gc,metaspace   ] GC(143) Metaspace: 6301K(6464K)->6301K(6464K) NonClass: 5768K(5824K)->5768K(5824K) Class: 533K(640K)->533K(640K)
[10.922s][info][gc             ] GC(143) Pause Young (Allocation Failure) 1484M->1485M(1726M) 30.953ms
[10.922s][info][gc,cpu         ] GC(143) User=0.02s Sys=0.02s Real=0.03s
[10.933s][info][gc,start       ] GC(144) Pause Young (Allocation Failure)
[10.962s][info][gc,heap        ] GC(144) PSYoungGen: 41760K(155648K)->30848K(42496K) Eden: 11264K(11264K)->0K(11264K) From: 30496K(144384K)->30848K(31232K)
[10.962s][info][gc,heap        ] GC(144) ParOldGen: 1490357K(1611776K)->1501429K(1611776K)
[10.962s][info][gc,metaspace   ] GC(144) Metaspace: 6301K(6464K)->6301K(6464K) NonClass: 5768K(5824K)->5768K(5824K) Class: 533K(640K)->533K(640K)
[10.962s][info][gc             ] GC(144) Pause Young (Allocation Failure) 1496M->1496M(1615M) 28.834ms
[10.962s][info][gc,cpu         ] GC(144) User=0.05s Sys=0.02s Real=0.03s
[10.973s][info][gc,start       ] GC(145) Pause Young (Allocation Failure)
[11.005s][info][gc,heap        ] GC(145) PSYoungGen: 42112K(42496K)->22656K(153088K) Eden: 11264K(11264K)->0K(13312K) From: 30848K(31232K)->22656K(139776K)
[11.005s][info][gc,heap        ] GC(145) ParOldGen: 1501429K(1611776K)->1521157K(1611776K)
[11.005s][info][gc,metaspace   ] GC(145) Metaspace: 6301K(6464K)->6301K(6464K) NonClass: 5768K(5824K)->5768K(5824K) Class: 533K(640K)->533K(640K)
[11.005s][info][gc             ] GC(145) Pause Young (Allocation Failure) 1507M->1507M(1723M) 31.956ms
[11.005s][info][gc,cpu         ] GC(145) User=0.05s Sys=0.02s Real=0.03s
[11.020s][info][gc,start       ] GC(146) Pause Young (Allocation Failure)
[11.048s][info][gc,heap        ] GC(146) PSYoungGen: 35968K(153088K)->13408K(155136K) Eden: 13312K(13312K)->0K(13312K) From: 22656K(139776K)->13408K(141824K)
[11.048s][info][gc,heap        ] GC(146) ParOldGen: 1521157K(1611776K)->1544005K(1611776K)
[11.049s][info][gc,metaspace   ] GC(146) Metaspace: 6301K(6464K)->6301K(6464K) NonClass: 5768K(5824K)->5768K(5824K) Class: 533K(640K)->533K(640K)
[11.049s][info][gc             ] GC(146) Pause Young (Allocation Failure) 1520M->1520M(1725M) 29.019ms
[11.049s][info][gc,cpu         ] GC(146) User=0.05s Sys=0.08s Real=0.03s
[11.062s][info][gc,start       ] GC(147) Pause Young (Allocation Failure)
[11.088s][info][gc,heap        ] GC(147) PSYoungGen: 26720K(155136K)->13472K(150016K) Eden: 13312K(13312K)->0K(15360K) From: 13408K(141824K)->13472K(134656K)
[11.088s][info][gc,heap        ] GC(147) ParOldGen: 1544005K(1611776K)->1557541K(1611776K)
[11.088s][info][gc,metaspace   ] GC(147) Metaspace: 6301K(6464K)->6301K(6464K) NonClass: 5768K(5824K)->5768K(5824K) Class: 533K(640K)->533K(640K)
[11.088s][info][gc             ] GC(147) Pause Young (Allocation Failure) 1533M->1534M(1720M) 25.517ms
[11.088s][info][gc,cpu         ] GC(147) User=0.02s Sys=0.00s Real=0.02s
[11.103s][info][gc,start       ] GC(148) Pause Young (Allocation Failure)
[11.131s][info][gc,heap        ] GC(148) PSYoungGen: 28832K(150016K)->15488K(31232K) Eden: 15360K(15360K)->0K(15360K) From: 13472K(134656K)->15488K(15872K)
[11.131s][info][gc,heap        ] GC(148) ParOldGen: 1557541K(1611776K)->1571061K(1611776K)
[11.131s][info][gc,metaspace   ] GC(148) Metaspace: 6301K(6464K)->6301K(6464K) NonClass: 5768K(5824K)->5768K(5824K) Class: 533K(640K)->533K(640K)
[11.131s][info][gc             ] GC(148) Pause Young (Allocation Failure) 1549M->1549M(1604M) 27.972ms
[11.131s][info][gc,cpu         ] GC(148) User=0.05s Sys=0.02s Real=0.03s
[11.147s][info][gc,start       ] GC(149) Pause Young (Allocation Failure)
[11.175s][info][gc,heap        ] GC(149) PSYoungGen: 30848K(31232K)->15456K(142848K) Eden: 15360K(15360K)->0K(17408K) From: 15488K(15872K)->15456K(125440K)
[11.175s][info][gc,heap        ] GC(149) ParOldGen: 1571061K(1611776K)->1586669K(1611776K)
[11.175s][info][gc,metaspace   ] GC(149) Metaspace: 6301K(6464K)->6301K(6464K) NonClass: 5768K(5824K)->5768K(5824K) Class: 533K(640K)->533K(640K)
[11.175s][info][gc             ] GC(149) Pause Young (Allocation Failure) 1564M->1564M(1713M) 27.878ms
[11.175s][info][gc,cpu         ] GC(149) User=0.02s Sys=0.03s Real=0.03s
[11.175s][info][gc,start       ] GC(150) Pause Full (Ergonomics)
[11.175s][info][gc,phases,start] GC(150) Marking Phase
[11.535s][info][gc,phases      ] GC(150) Marking Phase 359.793ms
[11.535s][info][gc,phases,start] GC(150) Summary Phase
[11.535s][info][gc,phases      ] GC(150) Summary Phase 0.055ms
[11.535s][info][gc,phases,start] GC(150) Adjust Roots
[11.535s][info][gc,phases      ] GC(150) Adjust Roots 0.278ms
[11.535s][info][gc,phases,start] GC(150) Compaction Phase
[11.700s][info][gc,phases      ] GC(150) Compaction Phase 164.824ms
[11.700s][info][gc,phases,start] GC(150) Post Compact
[11.703s][info][gc,phases      ] GC(150) Post Compact 2.796ms
[11.704s][info][gc,heap        ] GC(150) PSYoungGen: 15456K(142848K)->0K(146944K) Eden: 0K(17408K)->0K(17408K) From: 15456K(125440K)->0K(129536K)
[11.704s][info][gc,heap        ] GC(150) ParOldGen: 1586669K(1611776K)->1599771K(1755648K)
[11.704s][info][gc,metaspace   ] GC(150) Metaspace: 6301K(6464K)->6301K(6464K) NonClass: 5768K(5824K)->5768K(5824K) Class: 533K(640K)->533K(640K)
[11.704s][info][gc             ] GC(150) Pause Full (Ergonomics) 1564M->1562M(1858M) 529.180ms
[11.704s][info][gc,cpu         ] GC(150) User=3.56s Sys=0.05s Real=0.53s
[11.722s][info][gc,start       ] GC(151) Pause Young (Allocation Failure)
[11.743s][info][gc,heap        ] GC(151) PSYoungGen: 17408K(146944K)->17504K(138240K) Eden: 17408K(17408K)->0K(19456K) From: 0K(129536K)->17504K(118784K)
[11.743s][info][gc,heap        ] GC(151) ParOldGen: 1599771K(1755648K)->1599771K(1755648K)
[11.743s][info][gc,metaspace   ] GC(151) Metaspace: 6301K(6464K)->6301K(6464K) NonClass: 5768K(5824K)->5768K(5824K) Class: 533K(640K)->533K(640K)
[11.743s][info][gc             ] GC(151) Pause Young (Allocation Failure) 1579M->1579M(1849M) 20.766ms
[11.743s][info][gc,cpu         ] GC(151) User=0.02s Sys=0.00s Real=0.02s
[11.761s][info][gc,start       ] GC(152) Pause Young (Allocation Failure)
[11.793s][info][gc,heap        ] GC(152) PSYoungGen: 36960K(138240K)->19584K(39424K) Eden: 19456K(19456K)->0K(19456K) From: 17504K(118784K)->19584K(19968K)
[11.793s][info][gc,heap        ] GC(152) ParOldGen: 1599771K(1755648K)->1617451K(1755648K)
[11.793s][info][gc,metaspace   ] GC(152) Metaspace: 6301K(6464K)->6301K(6464K) NonClass: 5768K(5824K)->5768K(5824K) Class: 533K(640K)->533K(640K)
[11.793s][info][gc             ] GC(152) Pause Young (Allocation Failure) 1598M->1598M(1753M) 32.188ms
[11.793s][info][gc,cpu         ] GC(152) User=0.06s Sys=0.00s Real=0.03s
[11.812s][info][gc,start       ] GC(153) Pause Young (Allocation Failure)
[11.841s][info][gc,heap        ] GC(153) PSYoungGen: 39040K(39424K)->19552K(130048K) Eden: 19456K(19456K)->0K(22016K) From: 19584K(19968K)->19552K(108032K)
[11.841s][info][gc,heap        ] GC(153) ParOldGen: 1617451K(1755648K)->1637211K(1755648K)
[11.841s][info][gc,metaspace   ] GC(153) Metaspace: 6301K(6464K)->6301K(6464K) NonClass: 5768K(5824K)->5768K(5824K) Class: 533K(640K)->533K(640K)
[11.841s][info][gc             ] GC(153) Pause Young (Allocation Failure) 1617M->1617M(1841M) 29.091ms
[11.841s][info][gc,cpu         ] GC(153) User=0.03s Sys=0.09s Real=0.03s
[11.863s][info][gc,start       ] GC(154) Pause Young (Allocation Failure)
[11.897s][info][gc,heap        ] GC(154) PSYoungGen: 41568K(130048K)->22176K(44544K) Eden: 22016K(22016K)->0K(22016K) From: 19552K(108032K)->22176K(22528K)
[11.897s][info][gc,heap        ] GC(154) ParOldGen: 1637211K(1755648K)->1656971K(1755648K)
[11.897s][info][gc,metaspace   ] GC(154) Metaspace: 6301K(6464K)->6301K(6464K) NonClass: 5768K(5824K)->5768K(5824K) Class: 533K(640K)->533K(640K)
[11.897s][info][gc             ] GC(154) Pause Young (Allocation Failure) 1639M->1639M(1758M) 33.327ms
[11.897s][info][gc,cpu         ] GC(154) User=0.03s Sys=0.02s Real=0.03s
[11.918s][info][gc,start       ] GC(155) Pause Young (Allocation Failure)
[11.951s][info][gc,heap        ] GC(155) PSYoungGen: 44192K(44544K)->22144K(123392K) Eden: 22016K(22016K)->0K(25088K) From: 22176K(22528K)->22144K(98304K)
[11.951s][info][gc,heap        ] GC(155) ParOldGen: 1656971K(1755648K)->1679339K(1755648K)
[11.951s][info][gc,metaspace   ] GC(155) Metaspace: 6301K(6464K)->6301K(6464K) NonClass: 5768K(5824K)->5768K(5824K) Class: 533K(640K)->533K(640K)
[11.951s][info][gc             ] GC(155) Pause Young (Allocation Failure) 1661M->1661M(1835M) 32.626ms
[11.951s][info][gc,cpu         ] GC(155) User=0.05s Sys=0.09s Real=0.03s
[11.978s][info][gc,start       ] GC(156) Pause Young (Allocation Failure)
[12.012s][info][gc,heap        ] GC(156) PSYoungGen: 47232K(123392K)->25248K(50688K) Eden: 25088K(25088K)->0K(25088K) From: 22144K(98304K)->25248K(25600K)
[12.012s][info][gc,heap        ] GC(156) ParOldGen: 1679339K(1755648K)->1701691K(1755648K)
[12.012s][info][gc,metaspace   ] GC(156) Metaspace: 6301K(6464K)->6301K(6464K) NonClass: 5768K(5824K)->5768K(5824K) Class: 533K(640K)->533K(640K)
[12.012s][info][gc             ] GC(156) Pause Young (Allocation Failure) 1686M->1686M(1764M) 34.953ms
[12.012s][info][gc,cpu         ] GC(156) User=0.05s Sys=0.00s Real=0.04s
[12.041s][info][gc,start       ] GC(157) Pause Young (Allocation Failure)
[12.077s][info][gc,heap        ] GC(157) PSYoungGen: 50336K(50688K)->25248K(114688K) Eden: 25088K(25088K)->0K(28160K) From: 25248K(25600K)->25248K(86528K)
[12.077s][info][gc,heap        ] GC(157) ParOldGen: 1701691K(1755648K)->1727171K(1755648K)
[12.077s][info][gc,metaspace   ] GC(157) Metaspace: 6301K(6464K)->6301K(6464K) NonClass: 5768K(5824K)->5768K(5824K) Class: 533K(640K)->533K(640K)
[12.077s][info][gc             ] GC(157) Pause Young (Allocation Failure) 1710M->1711M(1826M) 35.843ms
[12.077s][info][gc,cpu         ] GC(157) User=0.12s Sys=0.08s Real=0.04s
[12.077s][info][gc,start       ] GC(158) Pause Full (Ergonomics)
[12.077s][info][gc,phases,start] GC(158) Marking Phase
[12.473s][info][gc,phases      ] GC(158) Marking Phase 395.301ms
[12.473s][info][gc,phases,start] GC(158) Summary Phase
[12.473s][info][gc,phases      ] GC(158) Summary Phase 0.097ms
[12.473s][info][gc,phases,start] GC(158) Adjust Roots
[12.473s][info][gc,phases      ] GC(158) Adjust Roots 0.338ms
[12.473s][info][gc,phases,start] GC(158) Compaction Phase
[12.683s][info][gc,phases      ] GC(158) Compaction Phase 210.159ms
[12.684s][info][gc,phases,start] GC(158) Post Compact
[12.688s][info][gc,phases      ] GC(158) Post Compact 3.989ms
[12.689s][info][gc,heap        ] GC(158) PSYoungGen: 25248K(114688K)->0K(119808K) Eden: 0K(28160K)->0K(28160K) From: 25248K(86528K)->0K(91648K)
[12.689s][info][gc,heap        ] GC(158) ParOldGen: 1727171K(1755648K)->1750070K(1921024K)
[12.689s][info][gc,metaspace   ] GC(158) Metaspace: 6301K(6464K)->6301K(6464K) NonClass: 5768K(5824K)->5768K(5824K) Class: 533K(640K)->533K(640K)
[12.689s][info][gc             ] GC(158) Pause Full (Ergonomics) 1711M->1709M(1993M) 611.689ms
[12.689s][info][gc,cpu         ] GC(158) User=3.59s Sys=0.06s Real=0.61s
[12.720s][info][gc,start       ] GC(159) Pause Young (Allocation Failure)
[12.747s][info][gc,heap        ] GC(159) PSYoungGen: 28160K(119808K)->28288K(110080K) Eden: 28160K(28160K)->0K(30720K) From: 0K(91648K)->28288K(79360K)
[12.747s][info][gc,heap        ] GC(159) ParOldGen: 1750070K(1921024K)->1750070K(1921024K)
[12.747s][info][gc,metaspace   ] GC(159) Metaspace: 6301K(6464K)->6301K(6464K) NonClass: 5768K(5824K)->5768K(5824K) Class: 533K(640K)->533K(640K)
[12.747s][info][gc             ] GC(159) Pause Young (Allocation Failure) 1736M->1736M(1983M) 26.506ms
[12.747s][info][gc,cpu         ] GC(159) User=0.05s Sys=0.00s Real=0.03s
[12.780s][info][gc,start       ] GC(160) Pause Young (Allocation Failure)
[12.819s][info][gc,heap        ] GC(160) PSYoungGen: 59008K(110080K)->59104K(116736K) Eden: 30720K(30720K)->0K(30720K) From: 28288K(79360K)->59104K(86016K)
[12.819s][info][gc,heap        ] GC(160) ParOldGen: 1750070K(1921024K)->1750070K(1921024K)
[12.819s][info][gc,metaspace   ] GC(160) Metaspace: 6301K(6464K)->6301K(6464K) NonClass: 5768K(5824K)->5768K(5824K) Class: 533K(640K)->533K(640K)
[12.819s][info][gc             ] GC(160) Pause Young (Allocation Failure) 1766M->1766M(1990M) 39.079ms
[12.819s][info][gc,cpu         ] GC(160) User=0.12s Sys=0.00s Real=0.04s
[12.848s][info][gc,start       ] GC(161) Pause Young (Allocation Failure)
[12.898s][info][gc,heap        ] GC(161) PSYoungGen: 89824K(116736K)->89856K(110080K) Eden: 30720K(30720K)->0K(18944K) From: 59104K(86016K)->89856K(91136K)
[12.898s][info][gc,heap        ] GC(161) ParOldGen: 1750070K(1921024K)->1750070K(1921024K)
[12.898s][info][gc,metaspace   ] GC(161) Metaspace: 6301K(6464K)->6301K(6464K) NonClass: 5768K(5824K)->5768K(5824K) Class: 533K(640K)->533K(640K)
[12.898s][info][gc             ] GC(161) Pause Young (Allocation Failure) 1796M->1796M(1983M) 50.439ms
[12.898s][info][gc,cpu         ] GC(161) User=0.25s Sys=0.00s Real=0.05s
[12.920s][info][gc,start       ] GC(162) Pause Young (Allocation Failure)
[12.974s][info][gc,heap        ] GC(162) PSYoungGen: 108800K(110080K)->105984K(124928K) Eden: 18944K(18944K)->0K(18944K) From: 89856K(91136K)->105984K(105984K)
[12.974s][info][gc,heap        ] GC(162) ParOldGen: 1750070K(1921024K)->1752798K(1921024K)
[12.974s][info][gc,metaspace   ] GC(162) Metaspace: 6301K(6464K)->6301K(6464K) NonClass: 5768K(5824K)->5768K(5824K) Class: 533K(640K)->533K(640K)
[12.974s][info][gc             ] GC(162) Pause Young (Allocation Failure) 1815M->1815M(1998M) 54.880ms
[12.974s][info][gc,cpu         ] GC(162) User=0.31s Sys=0.00s Real=0.05s
[12.995s][info][gc,start       ] GC(163) Pause Young (Allocation Failure)
[13.073s][info][gc,heap        ] GC(163) PSYoungGen: 124928K(124928K)->67072K(146432K) Eden: 18944K(18944K)->0K(21504K) From: 105984K(105984K)->67072K(124928K)
[13.073s][info][gc,heap        ] GC(163) ParOldGen: 1752798K(1921024K)->1811574K(1921024K)
[13.073s][info][gc,metaspace   ] GC(163) Metaspace: 6301K(6464K)->6301K(6464K) NonClass: 5768K(5824K)->5768K(5824K) Class: 533K(640K)->533K(640K)
[13.073s][info][gc             ] GC(163) Pause Young (Allocation Failure) 1833M->1834M(2019M) 78.162ms
[13.074s][info][gc,cpu         ] GC(163) User=0.36s Sys=0.27s Real=0.08s
[13.103s][info][gc,start       ] GC(164) Pause Young (Allocation Failure)
[13.167s][info][gc,heap        ] GC(164) PSYoungGen: 88576K(146432K)->40576K(62464K) Eden: 21504K(21504K)->0K(21504K) From: 67072K(124928K)->40576K(40960K)
[13.168s][info][gc,heap        ] GC(164) ParOldGen: 1811574K(1921024K)->1860222K(1921024K)
[13.168s][info][gc,metaspace   ] GC(164) Metaspace: 6301K(6464K)->6301K(6464K) NonClass: 5768K(5824K)->5768K(5824K) Class: 533K(640K)->533K(640K)
[13.168s][info][gc             ] GC(164) Pause Young (Allocation Failure) 1855M->1856M(1937M) 64.424ms
[13.168s][info][gc,cpu         ] GC(164) User=0.23s Sys=0.14s Real=0.06s
[13.202s][info][gc,start       ] GC(165) Pause Young (Allocation Failure)
[13.258s][info][gc,heap        ] GC(165) PSYoungGen: 62080K(62464K)->21664K(137216K) Eden: 21504K(21504K)->0K(24576K) From: 40576K(40960K)->21664K(112640K)
[13.258s][info][gc,heap        ] GC(165) ParOldGen: 1860222K(1921024K)->1901270K(1921024K)
[13.258s][info][gc,metaspace   ] GC(165) Metaspace: 6301K(6464K)->6301K(6464K) NonClass: 5768K(5824K)->5768K(5824K) Class: 533K(640K)->533K(640K)
[13.258s][info][gc             ] GC(165) Pause Young (Allocation Failure) 1877M->1877M(2010M) 55.357ms
[13.258s][info][gc,cpu         ] GC(165) User=0.16s Sys=0.17s Real=0.06s
[13.258s][info][gc,start       ] GC(166) Pause Full (Ergonomics)
[13.258s][info][gc,phases,start] GC(166) Marking Phase
[13.739s][info][gc,phases      ] GC(166) Marking Phase 480.975ms
[13.739s][info][gc,phases,start] GC(166) Summary Phase
[13.739s][info][gc,phases      ] GC(166) Summary Phase 0.079ms
[13.739s][info][gc,phases,start] GC(166) Adjust Roots
[13.739s][info][gc,phases      ] GC(166) Adjust Roots 0.339ms
[13.739s][info][gc,phases,start] GC(166) Compaction Phase
[13.933s][info][gc,phases      ] GC(166) Compaction Phase 193.667ms
[13.933s][info][gc,phases,start] GC(166) Post Compact
[13.937s][info][gc,phases      ] GC(166) Post Compact 3.806ms
[13.939s][info][gc,heap        ] GC(166) PSYoungGen: 21664K(137216K)->0K(140288K) Eden: 0K(24576K)->0K(24576K) From: 21664K(112640K)->0K(115712K)
[13.939s][info][gc,heap        ] GC(166) ParOldGen: 1901270K(1921024K)->1920345K(2130432K)
[13.939s][info][gc,metaspace   ] GC(166) Metaspace: 6301K(6464K)->6301K(6464K) NonClass: 5768K(5824K)->5768K(5824K) Class: 533K(640K)->533K(640K)
[13.939s][info][gc             ] GC(166) Pause Full (Ergonomics) 1877M->1875M(2217M) 680.950ms
[13.939s][info][gc,cpu         ] GC(166) User=4.28s Sys=0.02s Real=0.68s
[13.966s][info][gc,start       ] GC(167) Pause Young (Allocation Failure)
[13.994s][info][gc,heap        ] GC(167) PSYoungGen: 24576K(140288K)->24768K(134656K) Eden: 24576K(24576K)->0K(27136K) From: 0K(115712K)->24768K(107520K)
[13.994s][info][gc,heap        ] GC(167) ParOldGen: 1920345K(2130432K)->1920345K(2130432K)
[13.994s][info][gc,metaspace   ] GC(167) Metaspace: 6301K(6464K)->6301K(6464K) NonClass: 5768K(5824K)->5768K(5824K) Class: 533K(640K)->533K(640K)
[13.994s][info][gc             ] GC(167) Pause Young (Allocation Failure) 1899M->1899M(2212M) 27.879ms
[13.994s][info][gc,cpu         ] GC(167) User=0.03s Sys=0.00s Real=0.03s
[14.027s][info][gc,start       ] GC(168) Pause Young (Allocation Failure)
[14.063s][info][gc,heap        ] GC(168) PSYoungGen: 51904K(134656K)->51872K(79360K) Eden: 27136K(27136K)->0K(27136K) From: 24768K(107520K)->51872K(52224K)
[14.063s][info][gc,heap        ] GC(168) ParOldGen: 1920345K(2130432K)->1920345K(2130432K)
[14.063s][info][gc,metaspace   ] GC(168) Metaspace: 6301K(6464K)->6301K(6464K) NonClass: 5768K(5824K)->5768K(5824K) Class: 533K(640K)->533K(640K)
[14.063s][info][gc             ] GC(168) Pause Young (Allocation Failure) 1926M->1925M(2158M) 36.359ms
[14.063s][info][gc,cpu         ] GC(168) User=0.09s Sys=0.02s Real=0.04s
[14.096s][info][gc,start       ] GC(169) Pause Young (Allocation Failure)
[14.140s][info][gc,heap        ] GC(169) PSYoungGen: 79008K(79360K)->79072K(132096K) Eden: 27136K(27136K)->0K(23552K) From: 51872K(52224K)->79072K(108544K)
[14.140s][info][gc,heap        ] GC(169) ParOldGen: 1920345K(2130432K)->1920345K(2130432K)
[14.140s][info][gc,metaspace   ] GC(169) Metaspace: 6301K(6464K)->6301K(6464K) NonClass: 5768K(5824K)->5768K(5824K) Class: 533K(640K)->533K(640K)
[14.140s][info][gc             ] GC(169) Pause Young (Allocation Failure) 1952M->1952M(2209M) 44.659ms
[14.140s][info][gc,cpu         ] GC(169) User=0.22s Sys=0.02s Real=0.04s
[14.171s][info][gc,start       ] GC(170) Pause Young (Allocation Failure)
[14.232s][info][gc,heap        ] GC(170) PSYoungGen: 102624K(132096K)->78048K(138752K) Eden: 23552K(23552K)->0K(23552K) From: 79072K(108544K)->78048K(115200K)
[14.232s][info][gc,heap        ] GC(170) ParOldGen: 1920345K(2130432K)->1945297K(2130432K)
[14.232s][info][gc,metaspace   ] GC(170) Metaspace: 6301K(6464K)->6301K(6464K) NonClass: 5768K(5824K)->5768K(5824K) Class: 533K(640K)->533K(640K)
[14.232s][info][gc             ] GC(170) Pause Young (Allocation Failure) 1975M->1975M(2216M) 61.011ms
[14.232s][info][gc,cpu         ] GC(170) User=0.28s Sys=0.09s Real=0.06s
[14.261s][info][gc,start       ] GC(171) Pause Young (Allocation Failure)
[14.322s][info][gc,heap        ] GC(171) PSYoungGen: 101600K(138752K)->74400K(144384K) Eden: 23552K(23552K)->0K(24576K) From: 78048K(115200K)->74400K(119808K)
[14.322s][info][gc,heap        ] GC(171) ParOldGen: 1945297K(2130432K)->1972857K(2130432K)
[14.322s][info][gc,metaspace   ] GC(171) Metaspace: 6301K(6464K)->6301K(6464K) NonClass: 5768K(5824K)->5768K(5824K) Class: 533K(640K)->533K(640K)
[14.322s][info][gc             ] GC(171) Pause Young (Allocation Failure) 1998M->1999M(2221M) 60.681ms
[14.322s][info][gc,cpu         ] GC(171) User=0.30s Sys=0.09s Real=0.06s
[14.350s][info][gc,start       ] GC(172) Pause Young (Allocation Failure)
[14.410s][info][gc,heap        ] GC(172) PSYoungGen: 98976K(144384K)->71840K(146432K) Eden: 24576K(24576K)->0K(24576K) From: 74400K(119808K)->71840K(121856K)
[14.411s][info][gc,heap        ] GC(172) ParOldGen: 1972857K(2130432K)->2000417K(2130432K)
[14.411s][info][gc,metaspace   ] GC(172) Metaspace: 6301K(6464K)->6301K(6464K) NonClass: 5768K(5824K)->5768K(5824K) Class: 533K(640K)->533K(640K)
[14.411s][info][gc             ] GC(172) Pause Young (Allocation Failure) 2023M->2023M(2223M) 60.766ms
[14.411s][info][gc,cpu         ] GC(172) User=0.30s Sys=0.08s Real=0.06s
[14.439s][info][gc,start       ] GC(173) Pause Young (Allocation Failure)
[14.506s][info][gc,heap        ] GC(173) PSYoungGen: 96416K(146432K)->49344K(138752K) Eden: 24576K(24576K)->0K(28160K) From: 71840K(121856K)->49344K(110592K)
[14.506s][info][gc,heap        ] GC(173) ParOldGen: 2000417K(2130432K)->2048201K(2130432K)
[14.506s][info][gc,metaspace   ] GC(173) Metaspace: 6301K(6464K)->6301K(6464K) NonClass: 5768K(5824K)->5768K(5824K) Class: 533K(640K)->533K(640K)
[14.506s][info][gc             ] GC(173) Pause Young (Allocation Failure) 2047M->2048M(2216M) 66.622ms
[14.506s][info][gc,cpu         ] GC(173) User=0.33s Sys=0.06s Real=0.07s
[14.541s][info][gc,start       ] GC(174) Pause Young (Allocation Failure)
[14.599s][info][gc,heap        ] GC(174) PSYoungGen: 77504K(138752K)->28288K(144384K) Eden: 28160K(28160K)->0K(28160K) From: 49344K(110592K)->28288K(116224K)
[14.599s][info][gc,heap        ] GC(174) ParOldGen: 2048201K(2130432K)->2098081K(2130432K)
[14.599s][info][gc,metaspace   ] GC(174) Metaspace: 6301K(6464K)->6301K(6464K) NonClass: 5768K(5824K)->5768K(5824K) Class: 533K(640K)->533K(640K)
[14.599s][info][gc             ] GC(174) Pause Young (Allocation Failure) 2075M->2076M(2221M) 58.505ms
[14.599s][info][gc,cpu         ] GC(174) User=0.16s Sys=0.22s Real=0.06s
[14.599s][info][gc,start       ] GC(175) Pause Full (Ergonomics)
[14.599s][info][gc,phases,start] GC(175) Marking Phase
[15.109s][info][gc,phases      ] GC(175) Marking Phase 509.305ms
[15.109s][info][gc,phases,start] GC(175) Summary Phase
[15.109s][info][gc,phases      ] GC(175) Summary Phase 0.083ms
[15.109s][info][gc,phases,start] GC(175) Adjust Roots
[15.109s][info][gc,phases      ] GC(175) Adjust Roots 0.322ms
[15.109s][info][gc,phases,start] GC(175) Compaction Phase
[15.321s][info][gc,phases      ] GC(175) Compaction Phase 212.367ms
[15.322s][info][gc,phases,start] GC(175) Post Compact
[15.326s][info][gc,phases      ] GC(175) Post Compact 4.168ms
[15.327s][info][gc,heap        ] GC(175) PSYoungGen: 28288K(144384K)->0K(145920K) Eden: 0K(28160K)->0K(31744K) From: 28288K(116224K)->0K(114176K)
[15.327s][info][gc,heap        ] GC(175) ParOldGen: 2098081K(2130432K)->2123365K(2357760K)
[15.327s][info][gc,metaspace   ] GC(175) Metaspace: 6301K(6464K)->6301K(6464K) NonClass: 5768K(5824K)->5768K(5824K) Class: 533K(640K)->533K(640K)
[15.327s][info][gc             ] GC(175) Pause Full (Ergonomics) 2076M->2073M(2445M) 728.173ms
[15.327s][info][gc,cpu         ] GC(175) User=4.86s Sys=0.08s Real=0.73s
[15.364s][info][gc,start       ] GC(176) Pause Young (Allocation Failure)
[15.398s][info][gc,heap        ] GC(176) PSYoungGen: 31744K(145920K)->31904K(145920K) Eden: 31744K(31744K)->0K(31744K) From: 0K(114176K)->31904K(114176K)
[15.398s][info][gc,heap        ] GC(176) ParOldGen: 2123365K(2357760K)->2123365K(2357760K)
[15.398s][info][gc,metaspace   ] GC(176) Metaspace: 6301K(6464K)->6301K(6464K) NonClass: 5768K(5824K)->5768K(5824K) Class: 533K(640K)->533K(640K)
[15.398s][info][gc             ] GC(176) Pause Young (Allocation Failure) 2104M->2104M(2445M) 34.396ms
[15.398s][info][gc,cpu         ] GC(176) User=0.03s Sys=0.02s Real=0.03s
[15.434s][info][gc,start       ] GC(177) Pause Young (Allocation Failure)
[15.472s][info][gc,heap        ] GC(177) PSYoungGen: 63648K(145920K)->63712K(144896K) Eden: 31744K(31744K)->0K(35328K) From: 31904K(114176K)->63712K(109568K)
[15.472s][info][gc,heap        ] GC(177) ParOldGen: 2123365K(2357760K)->2123365K(2357760K)
[15.472s][info][gc,metaspace   ] GC(177) Metaspace: 6301K(6464K)->6301K(6464K) NonClass: 5768K(5824K)->5768K(5824K) Class: 533K(640K)->533K(640K)
[15.472s][info][gc             ] GC(177) Pause Young (Allocation Failure) 2135M->2135M(2444M) 37.723ms
[15.472s][info][gc,cpu         ] GC(177) User=0.17s Sys=0.00s Real=0.04s
[15.518s][info][gc,start       ] GC(178) Pause Young (Allocation Failure)
[15.574s][info][gc,heap        ] GC(178) PSYoungGen: 99040K(144896K)->99072K(145920K) Eden: 35328K(35328K)->0K(35328K) From: 63712K(109568K)->99072K(110592K)
[15.574s][info][gc,heap        ] GC(178) ParOldGen: 2123365K(2357760K)->2123365K(2357760K)
[15.574s][info][gc,metaspace   ] GC(178) Metaspace: 6301K(6464K)->6301K(6464K) NonClass: 5768K(5824K)->5768K(5824K) Class: 533K(640K)->533K(640K)
[15.574s][info][gc             ] GC(178) Pause Young (Allocation Failure) 2170M->2170M(2445M) 56.049ms
[15.574s][info][gc,cpu         ] GC(178) User=0.28s Sys=0.00s Real=0.06s
[15.621s][info][gc,start       ] GC(179) Pause Young (Allocation Failure)
[15.717s][info][gc,heap        ] GC(179) PSYoungGen: 134400K(145920K)->102656K(151040K) Eden: 35328K(35328K)->0K(28672K) From: 99072K(110592K)->102656K(122368K)
[15.717s][info][gc,heap        ] GC(179) ParOldGen: 2123365K(2357760K)->2155589K(2357760K)
[15.717s][info][gc,metaspace   ] GC(179) Metaspace: 6301K(6464K)->6301K(6464K) NonClass: 5768K(5824K)->5768K(5824K) Class: 533K(640K)->533K(640K)
[15.717s][info][gc             ] GC(179) Pause Young (Allocation Failure) 2204M->2205M(2450M) 95.793ms
[15.717s][info][gc,cpu         ] GC(179) User=0.56s Sys=0.16s Real=0.10s
[15.752s][info][gc,start       ] GC(180) Pause Young (Allocation Failure)
[15.830s][info][gc,heap        ] GC(180) PSYoungGen: 131328K(151040K)->99552K(161792K) Eden: 28672K(28672K)->0K(28672K) From: 102656K(122368K)->99552K(133120K)
[15.830s][info][gc,heap        ] GC(180) ParOldGen: 2155589K(2357760K)->2187805K(2357760K)
[15.830s][info][gc,metaspace   ] GC(180) Metaspace: 6301K(6464K)->6301K(6464K) NonClass: 5768K(5824K)->5768K(5824K) Class: 533K(640K)->533K(640K)
[15.830s][info][gc             ] GC(180) Pause Young (Allocation Failure) 2233M->2233M(2460M) 78.086ms
[15.830s][info][gc,cpu         ] GC(180) User=0.33s Sys=0.08s Real=0.08s
[15.865s][info][gc,start       ] GC(181) Pause Young (Allocation Failure)
[15.939s][info][gc,heap        ] GC(181) PSYoungGen: 128224K(161792K)->92928K(169472K) Eden: 28672K(28672K)->0K(29184K) From: 99552K(133120K)->92928K(140288K)
[15.939s][info][gc,heap        ] GC(181) ParOldGen: 2187805K(2357760K)->2223677K(2357760K)
[15.939s][info][gc,metaspace   ] GC(181) Metaspace: 6301K(6464K)->6301K(6464K) NonClass: 5768K(5824K)->5768K(5824K) Class: 533K(640K)->533K(640K)
[15.939s][info][gc             ] GC(181) Pause Young (Allocation Failure) 2261M->2262M(2468M) 73.965ms
[15.939s][info][gc,cpu         ] GC(181) User=0.41s Sys=0.09s Real=0.07s
[15.971s][info][gc,start       ] GC(182) Pause Young (Allocation Failure)
[16.054s][info][gc,heap        ] GC(182) PSYoungGen: 122112K(169472K)->58048K(87552K) Eden: 29184K(29184K)->0K(29184K) From: 92928K(140288K)->58048K(58368K)
[16.054s][info][gc,heap        ] GC(182) ParOldGen: 2223677K(2357760K)->2288373K(2357760K)
[16.054s][info][gc,metaspace   ] GC(182) Metaspace: 6301K(6464K)->6301K(6464K) NonClass: 5768K(5824K)->5768K(5824K) Class: 533K(640K)->533K(640K)
[16.054s][info][gc             ] GC(182) Pause Young (Allocation Failure) 2290M->2291M(2388M) 82.196ms
[16.054s][info][gc,cpu         ] GC(182) User=0.33s Sys=0.19s Real=0.08s
[16.054s][info][gc,start       ] GC(183) Pause Full (Ergonomics)
[16.054s][info][gc,phases,start] GC(183) Marking Phase
[16.584s][info][gc,phases      ] GC(183) Marking Phase 530.522ms
[16.584s][info][gc,phases,start] GC(183) Summary Phase
[16.584s][info][gc,phases      ] GC(183) Summary Phase 0.071ms
[16.584s][info][gc,phases,start] GC(183) Adjust Roots
[16.585s][info][gc,phases      ] GC(183) Adjust Roots 0.233ms
[16.585s][info][gc,phases,start] GC(183) Compaction Phase
[16.800s][info][gc,phases      ] GC(183) Compaction Phase 215.655ms
[16.800s][info][gc,phases,start] GC(183) Post Compact
[16.806s][info][gc,phases      ] GC(183) Post Compact 5.625ms
[16.808s][info][gc,heap        ] GC(183) PSYoungGen: 58048K(87552K)->0K(170496K) Eden: 0K(29184K)->0K(33280K) From: 58048K(58368K)->0K(137216K)
[16.808s][info][gc,heap        ] GC(183) ParOldGen: 2288373K(2357760K)->2343827K(2604544K)
[16.808s][info][gc,metaspace   ] GC(183) Metaspace: 6301K(6464K)->6301K(6464K) NonClass: 5768K(5824K)->5768K(5824K) Class: 533K(640K)->533K(640K)
[16.808s][info][gc             ] GC(183) Pause Full (Ergonomics) 2291M->2288M(2710M) 754.434ms
[16.808s][info][gc,cpu         ] GC(183) User=5.56s Sys=0.09s Real=0.76s
[16.854s][info][gc,start       ] GC(184) Pause Young (Allocation Failure)
[16.886s][info][gc,heap        ] GC(184) PSYoungGen: 33280K(170496K)->33472K(170496K) Eden: 33280K(33280K)->0K(33280K) From: 0K(137216K)->33472K(137216K)
[16.886s][info][gc,heap        ] GC(184) ParOldGen: 2343827K(2604544K)->2343827K(2604544K)
[16.886s][info][gc,metaspace   ] GC(184) Metaspace: 6301K(6464K)->6301K(6464K) NonClass: 5768K(5824K)->5768K(5824K) Class: 533K(640K)->533K(640K)
[16.886s][info][gc             ] GC(184) Pause Young (Allocation Failure) 2321M->2321M(2710M) 31.366ms
[16.886s][info][gc,cpu         ] GC(184) User=0.05s Sys=0.00s Real=0.03s
[16.923s][info][gc,start       ] GC(185) Pause Young (Allocation Failure)
[16.972s][info][gc,heap        ] GC(185) PSYoungGen: 66752K(170496K)->66784K(161280K) Eden: 33280K(33280K)->0K(36864K) From: 33472K(137216K)->66784K(124416K)
[16.972s][info][gc,heap        ] GC(185) ParOldGen: 2343827K(2604544K)->2343827K(2604544K)
[16.972s][info][gc,metaspace   ] GC(185) Metaspace: 6301K(6464K)->6301K(6464K) NonClass: 5768K(5824K)->5768K(5824K) Class: 533K(640K)->533K(640K)
[16.972s][info][gc             ] GC(185) Pause Young (Allocation Failure) 2354M->2354M(2701M) 49.201ms
[16.972s][info][gc,cpu         ] GC(185) User=0.16s Sys=0.00s Real=0.05s
[17.020s][info][gc,start       ] GC(186) Pause Young (Allocation Failure)
[17.083s][info][gc,heap        ] GC(186) PSYoungGen: 103648K(161280K)->70304K(166912K) Eden: 36864K(36864K)->0K(36864K) From: 66784K(124416K)->70304K(130048K)
[17.083s][info][gc,heap        ] GC(186) ParOldGen: 2343827K(2604544K)->2377411K(2604544K)
[17.083s][info][gc,metaspace   ] GC(186) Metaspace: 6301K(6464K)->6301K(6464K) NonClass: 5768K(5824K)->5768K(5824K) Class: 533K(640K)->533K(640K)
[17.083s][info][gc             ] GC(186) Pause Young (Allocation Failure) 2390M->2390M(2706M) 63.123ms
[17.083s][info][gc,cpu         ] GC(186) User=0.27s Sys=0.05s Real=0.06s
[17.129s][info][gc,start       ] GC(187) Pause Young (Allocation Failure)
[17.197s][info][gc,heap        ] GC(187) PSYoungGen: 107168K(166912K)->73920K(162816K) Eden: 36864K(36864K)->0K(41472K) From: 70304K(130048K)->73920K(121344K)
[17.197s][info][gc,heap        ] GC(187) ParOldGen: 2377411K(2604544K)->2410995K(2604544K)
[17.197s][info][gc,metaspace   ] GC(187) Metaspace: 6301K(6464K)->6301K(6464K) NonClass: 5768K(5824K)->5768K(5824K) Class: 533K(640K)->533K(640K)
[17.197s][info][gc             ] GC(187) Pause Young (Allocation Failure) 2426M->2426M(2702M) 67.448ms
[17.197s][info][gc,cpu         ] GC(187) User=0.23s Sys=0.14s Real=0.07s
[17.249s][info][gc,start       ] GC(188) Pause Young (Allocation Failure)
[17.322s][info][gc,heap        ] GC(188) PSYoungGen: 115392K(162816K)->78592K(164864K) Eden: 41472K(41472K)->0K(41472K) From: 73920K(121344K)->78592K(123392K)
[17.322s][info][gc,heap        ] GC(188) ParOldGen: 2410995K(2604544K)->2448195K(2604544K)
[17.322s][info][gc,metaspace   ] GC(188) Metaspace: 6301K(6464K)->6301K(6464K) NonClass: 5768K(5824K)->5768K(5824K) Class: 533K(640K)->533K(640K)
[17.322s][info][gc             ] GC(188) Pause Young (Allocation Failure) 2467M->2467M(2704M) 73.428ms
[17.322s][info][gc,cpu         ] GC(188) User=0.33s Sys=0.17s Real=0.07s
[17.373s][info][gc,start       ] GC(189) Pause Young (Allocation Failure)
[17.450s][info][gc,heap        ] GC(189) PSYoungGen: 120064K(164864K)->83168K(168448K) Eden: 41472K(41472K)->0K(46080K) From: 78592K(123392K)->83168K(122368K)
[17.450s][info][gc,heap        ] GC(189) ParOldGen: 2448195K(2604544K)->2485379K(2604544K)
[17.450s][info][gc,metaspace   ] GC(189) Metaspace: 6301K(6464K)->6301K(6464K) NonClass: 5768K(5824K)->5768K(5824K) Class: 533K(640K)->533K(640K)
[17.450s][info][gc             ] GC(189) Pause Young (Allocation Failure) 2508M->2508M(2708M) 76.690ms
[17.450s][info][gc,cpu         ] GC(189) User=0.42s Sys=0.08s Real=0.08s
[17.507s][info][gc,start       ] GC(190) Pause Young (Allocation Failure)
[17.593s][info][gc,heap        ] GC(190) PSYoungGen: 129248K(168448K)->87808K(168960K) Eden: 46080K(46080K)->0K(46080K) From: 83168K(122368K)->87808K(122880K)
[17.593s][info][gc,heap        ] GC(190) ParOldGen: 2485379K(2604544K)->2527227K(2604544K)
[17.593s][info][gc,metaspace   ] GC(190) Metaspace: 6301K(6464K)->6301K(6464K) NonClass: 5768K(5824K)->5768K(5824K) Class: 533K(640K)->533K(640K)
[17.593s][info][gc             ] GC(190) Pause Young (Allocation Failure) 2553M->2553M(2708M) 86.429ms
[17.594s][info][gc,cpu         ] GC(190) User=0.38s Sys=0.16s Real=0.09s
[17.652s][info][gc,start       ] GC(191) Pause Young (Allocation Failure)
[17.742s][info][gc,heap        ] GC(191) PSYoungGen: 133888K(168960K)->92384K(174080K) Eden: 46080K(46080K)->0K(49152K) From: 87808K(122880K)->92384K(124928K)
[17.742s][info][gc,heap        ] GC(191) ParOldGen: 2527227K(2604544K)->2569075K(2604544K)
[17.742s][info][gc,metaspace   ] GC(191) Metaspace: 6301K(6464K)->6301K(6464K) NonClass: 5768K(5824K)->5768K(5824K) Class: 533K(640K)->533K(640K)
[17.742s][info][gc             ] GC(191) Pause Young (Allocation Failure) 2598M->2599M(2713M) 90.492ms
[17.742s][info][gc,cpu         ] GC(191) User=0.45s Sys=0.19s Real=0.09s
[17.742s][info][gc,start       ] GC(192) Pause Full (Ergonomics)
[17.742s][info][gc,phases,start] GC(192) Marking Phase
[18.370s][info][gc,phases      ] GC(192) Marking Phase 627.595ms
[18.370s][info][gc,phases,start] GC(192) Summary Phase
[18.370s][info][gc,phases      ] GC(192) Summary Phase 0.041ms
[18.370s][info][gc,phases,start] GC(192) Adjust Roots
[18.370s][info][gc,phases      ] GC(192) Adjust Roots 0.220ms
[18.370s][info][gc,phases,start] GC(192) Compaction Phase
[18.620s][info][gc,phases      ] GC(192) Compaction Phase 249.917ms
[18.620s][info][gc,phases,start] GC(192) Post Compact
[18.625s][info][gc,phases      ] GC(192) Post Compact 4.805ms
[18.627s][info][gc,heap        ] GC(192) PSYoungGen: 92384K(174080K)->54787K(174080K) Eden: 0K(49152K)->0K(49152K) From: 92384K(124928K)->54787K(124928K)
[18.627s][info][gc,heap        ] GC(192) ParOldGen: 2569075K(2604544K)->2604185K(2881536K)
[18.627s][info][gc,metaspace   ] GC(192) Metaspace: 6301K(6464K)->6301K(6464K) NonClass: 5768K(5824K)->5768K(5824K) Class: 533K(640K)->533K(640K)
[18.627s][info][gc             ] GC(192) Pause Full (Ergonomics) 2599M->2596M(2984M) 884.619ms
[18.627s][info][gc,cpu         ] GC(192) User=6.36s Sys=0.03s Real=0.88s
[18.691s][info][gc,start       ] GC(193) Pause Young (Allocation Failure)
[18.866s][info][gc,heap        ] GC(193) PSYoungGen: 103939K(174080K)->75360K(176640K) Eden: 49152K(49152K)->0K(49152K) From: 54787K(124928K)->75360K(127488K)
[18.867s][info][gc,heap        ] GC(193) ParOldGen: 2604185K(2881536K)->2633281K(2881536K)
[18.867s][info][gc,metaspace   ] GC(193) Metaspace: 6301K(6464K)->6301K(6464K) NonClass: 5768K(5824K)->5768K(5824K) Class: 533K(640K)->533K(640K)
[18.867s][info][gc             ] GC(193) Pause Young (Allocation Failure) 2644M->2645M(2986M) 175.557ms
[18.867s][info][gc,cpu         ] GC(193) User=1.05s Sys=0.02s Real=0.17s
[18.923s][info][gc,start       ] GC(194) Pause Young (Allocation Failure)
[19.006s][info][gc,heap        ] GC(194) PSYoungGen: 124512K(176640K)->123392K(163328K) Eden: 49152K(49152K)->0K(39936K) From: 75360K(127488K)->123392K(123392K)
[19.006s][info][gc,heap        ] GC(194) ParOldGen: 2633281K(2881536K)->2634425K(2881536K)
[19.006s][info][gc,metaspace   ] GC(194) Metaspace: 6301K(6464K)->6301K(6464K) NonClass: 5768K(5824K)->5768K(5824K) Class: 533K(640K)->533K(640K)
[19.006s][info][gc             ] GC(194) Pause Young (Allocation Failure) 2693M->2693M(2973M) 83.293ms
[19.006s][info][gc,cpu         ] GC(194) User=0.41s Sys=0.08s Real=0.08s
[19.051s][info][gc,start       ] GC(195) Pause Young (Allocation Failure)
[19.172s][info][gc,heap        ] GC(195) PSYoungGen: 163328K(163328K)->89088K(177664K) Eden: 39936K(39936K)->0K(39936K) From: 123392K(123392K)->89088K(137728K)
[19.172s][info][gc,heap        ] GC(195) ParOldGen: 2634425K(2881536K)->2709377K(2881536K)
[19.172s][info][gc,metaspace   ] GC(195) Metaspace: 6301K(6464K)->6301K(6464K) NonClass: 5768K(5824K)->5768K(5824K) Class: 533K(640K)->533K(640K)
[19.172s][info][gc             ] GC(195) Pause Young (Allocation Failure) 2732M->2732M(2987M) 120.906ms
[19.172s][info][gc,cpu         ] GC(195) User=0.59s Sys=0.14s Real=0.12s
[19.221s][info][gc,start       ] GC(196) Pause Young (Allocation Failure)
[19.312s][info][gc,heap        ] GC(196) PSYoungGen: 129024K(177664K)->80064K(171008K) Eden: 39936K(39936K)->0K(45056K) From: 89088K(137728K)->80064K(125952K)
[19.312s][info][gc,heap        ] GC(196) ParOldGen: 2709377K(2881536K)->2758737K(2881536K)
[19.312s][info][gc,metaspace   ] GC(196) Metaspace: 6301K(6464K)->6301K(6464K) NonClass: 5768K(5824K)->5768K(5824K) Class: 533K(640K)->533K(640K)
[19.312s][info][gc             ] GC(196) Pause Young (Allocation Failure) 2771M->2772M(2981M) 90.987ms
[19.312s][info][gc,cpu         ] GC(196) User=0.47s Sys=0.12s Real=0.09s
[19.993s][info][gc,start       ] GC(197) Pause Young (Allocation Failure)
[20.159s][info][gc,heap        ] GC(197) PSYoungGen: 125120K(171008K)->45248K(175616K) Eden: 45056K(45056K)->0K(45056K) From: 80064K(125952K)->45248K(130560K)
[20.159s][info][gc,heap        ] GC(197) ParOldGen: 2889809K(3013120K)->2970361K(3013120K)
[20.159s][info][gc,metaspace   ] GC(197) Metaspace: 6301K(6464K)->6301K(6464K) NonClass: 5768K(5824K)->5768K(5824K) Class: 533K(640K)->533K(640K)
[20.159s][info][gc             ] GC(197) Pause Young (Allocation Failure) 2944M->2944M(3114M) 166.092ms
[20.160s][info][gc,cpu         ] GC(197) User=0.89s Sys=0.38s Real=0.17s
[20.160s][info][gc,start       ] GC(198) Pause Full (Ergonomics)
[20.160s][info][gc,phases,start] GC(198) Marking Phase
[20.846s][info][gc,phases      ] GC(198) Marking Phase 686.188ms
[20.846s][info][gc,phases,start] GC(198) Summary Phase
[20.846s][info][gc,phases      ] GC(198) Summary Phase 0.061ms
[20.846s][info][gc,phases,start] GC(198) Adjust Roots
[20.846s][info][gc,phases      ] GC(198) Adjust Roots 0.257ms
[20.846s][info][gc,phases,start] GC(198) Compaction Phase
[21.345s][info][gc,phases      ] GC(198) Compaction Phase 498.467ms
[21.345s][info][gc,phases,start] GC(198) Post Compact
[21.352s][info][gc,phases      ] GC(198) Post Compact 7.021ms
[21.354s][info][gc,heap        ] GC(198) PSYoungGen: 45248K(175616K)->0K(180736K) Eden: 0K(45056K)->0K(49664K) From: 45248K(130560K)->0K(131072K)
[21.354s][info][gc,heap        ] GC(198) ParOldGen: 2970361K(3013120K)->2947587K(3208704K)
[21.354s][info][gc,metaspace   ] GC(198) Metaspace: 6301K(6464K)->6301K(6464K) NonClass: 5768K(5824K)->5768K(5824K) Class: 533K(640K)->533K(640K)
[21.354s][info][gc             ] GC(198) Pause Full (Ergonomics) 2944M->2878M(3310M) 1194.455ms
[21.354s][info][gc,cpu         ] GC(198) User=7.67s Sys=0.03s Real=1.19s
[21.409s][info][gc,start       ] GC(199) Pause Young (Allocation Failure)
[21.458s][info][gc,heap        ] GC(199) PSYoungGen: 49664K(180736K)->49856K(180736K) Eden: 49664K(49664K)->0K(49664K) From: 0K(131072K)->49856K(131072K)
[21.458s][info][gc,heap        ] GC(199) ParOldGen: 2947587K(3208704K)->2947587K(3208704K)
[21.458s][info][gc,metaspace   ] GC(199) Metaspace: 6301K(6464K)->6301K(6464K) NonClass: 5768K(5824K)->5768K(5824K) Class: 533K(640K)->533K(640K)
[21.458s][info][gc             ] GC(199) Pause Young (Allocation Failure) 2927M->2927M(3310M) 49.199ms
[21.458s][info][gc,cpu         ] GC(199) User=0.16s Sys=0.00s Real=0.05s
[21.506s][info][gc,start       ] GC(200) Pause Young (Allocation Failure)
[21.573s][info][gc,heap        ] GC(200) PSYoungGen: 99520K(180736K)->99552K(180224K) Eden: 49664K(49664K)->0K(50176K) From: 49856K(131072K)->99552K(130048K)
[21.573s][info][gc,heap        ] GC(200) ParOldGen: 2947587K(3208704K)->2947587K(3208704K)
[21.573s][info][gc,metaspace   ] GC(200) Metaspace: 6301K(6464K)->6301K(6464K) NonClass: 5768K(5824K)->5768K(5824K) Class: 533K(640K)->533K(640K)
[21.573s][info][gc             ] GC(200) Pause Young (Allocation Failure) 2975M->2975M(3309M) 67.042ms
[21.573s][info][gc,cpu         ] GC(200) User=0.16s Sys=0.00s Real=0.07s
[21.621s][info][gc,start       ] GC(201) Pause Young (Allocation Failure)
[21.706s][info][gc,heap        ] GC(201) PSYoungGen: 149728K(180224K)->134144K(184320K) Eden: 50176K(50176K)->0K(50176K) From: 99552K(130048K)->134144K(134144K)
[21.706s][info][gc,heap        ] GC(201) ParOldGen: 2947587K(3208704K)->2963315K(3208704K)
[21.706s][info][gc,metaspace   ] GC(201) Metaspace: 6301K(6464K)->6301K(6464K) NonClass: 5768K(5824K)->5768K(5824K) Class: 533K(640K)->533K(640K)
[21.706s][info][gc             ] GC(201) Pause Young (Allocation Failure) 3024M->3024M(3313M) 85.113ms
[21.706s][info][gc,cpu         ] GC(201) User=0.28s Sys=0.00s Real=0.09s
[21.756s][info][gc,start       ] GC(202) Pause Young (Allocation Failure)
[21.889s][info][gc,heap        ] GC(202) PSYoungGen: 184320K(184320K)->100672K(210944K) Eden: 50176K(50176K)->0K(55808K) From: 134144K(134144K)->100672K(155136K)
[21.889s][info][gc,heap        ] GC(202) ParOldGen: 2963315K(3208704K)->3047803K(3208704K)
[21.889s][info][gc,metaspace   ] GC(202) Metaspace: 6301K(6464K)->6301K(6464K) NonClass: 5768K(5824K)->5768K(5824K) Class: 533K(640K)->533K(640K)
[21.889s][info][gc             ] GC(202) Pause Young (Allocation Failure) 3073M->3074M(3339M) 133.712ms
[21.889s][info][gc,cpu         ] GC(202) User=0.59s Sys=0.39s Real=0.13s
[21.953s][info][gc,start       ] GC(203) Pause Young (Allocation Failure)
[22.055s][info][gc,heap        ] GC(203) PSYoungGen: 156480K(210944K)->106272K(210944K) Eden: 55808K(55808K)->0K(55808K) From: 100672K(155136K)->106272K(155136K)
[22.055s][info][gc,heap        ] GC(203) ParOldGen: 3047803K(3208704K)->3098435K(3208704K)
[22.055s][info][gc,metaspace   ] GC(203) Metaspace: 6301K(6464K)->6301K(6464K) NonClass: 5768K(5824K)->5768K(5824K) Class: 533K(640K)->533K(640K)
[22.055s][info][gc             ] GC(203) Pause Young (Allocation Failure) 3129M->3129M(3339M) 101.916ms
[22.055s][info][gc,cpu         ] GC(203) User=0.47s Sys=0.22s Real=0.10s
[22.114s][info][gc,start       ] GC(204) Pause Young (Allocation Failure)
[22.259s][info][gc,heap        ] GC(204) PSYoungGen: 162080K(210944K)->56000K(215552K) Eden: 55808K(55808K)->0K(62976K) From: 106272K(155136K)->56000K(152576K)
[22.259s][info][gc,heap        ] GC(204) ParOldGen: 3098435K(3208704K)->3205331K(3208704K)
[22.259s][info][gc,metaspace   ] GC(204) Metaspace: 6301K(6464K)->6301K(6464K) NonClass: 5768K(5824K)->5768K(5824K) Class: 533K(640K)->533K(640K)
[22.259s][info][gc             ] GC(204) Pause Young (Allocation Failure) 3184M->3184M(3344M) 144.920ms
[22.259s][info][gc,cpu         ] GC(204) User=0.55s Sys=0.36s Real=0.14s
[22.259s][info][gc,start       ] GC(205) Pause Full (Ergonomics)
[22.259s][info][gc,phases,start] GC(205) Marking Phase
[23.019s][info][gc,phases      ] GC(205) Marking Phase 759.649ms
[23.019s][info][gc,phases,start] GC(205) Summary Phase
[23.019s][info][gc,phases      ] GC(205) Summary Phase 0.081ms
[23.019s][info][gc,phases,start] GC(205) Adjust Roots
[23.019s][info][gc,phases      ] GC(205) Adjust Roots 0.343ms
[23.019s][info][gc,phases,start] GC(205) Compaction Phase
[23.722s][info][gc,phases      ] GC(205) Compaction Phase 703.102ms
[23.722s][info][gc,phases,start] GC(205) Post Compact
[23.730s][info][gc,phases      ] GC(205) Post Compact 7.917ms
[23.731s][info][gc,heap        ] GC(205) PSYoungGen: 56000K(215552K)->50154K(217088K) Eden: 0K(62976K)->0K(64512K) From: 56000K(152576K)->50154K(152576K)
[23.731s][info][gc,heap        ] GC(205) ParOldGen: 3205331K(3208704K)->3208545K(3208704K)
[23.731s][info][gc,metaspace   ] GC(205) Metaspace: 6301K(6464K)->6301K(6464K) NonClass: 5768K(5824K)->5768K(5824K) Class: 533K(640K)->533K(640K)
[23.731s][info][gc             ] GC(205) Pause Full (Ergonomics) 3184M->3182M(3345M) 1471.619ms
[23.731s][info][gc,cpu         ] GC(205) User=9.06s Sys=0.03s Real=1.47s
[23.805s][info][gc,start       ] GC(206) Pause Full (Ergonomics)
[23.805s][info][gc,phases,start] GC(206) Marking Phase
[24.612s][info][gc,phases      ] GC(206) Marking Phase 807.007ms
[24.612s][info][gc,phases,start] GC(206) Summary Phase
[24.612s][info][gc,phases      ] GC(206) Summary Phase 0.069ms
[24.612s][info][gc,phases,start] GC(206) Adjust Roots
[24.612s][info][gc,phases      ] GC(206) Adjust Roots 0.337ms
[24.612s][info][gc,phases,start] GC(206) Compaction Phase
[24.960s][info][gc,phases      ] GC(206) Compaction Phase 347.536ms
[24.960s][info][gc,phases,start] GC(206) Post Compact
[24.972s][info][gc,phases      ] GC(206) Post Compact 12.147ms
[24.973s][info][gc,heap        ] GC(206) PSYoungGen: 114666K(217088K)->114636K(217088K) Eden: 64512K(64512K)->64481K(64512K) From: 50154K(152576K)->50154K(152576K)
[24.973s][info][gc,heap        ] GC(206) ParOldGen: 3208545K(3208704K)->3208545K(3208704K)
[24.973s][info][gc,metaspace   ] GC(206) Metaspace: 6301K(6464K)->6301K(6464K) NonClass: 5768K(5824K)->5768K(5824K) Class: 533K(640K)->533K(640K)
[24.973s][info][gc             ] GC(206) Pause Full (Ergonomics) 3245M->3245M(3345M) 1168.051ms
[24.973s][info][gc,cpu         ] GC(206) User=7.41s Sys=0.02s Real=1.17s
[24.973s][info][gc,start       ] GC(207) Pause Full (Ergonomics)
[24.973s][info][gc,phases,start] GC(207) Marking Phase
[25.849s][info][gc,phases      ] GC(207) Marking Phase 875.696ms
[25.849s][info][gc,phases,start] GC(207) Summary Phase
[25.849s][info][gc,phases      ] GC(207) Summary Phase 0.098ms
[25.849s][info][gc,phases,start] GC(207) Adjust Roots
[25.849s][info][gc,phases      ] GC(207) Adjust Roots 0.388ms
[25.850s][info][gc,phases,start] GC(207) Compaction Phase
[26.194s][info][gc,phases      ] GC(207) Compaction Phase 344.258ms
[26.194s][info][gc,phases,start] GC(207) Post Compact
[26.205s][info][gc,phases      ] GC(207) Post Compact 10.851ms
[26.205s][info][gc,heap        ] GC(207) PSYoungGen: 114666K(217088K)->114666K(217088K) Eden: 64512K(64512K)->64511K(64512K) From: 50154K(152576K)->50154K(152576K)
[26.205s][info][gc,heap        ] GC(207) ParOldGen: 3208545K(3208704K)->3208545K(3208704K)
[26.205s][info][gc,metaspace   ] GC(207) Metaspace: 6301K(6464K)->6301K(6464K) NonClass: 5768K(5824K)->5768K(5824K) Class: 533K(640K)->533K(640K)
[26.205s][info][gc             ] GC(207) Pause Full (Ergonomics) 3245M->3245M(3345M) 1231.958ms
[26.205s][info][gc,cpu         ] GC(207) User=6.95s Sys=0.03s Real=1.23s
[26.205s][info][gc,start       ] GC(208) Pause Full (Ergonomics)
[26.205s][info][gc,phases,start] GC(208) Marking Phase
[27.056s][info][gc,phases      ] GC(208) Marking Phase 850.377ms
[27.056s][info][gc,phases,start] GC(208) Summary Phase
[27.056s][info][gc,phases      ] GC(208) Summary Phase 0.064ms
[27.056s][info][gc,phases,start] GC(208) Adjust Roots
[27.056s][info][gc,phases      ] GC(208) Adjust Roots 0.308ms
[27.056s][info][gc,phases,start] GC(208) Compaction Phase
[27.364s][info][gc,phases      ] GC(208) Compaction Phase 307.842ms
[27.364s][info][gc,phases,start] GC(208) Post Compact
[27.373s][info][gc,phases      ] GC(208) Post Compact 8.466ms
[27.373s][info][gc,heap        ] GC(208) PSYoungGen: 114666K(217088K)->114666K(217088K) Eden: 64511K(64512K)->64511K(64512K) From: 50154K(152576K)->50154K(152576K)
[27.373s][info][gc,heap        ] GC(208) ParOldGen: 3208545K(3208704K)->3208545K(3208704K)
[27.373s][info][gc,metaspace   ] GC(208) Metaspace: 6301K(6464K)->6301K(6464K) NonClass: 5768K(5824K)->5768K(5824K) Class: 533K(640K)->533K(640K)
[27.373s][info][gc             ] GC(208) Pause Full (Ergonomics) 3245M->3245M(3345M) 1167.526ms
[27.373s][info][gc,cpu         ] GC(208) User=7.08s Sys=0.00s Real=1.17s
[27.373s][info][gc,start       ] GC(209) Pause Full (Ergonomics)
[27.373s][info][gc,phases,start] GC(209) Marking Phase
[28.222s][info][gc,phases      ] GC(209) Marking Phase 849.259ms
[28.222s][info][gc,phases,start] GC(209) Summary Phase
[28.222s][info][gc,phases      ] GC(209) Summary Phase 0.049ms
[28.222s][info][gc,phases,start] GC(209) Adjust Roots
[28.223s][info][gc,phases      ] GC(209) Adjust Roots 0.240ms
[28.223s][info][gc,phases,start] GC(209) Compaction Phase
[28.523s][info][gc,phases      ] GC(209) Compaction Phase 300.598ms
[28.523s][info][gc,phases,start] GC(209) Post Compact
[28.534s][info][gc,phases      ] GC(209) Post Compact 10.302ms
[28.534s][info][gc,heap        ] GC(209) PSYoungGen: 114666K(217088K)->114666K(217088K) Eden: 64511K(64512K)->64511K(64512K) From: 50154K(152576K)->50154K(152576K)
[28.534s][info][gc,heap        ] GC(209) ParOldGen: 3208550K(3208704K)->3208550K(3208704K)
[28.534s][info][gc,metaspace   ] GC(209) Metaspace: 6301K(6464K)->6301K(6464K) NonClass: 5768K(5824K)->5768K(5824K) Class: 533K(640K)->533K(640K)
[28.534s][info][gc             ] GC(209) Pause Full (Ergonomics) 3245M->3245M(3345M) 1160.868ms
[28.534s][info][gc,cpu         ] GC(209) User=6.78s Sys=0.02s Real=1.16s
[28.534s][info][gc,start       ] GC(210) Pause Full (Ergonomics)
[28.534s][info][gc,phases,start] GC(210) Marking Phase
[29.382s][info][gc,phases      ] GC(210) Marking Phase 848.065ms
[29.382s][info][gc,phases,start] GC(210) Summary Phase
[29.382s][info][gc,phases      ] GC(210) Summary Phase 0.134ms
[29.382s][info][gc,phases,start] GC(210) Adjust Roots
[29.383s][info][gc,phases      ] GC(210) Adjust Roots 0.383ms
[29.383s][info][gc,phases,start] GC(210) Compaction Phase
[29.691s][info][gc,phases      ] GC(210) Compaction Phase 308.265ms
[29.691s][info][gc,phases,start] GC(210) Post Compact
[29.701s][info][gc,phases      ] GC(210) Post Compact 9.731ms
[29.701s][info][gc,heap        ] GC(210) PSYoungGen: 114666K(217088K)->114666K(217088K) Eden: 64511K(64512K)->64511K(64512K) From: 50154K(152576K)->50154K(152576K)
[29.701s][info][gc,heap        ] GC(210) ParOldGen: 3208555K(3208704K)->3208555K(3208704K)
[29.701s][info][gc,metaspace   ] GC(210) Metaspace: 6301K(6464K)->6301K(6464K) NonClass: 5768K(5824K)->5768K(5824K) Class: 533K(640K)->533K(640K)
[29.701s][info][gc             ] GC(210) Pause Full (Ergonomics) 3245M->3245M(3345M) 1167.118ms
[29.701s][info][gc,cpu         ] GC(210) User=7.72s Sys=0.02s Real=1.17s
[29.701s][info][gc,start       ] GC(211) Pause Full (Ergonomics)
[29.701s][info][gc,phases,start] GC(211) Marking Phase
[30.522s][info][gc,phases      ] GC(211) Marking Phase 820.804ms
[30.522s][info][gc,phases,start] GC(211) Summary Phase
[30.522s][info][gc,phases      ] GC(211) Summary Phase 0.084ms
[30.522s][info][gc,phases,start] GC(211) Adjust Roots
[30.523s][info][gc,phases      ] GC(211) Adjust Roots 0.355ms
[30.523s][info][gc,phases,start] GC(211) Compaction Phase
[30.876s][info][gc,phases      ] GC(211) Compaction Phase 353.343ms
[30.876s][info][gc,phases,start] GC(211) Post Compact
[30.886s][info][gc,phases      ] GC(211) Post Compact 9.389ms
[30.886s][info][gc,heap        ] GC(211) PSYoungGen: 114666K(217088K)->114666K(217088K) Eden: 64511K(64512K)->64511K(64512K) From: 50154K(152576K)->50154K(152576K)
[30.886s][info][gc,heap        ] GC(211) ParOldGen: 3208560K(3208704K)->3208560K(3208704K)
[30.886s][info][gc,metaspace   ] GC(211) Metaspace: 6301K(6464K)->6301K(6464K) NonClass: 5768K(5824K)->5768K(5824K) Class: 533K(640K)->533K(640K)
[30.886s][info][gc             ] GC(211) Pause Full (Ergonomics) 3245M->3245M(3345M) 1184.517ms
[30.886s][info][gc,cpu         ] GC(211) User=7.47s Sys=0.00s Real=1.18s
[30.886s][info][gc,start       ] GC(212) Pause Full (Ergonomics)
[30.886s][info][gc,phases,start] GC(212) Marking Phase
[31.791s][info][gc,phases      ] GC(212) Marking Phase 904.809ms
[31.791s][info][gc,phases,start] GC(212) Summary Phase
[31.791s][info][gc,phases      ] GC(212) Summary Phase 0.075ms
[31.791s][info][gc,phases,start] GC(212) Adjust Roots
[31.792s][info][gc,phases      ] GC(212) Adjust Roots 0.366ms
[31.792s][info][gc,phases,start] GC(212) Compaction Phase
[32.126s][info][gc,phases      ] GC(212) Compaction Phase 334.540ms
[32.126s][info][gc,phases,start] GC(212) Post Compact
[32.134s][info][gc,phases      ] GC(212) Post Compact 7.403ms
[32.134s][info][gc,heap        ] GC(212) PSYoungGen: 114666K(217088K)->114666K(217088K) Eden: 64511K(64512K)->64511K(64512K) From: 50154K(152576K)->50154K(152576K)
[32.134s][info][gc,heap        ] GC(212) ParOldGen: 3208564K(3208704K)->3208564K(3208704K)
[32.134s][info][gc,metaspace   ] GC(212) Metaspace: 6301K(6464K)->6301K(6464K) NonClass: 5768K(5824K)->5768K(5824K) Class: 533K(640K)->533K(640K)
[32.134s][info][gc             ] GC(212) Pause Full (Ergonomics) 3245M->3245M(3345M) 1247.811ms
[32.134s][info][gc,cpu         ] GC(212) User=7.78s Sys=0.02s Real=1.25s
[32.134s][info][gc,start       ] GC(213) Pause Full (Ergonomics)
[32.134s][info][gc,phases,start] GC(213) Marking Phase
[33.015s][info][gc,phases      ] GC(213) Marking Phase 880.440ms
[33.015s][info][gc,phases,start] GC(213) Summary Phase
[33.015s][info][gc,phases      ] GC(213) Summary Phase 0.098ms
[33.015s][info][gc,phases,start] GC(213) Adjust Roots
[33.015s][info][gc,phases      ] GC(213) Adjust Roots 0.366ms
[33.016s][info][gc,phases,start] GC(213) Compaction Phase
[33.317s][info][gc,phases      ] GC(213) Compaction Phase 301.667ms
[33.317s][info][gc,phases,start] GC(213) Post Compact
[33.326s][info][gc,phases      ] GC(213) Post Compact 8.407ms
[33.326s][info][gc,heap        ] GC(213) PSYoungGen: 114666K(217088K)->114666K(217088K) Eden: 64511K(64512K)->64511K(64512K) From: 50154K(152576K)->50154K(152576K)
[33.326s][info][gc,heap        ] GC(213) ParOldGen: 3208569K(3208704K)->3208569K(3208704K)
[33.326s][info][gc,metaspace   ] GC(213) Metaspace: 6301K(6464K)->6301K(6464K) NonClass: 5768K(5824K)->5768K(5824K) Class: 533K(640K)->533K(640K)
[33.326s][info][gc             ] GC(213) Pause Full (Ergonomics) 3245M->3245M(3345M) 1191.513ms
[33.326s][info][gc,cpu         ] GC(213) User=7.67s Sys=0.00s Real=1.19s
[33.326s][info][gc,start       ] GC(214) Pause Full (Ergonomics)
[33.326s][info][gc,phases,start] GC(214) Marking Phase
[34.190s][info][gc,phases      ] GC(214) Marking Phase 863.972ms
[34.190s][info][gc,phases,start] GC(214) Summary Phase
[34.190s][info][gc,phases      ] GC(214) Summary Phase 0.081ms
[34.190s][info][gc,phases,start] GC(214) Adjust Roots
[34.191s][info][gc,phases      ] GC(214) Adjust Roots 0.394ms
[34.191s][info][gc,phases,start] GC(214) Compaction Phase
[34.507s][info][gc,phases      ] GC(214) Compaction Phase 316.097ms
[34.507s][info][gc,phases,start] GC(214) Post Compact
[34.516s][info][gc,phases      ] GC(214) Post Compact 9.289ms
[34.516s][info][gc,heap        ] GC(214) PSYoungGen: 114666K(217088K)->114666K(217088K) Eden: 64511K(64512K)->64511K(64512K) From: 50154K(152576K)->50154K(152576K)
[34.516s][info][gc,heap        ] GC(214) ParOldGen: 3208574K(3208704K)->3208574K(3208704K)
[34.516s][info][gc,metaspace   ] GC(214) Metaspace: 6301K(6464K)->6301K(6464K) NonClass: 5768K(5824K)->5768K(5824K) Class: 533K(640K)->533K(640K)
[34.517s][info][gc             ] GC(214) Pause Full (Ergonomics) 3245M->3245M(3345M) 1190.383ms
[34.517s][info][gc,cpu         ] GC(214) User=7.62s Sys=0.02s Real=1.19s
[34.517s][info][gc,start       ] GC(215) Pause Full (Ergonomics)
[34.517s][info][gc,phases,start] GC(215) Marking Phase
[35.339s][info][gc,phases      ] GC(215) Marking Phase 822.431ms
[35.339s][info][gc,phases,start] GC(215) Summary Phase
[35.339s][info][gc,phases      ] GC(215) Summary Phase 0.062ms
[35.339s][info][gc,phases,start] GC(215) Adjust Roots
[35.340s][info][gc,phases      ] GC(215) Adjust Roots 0.210ms
[35.340s][info][gc,phases,start] GC(215) Compaction Phase
[35.636s][info][gc,phases      ] GC(215) Compaction Phase 296.050ms
[35.636s][info][gc,phases,start] GC(215) Post Compact
[35.643s][info][gc,phases      ] GC(215) Post Compact 7.552ms
[35.643s][info][gc,heap        ] GC(215) PSYoungGen: 114666K(217088K)->114666K(217088K) Eden: 64511K(64512K)->64511K(64512K) From: 50154K(152576K)->50154K(152576K)
[35.643s][info][gc,heap        ] GC(215) ParOldGen: 3208579K(3208704K)->3208579K(3208704K)
[35.643s][info][gc,metaspace   ] GC(215) Metaspace: 6301K(6464K)->6301K(6464K) NonClass: 5768K(5824K)->5768K(5824K) Class: 533K(640K)->533K(640K)
[35.644s][info][gc             ] GC(215) Pause Full (Ergonomics) 3245M->3245M(3345M) 1126.736ms
[35.644s][info][gc,cpu         ] GC(215) User=7.30s Sys=0.02s Real=1.13s
[35.644s][info][gc,start       ] GC(216) Pause Full (Ergonomics)
[35.644s][info][gc,phases,start] GC(216) Marking Phase
[36.462s][info][gc,phases      ] GC(216) Marking Phase 818.437ms
[36.462s][info][gc,phases,start] GC(216) Summary Phase
[36.462s][info][gc,phases      ] GC(216) Summary Phase 0.075ms
[36.462s][info][gc,phases,start] GC(216) Adjust Roots
[36.463s][info][gc,phases      ] GC(216) Adjust Roots 0.321ms
[36.463s][info][gc,phases,start] GC(216) Compaction Phase
[36.778s][info][gc,phases      ] GC(216) Compaction Phase 314.788ms
[36.778s][info][gc,phases,start] GC(216) Post Compact
[36.784s][info][gc,phases      ] GC(216) Post Compact 6.483ms
[36.784s][info][gc,heap        ] GC(216) PSYoungGen: 114666K(217088K)->114666K(217088K) Eden: 64511K(64512K)->64511K(64512K) From: 50154K(152576K)->50154K(152576K)
[36.784s][info][gc,heap        ] GC(216) ParOldGen: 3208584K(3208704K)->3208584K(3208704K)
[36.784s][info][gc,metaspace   ] GC(216) Metaspace: 6301K(6464K)->6301K(6464K) NonClass: 5768K(5824K)->5768K(5824K) Class: 533K(640K)->533K(640K)
[36.784s][info][gc             ] GC(216) Pause Full (Ergonomics) 3245M->3245M(3345M) 1140.614ms
[36.784s][info][gc,cpu         ] GC(216) User=7.44s Sys=0.00s Real=1.14s
[36.785s][info][gc,start       ] GC(217) Pause Full (Ergonomics)
[36.785s][info][gc,phases,start] GC(217) Marking Phase
[37.677s][info][gc,phases      ] GC(217) Marking Phase 892.552ms
[37.677s][info][gc,phases,start] GC(217) Summary Phase
[37.678s][info][gc,phases      ] GC(217) Summary Phase 0.172ms
[37.678s][info][gc,phases,start] GC(217) Adjust Roots
[37.678s][info][gc,phases      ] GC(217) Adjust Roots 0.530ms
[37.678s][info][gc,phases,start] GC(217) Compaction Phase
[38.005s][info][gc,phases      ] GC(217) Compaction Phase 326.553ms
[38.005s][info][gc,phases,start] GC(217) Post Compact
[38.015s][info][gc,phases      ] GC(217) Post Compact 10.134ms
[38.015s][info][gc,heap        ] GC(217) PSYoungGen: 114666K(217088K)->114666K(217088K) Eden: 64511K(64512K)->64511K(64512K) From: 50154K(152576K)->50154K(152576K)
[38.015s][info][gc,heap        ] GC(217) ParOldGen: 3208589K(3208704K)->3208589K(3208704K)
[38.015s][info][gc,metaspace   ] GC(217) Metaspace: 6301K(6464K)->6301K(6464K) NonClass: 5768K(5824K)->5768K(5824K) Class: 533K(640K)->533K(640K)
[38.015s][info][gc             ] GC(217) Pause Full (Ergonomics) 3245M->3245M(3345M) 1230.667ms
[38.015s][info][gc,cpu         ] GC(217) User=7.66s Sys=0.00s Real=1.23s
[38.016s][info][gc,start       ] GC(218) Pause Full (Ergonomics)
[38.016s][info][gc,phases,start] GC(218) Marking Phase
[38.889s][info][gc,phases      ] GC(218) Marking Phase 873.041ms
[38.889s][info][gc,phases,start] GC(218) Summary Phase
[38.889s][info][gc,phases      ] GC(218) Summary Phase 0.065ms
[38.889s][info][gc,phases,start] GC(218) Adjust Roots
[38.889s][info][gc,phases      ] GC(218) Adjust Roots 0.264ms
[38.889s][info][gc,phases,start] GC(218) Compaction Phase
[39.226s][info][gc,phases      ] GC(218) Compaction Phase 336.757ms
[39.226s][info][gc,phases,start] GC(218) Post Compact
[39.233s][info][gc,phases      ] GC(218) Post Compact 7.172ms
[39.233s][info][gc,heap        ] GC(218) PSYoungGen: 114666K(217088K)->114666K(217088K) Eden: 64511K(64512K)->64511K(64512K) From: 50154K(152576K)->50154K(152576K)
[39.233s][info][gc,heap        ] GC(218) ParOldGen: 3208593K(3208704K)->3208593K(3208704K)
[39.233s][info][gc,metaspace   ] GC(218) Metaspace: 6301K(6464K)->6301K(6464K) NonClass: 5768K(5824K)->5768K(5824K) Class: 533K(640K)->533K(640K)
[39.233s][info][gc             ] GC(218) Pause Full (Ergonomics) 3245M->3245M(3345M) 1217.742ms
[39.233s][info][gc,cpu         ] GC(218) User=7.69s Sys=0.02s Real=1.22s
[39.233s][info][gc,start       ] GC(219) Pause Full (Ergonomics)
[39.233s][info][gc,phases,start] GC(219) Marking Phase
[40.098s][info][gc,phases      ] GC(219) Marking Phase 864.614ms
[40.098s][info][gc,phases,start] GC(219) Summary Phase
[40.098s][info][gc,phases      ] GC(219) Summary Phase 0.067ms
[40.098s][info][gc,phases,start] GC(219) Adjust Roots
[40.099s][info][gc,phases      ] GC(219) Adjust Roots 0.406ms
[40.099s][info][gc,phases,start] GC(219) Compaction Phase
[40.446s][info][gc,phases      ] GC(219) Compaction Phase 347.138ms
[40.446s][info][gc,phases,start] GC(219) Post Compact
[40.455s][info][gc,phases      ] GC(219) Post Compact 9.039ms
[40.455s][info][gc,heap        ] GC(219) PSYoungGen: 114666K(217088K)->114666K(217088K) Eden: 64511K(64512K)->64511K(64512K) From: 50154K(152576K)->50154K(152576K)
[40.455s][info][gc,heap        ] GC(219) ParOldGen: 3208598K(3208704K)->3208598K(3208704K)
[40.455s][info][gc,metaspace   ] GC(219) Metaspace: 6301K(6464K)->6301K(6464K) NonClass: 5768K(5824K)->5768K(5824K) Class: 533K(640K)->533K(640K)
[40.455s][info][gc             ] GC(219) Pause Full (Ergonomics) 3245M->3245M(3345M) 1221.751ms
[40.455s][info][gc,cpu         ] GC(219) User=7.09s Sys=0.02s Real=1.22s
[40.455s][info][gc,start       ] GC(220) Pause Full (Ergonomics)
[40.455s][info][gc,phases,start] GC(220) Marking Phase
[41.357s][info][gc,phases      ] GC(220) Marking Phase 901.099ms
[41.357s][info][gc,phases,start] GC(220) Summary Phase
[41.357s][info][gc,phases      ] GC(220) Summary Phase 0.100ms
[41.357s][info][gc,phases,start] GC(220) Adjust Roots
[41.357s][info][gc,phases      ] GC(220) Adjust Roots 0.390ms
[41.357s][info][gc,phases,start] GC(220) Compaction Phase
[41.700s][info][gc,phases      ] GC(220) Compaction Phase 343.033ms
[41.700s][info][gc,phases,start] GC(220) Post Compact
[41.708s][info][gc,phases      ] GC(220) Post Compact 7.047ms
[41.708s][info][gc,heap        ] GC(220) PSYoungGen: 114666K(217088K)->114666K(217088K) Eden: 64511K(64512K)->64511K(64512K) From: 50154K(152576K)->50154K(152576K)
[41.708s][info][gc,heap        ] GC(220) ParOldGen: 3208603K(3208704K)->3208603K(3208704K)
[41.708s][info][gc,metaspace   ] GC(220) Metaspace: 6301K(6464K)->6301K(6464K) NonClass: 5768K(5824K)->5768K(5824K) Class: 533K(640K)->533K(640K)
[41.708s][info][gc             ] GC(220) Pause Full (Ergonomics) 3245M->3245M(3345M) 1252.244ms
[41.708s][info][gc,cpu         ] GC(220) User=7.52s Sys=0.00s Real=1.25s
[41.708s][info][gc,start       ] GC(221) Pause Full (Ergonomics)
[41.708s][info][gc,phases,start] GC(221) Marking Phase
[42.587s][info][gc,phases      ] GC(221) Marking Phase 879.405ms
[42.588s][info][gc,phases,start] GC(221) Summary Phase
[42.588s][info][gc,phases      ] GC(221) Summary Phase 0.106ms
[42.588s][info][gc,phases,start] GC(221) Adjust Roots
[42.588s][info][gc,phases      ] GC(221) Adjust Roots 0.361ms
[42.588s][info][gc,phases,start] GC(221) Compaction Phase
[42.915s][info][gc,phases      ] GC(221) Compaction Phase 326.435ms
[42.915s][info][gc,phases,start] GC(221) Post Compact
[42.923s][info][gc,phases      ] GC(221) Post Compact 8.286ms
[42.923s][info][gc,heap        ] GC(221) PSYoungGen: 114666K(217088K)->114666K(217088K) Eden: 64511K(64512K)->64511K(64512K) From: 50154K(152576K)->50154K(152576K)
[42.923s][info][gc,heap        ] GC(221) ParOldGen: 3208608K(3208704K)->3208608K(3208704K)
[42.923s][info][gc,metaspace   ] GC(221) Metaspace: 6301K(6464K)->6301K(6464K) NonClass: 5768K(5824K)->5768K(5824K) Class: 533K(640K)->533K(640K)
[42.923s][info][gc             ] GC(221) Pause Full (Ergonomics) 3245M->3245M(3345M) 1215.107ms
[42.923s][info][gc,cpu         ] GC(221) User=7.80s Sys=0.00s Real=1.21s
[42.923s][info][gc,start       ] GC(222) Pause Full (Ergonomics)
[42.923s][info][gc,phases,start] GC(222) Marking Phase
[43.795s][info][gc,phases      ] GC(222) Marking Phase 872.034ms
[43.795s][info][gc,phases,start] GC(222) Summary Phase
[43.796s][info][gc,phases      ] GC(222) Summary Phase 0.092ms
[43.796s][info][gc,phases,start] GC(222) Adjust Roots
[43.796s][info][gc,phases      ] GC(222) Adjust Roots 0.347ms
[43.796s][info][gc,phases,start] GC(222) Compaction Phase
[44.139s][info][gc,phases      ] GC(222) Compaction Phase 342.767ms
[44.139s][info][gc,phases,start] GC(222) Post Compact
[44.146s][info][gc,phases      ] GC(222) Post Compact 6.814ms
[44.146s][info][gc,heap        ] GC(222) PSYoungGen: 114666K(217088K)->114666K(217088K) Eden: 64511K(64512K)->64511K(64512K) From: 50154K(152576K)->50154K(152576K)
[44.146s][info][gc,heap        ] GC(222) ParOldGen: 3208613K(3208704K)->3208613K(3208704K)
[44.146s][info][gc,metaspace   ] GC(222) Metaspace: 6301K(6464K)->6301K(6464K) NonClass: 5768K(5824K)->5768K(5824K) Class: 533K(640K)->533K(640K)
[44.146s][info][gc             ] GC(222) Pause Full (Ergonomics) 3245M->3245M(3345M) 1222.586ms
[44.146s][info][gc,cpu         ] GC(222) User=7.41s Sys=0.02s Real=1.22s
[44.146s][info][gc,start       ] GC(223) Pause Full (Ergonomics)
[44.146s][info][gc,phases,start] GC(223) Marking Phase
[44.970s][info][gc,phases      ] GC(223) Marking Phase 823.628ms
[44.970s][info][gc,phases,start] GC(223) Summary Phase
[44.970s][info][gc,phases      ] GC(223) Summary Phase 0.069ms
[44.970s][info][gc,phases,start] GC(223) Adjust Roots
[44.970s][info][gc,phases      ] GC(223) Adjust Roots 0.272ms
[44.970s][info][gc,phases,start] GC(223) Compaction Phase
[45.320s][info][gc,phases      ] GC(223) Compaction Phase 349.691ms
[45.320s][info][gc,phases,start] GC(223) Post Compact
[45.327s][info][gc,phases      ] GC(223) Post Compact 7.337ms
[45.328s][info][gc,heap        ] GC(223) PSYoungGen: 114666K(217088K)->114666K(217088K) Eden: 64511K(64512K)->64511K(64512K) From: 50154K(152576K)->50154K(152576K)
[45.328s][info][gc,heap        ] GC(223) ParOldGen: 3208618K(3208704K)->3208618K(3208704K)
[45.328s][info][gc,metaspace   ] GC(223) Metaspace: 6301K(6464K)->6301K(6464K) NonClass: 5768K(5824K)->5768K(5824K) Class: 533K(640K)->533K(640K)
[45.328s][info][gc             ] GC(223) Pause Full (Ergonomics) 3245M->3245M(3345M) 1181.511ms
[45.328s][info][gc,cpu         ] GC(223) User=7.61s Sys=0.03s Real=1.18s
[45.328s][info][gc,start       ] GC(224) Pause Full (Ergonomics)
[45.328s][info][gc,phases,start] GC(224) Marking Phase
[46.105s][info][gc,phases      ] GC(224) Marking Phase 776.890ms
[46.105s][info][gc,phases,start] GC(224) Summary Phase
[46.105s][info][gc,phases      ] GC(224) Summary Phase 0.054ms
[46.105s][info][gc,phases,start] GC(224) Adjust Roots
[46.105s][info][gc,phases      ] GC(224) Adjust Roots 0.226ms
[46.105s][info][gc,phases,start] GC(224) Compaction Phase
[46.410s][info][gc,phases      ] GC(224) Compaction Phase 304.512ms
[46.410s][info][gc,phases,start] GC(224) Post Compact
[46.416s][info][gc,phases      ] GC(224) Post Compact 6.549ms
[46.416s][info][gc,heap        ] GC(224) PSYoungGen: 114666K(217088K)->114666K(217088K) Eden: 64511K(64512K)->64511K(64512K) From: 50154K(152576K)->50154K(152576K)
[46.416s][info][gc,heap        ] GC(224) ParOldGen: 3208622K(3208704K)->3208622K(3208704K)
[46.416s][info][gc,metaspace   ] GC(224) Metaspace: 6301K(6464K)->6301K(6464K) NonClass: 5768K(5824K)->5768K(5824K) Class: 533K(640K)->533K(640K)
[46.416s][info][gc             ] GC(224) Pause Full (Ergonomics) 3245M->3245M(3345M) 1088.625ms
[46.417s][info][gc,cpu         ] GC(224) User=7.39s Sys=0.03s Real=1.09s
[46.417s][info][gc,start       ] GC(225) Pause Full (Ergonomics)
[46.417s][info][gc,phases,start] GC(225) Marking Phase
[47.209s][info][gc,phases      ] GC(225) Marking Phase 792.353ms
[47.209s][info][gc,phases,start] GC(225) Summary Phase
[47.209s][info][gc,phases      ] GC(225) Summary Phase 0.063ms
[47.209s][info][gc,phases,start] GC(225) Adjust Roots
[47.209s][info][gc,phases      ] GC(225) Adjust Roots 0.188ms
[47.209s][info][gc,phases,start] GC(225) Compaction Phase
[47.521s][info][gc,phases      ] GC(225) Compaction Phase 311.472ms
[47.521s][info][gc,phases,start] GC(225) Post Compact
[47.529s][info][gc,phases      ] GC(225) Post Compact 7.869ms
[47.529s][info][gc,heap        ] GC(225) PSYoungGen: 114666K(217088K)->114666K(217088K) Eden: 64511K(64512K)->64511K(64512K) From: 50154K(152576K)->50154K(152576K)
[47.529s][info][gc,heap        ] GC(225) ParOldGen: 3208627K(3208704K)->3208627K(3208704K)
[47.529s][info][gc,metaspace   ] GC(225) Metaspace: 6301K(6464K)->6301K(6464K) NonClass: 5768K(5824K)->5768K(5824K) Class: 533K(640K)->533K(640K)
[47.529s][info][gc             ] GC(225) Pause Full (Ergonomics) 3245M->3245M(3345M) 1112.338ms
[47.529s][info][gc,cpu         ] GC(225) User=7.39s Sys=0.06s Real=1.11s
[47.529s][info][gc,start       ] GC(226) Pause Full (Ergonomics)
[47.529s][info][gc,phases,start] GC(226) Marking Phase
[48.312s][info][gc,phases      ] GC(226) Marking Phase 782.774ms
[48.312s][info][gc,phases,start] GC(226) Summary Phase
[48.312s][info][gc,phases      ] GC(226) Summary Phase 0.061ms
[48.312s][info][gc,phases,start] GC(226) Adjust Roots
[48.312s][info][gc,phases      ] GC(226) Adjust Roots 0.210ms
[48.312s][info][gc,phases,start] GC(226) Compaction Phase
[48.628s][info][gc,phases      ] GC(226) Compaction Phase 315.864ms
[48.628s][info][gc,phases,start] GC(226) Post Compact
[48.636s][info][gc,phases      ] GC(226) Post Compact 7.297ms
[48.636s][info][gc,heap        ] GC(226) PSYoungGen: 114666K(217088K)->114666K(217088K) Eden: 64511K(64512K)->64511K(64512K) From: 50154K(152576K)->50154K(152576K)
[48.636s][info][gc,heap        ] GC(226) ParOldGen: 3208632K(3208704K)->3208632K(3208704K)
[48.636s][info][gc,metaspace   ] GC(226) Metaspace: 6301K(6464K)->6301K(6464K) NonClass: 5768K(5824K)->5768K(5824K) Class: 533K(640K)->533K(640K)
[48.636s][info][gc             ] GC(226) Pause Full (Ergonomics) 3245M->3245M(3345M) 1106.626ms
[48.636s][info][gc,cpu         ] GC(226) User=7.39s Sys=0.00s Real=1.11s
[48.636s][info][gc,start       ] GC(227) Pause Full (Ergonomics)
[48.636s][info][gc,phases,start] GC(227) Marking Phase
[49.441s][info][gc,phases      ] GC(227) Marking Phase 804.459ms
[49.441s][info][gc,phases,start] GC(227) Summary Phase
[49.441s][info][gc,phases      ] GC(227) Summary Phase 0.060ms
[49.441s][info][gc,phases,start] GC(227) Adjust Roots
[49.441s][info][gc,phases      ] GC(227) Adjust Roots 0.190ms
[49.441s][info][gc,phases,start] GC(227) Compaction Phase
[49.755s][info][gc,phases      ] GC(227) Compaction Phase 313.537ms
[49.755s][info][gc,phases,start] GC(227) Post Compact
[49.762s][info][gc,phases      ] GC(227) Post Compact 7.161ms
[49.762s][info][gc,heap        ] GC(227) PSYoungGen: 114666K(217088K)->114666K(217088K) Eden: 64511K(64512K)->64511K(64512K) From: 50154K(152576K)->50154K(152576K)
[49.762s][info][gc,heap        ] GC(227) ParOldGen: 3208637K(3208704K)->3208637K(3208704K)
[49.762s][info][gc,metaspace   ] GC(227) Metaspace: 6301K(6464K)->6301K(6464K) NonClass: 5768K(5824K)->5768K(5824K) Class: 533K(640K)->533K(640K)
[49.762s][info][gc             ] GC(227) Pause Full (Ergonomics) 3245M->3245M(3345M) 1125.835ms
[49.762s][info][gc,cpu         ] GC(227) User=7.75s Sys=0.00s Real=1.13s
[49.762s][info][gc,start       ] GC(228) Pause Full (Ergonomics)
[49.762s][info][gc,phases,start] GC(228) Marking Phase
[50.561s][info][gc,phases      ] GC(228) Marking Phase 798.329ms
[50.561s][info][gc,phases,start] GC(228) Summary Phase
[50.561s][info][gc,phases      ] GC(228) Summary Phase 0.068ms
[50.561s][info][gc,phases,start] GC(228) Adjust Roots
[50.561s][info][gc,phases      ] GC(228) Adjust Roots 0.218ms
[50.561s][info][gc,phases,start] GC(228) Compaction Phase
[50.896s][info][gc,phases      ] GC(228) Compaction Phase 334.930ms
[50.896s][info][gc,phases,start] GC(228) Post Compact
[50.904s][info][gc,phases      ] GC(228) Post Compact 8.278ms
[50.904s][info][gc,heap        ] GC(228) PSYoungGen: 114666K(217088K)->114666K(217088K) Eden: 64511K(64512K)->64511K(64512K) From: 50154K(152576K)->50154K(152576K)
[50.904s][info][gc,heap        ] GC(228) ParOldGen: 3208642K(3208704K)->3208642K(3208704K)
[50.905s][info][gc,metaspace   ] GC(228) Metaspace: 6301K(6464K)->6301K(6464K) NonClass: 5768K(5824K)->5768K(5824K) Class: 533K(640K)->533K(640K)
[50.905s][info][gc             ] GC(228) Pause Full (Ergonomics) 3245M->3245M(3345M) 1142.314ms
[50.905s][info][gc,cpu         ] GC(228) User=7.27s Sys=0.02s Real=1.14s
[50.905s][info][gc,start       ] GC(229) Pause Full (Ergonomics)
[50.905s][info][gc,phases,start] GC(229) Marking Phase
[51.732s][info][gc,phases      ] GC(229) Marking Phase 827.575ms
[51.732s][info][gc,phases,start] GC(229) Summary Phase
[51.732s][info][gc,phases      ] GC(229) Summary Phase 0.043ms
[51.733s][info][gc,phases,start] GC(229) Adjust Roots
[51.733s][info][gc,phases      ] GC(229) Adjust Roots 0.170ms
[51.733s][info][gc,phases,start] GC(229) Compaction Phase
[52.034s][info][gc,phases      ] GC(229) Compaction Phase 301.749ms
[52.035s][info][gc,phases,start] GC(229) Post Compact
[52.042s][info][gc,phases      ] GC(229) Post Compact 7.814ms
[52.042s][info][gc,heap        ] GC(229) PSYoungGen: 114666K(217088K)->114666K(217088K) Eden: 64511K(64512K)->64511K(64512K) From: 50154K(152576K)->50154K(152576K)
[52.042s][info][gc,heap        ] GC(229) ParOldGen: 3208647K(3208704K)->3208647K(3208704K)
[52.042s][info][gc,metaspace   ] GC(229) Metaspace: 6301K(6464K)->6301K(6464K) NonClass: 5768K(5824K)->5768K(5824K) Class: 533K(640K)->533K(640K)
[52.043s][info][gc             ] GC(229) Pause Full (Ergonomics) 3245M->3245M(3345M) 1137.721ms
[52.043s][info][gc,cpu         ] GC(229) User=7.64s Sys=0.00s Real=1.14s
[52.043s][info][gc,start       ] GC(230) Pause Full (Ergonomics)
[52.043s][info][gc,phases,start] GC(230) Marking Phase
[52.857s][info][gc,phases      ] GC(230) Marking Phase 814.551ms
[52.857s][info][gc,phases,start] GC(230) Summary Phase
[52.857s][info][gc,phases      ] GC(230) Summary Phase 0.045ms
[52.857s][info][gc,phases,start] GC(230) Adjust Roots
[52.858s][info][gc,phases      ] GC(230) Adjust Roots 0.174ms
[52.858s][info][gc,phases,start] GC(230) Compaction Phase
[53.185s][info][gc,phases      ] GC(230) Compaction Phase 327.841ms
[53.186s][info][gc,phases,start] GC(230) Post Compact
[53.193s][info][gc,phases      ] GC(230) Post Compact 7.573ms
[53.193s][info][gc,heap        ] GC(230) PSYoungGen: 114666K(217088K)->114666K(217088K) Eden: 64511K(64512K)->64511K(64512K) From: 50154K(152576K)->50154K(152576K)
[53.193s][info][gc,heap        ] GC(230) ParOldGen: 3208651K(3208704K)->3208651K(3208704K)
[53.193s][info][gc,metaspace   ] GC(230) Metaspace: 6301K(6464K)->6301K(6464K) NonClass: 5768K(5824K)->5768K(5824K) Class: 533K(640K)->533K(640K)
[53.193s][info][gc             ] GC(230) Pause Full (Ergonomics) 3245M->3245M(3345M) 1150.544ms
[53.193s][info][gc,cpu         ] GC(230) User=7.75s Sys=0.02s Real=1.15s
[53.193s][info][gc,start       ] GC(231) Pause Full (Ergonomics)
[53.193s][info][gc,phases,start] GC(231) Marking Phase
[53.993s][info][gc,phases      ] GC(231) Marking Phase 799.941ms
[53.993s][info][gc,phases,start] GC(231) Summary Phase
[53.994s][info][gc,phases      ] GC(231) Summary Phase 0.071ms
[53.994s][info][gc,phases,start] GC(231) Adjust Roots
[53.994s][info][gc,phases      ] GC(231) Adjust Roots 0.223ms
[53.994s][info][gc,phases,start] GC(231) Compaction Phase
[54.331s][info][gc,phases      ] GC(231) Compaction Phase 336.988ms
[54.331s][info][gc,phases,start] GC(231) Post Compact
[54.338s][info][gc,phases      ] GC(231) Post Compact 6.913ms
[54.338s][info][gc,heap        ] GC(231) PSYoungGen: 114666K(217088K)->114666K(217088K) Eden: 64511K(64512K)->64511K(64512K) From: 50154K(152576K)->50154K(152576K)
[54.338s][info][gc,heap        ] GC(231) ParOldGen: 3208656K(3208704K)->3208656K(3208704K)
[54.338s][info][gc,metaspace   ] GC(231) Metaspace: 6301K(6464K)->6301K(6464K) NonClass: 5768K(5824K)->5768K(5824K) Class: 533K(640K)->533K(640K)
[54.338s][info][gc             ] GC(231) Pause Full (Ergonomics) 3245M->3245M(3345M) 1144.582ms
[54.338s][info][gc,cpu         ] GC(231) User=7.44s Sys=0.03s Real=1.14s
[54.338s][info][gc,start       ] GC(232) Pause Full (Ergonomics)
[54.338s][info][gc,phases,start] GC(232) Marking Phase
[55.167s][info][gc,phases      ] GC(232) Marking Phase 828.601ms
[55.167s][info][gc,phases,start] GC(232) Summary Phase
[55.167s][info][gc,phases      ] GC(232) Summary Phase 0.070ms
[55.167s][info][gc,phases,start] GC(232) Adjust Roots
[55.167s][info][gc,phases      ] GC(232) Adjust Roots 0.336ms
[55.167s][info][gc,phases,start] GC(232) Compaction Phase
[55.474s][info][gc,phases      ] GC(232) Compaction Phase 306.069ms
[55.474s][info][gc,phases,start] GC(232) Post Compact
[55.481s][info][gc,phases      ] GC(232) Post Compact 7.558ms
[55.481s][info][gc,heap        ] GC(232) PSYoungGen: 114666K(217088K)->114666K(217088K) Eden: 64511K(64512K)->64511K(64512K) From: 50154K(152576K)->50154K(152576K)
[55.481s][info][gc,heap        ] GC(232) ParOldGen: 3208661K(3208704K)->3208661K(3208704K)
[55.481s][info][gc,metaspace   ] GC(232) Metaspace: 6301K(6464K)->6301K(6464K) NonClass: 5768K(5824K)->5768K(5824K) Class: 533K(640K)->533K(640K)
[55.481s][info][gc             ] GC(232) Pause Full (Ergonomics) 3245M->3245M(3345M) 1143.122ms
[55.481s][info][gc,cpu         ] GC(232) User=7.95s Sys=0.00s Real=1.14s
[55.482s][info][gc,start       ] GC(233) Pause Full (Ergonomics)
[55.482s][info][gc,phases,start] GC(233) Marking Phase
[56.304s][info][gc,phases      ] GC(233) Marking Phase 822.365ms
[56.304s][info][gc,phases,start] GC(233) Summary Phase
[56.304s][info][gc,phases      ] GC(233) Summary Phase 0.079ms
[56.304s][info][gc,phases,start] GC(233) Adjust Roots
[56.305s][info][gc,phases      ] GC(233) Adjust Roots 0.312ms
[56.305s][info][gc,phases,start] GC(233) Compaction Phase
[56.642s][info][gc,phases      ] GC(233) Compaction Phase 337.722ms
[56.642s][info][gc,phases,start] GC(233) Post Compact
[56.650s][info][gc,phases      ] GC(233) Post Compact 7.388ms
[56.650s][info][gc,heap        ] GC(233) PSYoungGen: 114666K(217088K)->114666K(217088K) Eden: 64511K(64512K)->64511K(64512K) From: 50154K(152576K)->50154K(152576K)
[56.650s][info][gc,heap        ] GC(233) ParOldGen: 3208666K(3208704K)->3208666K(3208704K)
[56.650s][info][gc,metaspace   ] GC(233) Metaspace: 6301K(6464K)->6301K(6464K) NonClass: 5768K(5824K)->5768K(5824K) Class: 533K(640K)->533K(640K)
[56.650s][info][gc             ] GC(233) Pause Full (Ergonomics) 3245M->3245M(3345M) 1168.300ms
[56.650s][info][gc,cpu         ] GC(233) User=7.80s Sys=0.00s Real=1.17s
[56.650s][info][gc,start       ] GC(234) Pause Full (Ergonomics)
[56.650s][info][gc,phases,start] GC(234) Marking Phase
[57.489s][info][gc,phases      ] GC(234) Marking Phase 838.484ms
[57.489s][info][gc,phases,start] GC(234) Summary Phase
[57.489s][info][gc,phases      ] GC(234) Summary Phase 0.092ms
[57.489s][info][gc,phases,start] GC(234) Adjust Roots
[57.489s][info][gc,phases      ] GC(234) Adjust Roots 0.331ms
[57.489s][info][gc,phases,start] GC(234) Compaction Phase
[57.809s][info][gc,phases      ] GC(234) Compaction Phase 320.019ms
[57.809s][info][gc,phases,start] GC(234) Post Compact
[57.817s][info][gc,phases      ] GC(234) Post Compact 7.321ms
[57.817s][info][gc,heap        ] GC(234) PSYoungGen: 114666K(217088K)->114666K(217088K) Eden: 64511K(64512K)->64511K(64512K) From: 50154K(152576K)->50154K(152576K)
[57.817s][info][gc,heap        ] GC(234) ParOldGen: 3208671K(3208704K)->3208671K(3208704K)
[57.817s][info][gc,metaspace   ] GC(234) Metaspace: 6301K(6464K)->6301K(6464K) NonClass: 5768K(5824K)->5768K(5824K) Class: 533K(640K)->533K(640K)
[57.817s][info][gc             ] GC(234) Pause Full (Ergonomics) 3245M->3245M(3345M) 1166.695ms
[57.817s][info][gc,cpu         ] GC(234) User=7.58s Sys=0.00s Real=1.17s
[57.817s][info][gc,start       ] GC(235) Pause Full (Ergonomics)
[57.817s][info][gc,phases,start] GC(235) Marking Phase
[58.622s][info][gc,phases      ] GC(235) Marking Phase 805.102ms
[58.622s][info][gc,phases,start] GC(235) Summary Phase
[58.622s][info][gc,phases      ] GC(235) Summary Phase 0.064ms
[58.622s][info][gc,phases,start] GC(235) Adjust Roots
[58.623s][info][gc,phases      ] GC(235) Adjust Roots 0.304ms
[58.623s][info][gc,phases,start] GC(235) Compaction Phase
[58.940s][info][gc,phases      ] GC(235) Compaction Phase 317.409ms
[58.940s][info][gc,phases,start] GC(235) Post Compact
[58.947s][info][gc,phases      ] GC(235) Post Compact 7.139ms
[58.948s][info][gc,heap        ] GC(235) PSYoungGen: 114666K(217088K)->114666K(217088K) Eden: 64511K(64512K)->64511K(64512K) From: 50154K(152576K)->50154K(152576K)
[58.948s][info][gc,heap        ] GC(235) ParOldGen: 3208676K(3208704K)->3208676K(3208704K)
[58.948s][info][gc,metaspace   ] GC(235) Metaspace: 6301K(6464K)->6301K(6464K) NonClass: 5768K(5824K)->5768K(5824K) Class: 533K(640K)->533K(640K)
[58.948s][info][gc             ] GC(235) Pause Full (Ergonomics) 3245M->3245M(3345M) 1130.449ms
[58.948s][info][gc,cpu         ] GC(235) User=7.48s Sys=0.00s Real=1.13s
[58.948s][info][gc,start       ] GC(236) Pause Full (Ergonomics)
[58.948s][info][gc,phases,start] GC(236) Marking Phase
[59.764s][info][gc,phases      ] GC(236) Marking Phase 816.575ms
[59.764s][info][gc,phases,start] GC(236) Summary Phase
[59.765s][info][gc,phases      ] GC(236) Summary Phase 0.052ms
[59.765s][info][gc,phases,start] GC(236) Adjust Roots
[59.765s][info][gc,phases      ] GC(236) Adjust Roots 0.266ms
[59.765s][info][gc,phases,start] GC(236) Compaction Phase
[60.084s][info][gc,phases      ] GC(236) Compaction Phase 319.375ms
[60.084s][info][gc,phases,start] GC(236) Post Compact
[60.091s][info][gc,phases      ] GC(236) Post Compact 6.880ms
[60.091s][info][gc,heap        ] GC(236) PSYoungGen: 114666K(217088K)->114666K(217088K) Eden: 64511K(64512K)->64511K(64512K) From: 50154K(152576K)->50154K(152576K)
[60.091s][info][gc,heap        ] GC(236) ParOldGen: 3208680K(3208704K)->3208680K(3208704K)
[60.091s][info][gc,metaspace   ] GC(236) Metaspace: 6301K(6464K)->6301K(6464K) NonClass: 5768K(5824K)->5768K(5824K) Class: 533K(640K)->533K(640K)
[60.091s][info][gc             ] GC(236) Pause Full (Ergonomics) 3245M->3245M(3345M) 1143.515ms
[60.091s][info][gc,cpu         ] GC(236) User=7.84s Sys=0.02s Real=1.14s
[60.092s][info][gc,start       ] GC(237) Pause Full (Ergonomics)
[60.092s][info][gc,phases,start] GC(237) Marking Phase
[60.898s][info][gc,phases      ] GC(237) Marking Phase 806.915ms
[60.899s][info][gc,phases,start] GC(237) Summary Phase
[60.899s][info][gc,phases      ] GC(237) Summary Phase 0.059ms
[60.899s][info][gc,phases,start] GC(237) Adjust Roots
[60.899s][info][gc,phases      ] GC(237) Adjust Roots 0.247ms
[60.899s][info][gc,phases,start] GC(237) Compaction Phase
[61.221s][info][gc,phases      ] GC(237) Compaction Phase 321.911ms
[61.221s][info][gc,phases,start] GC(237) Post Compact
[61.227s][info][gc,phases      ] GC(237) Post Compact 6.492ms
[61.228s][info][gc,heap        ] GC(237) PSYoungGen: 114666K(217088K)->114666K(217088K) Eden: 64511K(64512K)->64511K(64512K) From: 50154K(152576K)->50154K(152576K)
[61.228s][info][gc,heap        ] GC(237) ParOldGen: 3208685K(3208704K)->3208685K(3208704K)
[61.228s][info][gc,metaspace   ] GC(237) Metaspace: 6301K(6464K)->6301K(6464K) NonClass: 5768K(5824K)->5768K(5824K) Class: 533K(640K)->533K(640K)
[61.228s][info][gc             ] GC(237) Pause Full (Ergonomics) 3245M->3245M(3345M) 1136.053ms
[61.228s][info][gc,cpu         ] GC(237) User=7.95s Sys=0.00s Real=1.14s
[61.228s][info][gc,start       ] GC(238) Pause Full (Ergonomics)
[61.228s][info][gc,phases,start] GC(238) Marking Phase
[62.052s][info][gc,phases      ] GC(238) Marking Phase 823.924ms
[62.052s][info][gc,phases,start] GC(238) Summary Phase
[62.052s][info][gc,phases      ] GC(238) Summary Phase 0.061ms
[62.052s][info][gc,phases,start] GC(238) Adjust Roots
[62.052s][info][gc,phases      ] GC(238) Adjust Roots 0.258ms
[62.052s][info][gc,phases,start] GC(238) Compaction Phase
[62.375s][info][gc,phases      ] GC(238) Compaction Phase 322.957ms
[62.375s][info][gc,phases,start] GC(238) Post Compact
[62.383s][info][gc,phases      ] GC(238) Post Compact 7.563ms
[62.383s][info][gc,heap        ] GC(238) PSYoungGen: 114666K(217088K)->114666K(217088K) Eden: 64511K(64512K)->64511K(64512K) From: 50154K(152576K)->50154K(152576K)
[62.383s][info][gc,heap        ] GC(238) ParOldGen: 3208690K(3208704K)->3208690K(3208704K)
[62.383s][info][gc,metaspace   ] GC(238) Metaspace: 6301K(6464K)->6301K(6464K) NonClass: 5768K(5824K)->5768K(5824K) Class: 533K(640K)->533K(640K)
[62.383s][info][gc             ] GC(238) Pause Full (Ergonomics) 3245M->3245M(3345M) 1155.258ms
[62.383s][info][gc,cpu         ] GC(238) User=7.86s Sys=0.03s Real=1.15s
[62.383s][info][gc,start       ] GC(239) Pause Full (Ergonomics)
[62.383s][info][gc,phases,start] GC(239) Marking Phase
[63.215s][info][gc,phases      ] GC(239) Marking Phase 832.135ms
[63.216s][info][gc,phases,start] GC(239) Summary Phase
[63.216s][info][gc,phases      ] GC(239) Summary Phase 0.071ms
[63.216s][info][gc,phases,start] GC(239) Adjust Roots
[63.216s][info][gc,phases      ] GC(239) Adjust Roots 0.203ms
[63.216s][info][gc,phases,start] GC(239) Compaction Phase
[63.576s][info][gc,phases      ] GC(239) Compaction Phase 359.664ms
[63.576s][info][gc,phases,start] GC(239) Post Compact
[63.584s][info][gc,phases      ] GC(239) Post Compact 8.669ms
[63.584s][info][gc,heap        ] GC(239) PSYoungGen: 114666K(217088K)->114666K(217088K) Eden: 64511K(64512K)->64511K(64512K) From: 50154K(152576K)->50154K(152576K)
[63.584s][info][gc,heap        ] GC(239) ParOldGen: 3208695K(3208704K)->3208695K(3208704K)
[63.584s][info][gc,metaspace   ] GC(239) Metaspace: 6301K(6464K)->6301K(6464K) NonClass: 5768K(5824K)->5768K(5824K) Class: 533K(640K)->533K(640K)
[63.584s][info][gc             ] GC(239) Pause Full (Ergonomics) 3245M->3245M(3345M) 1201.130ms
[63.584s][info][gc,cpu         ] GC(239) User=7.78s Sys=0.00s Real=1.20s
[63.585s][info][gc,start       ] GC(240) Pause Full (Ergonomics)
[63.585s][info][gc,phases,start] GC(240) Marking Phase
[64.381s][info][gc,phases      ] GC(240) Marking Phase 796.532ms
[64.381s][info][gc,phases,start] GC(240) Summary Phase
[64.381s][info][gc,phases      ] GC(240) Summary Phase 0.057ms
[64.381s][info][gc,phases,start] GC(240) Adjust Roots
[64.382s][info][gc,phases      ] GC(240) Adjust Roots 0.261ms
[64.382s][info][gc,phases,start] GC(240) Compaction Phase
[64.704s][info][gc,phases      ] GC(240) Compaction Phase 322.423ms
[64.704s][info][gc,phases,start] GC(240) Post Compact
[64.712s][info][gc,phases      ] GC(240) Post Compact 7.712ms
[64.712s][info][gc,heap        ] GC(240) PSYoungGen: 114666K(217088K)->114666K(217088K) Eden: 64511K(64512K)->64511K(64512K) From: 50154K(152576K)->50154K(152576K)
[64.712s][info][gc,heap        ] GC(240) ParOldGen: 3208700K(3208704K)->3208700K(3208704K)
[64.712s][info][gc,metaspace   ] GC(240) Metaspace: 6301K(6464K)->6301K(6464K) NonClass: 5768K(5824K)->5768K(5824K) Class: 533K(640K)->533K(640K)
[64.712s][info][gc             ] GC(240) Pause Full (Ergonomics) 3245M->3245M(3345M) 1127.560ms
[64.712s][info][gc,cpu         ] GC(240) User=7.48s Sys=0.02s Real=1.13s
[64.712s][info][gc,start       ] GC(241) Pause Full (Ergonomics)
[64.712s][info][gc,phases,start] GC(241) Marking Phase
[65.549s][info][gc,phases      ] GC(241) Marking Phase 836.807ms
[65.549s][info][gc,phases,start] GC(241) Summary Phase
[65.549s][info][gc,phases      ] GC(241) Summary Phase 0.058ms
[65.549s][info][gc,phases,start] GC(241) Adjust Roots
[65.550s][info][gc,phases      ] GC(241) Adjust Roots 0.216ms
[65.550s][info][gc,phases,start] GC(241) Compaction Phase
[65.905s][info][gc,phases      ] GC(241) Compaction Phase 355.552ms
[65.905s][info][gc,phases,start] GC(241) Post Compact
[65.913s][info][gc,phases      ] GC(241) Post Compact 7.728ms
[65.913s][info][gc,heap        ] GC(241) PSYoungGen: 114666K(217088K)->114666K(217088K) Eden: 64511K(64512K)->64511K(64512K) From: 50154K(152576K)->50154K(152576K)
[65.913s][info][gc,heap        ] GC(241) ParOldGen: 3208703K(3208704K)->3208703K(3208704K)
[65.913s][info][gc,metaspace   ] GC(241) Metaspace: 6301K(6464K)->6301K(6464K) NonClass: 5768K(5824K)->5768K(5824K) Class: 533K(640K)->533K(640K)
[65.913s][info][gc             ] GC(241) Pause Full (Ergonomics) 3245M->3245M(3345M) 1200.762ms
[65.913s][info][gc,cpu         ] GC(241) User=7.80s Sys=0.00s Real=1.20s
[65.913s][info][gc,start       ] GC(242) Pause Full (Allocation Failure)
[65.913s][info][gc,phases,start] GC(242) Marking Phase
[66.748s][info][gc,phases      ] GC(242) Marking Phase 834.426ms
[66.748s][info][gc,phases,start] GC(242) Summary Phase
[66.748s][info][gc,phases      ] GC(242) Summary Phase 0.057ms
[66.748s][info][gc,phases,start] GC(242) Adjust Roots
[66.748s][info][gc,phases      ] GC(242) Adjust Roots 0.462ms
[66.748s][info][gc,phases,start] GC(242) Compaction Phase
[67.592s][info][gc,phases      ] GC(242) Compaction Phase 843.554ms
[67.592s][info][gc,phases,start] GC(242) Post Compact
[67.600s][info][gc,phases      ] GC(242) Post Compact 8.037ms
[67.600s][info][gc,heap        ] GC(242) PSYoungGen: 114666K(217088K)->114666K(217088K) Eden: 64511K(64512K)->64511K(64512K) From: 50154K(152576K)->50154K(152576K)
[67.600s][info][gc,heap        ] GC(242) ParOldGen: 3208703K(3208704K)->3208699K(3208704K)
[67.600s][info][gc,metaspace   ] GC(242) Metaspace: 6301K(6464K)->6299K(6464K) NonClass: 5768K(5824K)->5766K(5824K) Class: 533K(640K)->532K(640K)
[67.600s][info][gc             ] GC(242) Pause Full (Allocation Failure) 3245M->3245M(3345M) 1686.917ms
[67.600s][info][gc,cpu         ] GC(242) User=11.16s Sys=0.00s Real=1.69s
[67.601s][info][gc,start       ] GC(243) Pause Full (Ergonomics)
[67.601s][info][gc,phases,start] GC(243) Marking Phase
[68.460s][info][gc,phases      ] GC(243) Marking Phase 858.825ms
[68.460s][info][gc,phases,start] GC(243) Summary Phase
[68.460s][info][gc,phases      ] GC(243) Summary Phase 0.048ms
[68.460s][info][gc,phases,start] GC(243) Adjust Roots
[68.460s][info][gc,phases      ] GC(243) Adjust Roots 0.242ms
[68.460s][info][gc,phases,start] GC(243) Compaction Phase
[68.784s][info][gc,phases      ] GC(243) Compaction Phase 324.202ms
[68.784s][info][gc,phases,start] GC(243) Post Compact
[68.791s][info][gc,phases      ] GC(243) Post Compact 6.906ms
[68.791s][info][gc,heap        ] GC(243) PSYoungGen: 114666K(217088K)->114666K(217088K) Eden: 64511K(64512K)->64511K(64512K) From: 50154K(152576K)->50154K(152576K)
[68.791s][info][gc,heap        ] GC(243) ParOldGen: 3208700K(3208704K)->3208700K(3208704K)
[68.791s][info][gc,metaspace   ] GC(243) Metaspace: 6299K(6464K)->6299K(6464K) NonClass: 5766K(5824K)->5766K(5824K) Class: 532K(640K)->532K(640K)
[68.791s][info][gc             ] GC(243) Pause Full (Ergonomics) 3245M->3245M(3345M) 1190.693ms
[68.791s][info][gc,cpu         ] GC(243) User=7.97s Sys=0.00s Real=1.19s
[68.792s][info][gc,start       ] GC(244) Pause Full (Ergonomics)
[68.792s][info][gc,phases,start] GC(244) Marking Phase
[69.638s][info][gc,phases      ] GC(244) Marking Phase 846.104ms
[69.638s][info][gc,phases,start] GC(244) Summary Phase
[69.638s][info][gc,phases      ] GC(244) Summary Phase 0.081ms
[69.638s][info][gc,phases,start] GC(244) Adjust Roots
[69.639s][info][gc,phases      ] GC(244) Adjust Roots 0.680ms
[69.639s][info][gc,phases,start] GC(244) Compaction Phase
[69.981s][info][gc,phases      ] GC(244) Compaction Phase 341.924ms
[69.981s][info][gc,phases,start] GC(244) Post Compact
[69.988s][info][gc,phases      ] GC(244) Post Compact 7.038ms
[69.988s][info][gc,heap        ] GC(244) PSYoungGen: 114666K(217088K)->114666K(217088K) Eden: 64511K(64512K)->64511K(64512K) From: 50154K(152576K)->50154K(152576K)
[69.988s][info][gc,heap        ] GC(244) ParOldGen: 3208704K(3208704K)->3208704K(3208704K)
[69.988s][info][gc,metaspace   ] GC(244) Metaspace: 6299K(6464K)->6299K(6464K) NonClass: 5766K(5824K)->5766K(5824K) Class: 532K(640K)->532K(640K)
[69.988s][info][gc             ] GC(244) Pause Full (Ergonomics) 3245M->3245M(3345M) 1196.430ms
[69.988s][info][gc,cpu         ] GC(244) User=7.77s Sys=0.00s Real=1.20s
[69.988s][info][gc,start       ] GC(245) Pause Full (Allocation Failure)
[69.988s][info][gc,phases,start] GC(245) Marking Phase
[70.806s][info][gc,phases      ] GC(245) Marking Phase 817.891ms
[70.806s][info][gc,phases,start] GC(245) Summary Phase
[70.806s][info][gc,phases      ] GC(245) Summary Phase 0.060ms
[70.806s][info][gc,phases,start] GC(245) Adjust Roots
[70.807s][info][gc,phases      ] GC(245) Adjust Roots 0.233ms
[70.807s][info][gc,phases,start] GC(245) Compaction Phase
[71.214s][info][gc,phases      ] GC(245) Compaction Phase 407.548ms
[71.214s][info][gc,phases,start] GC(245) Post Compact
[71.222s][info][gc,phases      ] GC(245) Post Compact 7.704ms
[71.222s][info][gc,heap        ] GC(245) PSYoungGen: 114666K(217088K)->114666K(217088K) Eden: 64511K(64512K)->64511K(64512K) From: 50154K(152576K)->50154K(152576K)
[71.222s][info][gc,heap        ] GC(245) ParOldGen: 3208704K(3208704K)->3208704K(3208704K)
[71.222s][info][gc,metaspace   ] GC(245) Metaspace: 6299K(6464K)->6299K(6464K) NonClass: 5766K(5824K)->5766K(5824K) Class: 532K(640K)->532K(640K)
[71.222s][info][gc             ] GC(245) Pause Full (Allocation Failure) 3245M->3245M(3345M) 1233.851ms
[71.222s][info][gc,cpu         ] GC(245) User=7.88s Sys=0.02s Real=1.23s
[71.223s][info][gc,start       ] GC(246) Pause Full (Ergonomics)
[71.223s][info][gc,phases,start] GC(246) Marking Phase
[72.095s][info][gc,phases      ] GC(246) Marking Phase 872.537ms
[72.095s][info][gc,phases,start] GC(246) Summary Phase
[72.095s][info][gc,phases      ] GC(246) Summary Phase 0.109ms
[72.096s][info][gc,phases,start] GC(246) Adjust Roots
[72.096s][info][gc,phases      ] GC(246) Adjust Roots 0.564ms
[72.096s][info][gc,phases,start] GC(246) Compaction Phase
[73.003s][info][gc,phases      ] GC(246) Compaction Phase 906.815ms
[73.003s][info][gc,phases,start] GC(246) Post Compact
[73.011s][info][gc,phases      ] GC(246) Post Compact 7.606ms
[73.011s][info][gc,heap        ] GC(246) PSYoungGen: 114666K(217088K)->114666K(217088K) Eden: 64511K(64512K)->64511K(64512K) From: 50154K(152576K)->50154K(152576K)
[73.011s][info][gc,heap        ] GC(246) ParOldGen: 3208704K(3208704K)->3208702K(3208704K)
[73.011s][info][gc,metaspace   ] GC(246) Metaspace: 6299K(6464K)->6299K(6464K) NonClass: 5766K(5824K)->5766K(5824K) Class: 532K(640K)->532K(640K)
[73.011s][info][gc             ] GC(246) Pause Full (Ergonomics) 3245M->3245M(3345M) 1788.221ms
[73.011s][info][gc,cpu         ] GC(246) User=9.70s Sys=0.05s Real=1.79s
[73.012s][info][gc,start       ] GC(247) Pause Full (Ergonomics)
[73.012s][info][gc,phases,start] GC(247) Marking Phase
[73.827s][info][gc,phases      ] GC(247) Marking Phase 814.815ms
[73.827s][info][gc,phases,start] GC(247) Summary Phase
[73.827s][info][gc,phases      ] GC(247) Summary Phase 0.060ms
[73.827s][info][gc,phases,start] GC(247) Adjust Roots
[73.827s][info][gc,phases      ] GC(247) Adjust Roots 0.247ms
[73.827s][info][gc,phases,start] GC(247) Compaction Phase
[74.127s][info][gc,phases      ] GC(247) Compaction Phase 299.862ms
[74.127s][info][gc,phases,start] GC(247) Post Compact
[74.136s][info][gc,phases      ] GC(247) Post Compact 8.906ms
[74.136s][info][gc,heap        ] GC(247) PSYoungGen: 114666K(217088K)->114666K(217088K) Eden: 64511K(64512K)->64511K(64512K) From: 50154K(152576K)->50154K(152576K)
[74.136s][info][gc,heap        ] GC(247) ParOldGen: 3208703K(3208704K)->3208702K(3208704K)
[74.136s][info][gc,metaspace   ] GC(247) Metaspace: 6299K(6464K)->6299K(6464K) NonClass: 5766K(5824K)->5766K(5824K) Class: 532K(640K)->532K(640K)
[74.136s][info][gc             ] GC(247) Pause Full (Ergonomics) 3245M->3245M(3345M) 1124.432ms
[74.136s][info][gc,cpu         ] GC(247) User=7.61s Sys=0.00s Real=1.12s
[74.137s][info][gc,heap,exit   ] Heap
[74.137s][info][gc,heap,exit   ]  PSYoungGen      total 217088K, used 114666K [0x000000079e180000, 0x00000007b5580000, 0x0000000800000000)
[74.137s][info][gc,heap,exit   ]   eden space 64512K, 99% used [0x000000079e180000,0x00000007a207fff8,0x00000007a2080000)
[74.137s][info][gc,heap,exit   ]   from space 152576K, 32% used [0x00000007ab700000,0x00000007ae7faa70,0x00000007b4c00000)
[74.137s][info][gc,heap,exit   ]   to   space 154112K, 0% used [0x00000007a2080000,0x00000007a2080000,0x00000007ab700000)
[74.138s][info][gc,heap,exit   ]  ParOldGen       total 3208704K, used 3208703K [0x00000006da400000, 0x000000079e180000, 0x000000079e180000)
[74.138s][info][gc,heap,exit   ]   object space 3208704K, 99% used [0x00000006da400000,0x000000079e17ffc0,0x000000079e180000)
[74.138s][info][gc,heap,exit   ]  Metaspace       used 6304K, committed 6528K, reserved 1114112K
[74.138s][info][gc,heap,exit   ]   class space    used 534K, committed 640K, reserved 1048576K
