[0.016s][info][gc,init] CardTable entry size: 512
[0.016s][info][gc     ] Using Parallel
[0.017s][info][gc,init] Version: 18.0.1+10 (release)
[0.017s][info][gc,init] CPUs: 8 total, 8 available
[0.017s][info][gc,init] Memory: 16063M
[0.017s][info][gc,init] Large Page Support: Disabled
[0.018s][info][gc,init] NUMA Support: Disabled
[0.018s][info][gc,init] Compressed Oops: Enabled (Zero based)
[0.018s][info][gc,init] Alignments: Space 512K, Generation 512K, Heap 2M
[0.018s][info][gc,init] Heap Min Capacity: 2M
[0.018s][info][gc,init] Heap Initial Capacity: 2M
[0.018s][info][gc,init] Heap Max Capacity: 13400M
[0.018s][info][gc,init] Pre-touch: Disabled
[0.018s][info][gc,init] Parallel Workers: 8
[0.018s][info][gc,metaspace] CDS archive(s) not mapped
[0.018s][info][gc,metaspace] Compressed class space mapped at: 0x0000000800000000-0x0000000840000000, reserved size: 1073741824
[0.018s][info][gc,metaspace] Narrow klass base: 0x0000000800000000, Narrow klass shift: 0, Narrow klass range: 0x40000000
[0.142s][info][gc,start    ] GC(0) Pause Young (Allocation Failure)
[0.143s][info][gc,heap     ] GC(0) PSYoungGen: 512K(1024K)->480K(1024K) Eden: 512K(512K)->0K(512K) From: 0K(512K)->480K(512K)
[0.143s][info][gc,heap     ] GC(0) ParOldGen: 0K(512K)->8K(512K)
[0.143s][info][gc,metaspace] GC(0) Metaspace: 4228K(4352K)->4228K(4352K) NonClass: 3907K(3968K)->3907K(3968K) Class: 321K(384K)->321K(384K)
[0.143s][info][gc          ] GC(0) Pause Young (Allocation Failure) 0M->0M(1M) 1.855ms
[0.143s][info][gc,cpu      ] GC(0) User=0.00s Sys=0.00s Real=0.00s
[0.239s][info][gc,start    ] GC(1) Pause Young (Allocation Failure)
[0.240s][info][gc,heap     ] GC(1) PSYoungGen: 991K(1024K)->512K(1536K) Eden: 511K(512K)->0K(1024K) From: 480K(512K)->512K(512K)
[0.240s][info][gc,heap     ] GC(1) ParOldGen: 8K(512K)->88K(512K)
[0.240s][info][gc,metaspace] GC(1) Metaspace: 5881K(6016K)->5881K(6016K) NonClass: 5384K(5504K)->5384K(5504K) Class: 496K(512K)->496K(512K)
[0.240s][info][gc          ] GC(1) Pause Young (Allocation Failure) 0M->0M(2M) 1.416ms
[0.240s][info][gc,cpu      ] GC(1) User=0.00s Sys=0.00s Real=0.00s
[0.271s][info][gc,start    ] GC(2) Pause Young (Allocation Failure)
[0.272s][info][gc,heap     ] GC(2) PSYoungGen: 1536K(1536K)->512K(1536K) Eden: 1024K(1024K)->0K(1024K) From: 512K(512K)->512K(512K)
[0.272s][info][gc,heap     ] GC(2) ParOldGen: 88K(512K)->512K(1024K)
[0.272s][info][gc,metaspace] GC(2) Metaspace: 6300K(6464K)->6300K(6464K) NonClass: 5766K(5824K)->5766K(5824K) Class: 533K(640K)->533K(640K)
[0.273s][info][gc          ] GC(2) Pause Young (Allocation Failure) 1M->1M(2M) 1.638ms
[0.273s][info][gc,cpu      ] GC(2) User=0.00s Sys=0.00s Real=0.00s
[0.274s][info][gc,start    ] GC(3) Pause Young (Allocation Failure)
[0.276s][info][gc,heap     ] GC(3) PSYoungGen: 1536K(1536K)->480K(2560K) Eden: 1024K(1024K)->0K(2048K) From: 512K(512K)->480K(512K)
[0.276s][info][gc,heap     ] GC(3) ParOldGen: 512K(1024K)->1068K(1536K)
[0.276s][info][gc,metaspace] GC(3) Metaspace: 6300K(6464K)->6300K(6464K) NonClass: 5766K(5824K)->5766K(5824K) Class: 533K(640K)->533K(640K)
[0.276s][info][gc          ] GC(3) Pause Young (Allocation Failure) 2M->1M(4M) 1.845ms
[0.276s][info][gc,cpu      ] GC(3) User=0.00s Sys=0.00s Real=0.00s
[0.276s][info][gc,start    ] GC(4) Pause Full (Ergonomics)
[0.276s][info][gc,phases,start] GC(4) Marking Phase
[0.278s][info][gc,phases      ] GC(4) Marking Phase 1.592ms
[0.278s][info][gc,phases,start] GC(4) Summary Phase
[0.278s][info][gc,phases      ] GC(4) Summary Phase 0.018ms
[0.278s][info][gc,phases,start] GC(4) Adjust Roots
[0.278s][info][gc,phases      ] GC(4) Adjust Roots 0.600ms
[0.279s][info][gc,phases,start] GC(4) Compaction Phase
[0.282s][info][gc,phases      ] GC(4) Compaction Phase 3.710ms
[0.282s][info][gc,phases,start] GC(4) Post Compact
[0.282s][info][gc,phases      ] GC(4) Post Compact 0.144ms
[0.283s][info][gc,heap        ] GC(4) PSYoungGen: 480K(2560K)->0K(2560K) Eden: 0K(2048K)->0K(2048K) From: 480K(512K)->0K(512K)
[0.283s][info][gc,heap        ] GC(4) ParOldGen: 1068K(1536K)->1495K(3584K)
[0.283s][info][gc,metaspace   ] GC(4) Metaspace: 6300K(6464K)->6300K(6464K) NonClass: 5766K(5824K)->5766K(5824K) Class: 533K(640K)->533K(640K)
[0.283s][info][gc             ] GC(4) Pause Full (Ergonomics) 1M->1M(6M) 6.632ms
[0.283s][info][gc,cpu         ] GC(4) User=0.00s Sys=0.00s Real=0.01s
[0.287s][info][gc,start       ] GC(5) Pause Young (Allocation Failure)
[0.289s][info][gc,heap        ] GC(5) PSYoungGen: 2048K(2560K)->480K(3584K) Eden: 2048K(2048K)->0K(3072K) From: 0K(512K)->480K(512K)
[0.289s][info][gc,heap        ] GC(5) ParOldGen: 1495K(3584K)->2111K(3584K)
[0.289s][info][gc,metaspace   ] GC(5) Metaspace: 6300K(6464K)->6300K(6464K) NonClass: 5766K(5824K)->5766K(5824K) Class: 533K(640K)->533K(640K)
[0.289s][info][gc             ] GC(5) Pause Young (Allocation Failure) 3M->2M(7M) 1.709ms
[0.289s][info][gc,cpu         ] GC(5) User=0.00s Sys=0.00s Real=0.00s
[0.296s][info][gc,start       ] GC(6) Pause Young (Allocation Failure)
[0.299s][info][gc,heap        ] GC(6) PSYoungGen: 3552K(3584K)->1504K(4608K) Eden: 3072K(3072K)->0K(3072K) From: 480K(512K)->1504K(1536K)
[0.300s][info][gc,heap        ] GC(6) ParOldGen: 2111K(3584K)->2687K(3584K)
[0.300s][info][gc,metaspace   ] GC(6) Metaspace: 6300K(6464K)->6300K(6464K) NonClass: 5766K(5824K)->5766K(5824K) Class: 533K(640K)->533K(640K)
[0.300s][info][gc             ] GC(6) Pause Young (Allocation Failure) 5M->4M(8M) 3.293ms
[0.300s][info][gc,cpu         ] GC(6) User=0.00s Sys=0.00s Real=0.00s
[0.300s][info][gc,start       ] GC(7) Pause Full (Ergonomics)
[0.300s][info][gc,phases,start] GC(7) Marking Phase
[0.302s][info][gc,phases      ] GC(7) Marking Phase 2.650ms
[0.302s][info][gc,phases,start] GC(7) Summary Phase
[0.302s][info][gc,phases      ] GC(7) Summary Phase 0.017ms
[0.302s][info][gc,phases,start] GC(7) Adjust Roots
[0.303s][info][gc,phases      ] GC(7) Adjust Roots 0.441ms
[0.303s][info][gc,phases,start] GC(7) Compaction Phase
[0.307s][info][gc,phases      ] GC(7) Compaction Phase 4.040ms
[0.307s][info][gc,phases,start] GC(7) Post Compact
[0.307s][info][gc,phases      ] GC(7) Post Compact 0.043ms
[0.307s][info][gc,heap        ] GC(7) PSYoungGen: 1504K(4608K)->990K(4608K) Eden: 0K(3072K)->0K(3072K) From: 1504K(1536K)->990K(1536K)
[0.307s][info][gc,heap        ] GC(7) ParOldGen: 2687K(3584K)->3127K(5632K)
[0.307s][info][gc,metaspace   ] GC(7) Metaspace: 6300K(6464K)->6300K(6464K) NonClass: 5766K(5824K)->5766K(5824K) Class: 533K(640K)->533K(640K)
[0.307s][info][gc             ] GC(7) Pause Full (Ergonomics) 4M->4M(10M) 7.629ms
[0.307s][info][gc,cpu         ] GC(7) User=0.00s Sys=0.00s Real=0.01s
[0.316s][info][gc,start       ] GC(8) Pause Young (Allocation Failure)
[0.320s][info][gc,heap        ] GC(8) PSYoungGen: 4062K(4608K)->2048K(6144K) Eden: 3072K(3072K)->0K(4096K) From: 990K(1536K)->2048K(2048K)
[0.320s][info][gc,heap        ] GC(8) ParOldGen: 3127K(5632K)->3671K(5632K)
[0.320s][info][gc,metaspace   ] GC(8) Metaspace: 6300K(6464K)->6300K(6464K) NonClass: 5766K(5824K)->5766K(5824K) Class: 533K(640K)->533K(640K)
[0.320s][info][gc             ] GC(8) Pause Young (Allocation Failure) 7M->5M(11M) 4.056ms
[0.320s][info][gc,cpu         ] GC(8) User=0.00s Sys=0.00s Real=0.00s
[0.332s][info][gc,start       ] GC(9) Pause Young (Allocation Failure)
[0.337s][info][gc,heap        ] GC(9) PSYoungGen: 6144K(6144K)->3040K(7168K) Eden: 4096K(4096K)->0K(4096K) From: 2048K(2048K)->3040K(3072K)
[0.338s][info][gc,heap        ] GC(9) ParOldGen: 3671K(5632K)->4943K(5632K)
[0.338s][info][gc,metaspace   ] GC(9) Metaspace: 6300K(6464K)->6300K(6464K) NonClass: 5766K(5824K)->5766K(5824K) Class: 533K(640K)->533K(640K)
[0.338s][info][gc             ] GC(9) Pause Young (Allocation Failure) 9M->7M(12M) 5.839ms
[0.338s][info][gc,cpu         ] GC(9) User=0.00s Sys=0.00s Real=0.01s
[0.338s][info][gc,start       ] GC(10) Pause Full (Ergonomics)
[0.338s][info][gc,phases,start] GC(10) Marking Phase
[0.343s][info][gc,phases      ] GC(10) Marking Phase 5.369ms
[0.343s][info][gc,phases,start] GC(10) Summary Phase
[0.343s][info][gc,phases      ] GC(10) Summary Phase 0.025ms
[0.343s][info][gc,phases,start] GC(10) Adjust Roots
[0.343s][info][gc,phases      ] GC(10) Adjust Roots 0.259ms
[0.343s][info][gc,phases,start] GC(10) Compaction Phase
[0.348s][info][gc,phases      ] GC(10) Compaction Phase 4.807ms
[0.348s][info][gc,phases,start] GC(10) Post Compact
[0.348s][info][gc,phases      ] GC(10) Post Compact 0.039ms
[0.349s][info][gc,heap        ] GC(10) PSYoungGen: 3040K(7168K)->2523K(7168K) Eden: 0K(4096K)->0K(4096K) From: 3040K(3072K)->2523K(3072K)
[0.349s][info][gc,heap        ] GC(10) ParOldGen: 4943K(5632K)->5274K(8704K)
[0.349s][info][gc,metaspace   ] GC(10) Metaspace: 6300K(6464K)->6300K(6464K) NonClass: 5766K(5824K)->5766K(5824K) Class: 533K(640K)->533K(640K)
[0.349s][info][gc             ] GC(10) Pause Full (Ergonomics) 7M->7M(15M) 11.014ms
[0.349s][info][gc,cpu         ] GC(10) User=0.00s Sys=0.00s Real=0.01s
[0.356s][info][gc,start       ] GC(11) Pause Young (Allocation Failure)
[0.361s][info][gc,heap        ] GC(11) PSYoungGen: 6619K(7168K)->4032K(9216K) Eden: 4096K(4096K)->0K(5120K) From: 2523K(3072K)->4032K(4096K)
[0.361s][info][gc,heap        ] GC(11) ParOldGen: 5274K(8704K)->5946K(8704K)
[0.361s][info][gc,metaspace   ] GC(11) Metaspace: 6300K(6464K)->6300K(6464K) NonClass: 5766K(5824K)->5766K(5824K) Class: 533K(640K)->533K(640K)
[0.361s][info][gc             ] GC(11) Pause Young (Allocation Failure) 11M->9M(17M) 5.138ms
[0.361s][info][gc,cpu         ] GC(11) User=0.00s Sys=0.00s Real=0.00s
[0.371s][info][gc,start       ] GC(12) Pause Young (Allocation Failure)
[0.378s][info][gc,heap        ] GC(12) PSYoungGen: 9152K(9216K)->4576K(9728K) Eden: 5120K(5120K)->0K(5120K) From: 4032K(4096K)->4576K(4608K)
[0.378s][info][gc,heap        ] GC(12) ParOldGen: 5946K(8704K)->8282K(8704K)
[0.378s][info][gc,metaspace   ] GC(12) Metaspace: 6300K(6464K)->6300K(6464K) NonClass: 5766K(5824K)->5766K(5824K) Class: 533K(640K)->533K(640K)
[0.378s][info][gc             ] GC(12) Pause Young (Allocation Failure) 14M->12M(18M) 7.244ms
[0.378s][info][gc,cpu         ] GC(12) User=0.00s Sys=0.00s Real=0.01s
[0.378s][info][gc,start       ] GC(13) Pause Full (Ergonomics)
[0.378s][info][gc,phases,start] GC(13) Marking Phase
[0.384s][info][gc,phases      ] GC(13) Marking Phase 6.157ms
[0.384s][info][gc,phases,start] GC(13) Summary Phase
[0.384s][info][gc,phases      ] GC(13) Summary Phase 0.018ms
[0.384s][info][gc,phases,start] GC(13) Adjust Roots
[0.384s][info][gc,phases      ] GC(13) Adjust Roots 0.183ms
[0.384s][info][gc,phases,start] GC(13) Compaction Phase
[0.391s][info][gc,phases      ] GC(13) Compaction Phase 6.408ms
[0.391s][info][gc,phases,start] GC(13) Post Compact
[0.391s][info][gc,phases      ] GC(13) Post Compact 0.070ms
[0.391s][info][gc,heap        ] GC(13) PSYoungGen: 4576K(9728K)->3928K(9728K) Eden: 0K(5120K)->0K(5120K) From: 4576K(4608K)->3928K(4608K)
[0.391s][info][gc,heap        ] GC(13) ParOldGen: 8282K(8704K)->8609K(13824K)
[0.391s][info][gc,metaspace   ] GC(13) Metaspace: 6300K(6464K)->6300K(6464K) NonClass: 5766K(5824K)->5766K(5824K) Class: 533K(640K)->533K(640K)
[0.391s][info][gc             ] GC(13) Pause Full (Ergonomics) 12M->12M(23M) 13.165ms
[0.391s][info][gc,cpu         ] GC(13) User=0.00s Sys=0.00s Real=0.01s
[0.396s][info][gc,start       ] GC(14) Pause Young (Allocation Failure)
[0.402s][info][gc,heap        ] GC(14) PSYoungGen: 9048K(9728K)->4128K(12800K) Eden: 5120K(5120K)->0K(6656K) From: 3928K(4608K)->4128K(6144K)
[0.402s][info][gc,heap        ] GC(14) ParOldGen: 8609K(13824K)->11129K(13824K)
[0.402s][info][gc,metaspace   ] GC(14) Metaspace: 6301K(6464K)->6301K(6464K) NonClass: 5768K(5824K)->5768K(5824K) Class: 533K(640K)->533K(640K)
[0.402s][info][gc             ] GC(14) Pause Young (Allocation Failure) 17M->14M(26M) 5.580ms
[0.402s][info][gc,cpu         ] GC(14) User=0.00s Sys=0.00s Real=0.01s
[0.407s][info][gc,start       ] GC(15) Pause Young (Allocation Failure)
[0.413s][info][gc,heap        ] GC(15) PSYoungGen: 10784K(12800K)->3456K(13312K) Eden: 6656K(6656K)->0K(6656K) From: 4128K(6144K)->3456K(6656K)
[0.413s][info][gc,heap        ] GC(15) ParOldGen: 11129K(13824K)->15273K(15360K)
[0.413s][info][gc,metaspace   ] GC(15) Metaspace: 6301K(6464K)->6301K(6464K) NonClass: 5768K(5824K)->5768K(5824K) Class: 533K(640K)->533K(640K)
[0.413s][info][gc             ] GC(15) Pause Young (Allocation Failure) 21M->18M(28M) 6.376ms
[0.413s][info][gc,cpu         ] GC(15) User=0.00s Sys=0.00s Real=0.01s
[0.413s][info][gc,start       ] GC(16) Pause Full (Ergonomics)
[0.413s][info][gc,phases,start] GC(16) Marking Phase
[0.422s][info][gc,phases      ] GC(16) Marking Phase 8.178ms
[0.422s][info][gc,phases,start] GC(16) Summary Phase
[0.422s][info][gc,phases      ] GC(16) Summary Phase 0.014ms
[0.422s][info][gc,phases,start] GC(16) Adjust Roots
[0.422s][info][gc,phases      ] GC(16) Adjust Roots 0.230ms
[0.422s][info][gc,phases,start] GC(16) Compaction Phase
[0.428s][info][gc,phases      ] GC(16) Compaction Phase 6.350ms
[0.428s][info][gc,phases,start] GC(16) Post Compact
[0.428s][info][gc,phases      ] GC(16) Post Compact 0.099ms
[0.429s][info][gc,heap        ] GC(16) PSYoungGen: 3456K(13312K)->3435K(13312K) Eden: 0K(6656K)->0K(6656K) From: 3456K(6656K)->3435K(6656K)
[0.429s][info][gc,heap        ] GC(16) ParOldGen: 15273K(15360K)->15151K(23040K)
[0.429s][info][gc,metaspace   ] GC(16) Metaspace: 6301K(6464K)->6301K(6464K) NonClass: 5768K(5824K)->5768K(5824K) Class: 533K(640K)->533K(640K)
[0.429s][info][gc             ] GC(16) Pause Full (Ergonomics) 18M->18M(35M) 15.191ms
[0.429s][info][gc,cpu         ] GC(16) User=0.02s Sys=0.00s Real=0.02s
[0.433s][info][gc,start       ] GC(17) Pause Young (Allocation Failure)
[0.440s][info][gc,heap        ] GC(17) PSYoungGen: 10091K(13312K)->3488K(15872K) Eden: 6656K(6656K)->0K(9216K) From: 3435K(6656K)->3488K(6656K)
[0.440s][info][gc,heap        ] GC(17) ParOldGen: 15151K(23040K)->18655K(23040K)
[0.440s][info][gc,metaspace   ] GC(17) Metaspace: 6301K(6464K)->6301K(6464K) NonClass: 5768K(5824K)->5768K(5824K) Class: 533K(640K)->533K(640K)
[0.440s][info][gc             ] GC(17) Pause Young (Allocation Failure) 24M->21M(38M) 7.015ms
[0.440s][info][gc,cpu         ] GC(17) User=0.02s Sys=0.00s Real=0.01s
[0.449s][info][gc,start       ] GC(18) Pause Young (Allocation Failure)
[0.456s][info][gc,heap        ] GC(18) PSYoungGen: 12704K(15872K)->5312K(15872K) Eden: 9216K(9216K)->0K(9216K) From: 3488K(6656K)->5312K(6656K)
[0.456s][info][gc,heap        ] GC(18) ParOldGen: 18655K(23040K)->22151K(23040K)
[0.456s][info][gc,metaspace   ] GC(18) Metaspace: 6301K(6464K)->6301K(6464K) NonClass: 5768K(5824K)->5768K(5824K) Class: 533K(640K)->533K(640K)
[0.456s][info][gc             ] GC(18) Pause Young (Allocation Failure) 30M->26M(38M) 6.998ms
[0.456s][info][gc,cpu         ] GC(18) User=0.02s Sys=0.00s Real=0.01s
[0.456s][info][gc,start       ] GC(19) Pause Full (Ergonomics)
[0.456s][info][gc,phases,start] GC(19) Marking Phase
[0.467s][info][gc,phases      ] GC(19) Marking Phase 11.151ms
[0.467s][info][gc,phases,start] GC(19) Summary Phase
[0.467s][info][gc,phases      ] GC(19) Summary Phase 0.017ms
[0.467s][info][gc,phases,start] GC(19) Adjust Roots
[0.467s][info][gc,phases      ] GC(19) Adjust Roots 0.180ms
[0.467s][info][gc,phases,start] GC(19) Compaction Phase
[0.476s][info][gc,phases      ] GC(19) Compaction Phase 9.036ms
[0.477s][info][gc,phases,start] GC(19) Post Compact
[0.477s][info][gc,phases      ] GC(19) Post Compact 0.093ms
[0.477s][info][gc,heap        ] GC(19) PSYoungGen: 5312K(15872K)->4169K(15872K) Eden: 0K(9216K)->0K(9216K) From: 5312K(6656K)->4169K(6656K)
[0.477s][info][gc,heap        ] GC(19) ParOldGen: 22151K(23040K)->22596K(32768K)
[0.477s][info][gc,metaspace   ] GC(19) Metaspace: 6301K(6464K)->6301K(6464K) NonClass: 5768K(5824K)->5768K(5824K) Class: 533K(640K)->533K(640K)
[0.477s][info][gc             ] GC(19) Pause Full (Ergonomics) 26M->26M(47M) 20.831ms
[0.477s][info][gc,cpu         ] GC(19) User=0.00s Sys=0.00s Real=0.02s
[0.483s][info][gc,start       ] GC(20) Pause Young (Allocation Failure)
[0.491s][info][gc,heap        ] GC(20) PSYoungGen: 13385K(15872K)->4800K(19456K) Eden: 9216K(9216K)->0K(12288K) From: 4169K(6656K)->4800K(7168K)
[0.491s][info][gc,heap        ] GC(20) ParOldGen: 22596K(32768K)->26836K(32768K)
[0.491s][info][gc,metaspace   ] GC(20) Metaspace: 6301K(6464K)->6301K(6464K) NonClass: 5768K(5824K)->5768K(5824K) Class: 533K(640K)->533K(640K)
[0.491s][info][gc             ] GC(20) Pause Young (Allocation Failure) 35M->30M(51M) 8.745ms
[0.491s][info][gc,cpu         ] GC(20) User=0.02s Sys=0.00s Real=0.01s
[0.502s][info][gc,start       ] GC(21) Pause Young (Allocation Failure)
[0.515s][info][gc,heap        ] GC(21) PSYoungGen: 17088K(19456K)->7168K(19456K) Eden: 12288K(12288K)->0K(12288K) From: 4800K(7168K)->7168K(7168K)
[0.515s][info][gc,heap        ] GC(21) ParOldGen: 26836K(32768K)->35388K(35840K)
[0.515s][info][gc,metaspace   ] GC(21) Metaspace: 6301K(6464K)->6301K(6464K) NonClass: 5768K(5824K)->5768K(5824K) Class: 533K(640K)->533K(640K)
[0.515s][info][gc             ] GC(21) Pause Young (Allocation Failure) 42M->41M(54M) 12.583ms
[0.515s][info][gc,cpu         ] GC(21) User=0.00s Sys=0.00s Real=0.01s
[0.515s][info][gc,start       ] GC(22) Pause Full (Ergonomics)
[0.515s][info][gc,phases,start] GC(22) Marking Phase
[0.531s][info][gc,phases      ] GC(22) Marking Phase 16.341ms
[0.531s][info][gc,phases,start] GC(22) Summary Phase
[0.531s][info][gc,phases      ] GC(22) Summary Phase 0.015ms
[0.531s][info][gc,phases,start] GC(22) Adjust Roots
[0.532s][info][gc,phases      ] GC(22) Adjust Roots 0.187ms
[0.532s][info][gc,phases,start] GC(22) Compaction Phase
[0.545s][info][gc,phases      ] GC(22) Compaction Phase 13.038ms
[0.545s][info][gc,phases,start] GC(22) Post Compact
[0.545s][info][gc,phases      ] GC(22) Post Compact 0.257ms
[0.545s][info][gc,heap        ] GC(22) PSYoungGen: 7168K(19456K)->6642K(19456K) Eden: 0K(12288K)->0K(12288K) From: 7168K(7168K)->6642K(7168K)
[0.545s][info][gc,heap        ] GC(22) ParOldGen: 35388K(35840K)->35695K(49664K)
[0.545s][info][gc,metaspace   ] GC(22) Metaspace: 6301K(6464K)->6301K(6464K) NonClass: 5768K(5824K)->5768K(5824K) Class: 533K(640K)->533K(640K)
[0.545s][info][gc             ] GC(22) Pause Full (Ergonomics) 41M->41M(67M) 30.358ms
[0.545s][info][gc,cpu         ] GC(22) User=0.05s Sys=0.00s Real=0.03s
[0.561s][info][gc,start       ] GC(23) Pause Young (Allocation Failure)
[0.578s][info][gc,heap        ] GC(23) PSYoungGen: 18930K(19456K)->11744K(22528K) Eden: 12288K(12288K)->0K(10752K) From: 6642K(7168K)->11744K(11776K)
[0.578s][info][gc,heap        ] GC(23) ParOldGen: 35695K(49664K)->42999K(49664K)
[0.578s][info][gc,metaspace   ] GC(23) Metaspace: 6301K(6464K)->6301K(6464K) NonClass: 5768K(5824K)->5768K(5824K) Class: 533K(640K)->533K(640K)
[0.578s][info][gc             ] GC(23) Pause Young (Allocation Failure) 53M->53M(70M) 16.756ms
[0.578s][info][gc,cpu         ] GC(23) User=0.03s Sys=0.00s Real=0.02s
[0.578s][info][gc,start       ] GC(24) Pause Full (Ergonomics)
[0.578s][info][gc,phases,start] GC(24) Marking Phase
[0.602s][info][gc,phases      ] GC(24) Marking Phase 23.231ms
[0.602s][info][gc,phases,start] GC(24) Summary Phase
[0.602s][info][gc,phases      ] GC(24) Summary Phase 0.019ms
[0.602s][info][gc,phases,start] GC(24) Adjust Roots
[0.602s][info][gc,phases      ] GC(24) Adjust Roots 0.185ms
[0.602s][info][gc,phases,start] GC(24) Compaction Phase
[0.623s][info][gc,phases      ] GC(24) Compaction Phase 20.824ms
[0.624s][info][gc,phases,start] GC(24) Post Compact
[0.624s][info][gc,phases      ] GC(24) Post Compact 0.326ms
[0.624s][info][gc,heap        ] GC(24) PSYoungGen: 11744K(22528K)->4056K(22528K) Eden: 0K(10752K)->0K(10752K) From: 11744K(11776K)->4056K(11776K)
[0.624s][info][gc,heap        ] GC(24) ParOldGen: 42999K(49664K)->49520K(66048K)
[0.624s][info][gc,metaspace   ] GC(24) Metaspace: 6301K(6464K)->6301K(6464K) NonClass: 5768K(5824K)->5768K(5824K) Class: 533K(640K)->533K(640K)
[0.624s][info][gc             ] GC(24) Pause Full (Ergonomics) 53M->52M(86M) 46.045ms
[0.624s][info][gc,cpu         ] GC(24) User=0.06s Sys=0.00s Real=0.05s
[0.637s][info][gc,start       ] GC(25) Pause Young (Allocation Failure)
[0.653s][info][gc,heap        ] GC(25) PSYoungGen: 14808K(22528K)->10784K(27136K) Eden: 10752K(10752K)->0K(10752K) From: 4056K(11776K)->10784K(16384K)
[0.653s][info][gc,heap        ] GC(25) ParOldGen: 49520K(66048K)->53648K(66048K)
[0.653s][info][gc,metaspace   ] GC(25) Metaspace: 6301K(6464K)->6301K(6464K) NonClass: 5768K(5824K)->5768K(5824K) Class: 533K(640K)->533K(640K)
[0.653s][info][gc             ] GC(25) Pause Young (Allocation Failure) 62M->62M(91M) 16.178ms
[0.653s][info][gc,cpu         ] GC(25) User=0.02s Sys=0.00s Real=0.02s
[0.665s][info][gc,start       ] GC(26) Pause Young (Allocation Failure)
[0.682s][info][gc,heap        ] GC(26) PSYoungGen: 21536K(27136K)->17408K(26112K) Eden: 10752K(10752K)->0K(8704K) From: 10784K(16384K)->17408K(17408K)
[0.682s][info][gc,heap        ] GC(26) ParOldGen: 53648K(66048K)->57792K(66048K)
[0.682s][info][gc,metaspace   ] GC(26) Metaspace: 6301K(6464K)->6301K(6464K) NonClass: 5768K(5824K)->5768K(5824K) Class: 533K(640K)->533K(640K)
[0.682s][info][gc             ] GC(26) Pause Young (Allocation Failure) 73M->73M(90M) 17.451ms
[0.682s][info][gc,cpu         ] GC(26) User=0.02s Sys=0.02s Real=0.02s
[0.682s][info][gc,start       ] GC(27) Pause Full (Ergonomics)
[0.682s][info][gc,phases,start] GC(27) Marking Phase
[0.710s][info][gc,phases      ] GC(27) Marking Phase 27.897ms
[0.710s][info][gc,phases,start] GC(27) Summary Phase
[0.710s][info][gc,phases      ] GC(27) Summary Phase 0.020ms
[0.710s][info][gc,phases,start] GC(27) Adjust Roots
[0.711s][info][gc,phases      ] GC(27) Adjust Roots 0.170ms
[0.711s][info][gc,phases,start] GC(27) Compaction Phase
[0.730s][info][gc,phases      ] GC(27) Compaction Phase 19.664ms
[0.730s][info][gc,phases,start] GC(27) Post Compact
[0.731s][info][gc,phases      ] GC(27) Post Compact 0.391ms
[0.731s][info][gc,heap        ] GC(27) PSYoungGen: 17408K(26112K)->9198K(26112K) Eden: 0K(8704K)->0K(8704K) From: 17408K(17408K)->9198K(17408K)
[0.731s][info][gc,heap        ] GC(27) ParOldGen: 57792K(66048K)->65824K(83456K)
[0.731s][info][gc,metaspace   ] GC(27) Metaspace: 6301K(6464K)->6301K(6464K) NonClass: 5768K(5824K)->5768K(5824K) Class: 533K(640K)->533K(640K)
[0.731s][info][gc             ] GC(27) Pause Full (Ergonomics) 73M->73M(107M) 48.576ms
[0.731s][info][gc,cpu         ] GC(27) User=0.05s Sys=0.00s Real=0.05s
[0.741s][info][gc,start       ] GC(28) Pause Young (Allocation Failure)
[0.760s][info][gc,heap        ] GC(28) PSYoungGen: 17902K(26112K)->8736K(30208K) Eden: 8704K(8704K)->0K(8704K) From: 9198K(17408K)->8736K(21504K)
[0.760s][info][gc,heap        ] GC(28) ParOldGen: 65824K(83456K)->75176K(83456K)
[0.760s][info][gc,metaspace   ] GC(28) Metaspace: 6301K(6464K)->6301K(6464K) NonClass: 5768K(5824K)->5768K(5824K) Class: 533K(640K)->533K(640K)
[0.760s][info][gc             ] GC(28) Pause Young (Allocation Failure) 81M->81M(111M) 19.139ms
[0.760s][info][gc,cpu         ] GC(28) User=0.03s Sys=0.00s Real=0.02s
[0.760s][info][gc,start       ] GC(29) Pause Full (Ergonomics)
[0.760s][info][gc,phases,start] GC(29) Marking Phase
[0.795s][info][gc,phases      ] GC(29) Marking Phase 34.578ms
[0.795s][info][gc,phases,start] GC(29) Summary Phase
[0.795s][info][gc,phases      ] GC(29) Summary Phase 0.017ms
[0.795s][info][gc,phases,start] GC(29) Adjust Roots
[0.795s][info][gc,phases      ] GC(29) Adjust Roots 0.164ms
[0.795s][info][gc,phases,start] GC(29) Compaction Phase
[0.813s][info][gc,phases      ] GC(29) Compaction Phase 18.198ms
[0.813s][info][gc,phases,start] GC(29) Post Compact
[0.814s][info][gc,phases      ] GC(29) Post Compact 0.388ms
[0.814s][info][gc,heap        ] GC(29) PSYoungGen: 8736K(30208K)->493K(30208K) Eden: 0K(8704K)->0K(8704K) From: 8736K(21504K)->493K(21504K)
[0.814s][info][gc,heap        ] GC(29) ParOldGen: 75176K(83456K)->83198K(104448K)
[0.814s][info][gc,metaspace   ] GC(29) Metaspace: 6301K(6464K)->6301K(6464K) NonClass: 5768K(5824K)->5768K(5824K) Class: 533K(640K)->533K(640K)
[0.814s][info][gc             ] GC(29) Pause Full (Ergonomics) 81M->81M(131M) 53.730ms
[0.814s][info][gc,cpu         ] GC(29) User=0.11s Sys=0.00s Real=0.05s
[0.820s][info][gc,start       ] GC(30) Pause Young (Allocation Failure)
[0.832s][info][gc,heap        ] GC(30) PSYoungGen: 5702K(30208K)->5568K(29696K) Eden: 5209K(8704K)->0K(10240K) From: 493K(21504K)->5568K(19456K)
[0.832s][info][gc,heap        ] GC(30) ParOldGen: 83198K(104448K)->83198K(104448K)
[0.832s][info][gc,metaspace   ] GC(30) Metaspace: 6301K(6464K)->6301K(6464K) NonClass: 5768K(5824K)->5768K(5824K) Class: 533K(640K)->533K(640K)
[0.832s][info][gc             ] GC(30) Pause Young (Allocation Failure) 86M->86M(131M) 11.420ms
[0.832s][info][gc,cpu         ] GC(30) User=0.02s Sys=0.00s Real=0.01s
[0.852s][info][gc,start       ] GC(31) Pause Young (Allocation Failure)
[0.863s][info][gc,heap        ] GC(31) PSYoungGen: 15808K(29696K)->15808K(30208K) Eden: 10240K(10240K)->0K(10240K) From: 5568K(19456K)->15808K(19968K)
[0.863s][info][gc,heap        ] GC(31) ParOldGen: 83198K(104448K)->83198K(104448K)
[0.863s][info][gc,metaspace   ] GC(31) Metaspace: 6301K(6464K)->6301K(6464K) NonClass: 5768K(5824K)->5768K(5824K) Class: 533K(640K)->533K(640K)
[0.863s][info][gc             ] GC(31) Pause Young (Allocation Failure) 96M->96M(131M) 11.285ms
[0.863s][info][gc,cpu         ] GC(31) User=0.02s Sys=0.00s Real=0.01s
[0.873s][info][gc,start       ] GC(32) Pause Young (Allocation Failure)
[0.890s][info][gc,heap        ] GC(32) PSYoungGen: 26048K(30208K)->21472K(28672K) Eden: 10240K(10240K)->0K(7168K) From: 15808K(19968K)->21472K(21504K)
[0.890s][info][gc,heap        ] GC(32) ParOldGen: 83198K(104448K)->87806K(104448K)
[0.890s][info][gc,metaspace   ] GC(32) Metaspace: 6301K(6464K)->6301K(6464K) NonClass: 5768K(5824K)->5768K(5824K) Class: 533K(640K)->533K(640K)
[0.890s][info][gc             ] GC(32) Pause Young (Allocation Failure) 106M->106M(130M) 16.267ms
[0.890s][info][gc,cpu         ] GC(32) User=0.00s Sys=0.00s Real=0.02s
[0.896s][info][gc,start       ] GC(33) Pause Young (Allocation Failure)
[0.910s][info][gc,heap        ] GC(33) PSYoungGen: 28640K(28672K)->24128K(33792K) Eden: 7168K(7168K)->0K(7168K) From: 21472K(21504K)->24128K(26624K)
[0.910s][info][gc,heap        ] GC(33) ParOldGen: 87806K(104448K)->92454K(104448K)
[0.910s][info][gc,metaspace   ] GC(33) Metaspace: 6301K(6464K)->6301K(6464K) NonClass: 5768K(5824K)->5768K(5824K) Class: 533K(640K)->533K(640K)
[0.910s][info][gc             ] GC(33) Pause Young (Allocation Failure) 113M->113M(135M) 14.166ms
[0.910s][info][gc,cpu         ] GC(33) User=0.02s Sys=0.00s Real=0.01s
[0.917s][info][gc,start       ] GC(34) Pause Young (Allocation Failure)
[0.934s][info][gc,heap        ] GC(34) PSYoungGen: 31296K(33792K)->22272K(36864K) Eden: 7168K(7168K)->0K(6656K) From: 24128K(26624K)->22272K(30208K)
[0.934s][info][gc,heap        ] GC(34) ParOldGen: 92454K(104448K)->101510K(104448K)
[0.934s][info][gc,metaspace   ] GC(34) Metaspace: 6301K(6464K)->6301K(6464K) NonClass: 5768K(5824K)->5768K(5824K) Class: 533K(640K)->533K(640K)
[0.934s][info][gc             ] GC(34) Pause Young (Allocation Failure) 120M->120M(138M) 16.852ms
[0.934s][info][gc,cpu         ] GC(34) User=0.03s Sys=0.00s Real=0.02s
[0.934s][info][gc,start       ] GC(35) Pause Full (Ergonomics)
[0.934s][info][gc,phases,start] GC(35) Marking Phase
[0.969s][info][gc,phases      ] GC(35) Marking Phase 34.712ms
[0.969s][info][gc,phases,start] GC(35) Summary Phase
[0.969s][info][gc,phases      ] GC(35) Summary Phase 0.016ms
[0.969s][info][gc,phases,start] GC(35) Adjust Roots
[0.969s][info][gc,phases      ] GC(35) Adjust Roots 0.155ms
[0.969s][info][gc,phases,start] GC(35) Compaction Phase
[1.003s][info][gc,phases      ] GC(35) Compaction Phase 34.054ms
[1.003s][info][gc,phases,start] GC(35) Post Compact
[1.004s][info][gc,phases      ] GC(35) Post Compact 0.654ms
[1.004s][info][gc,heap        ] GC(35) PSYoungGen: 22272K(36864K)->17073K(36864K) Eden: 0K(6656K)->0K(6656K) From: 22272K(30208K)->17073K(30208K)
[1.004s][info][gc,heap        ] GC(35) ParOldGen: 101510K(104448K)->104310K(127488K)
[1.004s][info][gc,metaspace   ] GC(35) Metaspace: 6301K(6464K)->6301K(6464K) NonClass: 5768K(5824K)->5768K(5824K) Class: 533K(640K)->533K(640K)
[1.004s][info][gc             ] GC(35) Pause Full (Ergonomics) 120M->118M(160M) 70.067ms
[1.004s][info][gc,cpu         ] GC(35) User=0.12s Sys=0.00s Real=0.07s
[1.010s][info][gc,start       ] GC(36) Pause Young (Allocation Failure)
[1.034s][info][gc,heap        ] GC(36) PSYoungGen: 23729K(36864K)->12672K(38912K) Eden: 6656K(6656K)->0K(6656K) From: 17073K(30208K)->12672K(32256K)
[1.034s][info][gc,heap        ] GC(36) ParOldGen: 104310K(127488K)->115582K(127488K)
[1.034s][info][gc,metaspace   ] GC(36) Metaspace: 6301K(6464K)->6301K(6464K) NonClass: 5768K(5824K)->5768K(5824K) Class: 533K(640K)->533K(640K)
[1.035s][info][gc             ] GC(36) Pause Young (Allocation Failure) 125M->125M(162M) 24.122ms
[1.035s][info][gc,cpu         ] GC(36) User=0.03s Sys=0.00s Real=0.02s
[1.035s][info][gc,start       ] GC(37) Pause Full (Ergonomics)
[1.035s][info][gc,phases,start] GC(37) Marking Phase
[1.082s][info][gc,phases      ] GC(37) Marking Phase 47.257ms
[1.082s][info][gc,phases,start] GC(37) Summary Phase
[1.082s][info][gc,phases      ] GC(37) Summary Phase 0.017ms
[1.082s][info][gc,phases,start] GC(37) Adjust Roots
[1.082s][info][gc,phases      ] GC(37) Adjust Roots 0.146ms
[1.082s][info][gc,phases,start] GC(37) Compaction Phase
[1.101s][info][gc,phases      ] GC(37) Compaction Phase 19.164ms
[1.101s][info][gc,phases,start] GC(37) Post Compact
[1.102s][info][gc,phases      ] GC(37) Post Compact 0.806ms
[1.103s][info][gc,heap        ] GC(37) PSYoungGen: 12672K(38912K)->861K(7680K) Eden: 0K(6656K)->0K(6656K) From: 12672K(32256K)->861K(1024K)
[1.103s][info][gc,heap        ] GC(37) ParOldGen: 115582K(127488K)->127145K(154624K)
[1.103s][info][gc,metaspace   ] GC(37) Metaspace: 6301K(6464K)->6301K(6464K) NonClass: 5768K(5824K)->5768K(5824K) Class: 533K(640K)->533K(640K)
[1.103s][info][gc             ] GC(37) Pause Full (Ergonomics) 125M->125M(158M) 67.978ms
[1.103s][info][gc,cpu         ] GC(37) User=0.14s Sys=0.00s Real=0.07s
[1.109s][info][gc,start       ] GC(38) Pause Young (Allocation Failure)
[1.123s][info][gc,heap        ] GC(38) PSYoungGen: 7517K(7680K)->6912K(36352K) Eden: 6656K(6656K)->0K(7680K) From: 861K(1024K)->6912K(28672K)
[1.124s][info][gc,heap        ] GC(38) ParOldGen: 127145K(154624K)->127833K(154624K)
[1.124s][info][gc,metaspace   ] GC(38) Metaspace: 6301K(6464K)->6301K(6464K) NonClass: 5768K(5824K)->5768K(5824K) Class: 533K(640K)->533K(640K)
[1.124s][info][gc             ] GC(38) Pause Young (Allocation Failure) 131M->131M(186M) 14.664ms
[1.124s][info][gc,cpu         ] GC(38) User=0.00s Sys=0.00s Real=0.01s
[1.131s][info][gc,start       ] GC(39) Pause Young (Allocation Failure)
[1.139s][info][gc,heap        ] GC(39) PSYoungGen: 14592K(36352K)->14560K(37376K) Eden: 7680K(7680K)->0K(7680K) From: 6912K(28672K)->14560K(29696K)
[1.139s][info][gc,heap        ] GC(39) ParOldGen: 127833K(154624K)->127833K(154624K)
[1.139s][info][gc,metaspace   ] GC(39) Metaspace: 6301K(6464K)->6301K(6464K) NonClass: 5768K(5824K)->5768K(5824K) Class: 533K(640K)->533K(640K)
[1.139s][info][gc             ] GC(39) Pause Young (Allocation Failure) 139M->139M(187M) 8.238ms
[1.139s][info][gc,cpu         ] GC(39) User=0.00s Sys=0.00s Real=0.01s
[1.147s][info][gc,start       ] GC(40) Pause Young (Allocation Failure)
[1.158s][info][gc,heap        ] GC(40) PSYoungGen: 22240K(37376K)->22208K(35840K) Eden: 7680K(7680K)->0K(7168K) From: 14560K(29696K)->22208K(28672K)
[1.158s][info][gc,heap        ] GC(40) ParOldGen: 127833K(154624K)->127833K(154624K)
[1.158s][info][gc,metaspace   ] GC(40) Metaspace: 6301K(6464K)->6301K(6464K) NonClass: 5768K(5824K)->5768K(5824K) Class: 533K(640K)->533K(640K)
[1.158s][info][gc             ] GC(40) Pause Young (Allocation Failure) 146M->146M(186M) 11.159ms
[1.158s][info][gc,cpu         ] GC(40) User=0.02s Sys=0.00s Real=0.01s
[1.165s][info][gc,start       ] GC(41) Pause Young (Allocation Failure)
[1.179s][info][gc,heap        ] GC(41) PSYoungGen: 29376K(35840K)->29376K(37888K) Eden: 7168K(7168K)->0K(7168K) From: 22208K(28672K)->29376K(30720K)
[1.179s][info][gc,heap        ] GC(41) ParOldGen: 127833K(154624K)->127833K(154624K)
[1.179s][info][gc,metaspace   ] GC(41) Metaspace: 6301K(6464K)->6301K(6464K) NonClass: 5768K(5824K)->5768K(5824K) Class: 533K(640K)->533K(640K)
[1.179s][info][gc             ] GC(41) Pause Young (Allocation Failure) 153M->153M(188M) 13.967ms
[1.179s][info][gc,cpu         ] GC(41) User=0.02s Sys=0.00s Real=0.01s
[1.185s][info][gc,start       ] GC(42) Pause Young (Allocation Failure)
[1.203s][info][gc,heap        ] GC(42) PSYoungGen: 36544K(37888K)->35328K(38400K) Eden: 7168K(7168K)->0K(3072K) From: 29376K(30720K)->35328K(35328K)
[1.203s][info][gc,heap        ] GC(42) ParOldGen: 127833K(154624K)->128993K(154624K)
[1.203s][info][gc,metaspace   ] GC(42) Metaspace: 6301K(6464K)->6301K(6464K) NonClass: 5768K(5824K)->5768K(5824K) Class: 533K(640K)->533K(640K)
[1.203s][info][gc             ] GC(42) Pause Young (Allocation Failure) 160M->160M(188M) 17.687ms
[1.203s][info][gc,cpu         ] GC(42) User=0.06s Sys=0.00s Real=0.02s
[1.206s][info][gc,start       ] GC(43) Pause Young (Allocation Failure)
[1.223s][info][gc,heap        ] GC(43) PSYoungGen: 38400K(38400K)->24288K(44032K) Eden: 3072K(3072K)->0K(3072K) From: 35328K(35328K)->24288K(40960K)
[1.223s][info][gc,heap        ] GC(43) ParOldGen: 128993K(154624K)->143337K(154624K)
[1.223s][info][gc,metaspace   ] GC(43) Metaspace: 6301K(6464K)->6301K(6464K) NonClass: 5768K(5824K)->5768K(5824K) Class: 533K(640K)->533K(640K)
[1.224s][info][gc             ] GC(43) Pause Young (Allocation Failure) 163M->163M(194M) 17.296ms
[1.224s][info][gc,cpu         ] GC(43) User=0.05s Sys=0.00s Real=0.02s
[1.224s][info][gc,start       ] GC(44) Pause Full (Ergonomics)
[1.224s][info][gc,phases,start] GC(44) Marking Phase
[1.263s][info][gc,phases      ] GC(44) Marking Phase 39.428ms
[1.263s][info][gc,phases,start] GC(44) Summary Phase
[1.263s][info][gc,phases      ] GC(44) Summary Phase 0.018ms
[1.263s][info][gc,phases,start] GC(44) Adjust Roots
[1.263s][info][gc,phases      ] GC(44) Adjust Roots 0.149ms
[1.263s][info][gc,phases,start] GC(44) Compaction Phase
[1.285s][info][gc,phases      ] GC(44) Compaction Phase 21.627ms
[1.285s][info][gc,phases,start] GC(44) Post Compact
[1.286s][info][gc,phases      ] GC(44) Post Compact 0.868ms
[1.286s][info][gc,heap        ] GC(44) PSYoungGen: 24288K(44032K)->12949K(44032K) Eden: 0K(3072K)->0K(3072K) From: 24288K(40960K)->12949K(40960K)
[1.286s][info][gc,heap        ] GC(44) ParOldGen: 143337K(154624K)->154286K(184832K)
[1.286s][info][gc,metaspace   ] GC(44) Metaspace: 6301K(6464K)->6301K(6464K) NonClass: 5768K(5824K)->5768K(5824K) Class: 533K(640K)->533K(640K)
[1.286s][info][gc             ] GC(44) Pause Full (Ergonomics) 163M->163M(223M) 62.571ms
[1.286s][info][gc,cpu         ] GC(44) User=0.19s Sys=0.02s Real=0.06s
[1.290s][info][gc,start       ] GC(45) Pause Young (Allocation Failure)
[1.304s][info][gc,heap        ] GC(45) PSYoungGen: 16021K(44032K)->8608K(43520K) Eden: 3072K(3072K)->0K(4096K) From: 12949K(40960K)->8608K(39424K)
[1.304s][info][gc,heap        ] GC(45) ParOldGen: 154286K(184832K)->161910K(184832K)
[1.304s][info][gc,metaspace   ] GC(45) Metaspace: 6301K(6464K)->6301K(6464K) NonClass: 5768K(5824K)->5768K(5824K) Class: 533K(640K)->533K(640K)
[1.304s][info][gc             ] GC(45) Pause Young (Allocation Failure) 166M->166M(223M) 14.722ms
[1.304s][info][gc,cpu         ] GC(45) User=0.02s Sys=0.00s Real=0.01s
[1.309s][info][gc,start       ] GC(46) Pause Young (Allocation Failure)
[1.315s][info][gc,heap        ] GC(46) PSYoungGen: 12704K(43520K)->7200K(44544K) Eden: 4096K(4096K)->0K(4096K) From: 8608K(39424K)->7200K(40448K)
[1.315s][info][gc,heap        ] GC(46) ParOldGen: 161910K(184832K)->167462K(184832K)
[1.315s][info][gc,metaspace   ] GC(46) Metaspace: 6301K(6464K)->6301K(6464K) NonClass: 5768K(5824K)->5768K(5824K) Class: 533K(640K)->533K(640K)
[1.315s][info][gc             ] GC(46) Pause Young (Allocation Failure) 170M->170M(224M) 6.731ms
[1.315s][info][gc,cpu         ] GC(46) User=0.02s Sys=0.00s Real=0.01s
[1.356s][info][gc,start       ] GC(47) Pause Full (Ergonomics)
[1.356s][info][gc,phases,start] GC(47) Marking Phase
[1.402s][info][gc,phases      ] GC(47) Marking Phase 46.133ms
[1.402s][info][gc,phases,start] GC(47) Summary Phase
[1.403s][info][gc,phases      ] GC(47) Summary Phase 0.019ms
[1.403s][info][gc,phases,start] GC(47) Adjust Roots
[1.403s][info][gc,phases      ] GC(47) Adjust Roots 0.141ms
[1.403s][info][gc,phases,start] GC(47) Compaction Phase
[1.433s][info][gc,phases      ] GC(47) Compaction Phase 30.762ms
[1.434s][info][gc,phases,start] GC(47) Post Compact
[1.434s][info][gc,phases      ] GC(47) Post Compact 0.739ms
[1.434s][info][gc,heap        ] GC(47) PSYoungGen: 11296K(44544K)->0K(45056K) Eden: 4096K(4096K)->0K(5120K) From: 7200K(40448K)->0K(39936K)
[1.434s][info][gc,heap        ] GC(47) ParOldGen: 175654K(184832K)->182506K(214528K)
[1.434s][info][gc,metaspace   ] GC(47) Metaspace: 6301K(6464K)->6301K(6464K) NonClass: 5768K(5824K)->5768K(5824K) Class: 533K(640K)->533K(640K)
[1.435s][info][gc             ] GC(47) Pause Full (Ergonomics) 182M->178M(253M) 78.278ms
[1.435s][info][gc,cpu         ] GC(47) User=0.27s Sys=0.00s Real=0.08s
[1.441s][info][gc,start       ] GC(48) Pause Young (Allocation Failure)
[1.445s][info][gc,heap        ] GC(48) PSYoungGen: 5120K(45056K)->5216K(45056K) Eden: 5120K(5120K)->0K(5120K) From: 0K(39936K)->5216K(39936K)
[1.445s][info][gc,heap        ] GC(48) ParOldGen: 182506K(214528K)->182506K(214528K)
[1.445s][info][gc,metaspace   ] GC(48) Metaspace: 6301K(6464K)->6301K(6464K) NonClass: 5768K(5824K)->5768K(5824K) Class: 533K(640K)->533K(640K)
[1.445s][info][gc             ] GC(48) Pause Young (Allocation Failure) 183M->183M(253M) 4.517ms
[1.445s][info][gc,cpu         ] GC(48) User=0.00s Sys=0.00s Real=0.00s
[1.450s][info][gc,start       ] GC(49) Pause Young (Allocation Failure)
[1.456s][info][gc,heap        ] GC(49) PSYoungGen: 10336K(45056K)->10336K(42496K) Eden: 5120K(5120K)->0K(6144K) From: 5216K(39936K)->10336K(36352K)
[1.456s][info][gc,heap        ] GC(49) ParOldGen: 182506K(214528K)->182506K(214528K)
[1.456s][info][gc,metaspace   ] GC(49) Metaspace: 6301K(6464K)->6301K(6464K) NonClass: 5768K(5824K)->5768K(5824K) Class: 533K(640K)->533K(640K)
[1.456s][info][gc             ] GC(49) Pause Young (Allocation Failure) 188M->188M(251M) 5.925ms
[1.456s][info][gc,cpu         ] GC(49) User=0.02s Sys=0.00s Real=0.01s
[1.462s][info][gc,start       ] GC(50) Pause Young (Allocation Failure)
[1.470s][info][gc,heap        ] GC(50) PSYoungGen: 16480K(42496K)->16416K(23040K) Eden: 6144K(6144K)->0K(6144K) From: 10336K(36352K)->16416K(16896K)
[1.470s][info][gc,heap        ] GC(50) ParOldGen: 182506K(214528K)->182506K(214528K)
[1.470s][info][gc,metaspace   ] GC(50) Metaspace: 6301K(6464K)->6301K(6464K) NonClass: 5768K(5824K)->5768K(5824K) Class: 533K(640K)->533K(640K)
[1.470s][info][gc             ] GC(50) Pause Young (Allocation Failure) 194M->194M(232M) 8.267ms
[1.470s][info][gc,cpu         ] GC(50) User=0.02s Sys=0.00s Real=0.01s
[1.476s][info][gc,start       ] GC(51) Pause Young (Allocation Failure)
[1.487s][info][gc,heap        ] GC(51) PSYoungGen: 22560K(23040K)->17440K(40448K) Eden: 6144K(6144K)->0K(7168K) From: 16416K(16896K)->17440K(33280K)
[1.487s][info][gc,heap        ] GC(51) ParOldGen: 182506K(214528K)->187690K(214528K)
[1.487s][info][gc,metaspace   ] GC(51) Metaspace: 6301K(6464K)->6301K(6464K) NonClass: 5768K(5824K)->5768K(5824K) Class: 533K(640K)->533K(640K)
[1.488s][info][gc             ] GC(51) Pause Young (Allocation Failure) 200M->200M(249M) 11.410ms
[1.488s][info][gc,cpu         ] GC(51) User=0.02s Sys=0.00s Real=0.01s
[1.495s][info][gc,start       ] GC(52) Pause Young (Allocation Failure)
[1.508s][info][gc,heap        ] GC(52) PSYoungGen: 24608K(40448K)->19456K(41984K) Eden: 7168K(7168K)->0K(7168K) From: 17440K(33280K)->19456K(34816K)
[1.508s][info][gc,heap        ] GC(52) ParOldGen: 187690K(214528K)->192874K(214528K)
[1.508s][info][gc,metaspace   ] GC(52) Metaspace: 6301K(6464K)->6301K(6464K) NonClass: 5768K(5824K)->5768K(5824K) Class: 533K(640K)->533K(640K)
[1.508s][info][gc             ] GC(52) Pause Young (Allocation Failure) 207M->207M(250M) 13.263ms
[1.508s][info][gc,cpu         ] GC(52) User=0.00s Sys=0.00s Real=0.01s
[1.517s][info][gc,start       ] GC(53) Pause Young (Allocation Failure)
[1.532s][info][gc,heap        ] GC(53) PSYoungGen: 26624K(41984K)->14400K(39424K) Eden: 7168K(7168K)->0K(8704K) From: 19456K(34816K)->14400K(30720K)
[1.532s][info][gc,heap        ] GC(53) ParOldGen: 192874K(214528K)->205290K(214528K)
[1.532s][info][gc,metaspace   ] GC(53) Metaspace: 6301K(6464K)->6301K(6464K) NonClass: 5768K(5824K)->5768K(5824K) Class: 533K(640K)->533K(640K)
[1.532s][info][gc             ] GC(53) Pause Young (Allocation Failure) 214M->214M(248M) 15.311ms
[1.532s][info][gc,cpu         ] GC(53) User=0.00s Sys=0.00s Real=0.02s
[1.532s][info][gc,start       ] GC(54) Pause Full (Ergonomics)
[1.532s][info][gc,phases,start] GC(54) Marking Phase
[1.595s][info][gc,phases      ] GC(54) Marking Phase 62.660ms
[1.595s][info][gc,phases,start] GC(54) Summary Phase
[1.595s][info][gc,phases      ] GC(54) Summary Phase 0.028ms
[1.595s][info][gc,phases,start] GC(54) Adjust Roots
[1.595s][info][gc,phases      ] GC(54) Adjust Roots 0.164ms
[1.595s][info][gc,phases,start] GC(54) Compaction Phase
[1.622s][info][gc,phases      ] GC(54) Compaction Phase 27.311ms
[1.622s][info][gc,phases,start] GC(54) Post Compact
[1.623s][info][gc,phases      ] GC(54) Post Compact 1.108ms
[1.624s][info][gc,heap        ] GC(54) PSYoungGen: 14400K(39424K)->5074K(40960K) Eden: 0K(8704K)->0K(10240K) From: 14400K(30720K)->5074K(30720K)
[1.624s][info][gc,heap        ] GC(54) ParOldGen: 205290K(214528K)->214114K(248832K)
[1.624s][info][gc,metaspace   ] GC(54) Metaspace: 6301K(6464K)->6301K(6464K) NonClass: 5768K(5824K)->5768K(5824K) Class: 533K(640K)->533K(640K)
[1.624s][info][gc             ] GC(54) Pause Full (Ergonomics) 214M->214M(283M) 91.805ms
[1.624s][info][gc,cpu         ] GC(54) User=0.31s Sys=0.06s Real=0.09s
[1.635s][info][gc,start       ] GC(55) Pause Young (Allocation Failure)
[1.652s][info][gc,heap        ] GC(55) PSYoungGen: 15314K(40960K)->10272K(43008K) Eden: 10240K(10240K)->0K(10240K) From: 5074K(30720K)->10272K(32768K)
[1.652s][info][gc,heap        ] GC(55) ParOldGen: 214114K(248832K)->219282K(248832K)
[1.652s][info][gc,metaspace   ] GC(55) Metaspace: 6301K(6464K)->6301K(6464K) NonClass: 5768K(5824K)->5768K(5824K) Class: 533K(640K)->533K(640K)
[1.652s][info][gc             ] GC(55) Pause Young (Allocation Failure) 224M->224M(285M) 16.861ms
[1.652s][info][gc,cpu         ] GC(55) User=0.02s Sys=0.00s Real=0.02s
[1.665s][info][gc,start       ] GC(56) Pause Young (Allocation Failure)
[1.676s][info][gc,heap        ] GC(56) PSYoungGen: 20512K(43008K)->10304K(41984K) Eden: 10240K(10240K)->0K(11776K) From: 10272K(32768K)->10304K(30208K)
[1.676s][info][gc,heap        ] GC(56) ParOldGen: 219282K(248832K)->229674K(248832K)
[1.676s][info][gc,metaspace   ] GC(56) Metaspace: 6301K(6464K)->6301K(6464K) NonClass: 5768K(5824K)->5768K(5824K) Class: 533K(640K)->533K(640K)
[1.676s][info][gc             ] GC(56) Pause Young (Allocation Failure) 234M->234M(284M) 11.536ms
[1.676s][info][gc,cpu         ] GC(56) User=0.02s Sys=0.00s Real=0.01s
[1.689s][info][gc,start       ] GC(57) Pause Young (Allocation Failure)
[1.701s][info][gc,heap        ] GC(57) PSYoungGen: 22080K(41984K)->11872K(43008K) Eden: 11776K(11776K)->0K(11776K) From: 10304K(30208K)->11872K(31232K)
[1.701s][info][gc,heap        ] GC(57) ParOldGen: 229674K(248832K)->240066K(248832K)
[1.701s][info][gc,metaspace   ] GC(57) Metaspace: 6301K(6464K)->6301K(6464K) NonClass: 5768K(5824K)->5768K(5824K) Class: 533K(640K)->533K(640K)
[1.701s][info][gc             ] GC(57) Pause Young (Allocation Failure) 245M->246M(285M) 12.618ms
[1.701s][info][gc,cpu         ] GC(57) User=0.00s Sys=0.00s Real=0.01s
[1.701s][info][gc,start       ] GC(58) Pause Full (Ergonomics)
[1.701s][info][gc,phases,start] GC(58) Marking Phase
[1.766s][info][gc,phases      ] GC(58) Marking Phase 64.585ms
[1.766s][info][gc,phases,start] GC(58) Summary Phase
[1.766s][info][gc,phases      ] GC(58) Summary Phase 0.024ms
[1.766s][info][gc,phases,start] GC(58) Adjust Roots
[1.766s][info][gc,phases      ] GC(58) Adjust Roots 0.194ms
[1.766s][info][gc,phases,start] GC(58) Compaction Phase
[1.795s][info][gc,phases      ] GC(58) Compaction Phase 29.132ms
[1.795s][info][gc,phases,start] GC(58) Post Compact
[1.797s][info][gc,phases      ] GC(58) Post Compact 1.287ms
[1.797s][info][gc,heap        ] GC(58) PSYoungGen: 11872K(43008K)->2548K(43008K) Eden: 0K(11776K)->0K(11776K) From: 11872K(31232K)->2548K(31232K)
[1.797s][info][gc,heap        ] GC(58) ParOldGen: 240066K(248832K)->248801K(287744K)
[1.797s][info][gc,metaspace   ] GC(58) Metaspace: 6301K(6464K)->6301K(6464K) NonClass: 5768K(5824K)->5768K(5824K) Class: 533K(640K)->533K(640K)
[1.797s][info][gc             ] GC(58) Pause Full (Ergonomics) 246M->245M(323M) 95.738ms
[1.797s][info][gc,cpu         ] GC(58) User=0.34s Sys=0.02s Real=0.10s
[1.810s][info][gc,start       ] GC(59) Pause Young (Allocation Failure)
[1.829s][info][gc,heap        ] GC(59) PSYoungGen: 14324K(43008K)->11872K(40960K) Eden: 11776K(11776K)->0K(13312K) From: 2548K(31232K)->11872K(27648K)
[1.829s][info][gc,heap        ] GC(59) ParOldGen: 248801K(287744K)->251409K(287744K)
[1.829s][info][gc,metaspace   ] GC(59) Metaspace: 6301K(6464K)->6301K(6464K) NonClass: 5768K(5824K)->5768K(5824K) Class: 533K(640K)->533K(640K)
[1.829s][info][gc             ] GC(59) Pause Young (Allocation Failure) 256M->257M(321M) 19.301ms
[1.829s][info][gc,cpu         ] GC(59) User=0.06s Sys=0.02s Real=0.02s
[1.845s][info][gc,start       ] GC(60) Pause Young (Allocation Failure)
[1.858s][info][gc,heap        ] GC(60) PSYoungGen: 25184K(40960K)->25152K(41984K) Eden: 13312K(13312K)->0K(13312K) From: 11872K(27648K)->25152K(28672K)
[1.858s][info][gc,heap        ] GC(60) ParOldGen: 251409K(287744K)->251409K(287744K)
[1.858s][info][gc,metaspace   ] GC(60) Metaspace: 6301K(6464K)->6301K(6464K) NonClass: 5768K(5824K)->5768K(5824K) Class: 533K(640K)->533K(640K)
[1.858s][info][gc             ] GC(60) Pause Young (Allocation Failure) 270M->270M(322M) 13.580ms
[1.858s][info][gc,cpu         ] GC(60) User=0.00s Sys=0.00s Real=0.01s
[1.873s][info][gc,start       ] GC(61) Pause Young (Allocation Failure)
[1.895s][info][gc,heap        ] GC(61) PSYoungGen: 38464K(41984K)->31232K(38912K) Eden: 13312K(13312K)->0K(7680K) From: 25152K(28672K)->31232K(31232K)
[1.895s][info][gc,heap        ] GC(61) ParOldGen: 251409K(287744K)->258673K(287744K)
[1.895s][info][gc,metaspace   ] GC(61) Metaspace: 6301K(6464K)->6301K(6464K) NonClass: 5768K(5824K)->5768K(5824K) Class: 533K(640K)->533K(640K)
[1.895s][info][gc             ] GC(61) Pause Young (Allocation Failure) 283M->283M(319M) 21.726ms
[1.895s][info][gc,cpu         ] GC(61) User=0.06s Sys=0.05s Real=0.02s
[1.903s][info][gc,start       ] GC(62) Pause Young (Allocation Failure)
[1.923s][info][gc,heap        ] GC(62) PSYoungGen: 38912K(38912K)->18656K(46080K) Eden: 7680K(7680K)->0K(7680K) From: 31232K(31232K)->18656K(38400K)
[1.923s][info][gc,heap        ] GC(62) ParOldGen: 258673K(287744K)->279337K(287744K)
[1.923s][info][gc,metaspace   ] GC(62) Metaspace: 6301K(6464K)->6301K(6464K) NonClass: 5768K(5824K)->5768K(5824K) Class: 533K(640K)->533K(640K)
[1.923s][info][gc             ] GC(62) Pause Young (Allocation Failure) 290M->291M(326M) 20.277ms
[1.923s][info][gc,cpu         ] GC(62) User=0.09s Sys=0.00s Real=0.02s
[1.923s][info][gc,start       ] GC(63) Pause Full (Ergonomics)
[1.923s][info][gc,phases,start] GC(63) Marking Phase
[2.001s][info][gc,phases      ] GC(63) Marking Phase 77.132ms
[2.001s][info][gc,phases,start] GC(63) Summary Phase
[2.001s][info][gc,phases      ] GC(63) Summary Phase 0.029ms
[2.001s][info][gc,phases,start] GC(63) Adjust Roots
[2.001s][info][gc,phases      ] GC(63) Adjust Roots 0.190ms
[2.001s][info][gc,phases,start] GC(63) Compaction Phase
[2.037s][info][gc,phases      ] GC(63) Compaction Phase 36.066ms
[2.037s][info][gc,phases,start] GC(63) Post Compact
[2.039s][info][gc,phases      ] GC(63) Post Compact 1.557ms
[2.039s][info][gc,heap        ] GC(63) PSYoungGen: 18656K(46080K)->9807K(46080K) Eden: 0K(7680K)->0K(7680K) From: 18656K(38400K)->9807K(38400K)
[2.039s][info][gc,heap        ] GC(63) ParOldGen: 279337K(287744K)->287495K(332288K)
[2.039s][info][gc,metaspace   ] GC(63) Metaspace: 6301K(6464K)->6301K(6464K) NonClass: 5768K(5824K)->5768K(5824K) Class: 533K(640K)->533K(640K)
[2.039s][info][gc             ] GC(63) Pause Full (Ergonomics) 291M->290M(369M) 115.539ms
[2.039s][info][gc,cpu         ] GC(63) User=0.59s Sys=0.00s Real=0.12s
[2.048s][info][gc,start       ] GC(64) Pause Young (Allocation Failure)
[2.071s][info][gc,heap        ] GC(64) PSYoungGen: 17487K(46080K)->12896K(43008K) Eden: 7680K(7680K)->0K(8704K) From: 9807K(38400K)->12896K(34304K)
[2.071s][info][gc,heap        ] GC(64) ParOldGen: 287495K(332288K)->292311K(332288K)
[2.071s][info][gc,metaspace   ] GC(64) Metaspace: 6301K(6464K)->6301K(6464K) NonClass: 5768K(5824K)->5768K(5824K) Class: 533K(640K)->533K(640K)
[2.071s][info][gc             ] GC(64) Pause Young (Allocation Failure) 297M->298M(366M) 23.068ms
[2.071s][info][gc,cpu         ] GC(64) User=0.11s Sys=0.00s Real=0.02s
[2.082s][info][gc,start       ] GC(65) Pause Young (Allocation Failure)
[2.094s][info][gc,heap        ] GC(65) PSYoungGen: 21600K(43008K)->21632K(44544K) Eden: 8704K(8704K)->0K(8704K) From: 12896K(34304K)->21632K(35840K)
[2.094s][info][gc,heap        ] GC(65) ParOldGen: 292311K(332288K)->292311K(332288K)
[2.094s][info][gc,metaspace   ] GC(65) Metaspace: 6301K(6464K)->6301K(6464K) NonClass: 5768K(5824K)->5768K(5824K) Class: 533K(640K)->533K(640K)
[2.094s][info][gc             ] GC(65) Pause Young (Allocation Failure) 306M->306M(368M) 12.178ms
[2.094s][info][gc,cpu         ] GC(65) User=0.00s Sys=0.00s Real=0.01s
[2.104s][info][gc,start       ] GC(66) Pause Young (Allocation Failure)
[2.120s][info][gc,heap        ] GC(66) PSYoungGen: 30336K(44544K)->30336K(43008K) Eden: 8704K(8704K)->0K(7168K) From: 21632K(35840K)->30336K(35840K)
[2.120s][info][gc,heap        ] GC(66) ParOldGen: 292311K(332288K)->292311K(332288K)
[2.120s][info][gc,metaspace   ] GC(66) Metaspace: 6301K(6464K)->6301K(6464K) NonClass: 5768K(5824K)->5768K(5824K) Class: 533K(640K)->533K(640K)
[2.120s][info][gc             ] GC(66) Pause Young (Allocation Failure) 315M->315M(366M) 16.059ms
[2.120s][info][gc,cpu         ] GC(66) User=0.02s Sys=0.00s Real=0.02s
[2.128s][info][gc,start       ] GC(67) Pause Young (Allocation Failure)
[2.147s][info][gc,heap        ] GC(67) PSYoungGen: 37504K(43008K)->32288K(45568K) Eden: 7168K(7168K)->0K(7168K) From: 30336K(35840K)->32288K(38400K)
[2.148s][info][gc,heap        ] GC(67) ParOldGen: 292311K(332288K)->297503K(332288K)
[2.148s][info][gc,metaspace   ] GC(67) Metaspace: 6301K(6464K)->6301K(6464K) NonClass: 5768K(5824K)->5768K(5824K) Class: 533K(640K)->533K(640K)
[2.148s][info][gc             ] GC(67) Pause Young (Allocation Failure) 322M->322M(369M) 19.342ms
[2.148s][info][gc,cpu         ] GC(67) User=0.11s Sys=0.00s Real=0.02s
[2.156s][info][gc,start       ] GC(68) Pause Young (Allocation Failure)
[2.176s][info][gc,heap        ] GC(68) PSYoungGen: 39456K(45568K)->31808K(47104K) Eden: 7168K(7168K)->0K(5632K) From: 32288K(38400K)->31808K(41472K)
[2.176s][info][gc,heap        ] GC(68) ParOldGen: 297503K(332288K)->305279K(332288K)
[2.176s][info][gc,metaspace   ] GC(68) Metaspace: 6301K(6464K)->6301K(6464K) NonClass: 5768K(5824K)->5768K(5824K) Class: 533K(640K)->533K(640K)
[2.176s][info][gc             ] GC(68) Pause Young (Allocation Failure) 329M->329M(370M) 20.199ms
[2.176s][info][gc,cpu         ] GC(68) User=0.11s Sys=0.03s Real=0.02s
[2.183s][info][gc,start       ] GC(69) Pause Young (Allocation Failure)
[2.202s][info][gc,heap        ] GC(69) PSYoungGen: 37440K(47104K)->20064K(26112K) Eden: 5632K(5632K)->0K(5632K) From: 31808K(41472K)->20064K(20480K)
[2.202s][info][gc,heap        ] GC(69) ParOldGen: 305279K(332288K)->322911K(332288K)
[2.202s][info][gc,metaspace   ] GC(69) Metaspace: 6301K(6464K)->6301K(6464K) NonClass: 5768K(5824K)->5768K(5824K) Class: 533K(640K)->533K(640K)
[2.202s][info][gc             ] GC(69) Pause Young (Allocation Failure) 334M->334M(350M) 19.232ms
[2.202s][info][gc,cpu         ] GC(69) User=0.11s Sys=0.00s Real=0.02s
[2.202s][info][gc,start       ] GC(70) Pause Full (Ergonomics)
[2.202s][info][gc,phases,start] GC(70) Marking Phase
[2.281s][info][gc,phases      ] GC(70) Marking Phase 78.817ms
[2.281s][info][gc,phases,start] GC(70) Summary Phase
[2.281s][info][gc,phases      ] GC(70) Summary Phase 0.019ms
[2.281s][info][gc,phases,start] GC(70) Adjust Roots
[2.281s][info][gc,phases      ] GC(70) Adjust Roots 0.162ms
[2.281s][info][gc,phases,start] GC(70) Compaction Phase
[2.316s][info][gc,phases      ] GC(70) Compaction Phase 35.479ms
[2.317s][info][gc,phases,start] GC(70) Post Compact
[2.318s][info][gc,phases      ] GC(70) Post Compact 1.591ms
[2.318s][info][gc,heap        ] GC(70) PSYoungGen: 20064K(26112K)->10168K(26112K) Eden: 0K(5632K)->0K(5632K) From: 20064K(20480K)->10168K(20480K)
[2.318s][info][gc,heap        ] GC(70) ParOldGen: 322911K(332288K)->332009K(379392K)
[2.318s][info][gc,metaspace   ] GC(70) Metaspace: 6301K(6464K)->6301K(6464K) NonClass: 5768K(5824K)->5768K(5824K) Class: 533K(640K)->533K(640K)
[2.318s][info][gc             ] GC(70) Pause Full (Ergonomics) 334M->334M(396M) 116.555ms
[2.318s][info][gc,cpu         ] GC(70) User=0.80s Sys=0.00s Real=0.12s
[2.325s][info][gc,start       ] GC(71) Pause Young (Allocation Failure)
[2.347s][info][gc,heap        ] GC(71) PSYoungGen: 15800K(26112K)->8928K(48640K) Eden: 5632K(5632K)->0K(6656K) From: 10168K(20480K)->8928K(41984K)
[2.347s][info][gc,heap        ] GC(71) ParOldGen: 332009K(379392K)->339145K(379392K)
[2.347s][info][gc,metaspace   ] GC(71) Metaspace: 6301K(6464K)->6301K(6464K) NonClass: 5768K(5824K)->5768K(5824K) Class: 533K(640K)->533K(640K)
[2.347s][info][gc             ] GC(71) Pause Young (Allocation Failure) 339M->339M(418M) 22.410ms
[2.347s][info][gc,cpu         ] GC(71) User=0.12s Sys=0.00s Real=0.02s
[2.412s][info][gc,start       ] GC(72) Pause Young (Allocation Failure)
[2.429s][info][gc,heap        ] GC(72) PSYoungGen: 15584K(48640K)->12384K(48640K) Eden: 6656K(6656K)->0K(6656K) From: 8928K(41984K)->12384K(41984K)
[2.430s][info][gc,heap        ] GC(72) ParOldGen: 355529K(379392K)->358769K(379392K)
[2.430s][info][gc,metaspace   ] GC(72) Metaspace: 6301K(6464K)->6301K(6464K) NonClass: 5768K(5824K)->5768K(5824K) Class: 533K(640K)->533K(640K)
[2.430s][info][gc             ] GC(72) Pause Young (Allocation Failure) 362M->362M(418M) 17.382ms
[2.430s][info][gc,cpu         ] GC(72) User=0.05s Sys=0.00s Real=0.02s
[2.437s][info][gc,start       ] GC(73) Pause Young (Allocation Failure)
[2.448s][info][gc,heap        ] GC(73) PSYoungGen: 19040K(48640K)->19040K(44544K) Eden: 6656K(6656K)->0K(7680K) From: 12384K(41984K)->19040K(36864K)
[2.448s][info][gc,heap        ] GC(73) ParOldGen: 358769K(379392K)->358769K(379392K)
[2.448s][info][gc,metaspace   ] GC(73) Metaspace: 6301K(6464K)->6301K(6464K) NonClass: 5768K(5824K)->5768K(5824K) Class: 533K(640K)->533K(640K)
[2.448s][info][gc             ] GC(73) Pause Young (Allocation Failure) 368M->368M(414M) 11.236ms
[2.448s][info][gc,cpu         ] GC(73) User=0.02s Sys=0.00s Real=0.01s
[2.455s][info][gc,start       ] GC(74) Pause Young (Allocation Failure)
[2.469s][info][gc,heap        ] GC(74) PSYoungGen: 26720K(44544K)->21056K(29184K) Eden: 7680K(7680K)->0K(7680K) From: 19040K(36864K)->21056K(21504K)
[2.469s][info][gc,heap        ] GC(74) ParOldGen: 358769K(379392K)->364489K(379392K)
[2.469s][info][gc,metaspace   ] GC(74) Metaspace: 6301K(6464K)->6301K(6464K) NonClass: 5768K(5824K)->5768K(5824K) Class: 533K(640K)->533K(640K)
[2.469s][info][gc             ] GC(74) Pause Young (Allocation Failure) 376M->376M(399M) 14.245ms
[2.469s][info][gc,cpu         ] GC(74) User=0.00s Sys=0.00s Real=0.01s
[2.469s][info][gc,start       ] GC(75) Pause Full (Ergonomics)
[2.469s][info][gc,phases,start] GC(75) Marking Phase
[2.554s][info][gc,phases      ] GC(75) Marking Phase 84.249ms
[2.554s][info][gc,phases,start] GC(75) Summary Phase
[2.554s][info][gc,phases      ] GC(75) Summary Phase 0.079ms
[2.554s][info][gc,phases,start] GC(75) Adjust Roots
[2.555s][info][gc,phases      ] GC(75) Adjust Roots 0.563ms
[2.555s][info][gc,phases,start] GC(75) Compaction Phase
[2.623s][info][gc,phases      ] GC(75) Compaction Phase 68.279ms
[2.623s][info][gc,phases,start] GC(75) Post Compact
[2.625s][info][gc,phases      ] GC(75) Post Compact 1.997ms
[2.625s][info][gc,heap        ] GC(75) PSYoungGen: 21056K(29184K)->0K(46080K) Eden: 0K(7680K)->0K(8704K) From: 21056K(21504K)->0K(37376K)
[2.625s][info][gc,heap        ] GC(75) ParOldGen: 364489K(379392K)->376876K(423936K)
[2.625s][info][gc,metaspace   ] GC(75) Metaspace: 6301K(6464K)->6301K(6464K) NonClass: 5768K(5824K)->5768K(5824K) Class: 533K(640K)->533K(640K)
[2.625s][info][gc             ] GC(75) Pause Full (Ergonomics) 376M->368M(459M) 155.832ms
[2.625s][info][gc,cpu         ] GC(75) User=0.95s Sys=0.00s Real=0.16s
[2.636s][info][gc,start       ] GC(76) Pause Young (Allocation Failure)
[2.643s][info][gc,heap        ] GC(76) PSYoungGen: 8704K(46080K)->8864K(46080K) Eden: 8704K(8704K)->0K(8704K) From: 0K(37376K)->8864K(37376K)
[2.644s][info][gc,heap        ] GC(76) ParOldGen: 376876K(423936K)->376876K(423936K)
[2.644s][info][gc,metaspace   ] GC(76) Metaspace: 6301K(6464K)->6301K(6464K) NonClass: 5768K(5824K)->5768K(5824K) Class: 533K(640K)->533K(640K)
[2.644s][info][gc             ] GC(76) Pause Young (Allocation Failure) 376M->376M(459M) 7.554ms
[2.644s][info][gc,cpu         ] GC(76) User=0.02s Sys=0.00s Real=0.01s
[2.653s][info][gc,start       ] GC(77) Pause Young (Allocation Failure)
[2.662s][info][gc,heap        ] GC(77) PSYoungGen: 17568K(46080K)->17504K(44032K) Eden: 8704K(8704K)->0K(9728K) From: 8864K(37376K)->17504K(34304K)
[2.662s][info][gc,heap        ] GC(77) ParOldGen: 376876K(423936K)->376876K(423936K)
[2.662s][info][gc,metaspace   ] GC(77) Metaspace: 6301K(6464K)->6301K(6464K) NonClass: 5768K(5824K)->5768K(5824K) Class: 533K(640K)->533K(640K)
[2.662s][info][gc             ] GC(77) Pause Young (Allocation Failure) 385M->385M(457M) 9.983ms
[2.663s][info][gc,cpu         ] GC(77) User=0.02s Sys=0.00s Real=0.01s
[2.672s][info][gc,start       ] GC(78) Pause Young (Allocation Failure)
[2.685s][info][gc,heap        ] GC(78) PSYoungGen: 27232K(44032K)->27232K(45568K) Eden: 9728K(9728K)->0K(9728K) From: 17504K(34304K)->27232K(35840K)
[2.685s][info][gc,heap        ] GC(78) ParOldGen: 376876K(423936K)->376876K(423936K)
[2.685s][info][gc,metaspace   ] GC(78) Metaspace: 6301K(6464K)->6301K(6464K) NonClass: 5768K(5824K)->5768K(5824K) Class: 533K(640K)->533K(640K)
[2.685s][info][gc             ] GC(78) Pause Young (Allocation Failure) 394M->394M(458M) 13.334ms
[2.685s][info][gc,cpu         ] GC(78) User=0.02s Sys=0.00s Real=0.01s
[2.697s][info][gc,start       ] GC(79) Pause Young (Allocation Failure)
[2.714s][info][gc,heap        ] GC(79) PSYoungGen: 36960K(45568K)->36960K(43520K) Eden: 9728K(9728K)->0K(6144K) From: 27232K(35840K)->36960K(37376K)
[2.714s][info][gc,heap        ] GC(79) ParOldGen: 376876K(423936K)->376876K(423936K)
[2.714s][info][gc,metaspace   ] GC(79) Metaspace: 6301K(6464K)->6301K(6464K) NonClass: 5768K(5824K)->5768K(5824K) Class: 533K(640K)->533K(640K)
[2.714s][info][gc             ] GC(79) Pause Young (Allocation Failure) 404M->404M(456M) 16.898ms
[2.714s][info][gc,cpu         ] GC(79) User=0.11s Sys=0.02s Real=0.02s
[2.720s][info][gc,start       ] GC(80) Pause Young (Allocation Failure)
[2.739s][info][gc,heap        ] GC(80) PSYoungGen: 43104K(43520K)->41984K(48128K) Eden: 6144K(6144K)->0K(6144K) From: 36960K(37376K)->41984K(41984K)
[2.739s][info][gc,heap        ] GC(80) ParOldGen: 376876K(423936K)->377908K(423936K)
[2.739s][info][gc,metaspace   ] GC(80) Metaspace: 6301K(6464K)->6301K(6464K) NonClass: 5768K(5824K)->5768K(5824K) Class: 533K(640K)->533K(640K)
[2.739s][info][gc             ] GC(80) Pause Young (Allocation Failure) 410M->410M(461M) 19.051ms
[2.739s][info][gc,cpu         ] GC(80) User=0.11s Sys=0.00s Real=0.02s
[2.746s][info][gc,start       ] GC(81) Pause Young (Allocation Failure)
[2.767s][info][gc,heap        ] GC(81) PSYoungGen: 48128K(48128K)->31200K(54784K) Eden: 6144K(6144K)->0K(6656K) From: 41984K(41984K)->31200K(48128K)
[2.767s][info][gc,heap        ] GC(81) ParOldGen: 377908K(423936K)->395132K(423936K)
[2.767s][info][gc,metaspace   ] GC(81) Metaspace: 6301K(6464K)->6301K(6464K) NonClass: 5768K(5824K)->5768K(5824K) Class: 533K(640K)->533K(640K)
[2.767s][info][gc             ] GC(81) Pause Young (Allocation Failure) 416M->416M(467M) 21.430ms
[2.767s][info][gc,cpu         ] GC(81) User=0.14s Sys=0.00s Real=0.02s
[2.774s][info][gc,start       ] GC(82) Pause Young (Allocation Failure)
[2.792s][info][gc,heap        ] GC(82) PSYoungGen: 37856K(54784K)->18496K(25600K) Eden: 6656K(6656K)->0K(6656K) From: 31200K(48128K)->18496K(18944K)
[2.792s][info][gc,heap        ] GC(82) ParOldGen: 395132K(423936K)->414716K(423936K)
[2.792s][info][gc,metaspace   ] GC(82) Metaspace: 6301K(6464K)->6301K(6464K) NonClass: 5768K(5824K)->5768K(5824K) Class: 533K(640K)->533K(640K)
[2.792s][info][gc             ] GC(82) Pause Young (Allocation Failure) 422M->423M(439M) 17.906ms
[2.792s][info][gc,cpu         ] GC(82) User=0.11s Sys=0.02s Real=0.02s
[2.792s][info][gc,start       ] GC(83) Pause Full (Ergonomics)
[2.792s][info][gc,phases,start] GC(83) Marking Phase
[2.883s][info][gc,phases      ] GC(83) Marking Phase 90.690ms
[2.883s][info][gc,phases,start] GC(83) Summary Phase
[2.883s][info][gc,phases      ] GC(83) Summary Phase 0.029ms
[2.883s][info][gc,phases,start] GC(83) Adjust Roots
[2.883s][info][gc,phases      ] GC(83) Adjust Roots 0.152ms
[2.883s][info][gc,phases,start] GC(83) Compaction Phase
[2.927s][info][gc,phases      ] GC(83) Compaction Phase 43.625ms
[2.927s][info][gc,phases,start] GC(83) Post Compact
[2.929s][info][gc,phases      ] GC(83) Post Compact 2.000ms
[2.929s][info][gc,heap        ] GC(83) PSYoungGen: 18496K(25600K)->8637K(25600K) Eden: 0K(6656K)->0K(6656K) From: 18496K(18944K)->8637K(18944K)
[2.929s][info][gc,heap        ] GC(83) ParOldGen: 414716K(423936K)->423830K(479744K)
[2.929s][info][gc,metaspace   ] GC(83) Metaspace: 6301K(6464K)->6301K(6464K) NonClass: 5768K(5824K)->5768K(5824K) Class: 533K(640K)->533K(640K)
[2.929s][info][gc             ] GC(83) Pause Full (Ergonomics) 423M->422M(493M) 137.022ms
[2.929s][info][gc,cpu         ] GC(83) User=0.88s Sys=0.02s Real=0.14s
[2.936s][info][gc,start       ] GC(84) Pause Young (Allocation Failure)
[2.961s][info][gc,heap        ] GC(84) PSYoungGen: 15293K(25600K)->8928K(54784K) Eden: 6656K(6656K)->0K(7680K) From: 8637K(18944K)->8928K(47104K)
[2.961s][info][gc,heap        ] GC(84) ParOldGen: 423830K(479744K)->430382K(479744K)
[2.961s][info][gc,metaspace   ] GC(84) Metaspace: 6301K(6464K)->6301K(6464K) NonClass: 5768K(5824K)->5768K(5824K) Class: 533K(640K)->533K(640K)
[2.961s][info][gc             ] GC(84) Pause Young (Allocation Failure) 428M->429M(522M) 24.581ms
[2.961s][info][gc,cpu         ] GC(84) User=0.11s Sys=0.02s Real=0.02s
[2.969s][info][gc,start       ] GC(85) Pause Young (Allocation Failure)
[2.979s][info][gc,heap        ] GC(85) PSYoungGen: 16608K(54784K)->14464K(54784K) Eden: 7680K(7680K)->0K(7680K) From: 8928K(47104K)->14464K(47104K)
[2.979s][info][gc,heap        ] GC(85) ParOldGen: 430382K(479744K)->432638K(479744K)
[2.979s][info][gc,metaspace   ] GC(85) Metaspace: 6301K(6464K)->6301K(6464K) NonClass: 5768K(5824K)->5768K(5824K) Class: 533K(640K)->533K(640K)
[2.979s][info][gc             ] GC(85) Pause Young (Allocation Failure) 436M->436M(522M) 10.071ms
[2.979s][info][gc,cpu         ] GC(85) User=0.02s Sys=0.00s Real=0.01s
[2.988s][info][gc,start       ] GC(86) Pause Young (Allocation Failure)
[3.000s][info][gc,heap        ] GC(86) PSYoungGen: 22144K(54784K)->7776K(54784K) Eden: 7680K(7680K)->0K(8704K) From: 14464K(47104K)->7776K(46080K)
[3.000s][info][gc,heap        ] GC(86) ParOldGen: 432638K(479744K)->447150K(479744K)
[3.000s][info][gc,metaspace   ] GC(86) Metaspace: 6301K(6464K)->6301K(6464K) NonClass: 5768K(5824K)->5768K(5824K) Class: 533K(640K)->533K(640K)
[3.000s][info][gc             ] GC(86) Pause Young (Allocation Failure) 444M->444M(522M) 12.389ms
[3.000s][info][gc,cpu         ] GC(86) User=0.00s Sys=0.00s Real=0.01s
[3.009s][info][gc,start       ] GC(87) Pause Young (Allocation Failure)
[3.020s][info][gc,heap        ] GC(87) PSYoungGen: 16480K(54784K)->8768K(54784K) Eden: 8704K(8704K)->0K(8704K) From: 7776K(46080K)->8768K(46080K)
[3.020s][info][gc,heap        ] GC(87) ParOldGen: 447150K(479744K)->454934K(479744K)
[3.020s][info][gc,metaspace   ] GC(87) Metaspace: 6301K(6464K)->6301K(6464K) NonClass: 5768K(5824K)->5768K(5824K) Class: 533K(640K)->533K(640K)
[3.020s][info][gc             ] GC(87) Pause Young (Allocation Failure) 452M->452M(522M) 10.494ms
[3.020s][info][gc,cpu         ] GC(87) User=0.02s Sys=0.00s Real=0.01s
[3.030s][info][gc,start       ] GC(88) Pause Young (Allocation Failure)
[3.041s][info][gc,heap        ] GC(88) PSYoungGen: 17472K(54784K)->8832K(53248K) Eden: 8704K(8704K)->0K(10240K) From: 8768K(46080K)->8832K(43008K)
[3.041s][info][gc,heap        ] GC(88) ParOldGen: 454934K(479744K)->463758K(479744K)
[3.041s][info][gc,metaspace   ] GC(88) Metaspace: 6301K(6464K)->6301K(6464K) NonClass: 5768K(5824K)->5768K(5824K) Class: 533K(640K)->533K(640K)
[3.041s][info][gc             ] GC(88) Pause Young (Allocation Failure) 461M->461M(520M) 10.911ms
[3.041s][info][gc,cpu         ] GC(88) User=0.02s Sys=0.00s Real=0.01s
[3.041s][info][gc,start       ] GC(89) Pause Full (Ergonomics)
[3.041s][info][gc,phases,start] GC(89) Marking Phase
[3.142s][info][gc,phases      ] GC(89) Marking Phase 101.272ms
[3.142s][info][gc,phases,start] GC(89) Summary Phase
[3.142s][info][gc,phases      ] GC(89) Summary Phase 0.023ms
[3.142s][info][gc,phases,start] GC(89) Adjust Roots
[3.142s][info][gc,phases      ] GC(89) Adjust Roots 0.150ms
[3.142s][info][gc,phases,start] GC(89) Compaction Phase
[3.186s][info][gc,phases      ] GC(89) Compaction Phase 44.063ms
[3.186s][info][gc,phases,start] GC(89) Post Compact
[3.189s][info][gc,phases      ] GC(89) Post Compact 2.361ms
[3.189s][info][gc,heap        ] GC(89) PSYoungGen: 8832K(53248K)->0K(54272K) Eden: 0K(10240K)->0K(10240K) From: 8832K(43008K)->0K(44032K)
[3.189s][info][gc,heap        ] GC(89) ParOldGen: 463758K(479744K)->471727K(528896K)
[3.189s][info][gc,metaspace   ] GC(89) Metaspace: 6301K(6464K)->6301K(6464K) NonClass: 5768K(5824K)->5768K(5824K) Class: 533K(640K)->533K(640K)
[3.189s][info][gc             ] GC(89) Pause Full (Ergonomics) 461M->460M(569M) 148.504ms
[3.189s][info][gc,cpu         ] GC(89) User=0.95s Sys=0.00s Real=0.15s
[3.201s][info][gc,start       ] GC(90) Pause Young (Allocation Failure)
[3.209s][info][gc,heap        ] GC(90) PSYoungGen: 10240K(54272K)->10336K(52736K) Eden: 10240K(10240K)->0K(11264K) From: 0K(44032K)->10336K(41472K)
[3.209s][info][gc,heap        ] GC(90) ParOldGen: 471727K(528896K)->471727K(528896K)
[3.209s][info][gc,metaspace   ] GC(90) Metaspace: 6301K(6464K)->6301K(6464K) NonClass: 5768K(5824K)->5768K(5824K) Class: 533K(640K)->533K(640K)
[3.209s][info][gc             ] GC(90) Pause Young (Allocation Failure) 470M->470M(568M) 7.673ms
[3.209s][info][gc,cpu         ] GC(90) User=0.02s Sys=0.00s Real=0.01s
[3.221s][info][gc,start       ] GC(91) Pause Young (Allocation Failure)
[3.233s][info][gc,heap        ] GC(91) PSYoungGen: 21600K(52736K)->21632K(54272K) Eden: 11264K(11264K)->0K(11264K) From: 10336K(41472K)->21632K(43008K)
[3.233s][info][gc,heap        ] GC(91) ParOldGen: 471727K(528896K)->471727K(528896K)
[3.233s][info][gc,metaspace   ] GC(91) Metaspace: 6301K(6464K)->6301K(6464K) NonClass: 5768K(5824K)->5768K(5824K) Class: 533K(640K)->533K(640K)
[3.233s][info][gc             ] GC(91) Pause Young (Allocation Failure) 481M->481M(569M) 12.058ms
[3.233s][info][gc,cpu         ] GC(91) User=0.00s Sys=0.00s Real=0.01s
[3.245s][info][gc,start       ] GC(92) Pause Young (Allocation Failure)
[3.262s][info][gc,heap        ] GC(92) PSYoungGen: 32896K(54272K)->32896K(51200K) Eden: 11264K(11264K)->0K(9216K) From: 21632K(43008K)->32896K(41984K)
[3.262s][info][gc,heap        ] GC(92) ParOldGen: 471727K(528896K)->471727K(528896K)
[3.262s][info][gc,metaspace   ] GC(92) Metaspace: 6301K(6464K)->6301K(6464K) NonClass: 5768K(5824K)->5768K(5824K) Class: 533K(640K)->533K(640K)
[3.262s][info][gc             ] GC(92) Pause Young (Allocation Failure) 492M->492M(566M) 16.750ms
[3.262s][info][gc,cpu         ] GC(92) User=0.03s Sys=0.02s Real=0.02s
[3.272s][info][gc,start       ] GC(93) Pause Young (Allocation Failure)
[3.293s][info][gc,heap        ] GC(93) PSYoungGen: 42112K(51200K)->31840K(54784K) Eden: 9216K(9216K)->0K(9216K) From: 32896K(41984K)->31840K(45568K)
[3.293s][info][gc,heap        ] GC(93) ParOldGen: 471727K(528896K)->482095K(528896K)
[3.293s][info][gc,metaspace   ] GC(93) Metaspace: 6301K(6464K)->6301K(6464K) NonClass: 5768K(5824K)->5768K(5824K) Class: 533K(640K)->533K(640K)
[3.293s][info][gc             ] GC(93) Pause Young (Allocation Failure) 501M->501M(570M) 21.515ms
[3.293s][info][gc,cpu         ] GC(93) User=0.12s Sys=0.00s Real=0.02s
[3.304s][info][gc,start       ] GC(94) Pause Young (Allocation Failure)
[3.326s][info][gc,heap        ] GC(94) PSYoungGen: 41056K(54784K)->29760K(57856K) Eden: 9216K(9216K)->0K(10240K) From: 31840K(45568K)->29760K(47616K)
[3.326s][info][gc,heap        ] GC(94) ParOldGen: 482095K(528896K)->493519K(528896K)
[3.326s][info][gc,metaspace   ] GC(94) Metaspace: 6301K(6464K)->6301K(6464K) NonClass: 5768K(5824K)->5768K(5824K) Class: 533K(640K)->533K(640K)
[3.326s][info][gc             ] GC(94) Pause Young (Allocation Failure) 510M->511M(573M) 22.161ms
[3.326s][info][gc,cpu         ] GC(94) User=0.09s Sys=0.00s Real=0.02s
[3.337s][info][gc,start       ] GC(95) Pause Young (Allocation Failure)
[3.358s][info][gc,heap        ] GC(95) PSYoungGen: 40000K(57856K)->19552K(30208K) Eden: 10240K(10240K)->0K(10240K) From: 29760K(47616K)->19552K(19968K)
[3.358s][info][gc,heap        ] GC(95) ParOldGen: 493519K(528896K)->514255K(528896K)
[3.358s][info][gc,metaspace   ] GC(95) Metaspace: 6301K(6464K)->6301K(6464K) NonClass: 5768K(5824K)->5768K(5824K) Class: 533K(640K)->533K(640K)
[3.358s][info][gc             ] GC(95) Pause Young (Allocation Failure) 521M->521M(546M) 21.264ms
[3.358s][info][gc,cpu         ] GC(95) User=0.09s Sys=0.00s Real=0.02s
[3.358s][info][gc,start       ] GC(96) Pause Full (Ergonomics)
[3.358s][info][gc,phases,start] GC(96) Marking Phase
[3.483s][info][gc,phases      ] GC(96) Marking Phase 124.531ms
[3.483s][info][gc,phases,start] GC(96) Summary Phase
[3.483s][info][gc,phases      ] GC(96) Summary Phase 0.027ms
[3.483s][info][gc,phases,start] GC(96) Adjust Roots
[3.483s][info][gc,phases      ] GC(96) Adjust Roots 0.151ms
[3.483s][info][gc,phases,start] GC(96) Compaction Phase
[3.533s][info][gc,phases      ] GC(96) Compaction Phase 50.151ms
[3.533s][info][gc,phases,start] GC(96) Post Compact
[3.534s][info][gc,phases      ] GC(96) Post Compact 0.891ms
[3.534s][info][gc,heap        ] GC(96) PSYoungGen: 19552K(30208K)->4576K(30208K) Eden: 0K(10240K)->0K(10240K) From: 19552K(19968K)->4576K(19968K)
[3.534s][info][gc,heap        ] GC(96) ParOldGen: 514255K(528896K)->528402K(593408K)
[3.535s][info][gc,metaspace   ] GC(96) Metaspace: 6301K(6464K)->6301K(6464K) NonClass: 5768K(5824K)->5768K(5824K) Class: 533K(640K)->533K(640K)
[3.535s][info][gc             ] GC(96) Pause Full (Ergonomics) 521M->520M(609M) 176.286ms
[3.535s][info][gc,cpu         ] GC(96) User=1.17s Sys=0.03s Real=0.18s
[3.546s][info][gc,start       ] GC(97) Pause Young (Allocation Failure)
[3.585s][info][gc,heap        ] GC(97) PSYoungGen: 14816K(30208K)->10336K(54784K) Eden: 10240K(10240K)->0K(11264K) From: 4576K(19968K)->10336K(43520K)
[3.585s][info][gc,heap        ] GC(97) ParOldGen: 528402K(593408K)->533082K(593408K)
[3.585s][info][gc,metaspace   ] GC(97) Metaspace: 6301K(6464K)->6301K(6464K) NonClass: 5768K(5824K)->5768K(5824K) Class: 533K(640K)->533K(640K)
[3.585s][info][gc             ] GC(97) Pause Young (Allocation Failure) 530M->530M(633M) 38.529ms
[3.585s][info][gc,cpu         ] GC(97) User=0.12s Sys=0.00s Real=0.04s
[3.597s][info][gc,start       ] GC(98) Pause Young (Allocation Failure)
[3.611s][info][gc,heap        ] GC(98) PSYoungGen: 21600K(54784K)->11392K(56320K) Eden: 11264K(11264K)->0K(11264K) From: 10336K(43520K)->11392K(45056K)
[3.611s][info][gc,heap        ] GC(98) ParOldGen: 533082K(593408K)->543466K(593408K)
[3.611s][info][gc,metaspace   ] GC(98) Metaspace: 6301K(6464K)->6301K(6464K) NonClass: 5768K(5824K)->5768K(5824K) Class: 533K(640K)->533K(640K)
[3.611s][info][gc             ] GC(98) Pause Young (Allocation Failure) 541M->541M(634M) 13.635ms
[3.611s][info][gc,cpu         ] GC(98) User=0.00s Sys=0.00s Real=0.01s
[3.624s][info][gc,start       ] GC(99) Pause Young (Allocation Failure)
[3.638s][info][gc,heap        ] GC(99) PSYoungGen: 22656K(56320K)->11360K(54784K) Eden: 11264K(11264K)->0K(12800K) From: 11392K(45056K)->11360K(41984K)
[3.639s][info][gc,heap        ] GC(99) ParOldGen: 543466K(593408K)->554906K(593408K)
[3.639s][info][gc,metaspace   ] GC(99) Metaspace: 6301K(6464K)->6301K(6464K) NonClass: 5768K(5824K)->5768K(5824K) Class: 533K(640K)->533K(640K)
[3.639s][info][gc             ] GC(99) Pause Young (Allocation Failure) 552M->552M(633M) 15.037ms
[3.639s][info][gc,cpu         ] GC(99) User=0.02s Sys=0.00s Real=0.01s
[3.653s][info][gc,start       ] GC(100) Pause Young (Allocation Failure)
[3.669s][info][gc,heap        ] GC(100) PSYoungGen: 24160K(54784K)->12864K(55808K) Eden: 12800K(12800K)->0K(12800K) From: 11360K(41984K)->12864K(43008K)
[3.669s][info][gc,heap        ] GC(100) ParOldGen: 554906K(593408K)->566330K(593408K)
[3.669s][info][gc,metaspace   ] GC(100) Metaspace: 6301K(6464K)->6301K(6464K) NonClass: 5768K(5824K)->5768K(5824K) Class: 533K(640K)->533K(640K)
[3.669s][info][gc             ] GC(100) Pause Young (Allocation Failure) 565M->565M(634M) 15.536ms
[3.669s][info][gc,cpu         ] GC(100) User=0.02s Sys=0.00s Real=0.02s
[3.684s][info][gc,start       ] GC(101) Pause Young (Allocation Failure)
[3.699s][info][gc,heap        ] GC(101) PSYoungGen: 25664K(55808K)->12960K(52736K) Eden: 12800K(12800K)->0K(14336K) From: 12864K(43008K)->12960K(38400K)
[3.699s][info][gc,heap        ] GC(101) ParOldGen: 566330K(593408K)->579322K(593408K)
[3.699s][info][gc,metaspace   ] GC(101) Metaspace: 6301K(6464K)->6301K(6464K) NonClass: 5768K(5824K)->5768K(5824K) Class: 533K(640K)->533K(640K)
[3.699s][info][gc             ] GC(101) Pause Young (Allocation Failure) 578M->578M(631M) 15.012ms
[3.699s][info][gc,cpu         ] GC(101) User=0.02s Sys=0.00s Real=0.02s
[3.699s][info][gc,start       ] GC(102) Pause Full (Ergonomics)
[3.699s][info][gc,phases,start] GC(102) Marking Phase
[3.835s][info][gc,phases      ] GC(102) Marking Phase 135.938ms
[3.835s][info][gc,phases,start] GC(102) Summary Phase
[3.835s][info][gc,phases      ] GC(102) Summary Phase 0.026ms
[3.835s][info][gc,phases,start] GC(102) Adjust Roots
[3.835s][info][gc,phases      ] GC(102) Adjust Roots 0.170ms
[3.835s][info][gc,phases,start] GC(102) Compaction Phase
[3.887s][info][gc,phases      ] GC(102) Compaction Phase 51.868ms
[3.887s][info][gc,phases,start] GC(102) Post Compact
[3.888s][info][gc,phases      ] GC(102) Post Compact 0.942ms
[3.888s][info][gc,heap        ] GC(102) PSYoungGen: 12960K(52736K)->0K(54272K) Eden: 0K(14336K)->0K(14336K) From: 12960K(38400K)->0K(39936K)
[3.888s][info][gc,heap        ] GC(102) ParOldGen: 579322K(593408K)->591192K(659456K)
[3.888s][info][gc,metaspace   ] GC(102) Metaspace: 6301K(6464K)->6301K(6464K) NonClass: 5768K(5824K)->5768K(5824K) Class: 533K(640K)->533K(640K)
[3.888s][info][gc             ] GC(102) Pause Full (Ergonomics) 578M->577M(697M) 189.571ms
[3.888s][info][gc,cpu         ] GC(102) User=1.20s Sys=0.02s Real=0.19s
[3.905s][info][gc,start       ] GC(103) Pause Young (Allocation Failure)
[3.915s][info][gc,heap        ] GC(103) PSYoungGen: 14336K(54272K)->14464K(52736K) Eden: 14336K(14336K)->0K(15872K) From: 0K(39936K)->14464K(36864K)
[3.915s][info][gc,heap        ] GC(103) ParOldGen: 591192K(659456K)->591192K(659456K)
[3.915s][info][gc,metaspace   ] GC(103) Metaspace: 6301K(6464K)->6301K(6464K) NonClass: 5768K(5824K)->5768K(5824K) Class: 533K(640K)->533K(640K)
[3.915s][info][gc             ] GC(103) Pause Young (Allocation Failure) 591M->591M(695M) 10.033ms
[3.915s][info][gc,cpu         ] GC(103) User=0.02s Sys=0.00s Real=0.01s
[3.933s][info][gc,start       ] GC(104) Pause Young (Allocation Failure)
[3.951s][info][gc,heap        ] GC(104) PSYoungGen: 30336K(52736K)->30304K(54272K) Eden: 15872K(15872K)->0K(15872K) From: 14464K(36864K)->30304K(38400K)
[3.951s][info][gc,heap        ] GC(104) ParOldGen: 591192K(659456K)->591192K(659456K)
[3.951s][info][gc,metaspace   ] GC(104) Metaspace: 6301K(6464K)->6301K(6464K) NonClass: 5768K(5824K)->5768K(5824K) Class: 533K(640K)->533K(640K)
[3.951s][info][gc             ] GC(104) Pause Young (Allocation Failure) 606M->606M(697M) 17.797ms
[3.951s][info][gc,cpu         ] GC(104) User=0.03s Sys=0.00s Real=0.02s
[3.971s][info][gc,start       ] GC(105) Pause Young (Allocation Failure)
[3.997s][info][gc,heap        ] GC(105) PSYoungGen: 46176K(54272K)->40960K(50688K) Eden: 15872K(15872K)->0K(9728K) From: 30304K(38400K)->40960K(40960K)
[3.997s][info][gc,heap        ] GC(105) ParOldGen: 591192K(659456K)->596400K(659456K)
[3.997s][info][gc,metaspace   ] GC(105) Metaspace: 6301K(6464K)->6301K(6464K) NonClass: 5768K(5824K)->5768K(5824K) Class: 533K(640K)->533K(640K)
[3.997s][info][gc             ] GC(105) Pause Young (Allocation Failure) 622M->622M(693M) 25.756ms
[3.997s][info][gc,cpu         ] GC(105) User=0.09s Sys=0.03s Real=0.03s
[4.009s][info][gc,start       ] GC(106) Pause Young (Allocation Failure)
[4.035s][info][gc,heap        ] GC(106) PSYoungGen: 50688K(50688K)->24032K(58880K) Eden: 9728K(9728K)->0K(9728K) From: 40960K(40960K)->24032K(49152K)
[4.035s][info][gc,heap        ] GC(106) ParOldGen: 596400K(659456K)->623472K(659456K)
[4.035s][info][gc,metaspace   ] GC(106) Metaspace: 6301K(6464K)->6301K(6464K) NonClass: 5768K(5824K)->5768K(5824K) Class: 533K(640K)->533K(640K)
[4.035s][info][gc             ] GC(106) Pause Young (Allocation Failure) 631M->632M(701M) 26.335ms
[4.035s][info][gc,cpu         ] GC(106) User=0.08s Sys=0.06s Real=0.03s
[4.046s][info][gc,start       ] GC(107) Pause Young (Allocation Failure)
[4.065s][info][gc,heap        ] GC(107) PSYoungGen: 33760K(58880K)->19520K(53760K) Eden: 9728K(9728K)->0K(11264K) From: 24032K(49152K)->19520K(42496K)
[4.065s][info][gc,heap        ] GC(107) ParOldGen: 623472K(659456K)->637912K(659456K)
[4.065s][info][gc,metaspace   ] GC(107) Metaspace: 6301K(6464K)->6301K(6464K) NonClass: 5768K(5824K)->5768K(5824K) Class: 533K(640K)->533K(640K)
[4.065s][info][gc             ] GC(107) Pause Young (Allocation Failure) 641M->642M(696M) 18.991ms
[4.065s][info][gc,cpu         ] GC(107) User=0.08s Sys=0.03s Real=0.02s
[4.065s][info][gc,start       ] GC(108) Pause Full (Ergonomics)
[4.065s][info][gc,phases,start] GC(108) Marking Phase
[4.222s][info][gc,phases      ] GC(108) Marking Phase 156.780ms
[4.222s][info][gc,phases,start] GC(108) Summary Phase
[4.222s][info][gc,phases      ] GC(108) Summary Phase 0.025ms
[4.222s][info][gc,phases,start] GC(108) Adjust Roots
[4.223s][info][gc,phases      ] GC(108) Adjust Roots 0.154ms
[4.223s][info][gc,phases,start] GC(108) Compaction Phase
[4.279s][info][gc,phases      ] GC(108) Compaction Phase 56.542ms
[4.279s][info][gc,phases,start] GC(108) Post Compact
[4.280s][info][gc,phases      ] GC(108) Post Compact 1.058ms
[4.281s][info][gc,heap        ] GC(108) PSYoungGen: 19520K(53760K)->0K(56320K) Eden: 0K(11264K)->0K(11264K) From: 19520K(42496K)->0K(45056K)
[4.281s][info][gc,heap        ] GC(108) ParOldGen: 637912K(659456K)->656574K(734208K)
[4.281s][info][gc,metaspace   ] GC(108) Metaspace: 6301K(6464K)->6301K(6464K) NonClass: 5768K(5824K)->5768K(5824K) Class: 533K(640K)->533K(640K)
[4.281s][info][gc             ] GC(108) Pause Full (Ergonomics) 642M->641M(772M) 215.116ms
[4.281s][info][gc,cpu         ] GC(108) User=1.39s Sys=0.00s Real=0.22s
[4.294s][info][gc,start       ] GC(109) Pause Young (Allocation Failure)
[4.304s][info][gc,heap        ] GC(109) PSYoungGen: 11264K(56320K)->11392K(56832K) Eden: 11264K(11264K)->0K(12800K) From: 0K(45056K)->11392K(44032K)
[4.304s][info][gc,heap        ] GC(109) ParOldGen: 656574K(734208K)->656574K(734208K)
[4.304s][info][gc,metaspace   ] GC(109) Metaspace: 6301K(6464K)->6301K(6464K) NonClass: 5768K(5824K)->5768K(5824K) Class: 533K(640K)->533K(640K)
[4.304s][info][gc             ] GC(109) Pause Young (Allocation Failure) 652M->652M(772M) 9.346ms
[4.304s][info][gc,cpu         ] GC(109) User=0.00s Sys=0.00s Real=0.01s
[4.319s][info][gc,start       ] GC(110) Pause Young (Allocation Failure)
[4.333s][info][gc,heap        ] GC(110) PSYoungGen: 24192K(56832K)->24160K(57344K) Eden: 12800K(12800K)->0K(12800K) From: 11392K(44032K)->24160K(44544K)
[4.333s][info][gc,heap        ] GC(110) ParOldGen: 656574K(734208K)->656574K(734208K)
[4.333s][info][gc,metaspace   ] GC(110) Metaspace: 6301K(6464K)->6301K(6464K) NonClass: 5768K(5824K)->5768K(5824K) Class: 533K(640K)->533K(640K)
[4.333s][info][gc             ] GC(110) Pause Young (Allocation Failure) 664M->664M(773M) 13.976ms
[4.333s][info][gc,cpu         ] GC(110) User=0.02s Sys=0.00s Real=0.01s
[4.350s][info][gc,start       ] GC(111) Pause Young (Allocation Failure)
[4.369s][info][gc,heap        ] GC(111) PSYoungGen: 36960K(57344K)->36960K(54272K) Eden: 12800K(12800K)->0K(10752K) From: 24160K(44544K)->36960K(43520K)
[4.369s][info][gc,heap        ] GC(111) ParOldGen: 656574K(734208K)->656574K(734208K)
[4.369s][info][gc,metaspace   ] GC(111) Metaspace: 6301K(6464K)->6301K(6464K) NonClass: 5768K(5824K)->5768K(5824K) Class: 533K(640K)->533K(640K)
[4.369s][info][gc             ] GC(111) Pause Young (Allocation Failure) 677M->677M(770M) 19.626ms
[4.369s][info][gc,cpu         ] GC(111) User=0.12s Sys=0.00s Real=0.02s
[4.383s][info][gc,start       ] GC(112) Pause Young (Allocation Failure)
[4.407s][info][gc,heap        ] GC(112) PSYoungGen: 47712K(54272K)->47104K(57856K) Eden: 10752K(10752K)->0K(10752K) From: 36960K(43520K)->47104K(47104K)
[4.407s][info][gc,heap        ] GC(112) ParOldGen: 656574K(734208K)->657094K(734208K)
[4.407s][info][gc,metaspace   ] GC(112) Metaspace: 6301K(6464K)->6301K(6464K) NonClass: 5768K(5824K)->5768K(5824K) Class: 533K(640K)->533K(640K)
[4.407s][info][gc             ] GC(112) Pause Young (Allocation Failure) 687M->687M(773M) 24.509ms
[4.407s][info][gc,cpu         ] GC(112) User=0.08s Sys=0.02s Real=0.02s
[4.561s][info][gc,start       ] GC(113) Pause Young (Allocation Failure)
[4.604s][info][gc,heap        ] GC(113) PSYoungGen: 57856K(57856K)->46816K(61440K) Eden: 10752K(10752K)->0K(7168K) From: 47104K(47104K)->46816K(54272K)
[4.604s][info][gc,heap        ] GC(113) ParOldGen: 689862K(734208K)->701174K(734208K)
[4.604s][info][gc,metaspace   ] GC(113) Metaspace: 6301K(6464K)->6301K(6464K) NonClass: 5768K(5824K)->5768K(5824K) Class: 533K(640K)->533K(640K)
[4.604s][info][gc             ] GC(113) Pause Young (Allocation Failure) 730M->730M(777M) 42.364ms
[4.604s][info][gc,cpu         ] GC(113) User=0.38s Sys=0.00s Real=0.04s
[4.611s][info][gc,start       ] GC(114) Pause Young (Allocation Failure)
[4.636s][info][gc,heap        ] GC(114) PSYoungGen: 53984K(61440K)->53984K(66560K) Eden: 7168K(7168K)->0K(7168K) From: 46816K(54272K)->53984K(59392K)
[4.636s][info][gc,heap        ] GC(114) ParOldGen: 701174K(734208K)->701174K(734208K)
[4.636s][info][gc,metaspace   ] GC(114) Metaspace: 6301K(6464K)->6301K(6464K) NonClass: 5768K(5824K)->5768K(5824K) Class: 533K(640K)->533K(640K)
[4.636s][info][gc             ] GC(114) Pause Young (Allocation Failure) 737M->737M(782M) 25.222ms
[4.636s][info][gc,cpu         ] GC(114) User=0.05s Sys=0.00s Real=0.03s
[4.644s][info][gc,start       ] GC(115) Pause Young (Allocation Failure)
[4.675s][info][gc,heap        ] GC(115) PSYoungGen: 61152K(66560K)->48480K(70656K) Eden: 7168K(7168K)->0K(4608K) From: 53984K(59392K)->48480K(66048K)
[4.675s][info][gc,heap        ] GC(115) ParOldGen: 701174K(734208K)->713982K(734208K)
[4.675s][info][gc,metaspace   ] GC(115) Metaspace: 6301K(6464K)->6301K(6464K) NonClass: 5768K(5824K)->5768K(5824K) Class: 533K(640K)->533K(640K)
[4.675s][info][gc             ] GC(115) Pause Young (Allocation Failure) 744M->744M(786M) 31.012ms
[4.675s][info][gc,cpu         ] GC(115) User=0.05s Sys=0.03s Real=0.03s
[4.675s][info][gc,start       ] GC(116) Pause Full (Ergonomics)
[4.675s][info][gc,phases,start] GC(116) Marking Phase
[4.853s][info][gc,phases      ] GC(116) Marking Phase 177.709ms
[4.853s][info][gc,phases,start] GC(116) Summary Phase
[4.853s][info][gc,phases      ] GC(116) Summary Phase 0.024ms
[4.853s][info][gc,phases,start] GC(116) Adjust Roots
[4.853s][info][gc,phases      ] GC(116) Adjust Roots 0.212ms
[4.853s][info][gc,phases,start] GC(116) Compaction Phase
[4.984s][info][gc,phases      ] GC(116) Compaction Phase 131.256ms
[4.984s][info][gc,phases,start] GC(116) Post Compact
[4.986s][info][gc,phases      ] GC(116) Post Compact 1.742ms
[4.987s][info][gc,heap        ] GC(116) PSYoungGen: 48480K(70656K)->11453K(70656K) Eden: 0K(4608K)->0K(4608K) From: 48480K(66048K)->11453K(66048K)
[4.987s][info][gc,heap        ] GC(116) ParOldGen: 713982K(734208K)->733989K(813568K)
[4.987s][info][gc,metaspace   ] GC(116) Metaspace: 6301K(6464K)->6301K(6464K) NonClass: 5768K(5824K)->5768K(5824K) Class: 533K(640K)->533K(640K)
[4.987s][info][gc             ] GC(116) Pause Full (Ergonomics) 744M->727M(863M) 311.783ms
[4.987s][info][gc,cpu         ] GC(116) User=1.91s Sys=0.02s Real=0.31s
[4.992s][info][gc,start       ] GC(117) Pause Young (Allocation Failure)
[5.032s][info][gc,heap        ] GC(117) PSYoungGen: 16061K(70656K)->13024K(74240K) Eden: 4608K(4608K)->0K(4608K) From: 11453K(66048K)->13024K(69632K)
[5.032s][info][gc,heap        ] GC(117) ParOldGen: 733989K(813568K)->737253K(813568K)
[5.032s][info][gc,metaspace   ] GC(117) Metaspace: 6301K(6464K)->6301K(6464K) NonClass: 5768K(5824K)->5768K(5824K) Class: 533K(640K)->533K(640K)
[5.032s][info][gc             ] GC(117) Pause Young (Allocation Failure) 732M->732M(867M) 40.631ms
[5.033s][info][gc,cpu         ] GC(117) User=0.19s Sys=0.00s Real=0.04s
[5.038s][info][gc,start       ] GC(118) Pause Young (Allocation Failure)
[5.051s][info][gc,heap        ] GC(118) PSYoungGen: 17632K(74240K)->14048K(72192K) Eden: 4608K(4608K)->0K(5632K) From: 13024K(69632K)->14048K(66560K)
[5.051s][info][gc,heap        ] GC(118) ParOldGen: 737253K(813568K)->740949K(813568K)
[5.051s][info][gc,metaspace   ] GC(118) Metaspace: 6301K(6464K)->6301K(6464K) NonClass: 5768K(5824K)->5768K(5824K) Class: 533K(640K)->533K(640K)
[5.051s][info][gc             ] GC(118) Pause Young (Allocation Failure) 737M->737M(865M) 13.405ms
[5.051s][info][gc,cpu         ] GC(118) User=0.02s Sys=0.00s Real=0.01s
[5.057s][info][gc,start       ] GC(119) Pause Young (Allocation Failure)
[5.071s][info][gc,heap        ] GC(119) PSYoungGen: 19680K(72192K)->18304K(24064K) Eden: 5632K(5632K)->0K(5632K) From: 14048K(66560K)->18304K(18432K)
[5.071s][info][gc,heap        ] GC(119) ParOldGen: 740949K(813568K)->742253K(813568K)
[5.071s][info][gc,metaspace   ] GC(119) Metaspace: 6301K(6464K)->6301K(6464K) NonClass: 5768K(5824K)->5768K(5824K) Class: 533K(640K)->533K(640K)
[5.071s][info][gc             ] GC(119) Pause Young (Allocation Failure) 742M->742M(818M) 14.163ms
[5.071s][info][gc,cpu         ] GC(119) User=0.02s Sys=0.00s Real=0.01s
[5.077s][info][gc,start       ] GC(120) Pause Young (Allocation Failure)
[5.094s][info][gc,heap        ] GC(120) PSYoungGen: 23936K(24064K)->15936K(68096K) Eden: 5632K(5632K)->0K(6656K) From: 18304K(18432K)->15936K(61440K)
[5.094s][info][gc,heap        ] GC(120) ParOldGen: 742253K(813568K)->750389K(813568K)
[5.094s][info][gc,metaspace   ] GC(120) Metaspace: 6301K(6464K)->6301K(6464K) NonClass: 5768K(5824K)->5768K(5824K) Class: 533K(640K)->533K(640K)
[5.094s][info][gc             ] GC(120) Pause Young (Allocation Failure) 748M->748M(861M) 16.993ms
[5.094s][info][gc,cpu         ] GC(120) User=0.02s Sys=0.00s Real=0.02s
[5.101s][info][gc,start       ] GC(121) Pause Young (Allocation Failure)
[5.117s][info][gc,heap        ] GC(121) PSYoungGen: 22592K(68096K)->12384K(19456K) Eden: 6656K(6656K)->0K(6656K) From: 15936K(61440K)->12384K(12800K)
[5.117s][info][gc,heap        ] GC(121) ParOldGen: 750389K(813568K)->760733K(813568K)
[5.117s][info][gc,metaspace   ] GC(121) Metaspace: 6301K(6464K)->6301K(6464K) NonClass: 5768K(5824K)->5768K(5824K) Class: 533K(640K)->533K(640K)
[5.117s][info][gc             ] GC(121) Pause Young (Allocation Failure) 754M->754M(813M) 15.939ms
[5.117s][info][gc,cpu         ] GC(121) User=0.00s Sys=0.00s Real=0.02s
[5.124s][info][gc,start       ] GC(122) Pause Young (Allocation Failure)
[5.139s][info][gc,heap        ] GC(122) PSYoungGen: 19040K(19456K)->6816K(68608K) Eden: 6656K(6656K)->0K(7680K) From: 12384K(12800K)->6816K(60928K)
[5.139s][info][gc,heap        ] GC(122) ParOldGen: 760733K(813568K)->773173K(813568K)
[5.139s][info][gc,metaspace   ] GC(122) Metaspace: 6301K(6464K)->6301K(6464K) NonClass: 5768K(5824K)->5768K(5824K) Class: 533K(640K)->533K(640K)
[5.139s][info][gc             ] GC(122) Pause Young (Allocation Failure) 761M->761M(861M) 14.467ms
[5.139s][info][gc,cpu         ] GC(122) User=0.02s Sys=0.00s Real=0.02s
[5.147s][info][gc,start       ] GC(123) Pause Young (Allocation Failure)
[5.161s][info][gc,heap        ] GC(123) PSYoungGen: 14496K(68608K)->7808K(69120K) Eden: 7680K(7680K)->0K(7680K) From: 6816K(60928K)->7808K(61440K)
[5.161s][info][gc,heap        ] GC(123) ParOldGen: 773173K(813568K)->779925K(813568K)
[5.161s][info][gc,metaspace   ] GC(123) Metaspace: 6301K(6464K)->6301K(6464K) NonClass: 5768K(5824K)->5768K(5824K) Class: 533K(640K)->533K(640K)
[5.161s][info][gc             ] GC(123) Pause Young (Allocation Failure) 769M->769M(862M) 14.405ms
[5.161s][info][gc,cpu         ] GC(123) User=0.02s Sys=0.00s Real=0.01s
[5.169s][info][gc,start       ] GC(124) Pause Young (Allocation Failure)
[5.183s][info][gc,heap        ] GC(124) PSYoungGen: 15488K(69120K)->7808K(66048K) Eden: 7680K(7680K)->0K(8704K) From: 7808K(61440K)->7808K(57344K)
[5.183s][info][gc,heap        ] GC(124) ParOldGen: 779925K(813568K)->787717K(813568K)
[5.183s][info][gc,metaspace   ] GC(124) Metaspace: 6301K(6464K)->6301K(6464K) NonClass: 5768K(5824K)->5768K(5824K) Class: 533K(640K)->533K(640K)
[5.183s][info][gc             ] GC(124) Pause Young (Allocation Failure) 776M->776M(859M) 14.117ms
[5.183s][info][gc,cpu         ] GC(124) User=0.02s Sys=0.00s Real=0.01s
[5.192s][info][gc,start       ] GC(125) Pause Young (Allocation Failure)
[5.205s][info][gc,heap        ] GC(125) PSYoungGen: 16512K(66048K)->8832K(17920K) Eden: 8704K(8704K)->0K(8704K) From: 7808K(57344K)->8832K(9216K)
[5.206s][info][gc,heap        ] GC(125) ParOldGen: 787717K(813568K)->795493K(813568K)
[5.206s][info][gc,metaspace   ] GC(125) Metaspace: 6301K(6464K)->6301K(6464K) NonClass: 5768K(5824K)->5768K(5824K) Class: 533K(640K)->533K(640K)
[5.206s][info][gc             ] GC(125) Pause Young (Allocation Failure) 785M->785M(812M) 13.446ms
[5.206s][info][gc,cpu         ] GC(125) User=0.00s Sys=0.02s Real=0.01s
[5.214s][info][gc,start       ] GC(126) Pause Young (Allocation Failure)
[5.229s][info][gc,heap        ] GC(126) PSYoungGen: 17536K(17920K)->8832K(62976K) Eden: 8704K(8704K)->0K(10240K) From: 8832K(9216K)->8832K(52736K)
[5.229s][info][gc,heap        ] GC(126) ParOldGen: 795493K(813568K)->804325K(813568K)
[5.229s][info][gc,metaspace   ] GC(126) Metaspace: 6301K(6464K)->6301K(6464K) NonClass: 5768K(5824K)->5768K(5824K) Class: 533K(640K)->533K(640K)
[5.229s][info][gc             ] GC(126) Pause Young (Allocation Failure) 793M->794M(856M) 14.167ms
[5.229s][info][gc,cpu         ] GC(126) User=0.02s Sys=0.00s Real=0.01s
[5.229s][info][gc,start       ] GC(127) Pause Full (Ergonomics)
[5.229s][info][gc,phases,start] GC(127) Marking Phase
[5.419s][info][gc,phases      ] GC(127) Marking Phase 190.337ms
[5.419s][info][gc,phases,start] GC(127) Summary Phase
[5.419s][info][gc,phases      ] GC(127) Summary Phase 0.027ms
[5.419s][info][gc,phases,start] GC(127) Adjust Roots
[5.419s][info][gc,phases      ] GC(127) Adjust Roots 0.154ms
[5.419s][info][gc,phases,start] GC(127) Compaction Phase
[5.500s][info][gc,phases      ] GC(127) Compaction Phase 81.011ms
[5.500s][info][gc,phases,start] GC(127) Post Compact
[5.502s][info][gc,phases      ] GC(127) Post Compact 1.525ms
[5.503s][info][gc,heap        ] GC(127) PSYoungGen: 8832K(62976K)->0K(65024K) Eden: 0K(10240K)->0K(10240K) From: 8832K(52736K)->0K(54784K)
[5.503s][info][gc,heap        ] GC(127) ParOldGen: 804325K(813568K)->811681K(891904K)
[5.503s][info][gc,metaspace   ] GC(127) Metaspace: 6301K(6464K)->6301K(6464K) NonClass: 5768K(5824K)->5768K(5824K) Class: 533K(640K)->533K(640K)
[5.503s][info][gc             ] GC(127) Pause Full (Ergonomics) 794M->792M(934M) 273.891ms
[5.503s][info][gc,cpu         ] GC(127) User=1.62s Sys=0.00s Real=0.27s
[5.514s][info][gc,start       ] GC(128) Pause Young (Allocation Failure)
[5.527s][info][gc,heap        ] GC(128) PSYoungGen: 10240K(65024K)->10304K(60416K) Eden: 10240K(10240K)->0K(11264K) From: 0K(54784K)->10304K(49152K)
[5.527s][info][gc,heap        ] GC(128) ParOldGen: 811681K(891904K)->811681K(891904K)
[5.527s][info][gc,metaspace   ] GC(128) Metaspace: 6301K(6464K)->6301K(6464K) NonClass: 5768K(5824K)->5768K(5824K) Class: 533K(640K)->533K(640K)
[5.527s][info][gc             ] GC(128) Pause Young (Allocation Failure) 802M->802M(930M) 13.387ms
[5.527s][info][gc,cpu         ] GC(128) User=0.02s Sys=0.00s Real=0.01s
[5.539s][info][gc,start       ] GC(129) Pause Young (Allocation Failure)
[5.555s][info][gc,heap        ] GC(129) PSYoungGen: 21568K(60416K)->11392K(23040K) Eden: 11264K(11264K)->0K(11264K) From: 10304K(49152K)->11392K(11776K)
[5.555s][info][gc,heap        ] GC(129) ParOldGen: 811681K(891904K)->822073K(891904K)
[5.555s][info][gc,metaspace   ] GC(129) Metaspace: 6301K(6464K)->6301K(6464K) NonClass: 5768K(5824K)->5768K(5824K) Class: 533K(640K)->533K(640K)
[5.555s][info][gc             ] GC(129) Pause Young (Allocation Failure) 813M->813M(893M) 16.131ms
[5.555s][info][gc,cpu         ] GC(129) User=0.02s Sys=0.00s Real=0.02s
[5.567s][info][gc,start       ] GC(130) Pause Young (Allocation Failure)
[5.583s][info][gc,heap        ] GC(130) PSYoungGen: 22656K(23040K)->11392K(58368K) Eden: 11264K(11264K)->0K(12800K) From: 11392K(11776K)->11392K(45568K)
[5.583s][info][gc,heap        ] GC(130) ParOldGen: 822073K(891904K)->833497K(891904K)
[5.583s][info][gc,metaspace   ] GC(130) Metaspace: 6301K(6464K)->6301K(6464K) NonClass: 5768K(5824K)->5768K(5824K) Class: 533K(640K)->533K(640K)
[5.583s][info][gc             ] GC(130) Pause Young (Allocation Failure) 824M->825M(928M) 15.668ms
[5.583s][info][gc,cpu         ] GC(130) User=0.02s Sys=0.00s Real=0.02s
[5.596s][info][gc,start       ] GC(131) Pause Young (Allocation Failure)
[5.613s][info][gc,heap        ] GC(131) PSYoungGen: 24192K(58368K)->12896K(26112K) Eden: 12800K(12800K)->0K(12800K) From: 11392K(45568K)->12896K(13312K)
[5.613s][info][gc,heap        ] GC(131) ParOldGen: 833497K(891904K)->844913K(891904K)
[5.613s][info][gc,metaspace   ] GC(131) Metaspace: 6301K(6464K)->6301K(6464K) NonClass: 5768K(5824K)->5768K(5824K) Class: 533K(640K)->533K(640K)
[5.613s][info][gc             ] GC(131) Pause Young (Allocation Failure) 837M->837M(896M) 16.813ms
[5.613s][info][gc,cpu         ] GC(131) User=0.03s Sys=0.00s Real=0.02s
[5.626s][info][gc,start       ] GC(132) Pause Young (Allocation Failure)
[5.643s][info][gc,heap        ] GC(132) PSYoungGen: 25696K(26112K)->12896K(54272K) Eden: 12800K(12800K)->0K(14336K) From: 12896K(13312K)->12896K(39936K)
[5.644s][info][gc,heap        ] GC(132) ParOldGen: 844913K(891904K)->857897K(891904K)
[5.644s][info][gc,metaspace   ] GC(132) Metaspace: 6301K(6464K)->6301K(6464K) NonClass: 5768K(5824K)->5768K(5824K) Class: 533K(640K)->533K(640K)
[5.644s][info][gc             ] GC(132) Pause Young (Allocation Failure) 850M->850M(924M) 17.524ms
[5.644s][info][gc,cpu         ] GC(132) User=0.02s Sys=0.00s Real=0.02s
[5.660s][info][gc,start       ] GC(133) Pause Young (Allocation Failure)
[5.678s][info][gc,heap        ] GC(133) PSYoungGen: 27232K(54272K)->14496K(29184K) Eden: 14336K(14336K)->0K(14336K) From: 12896K(39936K)->14496K(14848K)
[5.678s][info][gc,heap        ] GC(133) ParOldGen: 857897K(891904K)->870881K(891904K)
[5.678s][info][gc,metaspace   ] GC(133) Metaspace: 6301K(6464K)->6301K(6464K) NonClass: 5768K(5824K)->5768K(5824K) Class: 533K(640K)->533K(640K)
[5.678s][info][gc             ] GC(133) Pause Young (Allocation Failure) 864M->864M(899M) 18.397ms
[5.678s][info][gc,cpu         ] GC(133) User=0.03s Sys=0.00s Real=0.02s
[5.694s][info][gc,start       ] GC(134) Pause Young (Allocation Failure)
[5.712s][info][gc,heap        ] GC(134) PSYoungGen: 28832K(29184K)->14496K(51200K) Eden: 14336K(14336K)->0K(16384K) From: 14496K(14848K)->14496K(34816K)
[5.712s][info][gc,heap        ] GC(134) ParOldGen: 870881K(891904K)->885425K(891904K)
[5.713s][info][gc,metaspace   ] GC(134) Metaspace: 6301K(6464K)->6301K(6464K) NonClass: 5768K(5824K)->5768K(5824K) Class: 533K(640K)->533K(640K)
[5.713s][info][gc             ] GC(134) Pause Young (Allocation Failure) 878M->878M(921M) 18.861ms
[5.713s][info][gc,cpu         ] GC(134) User=0.12s Sys=0.00s Real=0.02s
[5.713s][info][gc,start       ] GC(135) Pause Full (Ergonomics)
[5.713s][info][gc,phases,start] GC(135) Marking Phase
[5.923s][info][gc,phases      ] GC(135) Marking Phase 210.335ms
[5.923s][info][gc,phases,start] GC(135) Summary Phase
[5.923s][info][gc,phases      ] GC(135) Summary Phase 0.031ms
[5.923s][info][gc,phases,start] GC(135) Adjust Roots
[5.923s][info][gc,phases      ] GC(135) Adjust Roots 0.169ms
[5.923s][info][gc,phases,start] GC(135) Compaction Phase
[6.020s][info][gc,phases      ] GC(135) Compaction Phase 97.140ms
[6.020s][info][gc,phases,start] GC(135) Post Compact
[6.022s][info][gc,phases      ] GC(135) Post Compact 1.417ms
[6.022s][info][gc,heap        ] GC(135) PSYoungGen: 14496K(51200K)->6660K(53248K) Eden: 0K(16384K)->0K(18432K) From: 14496K(34816K)->6660K(34816K)
[6.022s][info][gc,heap        ] GC(135) ParOldGen: 885425K(891904K)->891832K(982528K)
[6.022s][info][gc,metaspace   ] GC(135) Metaspace: 6301K(6464K)->6301K(6464K) NonClass: 5768K(5824K)->5768K(5824K) Class: 533K(640K)->533K(640K)
[6.022s][info][gc             ] GC(135) Pause Full (Ergonomics) 878M->877M(1011M) 309.719ms
[6.022s][info][gc,cpu         ] GC(135) User=2.05s Sys=0.00s Real=0.31s
[6.043s][info][gc,start       ] GC(136) Pause Young (Allocation Failure)
[6.093s][info][gc,heap        ] GC(136) PSYoungGen: 25092K(53248K)->18592K(55808K) Eden: 18432K(18432K)->0K(18432K) From: 6660K(34816K)->18592K(37376K)
[6.093s][info][gc,heap        ] GC(136) ParOldGen: 891832K(982528K)->898616K(982528K)
[6.093s][info][gc,metaspace   ] GC(136) Metaspace: 6301K(6464K)->6301K(6464K) NonClass: 5768K(5824K)->5768K(5824K) Class: 533K(640K)->533K(640K)
[6.093s][info][gc             ] GC(136) Pause Young (Allocation Failure) 895M->895M(1014M) 49.877ms
[6.093s][info][gc,cpu         ] GC(136) User=0.23s Sys=0.00s Real=0.05s
[6.113s][info][gc,start       ] GC(137) Pause Young (Allocation Failure)
[6.134s][info][gc,heap        ] GC(137) PSYoungGen: 37024K(55808K)->36864K(51712K) Eden: 18432K(18432K)->0K(14848K) From: 18592K(37376K)->36864K(36864K)
[6.134s][info][gc,heap        ] GC(137) ParOldGen: 898616K(982528K)->898712K(982528K)
[6.134s][info][gc,metaspace   ] GC(137) Metaspace: 6301K(6464K)->6301K(6464K) NonClass: 5768K(5824K)->5768K(5824K) Class: 533K(640K)->533K(640K)
[6.134s][info][gc             ] GC(137) Pause Young (Allocation Failure) 913M->913M(1010M) 20.987ms
[6.134s][info][gc,cpu         ] GC(137) User=0.05s Sys=0.00s Real=0.02s
[6.151s][info][gc,start       ] GC(138) Pause Young (Allocation Failure)
[6.178s][info][gc,heap        ] GC(138) PSYoungGen: 51712K(51712K)->15008K(30208K) Eden: 14848K(14848K)->0K(14848K) From: 36864K(36864K)->15008K(15360K)
[6.178s][info][gc,heap        ] GC(138) ParOldGen: 898712K(982528K)->935984K(982528K)
[6.178s][info][gc,metaspace   ] GC(138) Metaspace: 6301K(6464K)->6301K(6464K) NonClass: 5768K(5824K)->5768K(5824K) Class: 533K(640K)->533K(640K)
[6.178s][info][gc             ] GC(138) Pause Young (Allocation Failure) 928M->928M(989M) 27.691ms
[6.178s][info][gc,cpu         ] GC(138) User=0.11s Sys=0.03s Real=0.03s
[6.195s][info][gc,start       ] GC(139) Pause Young (Allocation Failure)
[6.215s][info][gc,heap        ] GC(139) PSYoungGen: 29856K(30208K)->14976K(53760K) Eden: 14848K(14848K)->0K(16896K) From: 15008K(15360K)->14976K(36864K)
[6.215s][info][gc,heap        ] GC(139) ParOldGen: 935984K(982528K)->951040K(982528K)
[6.215s][info][gc,metaspace   ] GC(139) Metaspace: 6301K(6464K)->6301K(6464K) NonClass: 5768K(5824K)->5768K(5824K) Class: 533K(640K)->533K(640K)
[6.215s][info][gc             ] GC(139) Pause Young (Allocation Failure) 943M->943M(1012M) 20.539ms
[6.215s][info][gc,cpu         ] GC(139) User=0.03s Sys=0.00s Real=0.02s
[6.234s][info][gc,start       ] GC(140) Pause Young (Allocation Failure)
[6.254s][info][gc,heap        ] GC(140) PSYoungGen: 31872K(53760K)->17056K(55296K) Eden: 16896K(16896K)->0K(16896K) From: 14976K(36864K)->17056K(38400K)
[6.254s][info][gc,heap        ] GC(140) ParOldGen: 951040K(982528K)->966080K(982528K)
[6.254s][info][gc,metaspace   ] GC(140) Metaspace: 6301K(6464K)->6301K(6464K) NonClass: 5768K(5824K)->5768K(5824K) Class: 533K(640K)->533K(640K)
[6.254s][info][gc             ] GC(140) Pause Young (Allocation Failure) 959M->960M(1013M) 19.387ms
[6.254s][info][gc,cpu         ] GC(140) User=0.09s Sys=0.00s Real=0.02s
[6.254s][info][gc,start       ] GC(141) Pause Full (Ergonomics)
[6.254s][info][gc,phases,start] GC(141) Marking Phase
[6.471s][info][gc,phases      ] GC(141) Marking Phase 217.409ms
[6.471s][info][gc,phases,start] GC(141) Summary Phase
[6.471s][info][gc,phases      ] GC(141) Summary Phase 0.029ms
[6.471s][info][gc,phases,start] GC(141) Adjust Roots
[6.472s][info][gc,phases      ] GC(141) Adjust Roots 0.156ms
[6.472s][info][gc,phases,start] GC(141) Compaction Phase
[6.556s][info][gc,phases      ] GC(141) Compaction Phase 84.804ms
[6.557s][info][gc,phases,start] GC(141) Post Compact
[6.558s][info][gc,phases      ] GC(141) Post Compact 1.753ms
[6.559s][info][gc,heap        ] GC(141) PSYoungGen: 17056K(55296K)->0K(55296K) Eden: 0K(16896K)->0K(18944K) From: 17056K(38400K)->0K(36352K)
[6.559s][info][gc,heap        ] GC(141) ParOldGen: 966080K(982528K)->981802K(1089024K)
[6.559s][info][gc,metaspace   ] GC(141) Metaspace: 6301K(6464K)->6301K(6464K) NonClass: 5768K(5824K)->5768K(5824K) Class: 533K(640K)->533K(640K)
[6.559s][info][gc             ] GC(141) Pause Full (Ergonomics) 960M->958M(1117M) 304.940ms
[6.559s][info][gc,cpu         ] GC(141) User=2.06s Sys=0.00s Real=0.30s
[6.581s][info][gc,start       ] GC(142) Pause Young (Allocation Failure)
[6.595s][info][gc,heap        ] GC(142) PSYoungGen: 18944K(55296K)->19136K(55296K) Eden: 18944K(18944K)->0K(18944K) From: 0K(36352K)->19136K(36352K)
[6.595s][info][gc,heap        ] GC(142) ParOldGen: 981802K(1089024K)->981802K(1089024K)
[6.595s][info][gc,metaspace   ] GC(142) Metaspace: 6301K(6464K)->6301K(6464K) NonClass: 5768K(5824K)->5768K(5824K) Class: 533K(640K)->533K(640K)
[6.595s][info][gc             ] GC(142) Pause Young (Allocation Failure) 977M->977M(1117M) 14.616ms
[6.595s][info][gc,cpu         ] GC(142) User=0.02s Sys=0.00s Real=0.02s
[6.618s][info][gc,start       ] GC(143) Pause Young (Allocation Failure)
[6.639s][info][gc,heap        ] GC(143) PSYoungGen: 38080K(55296K)->35328K(50688K) Eden: 18944K(18944K)->0K(15360K) From: 19136K(36352K)->35328K(35328K)
[6.639s][info][gc,heap        ] GC(143) ParOldGen: 981802K(1089024K)->984442K(1089024K)
[6.639s][info][gc,metaspace   ] GC(143) Metaspace: 6301K(6464K)->6301K(6464K) NonClass: 5768K(5824K)->5768K(5824K) Class: 533K(640K)->533K(640K)
[6.639s][info][gc             ] GC(143) Pause Young (Allocation Failure) 995M->995M(1113M) 21.009ms
[6.639s][info][gc,cpu         ] GC(143) User=0.12s Sys=0.00s Real=0.02s
[6.656s][info][gc,start       ] GC(144) Pause Young (Allocation Failure)
[6.683s][info][gc,heap        ] GC(144) PSYoungGen: 50688K(50688K)->15488K(56320K) Eden: 15360K(15360K)->0K(15360K) From: 35328K(35328K)->15488K(40960K)
[6.683s][info][gc,heap        ] GC(144) ParOldGen: 984442K(1089024K)->1020226K(1089024K)
[6.683s][info][gc,metaspace   ] GC(144) Metaspace: 6301K(6464K)->6301K(6464K) NonClass: 5768K(5824K)->5768K(5824K) Class: 533K(640K)->533K(640K)
[6.683s][info][gc             ] GC(144) Pause Young (Allocation Failure) 1010M->1011M(1118M) 27.296ms
[6.683s][info][gc,cpu         ] GC(144) User=0.11s Sys=0.03s Real=0.03s
[6.700s][info][gc,start       ] GC(145) Pause Young (Allocation Failure)
[6.719s][info][gc,heap        ] GC(145) PSYoungGen: 30848K(56320K)->30880K(54784K) Eden: 15360K(15360K)->0K(14848K) From: 15488K(40960K)->30880K(39936K)
[6.719s][info][gc,heap        ] GC(145) ParOldGen: 1020226K(1089024K)->1020226K(1089024K)
[6.719s][info][gc,metaspace   ] GC(145) Metaspace: 6301K(6464K)->6301K(6464K) NonClass: 5768K(5824K)->5768K(5824K) Class: 533K(640K)->533K(640K)
[6.719s][info][gc             ] GC(145) Pause Young (Allocation Failure) 1026M->1026M(1117M) 18.588ms
[6.719s][info][gc,cpu         ] GC(145) User=0.03s Sys=0.00s Real=0.02s
[6.735s][info][gc,start       ] GC(146) Pause Young (Allocation Failure)
[6.761s][info][gc,heap        ] GC(146) PSYoungGen: 45728K(54784K)->41984K(56832K) Eden: 14848K(14848K)->0K(14848K) From: 30880K(39936K)->41984K(41984K)
[6.761s][info][gc,heap        ] GC(146) ParOldGen: 1020226K(1089024K)->1023898K(1089024K)
[6.761s][info][gc,metaspace   ] GC(146) Metaspace: 6301K(6464K)->6301K(6464K) NonClass: 5768K(5824K)->5768K(5824K) Class: 533K(640K)->533K(640K)
[6.761s][info][gc             ] GC(146) Pause Young (Allocation Failure) 1040M->1040M(1119M) 26.166ms
[6.761s][info][gc,cpu         ] GC(146) User=0.22s Sys=0.00s Real=0.03s
[6.778s][info][gc,start       ] GC(147) Pause Young (Allocation Failure)
[6.810s][info][gc,heap        ] GC(147) PSYoungGen: 56832K(56832K)->29504K(66048K) Eden: 14848K(14848K)->0K(16896K) From: 41984K(41984K)->29504K(49152K)
[6.811s][info][gc,heap        ] GC(147) ParOldGen: 1023898K(1089024K)->1051730K(1089024K)
[6.811s][info][gc,metaspace   ] GC(147) Metaspace: 6301K(6464K)->6301K(6464K) NonClass: 5768K(5824K)->5768K(5824K) Class: 533K(640K)->533K(640K)
[6.811s][info][gc             ] GC(147) Pause Young (Allocation Failure) 1055M->1055M(1128M) 32.756ms
[6.811s][info][gc,cpu         ] GC(147) User=0.11s Sys=0.03s Real=0.03s
[6.829s][info][gc,start       ] GC(148) Pause Young (Allocation Failure)
[6.857s][info][gc,heap        ] GC(148) PSYoungGen: 46400K(66048K)->31904K(66048K) Eden: 16896K(16896K)->0K(16896K) From: 29504K(49152K)->31904K(49152K)
[6.857s][info][gc,heap        ] GC(148) ParOldGen: 1051730K(1089024K)->1066466K(1089024K)
[6.857s][info][gc,metaspace   ] GC(148) Metaspace: 6301K(6464K)->6301K(6464K) NonClass: 5768K(5824K)->5768K(5824K) Class: 533K(640K)->533K(640K)
[6.857s][info][gc             ] GC(148) Pause Young (Allocation Failure) 1072M->1072M(1128M) 27.363ms
[6.857s][info][gc,cpu         ] GC(148) User=0.11s Sys=0.00s Real=0.03s
[6.857s][info][gc,start       ] GC(149) Pause Full (Ergonomics)
[6.857s][info][gc,phases,start] GC(149) Marking Phase
[7.126s][info][gc,phases      ] GC(149) Marking Phase 268.597ms
[7.126s][info][gc,phases,start] GC(149) Summary Phase
[7.126s][info][gc,phases      ] GC(149) Summary Phase 0.026ms
[7.126s][info][gc,phases,start] GC(149) Adjust Roots
[7.126s][info][gc,phases      ] GC(149) Adjust Roots 0.179ms
[7.126s][info][gc,phases,start] GC(149) Compaction Phase
[7.226s][info][gc,phases      ] GC(149) Compaction Phase 99.843ms
[7.226s][info][gc,phases,start] GC(149) Post Compact
[7.228s][info][gc,phases      ] GC(149) Post Compact 1.827ms
[7.228s][info][gc,heap        ] GC(149) PSYoungGen: 31904K(66048K)->8181K(66048K) Eden: 0K(16896K)->0K(16896K) From: 31904K(49152K)->8181K(49152K)
[7.228s][info][gc,heap        ] GC(149) ParOldGen: 1066466K(1089024K)->1088610K(1210880K)
[7.228s][info][gc,metaspace   ] GC(149) Metaspace: 6301K(6464K)->6301K(6464K) NonClass: 5768K(5824K)->5768K(5824K) Class: 533K(640K)->533K(640K)
[7.228s][info][gc             ] GC(149) Pause Full (Ergonomics) 1072M->1071M(1247M) 371.221ms
[7.228s][info][gc,cpu         ] GC(149) User=2.50s Sys=0.03s Real=0.37s
[7.248s][info][gc,start       ] GC(150) Pause Young (Allocation Failure)
[7.309s][info][gc,heap        ] GC(150) PSYoungGen: 25077K(66048K)->21152K(64512K) Eden: 16896K(16896K)->0K(18944K) From: 8181K(49152K)->21152K(45568K)
[7.309s][info][gc,heap        ] GC(150) ParOldGen: 1088610K(1210880K)->1092770K(1210880K)
[7.309s][info][gc,metaspace   ] GC(150) Metaspace: 6301K(6464K)->6301K(6464K) NonClass: 5768K(5824K)->5768K(5824K) Class: 533K(640K)->533K(640K)
[7.309s][info][gc             ] GC(150) Pause Young (Allocation Failure) 1087M->1087M(1245M) 60.659ms
[7.309s][info][gc,cpu         ] GC(150) User=0.34s Sys=0.00s Real=0.06s
[7.331s][info][gc,start       ] GC(151) Pause Young (Allocation Failure)
[7.355s][info][gc,heap        ] GC(151) PSYoungGen: 40096K(64512K)->40128K(66560K) Eden: 18944K(18944K)->0K(18944K) From: 21152K(45568K)->40128K(47616K)
[7.355s][info][gc,heap        ] GC(151) ParOldGen: 1092770K(1210880K)->1092770K(1210880K)
[7.355s][info][gc,metaspace   ] GC(151) Metaspace: 6301K(6464K)->6301K(6464K) NonClass: 5768K(5824K)->5768K(5824K) Class: 533K(640K)->533K(640K)
[7.355s][info][gc             ] GC(151) Pause Young (Allocation Failure) 1106M->1106M(1247M) 23.895ms
[7.355s][info][gc,cpu         ] GC(151) User=0.11s Sys=0.00s Real=0.02s
[7.375s][info][gc,start       ] GC(152) Pause Young (Allocation Failure)
[7.409s][info][gc,heap        ] GC(152) PSYoungGen: 59072K(66560K)->51200K(61952K) Eden: 18944K(18944K)->0K(10752K) From: 40128K(47616K)->51200K(51200K)
[7.409s][info][gc,heap        ] GC(152) ParOldGen: 1092770K(1210880K)->1100618K(1210880K)
[7.409s][info][gc,metaspace   ] GC(152) Metaspace: 6301K(6464K)->6301K(6464K) NonClass: 5768K(5824K)->5768K(5824K) Class: 533K(640K)->533K(640K)
[7.409s][info][gc             ] GC(152) Pause Young (Allocation Failure) 1124M->1124M(1243M) 33.936ms
[7.409s][info][gc,cpu         ] GC(152) User=0.14s Sys=0.02s Real=0.03s
[7.422s][info][gc,start       ] GC(153) Pause Young (Allocation Failure)
[7.453s][info][gc,heap        ] GC(153) PSYoungGen: 61952K(61952K)->43936K(72192K) Eden: 10752K(10752K)->0K(10752K) From: 51200K(51200K)->43936K(61440K)
[7.453s][info][gc,heap        ] GC(153) ParOldGen: 1100618K(1210880K)->1118986K(1210880K)
[7.453s][info][gc,metaspace   ] GC(153) Metaspace: 6301K(6464K)->6301K(6464K) NonClass: 5768K(5824K)->5768K(5824K) Class: 533K(640K)->533K(640K)
[7.453s][info][gc             ] GC(153) Pause Young (Allocation Failure) 1135M->1135M(1253M) 31.171ms
[7.453s][info][gc,cpu         ] GC(153) User=0.12s Sys=0.02s Real=0.03s
[7.466s][info][gc,start       ] GC(154) Pause Young (Allocation Failure)
[7.494s][info][gc,heap        ] GC(154) PSYoungGen: 54688K(72192K)->37472K(74752K) Eden: 10752K(10752K)->0K(12288K) From: 43936K(61440K)->37472K(62464K)
[7.494s][info][gc,heap        ] GC(154) ParOldGen: 1118986K(1210880K)->1136442K(1210880K)
[7.494s][info][gc,metaspace   ] GC(154) Metaspace: 6301K(6464K)->6301K(6464K) NonClass: 5768K(5824K)->5768K(5824K) Class: 533K(640K)->533K(640K)
[7.494s][info][gc             ] GC(154) Pause Young (Allocation Failure) 1146M->1146M(1255M) 28.581ms
[7.494s][info][gc,cpu         ] GC(154) User=0.08s Sys=0.06s Real=0.03s
[7.509s][info][gc,start       ] GC(155) Pause Young (Allocation Failure)
[7.536s][info][gc,heap        ] GC(155) PSYoungGen: 49760K(74752K)->33888K(75264K) Eden: 12288K(12288K)->0K(12288K) From: 37472K(62464K)->33888K(62976K)
[7.536s][info][gc,heap        ] GC(155) ParOldGen: 1136442K(1210880K)->1152522K(1210880K)
[7.536s][info][gc,metaspace   ] GC(155) Metaspace: 6301K(6464K)->6301K(6464K) NonClass: 5768K(5824K)->5768K(5824K) Class: 533K(640K)->533K(640K)
[7.536s][info][gc             ] GC(155) Pause Young (Allocation Failure) 1158M->1158M(1256M) 27.207ms
[7.536s][info][gc,cpu         ] GC(155) User=0.12s Sys=0.02s Real=0.03s
[7.551s][info][gc,start       ] GC(156) Pause Young (Allocation Failure)
[7.584s][info][gc,heap        ] GC(156) PSYoungGen: 46176K(75264K)->24704K(71168K) Eden: 12288K(12288K)->0K(14336K) From: 33888K(62976K)->24704K(56832K)
[7.584s][info][gc,heap        ] GC(156) ParOldGen: 1152522K(1210880K)->1174306K(1210880K)
[7.584s][info][gc,metaspace   ] GC(156) Metaspace: 6301K(6464K)->6301K(6464K) NonClass: 5768K(5824K)->5768K(5824K) Class: 533K(640K)->533K(640K)
[7.584s][info][gc             ] GC(156) Pause Young (Allocation Failure) 1170M->1170M(1252M) 32.601ms
[7.584s][info][gc,cpu         ] GC(156) User=0.09s Sys=0.00s Real=0.03s
[7.602s][info][gc,start       ] GC(157) Pause Young (Allocation Failure)
[7.628s][info][gc,heap        ] GC(157) PSYoungGen: 39040K(71168K)->14432K(73216K) Eden: 14336K(14336K)->0K(14336K) From: 24704K(56832K)->14432K(58880K)
[7.629s][info][gc,heap        ] GC(157) ParOldGen: 1174306K(1210880K)->1199202K(1210880K)
[7.629s][info][gc,metaspace   ] GC(157) Metaspace: 6301K(6464K)->6301K(6464K) NonClass: 5768K(5824K)->5768K(5824K) Class: 533K(640K)->533K(640K)
[7.629s][info][gc             ] GC(157) Pause Young (Allocation Failure) 1184M->1185M(1254M) 26.482ms
[7.629s][info][gc,cpu         ] GC(157) User=0.11s Sys=0.00s Real=0.03s
[7.629s][info][gc,start       ] GC(158) Pause Full (Ergonomics)
[7.629s][info][gc,phases,start] GC(158) Marking Phase
[7.914s][info][gc,phases      ] GC(158) Marking Phase 285.758ms
[7.915s][info][gc,phases,start] GC(158) Summary Phase
[7.915s][info][gc,phases      ] GC(158) Summary Phase 0.056ms
[7.915s][info][gc,phases,start] GC(158) Adjust Roots
[7.915s][info][gc,phases      ] GC(158) Adjust Roots 0.265ms
[7.915s][info][gc,phases,start] GC(158) Compaction Phase
[8.041s][info][gc,phases      ] GC(158) Compaction Phase 126.386ms
[8.041s][info][gc,phases,start] GC(158) Post Compact
[8.044s][info][gc,phases      ] GC(158) Post Compact 2.818ms
[8.045s][info][gc,heap        ] GC(158) PSYoungGen: 14432K(73216K)->1036K(73216K) Eden: 0K(14336K)->0K(14336K) From: 14432K(58880K)->1036K(58880K)
[8.045s][info][gc,heap        ] GC(158) ParOldGen: 1199202K(1210880K)->1210714K(1343488K)
[8.045s][info][gc,metaspace   ] GC(158) Metaspace: 6301K(6464K)->6301K(6464K) NonClass: 5768K(5824K)->5768K(5824K) Class: 533K(640K)->533K(640K)
[8.045s][info][gc             ] GC(158) Pause Full (Ergonomics) 1185M->1183M(1383M) 416.307ms
[8.045s][info][gc,cpu         ] GC(158) User=2.62s Sys=0.05s Real=0.42s
[8.063s][info][gc,start       ] GC(159) Pause Young (Allocation Failure)
[8.126s][info][gc,heap        ] GC(159) PSYoungGen: 15372K(73216K)->14464K(73216K) Eden: 14336K(14336K)->0K(15872K) From: 1036K(58880K)->14464K(57344K)
[8.126s][info][gc,heap        ] GC(159) ParOldGen: 1210714K(1343488K)->1211794K(1343488K)
[8.126s][info][gc,metaspace   ] GC(159) Metaspace: 6301K(6464K)->6301K(6464K) NonClass: 5768K(5824K)->5768K(5824K) Class: 533K(640K)->533K(640K)
[8.126s][info][gc             ] GC(159) Pause Young (Allocation Failure) 1197M->1197M(1383M) 63.141ms
[8.126s][info][gc,cpu         ] GC(159) User=0.48s Sys=0.00s Real=0.06s
[8.146s][info][gc,start       ] GC(160) Pause Young (Allocation Failure)
[8.167s][info][gc,heap        ] GC(160) PSYoungGen: 30336K(73216K)->16000K(74240K) Eden: 15872K(15872K)->0K(15872K) From: 14464K(57344K)->16000K(58368K)
[8.167s][info][gc,heap        ] GC(160) ParOldGen: 1211794K(1343488K)->1226338K(1343488K)
[8.167s][info][gc,metaspace   ] GC(160) Metaspace: 6301K(6464K)->6301K(6464K) NonClass: 5768K(5824K)->5768K(5824K) Class: 533K(640K)->533K(640K)
[8.167s][info][gc             ] GC(160) Pause Young (Allocation Failure) 1213M->1213M(1384M) 21.484ms
[8.167s][info][gc,cpu         ] GC(160) User=0.09s Sys=0.00s Real=0.02s
[8.186s][info][gc,start       ] GC(161) Pause Young (Allocation Failure)
[8.208s][info][gc,heap        ] GC(161) PSYoungGen: 31872K(74240K)->15968K(73216K) Eden: 15872K(15872K)->0K(17920K) From: 16000K(58368K)->15968K(55296K)
[8.208s][info][gc,heap        ] GC(161) ParOldGen: 1226338K(1343488K)->1242426K(1343488K)
[8.208s][info][gc,metaspace   ] GC(161) Metaspace: 6301K(6464K)->6301K(6464K) NonClass: 5768K(5824K)->5768K(5824K) Class: 533K(640K)->533K(640K)
[8.208s][info][gc             ] GC(161) Pause Young (Allocation Failure) 1228M->1228M(1383M) 21.546ms
[8.208s][info][gc,cpu         ] GC(161) User=0.14s Sys=0.00s Real=0.02s
[8.229s][info][gc,start       ] GC(162) Pause Young (Allocation Failure)
[8.252s][info][gc,heap        ] GC(162) PSYoungGen: 33888K(73216K)->18080K(74240K) Eden: 17920K(17920K)->0K(17920K) From: 15968K(55296K)->18080K(56320K)
[8.252s][info][gc,heap        ] GC(162) ParOldGen: 1242426K(1343488K)->1258530K(1343488K)
[8.252s][info][gc,metaspace   ] GC(162) Metaspace: 6301K(6464K)->6301K(6464K) NonClass: 5768K(5824K)->5768K(5824K) Class: 533K(640K)->533K(640K)
[8.252s][info][gc             ] GC(162) Pause Young (Allocation Failure) 1246M->1246M(1384M) 23.342ms
[8.252s][info][gc,cpu         ] GC(162) User=0.11s Sys=0.02s Real=0.02s
[8.274s][info][gc,start       ] GC(163) Pause Young (Allocation Failure)
[8.299s][info][gc,heap        ] GC(163) PSYoungGen: 36000K(74240K)->18048K(71168K) Eden: 17920K(17920K)->0K(19968K) From: 18080K(56320K)->18048K(51200K)
[8.299s][info][gc,heap        ] GC(163) ParOldGen: 1258530K(1343488K)->1276706K(1343488K)
[8.299s][info][gc,metaspace   ] GC(163) Metaspace: 6301K(6464K)->6301K(6464K) NonClass: 5768K(5824K)->5768K(5824K) Class: 533K(640K)->533K(640K)
[8.299s][info][gc             ] GC(163) Pause Young (Allocation Failure) 1264M->1264M(1381M) 24.849ms
[8.299s][info][gc,cpu         ] GC(163) User=0.12s Sys=0.00s Real=0.03s
[8.322s][info][gc,start       ] GC(164) Pause Young (Allocation Failure)
[8.344s][info][gc,heap        ] GC(164) PSYoungGen: 38016K(71168K)->14176K(72704K) Eden: 19968K(19968K)->0K(19968K) From: 18048K(51200K)->14176K(52736K)
[8.344s][info][gc,heap        ] GC(164) ParOldGen: 1276706K(1343488K)->1294874K(1343488K)
[8.344s][info][gc,metaspace   ] GC(164) Metaspace: 6301K(6464K)->6301K(6464K) NonClass: 5768K(5824K)->5768K(5824K) Class: 533K(640K)->533K(640K)
[8.344s][info][gc             ] GC(164) Pause Young (Allocation Failure) 1283M->1278M(1383M) 21.996ms
[8.344s][info][gc,cpu         ] GC(164) User=0.11s Sys=0.02s Real=0.02s
[8.360s][info][gc,start       ] GC(165) Pause Young (Allocation Failure)
[8.379s][info][gc,heap        ] GC(165) PSYoungGen: 34144K(72704K)->10560K(72704K) Eden: 19968K(19968K)->0K(22528K) From: 14176K(52736K)->10560K(50176K)
[8.379s][info][gc,heap        ] GC(165) ParOldGen: 1294874K(1343488K)->1309122K(1343488K)
[8.379s][info][gc,metaspace   ] GC(165) Metaspace: 6301K(6464K)->6301K(6464K) NonClass: 5768K(5824K)->5768K(5824K) Class: 533K(640K)->533K(640K)
[8.379s][info][gc             ] GC(165) Pause Young (Allocation Failure) 1297M->1288M(1383M) 18.828ms
[8.379s][info][gc,cpu         ] GC(165) User=0.05s Sys=0.00s Real=0.02s
[8.408s][info][gc,start       ] GC(166) Pause Young (Allocation Failure)
[8.430s][info][gc,heap        ] GC(166) PSYoungGen: 33088K(72704K)->21568K(44544K) Eden: 22528K(22528K)->0K(22528K) From: 10560K(50176K)->21568K(22016K)
[8.430s][info][gc,heap        ] GC(166) ParOldGen: 1309122K(1343488K)->1319634K(1343488K)
[8.430s][info][gc,metaspace   ] GC(166) Metaspace: 6301K(6464K)->6301K(6464K) NonClass: 5768K(5824K)->5768K(5824K) Class: 533K(640K)->533K(640K)
[8.431s][info][gc             ] GC(166) Pause Young (Allocation Failure) 1310M->1309M(1355M) 22.143ms
[8.431s][info][gc,cpu         ] GC(166) User=0.12s Sys=0.00s Real=0.02s
[8.431s][info][gc,start       ] GC(167) Pause Full (Ergonomics)
[8.431s][info][gc,phases,start] GC(167) Marking Phase
[8.727s][info][gc,phases      ] GC(167) Marking Phase 295.961ms
[8.727s][info][gc,phases,start] GC(167) Summary Phase
[8.727s][info][gc,phases      ] GC(167) Summary Phase 0.045ms
[8.727s][info][gc,phases,start] GC(167) Adjust Roots
[8.727s][info][gc,phases      ] GC(167) Adjust Roots 0.190ms
[8.727s][info][gc,phases,start] GC(167) Compaction Phase
[8.831s][info][gc,phases      ] GC(167) Compaction Phase 103.848ms
[8.831s][info][gc,phases,start] GC(167) Post Compact
[8.833s][info][gc,phases      ] GC(167) Post Compact 2.393ms
[8.834s][info][gc,heap        ] GC(167) PSYoungGen: 21568K(44544K)->0K(72704K) Eden: 0K(22528K)->0K(25088K) From: 21568K(22016K)->0K(47616K)
[8.834s][info][gc,heap        ] GC(167) ParOldGen: 1319634K(1343488K)->1339245K(1476096K)
[8.834s][info][gc,metaspace   ] GC(167) Metaspace: 6301K(6464K)->6301K(6464K) NonClass: 5768K(5824K)->5768K(5824K) Class: 533K(640K)->533K(640K)
[8.834s][info][gc             ] GC(167) Pause Full (Ergonomics) 1309M->1307M(1512M) 403.219ms
[8.834s][info][gc,cpu         ] GC(167) User=2.91s Sys=0.02s Real=0.40s
[8.868s][info][gc,start       ] GC(168) Pause Young (Allocation Failure)
[8.886s][info][gc,heap        ] GC(168) PSYoungGen: 25088K(72704K)->25248K(72704K) Eden: 25088K(25088K)->0K(25088K) From: 0K(47616K)->25248K(47616K)
[8.886s][info][gc,heap        ] GC(168) ParOldGen: 1339245K(1476096K)->1339245K(1476096K)
[8.886s][info][gc,metaspace   ] GC(168) Metaspace: 6301K(6464K)->6301K(6464K) NonClass: 5768K(5824K)->5768K(5824K) Class: 533K(640K)->533K(640K)
[8.886s][info][gc             ] GC(168) Pause Young (Allocation Failure) 1332M->1332M(1512M) 18.351ms
[8.886s][info][gc,cpu         ] GC(168) User=0.02s Sys=0.00s Real=0.02s
[8.917s][info][gc,start       ] GC(169) Pause Young (Allocation Failure)
[8.945s][info][gc,heap        ] GC(169) PSYoungGen: 50336K(72704K)->46592K(66048K) Eden: 25088K(25088K)->0K(19456K) From: 25248K(47616K)->46592K(46592K)
[8.945s][info][gc,heap        ] GC(169) ParOldGen: 1339245K(1476096K)->1342933K(1476096K)
[8.945s][info][gc,metaspace   ] GC(169) Metaspace: 6301K(6464K)->6301K(6464K) NonClass: 5768K(5824K)->5768K(5824K) Class: 533K(640K)->533K(640K)
[8.945s][info][gc             ] GC(169) Pause Young (Allocation Failure) 1357M->1356M(1506M) 28.456ms
[8.945s][info][gc,cpu         ] GC(169) User=0.14s Sys=0.00s Real=0.03s
[8.970s][info][gc,start       ] GC(170) Pause Young (Allocation Failure)
[9.006s][info][gc,heap        ] GC(170) PSYoungGen: 66048K(66048K)->19616K(74240K) Eden: 19456K(19456K)->0K(19456K) From: 46592K(46592K)->19616K(54784K)
[9.006s][info][gc,heap        ] GC(170) ParOldGen: 1342933K(1476096K)->1390133K(1476096K)
[9.006s][info][gc,metaspace   ] GC(170) Metaspace: 6301K(6464K)->6301K(6464K) NonClass: 5768K(5824K)->5768K(5824K) Class: 533K(640K)->533K(640K)
[9.006s][info][gc             ] GC(170) Pause Young (Allocation Failure) 1375M->1376M(1514M) 36.024ms
[9.006s][info][gc,cpu         ] GC(170) User=0.25s Sys=0.00s Real=0.04s
[9.263s][info][gc,start       ] GC(171) Pause Full (Ergonomics)
[9.263s][info][gc,phases,start] GC(171) Marking Phase
[9.614s][info][gc,phases      ] GC(171) Marking Phase 351.133ms
[9.614s][info][gc,phases,start] GC(171) Summary Phase
[9.614s][info][gc,phases      ] GC(171) Summary Phase 0.050ms
[9.614s][info][gc,phases,start] GC(171) Adjust Roots
[9.614s][info][gc,phases      ] GC(171) Adjust Roots 0.203ms
[9.614s][info][gc,phases,start] GC(171) Compaction Phase
[9.850s][info][gc,phases      ] GC(171) Compaction Phase 235.262ms
[9.850s][info][gc,phases,start] GC(171) Post Compact
[9.853s][info][gc,phases      ] GC(171) Post Compact 2.922ms
[9.853s][info][gc,heap        ] GC(171) PSYoungGen: 39072K(74240K)->0K(74240K) Eden: 19456K(19456K)->0K(21504K) From: 19616K(54784K)->0K(52736K)
[9.853s][info][gc,heap        ] GC(171) ParOldGen: 1455669K(1476096K)->1460970K(1619456K)
[9.853s][info][gc,metaspace   ] GC(171) Metaspace: 6301K(6464K)->6301K(6464K) NonClass: 5768K(5824K)->5768K(5824K) Class: 533K(640K)->533K(640K)
[9.853s][info][gc             ] GC(171) Pause Full (Ergonomics) 1459M->1426M(1654M) 590.438ms
[9.853s][info][gc,cpu         ] GC(171) User=3.97s Sys=0.00s Real=0.59s
[9.875s][info][gc,start       ] GC(172) Pause Young (Allocation Failure)
[9.897s][info][gc,heap        ] GC(172) PSYoungGen: 21504K(74240K)->21632K(43520K) Eden: 21504K(21504K)->0K(21504K) From: 0K(52736K)->21632K(22016K)
[9.897s][info][gc,heap        ] GC(172) ParOldGen: 1460970K(1619456K)->1460970K(1619456K)
[9.897s][info][gc,metaspace   ] GC(172) Metaspace: 6301K(6464K)->6301K(6464K) NonClass: 5768K(5824K)->5768K(5824K) Class: 533K(640K)->533K(640K)
[9.897s][info][gc             ] GC(172) Pause Young (Allocation Failure) 1447M->1447M(1624M) 21.672ms
[9.897s][info][gc,cpu         ] GC(172) User=0.06s Sys=0.00s Real=0.02s
[9.916s][info][gc,start       ] GC(173) Pause Young (Allocation Failure)
[9.944s][info][gc,heap        ] GC(173) PSYoungGen: 43136K(43520K)->43200K(69120K) Eden: 21504K(21504K)->0K(18944K) From: 21632K(22016K)->43200K(50176K)
[9.944s][info][gc,heap        ] GC(173) ParOldGen: 1460970K(1619456K)->1460970K(1619456K)
[9.944s][info][gc,metaspace   ] GC(173) Metaspace: 6301K(6464K)->6301K(6464K) NonClass: 5768K(5824K)->5768K(5824K) Class: 533K(640K)->533K(640K)
[9.944s][info][gc             ] GC(173) Pause Young (Allocation Failure) 1468M->1468M(1649M) 27.580ms
[9.944s][info][gc,cpu         ] GC(173) User=0.05s Sys=0.00s Real=0.03s
[9.961s][info][gc,start       ] GC(174) Pause Young (Allocation Failure)
[9.997s][info][gc,heap        ] GC(174) PSYoungGen: 62144K(69120K)->54784K(73728K) Eden: 18944K(18944K)->0K(18944K) From: 43200K(50176K)->54784K(54784K)
[9.997s][info][gc,heap        ] GC(174) ParOldGen: 1460970K(1619456K)->1468298K(1619456K)
[9.997s][info][gc,metaspace   ] GC(174) Metaspace: 6301K(6464K)->6301K(6464K) NonClass: 5768K(5824K)->5768K(5824K) Class: 533K(640K)->533K(640K)
[9.997s][info][gc             ] GC(174) Pause Young (Allocation Failure) 1487M->1487M(1653M) 36.269ms
[9.997s][info][gc,cpu         ] GC(174) User=0.06s Sys=0.00s Real=0.04s
[10.015s][info][gc,start       ] GC(175) Pause Young (Allocation Failure)
[10.054s][info][gc,heap        ] GC(175) PSYoungGen: 73728K(73728K)->52960K(80896K) Eden: 18944K(18944K)->0K(15872K) From: 54784K(54784K)->52960K(65024K)
[10.054s][info][gc,heap        ] GC(175) ParOldGen: 1468298K(1619456K)->1489490K(1619456K)
[10.054s][info][gc,metaspace   ] GC(175) Metaspace: 6301K(6464K)->6301K(6464K) NonClass: 5768K(5824K)->5768K(5824K) Class: 533K(640K)->533K(640K)
[10.054s][info][gc             ] GC(175) Pause Young (Allocation Failure) 1505M->1506M(1660M) 38.304ms
[10.054s][info][gc,cpu         ] GC(175) User=0.27s Sys=0.09s Real=0.04s
[10.070s][info][gc,start       ] GC(176) Pause Young (Allocation Failure)
[10.105s][info][gc,heap        ] GC(176) PSYoungGen: 68832K(80896K)->48416K(86016K) Eden: 15872K(15872K)->0K(15872K) From: 52960K(65024K)->48416K(70144K)
[10.105s][info][gc,heap        ] GC(176) ParOldGen: 1489490K(1619456K)->1510138K(1619456K)
[10.105s][info][gc,metaspace   ] GC(176) Metaspace: 6301K(6464K)->6301K(6464K) NonClass: 5768K(5824K)->5768K(5824K) Class: 533K(640K)->533K(640K)
[10.105s][info][gc             ] GC(176) Pause Young (Allocation Failure) 1521M->1522M(1665M) 35.110ms
[10.105s][info][gc,cpu         ] GC(176) User=0.25s Sys=0.00s Real=0.04s
[10.121s][info][gc,start       ] GC(177) Pause Young (Allocation Failure)
[10.156s][info][gc,heap        ] GC(177) PSYoungGen: 64288K(86016K)->50848K(88064K) Eden: 15872K(15872K)->0K(15360K) From: 48416K(70144K)->50848K(72704K)
[10.156s][info][gc,heap        ] GC(177) ParOldGen: 1510138K(1619456K)->1523794K(1619456K)
[10.156s][info][gc,metaspace   ] GC(177) Metaspace: 6301K(6464K)->6301K(6464K) NonClass: 5768K(5824K)->5768K(5824K) Class: 533K(640K)->533K(640K)
[10.156s][info][gc             ] GC(177) Pause Young (Allocation Failure) 1537M->1537M(1667M) 34.849ms
[10.156s][info][gc,cpu         ] GC(177) User=0.05s Sys=0.00s Real=0.04s
[10.172s][info][gc,start       ] GC(178) Pause Young (Allocation Failure)
[10.206s][info][gc,heap        ] GC(178) PSYoungGen: 66208K(88064K)->47264K(90624K) Eden: 15360K(15360K)->0K(15360K) From: 50848K(72704K)->47264K(75264K)
[10.206s][info][gc,heap        ] GC(178) ParOldGen: 1523794K(1619456K)->1542986K(1619456K)
[10.206s][info][gc,metaspace   ] GC(178) Metaspace: 6301K(6464K)->6301K(6464K) NonClass: 5768K(5824K)->5768K(5824K) Class: 533K(640K)->533K(640K)
[10.206s][info][gc             ] GC(178) Pause Young (Allocation Failure) 1552M->1552M(1670M) 34.416ms
[10.206s][info][gc,cpu         ] GC(178) User=0.28s Sys=0.00s Real=0.03s
[10.222s][info][gc,start       ] GC(179) Pause Young (Allocation Failure)
[10.256s][info][gc,heap        ] GC(179) PSYoungGen: 62624K(90624K)->30848K(87040K) Eden: 15360K(15360K)->0K(17408K) From: 47264K(75264K)->30848K(69632K)
[10.256s][info][gc,heap        ] GC(179) ParOldGen: 1542986K(1619456K)->1575146K(1619456K)
[10.256s][info][gc,metaspace   ] GC(179) Metaspace: 6301K(6464K)->6301K(6464K) NonClass: 5768K(5824K)->5768K(5824K) Class: 533K(640K)->533K(640K)
[10.256s][info][gc             ] GC(179) Pause Young (Allocation Failure) 1567M->1568M(1666M) 34.372ms
[10.256s][info][gc,cpu         ] GC(179) User=0.12s Sys=0.03s Real=0.03s
[10.273s][info][gc,start       ] GC(180) Pause Young (Allocation Failure)
[10.303s][info][gc,heap        ] GC(180) PSYoungGen: 48256K(87040K)->17536K(90112K) Eden: 17408K(17408K)->0K(17408K) From: 30848K(69632K)->17536K(72704K)
[10.303s][info][gc,heap        ] GC(180) ParOldGen: 1575146K(1619456K)->1606258K(1619456K)
[10.303s][info][gc,metaspace   ] GC(180) Metaspace: 6301K(6464K)->6301K(6464K) NonClass: 5768K(5824K)->5768K(5824K) Class: 533K(640K)->533K(640K)
[10.303s][info][gc             ] GC(180) Pause Young (Allocation Failure) 1585M->1585M(1669M) 29.665ms
[10.303s][info][gc,cpu         ] GC(180) User=0.05s Sys=0.00s Real=0.03s
[10.303s][info][gc,start       ] GC(181) Pause Full (Ergonomics)
[10.303s][info][gc,phases,start] GC(181) Marking Phase
[10.667s][info][gc,phases      ] GC(181) Marking Phase 363.956ms
[10.667s][info][gc,phases,start] GC(181) Summary Phase
[10.667s][info][gc,phases      ] GC(181) Summary Phase 0.029ms
[10.667s][info][gc,phases,start] GC(181) Adjust Roots
[10.667s][info][gc,phases      ] GC(181) Adjust Roots 0.229ms
[10.667s][info][gc,phases,start] GC(181) Compaction Phase
[11.124s][info][gc,phases      ] GC(181) Compaction Phase 457.108ms
[11.124s][info][gc,phases,start] GC(181) Post Compact
[11.127s][info][gc,phases      ] GC(181) Post Compact 2.985ms
[11.128s][info][gc,heap        ] GC(181) PSYoungGen: 17536K(90112K)->2069K(90112K) Eden: 0K(17408K)->0K(17408K) From: 17536K(72704K)->2069K(72704K)
[11.128s][info][gc,heap        ] GC(181) ParOldGen: 1606258K(1619456K)->1619398K(1794560K)
[11.128s][info][gc,metaspace   ] GC(181) Metaspace: 6301K(6464K)->6301K(6464K) NonClass: 5768K(5824K)->5768K(5824K) Class: 533K(640K)->533K(640K)
[11.128s][info][gc             ] GC(181) Pause Full (Ergonomics) 1585M->1583M(1840M) 825.210ms
[11.128s][info][gc,cpu         ] GC(181) User=5.77s Sys=0.02s Real=0.82s
[11.147s][info][gc,start       ] GC(182) Pause Young (Allocation Failure)
[11.226s][info][gc,heap        ] GC(182) PSYoungGen: 19477K(90112K)->17536K(89088K) Eden: 17408K(17408K)->0K(19456K) From: 2069K(72704K)->17536K(69632K)
[11.226s][info][gc,heap        ] GC(182) ParOldGen: 1619398K(1794560K)->1621526K(1794560K)
[11.226s][info][gc,metaspace   ] GC(182) Metaspace: 6301K(6464K)->6301K(6464K) NonClass: 5768K(5824K)->5768K(5824K) Class: 533K(640K)->533K(640K)
[11.226s][info][gc             ] GC(182) Pause Young (Allocation Failure) 1600M->1600M(1839M) 78.891ms
[11.226s][info][gc,cpu         ] GC(182) User=0.52s Sys=0.00s Real=0.08s
[11.246s][info][gc,start       ] GC(183) Pause Young (Allocation Failure)
[11.273s][info][gc,heap        ] GC(183) PSYoungGen: 36992K(89088K)->37024K(90624K) Eden: 19456K(19456K)->0K(19456K) From: 17536K(69632K)->37024K(71168K)
[11.273s][info][gc,heap        ] GC(183) ParOldGen: 1621526K(1794560K)->1621526K(1794560K)
[11.273s][info][gc,metaspace   ] GC(183) Metaspace: 6301K(6464K)->6301K(6464K) NonClass: 5768K(5824K)->5768K(5824K) Class: 533K(640K)->533K(640K)
[11.273s][info][gc             ] GC(183) Pause Young (Allocation Failure) 1619M->1619M(1841M) 27.729ms
[11.273s][info][gc,cpu         ] GC(183) User=0.05s Sys=0.00s Real=0.03s
[11.293s][info][gc,start       ] GC(184) Pause Young (Allocation Failure)
[11.328s][info][gc,heap        ] GC(184) PSYoungGen: 56480K(90624K)->56448K(86016K) Eden: 19456K(19456K)->0K(16896K) From: 37024K(71168K)->56448K(69120K)
[11.328s][info][gc,heap        ] GC(184) ParOldGen: 1621526K(1794560K)->1621526K(1794560K)
[11.328s][info][gc,metaspace   ] GC(184) Metaspace: 6301K(6464K)->6301K(6464K) NonClass: 5768K(5824K)->5768K(5824K) Class: 533K(640K)->533K(640K)
[11.328s][info][gc             ] GC(184) Pause Young (Allocation Failure) 1638M->1638M(1836M) 35.159ms
[11.328s][info][gc,cpu         ] GC(184) User=0.03s Sys=0.00s Real=0.04s
[11.345s][info][gc,start       ] GC(185) Pause Young (Allocation Failure)
[11.384s][info][gc,heap        ] GC(185) PSYoungGen: 73344K(86016K)->55936K(91136K) Eden: 16896K(16896K)->0K(16896K) From: 56448K(69120K)->55936K(74240K)
[11.384s][info][gc,heap        ] GC(185) ParOldGen: 1621526K(1794560K)->1639158K(1794560K)
[11.384s][info][gc,metaspace   ] GC(185) Metaspace: 6301K(6464K)->6301K(6464K) NonClass: 5768K(5824K)->5768K(5824K) Class: 533K(640K)->533K(640K)
[11.384s][info][gc             ] GC(185) Pause Young (Allocation Failure) 1655M->1655M(1841M) 38.964ms
[11.384s][info][gc,cpu         ] GC(185) User=0.16s Sys=0.00s Real=0.04s
[11.404s][info][gc,start       ] GC(186) Pause Young (Allocation Failure)
[11.442s][info][gc,heap        ] GC(186) PSYoungGen: 72832K(91136K)->53408K(95232K) Eden: 16896K(16896K)->0K(17408K) From: 55936K(74240K)->53408K(77824K)
[11.442s][info][gc,heap        ] GC(186) ParOldGen: 1639158K(1794560K)->1658886K(1794560K)
[11.442s][info][gc,metaspace   ] GC(186) Metaspace: 6301K(6464K)->6301K(6464K) NonClass: 5768K(5824K)->5768K(5824K) Class: 533K(640K)->533K(640K)
[11.442s][info][gc             ] GC(186) Pause Young (Allocation Failure) 1671M->1672M(1845M) 38.709ms
[11.442s][info][gc,cpu         ] GC(186) User=0.17s Sys=0.00s Real=0.04s
[11.460s][info][gc,start       ] GC(187) Pause Young (Allocation Failure)
[11.498s][info][gc,heap        ] GC(187) PSYoungGen: 70816K(95232K)->51328K(97280K) Eden: 17408K(17408K)->0K(17408K) From: 53408K(77824K)->51328K(79872K)
[11.498s][info][gc,heap        ] GC(187) ParOldGen: 1658886K(1794560K)->1678614K(1794560K)
[11.498s][info][gc,metaspace   ] GC(187) Metaspace: 6301K(6464K)->6301K(6464K) NonClass: 5768K(5824K)->5768K(5824K) Class: 533K(640K)->533K(640K)
[11.498s][info][gc             ] GC(187) Pause Young (Allocation Failure) 1689M->1689M(1847M) 37.845ms
[11.498s][info][gc,cpu         ] GC(187) User=0.16s Sys=0.00s Real=0.04s
[11.519s][info][gc,start       ] GC(188) Pause Young (Allocation Failure)
[11.557s][info][gc,heap        ] GC(188) PSYoungGen: 68736K(97280K)->51904K(99840K) Eden: 17408K(17408K)->0K(19456K) From: 51328K(79872K)->51904K(80384K)
[11.558s][info][gc,heap        ] GC(188) ParOldGen: 1678614K(1794560K)->1695742K(1794560K)
[11.558s][info][gc,metaspace   ] GC(188) Metaspace: 6301K(6464K)->6301K(6464K) NonClass: 5768K(5824K)->5768K(5824K) Class: 533K(640K)->533K(640K)
[11.558s][info][gc             ] GC(188) Pause Young (Allocation Failure) 1706M->1706M(1850M) 38.403ms
[11.558s][info][gc,cpu         ] GC(188) User=0.12s Sys=0.00s Real=0.04s
[11.578s][info][gc,start       ] GC(189) Pause Young (Allocation Failure)
[11.617s][info][gc,heap        ] GC(189) PSYoungGen: 71360K(99840K)->36992K(56832K) Eden: 19456K(19456K)->0K(19456K) From: 51904K(80384K)->36992K(37376K)
[11.617s][info][gc,heap        ] GC(189) ParOldGen: 1695742K(1794560K)->1730486K(1794560K)
[11.617s][info][gc,metaspace   ] GC(189) Metaspace: 6301K(6464K)->6301K(6464K) NonClass: 5768K(5824K)->5768K(5824K) Class: 533K(640K)->533K(640K)
[11.617s][info][gc             ] GC(189) Pause Young (Allocation Failure) 1725M->1726M(1808M) 39.056ms
[11.617s][info][gc,cpu         ] GC(189) User=0.31s Sys=0.03s Real=0.04s
[11.638s][info][gc,start       ] GC(190) Pause Young (Allocation Failure)
[11.672s][info][gc,heap        ] GC(190) PSYoungGen: 56448K(56832K)->19552K(99840K) Eden: 19456K(19456K)->0K(22528K) From: 36992K(37376K)->19552K(77312K)
[11.672s][info][gc,heap        ] GC(190) ParOldGen: 1730486K(1794560K)->1767838K(1794560K)
[11.673s][info][gc,metaspace   ] GC(190) Metaspace: 6301K(6464K)->6301K(6464K) NonClass: 5768K(5824K)->5768K(5824K) Class: 533K(640K)->533K(640K)
[11.673s][info][gc             ] GC(190) Pause Young (Allocation Failure) 1745M->1745M(1850M) 34.326ms
[11.673s][info][gc,cpu         ] GC(190) User=0.14s Sys=0.02s Real=0.04s
[11.673s][info][gc,start       ] GC(191) Pause Full (Ergonomics)
[11.673s][info][gc,phases,start] GC(191) Marking Phase
[12.058s][info][gc,phases      ] GC(191) Marking Phase 385.540ms
[12.058s][info][gc,phases,start] GC(191) Summary Phase
[12.058s][info][gc,phases      ] GC(191) Summary Phase 0.049ms
[12.058s][info][gc,phases,start] GC(191) Adjust Roots
[12.058s][info][gc,phases      ] GC(191) Adjust Roots 0.157ms
[12.058s][info][gc,phases,start] GC(191) Compaction Phase
[12.220s][info][gc,phases      ] GC(191) Compaction Phase 161.602ms
[12.220s][info][gc,phases,start] GC(191) Post Compact
[12.223s][info][gc,phases      ] GC(191) Post Compact 3.211ms
[12.224s][info][gc,heap        ] GC(191) PSYoungGen: 19552K(99840K)->0K(99840K) Eden: 0K(22528K)->0K(22528K) From: 19552K(77312K)->0K(77312K)
[12.224s][info][gc,heap        ] GC(191) ParOldGen: 1767838K(1794560K)->1785034K(1979392K)
[12.224s][info][gc,metaspace   ] GC(191) Metaspace: 6301K(6464K)->6301K(6464K) NonClass: 5768K(5824K)->5768K(5824K) Class: 533K(640K)->533K(640K)
[12.224s][info][gc             ] GC(191) Pause Full (Ergonomics) 1745M->1743M(2030M) 551.527ms
[12.224s][info][gc,cpu         ] GC(191) User=3.92s Sys=0.00s Real=0.55s
[12.250s][info][gc,start       ] GC(192) Pause Young (Allocation Failure)
[12.273s][info][gc,heap        ] GC(192) PSYoungGen: 22528K(99840K)->22688K(99840K) Eden: 22528K(22528K)->0K(25088K) From: 0K(77312K)->22688K(74752K)
[12.273s][info][gc,heap        ] GC(192) ParOldGen: 1785034K(1979392K)->1785034K(1979392K)
[12.273s][info][gc,metaspace   ] GC(192) Metaspace: 6301K(6464K)->6301K(6464K) NonClass: 5768K(5824K)->5768K(5824K) Class: 533K(640K)->533K(640K)
[12.273s][info][gc             ] GC(192) Pause Young (Allocation Failure) 1765M->1765M(2030M) 22.709ms
[12.273s][info][gc,cpu         ] GC(192) User=0.05s Sys=0.00s Real=0.02s
[12.297s][info][gc,start       ] GC(193) Pause Young (Allocation Failure)
[12.328s][info][gc,heap        ] GC(193) PSYoungGen: 47776K(99840K)->47776K(101376K) Eden: 25088K(25088K)->0K(25088K) From: 22688K(74752K)->47776K(76288K)
[12.328s][info][gc,heap        ] GC(193) ParOldGen: 1785034K(1979392K)->1785034K(1979392K)
[12.328s][info][gc,metaspace   ] GC(193) Metaspace: 6301K(6464K)->6301K(6464K) NonClass: 5768K(5824K)->5768K(5824K) Class: 533K(640K)->533K(640K)
[12.328s][info][gc             ] GC(193) Pause Young (Allocation Failure) 1789M->1789M(2032M) 30.575ms
[12.328s][info][gc,cpu         ] GC(193) User=0.11s Sys=0.00s Real=0.03s
[12.354s][info][gc,start       ] GC(194) Pause Young (Allocation Failure)
[12.392s][info][gc,heap        ] GC(194) PSYoungGen: 72864K(101376K)->72896K(94720K) Eden: 25088K(25088K)->0K(18432K) From: 47776K(76288K)->72896K(76288K)
[12.392s][info][gc,heap        ] GC(194) ParOldGen: 1785034K(1979392K)->1785034K(1979392K)
[12.392s][info][gc,metaspace   ] GC(194) Metaspace: 6301K(6464K)->6301K(6464K) NonClass: 5768K(5824K)->5768K(5824K) Class: 533K(640K)->533K(640K)
[12.392s][info][gc             ] GC(194) Pause Young (Allocation Failure) 1814M->1814M(2025M) 37.973ms
[12.392s][info][gc,cpu         ] GC(194) User=0.25s Sys=0.02s Real=0.04s
[12.412s][info][gc,start       ] GC(195) Pause Young (Allocation Failure)
[12.456s][info][gc,heap        ] GC(195) PSYoungGen: 91328K(94720K)->68832K(103936K) Eden: 18432K(18432K)->0K(18432K) From: 72896K(76288K)->68832K(85504K)
[12.456s][info][gc,heap        ] GC(195) ParOldGen: 1785034K(1979392K)->1807874K(1979392K)
[12.456s][info][gc,metaspace   ] GC(195) Metaspace: 6301K(6464K)->6301K(6464K) NonClass: 5768K(5824K)->5768K(5824K) Class: 533K(640K)->533K(640K)
[12.456s][info][gc             ] GC(195) Pause Young (Allocation Failure) 1832M->1832M(2034M) 44.445ms
[12.456s][info][gc,cpu         ] GC(195) User=0.25s Sys=0.02s Real=0.05s
[12.477s][info][gc,start       ] GC(196) Pause Young (Allocation Failure)
[12.520s][info][gc,heap        ] GC(196) PSYoungGen: 87264K(103936K)->62080K(110080K) Eden: 18432K(18432K)->0K(18944K) From: 68832K(85504K)->62080K(91136K)
[12.520s][info][gc,heap        ] GC(196) ParOldGen: 1807874K(1979392K)->1833306K(1979392K)
[12.520s][info][gc,metaspace   ] GC(196) Metaspace: 6301K(6464K)->6301K(6464K) NonClass: 5768K(5824K)->5768K(5824K) Class: 533K(640K)->533K(640K)
[12.520s][info][gc             ] GC(196) Pause Young (Allocation Failure) 1850M->1850M(2040M) 43.207ms
[12.520s][info][gc,cpu         ] GC(196) User=0.27s Sys=0.00s Real=0.04s
[12.542s][info][gc,start       ] GC(197) Pause Young (Allocation Failure)
[12.583s][info][gc,heap        ] GC(197) PSYoungGen: 81024K(110080K)->56000K(112128K) Eden: 18944K(18944K)->0K(18944K) From: 62080K(91136K)->56000K(93184K)
[12.583s][info][gc,heap        ] GC(197) ParOldGen: 1833306K(1979392K)->1858722K(1979392K)
[12.583s][info][gc,metaspace   ] GC(197) Metaspace: 6301K(6464K)->6301K(6464K) NonClass: 5768K(5824K)->5768K(5824K) Class: 533K(640K)->533K(640K)
[12.583s][info][gc             ] GC(197) Pause Young (Allocation Failure) 1869M->1869M(2042M) 41.627ms
[12.583s][info][gc,cpu         ] GC(197) User=0.17s Sys=0.02s Real=0.04s
[12.603s][info][gc,start       ] GC(198) Pause Young (Allocation Failure)
[12.643s][info][gc,heap        ] GC(198) PSYoungGen: 74944K(112128K)->38048K(107520K) Eden: 18944K(18944K)->0K(21504K) From: 56000K(93184K)->38048K(86016K)
[12.643s][info][gc,heap        ] GC(198) ParOldGen: 1858722K(1979392K)->1896074K(1979392K)
[12.643s][info][gc,metaspace   ] GC(198) Metaspace: 6301K(6464K)->6301K(6464K) NonClass: 5768K(5824K)->5768K(5824K) Class: 533K(640K)->533K(640K)
[12.643s][info][gc             ] GC(198) Pause Young (Allocation Failure) 1888M->1888M(2038M) 39.467ms
[12.643s][info][gc,cpu         ] GC(198) User=0.17s Sys=0.02s Real=0.04s
[12.667s][info][gc,start       ] GC(199) Pause Young (Allocation Failure)
[12.702s][info][gc,heap        ] GC(199) PSYoungGen: 59552K(107520K)->21664K(110592K) Eden: 21504K(21504K)->0K(21504K) From: 38048K(86016K)->21664K(89088K)
[12.702s][info][gc,heap        ] GC(199) ParOldGen: 1896074K(1979392K)->1934458K(1979392K)
[12.702s][info][gc,metaspace   ] GC(199) Metaspace: 6301K(6464K)->6301K(6464K) NonClass: 5768K(5824K)->5768K(5824K) Class: 533K(640K)->533K(640K)
[12.702s][info][gc             ] GC(199) Pause Young (Allocation Failure) 1909M->1910M(2041M) 34.470ms
[12.702s][info][gc,cpu         ] GC(199) User=0.16s Sys=0.00s Real=0.03s
[12.702s][info][gc,start       ] GC(200) Pause Full (Ergonomics)
[12.702s][info][gc,phases,start] GC(200) Marking Phase
[13.145s][info][gc,phases      ] GC(200) Marking Phase 443.200ms
[13.145s][info][gc,phases,start] GC(200) Summary Phase
[13.145s][info][gc,phases      ] GC(200) Summary Phase 0.048ms
[13.145s][info][gc,phases,start] GC(200) Adjust Roots
[13.146s][info][gc,phases      ] GC(200) Adjust Roots 0.162ms
[13.146s][info][gc,phases,start] GC(200) Compaction Phase
[13.322s][info][gc,phases      ] GC(200) Compaction Phase 176.440ms
[13.322s][info][gc,phases,start] GC(200) Post Compact
[13.326s][info][gc,phases      ] GC(200) Post Compact 3.674ms
[13.327s][info][gc,heap        ] GC(200) PSYoungGen: 21664K(110592K)->0K(113664K) Eden: 0K(21504K)->0K(24576K) From: 21664K(89088K)->0K(89088K)
[13.327s][info][gc,heap        ] GC(200) ParOldGen: 1934458K(1979392K)->1953737K(2171904K)
[13.327s][info][gc,metaspace   ] GC(200) Metaspace: 6301K(6464K)->6301K(6464K) NonClass: 5768K(5824K)->5768K(5824K) Class: 533K(640K)->533K(640K)
[13.327s][info][gc             ] GC(200) Pause Full (Ergonomics) 1910M->1907M(2232M) 624.808ms
[13.327s][info][gc,cpu         ] GC(200) User=4.53s Sys=0.03s Real=0.62s
[13.357s][info][gc,start       ] GC(201) Pause Young (Allocation Failure)
[13.381s][info][gc,heap        ] GC(201) PSYoungGen: 24576K(113664K)->24736K(113664K) Eden: 24576K(24576K)->0K(24576K) From: 0K(89088K)->24736K(89088K)
[13.381s][info][gc,heap        ] GC(201) ParOldGen: 1953737K(2171904K)->1953737K(2171904K)
[13.381s][info][gc,metaspace   ] GC(201) Metaspace: 6301K(6464K)->6301K(6464K) NonClass: 5768K(5824K)->5768K(5824K) Class: 533K(640K)->533K(640K)
[13.381s][info][gc             ] GC(201) Pause Young (Allocation Failure) 1931M->1932M(2232M) 23.971ms
[13.381s][info][gc,cpu         ] GC(201) User=0.05s Sys=0.00s Real=0.02s
[13.409s][info][gc,start       ] GC(202) Pause Young (Allocation Failure)
[13.442s][info][gc,heap        ] GC(202) PSYoungGen: 49312K(113664K)->49312K(111616K) Eden: 24576K(24576K)->0K(27136K) From: 24736K(89088K)->49312K(84480K)
[13.442s][info][gc,heap        ] GC(202) ParOldGen: 1953737K(2171904K)->1953737K(2171904K)
[13.442s][info][gc,metaspace   ] GC(202) Metaspace: 6301K(6464K)->6301K(6464K) NonClass: 5768K(5824K)->5768K(5824K) Class: 533K(640K)->533K(640K)
[13.442s][info][gc             ] GC(202) Pause Young (Allocation Failure) 1956M->1956M(2230M) 32.721ms
[13.442s][info][gc,cpu         ] GC(202) User=0.14s Sys=0.00s Real=0.03s
[13.476s][info][gc,start       ] GC(203) Pause Young (Allocation Failure)
[13.517s][info][gc,heap        ] GC(203) PSYoungGen: 76448K(111616K)->76480K(113152K) Eden: 27136K(27136K)->0K(27136K) From: 49312K(84480K)->76480K(86016K)
[13.517s][info][gc,heap        ] GC(203) ParOldGen: 1953737K(2171904K)->1953737K(2171904K)
[13.517s][info][gc,metaspace   ] GC(203) Metaspace: 6301K(6464K)->6301K(6464K) NonClass: 5768K(5824K)->5768K(5824K) Class: 533K(640K)->533K(640K)
[13.517s][info][gc             ] GC(203) Pause Young (Allocation Failure) 1982M->1982M(2231M) 41.363ms
[13.517s][info][gc,cpu         ] GC(203) User=0.17s Sys=0.00s Real=0.04s
[13.546s][info][gc,start       ] GC(204) Pause Young (Allocation Failure)
[13.599s][info][gc,heap        ] GC(204) PSYoungGen: 103616K(113152K)->94208K(108032K) Eden: 27136K(27136K)->0K(13824K) From: 76480K(86016K)->94208K(94208K)
[13.599s][info][gc,heap        ] GC(204) ParOldGen: 1953737K(2171904K)->1963169K(2171904K)
[13.599s][info][gc,metaspace   ] GC(204) Metaspace: 6301K(6464K)->6301K(6464K) NonClass: 5768K(5824K)->5768K(5824K) Class: 533K(640K)->533K(640K)
[13.599s][info][gc             ] GC(204) Pause Young (Allocation Failure) 2009M->2009M(2226M) 52.589ms
[13.599s][info][gc,cpu         ] GC(204) User=0.48s Sys=0.02s Real=0.05s
[13.613s][info][gc,start       ] GC(205) Pause Young (Allocation Failure)
[13.666s][info][gc,heap        ] GC(205) PSYoungGen: 108032K(108032K)->64192K(124416K) Eden: 13824K(13824K)->0K(13824K) From: 94208K(94208K)->64192K(110592K)
[13.666s][info][gc,heap        ] GC(205) ParOldGen: 1963169K(2171904K)->2007681K(2171904K)
[13.666s][info][gc,metaspace   ] GC(205) Metaspace: 6301K(6464K)->6301K(6464K) NonClass: 5768K(5824K)->5768K(5824K) Class: 533K(640K)->533K(640K)
[13.666s][info][gc             ] GC(205) Pause Young (Allocation Failure) 2022M->2023M(2242M) 52.429ms
[13.666s][info][gc,cpu         ] GC(205) User=0.33s Sys=0.05s Real=0.05s
[13.680s][info][gc,start       ] GC(206) Pause Young (Allocation Failure)
[13.720s][info][gc,heap        ] GC(206) PSYoungGen: 78016K(124416K)->54304K(115200K) Eden: 13824K(13824K)->0K(15872K) From: 64192K(110592K)->54304K(99328K)
[13.720s][info][gc,heap        ] GC(206) ParOldGen: 2007681K(2171904K)->2031729K(2171904K)
[13.720s][info][gc,metaspace   ] GC(206) Metaspace: 6301K(6464K)->6301K(6464K) NonClass: 5768K(5824K)->5768K(5824K) Class: 533K(640K)->533K(640K)
[13.720s][info][gc             ] GC(206) Pause Young (Allocation Failure) 2036M->2037M(2233M) 40.106ms
[13.720s][info][gc,cpu         ] GC(206) User=0.27s Sys=0.00s Real=0.04s
[13.736s][info][gc,start       ] GC(207) Pause Young (Allocation Failure)
[13.774s][info][gc,heap        ] GC(207) PSYoungGen: 70176K(115200K)->29824K(120320K) Eden: 15872K(15872K)->0K(15872K) From: 54304K(99328K)->29824K(104448K)
[13.774s][info][gc,heap        ] GC(207) ParOldGen: 2031729K(2171904K)->2072577K(2171904K)
[13.774s][info][gc,metaspace   ] GC(207) Metaspace: 6301K(6464K)->6301K(6464K) NonClass: 5768K(5824K)->5768K(5824K) Class: 533K(640K)->533K(640K)
[13.775s][info][gc             ] GC(207) Pause Young (Allocation Failure) 2052M->2053M(2238M) 38.448ms
[13.775s][info][gc,cpu         ] GC(207) User=0.23s Sys=0.02s Real=0.04s
[13.791s][info][gc,start       ] GC(208) Pause Young (Allocation Failure)
[13.822s][info][gc,heap        ] GC(208) PSYoungGen: 45696K(120320K)->16000K(120320K) Eden: 15872K(15872K)->0K(17408K) From: 29824K(104448K)->16000K(102912K)
[13.822s][info][gc,heap        ] GC(208) ParOldGen: 2072577K(2171904K)->2102649K(2171904K)
[13.822s][info][gc,metaspace   ] GC(208) Metaspace: 6301K(6464K)->6301K(6464K) NonClass: 5768K(5824K)->5768K(5824K) Class: 533K(640K)->533K(640K)
[13.822s][info][gc             ] GC(208) Pause Young (Allocation Failure) 2068M->2068M(2238M) 30.579ms
[13.822s][info][gc,cpu         ] GC(208) User=0.12s Sys=0.02s Real=0.03s
[13.840s][info][gc,start       ] GC(209) Pause Young (Allocation Failure)
[13.866s][info][gc,heap        ] GC(209) PSYoungGen: 33408K(120320K)->17504K(121344K) Eden: 17408K(17408K)->0K(17408K) From: 16000K(102912K)->17504K(103936K)
[13.866s][info][gc,heap        ] GC(209) ParOldGen: 2102649K(2171904K)->2118737K(2171904K)
[13.866s][info][gc,metaspace   ] GC(209) Metaspace: 6301K(6464K)->6301K(6464K) NonClass: 5768K(5824K)->5768K(5824K) Class: 533K(640K)->533K(640K)
[13.866s][info][gc             ] GC(209) Pause Young (Allocation Failure) 2085M->2086M(2239M) 25.897ms
[13.866s][info][gc,cpu         ] GC(209) User=0.05s Sys=0.00s Real=0.03s
[13.866s][info][gc,start       ] GC(210) Pause Full (Ergonomics)
[13.866s][info][gc,phases,start] GC(210) Marking Phase
[14.340s][info][gc,phases      ] GC(210) Marking Phase 473.837ms
[14.340s][info][gc,phases,start] GC(210) Summary Phase
[14.340s][info][gc,phases      ] GC(210) Summary Phase 0.043ms
[14.340s][info][gc,phases,start] GC(210) Adjust Roots
[14.340s][info][gc,phases      ] GC(210) Adjust Roots 0.163ms
[14.340s][info][gc,phases,start] GC(210) Compaction Phase
[14.512s][info][gc,phases      ] GC(210) Compaction Phase 171.915ms
[14.512s][info][gc,phases,start] GC(210) Post Compact
[14.516s][info][gc,phases      ] GC(210) Post Compact 3.768ms
[14.517s][info][gc,heap        ] GC(210) PSYoungGen: 17504K(121344K)->0K(123392K) Eden: 0K(17408K)->0K(19968K) From: 17504K(103936K)->0K(103424K)
[14.517s][info][gc,heap        ] GC(210) ParOldGen: 2118737K(2171904K)->2133669K(2371072K)
[14.517s][info][gc,metaspace   ] GC(210) Metaspace: 6301K(6464K)->6301K(6464K) NonClass: 5768K(5824K)->5768K(5824K) Class: 533K(640K)->533K(640K)
[14.517s][info][gc             ] GC(210) Pause Full (Ergonomics) 2086M->2083M(2436M) 650.750ms
[14.517s][info][gc,cpu         ] GC(210) User=4.95s Sys=0.03s Real=0.65s
[14.539s][info][gc,start       ] GC(211) Pause Young (Allocation Failure)
[14.561s][info][gc,heap        ] GC(211) PSYoungGen: 19968K(123392K)->20096K(123392K) Eden: 19968K(19968K)->0K(19968K) From: 0K(103424K)->20096K(103424K)
[14.561s][info][gc,heap        ] GC(211) ParOldGen: 2133669K(2371072K)->2133669K(2371072K)
[14.561s][info][gc,metaspace   ] GC(211) Metaspace: 6301K(6464K)->6301K(6464K) NonClass: 5768K(5824K)->5768K(5824K) Class: 533K(640K)->533K(640K)
[14.561s][info][gc             ] GC(211) Pause Young (Allocation Failure) 2103M->2103M(2436M) 21.940ms
[14.561s][info][gc,cpu         ] GC(211) User=0.02s Sys=0.00s Real=0.02s
[14.582s][info][gc,start       ] GC(212) Pause Young (Allocation Failure)
[14.611s][info][gc,heap        ] GC(212) PSYoungGen: 40064K(123392K)->40096K(113152K) Eden: 19968K(19968K)->0K(22528K) From: 20096K(103424K)->40096K(90624K)
[14.611s][info][gc,heap        ] GC(212) ParOldGen: 2133669K(2371072K)->2133669K(2371072K)
[14.611s][info][gc,metaspace   ] GC(212) Metaspace: 6301K(6464K)->6301K(6464K) NonClass: 5768K(5824K)->5768K(5824K) Class: 533K(640K)->533K(640K)
[14.612s][info][gc             ] GC(212) Pause Young (Allocation Failure) 2122M->2122M(2426M) 29.609ms
[14.612s][info][gc,cpu         ] GC(212) User=0.03s Sys=0.02s Real=0.03s
[14.638s][info][gc,start       ] GC(213) Pause Young (Allocation Failure)
[14.673s][info][gc,heap        ] GC(213) PSYoungGen: 62624K(113152K)->42624K(65536K) Eden: 22528K(22528K)->0K(22528K) From: 40096K(90624K)->42624K(43008K)
[14.673s][info][gc,heap        ] GC(213) ParOldGen: 2133669K(2371072K)->2153917K(2371072K)
[14.673s][info][gc,metaspace   ] GC(213) Metaspace: 6301K(6464K)->6301K(6464K) NonClass: 5768K(5824K)->5768K(5824K) Class: 533K(640K)->533K(640K)
[14.673s][info][gc             ] GC(213) Pause Young (Allocation Failure) 2144M->2145M(2379M) 35.852ms
[14.673s][info][gc,cpu         ] GC(213) User=0.16s Sys=0.00s Real=0.04s
[14.701s][info][gc,start       ] GC(214) Pause Young (Allocation Failure)
[14.739s][info][gc,heap        ] GC(214) PSYoungGen: 65152K(65536K)->45216K(108544K) Eden: 22528K(22528K)->0K(25088K) From: 42624K(43008K)->45216K(83456K)
[14.739s][info][gc,heap        ] GC(214) ParOldGen: 2153917K(2371072K)->2174157K(2371072K)
[14.739s][info][gc,metaspace   ] GC(214) Metaspace: 6301K(6464K)->6301K(6464K) NonClass: 5768K(5824K)->5768K(5824K) Class: 533K(640K)->533K(640K)
[14.739s][info][gc             ] GC(214) Pause Young (Allocation Failure) 2167M->2167M(2421M) 38.272ms
[14.739s][info][gc,cpu         ] GC(214) User=0.16s Sys=0.02s Real=0.04s
[14.772s][info][gc,start       ] GC(215) Pause Young (Allocation Failure)
[14.813s][info][gc,heap        ] GC(215) PSYoungGen: 70304K(108544K)->47776K(112128K) Eden: 25088K(25088K)->0K(25088K) From: 45216K(83456K)->47776K(87040K)
[14.813s][info][gc,heap        ] GC(215) ParOldGen: 2174157K(2371072K)->2196997K(2371072K)
[14.813s][info][gc,metaspace   ] GC(215) Metaspace: 6301K(6464K)->6301K(6464K) NonClass: 5768K(5824K)->5768K(5824K) Class: 533K(640K)->533K(640K)
[14.813s][info][gc             ] GC(215) Pause Young (Allocation Failure) 2191M->2192M(2425M) 40.822ms
[14.813s][info][gc,cpu         ] GC(215) User=0.25s Sys=0.00s Real=0.04s
[14.843s][info][gc,start       ] GC(216) Pause Young (Allocation Failure)
[14.885s][info][gc,heap        ] GC(216) PSYoungGen: 72864K(112128K)->50400K(110080K) Eden: 25088K(25088K)->0K(28160K) From: 47776K(87040K)->50400K(81920K)
[14.885s][info][gc,heap        ] GC(216) ParOldGen: 2196997K(2371072K)->2219861K(2371072K)
[14.886s][info][gc,metaspace   ] GC(216) Metaspace: 6301K(6464K)->6301K(6464K) NonClass: 5768K(5824K)->5768K(5824K) Class: 533K(640K)->533K(640K)
[14.886s][info][gc             ] GC(216) Pause Young (Allocation Failure) 2216M->2217M(2423M) 42.116ms
[14.886s][info][gc,cpu         ] GC(216) User=0.25s Sys=0.11s Real=0.04s
[14.917s][info][gc,start       ] GC(217) Pause Young (Allocation Failure)
[14.959s][info][gc,heap        ] GC(217) PSYoungGen: 78560K(110080K)->53440K(111616K) Eden: 28160K(28160K)->0K(28160K) From: 50400K(81920K)->53440K(83456K)
[14.959s][info][gc,heap        ] GC(217) ParOldGen: 2219861K(2371072K)->2245325K(2371072K)
[14.959s][info][gc,metaspace   ] GC(217) Metaspace: 6301K(6464K)->6301K(6464K) NonClass: 5768K(5824K)->5768K(5824K) Class: 533K(640K)->533K(640K)
[14.959s][info][gc             ] GC(217) Pause Young (Allocation Failure) 2244M->2244M(2424M) 42.432ms
[14.959s][info][gc,cpu         ] GC(217) User=0.27s Sys=0.00s Real=0.04s
[14.993s][info][gc,start       ] GC(218) Pause Young (Allocation Failure)
[15.037s][info][gc,heap        ] GC(218) PSYoungGen: 81600K(111616K)->56512K(113664K) Eden: 28160K(28160K)->0K(30720K) From: 53440K(83456K)->56512K(82944K)
[15.037s][info][gc,heap        ] GC(218) ParOldGen: 2245325K(2371072K)->2270685K(2371072K)
[15.037s][info][gc,metaspace   ] GC(218) Metaspace: 6301K(6464K)->6301K(6464K) NonClass: 5768K(5824K)->5768K(5824K) Class: 533K(640K)->533K(640K)
[15.037s][info][gc             ] GC(218) Pause Young (Allocation Failure) 2272M->2272M(2426M) 43.767ms
[15.037s][info][gc,cpu         ] GC(218) User=0.23s Sys=0.02s Real=0.04s
[15.071s][info][gc,start       ] GC(219) Pause Young (Allocation Failure)
[15.117s][info][gc,heap        ] GC(219) PSYoungGen: 87232K(113664K)->59072K(114688K) Eden: 30720K(30720K)->0K(30720K) From: 56512K(82944K)->59072K(83968K)
[15.117s][info][gc,heap        ] GC(219) ParOldGen: 2270685K(2371072K)->2299093K(2371072K)
[15.117s][info][gc,metaspace   ] GC(219) Metaspace: 6301K(6464K)->6301K(6464K) NonClass: 5768K(5824K)->5768K(5824K) Class: 533K(640K)->533K(640K)
[15.117s][info][gc             ] GC(219) Pause Young (Allocation Failure) 2302M->2302M(2427M) 45.843ms
[15.117s][info][gc,cpu         ] GC(219) User=0.25s Sys=0.02s Real=0.05s
[15.154s][info][gc,start       ] GC(220) Pause Young (Allocation Failure)
[15.201s][info][gc,heap        ] GC(220) PSYoungGen: 89792K(114688K)->61632K(117760K) Eden: 30720K(30720K)->0K(32768K) From: 59072K(83968K)->61632K(84992K)
[15.201s][info][gc,heap        ] GC(220) ParOldGen: 2299093K(2371072K)->2327509K(2371072K)
[15.201s][info][gc,metaspace   ] GC(220) Metaspace: 6301K(6464K)->6301K(6464K) NonClass: 5768K(5824K)->5768K(5824K) Class: 533K(640K)->533K(640K)
[15.201s][info][gc             ] GC(220) Pause Young (Allocation Failure) 2332M->2333M(2430M) 46.948ms
[15.201s][info][gc,cpu         ] GC(220) User=0.27s Sys=0.00s Real=0.05s
[15.201s][info][gc,start       ] GC(221) Pause Full (Ergonomics)
[15.201s][info][gc,phases,start] GC(221) Marking Phase
[15.737s][info][gc,phases      ] GC(221) Marking Phase 536.132ms
[15.737s][info][gc,phases,start] GC(221) Summary Phase
[15.737s][info][gc,phases      ] GC(221) Summary Phase 0.045ms
[15.737s][info][gc,phases,start] GC(221) Adjust Roots
[15.737s][info][gc,phases      ] GC(221) Adjust Roots 0.187ms
[15.737s][info][gc,phases,start] GC(221) Compaction Phase
[15.934s][info][gc,phases      ] GC(221) Compaction Phase 196.404ms
[15.934s][info][gc,phases,start] GC(221) Post Compact
[15.939s][info][gc,phases      ] GC(221) Post Compact 4.675ms
[15.940s][info][gc,heap        ] GC(221) PSYoungGen: 61632K(117760K)->15389K(117760K) Eden: 0K(32768K)->0K(32768K) From: 61632K(84992K)->15389K(84992K)
[15.940s][info][gc,heap        ] GC(221) ParOldGen: 2327509K(2371072K)->2370888K(2619904K)
[15.940s][info][gc,metaspace   ] GC(221) Metaspace: 6301K(6464K)->6301K(6464K) NonClass: 5768K(5824K)->5768K(5824K) Class: 533K(640K)->533K(640K)
[15.940s][info][gc             ] GC(221) Pause Full (Ergonomics) 2333M->2330M(2673M) 738.678ms
[15.940s][info][gc,cpu         ] GC(221) User=5.64s Sys=0.02s Real=0.74s
[15.978s][info][gc,start       ] GC(222) Pause Young (Allocation Failure)
[16.102s][info][gc,heap        ] GC(222) PSYoungGen: 48157K(117760K)->42368K(119296K) Eden: 32768K(32768K)->0K(32768K) From: 15389K(84992K)->42368K(86528K)
[16.102s][info][gc,heap        ] GC(222) ParOldGen: 2370888K(2619904K)->2376944K(2619904K)
[16.102s][info][gc,metaspace   ] GC(222) Metaspace: 6301K(6464K)->6301K(6464K) NonClass: 5768K(5824K)->5768K(5824K) Class: 533K(640K)->533K(640K)
[16.102s][info][gc             ] GC(222) Pause Young (Allocation Failure) 2362M->2362M(2675M) 124.014ms
[16.102s][info][gc,cpu         ] GC(222) User=0.77s Sys=0.00s Real=0.12s
[16.141s][info][gc,start       ] GC(223) Pause Young (Allocation Failure)
[16.184s][info][gc,heap        ] GC(223) PSYoungGen: 75136K(119296K)->75168K(113152K) Eden: 32768K(32768K)->0K(29184K) From: 42368K(86528K)->75168K(83968K)
[16.184s][info][gc,heap        ] GC(223) ParOldGen: 2376944K(2619904K)->2376944K(2619904K)
[16.184s][info][gc,metaspace   ] GC(223) Metaspace: 6301K(6464K)->6301K(6464K) NonClass: 5768K(5824K)->5768K(5824K) Class: 533K(640K)->533K(640K)
[16.184s][info][gc             ] GC(223) Pause Young (Allocation Failure) 2394M->2394M(2669M) 42.797ms
[16.184s][info][gc,cpu         ] GC(223) User=0.38s Sys=0.00s Real=0.04s
[16.219s][info][gc,start       ] GC(224) Pause Young (Allocation Failure)
[16.274s][info][gc,heap        ] GC(224) PSYoungGen: 104352K(113152K)->90624K(119808K) Eden: 29184K(29184K)->0K(29184K) From: 75168K(83968K)->90624K(90624K)
[16.274s][info][gc,heap        ] GC(224) ParOldGen: 2376944K(2619904K)->2390696K(2619904K)
[16.274s][info][gc,metaspace   ] GC(224) Metaspace: 6301K(6464K)->6301K(6464K) NonClass: 5768K(5824K)->5768K(5824K) Class: 533K(640K)->533K(640K)
[16.274s][info][gc             ] GC(224) Pause Young (Allocation Failure) 2423M->2423M(2675M) 55.342ms
[16.274s][info][gc,cpu         ] GC(224) User=0.48s Sys=0.02s Real=0.06s
[16.309s][info][gc,start       ] GC(225) Pause Young (Allocation Failure)
[16.374s][info][gc,heap        ] GC(225) PSYoungGen: 119808K(119808K)->82976K(134656K) Eden: 29184K(29184K)->0K(28160K) From: 90624K(90624K)->82976K(106496K)
[16.374s][info][gc,heap        ] GC(225) ParOldGen: 2390696K(2619904K)->2427944K(2619904K)
[16.374s][info][gc,metaspace   ] GC(225) Metaspace: 6301K(6464K)->6301K(6464K) NonClass: 5768K(5824K)->5768K(5824K) Class: 533K(640K)->533K(640K)
[16.374s][info][gc             ] GC(225) Pause Young (Allocation Failure) 2451M->2452M(2690M) 64.820ms
[16.374s][info][gc,cpu         ] GC(225) User=0.36s Sys=0.03s Real=0.07s
[16.406s][info][gc,start       ] GC(226) Pause Young (Allocation Failure)
[16.464s][info][gc,heap        ] GC(226) PSYoungGen: 111136K(134656K)->83296K(139264K) Eden: 28160K(28160K)->0K(28160K) From: 82976K(106496K)->83296K(111104K)
[16.464s][info][gc,heap        ] GC(226) ParOldGen: 2427944K(2619904K)->2456048K(2619904K)
[16.464s][info][gc,metaspace   ] GC(226) Metaspace: 6301K(6464K)->6301K(6464K) NonClass: 5768K(5824K)->5768K(5824K) Class: 533K(640K)->533K(640K)
[16.464s][info][gc             ] GC(226) Pause Young (Allocation Failure) 2479M->2479M(2694M) 58.003ms
[16.464s][info][gc,cpu         ] GC(226) User=0.48s Sys=0.02s Real=0.06s
[16.496s][info][gc,start       ] GC(227) Pause Young (Allocation Failure)
[16.554s][info][gc,heap        ] GC(227) PSYoungGen: 111456K(139264K)->85696K(143360K) Eden: 28160K(28160K)->0K(28160K) From: 83296K(111104K)->85696K(115200K)
[16.554s][info][gc,heap        ] GC(227) ParOldGen: 2456048K(2619904K)->2482032K(2619904K)
[16.554s][info][gc,metaspace   ] GC(227) Metaspace: 6301K(6464K)->6301K(6464K) NonClass: 5768K(5824K)->5768K(5824K) Class: 533K(640K)->533K(640K)
[16.554s][info][gc             ] GC(227) Pause Young (Allocation Failure) 2507M->2507M(2698M) 57.724ms
[16.554s][info][gc,cpu         ] GC(227) User=0.38s Sys=0.02s Real=0.06s
[16.588s][info][gc,start       ] GC(228) Pause Young (Allocation Failure)
[16.648s][info][gc,heap        ] GC(228) PSYoungGen: 113856K(143360K)->84672K(146944K) Eden: 28160K(28160K)->0K(28160K) From: 85696K(115200K)->84672K(118784K)
[16.648s][info][gc,heap        ] GC(228) ParOldGen: 2482032K(2619904K)->2511464K(2619904K)
[16.648s][info][gc,metaspace   ] GC(228) Metaspace: 6301K(6464K)->6301K(6464K) NonClass: 5768K(5824K)->5768K(5824K) Class: 533K(640K)->533K(640K)
[16.648s][info][gc             ] GC(228) Pause Young (Allocation Failure) 2535M->2535M(2702M) 60.719ms
[16.648s][info][gc,cpu         ] GC(228) User=0.39s Sys=0.00s Real=0.06s
[16.682s][info][gc,start       ] GC(229) Pause Young (Allocation Failure)
[16.743s][info][gc,heap        ] GC(229) PSYoungGen: 112832K(146944K)->56448K(144896K) Eden: 28160K(28160K)->0K(31744K) From: 84672K(118784K)->56448K(113152K)
[16.743s][info][gc,heap        ] GC(229) ParOldGen: 2511464K(2619904K)->2568248K(2619904K)
[16.743s][info][gc,metaspace   ] GC(229) Metaspace: 6301K(6464K)->6301K(6464K) NonClass: 5768K(5824K)->5768K(5824K) Class: 533K(640K)->533K(640K)
[16.743s][info][gc             ] GC(229) Pause Young (Allocation Failure) 2562M->2563M(2700M) 61.095ms
[16.743s][info][gc,cpu         ] GC(229) User=0.34s Sys=0.05s Real=0.06s
[16.743s][info][gc,start       ] GC(230) Pause Full (Ergonomics)
[16.743s][info][gc,phases,start] GC(230) Marking Phase
[17.341s][info][gc,phases      ] GC(230) Marking Phase 597.888ms
[17.341s][info][gc,phases,start] GC(230) Summary Phase
[17.341s][info][gc,phases      ] GC(230) Summary Phase 0.045ms
[17.341s][info][gc,phases,start] GC(230) Adjust Roots
[17.341s][info][gc,phases      ] GC(230) Adjust Roots 0.159ms
[17.341s][info][gc,phases,start] GC(230) Compaction Phase
[17.550s][info][gc,phases      ] GC(230) Compaction Phase 208.455ms
[17.550s][info][gc,phases,start] GC(230) Post Compact
[17.554s][info][gc,phases      ] GC(230) Post Compact 4.514ms
[17.555s][info][gc,heap        ] GC(230) PSYoungGen: 56448K(144896K)->3112K(148992K) Eden: 0K(31744K)->0K(35840K) From: 56448K(113152K)->3112K(113152K)
[17.555s][info][gc,heap        ] GC(230) ParOldGen: 2568248K(2619904K)->2619457K(2902528K)
[17.555s][info][gc,metaspace   ] GC(230) Metaspace: 6301K(6464K)->6301K(6464K) NonClass: 5768K(5824K)->5768K(5824K) Class: 533K(640K)->533K(640K)
[17.555s][info][gc             ] GC(230) Pause Full (Ergonomics) 2563M->2561M(2980M) 812.345ms
[17.555s][info][gc,cpu         ] GC(230) User=6.33s Sys=0.00s Real=0.81s
[17.604s][info][gc,start       ] GC(231) Pause Young (Allocation Failure)
[17.737s][info][gc,heap        ] GC(231) PSYoungGen: 38952K(148992K)->36032K(153088K) Eden: 35840K(35840K)->0K(35840K) From: 3112K(113152K)->36032K(117248K)
[17.737s][info][gc,heap        ] GC(231) ParOldGen: 2619457K(2902528K)->2622617K(2902528K)
[17.737s][info][gc,metaspace   ] GC(231) Metaspace: 6301K(6464K)->6301K(6464K) NonClass: 5768K(5824K)->5768K(5824K) Class: 533K(640K)->533K(640K)
[17.737s][info][gc             ] GC(231) Pause Young (Allocation Failure) 2596M->2596M(2984M) 133.544ms
[17.737s][info][gc,cpu         ] GC(231) User=0.78s Sys=0.00s Real=0.13s
[17.783s][info][gc,start       ] GC(232) Pause Young (Allocation Failure)
[17.829s][info][gc,heap        ] GC(232) PSYoungGen: 71872K(153088K)->36000K(154112K) Eden: 35840K(35840K)->0K(39424K) From: 36032K(117248K)->36000K(114688K)
[17.829s][info][gc,heap        ] GC(232) ParOldGen: 2622617K(2902528K)->2658769K(2902528K)
[17.829s][info][gc,metaspace   ] GC(232) Metaspace: 6301K(6464K)->6301K(6464K) NonClass: 5768K(5824K)->5768K(5824K) Class: 533K(640K)->533K(640K)
[17.829s][info][gc             ] GC(232) Pause Young (Allocation Failure) 2631M->2631M(2985M) 46.141ms
[17.829s][info][gc,cpu         ] GC(232) User=0.25s Sys=0.00s Real=0.05s
[17.876s][info][gc,start       ] GC(233) Pause Young (Allocation Failure)
[17.922s][info][gc,heap        ] GC(233) PSYoungGen: 75424K(154112K)->39616K(155136K) Eden: 39424K(39424K)->0K(39424K) From: 36000K(114688K)->39616K(115712K)
[17.922s][info][gc,heap        ] GC(233) ParOldGen: 2658769K(2902528K)->2694937K(2902528K)
[17.922s][info][gc,metaspace   ] GC(233) Metaspace: 6301K(6464K)->6301K(6464K) NonClass: 5768K(5824K)->5768K(5824K) Class: 533K(640K)->533K(640K)
[17.922s][info][gc             ] GC(233) Pause Young (Allocation Failure) 2670M->2670M(2986M) 46.137ms
[17.922s][info][gc,cpu         ] GC(233) User=0.25s Sys=0.00s Real=0.05s
[17.968s][info][gc,start       ] GC(234) Pause Young (Allocation Failure)
[18.015s][info][gc,heap        ] GC(234) PSYoungGen: 79040K(155136K)->39616K(152064K) Eden: 39424K(39424K)->0K(43520K) From: 39616K(115712K)->39616K(108544K)
[18.015s][info][gc,heap        ] GC(234) ParOldGen: 2694937K(2902528K)->2734729K(2902528K)
[18.015s][info][gc,metaspace   ] GC(234) Metaspace: 6301K(6464K)->6301K(6464K) NonClass: 5768K(5824K)->5768K(5824K) Class: 533K(640K)->533K(640K)
[18.015s][info][gc             ] GC(234) Pause Young (Allocation Failure) 2708M->2709M(2983M) 47.168ms
[18.015s][info][gc,cpu         ] GC(234) User=0.27s Sys=0.00s Real=0.05s
[18.065s][info][gc,start       ] GC(235) Pause Young (Allocation Failure)
[18.114s][info][gc,heap        ] GC(235) PSYoungGen: 83136K(152064K)->43712K(154624K) Eden: 43520K(43520K)->0K(43520K) From: 39616K(108544K)->43712K(111104K)
[18.114s][info][gc,heap        ] GC(235) ParOldGen: 2734729K(2902528K)->2774513K(2902528K)
[18.114s][info][gc,metaspace   ] GC(235) Metaspace: 6301K(6464K)->6301K(6464K) NonClass: 5768K(5824K)->5768K(5824K) Class: 533K(640K)->533K(640K)
[18.114s][info][gc             ] GC(235) Pause Young (Allocation Failure) 2751M->2752M(2985M) 48.949ms
[18.114s][info][gc,cpu         ] GC(235) User=0.22s Sys=0.03s Real=0.05s
[18.714s][info][gc,start       ] GC(236) Pause Young (Allocation Failure)
[18.831s][info][gc,heap        ] GC(236) PSYoungGen: 87232K(154624K)->43680K(147456K) Eden: 43520K(43520K)->0K(47616K) From: 43712K(111104K)->43680K(99840K)
[18.831s][info][gc,heap        ] GC(236) ParOldGen: 2905585K(3034112K)->2949505K(3034112K)
[18.831s][info][gc,metaspace   ] GC(236) Metaspace: 6301K(6464K)->6301K(6464K) NonClass: 5768K(5824K)->5768K(5824K) Class: 533K(640K)->533K(640K)
[18.831s][info][gc             ] GC(236) Pause Young (Allocation Failure) 2922M->2923M(3107M) 116.365ms
[18.831s][info][gc,cpu         ] GC(236) User=0.62s Sys=0.00s Real=0.12s
[18.882s][info][gc,start       ] GC(237) Pause Young (Allocation Failure)
[18.942s][info][gc,heap        ] GC(237) PSYoungGen: 91296K(147456K)->91360K(151552K) Eden: 47616K(47616K)->0K(47616K) From: 43680K(99840K)->91360K(103936K)
[18.942s][info][gc,heap        ] GC(237) ParOldGen: 2949505K(3034112K)->2949505K(3034112K)
[18.942s][info][gc,metaspace   ] GC(237) Metaspace: 6301K(6464K)->6301K(6464K) NonClass: 5768K(5824K)->5768K(5824K) Class: 533K(640K)->533K(640K)
[18.942s][info][gc             ] GC(237) Pause Young (Allocation Failure) 2969M->2969M(3111M) 60.177ms
[18.942s][info][gc,cpu         ] GC(237) User=0.23s Sys=0.00s Real=0.06s
[18.992s][info][gc,start       ] GC(238) Pause Young (Allocation Failure)
[19.068s][info][gc,heap        ] GC(238) PSYoungGen: 138976K(151552K)->113152K(140800K) Eden: 47616K(47616K)->0K(27648K) From: 91360K(103936K)->113152K(113152K)
[19.068s][info][gc,heap        ] GC(238) ParOldGen: 2949505K(3034112K)->2975513K(3034112K)
[19.068s][info][gc,metaspace   ] GC(238) Metaspace: 6301K(6464K)->6301K(6464K) NonClass: 5768K(5824K)->5768K(5824K) Class: 533K(640K)->533K(640K)
[19.068s][info][gc             ] GC(238) Pause Young (Allocation Failure) 3016M->3016M(3100M) 75.720ms
[19.068s][info][gc,cpu         ] GC(238) User=0.36s Sys=0.03s Real=0.08s
[19.068s][info][gc,start       ] GC(239) Pause Full (Ergonomics)
[19.068s][info][gc,phases,start] GC(239) Marking Phase
[19.756s][info][gc,phases      ] GC(239) Marking Phase 687.911ms
[19.756s][info][gc,phases,start] GC(239) Summary Phase
[19.756s][info][gc,phases      ] GC(239) Summary Phase 0.083ms
[19.756s][info][gc,phases,start] GC(239) Adjust Roots
[19.756s][info][gc,phases      ] GC(239) Adjust Roots 0.188ms
[19.756s][info][gc,phases,start] GC(239) Compaction Phase
[20.240s][info][gc,phases      ] GC(239) Compaction Phase 483.549ms
[20.240s][info][gc,phases,start] GC(239) Post Compact
[20.246s][info][gc,phases      ] GC(239) Post Compact 6.380ms
[20.248s][info][gc,heap        ] GC(239) PSYoungGen: 113152K(140800K)->0K(165376K) Eden: 0K(27648K)->0K(27648K) From: 113152K(113152K)->0K(137728K)
[20.248s][info][gc,heap        ] GC(239) ParOldGen: 2975513K(3034112K)->3020657K(3329024K)
[20.248s][info][gc,metaspace   ] GC(239) Metaspace: 6301K(6464K)->6301K(6464K) NonClass: 5768K(5824K)->5768K(5824K) Class: 533K(640K)->533K(640K)
[20.248s][info][gc             ] GC(239) Pause Full (Ergonomics) 3016M->2949M(3412M) 1179.630ms
[20.248s][info][gc,cpu         ] GC(239) User=8.17s Sys=0.02s Real=1.18s
[20.276s][info][gc,start       ] GC(240) Pause Young (Allocation Failure)
[20.310s][info][gc,heap        ] GC(240) PSYoungGen: 27648K(165376K)->27808K(166400K) Eden: 27648K(27648K)->0K(30208K) From: 0K(137728K)->27808K(136192K)
[20.311s][info][gc,heap        ] GC(240) ParOldGen: 3020657K(3329024K)->3020657K(3329024K)
[20.311s][info][gc,metaspace   ] GC(240) Metaspace: 6301K(6464K)->6301K(6464K) NonClass: 5768K(5824K)->5768K(5824K) Class: 533K(640K)->533K(640K)
[20.311s][info][gc             ] GC(240) Pause Young (Allocation Failure) 2976M->2977M(3413M) 34.637ms
[20.311s][info][gc,cpu         ] GC(240) User=0.03s Sys=0.02s Real=0.03s
[20.339s][info][gc,start       ] GC(241) Pause Young (Allocation Failure)
[20.384s][info][gc,heap        ] GC(241) PSYoungGen: 58016K(166400K)->58080K(88576K) Eden: 30208K(30208K)->0K(30208K) From: 27808K(136192K)->58080K(58368K)
[20.384s][info][gc,heap        ] GC(241) ParOldGen: 3020657K(3329024K)->3020657K(3329024K)
[20.384s][info][gc,metaspace   ] GC(241) Metaspace: 6301K(6464K)->6301K(6464K) NonClass: 5768K(5824K)->5768K(5824K) Class: 533K(640K)->533K(640K)
[20.384s][info][gc             ] GC(241) Pause Young (Allocation Failure) 3006M->3006M(3337M) 44.946ms
[20.384s][info][gc,cpu         ] GC(241) User=0.08s Sys=0.00s Real=0.05s
[20.413s][info][gc,start       ] GC(242) Pause Young (Allocation Failure)
[20.471s][info][gc,heap        ] GC(242) PSYoungGen: 88288K(88576K)->88256K(160256K) Eden: 30208K(30208K)->0K(30208K) From: 58080K(58368K)->88256K(130048K)
[20.471s][info][gc,heap        ] GC(242) ParOldGen: 3020657K(3329024K)->3020657K(3329024K)
[20.471s][info][gc,metaspace   ] GC(242) Metaspace: 6301K(6464K)->6301K(6464K) NonClass: 5768K(5824K)->5768K(5824K) Class: 533K(640K)->533K(640K)
[20.471s][info][gc             ] GC(242) Pause Young (Allocation Failure) 3036M->3036M(3407M) 57.680ms
[20.471s][info][gc,cpu         ] GC(242) User=0.12s Sys=0.00s Real=0.06s
[20.501s][info][gc,start       ] GC(243) Pause Young (Allocation Failure)
[20.563s][info][gc,heap        ] GC(243) PSYoungGen: 118464K(160256K)->118560K(163328K) Eden: 30208K(30208K)->0K(30208K) From: 88256K(130048K)->118560K(133120K)
[20.563s][info][gc,heap        ] GC(243) ParOldGen: 3020657K(3329024K)->3020657K(3329024K)
[20.563s][info][gc,metaspace   ] GC(243) Metaspace: 6301K(6464K)->6301K(6464K) NonClass: 5768K(5824K)->5768K(5824K) Class: 533K(640K)->533K(640K)
[20.563s][info][gc             ] GC(243) Pause Young (Allocation Failure) 3065M->3065M(3410M) 62.352ms
[20.563s][info][gc,cpu         ] GC(243) User=0.20s Sys=0.00s Real=0.06s
[20.594s][info][gc,start       ] GC(244) Pause Young (Allocation Failure)
[20.667s][info][gc,heap        ] GC(244) PSYoungGen: 148768K(163328K)->121152K(168448K) Eden: 30208K(30208K)->0K(22016K) From: 118560K(133120K)->121152K(146432K)
[20.667s][info][gc,heap        ] GC(244) ParOldGen: 3020657K(3329024K)->3048545K(3329024K)
[20.667s][info][gc,metaspace   ] GC(244) Metaspace: 6301K(6464K)->6301K(6464K) NonClass: 5768K(5824K)->5768K(5824K) Class: 533K(640K)->533K(640K)
[20.667s][info][gc             ] GC(244) Pause Young (Allocation Failure) 3095M->3095M(3415M) 72.604ms
[20.667s][info][gc,cpu         ] GC(244) User=0.34s Sys=0.02s Real=0.07s
[20.691s][info][gc,start       ] GC(245) Pause Young (Allocation Failure)
[20.763s][info][gc,heap        ] GC(245) PSYoungGen: 143168K(168448K)->82688K(104960K) Eden: 22016K(22016K)->0K(22016K) From: 121152K(146432K)->82688K(82944K)
[20.763s][info][gc,heap        ] GC(245) ParOldGen: 3048545K(3329024K)->3109473K(3329024K)
[20.763s][info][gc,metaspace   ] GC(245) Metaspace: 6301K(6464K)->6301K(6464K) NonClass: 5768K(5824K)->5768K(5824K) Class: 533K(640K)->533K(640K)
[20.763s][info][gc             ] GC(245) Pause Young (Allocation Failure) 3116M->3117M(3353M) 71.672ms
[20.763s][info][gc,cpu         ] GC(245) User=0.38s Sys=0.03s Real=0.07s
[20.788s][info][gc,start       ] GC(246) Pause Young (Allocation Failure)
[20.850s][info][gc,heap        ] GC(246) PSYoungGen: 104704K(104960K)->44192K(172544K) Eden: 22016K(22016K)->0K(25088K) From: 82688K(82944K)->44192K(147456K)
[20.850s][info][gc,heap        ] GC(246) ParOldGen: 3109473K(3329024K)->3170409K(3329024K)
[20.850s][info][gc,metaspace   ] GC(246) Metaspace: 6301K(6464K)->6301K(6464K) NonClass: 5768K(5824K)->5768K(5824K) Class: 533K(640K)->533K(640K)
[20.850s][info][gc             ] GC(246) Pause Young (Allocation Failure) 3138M->3139M(3419M) 61.319ms
[20.850s][info][gc,cpu         ] GC(246) User=0.20s Sys=0.06s Real=0.06s
[20.878s][info][gc,start       ] GC(247) Pause Young (Allocation Failure)
[20.930s][info][gc,heap        ] GC(247) PSYoungGen: 69280K(172544K)->25248K(175104K) Eden: 25088K(25088K)->0K(25088K) From: 44192K(147456K)->25248K(150016K)
[20.930s][info][gc,heap        ] GC(247) ParOldGen: 3170409K(3329024K)->3214801K(3329024K)
[20.930s][info][gc,metaspace   ] GC(247) Metaspace: 6301K(6464K)->6301K(6464K) NonClass: 5768K(5824K)->5768K(5824K) Class: 533K(640K)->533K(640K)
[20.930s][info][gc             ] GC(247) Pause Young (Allocation Failure) 3163M->3164M(3422M) 51.415ms
[20.930s][info][gc,cpu         ] GC(247) User=0.17s Sys=0.00s Real=0.05s
[20.956s][info][gc,start       ] GC(248) Pause Young (Allocation Failure)
[21.003s][info][gc,heap        ] GC(248) PSYoungGen: 50336K(175104K)->25248K(177152K) Eden: 25088K(25088K)->0K(28672K) From: 25248K(150016K)->25248K(148480K)
[21.003s][info][gc,heap        ] GC(248) ParOldGen: 3214801K(3329024K)->3240121K(3329024K)
[21.004s][info][gc,metaspace   ] GC(248) Metaspace: 6301K(6464K)->6301K(6464K) NonClass: 5768K(5824K)->5768K(5824K) Class: 533K(640K)->533K(640K)
[21.004s][info][gc             ] GC(248) Pause Young (Allocation Failure) 3188M->3188M(3424M) 47.390ms
[21.004s][info][gc,cpu         ] GC(248) User=0.09s Sys=0.00s Real=0.05s
[21.032s][info][gc,start       ] GC(249) Pause Young (Allocation Failure)
[21.079s][info][gc,heap        ] GC(249) PSYoungGen: 53920K(177152K)->28832K(178176K) Eden: 28672K(28672K)->0K(28672K) From: 25248K(148480K)->28832K(149504K)
[21.079s][info][gc,heap        ] GC(249) ParOldGen: 3240121K(3329024K)->3265441K(3329024K)
[21.079s][info][gc,metaspace   ] GC(249) Metaspace: 6301K(6464K)->6301K(6464K) NonClass: 5768K(5824K)->5768K(5824K) Class: 533K(640K)->533K(640K)
[21.079s][info][gc             ] GC(249) Pause Young (Allocation Failure) 3216M->3217M(3425M) 46.658ms
[21.079s][info][gc,cpu         ] GC(249) User=0.06s Sys=0.00s Real=0.05s
[21.079s][info][gc,start       ] GC(250) Pause Full (Ergonomics)
[21.079s][info][gc,phases,start] GC(250) Marking Phase
[21.831s][info][gc,phases      ] GC(250) Marking Phase 752.250ms
[21.831s][info][gc,phases,start] GC(250) Summary Phase
[21.831s][info][gc,phases      ] GC(250) Summary Phase 0.074ms
[21.831s][info][gc,phases,start] GC(250) Adjust Roots
[21.831s][info][gc,phases      ] GC(250) Adjust Roots 0.161ms
[21.831s][info][gc,phases,start] GC(250) Compaction Phase
[22.144s][info][gc,phases      ] GC(250) Compaction Phase 313.059ms
[22.145s][info][gc,phases,start] GC(250) Post Compact
[22.150s][info][gc,phases      ] GC(250) Post Compact 5.960ms
[22.152s][info][gc,heap        ] GC(250) PSYoungGen: 28832K(178176K)->0K(179712K) Eden: 0K(28672K)->0K(32768K) From: 28832K(149504K)->0K(146944K)
[22.152s][info][gc,heap        ] GC(250) ParOldGen: 3265441K(3329024K)->3291700K(3634688K)
[22.152s][info][gc,metaspace   ] GC(250) Metaspace: 6301K(6464K)->6301K(6464K) NonClass: 5768K(5824K)->5768K(5824K) Class: 533K(640K)->533K(640K)
[22.152s][info][gc             ] GC(250) Pause Full (Ergonomics) 3217M->3214M(3725M) 1072.976ms
[22.152s][info][gc,cpu         ] GC(250) User=7.45s Sys=0.06s Real=1.07s
[22.187s][info][gc,start       ] GC(251) Pause Young (Allocation Failure)
[22.227s][info][gc,heap        ] GC(251) PSYoungGen: 32768K(179712K)->32960K(66048K) Eden: 32768K(32768K)->0K(32768K) From: 0K(146944K)->32960K(33280K)
[22.227s][info][gc,heap        ] GC(251) ParOldGen: 3291700K(3634688K)->3291700K(3634688K)
[22.227s][info][gc,metaspace   ] GC(251) Metaspace: 6301K(6464K)->6301K(6464K) NonClass: 5768K(5824K)->5768K(5824K) Class: 533K(640K)->533K(640K)
[22.228s][info][gc             ] GC(251) Pause Young (Allocation Failure) 3246M->3246M(3614M) 40.814ms
[22.228s][info][gc,cpu         ] GC(251) User=0.06s Sys=0.00s Real=0.04s
[22.261s][info][gc,start       ] GC(252) Pause Young (Allocation Failure)
[22.311s][info][gc,heap        ] GC(252) PSYoungGen: 65728K(66048K)->32896K(169984K) Eden: 32768K(32768K)->0K(36352K) From: 32960K(33280K)->32896K(133632K)
[22.311s][info][gc,heap        ] GC(252) ParOldGen: 3291700K(3634688K)->3324772K(3634688K)
[22.311s][info][gc,metaspace   ] GC(252) Metaspace: 6301K(6464K)->6301K(6464K) NonClass: 5768K(5824K)->5768K(5824K) Class: 533K(640K)->533K(640K)
[22.311s][info][gc             ] GC(252) Pause Young (Allocation Failure) 3278M->3278M(3715M) 50.361ms
[22.311s][info][gc,cpu         ] GC(252) User=0.17s Sys=0.00s Real=0.05s
[22.349s][info][gc,start       ] GC(253) Pause Young (Allocation Failure)
[22.405s][info][gc,heap        ] GC(253) PSYoungGen: 69248K(169984K)->36480K(73216K) Eden: 36352K(36352K)->0K(36352K) From: 32896K(133632K)->36480K(36864K)
[22.405s][info][gc,heap        ] GC(253) ParOldGen: 3324772K(3634688K)->3357828K(3634688K)
[22.405s][info][gc,metaspace   ] GC(253) Metaspace: 6301K(6464K)->6301K(6464K) NonClass: 5768K(5824K)->5768K(5824K) Class: 533K(640K)->533K(640K)
[22.405s][info][gc             ] GC(253) Pause Young (Allocation Failure) 3314M->3314M(3621M) 55.305ms
[22.405s][info][gc,cpu         ] GC(253) User=0.27s Sys=0.00s Real=0.06s
[22.443s][info][gc,start       ] GC(254) Pause Young (Allocation Failure)
[22.498s][info][gc,heap        ] GC(254) PSYoungGen: 72832K(73216K)->36512K(164352K) Eden: 36352K(36352K)->0K(40960K) From: 36480K(36864K)->36512K(123392K)
[22.498s][info][gc,heap        ] GC(254) ParOldGen: 3357828K(3634688K)->3394516K(3634688K)
[22.498s][info][gc,metaspace   ] GC(254) Metaspace: 6301K(6464K)->6301K(6464K) NonClass: 5768K(5824K)->5768K(5824K) Class: 533K(640K)->533K(640K)
[22.498s][info][gc             ] GC(254) Pause Young (Allocation Failure) 3350M->3350M(3710M) 54.575ms
[22.498s][info][gc,cpu         ] GC(254) User=0.16s Sys=0.00s Real=0.06s
[22.539s][info][gc,start       ] GC(255) Pause Young (Allocation Failure)
[22.592s][info][gc,heap        ] GC(255) PSYoungGen: 77472K(164352K)->41152K(82432K) Eden: 40960K(40960K)->0K(40960K) From: 36512K(123392K)->41152K(41472K)
[22.592s][info][gc,heap        ] GC(255) ParOldGen: 3394516K(3634688K)->3431196K(3634688K)
[22.592s][info][gc,metaspace   ] GC(255) Metaspace: 6301K(6464K)->6301K(6464K) NonClass: 5768K(5824K)->5768K(5824K) Class: 533K(640K)->533K(640K)
[22.592s][info][gc             ] GC(255) Pause Young (Allocation Failure) 3390M->3390M(3630M) 52.816ms
[22.592s][info][gc,cpu         ] GC(255) User=0.17s Sys=0.00s Real=0.05s
[22.629s][info][gc,start       ] GC(256) Pause Young (Allocation Failure)
[22.683s][info][gc,heap        ] GC(256) PSYoungGen: 82112K(82432K)->41184K(156160K) Eden: 40960K(40960K)->0K(45568K) From: 41152K(41472K)->41184K(110592K)
[22.683s][info][gc,heap        ] GC(256) ParOldGen: 3431196K(3634688K)->3472532K(3634688K)
[22.683s][info][gc,metaspace   ] GC(256) Metaspace: 6301K(6464K)->6301K(6464K) NonClass: 5768K(5824K)->5768K(5824K) Class: 533K(640K)->533K(640K)
[22.683s][info][gc             ] GC(256) Pause Young (Allocation Failure) 3430M->3431M(3702M) 53.721ms
[22.683s][info][gc,cpu         ] GC(256) User=0.17s Sys=0.00s Real=0.05s
[22.728s][info][gc,start       ] GC(257) Pause Young (Allocation Failure)
[22.783s][info][gc,heap        ] GC(257) PSYoungGen: 86752K(156160K)->45792K(91648K) Eden: 45568K(45568K)->0K(45568K) From: 41184K(110592K)->45792K(46080K)
[22.783s][info][gc,heap        ] GC(257) ParOldGen: 3472532K(3634688K)->3513860K(3634688K)
[22.783s][info][gc,metaspace   ] GC(257) Metaspace: 6301K(6464K)->6301K(6464K) NonClass: 5768K(5824K)->5768K(5824K) Class: 533K(640K)->533K(640K)
[22.783s][info][gc             ] GC(257) Pause Young (Allocation Failure) 3475M->3476M(3639M) 55.440ms
[22.783s][info][gc,cpu         ] GC(257) User=0.22s Sys=0.05s Real=0.06s
[22.834s][info][gc,start       ] GC(258) Pause Young (Allocation Failure)
[22.894s][info][gc,heap        ] GC(258) PSYoungGen: 91360K(91648K)->45760K(150528K) Eden: 45568K(45568K)->0K(50688K) From: 45792K(46080K)->45760K(99840K)
[22.894s][info][gc,heap        ] GC(258) ParOldGen: 3513860K(3634688K)->3559852K(3634688K)
[22.894s][info][gc,metaspace   ] GC(258) Metaspace: 6301K(6464K)->6301K(6464K) NonClass: 5768K(5824K)->5768K(5824K) Class: 533K(640K)->533K(640K)
[22.894s][info][gc             ] GC(258) Pause Young (Allocation Failure) 3520M->3521M(3696M) 59.674ms
[22.894s][info][gc,cpu         ] GC(258) User=0.23s Sys=0.03s Real=0.06s
[22.949s][info][gc,start       ] GC(259) Pause Young (Allocation Failure)
[23.013s][info][gc,heap        ] GC(259) PSYoungGen: 96448K(150528K)->50912K(155648K) Eden: 50688K(50688K)->0K(50688K) From: 45760K(99840K)->50912K(104960K)
[23.013s][info][gc,heap        ] GC(259) ParOldGen: 3559852K(3634688K)->3605820K(3634688K)
[23.013s][info][gc,metaspace   ] GC(259) Metaspace: 6301K(6464K)->6301K(6464K) NonClass: 5768K(5824K)->5768K(5824K) Class: 533K(640K)->533K(640K)
[23.013s][info][gc             ] GC(259) Pause Young (Allocation Failure) 3570M->3571M(3701M) 63.379ms
[23.013s][info][gc,cpu         ] GC(259) User=0.25s Sys=0.03s Real=0.06s
[23.013s][info][gc,start       ] GC(260) Pause Full (Ergonomics)
[23.013s][info][gc,phases,start] GC(260) Marking Phase
[23.840s][info][gc,phases      ] GC(260) Marking Phase 827.106ms
[23.840s][info][gc,phases,start] GC(260) Summary Phase
[23.840s][info][gc,phases      ] GC(260) Summary Phase 0.060ms
[23.840s][info][gc,phases,start] GC(260) Adjust Roots
[23.840s][info][gc,phases      ] GC(260) Adjust Roots 0.181ms
[23.840s][info][gc,phases,start] GC(260) Compaction Phase
[24.610s][info][gc,phases      ] GC(260) Compaction Phase 770.107ms
[24.611s][info][gc,phases,start] GC(260) Post Compact
[24.617s][info][gc,phases      ] GC(260) Post Compact 6.838ms
[24.619s][info][gc,heap        ] GC(260) PSYoungGen: 50912K(155648K)->18971K(155648K) Eden: 0K(50688K)->0K(50688K) From: 50912K(104960K)->18971K(104960K)
[24.619s][info][gc,heap        ] GC(260) ParOldGen: 3605820K(3634688K)->3634422K(4008960K)
[24.619s][info][gc,metaspace   ] GC(260) Metaspace: 6301K(6464K)->6301K(6464K) NonClass: 5768K(5824K)->5768K(5824K) Class: 533K(640K)->533K(640K)
[24.619s][info][gc             ] GC(260) Pause Full (Ergonomics) 3571M->3567M(4067M) 1606.242ms
[24.619s][info][gc,cpu         ] GC(260) User=11.48s Sys=0.03s Real=1.61s
[24.670s][info][gc,start       ] GC(261) Pause Young (Allocation Failure)
[24.854s][info][gc,heap        ] GC(261) PSYoungGen: 69659K(155648K)->50880K(145920K) Eden: 50688K(50688K)->0K(55296K) From: 18971K(104960K)->50880K(90624K)
[24.854s][info][gc,heap        ] GC(261) ParOldGen: 3634422K(4008960K)->3653606K(4008960K)
[24.854s][info][gc,metaspace   ] GC(261) Metaspace: 6301K(6464K)->6301K(6464K) NonClass: 5768K(5824K)->5768K(5824K) Class: 533K(640K)->533K(640K)
[24.854s][info][gc             ] GC(261) Pause Young (Allocation Failure) 3617M->3617M(4057M) 183.662ms
[24.854s][info][gc,cpu         ] GC(261) User=1.38s Sys=0.02s Real=0.18s
[24.910s][info][gc,start       ] GC(262) Pause Young (Allocation Failure)
[24.976s][info][gc,heap        ] GC(262) PSYoungGen: 106176K(145920K)->95744K(151040K) Eden: 55296K(55296K)->0K(55296K) From: 50880K(90624K)->95744K(95744K)
[24.976s][info][gc,heap        ] GC(262) ParOldGen: 3653606K(4008960K)->3664134K(4008960K)
[24.976s][info][gc,metaspace   ] GC(262) Metaspace: 6301K(6464K)->6301K(6464K) NonClass: 5768K(5824K)->5768K(5824K) Class: 533K(640K)->533K(640K)
[24.976s][info][gc             ] GC(262) Pause Young (Allocation Failure) 3671M->3671M(4062M) 66.110ms
[24.976s][info][gc,cpu         ] GC(262) User=0.30s Sys=0.00s Real=0.07s
[25.028s][info][gc,start       ] GC(263) Pause Young (Allocation Failure)
[25.108s][info][gc,heap        ] GC(263) PSYoungGen: 151040K(151040K)->55520K(161792K) Eden: 55296K(55296K)->0K(60928K) From: 95744K(95744K)->55520K(100864K)
[25.108s][info][gc,heap        ] GC(263) ParOldGen: 3664134K(4008960K)->3760582K(4008960K)
[25.108s][info][gc,metaspace   ] GC(263) Metaspace: 6301K(6464K)->6301K(6464K) NonClass: 5768K(5824K)->5768K(5824K) Class: 533K(640K)->533K(640K)
[25.108s][info][gc             ] GC(263) Pause Young (Allocation Failure) 3725M->3726M(4073M) 79.975ms
[25.108s][info][gc,cpu         ] GC(263) User=0.45s Sys=0.06s Real=0.08s
[25.174s][info][gc,start       ] GC(264) Pause Young (Allocation Failure)
[25.243s][info][gc,heap        ] GC(264) PSYoungGen: 116448K(161792K)->106496K(167424K) Eden: 60928K(60928K)->0K(60928K) From: 55520K(100864K)->106496K(106496K)
[25.243s][info][gc,heap        ] GC(264) ParOldGen: 3760582K(4008960K)->3770606K(4008960K)
[25.243s][info][gc,metaspace   ] GC(264) Metaspace: 6301K(6464K)->6301K(6464K) NonClass: 5768K(5824K)->5768K(5824K) Class: 533K(640K)->533K(640K)
[25.243s][info][gc             ] GC(264) Pause Young (Allocation Failure) 3786M->3786M(4078M) 68.602ms
[25.243s][info][gc,cpu         ] GC(264) User=0.28s Sys=0.00s Real=0.07s
[25.305s][info][gc,start       ] GC(265) Pause Young (Allocation Failure)
[25.394s][info][gc,heap        ] GC(265) PSYoungGen: 167424K(167424K)->61120K(180224K) Eden: 60928K(60928K)->0K(67584K) From: 106496K(106496K)->61120K(112640K)
[25.394s][info][gc,heap        ] GC(265) ParOldGen: 3770606K(4008960K)->3877886K(4008960K)
[25.394s][info][gc,metaspace   ] GC(265) Metaspace: 6301K(6464K)->6301K(6464K) NonClass: 5768K(5824K)->5768K(5824K) Class: 533K(640K)->533K(640K)
[25.395s][info][gc             ] GC(265) Pause Young (Allocation Failure) 3845M->3846M(4091M) 89.101ms
[25.395s][info][gc,cpu         ] GC(265) User=0.62s Sys=0.02s Real=0.09s
[25.464s][info][gc,start       ] GC(266) Pause Young (Allocation Failure)
[25.537s][info][gc,heap        ] GC(266) PSYoungGen: 128704K(180224K)->67808K(185856K) Eden: 67584K(67584K)->0K(67584K) From: 61120K(112640K)->67808K(118272K)
[25.537s][info][gc,heap        ] GC(266) ParOldGen: 3877886K(4008960K)->3939374K(4008960K)
[25.537s][info][gc,metaspace   ] GC(266) Metaspace: 6301K(6464K)->6301K(6464K) NonClass: 5768K(5824K)->5768K(5824K) Class: 533K(640K)->533K(640K)
[25.537s][info][gc             ] GC(266) Pause Young (Allocation Failure) 3912M->3913M(4096M) 72.893ms
[25.537s][info][gc,cpu         ] GC(266) User=0.50s Sys=0.00s Real=0.07s
[25.537s][info][gc,start       ] GC(267) Pause Full (Ergonomics)
[25.537s][info][gc,phases,start] GC(267) Marking Phase
[26.428s][info][gc,phases      ] GC(267) Marking Phase 891.126ms
[26.428s][info][gc,phases,start] GC(267) Summary Phase
[26.428s][info][gc,phases      ] GC(267) Summary Phase 0.076ms
[26.428s][info][gc,phases,start] GC(267) Adjust Roots
[26.429s][info][gc,phases      ] GC(267) Adjust Roots 0.162ms
[26.429s][info][gc,phases,start] GC(267) Compaction Phase
[26.777s][info][gc,phases      ] GC(267) Compaction Phase 348.133ms
[26.777s][info][gc,phases,start] GC(267) Post Compact
[26.784s][info][gc,phases      ] GC(267) Post Compact 7.287ms
[26.786s][info][gc,heap        ] GC(267) PSYoungGen: 67808K(185856K)->0K(189440K) Eden: 0K(67584K)->0K(74752K) From: 67808K(118272K)->0K(114688K)
[26.786s][info][gc,heap        ] GC(267) ParOldGen: 3939374K(4008960K)->4003920K(4455424K)
[26.786s][info][gc,metaspace   ] GC(267) Metaspace: 6301K(6464K)->6301K(6464K) NonClass: 5768K(5824K)->5768K(5824K) Class: 533K(640K)->533K(640K)
[26.786s][info][gc             ] GC(267) Pause Full (Ergonomics) 3913M->3910M(4536M) 1248.498ms
[26.786s][info][gc,cpu         ] GC(267) User=9.03s Sys=0.03s Real=1.25s
[26.865s][info][gc,start       ] GC(268) Pause Young (Allocation Failure)
[26.925s][info][gc,heap        ] GC(268) PSYoungGen: 74752K(189440K)->75008K(189440K) Eden: 74752K(74752K)->0K(74752K) From: 0K(114688K)->75008K(114688K)
[26.925s][info][gc,heap        ] GC(268) ParOldGen: 4003920K(4455424K)->4003920K(4455424K)
[26.925s][info][gc,metaspace   ] GC(268) Metaspace: 6301K(6464K)->6301K(6464K) NonClass: 5768K(5824K)->5768K(5824K) Class: 533K(640K)->533K(640K)
[26.925s][info][gc             ] GC(268) Pause Young (Allocation Failure) 3983M->3983M(4536M) 59.841ms
[26.925s][info][gc,cpu         ] GC(268) User=0.17s Sys=0.00s Real=0.06s
[27.008s][info][gc,start       ] GC(269) Pause Young (Allocation Failure)
[27.089s][info][gc,heap        ] GC(269) PSYoungGen: 149760K(189440K)->114688K(169472K) Eden: 74752K(74752K)->0K(54784K) From: 75008K(114688K)->114688K(114688K)
[27.089s][info][gc,heap        ] GC(269) ParOldGen: 4003920K(4455424K)->4039256K(4455424K)
[27.089s][info][gc,metaspace   ] GC(269) Metaspace: 6301K(6464K)->6301K(6464K) NonClass: 5768K(5824K)->5768K(5824K) Class: 533K(640K)->533K(640K)
[27.089s][info][gc             ] GC(269) Pause Young (Allocation Failure) 4056M->4056M(4516M) 80.551ms
[27.089s][info][gc,cpu         ] GC(269) User=0.48s Sys=0.03s Real=0.08s
[27.141s][info][gc,start       ] GC(270) Pause Young (Allocation Failure)
[27.232s][info][gc,heap        ] GC(270) PSYoungGen: 169472K(169472K)->55008K(196096K) Eden: 54784K(54784K)->0K(54784K) From: 114688K(114688K)->55008K(141312K)
[27.232s][info][gc,heap        ] GC(270) ParOldGen: 4039256K(4455424K)->4154776K(4455424K)
[27.232s][info][gc,metaspace   ] GC(270) Metaspace: 6301K(6464K)->6301K(6464K) NonClass: 5768K(5824K)->5768K(5824K) Class: 533K(640K)->533K(640K)
[27.232s][info][gc             ] GC(270) Pause Young (Allocation Failure) 4110M->4111M(4542M) 91.127ms
[27.232s][info][gc,cpu         ] GC(270) User=0.45s Sys=0.08s Real=0.09s
[27.290s][info][gc,start       ] GC(271) Pause Young (Allocation Failure)
[27.353s][info][gc,heap        ] GC(271) PSYoungGen: 109792K(196096K)->109856K(189440K) Eden: 54784K(54784K)->0K(52224K) From: 55008K(141312K)->109856K(137216K)
[27.353s][info][gc,heap        ] GC(271) ParOldGen: 4154776K(4455424K)->4154776K(4455424K)
[27.353s][info][gc,metaspace   ] GC(271) Metaspace: 6301K(6464K)->6301K(6464K) NonClass: 5768K(5824K)->5768K(5824K) Class: 533K(640K)->533K(640K)
[27.353s][info][gc             ] GC(271) Pause Young (Allocation Failure) 4164M->4164M(4536M) 63.656ms
[27.353s][info][gc,cpu         ] GC(271) User=0.22s Sys=0.00s Real=0.06s
[27.416s][info][gc,start       ] GC(272) Pause Young (Allocation Failure)
[27.497s][info][gc,heap        ] GC(272) PSYoungGen: 162080K(189440K)->145408K(197632K) Eden: 52224K(52224K)->0K(52224K) From: 109856K(137216K)->145408K(145408K)
[27.497s][info][gc,heap        ] GC(272) ParOldGen: 4154776K(4455424K)->4171576K(4455424K)
[27.497s][info][gc,metaspace   ] GC(272) Metaspace: 6301K(6464K)->6301K(6464K) NonClass: 5768K(5824K)->5768K(5824K) Class: 533K(640K)->533K(640K)
[27.497s][info][gc             ] GC(272) Pause Young (Allocation Failure) 4215M->4215M(4544M) 81.059ms
[27.497s][info][gc,cpu         ] GC(272) User=0.53s Sys=0.00s Real=0.08s
[27.561s][info][gc,start       ] GC(273) Pause Young (Allocation Failure)
[27.657s][info][gc,heap        ] GC(273) PSYoungGen: 197632K(197632K)->102592K(226816K) Eden: 52224K(52224K)->0K(58368K) From: 145408K(145408K)->102592K(168448K)
[27.657s][info][gc,heap        ] GC(273) ParOldGen: 4171576K(4455424K)->4267520K(4455424K)
[27.657s][info][gc,metaspace   ] GC(273) Metaspace: 6301K(6464K)->6301K(6464K) NonClass: 5768K(5824K)->5768K(5824K) Class: 533K(640K)->533K(640K)
[27.657s][info][gc             ] GC(273) Pause Young (Allocation Failure) 4266M->4267M(4572M) 96.827ms
[27.658s][info][gc,cpu         ] GC(273) User=0.59s Sys=0.06s Real=0.10s
[27.719s][info][gc,start       ] GC(274) Pause Young (Allocation Failure)
[27.803s][info][gc,heap        ] GC(274) PSYoungGen: 160960K(226816K)->110912K(227840K) Eden: 58368K(58368K)->0K(58368K) From: 102592K(168448K)->110912K(169472K)
[27.803s][info][gc,heap        ] GC(274) ParOldGen: 4267520K(4455424K)->4318056K(4455424K)
[27.803s][info][gc,metaspace   ] GC(274) Metaspace: 6301K(6464K)->6301K(6464K) NonClass: 5768K(5824K)->5768K(5824K) Class: 533K(640K)->533K(640K)
[27.803s][info][gc             ] GC(274) Pause Young (Allocation Failure) 4324M->4325M(4573M) 83.988ms
[27.803s][info][gc,cpu         ] GC(274) User=0.56s Sys=0.00s Real=0.09s
[27.864s][info][gc,start       ] GC(275) Pause Young (Allocation Failure)
[27.950s][info][gc,heap        ] GC(275) PSYoungGen: 169280K(227840K)->117024K(232448K) Eden: 58368K(58368K)->0K(61952K) From: 110912K(169472K)->117024K(170496K)
[27.950s][info][gc,heap        ] GC(275) ParOldGen: 4318056K(4455424K)->4370744K(4455424K)
[27.950s][info][gc,metaspace   ] GC(275) Metaspace: 6301K(6464K)->6301K(6464K) NonClass: 5768K(5824K)->5768K(5824K) Class: 533K(640K)->533K(640K)
[27.950s][info][gc             ] GC(275) Pause Young (Allocation Failure) 4382M->4382M(4578M) 86.413ms
[27.950s][info][gc,cpu         ] GC(275) User=0.58s Sys=0.05s Real=0.09s
[27.950s][info][gc,start       ] GC(276) Pause Full (Ergonomics)
[27.950s][info][gc,phases,start] GC(276) Marking Phase
[28.964s][info][gc,phases      ] GC(276) Marking Phase 1013.631ms
[28.964s][info][gc,phases,start] GC(276) Summary Phase
[28.964s][info][gc,phases      ] GC(276) Summary Phase 0.054ms
[28.964s][info][gc,phases,start] GC(276) Adjust Roots
[28.964s][info][gc,phases      ] GC(276) Adjust Roots 0.162ms
[28.964s][info][gc,phases,start] GC(276) Compaction Phase
[29.356s][info][gc,phases      ] GC(276) Compaction Phase 391.564ms
[29.356s][info][gc,phases,start] GC(276) Post Compact
[29.363s][info][gc,phases      ] GC(276) Post Compact 7.052ms
[29.364s][info][gc,heap        ] GC(276) PSYoungGen: 117024K(232448K)->28803K(232448K) Eden: 0K(61952K)->0K(61952K) From: 117024K(170496K)->28803K(170496K)
[29.364s][info][gc,heap        ] GC(276) ParOldGen: 4370744K(4455424K)->4455130K(4951040K)
[29.364s][info][gc,metaspace   ] GC(276) Metaspace: 6301K(6464K)->6301K(6464K) NonClass: 5768K(5824K)->5768K(5824K) Class: 533K(640K)->533K(640K)
[29.364s][info][gc             ] GC(276) Pause Full (Ergonomics) 4382M->4378M(5062M) 1414.434ms
[29.364s][info][gc,cpu         ] GC(276) User=10.75s Sys=0.03s Real=1.41s
[29.439s][info][gc,start       ] GC(277) Pause Young (Allocation Failure)
[29.679s][info][gc,heap        ] GC(277) PSYoungGen: 90755K(232448K)->73024K(235520K) Eden: 61952K(61952K)->0K(61952K) From: 28803K(170496K)->73024K(173568K)
[29.679s][info][gc,heap        ] GC(277) ParOldGen: 4455130K(4951040K)->4473338K(4951040K)
[29.679s][info][gc,metaspace   ] GC(277) Metaspace: 6301K(6464K)->6301K(6464K) NonClass: 5768K(5824K)->5768K(5824K) Class: 533K(640K)->533K(640K)
[29.679s][info][gc             ] GC(277) Pause Young (Allocation Failure) 4439M->4439M(5065M) 240.238ms
[29.679s][info][gc,cpu         ] GC(277) User=1.52s Sys=0.00s Real=0.24s
[29.751s][info][gc,start       ] GC(278) Pause Young (Allocation Failure)
[29.831s][info][gc,heap        ] GC(278) PSYoungGen: 134976K(235520K)->135040K(226816K) Eden: 61952K(61952K)->0K(58880K) From: 73024K(173568K)->135040K(167936K)
[29.831s][info][gc,heap        ] GC(278) ParOldGen: 4473338K(4951040K)->4473338K(4951040K)
[29.831s][info][gc,metaspace   ] GC(278) Metaspace: 6301K(6464K)->6301K(6464K) NonClass: 5768K(5824K)->5768K(5824K) Class: 533K(640K)->533K(640K)
[29.831s][info][gc             ] GC(278) Pause Young (Allocation Failure) 4500M->4500M(5056M) 79.918ms
[29.831s][info][gc,cpu         ] GC(278) User=0.41s Sys=0.00s Real=0.08s
[29.895s][info][gc,start       ] GC(279) Pause Young (Allocation Failure)
[29.995s][info][gc,heap        ] GC(279) PSYoungGen: 193920K(226816K)->177152K(236032K) Eden: 58880K(58880K)->0K(58880K) From: 135040K(167936K)->177152K(177152K)
[29.995s][info][gc,heap        ] GC(279) ParOldGen: 4473338K(4951040K)->4490250K(4951040K)
[29.995s][info][gc,metaspace   ] GC(279) Metaspace: 6301K(6464K)->6301K(6464K) NonClass: 5768K(5824K)->5768K(5824K) Class: 533K(640K)->533K(640K)
[29.995s][info][gc             ] GC(279) Pause Young (Allocation Failure) 4557M->4558M(5065M) 100.492ms
[29.995s][info][gc,cpu         ] GC(279) User=0.66s Sys=0.00s Real=0.10s
[30.058s][info][gc,start       ] GC(280) Pause Young (Allocation Failure)
[30.185s][info][gc,heap        ] GC(280) PSYoungGen: 236032K(236032K)->174112K(255488K) Eden: 58880K(58880K)->0K(49152K) From: 177152K(177152K)->174112K(206336K)
[30.185s][info][gc,heap        ] GC(280) ParOldGen: 4490250K(4951040K)->4552882K(4951040K)
[30.185s][info][gc,metaspace   ] GC(280) Metaspace: 6301K(6464K)->6301K(6464K) NonClass: 5768K(5824K)->5768K(5824K) Class: 533K(640K)->533K(640K)
[30.185s][info][gc             ] GC(280) Pause Young (Allocation Failure) 4615M->4616M(5084M) 127.202ms
[30.185s][info][gc,cpu         ] GC(280) User=0.88s Sys=0.02s Real=0.13s
[30.243s][info][gc,start       ] GC(281) Pause Young (Allocation Failure)
[30.363s][info][gc,heap        ] GC(281) PSYoungGen: 223264K(255488K)->165024K(271360K) Eden: 49152K(49152K)->0K(49152K) From: 174112K(206336K)->165024K(222208K)
[30.363s][info][gc,heap        ] GC(281) ParOldGen: 4552882K(4951040K)->4611626K(4951040K)
[30.363s][info][gc,metaspace   ] GC(281) Metaspace: 6301K(6464K)->6301K(6464K) NonClass: 5768K(5824K)->5768K(5824K) Class: 533K(640K)->533K(640K)
[30.363s][info][gc             ] GC(281) Pause Young (Allocation Failure) 4664M->4664M(5100M) 120.223ms
[30.363s][info][gc,cpu         ] GC(281) User=0.84s Sys=0.05s Real=0.12s
[30.422s][info][gc,start       ] GC(282) Pause Young (Allocation Failure)
[30.536s][info][gc,heap        ] GC(282) PSYoungGen: 214176K(271360K)->157568K(282112K) Eden: 49152K(49152K)->0K(51200K) From: 165024K(222208K)->157568K(230912K)
[30.536s][info][gc,heap        ] GC(282) ParOldGen: 4611626K(4951040K)->4668722K(4951040K)
[30.536s][info][gc,metaspace   ] GC(282) Metaspace: 6301K(6464K)->6301K(6464K) NonClass: 5768K(5824K)->5768K(5824K) Class: 533K(640K)->533K(640K)
[30.536s][info][gc             ] GC(282) Pause Young (Allocation Failure) 4712M->4713M(5110M) 114.471ms
[30.536s][info][gc,cpu         ] GC(282) User=0.89s Sys=0.00s Real=0.11s
[30.589s][info][gc,start       ] GC(283) Pause Young (Allocation Failure)
[30.697s][info][gc,heap        ] GC(283) PSYoungGen: 208768K(282112K)->149856K(286208K) Eden: 51200K(51200K)->0K(51200K) From: 157568K(230912K)->149856K(235008K)
[30.697s][info][gc,heap        ] GC(283) ParOldGen: 4668722K(4951040K)->4728154K(4951040K)
[30.697s][info][gc,metaspace   ] GC(283) Metaspace: 6301K(6464K)->6301K(6464K) NonClass: 5768K(5824K)->5768K(5824K) Class: 533K(640K)->533K(640K)
[30.697s][info][gc             ] GC(283) Pause Young (Allocation Failure) 4763M->4763M(5114M) 108.382ms
[30.697s][info][gc,cpu         ] GC(283) User=0.77s Sys=0.00s Real=0.11s
[30.748s][info][gc,start       ] GC(284) Pause Young (Allocation Failure)
[30.862s][info][gc,heap        ] GC(284) PSYoungGen: 201056K(286208K)->102688K(276992K) Eden: 51200K(51200K)->0K(57856K) From: 149856K(235008K)->102688K(219136K)
[30.862s][info][gc,heap        ] GC(284) ParOldGen: 4728154K(4951040K)->4827330K(4951040K)
[30.862s][info][gc,metaspace   ] GC(284) Metaspace: 6301K(6464K)->6301K(6464K) NonClass: 5768K(5824K)->5768K(5824K) Class: 533K(640K)->533K(640K)
[30.862s][info][gc             ] GC(284) Pause Young (Allocation Failure) 4813M->4814M(5105M) 114.027ms
[30.862s][info][gc,cpu         ] GC(284) User=0.77s Sys=0.12s Real=0.11s
[30.925s][info][gc,start       ] GC(285) Pause Young (Allocation Failure)
[31.016s][info][gc,heap        ] GC(285) PSYoungGen: 160544K(276992K)->58080K(284672K) Eden: 57856K(57856K)->0K(57856K) From: 102688K(219136K)->58080K(226816K)
[31.016s][info][gc,heap        ] GC(285) ParOldGen: 4827330K(4951040K)->4930634K(4951040K)
[31.016s][info][gc,metaspace   ] GC(285) Metaspace: 6301K(6464K)->6301K(6464K) NonClass: 5768K(5824K)->5768K(5824K) Class: 533K(640K)->533K(640K)
[31.016s][info][gc             ] GC(285) Pause Young (Allocation Failure) 4870M->4871M(5113M) 91.008ms
[31.016s][info][gc,cpu         ] GC(285) User=0.52s Sys=0.11s Real=0.09s
[31.016s][info][gc,start       ] GC(286) Pause Full (Ergonomics)
[31.016s][info][gc,phases,start] GC(286) Marking Phase
[32.149s][info][gc,phases      ] GC(286) Marking Phase 1133.045ms
[32.149s][info][gc,phases,start] GC(286) Summary Phase
[32.149s][info][gc,phases      ] GC(286) Summary Phase 0.054ms
[32.149s][info][gc,phases,start] GC(286) Adjust Roots
[32.149s][info][gc,phases      ] GC(286) Adjust Roots 0.161ms
[32.149s][info][gc,phases,start] GC(286) Compaction Phase
[32.566s][info][gc,phases      ] GC(286) Compaction Phase 416.475ms
[32.566s][info][gc,phases,start] GC(286) Post Compact
[32.573s][info][gc,phases      ] GC(286) Post Compact 7.252ms
[32.575s][info][gc,heap        ] GC(286) PSYoungGen: 58080K(284672K)->33288K(284672K) Eden: 0K(57856K)->0K(57856K) From: 58080K(226816K)->33288K(226816K)
[32.575s][info][gc,heap        ] GC(286) ParOldGen: 4930634K(4951040K)->4950584K(5506048K)
[32.575s][info][gc,metaspace   ] GC(286) Metaspace: 6301K(6464K)->6301K(6464K) NonClass: 5768K(5824K)->5768K(5824K) Class: 533K(640K)->533K(640K)
[32.575s][info][gc             ] GC(286) Pause Full (Ergonomics) 4871M->4867M(5655M) 1558.945ms
[32.575s][info][gc,cpu         ] GC(286) User=11.66s Sys=0.00s Real=1.56s
[32.645s][info][gc,start       ] GC(287) Pause Young (Allocation Failure)
[32.910s][info][gc,heap        ] GC(287) PSYoungGen: 91144K(284672K)->58048K(286208K) Eden: 57856K(57856K)->0K(64000K) From: 33288K(226816K)->58048K(222208K)
[32.910s][info][gc,heap        ] GC(287) ParOldGen: 4950584K(5506048K)->4984216K(5506048K)
[32.910s][info][gc,metaspace   ] GC(287) Metaspace: 6301K(6464K)->6301K(6464K) NonClass: 5768K(5824K)->5768K(5824K) Class: 533K(640K)->533K(640K)
[32.910s][info][gc             ] GC(287) Pause Young (Allocation Failure) 4923M->4924M(5656M) 265.984ms
[32.911s][info][gc,cpu         ] GC(287) User=1.66s Sys=0.03s Real=0.27s
[32.981s][info][gc,start       ] GC(288) Pause Young (Allocation Failure)
[33.059s][info][gc,heap        ] GC(288) PSYoungGen: 122048K(286208K)->64224K(289280K) Eden: 64000K(64000K)->0K(64000K) From: 58048K(222208K)->64224K(225280K)
[33.059s][info][gc,heap        ] GC(288) ParOldGen: 4984216K(5506048K)->5042592K(5506048K)
[33.059s][info][gc,metaspace   ] GC(288) Metaspace: 6301K(6464K)->6301K(6464K) NonClass: 5768K(5824K)->5768K(5824K) Class: 533K(640K)->533K(640K)
[33.059s][info][gc             ] GC(288) Pause Young (Allocation Failure) 4986M->4987M(5659M) 78.173ms
[33.059s][info][gc,cpu         ] GC(288) User=0.50s Sys=0.02s Real=0.08s
[33.128s][info][gc,start       ] GC(289) Pause Young (Allocation Failure)
[33.205s][info][gc,heap        ] GC(289) PSYoungGen: 128224K(289280K)->64224K(282112K) Eden: 64000K(64000K)->0K(70656K) From: 64224K(225280K)->64224K(211456K)
[33.205s][info][gc,heap        ] GC(289) ParOldGen: 5042592K(5506048K)->5107176K(5506048K)
[33.205s][info][gc,metaspace   ] GC(289) Metaspace: 6301K(6464K)->6301K(6464K) NonClass: 5768K(5824K)->5768K(5824K) Class: 533K(640K)->533K(640K)
[33.205s][info][gc             ] GC(289) Pause Young (Allocation Failure) 5049M->5050M(5652M) 77.221ms
[33.205s][info][gc,cpu         ] GC(289) User=0.48s Sys=0.03s Real=0.08s
[33.288s][info][gc,start       ] GC(290) Pause Young (Allocation Failure)
[33.370s][info][gc,heap        ] GC(290) PSYoungGen: 134880K(282112K)->70880K(287232K) Eden: 70656K(70656K)->0K(70656K) From: 64224K(211456K)->70880K(216576K)
[33.370s][info][gc,heap        ] GC(290) ParOldGen: 5107176K(5506048K)->5171760K(5506048K)
[33.370s][info][gc,metaspace   ] GC(290) Metaspace: 6301K(6464K)->6301K(6464K) NonClass: 5768K(5824K)->5768K(5824K) Class: 533K(640K)->533K(640K)
[33.370s][info][gc             ] GC(290) Pause Young (Allocation Failure) 5119M->5119M(5657M) 82.707ms
[33.370s][info][gc,cpu         ] GC(290) User=0.41s Sys=0.12s Real=0.08s
[33.447s][info][gc,start       ] GC(291) Pause Young (Allocation Failure)
[33.533s][info][gc,heap        ] GC(291) PSYoungGen: 141536K(287232K)->70880K(274944K) Eden: 70656K(70656K)->0K(78336K) From: 70880K(216576K)->70880K(196608K)
[33.533s][info][gc,heap        ] GC(291) ParOldGen: 5171760K(5506048K)->5243056K(5506048K)
[33.533s][info][gc,metaspace   ] GC(291) Metaspace: 6301K(6464K)->6301K(6464K) NonClass: 5768K(5824K)->5768K(5824K) Class: 533K(640K)->533K(640K)
[33.533s][info][gc             ] GC(291) Pause Young (Allocation Failure) 5188M->5189M(5645M) 85.721ms
[33.533s][info][gc,cpu         ] GC(291) User=0.52s Sys=0.03s Real=0.09s
[33.624s][info][gc,start       ] GC(292) Pause Young (Allocation Failure)
[33.712s][info][gc,heap        ] GC(292) PSYoungGen: 149216K(274944K)->78592K(281600K) Eden: 78336K(78336K)->0K(78336K) From: 70880K(196608K)->78592K(203264K)
[33.712s][info][gc,heap        ] GC(292) ParOldGen: 5243056K(5506048K)->5314368K(5506048K)
[33.712s][info][gc,metaspace   ] GC(292) Metaspace: 6301K(6464K)->6301K(6464K) NonClass: 5768K(5824K)->5768K(5824K) Class: 533K(640K)->533K(640K)
[33.712s][info][gc             ] GC(292) Pause Young (Allocation Failure) 5265M->5266M(5652M) 88.722ms
[33.712s][info][gc,cpu         ] GC(292) User=0.66s Sys=0.00s Real=0.09s
[33.800s][info][gc,start       ] GC(293) Pause Young (Allocation Failure)
[33.895s][info][gc,heap        ] GC(293) PSYoungGen: 156928K(281600K)->78528K(266752K) Eden: 78336K(78336K)->0K(86528K) From: 78592K(203264K)->78528K(180224K)
[33.895s][info][gc,heap        ] GC(293) ParOldGen: 5314368K(5506048K)->5393440K(5506048K)
[33.895s][info][gc,metaspace   ] GC(293) Metaspace: 6301K(6464K)->6301K(6464K) NonClass: 5768K(5824K)->5768K(5824K) Class: 533K(640K)->533K(640K)
[33.895s][info][gc             ] GC(293) Pause Young (Allocation Failure) 5343M->5343M(5637M) 94.997ms
[33.895s][info][gc,cpu         ] GC(293) User=0.61s Sys=0.02s Real=0.10s
[33.895s][info][gc,start       ] GC(294) Pause Full (Ergonomics)
[33.895s][info][gc,phases,start] GC(294) Marking Phase
[35.128s][info][gc,phases      ] GC(294) Marking Phase 1233.619ms
[35.128s][info][gc,phases,start] GC(294) Summary Phase
[35.129s][info][gc,phases      ] GC(294) Summary Phase 0.113ms
[35.129s][info][gc,phases,start] GC(294) Adjust Roots
[35.129s][info][gc,phases      ] GC(294) Adjust Roots 0.214ms
[35.129s][info][gc,phases,start] GC(294) Compaction Phase
[35.566s][info][gc,phases      ] GC(294) Compaction Phase 437.273ms
[35.566s][info][gc,phases,start] GC(294) Post Compact
[35.574s][info][gc,phases      ] GC(294) Post Compact 7.983ms
[35.576s][info][gc,heap        ] GC(294) PSYoungGen: 78528K(266752K)->0K(274432K) Eden: 0K(86528K)->0K(86528K) From: 78528K(180224K)->0K(187904K)
[35.576s][info][gc,heap        ] GC(294) ParOldGen: 5393440K(5506048K)->5467485K(6053376K)
[35.576s][info][gc,metaspace   ] GC(294) Metaspace: 6301K(6464K)->6301K(6464K) NonClass: 5768K(5824K)->5768K(5824K) Class: 533K(640K)->533K(640K)
[35.576s][info][gc             ] GC(294) Pause Full (Ergonomics) 5343M->5339M(6179M) 1681.244ms
[35.576s][info][gc,cpu         ] GC(294) User=12.56s Sys=0.05s Real=1.68s
[35.674s][info][gc,start       ] GC(295) Pause Young (Allocation Failure)
[35.738s][info][gc,heap        ] GC(295) PSYoungGen: 86528K(274432K)->86816K(263168K) Eden: 86528K(86528K)->0K(94208K) From: 0K(187904K)->86816K(168960K)
[35.738s][info][gc,heap        ] GC(295) ParOldGen: 5467485K(6053376K)->5467485K(6053376K)
[35.738s][info][gc,metaspace   ] GC(295) Metaspace: 6301K(6464K)->6301K(6464K) NonClass: 5768K(5824K)->5768K(5824K) Class: 533K(640K)->533K(640K)
[35.738s][info][gc             ] GC(295) Pause Young (Allocation Failure) 5423M->5424M(6168M) 64.044ms
[35.738s][info][gc,cpu         ] GC(295) User=0.28s Sys=0.00s Real=0.06s
[35.839s][info][gc,start       ] GC(296) Pause Young (Allocation Failure)
[35.937s][info][gc,heap        ] GC(296) PSYoungGen: 181024K(263168K)->179200K(273408K) Eden: 94208K(94208K)->0K(94208K) From: 86816K(168960K)->179200K(179200K)
[35.937s][info][gc,heap        ] GC(296) ParOldGen: 5467485K(6053376K)->5469389K(6053376K)
[35.937s][info][gc,metaspace   ] GC(296) Metaspace: 6301K(6464K)->6301K(6464K) NonClass: 5768K(5824K)->5768K(5824K) Class: 533K(640K)->533K(640K)
[35.937s][info][gc             ] GC(296) Pause Young (Allocation Failure) 5516M->5516M(6178M) 98.082ms
[35.937s][info][gc,cpu         ] GC(296) User=0.64s Sys=0.00s Real=0.10s
[36.054s][info][gc,start       ] GC(297) Pause Young (Allocation Failure)
[36.219s][info][gc,heap        ] GC(297) PSYoungGen: 273408K(273408K)->94496K(287744K) Eden: 94208K(94208K)->0K(102912K) From: 179200K(179200K)->94496K(184832K)
[36.219s][info][gc,heap        ] GC(297) ParOldGen: 5469389K(6053376K)->5649861K(6053376K)
[36.219s][info][gc,metaspace   ] GC(297) Metaspace: 6301K(6464K)->6301K(6464K) NonClass: 5768K(5824K)->5768K(5824K) Class: 533K(640K)->533K(640K)
[36.219s][info][gc             ] GC(297) Pause Young (Allocation Failure) 5608M->5609M(6192M) 165.120ms
[36.219s][info][gc,cpu         ] GC(297) User=1.02s Sys=0.12s Real=0.16s
[37.430s][info][gc,start       ] GC(298) Pause Full (Ergonomics)
[37.430s][info][gc,phases,start] GC(298) Marking Phase
[38.726s][info][gc,phases      ] GC(298) Marking Phase 1296.075ms
[38.726s][info][gc,phases,start] GC(298) Summary Phase
[38.727s][info][gc,phases      ] GC(298) Summary Phase 0.132ms
[38.727s][info][gc,phases,start] GC(298) Adjust Roots
[38.727s][info][gc,phases      ] GC(298) Adjust Roots 0.175ms
[38.727s][info][gc,phases,start] GC(298) Compaction Phase
[39.613s][info][gc,phases      ] GC(298) Compaction Phase 885.849ms
[39.613s][info][gc,phases,start] GC(298) Post Compact
[39.623s][info][gc,phases      ] GC(298) Post Compact 9.972ms
[39.625s][info][gc,heap        ] GC(298) PSYoungGen: 197408K(287744K)->0K(296960K) Eden: 102912K(102912K)->0K(102912K) From: 94496K(184832K)->0K(194048K)
[39.625s][info][gc,heap        ] GC(298) ParOldGen: 5912005K(6053376K)->5976283K(6652416K)
[39.625s][info][gc,metaspace   ] GC(298) Metaspace: 6301K(6464K)->6301K(6464K) NonClass: 5768K(5824K)->5768K(5824K) Class: 533K(640K)->533K(640K)
[39.625s][info][gc             ] GC(298) Pause Full (Ergonomics) 5966M->5836M(6786M) 2194.502ms
[39.625s][info][gc,cpu         ] GC(298) User=15.56s Sys=0.17s Real=2.20s
[39.740s][info][gc,start       ] GC(299) Pause Young (Allocation Failure)
[39.837s][info][gc,heap        ] GC(299) PSYoungGen: 102912K(296960K)->103168K(288256K) Eden: 102912K(102912K)->0K(111616K) From: 0K(194048K)->103168K(176640K)
[39.837s][info][gc,heap        ] GC(299) ParOldGen: 5976283K(6652416K)->5976283K(6652416K)
[39.837s][info][gc,metaspace   ] GC(299) Metaspace: 6301K(6464K)->6301K(6464K) NonClass: 5768K(5824K)->5768K(5824K) Class: 533K(640K)->533K(640K)
[39.837s][info][gc             ] GC(299) Pause Young (Allocation Failure) 5936M->5936M(6778M) 97.096ms
[39.837s][info][gc,cpu         ] GC(299) User=0.31s Sys=0.00s Real=0.10s
[39.945s][info][gc,start       ] GC(300) Pause Young (Allocation Failure)
[40.073s][info][gc,heap        ] GC(300) PSYoungGen: 214784K(288256K)->185856K(297472K) Eden: 111616K(111616K)->0K(111616K) From: 103168K(176640K)->185856K(185856K)
[40.073s][info][gc,heap        ] GC(300) ParOldGen: 5976283K(6652416K)->6005571K(6652416K)
[40.073s][info][gc,metaspace   ] GC(300) Metaspace: 6301K(6464K)->6301K(6464K) NonClass: 5768K(5824K)->5768K(5824K) Class: 533K(640K)->533K(640K)
[40.073s][info][gc             ] GC(300) Pause Young (Allocation Failure) 6045M->6046M(6787M) 128.168ms
[40.073s][info][gc,cpu         ] GC(300) User=0.36s Sys=0.00s Real=0.13s
[40.194s][info][gc,start       ] GC(301) Pause Young (Allocation Failure)
[40.357s][info][gc,heap        ] GC(301) PSYoungGen: 297472K(297472K)->206368K(317440K) Eden: 111616K(111616K)->0K(97280K) From: 185856K(185856K)->206368K(220160K)
[40.357s][info][gc,heap        ] GC(301) ParOldGen: 6005571K(6652416K)->6097739K(6652416K)
[40.357s][info][gc,metaspace   ] GC(301) Metaspace: 6301K(6464K)->6301K(6464K) NonClass: 5768K(5824K)->5768K(5824K) Class: 533K(640K)->533K(640K)
[40.357s][info][gc             ] GC(301) Pause Young (Allocation Failure) 6155M->6156M(6806M) 163.523ms
[40.357s][info][gc,cpu         ] GC(301) User=0.78s Sys=0.05s Real=0.16s
[40.456s][info][gc,start       ] GC(302) Pause Young (Allocation Failure)
[40.606s][info][gc,heap        ] GC(302) PSYoungGen: 303648K(317440K)->244224K(341504K) Eden: 97280K(97280K)->0K(97280K) From: 206368K(220160K)->244224K(244224K)
[40.606s][info][gc,heap        ] GC(302) ParOldGen: 6097739K(6652416K)->6157603K(6652416K)
[40.607s][info][gc,metaspace   ] GC(302) Metaspace: 6301K(6464K)->6301K(6464K) NonClass: 5768K(5824K)->5768K(5824K) Class: 533K(640K)->533K(640K)
[40.607s][info][gc             ] GC(302) Pause Young (Allocation Failure) 6251M->6251M(6830M) 150.494ms
[40.607s][info][gc,cpu         ] GC(302) User=0.72s Sys=0.02s Real=0.15s
[40.710s][info][gc,start       ] GC(303) Pause Young (Allocation Failure)
[40.879s][info][gc,heap        ] GC(303) PSYoungGen: 341504K(341504K)->169536K(398336K) Eden: 97280K(97280K)->0K(107520K) From: 244224K(244224K)->169536K(290816K)
[40.879s][info][gc,heap        ] GC(303) ParOldGen: 6157603K(6652416K)->6331067K(6652416K)
[40.879s][info][gc,metaspace   ] GC(303) Metaspace: 6301K(6464K)->6301K(6464K) NonClass: 5768K(5824K)->5768K(5824K) Class: 533K(640K)->533K(640K)
[40.879s][info][gc             ] GC(303) Pause Young (Allocation Failure) 6346M->6348M(6885M) 169.038ms
[40.879s][info][gc,cpu         ] GC(303) User=1.09s Sys=0.08s Real=0.17s
[40.997s][info][gc,start       ] GC(304) Pause Young (Allocation Failure)
[41.145s][info][gc,heap        ] GC(304) PSYoungGen: 277056K(398336K)->205280K(402432K) Eden: 107520K(107520K)->0K(107520K) From: 169536K(290816K)->205280K(294912K)
[41.145s][info][gc,heap        ] GC(304) ParOldGen: 6331067K(6652416K)->6403571K(6652416K)
[41.145s][info][gc,metaspace   ] GC(304) Metaspace: 6301K(6464K)->6301K(6464K) NonClass: 5768K(5824K)->5768K(5824K) Class: 533K(640K)->533K(640K)
[41.145s][info][gc             ] GC(304) Pause Young (Allocation Failure) 6453M->6453M(6889M) 147.897ms
[41.145s][info][gc,cpu         ] GC(304) User=0.72s Sys=0.03s Real=0.15s
[41.262s][info][gc,start       ] GC(305) Pause Young (Allocation Failure)
[41.418s][info][gc,heap        ] GC(305) PSYoungGen: 312800K(402432K)->215584K(413184K) Eden: 107520K(107520K)->0K(110080K) From: 205280K(294912K)->215584K(303104K)
[41.418s][info][gc,heap        ] GC(305) ParOldGen: 6403571K(6652416K)->6501723K(6652416K)
[41.418s][info][gc,metaspace   ] GC(305) Metaspace: 6301K(6464K)->6301K(6464K) NonClass: 5768K(5824K)->5768K(5824K) Class: 533K(640K)->533K(640K)
[41.418s][info][gc             ] GC(305) Pause Young (Allocation Failure) 6558M->6559M(6900M) 155.971ms
[41.418s][info][gc,cpu         ] GC(305) User=0.81s Sys=0.12s Real=0.16s
[41.418s][info][gc,start       ] GC(306) Pause Full (Ergonomics)
[41.418s][info][gc,phases,start] GC(306) Marking Phase
[42.894s][info][gc,phases      ] GC(306) Marking Phase 1476.698ms
[42.894s][info][gc,phases,start] GC(306) Summary Phase
[42.895s][info][gc,phases      ] GC(306) Summary Phase 0.078ms
[42.895s][info][gc,phases,start] GC(306) Adjust Roots
[42.895s][info][gc,phases      ] GC(306) Adjust Roots 0.163ms
[42.895s][info][gc,phases,start] GC(306) Compaction Phase
[43.524s][info][gc,phases      ] GC(306) Compaction Phase 629.440ms
[43.524s][info][gc,phases,start] GC(306) Post Compact
[43.534s][info][gc,phases      ] GC(306) Post Compact 10.191ms
[43.537s][info][gc,heap        ] GC(306) PSYoungGen: 215584K(413184K)->59646K(413184K) Eden: 0K(110080K)->0K(110080K) From: 215584K(303104K)->59646K(303104K)
[43.537s][info][gc,heap        ] GC(306) ParOldGen: 6501723K(6652416K)->6652156K(7395840K)
[43.537s][info][gc,metaspace   ] GC(306) Metaspace: 6301K(6464K)->6301K(6464K) NonClass: 5768K(5824K)->5768K(5824K) Class: 533K(640K)->533K(640K)
[43.537s][info][gc             ] GC(306) Pause Full (Ergonomics) 6559M->6554M(7626M) 2119.236ms
[43.537s][info][gc,cpu         ] GC(306) User=15.44s Sys=0.14s Real=2.12s
[43.655s][info][gc,start       ] GC(307) Pause Young (Allocation Failure)
[44.001s][info][gc,heap        ] GC(307) PSYoungGen: 169726K(413184K)->142848K(252928K) Eden: 110080K(110080K)->0K(110080K) From: 59646K(303104K)->142848K(142848K)
[44.001s][info][gc,heap        ] GC(307) ParOldGen: 6652156K(7395840K)->6679708K(7395840K)
[44.001s][info][gc,metaspace   ] GC(307) Metaspace: 6301K(6464K)->6301K(6464K) NonClass: 5768K(5824K)->5768K(5824K) Class: 533K(640K)->533K(640K)
[44.001s][info][gc             ] GC(307) Pause Young (Allocation Failure) 6661M->6662M(7469M) 346.461ms
[44.001s][info][gc,cpu         ] GC(307) User=2.34s Sys=0.00s Real=0.35s
[44.120s][info][gc,start       ] GC(308) Pause Young (Allocation Failure)
[44.265s][info][gc,heap        ] GC(308) PSYoungGen: 252928K(252928K)->253184K(397312K) Eden: 110080K(110080K)->0K(98304K) From: 142848K(142848K)->253184K(299008K)
[44.265s][info][gc,heap        ] GC(308) ParOldGen: 6679708K(7395840K)->6679708K(7395840K)
[44.265s][info][gc,metaspace   ] GC(308) Metaspace: 6301K(6464K)->6301K(6464K) NonClass: 5768K(5824K)->5768K(5824K) Class: 533K(640K)->533K(640K)
[44.265s][info][gc             ] GC(308) Pause Young (Allocation Failure) 6770M->6770M(7610M) 144.182ms
[44.265s][info][gc,cpu         ] GC(308) User=0.67s Sys=0.06s Real=0.14s
[44.367s][info][gc,start       ] GC(309) Pause Young (Allocation Failure)
[44.539s][info][gc,heap        ] GC(309) PSYoungGen: 351488K(397312K)->321024K(419328K) Eden: 98304K(98304K)->0K(98304K) From: 253184K(299008K)->321024K(321024K)
[44.539s][info][gc,heap        ] GC(309) ParOldGen: 6679708K(7395840K)->6710452K(7395840K)
[44.539s][info][gc,metaspace   ] GC(309) Metaspace: 6301K(6464K)->6301K(6464K) NonClass: 5768K(5824K)->5768K(5824K) Class: 533K(640K)->533K(640K)
[44.539s][info][gc             ] GC(309) Pause Young (Allocation Failure) 6866M->6866M(7632M) 171.249ms
[44.539s][info][gc,cpu         ] GC(309) User=1.25s Sys=0.00s Real=0.17s
[44.632s][info][gc,start       ] GC(310) Pause Young (Allocation Failure)
[44.839s][info][gc,heap        ] GC(310) PSYoungGen: 419328K(419328K)->296096K(460800K) Eden: 98304K(98304K)->0K(86016K) From: 321024K(321024K)->296096K(374784K)
[44.839s][info][gc,heap        ] GC(310) ParOldGen: 6710452K(7395840K)->6834868K(7395840K)
[44.839s][info][gc,metaspace   ] GC(310) Metaspace: 6301K(6464K)->6301K(6464K) NonClass: 5768K(5824K)->5768K(5824K) Class: 533K(640K)->533K(640K)
[44.839s][info][gc             ] GC(310) Pause Young (Allocation Failure) 6962M->6963M(7672M) 206.473ms
[44.839s][info][gc,cpu         ] GC(310) User=1.42s Sys=0.08s Real=0.21s
[44.932s][info][gc,start       ] GC(311) Pause Young (Allocation Failure)
[45.115s][info][gc,heap        ] GC(311) PSYoungGen: 382112K(460800K)->280992K(483328K) Eden: 86016K(86016K)->0K(86016K) From: 296096K(374784K)->280992K(397312K)
[45.115s][info][gc,heap        ] GC(311) ParOldGen: 6834868K(7395840K)->6936956K(7395840K)
[45.115s][info][gc,metaspace   ] GC(311) Metaspace: 6301K(6464K)->6301K(6464K) NonClass: 5768K(5824K)->5768K(5824K) Class: 533K(640K)->533K(640K)
[45.115s][info][gc             ] GC(311) Pause Young (Allocation Failure) 7047M->7048M(7694M) 183.168ms
[45.115s][info][gc,cpu         ] GC(311) User=1.31s Sys=0.06s Real=0.18s
[45.194s][info][gc,start       ] GC(312) Pause Young (Allocation Failure)
[45.368s][info][gc,heap        ] GC(312) PSYoungGen: 367008K(483328K)->271008K(501248K) Eden: 86016K(86016K)->0K(91648K) From: 280992K(397312K)->271008K(409600K)
[45.368s][info][gc,heap        ] GC(312) ParOldGen: 6936956K(7395840K)->7033852K(7395840K)
[45.368s][info][gc,metaspace   ] GC(312) Metaspace: 6301K(6464K)->6301K(6464K) NonClass: 5768K(5824K)->5768K(5824K) Class: 533K(640K)->533K(640K)
[45.368s][info][gc             ] GC(312) Pause Young (Allocation Failure) 7132M->7133M(7712M) 173.370ms
[45.368s][info][gc,cpu         ] GC(312) User=1.20s Sys=0.06s Real=0.17s
[45.465s][info][gc,start       ] GC(313) Pause Young (Allocation Failure)
[45.647s][info][gc,heap        ] GC(313) PSYoungGen: 362656K(501248K)->178080K(269824K) Eden: 91648K(91648K)->0K(91648K) From: 271008K(409600K)->178080K(178176K)
[45.647s][info][gc,heap        ] GC(313) ParOldGen: 7033852K(7395840K)->7219852K(7395840K)
[45.647s][info][gc,metaspace   ] GC(313) Metaspace: 6301K(6464K)->6301K(6464K) NonClass: 5768K(5824K)->5768K(5824K) Class: 533K(640K)->533K(640K)
[45.647s][info][gc             ] GC(313) Pause Young (Allocation Failure) 7223M->7224M(7486M) 182.675ms
[45.647s][info][gc,cpu         ] GC(313) User=1.31s Sys=0.08s Real=0.18s
[45.648s][info][gc,start       ] GC(314) Pause Full (Ergonomics)
[45.648s][info][gc,phases,start] GC(314) Marking Phase
[47.282s][info][gc,phases      ] GC(314) Marking Phase 1634.403ms
[47.282s][info][gc,phases,start] GC(314) Summary Phase
[47.282s][info][gc,phases      ] GC(314) Summary Phase 0.120ms
[47.282s][info][gc,phases,start] GC(314) Adjust Roots
[47.282s][info][gc,phases      ] GC(314) Adjust Roots 0.177ms
[47.282s][info][gc,phases,start] GC(314) Compaction Phase
[47.948s][info][gc,phases      ] GC(314) Compaction Phase 665.619ms
[47.948s][info][gc,phases,start] GC(314) Post Compact
[47.959s][info][gc,phases      ] GC(314) Post Compact 11.025ms
[47.962s][info][gc,heap        ] GC(314) PSYoungGen: 178080K(269824K)->0K(502272K) Eden: 0K(91648K)->0K(103424K) From: 178080K(178176K)->0K(398848K)
[47.962s][info][gc,heap        ] GC(314) ParOldGen: 7219852K(7395840K)->7392037K(8235008K)
[47.962s][info][gc,metaspace   ] GC(314) Metaspace: 6301K(6464K)->6301K(6464K) NonClass: 5768K(5824K)->5768K(5824K) Class: 533K(640K)->533K(640K)
[47.962s][info][gc             ] GC(314) Pause Full (Ergonomics) 7224M->7218M(8532M) 2314.276ms
[47.962s][info][gc,cpu         ] GC(314) User=16.77s Sys=0.09s Real=2.31s
[48.072s][info][gc,start       ] GC(315) Pause Young (Allocation Failure)
[48.167s][info][gc,heap        ] GC(315) PSYoungGen: 103424K(502272K)->103744K(502272K) Eden: 103424K(103424K)->0K(103424K) From: 0K(398848K)->103744K(398848K)
[48.167s][info][gc,heap        ] GC(315) ParOldGen: 7392037K(8235008K)->7392037K(8235008K)
[48.167s][info][gc,metaspace   ] GC(315) Metaspace: 6301K(6464K)->6301K(6464K) NonClass: 5768K(5824K)->5768K(5824K) Class: 533K(640K)->533K(640K)
[48.167s][info][gc             ] GC(315) Pause Young (Allocation Failure) 7319M->7320M(8532M) 95.077ms
[48.167s][info][gc,cpu         ] GC(315) User=0.30s Sys=0.00s Real=0.10s
[48.271s][info][gc,start       ] GC(316) Pause Young (Allocation Failure)
[48.395s][info][gc,heap        ] GC(316) PSYoungGen: 207168K(502272K)->207360K(480256K) Eden: 103424K(103424K)->0K(114176K) From: 103744K(398848K)->207360K(366080K)
[48.396s][info][gc,heap        ] GC(316) ParOldGen: 7392037K(8235008K)->7392037K(8235008K)
[48.396s][info][gc,metaspace   ] GC(316) Metaspace: 6301K(6464K)->6301K(6464K) NonClass: 5768K(5824K)->5768K(5824K) Class: 533K(640K)->533K(640K)
[48.396s][info][gc             ] GC(316) Pause Young (Allocation Failure) 7421M->7421M(8511M) 125.016ms
[48.396s][info][gc,cpu         ] GC(316) User=0.45s Sys=0.00s Real=0.12s
[48.516s][info][gc,start       ] GC(317) Pause Young (Allocation Failure)
[48.675s][info][gc,heap        ] GC(317) PSYoungGen: 321536K(480256K)->218176K(495616K) Eden: 114176K(114176K)->0K(114176K) From: 207360K(366080K)->218176K(381440K)
[48.675s][info][gc,heap        ] GC(317) ParOldGen: 7392037K(8235008K)->7496397K(8235008K)
[48.675s][info][gc,metaspace   ] GC(317) Metaspace: 6301K(6464K)->6301K(6464K) NonClass: 5768K(5824K)->5768K(5824K) Class: 533K(640K)->533K(640K)
[48.675s][info][gc             ] GC(317) Pause Young (Allocation Failure) 7532M->7533M(8526M) 159.055ms
[48.675s][info][gc,cpu         ] GC(317) User=1.06s Sys=0.06s Real=0.16s
[48.800s][info][gc,start       ] GC(318) Pause Young (Allocation Failure)
[48.965s][info][gc,heap        ] GC(318) PSYoungGen: 332352K(495616K)->228928K(485376K) Eden: 114176K(114176K)->0K(126464K) From: 218176K(381440K)->228928K(358912K)
[48.965s][info][gc,heap        ] GC(318) ParOldGen: 7496397K(8235008K)->7600733K(8235008K)
[48.965s][info][gc,metaspace   ] GC(318) Metaspace: 6301K(6464K)->6301K(6464K) NonClass: 5768K(5824K)->5768K(5824K) Class: 533K(640K)->533K(640K)
[48.965s][info][gc             ] GC(318) Pause Young (Allocation Failure) 7645M->7646M(8516M) 164.425ms
[48.965s][info][gc,cpu         ] GC(318) User=0.97s Sys=0.20s Real=0.16s
[49.105s][info][gc,start       ] GC(319) Pause Young (Allocation Failure)
[49.282s][info][gc,heap        ] GC(319) PSYoungGen: 355392K(485376K)->241152K(491008K) Eden: 126464K(126464K)->0K(126464K) From: 228928K(358912K)->241152K(364544K)
[49.283s][info][gc,heap        ] GC(319) ParOldGen: 7600733K(8235008K)->7715925K(8235008K)
[49.283s][info][gc,metaspace   ] GC(319) Metaspace: 6301K(6464K)->6301K(6464K) NonClass: 5768K(5824K)->5768K(5824K) Class: 533K(640K)->533K(640K)
[49.283s][info][gc             ] GC(319) Pause Young (Allocation Failure) 7769M->7770M(8521M) 178.046ms
[49.283s][info][gc,cpu         ] GC(319) User=1.05s Sys=0.22s Real=0.18s
[49.414s][info][gc,start       ] GC(320) Pause Young (Allocation Failure)
[49.600s][info][gc,heap        ] GC(320) PSYoungGen: 367616K(491008K)->253504K(500736K) Eden: 126464K(126464K)->0K(138240K) From: 241152K(364544K)->253504K(362496K)
[49.601s][info][gc,heap        ] GC(320) ParOldGen: 7715925K(8235008K)->7831125K(8235008K)
[49.601s][info][gc,metaspace   ] GC(320) Metaspace: 6301K(6464K)->6301K(6464K) NonClass: 5768K(5824K)->5768K(5824K) Class: 533K(640K)->533K(640K)
[49.601s][info][gc             ] GC(320) Pause Young (Allocation Failure) 7894M->7895M(8531M) 186.831ms
[49.601s][info][gc,cpu         ] GC(320) User=1.36s Sys=0.02s Real=0.19s
[49.742s][info][gc,start       ] GC(321) Pause Young (Allocation Failure)
[49.938s][info][gc,heap        ] GC(321) PSYoungGen: 391744K(500736K)->265376K(502784K) Eden: 138240K(138240K)->0K(138240K) From: 253504K(362496K)->265376K(364544K)
[49.938s][info][gc,heap        ] GC(321) ParOldGen: 7831125K(8235008K)->7958749K(8235008K)
[49.938s][info][gc,metaspace   ] GC(321) Metaspace: 6301K(6464K)->6301K(6464K) NonClass: 5768K(5824K)->5768K(5824K) Class: 533K(640K)->533K(640K)
[49.938s][info][gc             ] GC(321) Pause Young (Allocation Failure) 8030M->8031M(8533M) 196.489ms
[49.938s][info][gc,cpu         ] GC(321) User=1.33s Sys=0.08s Real=0.20s
[50.087s][info][gc,start       ] GC(322) Pause Young (Allocation Failure)
[50.295s][info][gc,heap        ] GC(322) PSYoungGen: 403616K(502784K)->277184K(515584K) Eden: 138240K(138240K)->0K(146432K) From: 265376K(364544K)->277184K(369152K)
[50.295s][info][gc,heap        ] GC(322) ParOldGen: 7958749K(8235008K)->8086373K(8235008K)
[50.295s][info][gc,metaspace   ] GC(322) Metaspace: 6301K(6464K)->6301K(6464K) NonClass: 5768K(5824K)->5768K(5824K) Class: 533K(640K)->533K(640K)
[50.295s][info][gc             ] GC(322) Pause Young (Allocation Failure) 8166M->8167M(8545M) 207.866ms
[50.295s][info][gc,cpu         ] GC(322) User=1.44s Sys=0.03s Real=0.21s
[50.295s][info][gc,start       ] GC(323) Pause Full (Ergonomics)
[50.295s][info][gc,phases,start] GC(323) Marking Phase
[52.178s][info][gc,phases      ] GC(323) Marking Phase 1882.378ms
[52.178s][info][gc,phases,start] GC(323) Summary Phase
[52.178s][info][gc,phases      ] GC(323) Summary Phase 0.092ms
[52.178s][info][gc,phases,start] GC(323) Adjust Roots
[52.178s][info][gc,phases      ] GC(323) Adjust Roots 0.186ms
[52.178s][info][gc,phases,start] GC(323) Compaction Phase
[52.917s][info][gc,phases      ] GC(323) Compaction Phase 738.935ms
[52.917s][info][gc,phases,start] GC(323) Post Compact
[52.930s][info][gc,phases      ] GC(323) Post Compact 12.455ms
[52.933s][info][gc,heap        ] GC(323) PSYoungGen: 277184K(515584K)->121579K(515584K) Eden: 0K(146432K)->0K(146432K) From: 277184K(369152K)->121579K(369152K)
[52.933s][info][gc,heap        ] GC(323) ParOldGen: 8086373K(8235008K)->8234817K(9147392K)
[52.933s][info][gc,metaspace   ] GC(323) Metaspace: 6301K(6464K)->6301K(6464K) NonClass: 5768K(5824K)->5768K(5824K) Class: 533K(640K)->533K(640K)
[52.933s][info][gc             ] GC(323) Pause Full (Ergonomics) 8167M->8160M(9436M) 2637.308ms
[52.933s][info][gc,cpu         ] GC(323) User=19.66s Sys=0.09s Real=2.64s
[53.081s][info][gc,start       ] GC(324) Pause Young (Allocation Failure)
[53.598s][info][gc,heap        ] GC(324) PSYoungGen: 268011K(515584K)->199360K(522752K) Eden: 146432K(146432K)->0K(146432K) From: 121579K(369152K)->199360K(376320K)
[53.598s][info][gc,heap        ] GC(324) ParOldGen: 8234817K(9147392K)->8304673K(9147392K)
[53.598s][info][gc,metaspace   ] GC(324) Metaspace: 6301K(6464K)->6301K(6464K) NonClass: 5768K(5824K)->5768K(5824K) Class: 533K(640K)->533K(640K)
[53.598s][info][gc             ] GC(324) Pause Young (Allocation Failure) 8303M->8304M(9443M) 516.999ms
[53.598s][info][gc,cpu         ] GC(324) User=3.50s Sys=0.00s Real=0.52s
[53.749s][info][gc,start       ] GC(325) Pause Young (Allocation Failure)
[53.938s][info][gc,heap        ] GC(325) PSYoungGen: 345792K(522752K)->346112K(493056K) Eden: 146432K(146432K)->0K(128000K) From: 199360K(376320K)->346112K(365056K)
[53.938s][info][gc,heap        ] GC(325) ParOldGen: 8304673K(9147392K)->8304673K(9147392K)
[53.938s][info][gc,metaspace   ] GC(325) Metaspace: 6301K(6464K)->6301K(6464K) NonClass: 5768K(5824K)->5768K(5824K) Class: 533K(640K)->533K(640K)
[53.938s][info][gc             ] GC(325) Pause Young (Allocation Failure) 8447M->8448M(9414M) 189.478ms
[53.939s][info][gc,cpu         ] GC(325) User=1.42s Sys=0.08s Real=0.19s
[54.075s][info][gc,start       ] GC(326) Pause Young (Allocation Failure)
[54.327s][info][gc,heap        ] GC(326) PSYoungGen: 474112K(493056K)->397312K(525312K) Eden: 128000K(128000K)->0K(128000K) From: 346112K(365056K)->397312K(397312K)
[54.327s][info][gc,heap        ] GC(326) ParOldGen: 8304673K(9147392K)->8382177K(9147392K)
[54.327s][info][gc,metaspace   ] GC(326) Metaspace: 6301K(6464K)->6301K(6464K) NonClass: 5768K(5824K)->5768K(5824K) Class: 533K(640K)->533K(640K)
[54.327s][info][gc             ] GC(326) Pause Young (Allocation Failure) 8573M->8573M(9446M) 251.841ms
[54.327s][info][gc,cpu         ] GC(326) User=1.83s Sys=0.06s Real=0.25s
[54.462s][info][gc,start       ] GC(327) Pause Young (Allocation Failure)
[54.759s][info][gc,heap        ] GC(327) PSYoungGen: 525312K(525312K)->362368K(594944K) Eden: 128000K(128000K)->0K(124416K) From: 397312K(397312K)->362368K(470528K)
[54.759s][info][gc,heap        ] GC(327) ParOldGen: 8382177K(9147392K)->8546657K(9147392K)
[54.759s][info][gc,metaspace   ] GC(327) Metaspace: 6301K(6464K)->6301K(6464K) NonClass: 5768K(5824K)->5768K(5824K) Class: 533K(640K)->533K(640K)
[54.759s][info][gc             ] GC(327) Pause Young (Allocation Failure) 8698M->8700M(9514M) 297.465ms
[54.759s][info][gc,cpu         ] GC(327) User=1.94s Sys=0.11s Real=0.30s
[54.900s][info][gc,start       ] GC(328) Pause Young (Allocation Failure)
[55.175s][info][gc,heap        ] GC(328) PSYoungGen: 486784K(594944K)->368800K(612352K) Eden: 124416K(124416K)->0K(124416K) From: 362368K(470528K)->368800K(487936K)
[55.175s][info][gc,heap        ] GC(328) ParOldGen: 8546657K(9147392K)->8665697K(9147392K)
[55.175s][info][gc,metaspace   ] GC(328) Metaspace: 6301K(6464K)->6301K(6464K) NonClass: 5768K(5824K)->5768K(5824K) Class: 533K(640K)->533K(640K)
[55.175s][info][gc             ] GC(328) Pause Young (Allocation Failure) 8821M->8822M(9531M) 275.125ms
[55.175s][info][gc,cpu         ] GC(328) User=2.02s Sys=0.06s Real=0.28s
[55.306s][info][gc,start       ] GC(329) Pause Young (Allocation Failure)
[55.590s][info][gc,heap        ] GC(329) PSYoungGen: 493216K(612352K)->377632K(627712K) Eden: 124416K(124416K)->0K(124416K) From: 368800K(487936K)->377632K(503296K)
[55.590s][info][gc,heap        ] GC(329) ParOldGen: 8665697K(9147392K)->8782313K(9147392K)
[55.590s][info][gc,metaspace   ] GC(329) Metaspace: 6301K(6464K)->6301K(6464K) NonClass: 5768K(5824K)->5768K(5824K) Class: 533K(640K)->533K(640K)
[55.590s][info][gc             ] GC(329) Pause Young (Allocation Failure) 8944M->8945M(9546M) 284.024ms
[55.590s][info][gc,cpu         ] GC(329) User=1.91s Sys=0.12s Real=0.28s
[55.744s][info][gc,start       ] GC(330) Pause Young (Allocation Failure)
[56.041s][info][gc,heap        ] GC(330) PSYoungGen: 502048K(627712K)->249472K(374272K) Eden: 124416K(124416K)->0K(124416K) From: 377632K(503296K)->249472K(249856K)
[56.041s][info][gc,heap        ] GC(330) ParOldGen: 8782313K(9147392K)->9036993K(9147392K)
[56.041s][info][gc,metaspace   ] GC(330) Metaspace: 6301K(6464K)->6301K(6464K) NonClass: 5768K(5824K)->5768K(5824K) Class: 533K(640K)->533K(640K)
[56.041s][info][gc             ] GC(330) Pause Young (Allocation Failure) 9066M->9068M(9298M) 296.446ms
[56.041s][info][gc,cpu         ] GC(330) User=2.11s Sys=0.12s Real=0.30s
[56.041s][info][gc,start       ] GC(331) Pause Full (Ergonomics)
[56.041s][info][gc,phases,start] GC(331) Marking Phase
[58.194s][info][gc,phases      ] GC(331) Marking Phase 2152.797ms
[58.194s][info][gc,phases,start] GC(331) Summary Phase
[58.194s][info][gc,phases      ] GC(331) Summary Phase 0.107ms
[58.194s][info][gc,phases,start] GC(331) Adjust Roots
[58.194s][info][gc,phases      ] GC(331) Adjust Roots 0.223ms
[58.194s][info][gc,phases,start] GC(331) Compaction Phase
[58.957s][info][gc,phases      ] GC(331) Compaction Phase 763.025ms
[58.957s][info][gc,phases,start] GC(331) Post Compact
[58.971s][info][gc,phases      ] GC(331) Post Compact 13.983ms
[58.971s][info][gc,heap        ] GC(331) PSYoungGen: 249472K(374272K)->131217K(374272K) Eden: 0K(124416K)->0K(124416K) From: 249472K(249856K)->131217K(249856K)
[58.971s][info][gc,heap        ] GC(331) ParOldGen: 9036993K(9147392K)->9147061K(9147904K)
[58.971s][info][gc,metaspace   ] GC(331) Metaspace: 6301K(6464K)->6301K(6464K) NonClass: 5768K(5824K)->5768K(5824K) Class: 533K(640K)->533K(640K)
[58.971s][info][gc             ] GC(331) Pause Full (Ergonomics) 9068M->9060M(9299M) 2930.497ms
[58.971s][info][gc,cpu         ] GC(331) User=22.25s Sys=0.06s Real=2.93s
[59.100s][info][gc,start       ] GC(332) Pause Full (Ergonomics)
[59.100s][info][gc,phases,start] GC(332) Marking Phase
[61.234s][info][gc,phases      ] GC(332) Marking Phase 2134.143ms
[61.235s][info][gc,phases,start] GC(332) Summary Phase
[61.235s][info][gc,phases      ] GC(332) Summary Phase 0.131ms
[61.235s][info][gc,phases,start] GC(332) Adjust Roots
[61.235s][info][gc,phases      ] GC(332) Adjust Roots 0.287ms
[61.235s][info][gc,phases,start] GC(332) Compaction Phase
[61.796s][info][gc,phases      ] GC(332) Compaction Phase 561.251ms
[61.796s][info][gc,phases,start] GC(332) Post Compact
[61.810s][info][gc,phases      ] GC(332) Post Compact 14.069ms
[61.810s][info][gc,heap        ] GC(332) PSYoungGen: 255633K(374272K)->255088K(374272K) Eden: 124416K(124416K)->124383K(124416K) From: 131217K(249856K)->130705K(249856K)
[61.810s][info][gc,heap        ] GC(332) ParOldGen: 9147061K(9147904K)->9147573K(9147904K)
[61.810s][info][gc,metaspace   ] GC(332) Metaspace: 6301K(6464K)->6301K(6464K) NonClass: 5768K(5824K)->5768K(5824K) Class: 533K(640K)->533K(640K)
[61.811s][info][gc             ] GC(332) Pause Full (Ergonomics) 9182M->9182M(9299M) 2710.248ms
[61.811s][info][gc,cpu         ] GC(332) User=20.52s Sys=0.00s Real=2.71s
[61.811s][info][gc,start       ] GC(333) Pause Full (Ergonomics)
[61.811s][info][gc,phases,start] GC(333) Marking Phase
[63.942s][info][gc,phases      ] GC(333) Marking Phase 2130.868ms
[63.942s][info][gc,phases,start] GC(333) Summary Phase
[63.942s][info][gc,phases      ] GC(333) Summary Phase 0.136ms
[63.942s][info][gc,phases,start] GC(333) Adjust Roots
[63.942s][info][gc,phases      ] GC(333) Adjust Roots 0.297ms
[63.942s][info][gc,phases,start] GC(333) Compaction Phase
[64.494s][info][gc,phases      ] GC(333) Compaction Phase 551.774ms
[64.494s][info][gc,phases,start] GC(333) Post Compact
[64.508s][info][gc,phases      ] GC(333) Post Compact 13.600ms
[64.508s][info][gc,heap        ] GC(333) PSYoungGen: 255121K(374272K)->255120K(374272K) Eden: 124416K(124416K)->124415K(124416K) From: 130705K(249856K)->130705K(249856K)
[64.508s][info][gc,heap        ] GC(333) ParOldGen: 9147573K(9147904K)->9147573K(9147904K)
[64.508s][info][gc,metaspace   ] GC(333) Metaspace: 6301K(6464K)->6301K(6464K) NonClass: 5768K(5824K)->5768K(5824K) Class: 533K(640K)->533K(640K)
[64.508s][info][gc             ] GC(333) Pause Full (Ergonomics) 9182M->9182M(9299M) 2697.048ms
[64.508s][info][gc,cpu         ] GC(333) User=20.50s Sys=0.02s Real=2.70s
[64.508s][info][gc,start       ] GC(334) Pause Full (Ergonomics)
[64.508s][info][gc,phases,start] GC(334) Marking Phase
[66.616s][info][gc,phases      ] GC(334) Marking Phase 2107.574ms
[66.616s][info][gc,phases,start] GC(334) Summary Phase
[66.616s][info][gc,phases      ] GC(334) Summary Phase 0.165ms
[66.616s][info][gc,phases,start] GC(334) Adjust Roots
[66.616s][info][gc,phases      ] GC(334) Adjust Roots 0.371ms
[66.616s][info][gc,phases,start] GC(334) Compaction Phase
[67.168s][info][gc,phases      ] GC(334) Compaction Phase 551.498ms
[67.168s][info][gc,phases,start] GC(334) Post Compact
[67.181s][info][gc,phases      ] GC(334) Post Compact 13.109ms
[67.181s][info][gc,heap        ] GC(334) PSYoungGen: 255121K(374272K)->255121K(374272K) Eden: 124415K(124416K)->124415K(124416K) From: 130705K(249856K)->130705K(249856K)
[67.181s][info][gc,heap        ] GC(334) ParOldGen: 9147573K(9147904K)->9147573K(9147904K)
[67.181s][info][gc,metaspace   ] GC(334) Metaspace: 6301K(6464K)->6301K(6464K) NonClass: 5768K(5824K)->5768K(5824K) Class: 533K(640K)->533K(640K)
[67.181s][info][gc             ] GC(334) Pause Full (Ergonomics) 9182M->9182M(9299M) 2673.167ms
[67.181s][info][gc,cpu         ] GC(334) User=20.56s Sys=0.00s Real=2.67s
[67.181s][info][gc,start       ] GC(335) Pause Full (Ergonomics)
[67.181s][info][gc,phases,start] GC(335) Marking Phase
[69.288s][info][gc,phases      ] GC(335) Marking Phase 2106.877ms
[69.288s][info][gc,phases,start] GC(335) Summary Phase
[69.288s][info][gc,phases      ] GC(335) Summary Phase 0.167ms
[69.289s][info][gc,phases,start] GC(335) Adjust Roots
[69.289s][info][gc,phases      ] GC(335) Adjust Roots 0.336ms
[69.289s][info][gc,phases,start] GC(335) Compaction Phase
[69.845s][info][gc,phases      ] GC(335) Compaction Phase 555.864ms
[69.845s][info][gc,phases,start] GC(335) Post Compact
[69.859s][info][gc,phases      ] GC(335) Post Compact 14.046ms
[69.859s][info][gc,heap        ] GC(335) PSYoungGen: 255121K(374272K)->255121K(374272K) Eden: 124416K(124416K)->124416K(124416K) From: 130705K(249856K)->130705K(249856K)
[69.859s][info][gc,heap        ] GC(335) ParOldGen: 9147578K(9147904K)->9147578K(9147904K)
[69.859s][info][gc,metaspace   ] GC(335) Metaspace: 6301K(6464K)->6301K(6464K) NonClass: 5768K(5824K)->5768K(5824K) Class: 533K(640K)->533K(640K)
[69.859s][info][gc             ] GC(335) Pause Full (Ergonomics) 9182M->9182M(9299M) 2677.747ms
[69.859s][info][gc,cpu         ] GC(335) User=20.31s Sys=0.00s Real=2.68s
[69.859s][info][gc,start       ] GC(336) Pause Full (Ergonomics)
[69.859s][info][gc,phases,start] GC(336) Marking Phase
[71.985s][info][gc,phases      ] GC(336) Marking Phase 2125.603ms
[71.985s][info][gc,phases,start] GC(336) Summary Phase
[71.985s][info][gc,phases      ] GC(336) Summary Phase 0.126ms
[71.985s][info][gc,phases,start] GC(336) Adjust Roots
[71.985s][info][gc,phases      ] GC(336) Adjust Roots 0.226ms
[71.985s][info][gc,phases,start] GC(336) Compaction Phase
[72.530s][info][gc,phases      ] GC(336) Compaction Phase 544.958ms
[72.530s][info][gc,phases,start] GC(336) Post Compact
[72.545s][info][gc,phases      ] GC(336) Post Compact 14.470ms
[72.545s][info][gc,heap        ] GC(336) PSYoungGen: 255121K(374272K)->255121K(374272K) Eden: 124416K(124416K)->124416K(124416K) From: 130705K(249856K)->130705K(249856K)
[72.545s][info][gc,heap        ] GC(336) ParOldGen: 9147583K(9147904K)->9147583K(9147904K)
[72.545s][info][gc,metaspace   ] GC(336) Metaspace: 6301K(6464K)->6301K(6464K) NonClass: 5768K(5824K)->5768K(5824K) Class: 533K(640K)->533K(640K)
[72.545s][info][gc             ] GC(336) Pause Full (Ergonomics) 9182M->9182M(9299M) 2685.723ms
[72.545s][info][gc,cpu         ] GC(336) User=20.59s Sys=0.00s Real=2.69s
[72.545s][info][gc,start       ] GC(337) Pause Full (Ergonomics)
[72.545s][info][gc,phases,start] GC(337) Marking Phase
[74.654s][info][gc,phases      ] GC(337) Marking Phase 2108.242ms
[74.654s][info][gc,phases,start] GC(337) Summary Phase
[74.654s][info][gc,phases      ] GC(337) Summary Phase 0.137ms
[74.654s][info][gc,phases,start] GC(337) Adjust Roots
[74.654s][info][gc,phases      ] GC(337) Adjust Roots 0.299ms
[74.654s][info][gc,phases,start] GC(337) Compaction Phase
[75.202s][info][gc,phases      ] GC(337) Compaction Phase 547.763ms
[75.202s][info][gc,phases,start] GC(337) Post Compact
[75.216s][info][gc,phases      ] GC(337) Post Compact 14.489ms
[75.217s][info][gc,heap        ] GC(337) PSYoungGen: 255121K(374272K)->255121K(374272K) Eden: 124416K(124416K)->124416K(124416K) From: 130705K(249856K)->130705K(249856K)
[75.217s][info][gc,heap        ] GC(337) ParOldGen: 9147588K(9147904K)->9147588K(9147904K)
[75.217s][info][gc,metaspace   ] GC(337) Metaspace: 6301K(6464K)->6301K(6464K) NonClass: 5768K(5824K)->5768K(5824K) Class: 533K(640K)->533K(640K)
[75.217s][info][gc             ] GC(337) Pause Full (Ergonomics) 9182M->9182M(9299M) 2671.365ms
[75.217s][info][gc,cpu         ] GC(337) User=20.64s Sys=0.00s Real=2.67s
[75.217s][info][gc,start       ] GC(338) Pause Full (Ergonomics)
[75.217s][info][gc,phases,start] GC(338) Marking Phase
[77.310s][info][gc,phases      ] GC(338) Marking Phase 2093.190ms
[77.310s][info][gc,phases,start] GC(338) Summary Phase
[77.310s][info][gc,phases      ] GC(338) Summary Phase 0.091ms
[77.310s][info][gc,phases,start] GC(338) Adjust Roots
[77.310s][info][gc,phases      ] GC(338) Adjust Roots 0.169ms
[77.310s][info][gc,phases,start] GC(338) Compaction Phase
[77.851s][info][gc,phases      ] GC(338) Compaction Phase 540.286ms
[77.851s][info][gc,phases,start] GC(338) Post Compact
[77.866s][info][gc,phases      ] GC(338) Post Compact 15.161ms
[77.866s][info][gc,heap        ] GC(338) PSYoungGen: 255121K(374272K)->255121K(374272K) Eden: 124416K(124416K)->124416K(124416K) From: 130705K(249856K)->130705K(249856K)
[77.866s][info][gc,heap        ] GC(338) ParOldGen: 9147593K(9147904K)->9147593K(9147904K)
[77.866s][info][gc,metaspace   ] GC(338) Metaspace: 6301K(6464K)->6301K(6464K) NonClass: 5768K(5824K)->5768K(5824K) Class: 533K(640K)->533K(640K)
[77.866s][info][gc             ] GC(338) Pause Full (Ergonomics) 9182M->9182M(9299M) 2649.278ms
[77.866s][info][gc,cpu         ] GC(338) User=20.52s Sys=0.00s Real=2.65s
[77.866s][info][gc,start       ] GC(339) Pause Full (Ergonomics)
[77.866s][info][gc,phases,start] GC(339) Marking Phase
[79.970s][info][gc,phases      ] GC(339) Marking Phase 2103.917ms
[79.970s][info][gc,phases,start] GC(339) Summary Phase
[79.971s][info][gc,phases      ] GC(339) Summary Phase 0.170ms
[79.971s][info][gc,phases,start] GC(339) Adjust Roots
[79.971s][info][gc,phases      ] GC(339) Adjust Roots 0.239ms
[79.971s][info][gc,phases,start] GC(339) Compaction Phase
[80.519s][info][gc,phases      ] GC(339) Compaction Phase 548.105ms
[80.519s][info][gc,phases,start] GC(339) Post Compact
[80.531s][info][gc,phases      ] GC(339) Post Compact 11.906ms
[80.531s][info][gc,heap        ] GC(339) PSYoungGen: 255121K(374272K)->255121K(374272K) Eden: 124416K(124416K)->124416K(124416K) From: 130705K(249856K)->130705K(249856K)
[80.531s][info][gc,heap        ] GC(339) ParOldGen: 9147597K(9147904K)->9147597K(9147904K)
[80.531s][info][gc,metaspace   ] GC(339) Metaspace: 6301K(6464K)->6301K(6464K) NonClass: 5768K(5824K)->5768K(5824K) Class: 533K(640K)->533K(640K)
[80.531s][info][gc             ] GC(339) Pause Full (Ergonomics) 9182M->9182M(9299M) 2664.688ms
[80.531s][info][gc,cpu         ] GC(339) User=20.53s Sys=0.02s Real=2.66s
[80.531s][info][gc,start       ] GC(340) Pause Full (Ergonomics)
[80.531s][info][gc,phases,start] GC(340) Marking Phase
[82.620s][info][gc,phases      ] GC(340) Marking Phase 2088.761ms
[82.620s][info][gc,phases,start] GC(340) Summary Phase
[82.620s][info][gc,phases      ] GC(340) Summary Phase 0.091ms
[82.620s][info][gc,phases,start] GC(340) Adjust Roots
[82.620s][info][gc,phases      ] GC(340) Adjust Roots 0.186ms
[82.620s][info][gc,phases,start] GC(340) Compaction Phase
[83.164s][info][gc,phases      ] GC(340) Compaction Phase 543.501ms
[83.164s][info][gc,phases,start] GC(340) Post Compact
[83.177s][info][gc,phases      ] GC(340) Post Compact 13.271ms
[83.177s][info][gc,heap        ] GC(340) PSYoungGen: 255121K(374272K)->255121K(374272K) Eden: 124416K(124416K)->124416K(124416K) From: 130705K(249856K)->130705K(249856K)
[83.177s][info][gc,heap        ] GC(340) ParOldGen: 9147602K(9147904K)->9147602K(9147904K)
[83.177s][info][gc,metaspace   ] GC(340) Metaspace: 6301K(6464K)->6301K(6464K) NonClass: 5768K(5824K)->5768K(5824K) Class: 533K(640K)->533K(640K)
[83.177s][info][gc             ] GC(340) Pause Full (Ergonomics) 9182M->9182M(9299M) 2646.159ms
[83.177s][info][gc,cpu         ] GC(340) User=20.50s Sys=0.02s Real=2.65s
[83.178s][info][gc,start       ] GC(341) Pause Full (Ergonomics)
[83.178s][info][gc,phases,start] GC(341) Marking Phase
[85.290s][info][gc,phases      ] GC(341) Marking Phase 2111.991ms
[85.290s][info][gc,phases,start] GC(341) Summary Phase
[85.290s][info][gc,phases      ] GC(341) Summary Phase 0.118ms
[85.290s][info][gc,phases,start] GC(341) Adjust Roots
[85.290s][info][gc,phases      ] GC(341) Adjust Roots 0.219ms
[85.290s][info][gc,phases,start] GC(341) Compaction Phase
[85.825s][info][gc,phases      ] GC(341) Compaction Phase 535.061ms
[85.825s][info][gc,phases,start] GC(341) Post Compact
[85.839s][info][gc,phases      ] GC(341) Post Compact 13.376ms
[85.839s][info][gc,heap        ] GC(341) PSYoungGen: 255121K(374272K)->255121K(374272K) Eden: 124416K(124416K)->124416K(124416K) From: 130705K(249856K)->130705K(249856K)
[85.839s][info][gc,heap        ] GC(341) ParOldGen: 9147607K(9147904K)->9147607K(9147904K)
[85.839s][info][gc,metaspace   ] GC(341) Metaspace: 6301K(6464K)->6301K(6464K) NonClass: 5768K(5824K)->5768K(5824K) Class: 533K(640K)->533K(640K)
[85.839s][info][gc             ] GC(341) Pause Full (Ergonomics) 9182M->9182M(9299M) 2661.117ms
[85.839s][info][gc,cpu         ] GC(341) User=20.48s Sys=0.00s Real=2.66s
[85.839s][info][gc,start       ] GC(342) Pause Full (Ergonomics)
[85.839s][info][gc,phases,start] GC(342) Marking Phase
[87.972s][info][gc,phases      ] GC(342) Marking Phase 2132.846ms
[87.972s][info][gc,phases,start] GC(342) Summary Phase
[87.972s][info][gc,phases      ] GC(342) Summary Phase 0.111ms
[87.972s][info][gc,phases,start] GC(342) Adjust Roots
[87.972s][info][gc,phases      ] GC(342) Adjust Roots 0.272ms
[87.972s][info][gc,phases,start] GC(342) Compaction Phase
[88.519s][info][gc,phases      ] GC(342) Compaction Phase 546.853ms
[88.519s][info][gc,phases,start] GC(342) Post Compact
[88.534s][info][gc,phases      ] GC(342) Post Compact 14.831ms
[88.534s][info][gc,heap        ] GC(342) PSYoungGen: 255121K(374272K)->255121K(374272K) Eden: 124416K(124416K)->124416K(124416K) From: 130705K(249856K)->130705K(249856K)
[88.534s][info][gc,heap        ] GC(342) ParOldGen: 9147612K(9147904K)->9147612K(9147904K)
[88.534s][info][gc,metaspace   ] GC(342) Metaspace: 6301K(6464K)->6301K(6464K) NonClass: 5768K(5824K)->5768K(5824K) Class: 533K(640K)->533K(640K)
[88.534s][info][gc             ] GC(342) Pause Full (Ergonomics) 9182M->9182M(9299M) 2695.301ms
[88.534s][info][gc,cpu         ] GC(342) User=20.80s Sys=0.00s Real=2.69s
[88.534s][info][gc,start       ] GC(343) Pause Full (Ergonomics)
[88.534s][info][gc,phases,start] GC(343) Marking Phase
[90.656s][info][gc,phases      ] GC(343) Marking Phase 2121.378ms
[90.656s][info][gc,phases,start] GC(343) Summary Phase
[90.656s][info][gc,phases      ] GC(343) Summary Phase 0.141ms
[90.656s][info][gc,phases,start] GC(343) Adjust Roots
[90.656s][info][gc,phases      ] GC(343) Adjust Roots 0.233ms
[90.656s][info][gc,phases,start] GC(343) Compaction Phase
[91.198s][info][gc,phases      ] GC(343) Compaction Phase 541.531ms
[91.198s][info][gc,phases,start] GC(343) Post Compact
[91.211s][info][gc,phases      ] GC(343) Post Compact 13.331ms
[91.211s][info][gc,heap        ] GC(343) PSYoungGen: 255121K(374272K)->255121K(374272K) Eden: 124416K(124416K)->124416K(124416K) From: 130705K(249856K)->130705K(249856K)
[91.211s][info][gc,heap        ] GC(343) ParOldGen: 9147617K(9147904K)->9147617K(9147904K)
[91.211s][info][gc,metaspace   ] GC(343) Metaspace: 6301K(6464K)->6301K(6464K) NonClass: 5768K(5824K)->5768K(5824K) Class: 533K(640K)->533K(640K)
[91.211s][info][gc             ] GC(343) Pause Full (Ergonomics) 9182M->9182M(9299M) 2676.985ms
[91.211s][info][gc,cpu         ] GC(343) User=20.69s Sys=0.00s Real=2.68s
[91.212s][info][gc,start       ] GC(344) Pause Full (Ergonomics)
[91.212s][info][gc,phases,start] GC(344) Marking Phase
[93.304s][info][gc,phases      ] GC(344) Marking Phase 2092.474ms
[93.304s][info][gc,phases,start] GC(344) Summary Phase
[93.304s][info][gc,phases      ] GC(344) Summary Phase 0.143ms
[93.304s][info][gc,phases,start] GC(344) Adjust Roots
[93.305s][info][gc,phases      ] GC(344) Adjust Roots 0.232ms
[93.305s][info][gc,phases,start] GC(344) Compaction Phase
[93.859s][info][gc,phases      ] GC(344) Compaction Phase 553.886ms
[93.859s][info][gc,phases,start] GC(344) Post Compact
[93.872s][info][gc,phases      ] GC(344) Post Compact 13.669ms
[93.872s][info][gc,heap        ] GC(344) PSYoungGen: 255121K(374272K)->255121K(374272K) Eden: 124416K(124416K)->124416K(124416K) From: 130705K(249856K)->130705K(249856K)
[93.872s][info][gc,heap        ] GC(344) ParOldGen: 9147622K(9147904K)->9147622K(9147904K)
[93.872s][info][gc,metaspace   ] GC(344) Metaspace: 6301K(6464K)->6301K(6464K) NonClass: 5768K(5824K)->5768K(5824K) Class: 533K(640K)->533K(640K)
[93.872s][info][gc             ] GC(344) Pause Full (Ergonomics) 9182M->9182M(9299M) 2660.760ms
[93.872s][info][gc,cpu         ] GC(344) User=20.48s Sys=0.00s Real=2.66s
[93.873s][info][gc,start       ] GC(345) Pause Full (Ergonomics)
[93.873s][info][gc,phases,start] GC(345) Marking Phase
[96.001s][info][gc,phases      ] GC(345) Marking Phase 2128.771ms
[96.002s][info][gc,phases,start] GC(345) Summary Phase
[96.002s][info][gc,phases      ] GC(345) Summary Phase 0.091ms
[96.002s][info][gc,phases,start] GC(345) Adjust Roots
[96.002s][info][gc,phases      ] GC(345) Adjust Roots 0.170ms
[96.002s][info][gc,phases,start] GC(345) Compaction Phase
[96.543s][info][gc,phases      ] GC(345) Compaction Phase 540.997ms
[96.543s][info][gc,phases,start] GC(345) Post Compact
[96.556s][info][gc,phases      ] GC(345) Post Compact 13.120ms
[96.556s][info][gc,heap        ] GC(345) PSYoungGen: 255121K(374272K)->255121K(374272K) Eden: 124416K(124416K)->124416K(124416K) From: 130705K(249856K)->130705K(249856K)
[96.556s][info][gc,heap        ] GC(345) ParOldGen: 9147626K(9147904K)->9147626K(9147904K)
[96.556s][info][gc,metaspace   ] GC(345) Metaspace: 6301K(6464K)->6301K(6464K) NonClass: 5768K(5824K)->5768K(5824K) Class: 533K(640K)->533K(640K)
[96.556s][info][gc             ] GC(345) Pause Full (Ergonomics) 9182M->9182M(9299M) 2683.503ms
[96.556s][info][gc,cpu         ] GC(345) User=20.73s Sys=0.00s Real=2.68s
[96.556s][info][gc,start       ] GC(346) Pause Full (Ergonomics)
[96.556s][info][gc,phases,start] GC(346) Marking Phase
[98.655s][info][gc,phases      ] GC(346) Marking Phase 2098.376ms
[98.655s][info][gc,phases,start] GC(346) Summary Phase
[98.655s][info][gc,phases      ] GC(346) Summary Phase 0.098ms
[98.655s][info][gc,phases,start] GC(346) Adjust Roots
[98.655s][info][gc,phases      ] GC(346) Adjust Roots 0.189ms
[98.655s][info][gc,phases,start] GC(346) Compaction Phase
[99.212s][info][gc,phases      ] GC(346) Compaction Phase 557.122ms
[99.212s][info][gc,phases,start] GC(346) Post Compact
[99.226s][info][gc,phases      ] GC(346) Post Compact 13.873ms
[99.226s][info][gc,heap        ] GC(346) PSYoungGen: 255121K(374272K)->255121K(374272K) Eden: 124416K(124416K)->124416K(124416K) From: 130705K(249856K)->130705K(249856K)
[99.226s][info][gc,heap        ] GC(346) ParOldGen: 9147631K(9147904K)->9147631K(9147904K)
[99.226s][info][gc,metaspace   ] GC(346) Metaspace: 6301K(6464K)->6301K(6464K) NonClass: 5768K(5824K)->5768K(5824K) Class: 533K(640K)->533K(640K)
[99.226s][info][gc             ] GC(346) Pause Full (Ergonomics) 9182M->9182M(9299M) 2670.020ms
[99.226s][info][gc,cpu         ] GC(346) User=20.41s Sys=0.02s Real=2.67s
[99.227s][info][gc,start       ] GC(347) Pause Full (Ergonomics)
[99.227s][info][gc,phases,start] GC(347) Marking Phase
[101.350s][info][gc,phases      ] GC(347) Marking Phase 2123.279ms
[101.350s][info][gc,phases,start] GC(347) Summary Phase
[101.350s][info][gc,phases      ] GC(347) Summary Phase 0.150ms
[101.350s][info][gc,phases,start] GC(347) Adjust Roots
[101.351s][info][gc,phases      ] GC(347) Adjust Roots 0.350ms
[101.351s][info][gc,phases,start] GC(347) Compaction Phase
[101.893s][info][gc,phases      ] GC(347) Compaction Phase 542.268ms
[101.893s][info][gc,phases,start] GC(347) Post Compact
[101.906s][info][gc,phases      ] GC(347) Post Compact 12.862ms
[101.906s][info][gc,heap        ] GC(347) PSYoungGen: 255121K(374272K)->255121K(374272K) Eden: 124416K(124416K)->124416K(124416K) From: 130705K(249856K)->130705K(249856K)
[101.906s][info][gc,heap        ] GC(347) ParOldGen: 9147636K(9147904K)->9147636K(9147904K)
[101.906s][info][gc,metaspace   ] GC(347) Metaspace: 6301K(6464K)->6301K(6464K) NonClass: 5768K(5824K)->5768K(5824K) Class: 533K(640K)->533K(640K)
[101.906s][info][gc             ] GC(347) Pause Full (Ergonomics) 9182M->9182M(9299M) 2679.329ms
[101.906s][info][gc,cpu         ] GC(347) User=20.78s Sys=0.00s Real=2.68s
[101.906s][info][gc,start       ] GC(348) Pause Full (Ergonomics)
[101.906s][info][gc,phases,start] GC(348) Marking Phase
[104.075s][info][gc,phases      ] GC(348) Marking Phase 2168.863ms
[104.075s][info][gc,phases,start] GC(348) Summary Phase
[104.075s][info][gc,phases      ] GC(348) Summary Phase 0.088ms
[104.075s][info][gc,phases,start] GC(348) Adjust Roots
[104.075s][info][gc,phases      ] GC(348) Adjust Roots 0.169ms
[104.075s][info][gc,phases,start] GC(348) Compaction Phase
[104.618s][info][gc,phases      ] GC(348) Compaction Phase 542.887ms
[104.618s][info][gc,phases,start] GC(348) Post Compact
[104.632s][info][gc,phases      ] GC(348) Post Compact 13.966ms
[104.633s][info][gc,heap        ] GC(348) PSYoungGen: 255121K(374272K)->255121K(374272K) Eden: 124416K(124416K)->124416K(124416K) From: 130705K(249856K)->130705K(249856K)
[104.633s][info][gc,heap        ] GC(348) ParOldGen: 9147641K(9147904K)->9147641K(9147904K)
[104.633s][info][gc,metaspace   ] GC(348) Metaspace: 6301K(6464K)->6301K(6464K) NonClass: 5768K(5824K)->5768K(5824K) Class: 533K(640K)->533K(640K)
[104.633s][info][gc             ] GC(348) Pause Full (Ergonomics) 9182M->9182M(9299M) 2726.454ms
[104.633s][info][gc,cpu         ] GC(348) User=21.12s Sys=0.00s Real=2.73s
[104.633s][info][gc,start       ] GC(349) Pause Full (Ergonomics)
[104.633s][info][gc,phases,start] GC(349) Marking Phase
[106.721s][info][gc,phases      ] GC(349) Marking Phase 2088.547ms
[106.721s][info][gc,phases,start] GC(349) Summary Phase
[106.721s][info][gc,phases      ] GC(349) Summary Phase 0.088ms
[106.721s][info][gc,phases,start] GC(349) Adjust Roots
[106.722s][info][gc,phases      ] GC(349) Adjust Roots 0.161ms
[106.722s][info][gc,phases,start] GC(349) Compaction Phase
[107.269s][info][gc,phases      ] GC(349) Compaction Phase 547.053ms
[107.269s][info][gc,phases,start] GC(349) Post Compact
[107.283s][info][gc,phases      ] GC(349) Post Compact 14.018ms
[107.283s][info][gc,heap        ] GC(349) PSYoungGen: 255121K(374272K)->255121K(374272K) Eden: 124416K(124416K)->124416K(124416K) From: 130705K(249856K)->130705K(249856K)
[107.283s][info][gc,heap        ] GC(349) ParOldGen: 9147646K(9147904K)->9147646K(9147904K)
[107.283s][info][gc,metaspace   ] GC(349) Metaspace: 6301K(6464K)->6301K(6464K) NonClass: 5768K(5824K)->5768K(5824K) Class: 533K(640K)->533K(640K)
[107.283s][info][gc             ] GC(349) Pause Full (Ergonomics) 9182M->9182M(9299M) 2650.213ms
[107.283s][info][gc,cpu         ] GC(349) User=20.45s Sys=0.02s Real=2.65s
[107.283s][info][gc,start       ] GC(350) Pause Full (Ergonomics)
[107.283s][info][gc,phases,start] GC(350) Marking Phase
[109.386s][info][gc,phases      ] GC(350) Marking Phase 2102.619ms
[109.386s][info][gc,phases,start] GC(350) Summary Phase
[109.386s][info][gc,phases      ] GC(350) Summary Phase 0.089ms
[109.386s][info][gc,phases,start] GC(350) Adjust Roots
[109.386s][info][gc,phases      ] GC(350) Adjust Roots 0.167ms
[109.386s][info][gc,phases,start] GC(350) Compaction Phase
[109.968s][info][gc,phases      ] GC(350) Compaction Phase 582.272ms
[109.969s][info][gc,phases,start] GC(350) Post Compact
[109.983s][info][gc,phases      ] GC(350) Post Compact 14.037ms
[109.983s][info][gc,heap        ] GC(350) PSYoungGen: 255121K(374272K)->255121K(374272K) Eden: 124416K(124416K)->124416K(124416K) From: 130705K(249856K)->130705K(249856K)
[109.983s][info][gc,heap        ] GC(350) ParOldGen: 9147651K(9147904K)->9147651K(9147904K)
[109.983s][info][gc,metaspace   ] GC(350) Metaspace: 6301K(6464K)->6301K(6464K) NonClass: 5768K(5824K)->5768K(5824K) Class: 533K(640K)->533K(640K)
[109.983s][info][gc             ] GC(350) Pause Full (Ergonomics) 9182M->9182M(9299M) 2699.514ms
[109.983s][info][gc,cpu         ] GC(350) User=20.64s Sys=0.00s Real=2.70s
[109.983s][info][gc,start       ] GC(351) Pause Full (Ergonomics)
[109.983s][info][gc,phases,start] GC(351) Marking Phase
[112.093s][info][gc,phases      ] GC(351) Marking Phase 2109.670ms
[112.093s][info][gc,phases,start] GC(351) Summary Phase
[112.093s][info][gc,phases      ] GC(351) Summary Phase 0.089ms
[112.093s][info][gc,phases,start] GC(351) Adjust Roots
[112.093s][info][gc,phases      ] GC(351) Adjust Roots 0.160ms
[112.093s][info][gc,phases,start] GC(351) Compaction Phase
[112.636s][info][gc,phases      ] GC(351) Compaction Phase 543.233ms
[112.636s][info][gc,phases,start] GC(351) Post Compact
[112.650s][info][gc,phases      ] GC(351) Post Compact 13.555ms
[112.650s][info][gc,heap        ] GC(351) PSYoungGen: 255121K(374272K)->255121K(374272K) Eden: 124416K(124416K)->124416K(124416K) From: 130705K(249856K)->130705K(249856K)
[112.650s][info][gc,heap        ] GC(351) ParOldGen: 9147655K(9147904K)->9147655K(9147904K)
[112.650s][info][gc,metaspace   ] GC(351) Metaspace: 6301K(6464K)->6301K(6464K) NonClass: 5768K(5824K)->5768K(5824K) Class: 533K(640K)->533K(640K)
[112.650s][info][gc             ] GC(351) Pause Full (Ergonomics) 9182M->9182M(9299M) 2667.058ms
[112.650s][info][gc,cpu         ] GC(351) User=20.83s Sys=0.00s Real=2.67s
[112.650s][info][gc,start       ] GC(352) Pause Full (Ergonomics)
[112.650s][info][gc,phases,start] GC(352) Marking Phase
[114.771s][info][gc,phases      ] GC(352) Marking Phase 2120.686ms
[114.771s][info][gc,phases,start] GC(352) Summary Phase
[114.771s][info][gc,phases      ] GC(352) Summary Phase 0.094ms
[114.771s][info][gc,phases,start] GC(352) Adjust Roots
[114.771s][info][gc,phases      ] GC(352) Adjust Roots 0.164ms
[114.771s][info][gc,phases,start] GC(352) Compaction Phase
[115.347s][info][gc,phases      ] GC(352) Compaction Phase 575.702ms
[115.347s][info][gc,phases,start] GC(352) Post Compact
[115.361s][info][gc,phases      ] GC(352) Post Compact 13.943ms
[115.361s][info][gc,heap        ] GC(352) PSYoungGen: 255121K(374272K)->255121K(374272K) Eden: 124416K(124416K)->124416K(124416K) From: 130705K(249856K)->130705K(249856K)
[115.361s][info][gc,heap        ] GC(352) ParOldGen: 9147660K(9147904K)->9147660K(9147904K)
[115.361s][info][gc,metaspace   ] GC(352) Metaspace: 6301K(6464K)->6301K(6464K) NonClass: 5768K(5824K)->5768K(5824K) Class: 533K(640K)->533K(640K)
[115.361s][info][gc             ] GC(352) Pause Full (Ergonomics) 9182M->9182M(9299M) 2710.993ms
[115.361s][info][gc,cpu         ] GC(352) User=20.72s Sys=0.03s Real=2.71s
[115.361s][info][gc,start       ] GC(353) Pause Full (Ergonomics)
[115.361s][info][gc,phases,start] GC(353) Marking Phase
[117.473s][info][gc,phases      ] GC(353) Marking Phase 2112.050ms
[117.474s][info][gc,phases,start] GC(353) Summary Phase
[117.474s][info][gc,phases      ] GC(353) Summary Phase 0.095ms
[117.474s][info][gc,phases,start] GC(353) Adjust Roots
[117.474s][info][gc,phases      ] GC(353) Adjust Roots 0.204ms
[117.474s][info][gc,phases,start] GC(353) Compaction Phase
[118.042s][info][gc,phases      ] GC(353) Compaction Phase 568.475ms
[118.042s][info][gc,phases,start] GC(353) Post Compact
[118.056s][info][gc,phases      ] GC(353) Post Compact 13.782ms
[118.056s][info][gc,heap        ] GC(353) PSYoungGen: 255121K(374272K)->255121K(374272K) Eden: 124416K(124416K)->124416K(124416K) From: 130705K(249856K)->130705K(249856K)
[118.056s][info][gc,heap        ] GC(353) ParOldGen: 9147665K(9147904K)->9147665K(9147904K)
[118.056s][info][gc,metaspace   ] GC(353) Metaspace: 6301K(6464K)->6301K(6464K) NonClass: 5768K(5824K)->5768K(5824K) Class: 533K(640K)->533K(640K)
[118.056s][info][gc             ] GC(353) Pause Full (Ergonomics) 9182M->9182M(9299M) 2694.957ms
[118.056s][info][gc,cpu         ] GC(353) User=20.56s Sys=0.00s Real=2.70s
[118.057s][info][gc,start       ] GC(354) Pause Full (Ergonomics)
[118.057s][info][gc,phases,start] GC(354) Marking Phase
[120.163s][info][gc,phases      ] GC(354) Marking Phase 2106.164ms
[120.163s][info][gc,phases,start] GC(354) Summary Phase
[120.163s][info][gc,phases      ] GC(354) Summary Phase 0.089ms
[120.163s][info][gc,phases,start] GC(354) Adjust Roots
[120.163s][info][gc,phases      ] GC(354) Adjust Roots 0.161ms
[120.163s][info][gc,phases,start] GC(354) Compaction Phase
[120.709s][info][gc,phases      ] GC(354) Compaction Phase 545.446ms
[120.709s][info][gc,phases,start] GC(354) Post Compact
[120.722s][info][gc,phases      ] GC(354) Post Compact 13.172ms
[120.722s][info][gc,heap        ] GC(354) PSYoungGen: 255121K(374272K)->255121K(374272K) Eden: 124416K(124416K)->124416K(124416K) From: 130705K(249856K)->130705K(249856K)
[120.722s][info][gc,heap        ] GC(354) ParOldGen: 9147670K(9147904K)->9147670K(9147904K)
[120.722s][info][gc,metaspace   ] GC(354) Metaspace: 6301K(6464K)->6301K(6464K) NonClass: 5768K(5824K)->5768K(5824K) Class: 533K(640K)->533K(640K)
[120.722s][info][gc             ] GC(354) Pause Full (Ergonomics) 9182M->9182M(9299M) 2665.395ms
[120.722s][info][gc,cpu         ] GC(354) User=20.53s Sys=0.02s Real=2.67s
[120.722s][info][gc,start       ] GC(355) Pause Full (Ergonomics)
[120.722s][info][gc,phases,start] GC(355) Marking Phase
[122.846s][info][gc,phases      ] GC(355) Marking Phase 2123.512ms
[122.846s][info][gc,phases,start] GC(355) Summary Phase
[122.846s][info][gc,phases      ] GC(355) Summary Phase 0.110ms
[122.846s][info][gc,phases,start] GC(355) Adjust Roots
[122.846s][info][gc,phases      ] GC(355) Adjust Roots 0.216ms
[122.846s][info][gc,phases,start] GC(355) Compaction Phase
[123.395s][info][gc,phases      ] GC(355) Compaction Phase 548.400ms
[123.395s][info][gc,phases,start] GC(355) Post Compact
[123.409s][info][gc,phases      ] GC(355) Post Compact 13.987ms
[123.409s][info][gc,heap        ] GC(355) PSYoungGen: 255121K(374272K)->255121K(374272K) Eden: 124416K(124416K)->124416K(124416K) From: 130705K(249856K)->130705K(249856K)
[123.409s][info][gc,heap        ] GC(355) ParOldGen: 9147675K(9147904K)->9147675K(9147904K)
[123.409s][info][gc,metaspace   ] GC(355) Metaspace: 6301K(6464K)->6301K(6464K) NonClass: 5768K(5824K)->5768K(5824K) Class: 533K(640K)->533K(640K)
[123.409s][info][gc             ] GC(355) Pause Full (Ergonomics) 9182M->9182M(9299M) 2686.589ms
[123.409s][info][gc,cpu         ] GC(355) User=20.50s Sys=0.02s Real=2.69s
[123.409s][info][gc,start       ] GC(356) Pause Full (Ergonomics)
[123.409s][info][gc,phases,start] GC(356) Marking Phase
[125.545s][info][gc,phases      ] GC(356) Marking Phase 2136.304ms
[125.545s][info][gc,phases,start] GC(356) Summary Phase
[125.545s][info][gc,phases      ] GC(356) Summary Phase 0.093ms
[125.545s][info][gc,phases,start] GC(356) Adjust Roots
[125.546s][info][gc,phases      ] GC(356) Adjust Roots 0.163ms
[125.546s][info][gc,phases,start] GC(356) Compaction Phase
[126.092s][info][gc,phases      ] GC(356) Compaction Phase 546.714ms
[126.092s][info][gc,phases,start] GC(356) Post Compact
[126.106s][info][gc,phases      ] GC(356) Post Compact 13.295ms
[126.106s][info][gc,heap        ] GC(356) PSYoungGen: 255121K(374272K)->255121K(374272K) Eden: 124416K(124416K)->124416K(124416K) From: 130705K(249856K)->130705K(249856K)
[126.106s][info][gc,heap        ] GC(356) ParOldGen: 9147680K(9147904K)->9147680K(9147904K)
[126.106s][info][gc,metaspace   ] GC(356) Metaspace: 6301K(6464K)->6301K(6464K) NonClass: 5768K(5824K)->5768K(5824K) Class: 533K(640K)->533K(640K)
[126.106s][info][gc             ] GC(356) Pause Full (Ergonomics) 9182M->9182M(9299M) 2696.895ms
[126.106s][info][gc,cpu         ] GC(356) User=20.64s Sys=0.00s Real=2.70s
[126.106s][info][gc,start       ] GC(357) Pause Full (Ergonomics)
[126.106s][info][gc,phases,start] GC(357) Marking Phase
[128.182s][info][gc,phases      ] GC(357) Marking Phase 2076.125ms
[128.182s][info][gc,phases,start] GC(357) Summary Phase
[128.182s][info][gc,phases      ] GC(357) Summary Phase 0.090ms
[128.182s][info][gc,phases,start] GC(357) Adjust Roots
[128.183s][info][gc,phases      ] GC(357) Adjust Roots 0.167ms
[128.183s][info][gc,phases,start] GC(357) Compaction Phase
[128.722s][info][gc,phases      ] GC(357) Compaction Phase 539.074ms
[128.722s][info][gc,phases,start] GC(357) Post Compact
[128.736s][info][gc,phases      ] GC(357) Post Compact 13.744ms
[128.736s][info][gc,heap        ] GC(357) PSYoungGen: 255121K(374272K)->255121K(374272K) Eden: 124416K(124416K)->124416K(124416K) From: 130705K(249856K)->130705K(249856K)
[128.736s][info][gc,heap        ] GC(357) ParOldGen: 9147684K(9147904K)->9147684K(9147904K)
[128.736s][info][gc,metaspace   ] GC(357) Metaspace: 6301K(6464K)->6301K(6464K) NonClass: 5768K(5824K)->5768K(5824K) Class: 533K(640K)->533K(640K)
[128.736s][info][gc             ] GC(357) Pause Full (Ergonomics) 9182M->9182M(9299M) 2629.554ms
[128.736s][info][gc,cpu         ] GC(357) User=20.38s Sys=0.00s Real=2.63s
[128.736s][info][gc,start       ] GC(358) Pause Full (Ergonomics)
[128.736s][info][gc,phases,start] GC(358) Marking Phase
[130.871s][info][gc,phases      ] GC(358) Marking Phase 2134.819ms
[130.871s][info][gc,phases,start] GC(358) Summary Phase
[130.871s][info][gc,phases      ] GC(358) Summary Phase 0.098ms
[130.871s][info][gc,phases,start] GC(358) Adjust Roots
[130.871s][info][gc,phases      ] GC(358) Adjust Roots 0.189ms
[130.871s][info][gc,phases,start] GC(358) Compaction Phase
[131.414s][info][gc,phases      ] GC(358) Compaction Phase 543.405ms
[131.415s][info][gc,phases,start] GC(358) Post Compact
[131.428s][info][gc,phases      ] GC(358) Post Compact 13.154ms
[131.428s][info][gc,heap        ] GC(358) PSYoungGen: 255121K(374272K)->255121K(374272K) Eden: 124416K(124416K)->124416K(124416K) From: 130705K(249856K)->130705K(249856K)
[131.428s][info][gc,heap        ] GC(358) ParOldGen: 9147689K(9147904K)->9147689K(9147904K)
[131.428s][info][gc,metaspace   ] GC(358) Metaspace: 6301K(6464K)->6301K(6464K) NonClass: 5768K(5824K)->5768K(5824K) Class: 533K(640K)->533K(640K)
[131.428s][info][gc             ] GC(358) Pause Full (Ergonomics) 9182M->9182M(9299M) 2691.993ms
[131.428s][info][gc,cpu         ] GC(358) User=20.72s Sys=0.00s Real=2.69s
[131.428s][info][gc,start       ] GC(359) Pause Full (Ergonomics)
[131.428s][info][gc,phases,start] GC(359) Marking Phase
[133.530s][info][gc,phases      ] GC(359) Marking Phase 2101.639ms
[133.530s][info][gc,phases,start] GC(359) Summary Phase
[133.530s][info][gc,phases      ] GC(359) Summary Phase 0.089ms
[133.530s][info][gc,phases,start] GC(359) Adjust Roots
[133.530s][info][gc,phases      ] GC(359) Adjust Roots 0.169ms
[133.530s][info][gc,phases,start] GC(359) Compaction Phase
[134.074s][info][gc,phases      ] GC(359) Compaction Phase 543.502ms
[134.074s][info][gc,phases,start] GC(359) Post Compact
[134.087s][info][gc,phases      ] GC(359) Post Compact 13.480ms
[134.087s][info][gc,heap        ] GC(359) PSYoungGen: 255121K(374272K)->255121K(374272K) Eden: 124416K(124416K)->124416K(124416K) From: 130705K(249856K)->130705K(249856K)
[134.087s][info][gc,heap        ] GC(359) ParOldGen: 9147694K(9147904K)->9147694K(9147904K)
[134.087s][info][gc,metaspace   ] GC(359) Metaspace: 6301K(6464K)->6301K(6464K) NonClass: 5768K(5824K)->5768K(5824K) Class: 533K(640K)->533K(640K)
[134.087s][info][gc             ] GC(359) Pause Full (Ergonomics) 9182M->9182M(9299M) 2659.213ms
[134.087s][info][gc,cpu         ] GC(359) User=20.56s Sys=0.00s Real=2.66s
[134.087s][info][gc,start       ] GC(360) Pause Full (Ergonomics)
[134.087s][info][gc,phases,start] GC(360) Marking Phase
[136.205s][info][gc,phases      ] GC(360) Marking Phase 2117.571ms
[136.205s][info][gc,phases,start] GC(360) Summary Phase
[136.205s][info][gc,phases      ] GC(360) Summary Phase 0.090ms
[136.205s][info][gc,phases,start] GC(360) Adjust Roots
[136.205s][info][gc,phases      ] GC(360) Adjust Roots 0.170ms
[136.205s][info][gc,phases,start] GC(360) Compaction Phase
[136.754s][info][gc,phases      ] GC(360) Compaction Phase 548.546ms
[136.754s][info][gc,phases,start] GC(360) Post Compact
[136.768s][info][gc,phases      ] GC(360) Post Compact 13.543ms
[136.768s][info][gc,heap        ] GC(360) PSYoungGen: 255121K(374272K)->255121K(374272K) Eden: 124416K(124416K)->124416K(124416K) From: 130705K(249856K)->130705K(249856K)
[136.768s][info][gc,heap        ] GC(360) ParOldGen: 9147699K(9147904K)->9147699K(9147904K)
[136.768s][info][gc,metaspace   ] GC(360) Metaspace: 6301K(6464K)->6301K(6464K) NonClass: 5768K(5824K)->5768K(5824K) Class: 533K(640K)->533K(640K)
[136.768s][info][gc             ] GC(360) Pause Full (Ergonomics) 9182M->9182M(9299M) 2680.275ms
[136.768s][info][gc,cpu         ] GC(360) User=20.56s Sys=0.00s Real=2.68s
[136.768s][info][gc,start       ] GC(361) Pause Full (Ergonomics)
[136.768s][info][gc,phases,start] GC(361) Marking Phase
[138.925s][info][gc,phases      ] GC(361) Marking Phase 2157.149ms
[138.925s][info][gc,phases,start] GC(361) Summary Phase
[138.925s][info][gc,phases      ] GC(361) Summary Phase 0.139ms
[138.925s][info][gc,phases,start] GC(361) Adjust Roots
[138.926s][info][gc,phases      ] GC(361) Adjust Roots 0.245ms
[138.926s][info][gc,phases,start] GC(361) Compaction Phase
[139.474s][info][gc,phases      ] GC(361) Compaction Phase 548.366ms
[139.474s][info][gc,phases,start] GC(361) Post Compact
[139.489s][info][gc,phases      ] GC(361) Post Compact 14.668ms
[139.489s][info][gc,heap        ] GC(361) PSYoungGen: 255121K(374272K)->255121K(374272K) Eden: 124416K(124416K)->124416K(124416K) From: 130705K(249856K)->130705K(249856K)
[139.489s][info][gc,heap        ] GC(361) ParOldGen: 9147704K(9147904K)->9147704K(9147904K)
[139.489s][info][gc,metaspace   ] GC(361) Metaspace: 6301K(6464K)->6301K(6464K) NonClass: 5768K(5824K)->5768K(5824K) Class: 533K(640K)->533K(640K)
[139.489s][info][gc             ] GC(361) Pause Full (Ergonomics) 9182M->9182M(9299M) 2720.943ms
[139.489s][info][gc,cpu         ] GC(361) User=20.56s Sys=0.00s Real=2.72s
[139.489s][info][gc,start       ] GC(362) Pause Full (Ergonomics)
[139.489s][info][gc,phases,start] GC(362) Marking Phase
[141.602s][info][gc,phases      ] GC(362) Marking Phase 2113.037ms
[141.602s][info][gc,phases,start] GC(362) Summary Phase
[141.602s][info][gc,phases      ] GC(362) Summary Phase 0.099ms
[141.602s][info][gc,phases,start] GC(362) Adjust Roots
[141.603s][info][gc,phases      ] GC(362) Adjust Roots 0.180ms
[141.603s][info][gc,phases,start] GC(362) Compaction Phase
[142.148s][info][gc,phases      ] GC(362) Compaction Phase 544.994ms
[142.148s][info][gc,phases,start] GC(362) Post Compact
[142.161s][info][gc,phases      ] GC(362) Post Compact 13.633ms
[142.161s][info][gc,heap        ] GC(362) PSYoungGen: 255121K(374272K)->255121K(374272K) Eden: 124416K(124416K)->124416K(124416K) From: 130705K(249856K)->130705K(249856K)
[142.161s][info][gc,heap        ] GC(362) ParOldGen: 9147709K(9147904K)->9147709K(9147904K)
[142.161s][info][gc,metaspace   ] GC(362) Metaspace: 6301K(6464K)->6301K(6464K) NonClass: 5768K(5824K)->5768K(5824K) Class: 533K(640K)->533K(640K)
[142.161s][info][gc             ] GC(362) Pause Full (Ergonomics) 9182M->9182M(9299M) 2672.281ms
[142.161s][info][gc,cpu         ] GC(362) User=20.56s Sys=0.00s Real=2.67s
[142.162s][info][gc,start       ] GC(363) Pause Full (Ergonomics)
[142.162s][info][gc,phases,start] GC(363) Marking Phase
[144.259s][info][gc,phases      ] GC(363) Marking Phase 2097.646ms
[144.259s][info][gc,phases,start] GC(363) Summary Phase
[144.259s][info][gc,phases      ] GC(363) Summary Phase 0.095ms
[144.259s][info][gc,phases,start] GC(363) Adjust Roots
[144.260s][info][gc,phases      ] GC(363) Adjust Roots 0.170ms
[144.260s][info][gc,phases,start] GC(363) Compaction Phase
[144.819s][info][gc,phases      ] GC(363) Compaction Phase 559.530ms
[144.819s][info][gc,phases,start] GC(363) Post Compact
[144.833s][info][gc,phases      ] GC(363) Post Compact 14.041ms
[144.833s][info][gc,heap        ] GC(363) PSYoungGen: 255121K(374272K)->255121K(374272K) Eden: 124416K(124416K)->124416K(124416K) From: 130705K(249856K)->130705K(249856K)
[144.833s][info][gc,heap        ] GC(363) ParOldGen: 9147713K(9147904K)->9147713K(9147904K)
[144.833s][info][gc,metaspace   ] GC(363) Metaspace: 6301K(6464K)->6301K(6464K) NonClass: 5768K(5824K)->5768K(5824K) Class: 533K(640K)->533K(640K)
[144.833s][info][gc             ] GC(363) Pause Full (Ergonomics) 9182M->9182M(9299M) 2671.840ms
[144.833s][info][gc,cpu         ] GC(363) User=20.50s Sys=0.00s Real=2.67s
[144.834s][info][gc,start       ] GC(364) Pause Full (Ergonomics)
[144.834s][info][gc,phases,start] GC(364) Marking Phase
[146.913s][info][gc,phases      ] GC(364) Marking Phase 2078.939ms
[146.913s][info][gc,phases,start] GC(364) Summary Phase
[146.913s][info][gc,phases      ] GC(364) Summary Phase 0.109ms
[146.913s][info][gc,phases,start] GC(364) Adjust Roots
[146.913s][info][gc,phases      ] GC(364) Adjust Roots 0.204ms
[146.913s][info][gc,phases,start] GC(364) Compaction Phase
[147.451s][info][gc,phases      ] GC(364) Compaction Phase 537.616ms
[147.451s][info][gc,phases,start] GC(364) Post Compact
[147.464s][info][gc,phases      ] GC(364) Post Compact 13.712ms
[147.465s][info][gc,heap        ] GC(364) PSYoungGen: 255121K(374272K)->255121K(374272K) Eden: 124416K(124416K)->124416K(124416K) From: 130705K(249856K)->130705K(249856K)
[147.465s][info][gc,heap        ] GC(364) ParOldGen: 9147718K(9147904K)->9147718K(9147904K)
[147.465s][info][gc,metaspace   ] GC(364) Metaspace: 6301K(6464K)->6301K(6464K) NonClass: 5768K(5824K)->5768K(5824K) Class: 533K(640K)->533K(640K)
[147.465s][info][gc             ] GC(364) Pause Full (Ergonomics) 9182M->9182M(9299M) 2630.958ms
[147.465s][info][gc,cpu         ] GC(364) User=20.25s Sys=0.00s Real=2.63s
[147.465s][info][gc,start       ] GC(365) Pause Full (Ergonomics)
[147.465s][info][gc,phases,start] GC(365) Marking Phase
[149.575s][info][gc,phases      ] GC(365) Marking Phase 2110.076ms
[149.575s][info][gc,phases,start] GC(365) Summary Phase
[149.575s][info][gc,phases      ] GC(365) Summary Phase 0.096ms
[149.575s][info][gc,phases,start] GC(365) Adjust Roots
[149.575s][info][gc,phases      ] GC(365) Adjust Roots 0.184ms
[149.575s][info][gc,phases,start] GC(365) Compaction Phase
[150.118s][info][gc,phases      ] GC(365) Compaction Phase 542.776ms
[150.118s][info][gc,phases,start] GC(365) Post Compact
[150.132s][info][gc,phases      ] GC(365) Post Compact 13.501ms
[150.132s][info][gc,heap        ] GC(365) PSYoungGen: 255121K(374272K)->255121K(374272K) Eden: 124416K(124416K)->124416K(124416K) From: 130705K(249856K)->130705K(249856K)
[150.132s][info][gc,heap        ] GC(365) ParOldGen: 9147723K(9147904K)->9147723K(9147904K)
[150.132s][info][gc,metaspace   ] GC(365) Metaspace: 6301K(6464K)->6301K(6464K) NonClass: 5768K(5824K)->5768K(5824K) Class: 533K(640K)->533K(640K)
[150.132s][info][gc             ] GC(365) Pause Full (Ergonomics) 9182M->9182M(9299M) 2666.952ms
[150.132s][info][gc,cpu         ] GC(365) User=20.62s Sys=0.00s Real=2.67s
[150.132s][info][gc,start       ] GC(366) Pause Full (Ergonomics)
[150.132s][info][gc,phases,start] GC(366) Marking Phase
[152.231s][info][gc,phases      ] GC(366) Marking Phase 2099.230ms
[152.231s][info][gc,phases,start] GC(366) Summary Phase
[152.231s][info][gc,phases      ] GC(366) Summary Phase 0.094ms
[152.231s][info][gc,phases,start] GC(366) Adjust Roots
[152.232s][info][gc,phases      ] GC(366) Adjust Roots 0.169ms
[152.232s][info][gc,phases,start] GC(366) Compaction Phase
[152.776s][info][gc,phases      ] GC(366) Compaction Phase 544.872ms
[152.777s][info][gc,phases,start] GC(366) Post Compact
[152.790s][info][gc,phases      ] GC(366) Post Compact 13.415ms
[152.790s][info][gc,heap        ] GC(366) PSYoungGen: 255121K(374272K)->255121K(374272K) Eden: 124416K(124416K)->124416K(124416K) From: 130705K(249856K)->130705K(249856K)
[152.790s][info][gc,heap        ] GC(366) ParOldGen: 9147728K(9147904K)->9147728K(9147904K)
[152.790s][info][gc,metaspace   ] GC(366) Metaspace: 6301K(6464K)->6301K(6464K) NonClass: 5768K(5824K)->5768K(5824K) Class: 533K(640K)->533K(640K)
[152.790s][info][gc             ] GC(366) Pause Full (Ergonomics) 9182M->9182M(9299M) 2658.133ms
[152.790s][info][gc,cpu         ] GC(366) User=20.45s Sys=0.02s Real=2.66s
[152.790s][info][gc,start       ] GC(367) Pause Full (Ergonomics)
[152.790s][info][gc,phases,start] GC(367) Marking Phase
[154.897s][info][gc,phases      ] GC(367) Marking Phase 2106.620ms
[154.897s][info][gc,phases,start] GC(367) Summary Phase
[154.897s][info][gc,phases      ] GC(367) Summary Phase 0.093ms
[154.897s][info][gc,phases,start] GC(367) Adjust Roots
[154.897s][info][gc,phases      ] GC(367) Adjust Roots 0.169ms
[154.897s][info][gc,phases,start] GC(367) Compaction Phase
[155.435s][info][gc,phases      ] GC(367) Compaction Phase 537.903ms
[155.435s][info][gc,phases,start] GC(367) Post Compact
[155.449s][info][gc,phases      ] GC(367) Post Compact 13.604ms
[155.449s][info][gc,heap        ] GC(367) PSYoungGen: 255121K(374272K)->255121K(374272K) Eden: 124416K(124416K)->124416K(124416K) From: 130705K(249856K)->130705K(249856K)
[155.449s][info][gc,heap        ] GC(367) ParOldGen: 9147733K(9147904K)->9147733K(9147904K)
[155.449s][info][gc,metaspace   ] GC(367) Metaspace: 6301K(6464K)->6301K(6464K) NonClass: 5768K(5824K)->5768K(5824K) Class: 533K(640K)->533K(640K)
[155.449s][info][gc             ] GC(367) Pause Full (Ergonomics) 9182M->9182M(9299M) 2658.755ms
[155.449s][info][gc,cpu         ] GC(367) User=20.53s Sys=0.00s Real=2.66s
[155.449s][info][gc,start       ] GC(368) Pause Full (Ergonomics)
[155.449s][info][gc,phases,start] GC(368) Marking Phase
[157.546s][info][gc,phases      ] GC(368) Marking Phase 2096.693ms
[157.546s][info][gc,phases,start] GC(368) Summary Phase
[157.546s][info][gc,phases      ] GC(368) Summary Phase 0.095ms
[157.546s][info][gc,phases,start] GC(368) Adjust Roots
[157.546s][info][gc,phases      ] GC(368) Adjust Roots 0.168ms
[157.546s][info][gc,phases,start] GC(368) Compaction Phase
[158.083s][info][gc,phases      ] GC(368) Compaction Phase 536.667ms
[158.083s][info][gc,phases,start] GC(368) Post Compact
[158.097s][info][gc,phases      ] GC(368) Post Compact 14.299ms
[158.097s][info][gc,heap        ] GC(368) PSYoungGen: 255121K(374272K)->255121K(374272K) Eden: 124416K(124416K)->124416K(124416K) From: 130705K(249856K)->130705K(249856K)
[158.097s][info][gc,heap        ] GC(368) ParOldGen: 9147738K(9147904K)->9147738K(9147904K)
[158.097s][info][gc,metaspace   ] GC(368) Metaspace: 6301K(6464K)->6301K(6464K) NonClass: 5768K(5824K)->5768K(5824K) Class: 533K(640K)->533K(640K)
[158.098s][info][gc             ] GC(368) Pause Full (Ergonomics) 9182M->9182M(9299M) 2648.292ms
[158.098s][info][gc,cpu         ] GC(368) User=20.53s Sys=0.00s Real=2.65s
[158.098s][info][gc,start       ] GC(369) Pause Full (Ergonomics)
[158.098s][info][gc,phases,start] GC(369) Marking Phase
[160.185s][info][gc,phases      ] GC(369) Marking Phase 2087.377ms
[160.185s][info][gc,phases,start] GC(369) Summary Phase
[160.185s][info][gc,phases      ] GC(369) Summary Phase 0.088ms
[160.185s][info][gc,phases,start] GC(369) Adjust Roots
[160.185s][info][gc,phases      ] GC(369) Adjust Roots 0.162ms
[160.185s][info][gc,phases,start] GC(369) Compaction Phase
[160.731s][info][gc,phases      ] GC(369) Compaction Phase 545.202ms
[160.731s][info][gc,phases,start] GC(369) Post Compact
[160.745s][info][gc,phases      ] GC(369) Post Compact 14.709ms
[160.746s][info][gc,heap        ] GC(369) PSYoungGen: 255121K(374272K)->255121K(374272K) Eden: 124416K(124416K)->124416K(124416K) From: 130705K(249856K)->130705K(249856K)
[160.746s][info][gc,heap        ] GC(369) ParOldGen: 9147742K(9147904K)->9147742K(9147904K)
[160.746s][info][gc,metaspace   ] GC(369) Metaspace: 6301K(6464K)->6301K(6464K) NonClass: 5768K(5824K)->5768K(5824K) Class: 533K(640K)->533K(640K)
[160.746s][info][gc             ] GC(369) Pause Full (Ergonomics) 9182M->9182M(9299M) 2647.908ms
[160.746s][info][gc,cpu         ] GC(369) User=20.38s Sys=0.03s Real=2.65s
[160.746s][info][gc,start       ] GC(370) Pause Full (Ergonomics)
[160.746s][info][gc,phases,start] GC(370) Marking Phase
[162.839s][info][gc,phases      ] GC(370) Marking Phase 2092.665ms
[162.839s][info][gc,phases,start] GC(370) Summary Phase
[162.839s][info][gc,phases      ] GC(370) Summary Phase 0.088ms
[162.839s][info][gc,phases,start] GC(370) Adjust Roots
[162.839s][info][gc,phases      ] GC(370) Adjust Roots 0.163ms
[162.839s][info][gc,phases,start] GC(370) Compaction Phase
[163.405s][info][gc,phases      ] GC(370) Compaction Phase 565.831ms
[163.405s][info][gc,phases,start] GC(370) Post Compact
[163.419s][info][gc,phases      ] GC(370) Post Compact 14.103ms
[163.419s][info][gc,heap        ] GC(370) PSYoungGen: 255121K(374272K)->255121K(374272K) Eden: 124416K(124416K)->124416K(124416K) From: 130705K(249856K)->130705K(249856K)
[163.419s][info][gc,heap        ] GC(370) ParOldGen: 9147747K(9147904K)->9147747K(9147904K)
[163.419s][info][gc,metaspace   ] GC(370) Metaspace: 6301K(6464K)->6301K(6464K) NonClass: 5768K(5824K)->5768K(5824K) Class: 533K(640K)->533K(640K)
[163.419s][info][gc             ] GC(370) Pause Full (Ergonomics) 9182M->9182M(9299M) 2673.218ms
[163.419s][info][gc,cpu         ] GC(370) User=20.39s Sys=0.00s Real=2.67s
[163.419s][info][gc,start       ] GC(371) Pause Full (Ergonomics)
[163.419s][info][gc,phases,start] GC(371) Marking Phase
[165.547s][info][gc,phases      ] GC(371) Marking Phase 2127.470ms
[165.547s][info][gc,phases,start] GC(371) Summary Phase
[165.547s][info][gc,phases      ] GC(371) Summary Phase 0.089ms
[165.547s][info][gc,phases,start] GC(371) Adjust Roots
[165.547s][info][gc,phases      ] GC(371) Adjust Roots 0.175ms
[165.547s][info][gc,phases,start] GC(371) Compaction Phase
[166.106s][info][gc,phases      ] GC(371) Compaction Phase 558.953ms
[166.106s][info][gc,phases,start] GC(371) Post Compact
[166.121s][info][gc,phases      ] GC(371) Post Compact 14.523ms
[166.121s][info][gc,heap        ] GC(371) PSYoungGen: 255121K(374272K)->255121K(374272K) Eden: 124416K(124416K)->124416K(124416K) From: 130705K(249856K)->130705K(249856K)
[166.121s][info][gc,heap        ] GC(371) ParOldGen: 9147752K(9147904K)->9147752K(9147904K)
[166.121s][info][gc,metaspace   ] GC(371) Metaspace: 6301K(6464K)->6301K(6464K) NonClass: 5768K(5824K)->5768K(5824K) Class: 533K(640K)->533K(640K)
[166.121s][info][gc             ] GC(371) Pause Full (Ergonomics) 9182M->9182M(9299M) 2701.589ms
[166.121s][info][gc,cpu         ] GC(371) User=20.67s Sys=0.00s Real=2.70s
[166.121s][info][gc,start       ] GC(372) Pause Full (Ergonomics)
[166.121s][info][gc,phases,start] GC(372) Marking Phase
[168.212s][info][gc,phases      ] GC(372) Marking Phase 2090.487ms
[168.212s][info][gc,phases,start] GC(372) Summary Phase
[168.212s][info][gc,phases      ] GC(372) Summary Phase 0.090ms
[168.212s][info][gc,phases,start] GC(372) Adjust Roots
[168.212s][info][gc,phases      ] GC(372) Adjust Roots 0.165ms
[168.212s][info][gc,phases,start] GC(372) Compaction Phase
[168.757s][info][gc,phases      ] GC(372) Compaction Phase 545.281ms
[168.757s][info][gc,phases,start] GC(372) Post Compact
[168.771s][info][gc,phases      ] GC(372) Post Compact 13.823ms
[168.771s][info][gc,heap        ] GC(372) PSYoungGen: 255121K(374272K)->255121K(374272K) Eden: 124416K(124416K)->124416K(124416K) From: 130705K(249856K)->130705K(249856K)
[168.771s][info][gc,heap        ] GC(372) ParOldGen: 9147757K(9147904K)->9147757K(9147904K)
[168.771s][info][gc,metaspace   ] GC(372) Metaspace: 6301K(6464K)->6301K(6464K) NonClass: 5768K(5824K)->5768K(5824K) Class: 533K(640K)->533K(640K)
[168.771s][info][gc             ] GC(372) Pause Full (Ergonomics) 9182M->9182M(9299M) 2650.249ms
[168.771s][info][gc,cpu         ] GC(372) User=20.52s Sys=0.00s Real=2.65s
[168.772s][info][gc,start       ] GC(373) Pause Full (Ergonomics)
[168.772s][info][gc,phases,start] GC(373) Marking Phase
[170.894s][info][gc,phases      ] GC(373) Marking Phase 2121.935ms
[170.894s][info][gc,phases,start] GC(373) Summary Phase
[170.894s][info][gc,phases      ] GC(373) Summary Phase 0.088ms
[170.894s][info][gc,phases,start] GC(373) Adjust Roots
[170.894s][info][gc,phases      ] GC(373) Adjust Roots 0.167ms
[170.894s][info][gc,phases,start] GC(373) Compaction Phase
[171.431s][info][gc,phases      ] GC(373) Compaction Phase 536.728ms
[171.431s][info][gc,phases,start] GC(373) Post Compact
[171.444s][info][gc,phases      ] GC(373) Post Compact 13.719ms
[171.444s][info][gc,heap        ] GC(373) PSYoungGen: 255121K(374272K)->255121K(374272K) Eden: 124416K(124416K)->124416K(124416K) From: 130705K(249856K)->130705K(249856K)
[171.445s][info][gc,heap        ] GC(373) ParOldGen: 9147762K(9147904K)->9147762K(9147904K)
[171.445s][info][gc,metaspace   ] GC(373) Metaspace: 6301K(6464K)->6301K(6464K) NonClass: 5768K(5824K)->5768K(5824K) Class: 533K(640K)->533K(640K)
[171.445s][info][gc             ] GC(373) Pause Full (Ergonomics) 9182M->9182M(9299M) 2672.978ms
[171.445s][info][gc,cpu         ] GC(373) User=20.47s Sys=0.02s Real=2.67s
[171.445s][info][gc,start       ] GC(374) Pause Full (Ergonomics)
[171.445s][info][gc,phases,start] GC(374) Marking Phase
[173.537s][info][gc,phases      ] GC(374) Marking Phase 2091.785ms
[173.537s][info][gc,phases,start] GC(374) Summary Phase
[173.537s][info][gc,phases      ] GC(374) Summary Phase 0.088ms
[173.537s][info][gc,phases,start] GC(374) Adjust Roots
[173.537s][info][gc,phases      ] GC(374) Adjust Roots 0.167ms
[173.537s][info][gc,phases,start] GC(374) Compaction Phase
[174.089s][info][gc,phases      ] GC(374) Compaction Phase 551.680ms
[174.089s][info][gc,phases,start] GC(374) Post Compact
[174.103s][info][gc,phases      ] GC(374) Post Compact 14.416ms
[174.103s][info][gc,heap        ] GC(374) PSYoungGen: 255121K(374272K)->255121K(374272K) Eden: 124416K(124416K)->124416K(124416K) From: 130705K(249856K)->130705K(249856K)
[174.103s][info][gc,heap        ] GC(374) ParOldGen: 9147767K(9147904K)->9147767K(9147904K)
[174.103s][info][gc,metaspace   ] GC(374) Metaspace: 6301K(6464K)->6301K(6464K) NonClass: 5768K(5824K)->5768K(5824K) Class: 533K(640K)->533K(640K)
[174.103s][info][gc             ] GC(374) Pause Full (Ergonomics) 9182M->9182M(9299M) 2658.517ms
[174.103s][info][gc,cpu         ] GC(374) User=20.48s Sys=0.00s Real=2.66s
[174.103s][info][gc,start       ] GC(375) Pause Full (Ergonomics)
[174.104s][info][gc,phases,start] GC(375) Marking Phase
[176.194s][info][gc,phases      ] GC(375) Marking Phase 2090.594ms
[176.194s][info][gc,phases,start] GC(375) Summary Phase
[176.194s][info][gc,phases      ] GC(375) Summary Phase 0.094ms
[176.194s][info][gc,phases,start] GC(375) Adjust Roots
[176.194s][info][gc,phases      ] GC(375) Adjust Roots 0.163ms
[176.194s][info][gc,phases,start] GC(375) Compaction Phase
[176.737s][info][gc,phases      ] GC(375) Compaction Phase 542.204ms
[176.737s][info][gc,phases,start] GC(375) Post Compact
[176.751s][info][gc,phases      ] GC(375) Post Compact 14.145ms
[176.751s][info][gc,heap        ] GC(375) PSYoungGen: 255121K(374272K)->255121K(374272K) Eden: 124416K(124416K)->124416K(124416K) From: 130705K(249856K)->130705K(249856K)
[176.751s][info][gc,heap        ] GC(375) ParOldGen: 9147771K(9147904K)->9147771K(9147904K)
[176.751s][info][gc,metaspace   ] GC(375) Metaspace: 6301K(6464K)->6301K(6464K) NonClass: 5768K(5824K)->5768K(5824K) Class: 533K(640K)->533K(640K)
[176.751s][info][gc             ] GC(375) Pause Full (Ergonomics) 9182M->9182M(9299M) 2647.547ms
[176.751s][info][gc,cpu         ] GC(375) User=20.28s Sys=0.02s Real=2.65s
[176.751s][info][gc,start       ] GC(376) Pause Full (Ergonomics)
[176.751s][info][gc,phases,start] GC(376) Marking Phase
[178.853s][info][gc,phases      ] GC(376) Marking Phase 2102.017ms
[178.853s][info][gc,phases,start] GC(376) Summary Phase
[178.853s][info][gc,phases      ] GC(376) Summary Phase 0.088ms
[178.853s][info][gc,phases,start] GC(376) Adjust Roots
[178.854s][info][gc,phases      ] GC(376) Adjust Roots 0.161ms
[178.854s][info][gc,phases,start] GC(376) Compaction Phase
[179.399s][info][gc,phases      ] GC(376) Compaction Phase 545.026ms
[179.399s][info][gc,phases,start] GC(376) Post Compact
[179.412s][info][gc,phases      ] GC(376) Post Compact 13.703ms
[179.413s][info][gc,heap        ] GC(376) PSYoungGen: 255121K(374272K)->255121K(374272K) Eden: 124416K(124416K)->124416K(124416K) From: 130705K(249856K)->130705K(249856K)
[179.413s][info][gc,heap        ] GC(376) ParOldGen: 9147776K(9147904K)->9147776K(9147904K)
[179.413s][info][gc,metaspace   ] GC(376) Metaspace: 6301K(6464K)->6301K(6464K) NonClass: 5768K(5824K)->5768K(5824K) Class: 533K(640K)->533K(640K)
[179.413s][info][gc             ] GC(376) Pause Full (Ergonomics) 9182M->9182M(9299M) 2661.346ms
[179.413s][info][gc,cpu         ] GC(376) User=20.27s Sys=0.00s Real=2.66s
[179.413s][info][gc,start       ] GC(377) Pause Full (Ergonomics)
[179.413s][info][gc,phases,start] GC(377) Marking Phase
[181.472s][info][gc,phases      ] GC(377) Marking Phase 2058.800ms
[181.472s][info][gc,phases,start] GC(377) Summary Phase
[181.472s][info][gc,phases      ] GC(377) Summary Phase 0.089ms
[181.472s][info][gc,phases,start] GC(377) Adjust Roots
[181.472s][info][gc,phases      ] GC(377) Adjust Roots 0.162ms
[181.472s][info][gc,phases,start] GC(377) Compaction Phase
[182.006s][info][gc,phases      ] GC(377) Compaction Phase 533.945ms
[182.006s][info][gc,phases,start] GC(377) Post Compact
[182.020s][info][gc,phases      ] GC(377) Post Compact 13.613ms
[182.020s][info][gc,heap        ] GC(377) PSYoungGen: 255121K(374272K)->255121K(374272K) Eden: 124416K(124416K)->124416K(124416K) From: 130705K(249856K)->130705K(249856K)
[182.020s][info][gc,heap        ] GC(377) ParOldGen: 9147781K(9147904K)->9147781K(9147904K)
[182.020s][info][gc,metaspace   ] GC(377) Metaspace: 6301K(6464K)->6301K(6464K) NonClass: 5768K(5824K)->5768K(5824K) Class: 533K(640K)->533K(640K)
[182.020s][info][gc             ] GC(377) Pause Full (Ergonomics) 9182M->9182M(9299M) 2606.977ms
[182.020s][info][gc,cpu         ] GC(377) User=20.08s Sys=0.00s Real=2.61s
[182.020s][info][gc,start       ] GC(378) Pause Full (Ergonomics)
[182.020s][info][gc,phases,start] GC(378) Marking Phase
[184.121s][info][gc,phases      ] GC(378) Marking Phase 2101.218ms
[184.121s][info][gc,phases,start] GC(378) Summary Phase
[184.121s][info][gc,phases      ] GC(378) Summary Phase 0.094ms
[184.121s][info][gc,phases,start] GC(378) Adjust Roots
[184.122s][info][gc,phases      ] GC(378) Adjust Roots 0.169ms
[184.122s][info][gc,phases,start] GC(378) Compaction Phase
[184.656s][info][gc,phases      ] GC(378) Compaction Phase 534.568ms
[184.656s][info][gc,phases,start] GC(378) Post Compact
[184.669s][info][gc,phases      ] GC(378) Post Compact 13.142ms
[184.670s][info][gc,heap        ] GC(378) PSYoungGen: 255121K(374272K)->255121K(374272K) Eden: 124416K(124416K)->124416K(124416K) From: 130705K(249856K)->130705K(249856K)
[184.670s][info][gc,heap        ] GC(378) ParOldGen: 9147786K(9147904K)->9147786K(9147904K)
[184.670s][info][gc,metaspace   ] GC(378) Metaspace: 6301K(6464K)->6301K(6464K) NonClass: 5768K(5824K)->5768K(5824K) Class: 533K(640K)->533K(640K)
[184.670s][info][gc             ] GC(378) Pause Full (Ergonomics) 9182M->9182M(9299M) 2649.547ms
[184.670s][info][gc,cpu         ] GC(378) User=20.44s Sys=0.00s Real=2.65s
[184.670s][info][gc,start       ] GC(379) Pause Full (Ergonomics)
[184.670s][info][gc,phases,start] GC(379) Marking Phase
[186.767s][info][gc,phases      ] GC(379) Marking Phase 2097.600ms
[186.767s][info][gc,phases,start] GC(379) Summary Phase
[186.768s][info][gc,phases      ] GC(379) Summary Phase 0.087ms
[186.768s][info][gc,phases,start] GC(379) Adjust Roots
[186.768s][info][gc,phases      ] GC(379) Adjust Roots 0.169ms
[186.768s][info][gc,phases,start] GC(379) Compaction Phase
[187.304s][info][gc,phases      ] GC(379) Compaction Phase 536.110ms
[187.304s][info][gc,phases,start] GC(379) Post Compact
[187.317s][info][gc,phases      ] GC(379) Post Compact 13.355ms
[187.317s][info][gc,heap        ] GC(379) PSYoungGen: 255121K(374272K)->255121K(374272K) Eden: 124416K(124416K)->124416K(124416K) From: 130705K(249856K)->130705K(249856K)
[187.317s][info][gc,heap        ] GC(379) ParOldGen: 9147791K(9147904K)->9147791K(9147904K)
[187.317s][info][gc,metaspace   ] GC(379) Metaspace: 6301K(6464K)->6301K(6464K) NonClass: 5768K(5824K)->5768K(5824K) Class: 533K(640K)->533K(640K)
[187.317s][info][gc             ] GC(379) Pause Full (Ergonomics) 9182M->9182M(9299M) 2647.658ms
[187.317s][info][gc,cpu         ] GC(379) User=20.33s Sys=0.00s Real=2.65s
[187.318s][info][gc,start       ] GC(380) Pause Full (Ergonomics)
[187.318s][info][gc,phases,start] GC(380) Marking Phase
[189.406s][info][gc,phases      ] GC(380) Marking Phase 2088.483ms
[189.406s][info][gc,phases,start] GC(380) Summary Phase
[189.406s][info][gc,phases      ] GC(380) Summary Phase 0.088ms
[189.406s][info][gc,phases,start] GC(380) Adjust Roots
[189.407s][info][gc,phases      ] GC(380) Adjust Roots 0.162ms
[189.407s][info][gc,phases,start] GC(380) Compaction Phase
[189.937s][info][gc,phases      ] GC(380) Compaction Phase 530.414ms
[189.937s][info][gc,phases,start] GC(380) Post Compact
[189.951s][info][gc,phases      ] GC(380) Post Compact 13.507ms
[189.951s][info][gc,heap        ] GC(380) PSYoungGen: 255121K(374272K)->255121K(374272K) Eden: 124416K(124416K)->124416K(124416K) From: 130705K(249856K)->130705K(249856K)
[189.951s][info][gc,heap        ] GC(380) ParOldGen: 9147796K(9147904K)->9147796K(9147904K)
[189.951s][info][gc,metaspace   ] GC(380) Metaspace: 6301K(6464K)->6301K(6464K) NonClass: 5768K(5824K)->5768K(5824K) Class: 533K(640K)->533K(640K)
[189.951s][info][gc             ] GC(380) Pause Full (Ergonomics) 9182M->9182M(9299M) 2633.030ms
[189.951s][info][gc,cpu         ] GC(380) User=20.30s Sys=0.00s Real=2.63s
[189.951s][info][gc,start       ] GC(381) Pause Full (Ergonomics)
[189.951s][info][gc,phases,start] GC(381) Marking Phase
[192.061s][info][gc,phases      ] GC(381) Marking Phase 2110.546ms
[192.062s][info][gc,phases,start] GC(381) Summary Phase
[192.062s][info][gc,phases      ] GC(381) Summary Phase 0.097ms
[192.062s][info][gc,phases,start] GC(381) Adjust Roots
[192.062s][info][gc,phases      ] GC(381) Adjust Roots 0.184ms
[192.062s][info][gc,phases,start] GC(381) Compaction Phase
[192.630s][info][gc,phases      ] GC(381) Compaction Phase 567.865ms
[192.630s][info][gc,phases,start] GC(381) Post Compact
[192.645s][info][gc,phases      ] GC(381) Post Compact 15.440ms
[192.645s][info][gc,heap        ] GC(381) PSYoungGen: 255121K(374272K)->255121K(374272K) Eden: 124416K(124416K)->124416K(124416K) From: 130705K(249856K)->130705K(249856K)
[192.645s][info][gc,heap        ] GC(381) ParOldGen: 9147800K(9147904K)->9147800K(9147904K)
[192.645s][info][gc,metaspace   ] GC(381) Metaspace: 6301K(6464K)->6301K(6464K) NonClass: 5768K(5824K)->5768K(5824K) Class: 533K(640K)->533K(640K)
[192.645s][info][gc             ] GC(381) Pause Full (Ergonomics) 9182M->9182M(9299M) 2694.524ms
[192.645s][info][gc,cpu         ] GC(381) User=20.44s Sys=0.00s Real=2.69s
[192.646s][info][gc,start       ] GC(382) Pause Full (Ergonomics)
[192.646s][info][gc,phases,start] GC(382) Marking Phase
[194.743s][info][gc,phases      ] GC(382) Marking Phase 2097.686ms
[194.743s][info][gc,phases,start] GC(382) Summary Phase
[194.744s][info][gc,phases      ] GC(382) Summary Phase 0.107ms
[194.744s][info][gc,phases,start] GC(382) Adjust Roots
[194.744s][info][gc,phases      ] GC(382) Adjust Roots 0.198ms
[194.744s][info][gc,phases,start] GC(382) Compaction Phase
[195.294s][info][gc,phases      ] GC(382) Compaction Phase 550.053ms
[195.294s][info][gc,phases,start] GC(382) Post Compact
[195.310s][info][gc,phases      ] GC(382) Post Compact 15.603ms
[195.310s][info][gc,heap        ] GC(382) PSYoungGen: 255121K(374272K)->255121K(374272K) Eden: 124416K(124416K)->124416K(124416K) From: 130705K(249856K)->130705K(249856K)
[195.310s][info][gc,heap        ] GC(382) ParOldGen: 9147805K(9147904K)->9147805K(9147904K)
[195.310s][info][gc,metaspace   ] GC(382) Metaspace: 6301K(6464K)->6301K(6464K) NonClass: 5768K(5824K)->5768K(5824K) Class: 533K(640K)->533K(640K)
[195.310s][info][gc             ] GC(382) Pause Full (Ergonomics) 9182M->9182M(9299M) 2664.003ms
[195.310s][info][gc,cpu         ] GC(382) User=20.50s Sys=0.02s Real=2.66s
[195.310s][info][gc,start       ] GC(383) Pause Full (Ergonomics)
[195.310s][info][gc,phases,start] GC(383) Marking Phase
[197.411s][info][gc,phases      ] GC(383) Marking Phase 2101.379ms
[197.411s][info][gc,phases,start] GC(383) Summary Phase
[197.412s][info][gc,phases      ] GC(383) Summary Phase 0.164ms
[197.412s][info][gc,phases,start] GC(383) Adjust Roots
[197.412s][info][gc,phases      ] GC(383) Adjust Roots 0.275ms
[197.412s][info][gc,phases,start] GC(383) Compaction Phase
[197.966s][info][gc,phases      ] GC(383) Compaction Phase 554.197ms
[197.966s][info][gc,phases,start] GC(383) Post Compact
[197.981s][info][gc,phases      ] GC(383) Post Compact 15.334ms
[197.982s][info][gc,heap        ] GC(383) PSYoungGen: 255121K(374272K)->255121K(374272K) Eden: 124416K(124416K)->124416K(124416K) From: 130705K(249856K)->130705K(249856K)
[197.982s][info][gc,heap        ] GC(383) ParOldGen: 9147810K(9147904K)->9147810K(9147904K)
[197.982s][info][gc,metaspace   ] GC(383) Metaspace: 6301K(6464K)->6301K(6464K) NonClass: 5768K(5824K)->5768K(5824K) Class: 533K(640K)->533K(640K)
[197.982s][info][gc             ] GC(383) Pause Full (Ergonomics) 9182M->9182M(9299M) 2671.747ms
[197.982s][info][gc,cpu         ] GC(383) User=20.64s Sys=0.00s Real=2.67s
[197.982s][info][gc,start       ] GC(384) Pause Full (Ergonomics)
[197.982s][info][gc,phases,start] GC(384) Marking Phase
[200.117s][info][gc,phases      ] GC(384) Marking Phase 2135.417ms
[200.117s][info][gc,phases,start] GC(384) Summary Phase
[200.117s][info][gc,phases      ] GC(384) Summary Phase 0.113ms
[200.118s][info][gc,phases,start] GC(384) Adjust Roots
[200.118s][info][gc,phases      ] GC(384) Adjust Roots 0.213ms
[200.118s][info][gc,phases,start] GC(384) Compaction Phase
[200.661s][info][gc,phases      ] GC(384) Compaction Phase 543.227ms
[200.661s][info][gc,phases,start] GC(384) Post Compact
[200.674s][info][gc,phases      ] GC(384) Post Compact 13.229ms
[200.674s][info][gc,heap        ] GC(384) PSYoungGen: 255121K(374272K)->255121K(374272K) Eden: 124416K(124416K)->124416K(124416K) From: 130705K(249856K)->130705K(249856K)
[200.674s][info][gc,heap        ] GC(384) ParOldGen: 9147815K(9147904K)->9147815K(9147904K)
[200.674s][info][gc,metaspace   ] GC(384) Metaspace: 6301K(6464K)->6301K(6464K) NonClass: 5768K(5824K)->5768K(5824K) Class: 533K(640K)->533K(640K)
[200.674s][info][gc             ] GC(384) Pause Full (Ergonomics) 9182M->9182M(9299M) 2692.563ms
[200.674s][info][gc,cpu         ] GC(384) User=20.69s Sys=0.02s Real=2.69s
[200.675s][info][gc,start       ] GC(385) Pause Full (Ergonomics)
[200.675s][info][gc,phases,start] GC(385) Marking Phase
[202.780s][info][gc,phases      ] GC(385) Marking Phase 2105.322ms
[202.780s][info][gc,phases,start] GC(385) Summary Phase
[202.780s][info][gc,phases      ] GC(385) Summary Phase 0.096ms
[202.780s][info][gc,phases,start] GC(385) Adjust Roots
[202.780s][info][gc,phases      ] GC(385) Adjust Roots 0.169ms
[202.780s][info][gc,phases,start] GC(385) Compaction Phase
[203.319s][info][gc,phases      ] GC(385) Compaction Phase 538.946ms
[203.319s][info][gc,phases,start] GC(385) Post Compact
[203.334s][info][gc,phases      ] GC(385) Post Compact 14.256ms
[203.334s][info][gc,heap        ] GC(385) PSYoungGen: 255121K(374272K)->255121K(374272K) Eden: 124416K(124416K)->124416K(124416K) From: 130705K(249856K)->130705K(249856K)
[203.334s][info][gc,heap        ] GC(385) ParOldGen: 9147820K(9147904K)->9147820K(9147904K)
[203.334s][info][gc,metaspace   ] GC(385) Metaspace: 6301K(6464K)->6301K(6464K) NonClass: 5768K(5824K)->5768K(5824K) Class: 533K(640K)->533K(640K)
[203.334s][info][gc             ] GC(385) Pause Full (Ergonomics) 9182M->9182M(9299M) 2659.138ms
[203.334s][info][gc,cpu         ] GC(385) User=20.50s Sys=0.00s Real=2.66s
[203.334s][info][gc,start       ] GC(386) Pause Full (Ergonomics)
[203.334s][info][gc,phases,start] GC(386) Marking Phase
[205.420s][info][gc,phases      ] GC(386) Marking Phase 2086.068ms
[205.420s][info][gc,phases,start] GC(386) Summary Phase
[205.420s][info][gc,phases      ] GC(386) Summary Phase 0.089ms
[205.420s][info][gc,phases,start] GC(386) Adjust Roots
[205.420s][info][gc,phases      ] GC(386) Adjust Roots 0.170ms
[205.420s][info][gc,phases,start] GC(386) Compaction Phase
[205.958s][info][gc,phases      ] GC(386) Compaction Phase 537.362ms
[205.958s][info][gc,phases,start] GC(386) Post Compact
[205.972s][info][gc,phases      ] GC(386) Post Compact 13.674ms
[205.972s][info][gc,heap        ] GC(386) PSYoungGen: 255121K(374272K)->255121K(374272K) Eden: 124416K(124416K)->124416K(124416K) From: 130705K(249856K)->130705K(249856K)
[205.972s][info][gc,heap        ] GC(386) ParOldGen: 9147825K(9147904K)->9147825K(9147904K)
[205.972s][info][gc,metaspace   ] GC(386) Metaspace: 6301K(6464K)->6301K(6464K) NonClass: 5768K(5824K)->5768K(5824K) Class: 533K(640K)->533K(640K)
[205.972s][info][gc             ] GC(386) Pause Full (Ergonomics) 9182M->9182M(9299M) 2637.748ms
[205.972s][info][gc,cpu         ] GC(386) User=20.41s Sys=0.00s Real=2.64s
[205.972s][info][gc,start       ] GC(387) Pause Full (Ergonomics)
[205.972s][info][gc,phases,start] GC(387) Marking Phase
[208.085s][info][gc,phases      ] GC(387) Marking Phase 2113.310ms
[208.085s][info][gc,phases,start] GC(387) Summary Phase
[208.085s][info][gc,phases      ] GC(387) Summary Phase 0.095ms
[208.085s][info][gc,phases,start] GC(387) Adjust Roots
[208.086s][info][gc,phases      ] GC(387) Adjust Roots 0.166ms
[208.086s][info][gc,phases,start] GC(387) Compaction Phase
[208.620s][info][gc,phases      ] GC(387) Compaction Phase 534.539ms
[208.620s][info][gc,phases,start] GC(387) Post Compact
[208.634s][info][gc,phases      ] GC(387) Post Compact 13.850ms
[208.634s][info][gc,heap        ] GC(387) PSYoungGen: 255121K(374272K)->255121K(374272K) Eden: 124416K(124416K)->124416K(124416K) From: 130705K(249856K)->130705K(249856K)
[208.634s][info][gc,heap        ] GC(387) ParOldGen: 9147829K(9147904K)->9147829K(9147904K)
[208.634s][info][gc,metaspace   ] GC(387) Metaspace: 6301K(6464K)->6301K(6464K) NonClass: 5768K(5824K)->5768K(5824K) Class: 533K(640K)->533K(640K)
[208.634s][info][gc             ] GC(387) Pause Full (Ergonomics) 9182M->9182M(9299M) 2662.311ms
[208.634s][info][gc,cpu         ] GC(387) User=20.56s Sys=0.00s Real=2.66s
[208.634s][info][gc,start       ] GC(388) Pause Full (Ergonomics)
[208.635s][info][gc,phases,start] GC(388) Marking Phase
[210.749s][info][gc,phases      ] GC(388) Marking Phase 2114.299ms
[210.749s][info][gc,phases,start] GC(388) Summary Phase
[210.749s][info][gc,phases      ] GC(388) Summary Phase 0.088ms
[210.749s][info][gc,phases,start] GC(388) Adjust Roots
[210.749s][info][gc,phases      ] GC(388) Adjust Roots 0.169ms
[210.749s][info][gc,phases,start] GC(388) Compaction Phase
[211.287s][info][gc,phases      ] GC(388) Compaction Phase 537.795ms
[211.287s][info][gc,phases,start] GC(388) Post Compact
[211.301s][info][gc,phases      ] GC(388) Post Compact 13.597ms
[211.301s][info][gc,heap        ] GC(388) PSYoungGen: 255121K(374272K)->255121K(374272K) Eden: 124416K(124416K)->124416K(124416K) From: 130705K(249856K)->130705K(249856K)
[211.301s][info][gc,heap        ] GC(388) ParOldGen: 9147834K(9147904K)->9147834K(9147904K)
[211.301s][info][gc,metaspace   ] GC(388) Metaspace: 6301K(6464K)->6301K(6464K) NonClass: 5768K(5824K)->5768K(5824K) Class: 533K(640K)->533K(640K)
[211.301s][info][gc             ] GC(388) Pause Full (Ergonomics) 9182M->9182M(9299M) 2666.305ms
[211.301s][info][gc,cpu         ] GC(388) User=20.56s Sys=0.02s Real=2.67s
[211.301s][info][gc,start       ] GC(389) Pause Full (Ergonomics)
[211.301s][info][gc,phases,start] GC(389) Marking Phase
[213.392s][info][gc,phases      ] GC(389) Marking Phase 2091.016ms
[213.392s][info][gc,phases,start] GC(389) Summary Phase
[213.392s][info][gc,phases      ] GC(389) Summary Phase 0.091ms
[213.392s][info][gc,phases,start] GC(389) Adjust Roots
[213.392s][info][gc,phases      ] GC(389) Adjust Roots 0.174ms
[213.392s][info][gc,phases,start] GC(389) Compaction Phase
[213.930s][info][gc,phases      ] GC(389) Compaction Phase 537.740ms
[213.930s][info][gc,phases,start] GC(389) Post Compact
[213.944s][info][gc,phases      ] GC(389) Post Compact 13.407ms
[213.944s][info][gc,heap        ] GC(389) PSYoungGen: 255121K(374272K)->255121K(374272K) Eden: 124416K(124416K)->124416K(124416K) From: 130705K(249856K)->130705K(249856K)
[213.944s][info][gc,heap        ] GC(389) ParOldGen: 9147839K(9147904K)->9147839K(9147904K)
[213.944s][info][gc,metaspace   ] GC(389) Metaspace: 6301K(6464K)->6301K(6464K) NonClass: 5768K(5824K)->5768K(5824K) Class: 533K(640K)->533K(640K)
[213.944s][info][gc             ] GC(389) Pause Full (Ergonomics) 9182M->9182M(9299M) 2642.769ms
[213.944s][info][gc,cpu         ] GC(389) User=20.27s Sys=0.00s Real=2.64s
[213.944s][info][gc,start       ] GC(390) Pause Full (Ergonomics)
[213.944s][info][gc,phases,start] GC(390) Marking Phase
[216.046s][info][gc,phases      ] GC(390) Marking Phase 2101.572ms
[216.046s][info][gc,phases,start] GC(390) Summary Phase
[216.046s][info][gc,phases      ] GC(390) Summary Phase 0.089ms
[216.046s][info][gc,phases,start] GC(390) Adjust Roots
[216.046s][info][gc,phases      ] GC(390) Adjust Roots 0.193ms
[216.046s][info][gc,phases,start] GC(390) Compaction Phase
[216.579s][info][gc,phases      ] GC(390) Compaction Phase 533.103ms
[216.579s][info][gc,phases,start] GC(390) Post Compact
[216.593s][info][gc,phases      ] GC(390) Post Compact 13.477ms
[216.593s][info][gc,heap        ] GC(390) PSYoungGen: 255121K(374272K)->255121K(374272K) Eden: 124416K(124416K)->124416K(124416K) From: 130705K(249856K)->130705K(249856K)
[216.593s][info][gc,heap        ] GC(390) ParOldGen: 9147844K(9147904K)->9147844K(9147904K)
[216.593s][info][gc,metaspace   ] GC(390) Metaspace: 6301K(6464K)->6301K(6464K) NonClass: 5768K(5824K)->5768K(5824K) Class: 533K(640K)->533K(640K)
[216.593s][info][gc             ] GC(390) Pause Full (Ergonomics) 9182M->9182M(9299M) 2648.802ms
[216.593s][info][gc,cpu         ] GC(390) User=20.55s Sys=0.00s Real=2.65s
[216.593s][info][gc,start       ] GC(391) Pause Full (Ergonomics)
[216.593s][info][gc,phases,start] GC(391) Marking Phase
[218.697s][info][gc,phases      ] GC(391) Marking Phase 2104.400ms
[218.697s][info][gc,phases,start] GC(391) Summary Phase
[218.698s][info][gc,phases      ] GC(391) Summary Phase 0.096ms
[218.698s][info][gc,phases,start] GC(391) Adjust Roots
[218.698s][info][gc,phases      ] GC(391) Adjust Roots 0.204ms
[218.698s][info][gc,phases,start] GC(391) Compaction Phase
[219.236s][info][gc,phases      ] GC(391) Compaction Phase 538.096ms
[219.236s][info][gc,phases,start] GC(391) Post Compact
[219.250s][info][gc,phases      ] GC(391) Post Compact 13.694ms
[219.250s][info][gc,heap        ] GC(391) PSYoungGen: 255121K(374272K)->255121K(374272K) Eden: 124416K(124416K)->124416K(124416K) From: 130705K(249856K)->130705K(249856K)
[219.250s][info][gc,heap        ] GC(391) ParOldGen: 9147849K(9147904K)->9147849K(9147904K)
[219.250s][info][gc,metaspace   ] GC(391) Metaspace: 6301K(6464K)->6301K(6464K) NonClass: 5768K(5824K)->5768K(5824K) Class: 533K(640K)->533K(640K)
[219.250s][info][gc             ] GC(391) Pause Full (Ergonomics) 9182M->9182M(9299M) 2656.823ms
[219.250s][info][gc,cpu         ] GC(391) User=20.62s Sys=0.02s Real=2.66s
[219.250s][info][gc,start       ] GC(392) Pause Full (Ergonomics)
[219.250s][info][gc,phases,start] GC(392) Marking Phase
[221.350s][info][gc,phases      ] GC(392) Marking Phase 2099.679ms
[221.350s][info][gc,phases,start] GC(392) Summary Phase
[221.350s][info][gc,phases      ] GC(392) Summary Phase 0.088ms
[221.350s][info][gc,phases,start] GC(392) Adjust Roots
[221.350s][info][gc,phases      ] GC(392) Adjust Roots 0.166ms
[221.350s][info][gc,phases,start] GC(392) Compaction Phase
[221.897s][info][gc,phases      ] GC(392) Compaction Phase 546.443ms
[221.897s][info][gc,phases,start] GC(392) Post Compact
[221.911s][info][gc,phases      ] GC(392) Post Compact 14.128ms
[221.911s][info][gc,heap        ] GC(392) PSYoungGen: 255121K(374272K)->255121K(374272K) Eden: 124416K(124416K)->124416K(124416K) From: 130705K(249856K)->130705K(249856K)
[221.911s][info][gc,heap        ] GC(392) ParOldGen: 9147854K(9147904K)->9147854K(9147904K)
[221.911s][info][gc,metaspace   ] GC(392) Metaspace: 6301K(6464K)->6301K(6464K) NonClass: 5768K(5824K)->5768K(5824K) Class: 533K(640K)->533K(640K)
[221.911s][info][gc             ] GC(392) Pause Full (Ergonomics) 9182M->9182M(9299M) 2660.877ms
[221.911s][info][gc,cpu         ] GC(392) User=20.62s Sys=0.02s Real=2.66s
[221.911s][info][gc,start       ] GC(393) Pause Full (Ergonomics)
[221.911s][info][gc,phases,start] GC(393) Marking Phase
[224.028s][info][gc,phases      ] GC(393) Marking Phase 2116.856ms
[224.028s][info][gc,phases,start] GC(393) Summary Phase
[224.028s][info][gc,phases      ] GC(393) Summary Phase 0.098ms
[224.028s][info][gc,phases,start] GC(393) Adjust Roots
[224.028s][info][gc,phases      ] GC(393) Adjust Roots 0.169ms
[224.028s][info][gc,phases,start] GC(393) Compaction Phase
[224.567s][info][gc,phases      ] GC(393) Compaction Phase 538.392ms
[224.567s][info][gc,phases,start] GC(393) Post Compact
[224.580s][info][gc,phases      ] GC(393) Post Compact 13.503ms
[224.580s][info][gc,heap        ] GC(393) PSYoungGen: 255121K(374272K)->255121K(374272K) Eden: 124416K(124416K)->124416K(124416K) From: 130705K(249856K)->130705K(249856K)
[224.580s][info][gc,heap        ] GC(393) ParOldGen: 9147858K(9147904K)->9147858K(9147904K)
[224.580s][info][gc,metaspace   ] GC(393) Metaspace: 6301K(6464K)->6301K(6464K) NonClass: 5768K(5824K)->5768K(5824K) Class: 533K(640K)->533K(640K)
[224.580s][info][gc             ] GC(393) Pause Full (Ergonomics) 9182M->9182M(9299M) 2669.393ms
[224.580s][info][gc,cpu         ] GC(393) User=20.66s Sys=0.00s Real=2.67s
[224.581s][info][gc,start       ] GC(394) Pause Full (Ergonomics)
[224.581s][info][gc,phases,start] GC(394) Marking Phase
[226.683s][info][gc,phases      ] GC(394) Marking Phase 2102.492ms
[226.683s][info][gc,phases,start] GC(394) Summary Phase
[226.683s][info][gc,phases      ] GC(394) Summary Phase 0.088ms
[226.683s][info][gc,phases,start] GC(394) Adjust Roots
[226.684s][info][gc,phases      ] GC(394) Adjust Roots 0.177ms
[226.684s][info][gc,phases,start] GC(394) Compaction Phase
[227.226s][info][gc,phases      ] GC(394) Compaction Phase 542.558ms
[227.226s][info][gc,phases,start] GC(394) Post Compact
[227.240s][info][gc,phases      ] GC(394) Post Compact 13.747ms
[227.240s][info][gc,heap        ] GC(394) PSYoungGen: 255121K(374272K)->255121K(374272K) Eden: 124416K(124416K)->124416K(124416K) From: 130705K(249856K)->130705K(249856K)
[227.240s][info][gc,heap        ] GC(394) ParOldGen: 9147863K(9147904K)->9147863K(9147904K)
[227.240s][info][gc,metaspace   ] GC(394) Metaspace: 6301K(6464K)->6301K(6464K) NonClass: 5768K(5824K)->5768K(5824K) Class: 533K(640K)->533K(640K)
[227.240s][info][gc             ] GC(394) Pause Full (Ergonomics) 9182M->9182M(9299M) 2659.433ms
[227.240s][info][gc,cpu         ] GC(394) User=20.45s Sys=0.02s Real=2.66s
[227.240s][info][gc,start       ] GC(395) Pause Full (Ergonomics)
[227.240s][info][gc,phases,start] GC(395) Marking Phase
[229.339s][info][gc,phases      ] GC(395) Marking Phase 2098.830ms
[229.339s][info][gc,phases,start] GC(395) Summary Phase
[229.339s][info][gc,phases      ] GC(395) Summary Phase 0.088ms
[229.339s][info][gc,phases,start] GC(395) Adjust Roots
[229.340s][info][gc,phases      ] GC(395) Adjust Roots 0.162ms
[229.340s][info][gc,phases,start] GC(395) Compaction Phase
[229.901s][info][gc,phases      ] GC(395) Compaction Phase 561.177ms
[229.901s][info][gc,phases,start] GC(395) Post Compact
[229.915s][info][gc,phases      ] GC(395) Post Compact 13.995ms
[229.915s][info][gc,heap        ] GC(395) PSYoungGen: 255121K(374272K)->255121K(374272K) Eden: 124416K(124416K)->124416K(124416K) From: 130705K(249856K)->130705K(249856K)
[229.915s][info][gc,heap        ] GC(395) ParOldGen: 9147868K(9147904K)->9147868K(9147904K)
[229.915s][info][gc,metaspace   ] GC(395) Metaspace: 6301K(6464K)->6301K(6464K) NonClass: 5768K(5824K)->5768K(5824K) Class: 533K(640K)->533K(640K)
[229.915s][info][gc             ] GC(395) Pause Full (Ergonomics) 9182M->9182M(9299M) 2674.618ms
[229.915s][info][gc,cpu         ] GC(395) User=20.42s Sys=0.00s Real=2.67s
[229.915s][info][gc,start       ] GC(396) Pause Full (Ergonomics)
[229.915s][info][gc,phases,start] GC(396) Marking Phase
[232.022s][info][gc,phases      ] GC(396) Marking Phase 2106.629ms
[232.022s][info][gc,phases,start] GC(396) Summary Phase
[232.022s][info][gc,phases      ] GC(396) Summary Phase 0.094ms
[232.022s][info][gc,phases,start] GC(396) Adjust Roots
[232.022s][info][gc,phases      ] GC(396) Adjust Roots 0.167ms
[232.022s][info][gc,phases,start] GC(396) Compaction Phase
[232.564s][info][gc,phases      ] GC(396) Compaction Phase 541.921ms
[232.564s][info][gc,phases,start] GC(396) Post Compact
[232.578s][info][gc,phases      ] GC(396) Post Compact 13.763ms
[232.578s][info][gc,heap        ] GC(396) PSYoungGen: 255121K(374272K)->255121K(374272K) Eden: 124416K(124416K)->124416K(124416K) From: 130705K(249856K)->130705K(249856K)
[232.578s][info][gc,heap        ] GC(396) ParOldGen: 9147873K(9147904K)->9147873K(9147904K)
[232.578s][info][gc,metaspace   ] GC(396) Metaspace: 6301K(6464K)->6301K(6464K) NonClass: 5768K(5824K)->5768K(5824K) Class: 533K(640K)->533K(640K)
[232.578s][info][gc             ] GC(396) Pause Full (Ergonomics) 9182M->9182M(9299M) 2662.949ms
[232.578s][info][gc,cpu         ] GC(396) User=20.41s Sys=0.00s Real=2.66s
[232.578s][info][gc,start       ] GC(397) Pause Full (Ergonomics)
[232.578s][info][gc,phases,start] GC(397) Marking Phase
[234.682s][info][gc,phases      ] GC(397) Marking Phase 2103.593ms
[234.682s][info][gc,phases,start] GC(397) Summary Phase
[234.682s][info][gc,phases      ] GC(397) Summary Phase 0.092ms
[234.682s][info][gc,phases,start] GC(397) Adjust Roots
[234.682s][info][gc,phases      ] GC(397) Adjust Roots 0.201ms
[234.682s][info][gc,phases,start] GC(397) Compaction Phase
[235.230s][info][gc,phases      ] GC(397) Compaction Phase 547.328ms
[235.230s][info][gc,phases,start] GC(397) Post Compact
[235.244s][info][gc,phases      ] GC(397) Post Compact 14.354ms
[235.244s][info][gc,heap        ] GC(397) PSYoungGen: 255121K(374272K)->255121K(374272K) Eden: 124416K(124416K)->124416K(124416K) From: 130705K(249856K)->130705K(249856K)
[235.244s][info][gc,heap        ] GC(397) ParOldGen: 9147878K(9147904K)->9147878K(9147904K)
[235.244s][info][gc,metaspace   ] GC(397) Metaspace: 6301K(6464K)->6301K(6464K) NonClass: 5768K(5824K)->5768K(5824K) Class: 533K(640K)->533K(640K)
[235.244s][info][gc             ] GC(397) Pause Full (Ergonomics) 9182M->9182M(9299M) 2665.917ms
[235.244s][info][gc,cpu         ] GC(397) User=20.48s Sys=0.02s Real=2.66s
[235.244s][info][gc,start       ] GC(398) Pause Full (Ergonomics)
[235.245s][info][gc,phases,start] GC(398) Marking Phase
[237.329s][info][gc,phases      ] GC(398) Marking Phase 2084.397ms
[237.329s][info][gc,phases,start] GC(398) Summary Phase
[237.329s][info][gc,phases      ] GC(398) Summary Phase 0.089ms
[237.329s][info][gc,phases,start] GC(398) Adjust Roots
[237.329s][info][gc,phases      ] GC(398) Adjust Roots 0.173ms
[237.329s][info][gc,phases,start] GC(398) Compaction Phase
[237.873s][info][gc,phases      ] GC(398) Compaction Phase 543.929ms
[237.873s][info][gc,phases,start] GC(398) Post Compact
[237.887s][info][gc,phases      ] GC(398) Post Compact 14.205ms
[237.888s][info][gc,heap        ] GC(398) PSYoungGen: 255121K(374272K)->255121K(374272K) Eden: 124416K(124416K)->124416K(124416K) From: 130705K(249856K)->130705K(249856K)
[237.888s][info][gc,heap        ] GC(398) ParOldGen: 9147883K(9147904K)->9147883K(9147904K)
[237.888s][info][gc,metaspace   ] GC(398) Metaspace: 6301K(6464K)->6301K(6464K) NonClass: 5768K(5824K)->5768K(5824K) Class: 533K(640K)->533K(640K)
[237.888s][info][gc             ] GC(398) Pause Full (Ergonomics) 9182M->9182M(9299M) 2643.142ms
[237.888s][info][gc,cpu         ] GC(398) User=20.25s Sys=0.00s Real=2.64s
[237.888s][info][gc,start       ] GC(399) Pause Full (Ergonomics)
[237.888s][info][gc,phases,start] GC(399) Marking Phase
[240.006s][info][gc,phases      ] GC(399) Marking Phase 2117.706ms
[240.006s][info][gc,phases,start] GC(399) Summary Phase
[240.006s][info][gc,phases      ] GC(399) Summary Phase 0.094ms
[240.006s][info][gc,phases,start] GC(399) Adjust Roots
[240.006s][info][gc,phases      ] GC(399) Adjust Roots 0.174ms
[240.006s][info][gc,phases,start] GC(399) Compaction Phase
[240.541s][info][gc,phases      ] GC(399) Compaction Phase 535.285ms
[240.541s][info][gc,phases,start] GC(399) Post Compact
[240.554s][info][gc,phases      ] GC(399) Post Compact 13.118ms
[240.555s][info][gc,heap        ] GC(399) PSYoungGen: 255121K(374272K)->255121K(374272K) Eden: 124416K(124416K)->124416K(124416K) From: 130705K(249856K)->130705K(249856K)
[240.555s][info][gc,heap        ] GC(399) ParOldGen: 9147887K(9147904K)->9147887K(9147904K)
[240.555s][info][gc,metaspace   ] GC(399) Metaspace: 6301K(6464K)->6301K(6464K) NonClass: 5768K(5824K)->5768K(5824K) Class: 533K(640K)->533K(640K)
[240.555s][info][gc             ] GC(399) Pause Full (Ergonomics) 9182M->9182M(9299M) 2666.731ms
[240.555s][info][gc,cpu         ] GC(399) User=20.70s Sys=0.00s Real=2.67s
[240.555s][info][gc,start       ] GC(400) Pause Full (Ergonomics)
[240.555s][info][gc,phases,start] GC(400) Marking Phase
[242.694s][info][gc,phases      ] GC(400) Marking Phase 2139.503ms
[242.694s][info][gc,phases,start] GC(400) Summary Phase
[242.695s][info][gc,phases      ] GC(400) Summary Phase 0.152ms
[242.695s][info][gc,phases,start] GC(400) Adjust Roots
[242.695s][info][gc,phases      ] GC(400) Adjust Roots 0.240ms
[242.695s][info][gc,phases,start] GC(400) Compaction Phase
[243.235s][info][gc,phases      ] GC(400) Compaction Phase 540.037ms
[243.235s][info][gc,phases,start] GC(400) Post Compact
[243.249s][info][gc,phases      ] GC(400) Post Compact 14.026ms
[243.249s][info][gc,heap        ] GC(400) PSYoungGen: 255121K(374272K)->255121K(374272K) Eden: 124416K(124416K)->124416K(124416K) From: 130705K(249856K)->130705K(249856K)
[243.249s][info][gc,heap        ] GC(400) ParOldGen: 9147892K(9147904K)->9147892K(9147904K)
[243.249s][info][gc,metaspace   ] GC(400) Metaspace: 6301K(6464K)->6301K(6464K) NonClass: 5768K(5824K)->5768K(5824K) Class: 533K(640K)->533K(640K)
[243.249s][info][gc             ] GC(400) Pause Full (Ergonomics) 9182M->9182M(9299M) 2694.424ms
[243.249s][info][gc,cpu         ] GC(400) User=20.77s Sys=0.00s Real=2.69s
[243.249s][info][gc,start       ] GC(401) Pause Full (Ergonomics)
[243.249s][info][gc,phases,start] GC(401) Marking Phase
[245.323s][info][gc,phases      ] GC(401) Marking Phase 2073.295ms
[245.323s][info][gc,phases,start] GC(401) Summary Phase
[245.323s][info][gc,phases      ] GC(401) Summary Phase 0.093ms
[245.323s][info][gc,phases,start] GC(401) Adjust Roots
[245.323s][info][gc,phases      ] GC(401) Adjust Roots 0.163ms
[245.323s][info][gc,phases,start] GC(401) Compaction Phase
[245.862s][info][gc,phases      ] GC(401) Compaction Phase 538.991ms
[245.862s][info][gc,phases,start] GC(401) Post Compact
[245.875s][info][gc,phases      ] GC(401) Post Compact 13.208ms
[245.875s][info][gc,heap        ] GC(401) PSYoungGen: 255121K(374272K)->255121K(374272K) Eden: 124416K(124416K)->124416K(124416K) From: 130705K(249856K)->130705K(249856K)
[245.875s][info][gc,heap        ] GC(401) ParOldGen: 9147897K(9147904K)->9147897K(9147904K)
[245.875s][info][gc,metaspace   ] GC(401) Metaspace: 6301K(6464K)->6301K(6464K) NonClass: 5768K(5824K)->5768K(5824K) Class: 533K(640K)->533K(640K)
[245.875s][info][gc             ] GC(401) Pause Full (Ergonomics) 9182M->9182M(9299M) 2626.090ms
[245.876s][info][gc,cpu         ] GC(401) User=20.38s Sys=0.00s Real=2.63s
[245.876s][info][gc,start       ] GC(402) Pause Full (Ergonomics)
[245.876s][info][gc,phases,start] GC(402) Marking Phase
[247.992s][info][gc,phases      ] GC(402) Marking Phase 2116.552ms
[247.992s][info][gc,phases,start] GC(402) Summary Phase
[247.992s][info][gc,phases      ] GC(402) Summary Phase 0.095ms
[247.992s][info][gc,phases,start] GC(402) Adjust Roots
[247.993s][info][gc,phases      ] GC(402) Adjust Roots 0.215ms
[247.993s][info][gc,phases,start] GC(402) Compaction Phase
[248.567s][info][gc,phases      ] GC(402) Compaction Phase 574.647ms
[248.567s][info][gc,phases,start] GC(402) Post Compact
[248.584s][info][gc,phases      ] GC(402) Post Compact 16.664ms
[248.584s][info][gc,heap        ] GC(402) PSYoungGen: 255121K(374272K)->255121K(374272K) Eden: 124416K(124416K)->124416K(124416K) From: 130705K(249856K)->130705K(249856K)
[248.584s][info][gc,heap        ] GC(402) ParOldGen: 9147902K(9147904K)->9147902K(9147904K)
[248.584s][info][gc,metaspace   ] GC(402) Metaspace: 6301K(6464K)->6301K(6464K) NonClass: 5768K(5824K)->5768K(5824K) Class: 533K(640K)->533K(640K)
[248.584s][info][gc             ] GC(402) Pause Full (Ergonomics) 9182M->9182M(9299M) 2708.530ms
[248.584s][info][gc,cpu         ] GC(402) User=20.66s Sys=0.00s Real=2.71s
[248.584s][info][gc,start       ] GC(403) Pause Full (Ergonomics)
[248.584s][info][gc,phases,start] GC(403) Marking Phase
[250.692s][info][gc,phases      ] GC(403) Marking Phase 2108.072ms
[250.693s][info][gc,phases,start] GC(403) Summary Phase
[250.693s][info][gc,phases      ] GC(403) Summary Phase 0.135ms
[250.693s][info][gc,phases,start] GC(403) Adjust Roots
[250.693s][info][gc,phases      ] GC(403) Adjust Roots 0.427ms
[250.693s][info][gc,phases,start] GC(403) Compaction Phase
[251.245s][info][gc,phases      ] GC(403) Compaction Phase 551.964ms
[251.245s][info][gc,phases,start] GC(403) Post Compact
[251.259s][info][gc,phases      ] GC(403) Post Compact 13.814ms
[251.259s][info][gc,heap        ] GC(403) PSYoungGen: 255121K(374272K)->255121K(374272K) Eden: 124416K(124416K)->124416K(124416K) From: 130705K(249856K)->130705K(249856K)
[251.259s][info][gc,heap        ] GC(403) ParOldGen: 9147903K(9147904K)->9147903K(9147904K)
[251.259s][info][gc,metaspace   ] GC(403) Metaspace: 6301K(6464K)->6301K(6464K) NonClass: 5768K(5824K)->5768K(5824K) Class: 533K(640K)->533K(640K)
[251.259s][info][gc             ] GC(403) Pause Full (Ergonomics) 9182M->9182M(9299M) 2674.816ms
[251.259s][info][gc,cpu         ] GC(403) User=20.50s Sys=0.03s Real=2.67s
[251.259s][info][gc,start       ] GC(404) Pause Full (Allocation Failure)
[251.259s][info][gc,phases,start] GC(404) Marking Phase
[253.367s][info][gc,phases      ] GC(404) Marking Phase 2108.125ms
[253.367s][info][gc,phases,start] GC(404) Summary Phase
[253.368s][info][gc,phases      ] GC(404) Summary Phase 0.120ms
[253.368s][info][gc,phases,start] GC(404) Adjust Roots
[253.368s][info][gc,phases      ] GC(404) Adjust Roots 0.463ms
[253.368s][info][gc,phases,start] GC(404) Compaction Phase
[255.691s][info][gc,phases      ] GC(404) Compaction Phase 2322.893ms
[255.691s][info][gc,phases,start] GC(404) Post Compact
[255.705s][info][gc,phases      ] GC(404) Post Compact 14.078ms
[255.705s][info][gc,heap        ] GC(404) PSYoungGen: 255121K(374272K)->255121K(374272K) Eden: 124416K(124416K)->124416K(124416K) From: 130705K(249856K)->130705K(249856K)
[255.705s][info][gc,heap        ] GC(404) ParOldGen: 9147903K(9147904K)->9147899K(9147904K)
[255.705s][info][gc,metaspace   ] GC(404) Metaspace: 6301K(6464K)->6300K(6464K) NonClass: 5768K(5824K)->5767K(5824K) Class: 533K(640K)->532K(640K)
[255.705s][info][gc             ] GC(404) Pause Full (Allocation Failure) 9182M->9182M(9299M) 4446.053ms
[255.705s][info][gc,cpu         ] GC(404) User=33.48s Sys=0.02s Real=4.45s
[255.706s][info][gc,start       ] GC(405) Pause Full (Ergonomics)
[255.706s][info][gc,phases,start] GC(405) Marking Phase
[257.826s][info][gc,phases      ] GC(405) Marking Phase 2120.073ms
[257.826s][info][gc,phases,start] GC(405) Summary Phase
[257.826s][info][gc,phases      ] GC(405) Summary Phase 0.128ms
[257.826s][info][gc,phases,start] GC(405) Adjust Roots
[257.826s][info][gc,phases      ] GC(405) Adjust Roots 0.207ms
[257.826s][info][gc,phases,start] GC(405) Compaction Phase
[258.363s][info][gc,phases      ] GC(405) Compaction Phase 536.156ms
[258.363s][info][gc,phases,start] GC(405) Post Compact
[258.376s][info][gc,phases      ] GC(405) Post Compact 13.030ms
[258.376s][info][gc,heap        ] GC(405) PSYoungGen: 255121K(374272K)->255121K(374272K) Eden: 124416K(124416K)->124416K(124416K) From: 130705K(249856K)->130705K(249856K)
[258.376s][info][gc,heap        ] GC(405) ParOldGen: 9147902K(9147904K)->9147902K(9147904K)
[258.376s][info][gc,metaspace   ] GC(405) Metaspace: 6300K(6464K)->6300K(6464K) NonClass: 5767K(5824K)->5767K(5824K) Class: 532K(640K)->532K(640K)
[258.376s][info][gc             ] GC(405) Pause Full (Ergonomics) 9182M->9182M(9299M) 2670.011ms
[258.376s][info][gc,cpu         ] GC(405) User=20.66s Sys=0.00s Real=2.67s
[258.376s][info][gc,start       ] GC(406) Pause Full (Ergonomics)
[258.376s][info][gc,phases,start] GC(406) Marking Phase
[260.503s][info][gc,phases      ] GC(406) Marking Phase 2126.598ms
[260.503s][info][gc,phases,start] GC(406) Summary Phase
[260.503s][info][gc,phases      ] GC(406) Summary Phase 0.098ms
[260.503s][info][gc,phases,start] GC(406) Adjust Roots
[260.503s][info][gc,phases      ] GC(406) Adjust Roots 0.198ms
[260.503s][info][gc,phases,start] GC(406) Compaction Phase
[261.058s][info][gc,phases      ] GC(406) Compaction Phase 554.964ms
[261.058s][info][gc,phases,start] GC(406) Post Compact
[261.072s][info][gc,phases      ] GC(406) Post Compact 13.989ms
[261.072s][info][gc,heap        ] GC(406) PSYoungGen: 255121K(374272K)->255121K(374272K) Eden: 124416K(124416K)->124416K(124416K) From: 130705K(249856K)->130705K(249856K)
[261.072s][info][gc,heap        ] GC(406) ParOldGen: 9147903K(9147904K)->9147903K(9147904K)
[261.072s][info][gc,metaspace   ] GC(406) Metaspace: 6300K(6464K)->6300K(6464K) NonClass: 5767K(5824K)->5767K(5824K) Class: 532K(640K)->532K(640K)
[261.072s][info][gc             ] GC(406) Pause Full (Ergonomics) 9182M->9182M(9299M) 2696.211ms
[261.072s][info][gc,cpu         ] GC(406) User=20.62s Sys=0.00s Real=2.70s
[261.072s][info][gc,start       ] GC(407) Pause Full (Allocation Failure)
[261.072s][info][gc,phases,start] GC(407) Marking Phase
[263.179s][info][gc,phases      ] GC(407) Marking Phase 2107.051ms
[263.180s][info][gc,phases,start] GC(407) Summary Phase
[263.180s][info][gc,phases      ] GC(407) Summary Phase 0.088ms
[263.180s][info][gc,phases,start] GC(407) Adjust Roots
[263.180s][info][gc,phases      ] GC(407) Adjust Roots 0.160ms
[263.180s][info][gc,phases,start] GC(407) Compaction Phase
[263.717s][info][gc,phases      ] GC(407) Compaction Phase 537.189ms
[263.717s][info][gc,phases,start] GC(407) Post Compact
[263.731s][info][gc,phases      ] GC(407) Post Compact 14.229ms
[263.731s][info][gc,heap        ] GC(407) PSYoungGen: 255121K(374272K)->255121K(374272K) Eden: 124416K(124416K)->124416K(124416K) From: 130705K(249856K)->130705K(249856K)
[263.731s][info][gc,heap        ] GC(407) ParOldGen: 9147903K(9147904K)->9147903K(9147904K)
[263.731s][info][gc,metaspace   ] GC(407) Metaspace: 6300K(6464K)->6300K(6464K) NonClass: 5767K(5824K)->5767K(5824K) Class: 532K(640K)->532K(640K)
[263.731s][info][gc             ] GC(407) Pause Full (Allocation Failure) 9182M->9182M(9299M) 2659.054ms
[263.731s][info][gc,cpu         ] GC(407) User=20.67s Sys=0.00s Real=2.66s
[263.732s][info][gc,start       ] GC(408) Pause Full (Ergonomics)
[263.732s][info][gc,phases,start] GC(408) Marking Phase
[265.839s][info][gc,phases      ] GC(408) Marking Phase 2107.525ms
[265.840s][info][gc,phases,start] GC(408) Summary Phase
[265.840s][info][gc,phases      ] GC(408) Summary Phase 0.091ms
[265.840s][info][gc,phases,start] GC(408) Adjust Roots
[265.840s][info][gc,phases      ] GC(408) Adjust Roots 0.239ms
[265.840s][info][gc,phases,start] GC(408) Compaction Phase
[268.183s][info][gc,phases      ] GC(408) Compaction Phase 2343.362ms
[268.183s][info][gc,phases,start] GC(408) Post Compact
[268.197s][info][gc,phases      ] GC(408) Post Compact 14.123ms
[268.198s][info][gc,heap        ] GC(408) PSYoungGen: 255121K(374272K)->255121K(374272K) Eden: 124416K(124416K)->124416K(124416K) From: 130705K(249856K)->130705K(249856K)
[268.198s][info][gc,heap        ] GC(408) ParOldGen: 9147904K(9147904K)->9147902K(9147904K)
[268.198s][info][gc,metaspace   ] GC(408) Metaspace: 6300K(6464K)->6300K(6464K) NonClass: 5767K(5824K)->5767K(5824K) Class: 532K(640K)->532K(640K)
[268.198s][info][gc             ] GC(408) Pause Full (Ergonomics) 9182M->9182M(9299M) 4465.697ms
[268.198s][info][gc,cpu         ] GC(408) User=33.81s Sys=0.03s Real=4.47s
[268.199s][info][gc,start       ] GC(409) Pause Full (Ergonomics)
[268.199s][info][gc,phases,start] GC(409) Marking Phase
[270.329s][info][gc,phases      ] GC(409) Marking Phase 2130.459ms
[270.329s][info][gc,phases,start] GC(409) Summary Phase
[270.329s][info][gc,phases      ] GC(409) Summary Phase 0.102ms
[270.329s][info][gc,phases,start] GC(409) Adjust Roots
[270.330s][info][gc,phases      ] GC(409) Adjust Roots 0.268ms
[270.330s][info][gc,phases,start] GC(409) Compaction Phase
[272.663s][info][gc,phases      ] GC(409) Compaction Phase 2333.422ms
[272.663s][info][gc,phases,start] GC(409) Post Compact
[272.678s][info][gc,phases      ] GC(409) Post Compact 14.599ms
[272.678s][info][gc,heap        ] GC(409) PSYoungGen: 255121K(374272K)->255121K(374272K) Eden: 124416K(124416K)->124416K(124416K) From: 130705K(249856K)->130705K(249856K)
[272.678s][info][gc,heap        ] GC(409) ParOldGen: 9147903K(9147904K)->9147901K(9147904K)
[272.678s][info][gc,metaspace   ] GC(409) Metaspace: 6301K(6464K)->6301K(6464K) NonClass: 5767K(5824K)->5767K(5824K) Class: 533K(640K)->533K(640K)
[272.678s][info][gc             ] GC(409) Pause Full (Ergonomics) 9182M->9182M(9299M) 4479.430ms
[272.678s][info][gc,cpu         ] GC(409) User=33.56s Sys=0.03s Real=4.48s
[272.679s][info][gc,heap,exit   ] Heap
[272.679s][info][gc,heap,exit   ]  PSYoungGen      total 374272K, used 255121K [0x00000006e8d80000, 0x000000072e980000, 0x0000000800000000)
[272.679s][info][gc,heap,exit   ]   eden space 124416K, 100% used [0x00000006e8d80000,0x00000006f0700000,0x00000006f0700000)
[272.679s][info][gc,heap,exit   ]   from space 249856K, 52% used [0x00000006f0700000,0x00000006f86a45a0,0x00000006ffb00000)
[272.679s][info][gc,heap,exit   ]   to   space 501248K, 0% used [0x0000000710000000,0x0000000710000000,0x000000072e980000)
[272.679s][info][gc,heap,exit   ]  ParOldGen       total 9147904K, used 9147901K [0x00000004ba800000, 0x00000006e8d80000, 0x00000006e8d80000)
[272.679s][info][gc,heap,exit   ]   object space 9147904K, 99% used [0x00000004ba800000,0x00000006e8d7f7e0,0x00000006e8d80000)
[272.679s][info][gc,heap,exit   ]  Metaspace       used 6304K, committed 6528K, reserved 1114112K
[272.679s][info][gc,heap,exit   ]   class space    used 534K, committed 640K, reserved 1048576K
