[0.012s][info][gc,init] CardTable entry size: 512
[0.012s][info][gc     ] Using Serial
[0.012s][info][gc,init] Version: 18.0.1+10 (release)
[0.012s][info][gc,init] CPUs: 8 total, 8 available
[0.012s][info][gc,init] Memory: 16063M
[0.012s][info][gc,init] Large Page Support: Disabled
[0.012s][info][gc,init] NUMA Support: Disabled
[0.012s][info][gc,init] Compressed Oops: Enabled (Zero based)
[0.012s][info][gc,init] Heap Min Capacity: 2M
[0.012s][info][gc,init] Heap Initial Capacity: 2M
[0.012s][info][gc,init] Heap Max Capacity: 5000M
[0.012s][info][gc,init] Pre-touch: Disabled
[0.013s][info][gc,metaspace] CDS archive(s) not mapped
[0.013s][info][gc,metaspace] Compressed class space mapped at: 0x0000000800000000-0x0000000840000000, reserved size: 1073741824
[0.013s][info][gc,metaspace] Narrow klass base: 0x0000000800000000, Narrow klass shift: 0, Narrow klass range: 0x40000000
[0.180s][info][gc,start    ] GC(0) Pause Young (Allocation Failure)
[0.182s][info][gc,heap     ] GC(0) DefNew: 1023K(1152K)->127K(1152K) Eden: 1023K(1024K)->0K(1024K) From: 0K(128K)->127K(128K)
[0.183s][info][gc,heap     ] GC(0) Tenured: 0K(768K)->439K(768K)
[0.183s][info][gc,metaspace] GC(0) Metaspace: 5897K(6016K)->5897K(6016K) NonClass: 5398K(5504K)->5398K(5504K) Class: 499K(512K)->499K(512K)
[0.183s][info][gc          ] GC(0) Pause Young (Allocation Failure) 0M->0M(1M) 2.804ms
[0.183s][info][gc,cpu      ] GC(0) User=0.00s Sys=0.00s Real=0.00s
[0.202s][info][gc,start    ] GC(1) Pause Young (Allocation Failure)
[0.203s][info][gc          ] GC(1) Pause Young (Allocation Failure) 1M->0M(2M) 1.177ms
[0.203s][info][gc,cpu      ] GC(1) User=0.00s Sys=0.00s Real=0.00s
[0.203s][info][gc,start    ] GC(2) Pause Full (Allocation Failure)
[0.203s][info][gc,phases,start] GC(2) Phase 1: Mark live objects
[0.204s][info][gc,phases      ] GC(2) Phase 1: Mark live objects 0.881ms
[0.204s][info][gc,phases,start] GC(2) Phase 2: Compute new object addresses
[0.205s][info][gc,phases      ] GC(2) Phase 2: Compute new object addresses 0.213ms
[0.205s][info][gc,phases,start] GC(2) Phase 3: Adjust pointers
[0.205s][info][gc,phases      ] GC(2) Phase 3: Adjust pointers 0.449ms
[0.205s][info][gc,phases,start] GC(2) Phase 4: Move objects
[0.205s][info][gc,phases      ] GC(2) Phase 4: Move objects 0.060ms
[0.205s][info][gc,heap        ] GC(2) DefNew: 1151K(1152K)->40K(1152K) Eden: 1024K(1024K)->40K(1024K) From: 127K(128K)->0K(128K)
[0.205s][info][gc,heap        ] GC(2) Tenured: 439K(768K)->959K(1600K)
[0.205s][info][gc,metaspace   ] GC(2) Metaspace: 6296K(6464K)->6296K(6464K) NonClass: 5763K(5824K)->5763K(5824K) Class: 533K(640K)->533K(640K)
[0.205s][info][gc             ] GC(2) Pause Full (Allocation Failure) 0M->0M(2M) 1.875ms
[0.205s][info][gc,cpu         ] GC(2) User=0.00s Sys=0.00s Real=0.00s
[0.207s][info][gc,start       ] GC(3) Pause Young (Allocation Failure)
[0.210s][info][gc,heap        ] GC(3) DefNew: 1024K(1152K)->128K(1152K) Eden: 1024K(1024K)->0K(1024K) From: 0K(128K)->128K(128K)
[0.210s][info][gc,heap        ] GC(3) Tenured: 959K(1600K)->1375K(1600K)
[0.210s][info][gc,metaspace   ] GC(3) Metaspace: 6296K(6464K)->6296K(6464K) NonClass: 5763K(5824K)->5763K(5824K) Class: 533K(640K)->533K(640K)
[0.210s][info][gc             ] GC(3) Pause Young (Allocation Failure) 1M->1M(2M) 2.375ms
[0.210s][info][gc,cpu         ] GC(3) User=0.00s Sys=0.00s Real=0.00s
[0.211s][info][gc,start       ] GC(4) Pause Young (Allocation Failure)
[0.213s][info][gc             ] GC(4) Pause Young (Allocation Failure) 2M->1M(3M) 1.956ms
[0.213s][info][gc,cpu         ] GC(4) User=0.00s Sys=0.00s Real=0.00s
[0.213s][info][gc,start       ] GC(5) Pause Full (Allocation Failure)
[0.213s][info][gc,phases,start] GC(5) Phase 1: Mark live objects
[0.216s][info][gc,phases      ] GC(5) Phase 1: Mark live objects 2.437ms
[0.216s][info][gc,phases,start] GC(5) Phase 2: Compute new object addresses
[0.216s][info][gc,phases      ] GC(5) Phase 2: Compute new object addresses 0.631ms
[0.216s][info][gc,phases,start] GC(5) Phase 3: Adjust pointers
[0.217s][info][gc,phases      ] GC(5) Phase 3: Adjust pointers 0.847ms
[0.217s][info][gc,phases,start] GC(5) Phase 4: Move objects
[0.218s][info][gc,phases      ] GC(5) Phase 4: Move objects 0.080ms
[0.218s][info][gc,heap        ] GC(5) DefNew: 1152K(1152K)->35K(1536K) Eden: 1024K(1024K)->35K(1408K) From: 128K(128K)->0K(128K)
[0.218s][info][gc,heap        ] GC(5) Tenured: 1375K(1600K)->1983K(3308K)
[0.218s][info][gc,metaspace   ] GC(5) Metaspace: 6296K(6464K)->6296K(6464K) NonClass: 5763K(5824K)->5763K(5824K) Class: 533K(640K)->533K(640K)
[0.218s][info][gc             ] GC(5) Pause Full (Allocation Failure) 1M->1M(4M) 4.464ms
[0.218s][info][gc,cpu         ] GC(5) User=0.00s Sys=0.00s Real=0.00s
[0.220s][info][gc,start       ] GC(6) Pause Young (Allocation Failure)
[0.223s][info][gc,heap        ] GC(6) DefNew: 1408K(1536K)->127K(1536K) Eden: 1408K(1408K)->0K(1408K) From: 0K(128K)->127K(128K)
[0.223s][info][gc,heap        ] GC(6) Tenured: 1983K(3308K)->2617K(3308K)
[0.223s][info][gc,metaspace   ] GC(6) Metaspace: 6296K(6464K)->6296K(6464K) NonClass: 5763K(5824K)->5763K(5824K) Class: 533K(640K)->533K(640K)
[0.223s][info][gc             ] GC(6) Pause Young (Allocation Failure) 3M->2M(4M) 3.250ms
[0.223s][info][gc,cpu         ] GC(6) User=0.00s Sys=0.00s Real=0.00s
[0.225s][info][gc,start       ] GC(7) Pause Young (Allocation Failure)
[0.227s][info][gc             ] GC(7) Pause Young (Allocation Failure) 4M->3M(4M) 1.694ms
[0.227s][info][gc,cpu         ] GC(7) User=0.00s Sys=0.00s Real=0.00s
[0.227s][info][gc,start       ] GC(8) Pause Full (Allocation Failure)
[0.227s][info][gc,phases,start] GC(8) Phase 1: Mark live objects
[0.229s][info][gc,phases      ] GC(8) Phase 1: Mark live objects 2.421ms
[0.229s][info][gc,phases,start] GC(8) Phase 2: Compute new object addresses
[0.230s][info][gc,phases      ] GC(8) Phase 2: Compute new object addresses 0.687ms
[0.230s][info][gc,phases,start] GC(8) Phase 3: Adjust pointers
[0.231s][info][gc,phases      ] GC(8) Phase 3: Adjust pointers 1.342ms
[0.231s][info][gc,phases,start] GC(8) Phase 4: Move objects
[0.231s][info][gc,phases      ] GC(8) Phase 4: Move objects 0.099ms
[0.231s][info][gc,heap        ] GC(8) DefNew: 1535K(1536K)->0K(2688K) Eden: 1408K(1408K)->0K(2432K) From: 127K(128K)->0K(256K)
[0.232s][info][gc,heap        ] GC(8) Tenured: 2617K(3308K)->3460K(5768K)
[0.232s][info][gc,metaspace   ] GC(8) Metaspace: 6296K(6464K)->6296K(6464K) NonClass: 5763K(5824K)->5763K(5824K) Class: 533K(640K)->533K(640K)
[0.232s][info][gc             ] GC(8) Pause Full (Allocation Failure) 3M->3M(8M) 4.954ms
[0.232s][info][gc,cpu         ] GC(8) User=0.02s Sys=0.00s Real=0.00s
[0.236s][info][gc,start       ] GC(9) Pause Young (Allocation Failure)
[0.239s][info][gc,heap        ] GC(9) DefNew: 2431K(2688K)->255K(2688K) Eden: 2431K(2432K)->0K(2432K) From: 0K(256K)->255K(256K)
[0.239s][info][gc,heap        ] GC(9) Tenured: 3460K(5768K)->4512K(5768K)
[0.239s][info][gc,metaspace   ] GC(9) Metaspace: 6296K(6464K)->6296K(6464K) NonClass: 5763K(5824K)->5763K(5824K) Class: 533K(640K)->533K(640K)
[0.239s][info][gc             ] GC(9) Pause Young (Allocation Failure) 5M->4M(8M) 2.928ms
[0.239s][info][gc,cpu         ] GC(9) User=0.00s Sys=0.00s Real=0.00s
[0.244s][info][gc,start       ] GC(10) Pause Young (Allocation Failure)
[0.247s][info][gc,heap        ] GC(10) DefNew: 2687K(2688K)->256K(2688K) Eden: 2432K(2432K)->0K(2432K) From: 255K(256K)->256K(256K)
[0.247s][info][gc,heap        ] GC(10) Tenured: 4512K(5768K)->5755K(5768K)
[0.247s][info][gc,metaspace   ] GC(10) Metaspace: 6296K(6464K)->6296K(6464K) NonClass: 5763K(5824K)->5763K(5824K) Class: 533K(640K)->533K(640K)
[0.247s][info][gc             ] GC(10) Pause Young (Allocation Failure) 7M->5M(8M) 3.475ms
[0.247s][info][gc,cpu         ] GC(10) User=0.00s Sys=0.00s Real=0.00s
[0.252s][info][gc,start       ] GC(11) Pause Young (Allocation Failure)
[0.256s][info][gc             ] GC(11) Pause Young (Allocation Failure) 8M->7M(9M) 3.877ms
[0.256s][info][gc,cpu         ] GC(11) User=0.00s Sys=0.00s Real=0.00s
[0.256s][info][gc,start       ] GC(12) Pause Full (Allocation Failure)
[0.256s][info][gc,phases,start] GC(12) Phase 1: Mark live objects
[0.261s][info][gc,phases      ] GC(12) Phase 1: Mark live objects 4.779ms
[0.261s][info][gc,phases,start] GC(12) Phase 2: Compute new object addresses
[0.262s][info][gc,phases      ] GC(12) Phase 2: Compute new object addresses 1.312ms
[0.262s][info][gc,phases,start] GC(12) Phase 3: Adjust pointers
[0.264s][info][gc,phases      ] GC(12) Phase 3: Adjust pointers 1.913ms
[0.264s][info][gc,phases,start] GC(12) Phase 4: Move objects
[0.266s][info][gc,phases      ] GC(12) Phase 4: Move objects 1.714ms
[0.266s][info][gc,heap        ] GC(12) DefNew: 2688K(2688K)->0K(5376K) Eden: 2432K(2432K)->0K(4800K) From: 256K(256K)->0K(576K)
[0.266s][info][gc,heap        ] GC(12) Tenured: 5755K(5768K)->7132K(11888K)
[0.266s][info][gc,metaspace   ] GC(12) Metaspace: 6296K(6464K)->6296K(6464K) NonClass: 5763K(5824K)->5763K(5824K) Class: 533K(640K)->533K(640K)
[0.266s][info][gc             ] GC(12) Pause Full (Allocation Failure) 7M->6M(16M) 10.245ms
[0.266s][info][gc,cpu         ] GC(12) User=0.02s Sys=0.00s Real=0.01s
[0.273s][info][gc,start       ] GC(13) Pause Young (Allocation Failure)
[0.279s][info][gc,heap        ] GC(13) DefNew: 4800K(5376K)->575K(5376K) Eden: 4800K(4800K)->0K(4800K) From: 0K(576K)->575K(576K)
[0.279s][info][gc,heap        ] GC(13) Tenured: 7132K(11888K)->9027K(11888K)
[0.279s][info][gc,metaspace   ] GC(13) Metaspace: 6296K(6464K)->6296K(6464K) NonClass: 5763K(5824K)->5763K(5824K) Class: 533K(640K)->533K(640K)
[0.279s][info][gc             ] GC(13) Pause Young (Allocation Failure) 11M->9M(16M) 5.858ms
[0.279s][info][gc,cpu         ] GC(13) User=0.00s Sys=0.00s Real=0.01s
[0.285s][info][gc,start       ] GC(14) Pause Young (Allocation Failure)
[0.291s][info][gc,heap        ] GC(14) DefNew: 5375K(5376K)->576K(5376K) Eden: 4800K(4800K)->0K(4800K) From: 575K(576K)->576K(576K)
[0.292s][info][gc,heap        ] GC(14) Tenured: 9027K(11888K)->11746K(11888K)
[0.292s][info][gc,metaspace   ] GC(14) Metaspace: 6296K(6464K)->6296K(6464K) NonClass: 5763K(5824K)->5763K(5824K) Class: 533K(640K)->533K(640K)
[0.292s][info][gc             ] GC(14) Pause Young (Allocation Failure) 14M->12M(16M) 6.734ms
[0.292s][info][gc,cpu         ] GC(14) User=0.00s Sys=0.00s Real=0.01s
[0.296s][info][gc,start       ] GC(15) Pause Young (Allocation Failure)
[0.303s][info][gc             ] GC(15) Pause Young (Allocation Failure) 16M->14M(19M) 6.574ms
[0.303s][info][gc,cpu         ] GC(15) User=0.00s Sys=0.00s Real=0.01s
[0.303s][info][gc,start       ] GC(16) Pause Full (Allocation Failure)
[0.303s][info][gc,phases,start] GC(16) Phase 1: Mark live objects
[0.312s][info][gc,phases      ] GC(16) Phase 1: Mark live objects 9.139ms
[0.312s][info][gc,phases,start] GC(16) Phase 2: Compute new object addresses
[0.315s][info][gc,phases      ] GC(16) Phase 2: Compute new object addresses 2.707ms
[0.315s][info][gc,phases,start] GC(16) Phase 3: Adjust pointers
[0.318s][info][gc,phases      ] GC(16) Phase 3: Adjust pointers 2.872ms
[0.318s][info][gc,phases,start] GC(16) Phase 4: Move objects
[0.318s][info][gc,phases      ] GC(16) Phase 4: Move objects 0.184ms
[0.318s][info][gc,heap        ] GC(16) DefNew: 5376K(5376K)->386K(10880K) Eden: 4800K(4800K)->386K(9728K) From: 576K(576K)->0K(1152K)
[0.318s][info][gc,heap        ] GC(16) Tenured: 11746K(11888K)->14384K(23976K)
[0.318s][info][gc,metaspace   ] GC(16) Metaspace: 6298K(6464K)->6298K(6464K) NonClass: 5765K(5824K)->5765K(5824K) Class: 533K(640K)->533K(640K)
[0.318s][info][gc             ] GC(16) Pause Full (Allocation Failure) 14M->14M(34M) 15.427ms
[0.318s][info][gc,cpu         ] GC(16) User=0.02s Sys=0.00s Real=0.02s
[0.325s][info][gc,start       ] GC(17) Pause Young (Allocation Failure)
[0.338s][info][gc,heap        ] GC(17) DefNew: 9728K(10880K)->1151K(10880K) Eden: 9728K(9728K)->0K(9728K) From: 0K(1152K)->1151K(1152K)
[0.338s][info][gc,heap        ] GC(17) Tenured: 14384K(23976K)->18415K(23976K)
[0.338s][info][gc,metaspace   ] GC(17) Metaspace: 6298K(6464K)->6298K(6464K) NonClass: 5765K(5824K)->5765K(5824K) Class: 533K(640K)->533K(640K)
[0.338s][info][gc             ] GC(17) Pause Young (Allocation Failure) 23M->19M(34M) 12.673ms
[0.338s][info][gc,cpu         ] GC(17) User=0.00s Sys=0.00s Real=0.01s
[0.345s][info][gc,start       ] GC(18) Pause Young (Allocation Failure)
[0.356s][info][gc,heap        ] GC(18) DefNew: 10879K(10880K)->1151K(10880K) Eden: 9728K(9728K)->0K(9728K) From: 1151K(1152K)->1151K(1152K)
[0.357s][info][gc,heap        ] GC(18) Tenured: 18415K(23976K)->23936K(23976K)
[0.357s][info][gc,metaspace   ] GC(18) Metaspace: 6298K(6464K)->6298K(6464K) NonClass: 5765K(5824K)->5765K(5824K) Class: 533K(640K)->533K(640K)
[0.357s][info][gc             ] GC(18) Pause Young (Allocation Failure) 28M->24M(34M) 11.439ms
[0.357s][info][gc,cpu         ] GC(18) User=0.00s Sys=0.00s Real=0.01s
[0.362s][info][gc,start       ] GC(19) Pause Young (Allocation Failure)
[0.373s][info][gc             ] GC(19) Pause Young (Allocation Failure) 34M->29M(38M) 11.451ms
[0.373s][info][gc,cpu         ] GC(19) User=0.00s Sys=0.00s Real=0.01s
[0.373s][info][gc,start       ] GC(20) Pause Full (Allocation Failure)
[0.373s][info][gc,phases,start] GC(20) Phase 1: Mark live objects
[0.387s][info][gc,phases      ] GC(20) Phase 1: Mark live objects 14.083ms
[0.387s][info][gc,phases,start] GC(20) Phase 2: Compute new object addresses
[0.392s][info][gc,phases      ] GC(20) Phase 2: Compute new object addresses 4.676ms
[0.392s][info][gc,phases,start] GC(20) Phase 3: Adjust pointers
[0.397s][info][gc,phases      ] GC(20) Phase 3: Adjust pointers 5.354ms
[0.398s][info][gc,phases,start] GC(20) Phase 4: Move objects
[0.398s][info][gc,phases      ] GC(20) Phase 4: Move objects 0.188ms
[0.398s][info][gc,heap        ] GC(20) DefNew: 10879K(10880K)->1080K(21888K) Eden: 9728K(9728K)->1080K(19520K) From: 1151K(1152K)->0K(2368K)
[0.398s][info][gc,heap        ] GC(20) Tenured: 23936K(23976K)->29036K(48396K)
[0.398s][info][gc,metaspace   ] GC(20) Metaspace: 6298K(6464K)->6298K(6464K) NonClass: 5765K(5824K)->5765K(5824K) Class: 533K(640K)->533K(640K)
[0.398s][info][gc             ] GC(20) Pause Full (Allocation Failure) 29M->29M(68M) 24.680ms
[0.398s][info][gc,cpu         ] GC(20) User=0.03s Sys=0.00s Real=0.03s
[0.412s][info][gc,start       ] GC(21) Pause Young (Allocation Failure)
[0.439s][info][gc,heap        ] GC(21) DefNew: 19520K(21888K)->2368K(21888K) Eden: 19520K(19520K)->0K(19520K) From: 0K(2368K)->2368K(2368K)
[0.439s][info][gc,heap        ] GC(21) Tenured: 29036K(48396K)->39353K(48396K)
[0.439s][info][gc,metaspace   ] GC(21) Metaspace: 6298K(6464K)->6298K(6464K) NonClass: 5765K(5824K)->5765K(5824K) Class: 533K(640K)->533K(640K)
[0.439s][info][gc             ] GC(21) Pause Young (Allocation Failure) 47M->40M(68M) 27.090ms
[0.439s][info][gc,cpu         ] GC(21) User=0.00s Sys=0.00s Real=0.03s
[0.457s][info][gc,start       ] GC(22) Pause Young (Allocation Failure)
[0.493s][info][gc             ] GC(22) Pause Young (Allocation Failure) 59M->59M(78M) 36.036ms
[0.493s][info][gc,cpu         ] GC(22) User=0.03s Sys=0.00s Real=0.04s
[0.493s][info][gc,start       ] GC(23) Pause Full (Allocation Failure)
[0.493s][info][gc,phases,start] GC(23) Phase 1: Mark live objects
[0.519s][info][gc,phases      ] GC(23) Phase 1: Mark live objects 25.614ms
[0.519s][info][gc,phases,start] GC(23) Phase 2: Compute new object addresses
[0.529s][info][gc,phases      ] GC(23) Phase 2: Compute new object addresses 9.605ms
[0.529s][info][gc,phases,start] GC(23) Phase 3: Adjust pointers
[0.540s][info][gc,phases      ] GC(23) Phase 3: Adjust pointers 11.517ms
[0.540s][info][gc,phases,start] GC(23) Phase 4: Move objects
[0.541s][info][gc,phases      ] GC(23) Phase 4: Move objects 0.391ms
[0.541s][info][gc,heap        ] GC(23) DefNew: 21888K(21888K)->2254K(44288K) Eden: 19520K(19520K)->2254K(39424K) From: 2368K(2368K)->0K(4864K)
[0.541s][info][gc,heap        ] GC(23) Tenured: 39353K(48396K)->58955K(98260K)
[0.541s][info][gc,metaspace   ] GC(23) Metaspace: 6298K(6464K)->6298K(6464K) NonClass: 5765K(5824K)->5765K(5824K) Class: 533K(640K)->533K(640K)
[0.541s][info][gc             ] GC(23) Pause Full (Allocation Failure) 59M->59M(139M) 47.740ms
[0.541s][info][gc,cpu         ] GC(23) User=0.03s Sys=0.00s Real=0.05s
[0.585s][info][gc,start       ] GC(24) Pause Young (Allocation Failure)
[0.646s][info][gc,heap        ] GC(24) DefNew: 39424K(44288K)->4863K(44288K) Eden: 39424K(39424K)->0K(39424K) From: 0K(4864K)->4863K(4864K)
[0.646s][info][gc,heap        ] GC(24) Tenured: 58955K(98260K)->93487K(98260K)
[0.646s][info][gc,metaspace   ] GC(24) Metaspace: 6298K(6464K)->6298K(6464K) NonClass: 5765K(5824K)->5765K(5824K) Class: 533K(640K)->533K(640K)
[0.646s][info][gc             ] GC(24) Pause Young (Allocation Failure) 96M->96M(139M) 61.254ms
[0.646s][info][gc,cpu         ] GC(24) User=0.05s Sys=0.00s Real=0.06s
[0.680s][info][gc,start       ] GC(25) Pause Young (Allocation Failure)
[0.750s][info][gc             ] GC(25) Pause Young (Allocation Failure) 134M->134M(173M) 69.389ms
[0.750s][info][gc,cpu         ] GC(25) User=0.05s Sys=0.03s Real=0.07s
[0.750s][info][gc,start       ] GC(26) Pause Full (Allocation Failure)
[0.750s][info][gc,phases,start] GC(26) Phase 1: Mark live objects
[0.814s][info][gc,phases      ] GC(26) Phase 1: Mark live objects 64.199ms
[0.814s][info][gc,phases,start] GC(26) Phase 2: Compute new object addresses
[0.839s][info][gc,phases      ] GC(26) Phase 2: Compute new object addresses 24.490ms
[0.839s][info][gc,phases,start] GC(26) Phase 3: Adjust pointers
[0.870s][info][gc,phases      ] GC(26) Phase 3: Adjust pointers 31.224ms
[0.870s][info][gc,phases,start] GC(26) Phase 4: Move objects
[0.895s][info][gc,phases      ] GC(26) Phase 4: Move objects 24.715ms
[0.895s][info][gc,heap        ] GC(26) DefNew: 44287K(44288K)->1014K(99712K) Eden: 39424K(39424K)->1014K(88640K) From: 4863K(4864K)->0K(11072K)
[0.895s][info][gc,heap        ] GC(26) Tenured: 93487K(98260K)->132887K(221480K)
[0.895s][info][gc,metaspace   ] GC(26) Metaspace: 6298K(6464K)->6298K(6464K) NonClass: 5765K(5824K)->5765K(5824K) Class: 533K(640K)->533K(640K)
[0.895s][info][gc             ] GC(26) Pause Full (Allocation Failure) 134M->130M(313M) 145.578ms
[0.895s][info][gc,cpu         ] GC(26) User=0.09s Sys=0.00s Real=0.15s
[0.995s][info][gc,start       ] GC(27) Pause Young (Allocation Failure)
[1.162s][info][gc,heap        ] GC(27) DefNew: 88640K(99712K)->11071K(99712K) Eden: 88640K(88640K)->0K(88640K) From: 0K(11072K)->11071K(11072K)
[1.162s][info][gc,heap        ] GC(27) Tenured: 132887K(221480K)->210424K(221480K)
[1.162s][info][gc,metaspace   ] GC(27) Metaspace: 6298K(6464K)->6298K(6464K) NonClass: 5765K(5824K)->5765K(5824K) Class: 533K(640K)->533K(640K)
[1.162s][info][gc             ] GC(27) Pause Young (Allocation Failure) 216M->216M(313M) 166.709ms
[1.162s][info][gc,cpu         ] GC(27) User=0.16s Sys=0.00s Real=0.17s
[1.247s][info][gc,start       ] GC(28) Pause Young (Allocation Failure)
[1.421s][info][gc             ] GC(28) Pause Young (Allocation Failure) 302M->302M(389M) 173.771ms
[1.421s][info][gc,cpu         ] GC(28) User=0.14s Sys=0.03s Real=0.17s
[1.421s][info][gc,start       ] GC(29) Pause Full (Allocation Failure)
[1.421s][info][gc,phases,start] GC(29) Phase 1: Mark live objects
[1.557s][info][gc,phases      ] GC(29) Phase 1: Mark live objects 136.211ms
[1.557s][info][gc,phases,start] GC(29) Phase 2: Compute new object addresses
[1.605s][info][gc,phases      ] GC(29) Phase 2: Compute new object addresses 47.575ms
[1.605s][info][gc,phases,start] GC(29) Phase 3: Adjust pointers
[1.656s][info][gc,phases      ] GC(29) Phase 3: Adjust pointers 51.255ms
[1.656s][info][gc,phases,start] GC(29) Phase 4: Move objects
[1.658s][info][gc,phases      ] GC(29) Phase 4: Move objects 2.283ms
[1.659s][info][gc,heap        ] GC(29) DefNew: 99711K(99712K)->10926K(224448K) Eden: 88640K(88640K)->10926K(199552K) From: 11071K(11072K)->0K(24896K)
[1.659s][info][gc,heap        ] GC(29) Tenured: 210424K(221480K)->299180K(498636K)
[1.659s][info][gc,metaspace   ] GC(29) Metaspace: 6298K(6464K)->6298K(6464K) NonClass: 5765K(5824K)->5765K(5824K) Class: 533K(640K)->533K(640K)
[1.659s][info][gc             ] GC(29) Pause Full (Allocation Failure) 302M->302M(706M) 238.635ms
[1.659s][info][gc,cpu         ] GC(29) User=0.22s Sys=0.00s Real=0.24s
[1.862s][info][gc,start       ] GC(30) Pause Young (Allocation Failure)
[2.195s][info][gc,heap        ] GC(30) DefNew: 199552K(224448K)->24895K(224448K) Eden: 199552K(199552K)->0K(199552K) From: 0K(24896K)->24895K(24896K)
[2.195s][info][gc,heap        ] GC(30) Tenured: 299180K(498636K)->473807K(498636K)
[2.195s][info][gc,metaspace   ] GC(30) Metaspace: 6298K(6464K)->6298K(6464K) NonClass: 5765K(5824K)->5765K(5824K) Class: 533K(640K)->533K(640K)
[2.195s][info][gc             ] GC(30) Pause Young (Allocation Failure) 487M->487M(706M) 332.611ms
[2.195s][info][gc,cpu         ] GC(30) User=0.31s Sys=0.02s Real=0.33s
[2.377s][info][gc,start       ] GC(31) Pause Young (Allocation Failure)
[2.746s][info][gc             ] GC(31) Pause Young (Allocation Failure) 681M->681M(876M) 369.051ms
[2.746s][info][gc,cpu         ] GC(31) User=0.27s Sys=0.09s Real=0.37s
[2.746s][info][gc,start       ] GC(32) Pause Full (Allocation Failure)
[2.746s][info][gc,phases,start] GC(32) Phase 1: Mark live objects
[3.054s][info][gc,phases      ] GC(32) Phase 1: Mark live objects 308.157ms
[3.054s][info][gc,phases,start] GC(32) Phase 2: Compute new object addresses
[3.159s][info][gc,phases      ] GC(32) Phase 2: Compute new object addresses 104.966ms
[3.159s][info][gc,phases,start] GC(32) Phase 3: Adjust pointers
[3.274s][info][gc,phases      ] GC(32) Phase 3: Adjust pointers 114.877ms
[3.274s][info][gc,phases,start] GC(32) Phase 4: Move objects
[3.279s][info][gc,phases      ] GC(32) Phase 4: Move objects 5.082ms
[3.281s][info][gc,heap        ] GC(32) DefNew: 224447K(224448K)->24801K(505152K) Eden: 199552K(199552K)->24801K(449088K) From: 24895K(24896K)->0K(56064K)
[3.281s][info][gc,heap        ] GC(32) Tenured: 473807K(498636K)->673423K(1122376K)
[3.281s][info][gc,metaspace   ] GC(32) Metaspace: 6298K(6464K)->6298K(6464K) NonClass: 5765K(5824K)->5765K(5824K) Class: 533K(640K)->533K(640K)
[3.281s][info][gc             ] GC(32) Pause Full (Allocation Failure) 681M->681M(1589M) 535.306ms
[3.281s][info][gc,cpu         ] GC(32) User=0.50s Sys=0.00s Real=0.53s
[3.730s][info][gc,start       ] GC(33) Pause Young (Allocation Failure)
[4.485s][info][gc,heap        ] GC(33) DefNew: 449088K(505152K)->56063K(505152K) Eden: 449088K(449088K)->0K(449088K) From: 0K(56064K)->56063K(56064K)
[4.485s][info][gc,heap        ] GC(33) Tenured: 673423K(1122376K)->1066422K(1122376K)
[4.485s][info][gc,metaspace   ] GC(33) Metaspace: 6298K(6464K)->6298K(6464K) NonClass: 5765K(5824K)->5765K(5824K) Class: 533K(640K)->533K(640K)
[4.485s][info][gc             ] GC(33) Pause Young (Allocation Failure) 1096M->1096M(1589M) 754.436ms
[4.485s][info][gc,cpu         ] GC(33) User=0.59s Sys=0.14s Real=0.75s
[4.944s][info][gc,start       ] GC(34) Pause Young (Allocation Failure)
[5.644s][info][gc             ] GC(34) Pause Young (Allocation Failure) 1534M->1478M(1917M) 700.630ms
[5.645s][info][gc,cpu         ] GC(34) User=0.56s Sys=0.12s Real=0.70s
[5.645s][info][gc,start       ] GC(35) Pause Full (Allocation Failure)
[5.645s][info][gc,phases,start] GC(35) Phase 1: Mark live objects
[6.287s][info][gc,phases      ] GC(35) Phase 1: Mark live objects 642.619ms
[6.287s][info][gc,phases,start] GC(35) Phase 2: Compute new object addresses
[6.500s][info][gc,phases      ] GC(35) Phase 2: Compute new object addresses 212.920ms
[6.500s][info][gc,phases,start] GC(35) Phase 3: Adjust pointers
[6.757s][info][gc,phases      ] GC(35) Phase 3: Adjust pointers 256.882ms
[6.757s][info][gc,phases,start] GC(35) Phase 4: Move objects
[6.768s][info][gc,phases      ] GC(35) Phase 4: Move objects 10.804ms
[6.772s][info][gc,heap        ] GC(35) DefNew: 505151K(505152K)->55950K(1093440K) Eden: 449088K(449088K)->55950K(971968K) From: 56063K(56064K)->0K(121472K)
[6.772s][info][gc,heap        ] GC(35) Tenured: 1066422K(1122376K)->1457867K(2429780K)
[6.772s][info][gc,metaspace   ] GC(35) Metaspace: 6298K(6464K)->6298K(6464K) NonClass: 5765K(5824K)->5765K(5824K) Class: 533K(640K)->533K(640K)
[6.772s][info][gc             ] GC(35) Pause Full (Allocation Failure) 1478M->1478M(3440M) 1127.368ms
[6.772s][info][gc,cpu         ] GC(35) User=1.11s Sys=0.00s Real=1.13s
[7.701s][info][gc,start       ] GC(36) Pause Young (Allocation Failure)
[9.427s][info][gc,heap        ] GC(36) DefNew: 971968K(1093440K)->121472K(1093440K) Eden: 971968K(971968K)->0K(971968K) From: 0K(121472K)->121472K(121472K)
[9.427s][info][gc,heap        ] GC(36) Tenured: 1457867K(2429780K)->2308334K(2429780K)
[9.427s][info][gc,metaspace   ] GC(36) Metaspace: 6298K(6464K)->6298K(6464K) NonClass: 5765K(5824K)->5765K(5824K) Class: 533K(640K)->533K(640K)
[9.427s][info][gc             ] GC(36) Pause Young (Allocation Failure) 2372M->2372M(3440M) 1726.110ms
[9.427s][info][gc,cpu         ] GC(36) User=1.39s Sys=0.23s Real=1.73s
[10.392s][info][gc,start       ] GC(37) Pause Young (Allocation Failure)
[12.080s][info][gc             ] GC(37) Pause Young (Allocation Failure) 3322M->3322M(4271M) 1687.401ms
[12.080s][info][gc,cpu         ] GC(37) User=1.42s Sys=0.23s Real=1.69s
[12.080s][info][gc,start       ] GC(38) Pause Full (Allocation Failure)
[12.080s][info][gc,phases,start] GC(38) Phase 1: Mark live objects
[13.555s][info][gc,phases      ] GC(38) Phase 1: Mark live objects 1475.687ms
[13.556s][info][gc,phases,start] GC(38) Phase 2: Compute new object addresses
[14.028s][info][gc,phases      ] GC(38) Phase 2: Compute new object addresses 472.693ms
[14.028s][info][gc,phases,start] GC(38) Phase 3: Adjust pointers
[14.681s][info][gc,phases      ] GC(38) Phase 3: Adjust pointers 653.025ms
[14.681s][info][gc,phases,start] GC(38) Phase 4: Move objects
[15.286s][info][gc,phases      ] GC(38) Phase 4: Move objects 604.825ms
[15.288s][info][gc,heap        ] GC(38) DefNew: 1093440K(1093440K)->27258K(1536000K) Eden: 971968K(971968K)->27258K(1365376K) From: 121472K(121472K)->0K(170624K)
[15.289s][info][gc,heap        ] GC(38) Tenured: 2308334K(2429780K)->3280279K(3413376K)
[15.289s][info][gc,metaspace   ] GC(38) Metaspace: 6298K(6464K)->6298K(6464K) NonClass: 5765K(5824K)->5765K(5824K) Class: 533K(640K)->533K(640K)
[15.289s][info][gc             ] GC(38) Pause Full (Allocation Failure) 3322M->3230M(4833M) 3208.837ms
[15.289s][info][gc,cpu         ] GC(38) User=3.19s Sys=0.02s Real=3.21s
[16.472s][info][gc,start       ] GC(39) Pause Young (Allocation Failure)
[16.472s][info][gc             ] GC(39) Pause Young (Allocation Failure) 4536M->4536M(4833M) 0.155ms
[16.473s][info][gc,cpu         ] GC(39) User=0.00s Sys=0.00s Real=0.00s
[16.473s][info][gc,start       ] GC(40) Pause Full (Allocation Failure)
[16.473s][info][gc,phases,start] GC(40) Phase 1: Mark live objects
[18.545s][info][gc,phases      ] GC(40) Phase 1: Mark live objects 2072.234ms
[18.545s][info][gc,phases,start] GC(40) Phase 2: Compute new object addresses
[19.177s][info][gc,phases      ] GC(40) Phase 2: Compute new object addresses 632.532ms
[19.178s][info][gc,phases,start] GC(40) Phase 3: Adjust pointers
[20.116s][info][gc,phases      ] GC(40) Phase 3: Adjust pointers 938.817ms
[20.116s][info][gc,phases,start] GC(40) Phase 4: Move objects
[20.392s][info][gc,phases      ] GC(40) Phase 4: Move objects 275.794ms
[20.393s][info][gc,heap        ] GC(40) DefNew: 1365376K(1536000K)->1232247K(1536000K) Eden: 1365376K(1365376K)->1232247K(1365376K) From: 0K(170624K)->0K(170624K)
[20.393s][info][gc,heap        ] GC(40) Tenured: 3280279K(3413376K)->3413375K(3413376K)
[20.393s][info][gc,metaspace   ] GC(40) Metaspace: 6298K(6464K)->6298K(6464K) NonClass: 5765K(5824K)->5765K(5824K) Class: 533K(640K)->533K(640K)
[20.393s][info][gc             ] GC(40) Pause Full (Allocation Failure) 4536M->4536M(4833M) 3920.576ms
[20.393s][info][gc,cpu         ] GC(40) User=3.88s Sys=0.00s Real=3.92s
[21.034s][info][gc,start       ] GC(41) Pause Full (Allocation Failure)
[21.034s][info][gc,phases,start] GC(41) Phase 1: Mark live objects
[23.240s][info][gc,phases      ] GC(41) Phase 1: Mark live objects 2205.370ms
[23.240s][info][gc,phases,start] GC(41) Phase 2: Compute new object addresses
[23.910s][info][gc,phases      ] GC(41) Phase 2: Compute new object addresses 669.761ms
[23.910s][info][gc,phases,start] GC(41) Phase 3: Adjust pointers
[24.834s][info][gc,phases      ] GC(41) Phase 3: Adjust pointers 924.317ms
[24.834s][info][gc,phases,start] GC(41) Phase 4: Move objects
[24.876s][info][gc,phases      ] GC(41) Phase 4: Move objects 41.368ms
[24.876s][info][gc,heap        ] GC(41) DefNew: 1535999K(1536000K)->1535997K(1536000K) Eden: 1365376K(1365376K)->1365375K(1365376K) From: 170623K(170624K)->170621K(170624K)
[24.877s][info][gc,heap        ] GC(41) Tenured: 3413375K(3413376K)->3413375K(3413376K)
[24.877s][info][gc,metaspace   ] GC(41) Metaspace: 6298K(6464K)->6298K(6464K) NonClass: 5765K(5824K)->5765K(5824K) Class: 533K(640K)->533K(640K)
[24.877s][info][gc             ] GC(41) Pause Full (Allocation Failure) 4833M->4833M(4833M) 3842.273ms
[24.877s][info][gc,cpu         ] GC(41) User=3.83s Sys=0.00s Real=3.84s
[24.877s][info][gc,start       ] GC(42) Pause Full (Allocation Failure)
[24.877s][info][gc,phases,start] GC(42) Phase 1: Mark live objects
[27.113s][info][gc,phases      ] GC(42) Phase 1: Mark live objects 2235.473ms
[27.113s][info][gc,phases,start] GC(42) Phase 2: Compute new object addresses
[27.790s][info][gc,phases      ] GC(42) Phase 2: Compute new object addresses 677.063ms
[27.790s][info][gc,phases,start] GC(42) Phase 3: Adjust pointers
[28.705s][info][gc,phases      ] GC(42) Phase 3: Adjust pointers 915.107ms
[28.705s][info][gc,phases,start] GC(42) Phase 4: Move objects
[28.705s][info][gc,phases      ] GC(42) Phase 4: Move objects 0.016ms
[28.706s][info][gc,heap        ] GC(42) DefNew: 1535999K(1536000K)->1535999K(1536000K) Eden: 1365375K(1365376K)->1365375K(1365376K) From: 170623K(170624K)->170623K(170624K)
[28.706s][info][gc,heap        ] GC(42) Tenured: 3413375K(3413376K)->3413375K(3413376K)
[28.706s][info][gc,metaspace   ] GC(42) Metaspace: 6298K(6464K)->6298K(6464K) NonClass: 5765K(5824K)->5765K(5824K) Class: 533K(640K)->533K(640K)
[28.706s][info][gc             ] GC(42) Pause Full (Allocation Failure) 4833M->4833M(4833M) 3828.677ms
[28.706s][info][gc,cpu         ] GC(42) User=3.80s Sys=0.00s Real=3.83s
[28.706s][info][gc,start       ] GC(43) Pause Full (Allocation Failure)
[28.706s][info][gc,phases,start] GC(43) Phase 1: Mark live objects
[30.938s][info][gc,phases      ] GC(43) Phase 1: Mark live objects 2231.914ms
[30.938s][info][gc,phases,start] GC(43) Phase 2: Compute new object addresses
[31.621s][info][gc,phases      ] GC(43) Phase 2: Compute new object addresses 683.753ms
[31.622s][info][gc,phases,start] GC(43) Phase 3: Adjust pointers
[32.743s][info][gc,phases      ] GC(43) Phase 3: Adjust pointers 1121.644ms
[32.743s][info][gc,phases,start] GC(43) Phase 4: Move objects
[33.548s][info][gc,phases      ] GC(43) Phase 4: Move objects 805.079ms
[33.549s][info][gc,heap        ] GC(43) DefNew: 1535999K(1536000K)->1535995K(1536000K) Eden: 1365375K(1365376K)->1365375K(1365376K) From: 170623K(170624K)->170619K(170624K)
[33.549s][info][gc,heap        ] GC(43) Tenured: 3413375K(3413376K)->3413375K(3413376K)
[33.549s][info][gc,metaspace   ] GC(43) Metaspace: 6298K(6464K)->6296K(6464K) NonClass: 5765K(5824K)->5764K(5824K) Class: 533K(640K)->532K(640K)
[33.549s][info][gc             ] GC(43) Pause Full (Allocation Failure) 4833M->4833M(4833M) 4843.748ms
[33.549s][info][gc,cpu         ] GC(43) User=4.78s Sys=0.00s Real=4.84s
[33.550s][info][gc,start       ] GC(44) Pause Full (Allocation Failure)
[33.550s][info][gc,phases,start] GC(44) Phase 1: Mark live objects
[35.764s][info][gc,phases      ] GC(44) Phase 1: Mark live objects 2213.414ms
[35.764s][info][gc,phases,start] GC(44) Phase 2: Compute new object addresses
[36.434s][info][gc,phases      ] GC(44) Phase 2: Compute new object addresses 670.488ms
[36.434s][info][gc,phases,start] GC(44) Phase 3: Adjust pointers
[37.341s][info][gc,phases      ] GC(44) Phase 3: Adjust pointers 906.375ms
[37.341s][info][gc,phases,start] GC(44) Phase 4: Move objects
[37.341s][info][gc,phases      ] GC(44) Phase 4: Move objects 0.023ms
[37.341s][info][gc,heap        ] GC(44) DefNew: 1535999K(1536000K)->1535999K(1536000K) Eden: 1365375K(1365376K)->1365375K(1365376K) From: 170623K(170624K)->170623K(170624K)
[37.341s][info][gc,heap        ] GC(44) Tenured: 3413375K(3413376K)->3413375K(3413376K)
[37.341s][info][gc,metaspace   ] GC(44) Metaspace: 6296K(6464K)->6296K(6464K) NonClass: 5764K(5824K)->5764K(5824K) Class: 532K(640K)->532K(640K)
[37.341s][info][gc             ] GC(44) Pause Full (Allocation Failure) 4833M->4833M(4833M) 3791.393ms
[37.341s][info][gc,cpu         ] GC(44) User=3.80s Sys=0.00s Real=3.79s
[37.341s][info][gc,start       ] GC(45) Pause Full (Allocation Failure)
[37.341s][info][gc,phases,start] GC(45) Phase 1: Mark live objects
[39.551s][info][gc,phases      ] GC(45) Phase 1: Mark live objects 2209.559ms
[39.551s][info][gc,phases,start] GC(45) Phase 2: Compute new object addresses
[40.221s][info][gc,phases      ] GC(45) Phase 2: Compute new object addresses 669.940ms
[40.221s][info][gc,phases,start] GC(45) Phase 3: Adjust pointers
[41.127s][info][gc,phases      ] GC(45) Phase 3: Adjust pointers 905.580ms
[41.127s][info][gc,phases,start] GC(45) Phase 4: Move objects
[41.127s][info][gc,phases      ] GC(45) Phase 4: Move objects 0.015ms
[41.127s][info][gc,heap        ] GC(45) DefNew: 1535999K(1536000K)->1535999K(1536000K) Eden: 1365375K(1365376K)->1365375K(1365376K) From: 170623K(170624K)->170623K(170624K)
[41.127s][info][gc,heap        ] GC(45) Tenured: 3413375K(3413376K)->3413375K(3413376K)
[41.127s][info][gc,metaspace   ] GC(45) Metaspace: 6296K(6464K)->6296K(6464K) NonClass: 5764K(5824K)->5764K(5824K) Class: 532K(640K)->532K(640K)
[41.127s][info][gc             ] GC(45) Pause Full (Allocation Failure) 4833M->4833M(4833M) 3786.032ms
[41.127s][info][gc,cpu         ] GC(45) User=3.77s Sys=0.00s Real=3.79s
[41.128s][info][gc,start       ] GC(46) Pause Full (Allocation Failure)
[41.128s][info][gc,phases,start] GC(46) Phase 1: Mark live objects
[43.352s][info][gc,phases      ] GC(46) Phase 1: Mark live objects 2223.399ms
[43.352s][info][gc,phases,start] GC(46) Phase 2: Compute new object addresses
[44.030s][info][gc,phases      ] GC(46) Phase 2: Compute new object addresses 678.695ms
[44.030s][info][gc,phases,start] GC(46) Phase 3: Adjust pointers
[44.953s][info][gc,phases      ] GC(46) Phase 3: Adjust pointers 922.736ms
[44.953s][info][gc,phases,start] GC(46) Phase 4: Move objects
[44.953s][info][gc,phases      ] GC(46) Phase 4: Move objects 0.017ms
[44.954s][info][gc,heap        ] GC(46) DefNew: 1535999K(1536000K)->1535999K(1536000K) Eden: 1365376K(1365376K)->1365376K(1365376K) From: 170623K(170624K)->170623K(170624K)
[44.954s][info][gc,heap        ] GC(46) Tenured: 3413375K(3413376K)->3413375K(3413376K)
[44.954s][info][gc,metaspace   ] GC(46) Metaspace: 6296K(6464K)->6296K(6464K) NonClass: 5764K(5824K)->5764K(5824K) Class: 532K(640K)->532K(640K)
[44.954s][info][gc             ] GC(46) Pause Full (Allocation Failure) 4833M->4833M(4833M) 3825.851ms
[44.954s][info][gc,cpu         ] GC(46) User=3.81s Sys=0.00s Real=3.83s
[44.954s][info][gc,start       ] GC(47) Pause Full (Allocation Failure)
[44.954s][info][gc,phases,start] GC(47) Phase 1: Mark live objects
[47.186s][info][gc,phases      ] GC(47) Phase 1: Mark live objects 2232.099ms
[47.186s][info][gc,phases,start] GC(47) Phase 2: Compute new object addresses
[47.868s][info][gc,phases      ] GC(47) Phase 2: Compute new object addresses 682.028ms
[47.868s][info][gc,phases,start] GC(47) Phase 3: Adjust pointers
[48.962s][info][gc,phases      ] GC(47) Phase 3: Adjust pointers 1093.609ms
[48.962s][info][gc,phases,start] GC(47) Phase 4: Move objects
[49.749s][info][gc,phases      ] GC(47) Phase 4: Move objects 787.114ms
[49.750s][info][gc,heap        ] GC(47) DefNew: 1535999K(1536000K)->1535998K(1536000K) Eden: 1365376K(1365376K)->1365376K(1365376K) From: 170623K(170624K)->170622K(170624K)
[49.750s][info][gc,heap        ] GC(47) Tenured: 3413375K(3413376K)->3413375K(3413376K)
[49.750s][info][gc,metaspace   ] GC(47) Metaspace: 6296K(6464K)->6296K(6464K) NonClass: 5764K(5824K)->5764K(5824K) Class: 532K(640K)->532K(640K)
[49.750s][info][gc             ] GC(47) Pause Full (Allocation Failure) 4833M->4833M(4833M) 4796.235ms
[49.750s][info][gc,cpu         ] GC(47) User=4.78s Sys=0.00s Real=4.80s
[49.751s][info][gc,start       ] GC(48) Pause Full (Allocation Failure)
[49.751s][info][gc,phases,start] GC(48) Phase 1: Mark live objects
[51.957s][info][gc,phases      ] GC(48) Phase 1: Mark live objects 2205.812ms
[51.957s][info][gc,phases,start] GC(48) Phase 2: Compute new object addresses
[52.634s][info][gc,phases      ] GC(48) Phase 2: Compute new object addresses 676.231ms
[52.634s][info][gc,phases,start] GC(48) Phase 3: Adjust pointers
[53.549s][info][gc,phases      ] GC(48) Phase 3: Adjust pointers 915.494ms
[53.549s][info][gc,phases,start] GC(48) Phase 4: Move objects
[53.549s][info][gc,phases      ] GC(48) Phase 4: Move objects 0.016ms
[53.550s][info][gc,heap        ] GC(48) DefNew: 1535999K(1536000K)->1535999K(1536000K) Eden: 1365376K(1365376K)->1365376K(1365376K) From: 170623K(170624K)->170623K(170624K)
[53.550s][info][gc,heap        ] GC(48) Tenured: 3413375K(3413376K)->3413375K(3413376K)
[53.550s][info][gc,metaspace   ] GC(48) Metaspace: 6298K(6464K)->6298K(6464K) NonClass: 5764K(5824K)->5764K(5824K) Class: 533K(640K)->533K(640K)
[53.550s][info][gc             ] GC(48) Pause Full (Allocation Failure) 4833M->4833M(4833M) 3798.539ms
[53.550s][info][gc,cpu         ] GC(48) User=3.78s Sys=0.00s Real=3.80s
[53.550s][info][gc,heap,exit   ] Heap
[53.551s][info][gc,heap,exit   ]  def new generation   total 1536000K, used 1535999K [0x00000006c7800000, 0x000000072faa0000, 0x000000072faa0000)
[53.551s][info][gc,heap,exit   ]   eden space 1365376K, 100% used [0x00000006c7800000, 0x000000071ad60000, 0x000000071ad60000)
[53.551s][info][gc,heap,exit   ]   from space 170624K,  99% used [0x000000071ad60000, 0x00000007253fff88, 0x0000000725400000)
[53.551s][info][gc,heap,exit   ]   to   space 170624K,   0% used [0x0000000725400000, 0x0000000725400000, 0x000000072faa0000)
[53.551s][info][gc,heap,exit   ]  tenured generation   total 3413376K, used 3413375K [0x000000072faa0000, 0x0000000800000000, 0x0000000800000000)
[53.551s][info][gc,heap,exit   ]    the space 3413376K,  99% used [0x000000072faa0000, 0x00000007ffffffc0, 0x0000000800000000, 0x0000000800000000)
[53.551s][info][gc,heap,exit   ]  Metaspace       used 6301K, committed 6464K, reserved 1114112K
[53.551s][info][gc,heap,exit   ]   class space    used 534K, committed 640K, reserved 1048576K
