[0.012s][info][gc,init] CardTable entry size: 512
[0.012s][info][gc     ] Using Serial
[0.012s][info][gc,init] Version: 18.0.1+10 (release)
[0.012s][info][gc,init] CPUs: 8 total, 8 available
[0.012s][info][gc,init] Memory: 16063M
[0.012s][info][gc,init] Large Page Support: Disabled
[0.012s][info][gc,init] NUMA Support: Disabled
[0.012s][info][gc,init] Compressed Oops: Enabled (Zero based)
[0.012s][info][gc,init] Heap Min Capacity: 2M
[0.012s][info][gc,init] Heap Initial Capacity: 2M
[0.012s][info][gc,init] Heap Max Capacity: 2900M
[0.012s][info][gc,init] Pre-touch: Disabled
[0.013s][info][gc,metaspace] CDS archive(s) not mapped
[0.013s][info][gc,metaspace] Compressed class space mapped at: 0x0000000800000000-0x0000000840000000, reserved size: 1073741824
[0.013s][info][gc,metaspace] Narrow klass base: 0x0000000800000000, Narrow klass shift: 0, Narrow klass range: 0x40000000
[0.191s][info][gc,start    ] GC(0) Pause Young (Allocation Failure)
[0.192s][info][gc,heap     ] GC(0) DefNew: 1023K(1152K)->127K(1152K) Eden: 1023K(1024K)->0K(1024K) From: 0K(128K)->127K(128K)
[0.193s][info][gc,heap     ] GC(0) Tenured: 0K(768K)->440K(768K)
[0.193s][info][gc,metaspace] GC(0) Metaspace: 5904K(6016K)->5904K(6016K) NonClass: 5404K(5504K)->5404K(5504K) Class: 499K(512K)->499K(512K)
[0.193s][info][gc          ] GC(0) Pause Young (Allocation Failure) 0M->0M(1M) 1.814ms
[0.193s][info][gc,cpu      ] GC(0) User=0.00s Sys=0.00s Real=0.00s
[0.217s][info][gc,start    ] GC(1) Pause Young (Allocation Failure)
[0.219s][info][gc          ] GC(1) Pause Young (Allocation Failure) 1M->0M(2M) 1.279ms
[0.219s][info][gc,cpu      ] GC(1) User=0.00s Sys=0.00s Real=0.00s
[0.219s][info][gc,start    ] GC(2) Pause Full (Allocation Failure)
[0.219s][info][gc,phases,start] GC(2) Phase 1: Mark live objects
[0.220s][info][gc,phases      ] GC(2) Phase 1: Mark live objects 0.861ms
[0.220s][info][gc,phases,start] GC(2) Phase 2: Compute new object addresses
[0.220s][info][gc,phases      ] GC(2) Phase 2: Compute new object addresses 0.203ms
[0.220s][info][gc,phases,start] GC(2) Phase 3: Adjust pointers
[0.220s][info][gc,phases      ] GC(2) Phase 3: Adjust pointers 0.453ms
[0.220s][info][gc,phases,start] GC(2) Phase 4: Move objects
[0.220s][info][gc,phases      ] GC(2) Phase 4: Move objects 0.076ms
[0.220s][info][gc,heap        ] GC(2) DefNew: 1151K(1152K)->40K(1152K) Eden: 1024K(1024K)->40K(1024K) From: 127K(128K)->0K(128K)
[0.220s][info][gc,heap        ] GC(2) Tenured: 440K(768K)->959K(1600K)
[0.220s][info][gc,metaspace   ] GC(2) Metaspace: 6301K(6528K)->6301K(6528K) NonClass: 5768K(5888K)->5768K(5888K) Class: 533K(640K)->533K(640K)
[0.221s][info][gc             ] GC(2) Pause Full (Allocation Failure) 0M->0M(2M) 1.855ms
[0.221s][info][gc,cpu         ] GC(2) User=0.00s Sys=0.00s Real=0.00s
[0.222s][info][gc,start       ] GC(3) Pause Young (Allocation Failure)
[0.223s][info][gc,heap        ] GC(3) DefNew: 1024K(1152K)->127K(1152K) Eden: 1024K(1024K)->0K(1024K) From: 0K(128K)->127K(128K)
[0.223s][info][gc,heap        ] GC(3) Tenured: 959K(1600K)->1375K(1600K)
[0.223s][info][gc,metaspace   ] GC(3) Metaspace: 6301K(6528K)->6301K(6528K) NonClass: 5768K(5888K)->5768K(5888K) Class: 533K(640K)->533K(640K)
[0.223s][info][gc             ] GC(3) Pause Young (Allocation Failure) 1M->1M(2M) 1.618ms
[0.223s][info][gc,cpu         ] GC(3) User=0.00s Sys=0.00s Real=0.00s
[0.225s][info][gc,start       ] GC(4) Pause Young (Allocation Failure)
[0.226s][info][gc             ] GC(4) Pause Young (Allocation Failure) 2M->1M(3M) 1.126ms
[0.226s][info][gc,cpu         ] GC(4) User=0.00s Sys=0.00s Real=0.00s
[0.226s][info][gc,start       ] GC(5) Pause Full (Allocation Failure)
[0.226s][info][gc,phases,start] GC(5) Phase 1: Mark live objects
[0.227s][info][gc,phases      ] GC(5) Phase 1: Mark live objects 1.456ms
[0.227s][info][gc,phases,start] GC(5) Phase 2: Compute new object addresses
[0.228s][info][gc,phases      ] GC(5) Phase 2: Compute new object addresses 0.388ms
[0.228s][info][gc,phases,start] GC(5) Phase 3: Adjust pointers
[0.228s][info][gc,phases      ] GC(5) Phase 3: Adjust pointers 0.750ms
[0.229s][info][gc,phases,start] GC(5) Phase 4: Move objects
[0.229s][info][gc,phases      ] GC(5) Phase 4: Move objects 0.094ms
[0.229s][info][gc,heap        ] GC(5) DefNew: 1151K(1152K)->35K(1536K) Eden: 1024K(1024K)->35K(1408K) From: 127K(128K)->0K(128K)
[0.229s][info][gc,heap        ] GC(5) Tenured: 1375K(1600K)->1983K(3308K)
[0.229s][info][gc,metaspace   ] GC(5) Metaspace: 6301K(6528K)->6301K(6528K) NonClass: 5768K(5888K)->5768K(5888K) Class: 533K(640K)->533K(640K)
[0.229s][info][gc             ] GC(5) Pause Full (Allocation Failure) 1M->1M(4M) 3.063ms
[0.229s][info][gc,cpu         ] GC(5) User=0.00s Sys=0.00s Real=0.00s
[0.230s][info][gc,start       ] GC(6) Pause Young (Allocation Failure)
[0.232s][info][gc,heap        ] GC(6) DefNew: 1408K(1536K)->128K(1536K) Eden: 1408K(1408K)->0K(1408K) From: 0K(128K)->128K(128K)
[0.232s][info][gc,heap        ] GC(6) Tenured: 1983K(3308K)->2617K(3308K)
[0.232s][info][gc,metaspace   ] GC(6) Metaspace: 6301K(6528K)->6301K(6528K) NonClass: 5768K(5888K)->5768K(5888K) Class: 533K(640K)->533K(640K)
[0.232s][info][gc             ] GC(6) Pause Young (Allocation Failure) 3M->2M(4M) 1.924ms
[0.232s][info][gc,cpu         ] GC(6) User=0.00s Sys=0.00s Real=0.00s
[0.234s][info][gc,start       ] GC(7) Pause Young (Allocation Failure)
[0.236s][info][gc             ] GC(7) Pause Young (Allocation Failure) 4M->3M(4M) 1.968ms
[0.236s][info][gc,cpu         ] GC(7) User=0.00s Sys=0.00s Real=0.00s
[0.236s][info][gc,start       ] GC(8) Pause Full (Allocation Failure)
[0.236s][info][gc,phases,start] GC(8) Phase 1: Mark live objects
[0.238s][info][gc,phases      ] GC(8) Phase 1: Mark live objects 2.421ms
[0.238s][info][gc,phases,start] GC(8) Phase 2: Compute new object addresses
[0.239s][info][gc,phases      ] GC(8) Phase 2: Compute new object addresses 0.663ms
[0.239s][info][gc,phases,start] GC(8) Phase 3: Adjust pointers
[0.240s][info][gc,phases      ] GC(8) Phase 3: Adjust pointers 1.069ms
[0.240s][info][gc,phases,start] GC(8) Phase 4: Move objects
[0.240s][info][gc,phases      ] GC(8) Phase 4: Move objects 0.111ms
[0.240s][info][gc,heap        ] GC(8) DefNew: 1536K(1536K)->0K(2688K) Eden: 1408K(1408K)->0K(2432K) From: 128K(128K)->0K(256K)
[0.241s][info][gc,heap        ] GC(8) Tenured: 2617K(3308K)->3460K(5768K)
[0.241s][info][gc,metaspace   ] GC(8) Metaspace: 6301K(6528K)->6301K(6528K) NonClass: 5768K(5888K)->5768K(5888K) Class: 533K(640K)->533K(640K)
[0.241s][info][gc             ] GC(8) Pause Full (Allocation Failure) 3M->3M(8M) 4.586ms
[0.241s][info][gc,cpu         ] GC(8) User=0.00s Sys=0.00s Real=0.00s
[0.244s][info][gc,start       ] GC(9) Pause Young (Allocation Failure)
[0.247s][info][gc,heap        ] GC(9) DefNew: 2432K(2688K)->255K(2688K) Eden: 2432K(2432K)->0K(2432K) From: 0K(256K)->255K(256K)
[0.247s][info][gc,heap        ] GC(9) Tenured: 3460K(5768K)->4512K(5768K)
[0.247s][info][gc,metaspace   ] GC(9) Metaspace: 6301K(6528K)->6301K(6528K) NonClass: 5768K(5888K)->5768K(5888K) Class: 533K(640K)->533K(640K)
[0.247s][info][gc             ] GC(9) Pause Young (Allocation Failure) 5M->4M(8M) 2.818ms
[0.247s][info][gc,cpu         ] GC(9) User=0.00s Sys=0.00s Real=0.00s
[0.250s][info][gc,start       ] GC(10) Pause Young (Allocation Failure)
[0.252s][info][gc,heap        ] GC(10) DefNew: 2687K(2688K)->256K(2688K) Eden: 2432K(2432K)->0K(2432K) From: 255K(256K)->256K(256K)
[0.253s][info][gc,heap        ] GC(10) Tenured: 4512K(5768K)->5755K(5768K)
[0.253s][info][gc,metaspace   ] GC(10) Metaspace: 6301K(6528K)->6301K(6528K) NonClass: 5768K(5888K)->5768K(5888K) Class: 533K(640K)->533K(640K)
[0.253s][info][gc             ] GC(10) Pause Young (Allocation Failure) 7M->5M(8M) 2.991ms
[0.253s][info][gc,cpu         ] GC(10) User=0.00s Sys=0.00s Real=0.00s
[0.255s][info][gc,start       ] GC(11) Pause Young (Allocation Failure)
[0.258s][info][gc             ] GC(11) Pause Young (Allocation Failure) 8M->7M(9M) 2.759ms
[0.258s][info][gc,cpu         ] GC(11) User=0.00s Sys=0.00s Real=0.00s
[0.258s][info][gc,start       ] GC(12) Pause Full (Allocation Failure)
[0.258s][info][gc,phases,start] GC(12) Phase 1: Mark live objects
[0.262s][info][gc,phases      ] GC(12) Phase 1: Mark live objects 3.999ms
[0.262s][info][gc,phases,start] GC(12) Phase 2: Compute new object addresses
[0.263s][info][gc,phases      ] GC(12) Phase 2: Compute new object addresses 1.179ms
[0.264s][info][gc,phases,start] GC(12) Phase 3: Adjust pointers
[0.265s][info][gc,phases      ] GC(12) Phase 3: Adjust pointers 1.793ms
[0.265s][info][gc,phases,start] GC(12) Phase 4: Move objects
[0.267s][info][gc,phases      ] GC(12) Phase 4: Move objects 1.321ms
[0.267s][info][gc,heap        ] GC(12) DefNew: 2688K(2688K)->0K(5376K) Eden: 2432K(2432K)->0K(4800K) From: 256K(256K)->0K(576K)
[0.267s][info][gc,heap        ] GC(12) Tenured: 5755K(5768K)->7132K(11888K)
[0.267s][info][gc,metaspace   ] GC(12) Metaspace: 6301K(6528K)->6301K(6528K) NonClass: 5768K(5888K)->5768K(5888K) Class: 533K(640K)->533K(640K)
[0.267s][info][gc             ] GC(12) Pause Full (Allocation Failure) 7M->6M(16M) 8.809ms
[0.267s][info][gc,cpu         ] GC(12) User=0.00s Sys=0.00s Real=0.01s
[0.274s][info][gc,start       ] GC(13) Pause Young (Allocation Failure)
[0.280s][info][gc,heap        ] GC(13) DefNew: 4800K(5376K)->576K(5376K) Eden: 4800K(4800K)->0K(4800K) From: 0K(576K)->576K(576K)
[0.280s][info][gc,heap        ] GC(13) Tenured: 7132K(11888K)->9027K(11888K)
[0.280s][info][gc,metaspace   ] GC(13) Metaspace: 6301K(6528K)->6301K(6528K) NonClass: 5768K(5888K)->5768K(5888K) Class: 533K(640K)->533K(640K)
[0.280s][info][gc             ] GC(13) Pause Young (Allocation Failure) 11M->9M(16M) 5.793ms
[0.280s][info][gc,cpu         ] GC(13) User=0.02s Sys=0.00s Real=0.01s
[0.286s][info][gc,start       ] GC(14) Pause Young (Allocation Failure)
[0.293s][info][gc,heap        ] GC(14) DefNew: 5376K(5376K)->576K(5376K) Eden: 4800K(4800K)->0K(4800K) From: 576K(576K)->576K(576K)
[0.293s][info][gc,heap        ] GC(14) Tenured: 9027K(11888K)->11747K(11888K)
[0.293s][info][gc,metaspace   ] GC(14) Metaspace: 6301K(6528K)->6301K(6528K) NonClass: 5768K(5888K)->5768K(5888K) Class: 533K(640K)->533K(640K)
[0.293s][info][gc             ] GC(14) Pause Young (Allocation Failure) 14M->12M(16M) 6.437ms
[0.293s][info][gc,cpu         ] GC(14) User=0.00s Sys=0.00s Real=0.01s
[0.297s][info][gc,start       ] GC(15) Pause Young (Allocation Failure)
[0.303s][info][gc             ] GC(15) Pause Young (Allocation Failure) 16M->14M(19M) 5.820ms
[0.303s][info][gc,cpu         ] GC(15) User=0.00s Sys=0.00s Real=0.01s
[0.303s][info][gc,start       ] GC(16) Pause Full (Allocation Failure)
[0.303s][info][gc,phases,start] GC(16) Phase 1: Mark live objects
[0.311s][info][gc,phases      ] GC(16) Phase 1: Mark live objects 8.020ms
[0.311s][info][gc,phases,start] GC(16) Phase 2: Compute new object addresses
[0.313s][info][gc,phases      ] GC(16) Phase 2: Compute new object addresses 2.383ms
[0.313s][info][gc,phases,start] GC(16) Phase 3: Adjust pointers
[0.316s][info][gc,phases      ] GC(16) Phase 3: Adjust pointers 3.149ms
[0.316s][info][gc,phases,start] GC(16) Phase 4: Move objects
[0.317s][info][gc,phases      ] GC(16) Phase 4: Move objects 0.209ms
[0.317s][info][gc,heap        ] GC(16) DefNew: 5376K(5376K)->397K(10880K) Eden: 4800K(4800K)->397K(9728K) From: 576K(576K)->0K(1152K)
[0.317s][info][gc,heap        ] GC(16) Tenured: 11747K(11888K)->14383K(23976K)
[0.317s][info][gc,metaspace   ] GC(16) Metaspace: 6303K(6528K)->6303K(6528K) NonClass: 5770K(5888K)->5770K(5888K) Class: 533K(640K)->533K(640K)
[0.317s][info][gc             ] GC(16) Pause Full (Allocation Failure) 14M->14M(34M) 14.176ms
[0.317s][info][gc,cpu         ] GC(16) User=0.02s Sys=0.00s Real=0.02s
[0.325s][info][gc,start       ] GC(17) Pause Young (Allocation Failure)
[0.337s][info][gc,heap        ] GC(17) DefNew: 9728K(10880K)->1151K(10880K) Eden: 9728K(9728K)->0K(9728K) From: 0K(1152K)->1151K(1152K)
[0.337s][info][gc,heap        ] GC(17) Tenured: 14383K(23976K)->18402K(23976K)
[0.337s][info][gc,metaspace   ] GC(17) Metaspace: 6303K(6528K)->6303K(6528K) NonClass: 5770K(5888K)->5770K(5888K) Class: 533K(640K)->533K(640K)
[0.337s][info][gc             ] GC(17) Pause Young (Allocation Failure) 23M->19M(34M) 12.895ms
[0.337s][info][gc,cpu         ] GC(17) User=0.00s Sys=0.00s Real=0.01s
[0.344s][info][gc,start       ] GC(18) Pause Young (Allocation Failure)
[0.356s][info][gc,heap        ] GC(18) DefNew: 10879K(10880K)->1151K(10880K) Eden: 9728K(9728K)->0K(9728K) From: 1151K(1152K)->1151K(1152K)
[0.356s][info][gc,heap        ] GC(18) Tenured: 18402K(23976K)->23923K(23976K)
[0.356s][info][gc,metaspace   ] GC(18) Metaspace: 6303K(6528K)->6303K(6528K) NonClass: 5770K(5888K)->5770K(5888K) Class: 533K(640K)->533K(640K)
[0.356s][info][gc             ] GC(18) Pause Young (Allocation Failure) 28M->24M(34M) 11.680ms
[0.356s][info][gc,cpu         ] GC(18) User=0.00s Sys=0.00s Real=0.01s
[0.362s][info][gc,start       ] GC(19) Pause Young (Allocation Failure)
[0.373s][info][gc             ] GC(19) Pause Young (Allocation Failure) 33M->29M(38M) 11.798ms
[0.374s][info][gc,cpu         ] GC(19) User=0.02s Sys=0.00s Real=0.01s
[0.374s][info][gc,start       ] GC(20) Pause Full (Allocation Failure)
[0.374s][info][gc,phases,start] GC(20) Phase 1: Mark live objects
[0.387s][info][gc,phases      ] GC(20) Phase 1: Mark live objects 13.888ms
[0.388s][info][gc,phases,start] GC(20) Phase 2: Compute new object addresses
[0.392s][info][gc,phases      ] GC(20) Phase 2: Compute new object addresses 4.469ms
[0.392s][info][gc,phases,start] GC(20) Phase 3: Adjust pointers
[0.398s][info][gc,phases      ] GC(20) Phase 3: Adjust pointers 5.470ms
[0.398s][info][gc,phases,start] GC(20) Phase 4: Move objects
[0.398s][info][gc,phases      ] GC(20) Phase 4: Move objects 0.176ms
[0.398s][info][gc,heap        ] GC(20) DefNew: 10879K(10880K)->1066K(21888K) Eden: 9728K(9728K)->1066K(19520K) From: 1151K(1152K)->0K(2368K)
[0.398s][info][gc,heap        ] GC(20) Tenured: 23923K(23976K)->29035K(48396K)
[0.398s][info][gc,metaspace   ] GC(20) Metaspace: 6303K(6528K)->6303K(6528K) NonClass: 5770K(5888K)->5770K(5888K) Class: 533K(640K)->533K(640K)
[0.398s][info][gc             ] GC(20) Pause Full (Allocation Failure) 29M->29M(68M) 24.386ms
[0.398s][info][gc,cpu         ] GC(20) User=0.02s Sys=0.00s Real=0.02s
[0.413s][info][gc,start       ] GC(21) Pause Young (Allocation Failure)
[0.443s][info][gc,heap        ] GC(21) DefNew: 19520K(21888K)->2368K(21888K) Eden: 19520K(19520K)->0K(19520K) From: 0K(2368K)->2368K(2368K)
[0.443s][info][gc,heap        ] GC(21) Tenured: 29035K(48396K)->39336K(48396K)
[0.443s][info][gc,metaspace   ] GC(21) Metaspace: 6303K(6528K)->6303K(6528K) NonClass: 5770K(5888K)->5770K(5888K) Class: 533K(640K)->533K(640K)
[0.443s][info][gc             ] GC(21) Pause Young (Allocation Failure) 47M->40M(68M) 29.590ms
[0.443s][info][gc,cpu         ] GC(21) User=0.02s Sys=0.00s Real=0.03s
[0.462s][info][gc,start       ] GC(22) Pause Young (Allocation Failure)
[0.498s][info][gc             ] GC(22) Pause Young (Allocation Failure) 59M->59M(78M) 35.395ms
[0.498s][info][gc,cpu         ] GC(22) User=0.02s Sys=0.02s Real=0.04s
[0.498s][info][gc,start       ] GC(23) Pause Full (Allocation Failure)
[0.498s][info][gc,phases,start] GC(23) Phase 1: Mark live objects
[0.523s][info][gc,phases      ] GC(23) Phase 1: Mark live objects 25.367ms
[0.523s][info][gc,phases,start] GC(23) Phase 2: Compute new object addresses
[0.533s][info][gc,phases      ] GC(23) Phase 2: Compute new object addresses 9.701ms
[0.533s][info][gc,phases,start] GC(23) Phase 3: Adjust pointers
[0.545s][info][gc,phases      ] GC(23) Phase 3: Adjust pointers 12.298ms
[0.545s][info][gc,phases,start] GC(23) Phase 4: Move objects
[0.546s][info][gc,phases      ] GC(23) Phase 4: Move objects 0.399ms
[0.546s][info][gc,heap        ] GC(23) DefNew: 21888K(21888K)->2238K(44288K) Eden: 19520K(19520K)->2238K(39424K) From: 2368K(2368K)->0K(4864K)
[0.546s][info][gc,heap        ] GC(23) Tenured: 39336K(48396K)->58955K(98260K)
[0.546s][info][gc,metaspace   ] GC(23) Metaspace: 6303K(6528K)->6303K(6528K) NonClass: 5770K(5888K)->5770K(5888K) Class: 533K(640K)->533K(640K)
[0.546s][info][gc             ] GC(23) Pause Full (Allocation Failure) 59M->59M(139M) 48.422ms
[0.546s][info][gc,cpu         ] GC(23) User=0.02s Sys=0.00s Real=0.05s
[0.590s][info][gc,start       ] GC(24) Pause Young (Allocation Failure)
[0.653s][info][gc,heap        ] GC(24) DefNew: 39424K(44288K)->4863K(44288K) Eden: 39424K(39424K)->0K(39424K) From: 0K(4864K)->4863K(4864K)
[0.653s][info][gc,heap        ] GC(24) Tenured: 58955K(98260K)->93488K(98260K)
[0.653s][info][gc,metaspace   ] GC(24) Metaspace: 6303K(6528K)->6303K(6528K) NonClass: 5770K(5888K)->5770K(5888K) Class: 533K(640K)->533K(640K)
[0.653s][info][gc             ] GC(24) Pause Young (Allocation Failure) 96M->96M(139M) 62.720ms
[0.653s][info][gc,cpu         ] GC(24) User=0.05s Sys=0.00s Real=0.06s
[0.683s][info][gc,start       ] GC(25) Pause Young (Allocation Failure)
[0.756s][info][gc             ] GC(25) Pause Young (Allocation Failure) 134M->134M(173M) 72.906ms
[0.756s][info][gc,cpu         ] GC(25) User=0.05s Sys=0.02s Real=0.07s
[0.756s][info][gc,start       ] GC(26) Pause Full (Allocation Failure)
[0.756s][info][gc,phases,start] GC(26) Phase 1: Mark live objects
[0.812s][info][gc,phases      ] GC(26) Phase 1: Mark live objects 55.575ms
[0.812s][info][gc,phases,start] GC(26) Phase 2: Compute new object addresses
[0.833s][info][gc,phases      ] GC(26) Phase 2: Compute new object addresses 21.342ms
[0.833s][info][gc,phases,start] GC(26) Phase 3: Adjust pointers
[0.861s][info][gc,phases      ] GC(26) Phase 3: Adjust pointers 27.694ms
[0.861s][info][gc,phases,start] GC(26) Phase 4: Move objects
[0.887s][info][gc,phases      ] GC(26) Phase 4: Move objects 25.799ms
[0.888s][info][gc,heap        ] GC(26) DefNew: 44287K(44288K)->1018K(99712K) Eden: 39424K(39424K)->1018K(88640K) From: 4863K(4864K)->0K(11072K)
[0.888s][info][gc,heap        ] GC(26) Tenured: 93488K(98260K)->132887K(221480K)
[0.888s][info][gc,metaspace   ] GC(26) Metaspace: 6303K(6528K)->6303K(6528K) NonClass: 5770K(5888K)->5770K(5888K) Class: 533K(640K)->533K(640K)
[0.888s][info][gc             ] GC(26) Pause Full (Allocation Failure) 134M->130M(313M) 131.253ms
[0.888s][info][gc,cpu         ] GC(26) User=0.12s Sys=0.00s Real=0.13s
[0.978s][info][gc,start       ] GC(27) Pause Young (Allocation Failure)
[1.128s][info][gc,heap        ] GC(27) DefNew: 88640K(99712K)->11071K(99712K) Eden: 88640K(88640K)->0K(88640K) From: 0K(11072K)->11071K(11072K)
[1.128s][info][gc,heap        ] GC(27) Tenured: 132887K(221480K)->210425K(221480K)
[1.128s][info][gc,metaspace   ] GC(27) Metaspace: 6303K(6528K)->6303K(6528K) NonClass: 5770K(5888K)->5770K(5888K) Class: 533K(640K)->533K(640K)
[1.128s][info][gc             ] GC(27) Pause Young (Allocation Failure) 216M->216M(313M) 150.383ms
[1.128s][info][gc,cpu         ] GC(27) User=0.11s Sys=0.05s Real=0.15s
[1.209s][info][gc,start       ] GC(28) Pause Young (Allocation Failure)
[1.372s][info][gc             ] GC(28) Pause Young (Allocation Failure) 302M->302M(389M) 162.662ms
[1.372s][info][gc,cpu         ] GC(28) User=0.12s Sys=0.02s Real=0.16s
[1.372s][info][gc,start       ] GC(29) Pause Full (Allocation Failure)
[1.372s][info][gc,phases,start] GC(29) Phase 1: Mark live objects
[1.506s][info][gc,phases      ] GC(29) Phase 1: Mark live objects 133.871ms
[1.506s][info][gc,phases,start] GC(29) Phase 2: Compute new object addresses
[1.559s][info][gc,phases      ] GC(29) Phase 2: Compute new object addresses 53.390ms
[1.559s][info][gc,phases,start] GC(29) Phase 3: Adjust pointers
[1.613s][info][gc,phases      ] GC(29) Phase 3: Adjust pointers 53.299ms
[1.613s][info][gc,phases,start] GC(29) Phase 4: Move objects
[1.615s][info][gc,phases      ] GC(29) Phase 4: Move objects 2.391ms
[1.616s][info][gc,heap        ] GC(29) DefNew: 99711K(99712K)->10923K(224448K) Eden: 88640K(88640K)->10923K(199552K) From: 11071K(11072K)->0K(24896K)
[1.616s][info][gc,heap        ] GC(29) Tenured: 210425K(221480K)->299179K(498636K)
[1.616s][info][gc,metaspace   ] GC(29) Metaspace: 6303K(6528K)->6303K(6528K) NonClass: 5770K(5888K)->5770K(5888K) Class: 533K(640K)->533K(640K)
[1.616s][info][gc             ] GC(29) Pause Full (Allocation Failure) 302M->302M(706M) 244.180ms
[1.616s][info][gc,cpu         ] GC(29) User=0.25s Sys=0.00s Real=0.25s
[1.818s][info][gc,start       ] GC(30) Pause Young (Allocation Failure)
[2.144s][info][gc,heap        ] GC(30) DefNew: 199552K(224448K)->24895K(224448K) Eden: 199552K(199552K)->0K(199552K) From: 0K(24896K)->24895K(24896K)
[2.144s][info][gc,heap        ] GC(30) Tenured: 299179K(498636K)->473809K(498636K)
[2.144s][info][gc,metaspace   ] GC(30) Metaspace: 6303K(6528K)->6303K(6528K) NonClass: 5770K(5888K)->5770K(5888K) Class: 533K(640K)->533K(640K)
[2.144s][info][gc             ] GC(30) Pause Young (Allocation Failure) 487M->487M(706M) 325.926ms
[2.144s][info][gc,cpu         ] GC(30) User=0.27s Sys=0.06s Real=0.33s
[2.338s][info][gc,start       ] GC(31) Pause Young (Allocation Failure)
[2.706s][info][gc             ] GC(31) Pause Young (Allocation Failure) 681M->681M(876M) 367.977ms
[2.706s][info][gc,cpu         ] GC(31) User=0.28s Sys=0.08s Real=0.37s
[2.706s][info][gc,start       ] GC(32) Pause Full (Allocation Failure)
[2.706s][info][gc,phases,start] GC(32) Phase 1: Mark live objects
[3.010s][info][gc,phases      ] GC(32) Phase 1: Mark live objects 304.488ms
[3.011s][info][gc,phases,start] GC(32) Phase 2: Compute new object addresses
[3.114s][info][gc,phases      ] GC(32) Phase 2: Compute new object addresses 103.094ms
[3.114s][info][gc,phases,start] GC(32) Phase 3: Adjust pointers
[3.228s][info][gc,phases      ] GC(32) Phase 3: Adjust pointers 114.077ms
[3.228s][info][gc,phases,start] GC(32) Phase 4: Move objects
[3.233s][info][gc,phases      ] GC(32) Phase 4: Move objects 5.013ms
[3.235s][info][gc,heap        ] GC(32) DefNew: 224447K(224448K)->24803K(505152K) Eden: 199552K(199552K)->24803K(449088K) From: 24895K(24896K)->0K(56064K)
[3.235s][info][gc,heap        ] GC(32) Tenured: 473809K(498636K)->673423K(1122376K)
[3.235s][info][gc,metaspace   ] GC(32) Metaspace: 6303K(6528K)->6303K(6528K) NonClass: 5770K(5888K)->5770K(5888K) Class: 533K(640K)->533K(640K)
[3.235s][info][gc             ] GC(32) Pause Full (Allocation Failure) 681M->681M(1589M) 528.964ms
[3.235s][info][gc,cpu         ] GC(32) User=0.53s Sys=0.00s Real=0.53s
[3.676s][info][gc,start       ] GC(33) Pause Young (Allocation Failure)
[4.418s][info][gc,heap        ] GC(33) DefNew: 449088K(505152K)->56063K(505152K) Eden: 449088K(449088K)->0K(449088K) From: 0K(56064K)->56063K(56064K)
[4.418s][info][gc,heap        ] GC(33) Tenured: 673423K(1122376K)->1066418K(1122376K)
[4.418s][info][gc,metaspace   ] GC(33) Metaspace: 6303K(6528K)->6303K(6528K) NonClass: 5770K(5888K)->5770K(5888K) Class: 533K(640K)->533K(640K)
[4.418s][info][gc             ] GC(33) Pause Young (Allocation Failure) 1096M->1096M(1589M) 742.314ms
[4.418s][info][gc,cpu         ] GC(33) User=0.58s Sys=0.12s Real=0.74s
[4.879s][info][gc,start       ] GC(34) Pause Young (Allocation Failure)
[5.583s][info][gc             ] GC(34) Pause Young (Allocation Failure) 1534M->1484M(1923M) 703.733ms
[5.583s][info][gc,cpu         ] GC(34) User=0.58s Sys=0.09s Real=0.70s
[5.583s][info][gc,start       ] GC(35) Pause Full (Allocation Failure)
[5.583s][info][gc,phases,start] GC(35) Phase 1: Mark live objects
[6.225s][info][gc,phases      ] GC(35) Phase 1: Mark live objects 642.495ms
[6.225s][info][gc,phases,start] GC(35) Phase 2: Compute new object addresses
[6.438s][info][gc,phases      ] GC(35) Phase 2: Compute new object addresses 212.619ms
[6.438s][info][gc,phases,start] GC(35) Phase 3: Adjust pointers
[6.698s][info][gc,phases      ] GC(35) Phase 3: Adjust pointers 260.310ms
[6.698s][info][gc,phases,start] GC(35) Phase 4: Move objects
[6.709s][info][gc,phases      ] GC(35) Phase 4: Move objects 10.848ms
[6.712s][info][gc,heap        ] GC(35) DefNew: 505151K(505152K)->55883K(890880K) Eden: 449088K(449088K)->55883K(791936K) From: 56063K(56064K)->0K(98944K)
[6.712s][info][gc,heap        ] GC(35) Tenured: 1066418K(1122376K)->1464587K(1979776K)
[6.712s][info][gc,metaspace   ] GC(35) Metaspace: 6303K(6528K)->6303K(6528K) NonClass: 5770K(5888K)->5770K(5888K) Class: 533K(640K)->533K(640K)
[6.712s][info][gc             ] GC(35) Pause Full (Allocation Failure) 1484M->1484M(2803M) 1129.065ms
[6.712s][info][gc,cpu         ] GC(35) User=1.14s Sys=0.00s Real=1.13s
[7.420s][info][gc,start       ] GC(36) Pause Young (Allocation Failure)
[8.900s][info][gc,promotion   ] GC(36) Promotion failed
[8.900s][info][gc             ] GC(36) Pause Young (Allocation Failure) 2203M->2803M(2803M) 1479.871ms
[8.900s][info][gc,cpu         ] GC(36) User=1.34s Sys=0.12s Real=1.48s
[8.900s][info][gc,start       ] GC(37) Pause Full (Allocation Failure)
[8.900s][info][gc,phases,start] GC(37) Phase 1: Mark live objects
[9.940s][info][gc,phases      ] GC(37) Phase 1: Mark live objects 1039.867ms
[9.940s][info][gc,phases,start] GC(37) Phase 2: Compute new object addresses
[10.327s][info][gc,phases      ] GC(37) Phase 2: Compute new object addresses 386.810ms
[10.327s][info][gc,phases,start] GC(37) Phase 3: Adjust pointers
[10.809s][info][gc,phases      ] GC(37) Phase 3: Adjust pointers 482.225ms
[10.809s][info][gc,phases,start] GC(37) Phase 4: Move objects
[11.236s][info][gc,phases      ] GC(37) Phase 4: Move objects 426.778ms
[11.236s][info][gc,heap        ] GC(37) DefNew: 791936K(890880K)->248047K(890880K) Eden: 791936K(791936K)->248047K(791936K) From: 0K(98944K)->0K(98944K)
[11.236s][info][gc,heap        ] GC(37) Tenured: 1464587K(1979776K)->1979776K(1979776K)
[11.236s][info][gc,metaspace   ] GC(37) Metaspace: 6303K(6528K)->6303K(6528K) NonClass: 5770K(5888K)->5770K(5888K) Class: 533K(640K)->533K(640K)
[11.236s][info][gc             ] GC(37) Pause Full (Allocation Failure) 2803M->2175M(2803M) 2336.522ms
[11.236s][info][gc,cpu         ] GC(37) User=2.33s Sys=0.00s Real=2.34s
[11.925s][info][gc,start       ] GC(38) Pause Full (Allocation Failure)
[11.925s][info][gc,phases,start] GC(38) Phase 1: Mark live objects
[13.208s][info][gc,phases      ] GC(38) Phase 1: Mark live objects 1283.427ms
[13.209s][info][gc,phases,start] GC(38) Phase 2: Compute new object addresses
[13.602s][info][gc,phases      ] GC(38) Phase 2: Compute new object addresses 393.966ms
[13.603s][info][gc,phases,start] GC(38) Phase 3: Adjust pointers
[14.178s][info][gc,phases      ] GC(38) Phase 3: Adjust pointers 575.026ms
[14.178s][info][gc,phases,start] GC(38) Phase 4: Move objects
[14.268s][info][gc,phases      ] GC(38) Phase 4: Move objects 90.033ms
[14.268s][info][gc,heap        ] GC(38) DefNew: 859138K(890880K)->859115K(890880K) Eden: 791936K(791936K)->791935K(791936K) From: 67202K(98944K)->67179K(98944K)
[14.268s][info][gc,heap        ] GC(38) Tenured: 1979776K(1979776K)->1979776K(1979776K)
[14.268s][info][gc,metaspace   ] GC(38) Metaspace: 6303K(6528K)->6303K(6528K) NonClass: 5770K(5888K)->5770K(5888K) Class: 533K(640K)->533K(640K)
[14.268s][info][gc             ] GC(38) Pause Full (Allocation Failure) 2772M->2772M(2803M) 2343.492ms
[14.268s][info][gc,cpu         ] GC(38) User=2.33s Sys=0.00s Real=2.34s
[14.268s][info][gc,start       ] GC(39) Pause Full (Allocation Failure)
[14.268s][info][gc,phases,start] GC(39) Phase 1: Mark live objects
[15.553s][info][gc,phases      ] GC(39) Phase 1: Mark live objects 1284.092ms
[15.553s][info][gc,phases,start] GC(39) Phase 2: Compute new object addresses
[15.946s][info][gc,phases      ] GC(39) Phase 2: Compute new object addresses 393.129ms
[15.946s][info][gc,phases,start] GC(39) Phase 3: Adjust pointers
[16.578s][info][gc,phases      ] GC(39) Phase 3: Adjust pointers 632.499ms
[16.578s][info][gc,phases,start] GC(39) Phase 4: Move objects
[17.043s][info][gc,phases      ] GC(39) Phase 4: Move objects 464.488ms
[17.044s][info][gc,heap        ] GC(39) DefNew: 859115K(890880K)->859111K(890880K) Eden: 791935K(791936K)->791935K(791936K) From: 67179K(98944K)->67175K(98944K)
[17.044s][info][gc,heap        ] GC(39) Tenured: 1979776K(1979776K)->1979775K(1979776K)
[17.044s][info][gc,metaspace   ] GC(39) Metaspace: 6303K(6528K)->6301K(6528K) NonClass: 5770K(5888K)->5769K(5888K) Class: 533K(640K)->532K(640K)
[17.044s][info][gc             ] GC(39) Pause Full (Allocation Failure) 2772M->2772M(2803M) 2775.183ms
[17.044s][info][gc,cpu         ] GC(39) User=2.77s Sys=0.00s Real=2.78s
[17.045s][info][gc,heap,exit   ] Heap
[17.045s][info][gc,heap,exit   ]  def new generation   total 890880K, used 859113K [0x000000074ac00000, 0x00000007872a0000, 0x00000007872a0000)
[17.045s][info][gc,heap,exit   ]   eden space 791936K, 100% used [0x000000074ac00000, 0x000000077b160000, 0x000000077b160000)
[17.045s][info][gc,heap,exit   ]   from space 98944K,  67% used [0x0000000781200000, 0x000000078539a6e0, 0x00000007872a0000)
[17.045s][info][gc,heap,exit   ]   to   space 98944K,   0% used [0x000000077b160000, 0x000000077b160000, 0x0000000781200000)
[17.045s][info][gc,heap,exit   ]  tenured generation   total 1979776K, used 1979775K [0x00000007872a0000, 0x0000000800000000, 0x0000000800000000)
[17.045s][info][gc,heap,exit   ]    the space 1979776K,  99% used [0x00000007872a0000, 0x00000007ffffffc8, 0x0000000800000000, 0x0000000800000000)
[17.045s][info][gc,heap,exit   ]  Metaspace       used 6306K, committed 6528K, reserved 1114112K
[17.045s][info][gc,heap,exit   ]   class space    used 534K, committed 640K, reserved 1048576K
