[0.023s][info][gc,init] CardTable entry size: 512
[0.023s][info][gc     ] Using Serial
[0.024s][info][gc,init] Version: 18.0.1+10 (release)
[0.024s][info][gc,init] CPUs: 8 total, 8 available
[0.024s][info][gc,init] Memory: 16063M
[0.024s][info][gc,init] Large Page Support: Disabled
[0.024s][info][gc,init] NUMA Support: Disabled
[0.024s][info][gc,init] Compressed Oops: Enabled (Zero based)
[0.024s][info][gc,init] Heap Min Capacity: 2M
[0.024s][info][gc,init] Heap Initial Capacity: 2M
[0.024s][info][gc,init] Heap Max Capacity: 16400M
[0.024s][info][gc,init] Pre-touch: Disabled
[0.025s][info][gc,metaspace] CDS archive(s) not mapped
[0.025s][info][gc,metaspace] Compressed class space mapped at: 0x0000000800000000-0x0000000840000000, reserved size: 1073741824
[0.025s][info][gc,metaspace] Narrow klass base: 0x0000000800000000, Narrow klass shift: 0, Narrow klass range: 0x40000000
[0.203s][info][gc,start    ] GC(0) Pause Young (Allocation Failure)
[0.205s][info][gc,heap     ] GC(0) DefNew: 1023K(1152K)->127K(1152K) Eden: 1023K(1024K)->0K(1024K) From: 0K(128K)->127K(128K)
[0.205s][info][gc,heap     ] GC(0) Tenured: 0K(768K)->439K(768K)
[0.205s][info][gc,metaspace] GC(0) Metaspace: 5901K(6016K)->5901K(6016K) NonClass: 5402K(5504K)->5402K(5504K) Class: 499K(512K)->499K(512K)
[0.205s][info][gc          ] GC(0) Pause Young (Allocation Failure) 0M->0M(1M) 2.132ms
[0.205s][info][gc,cpu      ] GC(0) User=0.00s Sys=0.00s Real=0.00s
[0.233s][info][gc,start    ] GC(1) Pause Young (Allocation Failure)
[0.235s][info][gc          ] GC(1) Pause Young (Allocation Failure) 1M->0M(2M) 2.044ms
[0.235s][info][gc,cpu      ] GC(1) User=0.00s Sys=0.00s Real=0.00s
[0.235s][info][gc,start    ] GC(2) Pause Full (Allocation Failure)
[0.235s][info][gc,phases,start] GC(2) Phase 1: Mark live objects
[0.236s][info][gc,phases      ] GC(2) Phase 1: Mark live objects 1.070ms
[0.236s][info][gc,phases,start] GC(2) Phase 2: Compute new object addresses
[0.237s][info][gc,phases      ] GC(2) Phase 2: Compute new object addresses 0.426ms
[0.237s][info][gc,phases,start] GC(2) Phase 3: Adjust pointers
[0.238s][info][gc,phases      ] GC(2) Phase 3: Adjust pointers 0.736ms
[0.238s][info][gc,phases,start] GC(2) Phase 4: Move objects
[0.238s][info][gc,phases      ] GC(2) Phase 4: Move objects 0.087ms
[0.238s][info][gc,heap        ] GC(2) DefNew: 1151K(1152K)->40K(1152K) Eden: 1024K(1024K)->40K(1024K) From: 127K(128K)->0K(128K)
[0.238s][info][gc,heap        ] GC(2) Tenured: 439K(768K)->960K(1600K)
[0.238s][info][gc,metaspace   ] GC(2) Metaspace: 6300K(6528K)->6300K(6528K) NonClass: 5767K(5888K)->5767K(5888K) Class: 533K(640K)->533K(640K)
[0.238s][info][gc             ] GC(2) Pause Full (Allocation Failure) 0M->0M(2M) 2.779ms
[0.238s][info][gc,cpu         ] GC(2) User=0.00s Sys=0.00s Real=0.00s
[0.240s][info][gc,start       ] GC(3) Pause Young (Allocation Failure)
[0.242s][info][gc,heap        ] GC(3) DefNew: 1024K(1152K)->127K(1152K) Eden: 1024K(1024K)->0K(1024K) From: 0K(128K)->127K(128K)
[0.242s][info][gc,heap        ] GC(3) Tenured: 960K(1600K)->1375K(1600K)
[0.242s][info][gc,metaspace   ] GC(3) Metaspace: 6300K(6528K)->6300K(6528K) NonClass: 5767K(5888K)->5767K(5888K) Class: 533K(640K)->533K(640K)
[0.242s][info][gc             ] GC(3) Pause Young (Allocation Failure) 1M->1M(2M) 2.158ms
[0.242s][info][gc,cpu         ] GC(3) User=0.00s Sys=0.00s Real=0.00s
[0.245s][info][gc,start       ] GC(4) Pause Young (Allocation Failure)
[0.246s][info][gc             ] GC(4) Pause Young (Allocation Failure) 2M->1M(3M) 1.418ms
[0.246s][info][gc,cpu         ] GC(4) User=0.00s Sys=0.00s Real=0.00s
[0.246s][info][gc,start       ] GC(5) Pause Full (Allocation Failure)
[0.246s][info][gc,phases,start] GC(5) Phase 1: Mark live objects
[0.248s][info][gc,phases      ] GC(5) Phase 1: Mark live objects 1.400ms
[0.248s][info][gc,phases,start] GC(5) Phase 2: Compute new object addresses
[0.248s][info][gc,phases      ] GC(5) Phase 2: Compute new object addresses 0.376ms
[0.248s][info][gc,phases,start] GC(5) Phase 3: Adjust pointers
[0.249s][info][gc,phases      ] GC(5) Phase 3: Adjust pointers 0.863ms
[0.249s][info][gc,phases,start] GC(5) Phase 4: Move objects
[0.249s][info][gc,phases      ] GC(5) Phase 4: Move objects 0.110ms
[0.250s][info][gc,heap        ] GC(5) DefNew: 1151K(1152K)->35K(1536K) Eden: 1024K(1024K)->35K(1408K) From: 127K(128K)->0K(128K)
[0.250s][info][gc,heap        ] GC(5) Tenured: 1375K(1600K)->1983K(3308K)
[0.250s][info][gc,metaspace   ] GC(5) Metaspace: 6300K(6528K)->6300K(6528K) NonClass: 5767K(5888K)->5767K(5888K) Class: 533K(640K)->533K(640K)
[0.250s][info][gc             ] GC(5) Pause Full (Allocation Failure) 1M->1M(4M) 3.359ms
[0.250s][info][gc,cpu         ] GC(5) User=0.00s Sys=0.00s Real=0.00s
[0.252s][info][gc,start       ] GC(6) Pause Young (Allocation Failure)
[0.254s][info][gc,heap        ] GC(6) DefNew: 1408K(1536K)->128K(1536K) Eden: 1408K(1408K)->0K(1408K) From: 0K(128K)->128K(128K)
[0.254s][info][gc,heap        ] GC(6) Tenured: 1983K(3308K)->2617K(3308K)
[0.254s][info][gc,metaspace   ] GC(6) Metaspace: 6300K(6528K)->6300K(6528K) NonClass: 5767K(5888K)->5767K(5888K) Class: 533K(640K)->533K(640K)
[0.254s][info][gc             ] GC(6) Pause Young (Allocation Failure) 3M->2M(4M) 2.401ms
[0.254s][info][gc,cpu         ] GC(6) User=0.00s Sys=0.00s Real=0.00s
[0.256s][info][gc,start       ] GC(7) Pause Young (Allocation Failure)
[0.258s][info][gc             ] GC(7) Pause Young (Allocation Failure) 4M->3M(4M) 2.198ms
[0.258s][info][gc,cpu         ] GC(7) User=0.00s Sys=0.00s Real=0.00s
[0.259s][info][gc,start       ] GC(8) Pause Full (Allocation Failure)
[0.259s][info][gc,phases,start] GC(8) Phase 1: Mark live objects
[0.261s][info][gc,phases      ] GC(8) Phase 1: Mark live objects 2.220ms
[0.261s][info][gc,phases,start] GC(8) Phase 2: Compute new object addresses
[0.261s][info][gc,phases      ] GC(8) Phase 2: Compute new object addresses 0.611ms
[0.261s][info][gc,phases,start] GC(8) Phase 3: Adjust pointers
[0.262s][info][gc,phases      ] GC(8) Phase 3: Adjust pointers 0.985ms
[0.263s][info][gc,phases,start] GC(8) Phase 4: Move objects
[0.263s][info][gc,phases      ] GC(8) Phase 4: Move objects 0.068ms
[0.263s][info][gc,heap        ] GC(8) DefNew: 1536K(1536K)->0K(2688K) Eden: 1408K(1408K)->0K(2432K) From: 128K(128K)->0K(256K)
[0.263s][info][gc,heap        ] GC(8) Tenured: 2617K(3308K)->3460K(5768K)
[0.263s][info][gc,metaspace   ] GC(8) Metaspace: 6300K(6528K)->6300K(6528K) NonClass: 5767K(5888K)->5767K(5888K) Class: 533K(640K)->533K(640K)
[0.263s][info][gc             ] GC(8) Pause Full (Allocation Failure) 3M->3M(8M) 4.189ms
[0.263s][info][gc,cpu         ] GC(8) User=0.00s Sys=0.00s Real=0.00s
[0.269s][info][gc,start       ] GC(9) Pause Young (Allocation Failure)
[0.273s][info][gc,heap        ] GC(9) DefNew: 2432K(2688K)->255K(2688K) Eden: 2432K(2432K)->0K(2432K) From: 0K(256K)->255K(256K)
[0.273s][info][gc,heap        ] GC(9) Tenured: 3460K(5768K)->4512K(5768K)
[0.273s][info][gc,metaspace   ] GC(9) Metaspace: 6300K(6528K)->6300K(6528K) NonClass: 5767K(5888K)->5767K(5888K) Class: 533K(640K)->533K(640K)
[0.273s][info][gc             ] GC(9) Pause Young (Allocation Failure) 5M->4M(8M) 4.604ms
[0.273s][info][gc,cpu         ] GC(9) User=0.00s Sys=0.00s Real=0.00s
[0.277s][info][gc,start       ] GC(10) Pause Young (Allocation Failure)
[0.281s][info][gc,heap        ] GC(10) DefNew: 2687K(2688K)->255K(2688K) Eden: 2432K(2432K)->0K(2432K) From: 255K(256K)->255K(256K)
[0.281s][info][gc,heap        ] GC(10) Tenured: 4512K(5768K)->5755K(5768K)
[0.281s][info][gc,metaspace   ] GC(10) Metaspace: 6300K(6528K)->6300K(6528K) NonClass: 5767K(5888K)->5767K(5888K) Class: 533K(640K)->533K(640K)
[0.281s][info][gc             ] GC(10) Pause Young (Allocation Failure) 7M->5M(8M) 4.509ms
[0.281s][info][gc,cpu         ] GC(10) User=0.00s Sys=0.00s Real=0.00s
[0.285s][info][gc,start       ] GC(11) Pause Young (Allocation Failure)
[0.291s][info][gc             ] GC(11) Pause Young (Allocation Failure) 8M->7M(9M) 5.617ms
[0.291s][info][gc,cpu         ] GC(11) User=0.00s Sys=0.00s Real=0.01s
[0.291s][info][gc,start       ] GC(12) Pause Full (Allocation Failure)
[0.291s][info][gc,phases,start] GC(12) Phase 1: Mark live objects
[0.297s][info][gc,phases      ] GC(12) Phase 1: Mark live objects 6.152ms
[0.297s][info][gc,phases,start] GC(12) Phase 2: Compute new object addresses
[0.298s][info][gc,phases      ] GC(12) Phase 2: Compute new object addresses 1.253ms
[0.298s][info][gc,phases,start] GC(12) Phase 3: Adjust pointers
[0.301s][info][gc,phases      ] GC(12) Phase 3: Adjust pointers 2.204ms
[0.301s][info][gc,phases,start] GC(12) Phase 4: Move objects
[0.302s][info][gc,phases      ] GC(12) Phase 4: Move objects 1.651ms
[0.302s][info][gc,heap        ] GC(12) DefNew: 2687K(2688K)->0K(5376K) Eden: 2432K(2432K)->0K(4800K) From: 255K(256K)->0K(576K)
[0.302s][info][gc,heap        ] GC(12) Tenured: 5755K(5768K)->7132K(11888K)
[0.303s][info][gc,metaspace   ] GC(12) Metaspace: 6300K(6528K)->6300K(6528K) NonClass: 5767K(5888K)->5767K(5888K) Class: 533K(640K)->533K(640K)
[0.303s][info][gc             ] GC(12) Pause Full (Allocation Failure) 7M->6M(16M) 11.924ms
[0.303s][info][gc,cpu         ] GC(12) User=0.00s Sys=0.00s Real=0.01s
[0.309s][info][gc,start       ] GC(13) Pause Young (Allocation Failure)
[0.315s][info][gc,heap        ] GC(13) DefNew: 4800K(5376K)->575K(5376K) Eden: 4800K(4800K)->0K(4800K) From: 0K(576K)->575K(576K)
[0.315s][info][gc,heap        ] GC(13) Tenured: 7132K(11888K)->9027K(11888K)
[0.315s][info][gc,metaspace   ] GC(13) Metaspace: 6300K(6528K)->6300K(6528K) NonClass: 5767K(5888K)->5767K(5888K) Class: 533K(640K)->533K(640K)
[0.316s][info][gc             ] GC(13) Pause Young (Allocation Failure) 11M->9M(16M) 6.743ms
[0.316s][info][gc,cpu         ] GC(13) User=0.02s Sys=0.00s Real=0.01s
[0.322s][info][gc,start       ] GC(14) Pause Young (Allocation Failure)
[0.330s][info][gc,heap        ] GC(14) DefNew: 5375K(5376K)->576K(5376K) Eden: 4800K(4800K)->0K(4800K) From: 575K(576K)->576K(576K)
[0.330s][info][gc,heap        ] GC(14) Tenured: 9027K(11888K)->11746K(11888K)
[0.330s][info][gc,metaspace   ] GC(14) Metaspace: 6300K(6528K)->6300K(6528K) NonClass: 5767K(5888K)->5767K(5888K) Class: 533K(640K)->533K(640K)
[0.330s][info][gc             ] GC(14) Pause Young (Allocation Failure) 14M->12M(16M) 8.098ms
[0.330s][info][gc,cpu         ] GC(14) User=0.00s Sys=0.00s Real=0.01s
[0.334s][info][gc,start       ] GC(15) Pause Young (Allocation Failure)
[0.341s][info][gc             ] GC(15) Pause Young (Allocation Failure) 16M->14M(19M) 7.477ms
[0.342s][info][gc,cpu         ] GC(15) User=0.00s Sys=0.00s Real=0.01s
[0.342s][info][gc,start       ] GC(16) Pause Full (Allocation Failure)
[0.342s][info][gc,phases,start] GC(16) Phase 1: Mark live objects
[0.351s][info][gc,phases      ] GC(16) Phase 1: Mark live objects 9.332ms
[0.351s][info][gc,phases,start] GC(16) Phase 2: Compute new object addresses
[0.354s][info][gc,phases      ] GC(16) Phase 2: Compute new object addresses 2.619ms
[0.354s][info][gc,phases,start] GC(16) Phase 3: Adjust pointers
[0.358s][info][gc,phases      ] GC(16) Phase 3: Adjust pointers 3.963ms
[0.358s][info][gc,phases,start] GC(16) Phase 4: Move objects
[0.358s][info][gc,phases      ] GC(16) Phase 4: Move objects 0.189ms
[0.358s][info][gc,heap        ] GC(16) DefNew: 5376K(5376K)->411K(10880K) Eden: 4800K(4800K)->411K(9728K) From: 576K(576K)->0K(1152K)
[0.358s][info][gc,heap        ] GC(16) Tenured: 11746K(11888K)->14383K(23976K)
[0.358s][info][gc,metaspace   ] GC(16) Metaspace: 6302K(6528K)->6302K(6528K) NonClass: 5769K(5888K)->5769K(5888K) Class: 533K(640K)->533K(640K)
[0.358s][info][gc             ] GC(16) Pause Full (Allocation Failure) 14M->14M(34M) 16.543ms
[0.358s][info][gc,cpu         ] GC(16) User=0.02s Sys=0.00s Real=0.02s
[0.366s][info][gc,start       ] GC(17) Pause Young (Allocation Failure)
[0.379s][info][gc,heap        ] GC(17) DefNew: 9728K(10880K)->1152K(10880K) Eden: 9728K(9728K)->0K(9728K) From: 0K(1152K)->1152K(1152K)
[0.379s][info][gc,heap        ] GC(17) Tenured: 14383K(23976K)->18409K(23976K)
[0.379s][info][gc,metaspace   ] GC(17) Metaspace: 6302K(6528K)->6302K(6528K) NonClass: 5769K(5888K)->5769K(5888K) Class: 533K(640K)->533K(640K)
[0.380s][info][gc             ] GC(17) Pause Young (Allocation Failure) 23M->19M(34M) 13.346ms
[0.380s][info][gc,cpu         ] GC(17) User=0.00s Sys=0.00s Real=0.01s
[0.387s][info][gc,start       ] GC(18) Pause Young (Allocation Failure)
[0.399s][info][gc,heap        ] GC(18) DefNew: 10880K(10880K)->1151K(10880K) Eden: 9728K(9728K)->0K(9728K) From: 1152K(1152K)->1151K(1152K)
[0.399s][info][gc,heap        ] GC(18) Tenured: 18409K(23976K)->23929K(23976K)
[0.399s][info][gc,metaspace   ] GC(18) Metaspace: 6302K(6528K)->6302K(6528K) NonClass: 5769K(5888K)->5769K(5888K) Class: 533K(640K)->533K(640K)
[0.399s][info][gc             ] GC(18) Pause Young (Allocation Failure) 28M->24M(34M) 11.680ms
[0.399s][info][gc,cpu         ] GC(18) User=0.00s Sys=0.00s Real=0.01s
[0.405s][info][gc,start       ] GC(19) Pause Young (Allocation Failure)
[0.416s][info][gc             ] GC(19) Pause Young (Allocation Failure) 33M->29M(38M) 10.832ms
[0.416s][info][gc,cpu         ] GC(19) User=0.00s Sys=0.00s Real=0.01s
[0.416s][info][gc,start       ] GC(20) Pause Full (Allocation Failure)
[0.416s][info][gc,phases,start] GC(20) Phase 1: Mark live objects
[0.430s][info][gc,phases      ] GC(20) Phase 1: Mark live objects 13.891ms
[0.430s][info][gc,phases,start] GC(20) Phase 2: Compute new object addresses
[0.435s][info][gc,phases      ] GC(20) Phase 2: Compute new object addresses 4.803ms
[0.435s][info][gc,phases,start] GC(20) Phase 3: Adjust pointers
[0.440s][info][gc,phases      ] GC(20) Phase 3: Adjust pointers 5.534ms
[0.440s][info][gc,phases,start] GC(20) Phase 4: Move objects
[0.440s][info][gc,phases      ] GC(20) Phase 4: Move objects 0.165ms
[0.441s][info][gc,heap        ] GC(20) DefNew: 10879K(10880K)->1073K(21888K) Eden: 9728K(9728K)->1073K(19520K) From: 1151K(1152K)->0K(2368K)
[0.441s][info][gc,heap        ] GC(20) Tenured: 23929K(23976K)->29035K(48396K)
[0.441s][info][gc,metaspace   ] GC(20) Metaspace: 6302K(6528K)->6302K(6528K) NonClass: 5769K(5888K)->5769K(5888K) Class: 533K(640K)->533K(640K)
[0.441s][info][gc             ] GC(20) Pause Full (Allocation Failure) 29M->29M(68M) 24.832ms
[0.441s][info][gc,cpu         ] GC(20) User=0.03s Sys=0.00s Real=0.03s
[0.457s][info][gc,start       ] GC(21) Pause Young (Allocation Failure)
[0.486s][info][gc,heap        ] GC(21) DefNew: 19520K(21888K)->2368K(21888K) Eden: 19520K(19520K)->0K(19520K) From: 0K(2368K)->2368K(2368K)
[0.486s][info][gc,heap        ] GC(21) Tenured: 29035K(48396K)->39343K(48396K)
[0.486s][info][gc,metaspace   ] GC(21) Metaspace: 6302K(6528K)->6302K(6528K) NonClass: 5769K(5888K)->5769K(5888K) Class: 533K(640K)->533K(640K)
[0.486s][info][gc             ] GC(21) Pause Young (Allocation Failure) 47M->40M(68M) 28.658ms
[0.486s][info][gc,cpu         ] GC(21) User=0.02s Sys=0.00s Real=0.03s
[0.503s][info][gc,start       ] GC(22) Pause Young (Allocation Failure)
[0.541s][info][gc             ] GC(22) Pause Young (Allocation Failure) 59M->59M(78M) 38.218ms
[0.541s][info][gc,cpu         ] GC(22) User=0.03s Sys=0.00s Real=0.04s
[0.541s][info][gc,start       ] GC(23) Pause Full (Allocation Failure)
[0.541s][info][gc,phases,start] GC(23) Phase 1: Mark live objects
[0.573s][info][gc,phases      ] GC(23) Phase 1: Mark live objects 32.027ms
[0.573s][info][gc,phases,start] GC(23) Phase 2: Compute new object addresses
[0.583s][info][gc,phases      ] GC(23) Phase 2: Compute new object addresses 9.806ms
[0.583s][info][gc,phases,start] GC(23) Phase 3: Adjust pointers
[0.595s][info][gc,phases      ] GC(23) Phase 3: Adjust pointers 11.935ms
[0.595s][info][gc,phases,start] GC(23) Phase 4: Move objects
[0.596s][info][gc,phases      ] GC(23) Phase 4: Move objects 0.357ms
[0.596s][info][gc,heap        ] GC(23) DefNew: 21888K(21888K)->2248K(44288K) Eden: 19520K(19520K)->2248K(39424K) From: 2368K(2368K)->0K(4864K)
[0.596s][info][gc,heap        ] GC(23) Tenured: 39343K(48396K)->58955K(98260K)
[0.596s][info][gc,metaspace   ] GC(23) Metaspace: 6302K(6528K)->6302K(6528K) NonClass: 5769K(5888K)->5769K(5888K) Class: 533K(640K)->533K(640K)
[0.596s][info][gc             ] GC(23) Pause Full (Allocation Failure) 59M->59M(139M) 54.751ms
[0.596s][info][gc,cpu         ] GC(23) User=0.05s Sys=0.00s Real=0.06s
[0.636s][info][gc,start       ] GC(24) Pause Young (Allocation Failure)
[0.699s][info][gc,heap        ] GC(24) DefNew: 39424K(44288K)->4863K(44288K) Eden: 39424K(39424K)->0K(39424K) From: 0K(4864K)->4863K(4864K)
[0.699s][info][gc,heap        ] GC(24) Tenured: 58955K(98260K)->93491K(98260K)
[0.699s][info][gc,metaspace   ] GC(24) Metaspace: 6302K(6528K)->6302K(6528K) NonClass: 5769K(5888K)->5769K(5888K) Class: 533K(640K)->533K(640K)
[0.699s][info][gc             ] GC(24) Pause Young (Allocation Failure) 96M->96M(139M) 62.461ms
[0.699s][info][gc,cpu         ] GC(24) User=0.06s Sys=0.00s Real=0.06s
[0.733s][info][gc,start       ] GC(25) Pause Young (Allocation Failure)
[0.806s][info][gc             ] GC(25) Pause Young (Allocation Failure) 134M->134M(173M) 73.018ms
[0.806s][info][gc,cpu         ] GC(25) User=0.06s Sys=0.00s Real=0.07s
[0.806s][info][gc,start       ] GC(26) Pause Full (Allocation Failure)
[0.806s][info][gc,phases,start] GC(26) Phase 1: Mark live objects
[0.862s][info][gc,phases      ] GC(26) Phase 1: Mark live objects 55.741ms
[0.862s][info][gc,phases,start] GC(26) Phase 2: Compute new object addresses
[0.883s][info][gc,phases      ] GC(26) Phase 2: Compute new object addresses 21.770ms
[0.883s][info][gc,phases,start] GC(26) Phase 3: Adjust pointers
[0.910s][info][gc,phases      ] GC(26) Phase 3: Adjust pointers 26.927ms
[0.910s][info][gc,phases,start] GC(26) Phase 4: Move objects
[0.935s][info][gc,phases      ] GC(26) Phase 4: Move objects 24.065ms
[0.935s][info][gc,heap        ] GC(26) DefNew: 44287K(44288K)->1019K(99712K) Eden: 39424K(39424K)->1019K(88640K) From: 4863K(4864K)->0K(11072K)
[0.935s][info][gc,heap        ] GC(26) Tenured: 93491K(98260K)->132887K(221480K)
[0.935s][info][gc,metaspace   ] GC(26) Metaspace: 6302K(6528K)->6302K(6528K) NonClass: 5769K(5888K)->5769K(5888K) Class: 533K(640K)->533K(640K)
[0.935s][info][gc             ] GC(26) Pause Full (Allocation Failure) 134M->130M(313M) 129.282ms
[0.935s][info][gc,cpu         ] GC(26) User=0.12s Sys=0.00s Real=0.13s
[1.033s][info][gc,start       ] GC(27) Pause Young (Allocation Failure)
[1.182s][info][gc,heap        ] GC(27) DefNew: 88640K(99712K)->11072K(99712K) Eden: 88640K(88640K)->0K(88640K) From: 0K(11072K)->11072K(11072K)
[1.182s][info][gc,heap        ] GC(27) Tenured: 132887K(221480K)->210430K(221480K)
[1.182s][info][gc,metaspace   ] GC(27) Metaspace: 6302K(6528K)->6302K(6528K) NonClass: 5769K(5888K)->5769K(5888K) Class: 533K(640K)->533K(640K)
[1.182s][info][gc             ] GC(27) Pause Young (Allocation Failure) 216M->216M(313M) 148.950ms
[1.182s][info][gc,cpu         ] GC(27) User=0.11s Sys=0.03s Real=0.15s
[1.266s][info][gc,start       ] GC(28) Pause Young (Allocation Failure)
[1.437s][info][gc             ] GC(28) Pause Young (Allocation Failure) 302M->302M(389M) 171.003ms
[1.438s][info][gc,cpu         ] GC(28) User=0.14s Sys=0.02s Real=0.17s
[1.438s][info][gc,start       ] GC(29) Pause Full (Allocation Failure)
[1.438s][info][gc,phases,start] GC(29) Phase 1: Mark live objects
[1.574s][info][gc,phases      ] GC(29) Phase 1: Mark live objects 136.354ms
[1.574s][info][gc,phases,start] GC(29) Phase 2: Compute new object addresses
[1.623s][info][gc,phases      ] GC(29) Phase 2: Compute new object addresses 48.561ms
[1.623s][info][gc,phases,start] GC(29) Phase 3: Adjust pointers
[1.678s][info][gc,phases      ] GC(29) Phase 3: Adjust pointers 55.387ms
[1.678s][info][gc,phases,start] GC(29) Phase 4: Move objects
[1.680s][info][gc,phases      ] GC(29) Phase 4: Move objects 2.289ms
[1.681s][info][gc,heap        ] GC(29) DefNew: 99712K(99712K)->10926K(224448K) Eden: 88640K(88640K)->10926K(199552K) From: 11072K(11072K)->0K(24896K)
[1.681s][info][gc,heap        ] GC(29) Tenured: 210430K(221480K)->299179K(498636K)
[1.681s][info][gc,metaspace   ] GC(29) Metaspace: 6302K(6528K)->6302K(6528K) NonClass: 5769K(5888K)->5769K(5888K) Class: 533K(640K)->533K(640K)
[1.682s][info][gc             ] GC(29) Pause Full (Allocation Failure) 302M->302M(706M) 243.977ms
[1.682s][info][gc,cpu         ] GC(29) User=0.25s Sys=0.00s Real=0.24s
[1.891s][info][gc,start       ] GC(30) Pause Young (Allocation Failure)
[2.231s][info][gc,heap        ] GC(30) DefNew: 199552K(224448K)->24895K(224448K) Eden: 199552K(199552K)->0K(199552K) From: 0K(24896K)->24895K(24896K)
[2.231s][info][gc,heap        ] GC(30) Tenured: 299179K(498636K)->473810K(498636K)
[2.231s][info][gc,metaspace   ] GC(30) Metaspace: 6302K(6528K)->6302K(6528K) NonClass: 5769K(5888K)->5769K(5888K) Class: 533K(640K)->533K(640K)
[2.231s][info][gc             ] GC(30) Pause Young (Allocation Failure) 487M->487M(706M) 339.853ms
[2.231s][info][gc,cpu         ] GC(30) User=0.23s Sys=0.09s Real=0.34s
[2.413s][info][gc,start       ] GC(31) Pause Young (Allocation Failure)
[2.827s][info][gc             ] GC(31) Pause Young (Allocation Failure) 681M->681M(876M) 414.203ms
[2.827s][info][gc,cpu         ] GC(31) User=0.27s Sys=0.09s Real=0.41s
[2.827s][info][gc,start       ] GC(32) Pause Full (Allocation Failure)
[2.827s][info][gc,phases,start] GC(32) Phase 1: Mark live objects
[3.166s][info][gc,phases      ] GC(32) Phase 1: Mark live objects 338.648ms
[3.166s][info][gc,phases,start] GC(32) Phase 2: Compute new object addresses
[3.301s][info][gc,phases      ] GC(32) Phase 2: Compute new object addresses 135.090ms
[3.301s][info][gc,phases,start] GC(32) Phase 3: Adjust pointers
[3.429s][info][gc,phases      ] GC(32) Phase 3: Adjust pointers 127.223ms
[3.429s][info][gc,phases,start] GC(32) Phase 4: Move objects
[3.435s][info][gc,phases      ] GC(32) Phase 4: Move objects 6.863ms
[3.437s][info][gc,heap        ] GC(32) DefNew: 224447K(224448K)->24803K(505152K) Eden: 199552K(199552K)->24803K(449088K) From: 24895K(24896K)->0K(56064K)
[3.438s][info][gc,heap        ] GC(32) Tenured: 473810K(498636K)->673424K(1122376K)
[3.438s][info][gc,metaspace   ] GC(32) Metaspace: 6302K(6528K)->6302K(6528K) NonClass: 5769K(5888K)->5769K(5888K) Class: 533K(640K)->533K(640K)
[3.438s][info][gc             ] GC(32) Pause Full (Allocation Failure) 681M->681M(1589M) 610.233ms
[3.438s][info][gc,cpu         ] GC(32) User=0.53s Sys=0.00s Real=0.61s
[3.944s][info][gc,start       ] GC(33) Pause Young (Allocation Failure)
[4.994s][info][gc,heap        ] GC(33) DefNew: 449088K(505152K)->56064K(505152K) Eden: 449088K(449088K)->0K(449088K) From: 0K(56064K)->56064K(56064K)
[4.994s][info][gc,heap        ] GC(33) Tenured: 673424K(1122376K)->1066417K(1122376K)
[4.995s][info][gc,metaspace   ] GC(33) Metaspace: 6302K(6528K)->6302K(6528K) NonClass: 5769K(5888K)->5769K(5888K) Class: 533K(640K)->533K(640K)
[4.995s][info][gc             ] GC(33) Pause Young (Allocation Failure) 1096M->1096M(1589M) 1051.019ms
[4.995s][info][gc,cpu         ] GC(33) User=0.66s Sys=0.14s Real=1.05s
[5.575s][info][gc,start       ] GC(34) Pause Young (Allocation Failure)
[6.747s][info][gc             ] GC(34) Pause Young (Allocation Failure) 1534M->1481M(1920M) 1171.228ms
[6.747s][info][gc,cpu         ] GC(34) User=0.83s Sys=0.20s Real=1.17s
[6.747s][info][gc,start       ] GC(35) Pause Full (Allocation Failure)
[6.747s][info][gc,phases,start] GC(35) Phase 1: Mark live objects
[7.852s][info][gc,phases      ] GC(35) Phase 1: Mark live objects 1105.088ms
[7.852s][info][gc,phases,start] GC(35) Phase 2: Compute new object addresses
[8.115s][info][gc,phases      ] GC(35) Phase 2: Compute new object addresses 262.951ms
[8.115s][info][gc,phases,start] GC(35) Phase 3: Adjust pointers
[8.407s][info][gc,phases      ] GC(35) Phase 3: Adjust pointers 291.620ms
[8.407s][info][gc,phases,start] GC(35) Phase 4: Move objects
[8.419s][info][gc,phases      ] GC(35) Phase 4: Move objects 11.801ms
[8.423s][info][gc,heap        ] GC(35) DefNew: 505152K(505152K)->56011K(1095936K) Eden: 449088K(449088K)->56011K(974208K) From: 56064K(56064K)->0K(121728K)
[8.423s][info][gc,heap        ] GC(35) Tenured: 1066417K(1122376K)->1461131K(2435220K)
[8.423s][info][gc,metaspace   ] GC(35) Metaspace: 6302K(6528K)->6302K(6528K) NonClass: 5769K(5888K)->5769K(5888K) Class: 533K(640K)->533K(640K)
[8.423s][info][gc             ] GC(35) Pause Full (Allocation Failure) 1481M->1481M(3448M) 1676.111ms
[8.423s][info][gc,cpu         ] GC(35) User=1.66s Sys=0.03s Real=1.68s
[9.375s][info][gc,start       ] GC(36) Pause Young (Allocation Failure)
[11.262s][info][gc,heap        ] GC(36) DefNew: 974208K(1095936K)->121728K(1095936K) Eden: 974208K(974208K)->0K(974208K) From: 0K(121728K)->121728K(121728K)
[11.262s][info][gc,heap        ] GC(36) Tenured: 1461131K(2435220K)->2313581K(2435220K)
[11.262s][info][gc,metaspace   ] GC(36) Metaspace: 6302K(6528K)->6302K(6528K) NonClass: 5769K(5888K)->5769K(5888K) Class: 533K(640K)->533K(640K)
[11.262s][info][gc             ] GC(36) Pause Young (Allocation Failure) 2378M->2378M(3448M) 1887.186ms
[11.262s][info][gc,cpu         ] GC(36) User=1.50s Sys=0.33s Real=1.89s
[12.282s][info][gc,start       ] GC(37) Pause Young (Allocation Failure)
[14.061s][info][gc             ] GC(37) Pause Young (Allocation Failure) 3329M->3329M(4281M) 1778.194ms
[14.061s][info][gc,cpu         ] GC(37) User=1.38s Sys=0.36s Real=1.78s
[14.061s][info][gc,start       ] GC(38) Pause Full (Allocation Failure)
[14.061s][info][gc,phases,start] GC(38) Phase 1: Mark live objects
[15.642s][info][gc,phases      ] GC(38) Phase 1: Mark live objects 1581.782ms
[15.643s][info][gc,phases,start] GC(38) Phase 2: Compute new object addresses
[16.196s][info][gc,phases      ] GC(38) Phase 2: Compute new object addresses 553.185ms
[16.196s][info][gc,phases,start] GC(38) Phase 3: Adjust pointers
[16.862s][info][gc,phases      ] GC(38) Phase 3: Adjust pointers 665.950ms
[16.862s][info][gc,phases,start] GC(38) Phase 4: Move objects
[17.523s][info][gc,phases      ] GC(38) Phase 4: Move objects 661.377ms
[17.533s][info][gc,heap        ] GC(38) DefNew: 1095936K(1095936K)->27447K(2465920K) Eden: 974208K(974208K)->27447K(2191936K) From: 121728K(121728K)->0K(273984K)
[17.533s][info][gc,heap        ] GC(38) Tenured: 2313581K(2435220K)->3287831K(5479720K)
[17.533s][info][gc,metaspace   ] GC(38) Metaspace: 6302K(6528K)->6302K(6528K) NonClass: 5769K(5888K)->5769K(5888K) Class: 533K(640K)->533K(640K)
[17.533s][info][gc             ] GC(38) Pause Full (Allocation Failure) 3329M->3237M(7759M) 3472.140ms
[17.533s][info][gc,cpu         ] GC(38) User=3.41s Sys=0.02s Real=3.47s
[19.747s][info][gc,start       ] GC(39) Pause Young (Allocation Failure)
[23.716s][info][gc,heap        ] GC(39) DefNew: 2191936K(2465920K)->273984K(2465920K) Eden: 2191936K(2191936K)->0K(2191936K) From: 0K(273984K)->273984K(273984K)
[23.716s][info][gc,heap        ] GC(39) Tenured: 3287831K(5479720K)->5205753K(5479720K)
[23.716s][info][gc,metaspace   ] GC(39) Metaspace: 6302K(6528K)->6302K(6528K) NonClass: 5769K(5888K)->5769K(5888K) Class: 533K(640K)->533K(640K)
[23.716s][info][gc             ] GC(39) Pause Young (Allocation Failure) 5351M->5351M(7759M) 3968.982ms
[23.716s][info][gc,cpu         ] GC(39) User=3.33s Sys=0.59s Real=3.97s
[25.774s][info][gc,start       ] GC(40) Pause Young (Allocation Failure)
[29.747s][info][gc             ] GC(40) Pause Young (Allocation Failure) 7491M->7491M(9632M) 3972.819ms
[29.747s][info][gc,cpu         ] GC(40) User=3.33s Sys=0.62s Real=3.97s
[29.747s][info][gc,start       ] GC(41) Pause Full (Allocation Failure)
[29.747s][info][gc,phases,start] GC(41) Phase 1: Mark live objects
[33.364s][info][gc,phases      ] GC(41) Phase 1: Mark live objects 3616.597ms
[33.364s][info][gc,phases,start] GC(41) Phase 2: Compute new object addresses
[34.609s][info][gc,phases      ] GC(41) Phase 2: Compute new object addresses 1245.241ms
[34.609s][info][gc,phases,start] GC(41) Phase 3: Adjust pointers
[36.002s][info][gc,phases      ] GC(41) Phase 3: Adjust pointers 1392.897ms
[36.002s][info][gc,phases,start] GC(41) Phase 4: Move objects
[36.068s][info][gc,phases      ] GC(41) Phase 4: Move objects 65.752ms
[36.107s][info][gc,heap        ] GC(41) DefNew: 2465920K(2465920K)->273971K(5038080K) Eden: 2191936K(2191936K)->273971K(4478336K) From: 273984K(273984K)->0K(559744K)
[36.107s][info][gc,heap        ] GC(41) Tenured: 5205753K(5479720K)->7397676K(11195776K)
[36.107s][info][gc,metaspace   ] GC(41) Metaspace: 6302K(6528K)->6302K(6528K) NonClass: 5769K(5888K)->5769K(5888K) Class: 533K(640K)->533K(640K)
[36.107s][info][gc             ] GC(41) Pause Full (Allocation Failure) 7491M->7491M(15853M) 6359.696ms
[36.107s][info][gc,cpu         ] GC(41) User=6.27s Sys=0.05s Real=6.36s
[40.180s][info][gc,start       ] GC(42) Pause Young (Allocation Failure)
[53.682s][info][gc,heap        ] GC(42) DefNew: 4344765K(5038080K)->559743K(5038080K) Eden: 4344765K(4478336K)->0K(4478336K) From: 0K(559744K)->559743K(559744K)
[53.683s][info][gc,heap        ] GC(42) Tenured: 7397676K(11195776K)->11159275K(11195776K)
[53.683s][info][gc,metaspace   ] GC(42) Metaspace: 6302K(6528K)->6302K(6528K) NonClass: 5769K(5888K)->5769K(5888K) Class: 533K(640K)->533K(640K)
[53.683s][info][gc             ] GC(42) Pause Young (Allocation Failure) 11467M->11444M(15853M) 13503.620ms
[53.684s][info][gc,cpu         ] GC(42) User=7.30s Sys=4.31s Real=13.50s
[63.919s][info][gc,start       ] GC(43) Pause Young (Allocation Failure)
[63.919s][info][gc             ] GC(43) Pause Young (Allocation Failure) 15817M->15817M(15853M) 0.220ms
[63.919s][info][gc,cpu         ] GC(43) User=0.00s Sys=0.00s Real=0.00s
[63.919s][info][gc,start       ] GC(44) Pause Full (Allocation Failure)
[63.920s][info][gc,phases,start] GC(44) Phase 1: Mark live objects
[107.860s][info][gc,phases      ] GC(44) Phase 1: Mark live objects 43939.660ms
[107.861s][info][gc,phases,start] GC(44) Phase 2: Compute new object addresses
[132.831s][info][gc,phases      ] GC(44) Phase 2: Compute new object addresses 24970.143ms
[132.831s][info][gc,phases,start] GC(44) Phase 3: Adjust pointers
[174.423s][info][gc,phases      ] GC(44) Phase 3: Adjust pointers 41587.914ms
[174.424s][info][gc,phases,start] GC(44) Phase 4: Move objects
[175.309s][info][gc,phases      ] GC(44) Phase 4: Move objects 885.478ms
[175.366s][info][gc,heap        ] GC(44) DefNew: 5038079K(5038080K)->5021411K(5038080K) Eden: 4478336K(4478336K)->4478335K(4478336K) From: 559743K(559744K)->543075K(559744K)
[175.366s][info][gc,heap        ] GC(44) Tenured: 11159275K(11195776K)->11159275K(11195776K)
[175.367s][info][gc,metaspace   ] GC(44) Metaspace: 6302K(6528K)->6302K(6528K) NonClass: 5769K(5888K)->5769K(5888K) Class: 533K(640K)->533K(640K)
[175.367s][info][gc             ] GC(44) Pause Full (Allocation Failure) 15817M->15801M(15853M) 111447.749ms
[175.368s][info][gc,cpu         ] GC(44) User=12.09s Sys=41.47s Real=111.45s
[175.562s][info][gc,start       ] GC(45) Pause Full (Allocation Failure)
[175.563s][info][gc,phases,start] GC(45) Phase 1: Mark live objects
[215.874s][info][gc,phases      ] GC(45) Phase 1: Mark live objects 40309.787ms
[215.875s][info][gc,phases,start] GC(45) Phase 2: Compute new object addresses
[239.651s][info][gc,phases      ] GC(45) Phase 2: Compute new object addresses 23775.573ms
[239.651s][info][gc,phases,start] GC(45) Phase 3: Adjust pointers
[292.985s][info][gc,phases      ] GC(45) Phase 3: Adjust pointers 53329.183ms
[292.988s][info][gc,phases,start] GC(45) Phase 4: Move objects
[292.989s][info][gc,phases      ] GC(45) Phase 4: Move objects 1.558ms
[293.005s][info][gc,heap        ] GC(45) DefNew: 5038079K(5038080K)->5038079K(5038080K) Eden: 4478335K(4478336K)->4478335K(4478336K) From: 559744K(559744K)->559744K(559744K)
[293.005s][info][gc,heap        ] GC(45) Tenured: 11195775K(11195776K)->11195775K(11195776K)
[293.006s][info][gc,metaspace   ] GC(45) Metaspace: 6302K(6528K)->6302K(6528K) NonClass: 5769K(5888K)->5769K(5888K) Class: 533K(640K)->533K(640K)
[293.007s][info][gc             ] GC(45) Pause Full (Allocation Failure) 15853M->15853M(15853M) 117444.493ms
[293.007s][info][gc,cpu         ] GC(45) User=9.61s Sys=32.89s Real=117.44s
[293.007s][info][gc,start       ] GC(46) Pause Full (Allocation Failure)
[293.008s][info][gc,phases,start] GC(46) Phase 1: Mark live objects
[332.969s][info][gc,phases      ] GC(46) Phase 1: Mark live objects 39960.885ms
[332.970s][info][gc,phases,start] GC(46) Phase 2: Compute new object addresses
[352.087s][info][gc,phases      ] GC(46) Phase 2: Compute new object addresses 19115.909ms
[352.089s][info][gc,phases,start] GC(46) Phase 3: Adjust pointers
[401.612s][info][gc,phases      ] GC(46) Phase 3: Adjust pointers 49523.303ms
[401.612s][info][gc,phases,start] GC(46) Phase 4: Move objects
[424.234s][info][gc,phases      ] GC(46) Phase 4: Move objects 22619.536ms
[424.256s][info][gc,heap        ] GC(46) DefNew: 5038079K(5038080K)->5038079K(5038080K) Eden: 4478335K(4478336K)->4478335K(4478336K) From: 559744K(559744K)->559744K(559744K)
[424.256s][info][gc,heap        ] GC(46) Tenured: 11195775K(11195776K)->10802555K(11195776K)
[424.257s][info][gc,metaspace   ] GC(46) Metaspace: 6302K(6528K)->6300K(6528K) NonClass: 5769K(5888K)->5768K(5888K) Class: 533K(640K)->532K(640K)
[424.258s][info][gc             ] GC(46) Pause Full (Allocation Failure) 15853M->15469M(15853M) 131250.522ms
[424.258s][info][gc,cpu         ] GC(46) User=12.80s Sys=45.47s Real=131.25s
[426.001s][info][gc,start       ] GC(47) Pause Full (Allocation Failure)
[426.002s][info][gc,phases,start] GC(47) Phase 1: Mark live objects
[461.114s][info][gc,phases      ] GC(47) Phase 1: Mark live objects 35111.217ms
[461.115s][info][gc,phases,start] GC(47) Phase 2: Compute new object addresses
[491.325s][info][gc,phases      ] GC(47) Phase 2: Compute new object addresses 30207.158ms
[491.327s][info][gc,phases,start] GC(47) Phase 3: Adjust pointers
[545.053s][info][gc,phases      ] GC(47) Phase 3: Adjust pointers 53718.495ms
[545.057s][info][gc,phases,start] GC(47) Phase 4: Move objects
[545.064s][info][gc,phases      ] GC(47) Phase 4: Move objects 7.039ms
[545.093s][info][gc,heap        ] GC(47) DefNew: 5038079K(5038080K)->5038079K(5038080K) Eden: 4478335K(4478336K)->4478335K(4478336K) From: 559744K(559744K)->559744K(559744K)
[545.094s][info][gc,heap        ] GC(47) Tenured: 11195775K(11195776K)->11195775K(11195776K)
[545.094s][info][gc,metaspace   ] GC(47) Metaspace: 6300K(6528K)->6300K(6528K) NonClass: 5768K(5888K)->5768K(5888K) Class: 532K(640K)->532K(640K)
[545.097s][info][gc             ] GC(47) Pause Full (Allocation Failure) 15853M->15853M(15853M) 119096.377ms
[545.097s][info][gc,cpu         ] GC(47) User=9.83s Sys=36.91s Real=119.10s
[545.098s][info][gc,start       ] GC(48) Pause Full (Allocation Failure)
[545.099s][info][gc,phases,start] GC(48) Phase 1: Mark live objects
[592.942s][info][gc,phases      ] GC(48) Phase 1: Mark live objects 47843.071ms
[592.942s][info][gc,phases,start] GC(48) Phase 2: Compute new object addresses
[617.253s][info][gc,phases      ] GC(48) Phase 2: Compute new object addresses 24311.197ms
[617.253s][info][gc,phases,start] GC(48) Phase 3: Adjust pointers
[668.706s][info][gc,phases      ] GC(48) Phase 3: Adjust pointers 51450.662ms
[668.707s][info][gc,phases,start] GC(48) Phase 4: Move objects
[668.707s][info][gc,phases      ] GC(48) Phase 4: Move objects 0.144ms
[668.719s][info][gc,heap        ] GC(48) DefNew: 5038079K(5038080K)->5038079K(5038080K) Eden: 4478335K(4478336K)->4478335K(4478336K) From: 559744K(559744K)->559744K(559744K)
[668.719s][info][gc,heap        ] GC(48) Tenured: 11195775K(11195776K)->11195775K(11195776K)
[668.720s][info][gc,metaspace   ] GC(48) Metaspace: 6300K(6528K)->6300K(6528K) NonClass: 5768K(5888K)->5768K(5888K) Class: 532K(640K)->532K(640K)
[668.721s][info][gc             ] GC(48) Pause Full (Allocation Failure) 15853M->15853M(15853M) 123623.111ms
[668.721s][info][gc,cpu         ] GC(48) User=10.61s Sys=39.73s Real=123.62s
[668.741s][info][gc,start       ] GC(49) Pause Full (Allocation Failure)
[668.743s][info][gc,phases,start] GC(49) Phase 1: Mark live objects
[713.477s][info][gc,phases      ] GC(49) Phase 1: Mark live objects 44732.778ms
[713.478s][info][gc,phases,start] GC(49) Phase 2: Compute new object addresses
[741.189s][info][gc,phases      ] GC(49) Phase 2: Compute new object addresses 27708.121ms
[741.190s][info][gc,phases,start] GC(49) Phase 3: Adjust pointers
[795.779s][info][gc,phases      ] GC(49) Phase 3: Adjust pointers 54577.749ms
[795.786s][info][gc,phases,start] GC(49) Phase 4: Move objects
[795.789s][info][gc,phases      ] GC(49) Phase 4: Move objects 3.561ms
[795.850s][info][gc,heap        ] GC(49) DefNew: 5038079K(5038080K)->5038079K(5038080K) Eden: 4478335K(4478336K)->4478335K(4478336K) From: 559744K(559744K)->559744K(559744K)
[795.850s][info][gc,heap        ] GC(49) Tenured: 11195775K(11195776K)->11195775K(11195776K)
[795.851s][info][gc,metaspace   ] GC(49) Metaspace: 6300K(6528K)->6300K(6528K) NonClass: 5768K(5888K)->5768K(5888K) Class: 532K(640K)->532K(640K)
[795.860s][info][gc             ] GC(49) Pause Full (Allocation Failure) 15853M->15853M(15853M) 127116.703ms
[795.863s][info][gc,cpu         ] GC(49) User=10.58s Sys=43.36s Real=127.12s
[795.865s][info][gc,start       ] GC(50) Pause Full (Allocation Failure)
[795.866s][info][gc,phases,start] GC(50) Phase 1: Mark live objects
[843.350s][info][gc,phases      ] GC(50) Phase 1: Mark live objects 47483.734ms
[843.351s][info][gc,phases,start] GC(50) Phase 2: Compute new object addresses
[869.738s][info][gc,phases      ] GC(50) Phase 2: Compute new object addresses 26382.935ms
[869.740s][info][gc,phases,start] GC(50) Phase 3: Adjust pointers
[927.779s][info][gc,phases      ] GC(50) Phase 3: Adjust pointers 58030.760ms
[927.784s][info][gc,phases,start] GC(50) Phase 4: Move objects
[959.180s][info][gc,phases      ] GC(50) Phase 4: Move objects 31396.453ms
[959.198s][info][gc,heap        ] GC(50) DefNew: 5038079K(5038080K)->5038079K(5038080K) Eden: 4478335K(4478336K)->4478335K(4478336K) From: 559744K(559744K)->559744K(559744K)
[959.198s][info][gc,heap        ] GC(50) Tenured: 11195775K(11195776K)->11195774K(11195776K)
[959.199s][info][gc,metaspace   ] GC(50) Metaspace: 6300K(6528K)->6300K(6528K) NonClass: 5768K(5888K)->5768K(5888K) Class: 532K(640K)->532K(640K)
[959.200s][info][gc             ] GC(50) Pause Full (Allocation Failure) 15853M->15853M(15853M) 163335.476ms
[959.201s][info][gc,cpu         ] GC(50) User=12.45s Sys=56.31s Real=163.34s
[959.276s][info][gc,start       ] GC(51) Pause Full (Allocation Failure)
[959.276s][info][gc,phases,start] GC(51) Phase 1: Mark live objects
[994.460s][info][gc,phases      ] GC(51) Phase 1: Mark live objects 35180.644ms
[994.471s][info][gc,phases,start] GC(51) Phase 2: Compute new object addresses
[1022.038s][info][gc,phases      ] GC(51) Phase 2: Compute new object addresses 27562.149ms
[1022.040s][info][gc,phases,start] GC(51) Phase 3: Adjust pointers
[1076.121s][info][gc,phases      ] GC(51) Phase 3: Adjust pointers 54078.967ms
[1076.123s][info][gc,phases,start] GC(51) Phase 4: Move objects
[1076.124s][info][gc,phases      ] GC(51) Phase 4: Move objects 0.474ms
[1076.148s][info][gc,heap        ] GC(51) DefNew: 5038079K(5038080K)->5038079K(5038080K) Eden: 4478335K(4478336K)->4478335K(4478336K) From: 559744K(559744K)->559744K(559744K)
[1076.148s][info][gc,heap        ] GC(51) Tenured: 11195775K(11195776K)->11195775K(11195776K)
[1076.149s][info][gc,metaspace   ] GC(51) Metaspace: 6302K(6528K)->6302K(6528K) NonClass: 5768K(5888K)->5768K(5888K) Class: 533K(640K)->533K(640K)
[1076.151s][info][gc             ] GC(51) Pause Full (Allocation Failure) 15853M->15853M(15853M) 116874.656ms
[1076.151s][info][gc,cpu         ] GC(51) User=9.75s Sys=32.81s Real=116.88s
[1076.151s][info][gc,start       ] GC(52) Pause Full (Allocation Failure)
[1076.153s][info][gc,phases,start] GC(52) Phase 1: Mark live objects
[1126.289s][info][gc,phases      ] GC(52) Phase 1: Mark live objects 50135.211ms
[1126.291s][info][gc,phases,start] GC(52) Phase 2: Compute new object addresses
[1152.836s][info][gc,phases      ] GC(52) Phase 2: Compute new object addresses 26544.951ms
[1152.836s][info][gc,phases,start] GC(52) Phase 3: Adjust pointers
[1210.345s][info][gc,phases      ] GC(52) Phase 3: Adjust pointers 57508.989ms
[1210.345s][info][gc,phases,start] GC(52) Phase 4: Move objects
[1240.765s][info][gc,phases      ] GC(52) Phase 4: Move objects 30419.269ms
[1240.787s][info][gc,heap        ] GC(52) DefNew: 5038079K(5038080K)->5038079K(5038080K) Eden: 4478335K(4478336K)->4478335K(4478336K) From: 559744K(559744K)->559744K(559744K)
[1240.787s][info][gc,heap        ] GC(52) Tenured: 11195775K(11195776K)->11195772K(11195776K)
[1240.788s][info][gc,metaspace   ] GC(52) Metaspace: 6302K(6528K)->6302K(6528K) NonClass: 5768K(5888K)->5768K(5888K) Class: 533K(640K)->533K(640K)
[1240.790s][info][gc             ] GC(52) Pause Full (Allocation Failure) 15853M->15853M(15853M) 164638.379ms
[1240.790s][info][gc,cpu         ] GC(52) User=11.92s Sys=49.83s Real=164.64s
[1240.831s][info][gc,heap,exit   ] Heap
[1240.831s][info][gc,heap,exit   ]  def new generation   total 5038080K, used 5038079K [0x00000003ff000000, 0x0000000554aa0000, 0x0000000554aa0000)
[1240.831s][info][gc,heap,exit   ]   eden space 4478336K,  99% used [0x00000003ff000000, 0x000000051055fff8, 0x0000000510560000)
[1240.831s][info][gc,heap,exit   ]   from space 559744K, 100% used [0x0000000532800000, 0x0000000554aa0000, 0x0000000554aa0000)
[1240.831s][info][gc,heap,exit   ]   to   space 559744K,   0% used [0x0000000510560000, 0x0000000510560000, 0x0000000532800000)
[1240.831s][info][gc,heap,exit   ]  tenured generation   total 11195776K, used 11195773K [0x0000000554aa0000, 0x0000000800000000, 0x0000000800000000)
[1240.831s][info][gc,heap,exit   ]    the space 11195776K,  99% used [0x0000000554aa0000, 0x00000007fffff668, 0x00000007fffff800, 0x0000000800000000)
[1240.831s][info][gc,heap,exit   ]  Metaspace       used 6305K, committed 6528K, reserved 1114112K
[1240.831s][info][gc,heap,exit   ]   class space    used 534K, committed 640K, reserved 1048576K
