[0.013s][info][gc,init] CardTable entry size: 512
[0.013s][info][gc     ] Using Parallel
[0.014s][info][gc,init] Version: 18.0.1+10 (release)
[0.014s][info][gc,init] CPUs: 8 total, 8 available
[0.015s][info][gc,init] Memory: 16063M
[0.015s][info][gc,init] Large Page Support: Disabled
[0.015s][info][gc,init] NUMA Support: Disabled
[0.015s][info][gc,init] Compressed Oops: Enabled (Zero based)
[0.015s][info][gc,init] Alignments: Space 512K, Generation 512K, Heap 2M
[0.015s][info][gc,init] Heap Min Capacity: 2M
[0.015s][info][gc,init] Heap Initial Capacity: 2M
[0.015s][info][gc,init] Heap Max Capacity: 13900M
[0.015s][info][gc,init] Pre-touch: Disabled
[0.015s][info][gc,init] Parallel Workers: 8
[0.015s][info][gc,metaspace] CDS archive(s) not mapped
[0.015s][info][gc,metaspace] Compressed class space mapped at: 0x0000000800000000-0x0000000840000000, reserved size: 1073741824
[0.015s][info][gc,metaspace] Narrow klass base: 0x0000000800000000, Narrow klass shift: 0, Narrow klass range: 0x40000000
[0.111s][info][gc,start    ] GC(0) Pause Young (Allocation Failure)
[0.112s][info][gc,heap     ] GC(0) PSYoungGen: 512K(1024K)->480K(1024K) Eden: 512K(512K)->0K(512K) From: 0K(512K)->480K(512K)
[0.113s][info][gc,heap     ] GC(0) ParOldGen: 0K(512K)->8K(512K)
[0.113s][info][gc,metaspace] GC(0) Metaspace: 4230K(4352K)->4230K(4352K) NonClass: 3909K(3968K)->3909K(3968K) Class: 321K(384K)->321K(384K)
[0.113s][info][gc          ] GC(0) Pause Young (Allocation Failure) 0M->0M(1M) 1.377ms
[0.113s][info][gc,cpu      ] GC(0) User=0.00s Sys=0.00s Real=0.00s
[0.184s][info][gc,start    ] GC(1) Pause Young (Allocation Failure)
[0.185s][info][gc,heap     ] GC(1) PSYoungGen: 991K(1024K)->512K(1536K) Eden: 511K(512K)->0K(1024K) From: 480K(512K)->512K(512K)
[0.185s][info][gc,heap     ] GC(1) ParOldGen: 8K(512K)->88K(512K)
[0.185s][info][gc,metaspace] GC(1) Metaspace: 5881K(6016K)->5881K(6016K) NonClass: 5384K(5504K)->5384K(5504K) Class: 496K(512K)->496K(512K)
[0.185s][info][gc          ] GC(1) Pause Young (Allocation Failure) 0M->0M(2M) 1.458ms
[0.185s][info][gc,cpu      ] GC(1) User=0.00s Sys=0.00s Real=0.00s
[0.210s][info][gc,start    ] GC(2) Pause Young (Allocation Failure)
[0.211s][info][gc,heap     ] GC(2) PSYoungGen: 1536K(1536K)->512K(1536K) Eden: 1024K(1024K)->0K(1024K) From: 512K(512K)->512K(512K)
[0.211s][info][gc,heap     ] GC(2) ParOldGen: 88K(512K)->512K(1024K)
[0.211s][info][gc,metaspace] GC(2) Metaspace: 6299K(6464K)->6299K(6464K) NonClass: 5766K(5824K)->5766K(5824K) Class: 533K(640K)->533K(640K)
[0.211s][info][gc          ] GC(2) Pause Young (Allocation Failure) 1M->1M(2M) 1.349ms
[0.211s][info][gc,cpu      ] GC(2) User=0.00s Sys=0.00s Real=0.00s
[0.213s][info][gc,start    ] GC(3) Pause Young (Allocation Failure)
[0.214s][info][gc,heap     ] GC(3) PSYoungGen: 1536K(1536K)->480K(2560K) Eden: 1024K(1024K)->0K(2048K) From: 512K(512K)->480K(512K)
[0.214s][info][gc,heap     ] GC(3) ParOldGen: 512K(1024K)->1072K(1536K)
[0.214s][info][gc,metaspace] GC(3) Metaspace: 6299K(6464K)->6299K(6464K) NonClass: 5766K(5824K)->5766K(5824K) Class: 533K(640K)->533K(640K)
[0.214s][info][gc          ] GC(3) Pause Young (Allocation Failure) 2M->1M(4M) 1.381ms
[0.214s][info][gc,cpu      ] GC(3) User=0.00s Sys=0.00s Real=0.00s
[0.214s][info][gc,start    ] GC(4) Pause Full (Ergonomics)
[0.214s][info][gc,phases,start] GC(4) Marking Phase
[0.216s][info][gc,phases      ] GC(4) Marking Phase 1.256ms
[0.216s][info][gc,phases,start] GC(4) Summary Phase
[0.216s][info][gc,phases      ] GC(4) Summary Phase 0.017ms
[0.216s][info][gc,phases,start] GC(4) Adjust Roots
[0.216s][info][gc,phases      ] GC(4) Adjust Roots 0.423ms
[0.216s][info][gc,phases,start] GC(4) Compaction Phase
[0.219s][info][gc,phases      ] GC(4) Compaction Phase 2.566ms
[0.219s][info][gc,phases,start] GC(4) Post Compact
[0.219s][info][gc,phases      ] GC(4) Post Compact 0.111ms
[0.219s][info][gc,heap        ] GC(4) PSYoungGen: 480K(2560K)->0K(2560K) Eden: 0K(2048K)->0K(2048K) From: 480K(512K)->0K(512K)
[0.219s][info][gc,heap        ] GC(4) ParOldGen: 1072K(1536K)->1495K(3584K)
[0.219s][info][gc,metaspace   ] GC(4) Metaspace: 6299K(6464K)->6299K(6464K) NonClass: 5766K(5824K)->5766K(5824K) Class: 533K(640K)->533K(640K)
[0.219s][info][gc             ] GC(4) Pause Full (Ergonomics) 1M->1M(6M) 4.758ms
[0.219s][info][gc,cpu         ] GC(4) User=0.00s Sys=0.00s Real=0.00s
[0.223s][info][gc,start       ] GC(5) Pause Young (Allocation Failure)
[0.224s][info][gc,heap        ] GC(5) PSYoungGen: 2048K(2560K)->480K(3584K) Eden: 2048K(2048K)->0K(3072K) From: 0K(512K)->480K(512K)
[0.224s][info][gc,heap        ] GC(5) ParOldGen: 1495K(3584K)->2111K(3584K)
[0.224s][info][gc,metaspace   ] GC(5) Metaspace: 6299K(6464K)->6299K(6464K) NonClass: 5766K(5824K)->5766K(5824K) Class: 533K(640K)->533K(640K)
[0.224s][info][gc             ] GC(5) Pause Young (Allocation Failure) 3M->2M(7M) 1.591ms
[0.224s][info][gc,cpu         ] GC(5) User=0.00s Sys=0.00s Real=0.00s
[0.228s][info][gc,start       ] GC(6) Pause Young (Allocation Failure)
[0.231s][info][gc,heap        ] GC(6) PSYoungGen: 3552K(3584K)->1504K(4608K) Eden: 3072K(3072K)->0K(3072K) From: 480K(512K)->1504K(1536K)
[0.231s][info][gc,heap        ] GC(6) ParOldGen: 2111K(3584K)->2679K(3584K)
[0.231s][info][gc,metaspace   ] GC(6) Metaspace: 6299K(6464K)->6299K(6464K) NonClass: 5766K(5824K)->5766K(5824K) Class: 533K(640K)->533K(640K)
[0.231s][info][gc             ] GC(6) Pause Young (Allocation Failure) 5M->4M(8M) 2.327ms
[0.231s][info][gc,cpu         ] GC(6) User=0.00s Sys=0.00s Real=0.00s
[0.236s][info][gc,start       ] GC(7) Pause Young (Allocation Failure)
[0.240s][info][gc,heap        ] GC(7) PSYoungGen: 4576K(4608K)->2016K(7168K) Eden: 3072K(3072K)->0K(5120K) From: 1504K(1536K)->2016K(2048K)
[0.240s][info][gc,heap        ] GC(7) ParOldGen: 2679K(3584K)->3767K(4096K)
[0.240s][info][gc,metaspace   ] GC(7) Metaspace: 6299K(6464K)->6299K(6464K) NonClass: 5766K(5824K)->5766K(5824K) Class: 533K(640K)->533K(640K)
[0.240s][info][gc             ] GC(7) Pause Young (Allocation Failure) 7M->5M(11M) 3.578ms
[0.240s][info][gc,cpu         ] GC(7) User=0.00s Sys=0.00s Real=0.00s
[0.240s][info][gc,start       ] GC(8) Pause Full (Ergonomics)
[0.240s][info][gc,phases,start] GC(8) Marking Phase
[0.243s][info][gc,phases      ] GC(8) Marking Phase 2.890ms
[0.243s][info][gc,phases,start] GC(8) Summary Phase
[0.243s][info][gc,phases      ] GC(8) Summary Phase 0.015ms
[0.243s][info][gc,phases,start] GC(8) Adjust Roots
[0.243s][info][gc,phases      ] GC(8) Adjust Roots 0.392ms
[0.243s][info][gc,phases,start] GC(8) Compaction Phase
[0.248s][info][gc,phases      ] GC(8) Compaction Phase 5.071ms
[0.248s][info][gc,phases,start] GC(8) Post Compact
[0.248s][info][gc,phases      ] GC(8) Post Compact 0.031ms
[0.248s][info][gc,heap        ] GC(8) PSYoungGen: 2016K(7168K)->2012K(7168K) Eden: 0K(5120K)->0K(5120K) From: 2016K(2048K)->2012K(2048K)
[0.248s][info][gc,heap        ] GC(8) ParOldGen: 3767K(4096K)->3682K(6656K)
[0.248s][info][gc,metaspace   ] GC(8) Metaspace: 6299K(6464K)->6299K(6464K) NonClass: 5766K(5824K)->5766K(5824K) Class: 533K(640K)->533K(640K)
[0.248s][info][gc             ] GC(8) Pause Full (Ergonomics) 5M->5M(13M) 8.706ms
[0.249s][info][gc,cpu         ] GC(8) User=0.00s Sys=0.00s Real=0.01s
[0.258s][info][gc,start       ] GC(9) Pause Young (Allocation Failure)
[0.262s][info][gc,heap        ] GC(9) PSYoungGen: 7132K(7168K)->3040K(8192K) Eden: 5120K(5120K)->0K(5120K) From: 2012K(2048K)->3040K(3072K)
[0.262s][info][gc,heap        ] GC(9) ParOldGen: 3682K(6656K)->5330K(6656K)
[0.262s][info][gc,metaspace   ] GC(9) Metaspace: 6299K(6464K)->6299K(6464K) NonClass: 5766K(5824K)->5766K(5824K) Class: 533K(640K)->533K(640K)
[0.262s][info][gc             ] GC(9) Pause Young (Allocation Failure) 10M->8M(14M) 4.642ms
[0.262s][info][gc,cpu         ] GC(9) User=0.00s Sys=0.00s Real=0.00s
[0.263s][info][gc,start       ] GC(10) Pause Full (Ergonomics)
[0.263s][info][gc,phases,start] GC(10) Marking Phase
[0.267s][info][gc,phases      ] GC(10) Marking Phase 4.658ms
[0.267s][info][gc,phases,start] GC(10) Summary Phase
[0.267s][info][gc,phases      ] GC(10) Summary Phase 0.016ms
[0.267s][info][gc,phases,start] GC(10) Adjust Roots
[0.268s][info][gc,phases      ] GC(10) Adjust Roots 0.271ms
[0.268s][info][gc,phases,start] GC(10) Compaction Phase
[0.271s][info][gc,phases      ] GC(10) Compaction Phase 3.234ms
[0.271s][info][gc,phases,start] GC(10) Post Compact
[0.271s][info][gc,phases      ] GC(10) Post Compact 0.059ms
[0.271s][info][gc,heap        ] GC(10) PSYoungGen: 3040K(8192K)->2012K(8192K) Eden: 0K(5120K)->0K(5120K) From: 3040K(3072K)->2012K(3072K)
[0.271s][info][gc,heap        ] GC(10) ParOldGen: 5330K(6656K)->6318K(10752K)
[0.271s][info][gc,metaspace   ] GC(10) Metaspace: 6299K(6464K)->6299K(6464K) NonClass: 5766K(5824K)->5766K(5824K) Class: 533K(640K)->533K(640K)
[0.271s][info][gc             ] GC(10) Pause Full (Ergonomics) 8M->8M(18M) 8.597ms
[0.271s][info][gc,cpu         ] GC(10) User=0.00s Sys=0.00s Real=0.01s
[0.277s][info][gc,start       ] GC(11) Pause Young (Allocation Failure)
[0.282s][info][gc,heap        ] GC(11) PSYoungGen: 7132K(8192K)->4160K(10752K) Eden: 5120K(5120K)->0K(6144K) From: 2012K(3072K)->4160K(4608K)
[0.282s][info][gc,heap        ] GC(11) ParOldGen: 6318K(10752K)->6846K(10752K)
[0.282s][info][gc,metaspace   ] GC(11) Metaspace: 6299K(6464K)->6299K(6464K) NonClass: 5766K(5824K)->5766K(5824K) Class: 533K(640K)->533K(640K)
[0.282s][info][gc             ] GC(11) Pause Young (Allocation Failure) 13M->10M(21M) 5.102ms
[0.282s][info][gc,cpu         ] GC(11) User=0.00s Sys=0.00s Real=0.01s
[0.290s][info][gc,start       ] GC(12) Pause Young (Allocation Failure)
[0.297s][info][gc,heap        ] GC(12) PSYoungGen: 10304K(10752K)->5088K(11264K) Eden: 6144K(6144K)->0K(6144K) From: 4160K(4608K)->5088K(5120K)
[0.298s][info][gc,heap        ] GC(12) ParOldGen: 6846K(10752K)->9366K(10752K)
[0.298s][info][gc,metaspace   ] GC(12) Metaspace: 6299K(6464K)->6299K(6464K) NonClass: 5766K(5824K)->5766K(5824K) Class: 533K(640K)->533K(640K)
[0.298s][info][gc             ] GC(12) Pause Young (Allocation Failure) 16M->14M(21M) 7.208ms
[0.298s][info][gc,cpu         ] GC(12) User=0.00s Sys=0.00s Real=0.01s
[0.298s][info][gc,start       ] GC(13) Pause Full (Ergonomics)
[0.298s][info][gc,phases,start] GC(13) Marking Phase
[0.305s][info][gc,phases      ] GC(13) Marking Phase 7.339ms
[0.305s][info][gc,phases,start] GC(13) Summary Phase
[0.305s][info][gc,phases      ] GC(13) Summary Phase 0.018ms
[0.305s][info][gc,phases,start] GC(13) Adjust Roots
[0.305s][info][gc,phases      ] GC(13) Adjust Roots 0.204ms
[0.305s][info][gc,phases,start] GC(13) Compaction Phase
[0.313s][info][gc,phases      ] GC(13) Compaction Phase 7.400ms
[0.313s][info][gc,phases,start] GC(13) Post Compact
[0.313s][info][gc,phases      ] GC(13) Post Compact 0.058ms
[0.313s][info][gc,heap        ] GC(13) PSYoungGen: 5088K(11264K)->3544K(11264K) Eden: 0K(6144K)->0K(6144K) From: 5088K(5120K)->3544K(5120K)
[0.313s][info][gc,heap        ] GC(13) ParOldGen: 9366K(10752K)->10585K(16384K)
[0.313s][info][gc,metaspace   ] GC(13) Metaspace: 6299K(6464K)->6299K(6464K) NonClass: 5766K(5824K)->5766K(5824K) Class: 533K(640K)->533K(640K)
[0.313s][info][gc             ] GC(13) Pause Full (Ergonomics) 14M->13M(27M) 15.315ms
[0.313s][info][gc,cpu         ] GC(13) User=0.00s Sys=0.00s Real=0.02s
[0.318s][info][gc,start       ] GC(14) Pause Young (Allocation Failure)
[0.325s][info][gc,heap        ] GC(14) PSYoungGen: 9688K(11264K)->4608K(15872K) Eden: 6144K(6144K)->0K(8704K) From: 3544K(5120K)->4608K(7168K)
[0.325s][info][gc,heap        ] GC(14) ParOldGen: 10585K(16384K)->12721K(16384K)
[0.325s][info][gc,metaspace   ] GC(14) Metaspace: 6301K(6464K)->6301K(6464K) NonClass: 5768K(5824K)->5768K(5824K) Class: 533K(640K)->533K(640K)
[0.325s][info][gc             ] GC(14) Pause Young (Allocation Failure) 19M->16M(31M) 6.617ms
[0.325s][info][gc,cpu         ] GC(14) User=0.00s Sys=0.00s Real=0.01s
[0.331s][info][gc,start       ] GC(15) Pause Young (Allocation Failure)
[0.338s][info][gc,heap        ] GC(15) PSYoungGen: 13312K(15872K)->7168K(15872K) Eden: 8704K(8704K)->0K(8704K) From: 4608K(7168K)->7168K(7168K)
[0.338s][info][gc,heap        ] GC(15) ParOldGen: 12721K(16384K)->14681K(16384K)
[0.338s][info][gc,metaspace   ] GC(15) Metaspace: 6301K(6464K)->6301K(6464K) NonClass: 5768K(5824K)->5768K(5824K) Class: 533K(640K)->533K(640K)
[0.338s][info][gc             ] GC(15) Pause Young (Allocation Failure) 25M->21M(31M) 7.627ms
[0.338s][info][gc,cpu         ] GC(15) User=0.00s Sys=0.00s Real=0.01s
[0.338s][info][gc,start       ] GC(16) Pause Full (Ergonomics)
[0.338s][info][gc,phases,start] GC(16) Marking Phase
[0.348s][info][gc,phases      ] GC(16) Marking Phase 9.777ms
[0.348s][info][gc,phases,start] GC(16) Summary Phase
[0.348s][info][gc,phases      ] GC(16) Summary Phase 0.015ms
[0.348s][info][gc,phases,start] GC(16) Adjust Roots
[0.348s][info][gc,phases      ] GC(16) Adjust Roots 0.260ms
[0.348s][info][gc,phases,start] GC(16) Compaction Phase
[0.355s][info][gc,phases      ] GC(16) Compaction Phase 7.097ms
[0.356s][info][gc,phases,start] GC(16) Post Compact
[0.356s][info][gc,phases      ] GC(16) Post Compact 0.137ms
[0.356s][info][gc,heap        ] GC(16) PSYoungGen: 7168K(15872K)->5621K(15872K) Eden: 0K(8704K)->0K(8704K) From: 7168K(7168K)->5621K(7168K)
[0.356s][info][gc,heap        ] GC(16) ParOldGen: 14681K(16384K)->16143K(23552K)
[0.356s][info][gc,metaspace   ] GC(16) Metaspace: 6301K(6464K)->6301K(6464K) NonClass: 5768K(5824K)->5768K(5824K) Class: 533K(640K)->533K(640K)
[0.356s][info][gc             ] GC(16) Pause Full (Ergonomics) 21M->21M(38M) 17.627ms
[0.356s][info][gc,cpu         ] GC(16) User=0.00s Sys=0.00s Real=0.02s
[0.365s][info][gc,start       ] GC(17) Pause Young (Allocation Failure)
[0.374s][info][gc,heap        ] GC(17) PSYoungGen: 14325K(15872K)->5024K(20992K) Eden: 8704K(8704K)->0K(11776K) From: 5621K(7168K)->5024K(9216K)
[0.374s][info][gc,heap        ] GC(17) ParOldGen: 16143K(23552K)->21863K(23552K)
[0.374s][info][gc,metaspace   ] GC(17) Metaspace: 6301K(6464K)->6301K(6464K) NonClass: 5768K(5824K)->5768K(5824K) Class: 533K(640K)->533K(640K)
[0.374s][info][gc             ] GC(17) Pause Young (Allocation Failure) 29M->26M(43M) 9.822ms
[0.374s][info][gc,cpu         ] GC(17) User=0.00s Sys=0.00s Real=0.01s
[0.374s][info][gc,start       ] GC(18) Pause Full (Ergonomics)
[0.374s][info][gc,phases,start] GC(18) Marking Phase
[0.386s][info][gc,phases      ] GC(18) Marking Phase 11.170ms
[0.386s][info][gc,phases,start] GC(18) Summary Phase
[0.386s][info][gc,phases      ] GC(18) Summary Phase 0.016ms
[0.386s][info][gc,phases,start] GC(18) Adjust Roots
[0.386s][info][gc,phases      ] GC(18) Adjust Roots 0.192ms
[0.386s][info][gc,phases,start] GC(18) Compaction Phase
[0.398s][info][gc,phases      ] GC(18) Compaction Phase 12.224ms
[0.398s][info][gc,phases,start] GC(18) Post Compact
[0.398s][info][gc,phases      ] GC(18) Post Compact 0.118ms
[0.398s][info][gc,heap        ] GC(18) PSYoungGen: 5024K(20992K)->2944K(20992K) Eden: 0K(11776K)->0K(11776K) From: 5024K(9216K)->2944K(9216K)
[0.398s][info][gc,heap        ] GC(18) ParOldGen: 21863K(23552K)->23298K(33792K)
[0.398s][info][gc,metaspace   ] GC(18) Metaspace: 6301K(6464K)->6301K(6464K) NonClass: 5768K(5824K)->5768K(5824K) Class: 533K(640K)->533K(640K)
[0.398s][info][gc             ] GC(18) Pause Full (Ergonomics) 26M->25M(53M) 24.019ms
[0.398s][info][gc,cpu         ] GC(18) User=0.02s Sys=0.00s Real=0.02s
[0.406s][info][gc,start       ] GC(19) Pause Young (Allocation Failure)
[0.416s][info][gc,heap        ] GC(19) PSYoungGen: 14720K(20992K)->6144K(20992K) Eden: 11776K(11776K)->0K(11776K) From: 2944K(9216K)->6144K(9216K)
[0.416s][info][gc,heap        ] GC(19) ParOldGen: 23298K(33792K)->26298K(33792K)
[0.416s][info][gc,metaspace   ] GC(19) Metaspace: 6301K(6464K)->6301K(6464K) NonClass: 5768K(5824K)->5768K(5824K) Class: 533K(640K)->533K(640K)
[0.416s][info][gc             ] GC(19) Pause Young (Allocation Failure) 37M->31M(53M) 10.302ms
[0.416s][info][gc,cpu         ] GC(19) User=0.00s Sys=0.00s Real=0.01s
[0.428s][info][gc,start       ] GC(20) Pause Young (Allocation Failure)
[0.442s][info][gc,heap        ] GC(20) PSYoungGen: 17920K(20992K)->9728K(20480K) Eden: 11776K(11776K)->0K(10752K) From: 6144K(9216K)->9728K(9728K)
[0.442s][info][gc,heap        ] GC(20) ParOldGen: 26298K(33792K)->33850K(34304K)
[0.442s][info][gc,metaspace   ] GC(20) Metaspace: 6301K(6464K)->6301K(6464K) NonClass: 5768K(5824K)->5768K(5824K) Class: 533K(640K)->533K(640K)
[0.442s][info][gc             ] GC(20) Pause Young (Allocation Failure) 43M->42M(53M) 14.364ms
[0.442s][info][gc,cpu         ] GC(20) User=0.00s Sys=0.00s Real=0.02s
[0.442s][info][gc,start       ] GC(21) Pause Full (Ergonomics)
[0.442s][info][gc,phases,start] GC(21) Marking Phase
[0.461s][info][gc,phases      ] GC(21) Marking Phase 18.879ms
[0.461s][info][gc,phases,start] GC(21) Summary Phase
[0.461s][info][gc,phases      ] GC(21) Summary Phase 0.018ms
[0.461s][info][gc,phases,start] GC(21) Adjust Roots
[0.462s][info][gc,phases      ] GC(21) Adjust Roots 0.209ms
[0.462s][info][gc,phases,start] GC(21) Compaction Phase
[0.479s][info][gc,phases      ] GC(21) Compaction Phase 17.064ms
[0.479s][info][gc,phases,start] GC(21) Post Compact
[0.479s][info][gc,phases      ] GC(21) Post Compact 0.180ms
[0.479s][info][gc,heap        ] GC(21) PSYoungGen: 9728K(20480K)->9197K(20480K) Eden: 0K(10752K)->0K(10752K) From: 9728K(9728K)->9197K(9728K)
[0.479s][info][gc,heap        ] GC(21) ParOldGen: 33850K(34304K)->34181K(48640K)
[0.479s][info][gc,metaspace   ] GC(21) Metaspace: 6301K(6464K)->6301K(6464K) NonClass: 5768K(5824K)->5768K(5824K) Class: 533K(640K)->533K(640K)
[0.479s][info][gc             ] GC(21) Pause Full (Ergonomics) 42M->42M(67M) 36.725ms
[0.479s][info][gc,cpu         ] GC(21) User=0.06s Sys=0.00s Real=0.04s
[0.497s][info][gc,start       ] GC(22) Pause Young (Allocation Failure)
[0.513s][info][gc,heap        ] GC(22) PSYoungGen: 19949K(20480K)->10752K(25088K) Eden: 10752K(10752K)->0K(10752K) From: 9197K(9728K)->10752K(14336K)
[0.513s][info][gc,heap        ] GC(22) ParOldGen: 34181K(48640K)->43533K(48640K)
[0.513s][info][gc,metaspace   ] GC(22) Metaspace: 6301K(6464K)->6301K(6464K) NonClass: 5768K(5824K)->5768K(5824K) Class: 533K(640K)->533K(640K)
[0.513s][info][gc             ] GC(22) Pause Young (Allocation Failure) 52M->53M(72M) 16.092ms
[0.513s][info][gc,cpu         ] GC(22) User=0.00s Sys=0.00s Real=0.02s
[0.513s][info][gc,start       ] GC(23) Pause Full (Ergonomics)
[0.513s][info][gc,phases,start] GC(23) Marking Phase
[0.537s][info][gc,phases      ] GC(23) Marking Phase 23.974ms
[0.537s][info][gc,phases,start] GC(23) Summary Phase
[0.537s][info][gc,phases      ] GC(23) Summary Phase 0.024ms
[0.537s][info][gc,phases,start] GC(23) Adjust Roots
[0.537s][info][gc,phases      ] GC(23) Adjust Roots 0.240ms
[0.537s][info][gc,phases,start] GC(23) Compaction Phase
[0.554s][info][gc,phases      ] GC(23) Compaction Phase 16.433ms
[0.554s][info][gc,phases,start] GC(23) Post Compact
[0.554s][info][gc,phases      ] GC(23) Post Compact 0.171ms
[0.554s][info][gc,heap        ] GC(23) PSYoungGen: 10752K(25088K)->4591K(25088K) Eden: 0K(10752K)->0K(10752K) From: 10752K(14336K)->4591K(14336K)
[0.554s][info][gc,heap        ] GC(23) ParOldGen: 43533K(48640K)->48491K(66560K)
[0.554s][info][gc,metaspace   ] GC(23) Metaspace: 6301K(6464K)->6301K(6464K) NonClass: 5768K(5824K)->5768K(5824K) Class: 533K(640K)->533K(640K)
[0.554s][info][gc             ] GC(23) Pause Full (Ergonomics) 53M->51M(89M) 41.237ms
[0.554s][info][gc,cpu         ] GC(23) User=0.05s Sys=0.00s Real=0.04s
[0.565s][info][gc,start       ] GC(24) Pause Young (Allocation Failure)
[0.579s][info][gc,heap        ] GC(24) PSYoungGen: 15343K(25088K)->15360K(25600K) Eden: 10752K(10752K)->0K(10240K) From: 4591K(14336K)->15360K(15360K)
[0.579s][info][gc,heap        ] GC(24) ParOldGen: 48491K(66560K)->48491K(66560K)
[0.579s][info][gc,metaspace   ] GC(24) Metaspace: 6301K(6464K)->6301K(6464K) NonClass: 5768K(5824K)->5768K(5824K) Class: 533K(640K)->533K(640K)
[0.579s][info][gc             ] GC(24) Pause Young (Allocation Failure) 62M->62M(90M) 13.998ms
[0.579s][info][gc,cpu         ] GC(24) User=0.00s Sys=0.00s Real=0.01s
[0.589s][info][gc,start       ] GC(25) Pause Young (Allocation Failure)
[0.606s][info][gc,heap        ] GC(25) PSYoungGen: 25600K(25600K)->17920K(28160K) Eden: 10240K(10240K)->0K(10240K) From: 15360K(15360K)->17920K(17920K)
[0.606s][info][gc,heap        ] GC(25) ParOldGen: 48491K(66560K)->56251K(66560K)
[0.606s][info][gc,metaspace   ] GC(25) Metaspace: 6301K(6464K)->6301K(6464K) NonClass: 5768K(5824K)->5768K(5824K) Class: 533K(640K)->533K(640K)
[0.606s][info][gc             ] GC(25) Pause Young (Allocation Failure) 72M->72M(92M) 16.644ms
[0.606s][info][gc,cpu         ] GC(25) User=0.03s Sys=0.00s Real=0.02s
[0.616s][info][gc,start       ] GC(26) Pause Young (Allocation Failure)
[0.637s][info][gc,heap        ] GC(26) PSYoungGen: 28160K(28160K)->17728K(34816K) Eden: 10240K(10240K)->0K(10752K) From: 17920K(17920K)->17728K(24064K)
[0.637s][info][gc,heap        ] GC(26) ParOldGen: 56251K(66560K)->66851K(67072K)
[0.637s][info][gc,metaspace   ] GC(26) Metaspace: 6301K(6464K)->6301K(6464K) NonClass: 5768K(5824K)->5768K(5824K) Class: 533K(640K)->533K(640K)
[0.637s][info][gc             ] GC(26) Pause Young (Allocation Failure) 82M->82M(99M) 20.870ms
[0.637s][info][gc,cpu         ] GC(26) User=0.03s Sys=0.00s Real=0.02s
[0.637s][info][gc,start       ] GC(27) Pause Full (Ergonomics)
[0.637s][info][gc,phases,start] GC(27) Marking Phase
[0.671s][info][gc,phases      ] GC(27) Marking Phase 34.431ms
[0.671s][info][gc,phases,start] GC(27) Summary Phase
[0.671s][info][gc,phases      ] GC(27) Summary Phase 0.015ms
[0.671s][info][gc,phases,start] GC(27) Adjust Roots
[0.671s][info][gc,phases      ] GC(27) Adjust Roots 0.158ms
[0.671s][info][gc,phases,start] GC(27) Compaction Phase
[0.698s][info][gc,phases      ] GC(27) Compaction Phase 26.985ms
[0.698s][info][gc,phases,start] GC(27) Post Compact
[0.699s][info][gc,phases      ] GC(27) Post Compact 0.340ms
[0.699s][info][gc,heap        ] GC(27) PSYoungGen: 17728K(34816K)->17152K(34816K) Eden: 0K(10752K)->0K(10752K) From: 17728K(24064K)->17152K(24064K)
[0.699s][info][gc,heap        ] GC(27) ParOldGen: 66851K(67072K)->67064K(90112K)
[0.699s][info][gc,metaspace   ] GC(27) Metaspace: 6301K(6464K)->6301K(6464K) NonClass: 5768K(5824K)->5768K(5824K) Class: 533K(640K)->533K(640K)
[0.699s][info][gc             ] GC(27) Pause Full (Ergonomics) 82M->82M(122M) 62.297ms
[0.699s][info][gc,cpu         ] GC(27) User=0.09s Sys=0.00s Real=0.06s
[0.717s][info][gc,start       ] GC(28) Pause Young (Allocation Failure)
[0.738s][info][gc,heap        ] GC(28) PSYoungGen: 27904K(34816K)->20736K(36352K) Eden: 10752K(10752K)->0K(10752K) From: 17152K(24064K)->20736K(25600K)
[0.738s][info][gc,heap        ] GC(28) ParOldGen: 67064K(90112K)->74392K(90112K)
[0.738s][info][gc,metaspace   ] GC(28) Metaspace: 6301K(6464K)->6301K(6464K) NonClass: 5768K(5824K)->5768K(5824K) Class: 533K(640K)->533K(640K)
[0.738s][info][gc             ] GC(28) Pause Young (Allocation Failure) 92M->92M(123M) 21.702ms
[0.738s][info][gc,cpu         ] GC(28) User=0.02s Sys=0.00s Real=0.02s
[0.748s][info][gc,start       ] GC(29) Pause Young (Allocation Failure)
[0.767s][info][gc,heap        ] GC(29) PSYoungGen: 31488K(36352K)->21536K(38912K) Eden: 10752K(10752K)->0K(10752K) From: 20736K(25600K)->21536K(28160K)
[0.767s][info][gc,heap        ] GC(29) ParOldGen: 74392K(90112K)->84496K(90112K)
[0.767s][info][gc,metaspace   ] GC(29) Metaspace: 6301K(6464K)->6301K(6464K) NonClass: 5768K(5824K)->5768K(5824K) Class: 533K(640K)->533K(640K)
[0.767s][info][gc             ] GC(29) Pause Young (Allocation Failure) 103M->103M(126M) 19.650ms
[0.767s][info][gc,cpu         ] GC(29) User=0.03s Sys=0.00s Real=0.02s
[0.767s][info][gc,start       ] GC(30) Pause Full (Ergonomics)
[0.767s][info][gc,phases,start] GC(30) Marking Phase
[0.798s][info][gc,phases      ] GC(30) Marking Phase 30.499ms
[0.798s][info][gc,phases,start] GC(30) Summary Phase
[0.798s][info][gc,phases      ] GC(30) Summary Phase 0.016ms
[0.798s][info][gc,phases,start] GC(30) Adjust Roots
[0.798s][info][gc,phases      ] GC(30) Adjust Roots 0.151ms
[0.798s][info][gc,phases,start] GC(30) Compaction Phase
[0.822s][info][gc,phases      ] GC(30) Compaction Phase 23.631ms
[0.822s][info][gc,phases,start] GC(30) Post Compact
[0.822s][info][gc,phases      ] GC(30) Post Compact 0.314ms
[0.822s][info][gc,heap        ] GC(30) PSYoungGen: 21536K(38912K)->13778K(38912K) Eden: 0K(10752K)->0K(10752K) From: 21536K(28160K)->13778K(28160K)
[0.822s][info][gc,heap        ] GC(30) ParOldGen: 84496K(90112K)->89842K(116224K)
[0.822s][info][gc,metaspace   ] GC(30) Metaspace: 6301K(6464K)->6301K(6464K) NonClass: 5768K(5824K)->5768K(5824K) Class: 533K(640K)->533K(640K)
[0.822s][info][gc             ] GC(30) Pause Full (Ergonomics) 103M->101M(151M) 54.985ms
[0.822s][info][gc,cpu         ] GC(30) User=0.16s Sys=0.00s Real=0.06s
[0.832s][info][gc,start       ] GC(31) Pause Young (Allocation Failure)
[0.852s][info][gc,heap        ] GC(31) PSYoungGen: 24530K(38912K)->18976K(41472K) Eden: 10752K(10752K)->0K(10752K) From: 13778K(28160K)->18976K(30720K)
[0.852s][info][gc,heap        ] GC(31) ParOldGen: 89842K(116224K)->95554K(116224K)
[0.852s][info][gc,metaspace   ] GC(31) Metaspace: 6301K(6464K)->6301K(6464K) NonClass: 5768K(5824K)->5768K(5824K) Class: 533K(640K)->533K(640K)
[0.852s][info][gc             ] GC(31) Pause Young (Allocation Failure) 111M->111M(154M) 19.896ms
[0.852s][info][gc,cpu         ] GC(31) User=0.05s Sys=0.00s Real=0.02s
[0.862s][info][gc,start       ] GC(32) Pause Young (Allocation Failure)
[0.878s][info][gc,heap        ] GC(32) PSYoungGen: 29728K(41472K)->21504K(43008K) Eden: 10752K(10752K)->0K(11776K) From: 18976K(30720K)->21504K(31232K)
[0.879s][info][gc,heap        ] GC(32) ParOldGen: 95554K(116224K)->103858K(116224K)
[0.879s][info][gc,metaspace   ] GC(32) Metaspace: 6301K(6464K)->6301K(6464K) NonClass: 5768K(5824K)->5768K(5824K) Class: 533K(640K)->533K(640K)
[0.879s][info][gc             ] GC(32) Pause Young (Allocation Failure) 122M->122M(155M) 16.470ms
[0.879s][info][gc,cpu         ] GC(32) User=0.03s Sys=0.02s Real=0.02s
[0.879s][info][gc,start       ] GC(33) Pause Full (Ergonomics)
[0.879s][info][gc,phases,start] GC(33) Marking Phase
[0.917s][info][gc,phases      ] GC(33) Marking Phase 38.586ms
[0.917s][info][gc,phases,start] GC(33) Summary Phase
[0.917s][info][gc,phases      ] GC(33) Summary Phase 0.024ms
[0.917s][info][gc,phases,start] GC(33) Adjust Roots
[0.918s][info][gc,phases      ] GC(33) Adjust Roots 0.160ms
[0.918s][info][gc,phases,start] GC(33) Compaction Phase
[0.937s][info][gc,phases      ] GC(33) Compaction Phase 19.429ms
[0.937s][info][gc,phases,start] GC(33) Post Compact
[0.938s][info][gc,phases      ] GC(33) Post Compact 0.569ms
[0.938s][info][gc,heap        ] GC(33) PSYoungGen: 21504K(43008K)->9174K(43008K) Eden: 0K(11776K)->0K(11776K) From: 21504K(31232K)->9174K(31232K)
[0.938s][info][gc,heap        ] GC(33) ParOldGen: 103858K(116224K)->115884K(143360K)
[0.938s][info][gc,metaspace   ] GC(33) Metaspace: 6301K(6464K)->6301K(6464K) NonClass: 5768K(5824K)->5768K(5824K) Class: 533K(640K)->533K(640K)
[0.938s][info][gc             ] GC(33) Pause Full (Ergonomics) 122M->122M(182M) 59.238ms
[0.938s][info][gc,cpu         ] GC(33) User=0.14s Sys=0.00s Real=0.06s
[0.949s][info][gc,start       ] GC(34) Pause Young (Allocation Failure)
[0.966s][info][gc,heap        ] GC(34) PSYoungGen: 20950K(43008K)->16288K(44544K) Eden: 11776K(11776K)->0K(11776K) From: 9174K(31232K)->16288K(32768K)
[0.966s][info][gc,heap        ] GC(34) ParOldGen: 115884K(143360K)->120716K(143360K)
[0.966s][info][gc,metaspace   ] GC(34) Metaspace: 6301K(6464K)->6301K(6464K) NonClass: 5768K(5824K)->5768K(5824K) Class: 533K(640K)->533K(640K)
[0.966s][info][gc             ] GC(34) Pause Young (Allocation Failure) 133M->133M(183M) 16.922ms
[0.966s][info][gc,cpu         ] GC(34) User=0.03s Sys=0.00s Real=0.02s
[0.977s][info][gc,start       ] GC(35) Pause Young (Allocation Failure)
[0.992s][info][gc,heap        ] GC(35) PSYoungGen: 28064K(44544K)->28032K(43520K) Eden: 11776K(11776K)->0K(11264K) From: 16288K(32768K)->28032K(32256K)
[0.992s][info][gc,heap        ] GC(35) ParOldGen: 120716K(143360K)->120716K(143360K)
[0.992s][info][gc,metaspace   ] GC(35) Metaspace: 6301K(6464K)->6301K(6464K) NonClass: 5768K(5824K)->5768K(5824K) Class: 533K(640K)->533K(640K)
[0.992s][info][gc             ] GC(35) Pause Young (Allocation Failure) 145M->145M(182M) 14.471ms
[0.992s][info][gc,cpu         ] GC(35) User=0.02s Sys=0.00s Real=0.01s
[1.003s][info][gc,start       ] GC(36) Pause Young (Allocation Failure)
[1.023s][info][gc,heap        ] GC(36) PSYoungGen: 39296K(43520K)->34880K(46592K) Eden: 11264K(11264K)->0K(11264K) From: 28032K(32256K)->34880K(35328K)
[1.023s][info][gc,heap        ] GC(36) ParOldGen: 120716K(143360K)->125236K(143360K)
[1.023s][info][gc,metaspace   ] GC(36) Metaspace: 6301K(6464K)->6301K(6464K) NonClass: 5768K(5824K)->5768K(5824K) Class: 533K(640K)->533K(640K)
[1.023s][info][gc             ] GC(36) Pause Young (Allocation Failure) 156M->156M(185M) 20.086ms
[1.023s][info][gc,cpu         ] GC(36) User=0.03s Sys=0.00s Real=0.02s
[1.035s][info][gc,start       ] GC(37) Pause Young (Allocation Failure)
[1.060s][info][gc,heap        ] GC(37) PSYoungGen: 46144K(46592K)->34336K(50176K) Eden: 11264K(11264K)->0K(9216K) From: 34880K(35328K)->34336K(40960K)
[1.060s][info][gc,heap        ] GC(37) ParOldGen: 125236K(143360K)->137172K(143360K)
[1.060s][info][gc,metaspace   ] GC(37) Metaspace: 6301K(6464K)->6301K(6464K) NonClass: 5768K(5824K)->5768K(5824K) Class: 533K(640K)->533K(640K)
[1.060s][info][gc             ] GC(37) Pause Young (Allocation Failure) 167M->167M(189M) 25.618ms
[1.060s][info][gc,cpu         ] GC(37) User=0.03s Sys=0.00s Real=0.03s
[1.060s][info][gc,start       ] GC(38) Pause Full (Ergonomics)
[1.060s][info][gc,phases,start] GC(38) Marking Phase
[1.105s][info][gc,phases      ] GC(38) Marking Phase 44.334ms
[1.105s][info][gc,phases,start] GC(38) Summary Phase
[1.105s][info][gc,phases      ] GC(38) Summary Phase 0.016ms
[1.105s][info][gc,phases,start] GC(38) Adjust Roots
[1.105s][info][gc,phases      ] GC(38) Adjust Roots 0.141ms
[1.105s][info][gc,phases,start] GC(38) Compaction Phase
[1.127s][info][gc,phases      ] GC(38) Compaction Phase 22.276ms
[1.127s][info][gc,phases,start] GC(38) Post Compact
[1.128s][info][gc,phases      ] GC(38) Post Compact 0.721ms
[1.128s][info][gc,heap        ] GC(38) PSYoungGen: 34336K(50176K)->28079K(50176K) Eden: 0K(9216K)->0K(9216K) From: 34336K(40960K)->28079K(40960K)
[1.128s][info][gc,heap        ] GC(38) ParOldGen: 137172K(143360K)->142939K(172032K)
[1.128s][info][gc,metaspace   ] GC(38) Metaspace: 6301K(6464K)->6301K(6464K) NonClass: 5768K(5824K)->5768K(5824K) Class: 533K(640K)->533K(640K)
[1.128s][info][gc             ] GC(38) Pause Full (Ergonomics) 167M->167M(217M) 67.933ms
[1.128s][info][gc,cpu         ] GC(38) User=0.19s Sys=0.00s Real=0.07s
[1.164s][info][gc,start       ] GC(39) Pause Young (Allocation Failure)
[1.189s][info][gc,heap        ] GC(39) PSYoungGen: 37295K(50176K)->18912K(28160K) Eden: 9216K(9216K)->0K(9216K) From: 28079K(40960K)->18912K(18944K)
[1.189s][info][gc,heap        ] GC(39) ParOldGen: 151131K(172032K)->169915K(172032K)
[1.189s][info][gc,metaspace   ] GC(39) Metaspace: 6301K(6464K)->6301K(6464K) NonClass: 5768K(5824K)->5768K(5824K) Class: 533K(640K)->533K(640K)
[1.189s][info][gc             ] GC(39) Pause Young (Allocation Failure) 184M->184M(195M) 25.142ms
[1.189s][info][gc,cpu         ] GC(39) User=0.03s Sys=0.00s Real=0.03s
[1.189s][info][gc,start       ] GC(40) Pause Full (Ergonomics)
[1.189s][info][gc,phases,start] GC(40) Marking Phase
[1.234s][info][gc,phases      ] GC(40) Marking Phase 45.625ms
[1.234s][info][gc,phases,start] GC(40) Summary Phase
[1.234s][info][gc,phases      ] GC(40) Summary Phase 0.019ms
[1.235s][info][gc,phases,start] GC(40) Adjust Roots
[1.235s][info][gc,phases      ] GC(40) Adjust Roots 0.157ms
[1.235s][info][gc,phases,start] GC(40) Compaction Phase
[1.273s][info][gc,phases      ] GC(40) Compaction Phase 38.489ms
[1.273s][info][gc,phases,start] GC(40) Post Compact
[1.274s][info][gc,phases      ] GC(40) Post Compact 0.792ms
[1.274s][info][gc,heap        ] GC(40) PSYoungGen: 18912K(28160K)->12645K(28160K) Eden: 0K(9216K)->0K(9216K) From: 18912K(18944K)->12645K(18944K)
[1.274s][info][gc,heap        ] GC(40) ParOldGen: 169915K(172032K)->171652K(206848K)
[1.274s][info][gc,metaspace   ] GC(40) Metaspace: 6301K(6464K)->6301K(6464K) NonClass: 5768K(5824K)->5768K(5824K) Class: 533K(640K)->533K(640K)
[1.274s][info][gc             ] GC(40) Pause Full (Ergonomics) 184M->179M(229M) 85.611ms
[1.274s][info][gc,cpu         ] GC(40) User=0.22s Sys=0.00s Real=0.09s
[1.284s][info][gc,start       ] GC(41) Pause Young (Allocation Failure)
[1.304s][info][gc,heap        ] GC(41) PSYoungGen: 21861K(28160K)->15232K(49152K) Eden: 9216K(9216K)->0K(10752K) From: 12645K(18944K)->15232K(38400K)
[1.304s][info][gc,heap        ] GC(41) ParOldGen: 171652K(206848K)->178468K(206848K)
[1.304s][info][gc,metaspace   ] GC(41) Metaspace: 6301K(6464K)->6301K(6464K) NonClass: 5768K(5824K)->5768K(5824K) Class: 533K(640K)->533K(640K)
[1.304s][info][gc             ] GC(41) Pause Young (Allocation Failure) 188M->189M(250M) 19.566ms
[1.304s][info][gc,cpu         ] GC(41) User=0.03s Sys=0.02s Real=0.02s
[1.315s][info][gc,start       ] GC(42) Pause Young (Allocation Failure)
[1.327s][info][gc,heap        ] GC(42) PSYoungGen: 25984K(49152K)->25984K(51200K) Eden: 10752K(10752K)->0K(10752K) From: 15232K(38400K)->25984K(40448K)
[1.327s][info][gc,heap        ] GC(42) ParOldGen: 178468K(206848K)->178468K(206848K)
[1.327s][info][gc,metaspace   ] GC(42) Metaspace: 6301K(6464K)->6301K(6464K) NonClass: 5768K(5824K)->5768K(5824K) Class: 533K(640K)->533K(640K)
[1.327s][info][gc             ] GC(42) Pause Young (Allocation Failure) 199M->199M(252M) 12.796ms
[1.327s][info][gc,cpu         ] GC(42) User=0.00s Sys=0.00s Real=0.01s
[1.340s][info][gc,start       ] GC(43) Pause Young (Allocation Failure)
[1.358s][info][gc,heap        ] GC(43) PSYoungGen: 36736K(51200K)->36704K(50176K) Eden: 10752K(10752K)->0K(8704K) From: 25984K(40448K)->36704K(41472K)
[1.358s][info][gc,heap        ] GC(43) ParOldGen: 178468K(206848K)->178468K(206848K)
[1.358s][info][gc,metaspace   ] GC(43) Metaspace: 6301K(6464K)->6301K(6464K) NonClass: 5768K(5824K)->5768K(5824K) Class: 533K(640K)->533K(640K)
[1.358s][info][gc             ] GC(43) Pause Young (Allocation Failure) 210M->210M(251M) 17.770ms
[1.358s][info][gc,cpu         ] GC(43) User=0.08s Sys=0.00s Real=0.02s
[1.367s][info][gc,start       ] GC(44) Pause Young (Allocation Failure)
[1.387s][info][gc,heap        ] GC(44) PSYoungGen: 45408K(50176K)->39456K(54272K) Eden: 8704K(8704K)->0K(8704K) From: 36704K(41472K)->39456K(45568K)
[1.388s][info][gc,heap        ] GC(44) ParOldGen: 178468K(206848K)->184508K(206848K)
[1.388s][info][gc,metaspace   ] GC(44) Metaspace: 6301K(6464K)->6301K(6464K) NonClass: 5768K(5824K)->5768K(5824K) Class: 533K(640K)->533K(640K)
[1.388s][info][gc             ] GC(44) Pause Young (Allocation Failure) 218M->218M(255M) 20.625ms
[1.388s][info][gc,cpu         ] GC(44) User=0.09s Sys=0.00s Real=0.02s
[1.397s][info][gc,start       ] GC(45) Pause Young (Allocation Failure)
[1.420s][info][gc,heap        ] GC(45) PSYoungGen: 48160K(54272K)->28160K(57856K) Eden: 8704K(8704K)->0K(10240K) From: 39456K(45568K)->28160K(47616K)
[1.420s][info][gc,heap        ] GC(45) ParOldGen: 184508K(206848K)->204724K(206848K)
[1.420s][info][gc,metaspace   ] GC(45) Metaspace: 6301K(6464K)->6301K(6464K) NonClass: 5768K(5824K)->5768K(5824K) Class: 533K(640K)->533K(640K)
[1.420s][info][gc             ] GC(45) Pause Young (Allocation Failure) 227M->227M(258M) 23.050ms
[1.420s][info][gc,cpu         ] GC(45) User=0.06s Sys=0.02s Real=0.02s
[1.420s][info][gc,start       ] GC(46) Pause Full (Ergonomics)
[1.420s][info][gc,phases,start] GC(46) Marking Phase
[1.475s][info][gc,phases      ] GC(46) Marking Phase 54.759ms
[1.475s][info][gc,phases,start] GC(46) Summary Phase
[1.475s][info][gc,phases      ] GC(46) Summary Phase 0.017ms
[1.475s][info][gc,phases,start] GC(46) Adjust Roots
[1.475s][info][gc,phases      ] GC(46) Adjust Roots 0.150ms
[1.475s][info][gc,phases,start] GC(46) Compaction Phase
[1.506s][info][gc,phases      ] GC(46) Compaction Phase 31.259ms
[1.506s][info][gc,phases,start] GC(46) Post Compact
[1.508s][info][gc,phases      ] GC(46) Post Compact 1.186ms
[1.508s][info][gc,heap        ] GC(46) PSYoungGen: 28160K(57856K)->25516K(59392K) Eden: 0K(10240K)->0K(11776K) From: 28160K(47616K)->25516K(47616K)
[1.508s][info][gc,heap        ] GC(46) ParOldGen: 204724K(206848K)->206759K(245760K)
[1.508s][info][gc,metaspace   ] GC(46) Metaspace: 6301K(6464K)->6301K(6464K) NonClass: 5768K(5824K)->5768K(5824K) Class: 533K(640K)->533K(640K)
[1.508s][info][gc             ] GC(46) Pause Full (Ergonomics) 227M->226M(298M) 87.850ms
[1.508s][info][gc,cpu         ] GC(46) User=0.34s Sys=0.00s Real=0.09s
[1.521s][info][gc,start       ] GC(47) Pause Young (Allocation Failure)
[1.547s][info][gc,heap        ] GC(47) PSYoungGen: 37292K(59392K)->19904K(60928K) Eden: 11776K(11776K)->0K(11776K) From: 25516K(47616K)->19904K(49152K)
[1.547s][info][gc,heap        ] GC(47) ParOldGen: 206759K(245760K)->224559K(245760K)
[1.547s][info][gc,metaspace   ] GC(47) Metaspace: 6301K(6464K)->6301K(6464K) NonClass: 5768K(5824K)->5768K(5824K) Class: 533K(640K)->533K(640K)
[1.547s][info][gc             ] GC(47) Pause Young (Allocation Failure) 238M->238M(299M) 25.662ms
[1.547s][info][gc,cpu         ] GC(47) User=0.09s Sys=0.00s Real=0.03s
[1.547s][info][gc,start       ] GC(48) Pause Full (Ergonomics)
[1.547s][info][gc,phases,start] GC(48) Marking Phase
[1.604s][info][gc,phases      ] GC(48) Marking Phase 57.337ms
[1.604s][info][gc,phases,start] GC(48) Summary Phase
[1.604s][info][gc,phases      ] GC(48) Summary Phase 0.022ms
[1.604s][info][gc,phases,start] GC(48) Adjust Roots
[1.605s][info][gc,phases      ] GC(48) Adjust Roots 0.171ms
[1.605s][info][gc,phases,start] GC(48) Compaction Phase
[1.633s][info][gc,phases      ] GC(48) Compaction Phase 28.009ms
[1.633s][info][gc,phases,start] GC(48) Post Compact
[1.634s][info][gc,phases      ] GC(48) Post Compact 1.062ms
[1.634s][info][gc,heap        ] GC(48) PSYoungGen: 19904K(60928K)->0K(59904K) Eden: 0K(11776K)->0K(13312K) From: 19904K(49152K)->0K(46592K)
[1.634s][info][gc,heap        ] GC(48) ParOldGen: 224559K(245760K)->244017K(288256K)
[1.634s][info][gc,metaspace   ] GC(48) Metaspace: 6301K(6464K)->6301K(6464K) NonClass: 5768K(5824K)->5768K(5824K) Class: 533K(640K)->533K(640K)
[1.634s][info][gc             ] GC(48) Pause Full (Ergonomics) 238M->238M(340M) 87.205ms
[1.634s][info][gc,cpu         ] GC(48) User=0.42s Sys=0.02s Real=0.09s
[1.649s][info][gc,start       ] GC(49) Pause Young (Allocation Failure)
[1.657s][info][gc,heap        ] GC(49) PSYoungGen: 13312K(59904K)->13472K(60416K) Eden: 13312K(13312K)->0K(13312K) From: 0K(46592K)->13472K(47104K)
[1.657s][info][gc,heap        ] GC(49) ParOldGen: 244017K(288256K)->244017K(288256K)
[1.657s][info][gc,metaspace   ] GC(49) Metaspace: 6301K(6464K)->6301K(6464K) NonClass: 5768K(5824K)->5768K(5824K) Class: 533K(640K)->533K(640K)
[1.657s][info][gc             ] GC(49) Pause Young (Allocation Failure) 251M->251M(340M) 7.714ms
[1.657s][info][gc,cpu         ] GC(49) User=0.00s Sys=0.00s Real=0.01s
[1.672s][info][gc,start       ] GC(50) Pause Young (Allocation Failure)
[1.686s][info][gc,heap        ] GC(50) PSYoungGen: 26784K(60416K)->26752K(60416K) Eden: 13312K(13312K)->0K(15360K) From: 13472K(47104K)->26752K(45056K)
[1.686s][info][gc,heap        ] GC(50) ParOldGen: 244017K(288256K)->244017K(288256K)
[1.686s][info][gc,metaspace   ] GC(50) Metaspace: 6301K(6464K)->6301K(6464K) NonClass: 5768K(5824K)->5768K(5824K) Class: 533K(640K)->533K(640K)
[1.686s][info][gc             ] GC(50) Pause Young (Allocation Failure) 264M->264M(340M) 13.522ms
[1.686s][info][gc,cpu         ] GC(50) User=0.02s Sys=0.00s Real=0.01s
[1.703s][info][gc,start       ] GC(51) Pause Young (Allocation Failure)
[1.723s][info][gc,heap        ] GC(51) PSYoungGen: 42112K(60416K)->42080K(60928K) Eden: 15360K(15360K)->0K(15360K) From: 26752K(45056K)->42080K(45568K)
[1.723s][info][gc,heap        ] GC(51) ParOldGen: 244017K(288256K)->244017K(288256K)
[1.723s][info][gc,metaspace   ] GC(51) Metaspace: 6301K(6464K)->6301K(6464K) NonClass: 5768K(5824K)->5768K(5824K) Class: 533K(640K)->533K(640K)
[1.723s][info][gc             ] GC(51) Pause Young (Allocation Failure) 279M->279M(341M) 20.310ms
[1.723s][info][gc,cpu         ] GC(51) User=0.23s Sys=0.00s Real=0.02s
[1.741s][info][gc,start       ] GC(52) Pause Young (Allocation Failure)
[1.767s][info][gc,heap        ] GC(52) PSYoungGen: 57440K(60928K)->50688K(58368K) Eden: 15360K(15360K)->0K(7680K) From: 42080K(45568K)->50688K(50688K)
[1.767s][info][gc,heap        ] GC(52) ParOldGen: 244017K(288256K)->250777K(288256K)
[1.767s][info][gc,metaspace   ] GC(52) Metaspace: 6301K(6464K)->6301K(6464K) NonClass: 5768K(5824K)->5768K(5824K) Class: 533K(640K)->533K(640K)
[1.767s][info][gc             ] GC(52) Pause Young (Allocation Failure) 294M->294M(338M) 26.400ms
[1.767s][info][gc,cpu         ] GC(52) User=0.11s Sys=0.02s Real=0.03s
[1.776s][info][gc,start       ] GC(53) Pause Young (Allocation Failure)
[1.801s][info][gc,heap        ] GC(53) PSYoungGen: 58368K(58368K)->47136K(68096K) Eden: 7680K(7680K)->0K(7680K) From: 50688K(50688K)->47136K(60416K)
[1.801s][info][gc,heap        ] GC(53) ParOldGen: 250777K(288256K)->262305K(288256K)
[1.801s][info][gc,metaspace   ] GC(53) Metaspace: 6301K(6464K)->6301K(6464K) NonClass: 5768K(5824K)->5768K(5824K) Class: 533K(640K)->533K(640K)
[1.801s][info][gc             ] GC(53) Pause Young (Allocation Failure) 301M->302M(348M) 24.420ms
[1.801s][info][gc,cpu         ] GC(53) User=0.14s Sys=0.00s Real=0.02s
[1.810s][info][gc,start       ] GC(54) Pause Young (Allocation Failure)
[1.833s][info][gc,heap        ] GC(54) PSYoungGen: 54816K(68096K)->42528K(72704K) Eden: 7680K(7680K)->0K(8192K) From: 47136K(60416K)->42528K(64512K)
[1.833s][info][gc,heap        ] GC(54) ParOldGen: 262305K(288256K)->274801K(288256K)
[1.833s][info][gc,metaspace   ] GC(54) Metaspace: 6301K(6464K)->6301K(6464K) NonClass: 5768K(5824K)->5768K(5824K) Class: 533K(640K)->533K(640K)
[1.833s][info][gc             ] GC(54) Pause Young (Allocation Failure) 309M->309M(352M) 23.627ms
[1.833s][info][gc,cpu         ] GC(54) User=0.14s Sys=0.00s Real=0.02s
[1.833s][info][gc,start       ] GC(55) Pause Full (Ergonomics)
[1.833s][info][gc,phases,start] GC(55) Marking Phase
[1.902s][info][gc,phases      ] GC(55) Marking Phase 68.678ms
[1.902s][info][gc,phases,start] GC(55) Summary Phase
[1.902s][info][gc,phases      ] GC(55) Summary Phase 0.018ms
[1.902s][info][gc,phases,start] GC(55) Adjust Roots
[1.902s][info][gc,phases      ] GC(55) Adjust Roots 0.147ms
[1.902s][info][gc,phases,start] GC(55) Compaction Phase
[1.936s][info][gc,phases      ] GC(55) Compaction Phase 33.588ms
[1.936s][info][gc,phases,start] GC(55) Post Compact
[1.938s][info][gc,phases      ] GC(55) Post Compact 1.734ms
[1.938s][info][gc,heap        ] GC(55) PSYoungGen: 42528K(72704K)->28475K(72704K) Eden: 0K(8192K)->0K(8192K) From: 42528K(64512K)->28475K(64512K)
[1.938s][info][gc,heap        ] GC(55) ParOldGen: 274801K(288256K)->288059K(333312K)
[1.938s][info][gc,metaspace   ] GC(55) Metaspace: 6301K(6464K)->6301K(6464K) NonClass: 5768K(5824K)->5768K(5824K) Class: 533K(640K)->533K(640K)
[1.938s][info][gc             ] GC(55) Pause Full (Ergonomics) 309M->309M(396M) 104.635ms
[1.938s][info][gc,cpu         ] GC(55) User=0.72s Sys=0.00s Real=0.10s
[1.948s][info][gc,start       ] GC(56) Pause Young (Allocation Failure)
[1.977s][info][gc,heap        ] GC(56) PSYoungGen: 36667K(72704K)->19072K(73728K) Eden: 8192K(8192K)->0K(8192K) From: 28475K(64512K)->19072K(65536K)
[1.977s][info][gc,heap        ] GC(56) ParOldGen: 288059K(333312K)->306067K(333312K)
[1.977s][info][gc,metaspace   ] GC(56) Metaspace: 6301K(6464K)->6301K(6464K) NonClass: 5768K(5824K)->5768K(5824K) Class: 533K(640K)->533K(640K)
[1.977s][info][gc             ] GC(56) Pause Young (Allocation Failure) 317M->317M(397M) 28.651ms
[1.977s][info][gc,cpu         ] GC(56) User=0.14s Sys=0.00s Real=0.03s
[1.987s][info][gc,start       ] GC(57) Pause Young (Allocation Failure)
[2.001s][info][gc,heap        ] GC(57) PSYoungGen: 27264K(73728K)->21888K(69632K) Eden: 8192K(8192K)->0K(9728K) From: 19072K(65536K)->21888K(59904K)
[2.001s][info][gc,heap        ] GC(57) ParOldGen: 306067K(333312K)->311475K(333312K)
[2.001s][info][gc,metaspace   ] GC(57) Metaspace: 6301K(6464K)->6301K(6464K) NonClass: 5768K(5824K)->5768K(5824K) Class: 533K(640K)->533K(640K)
[2.001s][info][gc             ] GC(57) Pause Young (Allocation Failure) 325M->325M(393M) 14.322ms
[2.001s][info][gc,cpu         ] GC(57) User=0.00s Sys=0.00s Real=0.01s
[2.001s][info][gc,start       ] GC(58) Pause Full (Ergonomics)
[2.001s][info][gc,phases,start] GC(58) Marking Phase
[2.080s][info][gc,phases      ] GC(58) Marking Phase 78.906ms
[2.080s][info][gc,phases,start] GC(58) Summary Phase
[2.080s][info][gc,phases      ] GC(58) Summary Phase 0.036ms
[2.080s][info][gc,phases,start] GC(58) Adjust Roots
[2.081s][info][gc,phases      ] GC(58) Adjust Roots 0.207ms
[2.081s][info][gc,phases,start] GC(58) Compaction Phase
[2.112s][info][gc,phases      ] GC(58) Compaction Phase 31.750ms
[2.112s][info][gc,phases,start] GC(58) Post Compact
[2.114s][info][gc,phases      ] GC(58) Post Compact 1.820ms
[2.115s][info][gc,heap        ] GC(58) PSYoungGen: 21888K(69632K)->0K(71680K) Eden: 0K(9728K)->0K(9728K) From: 21888K(59904K)->0K(61952K)
[2.115s][info][gc,heap        ] GC(58) ParOldGen: 311475K(333312K)->332854K(382976K)
[2.115s][info][gc,metaspace   ] GC(58) Metaspace: 6301K(6464K)->6301K(6464K) NonClass: 5768K(5824K)->5768K(5824K) Class: 533K(640K)->533K(640K)
[2.115s][info][gc             ] GC(58) Pause Full (Ergonomics) 325M->325M(444M) 113.272ms
[2.115s][info][gc,cpu         ] GC(58) User=0.70s Sys=0.00s Real=0.11s
[2.126s][info][gc,start       ] GC(59) Pause Young (Allocation Failure)
[2.133s][info][gc,heap        ] GC(59) PSYoungGen: 9728K(71680K)->9824K(73216K) Eden: 9728K(9728K)->0K(11264K) From: 0K(61952K)->9824K(61952K)
[2.133s][info][gc,heap        ] GC(59) ParOldGen: 332854K(382976K)->332854K(382976K)
[2.133s][info][gc,metaspace   ] GC(59) Metaspace: 6301K(6464K)->6301K(6464K) NonClass: 5768K(5824K)->5768K(5824K) Class: 533K(640K)->533K(640K)
[2.133s][info][gc             ] GC(59) Pause Young (Allocation Failure) 334M->334M(445M) 6.780ms
[2.133s][info][gc,cpu         ] GC(59) User=0.02s Sys=0.00s Real=0.01s
[2.213s][info][gc,start       ] GC(60) Pause Young (Allocation Failure)
[2.232s][info][gc,heap        ] GC(60) PSYoungGen: 21088K(73216K)->21088K(32768K) Eden: 11264K(11264K)->0K(11264K) From: 9824K(61952K)->21088K(21504K)
[2.232s][info][gc,heap        ] GC(60) ParOldGen: 349238K(382976K)->349238K(382976K)
[2.232s][info][gc,metaspace   ] GC(60) Metaspace: 6301K(6464K)->6301K(6464K) NonClass: 5768K(5824K)->5768K(5824K) Class: 533K(640K)->533K(640K)
[2.232s][info][gc             ] GC(60) Pause Young (Allocation Failure) 361M->361M(406M) 18.434ms
[2.232s][info][gc,cpu         ] GC(60) User=0.11s Sys=0.00s Real=0.02s
[2.243s][info][gc,start       ] GC(61) Pause Young (Allocation Failure)
[2.259s][info][gc,heap        ] GC(61) PSYoungGen: 32352K(32768K)->32352K(70144K) Eden: 11264K(11264K)->0K(12800K) From: 21088K(21504K)->32352K(57344K)
[2.260s][info][gc,heap        ] GC(61) ParOldGen: 349238K(382976K)->349238K(382976K)
[2.260s][info][gc,metaspace   ] GC(61) Metaspace: 6301K(6464K)->6301K(6464K) NonClass: 5768K(5824K)->5768K(5824K) Class: 533K(640K)->533K(640K)
[2.260s][info][gc             ] GC(61) Pause Young (Allocation Failure) 372M->372M(442M) 16.495ms
[2.260s][info][gc,cpu         ] GC(61) User=0.03s Sys=0.02s Real=0.02s
[2.272s][info][gc,start       ] GC(62) Pause Young (Allocation Failure)
[2.294s][info][gc,heap        ] GC(62) PSYoungGen: 45152K(70144K)->45152K(71168K) Eden: 12800K(12800K)->0K(12800K) From: 32352K(57344K)->45152K(58368K)
[2.294s][info][gc,heap        ] GC(62) ParOldGen: 349238K(382976K)->349238K(382976K)
[2.294s][info][gc,metaspace   ] GC(62) Metaspace: 6301K(6464K)->6301K(6464K) NonClass: 5768K(5824K)->5768K(5824K) Class: 533K(640K)->533K(640K)
[2.294s][info][gc             ] GC(62) Pause Young (Allocation Failure) 385M->385M(443M) 21.840ms
[2.294s][info][gc,cpu         ] GC(62) User=0.12s Sys=0.00s Real=0.02s
[2.307s][info][gc,start       ] GC(63) Pause Young (Allocation Failure)
[2.335s][info][gc,heap        ] GC(63) PSYoungGen: 57952K(71168K)->57920K(68608K) Eden: 12800K(12800K)->0K(6656K) From: 45152K(58368K)->57920K(61952K)
[2.335s][info][gc,heap        ] GC(63) ParOldGen: 349238K(382976K)->349238K(382976K)
[2.335s][info][gc,metaspace   ] GC(63) Metaspace: 6301K(6464K)->6301K(6464K) NonClass: 5768K(5824K)->5768K(5824K) Class: 533K(640K)->533K(640K)
[2.335s][info][gc             ] GC(63) Pause Young (Allocation Failure) 397M->397M(441M) 27.881ms
[2.335s][info][gc,cpu         ] GC(63) User=0.12s Sys=0.00s Real=0.03s
[2.343s][info][gc,start       ] GC(64) Pause Young (Allocation Failure)
[2.373s][info][gc,heap        ] GC(64) PSYoungGen: 64576K(68608K)->64608K(76288K) Eden: 6656K(6656K)->0K(6656K) From: 57920K(61952K)->64608K(69632K)
[2.373s][info][gc,heap        ] GC(64) ParOldGen: 349238K(382976K)->349238K(382976K)
[2.373s][info][gc,metaspace   ] GC(64) Metaspace: 6301K(6464K)->6301K(6464K) NonClass: 5768K(5824K)->5768K(5824K) Class: 533K(640K)->533K(640K)
[2.373s][info][gc             ] GC(64) Pause Young (Allocation Failure) 404M->404M(448M) 29.564ms
[2.373s][info][gc,cpu         ] GC(64) User=0.11s Sys=0.02s Real=0.03s
[2.381s][info][gc,start       ] GC(65) Pause Young (Allocation Failure)
[2.413s][info][gc,heap        ] GC(65) PSYoungGen: 71264K(76288K)->61504K(79872K) Eden: 6656K(6656K)->0K(2048K) From: 64608K(69632K)->61504K(77824K)
[2.413s][info][gc,heap        ] GC(65) ParOldGen: 349238K(382976K)->359102K(382976K)
[2.413s][info][gc,metaspace   ] GC(65) Metaspace: 6301K(6464K)->6301K(6464K) NonClass: 5768K(5824K)->5768K(5824K) Class: 533K(640K)->533K(640K)
[2.413s][info][gc             ] GC(65) Pause Young (Allocation Failure) 410M->410M(452M) 31.606ms
[2.413s][info][gc,cpu         ] GC(65) User=0.14s Sys=0.02s Real=0.03s
[2.415s][info][gc,start       ] GC(66) Pause Young (Allocation Failure)
[2.445s][info][gc,heap        ] GC(66) PSYoungGen: 63552K(79872K)->41024K(43520K) Eden: 2048K(2048K)->0K(2048K) From: 61504K(77824K)->41024K(41472K)
[2.445s][info][gc,heap        ] GC(66) ParOldGen: 359102K(382976K)->381902K(382976K)
[2.445s][info][gc,metaspace   ] GC(66) Metaspace: 6301K(6464K)->6301K(6464K) NonClass: 5768K(5824K)->5768K(5824K) Class: 533K(640K)->533K(640K)
[2.445s][info][gc             ] GC(66) Pause Young (Allocation Failure) 412M->413M(416M) 29.806ms
[2.445s][info][gc,cpu         ] GC(66) User=0.11s Sys=0.02s Real=0.03s
[2.445s][info][gc,start       ] GC(67) Pause Full (Ergonomics)
[2.445s][info][gc,phases,start] GC(67) Marking Phase
[2.538s][info][gc,phases      ] GC(67) Marking Phase 92.916ms
[2.538s][info][gc,phases,start] GC(67) Summary Phase
[2.538s][info][gc,phases      ] GC(67) Summary Phase 0.023ms
[2.538s][info][gc,phases,start] GC(67) Adjust Roots
[2.538s][info][gc,phases      ] GC(67) Adjust Roots 0.189ms
[2.538s][info][gc,phases,start] GC(67) Compaction Phase
[2.627s][info][gc,phases      ] GC(67) Compaction Phase 88.765ms
[2.627s][info][gc,phases,start] GC(67) Post Compact
[2.630s][info][gc,phases      ] GC(67) Post Compact 2.857ms
[2.630s][info][gc,heap        ] GC(67) PSYoungGen: 41024K(43520K)->31101K(43520K) Eden: 0K(2048K)->0K(2048K) From: 41024K(41472K)->31101K(41472K)
[2.630s][info][gc,heap        ] GC(67) ParOldGen: 381902K(382976K)->382918K(438272K)
[2.630s][info][gc,metaspace   ] GC(67) Metaspace: 6301K(6464K)->6301K(6464K) NonClass: 5768K(5824K)->5768K(5824K) Class: 533K(640K)->533K(640K)
[2.630s][info][gc             ] GC(67) Pause Full (Ergonomics) 413M->404M(470M) 185.307ms
[2.630s][info][gc,cpu         ] GC(67) User=0.92s Sys=0.02s Real=0.18s
[2.632s][info][gc,start       ] GC(68) Pause Young (Allocation Failure)
[2.665s][info][gc,heap        ] GC(68) PSYoungGen: 33149K(43520K)->13536K(81920K) Eden: 2048K(2048K)->0K(2560K) From: 31101K(41472K)->13536K(79360K)
[2.665s][info][gc,heap        ] GC(68) ParOldGen: 382918K(438272K)->402982K(438272K)
[2.665s][info][gc,metaspace   ] GC(68) Metaspace: 6301K(6464K)->6301K(6464K) NonClass: 5768K(5824K)->5768K(5824K) Class: 533K(640K)->533K(640K)
[2.665s][info][gc             ] GC(68) Pause Young (Allocation Failure) 406M->406M(508M) 32.176ms
[2.665s][info][gc,cpu         ] GC(68) User=0.14s Sys=0.00s Real=0.03s
[2.668s][info][gc,start       ] GC(69) Pause Young (Allocation Failure)
[2.679s][info][gc,heap        ] GC(69) PSYoungGen: 16096K(81920K)->6304K(82432K) Eden: 2560K(2560K)->0K(2560K) From: 13536K(79360K)->6304K(79872K)
[2.679s][info][gc,heap        ] GC(69) ParOldGen: 402982K(438272K)->412814K(438272K)
[2.679s][info][gc,metaspace   ] GC(69) Metaspace: 6301K(6464K)->6301K(6464K) NonClass: 5768K(5824K)->5768K(5824K) Class: 533K(640K)->533K(640K)
[2.679s][info][gc             ] GC(69) Pause Young (Allocation Failure) 409M->409M(508M) 11.376ms
[2.679s][info][gc,cpu         ] GC(69) User=0.00s Sys=0.00s Real=0.01s
[2.679s][info][gc,start       ] GC(70) Pause Full (Ergonomics)
[2.679s][info][gc,phases,start] GC(70) Marking Phase
[2.767s][info][gc,phases      ] GC(70) Marking Phase 87.613ms
[2.767s][info][gc,phases,start] GC(70) Summary Phase
[2.767s][info][gc,phases      ] GC(70) Summary Phase 0.033ms
[2.767s][info][gc,phases,start] GC(70) Adjust Roots
[2.767s][info][gc,phases      ] GC(70) Adjust Roots 0.277ms
[2.767s][info][gc,phases,start] GC(70) Compaction Phase
[2.813s][info][gc,phases      ] GC(70) Compaction Phase 45.059ms
[2.813s][info][gc,phases,start] GC(70) Post Compact
[2.816s][info][gc,phases      ] GC(70) Post Compact 3.246ms
[2.816s][info][gc,heap        ] GC(70) PSYoungGen: 6304K(82432K)->0K(84480K) Eden: 0K(2560K)->0K(3584K) From: 6304K(79872K)->0K(80896K)
[2.816s][info][gc,heap        ] GC(70) ParOldGen: 412814K(438272K)->418569K(479232K)
[2.816s][info][gc,metaspace   ] GC(70) Metaspace: 6301K(6464K)->6301K(6464K) NonClass: 5768K(5824K)->5768K(5824K) Class: 533K(640K)->533K(640K)
[2.816s][info][gc             ] GC(70) Pause Full (Ergonomics) 409M->408M(550M) 136.856ms
[2.816s][info][gc,cpu         ] GC(70) User=0.78s Sys=0.00s Real=0.14s
[2.821s][info][gc,start       ] GC(71) Pause Young (Allocation Failure)
[2.828s][info][gc,heap        ] GC(71) PSYoungGen: 3584K(84480K)->3712K(84480K) Eden: 3584K(3584K)->0K(3584K) From: 0K(80896K)->3712K(80896K)
[2.828s][info][gc,heap        ] GC(71) ParOldGen: 418569K(479232K)->418569K(479232K)
[2.828s][info][gc,metaspace   ] GC(71) Metaspace: 6301K(6464K)->6301K(6464K) NonClass: 5768K(5824K)->5768K(5824K) Class: 533K(640K)->533K(640K)
[2.828s][info][gc             ] GC(71) Pause Young (Allocation Failure) 412M->412M(550M) 6.473ms
[2.828s][info][gc,cpu         ] GC(71) User=0.00s Sys=0.00s Real=0.01s
[2.833s][info][gc,start       ] GC(72) Pause Young (Allocation Failure)
[2.840s][info][gc,heap        ] GC(72) PSYoungGen: 7296K(84480K)->7232K(81920K) Eden: 3584K(3584K)->0K(4096K) From: 3712K(80896K)->7232K(77824K)
[2.840s][info][gc,heap        ] GC(72) ParOldGen: 418569K(479232K)->418569K(479232K)
[2.840s][info][gc,metaspace   ] GC(72) Metaspace: 6301K(6464K)->6301K(6464K) NonClass: 5768K(5824K)->5768K(5824K) Class: 533K(640K)->533K(640K)
[2.840s][info][gc             ] GC(72) Pause Young (Allocation Failure) 415M->415M(548M) 7.524ms
[2.840s][info][gc,cpu         ] GC(72) User=0.00s Sys=0.00s Real=0.01s
[2.846s][info][gc,start       ] GC(73) Pause Young (Allocation Failure)
[2.855s][info][gc,heap        ] GC(73) PSYoungGen: 11328K(81920K)->11360K(15872K) Eden: 4096K(4096K)->0K(4096K) From: 7232K(77824K)->11360K(11776K)
[2.855s][info][gc,heap        ] GC(73) ParOldGen: 418569K(479232K)->418569K(479232K)
[2.855s][info][gc,metaspace   ] GC(73) Metaspace: 6301K(6464K)->6301K(6464K) NonClass: 5768K(5824K)->5768K(5824K) Class: 533K(640K)->533K(640K)
[2.855s][info][gc             ] GC(73) Pause Young (Allocation Failure) 419M->419M(483M) 9.350ms
[2.855s][info][gc,cpu         ] GC(73) User=0.00s Sys=0.00s Real=0.01s
[2.861s][info][gc,start       ] GC(74) Pause Young (Allocation Failure)
[2.871s][info][gc,heap        ] GC(74) PSYoungGen: 15456K(15872K)->11840K(76288K) Eden: 4096K(4096K)->0K(5120K) From: 11360K(11776K)->11840K(71168K)
[2.871s][info][gc,heap        ] GC(74) ParOldGen: 418569K(479232K)->422201K(479232K)
[2.871s][info][gc,metaspace   ] GC(74) Metaspace: 6301K(6464K)->6301K(6464K) NonClass: 5768K(5824K)->5768K(5824K) Class: 533K(640K)->533K(640K)
[2.871s][info][gc             ] GC(74) Pause Young (Allocation Failure) 423M->423M(542M) 10.553ms
[2.871s][info][gc,cpu         ] GC(74) User=0.02s Sys=0.00s Real=0.01s
[2.878s][info][gc,start       ] GC(75) Pause Young (Allocation Failure)
[2.889s][info][gc,heap        ] GC(75) PSYoungGen: 16960K(76288K)->13376K(18944K) Eden: 5120K(5120K)->0K(5120K) From: 11840K(71168K)->13376K(13824K)
[2.889s][info][gc,heap        ] GC(75) ParOldGen: 422201K(479232K)->425833K(479232K)
[2.889s][info][gc,metaspace   ] GC(75) Metaspace: 6301K(6464K)->6301K(6464K) NonClass: 5768K(5824K)->5768K(5824K) Class: 533K(640K)->533K(640K)
[2.890s][info][gc             ] GC(75) Pause Young (Allocation Failure) 428M->428M(486M) 11.482ms
[2.890s][info][gc,cpu         ] GC(75) User=0.00s Sys=0.00s Real=0.01s
[2.896s][info][gc,start       ] GC(76) Pause Young (Allocation Failure)
[2.907s][info][gc,heap        ] GC(76) PSYoungGen: 18496K(18944K)->14432K(71168K) Eden: 5120K(5120K)->0K(6144K) From: 13376K(13824K)->14432K(65024K)
[2.907s][info][gc,heap        ] GC(76) ParOldGen: 425833K(479232K)->429985K(479232K)
[2.907s][info][gc,metaspace   ] GC(76) Metaspace: 6301K(6464K)->6301K(6464K) NonClass: 5768K(5824K)->5768K(5824K) Class: 533K(640K)->533K(640K)
[2.907s][info][gc             ] GC(76) Pause Young (Allocation Failure) 433M->434M(537M) 10.910ms
[2.907s][info][gc,cpu         ] GC(76) User=0.00s Sys=0.00s Real=0.01s
[2.915s][info][gc,start       ] GC(77) Pause Young (Allocation Failure)
[2.929s][info][gc,heap        ] GC(77) PSYoungGen: 20576K(71168K)->16384K(22528K) Eden: 6144K(6144K)->0K(6144K) From: 14432K(65024K)->16384K(16384K)
[2.929s][info][gc,heap        ] GC(77) ParOldGen: 429985K(479232K)->434153K(479232K)
[2.929s][info][gc,metaspace   ] GC(77) Metaspace: 6301K(6464K)->6301K(6464K) NonClass: 5768K(5824K)->5768K(5824K) Class: 533K(640K)->533K(640K)
[2.930s][info][gc             ] GC(77) Pause Young (Allocation Failure) 440M->439M(490M) 14.156ms
[2.930s][info][gc,cpu         ] GC(77) User=0.02s Sys=0.00s Real=0.01s
[2.937s][info][gc,start       ] GC(78) Pause Young (Allocation Failure)
[2.950s][info][gc,heap        ] GC(78) PSYoungGen: 22528K(22528K)->17504K(64512K) Eden: 6144K(6144K)->0K(7168K) From: 16384K(16384K)->17504K(57344K)
[2.950s][info][gc,heap        ] GC(78) ParOldGen: 434153K(479232K)->439353K(479232K)
[2.950s][info][gc,metaspace   ] GC(78) Metaspace: 6301K(6464K)->6301K(6464K) NonClass: 5768K(5824K)->5768K(5824K) Class: 533K(640K)->533K(640K)
[2.950s][info][gc             ] GC(78) Pause Young (Allocation Failure) 445M->446M(531M) 13.015ms
[2.950s][info][gc,cpu         ] GC(78) User=0.02s Sys=0.00s Real=0.01s
[2.960s][info][gc,start       ] GC(79) Pause Young (Allocation Failure)
[2.974s][info][gc,heap        ] GC(79) PSYoungGen: 24672K(64512K)->19552K(27136K) Eden: 7168K(7168K)->0K(7168K) From: 17504K(57344K)->19552K(19968K)
[2.974s][info][gc,heap        ] GC(79) ParOldGen: 439353K(479232K)->444545K(479232K)
[2.974s][info][gc,metaspace   ] GC(79) Metaspace: 6301K(6464K)->6301K(6464K) NonClass: 5768K(5824K)->5768K(5824K) Class: 533K(640K)->533K(640K)
[2.974s][info][gc             ] GC(79) Pause Young (Allocation Failure) 453M->453M(494M) 13.623ms
[2.974s][info][gc,cpu         ] GC(79) User=0.02s Sys=0.00s Real=0.01s
[2.983s][info][gc,start       ] GC(80) Pause Young (Allocation Failure)
[3.002s][info][gc,heap        ] GC(80) PSYoungGen: 26720K(27136K)->20576K(58368K) Eden: 7168K(7168K)->0K(8192K) From: 19552K(19968K)->20576K(50176K)
[3.002s][info][gc,heap        ] GC(80) ParOldGen: 444545K(479232K)->450777K(479232K)
[3.003s][info][gc,metaspace   ] GC(80) Metaspace: 6301K(6464K)->6301K(6464K) NonClass: 5768K(5824K)->5768K(5824K) Class: 533K(640K)->533K(640K)
[3.003s][info][gc             ] GC(80) Pause Young (Allocation Failure) 460M->460M(525M) 19.423ms
[3.003s][info][gc,cpu         ] GC(80) User=0.08s Sys=0.00s Real=0.02s
[3.014s][info][gc,start       ] GC(81) Pause Young (Allocation Failure)
[3.030s][info][gc,heap        ] GC(81) PSYoungGen: 28768K(58368K)->22624K(31232K) Eden: 8192K(8192K)->0K(8192K) From: 20576K(50176K)->22624K(23040K)
[3.030s][info][gc,heap        ] GC(81) ParOldGen: 450777K(479232K)->457009K(479232K)
[3.030s][info][gc,metaspace   ] GC(81) Metaspace: 6301K(6464K)->6301K(6464K) NonClass: 5768K(5824K)->5768K(5824K) Class: 533K(640K)->533K(640K)
[3.030s][info][gc             ] GC(81) Pause Young (Allocation Failure) 468M->468M(498M) 16.086ms
[3.030s][info][gc,cpu         ] GC(81) User=0.05s Sys=0.00s Real=0.02s
[3.042s][info][gc,start       ] GC(82) Pause Young (Allocation Failure)
[3.059s][info][gc,heap        ] GC(82) PSYoungGen: 30816K(31232K)->23648K(56832K) Eden: 8192K(8192K)->0K(9728K) From: 22624K(23040K)->23648K(47104K)
[3.059s][info][gc,heap        ] GC(82) ParOldGen: 457009K(479232K)->464273K(479232K)
[3.059s][info][gc,metaspace   ] GC(82) Metaspace: 6301K(6464K)->6301K(6464K) NonClass: 5768K(5824K)->5768K(5824K) Class: 533K(640K)->533K(640K)
[3.059s][info][gc             ] GC(82) Pause Young (Allocation Failure) 476M->476M(523M) 17.659ms
[3.059s][info][gc,cpu         ] GC(82) User=0.06s Sys=0.00s Real=0.02s
[3.071s][info][gc,start       ] GC(83) Pause Young (Allocation Failure)
[3.090s][info][gc,heap        ] GC(83) PSYoungGen: 33376K(56832K)->26208K(58880K) Eden: 9728K(9728K)->0K(9728K) From: 23648K(47104K)->26208K(49152K)
[3.090s][info][gc,heap        ] GC(83) ParOldGen: 464273K(479232K)->471537K(479232K)
[3.090s][info][gc,metaspace   ] GC(83) Metaspace: 6301K(6464K)->6301K(6464K) NonClass: 5768K(5824K)->5768K(5824K) Class: 533K(640K)->533K(640K)
[3.090s][info][gc             ] GC(83) Pause Young (Allocation Failure) 485M->486M(525M) 18.953ms
[3.090s][info][gc,cpu         ] GC(83) User=0.08s Sys=0.02s Real=0.02s
[3.090s][info][gc,start       ] GC(84) Pause Full (Ergonomics)
[3.090s][info][gc,phases,start] GC(84) Marking Phase
[3.197s][info][gc,phases      ] GC(84) Marking Phase 106.858ms
[3.197s][info][gc,phases,start] GC(84) Summary Phase
[3.197s][info][gc,phases      ] GC(84) Summary Phase 0.028ms
[3.197s][info][gc,phases,start] GC(84) Adjust Roots
[3.197s][info][gc,phases      ] GC(84) Adjust Roots 0.216ms
[3.197s][info][gc,phases,start] GC(84) Compaction Phase
[3.252s][info][gc,phases      ] GC(84) Compaction Phase 54.506ms
[3.252s][info][gc,phases,start] GC(84) Post Compact
[3.255s][info][gc,phases      ] GC(84) Post Compact 3.047ms
[3.255s][info][gc,heap        ] GC(84) PSYoungGen: 26208K(58880K)->17334K(58880K) Eden: 0K(9728K)->0K(9728K) From: 26208K(49152K)->17334K(49152K)
[3.255s][info][gc,heap        ] GC(84) ParOldGen: 471537K(479232K)->479158K(531456K)
[3.255s][info][gc,metaspace   ] GC(84) Metaspace: 6301K(6464K)->6301K(6464K) NonClass: 5768K(5824K)->5768K(5824K) Class: 533K(640K)->533K(640K)
[3.255s][info][gc             ] GC(84) Pause Full (Ergonomics) 486M->484M(576M) 165.218ms
[3.255s][info][gc,cpu         ] GC(84) User=1.03s Sys=0.00s Real=0.16s
[3.267s][info][gc,start       ] GC(85) Pause Young (Allocation Failure)
[3.300s][info][gc,heap        ] GC(85) PSYoungGen: 27062K(58880K)->21824K(53248K) Eden: 9728K(9728K)->0K(10752K) From: 17334K(49152K)->21824K(42496K)
[3.300s][info][gc,heap        ] GC(85) ParOldGen: 479158K(531456K)->484662K(531456K)
[3.300s][info][gc,metaspace   ] GC(85) Metaspace: 6301K(6464K)->6301K(6464K) NonClass: 5768K(5824K)->5768K(5824K) Class: 533K(640K)->533K(640K)
[3.300s][info][gc             ] GC(85) Pause Young (Allocation Failure) 494M->494M(571M) 33.425ms
[3.300s][info][gc,cpu         ] GC(85) User=0.17s Sys=0.00s Real=0.03s
[3.313s][info][gc,start       ] GC(86) Pause Young (Allocation Failure)
[3.332s][info][gc,heap        ] GC(86) PSYoungGen: 32576K(53248K)->27104K(56320K) Eden: 10752K(10752K)->0K(10752K) From: 21824K(42496K)->27104K(45568K)
[3.332s][info][gc,heap        ] GC(86) ParOldGen: 484662K(531456K)->490230K(531456K)
[3.332s][info][gc,metaspace   ] GC(86) Metaspace: 6301K(6464K)->6301K(6464K) NonClass: 5768K(5824K)->5768K(5824K) Class: 533K(640K)->533K(640K)
[3.332s][info][gc             ] GC(86) Pause Young (Allocation Failure) 505M->505M(574M) 19.537ms
[3.332s][info][gc,cpu         ] GC(86) User=0.05s Sys=0.00s Real=0.02s
[3.344s][info][gc,start       ] GC(87) Pause Young (Allocation Failure)
[3.364s][info][gc,heap        ] GC(87) PSYoungGen: 37856K(56320K)->31360K(56320K) Eden: 10752K(10752K)->0K(11264K) From: 27104K(45568K)->31360K(45056K)
[3.364s][info][gc,heap        ] GC(87) ParOldGen: 490230K(531456K)->496822K(531456K)
[3.364s][info][gc,metaspace   ] GC(87) Metaspace: 6301K(6464K)->6301K(6464K) NonClass: 5768K(5824K)->5768K(5824K) Class: 533K(640K)->533K(640K)
[3.364s][info][gc             ] GC(87) Pause Young (Allocation Failure) 515M->515M(574M) 19.406ms
[3.364s][info][gc,cpu         ] GC(87) User=0.14s Sys=0.00s Real=0.02s
[3.377s][info][gc,start       ] GC(88) Pause Young (Allocation Failure)
[3.399s][info][gc,heap        ] GC(88) PSYoungGen: 42624K(56320K)->32896K(57344K) Eden: 11264K(11264K)->0K(11264K) From: 31360K(45056K)->32896K(46080K)
[3.399s][info][gc,heap        ] GC(88) ParOldGen: 496822K(531456K)->506686K(531456K)
[3.399s][info][gc,metaspace   ] GC(88) Metaspace: 6301K(6464K)->6301K(6464K) NonClass: 5768K(5824K)->5768K(5824K) Class: 533K(640K)->533K(640K)
[3.399s][info][gc             ] GC(88) Pause Young (Allocation Failure) 526M->526M(575M) 22.263ms
[3.399s][info][gc,cpu         ] GC(88) User=0.12s Sys=0.00s Real=0.02s
[3.413s][info][gc,start       ] GC(89) Pause Young (Allocation Failure)
[3.436s][info][gc,heap        ] GC(89) PSYoungGen: 44160K(57344K)->22656K(56320K) Eden: 11264K(11264K)->0K(12800K) From: 32896K(46080K)->22656K(43520K)
[3.436s][info][gc,heap        ] GC(89) ParOldGen: 506686K(531456K)->528462K(531456K)
[3.436s][info][gc,metaspace   ] GC(89) Metaspace: 6301K(6464K)->6301K(6464K) NonClass: 5768K(5824K)->5768K(5824K) Class: 533K(640K)->533K(640K)
[3.436s][info][gc             ] GC(89) Pause Young (Allocation Failure) 537M->538M(574M) 23.257ms
[3.436s][info][gc,cpu         ] GC(89) User=0.09s Sys=0.02s Real=0.02s
[3.436s][info][gc,start       ] GC(90) Pause Full (Ergonomics)
[3.436s][info][gc,phases,start] GC(90) Marking Phase
[3.558s][info][gc,phases      ] GC(90) Marking Phase 122.027ms
[3.558s][info][gc,phases,start] GC(90) Summary Phase
[3.558s][info][gc,phases      ] GC(90) Summary Phase 0.022ms
[3.558s][info][gc,phases,start] GC(90) Adjust Roots
[3.558s][info][gc,phases      ] GC(90) Adjust Roots 0.183ms
[3.558s][info][gc,phases,start] GC(90) Compaction Phase
[3.614s][info][gc,phases      ] GC(90) Compaction Phase 55.661ms
[3.614s][info][gc,phases,start] GC(90) Post Compact
[3.615s][info][gc,phases      ] GC(90) Post Compact 0.858ms
[3.615s][info][gc,heap        ] GC(90) PSYoungGen: 22656K(56320K)->18892K(57856K) Eden: 0K(12800K)->0K(14336K) From: 22656K(43520K)->18892K(43520K)
[3.615s][info][gc,heap        ] GC(90) ParOldGen: 528462K(531456K)->531212K(591872K)
[3.615s][info][gc,metaspace   ] GC(90) Metaspace: 6301K(6464K)->6301K(6464K) NonClass: 5768K(5824K)->5768K(5824K) Class: 533K(640K)->533K(640K)
[3.615s][info][gc             ] GC(90) Pause Full (Ergonomics) 538M->537M(634M) 179.251ms
[3.615s][info][gc,cpu         ] GC(90) User=1.20s Sys=0.00s Real=0.18s
[3.634s][info][gc,start       ] GC(91) Pause Young (Allocation Failure)
[3.674s][info][gc,heap        ] GC(91) PSYoungGen: 33228K(57856K)->14496K(59904K) Eden: 14336K(14336K)->0K(14336K) From: 18892K(43520K)->14496K(45568K)
[3.674s][info][gc,heap        ] GC(91) ParOldGen: 531212K(591872K)->550420K(591872K)
[3.674s][info][gc,metaspace   ] GC(91) Metaspace: 6301K(6464K)->6301K(6464K) NonClass: 5768K(5824K)->5768K(5824K) Class: 533K(640K)->533K(640K)
[3.674s][info][gc             ] GC(91) Pause Young (Allocation Failure) 551M->551M(636M) 40.894ms
[3.674s][info][gc,cpu         ] GC(91) User=0.22s Sys=0.00s Real=0.04s
[3.694s][info][gc,start       ] GC(92) Pause Young (Allocation Failure)
[3.711s][info][gc,heap        ] GC(92) PSYoungGen: 28832K(59904K)->14464K(59904K) Eden: 14336K(14336K)->0K(15872K) From: 14496K(45568K)->14464K(44032K)
[3.711s][info][gc,heap        ] GC(92) ParOldGen: 550420K(591872K)->564972K(591872K)
[3.711s][info][gc,metaspace   ] GC(92) Metaspace: 6301K(6464K)->6301K(6464K) NonClass: 5768K(5824K)->5768K(5824K) Class: 533K(640K)->533K(640K)
[3.711s][info][gc             ] GC(92) Pause Young (Allocation Failure) 565M->565M(636M) 17.261ms
[3.711s][info][gc,cpu         ] GC(92) User=0.02s Sys=0.02s Real=0.02s
[3.732s][info][gc,start       ] GC(93) Pause Young (Allocation Failure)
[3.749s][info][gc,heap        ] GC(93) PSYoungGen: 30336K(59904K)->16000K(60416K) Eden: 15872K(15872K)->0K(15872K) From: 14464K(44032K)->16000K(44544K)
[3.749s][info][gc,heap        ] GC(93) ParOldGen: 564972K(591872K)->579500K(591872K)
[3.749s][info][gc,metaspace   ] GC(93) Metaspace: 6301K(6464K)->6301K(6464K) NonClass: 5768K(5824K)->5768K(5824K) Class: 533K(640K)->533K(640K)
[3.749s][info][gc             ] GC(93) Pause Young (Allocation Failure) 581M->581M(637M) 17.385ms
[3.749s][info][gc,cpu         ] GC(93) User=0.03s Sys=0.00s Real=0.02s
[3.750s][info][gc,start       ] GC(94) Pause Full (Ergonomics)
[3.750s][info][gc,phases,start] GC(94) Marking Phase
[3.882s][info][gc,phases      ] GC(94) Marking Phase 132.026ms
[3.882s][info][gc,phases,start] GC(94) Summary Phase
[3.882s][info][gc,phases      ] GC(94) Summary Phase 0.028ms
[3.882s][info][gc,phases,start] GC(94) Adjust Roots
[3.882s][info][gc,phases      ] GC(94) Adjust Roots 0.189ms
[3.882s][info][gc,phases,start] GC(94) Compaction Phase
[3.938s][info][gc,phases      ] GC(94) Compaction Phase 55.896ms
[3.938s][info][gc,phases,start] GC(94) Post Compact
[3.939s][info][gc,phases      ] GC(94) Post Compact 1.029ms
[3.939s][info][gc,heap        ] GC(94) PSYoungGen: 16000K(60416K)->3069K(60416K) Eden: 0K(15872K)->0K(15872K) From: 16000K(44544K)->3069K(44544K)
[3.939s][info][gc,heap        ] GC(94) ParOldGen: 579500K(591872K)->591484K(660992K)
[3.939s][info][gc,metaspace   ] GC(94) Metaspace: 6301K(6464K)->6301K(6464K) NonClass: 5768K(5824K)->5768K(5824K) Class: 533K(640K)->533K(640K)
[3.939s][info][gc             ] GC(94) Pause Full (Ergonomics) 581M->580M(704M) 189.788ms
[3.939s][info][gc,cpu         ] GC(94) User=1.34s Sys=0.00s Real=0.19s
[3.958s][info][gc,start       ] GC(95) Pause Young (Allocation Failure)
[3.996s][info][gc,heap        ] GC(95) PSYoungGen: 18941K(60416K)->16000K(57856K) Eden: 15872K(15872K)->0K(17408K) From: 3069K(44544K)->16000K(40448K)
[3.996s][info][gc,heap        ] GC(95) ParOldGen: 591484K(660992K)->594628K(660992K)
[3.996s][info][gc,metaspace   ] GC(95) Metaspace: 6301K(6464K)->6301K(6464K) NonClass: 5768K(5824K)->5768K(5824K) Class: 533K(640K)->533K(640K)
[3.996s][info][gc             ] GC(95) Pause Young (Allocation Failure) 596M->596M(702M) 37.169ms
[3.996s][info][gc,cpu         ] GC(95) User=0.17s Sys=0.00s Real=0.04s
[4.018s][info][gc,start       ] GC(96) Pause Young (Allocation Failure)
[4.038s][info][gc,heap        ] GC(96) PSYoungGen: 33408K(57856K)->33440K(59392K) Eden: 17408K(17408K)->0K(17408K) From: 16000K(40448K)->33440K(41984K)
[4.038s][info][gc,heap        ] GC(96) ParOldGen: 594628K(660992K)->594628K(660992K)
[4.038s][info][gc,metaspace   ] GC(96) Metaspace: 6301K(6464K)->6301K(6464K) NonClass: 5768K(5824K)->5768K(5824K) Class: 533K(640K)->533K(640K)
[4.038s][info][gc             ] GC(96) Pause Young (Allocation Failure) 613M->613M(703M) 19.874ms
[4.038s][info][gc,cpu         ] GC(96) User=0.12s Sys=0.00s Real=0.02s
[4.059s][info][gc,start       ] GC(97) Pause Young (Allocation Failure)
[4.087s][info][gc,heap        ] GC(97) PSYoungGen: 50848K(59392K)->44544K(55808K) Eden: 17408K(17408K)->0K(11264K) From: 33440K(41984K)->44544K(44544K)
[4.087s][info][gc,heap        ] GC(97) ParOldGen: 594628K(660992K)->600892K(660992K)
[4.087s][info][gc,metaspace   ] GC(97) Metaspace: 6301K(6464K)->6301K(6464K) NonClass: 5768K(5824K)->5768K(5824K) Class: 533K(640K)->533K(640K)
[4.087s][info][gc             ] GC(97) Pause Young (Allocation Failure) 630M->630M(700M) 28.391ms
[4.088s][info][gc,cpu         ] GC(97) User=0.11s Sys=0.00s Real=0.03s
[4.101s][info][gc,start       ] GC(98) Pause Young (Allocation Failure)
[4.131s][info][gc,heap        ] GC(98) PSYoungGen: 55808K(55808K)->26816K(38400K) Eden: 11264K(11264K)->0K(11264K) From: 44544K(44544K)->26816K(27136K)
[4.131s][info][gc,heap        ] GC(98) ParOldGen: 600892K(660992K)->630332K(660992K)
[4.131s][info][gc,metaspace   ] GC(98) Metaspace: 6301K(6464K)->6301K(6464K) NonClass: 5768K(5824K)->5768K(5824K) Class: 533K(640K)->533K(640K)
[4.131s][info][gc             ] GC(98) Pause Young (Allocation Failure) 641M->641M(683M) 29.969ms
[4.131s][info][gc,cpu         ] GC(98) User=0.11s Sys=0.03s Real=0.03s
[4.145s][info][gc,start       ] GC(99) Pause Young (Allocation Failure)
[4.166s][info][gc,heap        ] GC(99) PSYoungGen: 38080K(38400K)->22592K(59392K) Eden: 11264K(11264K)->0K(12800K) From: 26816K(27136K)->22592K(46592K)
[4.166s][info][gc,heap        ] GC(99) ParOldGen: 630332K(660992K)->646060K(660992K)
[4.166s][info][gc,metaspace   ] GC(99) Metaspace: 6301K(6464K)->6301K(6464K) NonClass: 5768K(5824K)->5768K(5824K) Class: 533K(640K)->533K(640K)
[4.166s][info][gc             ] GC(99) Pause Young (Allocation Failure) 652M->652M(703M) 21.629ms
[4.166s][info][gc,cpu         ] GC(99) User=0.12s Sys=0.00s Real=0.02s
[4.166s][info][gc,start       ] GC(100) Pause Full (Ergonomics)
[4.166s][info][gc,phases,start] GC(100) Marking Phase
[4.316s][info][gc,phases      ] GC(100) Marking Phase 149.403ms
[4.316s][info][gc,phases,start] GC(100) Summary Phase
[4.316s][info][gc,phases      ] GC(100) Summary Phase 0.023ms
[4.316s][info][gc,phases,start] GC(100) Adjust Roots
[4.316s][info][gc,phases      ] GC(100) Adjust Roots 0.195ms
[4.316s][info][gc,phases,start] GC(100) Compaction Phase
[4.379s][info][gc,phases      ] GC(100) Compaction Phase 62.488ms
[4.379s][info][gc,phases,start] GC(100) Post Compact
[4.380s][info][gc,phases      ] GC(100) Post Compact 1.590ms
[4.381s][info][gc,heap        ] GC(100) PSYoungGen: 22592K(59392K)->6627K(60928K) Eden: 0K(12800K)->0K(14336K) From: 22592K(46592K)->6627K(46592K)
[4.381s][info][gc,heap        ] GC(100) ParOldGen: 646060K(660992K)->660986K(740864K)
[4.381s][info][gc,metaspace   ] GC(100) Metaspace: 6301K(6464K)->6301K(6464K) NonClass: 5768K(5824K)->5768K(5824K) Class: 533K(640K)->533K(640K)
[4.381s][info][gc             ] GC(100) Pause Full (Ergonomics) 652M->651M(783M) 214.381ms
[4.381s][info][gc,cpu         ] GC(100) User=1.39s Sys=0.03s Real=0.22s
[4.399s][info][gc,start       ] GC(101) Pause Young (Allocation Failure)
[4.439s][info][gc,heap        ] GC(101) PSYoungGen: 20963K(60928K)->19328K(62976K) Eden: 14336K(14336K)->0K(14336K) From: 6627K(46592K)->19328K(48640K)
[4.439s][info][gc,heap        ] GC(101) ParOldGen: 660986K(740864K)->662818K(740864K)
[4.439s][info][gc,metaspace   ] GC(101) Metaspace: 6301K(6464K)->6301K(6464K) NonClass: 5768K(5824K)->5768K(5824K) Class: 533K(640K)->533K(640K)
[4.439s][info][gc             ] GC(101) Pause Young (Allocation Failure) 665M->666M(785M) 40.265ms
[4.439s][info][gc,cpu         ] GC(101) User=0.25s Sys=0.00s Real=0.04s
[4.459s][info][gc,start       ] GC(102) Pause Young (Allocation Failure)
[4.478s][info][gc,heap        ] GC(102) PSYoungGen: 33664K(62976K)->33696K(61440K) Eden: 14336K(14336K)->0K(14336K) From: 19328K(48640K)->33696K(47104K)
[4.478s][info][gc,heap        ] GC(102) ParOldGen: 662818K(740864K)->662818K(740864K)
[4.478s][info][gc,metaspace   ] GC(102) Metaspace: 6301K(6464K)->6301K(6464K) NonClass: 5768K(5824K)->5768K(5824K) Class: 533K(640K)->533K(640K)
[4.478s][info][gc             ] GC(102) Pause Young (Allocation Failure) 680M->680M(783M) 19.672ms
[4.478s][info][gc,cpu         ] GC(102) User=0.11s Sys=0.00s Real=0.02s
[4.614s][info][gc,start       ] GC(103) Pause Young (Allocation Failure)
[4.662s][info][gc,heap        ] GC(103) PSYoungGen: 48032K(61440K)->48032K(62976K) Eden: 14336K(14336K)->0K(14336K) From: 33696K(47104K)->48032K(48640K)
[4.662s][info][gc,heap        ] GC(103) ParOldGen: 695586K(740864K)->695586K(740864K)
[4.662s][info][gc,metaspace   ] GC(103) Metaspace: 6301K(6464K)->6301K(6464K) NonClass: 5768K(5824K)->5768K(5824K) Class: 533K(640K)->533K(640K)
[4.662s][info][gc             ] GC(103) Pause Young (Allocation Failure) 726M->726M(785M) 48.658ms
[4.662s][info][gc,cpu         ] GC(103) User=0.23s Sys=0.00s Real=0.05s
[4.678s][info][gc,start       ] GC(104) Pause Young (Allocation Failure)
[4.710s][info][gc,heap        ] GC(104) PSYoungGen: 62368K(62976K)->54784K(60928K) Eden: 14336K(14336K)->0K(6144K) From: 48032K(48640K)->54784K(54784K)
[4.710s][info][gc,heap        ] GC(104) ParOldGen: 695586K(740864K)->703146K(740864K)
[4.710s][info][gc,metaspace   ] GC(104) Metaspace: 6301K(6464K)->6301K(6464K) NonClass: 5768K(5824K)->5768K(5824K) Class: 533K(640K)->533K(640K)
[4.710s][info][gc             ] GC(104) Pause Young (Allocation Failure) 740M->740M(783M) 32.431ms
[4.710s][info][gc,cpu         ] GC(104) User=0.09s Sys=0.00s Real=0.03s
[4.717s][info][gc,start       ] GC(105) Pause Young (Allocation Failure)
[4.746s][info][gc,heap        ] GC(105) PSYoungGen: 60927K(60928K)->46624K(70656K) Eden: 6143K(6144K)->0K(6144K) From: 54784K(54784K)->46624K(64512K)
[4.747s][info][gc,heap        ] GC(105) ParOldGen: 703146K(740864K)->717730K(740864K)
[4.747s][info][gc,metaspace   ] GC(105) Metaspace: 6301K(6464K)->6301K(6464K) NonClass: 5768K(5824K)->5768K(5824K) Class: 533K(640K)->533K(640K)
[4.747s][info][gc             ] GC(105) Pause Young (Allocation Failure) 746M->746M(792M) 29.523ms
[4.747s][info][gc,cpu         ] GC(105) User=0.12s Sys=0.00s Real=0.03s
[4.747s][info][gc,start       ] GC(106) Pause Full (Ergonomics)
[4.747s][info][gc,phases,start] GC(106) Marking Phase
[4.914s][info][gc,phases      ] GC(106) Marking Phase 167.477ms
[4.914s][info][gc,phases,start] GC(106) Summary Phase
[4.914s][info][gc,phases      ] GC(106) Summary Phase 0.032ms
[4.914s][info][gc,phases,start] GC(106) Adjust Roots
[4.914s][info][gc,phases      ] GC(106) Adjust Roots 0.201ms
[4.914s][info][gc,phases,start] GC(106) Compaction Phase
[5.041s][info][gc,phases      ] GC(106) Compaction Phase 126.461ms
[5.041s][info][gc,phases,start] GC(106) Post Compact
[5.043s][info][gc,phases      ] GC(106) Post Compact 1.576ms
[5.043s][info][gc,heap        ] GC(106) PSYoungGen: 46624K(70656K)->6558K(70656K) Eden: 0K(6144K)->0K(6144K) From: 46624K(64512K)->6558K(64512K)
[5.043s][info][gc,heap        ] GC(106) ParOldGen: 717730K(740864K)->740783K(823296K)
[5.043s][info][gc,metaspace   ] GC(106) Metaspace: 6301K(6464K)->6301K(6464K) NonClass: 5768K(5824K)->5768K(5824K) Class: 533K(640K)->533K(640K)
[5.043s][info][gc             ] GC(106) Pause Full (Ergonomics) 746M->729M(873M) 296.328ms
[5.043s][info][gc,cpu         ] GC(106) User=1.80s Sys=0.00s Real=0.30s
[5.051s][info][gc,start       ] GC(107) Pause Young (Allocation Failure)
[5.090s][info][gc,heap        ] GC(107) PSYoungGen: 12702K(70656K)->12128K(74240K) Eden: 6144K(6144K)->0K(7168K) From: 6558K(64512K)->12128K(67072K)
[5.090s][info][gc,heap        ] GC(107) ParOldGen: 740783K(823296K)->741567K(823296K)
[5.090s][info][gc,metaspace   ] GC(107) Metaspace: 6301K(6464K)->6301K(6464K) NonClass: 5768K(5824K)->5768K(5824K) Class: 533K(640K)->533K(640K)
[5.090s][info][gc             ] GC(107) Pause Young (Allocation Failure) 735M->736M(876M) 39.194ms
[5.091s][info][gc,cpu         ] GC(107) User=0.20s Sys=0.00s Real=0.04s
[5.098s][info][gc,start       ] GC(108) Pause Young (Allocation Failure)
[5.114s][info][gc,heap        ] GC(108) PSYoungGen: 19296K(74240K)->19232K(26624K) Eden: 7168K(7168K)->0K(7168K) From: 12128K(67072K)->19232K(19456K)
[5.114s][info][gc,heap        ] GC(108) ParOldGen: 741567K(823296K)->741567K(823296K)
[5.114s][info][gc,metaspace   ] GC(108) Metaspace: 6301K(6464K)->6301K(6464K) NonClass: 5768K(5824K)->5768K(5824K) Class: 533K(640K)->533K(640K)
[5.114s][info][gc             ] GC(108) Pause Young (Allocation Failure) 743M->742M(830M) 15.453ms
[5.114s][info][gc,cpu         ] GC(108) User=0.02s Sys=0.00s Real=0.02s
[5.122s][info][gc,start       ] GC(109) Pause Young (Allocation Failure)
[5.140s][info][gc,heap        ] GC(109) PSYoungGen: 26400K(26624K)->25632K(67584K) Eden: 7168K(7168K)->0K(8192K) From: 19232K(19456K)->25632K(59392K)
[5.140s][info][gc,heap        ] GC(109) ParOldGen: 741567K(823296K)->742359K(823296K)
[5.140s][info][gc,metaspace   ] GC(109) Metaspace: 6301K(6464K)->6301K(6464K) NonClass: 5768K(5824K)->5768K(5824K) Class: 533K(640K)->533K(640K)
[5.140s][info][gc             ] GC(109) Pause Young (Allocation Failure) 749M->749M(870M) 17.930ms
[5.140s][info][gc,cpu         ] GC(109) User=0.03s Sys=0.00s Real=0.02s
[5.149s][info][gc,start       ] GC(110) Pause Young (Allocation Failure)
[5.171s][info][gc,heap        ] GC(110) PSYoungGen: 33824K(67584K)->31872K(40448K) Eden: 8192K(8192K)->0K(8192K) From: 25632K(59392K)->31872K(32256K)
[5.171s][info][gc,heap        ] GC(110) ParOldGen: 742359K(823296K)->744383K(823296K)
[5.171s][info][gc,metaspace   ] GC(110) Metaspace: 6301K(6464K)->6301K(6464K) NonClass: 5768K(5824K)->5768K(5824K) Class: 533K(640K)->533K(640K)
[5.171s][info][gc             ] GC(110) Pause Young (Allocation Failure) 757M->758M(843M) 22.423ms
[5.171s][info][gc,cpu         ] GC(110) User=0.00s Sys=0.00s Real=0.02s
[5.180s][info][gc,start       ] GC(111) Pause Young (Allocation Failure)
[5.203s][info][gc,heap        ] GC(111) PSYoungGen: 40064K(40448K)->30784K(65024K) Eden: 8192K(8192K)->0K(9728K) From: 31872K(32256K)->30784K(55296K)
[5.203s][info][gc,heap        ] GC(111) ParOldGen: 744383K(823296K)->753751K(823296K)
[5.203s][info][gc,metaspace   ] GC(111) Metaspace: 6301K(6464K)->6301K(6464K) NonClass: 5768K(5824K)->5768K(5824K) Class: 533K(640K)->533K(640K)
[5.203s][info][gc             ] GC(111) Pause Young (Allocation Failure) 766M->766M(867M) 22.986ms
[5.203s][info][gc,cpu         ] GC(111) User=0.05s Sys=0.00s Real=0.02s
[5.214s][info][gc,start       ] GC(112) Pause Young (Allocation Failure)
[5.236s][info][gc,heap        ] GC(112) PSYoungGen: 40512K(65024K)->26208K(36352K) Eden: 9728K(9728K)->0K(9728K) From: 30784K(55296K)->26208K(26624K)
[5.236s][info][gc,heap        ] GC(112) ParOldGen: 753751K(823296K)->768271K(823296K)
[5.236s][info][gc,metaspace   ] GC(112) Metaspace: 6301K(6464K)->6301K(6464K) NonClass: 5768K(5824K)->5768K(5824K) Class: 533K(640K)->533K(640K)
[5.236s][info][gc             ] GC(112) Pause Young (Allocation Failure) 775M->775M(839M) 22.188ms
[5.236s][info][gc,cpu         ] GC(112) User=0.12s Sys=0.00s Real=0.02s
[5.247s][info][gc,start       ] GC(113) Pause Young (Allocation Failure)
[5.267s][info][gc,heap        ] GC(113) PSYoungGen: 35936K(36352K)->19616K(65536K) Eden: 9728K(9728K)->0K(11264K) From: 26208K(26624K)->19616K(54272K)
[5.267s][info][gc,heap        ] GC(113) ParOldGen: 768271K(823296K)->784863K(823296K)
[5.267s][info][gc,metaspace   ] GC(113) Metaspace: 6301K(6464K)->6301K(6464K) NonClass: 5768K(5824K)->5768K(5824K) Class: 533K(640K)->533K(640K)
[5.267s][info][gc             ] GC(113) Pause Young (Allocation Failure) 785M->785M(868M) 20.545ms
[5.267s][info][gc,cpu         ] GC(113) User=0.08s Sys=0.02s Real=0.02s
[5.279s][info][gc,start       ] GC(114) Pause Young (Allocation Failure)
[5.298s][info][gc,heap        ] GC(114) PSYoungGen: 30880K(65536K)->11392K(66048K) Eden: 11264K(11264K)->0K(11264K) From: 19616K(54272K)->11392K(54784K)
[5.299s][info][gc,heap        ] GC(114) ParOldGen: 784863K(823296K)->804559K(823296K)
[5.299s][info][gc,metaspace   ] GC(114) Metaspace: 6301K(6464K)->6301K(6464K) NonClass: 5768K(5824K)->5768K(5824K) Class: 533K(640K)->533K(640K)
[5.299s][info][gc             ] GC(114) Pause Young (Allocation Failure) 796M->796M(868M) 19.137ms
[5.299s][info][gc,cpu         ] GC(114) User=0.03s Sys=0.00s Real=0.02s
[5.299s][info][gc,start       ] GC(115) Pause Full (Ergonomics)
[5.299s][info][gc,phases,start] GC(115) Marking Phase
[5.479s][info][gc,phases      ] GC(115) Marking Phase 180.327ms
[5.479s][info][gc,phases,start] GC(115) Summary Phase
[5.479s][info][gc,phases      ] GC(115) Summary Phase 0.040ms
[5.479s][info][gc,phases,start] GC(115) Adjust Roots
[5.479s][info][gc,phases      ] GC(115) Adjust Roots 0.221ms
[5.479s][info][gc,phases,start] GC(115) Compaction Phase
[5.556s][info][gc,phases      ] GC(115) Compaction Phase 76.819ms
[5.556s][info][gc,phases,start] GC(115) Post Compact
[5.558s][info][gc,phases      ] GC(115) Post Compact 1.401ms
[5.558s][info][gc,heap        ] GC(115) PSYoungGen: 11392K(66048K)->0K(68096K) Eden: 0K(11264K)->0K(13312K) From: 11392K(54784K)->0K(54784K)
[5.558s][info][gc,heap        ] GC(115) ParOldGen: 804559K(823296K)->814674K(906240K)
[5.558s][info][gc,metaspace   ] GC(115) Metaspace: 6301K(6464K)->6301K(6464K) NonClass: 5768K(5824K)->5768K(5824K) Class: 533K(640K)->533K(640K)
[5.558s][info][gc             ] GC(115) Pause Full (Ergonomics) 796M->795M(951M) 259.435ms
[5.558s][info][gc,cpu         ] GC(115) User=1.88s Sys=0.00s Real=0.26s
[5.572s][info][gc,start       ] GC(116) Pause Young (Allocation Failure)
[5.584s][info][gc,heap        ] GC(116) PSYoungGen: 13312K(68096K)->13408K(68096K) Eden: 13312K(13312K)->0K(13312K) From: 0K(54784K)->13408K(54784K)
[5.584s][info][gc,heap        ] GC(116) ParOldGen: 814674K(906240K)->814674K(906240K)
[5.584s][info][gc,metaspace   ] GC(116) Metaspace: 6301K(6464K)->6301K(6464K) NonClass: 5768K(5824K)->5768K(5824K) Class: 533K(640K)->533K(640K)
[5.584s][info][gc             ] GC(116) Pause Young (Allocation Failure) 808M->808M(951M) 11.991ms
[5.584s][info][gc,cpu         ] GC(116) User=0.02s Sys=0.00s Real=0.01s
[5.598s][info][gc,start       ] GC(117) Pause Young (Allocation Failure)
[5.615s][info][gc,heap        ] GC(117) PSYoungGen: 26720K(68096K)->13440K(67072K) Eden: 13312K(13312K)->0K(14848K) From: 13408K(54784K)->13440K(52224K)
[5.615s][info][gc,heap        ] GC(117) ParOldGen: 814674K(906240K)->828170K(906240K)
[5.615s][info][gc,metaspace   ] GC(117) Metaspace: 6301K(6464K)->6301K(6464K) NonClass: 5768K(5824K)->5768K(5824K) Class: 533K(640K)->533K(640K)
[5.615s][info][gc             ] GC(117) Pause Young (Allocation Failure) 821M->821M(950M) 17.059ms
[5.615s][info][gc,cpu         ] GC(117) User=0.02s Sys=0.00s Real=0.02s
[5.631s][info][gc,start       ] GC(118) Pause Young (Allocation Failure)
[5.650s][info][gc,heap        ] GC(118) PSYoungGen: 28288K(67072K)->14976K(68096K) Eden: 14848K(14848K)->0K(14848K) From: 13440K(52224K)->14976K(53248K)
[5.650s][info][gc,heap        ] GC(118) ParOldGen: 828170K(906240K)->841666K(906240K)
[5.650s][info][gc,metaspace   ] GC(118) Metaspace: 6301K(6464K)->6301K(6464K) NonClass: 5768K(5824K)->5768K(5824K) Class: 533K(640K)->533K(640K)
[5.650s][info][gc             ] GC(118) Pause Young (Allocation Failure) 836M->836M(951M) 18.693ms
[5.650s][info][gc,cpu         ] GC(118) User=0.02s Sys=0.00s Real=0.02s
[5.666s][info][gc,start       ] GC(119) Pause Young (Allocation Failure)
[5.684s][info][gc,heap        ] GC(119) PSYoungGen: 29824K(68096K)->14976K(66048K) Eden: 14848K(14848K)->0K(16896K) From: 14976K(53248K)->14976K(49152K)
[5.684s][info][gc,heap        ] GC(119) ParOldGen: 841666K(906240K)->856714K(906240K)
[5.684s][info][gc,metaspace   ] GC(119) Metaspace: 6301K(6464K)->6301K(6464K) NonClass: 5768K(5824K)->5768K(5824K) Class: 533K(640K)->533K(640K)
[5.684s][info][gc             ] GC(119) Pause Young (Allocation Failure) 851M->851M(949M) 18.762ms
[5.684s][info][gc,cpu         ] GC(119) User=0.03s Sys=0.00s Real=0.02s
[5.704s][info][gc,start       ] GC(120) Pause Young (Allocation Failure)
[5.725s][info][gc,heap        ] GC(120) PSYoungGen: 31872K(66048K)->17024K(67584K) Eden: 16896K(16896K)->0K(16896K) From: 14976K(49152K)->17024K(50688K)
[5.725s][info][gc,heap        ] GC(120) ParOldGen: 856714K(906240K)->871786K(906240K)
[5.725s][info][gc,metaspace   ] GC(120) Metaspace: 6301K(6464K)->6301K(6464K) NonClass: 5768K(5824K)->5768K(5824K) Class: 533K(640K)->533K(640K)
[5.725s][info][gc             ] GC(120) Pause Young (Allocation Failure) 867M->867M(951M) 20.268ms
[5.725s][info][gc,cpu         ] GC(120) User=0.05s Sys=0.00s Real=0.02s
[5.742s][info][gc,start       ] GC(121) Pause Young (Allocation Failure)
[5.762s][info][gc,heap        ] GC(121) PSYoungGen: 33920K(67584K)->16992K(63488K) Eden: 16896K(16896K)->0K(18944K) From: 17024K(50688K)->16992K(44544K)
[5.762s][info][gc,heap        ] GC(121) ParOldGen: 871786K(906240K)->888922K(906240K)
[5.762s][info][gc,metaspace   ] GC(121) Metaspace: 6301K(6464K)->6301K(6464K) NonClass: 5768K(5824K)->5768K(5824K) Class: 533K(640K)->533K(640K)
[5.762s][info][gc             ] GC(121) Pause Young (Allocation Failure) 884M->884M(947M) 19.973ms
[5.762s][info][gc,cpu         ] GC(121) User=0.05s Sys=0.00s Real=0.02s
[5.762s][info][gc,start       ] GC(122) Pause Full (Ergonomics)
[5.762s][info][gc,phases,start] GC(122) Marking Phase
[5.966s][info][gc,phases      ] GC(122) Marking Phase 203.407ms
[5.966s][info][gc,phases,start] GC(122) Summary Phase
[5.966s][info][gc,phases      ] GC(122) Summary Phase 0.033ms
[5.966s][info][gc,phases,start] GC(122) Adjust Roots
[5.966s][info][gc,phases      ] GC(122) Adjust Roots 0.199ms
[5.966s][info][gc,phases,start] GC(122) Compaction Phase
[6.056s][info][gc,phases      ] GC(122) Compaction Phase 90.507ms
[6.056s][info][gc,phases,start] GC(122) Post Compact
[6.058s][info][gc,phases      ] GC(122) Post Compact 1.712ms
[6.059s][info][gc,heap        ] GC(122) PSYoungGen: 16992K(63488K)->0K(65536K) Eden: 0K(18944K)->0K(18944K) From: 16992K(44544K)->0K(46592K)
[6.059s][info][gc,heap        ] GC(122) ParOldGen: 888922K(906240K)->904593K(1003520K)
[6.059s][info][gc,metaspace   ] GC(122) Metaspace: 6301K(6464K)->6301K(6464K) NonClass: 5768K(5824K)->5768K(5824K) Class: 533K(640K)->533K(640K)
[6.059s][info][gc             ] GC(122) Pause Full (Ergonomics) 884M->883M(1044M) 296.661ms
[6.059s][info][gc,cpu         ] GC(122) User=2.09s Sys=0.00s Real=0.30s
[6.081s][info][gc,start       ] GC(123) Pause Young (Allocation Failure)
[6.099s][info][gc,heap        ] GC(123) PSYoungGen: 18944K(65536K)->19072K(62976K) Eden: 18944K(18944K)->0K(20992K) From: 0K(46592K)->19072K(41984K)
[6.099s][info][gc,heap        ] GC(123) ParOldGen: 904593K(1003520K)->904593K(1003520K)
[6.099s][info][gc,metaspace   ] GC(123) Metaspace: 6301K(6464K)->6301K(6464K) NonClass: 5768K(5824K)->5768K(5824K) Class: 533K(640K)->533K(640K)
[6.099s][info][gc             ] GC(123) Pause Young (Allocation Failure) 901M->902M(1041M) 18.123ms
[6.099s][info][gc,cpu         ] GC(123) User=0.06s Sys=0.00s Real=0.02s
[6.126s][info][gc,start       ] GC(124) Pause Young (Allocation Failure)
[6.149s][info][gc,heap        ] GC(124) PSYoungGen: 40064K(62976K)->40096K(65536K) Eden: 20992K(20992K)->0K(20992K) From: 19072K(41984K)->40096K(44544K)
[6.149s][info][gc,heap        ] GC(124) ParOldGen: 904593K(1003520K)->904593K(1003520K)
[6.149s][info][gc,metaspace   ] GC(124) Metaspace: 6301K(6464K)->6301K(6464K) NonClass: 5768K(5824K)->5768K(5824K) Class: 533K(640K)->533K(640K)
[6.149s][info][gc             ] GC(124) Pause Young (Allocation Failure) 922M->922M(1044M) 23.086ms
[6.149s][info][gc,cpu         ] GC(124) User=0.12s Sys=0.00s Real=0.02s
[6.173s][info][gc,start       ] GC(125) Pause Young (Allocation Failure)
[6.213s][info][gc,heap        ] GC(125) PSYoungGen: 61088K(65536K)->49152K(60416K) Eden: 20992K(20992K)->0K(11264K) From: 40096K(44544K)->49152K(49152K)
[6.213s][info][gc,heap        ] GC(125) ParOldGen: 904593K(1003520K)->916545K(1003520K)
[6.213s][info][gc,metaspace   ] GC(125) Metaspace: 6301K(6464K)->6301K(6464K) NonClass: 5768K(5824K)->5768K(5824K) Class: 533K(640K)->533K(640K)
[6.213s][info][gc             ] GC(125) Pause Young (Allocation Failure) 943M->943M(1039M) 39.582ms
[6.213s][info][gc,cpu         ] GC(125) User=0.14s Sys=0.02s Real=0.04s
[6.225s][info][gc,start       ] GC(126) Pause Young (Allocation Failure)
[6.257s][info][gc,heap        ] GC(126) PSYoungGen: 60416K(60416K)->26528K(37888K) Eden: 11264K(11264K)->0K(11264K) From: 49152K(49152K)->26528K(26624K)
[6.257s][info][gc,heap        ] GC(126) ParOldGen: 916545K(1003520K)->950945K(1003520K)
[6.258s][info][gc,metaspace   ] GC(126) Metaspace: 6301K(6464K)->6301K(6464K) NonClass: 5768K(5824K)->5768K(5824K) Class: 533K(640K)->533K(640K)
[6.258s][info][gc             ] GC(126) Pause Young (Allocation Failure) 954M->954M(1017M) 32.131ms
[6.258s][info][gc,cpu         ] GC(126) User=0.12s Sys=0.02s Real=0.03s
[6.270s][info][gc,start       ] GC(127) Pause Young (Allocation Failure)
[6.291s][info][gc,heap        ] GC(127) PSYoungGen: 37792K(37888K)->22656K(66048K) Eden: 11264K(11264K)->0K(12800K) From: 26528K(26624K)->22656K(53248K)
[6.291s][info][gc,heap        ] GC(127) ParOldGen: 950945K(1003520K)->966385K(1003520K)
[6.291s][info][gc,metaspace   ] GC(127) Metaspace: 6301K(6464K)->6301K(6464K) NonClass: 5768K(5824K)->5768K(5824K) Class: 533K(640K)->533K(640K)
[6.291s][info][gc             ] GC(127) Pause Young (Allocation Failure) 965M->965M(1044M) 20.933ms
[6.291s][info][gc,cpu         ] GC(127) User=0.11s Sys=0.00s Real=0.02s
[6.305s][info][gc,start       ] GC(128) Pause Young (Allocation Failure)
[6.324s][info][gc,heap        ] GC(128) PSYoungGen: 35456K(66048K)->24224K(37376K) Eden: 12800K(12800K)->0K(12800K) From: 22656K(53248K)->24224K(24576K)
[6.324s][info][gc,heap        ] GC(128) ParOldGen: 966385K(1003520K)->977793K(1003520K)
[6.324s][info][gc,metaspace   ] GC(128) Metaspace: 6301K(6464K)->6301K(6464K) NonClass: 5768K(5824K)->5768K(5824K) Class: 533K(640K)->533K(640K)
[6.324s][info][gc             ] GC(128) Pause Young (Allocation Failure) 978M->978M(1016M) 19.485ms
[6.324s][info][gc,cpu         ] GC(128) User=0.11s Sys=0.02s Real=0.02s
[6.325s][info][gc,start       ] GC(129) Pause Full (Ergonomics)
[6.325s][info][gc,phases,start] GC(129) Marking Phase
[6.554s][info][gc,phases      ] GC(129) Marking Phase 229.488ms
[6.554s][info][gc,phases,start] GC(129) Summary Phase
[6.554s][info][gc,phases      ] GC(129) Summary Phase 0.045ms
[6.554s][info][gc,phases,start] GC(129) Adjust Roots
[6.554s][info][gc,phases      ] GC(129) Adjust Roots 0.200ms
[6.554s][info][gc,phases,start] GC(129) Compaction Phase
[6.644s][info][gc,phases      ] GC(129) Compaction Phase 89.192ms
[6.644s][info][gc,phases,start] GC(129) Post Compact
[6.646s][info][gc,phases      ] GC(129) Post Compact 1.874ms
[6.646s][info][gc,heap        ] GC(129) PSYoungGen: 24224K(37376K)->0K(67072K) Eden: 0K(12800K)->0K(14336K) From: 24224K(24576K)->0K(52736K)
[6.646s][info][gc,heap        ] GC(129) ParOldGen: 977793K(1003520K)->1000661K(1109504K)
[6.646s][info][gc,metaspace   ] GC(129) Metaspace: 6301K(6464K)->6301K(6464K) NonClass: 5768K(5824K)->5768K(5824K) Class: 533K(640K)->533K(640K)
[6.646s][info][gc             ] GC(129) Pause Full (Ergonomics) 978M->977M(1149M) 321.574ms
[6.646s][info][gc,cpu         ] GC(129) User=2.38s Sys=0.00s Real=0.32s
[6.664s][info][gc,start       ] GC(130) Pause Young (Allocation Failure)
[6.677s][info][gc,heap        ] GC(130) PSYoungGen: 14336K(67072K)->14464K(67072K) Eden: 14336K(14336K)->0K(14336K) From: 0K(52736K)->14464K(52736K)
[6.677s][info][gc,heap        ] GC(130) ParOldGen: 1000661K(1109504K)->1000661K(1109504K)
[6.677s][info][gc,metaspace   ] GC(130) Metaspace: 6301K(6464K)->6301K(6464K) NonClass: 5768K(5824K)->5768K(5824K) Class: 533K(640K)->533K(640K)
[6.677s][info][gc             ] GC(130) Pause Young (Allocation Failure) 991M->991M(1149M) 13.156ms
[6.677s][info][gc,cpu         ] GC(130) User=0.02s Sys=0.00s Real=0.01s
[6.693s][info][gc,start       ] GC(131) Pause Young (Allocation Failure)
[6.712s][info][gc,heap        ] GC(131) PSYoungGen: 28800K(67072K)->28832K(65024K) Eden: 14336K(14336K)->0K(15872K) From: 14464K(52736K)->28832K(49152K)
[6.712s][info][gc,heap        ] GC(131) ParOldGen: 1000661K(1109504K)->1000661K(1109504K)
[6.712s][info][gc,metaspace   ] GC(131) Metaspace: 6301K(6464K)->6301K(6464K) NonClass: 5768K(5824K)->5768K(5824K) Class: 533K(640K)->533K(640K)
[6.712s][info][gc             ] GC(131) Pause Young (Allocation Failure) 1005M->1005M(1147M) 18.909ms
[6.712s][info][gc,cpu         ] GC(131) User=0.02s Sys=0.00s Real=0.02s
[6.729s][info][gc,start       ] GC(132) Pause Young (Allocation Failure)
[6.754s][info][gc,heap        ] GC(132) PSYoungGen: 44704K(65024K)->44672K(66560K) Eden: 15872K(15872K)->0K(15872K) From: 28832K(49152K)->44672K(50688K)
[6.754s][info][gc,heap        ] GC(132) ParOldGen: 1000661K(1109504K)->1000661K(1109504K)
[6.754s][info][gc,metaspace   ] GC(132) Metaspace: 6301K(6464K)->6301K(6464K) NonClass: 5768K(5824K)->5768K(5824K) Class: 533K(640K)->533K(640K)
[6.754s][info][gc             ] GC(132) Pause Young (Allocation Failure) 1020M->1020M(1148M) 24.895ms
[6.754s][info][gc,cpu         ] GC(132) User=0.14s Sys=0.00s Real=0.03s
[6.773s][info][gc,start       ] GC(133) Pause Young (Allocation Failure)
[6.808s][info][gc,heap        ] GC(133) PSYoungGen: 60544K(66560K)->55296K(63488K) Eden: 15872K(15872K)->0K(8192K) From: 44672K(50688K)->55296K(55296K)
[6.808s][info][gc,heap        ] GC(133) ParOldGen: 1000661K(1109504K)->1005877K(1109504K)
[6.808s][info][gc,metaspace   ] GC(133) Metaspace: 6301K(6464K)->6301K(6464K) NonClass: 5768K(5824K)->5768K(5824K) Class: 533K(640K)->533K(640K)
[6.808s][info][gc             ] GC(133) Pause Young (Allocation Failure) 1036M->1036M(1145M) 35.272ms
[6.808s][info][gc,cpu         ] GC(133) User=0.17s Sys=0.02s Real=0.03s
[6.817s][info][gc,start       ] GC(134) Pause Young (Allocation Failure)
[6.854s][info][gc,heap        ] GC(134) PSYoungGen: 63488K(63488K)->37440K(73216K) Eden: 8192K(8192K)->0K(8192K) From: 55296K(55296K)->37440K(65024K)
[6.854s][info][gc,heap        ] GC(134) ParOldGen: 1005877K(1109504K)->1032437K(1109504K)
[6.854s][info][gc,metaspace   ] GC(134) Metaspace: 6301K(6464K)->6301K(6464K) NonClass: 5768K(5824K)->5768K(5824K) Class: 533K(640K)->533K(640K)
[6.854s][info][gc             ] GC(134) Pause Young (Allocation Failure) 1044M->1044M(1155M) 36.681ms
[6.854s][info][gc,cpu         ] GC(134) User=0.16s Sys=0.02s Real=0.04s
[6.864s][info][gc,start       ] GC(135) Pause Young (Allocation Failure)
[6.890s][info][gc,heap        ] GC(135) PSYoungGen: 45632K(73216K)->16480K(72704K) Eden: 8192K(8192K)->0K(9728K) From: 37440K(65024K)->16480K(62976K)
[6.890s][info][gc,heap        ] GC(135) ParOldGen: 1032437K(1109504K)->1061941K(1109504K)
[6.890s][info][gc,metaspace   ] GC(135) Metaspace: 6301K(6464K)->6301K(6464K) NonClass: 5768K(5824K)->5768K(5824K) Class: 533K(640K)->533K(640K)
[6.890s][info][gc             ] GC(135) Pause Young (Allocation Failure) 1052M->1053M(1154M) 26.536ms
[6.890s][info][gc,cpu         ] GC(135) User=0.11s Sys=0.00s Real=0.03s
[6.901s][info][gc,start       ] GC(136) Pause Young (Allocation Failure)
[6.918s][info][gc,heap        ] GC(136) PSYoungGen: 26208K(72704K)->9888K(73216K) Eden: 9728K(9728K)->0K(9728K) From: 16480K(62976K)->9888K(63488K)
[6.918s][info][gc,heap        ] GC(136) ParOldGen: 1061941K(1109504K)->1078525K(1109504K)
[6.918s][info][gc,metaspace   ] GC(136) Metaspace: 6301K(6464K)->6301K(6464K) NonClass: 5768K(5824K)->5768K(5824K) Class: 533K(640K)->533K(640K)
[6.918s][info][gc             ] GC(136) Pause Young (Allocation Failure) 1062M->1062M(1155M) 16.914ms
[6.918s][info][gc,cpu         ] GC(136) User=0.02s Sys=0.02s Real=0.02s
[6.918s][info][gc,start       ] GC(137) Pause Full (Ergonomics)
[6.918s][info][gc,phases,start] GC(137) Marking Phase
[7.164s][info][gc,phases      ] GC(137) Marking Phase 246.356ms
[7.164s][info][gc,phases,start] GC(137) Summary Phase
[7.164s][info][gc,phases      ] GC(137) Summary Phase 0.032ms
[7.164s][info][gc,phases,start] GC(137) Adjust Roots
[7.165s][info][gc,phases      ] GC(137) Adjust Roots 0.158ms
[7.165s][info][gc,phases,start] GC(137) Compaction Phase
[7.257s][info][gc,phases      ] GC(137) Compaction Phase 92.487ms
[7.257s][info][gc,phases,start] GC(137) Post Compact
[7.259s][info][gc,phases      ] GC(137) Post Compact 1.898ms
[7.260s][info][gc,heap        ] GC(137) PSYoungGen: 9888K(73216K)->0K(74752K) Eden: 0K(9728K)->0K(11264K) From: 9888K(63488K)->0K(63488K)
[7.260s][info][gc,heap        ] GC(137) ParOldGen: 1078525K(1109504K)->1086973K(1209344K)
[7.260s][info][gc,metaspace   ] GC(137) Metaspace: 6301K(6464K)->6301K(6464K) NonClass: 5768K(5824K)->5768K(5824K) Class: 533K(640K)->533K(640K)
[7.260s][info][gc             ] GC(137) Pause Full (Ergonomics) 1062M->1061M(1254M) 341.744ms
[7.260s][info][gc,cpu         ] GC(137) User=2.52s Sys=0.00s Real=0.34s
[7.274s][info][gc,start       ] GC(138) Pause Young (Allocation Failure)
[7.288s][info][gc,heap        ] GC(138) PSYoungGen: 11264K(74752K)->11360K(74752K) Eden: 11264K(11264K)->0K(11264K) From: 0K(63488K)->11360K(63488K)
[7.288s][info][gc,heap        ] GC(138) ParOldGen: 1086973K(1209344K)->1086973K(1209344K)
[7.288s][info][gc,metaspace   ] GC(138) Metaspace: 6301K(6464K)->6301K(6464K) NonClass: 5768K(5824K)->5768K(5824K) Class: 533K(640K)->533K(640K)
[7.288s][info][gc             ] GC(138) Pause Young (Allocation Failure) 1072M->1072M(1254M) 14.627ms
[7.288s][info][gc,cpu         ] GC(138) User=0.00s Sys=0.00s Real=0.01s
[7.301s][info][gc,start       ] GC(139) Pause Young (Allocation Failure)
[7.317s][info][gc,heap        ] GC(139) PSYoungGen: 22624K(74752K)->22656K(69120K) Eden: 11264K(11264K)->0K(12800K) From: 11360K(63488K)->22656K(56320K)
[7.317s][info][gc,heap        ] GC(139) ParOldGen: 1086973K(1209344K)->1086973K(1209344K)
[7.317s][info][gc,metaspace   ] GC(139) Metaspace: 6301K(6464K)->6301K(6464K) NonClass: 5768K(5824K)->5768K(5824K) Class: 533K(640K)->533K(640K)
[7.317s][info][gc             ] GC(139) Pause Young (Allocation Failure) 1083M->1083M(1248M) 16.339ms
[7.317s][info][gc,cpu         ] GC(139) User=0.02s Sys=0.00s Real=0.02s
[7.331s][info][gc,start       ] GC(140) Pause Young (Allocation Failure)
[7.351s][info][gc,heap        ] GC(140) PSYoungGen: 35456K(69120K)->24160K(37376K) Eden: 12800K(12800K)->0K(12800K) From: 22656K(56320K)->24160K(24576K)
[7.352s][info][gc,heap        ] GC(140) ParOldGen: 1086973K(1209344K)->1098405K(1209344K)
[7.352s][info][gc,metaspace   ] GC(140) Metaspace: 6301K(6464K)->6301K(6464K) NonClass: 5768K(5824K)->5768K(5824K) Class: 533K(640K)->533K(640K)
[7.352s][info][gc             ] GC(140) Pause Young (Allocation Failure) 1096M->1096M(1217M) 20.241ms
[7.352s][info][gc,cpu         ] GC(140) User=0.12s Sys=0.00s Real=0.02s
[7.365s][info][gc,start       ] GC(141) Pause Young (Allocation Failure)
[7.386s][info][gc,heap        ] GC(141) PSYoungGen: 36960K(37376K)->25728K(65536K) Eden: 12800K(12800K)->0K(14336K) From: 24160K(24576K)->25728K(51200K)
[7.386s][info][gc,heap        ] GC(141) ParOldGen: 1098405K(1209344K)->1109829K(1209344K)
[7.386s][info][gc,metaspace   ] GC(141) Metaspace: 6301K(6464K)->6301K(6464K) NonClass: 5768K(5824K)->5768K(5824K) Class: 533K(640K)->533K(640K)
[7.386s][info][gc             ] GC(141) Pause Young (Allocation Failure) 1108M->1108M(1245M) 20.896ms
[7.386s][info][gc,cpu         ] GC(141) User=0.12s Sys=0.00s Real=0.02s
[7.402s][info][gc,start       ] GC(142) Pause Young (Allocation Failure)
[7.423s][info][gc,heap        ] GC(142) PSYoungGen: 40064K(65536K)->27232K(41984K) Eden: 14336K(14336K)->0K(14336K) From: 25728K(51200K)->27232K(27648K)
[7.423s][info][gc,heap        ] GC(142) ParOldGen: 1109829K(1209344K)->1122805K(1209344K)
[7.423s][info][gc,metaspace   ] GC(142) Metaspace: 6301K(6464K)->6301K(6464K) NonClass: 5768K(5824K)->5768K(5824K) Class: 533K(640K)->533K(640K)
[7.423s][info][gc             ] GC(142) Pause Young (Allocation Failure) 1122M->1123M(1222M) 21.456ms
[7.423s][info][gc,cpu         ] GC(142) User=0.11s Sys=0.02s Real=0.02s
[7.440s][info][gc,start       ] GC(143) Pause Young (Allocation Failure)
[7.463s][info][gc,heap        ] GC(143) PSYoungGen: 41568K(41984K)->28768K(64512K) Eden: 14336K(14336K)->0K(16384K) From: 27232K(27648K)->28768K(48128K)
[7.463s][info][gc,heap        ] GC(143) ParOldGen: 1122805K(1209344K)->1135781K(1209344K)
[7.463s][info][gc,metaspace   ] GC(143) Metaspace: 6301K(6464K)->6301K(6464K) NonClass: 5768K(5824K)->5768K(5824K) Class: 533K(640K)->533K(640K)
[7.463s][info][gc             ] GC(143) Pause Young (Allocation Failure) 1137M->1137M(1244M) 23.413ms
[7.463s][info][gc,cpu         ] GC(143) User=0.12s Sys=0.00s Real=0.02s
[7.482s][info][gc,start       ] GC(144) Pause Young (Allocation Failure)
[7.507s][info][gc,heap        ] GC(144) PSYoungGen: 45152K(64512K)->30848K(66048K) Eden: 16384K(16384K)->0K(16384K) From: 28768K(48128K)->30848K(49664K)
[7.507s][info][gc,heap        ] GC(144) ParOldGen: 1135781K(1209344K)->1150309K(1209344K)
[7.507s][info][gc,metaspace   ] GC(144) Metaspace: 6301K(6464K)->6301K(6464K) NonClass: 5768K(5824K)->5768K(5824K) Class: 533K(640K)->533K(640K)
[7.507s][info][gc             ] GC(144) Pause Young (Allocation Failure) 1153M->1153M(1245M) 24.926ms
[7.507s][info][gc,cpu         ] GC(144) User=0.14s Sys=0.00s Real=0.03s
[7.526s][info][gc,start       ] GC(145) Pause Young (Allocation Failure)
[7.552s][info][gc,heap        ] GC(145) PSYoungGen: 47232K(66048K)->32960K(67584K) Eden: 16384K(16384K)->0K(18432K) From: 30848K(49664K)->32960K(49152K)
[7.552s][info][gc,heap        ] GC(145) ParOldGen: 1150309K(1209344K)->1164845K(1209344K)
[7.552s][info][gc,metaspace   ] GC(145) Metaspace: 6301K(6464K)->6301K(6464K) NonClass: 5768K(5824K)->5768K(5824K) Class: 533K(640K)->533K(640K)
[7.552s][info][gc             ] GC(145) Pause Young (Allocation Failure) 1169M->1169M(1247M) 26.530ms
[7.553s][info][gc,cpu         ] GC(145) User=0.14s Sys=0.00s Real=0.03s
[7.575s][info][gc,start       ] GC(146) Pause Young (Allocation Failure)
[7.604s][info][gc,heap        ] GC(146) PSYoungGen: 51392K(67584K)->34912K(67584K) Eden: 18432K(18432K)->0K(18432K) From: 32960K(49152K)->34912K(49152K)
[7.604s][info][gc,heap        ] GC(146) ParOldGen: 1164845K(1209344K)->1181453K(1209344K)
[7.604s][info][gc,metaspace   ] GC(146) Metaspace: 6301K(6464K)->6301K(6464K) NonClass: 5768K(5824K)->5768K(5824K) Class: 533K(640K)->533K(640K)
[7.604s][info][gc             ] GC(146) Pause Young (Allocation Failure) 1187M->1187M(1247M) 28.466ms
[7.604s][info][gc,cpu         ] GC(146) User=0.14s Sys=0.00s Real=0.03s
[7.626s][info][gc,start       ] GC(147) Pause Young (Allocation Failure)
[7.656s][info][gc,heap        ] GC(147) PSYoungGen: 53344K(67584K)->37056K(70144K) Eden: 18432K(18432K)->0K(19968K) From: 34912K(49152K)->37056K(50176K)
[7.656s][info][gc,heap        ] GC(147) ParOldGen: 1181453K(1209344K)->1198061K(1209344K)
[7.656s][info][gc,metaspace   ] GC(147) Metaspace: 6301K(6464K)->6301K(6464K) NonClass: 5768K(5824K)->5768K(5824K) Class: 533K(640K)->533K(640K)
[7.656s][info][gc             ] GC(147) Pause Young (Allocation Failure) 1205M->1206M(1249M) 29.733ms
[7.656s][info][gc,cpu         ] GC(147) User=0.23s Sys=0.00s Real=0.03s
[7.656s][info][gc,start       ] GC(148) Pause Full (Ergonomics)
[7.656s][info][gc,phases,start] GC(148) Marking Phase
[7.941s][info][gc,phases      ] GC(148) Marking Phase 284.934ms
[7.941s][info][gc,phases,start] GC(148) Summary Phase
[7.941s][info][gc,phases      ] GC(148) Summary Phase 0.031ms
[7.941s][info][gc,phases,start] GC(148) Adjust Roots
[7.941s][info][gc,phases      ] GC(148) Adjust Roots 0.193ms
[7.941s][info][gc,phases,start] GC(148) Compaction Phase
[8.049s][info][gc,phases      ] GC(148) Compaction Phase 108.246ms
[8.049s][info][gc,phases,start] GC(148) Post Compact
[8.051s][info][gc,phases      ] GC(148) Post Compact 2.023ms
[8.052s][info][gc,heap        ] GC(148) PSYoungGen: 37056K(70144K)->24029K(70144K) Eden: 0K(19968K)->0K(19968K) From: 37056K(50176K)->24029K(50176K)
[8.052s][info][gc,heap        ] GC(148) ParOldGen: 1198061K(1209344K)->1209065K(1332736K)
[8.052s][info][gc,metaspace   ] GC(148) Metaspace: 6301K(6464K)->6301K(6464K) NonClass: 5768K(5824K)->5768K(5824K) Class: 533K(640K)->533K(640K)
[8.052s][info][gc             ] GC(148) Pause Full (Ergonomics) 1206M->1204M(1370M) 396.180ms
[8.052s][info][gc,cpu         ] GC(148) User=2.98s Sys=0.00s Real=0.40s
[8.076s][info][gc,start       ] GC(149) Pause Young (Allocation Failure)
[8.149s][info][gc,heap        ] GC(149) PSYoungGen: 43997K(70144K)->31808K(71168K) Eden: 19968K(19968K)->0K(19968K) From: 24029K(50176K)->31808K(51200K)
[8.149s][info][gc,heap        ] GC(149) ParOldGen: 1209065K(1332736K)->1221617K(1332736K)
[8.149s][info][gc,metaspace   ] GC(149) Metaspace: 6301K(6464K)->6301K(6464K) NonClass: 5768K(5824K)->5768K(5824K) Class: 533K(640K)->533K(640K)
[8.149s][info][gc             ] GC(149) Pause Young (Allocation Failure) 1223M->1224M(1371M) 72.432ms
[8.149s][info][gc,cpu         ] GC(149) User=0.36s Sys=0.03s Real=0.07s
[8.172s][info][gc,start       ] GC(150) Pause Young (Allocation Failure)
[8.202s][info][gc,heap        ] GC(150) PSYoungGen: 51776K(71168K)->50176K(66048K) Eden: 19968K(19968K)->0K(15872K) From: 31808K(51200K)->50176K(50176K)
[8.202s][info][gc,heap        ] GC(150) ParOldGen: 1221617K(1332736K)->1223161K(1332736K)
[8.202s][info][gc,metaspace   ] GC(150) Metaspace: 6301K(6464K)->6301K(6464K) NonClass: 5768K(5824K)->5768K(5824K) Class: 533K(640K)->533K(640K)
[8.202s][info][gc             ] GC(150) Pause Young (Allocation Failure) 1243M->1243M(1366M) 29.760ms
[8.202s][info][gc,cpu         ] GC(150) User=0.14s Sys=0.00s Real=0.03s
[8.221s][info][gc,start       ] GC(151) Pause Young (Allocation Failure)
[8.256s][info][gc,heap        ] GC(151) PSYoungGen: 66048K(66048K)->35456K(72192K) Eden: 15872K(15872K)->0K(15872K) From: 50176K(50176K)->35456K(56320K)
[8.256s][info][gc,heap        ] GC(151) ParOldGen: 1223161K(1332736K)->1254257K(1332736K)
[8.256s][info][gc,metaspace   ] GC(151) Metaspace: 6301K(6464K)->6301K(6464K) NonClass: 5768K(5824K)->5768K(5824K) Class: 533K(640K)->533K(640K)
[8.256s][info][gc             ] GC(151) Pause Young (Allocation Failure) 1258M->1259M(1372M) 35.101ms
[8.256s][info][gc,cpu         ] GC(151) User=0.16s Sys=0.00s Real=0.04s
[8.276s][info][gc,start       ] GC(152) Pause Young (Allocation Failure)
[8.305s][info][gc,heap        ] GC(152) PSYoungGen: 51328K(72192K)->30208K(69120K) Eden: 15872K(15872K)->0K(17920K) From: 35456K(56320K)->30208K(51200K)
[8.305s][info][gc,heap        ] GC(152) ParOldGen: 1254257K(1332736K)->1273977K(1332736K)
[8.305s][info][gc,metaspace   ] GC(152) Metaspace: 6301K(6464K)->6301K(6464K) NonClass: 5768K(5824K)->5768K(5824K) Class: 533K(640K)->533K(640K)
[8.305s][info][gc             ] GC(152) Pause Young (Allocation Failure) 1274M->1273M(1369M) 28.671ms
[8.305s][info][gc,cpu         ] GC(152) User=0.14s Sys=0.00s Real=0.03s
[8.319s][info][gc,start       ] GC(153) Pause Young (Allocation Failure)
[8.343s][info][gc,heap        ] GC(153) PSYoungGen: 48128K(69120K)->23648K(71168K) Eden: 17920K(17920K)->0K(17920K) From: 30208K(51200K)->23648K(53248K)
[8.343s][info][gc,heap        ] GC(153) ParOldGen: 1273977K(1332736K)->1290073K(1332736K)
[8.343s][info][gc,metaspace   ] GC(153) Metaspace: 6301K(6464K)->6301K(6464K) NonClass: 5768K(5824K)->5768K(5824K) Class: 533K(640K)->533K(640K)
[8.343s][info][gc             ] GC(153) Pause Young (Allocation Failure) 1291M->1282M(1371M) 24.020ms
[8.343s][info][gc,cpu         ] GC(153) User=0.09s Sys=0.00s Real=0.02s
[8.358s][info][gc,start       ] GC(154) Pause Young (Allocation Failure)
[8.380s][info][gc,heap        ] GC(154) PSYoungGen: 41568K(71168K)->19296K(71680K) Eden: 17920K(17920K)->0K(19968K) From: 23648K(53248K)->19296K(51712K)
[8.380s][info][gc,heap        ] GC(154) ParOldGen: 1290073K(1332736K)->1304473K(1332736K)
[8.380s][info][gc,metaspace   ] GC(154) Metaspace: 6301K(6464K)->6301K(6464K) NonClass: 5768K(5824K)->5768K(5824K) Class: 533K(640K)->533K(640K)
[8.380s][info][gc             ] GC(154) Pause Young (Allocation Failure) 1300M->1292M(1371M) 21.812ms
[8.380s][info][gc,cpu         ] GC(154) User=0.11s Sys=0.03s Real=0.02s
[8.380s][info][gc,start       ] GC(155) Pause Full (Ergonomics)
[8.380s][info][gc,phases,start] GC(155) Marking Phase
[8.682s][info][gc,phases      ] GC(155) Marking Phase 301.907ms
[8.682s][info][gc,phases,start] GC(155) Summary Phase
[8.682s][info][gc,phases      ] GC(155) Summary Phase 0.053ms
[8.682s][info][gc,phases,start] GC(155) Adjust Roots
[8.683s][info][gc,phases      ] GC(155) Adjust Roots 0.284ms
[8.683s][info][gc,phases,start] GC(155) Compaction Phase
[8.789s][info][gc,phases      ] GC(155) Compaction Phase 106.765ms
[8.790s][info][gc,phases,start] GC(155) Post Compact
[8.792s][info][gc,phases      ] GC(155) Post Compact 2.087ms
[8.792s][info][gc,heap        ] GC(155) PSYoungGen: 19296K(71680K)->0K(72192K) Eden: 0K(19968K)->0K(19968K) From: 19296K(51712K)->0K(52224K)
[8.792s][info][gc,heap        ] GC(155) ParOldGen: 1304473K(1332736K)->1322122K(1459200K)
[8.792s][info][gc,metaspace   ] GC(155) Metaspace: 6301K(6464K)->6301K(6464K) NonClass: 5768K(5824K)->5768K(5824K) Class: 533K(640K)->533K(640K)
[8.792s][info][gc             ] GC(155) Pause Full (Ergonomics) 1292M->1291M(1495M) 412.009ms
[8.792s][info][gc,cpu         ] GC(155) User=2.92s Sys=0.00s Real=0.41s
[8.820s][info][gc,start       ] GC(156) Pause Young (Allocation Failure)
[8.837s][info][gc,heap        ] GC(156) PSYoungGen: 19968K(72192K)->20096K(72704K) Eden: 19968K(19968K)->0K(22016K) From: 0K(52224K)->20096K(50688K)
[8.837s][info][gc,heap        ] GC(156) ParOldGen: 1322122K(1459200K)->1322122K(1459200K)
[8.837s][info][gc,metaspace   ] GC(156) Metaspace: 6301K(6464K)->6301K(6464K) NonClass: 5768K(5824K)->5768K(5824K) Class: 533K(640K)->533K(640K)
[8.837s][info][gc             ] GC(156) Pause Young (Allocation Failure) 1310M->1310M(1496M) 16.600ms
[8.837s][info][gc,cpu         ] GC(156) User=0.02s Sys=0.00s Real=0.02s
[8.863s][info][gc,start       ] GC(157) Pause Young (Allocation Failure)
[8.887s][info][gc,heap        ] GC(157) PSYoungGen: 42112K(72704K)->42144K(73728K) Eden: 22016K(22016K)->0K(22016K) From: 20096K(50688K)->42144K(51712K)
[8.887s][info][gc,heap        ] GC(157) ParOldGen: 1322122K(1459200K)->1322122K(1459200K)
[8.887s][info][gc,metaspace   ] GC(157) Metaspace: 6301K(6464K)->6301K(6464K) NonClass: 5768K(5824K)->5768K(5824K) Class: 533K(640K)->533K(640K)
[8.887s][info][gc             ] GC(157) Pause Young (Allocation Failure) 1332M->1332M(1497M) 24.189ms
[8.887s][info][gc,cpu         ] GC(157) User=0.12s Sys=0.00s Real=0.02s
[8.914s][info][gc,start       ] GC(158) Pause Young (Allocation Failure)
[8.949s][info][gc,heap        ] GC(158) PSYoungGen: 64160K(73728K)->54272K(68608K) Eden: 22016K(22016K)->0K(14336K) From: 42144K(51712K)->54272K(54272K)
[8.949s][info][gc,heap        ] GC(158) ParOldGen: 1322122K(1459200K)->1332010K(1459200K)
[8.949s][info][gc,metaspace   ] GC(158) Metaspace: 6301K(6464K)->6301K(6464K) NonClass: 5768K(5824K)->5768K(5824K) Class: 533K(640K)->533K(640K)
[8.949s][info][gc             ] GC(158) Pause Young (Allocation Failure) 1353M->1353M(1492M) 35.097ms
[8.949s][info][gc,cpu         ] GC(158) User=0.16s Sys=0.00s Real=0.03s
[8.968s][info][gc,start       ] GC(159) Pause Young (Allocation Failure)
[9.002s][info][gc,heap        ] GC(159) PSYoungGen: 68608K(68608K)->51040K(78848K) Eden: 14336K(14336K)->0K(14336K) From: 54272K(54272K)->51040K(64512K)
[9.002s][info][gc,heap        ] GC(159) ParOldGen: 1332010K(1459200K)->1349954K(1459200K)
[9.002s][info][gc,metaspace   ] GC(159) Metaspace: 6301K(6464K)->6301K(6464K) NonClass: 5768K(5824K)->5768K(5824K) Class: 533K(640K)->533K(640K)
[9.002s][info][gc             ] GC(159) Pause Young (Allocation Failure) 1367M->1368M(1502M) 34.407ms
[9.002s][info][gc,cpu         ] GC(159) User=0.23s Sys=0.02s Real=0.03s
[9.275s][info][gc,start       ] GC(160) Pause Young (Allocation Failure)
[9.341s][info][gc,heap        ] GC(160) PSYoungGen: 65376K(78848K)->46208K(83968K) Eden: 14336K(14336K)->0K(15872K) From: 51040K(64512K)->46208K(68096K)
[9.341s][info][gc,heap        ] GC(160) ParOldGen: 1415490K(1459200K)->1434890K(1459200K)
[9.341s][info][gc,metaspace   ] GC(160) Metaspace: 6301K(6464K)->6301K(6464K) NonClass: 5768K(5824K)->5768K(5824K) Class: 533K(640K)->533K(640K)
[9.341s][info][gc             ] GC(160) Pause Young (Allocation Failure) 1446M->1446M(1507M) 65.587ms
[9.341s][info][gc,cpu         ] GC(160) User=0.28s Sys=0.00s Real=0.07s
[9.341s][info][gc,start       ] GC(161) Pause Full (Ergonomics)
[9.341s][info][gc,phases,start] GC(161) Marking Phase
[9.659s][info][gc,phases      ] GC(161) Marking Phase 317.918ms
[9.659s][info][gc,phases,start] GC(161) Summary Phase
[9.659s][info][gc,phases      ] GC(161) Summary Phase 0.063ms
[9.659s][info][gc,phases,start] GC(161) Adjust Roots
[9.659s][info][gc,phases      ] GC(161) Adjust Roots 0.237ms
[9.659s][info][gc,phases,start] GC(161) Compaction Phase
[9.889s][info][gc,phases      ] GC(161) Compaction Phase 230.043ms
[9.890s][info][gc,phases,start] GC(161) Post Compact
[9.892s][info][gc,phases      ] GC(161) Post Compact 2.864ms
[9.893s][info][gc,heap        ] GC(161) PSYoungGen: 46208K(83968K)->0K(84480K) Eden: 0K(15872K)->0K(15872K) From: 46208K(68096K)->0K(68608K)
[9.893s][info][gc,heap        ] GC(161) ParOldGen: 1434890K(1459200K)->1447399K(1594368K)
[9.893s][info][gc,metaspace   ] GC(161) Metaspace: 6301K(6464K)->6301K(6464K) NonClass: 5768K(5824K)->5768K(5824K) Class: 533K(640K)->533K(640K)
[9.893s][info][gc             ] GC(161) Pause Full (Ergonomics) 1446M->1413M(1639M) 551.909ms
[9.893s][info][gc,cpu         ] GC(161) User=3.69s Sys=0.00s Real=0.55s
[9.911s][info][gc,start       ] GC(162) Pause Young (Allocation Failure)
[9.935s][info][gc,heap        ] GC(162) PSYoungGen: 15872K(84480K)->16000K(86016K) Eden: 15872K(15872K)->0K(17408K) From: 0K(68608K)->16000K(68608K)
[9.936s][info][gc,heap        ] GC(162) ParOldGen: 1447399K(1594368K)->1447399K(1594368K)
[9.936s][info][gc,metaspace   ] GC(162) Metaspace: 6301K(6464K)->6301K(6464K) NonClass: 5768K(5824K)->5768K(5824K) Class: 533K(640K)->533K(640K)
[9.936s][info][gc             ] GC(162) Pause Young (Allocation Failure) 1428M->1429M(1641M) 24.891ms
[9.936s][info][gc,cpu         ] GC(162) User=0.02s Sys=0.00s Real=0.03s
[9.952s][info][gc,start       ] GC(163) Pause Young (Allocation Failure)
[9.977s][info][gc,heap        ] GC(163) PSYoungGen: 33408K(86016K)->33440K(51200K) Eden: 17408K(17408K)->0K(17408K) From: 16000K(68608K)->33440K(33792K)
[9.977s][info][gc,heap        ] GC(163) ParOldGen: 1447399K(1594368K)->1447399K(1594368K)
[9.977s][info][gc,metaspace   ] GC(163) Metaspace: 6301K(6464K)->6301K(6464K) NonClass: 5768K(5824K)->5768K(5824K) Class: 533K(640K)->533K(640K)
[9.977s][info][gc             ] GC(163) Pause Young (Allocation Failure) 1446M->1446M(1607M) 24.962ms
[9.977s][info][gc,cpu         ] GC(163) User=0.03s Sys=0.00s Real=0.03s
[9.992s][info][gc,start       ] GC(164) Pause Young (Allocation Failure)
[10.023s][info][gc,heap        ] GC(164) PSYoungGen: 50848K(51200K)->50880K(81920K) Eden: 17408K(17408K)->0K(16384K) From: 33440K(33792K)->50880K(65536K)
[10.023s][info][gc,heap        ] GC(164) ParOldGen: 1447399K(1594368K)->1447399K(1594368K)
[10.023s][info][gc,metaspace   ] GC(164) Metaspace: 6301K(6464K)->6301K(6464K) NonClass: 5768K(5824K)->5768K(5824K) Class: 533K(640K)->533K(640K)
[10.023s][info][gc             ] GC(164) Pause Young (Allocation Failure) 1463M->1463M(1637M) 30.224ms
[10.023s][info][gc,cpu         ] GC(164) User=0.05s Sys=0.00s Real=0.03s
[10.038s][info][gc,start       ] GC(165) Pause Young (Allocation Failure)
[10.073s][info][gc,heap        ] GC(165) PSYoungGen: 67264K(81920K)->67232K(84992K) Eden: 16384K(16384K)->0K(16384K) From: 50880K(65536K)->67232K(68608K)
[10.073s][info][gc,heap        ] GC(165) ParOldGen: 1447399K(1594368K)->1447399K(1594368K)
[10.073s][info][gc,metaspace   ] GC(165) Metaspace: 6301K(6464K)->6301K(6464K) NonClass: 5768K(5824K)->5768K(5824K) Class: 533K(640K)->533K(640K)
[10.073s][info][gc             ] GC(165) Pause Young (Allocation Failure) 1479M->1479M(1640M) 35.125ms
[10.073s][info][gc,cpu         ] GC(165) User=0.08s Sys=0.00s Real=0.04s
[10.088s][info][gc,start       ] GC(166) Pause Young (Allocation Failure)
[10.129s][info][gc,heap        ] GC(166) PSYoungGen: 83616K(84992K)->77312K(83456K) Eden: 16384K(16384K)->0K(6144K) From: 67232K(68608K)->77312K(77312K)
[10.129s][info][gc,heap        ] GC(166) ParOldGen: 1447399K(1594368K)->1453671K(1594368K)
[10.129s][info][gc,metaspace   ] GC(166) Metaspace: 6301K(6464K)->6301K(6464K) NonClass: 5768K(5824K)->5768K(5824K) Class: 533K(640K)->533K(640K)
[10.129s][info][gc             ] GC(166) Pause Young (Allocation Failure) 1495M->1495M(1638M) 40.738ms
[10.129s][info][gc,cpu         ] GC(166) User=0.17s Sys=0.09s Real=0.04s
[10.135s][info][gc,start       ] GC(167) Pause Young (Allocation Failure)
[10.174s][info][gc,heap        ] GC(167) PSYoungGen: 83456K(83456K)->83552K(95744K) Eden: 6144K(6144K)->0K(6144K) From: 77312K(77312K)->83552K(89600K)
[10.174s][info][gc,heap        ] GC(167) ParOldGen: 1453671K(1594368K)->1453671K(1594368K)
[10.174s][info][gc,metaspace   ] GC(167) Metaspace: 6301K(6464K)->6301K(6464K) NonClass: 5768K(5824K)->5768K(5824K) Class: 533K(640K)->533K(640K)
[10.174s][info][gc             ] GC(167) Pause Young (Allocation Failure) 1501M->1501M(1650M) 39.197ms
[10.174s][info][gc,cpu         ] GC(167) User=0.14s Sys=0.00s Real=0.04s
[10.181s][info][gc,start       ] GC(168) Pause Young (Allocation Failure)
[10.222s][info][gc,heap        ] GC(168) PSYoungGen: 89696K(95744K)->59424K(107008K) Eden: 6144K(6144K)->0K(7680K) From: 83552K(89600K)->59424K(99328K)
[10.222s][info][gc,heap        ] GC(168) ParOldGen: 1453671K(1594368K)->1484255K(1594368K)
[10.222s][info][gc,metaspace   ] GC(168) Metaspace: 6301K(6464K)->6301K(6464K) NonClass: 5768K(5824K)->5768K(5824K) Class: 533K(640K)->533K(640K)
[10.222s][info][gc             ] GC(168) Pause Young (Allocation Failure) 1507M->1507M(1661M) 41.711ms
[10.222s][info][gc,cpu         ] GC(168) User=0.23s Sys=0.03s Real=0.04s
[10.230s][info][gc,start       ] GC(169) Pause Young (Allocation Failure)
[10.265s][info][gc,heap        ] GC(169) PSYoungGen: 67104K(107008K)->33440K(41472K) Eden: 7680K(7680K)->0K(7680K) From: 59424K(99328K)->33440K(33792K)
[10.265s][info][gc,heap        ] GC(169) ParOldGen: 1484255K(1594368K)->1518335K(1594368K)
[10.265s][info][gc,metaspace   ] GC(169) Metaspace: 6301K(6464K)->6301K(6464K) NonClass: 5768K(5824K)->5768K(5824K) Class: 533K(640K)->533K(640K)
[10.265s][info][gc             ] GC(169) Pause Young (Allocation Failure) 1514M->1515M(1597M) 34.889ms
[10.265s][info][gc,cpu         ] GC(169) User=0.12s Sys=0.02s Real=0.03s
[10.273s][info][gc,start       ] GC(170) Pause Young (Allocation Failure)
[10.300s][info][gc,heap        ] GC(170) PSYoungGen: 41120K(41472K)->21568K(104960K) Eden: 7680K(7680K)->0K(9216K) From: 33440K(33792K)->21568K(95744K)
[10.300s][info][gc,heap        ] GC(170) ParOldGen: 1518335K(1594368K)->1538119K(1594368K)
[10.300s][info][gc,metaspace   ] GC(170) Metaspace: 6301K(6464K)->6301K(6464K) NonClass: 5768K(5824K)->5768K(5824K) Class: 533K(640K)->533K(640K)
[10.300s][info][gc             ] GC(170) Pause Young (Allocation Failure) 1522M->1523M(1659M) 27.425ms
[10.300s][info][gc,cpu         ] GC(170) User=0.03s Sys=0.00s Real=0.03s
[10.310s][info][gc,start       ] GC(171) Pause Young (Allocation Failure)
[10.334s][info][gc,heap        ] GC(171) PSYoungGen: 30784K(104960K)->16960K(105472K) Eden: 9216K(9216K)->0K(9216K) From: 21568K(95744K)->16960K(96256K)
[10.334s][info][gc,heap        ] GC(171) ParOldGen: 1538119K(1594368K)->1552103K(1594368K)
[10.334s][info][gc,metaspace   ] GC(171) Metaspace: 6301K(6464K)->6301K(6464K) NonClass: 5768K(5824K)->5768K(5824K) Class: 533K(640K)->533K(640K)
[10.334s][info][gc             ] GC(171) Pause Young (Allocation Failure) 1532M->1532M(1660M) 24.152ms
[10.334s][info][gc,cpu         ] GC(171) User=0.02s Sys=0.00s Real=0.02s
[10.344s][info][gc,start       ] GC(172) Pause Young (Allocation Failure)
[10.368s][info][gc,heap        ] GC(172) PSYoungGen: 26176K(105472K)->9344K(106496K) Eden: 9216K(9216K)->0K(10752K) From: 16960K(96256K)->9344K(95744K)
[10.368s][info][gc,heap        ] GC(172) ParOldGen: 1552103K(1594368K)->1569199K(1594368K)
[10.368s][info][gc,metaspace   ] GC(172) Metaspace: 6301K(6464K)->6301K(6464K) NonClass: 5768K(5824K)->5768K(5824K) Class: 533K(640K)->533K(640K)
[10.368s][info][gc             ] GC(172) Pause Young (Allocation Failure) 1541M->1541M(1661M) 23.811ms
[10.368s][info][gc,cpu         ] GC(172) User=0.03s Sys=0.02s Real=0.02s
[10.368s][info][gc,start       ] GC(173) Pause Full (Ergonomics)
[10.368s][info][gc,phases,start] GC(173) Marking Phase
[10.730s][info][gc,phases      ] GC(173) Marking Phase 361.786ms
[10.730s][info][gc,phases,start] GC(173) Summary Phase
[10.730s][info][gc,phases      ] GC(173) Summary Phase 0.058ms
[10.730s][info][gc,phases,start] GC(173) Adjust Roots
[10.730s][info][gc,phases      ] GC(173) Adjust Roots 0.285ms
[10.730s][info][gc,phases,start] GC(173) Compaction Phase
[10.893s][info][gc,phases      ] GC(173) Compaction Phase 162.421ms
[10.893s][info][gc,phases,start] GC(173) Post Compact
[10.896s][info][gc,phases      ] GC(173) Post Compact 2.965ms
[10.896s][info][gc,heap        ] GC(173) PSYoungGen: 9344K(106496K)->0K(106496K) Eden: 0K(10752K)->0K(10752K) From: 9344K(95744K)->0K(95744K)
[10.896s][info][gc,heap        ] GC(173) ParOldGen: 1569199K(1594368K)->1576585K(1742336K)
[10.896s][info][gc,metaspace   ] GC(173) Metaspace: 6301K(6464K)->6301K(6464K) NonClass: 5768K(5824K)->5768K(5824K) Class: 533K(640K)->533K(640K)
[10.896s][info][gc             ] GC(173) Pause Full (Ergonomics) 1541M->1539M(1805M) 528.647ms
[10.896s][info][gc,cpu         ] GC(173) User=3.58s Sys=0.03s Real=0.53s
[10.909s][info][gc,start       ] GC(174) Pause Young (Allocation Failure)
[10.931s][info][gc,heap        ] GC(174) PSYoungGen: 10752K(106496K)->10880K(105472K) Eden: 10752K(10752K)->0K(12288K) From: 0K(95744K)->10880K(93184K)
[10.931s][info][gc,heap        ] GC(174) ParOldGen: 1576585K(1742336K)->1576585K(1742336K)
[10.931s][info][gc,metaspace   ] GC(174) Metaspace: 6301K(6464K)->6301K(6464K) NonClass: 5768K(5824K)->5768K(5824K) Class: 533K(640K)->533K(640K)
[10.931s][info][gc             ] GC(174) Pause Young (Allocation Failure) 1550M->1550M(1804M) 22.546ms
[10.931s][info][gc,cpu         ] GC(174) User=0.02s Sys=0.00s Real=0.02s
[10.945s][info][gc,start       ] GC(175) Pause Young (Allocation Failure)
[10.966s][info][gc,heap        ] GC(175) PSYoungGen: 23168K(105472K)->12416K(107008K) Eden: 12288K(12288K)->0K(12288K) From: 10880K(93184K)->12416K(94720K)
[10.966s][info][gc,heap        ] GC(175) ParOldGen: 1576585K(1742336K)->1587481K(1742336K)
[10.966s][info][gc,metaspace   ] GC(175) Metaspace: 6301K(6464K)->6301K(6464K) NonClass: 5768K(5824K)->5768K(5824K) Class: 533K(640K)->533K(640K)
[10.966s][info][gc             ] GC(175) Pause Young (Allocation Failure) 1562M->1562M(1806M) 21.574ms
[10.966s][info][gc,cpu         ] GC(175) User=0.03s Sys=0.00s Real=0.02s
[10.978s][info][gc,start       ] GC(176) Pause Young (Allocation Failure)
[11.000s][info][gc,heap        ] GC(176) PSYoungGen: 24704K(107008K)->12384K(101888K) Eden: 12288K(12288K)->0K(13824K) From: 12416K(94720K)->12384K(88064K)
[11.000s][info][gc,heap        ] GC(176) ParOldGen: 1587481K(1742336K)->1599937K(1742336K)
[11.000s][info][gc,metaspace   ] GC(176) Metaspace: 6301K(6464K)->6301K(6464K) NonClass: 5768K(5824K)->5768K(5824K) Class: 533K(640K)->533K(640K)
[11.000s][info][gc             ] GC(176) Pause Young (Allocation Failure) 1574M->1574M(1801M) 21.961ms
[11.000s][info][gc,cpu         ] GC(176) User=0.00s Sys=0.00s Real=0.02s
[11.013s][info][gc,start       ] GC(177) Pause Young (Allocation Failure)
[11.036s][info][gc,heap        ] GC(177) PSYoungGen: 26208K(101888K)->13952K(28160K) Eden: 13824K(13824K)->0K(13824K) From: 12384K(88064K)->13952K(14336K)
[11.036s][info][gc,heap        ] GC(177) ParOldGen: 1599937K(1742336K)->1612385K(1742336K)
[11.036s][info][gc,metaspace   ] GC(177) Metaspace: 6301K(6464K)->6301K(6464K) NonClass: 5768K(5824K)->5768K(5824K) Class: 533K(640K)->533K(640K)
[11.036s][info][gc             ] GC(177) Pause Young (Allocation Failure) 1588M->1588M(1729M) 22.351ms
[11.036s][info][gc,cpu         ] GC(177) User=0.02s Sys=0.00s Real=0.02s
[11.049s][info][gc,start       ] GC(178) Pause Young (Allocation Failure)
[11.073s][info][gc,heap        ] GC(178) PSYoungGen: 27776K(28160K)->13952K(97280K) Eden: 13824K(13824K)->0K(15872K) From: 13952K(14336K)->13952K(81408K)
[11.073s][info][gc,heap        ] GC(178) ParOldGen: 1612385K(1742336K)->1626393K(1742336K)
[11.073s][info][gc,metaspace   ] GC(178) Metaspace: 6301K(6464K)->6301K(6464K) NonClass: 5768K(5824K)->5768K(5824K) Class: 533K(640K)->533K(640K)
[11.073s][info][gc             ] GC(178) Pause Young (Allocation Failure) 1601M->1601M(1796M) 24.153ms
[11.073s][info][gc,cpu         ] GC(178) User=0.02s Sys=0.00s Real=0.02s
[11.089s][info][gc,start       ] GC(179) Pause Young (Allocation Failure)
[11.113s][info][gc,heap        ] GC(179) PSYoungGen: 29824K(97280K)->16032K(32256K) Eden: 15872K(15872K)->0K(15872K) From: 13952K(81408K)->16032K(16384K)
[11.113s][info][gc,heap        ] GC(179) ParOldGen: 1626393K(1742336K)->1640393K(1742336K)
[11.113s][info][gc,metaspace   ] GC(179) Metaspace: 6301K(6464K)->6301K(6464K) NonClass: 5768K(5824K)->5768K(5824K) Class: 533K(640K)->533K(640K)
[11.113s][info][gc             ] GC(179) Pause Young (Allocation Failure) 1617M->1617M(1733M) 23.992ms
[11.113s][info][gc,cpu         ] GC(179) User=0.05s Sys=0.00s Real=0.02s
[11.128s][info][gc,start       ] GC(180) Pause Young (Allocation Failure)
[11.155s][info][gc,heap        ] GC(180) PSYoungGen: 31904K(32256K)->16032K(92160K) Eden: 15872K(15872K)->0K(18432K) From: 16032K(16384K)->16032K(73728K)
[11.155s][info][gc,heap        ] GC(180) ParOldGen: 1640393K(1742336K)->1656497K(1742336K)
[11.155s][info][gc,metaspace   ] GC(180) Metaspace: 6301K(6464K)->6301K(6464K) NonClass: 5768K(5824K)->5768K(5824K) Class: 533K(640K)->533K(640K)
[11.155s][info][gc             ] GC(180) Pause Young (Allocation Failure) 1633M->1633M(1791M) 26.262ms
[11.155s][info][gc,cpu         ] GC(180) User=0.02s Sys=0.00s Real=0.03s
[11.174s][info][gc,start       ] GC(181) Pause Young (Allocation Failure)
[11.201s][info][gc,heap        ] GC(181) PSYoungGen: 34464K(92160K)->18528K(37376K) Eden: 18432K(18432K)->0K(18432K) From: 16032K(73728K)->18528K(18944K)
[11.201s][info][gc,heap        ] GC(181) ParOldGen: 1656497K(1742336K)->1672593K(1742336K)
[11.201s][info][gc,metaspace   ] GC(181) Metaspace: 6301K(6464K)->6301K(6464K) NonClass: 5768K(5824K)->5768K(5824K) Class: 533K(640K)->533K(640K)
[11.201s][info][gc             ] GC(181) Pause Young (Allocation Failure) 1651M->1651M(1738M) 27.440ms
[11.201s][info][gc,cpu         ] GC(181) User=0.02s Sys=0.00s Real=0.03s
[11.219s][info][gc,start       ] GC(182) Pause Young (Allocation Failure)
[11.246s][info][gc,heap        ] GC(182) PSYoungGen: 36960K(37376K)->18592K(86528K) Eden: 18432K(18432K)->0K(20992K) From: 18528K(18944K)->18592K(65536K)
[11.246s][info][gc,heap        ] GC(182) ParOldGen: 1672593K(1742336K)->1691281K(1742336K)
[11.246s][info][gc,metaspace   ] GC(182) Metaspace: 6301K(6464K)->6301K(6464K) NonClass: 5768K(5824K)->5768K(5824K) Class: 533K(640K)->533K(640K)
[11.246s][info][gc             ] GC(182) Pause Young (Allocation Failure) 1669M->1669M(1786M) 27.140ms
[11.246s][info][gc,cpu         ] GC(182) User=0.03s Sys=0.00s Real=0.03s
[11.267s][info][gc,start       ] GC(183) Pause Young (Allocation Failure)
[11.295s][info][gc,heap        ] GC(183) PSYoungGen: 39584K(86528K)->21088K(42496K) Eden: 20992K(20992K)->0K(20992K) From: 18592K(65536K)->21088K(21504K)
[11.295s][info][gc,heap        ] GC(183) ParOldGen: 1691281K(1742336K)->1709961K(1742336K)
[11.295s][info][gc,metaspace   ] GC(183) Metaspace: 6301K(6464K)->6301K(6464K) NonClass: 5768K(5824K)->5768K(5824K) Class: 533K(640K)->533K(640K)
[11.296s][info][gc             ] GC(183) Pause Young (Allocation Failure) 1690M->1690M(1743M) 28.853ms
[11.296s][info][gc,cpu         ] GC(183) User=0.06s Sys=0.00s Real=0.03s
[11.319s][info][gc,start       ] GC(184) Pause Young (Allocation Failure)
[11.350s][info][gc,heap        ] GC(184) PSYoungGen: 42080K(42496K)->21152K(82944K) Eden: 20992K(20992K)->0K(24064K) From: 21088K(21504K)->21152K(58880K)
[11.350s][info][gc,heap        ] GC(184) ParOldGen: 1709961K(1742336K)->1731241K(1742336K)
[11.350s][info][gc,metaspace   ] GC(184) Metaspace: 6301K(6464K)->6301K(6464K) NonClass: 5768K(5824K)->5768K(5824K) Class: 533K(640K)->533K(640K)
[11.350s][info][gc             ] GC(184) Pause Young (Allocation Failure) 1710M->1711M(1782M) 30.736ms
[11.350s][info][gc,cpu         ] GC(184) User=0.03s Sys=0.00s Real=0.03s
[11.350s][info][gc,start       ] GC(185) Pause Full (Ergonomics)
[11.350s][info][gc,phases,start] GC(185) Marking Phase
[11.743s][info][gc,phases      ] GC(185) Marking Phase 392.876ms
[11.743s][info][gc,phases,start] GC(185) Summary Phase
[11.743s][info][gc,phases      ] GC(185) Summary Phase 0.033ms
[11.743s][info][gc,phases,start] GC(185) Adjust Roots
[11.743s][info][gc,phases      ] GC(185) Adjust Roots 0.302ms
[11.743s][info][gc,phases,start] GC(185) Compaction Phase
[12.231s][info][gc,phases      ] GC(185) Compaction Phase 487.744ms
[12.231s][info][gc,phases,start] GC(185) Post Compact
[12.234s][info][gc,phases      ] GC(185) Post Compact 3.315ms
[12.235s][info][gc,heap        ] GC(185) PSYoungGen: 21152K(82944K)->7676K(86016K) Eden: 0K(24064K)->0K(27136K) From: 21152K(58880K)->7676K(58880K)
[12.235s][info][gc,heap        ] GC(185) ParOldGen: 1731241K(1742336K)->1742143K(1917952K)
[12.235s][info][gc,metaspace   ] GC(185) Metaspace: 6301K(6464K)->6301K(6464K) NonClass: 5768K(5824K)->5768K(5824K) Class: 533K(640K)->533K(640K)
[12.235s][info][gc             ] GC(185) Pause Full (Ergonomics) 1711M->1708M(1957M) 885.281ms
[12.235s][info][gc,cpu         ] GC(185) User=6.00s Sys=0.02s Real=0.88s
[12.267s][info][gc,start       ] GC(186) Pause Young (Allocation Failure)
[12.357s][info][gc,heap        ] GC(186) PSYoungGen: 34812K(86016K)->27296K(89600K) Eden: 27136K(27136K)->0K(27136K) From: 7676K(58880K)->27296K(62464K)
[12.358s][info][gc,heap        ] GC(186) ParOldGen: 1742143K(1917952K)->1749935K(1917952K)
[12.358s][info][gc,metaspace   ] GC(186) Metaspace: 6301K(6464K)->6301K(6464K) NonClass: 5768K(5824K)->5768K(5824K) Class: 533K(640K)->533K(640K)
[12.358s][info][gc             ] GC(186) Pause Young (Allocation Failure) 1735M->1735M(1960M) 90.455ms
[12.358s][info][gc,cpu         ] GC(186) User=0.75s Sys=0.00s Real=0.09s
[12.389s][info][gc,start       ] GC(187) Pause Young (Allocation Failure)
[12.425s][info][gc,heap        ] GC(187) PSYoungGen: 54432K(89600K)->54432K(82432K) Eden: 27136K(27136K)->0K(22528K) From: 27296K(62464K)->54432K(59904K)
[12.425s][info][gc,heap        ] GC(187) ParOldGen: 1749935K(1917952K)->1749935K(1917952K)
[12.425s][info][gc,metaspace   ] GC(187) Metaspace: 6301K(6464K)->6301K(6464K) NonClass: 5768K(5824K)->5768K(5824K) Class: 533K(640K)->533K(640K)
[12.425s][info][gc             ] GC(187) Pause Young (Allocation Failure) 1762M->1762M(1953M) 36.075ms
[12.425s][info][gc,cpu         ] GC(187) User=0.14s Sys=0.00s Real=0.04s
[12.448s][info][gc,start       ] GC(188) Pause Young (Allocation Failure)
[12.489s][info][gc,heap        ] GC(188) PSYoungGen: 76960K(82432K)->67584K(90112K) Eden: 22528K(22528K)->0K(22528K) From: 54432K(59904K)->67584K(67584K)
[12.489s][info][gc,heap        ] GC(188) ParOldGen: 1749935K(1917952K)->1759351K(1917952K)
[12.489s][info][gc,metaspace   ] GC(188) Metaspace: 6301K(6464K)->6301K(6464K) NonClass: 5768K(5824K)->5768K(5824K) Class: 533K(640K)->533K(640K)
[12.489s][info][gc             ] GC(188) Pause Young (Allocation Failure) 1784M->1784M(1961M) 40.955ms
[12.489s][info][gc,cpu         ] GC(188) User=0.27s Sys=0.00s Real=0.04s
[12.512s][info][gc,start       ] GC(189) Pause Young (Allocation Failure)
[12.559s][info][gc,heap        ] GC(189) PSYoungGen: 90112K(90112K)->44256K(105984K) Eden: 22528K(22528K)->0K(25088K) From: 67584K(67584K)->44256K(80896K)
[12.559s][info][gc,heap        ] GC(189) ParOldGen: 1759351K(1917952K)->1805983K(1917952K)
[12.559s][info][gc,metaspace   ] GC(189) Metaspace: 6301K(6464K)->6301K(6464K) NonClass: 5768K(5824K)->5768K(5824K) Class: 533K(640K)->533K(640K)
[12.559s][info][gc             ] GC(189) Pause Young (Allocation Failure) 1806M->1806M(1976M) 46.707ms
[12.559s][info][gc,cpu         ] GC(189) User=0.22s Sys=0.02s Real=0.05s
[12.586s][info][gc,start       ] GC(190) Pause Young (Allocation Failure)
[12.627s][info][gc,heap        ] GC(190) PSYoungGen: 69344K(105984K)->47776K(106496K) Eden: 25088K(25088K)->0K(25088K) From: 44256K(80896K)->47776K(81408K)
[12.627s][info][gc,heap        ] GC(190) ParOldGen: 1805983K(1917952K)->1827815K(1917952K)
[12.627s][info][gc,metaspace   ] GC(190) Metaspace: 6301K(6464K)->6301K(6464K) NonClass: 5768K(5824K)->5768K(5824K) Class: 533K(640K)->533K(640K)
[12.627s][info][gc             ] GC(190) Pause Young (Allocation Failure) 1831M->1831M(1977M) 40.322ms
[12.627s][info][gc,cpu         ] GC(190) User=0.25s Sys=0.00s Real=0.04s
[12.660s][info][gc,start       ] GC(191) Pause Young (Allocation Failure)
[12.708s][info][gc,heap        ] GC(191) PSYoungGen: 72864K(106496K)->50336K(109056K) Eden: 25088K(25088K)->0K(27136K) From: 47776K(81408K)->50336K(81920K)
[12.708s][info][gc,heap        ] GC(191) ParOldGen: 1827815K(1917952K)->1850663K(1917952K)
[12.708s][info][gc,metaspace   ] GC(191) Metaspace: 6301K(6464K)->6301K(6464K) NonClass: 5768K(5824K)->5768K(5824K) Class: 533K(640K)->533K(640K)
[12.708s][info][gc             ] GC(191) Pause Young (Allocation Failure) 1856M->1856M(1979M) 48.634ms
[12.708s][info][gc,cpu         ] GC(191) User=0.16s Sys=0.00s Real=0.05s
[12.738s][info][gc,start       ] GC(192) Pause Young (Allocation Failure)
[12.782s][info][gc,heap        ] GC(192) PSYoungGen: 77472K(109056K)->52384K(110080K) Eden: 27136K(27136K)->0K(27136K) From: 50336K(81920K)->52384K(82944K)
[12.782s][info][gc,heap        ] GC(192) ParOldGen: 1850663K(1917952K)->1876103K(1917952K)
[12.782s][info][gc,metaspace   ] GC(192) Metaspace: 6301K(6464K)->6301K(6464K) NonClass: 5768K(5824K)->5768K(5824K) Class: 533K(640K)->533K(640K)
[12.782s][info][gc             ] GC(192) Pause Young (Allocation Failure) 1882M->1883M(1980M) 44.531ms
[12.782s][info][gc,cpu         ] GC(192) User=0.23s Sys=0.00s Real=0.04s
[12.812s][info][gc,start       ] GC(193) Pause Young (Allocation Failure)
[12.855s][info][gc,heap        ] GC(193) PSYoungGen: 79520K(110080K)->54496K(113664K) Eden: 27136K(27136K)->0K(29184K) From: 52384K(82944K)->54496K(84480K)
[12.855s][info][gc,heap        ] GC(193) ParOldGen: 1876103K(1917952K)->1901543K(1917952K)
[12.855s][info][gc,metaspace   ] GC(193) Metaspace: 6301K(6464K)->6301K(6464K) NonClass: 5768K(5824K)->5768K(5824K) Class: 533K(640K)->533K(640K)
[12.855s][info][gc             ] GC(193) Pause Young (Allocation Failure) 1909M->1910M(1984M) 43.756ms
[12.855s][info][gc,cpu         ] GC(193) User=0.27s Sys=0.00s Real=0.04s
[12.855s][info][gc,start       ] GC(194) Pause Full (Ergonomics)
[12.855s][info][gc,phases,start] GC(194) Marking Phase
[13.302s][info][gc,phases      ] GC(194) Marking Phase 446.638ms
[13.302s][info][gc,phases,start] GC(194) Summary Phase
[13.302s][info][gc,phases      ] GC(194) Summary Phase 0.032ms
[13.302s][info][gc,phases,start] GC(194) Adjust Roots
[13.302s][info][gc,phases      ] GC(194) Adjust Roots 0.162ms
[13.302s][info][gc,phases,start] GC(194) Compaction Phase
[13.496s][info][gc,phases      ] GC(194) Compaction Phase 193.888ms
[13.496s][info][gc,phases,start] GC(194) Post Compact
[13.501s][info][gc,phases      ] GC(194) Post Compact 4.435ms
[13.502s][info][gc,heap        ] GC(194) PSYoungGen: 54496K(113664K)->35814K(113664K) Eden: 0K(29184K)->0K(29184K) From: 54496K(84480K)->35814K(84480K)
[13.502s][info][gc,heap        ] GC(194) ParOldGen: 1901543K(1917952K)->1917538K(2120704K)
[13.502s][info][gc,metaspace   ] GC(194) Metaspace: 6301K(6464K)->6301K(6464K) NonClass: 5768K(5824K)->5768K(5824K) Class: 533K(640K)->533K(640K)
[13.502s][info][gc             ] GC(194) Pause Full (Ergonomics) 1910M->1907M(2182M) 646.508ms
[13.502s][info][gc,cpu         ] GC(194) User=4.42s Sys=0.00s Real=0.65s
[13.537s][info][gc,start       ] GC(195) Pause Young (Allocation Failure)
[13.648s][info][gc,heap        ] GC(195) PSYoungGen: 64998K(113664K)->47616K(115200K) Eden: 29184K(29184K)->0K(29184K) From: 35814K(84480K)->47616K(86016K)
[13.648s][info][gc,heap        ] GC(195) ParOldGen: 1917538K(2120704K)->1935402K(2120704K)
[13.648s][info][gc,metaspace   ] GC(195) Metaspace: 6301K(6464K)->6301K(6464K) NonClass: 5768K(5824K)->5768K(5824K) Class: 533K(640K)->533K(640K)
[13.648s][info][gc             ] GC(195) Pause Young (Allocation Failure) 1936M->1936M(2183M) 110.606ms
[13.648s][info][gc,cpu         ] GC(195) User=0.70s Sys=0.03s Real=0.11s
[13.685s][info][gc,start       ] GC(196) Pause Young (Allocation Failure)
[13.729s][info][gc,heap        ] GC(196) PSYoungGen: 76800K(115200K)->76832K(107008K) Eden: 29184K(29184K)->0K(23040K) From: 47616K(86016K)->76832K(83968K)
[13.729s][info][gc,heap        ] GC(196) ParOldGen: 1935402K(2120704K)->1935402K(2120704K)
[13.729s][info][gc,metaspace   ] GC(196) Metaspace: 6301K(6464K)->6301K(6464K) NonClass: 5768K(5824K)->5768K(5824K) Class: 533K(640K)->533K(640K)
[13.729s][info][gc             ] GC(196) Pause Young (Allocation Failure) 1965M->1965M(2175M) 44.017ms
[13.729s][info][gc,cpu         ] GC(196) User=0.27s Sys=0.00s Real=0.04s
[13.759s][info][gc,start       ] GC(197) Pause Young (Allocation Failure)
[13.811s][info][gc,heap        ] GC(197) PSYoungGen: 99872K(107008K)->93184K(116224K) Eden: 23040K(23040K)->0K(23040K) From: 76832K(83968K)->93184K(93184K)
[13.811s][info][gc,heap        ] GC(197) ParOldGen: 1935402K(2120704K)->1942066K(2120704K)
[13.811s][info][gc,metaspace   ] GC(197) Metaspace: 6301K(6464K)->6301K(6464K) NonClass: 5768K(5824K)->5768K(5824K) Class: 533K(640K)->533K(640K)
[13.811s][info][gc             ] GC(197) Pause Young (Allocation Failure) 1987M->1987M(2184M) 52.390ms
[13.811s][info][gc,cpu         ] GC(197) User=0.28s Sys=0.00s Real=0.05s
[13.835s][info][gc,start       ] GC(198) Pause Young (Allocation Failure)
[13.894s][info][gc,heap        ] GC(198) PSYoungGen: 116224K(116224K)->71744K(132608K) Eden: 23040K(23040K)->0K(23552K) From: 93184K(93184K)->71744K(109056K)
[13.894s][info][gc,heap        ] GC(198) ParOldGen: 1942066K(2120704K)->1987218K(2120704K)
[13.894s][info][gc,metaspace   ] GC(198) Metaspace: 6301K(6464K)->6301K(6464K) NonClass: 5768K(5824K)->5768K(5824K) Class: 533K(640K)->533K(640K)
[13.895s][info][gc             ] GC(198) Pause Young (Allocation Failure) 2010M->2010M(2200M) 59.955ms
[13.895s][info][gc,cpu         ] GC(198) User=0.31s Sys=0.08s Real=0.06s
[13.919s][info][gc,start       ] GC(199) Pause Young (Allocation Failure)
[13.971s][info][gc,heap        ] GC(199) PSYoungGen: 95296K(132608K)->68320K(134656K) Eden: 23552K(23552K)->0K(23552K) From: 71744K(109056K)->68320K(111104K)
[13.971s][info][gc,heap        ] GC(199) ParOldGen: 1987218K(2120704K)->2014594K(2120704K)
[13.971s][info][gc,metaspace   ] GC(199) Metaspace: 6301K(6464K)->6301K(6464K) NonClass: 5768K(5824K)->5768K(5824K) Class: 533K(640K)->533K(640K)
[13.971s][info][gc             ] GC(199) Pause Young (Allocation Failure) 2033M->2034M(2202M) 51.452ms
[13.971s][info][gc,cpu         ] GC(199) User=0.34s Sys=0.05s Real=0.05s
[13.996s][info][gc,start       ] GC(200) Pause Young (Allocation Failure)
[14.050s][info][gc,heap        ] GC(200) PSYoungGen: 91872K(134656K)->70272K(137728K) Eden: 23552K(23552K)->0K(26112K) From: 68320K(111104K)->70272K(111616K)
[14.050s][info][gc,heap        ] GC(200) ParOldGen: 2014594K(2120704K)->2036450K(2120704K)
[14.050s][info][gc,metaspace   ] GC(200) Metaspace: 6301K(6464K)->6301K(6464K) NonClass: 5768K(5824K)->5768K(5824K) Class: 533K(640K)->533K(640K)
[14.050s][info][gc             ] GC(200) Pause Young (Allocation Failure) 2057M->2057M(2205M) 53.857ms
[14.050s][info][gc,cpu         ] GC(200) User=0.33s Sys=0.00s Real=0.05s
[14.081s][info][gc,start       ] GC(201) Pause Young (Allocation Failure)
[14.136s][info][gc,heap        ] GC(201) PSYoungGen: 96384K(137728K)->49824K(76288K) Eden: 26112K(26112K)->0K(26112K) From: 70272K(111616K)->49824K(50176K)
[14.136s][info][gc,heap        ] GC(201) ParOldGen: 2036450K(2120704K)->2083674K(2120704K)
[14.136s][info][gc,metaspace   ] GC(201) Metaspace: 6301K(6464K)->6301K(6464K) NonClass: 5768K(5824K)->5768K(5824K) Class: 533K(640K)->533K(640K)
[14.136s][info][gc             ] GC(201) Pause Young (Allocation Failure) 2082M->2083M(2145M) 54.880ms
[14.136s][info][gc,cpu         ] GC(201) User=0.30s Sys=0.03s Real=0.06s
[14.136s][info][gc,start       ] GC(202) Pause Full (Ergonomics)
[14.136s][info][gc,phases,start] GC(202) Marking Phase
[14.630s][info][gc,phases      ] GC(202) Marking Phase 493.449ms
[14.630s][info][gc,phases,start] GC(202) Summary Phase
[14.630s][info][gc,phases      ] GC(202) Summary Phase 0.047ms
[14.630s][info][gc,phases,start] GC(202) Adjust Roots
[14.630s][info][gc,phases      ] GC(202) Adjust Roots 0.242ms
[14.630s][info][gc,phases,start] GC(202) Compaction Phase
[14.839s][info][gc,phases      ] GC(202) Compaction Phase 209.050ms
[14.839s][info][gc,phases,start] GC(202) Post Compact
[14.844s][info][gc,phases      ] GC(202) Post Compact 4.437ms
[14.845s][info][gc,heap        ] GC(202) PSYoungGen: 49824K(76288K)->10261K(76288K) Eden: 0K(26112K)->0K(26112K) From: 49824K(50176K)->10261K(50176K)
[14.845s][info][gc,heap        ] GC(202) ParOldGen: 2083674K(2120704K)->2120535K(2353152K)
[14.845s][info][gc,metaspace   ] GC(202) Metaspace: 6301K(6464K)->6301K(6464K) NonClass: 5768K(5824K)->5768K(5824K) Class: 533K(640K)->533K(640K)
[14.845s][info][gc             ] GC(202) Pause Full (Ergonomics) 2083M->2080M(2372M) 708.498ms
[14.845s][info][gc,cpu         ] GC(202) User=5.00s Sys=0.00s Real=0.71s
[14.873s][info][gc,start       ] GC(203) Pause Young (Allocation Failure)
[14.983s][info][gc,heap        ] GC(203) PSYoungGen: 36373K(76288K)->26272K(135680K) Eden: 26112K(26112K)->0K(29184K) From: 10261K(50176K)->26272K(106496K)
[14.983s][info][gc,heap        ] GC(203) ParOldGen: 2120535K(2353152K)->2130959K(2353152K)
[14.983s][info][gc,metaspace   ] GC(203) Metaspace: 6301K(6464K)->6301K(6464K) NonClass: 5768K(5824K)->5768K(5824K) Class: 533K(640K)->533K(640K)
[14.983s][info][gc             ] GC(203) Pause Young (Allocation Failure) 2106M->2106M(2430M) 110.168ms
[14.983s][info][gc,cpu         ] GC(203) User=0.64s Sys=0.00s Real=0.11s
[15.018s][info][gc,start       ] GC(204) Pause Young (Allocation Failure)
[15.054s][info][gc,heap        ] GC(204) PSYoungGen: 55456K(135680K)->29376K(136192K) Eden: 29184K(29184K)->0K(29184K) From: 26272K(106496K)->29376K(107008K)
[15.054s][info][gc,heap        ] GC(204) ParOldGen: 2130959K(2353152K)->2157415K(2353152K)
[15.054s][info][gc,metaspace   ] GC(204) Metaspace: 6301K(6464K)->6301K(6464K) NonClass: 5768K(5824K)->5768K(5824K) Class: 533K(640K)->533K(640K)
[15.054s][info][gc             ] GC(204) Pause Young (Allocation Failure) 2135M->2135M(2431M) 36.480ms
[15.054s][info][gc,cpu         ] GC(204) User=0.25s Sys=0.03s Real=0.04s
[15.089s][info][gc,start       ] GC(205) Pause Young (Allocation Failure)
[15.129s][info][gc,heap        ] GC(205) PSYoungGen: 58560K(136192K)->29376K(133632K) Eden: 29184K(29184K)->0K(32768K) From: 29376K(107008K)->29376K(100864K)
[15.129s][info][gc,heap        ] GC(205) ParOldGen: 2157415K(2353152K)->2187007K(2353152K)
[15.129s][info][gc,metaspace   ] GC(205) Metaspace: 6301K(6464K)->6301K(6464K) NonClass: 5768K(5824K)->5768K(5824K) Class: 533K(640K)->533K(640K)
[15.129s][info][gc             ] GC(205) Pause Young (Allocation Failure) 2164M->2164M(2428M) 40.082ms
[15.129s][info][gc,cpu         ] GC(205) User=0.14s Sys=0.02s Real=0.04s
[15.172s][info][gc,start       ] GC(206) Pause Young (Allocation Failure)
[15.213s][info][gc,heap        ] GC(206) PSYoungGen: 62144K(133632K)->32960K(135680K) Eden: 32768K(32768K)->0K(32768K) From: 29376K(100864K)->32960K(102912K)
[15.213s][info][gc,heap        ] GC(206) ParOldGen: 2187007K(2353152K)->2216615K(2353152K)
[15.214s][info][gc,metaspace   ] GC(206) Metaspace: 6301K(6464K)->6301K(6464K) NonClass: 5768K(5824K)->5768K(5824K) Class: 533K(640K)->533K(640K)
[15.214s][info][gc             ] GC(206) Pause Young (Allocation Failure) 2196M->2196M(2430M) 41.505ms
[15.214s][info][gc,cpu         ] GC(206) User=0.17s Sys=0.00s Real=0.04s
[15.252s][info][gc,start       ] GC(207) Pause Young (Allocation Failure)
[15.294s][info][gc,heap        ] GC(207) PSYoungGen: 65728K(135680K)->32960K(130048K) Eden: 32768K(32768K)->0K(36352K) From: 32960K(102912K)->32960K(93696K)
[15.294s][info][gc,heap        ] GC(207) ParOldGen: 2216615K(2353152K)->2249855K(2353152K)
[15.294s][info][gc,metaspace   ] GC(207) Metaspace: 6301K(6464K)->6301K(6464K) NonClass: 5768K(5824K)->5768K(5824K) Class: 533K(640K)->533K(640K)
[15.294s][info][gc             ] GC(207) Pause Young (Allocation Failure) 2228M->2229M(2425M) 42.029ms
[15.294s][info][gc,cpu         ] GC(207) User=0.20s Sys=0.05s Real=0.04s
[15.338s][info][gc,start       ] GC(208) Pause Young (Allocation Failure)
[15.380s][info][gc,heap        ] GC(208) PSYoungGen: 69312K(130048K)->36512K(133120K) Eden: 36352K(36352K)->0K(36352K) From: 32960K(93696K)->36512K(96768K)
[15.380s][info][gc,heap        ] GC(208) ParOldGen: 2249855K(2353152K)->2282951K(2353152K)
[15.380s][info][gc,metaspace   ] GC(208) Metaspace: 6301K(6464K)->6301K(6464K) NonClass: 5768K(5824K)->5768K(5824K) Class: 533K(640K)->533K(640K)
[15.380s][info][gc             ] GC(208) Pause Young (Allocation Failure) 2264M->2265M(2428M) 42.302ms
[15.380s][info][gc,cpu         ] GC(208) User=0.25s Sys=0.00s Real=0.04s
[15.421s][info][gc,start       ] GC(209) Pause Young (Allocation Failure)
[15.465s][info][gc,heap        ] GC(209) PSYoungGen: 72864K(133120K)->36512K(126464K) Eden: 36352K(36352K)->0K(40448K) From: 36512K(96768K)->36512K(86016K)
[15.465s][info][gc,heap        ] GC(209) ParOldGen: 2282951K(2353152K)->2319623K(2353152K)
[15.465s][info][gc,metaspace   ] GC(209) Metaspace: 6301K(6464K)->6301K(6464K) NonClass: 5768K(5824K)->5768K(5824K) Class: 533K(640K)->533K(640K)
[15.465s][info][gc             ] GC(209) Pause Young (Allocation Failure) 2300M->2300M(2421M) 43.355ms
[15.465s][info][gc,cpu         ] GC(209) User=0.27s Sys=0.00s Real=0.04s
[15.465s][info][gc,start       ] GC(210) Pause Full (Ergonomics)
[15.465s][info][gc,phases,start] GC(210) Marking Phase
[15.989s][info][gc,phases      ] GC(210) Marking Phase 524.781ms
[15.990s][info][gc,phases,start] GC(210) Summary Phase
[15.990s][info][gc,phases      ] GC(210) Summary Phase 0.046ms
[15.990s][info][gc,phases,start] GC(210) Adjust Roots
[15.990s][info][gc,phases      ] GC(210) Adjust Roots 0.215ms
[15.990s][info][gc,phases,start] GC(210) Compaction Phase
[16.217s][info][gc,phases      ] GC(210) Compaction Phase 227.024ms
[16.217s][info][gc,phases,start] GC(210) Post Compact
[16.222s][info][gc,phases      ] GC(210) Post Compact 4.635ms
[16.223s][info][gc,heap        ] GC(210) PSYoungGen: 36512K(126464K)->573K(130048K) Eden: 0K(40448K)->0K(44032K) From: 36512K(86016K)->573K(86016K)
[16.223s][info][gc,heap        ] GC(210) ParOldGen: 2319623K(2353152K)->2352727K(2607104K)
[16.223s][info][gc,metaspace   ] GC(210) Metaspace: 6301K(6464K)->6301K(6464K) NonClass: 5768K(5824K)->5768K(5824K) Class: 533K(640K)->533K(640K)
[16.223s][info][gc             ] GC(210) Pause Full (Ergonomics) 2300M->2298M(2673M) 758.244ms
[16.223s][info][gc,cpu         ] GC(210) User=5.31s Sys=0.06s Real=0.76s
[16.277s][info][gc,start       ] GC(211) Pause Young (Allocation Failure)
[16.403s][info][gc,heap        ] GC(211) PSYoungGen: 44605K(130048K)->44224K(88576K) Eden: 44032K(44032K)->0K(44032K) From: 573K(86016K)->44224K(44544K)
[16.403s][info][gc,heap        ] GC(211) ParOldGen: 2352727K(2607104K)->2353351K(2607104K)
[16.403s][info][gc,metaspace   ] GC(211) Metaspace: 6301K(6464K)->6301K(6464K) NonClass: 5768K(5824K)->5768K(5824K) Class: 533K(640K)->533K(640K)
[16.403s][info][gc             ] GC(211) Pause Young (Allocation Failure) 2341M->2341M(2632M) 126.108ms
[16.403s][info][gc,cpu         ] GC(211) User=0.70s Sys=0.00s Real=0.13s
[16.456s][info][gc,start       ] GC(212) Pause Young (Allocation Failure)
[16.507s][info][gc,heap        ] GC(212) PSYoungGen: 88256K(88576K)->84992K(120320K) Eden: 44032K(44032K)->0K(35328K) From: 44224K(44544K)->84992K(84992K)
[16.507s][info][gc,heap        ] GC(212) ParOldGen: 2353351K(2607104K)->2356607K(2607104K)
[16.507s][info][gc,metaspace   ] GC(212) Metaspace: 6301K(6464K)->6301K(6464K) NonClass: 5768K(5824K)->5768K(5824K) Class: 533K(640K)->533K(640K)
[16.507s][info][gc             ] GC(212) Pause Young (Allocation Failure) 2384M->2384M(2663M) 51.697ms
[16.508s][info][gc,cpu         ] GC(212) User=0.27s Sys=0.00s Real=0.05s
[16.549s][info][gc,start       ] GC(213) Pause Young (Allocation Failure)
[16.617s][info][gc,heap        ] GC(213) PSYoungGen: 120320K(120320K)->35488K(133120K) Eden: 35328K(35328K)->0K(35328K) From: 84992K(84992K)->35488K(97792K)
[16.617s][info][gc,heap        ] GC(213) ParOldGen: 2356607K(2607104K)->2442239K(2607104K)
[16.617s][info][gc,metaspace   ] GC(213) Metaspace: 6301K(6464K)->6301K(6464K) NonClass: 5768K(5824K)->5768K(5824K) Class: 533K(640K)->533K(640K)
[16.617s][info][gc             ] GC(213) Pause Young (Allocation Failure) 2418M->2419M(2676M) 67.393ms
[16.617s][info][gc,cpu         ] GC(213) User=0.39s Sys=0.03s Real=0.07s
[16.659s][info][gc,start       ] GC(214) Pause Young (Allocation Failure)
[16.703s][info][gc,heap        ] GC(214) PSYoungGen: 70816K(133120K)->70848K(129536K) Eden: 35328K(35328K)->0K(34816K) From: 35488K(97792K)->70848K(94720K)
[16.703s][info][gc,heap        ] GC(214) ParOldGen: 2442239K(2607104K)->2442239K(2607104K)
[16.703s][info][gc,metaspace   ] GC(214) Metaspace: 6301K(6464K)->6301K(6464K) NonClass: 5768K(5824K)->5768K(5824K) Class: 533K(640K)->533K(640K)
[16.703s][info][gc             ] GC(214) Pause Young (Allocation Failure) 2454M->2454M(2672M) 43.898ms
[16.703s][info][gc,cpu         ] GC(214) User=0.12s Sys=0.00s Real=0.04s
[16.745s][info][gc,start       ] GC(215) Pause Young (Allocation Failure)
[16.802s][info][gc,heap        ] GC(215) PSYoungGen: 105664K(129536K)->98816K(133632K) Eden: 34816K(34816K)->0K(34816K) From: 70848K(94720K)->98816K(98816K)
[16.802s][info][gc,heap        ] GC(215) ParOldGen: 2442239K(2607104K)->2449095K(2607104K)
[16.802s][info][gc,metaspace   ] GC(215) Metaspace: 6301K(6464K)->6301K(6464K) NonClass: 5768K(5824K)->5768K(5824K) Class: 533K(640K)->533K(640K)
[16.802s][info][gc             ] GC(215) Pause Young (Allocation Failure) 2488M->2488M(2676M) 57.411ms
[16.802s][info][gc,cpu         ] GC(215) User=0.34s Sys=0.00s Real=0.06s
[16.843s][info][gc,start       ] GC(216) Pause Young (Allocation Failure)
[16.919s][info][gc,heap        ] GC(216) PSYoungGen: 133632K(133632K)->67488K(151040K) Eden: 34816K(34816K)->0K(38912K) From: 98816K(98816K)->67488K(112128K)
[16.919s][info][gc,heap        ] GC(216) ParOldGen: 2449095K(2607104K)->2515871K(2607104K)
[16.919s][info][gc,metaspace   ] GC(216) Metaspace: 6301K(6464K)->6301K(6464K) NonClass: 5768K(5824K)->5768K(5824K) Class: 533K(640K)->533K(640K)
[16.919s][info][gc             ] GC(216) Pause Young (Allocation Failure) 2522M->2522M(2693M) 75.765ms
[16.919s][info][gc,cpu         ] GC(216) User=0.50s Sys=0.02s Real=0.08s
[16.966s][info][gc,start       ] GC(217) Pause Young (Allocation Failure)
[17.026s][info][gc,heap        ] GC(217) PSYoungGen: 106400K(151040K)->73920K(152576K) Eden: 38912K(38912K)->0K(38912K) From: 67488K(112128K)->73920K(113664K)
[17.026s][info][gc,heap        ] GC(217) ParOldGen: 2515871K(2607104K)->2548687K(2607104K)
[17.026s][info][gc,metaspace   ] GC(217) Metaspace: 6301K(6464K)->6301K(6464K) NonClass: 5768K(5824K)->5768K(5824K) Class: 533K(640K)->533K(640K)
[17.026s][info][gc             ] GC(217) Pause Young (Allocation Failure) 2560M->2561M(2695M) 60.380ms
[17.026s][info][gc,cpu         ] GC(217) User=0.33s Sys=0.03s Real=0.06s
[17.026s][info][gc,start       ] GC(218) Pause Full (Ergonomics)
[17.026s][info][gc,phases,start] GC(218) Marking Phase
[17.644s][info][gc,phases      ] GC(218) Marking Phase 617.554ms
[17.644s][info][gc,phases,start] GC(218) Summary Phase
[17.644s][info][gc,phases      ] GC(218) Summary Phase 0.043ms
[17.644s][info][gc,phases,start] GC(218) Adjust Roots
[17.644s][info][gc,phases      ] GC(218) Adjust Roots 0.172ms
[17.644s][info][gc,phases,start] GC(218) Compaction Phase
[17.889s][info][gc,phases      ] GC(218) Compaction Phase 245.171ms
[17.889s][info][gc,phases,start] GC(218) Post Compact
[17.895s][info][gc,phases      ] GC(218) Post Compact 5.076ms
[17.896s][info][gc,heap        ] GC(218) PSYoungGen: 73920K(152576K)->13368K(152576K) Eden: 0K(38912K)->0K(38912K) From: 73920K(113664K)->13368K(113664K)
[17.896s][info][gc,heap        ] GC(218) ParOldGen: 2548687K(2607104K)->2606981K(2909184K)
[17.896s][info][gc,metaspace   ] GC(218) Metaspace: 6301K(6464K)->6301K(6464K) NonClass: 5768K(5824K)->5768K(5824K) Class: 533K(640K)->533K(640K)
[17.896s][info][gc             ] GC(218) Pause Full (Ergonomics) 2561M->2558M(2990M) 869.425ms
[17.896s][info][gc,cpu         ] GC(218) User=6.31s Sys=0.02s Real=0.87s
[17.946s][info][gc,start       ] GC(219) Pause Young (Allocation Failure)
[18.090s][info][gc,heap        ] GC(219) PSYoungGen: 52280K(152576K)->46720K(148992K) Eden: 38912K(38912K)->0K(43008K) From: 13368K(113664K)->46720K(105984K)
[18.090s][info][gc,heap        ] GC(219) ParOldGen: 2606981K(2909184K)->2612813K(2909184K)
[18.090s][info][gc,metaspace   ] GC(219) Metaspace: 6301K(6464K)->6301K(6464K) NonClass: 5768K(5824K)->5768K(5824K) Class: 533K(640K)->533K(640K)
[18.090s][info][gc             ] GC(219) Pause Young (Allocation Failure) 2596M->2597M(2986M) 144.155ms
[18.090s][info][gc,cpu         ] GC(219) User=0.88s Sys=0.00s Real=0.14s
[18.145s][info][gc,start       ] GC(220) Pause Young (Allocation Failure)
[18.199s][info][gc,heap        ] GC(220) PSYoungGen: 89728K(148992K)->89792K(153600K) Eden: 43008K(43008K)->0K(43008K) From: 46720K(105984K)->89792K(110592K)
[18.199s][info][gc,heap        ] GC(220) ParOldGen: 2612813K(2909184K)->2612813K(2909184K)
[18.199s][info][gc,metaspace   ] GC(220) Metaspace: 6301K(6464K)->6301K(6464K) NonClass: 5768K(5824K)->5768K(5824K) Class: 533K(640K)->533K(640K)
[18.199s][info][gc             ] GC(220) Pause Young (Allocation Failure) 2639M->2639M(2991M) 54.717ms
[18.199s][info][gc,cpu         ] GC(220) User=0.27s Sys=0.00s Real=0.05s
[18.249s][info][gc,start       ] GC(221) Pause Young (Allocation Failure)
[18.331s][info][gc,heap        ] GC(221) PSYoungGen: 132800K(153600K)->117760K(143872K) Eden: 43008K(43008K)->0K(26112K) From: 89792K(110592K)->117760K(117760K)
[18.331s][info][gc,heap        ] GC(221) ParOldGen: 2612813K(2909184K)->2627933K(2909184K)
[18.331s][info][gc,metaspace   ] GC(221) Metaspace: 6301K(6464K)->6301K(6464K) NonClass: 5768K(5824K)->5768K(5824K) Class: 533K(640K)->533K(640K)
[18.331s][info][gc             ] GC(221) Pause Young (Allocation Failure) 2681M->2681M(2981M) 81.725ms
[18.331s][info][gc,cpu         ] GC(221) User=0.47s Sys=0.05s Real=0.08s
[18.363s][info][gc,start       ] GC(222) Pause Young (Allocation Failure)
[18.445s][info][gc,heap        ] GC(222) PSYoungGen: 143872K(143872K)->102944K(164864K) Eden: 26112K(26112K)->0K(26112K) From: 117760K(117760K)->102944K(138752K)
[18.445s][info][gc,heap        ] GC(222) ParOldGen: 2627933K(2909184K)->2669317K(2909184K)
[18.445s][info][gc,metaspace   ] GC(222) Metaspace: 6301K(6464K)->6301K(6464K) NonClass: 5768K(5824K)->5768K(5824K) Class: 533K(640K)->533K(640K)
[18.445s][info][gc             ] GC(222) Pause Young (Allocation Failure) 2706M->2707M(3002M) 81.659ms
[18.445s][info][gc,cpu         ] GC(222) User=0.48s Sys=0.02s Real=0.08s
[18.474s][info][gc,start       ] GC(223) Pause Young (Allocation Failure)
[18.546s][info][gc,heap        ] GC(223) PSYoungGen: 129056K(164864K)->91296K(174080K) Eden: 26112K(26112K)->0K(29184K) From: 102944K(138752K)->91296K(144896K)
[18.546s][info][gc,heap        ] GC(223) ParOldGen: 2669317K(2909184K)->2707405K(2909184K)
[18.546s][info][gc,metaspace   ] GC(223) Metaspace: 6301K(6464K)->6301K(6464K) NonClass: 5768K(5824K)->5768K(5824K) Class: 533K(640K)->533K(640K)
[18.546s][info][gc             ] GC(223) Pause Young (Allocation Failure) 2732M->2733M(3011M) 71.302ms
[18.546s][info][gc,cpu         ] GC(223) User=0.50s Sys=0.00s Real=0.07s
[18.580s][info][gc,start       ] GC(224) Pause Young (Allocation Failure)
[18.646s][info][gc,heap        ] GC(224) PSYoungGen: 120480K(174080K)->81632K(174592K) Eden: 29184K(29184K)->0K(29184K) From: 91296K(144896K)->81632K(145408K)
[18.647s][info][gc,heap        ] GC(224) ParOldGen: 2707405K(2909184K)->2746621K(2909184K)
[18.647s][info][gc,metaspace   ] GC(224) Metaspace: 6301K(6464K)->6301K(6464K) NonClass: 5768K(5824K)->5768K(5824K) Class: 533K(640K)->533K(640K)
[18.647s][info][gc             ] GC(224) Pause Young (Allocation Failure) 2761M->2761M(3011M) 66.320ms
[18.647s][info][gc,cpu         ] GC(224) User=0.38s Sys=0.02s Real=0.07s
[19.212s][info][gc,start       ] GC(225) Pause Full (Ergonomics)
[19.212s][info][gc,phases,start] GC(225) Marking Phase
[19.890s][info][gc,phases      ] GC(225) Marking Phase 678.331ms
[19.890s][info][gc,phases,start] GC(225) Summary Phase
[19.890s][info][gc,phases      ] GC(225) Summary Phase 0.048ms
[19.890s][info][gc,phases,start] GC(225) Adjust Roots
[19.890s][info][gc,phases      ] GC(225) Adjust Roots 0.172ms
[19.890s][info][gc,phases,start] GC(225) Compaction Phase
[20.361s][info][gc,phases      ] GC(225) Compaction Phase 470.830ms
[20.361s][info][gc,phases,start] GC(225) Post Compact
[20.368s][info][gc,phases      ] GC(225) Post Compact 6.392ms
[20.369s][info][gc,heap        ] GC(225) PSYoungGen: 110816K(174592K)->12335K(174592K) Eden: 29184K(29184K)->0K(29184K) From: 81632K(145408K)->12335K(145408K)
[20.369s][info][gc,heap        ] GC(225) ParOldGen: 2877693K(2909184K)->2908849K(3229184K)
[20.369s][info][gc,metaspace   ] GC(225) Metaspace: 6301K(6464K)->6301K(6464K) NonClass: 5768K(5824K)->5768K(5824K) Class: 533K(640K)->533K(640K)
[20.369s][info][gc             ] GC(225) Pause Full (Ergonomics) 2918M->2852M(3324M) 1157.428ms
[20.369s][info][gc,cpu         ] GC(225) User=7.88s Sys=0.05s Real=1.16s
[20.404s][info][gc,start       ] GC(226) Pause Young (Allocation Failure)
[20.560s][info][gc,heap        ] GC(226) PSYoungGen: 41519K(174592K)->33248K(172544K) Eden: 29184K(29184K)->0K(32256K) From: 12335K(145408K)->33248K(140288K)
[20.560s][info][gc,heap        ] GC(226) ParOldGen: 2908849K(3229184K)->2917417K(3229184K)
[20.560s][info][gc,metaspace   ] GC(226) Metaspace: 6301K(6464K)->6301K(6464K) NonClass: 5768K(5824K)->5768K(5824K) Class: 533K(640K)->533K(640K)
[20.560s][info][gc             ] GC(226) Pause Young (Allocation Failure) 2881M->2881M(3322M) 155.946ms
[20.560s][info][gc,cpu         ] GC(226) User=0.86s Sys=0.00s Real=0.16s
[20.595s][info][gc,start       ] GC(227) Pause Young (Allocation Failure)
[20.650s][info][gc,heap        ] GC(227) PSYoungGen: 65504K(172544K)->61664K(94208K) Eden: 32256K(32256K)->0K(32256K) From: 33248K(140288K)->61664K(61952K)
[20.650s][info][gc,heap        ] GC(227) ParOldGen: 2917417K(3229184K)->2921361K(3229184K)
[20.650s][info][gc,metaspace   ] GC(227) Metaspace: 6301K(6464K)->6301K(6464K) NonClass: 5768K(5824K)->5768K(5824K) Class: 533K(640K)->533K(640K)
[20.650s][info][gc             ] GC(227) Pause Young (Allocation Failure) 2913M->2913M(3245M) 55.022ms
[20.650s][info][gc,cpu         ] GC(227) User=0.17s Sys=0.02s Real=0.05s
[20.684s][info][gc,start       ] GC(228) Pause Young (Allocation Failure)
[20.747s][info][gc,heap        ] GC(228) PSYoungGen: 93920K(94208K)->64704K(160256K) Eden: 32256K(32256K)->0K(36352K) From: 61664K(61952K)->64704K(123904K)
[20.747s][info][gc,heap        ] GC(228) ParOldGen: 2921361K(3229184K)->2950817K(3229184K)
[20.747s][info][gc,metaspace   ] GC(228) Metaspace: 6301K(6464K)->6301K(6464K) NonClass: 5768K(5824K)->5768K(5824K) Class: 533K(640K)->533K(640K)
[20.747s][info][gc             ] GC(228) Pause Young (Allocation Failure) 2944M->2944M(3310M) 63.096ms
[20.747s][info][gc,cpu         ] GC(228) User=0.17s Sys=0.02s Real=0.06s
[20.784s][info][gc,start       ] GC(229) Pause Young (Allocation Failure)
[20.844s][info][gc,heap        ] GC(229) PSYoungGen: 101056K(160256K)->68832K(105472K) Eden: 36352K(36352K)->0K(36352K) From: 64704K(123904K)->68832K(69120K)
[20.844s][info][gc,heap        ] GC(229) ParOldGen: 2950817K(3229184K)->2983353K(3229184K)
[20.844s][info][gc,metaspace   ] GC(229) Metaspace: 6301K(6464K)->6301K(6464K) NonClass: 5768K(5824K)->5768K(5824K) Class: 533K(640K)->533K(640K)
[20.844s][info][gc             ] GC(229) Pause Young (Allocation Failure) 2980M->2980M(3256M) 60.142ms
[20.844s][info][gc,cpu         ] GC(229) User=0.19s Sys=0.00s Real=0.06s
[20.880s][info][gc,start       ] GC(230) Pause Young (Allocation Failure)
[20.945s][info][gc,heap        ] GC(230) PSYoungGen: 105184K(105472K)->72928K(156672K) Eden: 36352K(36352K)->0K(40960K) From: 68832K(69120K)->72928K(115712K)
[20.945s][info][gc,heap        ] GC(230) ParOldGen: 2983353K(3229184K)->3015913K(3229184K)
[20.945s][info][gc,metaspace   ] GC(230) Metaspace: 6301K(6464K)->6301K(6464K) NonClass: 5768K(5824K)->5768K(5824K) Class: 533K(640K)->533K(640K)
[20.945s][info][gc             ] GC(230) Pause Young (Allocation Failure) 3016M->3016M(3306M) 65.567ms
[20.945s][info][gc,cpu         ] GC(230) User=0.16s Sys=0.00s Real=0.07s
[20.983s][info][gc,start       ] GC(231) Pause Young (Allocation Failure)
[21.053s][info][gc,heap        ] GC(231) PSYoungGen: 113888K(156672K)->41152K(160768K) Eden: 40960K(40960K)->0K(40960K) From: 72928K(115712K)->41152K(119808K)
[21.053s][info][gc,heap        ] GC(231) ParOldGen: 3015913K(3229184K)->3089233K(3229184K)
[21.053s][info][gc,metaspace   ] GC(231) Metaspace: 6301K(6464K)->6301K(6464K) NonClass: 5768K(5824K)->5768K(5824K) Class: 533K(640K)->533K(640K)
[21.053s][info][gc             ] GC(231) Pause Young (Allocation Failure) 3056M->3057M(3310M) 69.243ms
[21.053s][info][gc,cpu         ] GC(231) User=0.16s Sys=0.09s Real=0.07s
[21.096s][info][gc,start       ] GC(232) Pause Young (Allocation Failure)
[21.155s][info][gc,heap        ] GC(232) PSYoungGen: 82112K(160768K)->41184K(163328K) Eden: 40960K(40960K)->0K(46080K) From: 41152K(119808K)->41184K(117248K)
[21.155s][info][gc,heap        ] GC(232) ParOldGen: 3089233K(3229184K)->3130577K(3229184K)
[21.155s][info][gc,metaspace   ] GC(232) Metaspace: 6301K(6464K)->6301K(6464K) NonClass: 5768K(5824K)->5768K(5824K) Class: 533K(640K)->533K(640K)
[21.155s][info][gc             ] GC(232) Pause Young (Allocation Failure) 3097M->3097M(3313M) 58.878ms
[21.155s][info][gc,cpu         ] GC(232) User=0.25s Sys=0.02s Real=0.06s
[21.209s][info][gc,start       ] GC(233) Pause Young (Allocation Failure)
[21.272s][info][gc,heap        ] GC(233) PSYoungGen: 87264K(163328K)->46304K(164352K) Eden: 46080K(46080K)->0K(46080K) From: 41184K(117248K)->46304K(118272K)
[21.272s][info][gc,heap        ] GC(233) ParOldGen: 3130577K(3229184K)->3171905K(3229184K)
[21.272s][info][gc,metaspace   ] GC(233) Metaspace: 6301K(6464K)->6301K(6464K) NonClass: 5768K(5824K)->5768K(5824K) Class: 533K(640K)->533K(640K)
[21.272s][info][gc             ] GC(233) Pause Young (Allocation Failure) 3142M->3142M(3314M) 62.662ms
[21.272s][info][gc,cpu         ] GC(233) User=0.22s Sys=0.06s Real=0.06s
[21.272s][info][gc,start       ] GC(234) Pause Full (Ergonomics)
[21.272s][info][gc,phases,start] GC(234) Marking Phase
[22.005s][info][gc,phases      ] GC(234) Marking Phase 732.679ms
[22.005s][info][gc,phases,start] GC(234) Summary Phase
[22.005s][info][gc,phases      ] GC(234) Summary Phase 0.070ms
[22.005s][info][gc,phases,start] GC(234) Adjust Roots
[22.005s][info][gc,phases      ] GC(234) Adjust Roots 0.175ms
[22.005s][info][gc,phases,start] GC(234) Compaction Phase
[22.336s][info][gc,phases      ] GC(234) Compaction Phase 330.847ms
[22.336s][info][gc,phases,start] GC(234) Post Compact
[22.342s][info][gc,phases      ] GC(234) Post Compact 6.036ms
[22.343s][info][gc,heap        ] GC(234) PSYoungGen: 46304K(164352K)->0K(167424K) Eden: 0K(46080K)->0K(51712K) From: 46304K(118272K)->0K(115712K)
[22.343s][info][gc,heap        ] GC(234) ParOldGen: 3171905K(3229184K)->3215337K(3566080K)
[22.343s][info][gc,metaspace   ] GC(234) Metaspace: 6301K(6464K)->6301K(6464K) NonClass: 5768K(5824K)->5768K(5824K) Class: 533K(640K)->533K(640K)
[22.343s][info][gc             ] GC(234) Pause Full (Ergonomics) 3142M->3139M(3646M) 1071.229ms
[22.343s][info][gc,cpu         ] GC(234) User=7.42s Sys=0.03s Real=1.07s
[22.400s][info][gc,start       ] GC(235) Pause Young (Allocation Failure)
[22.445s][info][gc,heap        ] GC(235) PSYoungGen: 51712K(167424K)->51904K(167424K) Eden: 51712K(51712K)->0K(51712K) From: 0K(115712K)->51904K(115712K)
[22.445s][info][gc,heap        ] GC(235) ParOldGen: 3215337K(3566080K)->3215337K(3566080K)
[22.445s][info][gc,metaspace   ] GC(235) Metaspace: 6301K(6464K)->6301K(6464K) NonClass: 5768K(5824K)->5768K(5824K) Class: 533K(640K)->533K(640K)
[22.445s][info][gc             ] GC(235) Pause Young (Allocation Failure) 3190M->3190M(3646M) 44.525ms
[22.445s][info][gc,cpu         ] GC(235) User=0.06s Sys=0.00s Real=0.05s
[22.495s][info][gc,start       ] GC(236) Pause Young (Allocation Failure)
[22.560s][info][gc,heap        ] GC(236) PSYoungGen: 103616K(167424K)->103712K(158208K) Eden: 51712K(51712K)->0K(46080K) From: 51904K(115712K)->103712K(112128K)
[22.560s][info][gc,heap        ] GC(236) ParOldGen: 3215337K(3566080K)->3215337K(3566080K)
[22.560s][info][gc,metaspace   ] GC(236) Metaspace: 6301K(6464K)->6301K(6464K) NonClass: 5768K(5824K)->5768K(5824K) Class: 533K(640K)->533K(640K)
[22.560s][info][gc             ] GC(236) Pause Young (Allocation Failure) 3241M->3241M(3637M) 64.506ms
[22.560s][info][gc,cpu         ] GC(236) User=0.30s Sys=0.00s Real=0.07s
[22.609s][info][gc,start       ] GC(237) Pause Young (Allocation Failure)
[22.686s][info][gc,heap        ] GC(237) PSYoungGen: 149792K(158208K)->122880K(168960K) Eden: 46080K(46080K)->0K(46080K) From: 103712K(112128K)->122880K(122880K)
[22.686s][info][gc,heap        ] GC(237) ParOldGen: 3215337K(3566080K)->3242409K(3566080K)
[22.686s][info][gc,metaspace   ] GC(237) Metaspace: 6301K(6464K)->6301K(6464K) NonClass: 5768K(5824K)->5768K(5824K) Class: 533K(640K)->533K(640K)
[22.686s][info][gc             ] GC(237) Pause Young (Allocation Failure) 3286M->3286M(3647M) 76.725ms
[22.686s][info][gc,cpu         ] GC(237) User=0.41s Sys=0.00s Real=0.08s
[22.738s][info][gc,start       ] GC(238) Pause Young (Allocation Failure)
[22.824s][info][gc,heap        ] GC(238) PSYoungGen: 168960K(168960K)->75328K(186368K) Eden: 46080K(46080K)->0K(51200K) From: 122880K(122880K)->75328K(135168K)
[22.824s][info][gc,heap        ] GC(238) ParOldGen: 3242409K(3566080K)->3336961K(3566080K)
[22.824s][info][gc,metaspace   ] GC(238) Metaspace: 6301K(6464K)->6301K(6464K) NonClass: 5768K(5824K)->5768K(5824K) Class: 533K(640K)->533K(640K)
[22.824s][info][gc             ] GC(238) Pause Young (Allocation Failure) 3331M->3332M(3664M) 86.671ms
[22.824s][info][gc,cpu         ] GC(238) User=0.52s Sys=0.09s Real=0.09s
[22.880s][info][gc,start       ] GC(239) Pause Young (Allocation Failure)
[22.956s][info][gc,heap        ] GC(239) PSYoungGen: 126528K(186368K)->97536K(193024K) Eden: 51200K(51200K)->0K(51200K) From: 75328K(135168K)->97536K(141824K)
[22.956s][info][gc,heap        ] GC(239) ParOldGen: 3336961K(3566080K)->3366209K(3566080K)
[22.956s][info][gc,metaspace   ] GC(239) Metaspace: 6301K(6464K)->6301K(6464K) NonClass: 5768K(5824K)->5768K(5824K) Class: 533K(640K)->533K(640K)
[22.956s][info][gc             ] GC(239) Pause Young (Allocation Failure) 3382M->3382M(3671M) 75.701ms
[22.956s][info][gc,cpu         ] GC(239) User=0.27s Sys=0.03s Real=0.07s
[23.007s][info][gc,start       ] GC(240) Pause Young (Allocation Failure)
[23.087s][info][gc,heap        ] GC(240) PSYoungGen: 148736K(193024K)->102720K(197632K) Eden: 51200K(51200K)->0K(53760K) From: 97536K(141824K)->102720K(143872K)
[23.087s][info][gc,heap        ] GC(240) ParOldGen: 3366209K(3566080K)->3412705K(3566080K)
[23.087s][info][gc,metaspace   ] GC(240) Metaspace: 6301K(6464K)->6301K(6464K) NonClass: 5768K(5824K)->5768K(5824K) Class: 533K(640K)->533K(640K)
[23.087s][info][gc             ] GC(240) Pause Young (Allocation Failure) 3432M->3433M(3675M) 79.965ms
[23.087s][info][gc,cpu         ] GC(240) User=0.36s Sys=0.00s Real=0.08s
[23.143s][info][gc,start       ] GC(241) Pause Young (Allocation Failure)
[23.221s][info][gc,heap        ] GC(241) PSYoungGen: 156480K(197632K)->105280K(200704K) Eden: 53760K(53760K)->0K(53760K) From: 102720K(143872K)->105280K(146944K)
[23.221s][info][gc,heap        ] GC(241) ParOldGen: 3412705K(3566080K)->3464361K(3566080K)
[23.221s][info][gc,metaspace   ] GC(241) Metaspace: 6301K(6464K)->6301K(6464K) NonClass: 5768K(5824K)->5768K(5824K) Class: 533K(640K)->533K(640K)
[23.221s][info][gc             ] GC(241) Pause Young (Allocation Failure) 3485M->3485M(3678M) 78.873ms
[23.221s][info][gc,cpu         ] GC(241) User=0.50s Sys=0.02s Real=0.08s
[23.279s][info][gc,start       ] GC(242) Pause Young (Allocation Failure)
[23.359s][info][gc,heap        ] GC(242) PSYoungGen: 159040K(200704K)->107808K(207360K) Eden: 53760K(53760K)->0K(57344K) From: 105280K(146944K)->107808K(150016K)
[23.359s][info][gc,heap        ] GC(242) ParOldGen: 3464361K(3566080K)->3516033K(3566080K)
[23.359s][info][gc,metaspace   ] GC(242) Metaspace: 6301K(6464K)->6301K(6464K) NonClass: 5768K(5824K)->5768K(5824K) Class: 533K(640K)->533K(640K)
[23.359s][info][gc             ] GC(242) Pause Young (Allocation Failure) 3538M->3538M(3685M) 79.775ms
[23.359s][info][gc,cpu         ] GC(242) User=0.50s Sys=0.00s Real=0.08s
[23.359s][info][gc,start       ] GC(243) Pause Full (Ergonomics)
[23.359s][info][gc,phases,start] GC(243) Marking Phase
[24.187s][info][gc,phases      ] GC(243) Marking Phase 827.381ms
[24.187s][info][gc,phases,start] GC(243) Summary Phase
[24.187s][info][gc,phases      ] GC(243) Summary Phase 0.055ms
[24.187s][info][gc,phases,start] GC(243) Adjust Roots
[24.187s][info][gc,phases      ] GC(243) Adjust Roots 0.175ms
[24.187s][info][gc,phases,start] GC(243) Compaction Phase
[24.559s][info][gc,phases      ] GC(243) Compaction Phase 371.734ms
[24.559s][info][gc,phases,start] GC(243) Post Compact
[24.566s][info][gc,phases      ] GC(243) Post Compact 7.151ms
[24.567s][info][gc,heap        ] GC(243) PSYoungGen: 107808K(207360K)->54825K(207360K) Eden: 0K(57344K)->0K(57344K) From: 107808K(150016K)->54825K(150016K)
[24.567s][info][gc,heap        ] GC(243) ParOldGen: 3516033K(3566080K)->3565773K(3954176K)
[24.567s][info][gc,metaspace   ] GC(243) Metaspace: 6301K(6464K)->6301K(6464K) NonClass: 5768K(5824K)->5768K(5824K) Class: 533K(640K)->533K(640K)
[24.567s][info][gc             ] GC(243) Pause Full (Ergonomics) 3538M->3535M(4064M) 1208.069ms
[24.567s][info][gc,cpu         ] GC(243) User=8.80s Sys=0.02s Real=1.21s
[24.631s][info][gc,start       ] GC(244) Pause Young (Allocation Failure)
[24.835s][info][gc,heap        ] GC(244) PSYoungGen: 112169K(207360K)->77248K(209920K) Eden: 57344K(57344K)->0K(57344K) From: 54825K(150016K)->77248K(152576K)
[24.835s][info][gc,heap        ] GC(244) ParOldGen: 3565773K(3954176K)->3601317K(3954176K)
[24.835s][info][gc,metaspace   ] GC(244) Metaspace: 6301K(6464K)->6301K(6464K) NonClass: 5768K(5824K)->5768K(5824K) Class: 533K(640K)->533K(640K)
[24.835s][info][gc             ] GC(244) Pause Young (Allocation Failure) 3591M->3592M(4066M) 204.448ms
[24.835s][info][gc,cpu         ] GC(244) User=1.28s Sys=0.03s Real=0.20s
[24.892s][info][gc,start       ] GC(245) Pause Young (Allocation Failure)
[24.969s][info][gc,heap        ] GC(245) PSYoungGen: 134592K(209920K)->134656K(197120K) Eden: 57344K(57344K)->0K(50176K) From: 77248K(152576K)->134656K(146944K)
[24.969s][info][gc,heap        ] GC(245) ParOldGen: 3601317K(3954176K)->3601317K(3954176K)
[24.969s][info][gc,metaspace   ] GC(245) Metaspace: 6301K(6464K)->6301K(6464K) NonClass: 5768K(5824K)->5768K(5824K) Class: 533K(640K)->533K(640K)
[24.969s][info][gc             ] GC(245) Pause Young (Allocation Failure) 3648M->3648M(4054M) 76.675ms
[24.969s][info][gc,cpu         ] GC(245) User=0.27s Sys=0.02s Real=0.08s
[25.019s][info][gc,start       ] GC(246) Pause Young (Allocation Failure)
[25.112s][info][gc,heap        ] GC(246) PSYoungGen: 184832K(197120K)->159744K(209920K) Eden: 50176K(50176K)->0K(50176K) From: 134656K(146944K)->159744K(159744K)
[25.112s][info][gc,heap        ] GC(246) ParOldGen: 3601317K(3954176K)->3626581K(3954176K)
[25.112s][info][gc,metaspace   ] GC(246) Metaspace: 6301K(6464K)->6301K(6464K) NonClass: 5768K(5824K)->5768K(5824K) Class: 533K(640K)->533K(640K)
[25.112s][info][gc             ] GC(246) Pause Young (Allocation Failure) 3697M->3697M(4066M) 92.344ms
[25.112s][info][gc,cpu         ] GC(246) User=0.53s Sys=0.03s Real=0.09s
[25.162s][info][gc,start       ] GC(247) Pause Young (Allocation Failure)
[25.268s][info][gc,heap        ] GC(247) PSYoungGen: 209920K(209920K)->98336K(226816K) Eden: 50176K(50176K)->0K(56320K) From: 159744K(159744K)->98336K(170496K)
[25.268s][info][gc,heap        ] GC(247) ParOldGen: 3626581K(3954176K)->3739205K(3954176K)
[25.268s][info][gc,metaspace   ] GC(247) Metaspace: 6301K(6464K)->6301K(6464K) NonClass: 5768K(5824K)->5768K(5824K) Class: 533K(640K)->533K(640K)
[25.268s][info][gc             ] GC(247) Pause Young (Allocation Failure) 3746M->3747M(4083M) 105.967ms
[25.268s][info][gc,cpu         ] GC(247) User=0.72s Sys=0.03s Real=0.11s
[25.330s][info][gc,start       ] GC(248) Pause Young (Allocation Failure)
[25.413s][info][gc,heap        ] GC(248) PSYoungGen: 154656K(226816K)->106816K(235520K) Eden: 56320K(56320K)->0K(56320K) From: 98336K(170496K)->106816K(179200K)
[25.413s][info][gc,heap        ] GC(248) ParOldGen: 3739205K(3954176K)->3787509K(3954176K)
[25.413s][info][gc,metaspace   ] GC(248) Metaspace: 6301K(6464K)->6301K(6464K) NonClass: 5768K(5824K)->5768K(5824K) Class: 533K(640K)->533K(640K)
[25.413s][info][gc             ] GC(248) Pause Young (Allocation Failure) 3802M->3803M(4091M) 82.811ms
[25.413s][info][gc,cpu         ] GC(248) User=0.58s Sys=0.06s Real=0.08s
[25.470s][info][gc,start       ] GC(249) Pause Young (Allocation Failure)
[25.556s][info][gc,heap        ] GC(249) PSYoungGen: 163136K(235520K)->112992K(232448K) Eden: 56320K(56320K)->0K(62976K) From: 106816K(179200K)->112992K(169472K)
[25.556s][info][gc,heap        ] GC(249) ParOldGen: 3787509K(3954176K)->3838157K(3954176K)
[25.556s][info][gc,metaspace   ] GC(249) Metaspace: 6301K(6464K)->6301K(6464K) NonClass: 5768K(5824K)->5768K(5824K) Class: 533K(640K)->533K(640K)
[25.556s][info][gc             ] GC(249) Pause Young (Allocation Failure) 3858M->3858M(4088M) 85.757ms
[25.556s][info][gc,cpu         ] GC(249) User=0.66s Sys=0.08s Real=0.09s
[25.620s][info][gc,start       ] GC(250) Pause Young (Allocation Failure)
[25.713s][info][gc,heap        ] GC(250) PSYoungGen: 175968K(232448K)->119648K(235008K) Eden: 62976K(62976K)->0K(62976K) From: 112992K(169472K)->119648K(172032K)
[25.713s][info][gc,heap        ] GC(250) ParOldGen: 3838157K(3954176K)->3894989K(3954176K)
[25.713s][info][gc,metaspace   ] GC(250) Metaspace: 6301K(6464K)->6301K(6464K) NonClass: 5768K(5824K)->5768K(5824K) Class: 533K(640K)->533K(640K)
[25.713s][info][gc             ] GC(250) Pause Young (Allocation Failure) 3920M->3920M(4091M) 93.197ms
[25.714s][info][gc,cpu         ] GC(250) User=0.61s Sys=0.00s Real=0.09s
[25.714s][info][gc,start       ] GC(251) Pause Full (Ergonomics)
[25.714s][info][gc,phases,start] GC(251) Marking Phase
[26.640s][info][gc,phases      ] GC(251) Marking Phase 926.686ms
[26.640s][info][gc,phases,start] GC(251) Summary Phase
[26.640s][info][gc,phases      ] GC(251) Summary Phase 0.053ms
[26.640s][info][gc,phases,start] GC(251) Adjust Roots
[26.641s][info][gc,phases      ] GC(251) Adjust Roots 0.240ms
[26.641s][info][gc,phases,start] GC(251) Compaction Phase
[27.077s][info][gc,phases      ] GC(251) Compaction Phase 436.217ms
[27.077s][info][gc,phases,start] GC(251) Post Compact
[27.085s][info][gc,phases      ] GC(251) Post Compact 7.902ms
[27.086s][info][gc,heap        ] GC(251) PSYoungGen: 119648K(235008K)->56890K(235008K) Eden: 0K(62976K)->0K(62976K) From: 119648K(172032K)->56890K(172032K)
[27.086s][info][gc,heap        ] GC(251) ParOldGen: 3894989K(3954176K)->3954145K(4383744K)
[27.086s][info][gc,metaspace   ] GC(251) Metaspace: 6301K(6464K)->6301K(6464K) NonClass: 5768K(5824K)->5768K(5824K) Class: 533K(640K)->533K(640K)
[27.086s][info][gc             ] GC(251) Pause Full (Ergonomics) 3920M->3917M(4510M) 1372.803ms
[27.086s][info][gc,cpu         ] GC(251) User=9.59s Sys=0.06s Real=1.37s
[27.158s][info][gc,start       ] GC(252) Pause Young (Allocation Failure)
[27.396s][info][gc,heap        ] GC(252) PSYoungGen: 119866K(235008K)->91008K(229376K) Eden: 62976K(62976K)->0K(69120K) From: 56890K(172032K)->91008K(160256K)
[27.397s][info][gc,heap        ] GC(252) ParOldGen: 3954145K(4383744K)->3983633K(4383744K)
[27.397s][info][gc,metaspace   ] GC(252) Metaspace: 6301K(6464K)->6301K(6464K) NonClass: 5768K(5824K)->5768K(5824K) Class: 533K(640K)->533K(640K)
[27.397s][info][gc             ] GC(252) Pause Young (Allocation Failure) 3978M->3979M(4505M) 238.704ms
[27.397s][info][gc,cpu         ] GC(252) User=1.56s Sys=0.05s Real=0.24s
[27.479s][info][gc,start       ] GC(253) Pause Young (Allocation Failure)
[27.571s][info][gc,heap        ] GC(253) PSYoungGen: 160128K(229376K)->160192K(236032K) Eden: 69120K(69120K)->0K(69120K) From: 91008K(160256K)->160192K(166912K)
[27.571s][info][gc,heap        ] GC(253) ParOldGen: 3983633K(4383744K)->3983633K(4383744K)
[27.571s][info][gc,metaspace   ] GC(253) Metaspace: 6301K(6464K)->6301K(6464K) NonClass: 5768K(5824K)->5768K(5824K) Class: 533K(640K)->533K(640K)
[27.571s][info][gc             ] GC(253) Pause Young (Allocation Failure) 4046M->4046M(4511M) 91.217ms
[27.571s][info][gc,cpu         ] GC(253) User=0.61s Sys=0.00s Real=0.09s
[27.638s][info][gc,start       ] GC(254) Pause Young (Allocation Failure)
[27.763s][info][gc,heap        ] GC(254) PSYoungGen: 229312K(236032K)->182272K(220672K) Eden: 69120K(69120K)->0K(38400K) From: 160192K(166912K)->182272K(182272K)
[27.764s][info][gc,heap        ] GC(254) ParOldGen: 3983633K(4383744K)->4031033K(4383744K)
[27.764s][info][gc,metaspace   ] GC(254) Metaspace: 6301K(6464K)->6301K(6464K) NonClass: 5768K(5824K)->5768K(5824K) Class: 533K(640K)->533K(640K)
[27.764s][info][gc             ] GC(254) Pause Young (Allocation Failure) 4114M->4114M(4496M) 125.613ms
[27.764s][info][gc,cpu         ] GC(254) User=0.80s Sys=0.08s Real=0.13s
[27.803s][info][gc,start       ] GC(255) Pause Young (Allocation Failure)
[27.918s][info][gc,heap        ] GC(255) PSYoungGen: 220672K(220672K)->150816K(258560K) Eden: 38400K(38400K)->0K(38400K) From: 182272K(182272K)->150816K(220160K)
[27.918s][info][gc,heap        ] GC(255) ParOldGen: 4031033K(4383744K)->4101593K(4383744K)
[27.918s][info][gc,metaspace   ] GC(255) Metaspace: 6301K(6464K)->6301K(6464K) NonClass: 5768K(5824K)->5768K(5824K) Class: 533K(640K)->533K(640K)
[27.918s][info][gc             ] GC(255) Pause Young (Allocation Failure) 4152M->4152M(4533M) 114.626ms
[27.918s][info][gc,cpu         ] GC(255) User=0.75s Sys=0.02s Real=0.11s
[27.960s][info][gc,start       ] GC(256) Pause Young (Allocation Failure)
[28.058s][info][gc,heap        ] GC(256) PSYoungGen: 189216K(258560K)->129824K(251392K) Eden: 38400K(38400K)->0K(43520K) From: 150816K(220160K)->129824K(207872K)
[28.058s][info][gc,heap        ] GC(256) ParOldGen: 4101593K(4383744K)->4161521K(4383744K)
[28.058s][info][gc,metaspace   ] GC(256) Metaspace: 6301K(6464K)->6301K(6464K) NonClass: 5768K(5824K)->5768K(5824K) Class: 533K(640K)->533K(640K)
[28.058s][info][gc             ] GC(256) Pause Young (Allocation Failure) 4190M->4190M(4526M) 97.842ms
[28.058s][info][gc,cpu         ] GC(256) User=0.61s Sys=0.02s Real=0.10s
[28.111s][info][gc,start       ] GC(257) Pause Young (Allocation Failure)
[28.204s][info][gc,heap        ] GC(257) PSYoungGen: 173344K(251392K)->82144K(258048K) Eden: 43520K(43520K)->0K(43520K) From: 129824K(207872K)->82144K(214528K)
[28.204s][info][gc,heap        ] GC(257) ParOldGen: 4161521K(4383744K)->4253361K(4383744K)
[28.204s][info][gc,metaspace   ] GC(257) Metaspace: 6301K(6464K)->6301K(6464K) NonClass: 5768K(5824K)->5768K(5824K) Class: 533K(640K)->533K(640K)
[28.204s][info][gc             ] GC(257) Pause Young (Allocation Failure) 4233M->4233M(4533M) 93.555ms
[28.204s][info][gc,cpu         ] GC(257) User=0.73s Sys=0.02s Real=0.09s
[28.257s][info][gc,start       ] GC(258) Pause Young (Allocation Failure)
[28.335s][info][gc,heap        ] GC(258) PSYoungGen: 125664K(258048K)->43680K(258048K) Eden: 43520K(43520K)->0K(45568K) From: 82144K(214528K)->43680K(212480K)
[28.335s][info][gc,heap        ] GC(258) ParOldGen: 4253361K(4383744K)->4335985K(4383744K)
[28.335s][info][gc,metaspace   ] GC(258) Metaspace: 6301K(6464K)->6301K(6464K) NonClass: 5768K(5824K)->5768K(5824K) Class: 533K(640K)->533K(640K)
[28.335s][info][gc             ] GC(258) Pause Young (Allocation Failure) 4276M->4277M(4533M) 77.993ms
[28.335s][info][gc,cpu         ] GC(258) User=0.44s Sys=0.06s Real=0.08s
[28.335s][info][gc,start       ] GC(259) Pause Full (Ergonomics)
[28.335s][info][gc,phases,start] GC(259) Marking Phase
[29.364s][info][gc,phases      ] GC(259) Marking Phase 1028.496ms
[29.364s][info][gc,phases,start] GC(259) Summary Phase
[29.364s][info][gc,phases      ] GC(259) Summary Phase 0.089ms
[29.364s][info][gc,phases,start] GC(259) Adjust Roots
[29.364s][info][gc,phases      ] GC(259) Adjust Roots 0.222ms
[29.364s][info][gc,phases,start] GC(259) Compaction Phase
[29.776s][info][gc,phases      ] GC(259) Compaction Phase 411.938ms
[29.776s][info][gc,phases,start] GC(259) Post Compact
[29.783s][info][gc,phases      ] GC(259) Post Compact 6.874ms
[29.785s][info][gc,heap        ] GC(259) PSYoungGen: 43680K(258048K)->0K(261632K) Eden: 0K(45568K)->0K(45568K) From: 43680K(212480K)->0K(216064K)
[29.785s][info][gc,heap        ] GC(259) ParOldGen: 4335985K(4383744K)->4375865K(4860416K)
[29.785s][info][gc,metaspace   ] GC(259) Metaspace: 6301K(6464K)->6301K(6464K) NonClass: 5768K(5824K)->5768K(5824K) Class: 533K(640K)->533K(640K)
[29.785s][info][gc             ] GC(259) Pause Full (Ergonomics) 4277M->4273M(5002M) 1449.511ms
[29.785s][info][gc,cpu         ] GC(259) User=10.28s Sys=0.00s Real=1.45s
[29.835s][info][gc,start       ] GC(260) Pause Young (Allocation Failure)
[29.880s][info][gc,heap        ] GC(260) PSYoungGen: 45568K(261632K)->45760K(266240K) Eden: 45568K(45568K)->0K(50176K) From: 0K(216064K)->45760K(216064K)
[29.880s][info][gc,heap        ] GC(260) ParOldGen: 4375865K(4860416K)->4375865K(4860416K)
[29.880s][info][gc,metaspace   ] GC(260) Metaspace: 6301K(6464K)->6301K(6464K) NonClass: 5768K(5824K)->5768K(5824K) Class: 533K(640K)->533K(640K)
[29.880s][info][gc             ] GC(260) Pause Young (Allocation Failure) 4317M->4317M(5006M) 44.735ms
[29.880s][info][gc,cpu         ] GC(260) User=0.09s Sys=0.00s Real=0.04s
[29.927s][info][gc,start       ] GC(261) Pause Young (Allocation Failure)
[29.986s][info][gc,heap        ] GC(261) PSYoungGen: 95936K(266240K)->96032K(146432K) Eden: 50176K(50176K)->0K(50176K) From: 45760K(216064K)->96032K(96256K)
[29.986s][info][gc,heap        ] GC(261) ParOldGen: 4375865K(4860416K)->4375865K(4860416K)
[29.986s][info][gc,metaspace   ] GC(261) Metaspace: 6301K(6464K)->6301K(6464K) NonClass: 5768K(5824K)->5768K(5824K) Class: 533K(640K)->533K(640K)
[29.986s][info][gc             ] GC(261) Pause Young (Allocation Failure) 4366M->4367M(4889M) 59.248ms
[29.986s][info][gc,cpu         ] GC(261) User=0.30s Sys=0.00s Real=0.06s
[30.040s][info][gc,start       ] GC(262) Pause Young (Allocation Failure)
[30.117s][info][gc,heap        ] GC(262) PSYoungGen: 146208K(146432K)->100576K(244224K) Eden: 50176K(50176K)->0K(55808K) From: 96032K(96256K)->100576K(188416K)
[30.117s][info][gc,heap        ] GC(262) ParOldGen: 4375865K(4860416K)->4421841K(4860416K)
[30.117s][info][gc,metaspace   ] GC(262) Metaspace: 6301K(6464K)->6301K(6464K) NonClass: 5768K(5824K)->5768K(5824K) Class: 533K(640K)->533K(640K)
[30.117s][info][gc             ] GC(262) Pause Young (Allocation Failure) 4416M->4416M(4985M) 76.773ms
[30.117s][info][gc,cpu         ] GC(262) User=0.42s Sys=0.06s Real=0.08s
[30.190s][info][gc,start       ] GC(263) Pause Young (Allocation Failure)
[30.276s][info][gc,heap        ] GC(263) PSYoungGen: 156384K(244224K)->106240K(162304K) Eden: 55808K(55808K)->0K(55808K) From: 100576K(188416K)->106240K(106496K)
[30.276s][info][gc,heap        ] GC(263) ParOldGen: 4421841K(4860416K)->4472465K(4860416K)
[30.276s][info][gc,metaspace   ] GC(263) Metaspace: 6301K(6464K)->6301K(6464K) NonClass: 5768K(5824K)->5768K(5824K) Class: 533K(640K)->533K(640K)
[30.276s][info][gc             ] GC(263) Pause Young (Allocation Failure) 4470M->4471M(4905M) 85.773ms
[30.276s][info][gc,cpu         ] GC(263) User=0.50s Sys=0.00s Real=0.09s
[30.340s][info][gc,start       ] GC(264) Pause Young (Allocation Failure)
[30.427s][info][gc,heap        ] GC(264) PSYoungGen: 162048K(162304K)->111904K(239616K) Eden: 55808K(55808K)->0K(61952K) From: 106240K(106496K)->111904K(177664K)
[30.427s][info][gc,heap        ] GC(264) ParOldGen: 4472465K(4860416K)->4523097K(4860416K)
[30.427s][info][gc,metaspace   ] GC(264) Metaspace: 6301K(6464K)->6301K(6464K) NonClass: 5768K(5824K)->5768K(5824K) Class: 533K(640K)->533K(640K)
[30.427s][info][gc             ] GC(264) Pause Young (Allocation Failure) 4525M->4526M(4980M) 86.828ms
[30.427s][info][gc,cpu         ] GC(264) User=0.53s Sys=0.00s Real=0.09s
[30.491s][info][gc,start       ] GC(265) Pause Young (Allocation Failure)
[30.587s][info][gc,heap        ] GC(265) PSYoungGen: 173856K(239616K)->118048K(245248K) Eden: 61952K(61952K)->0K(61952K) From: 111904K(177664K)->118048K(183296K)
[30.587s][info][gc,heap        ] GC(265) ParOldGen: 4523097K(4860416K)->4579401K(4860416K)
[30.587s][info][gc,metaspace   ] GC(265) Metaspace: 6301K(6464K)->6301K(6464K) NonClass: 5768K(5824K)->5768K(5824K) Class: 533K(640K)->533K(640K)
[30.587s][info][gc             ] GC(265) Pause Young (Allocation Failure) 4586M->4587M(4986M) 95.850ms
[30.587s][info][gc,cpu         ] GC(265) User=0.58s Sys=0.05s Real=0.10s
[30.655s][info][gc,start       ] GC(266) Pause Young (Allocation Failure)
[30.749s][info][gc,heap        ] GC(266) PSYoungGen: 180000K(245248K)->124224K(247808K) Eden: 61952K(61952K)->0K(69120K) From: 118048K(183296K)->124224K(178688K)
[30.749s][info][gc,heap        ] GC(266) ParOldGen: 4579401K(4860416K)->4635713K(4860416K)
[30.749s][info][gc,metaspace   ] GC(266) Metaspace: 6301K(6464K)->6301K(6464K) NonClass: 5768K(5824K)->5768K(5824K) Class: 533K(640K)->533K(640K)
[30.749s][info][gc             ] GC(266) Pause Young (Allocation Failure) 4647M->4648M(4988M) 93.338ms
[30.749s][info][gc,cpu         ] GC(266) User=0.62s Sys=0.00s Real=0.09s
[30.832s][info][gc,start       ] GC(267) Pause Young (Allocation Failure)
[30.939s][info][gc,heap        ] GC(267) PSYoungGen: 193344K(247808K)->131424K(248832K) Eden: 69120K(69120K)->0K(69120K) From: 124224K(178688K)->131424K(179712K)
[30.939s][info][gc,heap        ] GC(267) ParOldGen: 4635713K(4860416K)->4698217K(4860416K)
[30.939s][info][gc,metaspace   ] GC(267) Metaspace: 6301K(6464K)->6301K(6464K) NonClass: 5768K(5824K)->5768K(5824K) Class: 533K(640K)->533K(640K)
[30.939s][info][gc             ] GC(267) Pause Young (Allocation Failure) 4715M->4716M(4989M) 106.594ms
[30.939s][info][gc,cpu         ] GC(267) User=0.70s Sys=0.02s Real=0.11s
[31.009s][info][gc,start       ] GC(268) Pause Young (Allocation Failure)
[31.115s][info][gc,heap        ] GC(268) PSYoungGen: 200544K(248832K)->138624K(254976K) Eden: 69120K(69120K)->0K(73728K) From: 131424K(179712K)->138624K(181248K)
[31.115s][info][gc,heap        ] GC(268) ParOldGen: 4698217K(4860416K)->4760721K(4860416K)
[31.115s][info][gc,metaspace   ] GC(268) Metaspace: 6301K(6464K)->6301K(6464K) NonClass: 5768K(5824K)->5768K(5824K) Class: 533K(640K)->533K(640K)
[31.115s][info][gc             ] GC(268) Pause Young (Allocation Failure) 4783M->4784M(4995M) 106.053ms
[31.115s][info][gc,cpu         ] GC(268) User=0.75s Sys=0.00s Real=0.11s
[31.192s][info][gc,start       ] GC(269) Pause Young (Allocation Failure)
[31.314s][info][gc,heap        ] GC(269) PSYoungGen: 212352K(254976K)->143232K(258560K) Eden: 73728K(73728K)->0K(73728K) From: 138624K(181248K)->143232K(184832K)
[31.314s][info][gc,heap        ] GC(269) ParOldGen: 4760721K(4860416K)->4830465K(4860416K)
[31.314s][info][gc,metaspace   ] GC(269) Metaspace: 6301K(6464K)->6301K(6464K) NonClass: 5768K(5824K)->5768K(5824K) Class: 533K(640K)->533K(640K)
[31.314s][info][gc             ] GC(269) Pause Young (Allocation Failure) 4856M->4857M(4999M) 121.384ms
[31.314s][info][gc,cpu         ] GC(269) User=0.80s Sys=0.06s Real=0.12s
[31.314s][info][gc,start       ] GC(270) Pause Full (Ergonomics)
[31.314s][info][gc,phases,start] GC(270) Marking Phase
[32.467s][info][gc,phases      ] GC(270) Marking Phase 1152.885ms
[32.467s][info][gc,phases,start] GC(270) Summary Phase
[32.467s][info][gc,phases      ] GC(270) Summary Phase 0.056ms
[32.467s][info][gc,phases,start] GC(270) Adjust Roots
[32.467s][info][gc,phases      ] GC(270) Adjust Roots 0.224ms
[32.467s][info][gc,phases,start] GC(270) Compaction Phase
[33.001s][info][gc,phases      ] GC(270) Compaction Phase 534.180ms
[33.001s][info][gc,phases,start] GC(270) Post Compact
[33.010s][info][gc,phases      ] GC(270) Post Compact 8.788ms
[33.012s][info][gc,heap        ] GC(270) PSYoungGen: 143232K(258560K)->108535K(258560K) Eden: 0K(73728K)->0K(73728K) From: 143232K(184832K)->108535K(184832K)
[33.012s][info][gc,heap        ] GC(270) ParOldGen: 4830465K(4860416K)->4860406K(5368320K)
[33.012s][info][gc,metaspace   ] GC(270) Metaspace: 6301K(6464K)->6301K(6464K) NonClass: 5768K(5824K)->5768K(5824K) Class: 533K(640K)->533K(640K)
[33.012s][info][gc             ] GC(270) Pause Full (Ergonomics) 4857M->4852M(5495M) 1698.293ms
[33.012s][info][gc,cpu         ] GC(270) User=12.20s Sys=0.08s Real=1.70s
[33.098s][info][gc,start       ] GC(271) Pause Young (Allocation Failure)
[33.437s][info][gc,heap        ] GC(271) PSYoungGen: 182263K(258560K)->129088K(263168K) Eden: 73728K(73728K)->0K(80896K) From: 108535K(184832K)->129088K(182272K)
[33.437s][info][gc,heap        ] GC(271) ParOldGen: 4860406K(5368320K)->4914422K(5368320K)
[33.437s][info][gc,metaspace   ] GC(271) Metaspace: 6301K(6464K)->6301K(6464K) NonClass: 5768K(5824K)->5768K(5824K) Class: 533K(640K)->533K(640K)
[33.437s][info][gc             ] GC(271) Pause Young (Allocation Failure) 4924M->4925M(5499M) 338.754ms
[33.437s][info][gc,cpu         ] GC(271) User=2.12s Sys=0.05s Real=0.34s
[33.527s][info][gc,start       ] GC(272) Pause Young (Allocation Failure)
[33.656s][info][gc,heap        ] GC(272) PSYoungGen: 209984K(263168K)->186368K(267264K) Eden: 80896K(80896K)->0K(80896K) From: 129088K(182272K)->186368K(186368K)
[33.656s][info][gc,heap        ] GC(272) ParOldGen: 4914422K(5368320K)->4938310K(5368320K)
[33.656s][info][gc,metaspace   ] GC(272) Metaspace: 6301K(6464K)->6301K(6464K) NonClass: 5768K(5824K)->5768K(5824K) Class: 533K(640K)->533K(640K)
[33.656s][info][gc             ] GC(272) Pause Young (Allocation Failure) 5004M->5004M(5503M) 129.542ms
[33.656s][info][gc,cpu         ] GC(272) User=0.88s Sys=0.02s Real=0.13s
[33.746s][info][gc,start       ] GC(273) Pause Young (Allocation Failure)
[33.898s][info][gc,heap        ] GC(273) PSYoungGen: 267264K(267264K)->151360K(303616K) Eden: 80896K(80896K)->0K(89600K) From: 186368K(186368K)->151360K(214016K)
[33.898s][info][gc,heap        ] GC(273) ParOldGen: 4938310K(5368320K)->5055294K(5368320K)
[33.898s][info][gc,metaspace   ] GC(273) Metaspace: 6301K(6464K)->6301K(6464K) NonClass: 5768K(5824K)->5768K(5824K) Class: 533K(640K)->533K(640K)
[33.898s][info][gc             ] GC(273) Pause Young (Allocation Failure) 5083M->5084M(5539M) 152.519ms
[33.898s][info][gc,cpu         ] GC(273) User=0.94s Sys=0.05s Real=0.15s
[33.998s][info][gc,start       ] GC(274) Pause Young (Allocation Failure)
[34.137s][info][gc,heap        ] GC(274) PSYoungGen: 240960K(303616K)->170976K(303616K) Eden: 89600K(89600K)->0K(89600K) From: 151360K(214016K)->170976K(214016K)
[34.137s][info][gc,heap        ] GC(274) ParOldGen: 5055294K(5368320K)->5126014K(5368320K)
[34.137s][info][gc,metaspace   ] GC(274) Metaspace: 6301K(6464K)->6301K(6464K) NonClass: 5768K(5824K)->5768K(5824K) Class: 533K(640K)->533K(640K)
[34.137s][info][gc             ] GC(274) Pause Young (Allocation Failure) 5172M->5172M(5539M) 138.798ms
[34.137s][info][gc,cpu         ] GC(274) User=1.08s Sys=0.05s Real=0.14s
[34.237s][info][gc,start       ] GC(275) Pause Young (Allocation Failure)
[34.388s][info][gc,heap        ] GC(275) PSYoungGen: 260576K(303616K)->179680K(312832K) Eden: 89600K(89600K)->0K(91648K) From: 170976K(214016K)->179680K(221184K)
[34.388s][info][gc,heap        ] GC(275) ParOldGen: 5126014K(5368320K)->5207646K(5368320K)
[34.388s][info][gc,metaspace   ] GC(275) Metaspace: 6301K(6464K)->6301K(6464K) NonClass: 5768K(5824K)->5768K(5824K) Class: 533K(640K)->533K(640K)
[34.388s][info][gc             ] GC(275) Pause Young (Allocation Failure) 5260M->5261M(5548M) 151.791ms
[34.389s][info][gc,cpu         ] GC(275) User=0.91s Sys=0.09s Real=0.15s
[34.495s][info][gc,start       ] GC(276) Pause Young (Allocation Failure)
[34.655s][info][gc,heap        ] GC(276) PSYoungGen: 271328K(312832K)->181696K(321024K) Eden: 91648K(91648K)->0K(91648K) From: 179680K(221184K)->181696K(229376K)
[34.655s][info][gc,heap        ] GC(276) ParOldGen: 5207646K(5368320K)->5298054K(5368320K)
[34.655s][info][gc,metaspace   ] GC(276) Metaspace: 6301K(6464K)->6301K(6464K) NonClass: 5768K(5824K)->5768K(5824K) Class: 533K(640K)->533K(640K)
[34.655s][info][gc             ] GC(276) Pause Young (Allocation Failure) 5350M->5351M(5556M) 160.074ms
[34.655s][info][gc,cpu         ] GC(276) User=0.97s Sys=0.12s Real=0.16s
[34.655s][info][gc,start       ] GC(277) Pause Full (Ergonomics)
[34.655s][info][gc,phases,start] GC(277) Marking Phase
[35.927s][info][gc,phases      ] GC(277) Marking Phase 1272.316ms
[35.927s][info][gc,phases,start] GC(277) Summary Phase
[35.927s][info][gc,phases      ] GC(277) Summary Phase 0.064ms
[35.927s][info][gc,phases,start] GC(277) Adjust Roots
[35.928s][info][gc,phases      ] GC(277) Adjust Roots 0.169ms
[35.928s][info][gc,phases,start] GC(277) Compaction Phase
[36.440s][info][gc,phases      ] GC(277) Compaction Phase 512.566ms
[36.440s][info][gc,phases,start] GC(277) Post Compact
[36.450s][info][gc,phases      ] GC(277) Post Compact 9.338ms
[36.452s][info][gc,heap        ] GC(277) PSYoungGen: 181696K(321024K)->107067K(321024K) Eden: 0K(91648K)->0K(91648K) From: 181696K(229376K)->107067K(229376K)
[36.452s][info][gc,heap        ] GC(277) ParOldGen: 5298054K(5368320K)->5368047K(5945856K)
[36.452s][info][gc,metaspace   ] GC(277) Metaspace: 6301K(6464K)->6301K(6464K) NonClass: 5768K(5824K)->5768K(5824K) Class: 533K(640K)->533K(640K)
[36.452s][info][gc             ] GC(277) Pause Full (Ergonomics) 5351M->5346M(6120M) 1796.597ms
[36.452s][info][gc,cpu         ] GC(277) User=13.33s Sys=0.05s Real=1.80s
[36.558s][info][gc,start       ] GC(278) Pause Young (Allocation Failure)
[36.934s][info][gc,heap        ] GC(278) PSYoungGen: 198715K(321024K)->145152K(318464K) Eden: 91648K(91648K)->0K(100352K) From: 107067K(229376K)->145152K(218112K)
[36.934s][info][gc,heap        ] GC(278) ParOldGen: 5368047K(5945856K)->5422527K(5945856K)
[36.934s][info][gc,metaspace   ] GC(278) Metaspace: 6301K(6464K)->6301K(6464K) NonClass: 5768K(5824K)->5768K(5824K) Class: 533K(640K)->533K(640K)
[36.934s][info][gc             ] GC(278) Pause Young (Allocation Failure) 5436M->5437M(6117M) 376.754ms
[36.934s][info][gc,cpu         ] GC(278) User=2.45s Sys=0.02s Real=0.38s
[37.053s][info][gc,start       ] GC(279) Pause Young (Allocation Failure)
[37.218s][info][gc,heap        ] GC(279) PSYoungGen: 245504K(318464K)->228352K(328704K) Eden: 100352K(100352K)->0K(100352K) From: 145152K(218112K)->228352K(228352K)
[37.218s][info][gc,heap        ] GC(279) ParOldGen: 5422527K(5945856K)->5439927K(5945856K)
[37.218s][info][gc,metaspace   ] GC(279) Metaspace: 6301K(6464K)->6301K(6464K) NonClass: 5768K(5824K)->5768K(5824K) Class: 533K(640K)->533K(640K)
[37.218s][info][gc             ] GC(279) Pause Young (Allocation Failure) 5535M->5535M(6127M) 165.037ms
[37.218s][info][gc,cpu         ] GC(279) User=1.00s Sys=0.00s Real=0.16s
[38.415s][info][gc,start       ] GC(280) Pause Young (Allocation Failure)
[38.709s][info][gc,heap        ] GC(280) PSYoungGen: 328704K(328704K)->197504K(363008K) Eden: 100352K(100352K)->0K(104960K) From: 228352K(228352K)->197504K(258048K)
[38.709s][info][gc,heap        ] GC(280) ParOldGen: 5702071K(5945856K)->5834551K(5945856K)
[38.709s][info][gc,metaspace   ] GC(280) Metaspace: 6301K(6464K)->6301K(6464K) NonClass: 5768K(5824K)->5768K(5824K) Class: 533K(640K)->533K(640K)
[38.709s][info][gc             ] GC(280) Pause Young (Allocation Failure) 5889M->5890M(6161M) 294.627ms
[38.709s][info][gc,cpu         ] GC(280) User=2.12s Sys=0.09s Real=0.29s
[38.709s][info][gc,start       ] GC(281) Pause Full (Ergonomics)
[38.709s][info][gc,phases,start] GC(281) Marking Phase
[40.067s][info][gc,phases      ] GC(281) Marking Phase 1358.036ms
[40.067s][info][gc,phases,start] GC(281) Summary Phase
[40.067s][info][gc,phases      ] GC(281) Summary Phase 0.136ms
[40.067s][info][gc,phases,start] GC(281) Adjust Roots
[40.068s][info][gc,phases      ] GC(281) Adjust Roots 0.192ms
[40.068s][info][gc,phases,start] GC(281) Compaction Phase
[40.989s][info][gc,phases      ] GC(281) Compaction Phase 920.851ms
[40.989s][info][gc,phases,start] GC(281) Post Compact
[41.000s][info][gc,phases      ] GC(281) Post Compact 11.195ms
[41.002s][info][gc,heap        ] GC(281) PSYoungGen: 197504K(363008K)->0K(368640K) Eden: 0K(104960K)->0K(104960K) From: 197504K(258048K)->0K(263680K)
[41.002s][info][gc,heap        ] GC(281) ParOldGen: 5834551K(5945856K)->5898440K(6545920K)
[41.002s][info][gc,metaspace   ] GC(281) Metaspace: 6301K(6464K)->6301K(6464K) NonClass: 5768K(5824K)->5768K(5824K) Class: 533K(640K)->533K(640K)
[41.002s][info][gc             ] GC(281) Pause Full (Ergonomics) 5890M->5760M(6752M) 2292.824ms
[41.002s][info][gc,cpu         ] GC(281) User=15.34s Sys=0.05s Real=2.29s
[41.113s][info][gc,start       ] GC(282) Pause Young (Allocation Failure)
[41.212s][info][gc,heap        ] GC(282) PSYoungGen: 104960K(368640K)->105312K(372224K) Eden: 104960K(104960K)->0K(113152K) From: 0K(263680K)->105312K(259072K)
[41.212s][info][gc,heap        ] GC(282) ParOldGen: 5898440K(6545920K)->5898440K(6545920K)
[41.212s][info][gc,metaspace   ] GC(282) Metaspace: 6301K(6464K)->6301K(6464K) NonClass: 5768K(5824K)->5768K(5824K) Class: 533K(640K)->533K(640K)
[41.212s][info][gc             ] GC(282) Pause Young (Allocation Failure) 5862M->5863M(6756M) 98.663ms
[41.212s][info][gc,cpu         ] GC(282) User=0.17s Sys=0.00s Real=0.10s
[41.336s][info][gc,start       ] GC(283) Pause Young (Allocation Failure)
[41.471s][info][gc,heap        ] GC(283) PSYoungGen: 218464K(372224K)->218688K(375296K) Eden: 113152K(113152K)->0K(113152K) From: 105312K(259072K)->218688K(262144K)
[41.471s][info][gc,heap        ] GC(283) ParOldGen: 5898440K(6545920K)->5898440K(6545920K)
[41.471s][info][gc,metaspace   ] GC(283) Metaspace: 6301K(6464K)->6301K(6464K) NonClass: 5768K(5824K)->5768K(5824K) Class: 533K(640K)->533K(640K)
[41.471s][info][gc             ] GC(283) Pause Young (Allocation Failure) 5973M->5973M(6759M) 134.513ms
[41.471s][info][gc,cpu         ] GC(283) User=0.42s Sys=0.02s Real=0.13s
[41.588s][info][gc,start       ] GC(284) Pause Young (Allocation Failure)
[41.755s][info][gc,heap        ] GC(284) PSYoungGen: 331840K(375296K)->275968K(346624K) Eden: 113152K(113152K)->0K(70656K) From: 218688K(262144K)->275968K(275968K)
[41.755s][info][gc,heap        ] GC(284) ParOldGen: 5898440K(6545920K)->5954752K(6545920K)
[41.755s][info][gc,metaspace   ] GC(284) Metaspace: 6301K(6464K)->6301K(6464K) NonClass: 5768K(5824K)->5768K(5824K) Class: 533K(640K)->533K(640K)
[41.755s][info][gc             ] GC(284) Pause Young (Allocation Failure) 6084M->6084M(6731M) 167.338ms
[41.755s][info][gc,cpu         ] GC(284) User=1.00s Sys=0.08s Real=0.17s
[41.832s][info][gc,start       ] GC(285) Pause Young (Allocation Failure)
[42.003s][info][gc,heap        ] GC(285) PSYoungGen: 346624K(346624K)->328192K(398848K) Eden: 70656K(70656K)->0K(70656K) From: 275968K(275968K)->328192K(328192K)
[42.003s][info][gc,heap        ] GC(285) ParOldGen: 5954752K(6545920K)->5973480K(6545920K)
[42.003s][info][gc,metaspace   ] GC(285) Metaspace: 6301K(6464K)->6301K(6464K) NonClass: 5768K(5824K)->5768K(5824K) Class: 533K(640K)->533K(640K)
[42.003s][info][gc             ] GC(285) Pause Young (Allocation Failure) 6153M->6153M(6782M) 171.371ms
[42.003s][info][gc,cpu         ] GC(285) User=1.09s Sys=0.00s Real=0.17s
[42.076s][info][gc,start       ] GC(286) Pause Young (Allocation Failure)
[42.287s][info][gc,heap        ] GC(286) PSYoungGen: 398848K(398848K)->218368K(437760K) Eden: 70656K(70656K)->0K(78848K) From: 328192K(328192K)->218368K(358912K)
[42.287s][info][gc,heap        ] GC(286) ParOldGen: 5973480K(6545920K)->6155520K(6545920K)
[42.287s][info][gc,metaspace   ] GC(286) Metaspace: 6301K(6464K)->6301K(6464K) NonClass: 5768K(5824K)->5768K(5824K) Class: 533K(640K)->533K(640K)
[42.287s][info][gc             ] GC(286) Pause Young (Allocation Failure) 6222M->6224M(6820M) 211.397ms
[42.287s][info][gc,cpu         ] GC(286) User=1.30s Sys=0.12s Real=0.21s
[42.369s][info][gc,start       ] GC(287) Pause Young (Allocation Failure)
[42.528s][info][gc,heap        ] GC(287) PSYoungGen: 297216K(437760K)->210848K(289792K) Eden: 78848K(78848K)->0K(78848K) From: 218368K(358912K)->210848K(210944K)
[42.528s][info][gc,heap        ] GC(287) ParOldGen: 6155520K(6545920K)->6242680K(6545920K)
[42.528s][info][gc,metaspace   ] GC(287) Metaspace: 6301K(6464K)->6301K(6464K) NonClass: 5768K(5824K)->5768K(5824K) Class: 533K(640K)->533K(640K)
[42.528s][info][gc             ] GC(287) Pause Young (Allocation Failure) 6301M->6302M(6675M) 159.260ms
[42.528s][info][gc,cpu         ] GC(287) User=0.94s Sys=0.03s Real=0.16s
[42.622s][info][gc,start       ] GC(288) Pause Young (Allocation Failure)
[42.787s][info][gc,heap        ] GC(288) PSYoungGen: 289696K(289792K)->158080K(425984K) Eden: 78848K(78848K)->0K(88576K) From: 210848K(210944K)->158080K(337408K)
[42.787s][info][gc,heap        ] GC(288) ParOldGen: 6242680K(6545920K)->6375320K(6545920K)
[42.787s][info][gc,metaspace   ] GC(288) Metaspace: 6301K(6464K)->6301K(6464K) NonClass: 5768K(5824K)->5768K(5824K) Class: 533K(640K)->533K(640K)
[42.787s][info][gc             ] GC(288) Pause Young (Allocation Failure) 6379M->6380M(6808M) 164.906ms
[42.787s][info][gc,cpu         ] GC(288) User=0.77s Sys=0.08s Real=0.16s
[42.787s][info][gc,start       ] GC(289) Pause Full (Ergonomics)
[42.787s][info][gc,phases,start] GC(289) Marking Phase
[44.341s][info][gc,phases      ] GC(289) Marking Phase 1554.336ms
[44.341s][info][gc,phases,start] GC(289) Summary Phase
[44.341s][info][gc,phases      ] GC(289) Summary Phase 0.134ms
[44.341s][info][gc,phases,start] GC(289) Adjust Roots
[44.342s][info][gc,phases      ] GC(289) Adjust Roots 0.253ms
[44.342s][info][gc,phases,start] GC(289) Compaction Phase
[45.071s][info][gc,phases      ] GC(289) Compaction Phase 729.423ms
[45.071s][info][gc,phases,start] GC(289) Post Compact
[45.083s][info][gc,phases      ] GC(289) Post Compact 11.303ms
[45.085s][info][gc,heap        ] GC(289) PSYoungGen: 158080K(425984K)->0K(435200K) Eden: 0K(88576K)->0K(88576K) From: 158080K(337408K)->0K(346624K)
[45.085s][info][gc,heap        ] GC(289) ParOldGen: 6375320K(6545920K)->6528495K(7265792K)
[45.085s][info][gc,metaspace   ] GC(289) Metaspace: 6301K(6464K)->6301K(6464K) NonClass: 5768K(5824K)->5768K(5824K) Class: 533K(640K)->533K(640K)
[45.085s][info][gc             ] GC(289) Pause Full (Ergonomics) 6380M->6375M(7520M) 2298.203ms
[45.085s][info][gc,cpu         ] GC(289) User=15.83s Sys=0.08s Real=2.30s
[45.174s][info][gc,start       ] GC(290) Pause Young (Allocation Failure)
[45.266s][info][gc,heap        ] GC(290) PSYoungGen: 88576K(435200K)->88864K(443392K) Eden: 88576K(88576K)->0K(96768K) From: 0K(346624K)->88864K(346624K)
[45.266s][info][gc,heap        ] GC(290) ParOldGen: 6528495K(7265792K)->6528495K(7265792K)
[45.266s][info][gc,metaspace   ] GC(290) Metaspace: 6301K(6464K)->6301K(6464K) NonClass: 5768K(5824K)->5768K(5824K) Class: 533K(640K)->533K(640K)
[45.266s][info][gc             ] GC(290) Pause Young (Allocation Failure) 6461M->6462M(7528M) 92.311ms
[45.266s][info][gc,cpu         ] GC(290) User=0.25s Sys=0.00s Real=0.09s
[45.375s][info][gc,start       ] GC(291) Pause Young (Allocation Failure)
[45.505s][info][gc,heap        ] GC(291) PSYoungGen: 185632K(443392K)->185824K(282624K) Eden: 96768K(96768K)->0K(96768K) From: 88864K(346624K)->185824K(185856K)
[45.505s][info][gc,heap        ] GC(291) ParOldGen: 6528495K(7265792K)->6528495K(7265792K)
[45.505s][info][gc,metaspace   ] GC(291) Metaspace: 6301K(6464K)->6301K(6464K) NonClass: 5768K(5824K)->5768K(5824K) Class: 533K(640K)->533K(640K)
[45.505s][info][gc             ] GC(291) Pause Young (Allocation Failure) 6556M->6556M(7371M) 129.780ms
[45.505s][info][gc,cpu         ] GC(291) User=0.44s Sys=0.00s Real=0.13s
[45.615s][info][gc,start       ] GC(292) Pause Young (Allocation Failure)
[45.768s][info][gc,heap        ] GC(292) PSYoungGen: 282592K(282624K)->282720K(417792K) Eden: 96768K(96768K)->0K(84480K) From: 185824K(185856K)->282720K(333312K)
[45.768s][info][gc,heap        ] GC(292) ParOldGen: 6528495K(7265792K)->6528495K(7265792K)
[45.768s][info][gc,metaspace   ] GC(292) Metaspace: 6301K(6464K)->6301K(6464K) NonClass: 5768K(5824K)->5768K(5824K) Class: 533K(640K)->533K(640K)
[45.768s][info][gc             ] GC(292) Pause Young (Allocation Failure) 6651M->6651M(7503M) 152.222ms
[45.768s][info][gc,cpu         ] GC(292) User=0.53s Sys=0.00s Real=0.15s
[45.861s][info][gc,start       ] GC(293) Pause Young (Allocation Failure)
[46.059s][info][gc,heap        ] GC(293) PSYoungGen: 367200K(417792K)->278592K(439808K) Eden: 84480K(84480K)->0K(84480K) From: 282720K(333312K)->278592K(355328K)
[46.059s][info][gc,heap        ] GC(293) ParOldGen: 6528495K(7265792K)->6617879K(7265792K)
[46.059s][info][gc,metaspace   ] GC(293) Metaspace: 6301K(6464K)->6301K(6464K) NonClass: 5768K(5824K)->5768K(5824K) Class: 533K(640K)->533K(640K)
[46.059s][info][gc             ] GC(293) Pause Young (Allocation Failure) 6734M->6734M(7525M) 197.953ms
[46.059s][info][gc,cpu         ] GC(293) User=0.84s Sys=0.03s Real=0.20s
[46.162s][info][gc,start       ] GC(294) Pause Young (Allocation Failure)
[46.417s][info][gc,heap        ] GC(294) PSYoungGen: 363072K(439808K)->266304K(457728K) Eden: 84480K(84480K)->0K(87040K) From: 278592K(355328K)->266304K(370688K)
[46.417s][info][gc,heap        ] GC(294) ParOldGen: 6617879K(7265792K)->6715519K(7265792K)
[46.417s][info][gc,metaspace   ] GC(294) Metaspace: 6301K(6464K)->6301K(6464K) NonClass: 5768K(5824K)->5768K(5824K) Class: 533K(640K)->533K(640K)
[46.417s][info][gc             ] GC(294) Pause Young (Allocation Failure) 6817M->6818M(7542M) 255.806ms
[46.418s][info][gc,cpu         ] GC(294) User=1.12s Sys=0.05s Real=0.26s
[46.508s][info][gc,start       ] GC(295) Pause Young (Allocation Failure)
[46.700s][info][gc,heap        ] GC(295) PSYoungGen: 353344K(457728K)->171936K(464896K) Eden: 87040K(87040K)->0K(87040K) From: 266304K(370688K)->171936K(377856K)
[46.700s][info][gc,heap        ] GC(295) ParOldGen: 6715519K(7265792K)->6898375K(7265792K)
[46.700s][info][gc,metaspace   ] GC(295) Metaspace: 6301K(6464K)->6301K(6464K) NonClass: 5768K(5824K)->5768K(5824K) Class: 533K(640K)->533K(640K)
[46.700s][info][gc             ] GC(295) Pause Young (Allocation Failure) 6903M->6904M(7549M) 191.868ms
[46.700s][info][gc,cpu         ] GC(295) User=0.94s Sys=0.09s Real=0.19s
[46.792s][info][gc,start       ] GC(296) Pause Young (Allocation Failure)
[46.955s][info][gc,heap        ] GC(296) PSYoungGen: 258976K(464896K)->87360K(461312K) Eden: 87040K(87040K)->0K(94208K) From: 171936K(377856K)->87360K(367104K)
[46.955s][info][gc,heap        ] GC(296) ParOldGen: 6898375K(7265792K)->7071431K(7265792K)
[46.955s][info][gc,metaspace   ] GC(296) Metaspace: 6301K(6464K)->6301K(6464K) NonClass: 5768K(5824K)->5768K(5824K) Class: 533K(640K)->533K(640K)
[46.955s][info][gc             ] GC(296) Pause Young (Allocation Failure) 6989M->6991M(7546M) 162.658ms
[46.955s][info][gc,cpu         ] GC(296) User=0.52s Sys=0.14s Real=0.16s
[46.955s][info][gc,start       ] GC(297) Pause Full (Ergonomics)
[46.955s][info][gc,phases,start] GC(297) Marking Phase
[48.655s][info][gc,phases      ] GC(297) Marking Phase 1700.078ms
[48.655s][info][gc,phases,start] GC(297) Summary Phase
[48.655s][info][gc,phases      ] GC(297) Summary Phase 0.162ms
[48.655s][info][gc,phases,start] GC(297) Adjust Roots
[48.656s][info][gc,phases      ] GC(297) Adjust Roots 0.394ms
[48.656s][info][gc,phases,start] GC(297) Compaction Phase
[49.586s][info][gc,phases      ] GC(297) Compaction Phase 930.383ms
[49.586s][info][gc,phases,start] GC(297) Post Compact
[49.598s][info][gc,phases      ] GC(297) Post Compact 11.975ms
[49.601s][info][gc,heap        ] GC(297) PSYoungGen: 87360K(461312K)->0K(464896K) Eden: 0K(94208K)->0K(94208K) From: 87360K(367104K)->0K(370688K)
[49.601s][info][gc,heap        ] GC(297) ParOldGen: 7071431K(7265792K)->7153427K(7999488K)
[49.601s][info][gc,metaspace   ] GC(297) Metaspace: 6301K(6464K)->6301K(6464K) NonClass: 5768K(5824K)->5768K(5824K) Class: 533K(640K)->533K(640K)
[49.601s][info][gc             ] GC(297) Pause Full (Ergonomics) 6991M->6985M(8266M) 2645.828ms
[49.601s][info][gc,cpu         ] GC(297) User=17.09s Sys=0.11s Real=2.64s
[49.700s][info][gc,start       ] GC(298) Pause Young (Allocation Failure)
[49.813s][info][gc,heap        ] GC(298) PSYoungGen: 94208K(464896K)->94496K(469504K) Eden: 94208K(94208K)->0K(103424K) From: 0K(370688K)->94496K(366080K)
[49.814s][info][gc,heap        ] GC(298) ParOldGen: 7153427K(7999488K)->7153427K(7999488K)
[49.814s][info][gc,metaspace   ] GC(298) Metaspace: 6301K(6464K)->6301K(6464K) NonClass: 5768K(5824K)->5768K(5824K) Class: 533K(640K)->533K(640K)
[49.814s][info][gc             ] GC(298) Pause Young (Allocation Failure) 7077M->7078M(8270M) 113.643ms
[49.814s][info][gc,cpu         ] GC(298) User=0.27s Sys=0.00s Real=0.11s
[49.922s][info][gc,start       ] GC(299) Pause Young (Allocation Failure)
[50.057s][info][gc,heap        ] GC(299) PSYoungGen: 197920K(469504K)->198112K(301568K) Eden: 103424K(103424K)->0K(103424K) From: 94496K(366080K)->198112K(198144K)
[50.057s][info][gc,heap        ] GC(299) ParOldGen: 7153427K(7999488K)->7153427K(7999488K)
[50.057s][info][gc,metaspace   ] GC(299) Metaspace: 6301K(6464K)->6301K(6464K) NonClass: 5768K(5824K)->5768K(5824K) Class: 533K(640K)->533K(640K)
[50.057s][info][gc             ] GC(299) Pause Young (Allocation Failure) 7179M->7179M(8106M) 135.597ms
[50.057s][info][gc,cpu         ] GC(299) User=0.59s Sys=0.02s Real=0.14s
[50.177s][info][gc,start       ] GC(300) Pause Young (Allocation Failure)
[50.337s][info][gc,heap        ] GC(300) PSYoungGen: 301536K(301568K)->301792K(444928K) Eden: 103424K(103424K)->0K(88064K) From: 198112K(198144K)->301792K(356864K)
[50.337s][info][gc,heap        ] GC(300) ParOldGen: 7153427K(7999488K)->7153427K(7999488K)
[50.337s][info][gc,metaspace   ] GC(300) Metaspace: 6301K(6464K)->6301K(6464K) NonClass: 5768K(5824K)->5768K(5824K) Class: 533K(640K)->533K(640K)
[50.337s][info][gc             ] GC(300) Pause Young (Allocation Failure) 7280M->7280M(8246M) 160.396ms
[50.337s][info][gc,cpu         ] GC(300) User=0.84s Sys=0.00s Real=0.16s
[50.431s][info][gc,start       ] GC(301) Pause Young (Allocation Failure)
[50.627s][info][gc,heap        ] GC(301) PSYoungGen: 389856K(444928K)->295616K(471040K) Eden: 88064K(88064K)->0K(88064K) From: 301792K(356864K)->295616K(382976K)
[50.627s][info][gc,heap        ] GC(301) ParOldGen: 7153427K(7999488K)->7248507K(7999488K)
[50.627s][info][gc,metaspace   ] GC(301) Metaspace: 6301K(6464K)->6301K(6464K) NonClass: 5768K(5824K)->5768K(5824K) Class: 533K(640K)->533K(640K)
[50.627s][info][gc             ] GC(301) Pause Young (Allocation Failure) 7366M->7367M(8272M) 196.242ms
[50.627s][info][gc,cpu         ] GC(301) User=1.19s Sys=0.03s Real=0.20s
[50.726s][info][gc,start       ] GC(302) Pause Young (Allocation Failure)
[50.922s][info][gc,heap        ] GC(302) PSYoungGen: 383680K(471040K)->280192K(491008K) Eden: 88064K(88064K)->0K(90112K) From: 295616K(382976K)->280192K(400896K)
[50.922s][info][gc,heap        ] GC(302) ParOldGen: 7248507K(7999488K)->7352875K(7999488K)
[50.922s][info][gc,metaspace   ] GC(302) Metaspace: 6301K(6464K)->6301K(6464K) NonClass: 5768K(5824K)->5768K(5824K) Class: 533K(640K)->533K(640K)
[50.922s][info][gc             ] GC(302) Pause Young (Allocation Failure) 7453M->7454M(8291M) 195.311ms
[50.922s][info][gc,cpu         ] GC(302) User=1.28s Sys=0.02s Real=0.19s
[51.026s][info][gc,start       ] GC(303) Pause Young (Allocation Failure)
[51.224s][info][gc,heap        ] GC(303) PSYoungGen: 370304K(491008K)->266880K(499200K) Eden: 90112K(90112K)->0K(90112K) From: 280192K(400896K)->266880K(409088K)
[51.224s][info][gc,heap        ] GC(303) ParOldGen: 7352875K(7999488K)->7457227K(7999488K)
[51.224s][info][gc,metaspace   ] GC(303) Metaspace: 6301K(6464K)->6301K(6464K) NonClass: 5768K(5824K)->5768K(5824K) Class: 533K(640K)->533K(640K)
[51.224s][info][gc             ] GC(303) Pause Young (Allocation Failure) 7542M->7543M(8299M) 198.014ms
[51.224s][info][gc,cpu         ] GC(303) User=1.19s Sys=0.14s Real=0.20s
[51.332s][info][gc,start       ] GC(304) Pause Young (Allocation Failure)
[51.516s][info][gc,heap        ] GC(304) PSYoungGen: 356992K(499200K)->268960K(509440K) Eden: 90112K(90112K)->0K(101376K) From: 266880K(409088K)->268960K(408064K)
[51.516s][info][gc,heap        ] GC(304) ParOldGen: 7457227K(7999488K)->7546091K(7999488K)
[51.516s][info][gc,metaspace   ] GC(304) Metaspace: 6301K(6464K)->6301K(6464K) NonClass: 5768K(5824K)->5768K(5824K) Class: 533K(640K)->533K(640K)
[51.516s][info][gc             ] GC(304) Pause Young (Allocation Failure) 7631M->7631M(8309M) 184.031ms
[51.516s][info][gc,cpu         ] GC(304) User=1.20s Sys=0.03s Real=0.18s
[51.637s][info][gc,start       ] GC(305) Pause Young (Allocation Failure)
[51.845s][info][gc,heap        ] GC(305) PSYoungGen: 370336K(509440K)->191936K(509952K) Eden: 101376K(101376K)->0K(101376K) From: 268960K(408064K)->191936K(408576K)
[51.845s][info][gc,heap        ] GC(305) ParOldGen: 7546091K(7999488K)->7725859K(7999488K)
[51.845s][info][gc,metaspace   ] GC(305) Metaspace: 6301K(6464K)->6301K(6464K) NonClass: 5768K(5824K)->5768K(5824K) Class: 533K(640K)->533K(640K)
[51.845s][info][gc             ] GC(305) Pause Young (Allocation Failure) 7730M->7732M(8310M) 207.332ms
[51.845s][info][gc,cpu         ] GC(305) User=1.34s Sys=0.03s Real=0.21s
[51.957s][info][gc,start       ] GC(306) Pause Young (Allocation Failure)
[52.168s][info][gc,heap        ] GC(306) PSYoungGen: 293312K(509952K)->101632K(507392K) Eden: 101376K(101376K)->0K(111616K) From: 191936K(408576K)->101632K(395776K)
[52.168s][info][gc,heap        ] GC(306) ParOldGen: 7725859K(7999488K)->7919011K(7999488K)
[52.168s][info][gc,metaspace   ] GC(306) Metaspace: 6301K(6464K)->6301K(6464K) NonClass: 5768K(5824K)->5768K(5824K) Class: 533K(640K)->533K(640K)
[52.168s][info][gc             ] GC(306) Pause Young (Allocation Failure) 7831M->7832M(8307M) 210.532ms
[52.168s][info][gc,cpu         ] GC(306) User=0.81s Sys=0.14s Real=0.21s
[52.168s][info][gc,start       ] GC(307) Pause Full (Ergonomics)
[52.168s][info][gc,phases,start] GC(307) Marking Phase
[54.222s][info][gc,phases      ] GC(307) Marking Phase 2054.405ms
[54.222s][info][gc,phases,start] GC(307) Summary Phase
[54.222s][info][gc,phases      ] GC(307) Summary Phase 0.133ms
[54.222s][info][gc,phases,start] GC(307) Adjust Roots
[54.223s][info][gc,phases      ] GC(307) Adjust Roots 0.400ms
[54.223s][info][gc,phases,start] GC(307) Compaction Phase
[55.269s][info][gc,phases      ] GC(307) Compaction Phase 1045.902ms
[55.269s][info][gc,phases,start] GC(307) Post Compact
[55.283s][info][gc,phases      ] GC(307) Post Compact 13.886ms
[55.286s][info][gc,heap        ] GC(307) PSYoungGen: 101632K(507392K)->13965K(507392K) Eden: 0K(111616K)->0K(111616K) From: 101632K(395776K)->13965K(395776K)
[55.286s][info][gc,heap        ] GC(307) ParOldGen: 7919011K(7999488K)->7999344K(8937984K)
[55.286s][info][gc,metaspace   ] GC(307) Metaspace: 6301K(6464K)->6301K(6464K) NonClass: 5768K(5824K)->5768K(5824K) Class: 533K(640K)->533K(640K)
[55.286s][info][gc             ] GC(307) Pause Full (Ergonomics) 7832M->7825M(9224M) 3118.632ms
[55.286s][info][gc,cpu         ] GC(307) User=20.23s Sys=0.11s Real=3.12s
[55.420s][info][gc,start       ] GC(308) Pause Young (Allocation Failure)
[55.874s][info][gc,heap        ] GC(308) PSYoungGen: 125581K(507392K)->112000K(509952K) Eden: 111616K(111616K)->0K(111616K) From: 13965K(395776K)->112000K(398336K)
[55.874s][info][gc,heap        ] GC(308) ParOldGen: 7999344K(8937984K)->8013472K(8937984K)
[55.874s][info][gc,metaspace   ] GC(308) Metaspace: 6301K(6464K)->6301K(6464K) NonClass: 5768K(5824K)->5768K(5824K) Class: 533K(640K)->533K(640K)
[55.874s][info][gc             ] GC(308) Pause Young (Allocation Failure) 7934M->7935M(9226M) 454.321ms
[55.874s][info][gc,cpu         ] GC(308) User=2.84s Sys=0.03s Real=0.45s
[55.992s][info][gc,start       ] GC(309) Pause Young (Allocation Failure)
[56.139s][info][gc,heap        ] GC(309) PSYoungGen: 223616K(509952K)->112000K(510464K) Eden: 111616K(111616K)->0K(123392K) From: 112000K(398336K)->112000K(387072K)
[56.139s][info][gc,heap        ] GC(309) ParOldGen: 8013472K(8937984K)->8126104K(8937984K)
[56.139s][info][gc,metaspace   ] GC(309) Metaspace: 6301K(6464K)->6301K(6464K) NonClass: 5768K(5824K)->5768K(5824K) Class: 533K(640K)->533K(640K)
[56.139s][info][gc             ] GC(309) Pause Young (Allocation Failure) 8044M->8045M(9227M) 147.262ms
[56.139s][info][gc,cpu         ] GC(309) User=0.69s Sys=0.02s Real=0.15s
[56.274s][info][gc,start       ] GC(310) Pause Young (Allocation Failure)
[56.431s][info][gc,heap        ] GC(310) PSYoungGen: 235392K(510464K)->123712K(514560K) Eden: 123392K(123392K)->0K(123392K) From: 112000K(387072K)->123712K(391168K)
[56.431s][info][gc,heap        ] GC(310) ParOldGen: 8126104K(8937984K)->8238744K(8937984K)
[56.431s][info][gc,metaspace   ] GC(310) Metaspace: 6301K(6464K)->6301K(6464K) NonClass: 5768K(5824K)->5768K(5824K) Class: 533K(640K)->533K(640K)
[56.432s][info][gc             ] GC(310) Pause Young (Allocation Failure) 8165M->8166M(9231M) 157.248ms
[56.432s][info][gc,cpu         ] GC(310) User=0.88s Sys=0.06s Real=0.16s
[56.565s][info][gc,start       ] GC(311) Pause Young (Allocation Failure)
[56.726s][info][gc,heap        ] GC(311) PSYoungGen: 247104K(514560K)->123712K(499712K) Eden: 123392K(123392K)->0K(136704K) From: 123712K(391168K)->123712K(363008K)
[56.726s][info][gc,heap        ] GC(311) ParOldGen: 8238744K(8937984K)->8363248K(8937984K)
[56.726s][info][gc,metaspace   ] GC(311) Metaspace: 6301K(6464K)->6301K(6464K) NonClass: 5768K(5824K)->5768K(5824K) Class: 533K(640K)->533K(640K)
[56.726s][info][gc             ] GC(311) Pause Young (Allocation Failure) 8286M->8288M(9216M) 161.783ms
[56.727s][info][gc,cpu         ] GC(311) User=0.86s Sys=0.09s Real=0.16s
[56.883s][info][gc,start       ] GC(312) Pause Young (Allocation Failure)
[57.049s][info][gc,heap        ] GC(312) PSYoungGen: 260416K(499712K)->137056K(509440K) Eden: 136704K(136704K)->0K(136704K) From: 123712K(363008K)->137056K(372736K)
[57.049s][info][gc,heap        ] GC(312) ParOldGen: 8363248K(8937984K)->8487768K(8937984K)
[57.049s][info][gc,metaspace   ] GC(312) Metaspace: 6301K(6464K)->6301K(6464K) NonClass: 5768K(5824K)->5768K(5824K) Class: 533K(640K)->533K(640K)
[57.049s][info][gc             ] GC(312) Pause Young (Allocation Failure) 8421M->8422M(9226M) 166.224ms
[57.049s][info][gc,cpu         ] GC(312) User=0.81s Sys=0.12s Real=0.17s
[57.199s][info][gc,start       ] GC(313) Pause Young (Allocation Failure)
[57.377s][info][gc,heap        ] GC(313) PSYoungGen: 273760K(509440K)->137088K(486912K) Eden: 136704K(136704K)->0K(151552K) From: 137056K(372736K)->137088K(335360K)
[57.377s][info][gc,heap        ] GC(313) ParOldGen: 8487768K(8937984K)->8625728K(8937984K)
[57.377s][info][gc,metaspace   ] GC(313) Metaspace: 6301K(6464K)->6301K(6464K) NonClass: 5768K(5824K)->5768K(5824K) Class: 533K(640K)->533K(640K)
[57.377s][info][gc             ] GC(313) Pause Young (Allocation Failure) 8556M->8557M(9204M) 178.729ms
[57.377s][info][gc,cpu         ] GC(313) User=0.91s Sys=0.05s Real=0.18s
[57.551s][info][gc,start       ] GC(314) Pause Young (Allocation Failure)
[57.740s][info][gc,heap        ] GC(314) PSYoungGen: 288640K(486912K)->151968K(499200K) Eden: 151552K(151552K)->0K(151552K) From: 137088K(335360K)->151968K(347648K)
[57.740s][info][gc,heap        ] GC(314) ParOldGen: 8625728K(8937984K)->8763672K(8937984K)
[57.740s][info][gc,metaspace   ] GC(314) Metaspace: 6301K(6464K)->6301K(6464K) NonClass: 5768K(5824K)->5768K(5824K) Class: 533K(640K)->533K(640K)
[57.740s][info][gc             ] GC(314) Pause Young (Allocation Failure) 8705M->8706M(9216M) 188.837ms
[57.740s][info][gc,cpu         ] GC(314) User=0.94s Sys=0.08s Real=0.19s
[57.740s][info][gc,start       ] GC(315) Pause Full (Ergonomics)
[57.740s][info][gc,phases,start] GC(315) Marking Phase
[59.905s][info][gc,phases      ] GC(315) Marking Phase 2164.211ms
[59.905s][info][gc,phases,start] GC(315) Summary Phase
[59.905s][info][gc,phases      ] GC(315) Summary Phase 0.264ms
[59.905s][info][gc,phases,start] GC(315) Adjust Roots
[59.905s][info][gc,phases      ] GC(315) Adjust Roots 0.261ms
[59.905s][info][gc,phases,start] GC(315) Compaction Phase
[60.928s][info][gc,phases      ] GC(315) Compaction Phase 1023.023ms
[60.928s][info][gc,phases,start] GC(315) Post Compact
[60.944s][info][gc,phases      ] GC(315) Post Compact 15.463ms
[60.946s][info][gc,heap        ] GC(315) PSYoungGen: 151968K(499200K)->0K(501248K) Eden: 0K(151552K)->0K(167936K) From: 151968K(347648K)->0K(333312K)
[60.946s][info][gc,heap        ] GC(315) ParOldGen: 8763672K(8937984K)->8908061K(9489408K)
[60.946s][info][gc,metaspace   ] GC(315) Metaspace: 6301K(6464K)->6301K(6464K) NonClass: 5768K(5824K)->5768K(5824K) Class: 533K(640K)->533K(640K)
[60.946s][info][gc             ] GC(315) Pause Full (Ergonomics) 8706M->8699M(9756M) 3205.415ms
[60.946s][info][gc,cpu         ] GC(315) User=22.62s Sys=0.12s Real=3.21s
[61.137s][info][gc,start       ] GC(316) Pause Young (Allocation Failure)
[61.264s][info][gc,heap        ] GC(316) PSYoungGen: 167936K(501248K)->168384K(336384K) Eden: 167936K(167936K)->0K(167936K) From: 0K(333312K)->168384K(168448K)
[61.264s][info][gc,heap        ] GC(316) ParOldGen: 8908061K(9489408K)->8908061K(9489408K)
[61.264s][info][gc,metaspace   ] GC(316) Metaspace: 6301K(6464K)->6301K(6464K) NonClass: 5768K(5824K)->5768K(5824K) Class: 533K(640K)->533K(640K)
[61.264s][info][gc             ] GC(316) Pause Young (Allocation Failure) 8863M->8863M(9595M) 127.007ms
[61.264s][info][gc,cpu         ] GC(316) User=0.52s Sys=0.02s Real=0.13s
[61.478s][info][gc,start       ] GC(317) Pause Young (Allocation Failure)
[61.670s][info][gc,heap        ] GC(317) PSYoungGen: 336320K(336384K)->316928K(452096K) Eden: 167936K(167936K)->0K(135168K) From: 168384K(168448K)->316928K(316928K)
[61.670s][info][gc,heap        ] GC(317) ParOldGen: 8908061K(9489408K)->8927829K(9489408K)
[61.671s][info][gc,metaspace   ] GC(317) Metaspace: 6301K(6464K)->6301K(6464K) NonClass: 5768K(5824K)->5768K(5824K) Class: 533K(640K)->533K(640K)
[61.671s][info][gc             ] GC(317) Pause Young (Allocation Failure) 9027M->9028M(9708M) 192.421ms
[61.671s][info][gc,cpu         ] GC(317) User=1.03s Sys=0.00s Real=0.19s
[61.821s][info][gc,start       ] GC(318) Pause Young (Allocation Failure)
[62.106s][info][gc,heap        ] GC(318) PSYoungGen: 452096K(452096K)->135520K(499200K) Eden: 135168K(135168K)->0K(135168K) From: 316928K(316928K)->135520K(364032K)
[62.106s][info][gc,heap        ] GC(318) ParOldGen: 8927829K(9489408K)->9247005K(9489408K)
[62.106s][info][gc,metaspace   ] GC(318) Metaspace: 6301K(6464K)->6301K(6464K) NonClass: 5768K(5824K)->5768K(5824K) Class: 533K(640K)->533K(640K)
[62.106s][info][gc             ] GC(318) Pause Young (Allocation Failure) 9160M->9162M(9754M) 285.631ms
[62.106s][info][gc,cpu         ] GC(318) User=1.67s Sys=0.31s Real=0.29s
[62.106s][info][gc,start       ] GC(319) Pause Full (Ergonomics)
[62.106s][info][gc,phases,start] GC(319) Marking Phase
[64.507s][info][gc,phases      ] GC(319) Marking Phase 2400.414ms
[64.507s][info][gc,phases,start] GC(319) Summary Phase
[64.507s][info][gc,phases      ] GC(319) Summary Phase 0.228ms
[64.507s][info][gc,phases,start] GC(319) Adjust Roots
[64.508s][info][gc,phases      ] GC(319) Adjust Roots 0.330ms
[64.508s][info][gc,phases,start] GC(319) Compaction Phase
[65.359s][info][gc,phases      ] GC(319) Compaction Phase 851.896ms
[65.360s][info][gc,phases,start] GC(319) Post Compact
[65.378s][info][gc,phases      ] GC(319) Post Compact 18.018ms
[65.378s][info][gc,heap        ] GC(319) PSYoungGen: 135520K(499200K)->0K(503296K) Eden: 0K(135168K)->0K(148480K) From: 135520K(364032K)->0K(354816K)
[65.378s][info][gc,heap        ] GC(319) ParOldGen: 9247005K(9489408K)->9379002K(9489408K)
[65.378s][info][gc,metaspace   ] GC(319) Metaspace: 6301K(6464K)->6301K(6464K) NonClass: 5768K(5824K)->5768K(5824K) Class: 533K(640K)->533K(640K)
[65.378s][info][gc             ] GC(319) Pause Full (Ergonomics) 9162M->9159M(9758M) 3271.321ms
[65.378s][info][gc,cpu         ] GC(319) User=23.33s Sys=0.22s Real=3.27s
[65.594s][info][gc,start       ] GC(320) Pause Full (Ergonomics)
[65.594s][info][gc,phases,start] GC(320) Marking Phase
[68.048s][info][gc,phases      ] GC(320) Marking Phase 2454.018ms
[68.048s][info][gc,phases,start] GC(320) Summary Phase
[68.049s][info][gc,phases      ] GC(320) Summary Phase 0.173ms
[68.049s][info][gc,phases,start] GC(320) Adjust Roots
[68.049s][info][gc,phases      ] GC(320) Adjust Roots 0.422ms
[68.049s][info][gc,phases,start] GC(320) Compaction Phase
[68.841s][info][gc,phases      ] GC(320) Compaction Phase 791.736ms
[68.841s][info][gc,phases,start] GC(320) Post Compact
[68.859s][info][gc,phases      ] GC(320) Post Compact 18.102ms
[68.859s][info][gc,heap        ] GC(320) PSYoungGen: 148480K(503296K)->38390K(503296K) Eden: 148480K(148480K)->38390K(148480K) From: 0K(354816K)->0K(354816K)
[68.859s][info][gc,heap        ] GC(320) ParOldGen: 9379002K(9489408K)->9489056K(9489408K)
[68.859s][info][gc,metaspace   ] GC(320) Metaspace: 6301K(6464K)->6301K(6464K) NonClass: 5768K(5824K)->5768K(5824K) Class: 533K(640K)->533K(640K)
[68.859s][info][gc             ] GC(320) Pause Full (Ergonomics) 9304M->9304M(9758M) 3265.029ms
[68.859s][info][gc,cpu         ] GC(320) User=22.89s Sys=0.03s Real=3.27s
[68.997s][info][gc,start       ] GC(321) Pause Full (Ergonomics)
[68.998s][info][gc,phases,start] GC(321) Marking Phase
[71.403s][info][gc,phases      ] GC(321) Marking Phase 2405.731ms
[71.403s][info][gc,phases,start] GC(321) Summary Phase
[71.404s][info][gc,phases      ] GC(321) Summary Phase 0.165ms
[71.404s][info][gc,phases,start] GC(321) Adjust Roots
[71.404s][info][gc,phases      ] GC(321) Adjust Roots 0.339ms
[71.404s][info][gc,phases,start] GC(321) Compaction Phase
[72.205s][info][gc,phases      ] GC(321) Compaction Phase 800.664ms
[72.205s][info][gc,phases,start] GC(321) Post Compact
[72.220s][info][gc,phases      ] GC(321) Post Compact 15.285ms
[72.220s][info][gc,heap        ] GC(321) PSYoungGen: 148480K(503296K)->148454K(503296K) Eden: 148480K(148480K)->148454K(148480K) From: 0K(354816K)->0K(354816K)
[72.220s][info][gc,heap        ] GC(321) ParOldGen: 9489056K(9489408K)->9489056K(9489408K)
[72.220s][info][gc,metaspace   ] GC(321) Metaspace: 6301K(6464K)->6301K(6464K) NonClass: 5768K(5824K)->5768K(5824K) Class: 533K(640K)->533K(640K)
[72.220s][info][gc             ] GC(321) Pause Full (Ergonomics) 9411M->9411M(9758M) 3222.711ms
[72.220s][info][gc,cpu         ] GC(321) User=23.27s Sys=0.02s Real=3.22s
[72.220s][info][gc,start       ] GC(322) Pause Full (Ergonomics)
[72.220s][info][gc,phases,start] GC(322) Marking Phase
[74.694s][info][gc,phases      ] GC(322) Marking Phase 2473.967ms
[74.695s][info][gc,phases,start] GC(322) Summary Phase
[74.695s][info][gc,phases      ] GC(322) Summary Phase 0.153ms
[74.695s][info][gc,phases,start] GC(322) Adjust Roots
[74.695s][info][gc,phases      ] GC(322) Adjust Roots 0.249ms
[74.695s][info][gc,phases,start] GC(322) Compaction Phase
[75.551s][info][gc,phases      ] GC(322) Compaction Phase 856.322ms
[75.551s][info][gc,phases,start] GC(322) Post Compact
[75.572s][info][gc,phases      ] GC(322) Post Compact 20.930ms
[75.572s][info][gc,heap        ] GC(322) PSYoungGen: 148480K(503296K)->148479K(503296K) Eden: 148480K(148480K)->148479K(148480K) From: 0K(354816K)->0K(354816K)
[75.572s][info][gc,heap        ] GC(322) ParOldGen: 9489056K(9489408K)->9489056K(9489408K)
[75.572s][info][gc,metaspace   ] GC(322) Metaspace: 6301K(6464K)->6301K(6464K) NonClass: 5768K(5824K)->5768K(5824K) Class: 533K(640K)->533K(640K)
[75.573s][info][gc             ] GC(322) Pause Full (Ergonomics) 9411M->9411M(9758M) 3352.087ms
[75.573s][info][gc,cpu         ] GC(322) User=23.17s Sys=0.02s Real=3.35s
[75.573s][info][gc,start       ] GC(323) Pause Full (Ergonomics)
[75.573s][info][gc,phases,start] GC(323) Marking Phase
[77.961s][info][gc,phases      ] GC(323) Marking Phase 2388.647ms
[77.962s][info][gc,phases,start] GC(323) Summary Phase
[77.962s][info][gc,phases      ] GC(323) Summary Phase 0.161ms
[77.962s][info][gc,phases,start] GC(323) Adjust Roots
[77.962s][info][gc,phases      ] GC(323) Adjust Roots 0.354ms
[77.962s][info][gc,phases,start] GC(323) Compaction Phase
[78.811s][info][gc,phases      ] GC(323) Compaction Phase 848.992ms
[78.811s][info][gc,phases,start] GC(323) Post Compact
[78.827s][info][gc,phases      ] GC(323) Post Compact 15.678ms
[78.827s][info][gc,heap        ] GC(323) PSYoungGen: 148480K(503296K)->148480K(503296K) Eden: 148480K(148480K)->148480K(148480K) From: 0K(354816K)->0K(354816K)
[78.827s][info][gc,heap        ] GC(323) ParOldGen: 9489056K(9489408K)->9489056K(9489408K)
[78.827s][info][gc,metaspace   ] GC(323) Metaspace: 6301K(6464K)->6301K(6464K) NonClass: 5768K(5824K)->5768K(5824K) Class: 533K(640K)->533K(640K)
[78.827s][info][gc             ] GC(323) Pause Full (Ergonomics) 9411M->9411M(9758M) 3254.313ms
[78.827s][info][gc,cpu         ] GC(323) User=23.55s Sys=0.00s Real=3.25s
[78.827s][info][gc,start       ] GC(324) Pause Full (Ergonomics)
[78.827s][info][gc,phases,start] GC(324) Marking Phase
[81.244s][info][gc,phases      ] GC(324) Marking Phase 2416.997ms
[81.244s][info][gc,phases,start] GC(324) Summary Phase
[81.245s][info][gc,phases      ] GC(324) Summary Phase 0.144ms
[81.245s][info][gc,phases,start] GC(324) Adjust Roots
[81.245s][info][gc,phases      ] GC(324) Adjust Roots 0.308ms
[81.245s][info][gc,phases,start] GC(324) Compaction Phase
[82.012s][info][gc,phases      ] GC(324) Compaction Phase 767.248ms
[82.012s][info][gc,phases,start] GC(324) Post Compact
[82.026s][info][gc,phases      ] GC(324) Post Compact 14.070ms
[82.026s][info][gc,heap        ] GC(324) PSYoungGen: 148480K(503296K)->148480K(503296K) Eden: 148480K(148480K)->148480K(148480K) From: 0K(354816K)->0K(354816K)
[82.026s][info][gc,heap        ] GC(324) ParOldGen: 9489061K(9489408K)->9489061K(9489408K)
[82.026s][info][gc,metaspace   ] GC(324) Metaspace: 6301K(6464K)->6301K(6464K) NonClass: 5768K(5824K)->5768K(5824K) Class: 533K(640K)->533K(640K)
[82.026s][info][gc             ] GC(324) Pause Full (Ergonomics) 9411M->9411M(9758M) 3199.167ms
[82.026s][info][gc,cpu         ] GC(324) User=23.52s Sys=0.03s Real=3.20s
[82.027s][info][gc,start       ] GC(325) Pause Full (Ergonomics)
[82.027s][info][gc,phases,start] GC(325) Marking Phase
[84.389s][info][gc,phases      ] GC(325) Marking Phase 2361.812ms
[84.389s][info][gc,phases,start] GC(325) Summary Phase
[84.389s][info][gc,phases      ] GC(325) Summary Phase 0.148ms
[84.389s][info][gc,phases,start] GC(325) Adjust Roots
[84.389s][info][gc,phases      ] GC(325) Adjust Roots 0.354ms
[84.389s][info][gc,phases,start] GC(325) Compaction Phase
[85.228s][info][gc,phases      ] GC(325) Compaction Phase 839.000ms
[85.228s][info][gc,phases,start] GC(325) Post Compact
[85.245s][info][gc,phases      ] GC(325) Post Compact 16.286ms
[85.245s][info][gc,heap        ] GC(325) PSYoungGen: 148480K(503296K)->148480K(503296K) Eden: 148480K(148480K)->148480K(148480K) From: 0K(354816K)->0K(354816K)
[85.245s][info][gc,heap        ] GC(325) ParOldGen: 9489066K(9489408K)->9489066K(9489408K)
[85.245s][info][gc,metaspace   ] GC(325) Metaspace: 6301K(6464K)->6301K(6464K) NonClass: 5768K(5824K)->5768K(5824K) Class: 533K(640K)->533K(640K)
[85.245s][info][gc             ] GC(325) Pause Full (Ergonomics) 9411M->9411M(9758M) 3218.040ms
[85.245s][info][gc,cpu         ] GC(325) User=23.70s Sys=0.02s Real=3.22s
[85.245s][info][gc,start       ] GC(326) Pause Full (Ergonomics)
[85.245s][info][gc,phases,start] GC(326) Marking Phase
[87.583s][info][gc,phases      ] GC(326) Marking Phase 2338.376ms
[87.583s][info][gc,phases,start] GC(326) Summary Phase
[87.584s][info][gc,phases      ] GC(326) Summary Phase 0.123ms
[87.584s][info][gc,phases,start] GC(326) Adjust Roots
[87.584s][info][gc,phases      ] GC(326) Adjust Roots 0.240ms
[87.584s][info][gc,phases,start] GC(326) Compaction Phase
[88.345s][info][gc,phases      ] GC(326) Compaction Phase 761.165ms
[88.345s][info][gc,phases,start] GC(326) Post Compact
[88.360s][info][gc,phases      ] GC(326) Post Compact 14.503ms
[88.360s][info][gc,heap        ] GC(326) PSYoungGen: 148480K(503296K)->148480K(503296K) Eden: 148480K(148480K)->148480K(148480K) From: 0K(354816K)->0K(354816K)
[88.360s][info][gc,heap        ] GC(326) ParOldGen: 9489071K(9489408K)->9489071K(9489408K)
[88.360s][info][gc,metaspace   ] GC(326) Metaspace: 6301K(6464K)->6301K(6464K) NonClass: 5768K(5824K)->5768K(5824K) Class: 533K(640K)->533K(640K)
[88.360s][info][gc             ] GC(326) Pause Full (Ergonomics) 9411M->9411M(9758M) 3114.843ms
[88.360s][info][gc,cpu         ] GC(326) User=23.77s Sys=0.02s Real=3.12s
[88.360s][info][gc,start       ] GC(327) Pause Full (Ergonomics)
[88.360s][info][gc,phases,start] GC(327) Marking Phase
[90.703s][info][gc,phases      ] GC(327) Marking Phase 2343.263ms
[90.704s][info][gc,phases,start] GC(327) Summary Phase
[90.704s][info][gc,phases      ] GC(327) Summary Phase 0.099ms
[90.704s][info][gc,phases,start] GC(327) Adjust Roots
[90.704s][info][gc,phases      ] GC(327) Adjust Roots 0.245ms
[90.704s][info][gc,phases,start] GC(327) Compaction Phase
[91.464s][info][gc,phases      ] GC(327) Compaction Phase 760.550ms
[91.465s][info][gc,phases,start] GC(327) Post Compact
[91.479s][info][gc,phases      ] GC(327) Post Compact 14.665ms
[91.479s][info][gc,heap        ] GC(327) PSYoungGen: 148480K(503296K)->148480K(503296K) Eden: 148480K(148480K)->148480K(148480K) From: 0K(354816K)->0K(354816K)
[91.479s][info][gc,heap        ] GC(327) ParOldGen: 9489076K(9489408K)->9489076K(9489408K)
[91.479s][info][gc,metaspace   ] GC(327) Metaspace: 6301K(6464K)->6301K(6464K) NonClass: 5768K(5824K)->5768K(5824K) Class: 533K(640K)->533K(640K)
[91.479s][info][gc             ] GC(327) Pause Full (Ergonomics) 9411M->9411M(9758M) 3119.187ms
[91.479s][info][gc,cpu         ] GC(327) User=23.84s Sys=0.00s Real=3.12s
[91.480s][info][gc,start       ] GC(328) Pause Full (Ergonomics)
[91.480s][info][gc,phases,start] GC(328) Marking Phase
[93.865s][info][gc,phases      ] GC(328) Marking Phase 2385.429ms
[93.865s][info][gc,phases,start] GC(328) Summary Phase
[93.865s][info][gc,phases      ] GC(328) Summary Phase 0.145ms
[93.865s][info][gc,phases,start] GC(328) Adjust Roots
[93.866s][info][gc,phases      ] GC(328) Adjust Roots 0.305ms
[93.866s][info][gc,phases,start] GC(328) Compaction Phase
[94.691s][info][gc,phases      ] GC(328) Compaction Phase 825.052ms
[94.691s][info][gc,phases,start] GC(328) Post Compact
[94.707s][info][gc,phases      ] GC(328) Post Compact 16.407ms
[94.707s][info][gc,heap        ] GC(328) PSYoungGen: 148480K(503296K)->148480K(503296K) Eden: 148480K(148480K)->148480K(148480K) From: 0K(354816K)->0K(354816K)
[94.707s][info][gc,heap        ] GC(328) ParOldGen: 9489081K(9489408K)->9489081K(9489408K)
[94.707s][info][gc,metaspace   ] GC(328) Metaspace: 6301K(6464K)->6301K(6464K) NonClass: 5768K(5824K)->5768K(5824K) Class: 533K(640K)->533K(640K)
[94.707s][info][gc             ] GC(328) Pause Full (Ergonomics) 9411M->9411M(9758M) 3227.777ms
[94.707s][info][gc,cpu         ] GC(328) User=23.39s Sys=0.02s Real=3.23s
[94.708s][info][gc,start       ] GC(329) Pause Full (Ergonomics)
[94.708s][info][gc,phases,start] GC(329) Marking Phase
[97.118s][info][gc,phases      ] GC(329) Marking Phase 2409.727ms
[97.118s][info][gc,phases,start] GC(329) Summary Phase
[97.118s][info][gc,phases      ] GC(329) Summary Phase 0.150ms
[97.118s][info][gc,phases,start] GC(329) Adjust Roots
[97.118s][info][gc,phases      ] GC(329) Adjust Roots 0.318ms
[97.118s][info][gc,phases,start] GC(329) Compaction Phase
[97.902s][info][gc,phases      ] GC(329) Compaction Phase 784.100ms
[97.902s][info][gc,phases,start] GC(329) Post Compact
[97.916s][info][gc,phases      ] GC(329) Post Compact 14.015ms
[97.916s][info][gc,heap        ] GC(329) PSYoungGen: 148480K(503296K)->148480K(503296K) Eden: 148480K(148480K)->148480K(148480K) From: 0K(354816K)->0K(354816K)
[97.916s][info][gc,heap        ] GC(329) ParOldGen: 9489085K(9489408K)->9489085K(9489408K)
[97.917s][info][gc,metaspace   ] GC(329) Metaspace: 6301K(6464K)->6301K(6464K) NonClass: 5768K(5824K)->5768K(5824K) Class: 533K(640K)->533K(640K)
[97.917s][info][gc             ] GC(329) Pause Full (Ergonomics) 9411M->9411M(9758M) 3208.711ms
[97.917s][info][gc,cpu         ] GC(329) User=23.66s Sys=0.00s Real=3.21s
[97.917s][info][gc,start       ] GC(330) Pause Full (Ergonomics)
[97.917s][info][gc,phases,start] GC(330) Marking Phase
[100.308s][info][gc,phases      ] GC(330) Marking Phase 2391.258ms
[100.308s][info][gc,phases,start] GC(330) Summary Phase
[100.308s][info][gc,phases      ] GC(330) Summary Phase 0.126ms
[100.308s][info][gc,phases,start] GC(330) Adjust Roots
[100.309s][info][gc,phases      ] GC(330) Adjust Roots 0.304ms
[100.309s][info][gc,phases,start] GC(330) Compaction Phase
[101.074s][info][gc,phases      ] GC(330) Compaction Phase 765.916ms
[101.075s][info][gc,phases,start] GC(330) Post Compact
[101.089s][info][gc,phases      ] GC(330) Post Compact 14.318ms
[101.089s][info][gc,heap        ] GC(330) PSYoungGen: 148480K(503296K)->148480K(503296K) Eden: 148480K(148480K)->148480K(148480K) From: 0K(354816K)->0K(354816K)
[101.089s][info][gc,heap        ] GC(330) ParOldGen: 9489090K(9489408K)->9489090K(9489408K)
[101.089s][info][gc,metaspace   ] GC(330) Metaspace: 6301K(6464K)->6301K(6464K) NonClass: 5768K(5824K)->5768K(5824K) Class: 533K(640K)->533K(640K)
[101.089s][info][gc             ] GC(330) Pause Full (Ergonomics) 9411M->9411M(9758M) 3172.280ms
[101.089s][info][gc,cpu         ] GC(330) User=23.31s Sys=0.02s Real=3.17s
[101.089s][info][gc,start       ] GC(331) Pause Full (Ergonomics)
[101.089s][info][gc,phases,start] GC(331) Marking Phase
[103.469s][info][gc,phases      ] GC(331) Marking Phase 2380.212ms
[103.470s][info][gc,phases,start] GC(331) Summary Phase
[103.470s][info][gc,phases      ] GC(331) Summary Phase 0.122ms
[103.470s][info][gc,phases,start] GC(331) Adjust Roots
[103.470s][info][gc,phases      ] GC(331) Adjust Roots 0.308ms
[103.470s][info][gc,phases,start] GC(331) Compaction Phase
[104.257s][info][gc,phases      ] GC(331) Compaction Phase 787.395ms
[104.257s][info][gc,phases,start] GC(331) Post Compact
[104.274s][info][gc,phases      ] GC(331) Post Compact 16.291ms
[104.274s][info][gc,heap        ] GC(331) PSYoungGen: 148480K(503296K)->148480K(503296K) Eden: 148480K(148480K)->148480K(148480K) From: 0K(354816K)->0K(354816K)
[104.274s][info][gc,heap        ] GC(331) ParOldGen: 9489095K(9489408K)->9489095K(9489408K)
[104.274s][info][gc,metaspace   ] GC(331) Metaspace: 6301K(6464K)->6301K(6464K) NonClass: 5768K(5824K)->5768K(5824K) Class: 533K(640K)->533K(640K)
[104.274s][info][gc             ] GC(331) Pause Full (Ergonomics) 9411M->9411M(9758M) 3184.694ms
[104.274s][info][gc,cpu         ] GC(331) User=23.12s Sys=0.00s Real=3.18s
[104.274s][info][gc,start       ] GC(332) Pause Full (Ergonomics)
[104.274s][info][gc,phases,start] GC(332) Marking Phase
[106.675s][info][gc,phases      ] GC(332) Marking Phase 2400.325ms
[106.675s][info][gc,phases,start] GC(332) Summary Phase
[106.675s][info][gc,phases      ] GC(332) Summary Phase 0.128ms
[106.675s][info][gc,phases,start] GC(332) Adjust Roots
[106.675s][info][gc,phases      ] GC(332) Adjust Roots 0.301ms
[106.675s][info][gc,phases,start] GC(332) Compaction Phase
[107.451s][info][gc,phases      ] GC(332) Compaction Phase 775.696ms
[107.451s][info][gc,phases,start] GC(332) Post Compact
[107.466s][info][gc,phases      ] GC(332) Post Compact 15.358ms
[107.466s][info][gc,heap        ] GC(332) PSYoungGen: 148480K(503296K)->148480K(503296K) Eden: 148480K(148480K)->148480K(148480K) From: 0K(354816K)->0K(354816K)
[107.466s][info][gc,heap        ] GC(332) ParOldGen: 9489100K(9489408K)->9489100K(9489408K)
[107.466s][info][gc,metaspace   ] GC(332) Metaspace: 6301K(6464K)->6301K(6464K) NonClass: 5768K(5824K)->5768K(5824K) Class: 533K(640K)->533K(640K)
[107.466s][info][gc             ] GC(332) Pause Full (Ergonomics) 9411M->9411M(9758M) 3192.210ms
[107.466s][info][gc,cpu         ] GC(332) User=22.64s Sys=0.00s Real=3.19s
[107.467s][info][gc,start       ] GC(333) Pause Full (Ergonomics)
[107.467s][info][gc,phases,start] GC(333) Marking Phase
[109.843s][info][gc,phases      ] GC(333) Marking Phase 2376.838ms
[109.844s][info][gc,phases,start] GC(333) Summary Phase
[109.844s][info][gc,phases      ] GC(333) Summary Phase 0.153ms
[109.844s][info][gc,phases,start] GC(333) Adjust Roots
[109.844s][info][gc,phases      ] GC(333) Adjust Roots 0.347ms
[109.844s][info][gc,phases,start] GC(333) Compaction Phase
[110.674s][info][gc,phases      ] GC(333) Compaction Phase 829.845ms
[110.674s][info][gc,phases,start] GC(333) Post Compact
[110.690s][info][gc,phases      ] GC(333) Post Compact 15.585ms
[110.690s][info][gc,heap        ] GC(333) PSYoungGen: 148480K(503296K)->148480K(503296K) Eden: 148480K(148480K)->148480K(148480K) From: 0K(354816K)->0K(354816K)
[110.690s][info][gc,heap        ] GC(333) ParOldGen: 9489105K(9489408K)->9489105K(9489408K)
[110.690s][info][gc,metaspace   ] GC(333) Metaspace: 6301K(6464K)->6301K(6464K) NonClass: 5768K(5824K)->5768K(5824K) Class: 533K(640K)->533K(640K)
[110.690s][info][gc             ] GC(333) Pause Full (Ergonomics) 9411M->9411M(9758M) 3223.191ms
[110.690s][info][gc,cpu         ] GC(333) User=23.28s Sys=0.00s Real=3.22s
[110.690s][info][gc,start       ] GC(334) Pause Full (Ergonomics)
[110.690s][info][gc,phases,start] GC(334) Marking Phase
[113.100s][info][gc,phases      ] GC(334) Marking Phase 2409.986ms
[113.100s][info][gc,phases,start] GC(334) Summary Phase
[113.100s][info][gc,phases      ] GC(334) Summary Phase 0.100ms
[113.100s][info][gc,phases,start] GC(334) Adjust Roots
[113.100s][info][gc,phases      ] GC(334) Adjust Roots 0.270ms
[113.100s][info][gc,phases,start] GC(334) Compaction Phase
[113.924s][info][gc,phases      ] GC(334) Compaction Phase 823.496ms
[113.924s][info][gc,phases,start] GC(334) Post Compact
[113.939s][info][gc,phases      ] GC(334) Post Compact 15.262ms
[113.939s][info][gc,heap        ] GC(334) PSYoungGen: 148480K(503296K)->148480K(503296K) Eden: 148480K(148480K)->148480K(148480K) From: 0K(354816K)->0K(354816K)
[113.939s][info][gc,heap        ] GC(334) ParOldGen: 9489110K(9489408K)->9489110K(9489408K)
[113.939s][info][gc,metaspace   ] GC(334) Metaspace: 6301K(6464K)->6301K(6464K) NonClass: 5768K(5824K)->5768K(5824K) Class: 533K(640K)->533K(640K)
[113.939s][info][gc             ] GC(334) Pause Full (Ergonomics) 9411M->9411M(9758M) 3249.494ms
[113.940s][info][gc,cpu         ] GC(334) User=21.89s Sys=0.02s Real=3.25s
[113.940s][info][gc,start       ] GC(335) Pause Full (Ergonomics)
[113.940s][info][gc,phases,start] GC(335) Marking Phase
[116.264s][info][gc,phases      ] GC(335) Marking Phase 2323.628ms
[116.264s][info][gc,phases,start] GC(335) Summary Phase
[116.264s][info][gc,phases      ] GC(335) Summary Phase 0.130ms
[116.264s][info][gc,phases,start] GC(335) Adjust Roots
[116.264s][info][gc,phases      ] GC(335) Adjust Roots 0.266ms
[116.264s][info][gc,phases,start] GC(335) Compaction Phase
[116.998s][info][gc,phases      ] GC(335) Compaction Phase 734.247ms
[116.998s][info][gc,phases,start] GC(335) Post Compact
[117.014s][info][gc,phases      ] GC(335) Post Compact 15.592ms
[117.014s][info][gc,heap        ] GC(335) PSYoungGen: 148480K(503296K)->148480K(503296K) Eden: 148480K(148480K)->148480K(148480K) From: 0K(354816K)->0K(354816K)
[117.014s][info][gc,heap        ] GC(335) ParOldGen: 9489114K(9489408K)->9489114K(9489408K)
[117.014s][info][gc,metaspace   ] GC(335) Metaspace: 6301K(6464K)->6301K(6464K) NonClass: 5768K(5824K)->5768K(5824K) Class: 533K(640K)->533K(640K)
[117.014s][info][gc             ] GC(335) Pause Full (Ergonomics) 9411M->9411M(9758M) 3074.334ms
[117.014s][info][gc,cpu         ] GC(335) User=22.94s Sys=0.00s Real=3.07s
[117.014s][info][gc,start       ] GC(336) Pause Full (Ergonomics)
[117.014s][info][gc,phases,start] GC(336) Marking Phase
[119.351s][info][gc,phases      ] GC(336) Marking Phase 2336.423ms
[119.351s][info][gc,phases,start] GC(336) Summary Phase
[119.351s][info][gc,phases      ] GC(336) Summary Phase 0.166ms
[119.351s][info][gc,phases,start] GC(336) Adjust Roots
[119.352s][info][gc,phases      ] GC(336) Adjust Roots 0.395ms
[119.352s][info][gc,phases,start] GC(336) Compaction Phase
[120.077s][info][gc,phases      ] GC(336) Compaction Phase 725.652ms
[120.077s][info][gc,phases,start] GC(336) Post Compact
[120.090s][info][gc,phases      ] GC(336) Post Compact 12.816ms
[120.090s][info][gc,heap        ] GC(336) PSYoungGen: 148480K(503296K)->148480K(503296K) Eden: 148480K(148480K)->148480K(148480K) From: 0K(354816K)->0K(354816K)
[120.090s][info][gc,heap        ] GC(336) ParOldGen: 9489119K(9489408K)->9489119K(9489408K)
[120.090s][info][gc,metaspace   ] GC(336) Metaspace: 6301K(6464K)->6301K(6464K) NonClass: 5768K(5824K)->5768K(5824K) Class: 533K(640K)->533K(640K)
[120.090s][info][gc             ] GC(336) Pause Full (Ergonomics) 9411M->9411M(9758M) 3075.864ms
[120.090s][info][gc,cpu         ] GC(336) User=23.28s Sys=0.00s Real=3.08s
[120.090s][info][gc,start       ] GC(337) Pause Full (Ergonomics)
[120.091s][info][gc,phases,start] GC(337) Marking Phase
[122.390s][info][gc,phases      ] GC(337) Marking Phase 2299.735ms
[122.390s][info][gc,phases,start] GC(337) Summary Phase
[122.390s][info][gc,phases      ] GC(337) Summary Phase 0.101ms
[122.390s][info][gc,phases,start] GC(337) Adjust Roots
[122.391s][info][gc,phases      ] GC(337) Adjust Roots 0.230ms
[122.391s][info][gc,phases,start] GC(337) Compaction Phase
[123.108s][info][gc,phases      ] GC(337) Compaction Phase 717.210ms
[123.108s][info][gc,phases,start] GC(337) Post Compact
[123.122s][info][gc,phases      ] GC(337) Post Compact 14.186ms
[123.122s][info][gc,heap        ] GC(337) PSYoungGen: 148480K(503296K)->148480K(503296K) Eden: 148480K(148480K)->148480K(148480K) From: 0K(354816K)->0K(354816K)
[123.122s][info][gc,heap        ] GC(337) ParOldGen: 9489124K(9489408K)->9489124K(9489408K)
[123.122s][info][gc,metaspace   ] GC(337) Metaspace: 6301K(6464K)->6301K(6464K) NonClass: 5768K(5824K)->5768K(5824K) Class: 533K(640K)->533K(640K)
[123.122s][info][gc             ] GC(337) Pause Full (Ergonomics) 9411M->9411M(9758M) 3031.803ms
[123.122s][info][gc,cpu         ] GC(337) User=23.12s Sys=0.02s Real=3.03s
[123.123s][info][gc,start       ] GC(338) Pause Full (Ergonomics)
[123.123s][info][gc,phases,start] GC(338) Marking Phase
[125.437s][info][gc,phases      ] GC(338) Marking Phase 2313.993ms
[125.437s][info][gc,phases,start] GC(338) Summary Phase
[125.437s][info][gc,phases      ] GC(338) Summary Phase 0.149ms
[125.437s][info][gc,phases,start] GC(338) Adjust Roots
[125.437s][info][gc,phases      ] GC(338) Adjust Roots 0.252ms
[125.437s][info][gc,phases,start] GC(338) Compaction Phase
[126.190s][info][gc,phases      ] GC(338) Compaction Phase 752.984ms
[126.190s][info][gc,phases,start] GC(338) Post Compact
[126.206s][info][gc,phases      ] GC(338) Post Compact 15.653ms
[126.206s][info][gc,heap        ] GC(338) PSYoungGen: 148480K(503296K)->148480K(503296K) Eden: 148480K(148480K)->148480K(148480K) From: 0K(354816K)->0K(354816K)
[126.206s][info][gc,heap        ] GC(338) ParOldGen: 9489129K(9489408K)->9489129K(9489408K)
[126.206s][info][gc,metaspace   ] GC(338) Metaspace: 6301K(6464K)->6301K(6464K) NonClass: 5768K(5824K)->5768K(5824K) Class: 533K(640K)->533K(640K)
[126.206s][info][gc             ] GC(338) Pause Full (Ergonomics) 9411M->9411M(9758M) 3083.452ms
[126.206s][info][gc,cpu         ] GC(338) User=23.20s Sys=0.00s Real=3.08s
[126.206s][info][gc,start       ] GC(339) Pause Full (Ergonomics)
[126.206s][info][gc,phases,start] GC(339) Marking Phase
[128.464s][info][gc,phases      ] GC(339) Marking Phase 2257.472ms
[128.464s][info][gc,phases,start] GC(339) Summary Phase
[128.464s][info][gc,phases      ] GC(339) Summary Phase 0.120ms
[128.464s][info][gc,phases,start] GC(339) Adjust Roots
[128.464s][info][gc,phases      ] GC(339) Adjust Roots 0.234ms
[128.464s][info][gc,phases,start] GC(339) Compaction Phase
[129.192s][info][gc,phases      ] GC(339) Compaction Phase 727.705ms
[129.192s][info][gc,phases,start] GC(339) Post Compact
[129.206s][info][gc,phases      ] GC(339) Post Compact 14.154ms
[129.206s][info][gc,heap        ] GC(339) PSYoungGen: 148480K(503296K)->148480K(503296K) Eden: 148480K(148480K)->148480K(148480K) From: 0K(354816K)->0K(354816K)
[129.206s][info][gc,heap        ] GC(339) ParOldGen: 9489134K(9489408K)->9489134K(9489408K)
[129.206s][info][gc,metaspace   ] GC(339) Metaspace: 6301K(6464K)->6301K(6464K) NonClass: 5768K(5824K)->5768K(5824K) Class: 533K(640K)->533K(640K)
[129.206s][info][gc             ] GC(339) Pause Full (Ergonomics) 9411M->9411M(9758M) 3000.025ms
[129.206s][info][gc,cpu         ] GC(339) User=22.75s Sys=0.00s Real=3.00s
[129.206s][info][gc,start       ] GC(340) Pause Full (Ergonomics)
[129.207s][info][gc,phases,start] GC(340) Marking Phase
[131.468s][info][gc,phases      ] GC(340) Marking Phase 2261.252ms
[131.468s][info][gc,phases,start] GC(340) Summary Phase
[131.468s][info][gc,phases      ] GC(340) Summary Phase 0.142ms
[131.468s][info][gc,phases,start] GC(340) Adjust Roots
[131.468s][info][gc,phases      ] GC(340) Adjust Roots 0.217ms
[131.468s][info][gc,phases,start] GC(340) Compaction Phase
[132.249s][info][gc,phases      ] GC(340) Compaction Phase 781.208ms
[132.250s][info][gc,phases,start] GC(340) Post Compact
[132.265s][info][gc,phases      ] GC(340) Post Compact 14.972ms
[132.265s][info][gc,heap        ] GC(340) PSYoungGen: 148480K(503296K)->148480K(503296K) Eden: 148480K(148480K)->148480K(148480K) From: 0K(354816K)->0K(354816K)
[132.265s][info][gc,heap        ] GC(340) ParOldGen: 9489139K(9489408K)->9489139K(9489408K)
[132.265s][info][gc,metaspace   ] GC(340) Metaspace: 6301K(6464K)->6301K(6464K) NonClass: 5768K(5824K)->5768K(5824K) Class: 533K(640K)->533K(640K)
[132.265s][info][gc             ] GC(340) Pause Full (Ergonomics) 9411M->9411M(9758M) 3058.163ms
[132.265s][info][gc,cpu         ] GC(340) User=22.66s Sys=0.02s Real=3.06s
[132.265s][info][gc,start       ] GC(341) Pause Full (Ergonomics)
[132.265s][info][gc,phases,start] GC(341) Marking Phase
[134.536s][info][gc,phases      ] GC(341) Marking Phase 2271.418ms
[134.536s][info][gc,phases,start] GC(341) Summary Phase
[134.537s][info][gc,phases      ] GC(341) Summary Phase 0.169ms
[134.537s][info][gc,phases,start] GC(341) Adjust Roots
[134.537s][info][gc,phases      ] GC(341) Adjust Roots 0.343ms
[134.537s][info][gc,phases,start] GC(341) Compaction Phase
[135.261s][info][gc,phases      ] GC(341) Compaction Phase 723.719ms
[135.261s][info][gc,phases,start] GC(341) Post Compact
[135.276s][info][gc,phases      ] GC(341) Post Compact 14.781ms
[135.276s][info][gc,heap        ] GC(341) PSYoungGen: 148480K(503296K)->148480K(503296K) Eden: 148480K(148480K)->148480K(148480K) From: 0K(354816K)->0K(354816K)
[135.276s][info][gc,heap        ] GC(341) ParOldGen: 9489143K(9489408K)->9489143K(9489408K)
[135.276s][info][gc,metaspace   ] GC(341) Metaspace: 6301K(6464K)->6301K(6464K) NonClass: 5768K(5824K)->5768K(5824K) Class: 533K(640K)->533K(640K)
[135.276s][info][gc             ] GC(341) Pause Full (Ergonomics) 9411M->9411M(9758M) 3010.864ms
[135.276s][info][gc,cpu         ] GC(341) User=22.77s Sys=0.05s Real=3.01s
[135.276s][info][gc,start       ] GC(342) Pause Full (Ergonomics)
[135.276s][info][gc,phases,start] GC(342) Marking Phase
[137.500s][info][gc,phases      ] GC(342) Marking Phase 2224.159ms
[137.500s][info][gc,phases,start] GC(342) Summary Phase
[137.500s][info][gc,phases      ] GC(342) Summary Phase 0.108ms
[137.500s][info][gc,phases,start] GC(342) Adjust Roots
[137.501s][info][gc,phases      ] GC(342) Adjust Roots 0.211ms
[137.501s][info][gc,phases,start] GC(342) Compaction Phase
[138.291s][info][gc,phases      ] GC(342) Compaction Phase 789.949ms
[138.291s][info][gc,phases,start] GC(342) Post Compact
[138.307s][info][gc,phases      ] GC(342) Post Compact 16.494ms
[138.307s][info][gc,heap        ] GC(342) PSYoungGen: 148480K(503296K)->148480K(503296K) Eden: 148480K(148480K)->148480K(148480K) From: 0K(354816K)->0K(354816K)
[138.307s][info][gc,heap        ] GC(342) ParOldGen: 9489148K(9489408K)->9489148K(9489408K)
[138.307s][info][gc,metaspace   ] GC(342) Metaspace: 6301K(6464K)->6301K(6464K) NonClass: 5768K(5824K)->5768K(5824K) Class: 533K(640K)->533K(640K)
[138.307s][info][gc             ] GC(342) Pause Full (Ergonomics) 9411M->9411M(9758M) 3031.457ms
[138.307s][info][gc,cpu         ] GC(342) User=22.34s Sys=0.00s Real=3.03s
[138.308s][info][gc,start       ] GC(343) Pause Full (Ergonomics)
[138.308s][info][gc,phases,start] GC(343) Marking Phase
[140.530s][info][gc,phases      ] GC(343) Marking Phase 2221.852ms
[140.530s][info][gc,phases,start] GC(343) Summary Phase
[140.530s][info][gc,phases      ] GC(343) Summary Phase 0.103ms
[140.530s][info][gc,phases,start] GC(343) Adjust Roots
[140.530s][info][gc,phases      ] GC(343) Adjust Roots 0.200ms
[140.530s][info][gc,phases,start] GC(343) Compaction Phase
[141.279s][info][gc,phases      ] GC(343) Compaction Phase 749.302ms
[141.279s][info][gc,phases,start] GC(343) Post Compact
[141.295s][info][gc,phases      ] GC(343) Post Compact 16.128ms
[141.296s][info][gc,heap        ] GC(343) PSYoungGen: 148480K(503296K)->148480K(503296K) Eden: 148480K(148480K)->148480K(148480K) From: 0K(354816K)->0K(354816K)
[141.296s][info][gc,heap        ] GC(343) ParOldGen: 9489153K(9489408K)->9489153K(9489408K)
[141.296s][info][gc,metaspace   ] GC(343) Metaspace: 6301K(6464K)->6301K(6464K) NonClass: 5768K(5824K)->5768K(5824K) Class: 533K(640K)->533K(640K)
[141.296s][info][gc             ] GC(343) Pause Full (Ergonomics) 9411M->9411M(9758M) 2987.893ms
[141.296s][info][gc,cpu         ] GC(343) User=22.17s Sys=0.02s Real=2.99s
[141.296s][info][gc,start       ] GC(344) Pause Full (Ergonomics)
[141.296s][info][gc,phases,start] GC(344) Marking Phase
[143.505s][info][gc,phases      ] GC(344) Marking Phase 2209.173ms
[143.505s][info][gc,phases,start] GC(344) Summary Phase
[143.505s][info][gc,phases      ] GC(344) Summary Phase 0.117ms
[143.505s][info][gc,phases,start] GC(344) Adjust Roots
[143.505s][info][gc,phases      ] GC(344) Adjust Roots 0.314ms
[143.505s][info][gc,phases,start] GC(344) Compaction Phase
[144.243s][info][gc,phases      ] GC(344) Compaction Phase 737.926ms
[144.243s][info][gc,phases,start] GC(344) Post Compact
[144.259s][info][gc,phases      ] GC(344) Post Compact 15.686ms
[144.259s][info][gc,heap        ] GC(344) PSYoungGen: 148480K(503296K)->148480K(503296K) Eden: 148480K(148480K)->148480K(148480K) From: 0K(354816K)->0K(354816K)
[144.259s][info][gc,heap        ] GC(344) ParOldGen: 9489158K(9489408K)->9489158K(9489408K)
[144.259s][info][gc,metaspace   ] GC(344) Metaspace: 6301K(6464K)->6301K(6464K) NonClass: 5768K(5824K)->5768K(5824K) Class: 533K(640K)->533K(640K)
[144.259s][info][gc             ] GC(344) Pause Full (Ergonomics) 9411M->9411M(9758M) 2963.585ms
[144.259s][info][gc,cpu         ] GC(344) User=22.45s Sys=0.00s Real=2.96s
[144.260s][info][gc,start       ] GC(345) Pause Full (Ergonomics)
[144.260s][info][gc,phases,start] GC(345) Marking Phase
[146.534s][info][gc,phases      ] GC(345) Marking Phase 2274.838ms
[146.535s][info][gc,phases,start] GC(345) Summary Phase
[146.535s][info][gc,phases      ] GC(345) Summary Phase 0.125ms
[146.535s][info][gc,phases,start] GC(345) Adjust Roots
[146.535s][info][gc,phases      ] GC(345) Adjust Roots 0.382ms
[146.535s][info][gc,phases,start] GC(345) Compaction Phase
[147.273s][info][gc,phases      ] GC(345) Compaction Phase 738.043ms
[147.273s][info][gc,phases,start] GC(345) Post Compact
[147.289s][info][gc,phases      ] GC(345) Post Compact 15.603ms
[147.289s][info][gc,heap        ] GC(345) PSYoungGen: 148480K(503296K)->148480K(503296K) Eden: 148480K(148480K)->148480K(148480K) From: 0K(354816K)->0K(354816K)
[147.289s][info][gc,heap        ] GC(345) ParOldGen: 9489163K(9489408K)->9489163K(9489408K)
[147.289s][info][gc,metaspace   ] GC(345) Metaspace: 6301K(6464K)->6301K(6464K) NonClass: 5768K(5824K)->5768K(5824K) Class: 533K(640K)->533K(640K)
[147.289s][info][gc             ] GC(345) Pause Full (Ergonomics) 9411M->9411M(9758M) 3029.421ms
[147.289s][info][gc,cpu         ] GC(345) User=22.55s Sys=0.02s Real=3.03s
[147.289s][info][gc,start       ] GC(346) Pause Full (Ergonomics)
[147.289s][info][gc,phases,start] GC(346) Marking Phase
[149.577s][info][gc,phases      ] GC(346) Marking Phase 2288.216ms
[149.577s][info][gc,phases,start] GC(346) Summary Phase
[149.578s][info][gc,phases      ] GC(346) Summary Phase 0.164ms
[149.578s][info][gc,phases,start] GC(346) Adjust Roots
[149.578s][info][gc,phases      ] GC(346) Adjust Roots 0.257ms
[149.578s][info][gc,phases,start] GC(346) Compaction Phase
[150.289s][info][gc,phases      ] GC(346) Compaction Phase 711.470ms
[150.289s][info][gc,phases,start] GC(346) Post Compact
[150.303s][info][gc,phases      ] GC(346) Post Compact 13.620ms
[150.303s][info][gc,heap        ] GC(346) PSYoungGen: 148480K(503296K)->148480K(503296K) Eden: 148480K(148480K)->148480K(148480K) From: 0K(354816K)->0K(354816K)
[150.303s][info][gc,heap        ] GC(346) ParOldGen: 9489168K(9489408K)->9489168K(9489408K)
[150.303s][info][gc,metaspace   ] GC(346) Metaspace: 6301K(6464K)->6301K(6464K) NonClass: 5768K(5824K)->5768K(5824K) Class: 533K(640K)->533K(640K)
[150.303s][info][gc             ] GC(346) Pause Full (Ergonomics) 9411M->9411M(9758M) 3014.053ms
[150.303s][info][gc,cpu         ] GC(346) User=22.47s Sys=0.00s Real=3.01s
[150.303s][info][gc,start       ] GC(347) Pause Full (Ergonomics)
[150.303s][info][gc,phases,start] GC(347) Marking Phase
[152.540s][info][gc,phases      ] GC(347) Marking Phase 2236.129ms
[152.540s][info][gc,phases,start] GC(347) Summary Phase
[152.540s][info][gc,phases      ] GC(347) Summary Phase 0.138ms
[152.540s][info][gc,phases,start] GC(347) Adjust Roots
[152.540s][info][gc,phases      ] GC(347) Adjust Roots 0.233ms
[152.540s][info][gc,phases,start] GC(347) Compaction Phase
[153.253s][info][gc,phases      ] GC(347) Compaction Phase 713.279ms
[153.253s][info][gc,phases,start] GC(347) Post Compact
[153.269s][info][gc,phases      ] GC(347) Post Compact 15.377ms
[153.269s][info][gc,heap        ] GC(347) PSYoungGen: 148480K(503296K)->148480K(503296K) Eden: 148480K(148480K)->148480K(148480K) From: 0K(354816K)->0K(354816K)
[153.269s][info][gc,heap        ] GC(347) ParOldGen: 9489172K(9489408K)->9489172K(9489408K)
[153.269s][info][gc,metaspace   ] GC(347) Metaspace: 6301K(6464K)->6301K(6464K) NonClass: 5768K(5824K)->5768K(5824K) Class: 533K(640K)->533K(640K)
[153.269s][info][gc             ] GC(347) Pause Full (Ergonomics) 9411M->9411M(9758M) 2965.508ms
[153.269s][info][gc,cpu         ] GC(347) User=22.45s Sys=0.02s Real=2.97s
[153.269s][info][gc,start       ] GC(348) Pause Full (Ergonomics)
[153.269s][info][gc,phases,start] GC(348) Marking Phase
[155.515s][info][gc,phases      ] GC(348) Marking Phase 2245.451ms
[155.515s][info][gc,phases,start] GC(348) Summary Phase
[155.515s][info][gc,phases      ] GC(348) Summary Phase 0.098ms
[155.515s][info][gc,phases,start] GC(348) Adjust Roots
[155.515s][info][gc,phases      ] GC(348) Adjust Roots 0.195ms
[155.515s][info][gc,phases,start] GC(348) Compaction Phase
[156.238s][info][gc,phases      ] GC(348) Compaction Phase 722.470ms
[156.238s][info][gc,phases,start] GC(348) Post Compact
[156.253s][info][gc,phases      ] GC(348) Post Compact 15.436ms
[156.253s][info][gc,heap        ] GC(348) PSYoungGen: 148480K(503296K)->148480K(503296K) Eden: 148480K(148480K)->148480K(148480K) From: 0K(354816K)->0K(354816K)
[156.253s][info][gc,heap        ] GC(348) ParOldGen: 9489177K(9489408K)->9489177K(9489408K)
[156.253s][info][gc,metaspace   ] GC(348) Metaspace: 6301K(6464K)->6301K(6464K) NonClass: 5768K(5824K)->5768K(5824K) Class: 533K(640K)->533K(640K)
[156.253s][info][gc             ] GC(348) Pause Full (Ergonomics) 9411M->9411M(9758M) 2983.990ms
[156.253s][info][gc,cpu         ] GC(348) User=22.72s Sys=0.00s Real=2.98s
[156.253s][info][gc,start       ] GC(349) Pause Full (Ergonomics)
[156.253s][info][gc,phases,start] GC(349) Marking Phase
[158.519s][info][gc,phases      ] GC(349) Marking Phase 2265.411ms
[158.519s][info][gc,phases,start] GC(349) Summary Phase
[158.519s][info][gc,phases      ] GC(349) Summary Phase 0.167ms
[158.519s][info][gc,phases,start] GC(349) Adjust Roots
[158.519s][info][gc,phases      ] GC(349) Adjust Roots 0.307ms
[158.519s][info][gc,phases,start] GC(349) Compaction Phase
[159.240s][info][gc,phases      ] GC(349) Compaction Phase 720.319ms
[159.240s][info][gc,phases,start] GC(349) Post Compact
[159.255s][info][gc,phases      ] GC(349) Post Compact 15.242ms
[159.255s][info][gc,heap        ] GC(349) PSYoungGen: 148480K(503296K)->148480K(503296K) Eden: 148480K(148480K)->148480K(148480K) From: 0K(354816K)->0K(354816K)
[159.255s][info][gc,heap        ] GC(349) ParOldGen: 9489182K(9489408K)->9489182K(9489408K)
[159.255s][info][gc,metaspace   ] GC(349) Metaspace: 6301K(6464K)->6301K(6464K) NonClass: 5768K(5824K)->5768K(5824K) Class: 533K(640K)->533K(640K)
[159.255s][info][gc             ] GC(349) Pause Full (Ergonomics) 9411M->9411M(9758M) 3001.803ms
[159.255s][info][gc,cpu         ] GC(349) User=22.47s Sys=0.00s Real=3.00s
[159.255s][info][gc,start       ] GC(350) Pause Full (Ergonomics)
[159.255s][info][gc,phases,start] GC(350) Marking Phase
[161.493s][info][gc,phases      ] GC(350) Marking Phase 2237.338ms
[161.493s][info][gc,phases,start] GC(350) Summary Phase
[161.493s][info][gc,phases      ] GC(350) Summary Phase 0.105ms
[161.493s][info][gc,phases,start] GC(350) Adjust Roots
[161.493s][info][gc,phases      ] GC(350) Adjust Roots 0.244ms
[161.493s][info][gc,phases,start] GC(350) Compaction Phase
[162.226s][info][gc,phases      ] GC(350) Compaction Phase 732.864ms
[162.226s][info][gc,phases,start] GC(350) Post Compact
[162.242s][info][gc,phases      ] GC(350) Post Compact 15.811ms
[162.242s][info][gc,heap        ] GC(350) PSYoungGen: 148480K(503296K)->148480K(503296K) Eden: 148480K(148480K)->148480K(148480K) From: 0K(354816K)->0K(354816K)
[162.242s][info][gc,heap        ] GC(350) ParOldGen: 9489187K(9489408K)->9489187K(9489408K)
[162.242s][info][gc,metaspace   ] GC(350) Metaspace: 6301K(6464K)->6301K(6464K) NonClass: 5768K(5824K)->5768K(5824K) Class: 533K(640K)->533K(640K)
[162.242s][info][gc             ] GC(350) Pause Full (Ergonomics) 9411M->9411M(9758M) 2986.716ms
[162.242s][info][gc,cpu         ] GC(350) User=22.50s Sys=0.02s Real=2.99s
[162.242s][info][gc,start       ] GC(351) Pause Full (Ergonomics)
[162.242s][info][gc,phases,start] GC(351) Marking Phase
[164.511s][info][gc,phases      ] GC(351) Marking Phase 2268.336ms
[164.511s][info][gc,phases,start] GC(351) Summary Phase
[164.511s][info][gc,phases      ] GC(351) Summary Phase 0.112ms
[164.511s][info][gc,phases,start] GC(351) Adjust Roots
[164.511s][info][gc,phases      ] GC(351) Adjust Roots 0.330ms
[164.511s][info][gc,phases,start] GC(351) Compaction Phase
[165.234s][info][gc,phases      ] GC(351) Compaction Phase 722.975ms
[165.234s][info][gc,phases,start] GC(351) Post Compact
[165.250s][info][gc,phases      ] GC(351) Post Compact 15.917ms
[165.250s][info][gc,heap        ] GC(351) PSYoungGen: 148480K(503296K)->148480K(503296K) Eden: 148480K(148480K)->148480K(148480K) From: 0K(354816K)->0K(354816K)
[165.250s][info][gc,heap        ] GC(351) ParOldGen: 9489192K(9489408K)->9489192K(9489408K)
[165.250s][info][gc,metaspace   ] GC(351) Metaspace: 6301K(6464K)->6301K(6464K) NonClass: 5768K(5824K)->5768K(5824K) Class: 533K(640K)->533K(640K)
[165.250s][info][gc             ] GC(351) Pause Full (Ergonomics) 9411M->9411M(9758M) 3008.002ms
[165.250s][info][gc,cpu         ] GC(351) User=22.64s Sys=0.02s Real=3.01s
[165.251s][info][gc,start       ] GC(352) Pause Full (Ergonomics)
[165.251s][info][gc,phases,start] GC(352) Marking Phase
[167.513s][info][gc,phases      ] GC(352) Marking Phase 2262.634ms
[167.513s][info][gc,phases,start] GC(352) Summary Phase
[167.513s][info][gc,phases      ] GC(352) Summary Phase 0.098ms
[167.513s][info][gc,phases,start] GC(352) Adjust Roots
[167.514s][info][gc,phases      ] GC(352) Adjust Roots 0.176ms
[167.514s][info][gc,phases,start] GC(352) Compaction Phase
[168.267s][info][gc,phases      ] GC(352) Compaction Phase 753.335ms
[168.267s][info][gc,phases,start] GC(352) Post Compact
[168.283s][info][gc,phases      ] GC(352) Post Compact 16.379ms
[168.284s][info][gc,heap        ] GC(352) PSYoungGen: 148480K(503296K)->148480K(503296K) Eden: 148480K(148480K)->148480K(148480K) From: 0K(354816K)->0K(354816K)
[168.284s][info][gc,heap        ] GC(352) ParOldGen: 9489197K(9489408K)->9489197K(9489408K)
[168.284s][info][gc,metaspace   ] GC(352) Metaspace: 6301K(6464K)->6301K(6464K) NonClass: 5768K(5824K)->5768K(5824K) Class: 533K(640K)->533K(640K)
[168.284s][info][gc             ] GC(352) Pause Full (Ergonomics) 9411M->9411M(9758M) 3032.960ms
[168.284s][info][gc,cpu         ] GC(352) User=22.66s Sys=0.00s Real=3.03s
[168.284s][info][gc,start       ] GC(353) Pause Full (Ergonomics)
[168.284s][info][gc,phases,start] GC(353) Marking Phase
[170.537s][info][gc,phases      ] GC(353) Marking Phase 2252.730ms
[170.537s][info][gc,phases,start] GC(353) Summary Phase
[170.537s][info][gc,phases      ] GC(353) Summary Phase 0.164ms
[170.537s][info][gc,phases,start] GC(353) Adjust Roots
[170.537s][info][gc,phases      ] GC(353) Adjust Roots 0.300ms
[170.537s][info][gc,phases,start] GC(353) Compaction Phase
[171.293s][info][gc,phases      ] GC(353) Compaction Phase 755.476ms
[171.293s][info][gc,phases,start] GC(353) Post Compact
[171.307s][info][gc,phases      ] GC(353) Post Compact 14.549ms
[171.307s][info][gc,heap        ] GC(353) PSYoungGen: 148480K(503296K)->148480K(503296K) Eden: 148480K(148480K)->148480K(148480K) From: 0K(354816K)->0K(354816K)
[171.307s][info][gc,heap        ] GC(353) ParOldGen: 9489201K(9489408K)->9489201K(9489408K)
[171.307s][info][gc,metaspace   ] GC(353) Metaspace: 6301K(6464K)->6301K(6464K) NonClass: 5768K(5824K)->5768K(5824K) Class: 533K(640K)->533K(640K)
[171.307s][info][gc             ] GC(353) Pause Full (Ergonomics) 9411M->9411M(9758M) 3023.644ms
[171.307s][info][gc,cpu         ] GC(353) User=22.22s Sys=0.03s Real=3.02s
[171.308s][info][gc,start       ] GC(354) Pause Full (Ergonomics)
[171.308s][info][gc,phases,start] GC(354) Marking Phase
[173.529s][info][gc,phases      ] GC(354) Marking Phase 2221.503ms
[173.529s][info][gc,phases,start] GC(354) Summary Phase
[173.529s][info][gc,phases      ] GC(354) Summary Phase 0.128ms
[173.529s][info][gc,phases,start] GC(354) Adjust Roots
[173.530s][info][gc,phases      ] GC(354) Adjust Roots 0.316ms
[173.530s][info][gc,phases,start] GC(354) Compaction Phase
[174.235s][info][gc,phases      ] GC(354) Compaction Phase 705.383ms
[174.235s][info][gc,phases,start] GC(354) Post Compact
[174.249s][info][gc,phases      ] GC(354) Post Compact 14.003ms
[174.249s][info][gc,heap        ] GC(354) PSYoungGen: 148480K(503296K)->148480K(503296K) Eden: 148480K(148480K)->148480K(148480K) From: 0K(354816K)->0K(354816K)
[174.249s][info][gc,heap        ] GC(354) ParOldGen: 9489206K(9489408K)->9489206K(9489408K)
[174.249s][info][gc,metaspace   ] GC(354) Metaspace: 6301K(6464K)->6301K(6464K) NonClass: 5768K(5824K)->5768K(5824K) Class: 533K(640K)->533K(640K)
[174.249s][info][gc             ] GC(354) Pause Full (Ergonomics) 9411M->9411M(9758M) 2941.715ms
[174.249s][info][gc,cpu         ] GC(354) User=22.20s Sys=0.02s Real=2.94s
[174.250s][info][gc,start       ] GC(355) Pause Full (Ergonomics)
[174.250s][info][gc,phases,start] GC(355) Marking Phase
[176.461s][info][gc,phases      ] GC(355) Marking Phase 2211.820ms
[176.462s][info][gc,phases,start] GC(355) Summary Phase
[176.462s][info][gc,phases      ] GC(355) Summary Phase 0.089ms
[176.462s][info][gc,phases,start] GC(355) Adjust Roots
[176.462s][info][gc,phases      ] GC(355) Adjust Roots 0.180ms
[176.462s][info][gc,phases,start] GC(355) Compaction Phase
[177.176s][info][gc,phases      ] GC(355) Compaction Phase 713.842ms
[177.176s][info][gc,phases,start] GC(355) Post Compact
[177.189s][info][gc,phases      ] GC(355) Post Compact 13.697ms
[177.190s][info][gc,heap        ] GC(355) PSYoungGen: 148480K(503296K)->148480K(503296K) Eden: 148480K(148480K)->148480K(148480K) From: 0K(354816K)->0K(354816K)
[177.190s][info][gc,heap        ] GC(355) ParOldGen: 9489211K(9489408K)->9489211K(9489408K)
[177.190s][info][gc,metaspace   ] GC(355) Metaspace: 6301K(6464K)->6301K(6464K) NonClass: 5768K(5824K)->5768K(5824K) Class: 533K(640K)->533K(640K)
[177.190s][info][gc             ] GC(355) Pause Full (Ergonomics) 9411M->9411M(9758M) 2939.973ms
[177.190s][info][gc,cpu         ] GC(355) User=22.27s Sys=0.02s Real=2.94s
[177.190s][info][gc,start       ] GC(356) Pause Full (Ergonomics)
[177.190s][info][gc,phases,start] GC(356) Marking Phase
[179.441s][info][gc,phases      ] GC(356) Marking Phase 2251.280ms
[179.441s][info][gc,phases,start] GC(356) Summary Phase
[179.441s][info][gc,phases      ] GC(356) Summary Phase 0.108ms
[179.441s][info][gc,phases,start] GC(356) Adjust Roots
[179.441s][info][gc,phases      ] GC(356) Adjust Roots 0.191ms
[179.441s][info][gc,phases,start] GC(356) Compaction Phase
[180.137s][info][gc,phases      ] GC(356) Compaction Phase 695.205ms
[180.137s][info][gc,phases,start] GC(356) Post Compact
[180.150s][info][gc,phases      ] GC(356) Post Compact 13.514ms
[180.150s][info][gc,heap        ] GC(356) PSYoungGen: 148480K(503296K)->148480K(503296K) Eden: 148480K(148480K)->148480K(148480K) From: 0K(354816K)->0K(354816K)
[180.150s][info][gc,heap        ] GC(356) ParOldGen: 9489216K(9489408K)->9489216K(9489408K)
[180.150s][info][gc,metaspace   ] GC(356) Metaspace: 6301K(6464K)->6301K(6464K) NonClass: 5768K(5824K)->5768K(5824K) Class: 533K(640K)->533K(640K)
[180.150s][info][gc             ] GC(356) Pause Full (Ergonomics) 9411M->9411M(9758M) 2960.668ms
[180.150s][info][gc,cpu         ] GC(356) User=22.61s Sys=0.00s Real=2.96s
[180.151s][info][gc,start       ] GC(357) Pause Full (Ergonomics)
[180.151s][info][gc,phases,start] GC(357) Marking Phase
[182.371s][info][gc,phases      ] GC(357) Marking Phase 2220.361ms
[182.371s][info][gc,phases,start] GC(357) Summary Phase
[182.371s][info][gc,phases      ] GC(357) Summary Phase 0.089ms
[182.371s][info][gc,phases,start] GC(357) Adjust Roots
[182.371s][info][gc,phases      ] GC(357) Adjust Roots 0.170ms
[182.371s][info][gc,phases,start] GC(357) Compaction Phase
[183.077s][info][gc,phases      ] GC(357) Compaction Phase 705.520ms
[183.077s][info][gc,phases,start] GC(357) Post Compact
[183.091s][info][gc,phases      ] GC(357) Post Compact 14.152ms
[183.091s][info][gc,heap        ] GC(357) PSYoungGen: 148480K(503296K)->148480K(503296K) Eden: 148480K(148480K)->148480K(148480K) From: 0K(354816K)->0K(354816K)
[183.091s][info][gc,heap        ] GC(357) ParOldGen: 9489221K(9489408K)->9489221K(9489408K)
[183.091s][info][gc,metaspace   ] GC(357) Metaspace: 6301K(6464K)->6301K(6464K) NonClass: 5768K(5824K)->5768K(5824K) Class: 533K(640K)->533K(640K)
[183.091s][info][gc             ] GC(357) Pause Full (Ergonomics) 9411M->9411M(9758M) 2940.630ms
[183.091s][info][gc,cpu         ] GC(357) User=22.52s Sys=0.00s Real=2.94s
[183.092s][info][gc,start       ] GC(358) Pause Full (Ergonomics)
[183.092s][info][gc,phases,start] GC(358) Marking Phase
[185.328s][info][gc,phases      ] GC(358) Marking Phase 2236.435ms
[185.328s][info][gc,phases,start] GC(358) Summary Phase
[185.328s][info][gc,phases      ] GC(358) Summary Phase 0.104ms
[185.328s][info][gc,phases,start] GC(358) Adjust Roots
[185.328s][info][gc,phases      ] GC(358) Adjust Roots 0.213ms
[185.328s][info][gc,phases,start] GC(358) Compaction Phase
[186.013s][info][gc,phases      ] GC(358) Compaction Phase 684.224ms
[186.013s][info][gc,phases,start] GC(358) Post Compact
[186.027s][info][gc,phases      ] GC(358) Post Compact 14.358ms
[186.027s][info][gc,heap        ] GC(358) PSYoungGen: 148480K(503296K)->148480K(503296K) Eden: 148480K(148480K)->148480K(148480K) From: 0K(354816K)->0K(354816K)
[186.027s][info][gc,heap        ] GC(358) ParOldGen: 9489226K(9489408K)->9489226K(9489408K)
[186.027s][info][gc,metaspace   ] GC(358) Metaspace: 6301K(6464K)->6301K(6464K) NonClass: 5768K(5824K)->5768K(5824K) Class: 533K(640K)->533K(640K)
[186.027s][info][gc             ] GC(358) Pause Full (Ergonomics) 9411M->9411M(9758M) 2935.670ms
[186.027s][info][gc,cpu         ] GC(358) User=22.47s Sys=0.02s Real=2.93s
[186.027s][info][gc,start       ] GC(359) Pause Full (Ergonomics)
[186.027s][info][gc,phases,start] GC(359) Marking Phase
[188.262s][info][gc,phases      ] GC(359) Marking Phase 2234.960ms
[188.262s][info][gc,phases,start] GC(359) Summary Phase
[188.263s][info][gc,phases      ] GC(359) Summary Phase 0.096ms
[188.263s][info][gc,phases,start] GC(359) Adjust Roots
[188.263s][info][gc,phases      ] GC(359) Adjust Roots 0.205ms
[188.263s][info][gc,phases,start] GC(359) Compaction Phase
[188.965s][info][gc,phases      ] GC(359) Compaction Phase 701.770ms
[188.965s][info][gc,phases,start] GC(359) Post Compact
[188.979s][info][gc,phases      ] GC(359) Post Compact 14.764ms
[188.979s][info][gc,heap        ] GC(359) PSYoungGen: 148480K(503296K)->148480K(503296K) Eden: 148480K(148480K)->148480K(148480K) From: 0K(354816K)->0K(354816K)
[188.979s][info][gc,heap        ] GC(359) ParOldGen: 9489230K(9489408K)->9489230K(9489408K)
[188.979s][info][gc,metaspace   ] GC(359) Metaspace: 6301K(6464K)->6301K(6464K) NonClass: 5768K(5824K)->5768K(5824K) Class: 533K(640K)->533K(640K)
[188.980s][info][gc             ] GC(359) Pause Full (Ergonomics) 9411M->9411M(9758M) 2952.126ms
[188.980s][info][gc,cpu         ] GC(359) User=22.23s Sys=0.03s Real=2.95s
[188.980s][info][gc,start       ] GC(360) Pause Full (Ergonomics)
[188.980s][info][gc,phases,start] GC(360) Marking Phase
[191.224s][info][gc,phases      ] GC(360) Marking Phase 2244.581ms
[191.224s][info][gc,phases,start] GC(360) Summary Phase
[191.225s][info][gc,phases      ] GC(360) Summary Phase 0.093ms
[191.225s][info][gc,phases,start] GC(360) Adjust Roots
[191.225s][info][gc,phases      ] GC(360) Adjust Roots 0.182ms
[191.225s][info][gc,phases,start] GC(360) Compaction Phase
[191.906s][info][gc,phases      ] GC(360) Compaction Phase 681.332ms
[191.906s][info][gc,phases,start] GC(360) Post Compact
[191.921s][info][gc,phases      ] GC(360) Post Compact 14.475ms
[191.921s][info][gc,heap        ] GC(360) PSYoungGen: 148480K(503296K)->148480K(503296K) Eden: 148480K(148480K)->148480K(148480K) From: 0K(354816K)->0K(354816K)
[191.921s][info][gc,heap        ] GC(360) ParOldGen: 9489235K(9489408K)->9489235K(9489408K)
[191.921s][info][gc,metaspace   ] GC(360) Metaspace: 6301K(6464K)->6301K(6464K) NonClass: 5768K(5824K)->5768K(5824K) Class: 533K(640K)->533K(640K)
[191.921s][info][gc             ] GC(360) Pause Full (Ergonomics) 9411M->9411M(9758M) 2941.022ms
[191.921s][info][gc,cpu         ] GC(360) User=22.44s Sys=0.02s Real=2.94s
[191.921s][info][gc,start       ] GC(361) Pause Full (Ergonomics)
[191.921s][info][gc,phases,start] GC(361) Marking Phase
[194.159s][info][gc,phases      ] GC(361) Marking Phase 2238.168ms
[194.159s][info][gc,phases,start] GC(361) Summary Phase
[194.159s][info][gc,phases      ] GC(361) Summary Phase 0.106ms
[194.159s][info][gc,phases,start] GC(361) Adjust Roots
[194.160s][info][gc,phases      ] GC(361) Adjust Roots 0.244ms
[194.160s][info][gc,phases,start] GC(361) Compaction Phase
[194.823s][info][gc,phases      ] GC(361) Compaction Phase 662.845ms
[194.823s][info][gc,phases,start] GC(361) Post Compact
[194.837s][info][gc,phases      ] GC(361) Post Compact 14.586ms
[194.837s][info][gc,heap        ] GC(361) PSYoungGen: 148480K(503296K)->148480K(503296K) Eden: 148480K(148480K)->148480K(148480K) From: 0K(354816K)->0K(354816K)
[194.837s][info][gc,heap        ] GC(361) ParOldGen: 9489240K(9489408K)->9489240K(9489408K)
[194.837s][info][gc,metaspace   ] GC(361) Metaspace: 6301K(6464K)->6301K(6464K) NonClass: 5768K(5824K)->5768K(5824K) Class: 533K(640K)->533K(640K)
[194.837s][info][gc             ] GC(361) Pause Full (Ergonomics) 9411M->9411M(9758M) 2916.327ms
[194.837s][info][gc,cpu         ] GC(361) User=22.08s Sys=0.03s Real=2.92s
[194.838s][info][gc,start       ] GC(362) Pause Full (Ergonomics)
[194.838s][info][gc,phases,start] GC(362) Marking Phase
[197.033s][info][gc,phases      ] GC(362) Marking Phase 2195.493ms
[197.033s][info][gc,phases,start] GC(362) Summary Phase
[197.033s][info][gc,phases      ] GC(362) Summary Phase 0.089ms
[197.033s][info][gc,phases,start] GC(362) Adjust Roots
[197.034s][info][gc,phases      ] GC(362) Adjust Roots 0.199ms
[197.034s][info][gc,phases,start] GC(362) Compaction Phase
[197.700s][info][gc,phases      ] GC(362) Compaction Phase 666.089ms
[197.700s][info][gc,phases,start] GC(362) Post Compact
[197.714s][info][gc,phases      ] GC(362) Post Compact 14.601ms
[197.714s][info][gc,heap        ] GC(362) PSYoungGen: 148480K(503296K)->148480K(503296K) Eden: 148480K(148480K)->148480K(148480K) From: 0K(354816K)->0K(354816K)
[197.714s][info][gc,heap        ] GC(362) ParOldGen: 9489245K(9489408K)->9489245K(9489408K)
[197.714s][info][gc,metaspace   ] GC(362) Metaspace: 6301K(6464K)->6301K(6464K) NonClass: 5768K(5824K)->5768K(5824K) Class: 533K(640K)->533K(640K)
[197.715s][info][gc             ] GC(362) Pause Full (Ergonomics) 9411M->9411M(9758M) 2876.876ms
[197.715s][info][gc,cpu         ] GC(362) User=21.78s Sys=0.02s Real=2.88s
[197.715s][info][gc,start       ] GC(363) Pause Full (Ergonomics)
[197.715s][info][gc,phases,start] GC(363) Marking Phase
[199.962s][info][gc,phases      ] GC(363) Marking Phase 2247.200ms
[199.962s][info][gc,phases,start] GC(363) Summary Phase
[199.962s][info][gc,phases      ] GC(363) Summary Phase 0.094ms
[199.962s][info][gc,phases,start] GC(363) Adjust Roots
[199.962s][info][gc,phases      ] GC(363) Adjust Roots 0.200ms
[199.962s][info][gc,phases,start] GC(363) Compaction Phase
[200.623s][info][gc,phases      ] GC(363) Compaction Phase 660.208ms
[200.623s][info][gc,phases,start] GC(363) Post Compact
[200.637s][info][gc,phases      ] GC(363) Post Compact 14.511ms
[200.637s][info][gc,heap        ] GC(363) PSYoungGen: 148480K(503296K)->148480K(503296K) Eden: 148480K(148480K)->148480K(148480K) From: 0K(354816K)->0K(354816K)
[200.637s][info][gc,heap        ] GC(363) ParOldGen: 9489250K(9489408K)->9489250K(9489408K)
[200.637s][info][gc,metaspace   ] GC(363) Metaspace: 6301K(6464K)->6301K(6464K) NonClass: 5768K(5824K)->5768K(5824K) Class: 533K(640K)->533K(640K)
[200.637s][info][gc             ] GC(363) Pause Full (Ergonomics) 9411M->9411M(9758M) 2922.537ms
[200.637s][info][gc,cpu         ] GC(363) User=22.14s Sys=0.02s Real=2.92s
[200.637s][info][gc,start       ] GC(364) Pause Full (Ergonomics)
[200.638s][info][gc,phases,start] GC(364) Marking Phase
[202.855s][info][gc,phases      ] GC(364) Marking Phase 2217.951ms
[202.856s][info][gc,phases,start] GC(364) Summary Phase
[202.856s][info][gc,phases      ] GC(364) Summary Phase 0.098ms
[202.856s][info][gc,phases,start] GC(364) Adjust Roots
[202.856s][info][gc,phases      ] GC(364) Adjust Roots 0.166ms
[202.856s][info][gc,phases,start] GC(364) Compaction Phase
[203.515s][info][gc,phases      ] GC(364) Compaction Phase 659.166ms
[203.515s][info][gc,phases,start] GC(364) Post Compact
[203.530s][info][gc,phases      ] GC(364) Post Compact 14.621ms
[203.530s][info][gc,heap        ] GC(364) PSYoungGen: 148480K(503296K)->148480K(503296K) Eden: 148480K(148480K)->148480K(148480K) From: 0K(354816K)->0K(354816K)
[203.530s][info][gc,heap        ] GC(364) ParOldGen: 9489255K(9489408K)->9489255K(9489408K)
[203.530s][info][gc,metaspace   ] GC(364) Metaspace: 6301K(6464K)->6301K(6464K) NonClass: 5768K(5824K)->5768K(5824K) Class: 533K(640K)->533K(640K)
[203.530s][info][gc             ] GC(364) Pause Full (Ergonomics) 9411M->9411M(9758M) 2892.334ms
[203.530s][info][gc,cpu         ] GC(364) User=21.88s Sys=0.00s Real=2.89s
[203.530s][info][gc,start       ] GC(365) Pause Full (Ergonomics)
[203.530s][info][gc,phases,start] GC(365) Marking Phase
[205.743s][info][gc,phases      ] GC(365) Marking Phase 2212.935ms
[205.743s][info][gc,phases,start] GC(365) Summary Phase
[205.743s][info][gc,phases      ] GC(365) Summary Phase 0.091ms
[205.743s][info][gc,phases,start] GC(365) Adjust Roots
[205.743s][info][gc,phases      ] GC(365) Adjust Roots 0.188ms
[205.743s][info][gc,phases,start] GC(365) Compaction Phase
[206.404s][info][gc,phases      ] GC(365) Compaction Phase 661.108ms
[206.405s][info][gc,phases,start] GC(365) Post Compact
[206.419s][info][gc,phases      ] GC(365) Post Compact 14.712ms
[206.419s][info][gc,heap        ] GC(365) PSYoungGen: 148480K(503296K)->148480K(503296K) Eden: 148480K(148480K)->148480K(148480K) From: 0K(354816K)->0K(354816K)
[206.419s][info][gc,heap        ] GC(365) ParOldGen: 9489259K(9489408K)->9489259K(9489408K)
[206.419s][info][gc,metaspace   ] GC(365) Metaspace: 6301K(6464K)->6301K(6464K) NonClass: 5768K(5824K)->5768K(5824K) Class: 533K(640K)->533K(640K)
[206.419s][info][gc             ] GC(365) Pause Full (Ergonomics) 9411M->9411M(9758M) 2889.393ms
[206.419s][info][gc,cpu         ] GC(365) User=21.69s Sys=0.00s Real=2.89s
[206.420s][info][gc,start       ] GC(366) Pause Full (Ergonomics)
[206.420s][info][gc,phases,start] GC(366) Marking Phase
[208.610s][info][gc,phases      ] GC(366) Marking Phase 2189.872ms
[208.610s][info][gc,phases,start] GC(366) Summary Phase
[208.610s][info][gc,phases      ] GC(366) Summary Phase 0.089ms
[208.610s][info][gc,phases,start] GC(366) Adjust Roots
[208.610s][info][gc,phases      ] GC(366) Adjust Roots 0.215ms
[208.610s][info][gc,phases,start] GC(366) Compaction Phase
[209.269s][info][gc,phases      ] GC(366) Compaction Phase 659.153ms
[209.269s][info][gc,phases,start] GC(366) Post Compact
[209.284s][info][gc,phases      ] GC(366) Post Compact 14.427ms
[209.284s][info][gc,heap        ] GC(366) PSYoungGen: 148480K(503296K)->148480K(503296K) Eden: 148480K(148480K)->148480K(148480K) From: 0K(354816K)->0K(354816K)
[209.284s][info][gc,heap        ] GC(366) ParOldGen: 9489264K(9489408K)->9489264K(9489408K)
[209.284s][info][gc,metaspace   ] GC(366) Metaspace: 6301K(6464K)->6301K(6464K) NonClass: 5768K(5824K)->5768K(5824K) Class: 533K(640K)->533K(640K)
[209.284s][info][gc             ] GC(366) Pause Full (Ergonomics) 9411M->9411M(9758M) 2864.130ms
[209.284s][info][gc,cpu         ] GC(366) User=21.58s Sys=0.02s Real=2.86s
[209.284s][info][gc,start       ] GC(367) Pause Full (Ergonomics)
[209.284s][info][gc,phases,start] GC(367) Marking Phase
[211.505s][info][gc,phases      ] GC(367) Marking Phase 2220.680ms
[211.505s][info][gc,phases,start] GC(367) Summary Phase
[211.505s][info][gc,phases      ] GC(367) Summary Phase 0.091ms
[211.505s][info][gc,phases,start] GC(367) Adjust Roots
[211.505s][info][gc,phases      ] GC(367) Adjust Roots 0.200ms
[211.505s][info][gc,phases,start] GC(367) Compaction Phase
[212.158s][info][gc,phases      ] GC(367) Compaction Phase 652.884ms
[212.158s][info][gc,phases,start] GC(367) Post Compact
[212.173s][info][gc,phases      ] GC(367) Post Compact 14.502ms
[212.173s][info][gc,heap        ] GC(367) PSYoungGen: 148480K(503296K)->148480K(503296K) Eden: 148480K(148480K)->148480K(148480K) From: 0K(354816K)->0K(354816K)
[212.173s][info][gc,heap        ] GC(367) ParOldGen: 9489269K(9489408K)->9489269K(9489408K)
[212.173s][info][gc,metaspace   ] GC(367) Metaspace: 6301K(6464K)->6301K(6464K) NonClass: 5768K(5824K)->5768K(5824K) Class: 533K(640K)->533K(640K)
[212.173s][info][gc             ] GC(367) Pause Full (Ergonomics) 9411M->9411M(9758M) 2888.693ms
[212.173s][info][gc,cpu         ] GC(367) User=21.67s Sys=0.02s Real=2.89s
[212.173s][info][gc,start       ] GC(368) Pause Full (Ergonomics)
[212.173s][info][gc,phases,start] GC(368) Marking Phase
[214.350s][info][gc,phases      ] GC(368) Marking Phase 2177.141ms
[214.350s][info][gc,phases,start] GC(368) Summary Phase
[214.350s][info][gc,phases      ] GC(368) Summary Phase 0.092ms
[214.350s][info][gc,phases,start] GC(368) Adjust Roots
[214.350s][info][gc,phases      ] GC(368) Adjust Roots 0.183ms
[214.350s][info][gc,phases,start] GC(368) Compaction Phase
[215.000s][info][gc,phases      ] GC(368) Compaction Phase 649.206ms
[215.000s][info][gc,phases,start] GC(368) Post Compact
[215.014s][info][gc,phases      ] GC(368) Post Compact 14.650ms
[215.015s][info][gc,heap        ] GC(368) PSYoungGen: 148480K(503296K)->148480K(503296K) Eden: 148480K(148480K)->148480K(148480K) From: 0K(354816K)->0K(354816K)
[215.015s][info][gc,heap        ] GC(368) ParOldGen: 9489274K(9489408K)->9489274K(9489408K)
[215.015s][info][gc,metaspace   ] GC(368) Metaspace: 6301K(6464K)->6301K(6464K) NonClass: 5768K(5824K)->5768K(5824K) Class: 533K(640K)->533K(640K)
[215.015s][info][gc             ] GC(368) Pause Full (Ergonomics) 9411M->9411M(9758M) 2841.637ms
[215.015s][info][gc,cpu         ] GC(368) User=21.44s Sys=0.00s Real=2.84s
[215.015s][info][gc,start       ] GC(369) Pause Full (Ergonomics)
[215.015s][info][gc,phases,start] GC(369) Marking Phase
[217.214s][info][gc,phases      ] GC(369) Marking Phase 2198.689ms
[217.214s][info][gc,phases,start] GC(369) Summary Phase
[217.214s][info][gc,phases      ] GC(369) Summary Phase 0.090ms
[217.214s][info][gc,phases,start] GC(369) Adjust Roots
[217.214s][info][gc,phases      ] GC(369) Adjust Roots 0.172ms
[217.214s][info][gc,phases,start] GC(369) Compaction Phase
[217.880s][info][gc,phases      ] GC(369) Compaction Phase 665.643ms
[217.880s][info][gc,phases,start] GC(369) Post Compact
[217.895s][info][gc,phases      ] GC(369) Post Compact 14.986ms
[217.895s][info][gc,heap        ] GC(369) PSYoungGen: 148480K(503296K)->148480K(503296K) Eden: 148480K(148480K)->148480K(148480K) From: 0K(354816K)->0K(354816K)
[217.895s][info][gc,heap        ] GC(369) ParOldGen: 9489279K(9489408K)->9489279K(9489408K)
[217.895s][info][gc,metaspace   ] GC(369) Metaspace: 6301K(6464K)->6301K(6464K) NonClass: 5768K(5824K)->5768K(5824K) Class: 533K(640K)->533K(640K)
[217.895s][info][gc             ] GC(369) Pause Full (Ergonomics) 9411M->9411M(9758M) 2879.925ms
[217.895s][info][gc,cpu         ] GC(369) User=21.73s Sys=0.00s Real=2.88s
[217.895s][info][gc,start       ] GC(370) Pause Full (Ergonomics)
[217.895s][info][gc,phases,start] GC(370) Marking Phase
[220.124s][info][gc,phases      ] GC(370) Marking Phase 2229.398ms
[220.124s][info][gc,phases,start] GC(370) Summary Phase
[220.125s][info][gc,phases      ] GC(370) Summary Phase 0.097ms
[220.125s][info][gc,phases,start] GC(370) Adjust Roots
[220.125s][info][gc,phases      ] GC(370) Adjust Roots 0.172ms
[220.125s][info][gc,phases,start] GC(370) Compaction Phase
[220.783s][info][gc,phases      ] GC(370) Compaction Phase 658.080ms
[220.783s][info][gc,phases,start] GC(370) Post Compact
[220.797s][info][gc,phases      ] GC(370) Post Compact 14.404ms
[220.797s][info][gc,heap        ] GC(370) PSYoungGen: 148480K(503296K)->148480K(503296K) Eden: 148480K(148480K)->148480K(148480K) From: 0K(354816K)->0K(354816K)
[220.797s][info][gc,heap        ] GC(370) ParOldGen: 9489284K(9489408K)->9489284K(9489408K)
[220.797s][info][gc,metaspace   ] GC(370) Metaspace: 6301K(6464K)->6301K(6464K) NonClass: 5768K(5824K)->5768K(5824K) Class: 533K(640K)->533K(640K)
[220.797s][info][gc             ] GC(370) Pause Full (Ergonomics) 9411M->9411M(9758M) 2902.514ms
[220.797s][info][gc,cpu         ] GC(370) User=21.88s Sys=0.00s Real=2.90s
[220.798s][info][gc,start       ] GC(371) Pause Full (Ergonomics)
[220.798s][info][gc,phases,start] GC(371) Marking Phase
[223.008s][info][gc,phases      ] GC(371) Marking Phase 2210.132ms
[223.008s][info][gc,phases,start] GC(371) Summary Phase
[223.008s][info][gc,phases      ] GC(371) Summary Phase 0.093ms
[223.008s][info][gc,phases,start] GC(371) Adjust Roots
[223.008s][info][gc,phases      ] GC(371) Adjust Roots 0.184ms
[223.008s][info][gc,phases,start] GC(371) Compaction Phase
[223.672s][info][gc,phases      ] GC(371) Compaction Phase 663.296ms
[223.672s][info][gc,phases,start] GC(371) Post Compact
[223.686s][info][gc,phases      ] GC(371) Post Compact 14.578ms
[223.686s][info][gc,heap        ] GC(371) PSYoungGen: 148480K(503296K)->148480K(503296K) Eden: 148480K(148480K)->148480K(148480K) From: 0K(354816K)->0K(354816K)
[223.686s][info][gc,heap        ] GC(371) ParOldGen: 9489288K(9489408K)->9489288K(9489408K)
[223.686s][info][gc,metaspace   ] GC(371) Metaspace: 6301K(6464K)->6301K(6464K) NonClass: 5768K(5824K)->5768K(5824K) Class: 533K(640K)->533K(640K)
[223.686s][info][gc             ] GC(371) Pause Full (Ergonomics) 9411M->9411M(9758M) 2888.646ms
[223.686s][info][gc,cpu         ] GC(371) User=21.69s Sys=0.00s Real=2.89s
[223.687s][info][gc,start       ] GC(372) Pause Full (Ergonomics)
[223.687s][info][gc,phases,start] GC(372) Marking Phase
[225.896s][info][gc,phases      ] GC(372) Marking Phase 2209.044ms
[225.896s][info][gc,phases,start] GC(372) Summary Phase
[225.896s][info][gc,phases      ] GC(372) Summary Phase 0.115ms
[225.896s][info][gc,phases,start] GC(372) Adjust Roots
[225.896s][info][gc,phases      ] GC(372) Adjust Roots 0.216ms
[225.896s][info][gc,phases,start] GC(372) Compaction Phase
[226.551s][info][gc,phases      ] GC(372) Compaction Phase 654.743ms
[226.551s][info][gc,phases,start] GC(372) Post Compact
[226.565s][info][gc,phases      ] GC(372) Post Compact 14.539ms
[226.566s][info][gc,heap        ] GC(372) PSYoungGen: 148480K(503296K)->148480K(503296K) Eden: 148480K(148480K)->148480K(148480K) From: 0K(354816K)->0K(354816K)
[226.566s][info][gc,heap        ] GC(372) ParOldGen: 9489293K(9489408K)->9489293K(9489408K)
[226.566s][info][gc,metaspace   ] GC(372) Metaspace: 6301K(6464K)->6301K(6464K) NonClass: 5768K(5824K)->5768K(5824K) Class: 533K(640K)->533K(640K)
[226.566s][info][gc             ] GC(372) Pause Full (Ergonomics) 9411M->9411M(9758M) 2879.000ms
[226.566s][info][gc,cpu         ] GC(372) User=21.67s Sys=0.00s Real=2.88s
[226.566s][info][gc,start       ] GC(373) Pause Full (Ergonomics)
[226.566s][info][gc,phases,start] GC(373) Marking Phase
[228.795s][info][gc,phases      ] GC(373) Marking Phase 2229.605ms
[228.796s][info][gc,phases,start] GC(373) Summary Phase
[228.796s][info][gc,phases      ] GC(373) Summary Phase 0.099ms
[228.796s][info][gc,phases,start] GC(373) Adjust Roots
[228.796s][info][gc,phases      ] GC(373) Adjust Roots 0.200ms
[228.796s][info][gc,phases,start] GC(373) Compaction Phase
[229.442s][info][gc,phases      ] GC(373) Compaction Phase 645.896ms
[229.442s][info][gc,phases,start] GC(373) Post Compact
[229.456s][info][gc,phases      ] GC(373) Post Compact 14.499ms
[229.456s][info][gc,heap        ] GC(373) PSYoungGen: 148480K(503296K)->148480K(503296K) Eden: 148480K(148480K)->148480K(148480K) From: 0K(354816K)->0K(354816K)
[229.456s][info][gc,heap        ] GC(373) ParOldGen: 9489298K(9489408K)->9489298K(9489408K)
[229.456s][info][gc,metaspace   ] GC(373) Metaspace: 6301K(6464K)->6301K(6464K) NonClass: 5768K(5824K)->5768K(5824K) Class: 533K(640K)->533K(640K)
[229.456s][info][gc             ] GC(373) Pause Full (Ergonomics) 9411M->9411M(9758M) 2890.646ms
[229.456s][info][gc,cpu         ] GC(373) User=21.66s Sys=0.00s Real=2.89s
[229.457s][info][gc,start       ] GC(374) Pause Full (Ergonomics)
[229.457s][info][gc,phases,start] GC(374) Marking Phase
[231.649s][info][gc,phases      ] GC(374) Marking Phase 2192.126ms
[231.649s][info][gc,phases,start] GC(374) Summary Phase
[231.649s][info][gc,phases      ] GC(374) Summary Phase 0.091ms
[231.649s][info][gc,phases,start] GC(374) Adjust Roots
[231.649s][info][gc,phases      ] GC(374) Adjust Roots 0.176ms
[231.649s][info][gc,phases,start] GC(374) Compaction Phase
[232.318s][info][gc,phases      ] GC(374) Compaction Phase 668.841ms
[232.318s][info][gc,phases,start] GC(374) Post Compact
[232.333s][info][gc,phases      ] GC(374) Post Compact 14.617ms
[232.333s][info][gc,heap        ] GC(374) PSYoungGen: 148480K(503296K)->148480K(503296K) Eden: 148480K(148480K)->148480K(148480K) From: 0K(354816K)->0K(354816K)
[232.333s][info][gc,heap        ] GC(374) ParOldGen: 9489303K(9489408K)->9489303K(9489408K)
[232.333s][info][gc,metaspace   ] GC(374) Metaspace: 6301K(6464K)->6301K(6464K) NonClass: 5768K(5824K)->5768K(5824K) Class: 533K(640K)->533K(640K)
[232.333s][info][gc             ] GC(374) Pause Full (Ergonomics) 9411M->9411M(9758M) 2876.235ms
[232.333s][info][gc,cpu         ] GC(374) User=21.50s Sys=0.00s Real=2.88s
[232.333s][info][gc,start       ] GC(375) Pause Full (Ergonomics)
[232.333s][info][gc,phases,start] GC(375) Marking Phase
[234.557s][info][gc,phases      ] GC(375) Marking Phase 2224.152ms
[234.557s][info][gc,phases,start] GC(375) Summary Phase
[234.557s][info][gc,phases      ] GC(375) Summary Phase 0.096ms
[234.557s][info][gc,phases,start] GC(375) Adjust Roots
[234.558s][info][gc,phases      ] GC(375) Adjust Roots 0.180ms
[234.558s][info][gc,phases,start] GC(375) Compaction Phase
[235.214s][info][gc,phases      ] GC(375) Compaction Phase 655.846ms
[235.214s][info][gc,phases,start] GC(375) Post Compact
[235.228s][info][gc,phases      ] GC(375) Post Compact 14.454ms
[235.228s][info][gc,heap        ] GC(375) PSYoungGen: 148480K(503296K)->148480K(503296K) Eden: 148480K(148480K)->148480K(148480K) From: 0K(354816K)->0K(354816K)
[235.228s][info][gc,heap        ] GC(375) ParOldGen: 9489308K(9489408K)->9489308K(9489408K)
[235.228s][info][gc,metaspace   ] GC(375) Metaspace: 6301K(6464K)->6301K(6464K) NonClass: 5768K(5824K)->5768K(5824K) Class: 533K(640K)->533K(640K)
[235.228s][info][gc             ] GC(375) Pause Full (Ergonomics) 9411M->9411M(9758M) 2895.063ms
[235.228s][info][gc,cpu         ] GC(375) User=21.59s Sys=0.00s Real=2.89s
[235.228s][info][gc,start       ] GC(376) Pause Full (Ergonomics)
[235.228s][info][gc,phases,start] GC(376) Marking Phase
[237.454s][info][gc,phases      ] GC(376) Marking Phase 2225.251ms
[237.454s][info][gc,phases,start] GC(376) Summary Phase
[237.454s][info][gc,phases      ] GC(376) Summary Phase 0.091ms
[237.454s][info][gc,phases,start] GC(376) Adjust Roots
[237.454s][info][gc,phases      ] GC(376) Adjust Roots 0.170ms
[237.454s][info][gc,phases,start] GC(376) Compaction Phase
[238.114s][info][gc,phases      ] GC(376) Compaction Phase 659.826ms
[238.114s][info][gc,phases,start] GC(376) Post Compact
[238.129s][info][gc,phases      ] GC(376) Post Compact 14.534ms
[238.129s][info][gc,heap        ] GC(376) PSYoungGen: 148480K(503296K)->148480K(503296K) Eden: 148480K(148480K)->148480K(148480K) From: 0K(354816K)->0K(354816K)
[238.129s][info][gc,heap        ] GC(376) ParOldGen: 9489313K(9489408K)->9489313K(9489408K)
[238.129s][info][gc,metaspace   ] GC(376) Metaspace: 6301K(6464K)->6301K(6464K) NonClass: 5768K(5824K)->5768K(5824K) Class: 533K(640K)->533K(640K)
[238.129s][info][gc             ] GC(376) Pause Full (Ergonomics) 9411M->9411M(9758M) 2900.224ms
[238.129s][info][gc,cpu         ] GC(376) User=21.67s Sys=0.00s Real=2.90s
[238.129s][info][gc,start       ] GC(377) Pause Full (Ergonomics)
[238.129s][info][gc,phases,start] GC(377) Marking Phase
[240.368s][info][gc,phases      ] GC(377) Marking Phase 2239.280ms
[240.368s][info][gc,phases,start] GC(377) Summary Phase
[240.368s][info][gc,phases      ] GC(377) Summary Phase 0.098ms
[240.368s][info][gc,phases,start] GC(377) Adjust Roots
[240.369s][info][gc,phases      ] GC(377) Adjust Roots 0.187ms
[240.369s][info][gc,phases,start] GC(377) Compaction Phase
[241.019s][info][gc,phases      ] GC(377) Compaction Phase 650.321ms
[241.019s][info][gc,phases,start] GC(377) Post Compact
[241.033s][info][gc,phases      ] GC(377) Post Compact 14.469ms
[241.034s][info][gc,heap        ] GC(377) PSYoungGen: 148480K(503296K)->148480K(503296K) Eden: 148480K(148480K)->148480K(148480K) From: 0K(354816K)->0K(354816K)
[241.034s][info][gc,heap        ] GC(377) ParOldGen: 9489317K(9489408K)->9489317K(9489408K)
[241.034s][info][gc,metaspace   ] GC(377) Metaspace: 6301K(6464K)->6301K(6464K) NonClass: 5768K(5824K)->5768K(5824K) Class: 533K(640K)->533K(640K)
[241.034s][info][gc             ] GC(377) Pause Full (Ergonomics) 9411M->9411M(9758M) 2904.712ms
[241.034s][info][gc,cpu         ] GC(377) User=21.80s Sys=0.00s Real=2.90s
[241.034s][info][gc,start       ] GC(378) Pause Full (Ergonomics)
[241.034s][info][gc,phases,start] GC(378) Marking Phase
[243.240s][info][gc,phases      ] GC(378) Marking Phase 2205.690ms
[243.240s][info][gc,phases,start] GC(378) Summary Phase
[243.240s][info][gc,phases      ] GC(378) Summary Phase 0.101ms
[243.240s][info][gc,phases,start] GC(378) Adjust Roots
[243.240s][info][gc,phases      ] GC(378) Adjust Roots 0.190ms
[243.240s][info][gc,phases,start] GC(378) Compaction Phase
[243.906s][info][gc,phases      ] GC(378) Compaction Phase 665.983ms
[243.906s][info][gc,phases,start] GC(378) Post Compact
[243.920s][info][gc,phases      ] GC(378) Post Compact 14.501ms
[243.921s][info][gc,heap        ] GC(378) PSYoungGen: 148480K(503296K)->148480K(503296K) Eden: 148480K(148480K)->148480K(148480K) From: 0K(354816K)->0K(354816K)
[243.921s][info][gc,heap        ] GC(378) ParOldGen: 9489322K(9489408K)->9489322K(9489408K)
[243.921s][info][gc,metaspace   ] GC(378) Metaspace: 6301K(6464K)->6301K(6464K) NonClass: 5768K(5824K)->5768K(5824K) Class: 533K(640K)->533K(640K)
[243.921s][info][gc             ] GC(378) Pause Full (Ergonomics) 9411M->9411M(9758M) 2886.823ms
[243.921s][info][gc,cpu         ] GC(378) User=21.62s Sys=0.02s Real=2.89s
[243.921s][info][gc,start       ] GC(379) Pause Full (Ergonomics)
[243.921s][info][gc,phases,start] GC(379) Marking Phase
[246.150s][info][gc,phases      ] GC(379) Marking Phase 2229.201ms
[246.150s][info][gc,phases,start] GC(379) Summary Phase
[246.150s][info][gc,phases      ] GC(379) Summary Phase 0.090ms
[246.150s][info][gc,phases,start] GC(379) Adjust Roots
[246.150s][info][gc,phases      ] GC(379) Adjust Roots 0.178ms
[246.150s][info][gc,phases,start] GC(379) Compaction Phase
[246.824s][info][gc,phases      ] GC(379) Compaction Phase 673.802ms
[246.824s][info][gc,phases,start] GC(379) Post Compact
[246.839s][info][gc,phases      ] GC(379) Post Compact 14.360ms
[246.839s][info][gc,heap        ] GC(379) PSYoungGen: 148480K(503296K)->148480K(503296K) Eden: 148480K(148480K)->148480K(148480K) From: 0K(354816K)->0K(354816K)
[246.839s][info][gc,heap        ] GC(379) ParOldGen: 9489327K(9489408K)->9489327K(9489408K)
[246.839s][info][gc,metaspace   ] GC(379) Metaspace: 6301K(6464K)->6301K(6464K) NonClass: 5768K(5824K)->5768K(5824K) Class: 533K(640K)->533K(640K)
[246.839s][info][gc             ] GC(379) Pause Full (Ergonomics) 9411M->9411M(9758M) 2917.962ms
[246.839s][info][gc,cpu         ] GC(379) User=21.95s Sys=0.00s Real=2.92s
[246.839s][info][gc,start       ] GC(380) Pause Full (Ergonomics)
[246.839s][info][gc,phases,start] GC(380) Marking Phase
[249.021s][info][gc,phases      ] GC(380) Marking Phase 2181.523ms
[249.021s][info][gc,phases,start] GC(380) Summary Phase
[249.021s][info][gc,phases      ] GC(380) Summary Phase 0.151ms
[249.021s][info][gc,phases,start] GC(380) Adjust Roots
[249.021s][info][gc,phases      ] GC(380) Adjust Roots 0.204ms
[249.021s][info][gc,phases,start] GC(380) Compaction Phase
[249.684s][info][gc,phases      ] GC(380) Compaction Phase 662.678ms
[249.684s][info][gc,phases,start] GC(380) Post Compact
[249.698s][info][gc,phases      ] GC(380) Post Compact 14.546ms
[249.698s][info][gc,heap        ] GC(380) PSYoungGen: 148480K(503296K)->148480K(503296K) Eden: 148480K(148480K)->148480K(148480K) From: 0K(354816K)->0K(354816K)
[249.698s][info][gc,heap        ] GC(380) ParOldGen: 9489332K(9489408K)->9489332K(9489408K)
[249.698s][info][gc,metaspace   ] GC(380) Metaspace: 6301K(6464K)->6301K(6464K) NonClass: 5768K(5824K)->5768K(5824K) Class: 533K(640K)->533K(640K)
[249.699s][info][gc             ] GC(380) Pause Full (Ergonomics) 9411M->9411M(9758M) 2859.453ms
[249.699s][info][gc,cpu         ] GC(380) User=21.58s Sys=0.00s Real=2.86s
[249.699s][info][gc,start       ] GC(381) Pause Full (Ergonomics)
[249.699s][info][gc,phases,start] GC(381) Marking Phase
[251.894s][info][gc,phases      ] GC(381) Marking Phase 2195.073ms
[251.894s][info][gc,phases,start] GC(381) Summary Phase
[251.894s][info][gc,phases      ] GC(381) Summary Phase 0.090ms
[251.894s][info][gc,phases,start] GC(381) Adjust Roots
[251.894s][info][gc,phases      ] GC(381) Adjust Roots 0.171ms
[251.894s][info][gc,phases,start] GC(381) Compaction Phase
[252.554s][info][gc,phases      ] GC(381) Compaction Phase 660.207ms
[252.554s][info][gc,phases,start] GC(381) Post Compact
[252.569s][info][gc,phases      ] GC(381) Post Compact 14.329ms
[252.569s][info][gc,heap        ] GC(381) PSYoungGen: 148480K(503296K)->148480K(503296K) Eden: 148480K(148480K)->148480K(148480K) From: 0K(354816K)->0K(354816K)
[252.569s][info][gc,heap        ] GC(381) ParOldGen: 9489337K(9489408K)->9489337K(9489408K)
[252.569s][info][gc,metaspace   ] GC(381) Metaspace: 6301K(6464K)->6301K(6464K) NonClass: 5768K(5824K)->5768K(5824K) Class: 533K(640K)->533K(640K)
[252.569s][info][gc             ] GC(381) Pause Full (Ergonomics) 9411M->9411M(9758M) 2870.198ms
[252.569s][info][gc,cpu         ] GC(381) User=21.50s Sys=0.00s Real=2.87s
[252.569s][info][gc,start       ] GC(382) Pause Full (Ergonomics)
[252.569s][info][gc,phases,start] GC(382) Marking Phase
[254.809s][info][gc,phases      ] GC(382) Marking Phase 2239.531ms
[254.809s][info][gc,phases,start] GC(382) Summary Phase
[254.809s][info][gc,phases      ] GC(382) Summary Phase 0.097ms
[254.809s][info][gc,phases,start] GC(382) Adjust Roots
[254.809s][info][gc,phases      ] GC(382) Adjust Roots 0.174ms
[254.809s][info][gc,phases,start] GC(382) Compaction Phase
[255.471s][info][gc,phases      ] GC(382) Compaction Phase 661.640ms
[255.471s][info][gc,phases,start] GC(382) Post Compact
[255.485s][info][gc,phases      ] GC(382) Post Compact 14.499ms
[255.485s][info][gc,heap        ] GC(382) PSYoungGen: 148480K(503296K)->148480K(503296K) Eden: 148480K(148480K)->148480K(148480K) From: 0K(354816K)->0K(354816K)
[255.485s][info][gc,heap        ] GC(382) ParOldGen: 9489342K(9489408K)->9489342K(9489408K)
[255.485s][info][gc,metaspace   ] GC(382) Metaspace: 6301K(6464K)->6301K(6464K) NonClass: 5768K(5824K)->5768K(5824K) Class: 533K(640K)->533K(640K)
[255.486s][info][gc             ] GC(382) Pause Full (Ergonomics) 9411M->9411M(9758M) 2916.321ms
[255.486s][info][gc,cpu         ] GC(382) User=21.84s Sys=0.00s Real=2.92s
[255.486s][info][gc,start       ] GC(383) Pause Full (Ergonomics)
[255.486s][info][gc,phases,start] GC(383) Marking Phase
[257.694s][info][gc,phases      ] GC(383) Marking Phase 2208.609ms
[257.694s][info][gc,phases,start] GC(383) Summary Phase
[257.695s][info][gc,phases      ] GC(383) Summary Phase 0.092ms
[257.695s][info][gc,phases,start] GC(383) Adjust Roots
[257.695s][info][gc,phases      ] GC(383) Adjust Roots 0.179ms
[257.695s][info][gc,phases,start] GC(383) Compaction Phase
[258.356s][info][gc,phases      ] GC(383) Compaction Phase 661.019ms
[258.356s][info][gc,phases,start] GC(383) Post Compact
[258.371s][info][gc,phases      ] GC(383) Post Compact 15.067ms
[258.371s][info][gc,heap        ] GC(383) PSYoungGen: 148480K(503296K)->148480K(503296K) Eden: 148480K(148480K)->148480K(148480K) From: 0K(354816K)->0K(354816K)
[258.371s][info][gc,heap        ] GC(383) ParOldGen: 9489346K(9489408K)->9489346K(9489408K)
[258.371s][info][gc,metaspace   ] GC(383) Metaspace: 6301K(6464K)->6301K(6464K) NonClass: 5768K(5824K)->5768K(5824K) Class: 533K(640K)->533K(640K)
[258.371s][info][gc             ] GC(383) Pause Full (Ergonomics) 9411M->9411M(9758M) 2885.318ms
[258.371s][info][gc,cpu         ] GC(383) User=21.55s Sys=0.00s Real=2.88s
[258.371s][info][gc,start       ] GC(384) Pause Full (Ergonomics)
[258.371s][info][gc,phases,start] GC(384) Marking Phase
[260.609s][info][gc,phases      ] GC(384) Marking Phase 2237.747ms
[260.609s][info][gc,phases,start] GC(384) Summary Phase
[260.609s][info][gc,phases      ] GC(384) Summary Phase 0.098ms
[260.609s][info][gc,phases,start] GC(384) Adjust Roots
[260.609s][info][gc,phases      ] GC(384) Adjust Roots 0.207ms
[260.609s][info][gc,phases,start] GC(384) Compaction Phase
[261.269s][info][gc,phases      ] GC(384) Compaction Phase 659.187ms
[261.269s][info][gc,phases,start] GC(384) Post Compact
[261.283s][info][gc,phases      ] GC(384) Post Compact 14.564ms
[261.283s][info][gc,heap        ] GC(384) PSYoungGen: 148480K(503296K)->148480K(503296K) Eden: 148480K(148480K)->148480K(148480K) From: 0K(354816K)->0K(354816K)
[261.283s][info][gc,heap        ] GC(384) ParOldGen: 9489351K(9489408K)->9489351K(9489408K)
[261.283s][info][gc,metaspace   ] GC(384) Metaspace: 6301K(6464K)->6301K(6464K) NonClass: 5768K(5824K)->5768K(5824K) Class: 533K(640K)->533K(640K)
[261.283s][info][gc             ] GC(384) Pause Full (Ergonomics) 9411M->9411M(9758M) 2912.156ms
[261.283s][info][gc,cpu         ] GC(384) User=21.80s Sys=0.03s Real=2.91s
[261.284s][info][gc,start       ] GC(385) Pause Full (Ergonomics)
[261.284s][info][gc,phases,start] GC(385) Marking Phase
[263.488s][info][gc,phases      ] GC(385) Marking Phase 2204.704ms
[263.488s][info][gc,phases,start] GC(385) Summary Phase
[263.489s][info][gc,phases      ] GC(385) Summary Phase 0.091ms
[263.489s][info][gc,phases,start] GC(385) Adjust Roots
[263.489s][info][gc,phases      ] GC(385) Adjust Roots 0.177ms
[263.489s][info][gc,phases,start] GC(385) Compaction Phase
[264.147s][info][gc,phases      ] GC(385) Compaction Phase 658.649ms
[264.147s][info][gc,phases,start] GC(385) Post Compact
[264.162s][info][gc,phases      ] GC(385) Post Compact 14.453ms
[264.162s][info][gc,heap        ] GC(385) PSYoungGen: 148480K(503296K)->148480K(503296K) Eden: 148480K(148480K)->148480K(148480K) From: 0K(354816K)->0K(354816K)
[264.162s][info][gc,heap        ] GC(385) ParOldGen: 9489356K(9489408K)->9489356K(9489408K)
[264.162s][info][gc,metaspace   ] GC(385) Metaspace: 6301K(6464K)->6301K(6464K) NonClass: 5768K(5824K)->5768K(5824K) Class: 533K(640K)->533K(640K)
[264.162s][info][gc             ] GC(385) Pause Full (Ergonomics) 9411M->9411M(9758M) 2878.429ms
[264.162s][info][gc,cpu         ] GC(385) User=21.48s Sys=0.00s Real=2.88s
[264.162s][info][gc,start       ] GC(386) Pause Full (Ergonomics)
[264.162s][info][gc,phases,start] GC(386) Marking Phase
[266.365s][info][gc,phases      ] GC(386) Marking Phase 2202.875ms
[266.365s][info][gc,phases,start] GC(386) Summary Phase
[266.365s][info][gc,phases      ] GC(386) Summary Phase 0.090ms
[266.365s][info][gc,phases,start] GC(386) Adjust Roots
[266.366s][info][gc,phases      ] GC(386) Adjust Roots 0.184ms
[266.366s][info][gc,phases,start] GC(386) Compaction Phase
[267.026s][info][gc,phases      ] GC(386) Compaction Phase 660.743ms
[267.026s][info][gc,phases,start] GC(386) Post Compact
[267.041s][info][gc,phases      ] GC(386) Post Compact 14.549ms
[267.041s][info][gc,heap        ] GC(386) PSYoungGen: 148480K(503296K)->148480K(503296K) Eden: 148480K(148480K)->148480K(148480K) From: 0K(354816K)->0K(354816K)
[267.041s][info][gc,heap        ] GC(386) ParOldGen: 9489361K(9489408K)->9489361K(9489408K)
[267.041s][info][gc,metaspace   ] GC(386) Metaspace: 6301K(6464K)->6301K(6464K) NonClass: 5768K(5824K)->5768K(5824K) Class: 533K(640K)->533K(640K)
[267.041s][info][gc             ] GC(386) Pause Full (Ergonomics) 9411M->9411M(9758M) 2878.800ms
[267.041s][info][gc,cpu         ] GC(386) User=21.62s Sys=0.02s Real=2.88s
[267.041s][info][gc,start       ] GC(387) Pause Full (Ergonomics)
[267.041s][info][gc,phases,start] GC(387) Marking Phase
[269.265s][info][gc,phases      ] GC(387) Marking Phase 2224.038ms
[269.265s][info][gc,phases,start] GC(387) Summary Phase
[269.266s][info][gc,phases      ] GC(387) Summary Phase 0.090ms
[269.266s][info][gc,phases,start] GC(387) Adjust Roots
[269.266s][info][gc,phases      ] GC(387) Adjust Roots 0.167ms
[269.266s][info][gc,phases,start] GC(387) Compaction Phase
[269.938s][info][gc,phases      ] GC(387) Compaction Phase 671.968ms
[269.938s][info][gc,phases,start] GC(387) Post Compact
[269.952s][info][gc,phases      ] GC(387) Post Compact 14.514ms
[269.952s][info][gc,heap        ] GC(387) PSYoungGen: 148480K(503296K)->148480K(503296K) Eden: 148480K(148480K)->148480K(148480K) From: 0K(354816K)->0K(354816K)
[269.952s][info][gc,heap        ] GC(387) ParOldGen: 9489366K(9489408K)->9489366K(9489408K)
[269.952s][info][gc,metaspace   ] GC(387) Metaspace: 6301K(6464K)->6301K(6464K) NonClass: 5768K(5824K)->5768K(5824K) Class: 533K(640K)->533K(640K)
[269.952s][info][gc             ] GC(387) Pause Full (Ergonomics) 9411M->9411M(9758M) 2911.135ms
[269.953s][info][gc,cpu         ] GC(387) User=21.80s Sys=0.00s Real=2.91s
[269.953s][info][gc,start       ] GC(388) Pause Full (Ergonomics)
[269.953s][info][gc,phases,start] GC(388) Marking Phase
[272.160s][info][gc,phases      ] GC(388) Marking Phase 2206.995ms
[272.160s][info][gc,phases,start] GC(388) Summary Phase
[272.160s][info][gc,phases      ] GC(388) Summary Phase 0.090ms
[272.160s][info][gc,phases,start] GC(388) Adjust Roots
[272.160s][info][gc,phases      ] GC(388) Adjust Roots 0.177ms
[272.160s][info][gc,phases,start] GC(388) Compaction Phase
[272.816s][info][gc,phases      ] GC(388) Compaction Phase 655.875ms
[272.816s][info][gc,phases,start] GC(388) Post Compact
[272.831s][info][gc,phases      ] GC(388) Post Compact 14.503ms
[272.831s][info][gc,heap        ] GC(388) PSYoungGen: 148480K(503296K)->148480K(503296K) Eden: 148480K(148480K)->148480K(148480K) From: 0K(354816K)->0K(354816K)
[272.831s][info][gc,heap        ] GC(388) ParOldGen: 9489371K(9489408K)->9489371K(9489408K)
[272.831s][info][gc,metaspace   ] GC(388) Metaspace: 6301K(6464K)->6301K(6464K) NonClass: 5768K(5824K)->5768K(5824K) Class: 533K(640K)->533K(640K)
[272.831s][info][gc             ] GC(388) Pause Full (Ergonomics) 9411M->9411M(9758M) 2877.975ms
[272.831s][info][gc,cpu         ] GC(388) User=21.64s Sys=0.00s Real=2.88s
[272.831s][info][gc,start       ] GC(389) Pause Full (Ergonomics)
[272.831s][info][gc,phases,start] GC(389) Marking Phase
[275.021s][info][gc,phases      ] GC(389) Marking Phase 2190.474ms
[275.021s][info][gc,phases,start] GC(389) Summary Phase
[275.022s][info][gc,phases      ] GC(389) Summary Phase 0.095ms
[275.022s][info][gc,phases,start] GC(389) Adjust Roots
[275.022s][info][gc,phases      ] GC(389) Adjust Roots 0.192ms
[275.022s][info][gc,phases,start] GC(389) Compaction Phase
[275.686s][info][gc,phases      ] GC(389) Compaction Phase 664.037ms
[275.686s][info][gc,phases,start] GC(389) Post Compact
[275.700s][info][gc,phases      ] GC(389) Post Compact 14.479ms
[275.700s][info][gc,heap        ] GC(389) PSYoungGen: 148480K(503296K)->148480K(503296K) Eden: 148480K(148480K)->148480K(148480K) From: 0K(354816K)->0K(354816K)
[275.700s][info][gc,heap        ] GC(389) ParOldGen: 9489375K(9489408K)->9489375K(9489408K)
[275.700s][info][gc,metaspace   ] GC(389) Metaspace: 6301K(6464K)->6301K(6464K) NonClass: 5768K(5824K)->5768K(5824K) Class: 533K(640K)->533K(640K)
[275.701s][info][gc             ] GC(389) Pause Full (Ergonomics) 9411M->9411M(9758M) 2869.603ms
[275.701s][info][gc,cpu         ] GC(389) User=21.47s Sys=0.02s Real=2.87s
[275.701s][info][gc,start       ] GC(390) Pause Full (Ergonomics)
[275.701s][info][gc,phases,start] GC(390) Marking Phase
[277.901s][info][gc,phases      ] GC(390) Marking Phase 2200.584ms
[277.901s][info][gc,phases,start] GC(390) Summary Phase
[277.902s][info][gc,phases      ] GC(390) Summary Phase 0.111ms
[277.902s][info][gc,phases,start] GC(390) Adjust Roots
[277.902s][info][gc,phases      ] GC(390) Adjust Roots 0.222ms
[277.902s][info][gc,phases,start] GC(390) Compaction Phase
[278.552s][info][gc,phases      ] GC(390) Compaction Phase 650.286ms
[278.552s][info][gc,phases,start] GC(390) Post Compact
[278.567s][info][gc,phases      ] GC(390) Post Compact 14.585ms
[278.567s][info][gc,heap        ] GC(390) PSYoungGen: 148480K(503296K)->148480K(503296K) Eden: 148480K(148480K)->148480K(148480K) From: 0K(354816K)->0K(354816K)
[278.567s][info][gc,heap        ] GC(390) ParOldGen: 9489380K(9489408K)->9489380K(9489408K)
[278.567s][info][gc,metaspace   ] GC(390) Metaspace: 6301K(6464K)->6301K(6464K) NonClass: 5768K(5824K)->5768K(5824K) Class: 533K(640K)->533K(640K)
[278.567s][info][gc             ] GC(390) Pause Full (Ergonomics) 9411M->9411M(9758M) 2866.134ms
[278.567s][info][gc,cpu         ] GC(390) User=21.53s Sys=0.00s Real=2.87s
[278.567s][info][gc,start       ] GC(391) Pause Full (Ergonomics)
[278.567s][info][gc,phases,start] GC(391) Marking Phase
[280.794s][info][gc,phases      ] GC(391) Marking Phase 2226.790ms
[280.794s][info][gc,phases,start] GC(391) Summary Phase
[280.794s][info][gc,phases      ] GC(391) Summary Phase 0.098ms
[280.794s][info][gc,phases,start] GC(391) Adjust Roots
[280.794s][info][gc,phases      ] GC(391) Adjust Roots 0.197ms
[280.794s][info][gc,phases,start] GC(391) Compaction Phase
[281.449s][info][gc,phases      ] GC(391) Compaction Phase 654.366ms
[281.449s][info][gc,phases,start] GC(391) Post Compact
[281.464s][info][gc,phases      ] GC(391) Post Compact 14.830ms
[281.464s][info][gc,heap        ] GC(391) PSYoungGen: 148480K(503296K)->148480K(503296K) Eden: 148480K(148480K)->148480K(148480K) From: 0K(354816K)->0K(354816K)
[281.464s][info][gc,heap        ] GC(391) ParOldGen: 9489385K(9489408K)->9489385K(9489408K)
[281.464s][info][gc,metaspace   ] GC(391) Metaspace: 6301K(6464K)->6301K(6464K) NonClass: 5768K(5824K)->5768K(5824K) Class: 533K(640K)->533K(640K)
[281.464s][info][gc             ] GC(391) Pause Full (Ergonomics) 9411M->9411M(9758M) 2896.630ms
[281.464s][info][gc,cpu         ] GC(391) User=21.66s Sys=0.00s Real=2.90s
[281.464s][info][gc,start       ] GC(392) Pause Full (Ergonomics)
[281.464s][info][gc,phases,start] GC(392) Marking Phase
[283.651s][info][gc,phases      ] GC(392) Marking Phase 2187.281ms
[283.651s][info][gc,phases,start] GC(392) Summary Phase
[283.651s][info][gc,phases      ] GC(392) Summary Phase 0.147ms
[283.651s][info][gc,phases,start] GC(392) Adjust Roots
[283.652s][info][gc,phases      ] GC(392) Adjust Roots 0.362ms
[283.652s][info][gc,phases,start] GC(392) Compaction Phase
[284.327s][info][gc,phases      ] GC(392) Compaction Phase 675.232ms
[284.327s][info][gc,phases,start] GC(392) Post Compact
[284.343s][info][gc,phases      ] GC(392) Post Compact 16.205ms
[284.343s][info][gc,heap        ] GC(392) PSYoungGen: 148480K(503296K)->148480K(503296K) Eden: 148480K(148480K)->148480K(148480K) From: 0K(354816K)->0K(354816K)
[284.343s][info][gc,heap        ] GC(392) ParOldGen: 9489390K(9489408K)->9489390K(9489408K)
[284.343s][info][gc,metaspace   ] GC(392) Metaspace: 6301K(6464K)->6301K(6464K) NonClass: 5768K(5824K)->5768K(5824K) Class: 533K(640K)->533K(640K)
[284.344s][info][gc             ] GC(392) Pause Full (Ergonomics) 9411M->9411M(9758M) 2879.590ms
[284.344s][info][gc,cpu         ] GC(392) User=21.38s Sys=0.00s Real=2.88s
[284.344s][info][gc,start       ] GC(393) Pause Full (Ergonomics)
[284.344s][info][gc,phases,start] GC(393) Marking Phase
[286.569s][info][gc,phases      ] GC(393) Marking Phase 2225.296ms
[286.569s][info][gc,phases,start] GC(393) Summary Phase
[286.569s][info][gc,phases      ] GC(393) Summary Phase 0.118ms
[286.569s][info][gc,phases,start] GC(393) Adjust Roots
[286.570s][info][gc,phases      ] GC(393) Adjust Roots 0.311ms
[286.570s][info][gc,phases,start] GC(393) Compaction Phase
[287.232s][info][gc,phases      ] GC(393) Compaction Phase 662.140ms
[287.232s][info][gc,phases,start] GC(393) Post Compact
[287.246s][info][gc,phases      ] GC(393) Post Compact 14.511ms
[287.246s][info][gc,heap        ] GC(393) PSYoungGen: 148480K(503296K)->148480K(503296K) Eden: 148480K(148480K)->148480K(148480K) From: 0K(354816K)->0K(354816K)
[287.246s][info][gc,heap        ] GC(393) ParOldGen: 9489395K(9489408K)->9489395K(9489408K)
[287.246s][info][gc,metaspace   ] GC(393) Metaspace: 6301K(6464K)->6301K(6464K) NonClass: 5768K(5824K)->5768K(5824K) Class: 533K(640K)->533K(640K)
[287.246s][info][gc             ] GC(393) Pause Full (Ergonomics) 9411M->9411M(9758M) 2902.777ms
[287.247s][info][gc,cpu         ] GC(393) User=21.36s Sys=0.02s Real=2.90s
[287.247s][info][gc,start       ] GC(394) Pause Full (Ergonomics)
[287.247s][info][gc,phases,start] GC(394) Marking Phase
[289.470s][info][gc,phases      ] GC(394) Marking Phase 2222.854ms
[289.470s][info][gc,phases,start] GC(394) Summary Phase
[289.470s][info][gc,phases      ] GC(394) Summary Phase 0.105ms
[289.470s][info][gc,phases,start] GC(394) Adjust Roots
[289.470s][info][gc,phases      ] GC(394) Adjust Roots 0.349ms
[289.470s][info][gc,phases,start] GC(394) Compaction Phase
[290.137s][info][gc,phases      ] GC(394) Compaction Phase 666.434ms
[290.137s][info][gc,phases,start] GC(394) Post Compact
[290.152s][info][gc,phases      ] GC(394) Post Compact 15.359ms
[290.152s][info][gc,heap        ] GC(394) PSYoungGen: 148480K(503296K)->148480K(503296K) Eden: 148480K(148480K)->148480K(148480K) From: 0K(354816K)->0K(354816K)
[290.152s][info][gc,heap        ] GC(394) ParOldGen: 9489400K(9489408K)->9489400K(9489408K)
[290.152s][info][gc,metaspace   ] GC(394) Metaspace: 6301K(6464K)->6301K(6464K) NonClass: 5768K(5824K)->5768K(5824K) Class: 533K(640K)->533K(640K)
[290.152s][info][gc             ] GC(394) Pause Full (Ergonomics) 9411M->9411M(9758M) 2905.523ms
[290.152s][info][gc,cpu         ] GC(394) User=21.56s Sys=0.00s Real=2.90s
[290.153s][info][gc,start       ] GC(395) Pause Full (Ergonomics)
[290.153s][info][gc,phases,start] GC(395) Marking Phase
[292.451s][info][gc,phases      ] GC(395) Marking Phase 2298.259ms
[292.451s][info][gc,phases,start] GC(395) Summary Phase
[292.451s][info][gc,phases      ] GC(395) Summary Phase 0.143ms
[292.451s][info][gc,phases,start] GC(395) Adjust Roots
[292.451s][info][gc,phases      ] GC(395) Adjust Roots 0.312ms
[292.451s][info][gc,phases,start] GC(395) Compaction Phase
[293.132s][info][gc,phases      ] GC(395) Compaction Phase 680.980ms
[293.133s][info][gc,phases,start] GC(395) Post Compact
[293.148s][info][gc,phases      ] GC(395) Post Compact 15.559ms
[293.148s][info][gc,heap        ] GC(395) PSYoungGen: 148480K(503296K)->148480K(503296K) Eden: 148480K(148480K)->148480K(148480K) From: 0K(354816K)->0K(354816K)
[293.148s][info][gc,heap        ] GC(395) ParOldGen: 9489404K(9489408K)->9489404K(9489408K)
[293.148s][info][gc,metaspace   ] GC(395) Metaspace: 6301K(6464K)->6301K(6464K) NonClass: 5768K(5824K)->5768K(5824K) Class: 533K(640K)->533K(640K)
[293.148s][info][gc             ] GC(395) Pause Full (Ergonomics) 9411M->9411M(9758M) 2995.669ms
[293.148s][info][gc,cpu         ] GC(395) User=21.17s Sys=0.03s Real=3.00s
[293.148s][info][gc,start       ] GC(396) Pause Full (Ergonomics)
[293.149s][info][gc,phases,start] GC(396) Marking Phase
[295.441s][info][gc,phases      ] GC(396) Marking Phase 2292.777ms
[295.441s][info][gc,phases,start] GC(396) Summary Phase
[295.442s][info][gc,phases      ] GC(396) Summary Phase 0.168ms
[295.442s][info][gc,phases,start] GC(396) Adjust Roots
[295.442s][info][gc,phases      ] GC(396) Adjust Roots 0.390ms
[295.442s][info][gc,phases,start] GC(396) Compaction Phase
[296.097s][info][gc,phases      ] GC(396) Compaction Phase 654.491ms
[296.097s][info][gc,phases,start] GC(396) Post Compact
[296.113s][info][gc,phases      ] GC(396) Post Compact 16.238ms
[296.113s][info][gc,heap        ] GC(396) PSYoungGen: 148480K(503296K)->148480K(503296K) Eden: 148480K(148480K)->148480K(148480K) From: 0K(354816K)->0K(354816K)
[296.113s][info][gc,heap        ] GC(396) ParOldGen: 9489407K(9489408K)->9489407K(9489408K)
[296.113s][info][gc,metaspace   ] GC(396) Metaspace: 6301K(6464K)->6301K(6464K) NonClass: 5768K(5824K)->5768K(5824K) Class: 533K(640K)->533K(640K)
[296.113s][info][gc             ] GC(396) Pause Full (Ergonomics) 9411M->9411M(9758M) 2964.484ms
[296.113s][info][gc,cpu         ] GC(396) User=21.73s Sys=0.00s Real=2.96s
[296.113s][info][gc,start       ] GC(397) Pause Full (Allocation Failure)
[296.113s][info][gc,phases,start] GC(397) Marking Phase
[298.358s][info][gc,phases      ] GC(397) Marking Phase 2244.909ms
[298.358s][info][gc,phases,start] GC(397) Summary Phase
[298.358s][info][gc,phases      ] GC(397) Summary Phase 0.120ms
[298.358s][info][gc,phases,start] GC(397) Adjust Roots
[298.359s][info][gc,phases      ] GC(397) Adjust Roots 0.421ms
[298.359s][info][gc,phases,start] GC(397) Compaction Phase
[300.718s][info][gc,phases      ] GC(397) Compaction Phase 2358.957ms
[300.718s][info][gc,phases,start] GC(397) Post Compact
[300.733s][info][gc,phases      ] GC(397) Post Compact 14.999ms
[300.733s][info][gc,heap        ] GC(397) PSYoungGen: 148480K(503296K)->148480K(503296K) Eden: 148480K(148480K)->148480K(148480K) From: 0K(354816K)->0K(354816K)
[300.733s][info][gc,heap        ] GC(397) ParOldGen: 9489407K(9489408K)->9489403K(9489408K)
[300.733s][info][gc,metaspace   ] GC(397) Metaspace: 6301K(6464K)->6299K(6464K) NonClass: 5768K(5824K)->5766K(5824K) Class: 533K(640K)->532K(640K)
[300.733s][info][gc             ] GC(397) Pause Full (Allocation Failure) 9411M->9411M(9758M) 4619.794ms
[300.733s][info][gc,cpu         ] GC(397) User=30.75s Sys=0.05s Real=4.62s
[300.733s][info][gc,start       ] GC(398) Pause Full (Ergonomics)
[300.733s][info][gc,phases,start] GC(398) Marking Phase
[303.057s][info][gc,phases      ] GC(398) Marking Phase 2323.119ms
[303.057s][info][gc,phases,start] GC(398) Summary Phase
[303.057s][info][gc,phases      ] GC(398) Summary Phase 0.140ms
[303.057s][info][gc,phases,start] GC(398) Adjust Roots
[303.057s][info][gc,phases      ] GC(398) Adjust Roots 0.316ms
[303.057s][info][gc,phases,start] GC(398) Compaction Phase
[303.763s][info][gc,phases      ] GC(398) Compaction Phase 705.846ms
[303.763s][info][gc,phases,start] GC(398) Post Compact
[303.777s][info][gc,phases      ] GC(398) Post Compact 13.816ms
[303.777s][info][gc,heap        ] GC(398) PSYoungGen: 148480K(503296K)->148480K(503296K) Eden: 148480K(148480K)->148480K(148480K) From: 0K(354816K)->0K(354816K)
[303.777s][info][gc,heap        ] GC(398) ParOldGen: 9489405K(9489408K)->9489405K(9489408K)
[303.777s][info][gc,metaspace   ] GC(398) Metaspace: 6299K(6464K)->6299K(6464K) NonClass: 5766K(5824K)->5766K(5824K) Class: 532K(640K)->532K(640K)
[303.777s][info][gc             ] GC(398) Pause Full (Ergonomics) 9411M->9411M(9758M) 3043.611ms
[303.777s][info][gc,cpu         ] GC(398) User=21.56s Sys=0.00s Real=3.04s
[303.777s][info][gc,start       ] GC(399) Pause Full (Ergonomics)
[303.777s][info][gc,phases,start] GC(399) Marking Phase
[306.056s][info][gc,phases      ] GC(399) Marking Phase 2278.846ms
[306.056s][info][gc,phases,start] GC(399) Summary Phase
[306.056s][info][gc,phases      ] GC(399) Summary Phase 0.148ms
[306.056s][info][gc,phases,start] GC(399) Adjust Roots
[306.057s][info][gc,phases      ] GC(399) Adjust Roots 0.317ms
[306.057s][info][gc,phases,start] GC(399) Compaction Phase
[306.748s][info][gc,phases      ] GC(399) Compaction Phase 690.840ms
[306.748s][info][gc,phases,start] GC(399) Post Compact
[306.763s][info][gc,phases      ] GC(399) Post Compact 15.682ms
[306.763s][info][gc,heap        ] GC(399) PSYoungGen: 148480K(503296K)->148480K(503296K) Eden: 148480K(148480K)->148480K(148480K) From: 0K(354816K)->0K(354816K)
[306.764s][info][gc,heap        ] GC(399) ParOldGen: 9489407K(9489408K)->9489407K(9489408K)
[306.764s][info][gc,metaspace   ] GC(399) Metaspace: 6299K(6464K)->6299K(6464K) NonClass: 5766K(5824K)->5766K(5824K) Class: 532K(640K)->532K(640K)
[306.764s][info][gc             ] GC(399) Pause Full (Ergonomics) 9411M->9411M(9758M) 2986.195ms
[306.764s][info][gc,cpu         ] GC(399) User=21.70s Sys=0.00s Real=2.99s
[306.764s][info][gc,start       ] GC(400) Pause Full (Allocation Failure)
[306.764s][info][gc,phases,start] GC(400) Marking Phase
[309.019s][info][gc,phases      ] GC(400) Marking Phase 2255.085ms
[309.019s][info][gc,phases,start] GC(400) Summary Phase
[309.019s][info][gc,phases      ] GC(400) Summary Phase 0.156ms
[309.019s][info][gc,phases,start] GC(400) Adjust Roots
[309.019s][info][gc,phases      ] GC(400) Adjust Roots 0.342ms
[309.019s][info][gc,phases,start] GC(400) Compaction Phase
[309.745s][info][gc,phases      ] GC(400) Compaction Phase 725.218ms
[309.745s][info][gc,phases,start] GC(400) Post Compact
[309.761s][info][gc,phases      ] GC(400) Post Compact 16.625ms
[309.761s][info][gc,heap        ] GC(400) PSYoungGen: 148480K(503296K)->148480K(503296K) Eden: 148480K(148480K)->148480K(148480K) From: 0K(354816K)->0K(354816K)
[309.761s][info][gc,heap        ] GC(400) ParOldGen: 9489407K(9489408K)->9489407K(9489408K)
[309.761s][info][gc,metaspace   ] GC(400) Metaspace: 6299K(6464K)->6299K(6464K) NonClass: 5766K(5824K)->5766K(5824K) Class: 532K(640K)->532K(640K)
[309.761s][info][gc             ] GC(400) Pause Full (Allocation Failure) 9411M->9411M(9758M) 2997.836ms
[309.761s][info][gc,cpu         ] GC(400) User=21.28s Sys=0.02s Real=3.00s
[309.762s][info][gc,start       ] GC(401) Pause Full (Ergonomics)
[309.762s][info][gc,phases,start] GC(401) Marking Phase
[312.043s][info][gc,phases      ] GC(401) Marking Phase 2280.572ms
[312.043s][info][gc,phases,start] GC(401) Summary Phase
[312.043s][info][gc,phases      ] GC(401) Summary Phase 0.160ms
[312.043s][info][gc,phases,start] GC(401) Adjust Roots
[312.043s][info][gc,phases      ] GC(401) Adjust Roots 0.372ms
[312.043s][info][gc,phases,start] GC(401) Compaction Phase
[314.419s][info][gc,phases      ] GC(401) Compaction Phase 2375.994ms
[314.419s][info][gc,phases,start] GC(401) Post Compact
[314.438s][info][gc,phases      ] GC(401) Post Compact 18.796ms
[314.438s][info][gc,heap        ] GC(401) PSYoungGen: 148480K(503296K)->148480K(503296K) Eden: 148480K(148480K)->148480K(148480K) From: 0K(354816K)->0K(354816K)
[314.438s][info][gc,heap        ] GC(401) ParOldGen: 9489407K(9489408K)->9489406K(9489408K)
[314.438s][info][gc,metaspace   ] GC(401) Metaspace: 6299K(6464K)->6299K(6464K) NonClass: 5766K(5824K)->5766K(5824K) Class: 532K(640K)->532K(640K)
[314.438s][info][gc             ] GC(401) Pause Full (Ergonomics) 9411M->9411M(9758M) 4676.383ms
[314.438s][info][gc,cpu         ] GC(401) User=31.86s Sys=0.09s Real=4.68s
[314.440s][info][gc,start       ] GC(402) Pause Full (Ergonomics)
[314.440s][info][gc,phases,start] GC(402) Marking Phase
[317.013s][info][gc,phases      ] GC(402) Marking Phase 2573.150ms
[317.013s][info][gc,phases,start] GC(402) Summary Phase
[317.013s][info][gc,phases      ] GC(402) Summary Phase 0.176ms
[317.013s][info][gc,phases,start] GC(402) Adjust Roots
[317.014s][info][gc,phases      ] GC(402) Adjust Roots 0.419ms
[317.014s][info][gc,phases,start] GC(402) Compaction Phase
[319.392s][info][gc,phases      ] GC(402) Compaction Phase 2378.321ms
[319.392s][info][gc,phases,start] GC(402) Post Compact
[319.412s][info][gc,phases      ] GC(402) Post Compact 19.644ms
[319.412s][info][gc,heap        ] GC(402) PSYoungGen: 148480K(503296K)->148480K(503296K) Eden: 148480K(148480K)->148480K(148480K) From: 0K(354816K)->0K(354816K)
[319.412s][info][gc,heap        ] GC(402) ParOldGen: 9489407K(9489408K)->9489406K(9489408K)
[319.412s][info][gc,metaspace   ] GC(402) Metaspace: 6300K(6464K)->6300K(6464K) NonClass: 5766K(5824K)->5766K(5824K) Class: 533K(640K)->533K(640K)
[319.412s][info][gc             ] GC(402) Pause Full (Ergonomics) 9411M->9411M(9758M) 4972.191ms
[319.412s][info][gc,cpu         ] GC(402) User=30.73s Sys=0.02s Real=4.97s
[319.413s][info][gc,heap,exit   ] Heap
[319.413s][info][gc,heap,exit   ]  PSYoungGen      total 503296K, used 148480K [0x00000006de700000, 0x0000000713b00000, 0x0000000800000000)
[319.413s][info][gc,heap,exit   ]   eden space 148480K, 100% used [0x00000006de700000,0x00000006e7800000,0x00000006e7800000)
[319.413s][info][gc,heap,exit   ]   from space 354816K, 0% used [0x00000006e7800000,0x00000006e7800000,0x00000006fd280000)
[319.413s][info][gc,heap,exit   ]   to   space 354816K, 0% used [0x00000006fd280000,0x00000006fd280000,0x0000000712d00000)
[319.413s][info][gc,heap,exit   ]  ParOldGen       total 9489408K, used 9489407K [0x000000049b400000, 0x00000006de700000, 0x00000006de700000)
[319.413s][info][gc,heap,exit   ]   object space 9489408K, 99% used [0x000000049b400000,0x00000006de6ffce0,0x00000006de700000)
[319.413s][info][gc,heap,exit   ]  Metaspace       used 6304K, committed 6528K, reserved 1114112K
[319.413s][info][gc,heap,exit   ]   class space    used 534K, committed 640K, reserved 1048576K
