[0.011s][info][gc,init] CardTable entry size: 512
[0.011s][info][gc     ] Using Serial
[0.011s][info][gc,init] Version: 18.0.1+10 (release)
[0.011s][info][gc,init] CPUs: 8 total, 8 available
[0.011s][info][gc,init] Memory: 16063M
[0.011s][info][gc,init] Large Page Support: Disabled
[0.011s][info][gc,init] NUMA Support: Disabled
[0.011s][info][gc,init] Compressed Oops: Enabled (Zero based)
[0.011s][info][gc,init] Heap Min Capacity: 2M
[0.011s][info][gc,init] Heap Initial Capacity: 2M
[0.011s][info][gc,init] Heap Max Capacity: 4000M
[0.011s][info][gc,init] Pre-touch: Disabled
[0.012s][info][gc,metaspace] CDS archive(s) not mapped
[0.012s][info][gc,metaspace] Compressed class space mapped at: 0x0000000800000000-0x0000000840000000, reserved size: 1073741824
[0.012s][info][gc,metaspace] Narrow klass base: 0x0000000800000000, Narrow klass shift: 0, Narrow klass range: 0x40000000
[0.161s][info][gc,start    ] GC(0) Pause Young (Allocation Failure)
[0.163s][info][gc,heap     ] GC(0) DefNew: 1023K(1152K)->127K(1152K) Eden: 1023K(1024K)->0K(1024K) From: 0K(128K)->127K(128K)
[0.163s][info][gc,heap     ] GC(0) Tenured: 0K(768K)->439K(768K)
[0.163s][info][gc,metaspace] GC(0) Metaspace: 5899K(6016K)->5899K(6016K) NonClass: 5400K(5504K)->5400K(5504K) Class: 499K(512K)->499K(512K)
[0.163s][info][gc          ] GC(0) Pause Young (Allocation Failure) 0M->0M(1M) 1.467ms
[0.163s][info][gc,cpu      ] GC(0) User=0.00s Sys=0.00s Real=0.00s
[0.180s][info][gc,start    ] GC(1) Pause Young (Allocation Failure)
[0.181s][info][gc          ] GC(1) Pause Young (Allocation Failure) 1M->0M(2M) 1.301ms
[0.181s][info][gc,cpu      ] GC(1) User=0.00s Sys=0.00s Real=0.00s
[0.181s][info][gc,start    ] GC(2) Pause Full (Allocation Failure)
[0.181s][info][gc,phases,start] GC(2) Phase 1: Mark live objects
[0.182s][info][gc,phases      ] GC(2) Phase 1: Mark live objects 0.876ms
[0.182s][info][gc,phases,start] GC(2) Phase 2: Compute new object addresses
[0.182s][info][gc,phases      ] GC(2) Phase 2: Compute new object addresses 0.205ms
[0.182s][info][gc,phases,start] GC(2) Phase 3: Adjust pointers
[0.183s][info][gc,phases      ] GC(2) Phase 3: Adjust pointers 0.449ms
[0.183s][info][gc,phases,start] GC(2) Phase 4: Move objects
[0.183s][info][gc,phases      ] GC(2) Phase 4: Move objects 0.060ms
[0.183s][info][gc,heap        ] GC(2) DefNew: 1151K(1152K)->40K(1152K) Eden: 1024K(1024K)->40K(1024K) From: 127K(128K)->0K(128K)
[0.183s][info][gc,heap        ] GC(2) Tenured: 439K(768K)->959K(1600K)
[0.183s][info][gc,metaspace   ] GC(2) Metaspace: 6296K(6464K)->6296K(6464K) NonClass: 5763K(5824K)->5763K(5824K) Class: 533K(640K)->533K(640K)
[0.183s][info][gc             ] GC(2) Pause Full (Allocation Failure) 0M->0M(2M) 1.836ms
[0.183s][info][gc,cpu         ] GC(2) User=0.02s Sys=0.00s Real=0.00s
[0.184s][info][gc,start       ] GC(3) Pause Young (Allocation Failure)
[0.186s][info][gc,heap        ] GC(3) DefNew: 1024K(1152K)->128K(1152K) Eden: 1024K(1024K)->0K(1024K) From: 0K(128K)->128K(128K)
[0.186s][info][gc,heap        ] GC(3) Tenured: 959K(1600K)->1375K(1600K)
[0.186s][info][gc,metaspace   ] GC(3) Metaspace: 6296K(6464K)->6296K(6464K) NonClass: 5763K(5824K)->5763K(5824K) Class: 533K(640K)->533K(640K)
[0.186s][info][gc             ] GC(3) Pause Young (Allocation Failure) 1M->1M(2M) 1.391ms
[0.186s][info][gc,cpu         ] GC(3) User=0.00s Sys=0.00s Real=0.00s
[0.187s][info][gc,start       ] GC(4) Pause Young (Allocation Failure)
[0.188s][info][gc             ] GC(4) Pause Young (Allocation Failure) 2M->1M(3M) 1.057ms
[0.188s][info][gc,cpu         ] GC(4) User=0.00s Sys=0.00s Real=0.00s
[0.188s][info][gc,start       ] GC(5) Pause Full (Allocation Failure)
[0.188s][info][gc,phases,start] GC(5) Phase 1: Mark live objects
[0.189s][info][gc,phases      ] GC(5) Phase 1: Mark live objects 1.230ms
[0.189s][info][gc,phases,start] GC(5) Phase 2: Compute new object addresses
[0.190s][info][gc,phases      ] GC(5) Phase 2: Compute new object addresses 0.298ms
[0.190s][info][gc,phases,start] GC(5) Phase 3: Adjust pointers
[0.190s][info][gc,phases      ] GC(5) Phase 3: Adjust pointers 0.509ms
[0.190s][info][gc,phases,start] GC(5) Phase 4: Move objects
[0.190s][info][gc,phases      ] GC(5) Phase 4: Move objects 0.064ms
[0.191s][info][gc,heap        ] GC(5) DefNew: 1152K(1152K)->35K(1536K) Eden: 1024K(1024K)->35K(1408K) From: 128K(128K)->0K(128K)
[0.191s][info][gc,heap        ] GC(5) Tenured: 1375K(1600K)->1983K(3308K)
[0.191s][info][gc,metaspace   ] GC(5) Metaspace: 6296K(6464K)->6296K(6464K) NonClass: 5763K(5824K)->5763K(5824K) Class: 533K(640K)->533K(640K)
[0.191s][info][gc             ] GC(5) Pause Full (Allocation Failure) 1M->1M(4M) 2.353ms
[0.191s][info][gc,cpu         ] GC(5) User=0.00s Sys=0.00s Real=0.00s
[0.192s][info][gc,start       ] GC(6) Pause Young (Allocation Failure)
[0.194s][info][gc,heap        ] GC(6) DefNew: 1407K(1536K)->127K(1536K) Eden: 1407K(1408K)->0K(1408K) From: 0K(128K)->127K(128K)
[0.194s][info][gc,heap        ] GC(6) Tenured: 1983K(3308K)->2617K(3308K)
[0.194s][info][gc,metaspace   ] GC(6) Metaspace: 6296K(6464K)->6296K(6464K) NonClass: 5763K(5824K)->5763K(5824K) Class: 533K(640K)->533K(640K)
[0.194s][info][gc             ] GC(6) Pause Young (Allocation Failure) 3M->2M(4M) 1.512ms
[0.194s][info][gc,cpu         ] GC(6) User=0.00s Sys=0.00s Real=0.00s
[0.195s][info][gc,start       ] GC(7) Pause Young (Allocation Failure)
[0.197s][info][gc             ] GC(7) Pause Young (Allocation Failure) 4M->3M(4M) 1.438ms
[0.197s][info][gc,cpu         ] GC(7) User=0.00s Sys=0.00s Real=0.00s
[0.197s][info][gc,start       ] GC(8) Pause Full (Allocation Failure)
[0.197s][info][gc,phases,start] GC(8) Phase 1: Mark live objects
[0.199s][info][gc,phases      ] GC(8) Phase 1: Mark live objects 1.802ms
[0.199s][info][gc,phases,start] GC(8) Phase 2: Compute new object addresses
[0.199s][info][gc,phases      ] GC(8) Phase 2: Compute new object addresses 0.523ms
[0.199s][info][gc,phases,start] GC(8) Phase 3: Adjust pointers
[0.200s][info][gc,phases      ] GC(8) Phase 3: Adjust pointers 0.744ms
[0.200s][info][gc,phases,start] GC(8) Phase 4: Move objects
[0.200s][info][gc,phases      ] GC(8) Phase 4: Move objects 0.072ms
[0.200s][info][gc,heap        ] GC(8) DefNew: 1535K(1536K)->0K(2688K) Eden: 1408K(1408K)->0K(2432K) From: 127K(128K)->0K(256K)
[0.200s][info][gc,heap        ] GC(8) Tenured: 2617K(3308K)->3460K(5772K)
[0.200s][info][gc,metaspace   ] GC(8) Metaspace: 6296K(6464K)->6296K(6464K) NonClass: 5763K(5824K)->5763K(5824K) Class: 533K(640K)->533K(640K)
[0.200s][info][gc             ] GC(8) Pause Full (Allocation Failure) 3M->3M(8M) 3.392ms
[0.200s][info][gc,cpu         ] GC(8) User=0.00s Sys=0.00s Real=0.00s
[0.203s][info][gc,start       ] GC(9) Pause Young (Allocation Failure)
[0.206s][info][gc,heap        ] GC(9) DefNew: 2431K(2688K)->256K(2688K) Eden: 2431K(2432K)->0K(2432K) From: 0K(256K)->256K(256K)
[0.206s][info][gc,heap        ] GC(9) Tenured: 3460K(5772K)->4512K(5772K)
[0.206s][info][gc,metaspace   ] GC(9) Metaspace: 6296K(6464K)->6296K(6464K) NonClass: 5763K(5824K)->5763K(5824K) Class: 533K(640K)->533K(640K)
[0.206s][info][gc             ] GC(9) Pause Young (Allocation Failure) 5M->4M(8M) 2.563ms
[0.206s][info][gc,cpu         ] GC(9) User=0.00s Sys=0.00s Real=0.00s
[0.209s][info][gc,start       ] GC(10) Pause Young (Allocation Failure)
[0.213s][info][gc,heap        ] GC(10) DefNew: 2688K(2688K)->255K(2688K) Eden: 2432K(2432K)->0K(2432K) From: 256K(256K)->255K(256K)
[0.213s][info][gc,heap        ] GC(10) Tenured: 4512K(5772K)->5755K(5772K)
[0.213s][info][gc,metaspace   ] GC(10) Metaspace: 6296K(6464K)->6296K(6464K) NonClass: 5763K(5824K)->5763K(5824K) Class: 533K(640K)->533K(640K)
[0.213s][info][gc             ] GC(10) Pause Young (Allocation Failure) 7M->5M(8M) 3.910ms
[0.213s][info][gc,cpu         ] GC(10) User=0.00s Sys=0.00s Real=0.00s
[0.216s][info][gc,start       ] GC(11) Pause Young (Allocation Failure)
[0.219s][info][gc             ] GC(11) Pause Young (Allocation Failure) 8M->7M(9M) 3.319ms
[0.219s][info][gc,cpu         ] GC(11) User=0.00s Sys=0.00s Real=0.00s
[0.219s][info][gc,start       ] GC(12) Pause Full (Allocation Failure)
[0.219s][info][gc,phases,start] GC(12) Phase 1: Mark live objects
[0.224s][info][gc,phases      ] GC(12) Phase 1: Mark live objects 4.218ms
[0.224s][info][gc,phases,start] GC(12) Phase 2: Compute new object addresses
[0.225s][info][gc,phases      ] GC(12) Phase 2: Compute new object addresses 1.287ms
[0.225s][info][gc,phases,start] GC(12) Phase 3: Adjust pointers
[0.227s][info][gc,phases      ] GC(12) Phase 3: Adjust pointers 2.150ms
[0.227s][info][gc,phases,start] GC(12) Phase 4: Move objects
[0.229s][info][gc,phases      ] GC(12) Phase 4: Move objects 1.457ms
[0.229s][info][gc,heap        ] GC(12) DefNew: 2687K(2688K)->0K(5376K) Eden: 2432K(2432K)->0K(4800K) From: 255K(256K)->0K(576K)
[0.229s][info][gc,heap        ] GC(12) Tenured: 5755K(5772K)->7132K(11888K)
[0.229s][info][gc,metaspace   ] GC(12) Metaspace: 6296K(6464K)->6296K(6464K) NonClass: 5763K(5824K)->5763K(5824K) Class: 533K(640K)->533K(640K)
[0.229s][info][gc             ] GC(12) Pause Full (Allocation Failure) 7M->6M(16M) 9.642ms
[0.229s][info][gc,cpu         ] GC(12) User=0.00s Sys=0.00s Real=0.01s
[0.234s][info][gc,start       ] GC(13) Pause Young (Allocation Failure)
[0.239s][info][gc,heap        ] GC(13) DefNew: 4800K(5376K)->575K(5376K) Eden: 4800K(4800K)->0K(4800K) From: 0K(576K)->575K(576K)
[0.239s][info][gc,heap        ] GC(13) Tenured: 7132K(11888K)->9027K(11888K)
[0.239s][info][gc,metaspace   ] GC(13) Metaspace: 6296K(6464K)->6296K(6464K) NonClass: 5763K(5824K)->5763K(5824K) Class: 533K(640K)->533K(640K)
[0.239s][info][gc             ] GC(13) Pause Young (Allocation Failure) 11M->9M(16M) 4.893ms
[0.239s][info][gc,cpu         ] GC(13) User=0.00s Sys=0.00s Real=0.01s
[0.244s][info][gc,start       ] GC(14) Pause Young (Allocation Failure)
[0.250s][info][gc,heap        ] GC(14) DefNew: 5375K(5376K)->575K(5376K) Eden: 4800K(4800K)->0K(4800K) From: 575K(576K)->575K(576K)
[0.250s][info][gc,heap        ] GC(14) Tenured: 9027K(11888K)->11747K(11888K)
[0.250s][info][gc,metaspace   ] GC(14) Metaspace: 6296K(6464K)->6296K(6464K) NonClass: 5763K(5824K)->5763K(5824K) Class: 533K(640K)->533K(640K)
[0.250s][info][gc             ] GC(14) Pause Young (Allocation Failure) 14M->12M(16M) 5.901ms
[0.250s][info][gc,cpu         ] GC(14) User=0.00s Sys=0.00s Real=0.01s
[0.254s][info][gc,start       ] GC(15) Pause Young (Allocation Failure)
[0.261s][info][gc             ] GC(15) Pause Young (Allocation Failure) 16M->14M(19M) 7.256ms
[0.261s][info][gc,cpu         ] GC(15) User=0.00s Sys=0.00s Real=0.01s
[0.261s][info][gc,start       ] GC(16) Pause Full (Allocation Failure)
[0.261s][info][gc,phases,start] GC(16) Phase 1: Mark live objects
[0.269s][info][gc,phases      ] GC(16) Phase 1: Mark live objects 7.804ms
[0.269s][info][gc,phases,start] GC(16) Phase 2: Compute new object addresses
[0.272s][info][gc,phases      ] GC(16) Phase 2: Compute new object addresses 2.543ms
[0.272s][info][gc,phases,start] GC(16) Phase 3: Adjust pointers
[0.275s][info][gc,phases      ] GC(16) Phase 3: Adjust pointers 3.358ms
[0.275s][info][gc,phases,start] GC(16) Phase 4: Move objects
[0.275s][info][gc,phases      ] GC(16) Phase 4: Move objects 0.177ms
[0.275s][info][gc,heap        ] GC(16) DefNew: 5375K(5376K)->387K(10880K) Eden: 4800K(4800K)->387K(9728K) From: 575K(576K)->0K(1152K)
[0.275s][info][gc,heap        ] GC(16) Tenured: 11747K(11888K)->14383K(23976K)
[0.275s][info][gc,metaspace   ] GC(16) Metaspace: 6298K(6464K)->6298K(6464K) NonClass: 5765K(5824K)->5765K(5824K) Class: 533K(640K)->533K(640K)
[0.275s][info][gc             ] GC(16) Pause Full (Allocation Failure) 14M->14M(34M) 14.286ms
[0.275s][info][gc,cpu         ] GC(16) User=0.02s Sys=0.00s Real=0.01s
[0.284s][info][gc,start       ] GC(17) Pause Young (Allocation Failure)
[0.296s][info][gc,heap        ] GC(17) DefNew: 9728K(10880K)->1151K(10880K) Eden: 9728K(9728K)->0K(9728K) From: 0K(1152K)->1151K(1152K)
[0.296s][info][gc,heap        ] GC(17) Tenured: 14383K(23976K)->18415K(23976K)
[0.296s][info][gc,metaspace   ] GC(17) Metaspace: 6298K(6464K)->6298K(6464K) NonClass: 5765K(5824K)->5765K(5824K) Class: 533K(640K)->533K(640K)
[0.296s][info][gc             ] GC(17) Pause Young (Allocation Failure) 23M->19M(34M) 12.817ms
[0.296s][info][gc,cpu         ] GC(17) User=0.00s Sys=0.00s Real=0.01s
[0.305s][info][gc,start       ] GC(18) Pause Young (Allocation Failure)
[0.316s][info][gc,heap        ] GC(18) DefNew: 10879K(10880K)->1151K(10880K) Eden: 9728K(9728K)->0K(9728K) From: 1151K(1152K)->1151K(1152K)
[0.316s][info][gc,heap        ] GC(18) Tenured: 18415K(23976K)->23936K(23976K)
[0.316s][info][gc,metaspace   ] GC(18) Metaspace: 6298K(6464K)->6298K(6464K) NonClass: 5765K(5824K)->5765K(5824K) Class: 533K(640K)->533K(640K)
[0.316s][info][gc             ] GC(18) Pause Young (Allocation Failure) 28M->24M(34M) 11.388ms
[0.316s][info][gc,cpu         ] GC(18) User=0.00s Sys=0.00s Real=0.01s
[0.322s][info][gc,start       ] GC(19) Pause Young (Allocation Failure)
[0.334s][info][gc             ] GC(19) Pause Young (Allocation Failure) 34M->29M(38M) 12.071ms
[0.334s][info][gc,cpu         ] GC(19) User=0.02s Sys=0.00s Real=0.01s
[0.334s][info][gc,start       ] GC(20) Pause Full (Allocation Failure)
[0.334s][info][gc,phases,start] GC(20) Phase 1: Mark live objects
[0.349s][info][gc,phases      ] GC(20) Phase 1: Mark live objects 14.406ms
[0.349s][info][gc,phases,start] GC(20) Phase 2: Compute new object addresses
[0.354s][info][gc,phases      ] GC(20) Phase 2: Compute new object addresses 5.019ms
[0.354s][info][gc,phases,start] GC(20) Phase 3: Adjust pointers
[0.360s][info][gc,phases      ] GC(20) Phase 3: Adjust pointers 6.093ms
[0.360s][info][gc,phases,start] GC(20) Phase 4: Move objects
[0.360s][info][gc,phases      ] GC(20) Phase 4: Move objects 0.219ms
[0.361s][info][gc,heap        ] GC(20) DefNew: 10879K(10880K)->1080K(21888K) Eden: 9728K(9728K)->1080K(19520K) From: 1151K(1152K)->0K(2368K)
[0.361s][info][gc,heap        ] GC(20) Tenured: 23936K(23976K)->29035K(48396K)
[0.361s][info][gc,metaspace   ] GC(20) Metaspace: 6298K(6464K)->6298K(6464K) NonClass: 5765K(5824K)->5765K(5824K) Class: 533K(640K)->533K(640K)
[0.361s][info][gc             ] GC(20) Pause Full (Allocation Failure) 29M->29M(68M) 26.219ms
[0.361s][info][gc,cpu         ] GC(20) User=0.03s Sys=0.00s Real=0.03s
[0.377s][info][gc,start       ] GC(21) Pause Young (Allocation Failure)
[0.406s][info][gc,heap        ] GC(21) DefNew: 19520K(21888K)->2367K(21888K) Eden: 19520K(19520K)->0K(19520K) From: 0K(2368K)->2367K(2368K)
[0.406s][info][gc,heap        ] GC(21) Tenured: 29035K(48396K)->39358K(48396K)
[0.406s][info][gc,metaspace   ] GC(21) Metaspace: 6298K(6464K)->6298K(6464K) NonClass: 5765K(5824K)->5765K(5824K) Class: 533K(640K)->533K(640K)
[0.406s][info][gc             ] GC(21) Pause Young (Allocation Failure) 47M->40M(68M) 28.321ms
[0.406s][info][gc,cpu         ] GC(21) User=0.02s Sys=0.00s Real=0.03s
[0.424s][info][gc,start       ] GC(22) Pause Young (Allocation Failure)
[0.460s][info][gc             ] GC(22) Pause Young (Allocation Failure) 59M->59M(78M) 36.106ms
[0.460s][info][gc,cpu         ] GC(22) User=0.03s Sys=0.00s Real=0.04s
[0.460s][info][gc,start       ] GC(23) Pause Full (Allocation Failure)
[0.460s][info][gc,phases,start] GC(23) Phase 1: Mark live objects
[0.486s][info][gc,phases      ] GC(23) Phase 1: Mark live objects 25.660ms
[0.486s][info][gc,phases,start] GC(23) Phase 2: Compute new object addresses
[0.496s][info][gc,phases      ] GC(23) Phase 2: Compute new object addresses 9.639ms
[0.496s][info][gc,phases,start] GC(23) Phase 3: Adjust pointers
[0.507s][info][gc,phases      ] GC(23) Phase 3: Adjust pointers 11.463ms
[0.507s][info][gc,phases,start] GC(23) Phase 4: Move objects
[0.508s][info][gc,phases      ] GC(23) Phase 4: Move objects 0.348ms
[0.508s][info][gc,heap        ] GC(23) DefNew: 21887K(21888K)->2259K(44288K) Eden: 19520K(19520K)->2259K(39424K) From: 2367K(2368K)->0K(4864K)
[0.508s][info][gc,heap        ] GC(23) Tenured: 39358K(48396K)->58955K(98260K)
[0.508s][info][gc,metaspace   ] GC(23) Metaspace: 6298K(6464K)->6298K(6464K) NonClass: 5765K(5824K)->5765K(5824K) Class: 533K(640K)->533K(640K)
[0.508s][info][gc             ] GC(23) Pause Full (Allocation Failure) 59M->59M(139M) 47.810ms
[0.508s][info][gc,cpu         ] GC(23) User=0.05s Sys=0.00s Real=0.05s
[0.548s][info][gc,start       ] GC(24) Pause Young (Allocation Failure)
[0.609s][info][gc,heap        ] GC(24) DefNew: 39424K(44288K)->4863K(44288K) Eden: 39424K(39424K)->0K(39424K) From: 0K(4864K)->4863K(4864K)
[0.609s][info][gc,heap        ] GC(24) Tenured: 58955K(98260K)->93487K(98260K)
[0.609s][info][gc,metaspace   ] GC(24) Metaspace: 6298K(6464K)->6298K(6464K) NonClass: 5765K(5824K)->5765K(5824K) Class: 533K(640K)->533K(640K)
[0.609s][info][gc             ] GC(24) Pause Young (Allocation Failure) 96M->96M(139M) 61.131ms
[0.609s][info][gc,cpu         ] GC(24) User=0.05s Sys=0.00s Real=0.06s
[0.644s][info][gc,start       ] GC(25) Pause Young (Allocation Failure)
[0.715s][info][gc             ] GC(25) Pause Young (Allocation Failure) 134M->134M(173M) 71.515ms
[0.715s][info][gc,cpu         ] GC(25) User=0.03s Sys=0.02s Real=0.07s
[0.715s][info][gc,start       ] GC(26) Pause Full (Allocation Failure)
[0.715s][info][gc,phases,start] GC(26) Phase 1: Mark live objects
[0.769s][info][gc,phases      ] GC(26) Phase 1: Mark live objects 53.649ms
[0.769s][info][gc,phases,start] GC(26) Phase 2: Compute new object addresses
[0.790s][info][gc,phases      ] GC(26) Phase 2: Compute new object addresses 20.952ms
[0.790s][info][gc,phases,start] GC(26) Phase 3: Adjust pointers
[0.818s][info][gc,phases      ] GC(26) Phase 3: Adjust pointers 28.372ms
[0.818s][info][gc,phases,start] GC(26) Phase 4: Move objects
[0.845s][info][gc,phases      ] GC(26) Phase 4: Move objects 26.496ms
[0.846s][info][gc,heap        ] GC(26) DefNew: 44287K(44288K)->1016K(99712K) Eden: 39424K(39424K)->1016K(88640K) From: 4863K(4864K)->0K(11072K)
[0.846s][info][gc,heap        ] GC(26) Tenured: 93487K(98260K)->132887K(221480K)
[0.846s][info][gc,metaspace   ] GC(26) Metaspace: 6298K(6464K)->6298K(6464K) NonClass: 5765K(5824K)->5765K(5824K) Class: 533K(640K)->533K(640K)
[0.846s][info][gc             ] GC(26) Pause Full (Allocation Failure) 134M->130M(313M) 130.387ms
[0.846s][info][gc,cpu         ] GC(26) User=0.11s Sys=0.00s Real=0.13s
[0.942s][info][gc,start       ] GC(27) Pause Young (Allocation Failure)
[1.092s][info][gc,heap        ] GC(27) DefNew: 88640K(99712K)->11071K(99712K) Eden: 88640K(88640K)->0K(88640K) From: 0K(11072K)->11071K(11072K)
[1.092s][info][gc,heap        ] GC(27) Tenured: 132887K(221480K)->210425K(221480K)
[1.092s][info][gc,metaspace   ] GC(27) Metaspace: 6298K(6464K)->6298K(6464K) NonClass: 5765K(5824K)->5765K(5824K) Class: 533K(640K)->533K(640K)
[1.092s][info][gc             ] GC(27) Pause Young (Allocation Failure) 216M->216M(313M) 150.042ms
[1.092s][info][gc,cpu         ] GC(27) User=0.14s Sys=0.00s Real=0.15s
[1.173s][info][gc,start       ] GC(28) Pause Young (Allocation Failure)
[1.345s][info][gc             ] GC(28) Pause Young (Allocation Failure) 302M->302M(389M) 171.921ms
[1.345s][info][gc,cpu         ] GC(28) User=0.11s Sys=0.05s Real=0.17s
[1.345s][info][gc,start       ] GC(29) Pause Full (Allocation Failure)
[1.345s][info][gc,phases,start] GC(29) Phase 1: Mark live objects
[1.481s][info][gc,phases      ] GC(29) Phase 1: Mark live objects 136.592ms
[1.481s][info][gc,phases,start] GC(29) Phase 2: Compute new object addresses
[1.536s][info][gc,phases      ] GC(29) Phase 2: Compute new object addresses 54.749ms
[1.536s][info][gc,phases,start] GC(29) Phase 3: Adjust pointers
[1.597s][info][gc,phases      ] GC(29) Phase 3: Adjust pointers 60.927ms
[1.597s][info][gc,phases,start] GC(29) Phase 4: Move objects
[1.600s][info][gc,phases      ] GC(29) Phase 4: Move objects 2.524ms
[1.601s][info][gc,heap        ] GC(29) DefNew: 99711K(99712K)->10928K(224448K) Eden: 88640K(88640K)->10928K(199552K) From: 11071K(11072K)->0K(24896K)
[1.601s][info][gc,heap        ] GC(29) Tenured: 210425K(221480K)->299180K(498636K)
[1.601s][info][gc,metaspace   ] GC(29) Metaspace: 6298K(6464K)->6298K(6464K) NonClass: 5765K(5824K)->5765K(5824K) Class: 533K(640K)->533K(640K)
[1.601s][info][gc             ] GC(29) Pause Full (Allocation Failure) 302M->302M(706M) 256.103ms
[1.601s][info][gc,cpu         ] GC(29) User=0.23s Sys=0.00s Real=0.26s
[1.818s][info][gc,start       ] GC(30) Pause Young (Allocation Failure)
[2.157s][info][gc,heap        ] GC(30) DefNew: 199552K(224448K)->24895K(224448K) Eden: 199552K(199552K)->0K(199552K) From: 0K(24896K)->24895K(24896K)
[2.157s][info][gc,heap        ] GC(30) Tenured: 299180K(498636K)->473808K(498636K)
[2.157s][info][gc,metaspace   ] GC(30) Metaspace: 6298K(6464K)->6298K(6464K) NonClass: 5765K(5824K)->5765K(5824K) Class: 533K(640K)->533K(640K)
[2.157s][info][gc             ] GC(30) Pause Young (Allocation Failure) 487M->487M(706M) 339.274ms
[2.157s][info][gc,cpu         ] GC(30) User=0.30s Sys=0.03s Real=0.34s
[2.342s][info][gc,start       ] GC(31) Pause Young (Allocation Failure)
[2.780s][info][gc             ] GC(31) Pause Young (Allocation Failure) 681M->681M(876M) 437.457ms
[2.780s][info][gc,cpu         ] GC(31) User=0.28s Sys=0.02s Real=0.44s
[2.780s][info][gc,start       ] GC(32) Pause Full (Allocation Failure)
[2.780s][info][gc,phases,start] GC(32) Phase 1: Mark live objects
[3.112s][info][gc,phases      ] GC(32) Phase 1: Mark live objects 332.159ms
[3.112s][info][gc,phases,start] GC(32) Phase 2: Compute new object addresses
[3.225s][info][gc,phases      ] GC(32) Phase 2: Compute new object addresses 113.452ms
[3.225s][info][gc,phases,start] GC(32) Phase 3: Adjust pointers
[3.341s][info][gc,phases      ] GC(32) Phase 3: Adjust pointers 115.143ms
[3.341s][info][gc,phases,start] GC(32) Phase 4: Move objects
[3.346s][info][gc,phases      ] GC(32) Phase 4: Move objects 5.092ms
[3.348s][info][gc,heap        ] GC(32) DefNew: 224447K(224448K)->24796K(505152K) Eden: 199552K(199552K)->24796K(449088K) From: 24895K(24896K)->0K(56064K)
[3.348s][info][gc,heap        ] GC(32) Tenured: 473808K(498636K)->673423K(1122376K)
[3.348s][info][gc,metaspace   ] GC(32) Metaspace: 6298K(6464K)->6298K(6464K) NonClass: 5765K(5824K)->5765K(5824K) Class: 533K(640K)->533K(640K)
[3.348s][info][gc             ] GC(32) Pause Full (Allocation Failure) 681M->681M(1589M) 568.094ms
[3.348s][info][gc,cpu         ] GC(32) User=0.53s Sys=0.00s Real=0.57s
[3.808s][info][gc,start       ] GC(33) Pause Young (Allocation Failure)
[4.566s][info][gc,heap        ] GC(33) DefNew: 449088K(505152K)->56063K(505152K) Eden: 449088K(449088K)->0K(449088K) From: 0K(56064K)->56063K(56064K)
[4.566s][info][gc,heap        ] GC(33) Tenured: 673423K(1122376K)->1066419K(1122376K)
[4.566s][info][gc,metaspace   ] GC(33) Metaspace: 6298K(6464K)->6298K(6464K) NonClass: 5765K(5824K)->5765K(5824K) Class: 533K(640K)->533K(640K)
[4.566s][info][gc             ] GC(33) Pause Young (Allocation Failure) 1096M->1096M(1589M) 757.255ms
[4.566s][info][gc,cpu         ] GC(33) User=0.61s Sys=0.09s Real=0.76s
[5.032s][info][gc,start       ] GC(34) Pause Young (Allocation Failure)
[5.724s][info][gc             ] GC(34) Pause Young (Allocation Failure) 1534M->1476M(1915M) 691.532ms
[5.724s][info][gc,cpu         ] GC(34) User=0.59s Sys=0.09s Real=0.69s
[5.724s][info][gc,start       ] GC(35) Pause Full (Allocation Failure)
[5.724s][info][gc,phases,start] GC(35) Phase 1: Mark live objects
[6.369s][info][gc,phases      ] GC(35) Phase 1: Mark live objects 644.859ms
[6.369s][info][gc,phases,start] GC(35) Phase 2: Compute new object addresses
[6.583s][info][gc,phases      ] GC(35) Phase 2: Compute new object addresses 214.629ms
[6.583s][info][gc,phases,start] GC(35) Phase 3: Adjust pointers
[6.841s][info][gc,phases      ] GC(35) Phase 3: Adjust pointers 257.681ms
[6.841s][info][gc,phases,start] GC(35) Phase 4: Move objects
[6.852s][info][gc,phases      ] GC(35) Phase 4: Move objects 11.013ms
[6.856s][info][gc,heap        ] GC(35) DefNew: 505151K(505152K)->56010K(1092160K) Eden: 449088K(449088K)->56010K(970816K) From: 56063K(56064K)->0K(121344K)
[6.856s][info][gc,heap        ] GC(35) Tenured: 1066419K(1122376K)->1456140K(2426900K)
[6.856s][info][gc,metaspace   ] GC(35) Metaspace: 6298K(6464K)->6298K(6464K) NonClass: 5765K(5824K)->5765K(5824K) Class: 533K(640K)->533K(640K)
[6.856s][info][gc             ] GC(35) Pause Full (Allocation Failure) 1476M->1476M(3436M) 1132.401ms
[6.856s][info][gc,cpu         ] GC(35) User=1.12s Sys=0.00s Real=1.13s
[7.803s][info][gc,start       ] GC(36) Pause Young (Allocation Failure)
[9.567s][info][gc,heap        ] GC(36) DefNew: 970816K(1092160K)->121344K(1092160K) Eden: 970816K(970816K)->0K(970816K) From: 0K(121344K)->121344K(121344K)
[9.567s][info][gc,heap        ] GC(36) Tenured: 1456140K(2426900K)->2305580K(2426900K)
[9.567s][info][gc,metaspace   ] GC(36) Metaspace: 6298K(6464K)->6298K(6464K) NonClass: 5765K(5824K)->5765K(5824K) Class: 533K(640K)->533K(640K)
[9.567s][info][gc             ] GC(36) Pause Young (Allocation Failure) 2370M->2370M(3436M) 1764.069ms
[9.567s][info][gc,cpu         ] GC(36) User=1.41s Sys=0.28s Real=1.76s
[10.553s][info][gc,start       ] GC(37) Pause Young (Allocation Failure)
[10.553s][info][gc             ] GC(37) Pause Young (Allocation Failure) 3318M->3318M(3436M) 0.115ms
[10.553s][info][gc,cpu         ] GC(37) User=0.00s Sys=0.00s Real=0.00s
[10.553s][info][gc,start       ] GC(38) Pause Full (Allocation Failure)
[10.553s][info][gc,phases,start] GC(38) Phase 1: Mark live objects
[12.069s][info][gc,phases      ] GC(38) Phase 1: Mark live objects 1515.690ms
[12.069s][info][gc,phases,start] GC(38) Phase 2: Compute new object addresses
[12.551s][info][gc,phases      ] GC(38) Phase 2: Compute new object addresses 482.659ms
[12.551s][info][gc,phases,start] GC(38) Phase 3: Adjust pointers
[13.276s][info][gc,phases      ] GC(38) Phase 3: Adjust pointers 724.689ms
[13.276s][info][gc,phases,start] GC(38) Phase 4: Move objects
[13.903s][info][gc,phases      ] GC(38) Phase 4: Move objects 627.149ms
[13.905s][info][gc,heap        ] GC(38) DefNew: 1092160K(1092160K)->876604K(1228800K) Eden: 970816K(970816K)->876604K(1092288K) From: 121344K(121344K)->0K(136512K)
[13.905s][info][gc,heap        ] GC(38) Tenured: 2305580K(2426900K)->2426900K(2730688K)
[13.905s][info][gc,metaspace   ] GC(38) Metaspace: 6298K(6464K)->6298K(6464K) NonClass: 5765K(5824K)->5765K(5824K) Class: 533K(640K)->533K(640K)
[13.905s][info][gc             ] GC(38) Pause Full (Allocation Failure) 3318M->3226M(3866M) 3352.226ms
[13.905s][info][gc,cpu         ] GC(38) User=3.28s Sys=0.02s Real=3.35s
[15.549s][info][gc,start       ] GC(39) Pause Full (Allocation Failure)
[15.549s][info][gc,phases,start] GC(39) Phase 1: Mark live objects
[17.345s][info][gc,phases      ] GC(39) Phase 1: Mark live objects 1795.815ms
[17.345s][info][gc,phases,start] GC(39) Phase 2: Compute new object addresses
[17.877s][info][gc,phases      ] GC(39) Phase 2: Compute new object addresses 531.647ms
[17.877s][info][gc,phases,start] GC(39) Phase 3: Adjust pointers
[18.642s][info][gc,phases      ] GC(39) Phase 3: Adjust pointers 765.291ms
[18.642s][info][gc,phases,start] GC(39) Phase 4: Move objects
[18.692s][info][gc,phases      ] GC(39) Phase 4: Move objects 49.693ms
[18.693s][info][gc,heap        ] GC(39) DefNew: 1228800K(1228800K)->1228793K(1228800K) Eden: 1092288K(1092288K)->1092287K(1092288K) From: 136512K(136512K)->136505K(136512K)
[18.693s][info][gc,heap        ] GC(39) Tenured: 2730687K(2730688K)->2730687K(2730688K)
[18.693s][info][gc,metaspace   ] GC(39) Metaspace: 6298K(6464K)->6298K(6464K) NonClass: 5765K(5824K)->5765K(5824K) Class: 533K(640K)->533K(640K)
[18.693s][info][gc             ] GC(39) Pause Full (Allocation Failure) 3866M->3866M(3866M) 3143.879ms
[18.693s][info][gc,cpu         ] GC(39) User=3.14s Sys=0.00s Real=3.14s
[18.693s][info][gc,start       ] GC(40) Pause Full (Allocation Failure)
[18.693s][info][gc,phases,start] GC(40) Phase 1: Mark live objects
[20.481s][info][gc,phases      ] GC(40) Phase 1: Mark live objects 1787.450ms
[20.481s][info][gc,phases,start] GC(40) Phase 2: Compute new object addresses
[21.021s][info][gc,phases      ] GC(40) Phase 2: Compute new object addresses 539.915ms
[21.021s][info][gc,phases,start] GC(40) Phase 3: Adjust pointers
[21.752s][info][gc,phases      ] GC(40) Phase 3: Adjust pointers 731.510ms
[21.753s][info][gc,phases,start] GC(40) Phase 4: Move objects
[21.753s][info][gc,phases      ] GC(40) Phase 4: Move objects 0.016ms
[21.753s][info][gc,heap        ] GC(40) DefNew: 1228799K(1228800K)->1228799K(1228800K) Eden: 1092287K(1092288K)->1092287K(1092288K) From: 136511K(136512K)->136511K(136512K)
[21.753s][info][gc,heap        ] GC(40) Tenured: 2730687K(2730688K)->2730687K(2730688K)
[21.753s][info][gc,metaspace   ] GC(40) Metaspace: 6298K(6464K)->6298K(6464K) NonClass: 5765K(5824K)->5765K(5824K) Class: 533K(640K)->533K(640K)
[21.753s][info][gc             ] GC(40) Pause Full (Allocation Failure) 3866M->3866M(3866M) 3059.678ms
[21.753s][info][gc,cpu         ] GC(40) User=3.03s Sys=0.00s Real=3.06s
[21.753s][info][gc,start       ] GC(41) Pause Full (Allocation Failure)
[21.753s][info][gc,phases,start] GC(41) Phase 1: Mark live objects
[23.541s][info][gc,phases      ] GC(41) Phase 1: Mark live objects 1787.441ms
[23.541s][info][gc,phases,start] GC(41) Phase 2: Compute new object addresses
[24.074s][info][gc,phases      ] GC(41) Phase 2: Compute new object addresses 532.882ms
[24.074s][info][gc,phases,start] GC(41) Phase 3: Adjust pointers
[24.966s][info][gc,phases      ] GC(41) Phase 3: Adjust pointers 892.804ms
[24.966s][info][gc,phases,start] GC(41) Phase 4: Move objects
[25.593s][info][gc,phases      ] GC(41) Phase 4: Move objects 626.113ms
[25.593s][info][gc,heap        ] GC(41) DefNew: 1228799K(1228800K)->1228795K(1228800K) Eden: 1092287K(1092288K)->1092287K(1092288K) From: 136511K(136512K)->136507K(136512K)
[25.593s][info][gc,heap        ] GC(41) Tenured: 2730687K(2730688K)->2730687K(2730688K)
[25.593s][info][gc,metaspace   ] GC(41) Metaspace: 6298K(6464K)->6296K(6464K) NonClass: 5765K(5824K)->5764K(5824K) Class: 533K(640K)->532K(640K)
[25.594s][info][gc             ] GC(41) Pause Full (Allocation Failure) 3866M->3866M(3866M) 3840.427ms
[25.594s][info][gc,cpu         ] GC(41) User=3.83s Sys=0.00s Real=3.84s
[25.594s][info][gc,start       ] GC(42) Pause Full (Allocation Failure)
[25.594s][info][gc,phases,start] GC(42) Phase 1: Mark live objects
[27.385s][info][gc,phases      ] GC(42) Phase 1: Mark live objects 1790.504ms
[27.385s][info][gc,phases,start] GC(42) Phase 2: Compute new object addresses
[27.923s][info][gc,phases      ] GC(42) Phase 2: Compute new object addresses 538.113ms
[27.923s][info][gc,phases,start] GC(42) Phase 3: Adjust pointers
[28.663s][info][gc,phases      ] GC(42) Phase 3: Adjust pointers 739.694ms
[28.663s][info][gc,phases,start] GC(42) Phase 4: Move objects
[28.663s][info][gc,phases      ] GC(42) Phase 4: Move objects 0.016ms
[28.663s][info][gc,heap        ] GC(42) DefNew: 1228799K(1228800K)->1228799K(1228800K) Eden: 1092287K(1092288K)->1092287K(1092288K) From: 136511K(136512K)->136511K(136512K)
[28.663s][info][gc,heap        ] GC(42) Tenured: 2730687K(2730688K)->2730687K(2730688K)
[28.663s][info][gc,metaspace   ] GC(42) Metaspace: 6296K(6464K)->6296K(6464K) NonClass: 5764K(5824K)->5764K(5824K) Class: 532K(640K)->532K(640K)
[28.663s][info][gc             ] GC(42) Pause Full (Allocation Failure) 3866M->3866M(3866M) 3069.105ms
[28.663s][info][gc,cpu         ] GC(42) User=3.06s Sys=0.00s Real=3.07s
[28.663s][info][gc,start       ] GC(43) Pause Full (Allocation Failure)
[28.663s][info][gc,phases,start] GC(43) Phase 1: Mark live objects
[30.462s][info][gc,phases      ] GC(43) Phase 1: Mark live objects 1799.233ms
[30.463s][info][gc,phases,start] GC(43) Phase 2: Compute new object addresses
[30.995s][info][gc,phases      ] GC(43) Phase 2: Compute new object addresses 532.596ms
[30.995s][info][gc,phases,start] GC(43) Phase 3: Adjust pointers
[31.733s][info][gc,phases      ] GC(43) Phase 3: Adjust pointers 737.904ms
[31.733s][info][gc,phases,start] GC(43) Phase 4: Move objects
[31.733s][info][gc,phases      ] GC(43) Phase 4: Move objects 0.016ms
[31.734s][info][gc,heap        ] GC(43) DefNew: 1228799K(1228800K)->1228799K(1228800K) Eden: 1092287K(1092288K)->1092287K(1092288K) From: 136511K(136512K)->136511K(136512K)
[31.734s][info][gc,heap        ] GC(43) Tenured: 2730687K(2730688K)->2730687K(2730688K)
[31.734s][info][gc,metaspace   ] GC(43) Metaspace: 6296K(6464K)->6296K(6464K) NonClass: 5764K(5824K)->5764K(5824K) Class: 532K(640K)->532K(640K)
[31.734s][info][gc             ] GC(43) Pause Full (Allocation Failure) 3866M->3866M(3866M) 3070.613ms
[31.734s][info][gc,cpu         ] GC(43) User=3.06s Sys=0.00s Real=3.07s
[31.734s][info][gc,start       ] GC(44) Pause Full (Allocation Failure)
[31.734s][info][gc,phases,start] GC(44) Phase 1: Mark live objects
[33.535s][info][gc,phases      ] GC(44) Phase 1: Mark live objects 1800.371ms
[33.535s][info][gc,phases,start] GC(44) Phase 2: Compute new object addresses
[34.065s][info][gc,phases      ] GC(44) Phase 2: Compute new object addresses 529.882ms
[34.065s][info][gc,phases,start] GC(44) Phase 3: Adjust pointers
[34.803s][info][gc,phases      ] GC(44) Phase 3: Adjust pointers 738.473ms
[34.803s][info][gc,phases,start] GC(44) Phase 4: Move objects
[34.803s][info][gc,phases      ] GC(44) Phase 4: Move objects 0.016ms
[34.804s][info][gc,heap        ] GC(44) DefNew: 1228799K(1228800K)->1228799K(1228800K) Eden: 1092287K(1092288K)->1092287K(1092288K) From: 136511K(136512K)->136511K(136512K)
[34.804s][info][gc,heap        ] GC(44) Tenured: 2730687K(2730688K)->2730687K(2730688K)
[34.804s][info][gc,metaspace   ] GC(44) Metaspace: 6296K(6464K)->6296K(6464K) NonClass: 5764K(5824K)->5764K(5824K) Class: 532K(640K)->532K(640K)
[34.804s][info][gc             ] GC(44) Pause Full (Allocation Failure) 3866M->3866M(3866M) 3069.510ms
[34.804s][info][gc,cpu         ] GC(44) User=3.03s Sys=0.00s Real=3.07s
[34.804s][info][gc,start       ] GC(45) Pause Full (Allocation Failure)
[34.804s][info][gc,phases,start] GC(45) Phase 1: Mark live objects
[36.589s][info][gc,phases      ] GC(45) Phase 1: Mark live objects 1785.332ms
[36.589s][info][gc,phases,start] GC(45) Phase 2: Compute new object addresses
[37.122s][info][gc,phases      ] GC(45) Phase 2: Compute new object addresses 532.969ms
[37.122s][info][gc,phases,start] GC(45) Phase 3: Adjust pointers
[38.028s][info][gc,phases      ] GC(45) Phase 3: Adjust pointers 905.407ms
[38.028s][info][gc,phases,start] GC(45) Phase 4: Move objects
[38.656s][info][gc,phases      ] GC(45) Phase 4: Move objects 627.799ms
[38.657s][info][gc,heap        ] GC(45) DefNew: 1228799K(1228800K)->1228798K(1228800K) Eden: 1092287K(1092288K)->1092287K(1092288K) From: 136511K(136512K)->136510K(136512K)
[38.657s][info][gc,heap        ] GC(45) Tenured: 2730687K(2730688K)->2730687K(2730688K)
[38.657s][info][gc,metaspace   ] GC(45) Metaspace: 6296K(6464K)->6296K(6464K) NonClass: 5764K(5824K)->5764K(5824K) Class: 532K(640K)->532K(640K)
[38.657s][info][gc             ] GC(45) Pause Full (Allocation Failure) 3866M->3866M(3866M) 3852.675ms
[38.657s][info][gc,cpu         ] GC(45) User=3.84s Sys=0.00s Real=3.85s
[38.658s][info][gc,start       ] GC(46) Pause Full (Allocation Failure)
[38.658s][info][gc,phases,start] GC(46) Phase 1: Mark live objects
[40.449s][info][gc,phases      ] GC(46) Phase 1: Mark live objects 1791.268ms
[40.449s][info][gc,phases,start] GC(46) Phase 2: Compute new object addresses
[40.985s][info][gc,phases      ] GC(46) Phase 2: Compute new object addresses 535.879ms
[40.985s][info][gc,phases,start] GC(46) Phase 3: Adjust pointers
[41.887s][info][gc,phases      ] GC(46) Phase 3: Adjust pointers 901.380ms
[41.887s][info][gc,phases,start] GC(46) Phase 4: Move objects
[42.514s][info][gc,phases      ] GC(46) Phase 4: Move objects 627.709ms
[42.515s][info][gc,heap        ] GC(46) DefNew: 1228799K(1228800K)->1228797K(1228800K) Eden: 1092287K(1092288K)->1092287K(1092288K) From: 136511K(136512K)->136509K(136512K)
[42.515s][info][gc,heap        ] GC(46) Tenured: 2730687K(2730688K)->2730687K(2730688K)
[42.515s][info][gc,metaspace   ] GC(46) Metaspace: 6298K(6464K)->6298K(6464K) NonClass: 5764K(5824K)->5764K(5824K) Class: 533K(640K)->533K(640K)
[42.515s][info][gc             ] GC(46) Pause Full (Allocation Failure) 3866M->3866M(3866M) 3857.476ms
[42.515s][info][gc,cpu         ] GC(46) User=3.80s Sys=0.00s Real=3.86s
[42.516s][info][gc,heap,exit   ] Heap
[42.516s][info][gc,heap,exit   ]  def new generation   total 1228800K, used 1228798K [0x0000000706000000, 0x0000000759550000, 0x0000000759550000)
[42.516s][info][gc,heap,exit   ]   eden space 1092288K,  99% used [0x0000000706000000, 0x0000000748aafff8, 0x0000000748ab0000)
[42.516s][info][gc,heap,exit   ]   from space 136512K,  99% used [0x0000000748ab0000, 0x0000000750fff870, 0x0000000751000000)
[42.516s][info][gc,heap,exit   ]   to   space 136512K,   0% used [0x0000000751000000, 0x0000000751000000, 0x0000000759550000)
[42.516s][info][gc,heap,exit   ]  tenured generation   total 2730688K, used 2730687K [0x0000000759550000, 0x0000000800000000, 0x0000000800000000)
[42.516s][info][gc,heap,exit   ]    the space 2730688K,  99% used [0x0000000759550000, 0x00000007ffffff58, 0x0000000800000000, 0x0000000800000000)
[42.516s][info][gc,heap,exit   ]  Metaspace       used 6301K, committed 6464K, reserved 1114112K
[42.516s][info][gc,heap,exit   ]   class space    used 534K, committed 640K, reserved 1048576K
