[0.010s][info][gc,init] CardTable entry size: 512
[0.010s][info][gc     ] Using Serial
[0.010s][info][gc,init] Version: 18.0.1+10 (release)
[0.010s][info][gc,init] CPUs: 8 total, 8 available
[0.010s][info][gc,init] Memory: 16063M
[0.011s][info][gc,init] Large Page Support: Disabled
[0.011s][info][gc,init] NUMA Support: Disabled
[0.011s][info][gc,init] Compressed Oops: Enabled (Zero based)
[0.011s][info][gc,init] Heap Min Capacity: 2M
[0.011s][info][gc,init] Heap Initial Capacity: 2M
[0.011s][info][gc,init] Heap Max Capacity: 8200M
[0.011s][info][gc,init] Pre-touch: Disabled
[0.011s][info][gc,metaspace] CDS archive(s) not mapped
[0.011s][info][gc,metaspace] Compressed class space mapped at: 0x0000000800000000-0x0000000840000000, reserved size: 1073741824
[0.011s][info][gc,metaspace] Narrow klass base: 0x0000000800000000, Narrow klass shift: 0, Narrow klass range: 0x40000000
[0.175s][info][gc,start    ] GC(0) Pause Young (Allocation Failure)
[0.176s][info][gc,heap     ] GC(0) DefNew: 1023K(1152K)->127K(1152K) Eden: 1023K(1024K)->0K(1024K) From: 0K(128K)->127K(128K)
[0.177s][info][gc,heap     ] GC(0) Tenured: 0K(768K)->439K(768K)
[0.177s][info][gc,metaspace] GC(0) Metaspace: 5898K(6016K)->5898K(6016K) NonClass: 5398K(5504K)->5398K(5504K) Class: 499K(512K)->499K(512K)
[0.177s][info][gc          ] GC(0) Pause Young (Allocation Failure) 0M->0M(1M) 1.717ms
[0.177s][info][gc,cpu      ] GC(0) User=0.00s Sys=0.02s Real=0.00s
[0.198s][info][gc,start    ] GC(1) Pause Young (Allocation Failure)
[0.199s][info][gc          ] GC(1) Pause Young (Allocation Failure) 1M->0M(2M) 1.367ms
[0.199s][info][gc,cpu      ] GC(1) User=0.00s Sys=0.00s Real=0.00s
[0.199s][info][gc,start    ] GC(2) Pause Full (Allocation Failure)
[0.199s][info][gc,phases,start] GC(2) Phase 1: Mark live objects
[0.200s][info][gc,phases      ] GC(2) Phase 1: Mark live objects 0.977ms
[0.201s][info][gc,phases,start] GC(2) Phase 2: Compute new object addresses
[0.201s][info][gc,phases      ] GC(2) Phase 2: Compute new object addresses 0.236ms
[0.201s][info][gc,phases,start] GC(2) Phase 3: Adjust pointers
[0.201s][info][gc,phases      ] GC(2) Phase 3: Adjust pointers 0.509ms
[0.201s][info][gc,phases,start] GC(2) Phase 4: Move objects
[0.201s][info][gc,phases      ] GC(2) Phase 4: Move objects 0.090ms
[0.201s][info][gc,heap        ] GC(2) DefNew: 1151K(1152K)->40K(1152K) Eden: 1024K(1024K)->40K(1024K) From: 127K(128K)->0K(128K)
[0.201s][info][gc,heap        ] GC(2) Tenured: 439K(768K)->959K(1600K)
[0.202s][info][gc,metaspace   ] GC(2) Metaspace: 6295K(6464K)->6295K(6464K) NonClass: 5762K(5824K)->5762K(5824K) Class: 533K(640K)->533K(640K)
[0.202s][info][gc             ] GC(2) Pause Full (Allocation Failure) 0M->0M(2M) 2.092ms
[0.202s][info][gc,cpu         ] GC(2) User=0.00s Sys=0.00s Real=0.00s
[0.203s][info][gc,start       ] GC(3) Pause Young (Allocation Failure)
[0.205s][info][gc,heap        ] GC(3) DefNew: 1024K(1152K)->127K(1152K) Eden: 1024K(1024K)->0K(1024K) From: 0K(128K)->127K(128K)
[0.205s][info][gc,heap        ] GC(3) Tenured: 959K(1600K)->1375K(1600K)
[0.205s][info][gc,metaspace   ] GC(3) Metaspace: 6295K(6464K)->6295K(6464K) NonClass: 5762K(5824K)->5762K(5824K) Class: 533K(640K)->533K(640K)
[0.205s][info][gc             ] GC(3) Pause Young (Allocation Failure) 1M->1M(2M) 1.873ms
[0.205s][info][gc,cpu         ] GC(3) User=0.00s Sys=0.00s Real=0.00s
[0.206s][info][gc,start       ] GC(4) Pause Young (Allocation Failure)
[0.208s][info][gc             ] GC(4) Pause Young (Allocation Failure) 2M->1M(3M) 1.322ms
[0.208s][info][gc,cpu         ] GC(4) User=0.00s Sys=0.00s Real=0.00s
[0.208s][info][gc,start       ] GC(5) Pause Full (Allocation Failure)
[0.208s][info][gc,phases,start] GC(5) Phase 1: Mark live objects
[0.209s][info][gc,phases      ] GC(5) Phase 1: Mark live objects 1.520ms
[0.209s][info][gc,phases,start] GC(5) Phase 2: Compute new object addresses
[0.210s][info][gc,phases      ] GC(5) Phase 2: Compute new object addresses 0.385ms
[0.210s][info][gc,phases,start] GC(5) Phase 3: Adjust pointers
[0.211s][info][gc,phases      ] GC(5) Phase 3: Adjust pointers 0.712ms
[0.211s][info][gc,phases,start] GC(5) Phase 4: Move objects
[0.211s][info][gc,phases      ] GC(5) Phase 4: Move objects 0.071ms
[0.211s][info][gc,heap        ] GC(5) DefNew: 1151K(1152K)->35K(1536K) Eden: 1024K(1024K)->35K(1408K) From: 127K(128K)->0K(128K)
[0.211s][info][gc,heap        ] GC(5) Tenured: 1375K(1600K)->1983K(3308K)
[0.211s][info][gc,metaspace   ] GC(5) Metaspace: 6295K(6464K)->6295K(6464K) NonClass: 5762K(5824K)->5762K(5824K) Class: 533K(640K)->533K(640K)
[0.211s][info][gc             ] GC(5) Pause Full (Allocation Failure) 1M->1M(4M) 3.039ms
[0.211s][info][gc,cpu         ] GC(5) User=0.00s Sys=0.00s Real=0.00s
[0.214s][info][gc,start       ] GC(6) Pause Young (Allocation Failure)
[0.216s][info][gc,heap        ] GC(6) DefNew: 1407K(1536K)->127K(1536K) Eden: 1407K(1408K)->0K(1408K) From: 0K(128K)->127K(128K)
[0.216s][info][gc,heap        ] GC(6) Tenured: 1983K(3308K)->2617K(3308K)
[0.216s][info][gc,metaspace   ] GC(6) Metaspace: 6295K(6464K)->6295K(6464K) NonClass: 5762K(5824K)->5762K(5824K) Class: 533K(640K)->533K(640K)
[0.216s][info][gc             ] GC(6) Pause Young (Allocation Failure) 3M->2M(4M) 1.923ms
[0.216s][info][gc,cpu         ] GC(6) User=0.00s Sys=0.00s Real=0.00s
[0.218s][info][gc,start       ] GC(7) Pause Young (Allocation Failure)
[0.220s][info][gc             ] GC(7) Pause Young (Allocation Failure) 4M->3M(4M) 1.640ms
[0.220s][info][gc,cpu         ] GC(7) User=0.00s Sys=0.00s Real=0.00s
[0.220s][info][gc,start       ] GC(8) Pause Full (Allocation Failure)
[0.220s][info][gc,phases,start] GC(8) Phase 1: Mark live objects
[0.222s][info][gc,phases      ] GC(8) Phase 1: Mark live objects 1.927ms
[0.222s][info][gc,phases,start] GC(8) Phase 2: Compute new object addresses
[0.222s][info][gc,phases      ] GC(8) Phase 2: Compute new object addresses 0.584ms
[0.222s][info][gc,phases,start] GC(8) Phase 3: Adjust pointers
[0.223s][info][gc,phases      ] GC(8) Phase 3: Adjust pointers 0.894ms
[0.223s][info][gc,phases,start] GC(8) Phase 4: Move objects
[0.223s][info][gc,phases      ] GC(8) Phase 4: Move objects 0.070ms
[0.223s][info][gc,heap        ] GC(8) DefNew: 1535K(1536K)->0K(2688K) Eden: 1408K(1408K)->0K(2432K) From: 127K(128K)->0K(256K)
[0.223s][info][gc,heap        ] GC(8) Tenured: 2617K(3308K)->3460K(5768K)
[0.223s][info][gc,metaspace   ] GC(8) Metaspace: 6295K(6464K)->6295K(6464K) NonClass: 5762K(5824K)->5762K(5824K) Class: 533K(640K)->533K(640K)
[0.223s][info][gc             ] GC(8) Pause Full (Allocation Failure) 3M->3M(8M) 3.745ms
[0.223s][info][gc,cpu         ] GC(8) User=0.00s Sys=0.00s Real=0.00s
[0.227s][info][gc,start       ] GC(9) Pause Young (Allocation Failure)
[0.229s][info][gc,heap        ] GC(9) DefNew: 2431K(2688K)->256K(2688K) Eden: 2431K(2432K)->0K(2432K) From: 0K(256K)->256K(256K)
[0.229s][info][gc,heap        ] GC(9) Tenured: 3460K(5768K)->4512K(5768K)
[0.229s][info][gc,metaspace   ] GC(9) Metaspace: 6295K(6464K)->6295K(6464K) NonClass: 5762K(5824K)->5762K(5824K) Class: 533K(640K)->533K(640K)
[0.229s][info][gc             ] GC(9) Pause Young (Allocation Failure) 5M->4M(8M) 2.368ms
[0.229s][info][gc,cpu         ] GC(9) User=0.00s Sys=0.00s Real=0.00s
[0.231s][info][gc,start       ] GC(10) Pause Young (Allocation Failure)
[0.234s][info][gc,heap        ] GC(10) DefNew: 2688K(2688K)->255K(2688K) Eden: 2432K(2432K)->0K(2432K) From: 256K(256K)->255K(256K)
[0.234s][info][gc,heap        ] GC(10) Tenured: 4512K(5768K)->5755K(5768K)
[0.234s][info][gc,metaspace   ] GC(10) Metaspace: 6295K(6464K)->6295K(6464K) NonClass: 5762K(5824K)->5762K(5824K) Class: 533K(640K)->533K(640K)
[0.234s][info][gc             ] GC(10) Pause Young (Allocation Failure) 7M->5M(8M) 2.862ms
[0.234s][info][gc,cpu         ] GC(10) User=0.00s Sys=0.00s Real=0.00s
[0.238s][info][gc,start       ] GC(11) Pause Young (Allocation Failure)
[0.241s][info][gc             ] GC(11) Pause Young (Allocation Failure) 8M->7M(9M) 2.840ms
[0.241s][info][gc,cpu         ] GC(11) User=0.00s Sys=0.00s Real=0.00s
[0.241s][info][gc,start       ] GC(12) Pause Full (Allocation Failure)
[0.241s][info][gc,phases,start] GC(12) Phase 1: Mark live objects
[0.245s][info][gc,phases      ] GC(12) Phase 1: Mark live objects 3.724ms
[0.245s][info][gc,phases,start] GC(12) Phase 2: Compute new object addresses
[0.246s][info][gc,phases      ] GC(12) Phase 2: Compute new object addresses 1.134ms
[0.246s][info][gc,phases,start] GC(12) Phase 3: Adjust pointers
[0.248s][info][gc,phases      ] GC(12) Phase 3: Adjust pointers 1.758ms
[0.248s][info][gc,phases,start] GC(12) Phase 4: Move objects
[0.249s][info][gc,phases      ] GC(12) Phase 4: Move objects 1.451ms
[0.250s][info][gc,heap        ] GC(12) DefNew: 2687K(2688K)->0K(5376K) Eden: 2432K(2432K)->0K(4800K) From: 255K(256K)->0K(576K)
[0.250s][info][gc,heap        ] GC(12) Tenured: 5755K(5768K)->7132K(11888K)
[0.250s][info][gc,metaspace   ] GC(12) Metaspace: 6295K(6464K)->6295K(6464K) NonClass: 5762K(5824K)->5762K(5824K) Class: 533K(640K)->533K(640K)
[0.250s][info][gc             ] GC(12) Pause Full (Allocation Failure) 7M->6M(16M) 8.689ms
[0.250s][info][gc,cpu         ] GC(12) User=0.00s Sys=0.00s Real=0.01s
[0.256s][info][gc,start       ] GC(13) Pause Young (Allocation Failure)
[0.262s][info][gc,heap        ] GC(13) DefNew: 4800K(5376K)->575K(5376K) Eden: 4800K(4800K)->0K(4800K) From: 0K(576K)->575K(576K)
[0.262s][info][gc,heap        ] GC(13) Tenured: 7132K(11888K)->9027K(11888K)
[0.262s][info][gc,metaspace   ] GC(13) Metaspace: 6295K(6464K)->6295K(6464K) NonClass: 5762K(5824K)->5762K(5824K) Class: 533K(640K)->533K(640K)
[0.262s][info][gc             ] GC(13) Pause Young (Allocation Failure) 11M->9M(16M) 6.403ms
[0.262s][info][gc,cpu         ] GC(13) User=0.00s Sys=0.00s Real=0.01s
[0.269s][info][gc,start       ] GC(14) Pause Young (Allocation Failure)
[0.276s][info][gc,heap        ] GC(14) DefNew: 5375K(5376K)->576K(5376K) Eden: 4800K(4800K)->0K(4800K) From: 575K(576K)->576K(576K)
[0.276s][info][gc,heap        ] GC(14) Tenured: 9027K(11888K)->11746K(11888K)
[0.276s][info][gc,metaspace   ] GC(14) Metaspace: 6295K(6464K)->6295K(6464K) NonClass: 5762K(5824K)->5762K(5824K) Class: 533K(640K)->533K(640K)
[0.276s][info][gc             ] GC(14) Pause Young (Allocation Failure) 14M->12M(16M) 7.282ms
[0.276s][info][gc,cpu         ] GC(14) User=0.02s Sys=0.00s Real=0.01s
[0.280s][info][gc,start       ] GC(15) Pause Young (Allocation Failure)
[0.286s][info][gc             ] GC(15) Pause Young (Allocation Failure) 16M->14M(19M) 5.570ms
[0.286s][info][gc,cpu         ] GC(15) User=0.00s Sys=0.00s Real=0.00s
[0.286s][info][gc,start       ] GC(16) Pause Full (Allocation Failure)
[0.286s][info][gc,phases,start] GC(16) Phase 1: Mark live objects
[0.294s][info][gc,phases      ] GC(16) Phase 1: Mark live objects 7.798ms
[0.294s][info][gc,phases,start] GC(16) Phase 2: Compute new object addresses
[0.297s][info][gc,phases      ] GC(16) Phase 2: Compute new object addresses 2.760ms
[0.297s][info][gc,phases,start] GC(16) Phase 3: Adjust pointers
[0.300s][info][gc,phases      ] GC(16) Phase 3: Adjust pointers 2.891ms
[0.300s][info][gc,phases,start] GC(16) Phase 4: Move objects
[0.300s][info][gc,phases      ] GC(16) Phase 4: Move objects 0.175ms
[0.300s][info][gc,heap        ] GC(16) DefNew: 5376K(5376K)->386K(10880K) Eden: 4800K(4800K)->386K(9728K) From: 576K(576K)->0K(1152K)
[0.300s][info][gc,heap        ] GC(16) Tenured: 11746K(11888K)->14384K(23976K)
[0.300s][info][gc,metaspace   ] GC(16) Metaspace: 6297K(6464K)->6297K(6464K) NonClass: 5764K(5824K)->5764K(5824K) Class: 533K(640K)->533K(640K)
[0.300s][info][gc             ] GC(16) Pause Full (Allocation Failure) 14M->14M(34M) 14.011ms
[0.300s][info][gc,cpu         ] GC(16) User=0.02s Sys=0.00s Real=0.02s
[0.307s][info][gc,start       ] GC(17) Pause Young (Allocation Failure)
[0.320s][info][gc,heap        ] GC(17) DefNew: 9728K(10880K)->1151K(10880K) Eden: 9728K(9728K)->0K(9728K) From: 0K(1152K)->1151K(1152K)
[0.321s][info][gc,heap        ] GC(17) Tenured: 14384K(23976K)->18415K(23976K)
[0.321s][info][gc,metaspace   ] GC(17) Metaspace: 6297K(6464K)->6297K(6464K) NonClass: 5764K(5824K)->5764K(5824K) Class: 533K(640K)->533K(640K)
[0.321s][info][gc             ] GC(17) Pause Young (Allocation Failure) 23M->19M(34M) 13.600ms
[0.321s][info][gc,cpu         ] GC(17) User=0.00s Sys=0.00s Real=0.01s
[0.329s][info][gc,start       ] GC(18) Pause Young (Allocation Failure)
[0.341s][info][gc,heap        ] GC(18) DefNew: 10879K(10880K)->1151K(10880K) Eden: 9728K(9728K)->0K(9728K) From: 1151K(1152K)->1151K(1152K)
[0.341s][info][gc,heap        ] GC(18) Tenured: 18415K(23976K)->23936K(23976K)
[0.341s][info][gc,metaspace   ] GC(18) Metaspace: 6297K(6464K)->6297K(6464K) NonClass: 5764K(5824K)->5764K(5824K) Class: 533K(640K)->533K(640K)
[0.341s][info][gc             ] GC(18) Pause Young (Allocation Failure) 28M->24M(34M) 11.664ms
[0.341s][info][gc,cpu         ] GC(18) User=0.00s Sys=0.00s Real=0.01s
[0.346s][info][gc,start       ] GC(19) Pause Young (Allocation Failure)
[0.358s][info][gc             ] GC(19) Pause Young (Allocation Failure) 34M->29M(38M) 11.586ms
[0.358s][info][gc,cpu         ] GC(19) User=0.00s Sys=0.00s Real=0.01s
[0.358s][info][gc,start       ] GC(20) Pause Full (Allocation Failure)
[0.358s][info][gc,phases,start] GC(20) Phase 1: Mark live objects
[0.372s][info][gc,phases      ] GC(20) Phase 1: Mark live objects 14.165ms
[0.372s][info][gc,phases,start] GC(20) Phase 2: Compute new object addresses
[0.377s][info][gc,phases      ] GC(20) Phase 2: Compute new object addresses 5.272ms
[0.377s][info][gc,phases,start] GC(20) Phase 3: Adjust pointers
[0.383s][info][gc,phases      ] GC(20) Phase 3: Adjust pointers 5.700ms
[0.383s][info][gc,phases,start] GC(20) Phase 4: Move objects
[0.383s][info][gc,phases      ] GC(20) Phase 4: Move objects 0.169ms
[0.383s][info][gc,heap        ] GC(20) DefNew: 10879K(10880K)->1080K(21888K) Eden: 9728K(9728K)->1080K(19520K) From: 1151K(1152K)->0K(2368K)
[0.383s][info][gc,heap        ] GC(20) Tenured: 23936K(23976K)->29036K(48396K)
[0.383s][info][gc,metaspace   ] GC(20) Metaspace: 6297K(6464K)->6297K(6464K) NonClass: 5764K(5824K)->5764K(5824K) Class: 533K(640K)->533K(640K)
[0.383s][info][gc             ] GC(20) Pause Full (Allocation Failure) 29M->29M(68M) 25.719ms
[0.383s][info][gc,cpu         ] GC(20) User=0.03s Sys=0.00s Real=0.03s
[0.399s][info][gc,start       ] GC(21) Pause Young (Allocation Failure)
[0.429s][info][gc,heap        ] GC(21) DefNew: 19520K(21888K)->2368K(21888K) Eden: 19520K(19520K)->0K(19520K) From: 0K(2368K)->2368K(2368K)
[0.429s][info][gc,heap        ] GC(21) Tenured: 29036K(48396K)->39344K(48396K)
[0.429s][info][gc,metaspace   ] GC(21) Metaspace: 6297K(6464K)->6297K(6464K) NonClass: 5764K(5824K)->5764K(5824K) Class: 533K(640K)->533K(640K)
[0.429s][info][gc             ] GC(21) Pause Young (Allocation Failure) 47M->40M(68M) 29.488ms
[0.429s][info][gc,cpu         ] GC(21) User=0.02s Sys=0.00s Real=0.03s
[0.448s][info][gc,start       ] GC(22) Pause Young (Allocation Failure)
[0.484s][info][gc             ] GC(22) Pause Young (Allocation Failure) 59M->59M(78M) 35.948ms
[0.484s][info][gc,cpu         ] GC(22) User=0.02s Sys=0.02s Real=0.04s
[0.484s][info][gc,start       ] GC(23) Pause Full (Allocation Failure)
[0.484s][info][gc,phases,start] GC(23) Phase 1: Mark live objects
[0.508s][info][gc,phases      ] GC(23) Phase 1: Mark live objects 23.990ms
[0.508s][info][gc,phases,start] GC(23) Phase 2: Compute new object addresses
[0.517s][info][gc,phases      ] GC(23) Phase 2: Compute new object addresses 9.184ms
[0.517s][info][gc,phases,start] GC(23) Phase 3: Adjust pointers
[0.533s][info][gc,phases      ] GC(23) Phase 3: Adjust pointers 16.365ms
[0.533s][info][gc,phases,start] GC(23) Phase 4: Move objects
[0.534s][info][gc,phases      ] GC(23) Phase 4: Move objects 0.355ms
[0.534s][info][gc,heap        ] GC(23) DefNew: 21888K(21888K)->2245K(44288K) Eden: 19520K(19520K)->2245K(39424K) From: 2368K(2368K)->0K(4864K)
[0.534s][info][gc,heap        ] GC(23) Tenured: 39344K(48396K)->58955K(98260K)
[0.534s][info][gc,metaspace   ] GC(23) Metaspace: 6297K(6464K)->6297K(6464K) NonClass: 5764K(5824K)->5764K(5824K) Class: 533K(640K)->533K(640K)
[0.534s][info][gc             ] GC(23) Pause Full (Allocation Failure) 59M->59M(139M) 50.483ms
[0.534s][info][gc,cpu         ] GC(23) User=0.05s Sys=0.00s Real=0.05s
[0.575s][info][gc,start       ] GC(24) Pause Young (Allocation Failure)
[0.637s][info][gc,heap        ] GC(24) DefNew: 39424K(44288K)->4863K(44288K) Eden: 39424K(39424K)->0K(39424K) From: 0K(4864K)->4863K(4864K)
[0.637s][info][gc,heap        ] GC(24) Tenured: 58955K(98260K)->93487K(98260K)
[0.637s][info][gc,metaspace   ] GC(24) Metaspace: 6297K(6464K)->6297K(6464K) NonClass: 5764K(5824K)->5764K(5824K) Class: 533K(640K)->533K(640K)
[0.637s][info][gc             ] GC(24) Pause Young (Allocation Failure) 96M->96M(139M) 62.052ms
[0.637s][info][gc,cpu         ] GC(24) User=0.03s Sys=0.02s Real=0.06s
[0.672s][info][gc,start       ] GC(25) Pause Young (Allocation Failure)
[0.745s][info][gc             ] GC(25) Pause Young (Allocation Failure) 134M->134M(173M) 73.365ms
[0.745s][info][gc,cpu         ] GC(25) User=0.06s Sys=0.00s Real=0.07s
[0.745s][info][gc,start       ] GC(26) Pause Full (Allocation Failure)
[0.745s][info][gc,phases,start] GC(26) Phase 1: Mark live objects
[0.804s][info][gc,phases      ] GC(26) Phase 1: Mark live objects 58.729ms
[0.804s][info][gc,phases,start] GC(26) Phase 2: Compute new object addresses
[0.825s][info][gc,phases      ] GC(26) Phase 2: Compute new object addresses 21.081ms
[0.825s][info][gc,phases,start] GC(26) Phase 3: Adjust pointers
[0.851s][info][gc,phases      ] GC(26) Phase 3: Adjust pointers 26.044ms
[0.851s][info][gc,phases,start] GC(26) Phase 4: Move objects
[0.876s][info][gc,phases      ] GC(26) Phase 4: Move objects 24.555ms
[0.876s][info][gc,heap        ] GC(26) DefNew: 44287K(44288K)->1011K(99712K) Eden: 39424K(39424K)->1011K(88640K) From: 4863K(4864K)->0K(11072K)
[0.876s][info][gc,heap        ] GC(26) Tenured: 93487K(98260K)->132887K(221480K)
[0.876s][info][gc,metaspace   ] GC(26) Metaspace: 6297K(6464K)->6297K(6464K) NonClass: 5764K(5824K)->5764K(5824K) Class: 533K(640K)->533K(640K)
[0.876s][info][gc             ] GC(26) Pause Full (Allocation Failure) 134M->130M(313M) 131.258ms
[0.876s][info][gc,cpu         ] GC(26) User=0.12s Sys=0.00s Real=0.13s
[0.970s][info][gc,start       ] GC(27) Pause Young (Allocation Failure)
[1.117s][info][gc,heap        ] GC(27) DefNew: 88640K(99712K)->11071K(99712K) Eden: 88640K(88640K)->0K(88640K) From: 0K(11072K)->11071K(11072K)
[1.117s][info][gc,heap        ] GC(27) Tenured: 132887K(221480K)->210430K(221480K)
[1.117s][info][gc,metaspace   ] GC(27) Metaspace: 6297K(6464K)->6297K(6464K) NonClass: 5764K(5824K)->5764K(5824K) Class: 533K(640K)->533K(640K)
[1.117s][info][gc             ] GC(27) Pause Young (Allocation Failure) 216M->216M(313M) 147.541ms
[1.117s][info][gc,cpu         ] GC(27) User=0.12s Sys=0.02s Real=0.15s
[1.201s][info][gc,start       ] GC(28) Pause Young (Allocation Failure)
[1.370s][info][gc             ] GC(28) Pause Young (Allocation Failure) 302M->302M(389M) 168.940ms
[1.370s][info][gc,cpu         ] GC(28) User=0.14s Sys=0.02s Real=0.17s
[1.370s][info][gc,start       ] GC(29) Pause Full (Allocation Failure)
[1.370s][info][gc,phases,start] GC(29) Phase 1: Mark live objects
[1.503s][info][gc,phases      ] GC(29) Phase 1: Mark live objects 133.111ms
[1.503s][info][gc,phases,start] GC(29) Phase 2: Compute new object addresses
[1.554s][info][gc,phases      ] GC(29) Phase 2: Compute new object addresses 50.379ms
[1.554s][info][gc,phases,start] GC(29) Phase 3: Adjust pointers
[1.611s][info][gc,phases      ] GC(29) Phase 3: Adjust pointers 57.178ms
[1.611s][info][gc,phases,start] GC(29) Phase 4: Move objects
[1.613s][info][gc,phases      ] GC(29) Phase 4: Move objects 2.346ms
[1.614s][info][gc,heap        ] GC(29) DefNew: 99711K(99712K)->10929K(224448K) Eden: 88640K(88640K)->10929K(199552K) From: 11071K(11072K)->0K(24896K)
[1.614s][info][gc,heap        ] GC(29) Tenured: 210430K(221480K)->299179K(498636K)
[1.614s][info][gc,metaspace   ] GC(29) Metaspace: 6297K(6464K)->6297K(6464K) NonClass: 5764K(5824K)->5764K(5824K) Class: 533K(640K)->533K(640K)
[1.614s][info][gc             ] GC(29) Pause Full (Allocation Failure) 302M->302M(706M) 244.334ms
[1.614s][info][gc,cpu         ] GC(29) User=0.23s Sys=0.00s Real=0.24s
[1.825s][info][gc,start       ] GC(30) Pause Young (Allocation Failure)
[2.167s][info][gc,heap        ] GC(30) DefNew: 199552K(224448K)->24895K(224448K) Eden: 199552K(199552K)->0K(199552K) From: 0K(24896K)->24895K(24896K)
[2.167s][info][gc,heap        ] GC(30) Tenured: 299179K(498636K)->473810K(498636K)
[2.167s][info][gc,metaspace   ] GC(30) Metaspace: 6297K(6464K)->6297K(6464K) NonClass: 5764K(5824K)->5764K(5824K) Class: 533K(640K)->533K(640K)
[2.167s][info][gc             ] GC(30) Pause Young (Allocation Failure) 487M->487M(706M) 342.722ms
[2.167s][info][gc,cpu         ] GC(30) User=0.27s Sys=0.06s Real=0.34s
[2.353s][info][gc,start       ] GC(31) Pause Young (Allocation Failure)
[2.733s][info][gc             ] GC(31) Pause Young (Allocation Failure) 681M->681M(876M) 379.679ms
[2.733s][info][gc,cpu         ] GC(31) User=0.34s Sys=0.02s Real=0.38s
[2.733s][info][gc,start       ] GC(32) Pause Full (Allocation Failure)
[2.733s][info][gc,phases,start] GC(32) Phase 1: Mark live objects
[3.037s][info][gc,phases      ] GC(32) Phase 1: Mark live objects 304.040ms
[3.037s][info][gc,phases,start] GC(32) Phase 2: Compute new object addresses
[3.142s][info][gc,phases      ] GC(32) Phase 2: Compute new object addresses 104.843ms
[3.142s][info][gc,phases,start] GC(32) Phase 3: Adjust pointers
[3.257s][info][gc,phases      ] GC(32) Phase 3: Adjust pointers 114.882ms
[3.257s][info][gc,phases,start] GC(32) Phase 4: Move objects
[3.262s][info][gc,phases      ] GC(32) Phase 4: Move objects 4.970ms
[3.264s][info][gc,heap        ] GC(32) DefNew: 224447K(224448K)->24803K(505152K) Eden: 199552K(199552K)->24803K(449088K) From: 24895K(24896K)->0K(56064K)
[3.264s][info][gc,heap        ] GC(32) Tenured: 473810K(498636K)->673424K(1122376K)
[3.264s][info][gc,metaspace   ] GC(32) Metaspace: 6297K(6464K)->6297K(6464K) NonClass: 5764K(5824K)->5764K(5824K) Class: 533K(640K)->533K(640K)
[3.264s][info][gc             ] GC(32) Pause Full (Allocation Failure) 681M->681M(1589M) 531.100ms
[3.264s][info][gc,cpu         ] GC(32) User=0.53s Sys=0.00s Real=0.53s
[3.739s][info][gc,start       ] GC(33) Pause Young (Allocation Failure)
[4.521s][info][gc,heap        ] GC(33) DefNew: 449088K(505152K)->56063K(505152K) Eden: 449088K(449088K)->0K(449088K) From: 0K(56064K)->56063K(56064K)
[4.521s][info][gc,heap        ] GC(33) Tenured: 673424K(1122376K)->1066420K(1122376K)
[4.521s][info][gc,metaspace   ] GC(33) Metaspace: 6297K(6464K)->6297K(6464K) NonClass: 5764K(5824K)->5764K(5824K) Class: 533K(640K)->533K(640K)
[4.521s][info][gc             ] GC(33) Pause Young (Allocation Failure) 1096M->1096M(1589M) 781.905ms
[4.521s][info][gc,cpu         ] GC(33) User=0.62s Sys=0.12s Real=0.78s
[4.984s][info][gc,start       ] GC(34) Pause Young (Allocation Failure)
[5.716s][info][gc             ] GC(34) Pause Young (Allocation Failure) 1534M->1484M(1923M) 732.221ms
[5.716s][info][gc,cpu         ] GC(34) User=0.56s Sys=0.14s Real=0.73s
[5.716s][info][gc,start       ] GC(35) Pause Full (Allocation Failure)
[5.716s][info][gc,phases,start] GC(35) Phase 1: Mark live objects
[6.368s][info][gc,phases      ] GC(35) Phase 1: Mark live objects 652.022ms
[6.368s][info][gc,phases,start] GC(35) Phase 2: Compute new object addresses
[6.591s][info][gc,phases      ] GC(35) Phase 2: Compute new object addresses 222.335ms
[6.591s][info][gc,phases,start] GC(35) Phase 3: Adjust pointers
[6.850s][info][gc,phases      ] GC(35) Phase 3: Adjust pointers 259.555ms
[6.851s][info][gc,phases,start] GC(35) Phase 4: Move objects
[6.861s][info][gc,phases      ] GC(35) Phase 4: Move objects 10.914ms
[6.865s][info][gc,heap        ] GC(35) DefNew: 505151K(505152K)->55886K(1098496K) Eden: 449088K(449088K)->55886K(976448K) From: 56063K(56064K)->0K(122048K)
[6.866s][info][gc,heap        ] GC(35) Tenured: 1066420K(1122376K)->1464587K(2440980K)
[6.866s][info][gc,metaspace   ] GC(35) Metaspace: 6297K(6464K)->6297K(6464K) NonClass: 5764K(5824K)->5764K(5824K) Class: 533K(640K)->533K(640K)
[6.866s][info][gc             ] GC(35) Pause Full (Allocation Failure) 1484M->1484M(3456M) 1149.234ms
[6.866s][info][gc,cpu         ] GC(35) User=1.12s Sys=0.02s Real=1.15s
[7.821s][info][gc,start       ] GC(36) Pause Young (Allocation Failure)
[9.569s][info][gc,heap        ] GC(36) DefNew: 976448K(1098496K)->122048K(1098496K) Eden: 976448K(976448K)->0K(976448K) From: 0K(122048K)->122048K(122048K)
[9.569s][info][gc,heap        ] GC(36) Tenured: 1464587K(2440980K)->2318959K(2440980K)
[9.569s][info][gc,metaspace   ] GC(36) Metaspace: 6297K(6464K)->6297K(6464K) NonClass: 5764K(5824K)->5764K(5824K) Class: 533K(640K)->533K(640K)
[9.569s][info][gc             ] GC(36) Pause Young (Allocation Failure) 2383M->2383M(3456M) 1748.041ms
[9.569s][info][gc,cpu         ] GC(36) User=1.52s Sys=0.22s Real=1.75s
[10.545s][info][gc,start       ] GC(37) Pause Young (Allocation Failure)
[12.255s][info][gc             ] GC(37) Pause Young (Allocation Failure) 3337M->3337M(4291M) 1709.871ms
[12.255s][info][gc,cpu         ] GC(37) User=1.36s Sys=0.34s Real=1.71s
[12.255s][info][gc,start       ] GC(38) Pause Full (Allocation Failure)
[12.255s][info][gc,phases,start] GC(38) Phase 1: Mark live objects
[13.764s][info][gc,phases      ] GC(38) Phase 1: Mark live objects 1509.029ms
[13.764s][info][gc,phases,start] GC(38) Phase 2: Compute new object addresses
[14.265s][info][gc,phases      ] GC(38) Phase 2: Compute new object addresses 501.191ms
[14.265s][info][gc,phases,start] GC(38) Phase 3: Adjust pointers
[14.953s][info][gc,phases      ] GC(38) Phase 3: Adjust pointers 687.772ms
[14.953s][info][gc,phases,start] GC(38) Phase 4: Move objects
[15.585s][info][gc,phases      ] GC(38) Phase 4: Move objects 631.560ms
[15.594s][info][gc,heap        ] GC(38) DefNew: 1098496K(1098496K)->27706K(2471680K) Eden: 976448K(976448K)->27706K(2197056K) From: 122048K(122048K)->0K(274624K)
[15.594s][info][gc,heap        ] GC(38) Tenured: 2318959K(2440980K)->3295511K(5492520K)
[15.594s][info][gc,metaspace   ] GC(38) Metaspace: 6297K(6464K)->6297K(6464K) NonClass: 5764K(5824K)->5764K(5824K) Class: 533K(640K)->533K(640K)
[15.594s][info][gc             ] GC(38) Pause Full (Allocation Failure) 3337M->3245M(7777M) 3339.136ms
[15.594s][info][gc,cpu         ] GC(38) User=3.33s Sys=0.00s Real=3.34s
[17.840s][info][gc,start       ] GC(39) Pause Young (Allocation Failure)
[21.684s][info][gc,heap        ] GC(39) DefNew: 2197056K(2471680K)->274623K(2471680K) Eden: 2197056K(2197056K)->0K(2197056K) From: 0K(274624K)->274623K(274624K)
[21.685s][info][gc,heap        ] GC(39) Tenured: 3295511K(5492520K)->5217914K(5492520K)
[21.685s][info][gc,metaspace   ] GC(39) Metaspace: 6297K(6464K)->6297K(6464K) NonClass: 5764K(5824K)->5764K(5824K) Class: 533K(640K)->533K(640K)
[21.685s][info][gc             ] GC(39) Pause Young (Allocation Failure) 5363M->5363M(7777M) 3844.939ms
[21.685s][info][gc,cpu         ] GC(39) User=3.17s Sys=0.61s Real=3.85s
[23.771s][info][gc,start       ] GC(40) Pause Young (Allocation Failure)
[23.771s][info][gc             ] GC(40) Pause Young (Allocation Failure) 7509M->7509M(7777M) 0.130ms
[23.771s][info][gc,cpu         ] GC(40) User=0.00s Sys=0.00s Real=0.00s
[23.771s][info][gc,start       ] GC(41) Pause Full (Allocation Failure)
[23.771s][info][gc,phases,start] GC(41) Phase 1: Mark live objects
[27.385s][info][gc,phases      ] GC(41) Phase 1: Mark live objects 3613.225ms
[27.385s][info][gc,phases,start] GC(41) Phase 2: Compute new object addresses
[28.491s][info][gc,phases      ] GC(41) Phase 2: Compute new object addresses 1106.649ms
[28.491s][info][gc,phases,start] GC(41) Phase 3: Adjust pointers
[30.058s][info][gc,phases      ] GC(41) Phase 3: Adjust pointers 1566.800ms
[30.058s][info][gc,phases,start] GC(41) Phase 4: Move objects
[30.566s][info][gc,phases      ] GC(41) Phase 4: Move objects 507.791ms
[30.567s][info][gc,heap        ] GC(41) DefNew: 2471679K(2471680K)->2197048K(2519040K) Eden: 2197056K(2197056K)->2197048K(2239168K) From: 274623K(274624K)->0K(279872K)
[30.567s][info][gc,heap        ] GC(41) Tenured: 5217914K(5492520K)->5492519K(5597888K)
[30.567s][info][gc,metaspace   ] GC(41) Metaspace: 6297K(6464K)->6297K(6464K) NonClass: 5764K(5824K)->5764K(5824K) Class: 533K(640K)->533K(640K)
[30.567s][info][gc             ] GC(41) Pause Full (Allocation Failure) 7509M->7509M(7926M) 6795.695ms
[30.567s][info][gc,cpu         ] GC(41) User=6.59s Sys=0.12s Real=6.80s
[31.848s][info][gc,start       ] GC(42) Pause Full (Allocation Failure)
[31.848s][info][gc,phases,start] GC(42) Phase 1: Mark live objects
[35.567s][info][gc,phases      ] GC(42) Phase 1: Mark live objects 3719.479ms
[35.567s][info][gc,phases,start] GC(42) Phase 2: Compute new object addresses
[36.695s][info][gc,phases      ] GC(42) Phase 2: Compute new object addresses 1128.112ms
[36.696s][info][gc,phases,start] GC(42) Phase 3: Adjust pointers
[38.326s][info][gc,phases      ] GC(42) Phase 3: Adjust pointers 1630.001ms
[38.326s][info][gc,phases,start] GC(42) Phase 4: Move objects
[38.707s][info][gc,phases      ] GC(42) Phase 4: Move objects 381.757ms
[38.708s][info][gc,heap        ] GC(42) DefNew: 2519040K(2519040K)->2519039K(2519040K) Eden: 2239168K(2239168K)->2239167K(2239168K) From: 279872K(279872K)->279871K(279872K)
[38.708s][info][gc,heap        ] GC(42) Tenured: 5597887K(5597888K)->5597887K(5597888K)
[38.708s][info][gc,metaspace   ] GC(42) Metaspace: 6297K(6464K)->6297K(6464K) NonClass: 5764K(5824K)->5764K(5824K) Class: 533K(640K)->533K(640K)
[38.708s][info][gc             ] GC(42) Pause Full (Allocation Failure) 7926M->7926M(7926M) 6860.411ms
[38.708s][info][gc,cpu         ] GC(42) User=6.66s Sys=0.00s Real=6.86s
[38.708s][info][gc,start       ] GC(43) Pause Full (Allocation Failure)
[38.708s][info][gc,phases,start] GC(43) Phase 1: Mark live objects
[42.298s][info][gc,phases      ] GC(43) Phase 1: Mark live objects 3589.574ms
[42.298s][info][gc,phases,start] GC(43) Phase 2: Compute new object addresses
[43.389s][info][gc,phases      ] GC(43) Phase 2: Compute new object addresses 1091.129ms
[43.389s][info][gc,phases,start] GC(43) Phase 3: Adjust pointers
[44.862s][info][gc,phases      ] GC(43) Phase 3: Adjust pointers 1473.218ms
[44.862s][info][gc,phases,start] GC(43) Phase 4: Move objects
[44.862s][info][gc,phases      ] GC(43) Phase 4: Move objects 0.017ms
[44.863s][info][gc,heap        ] GC(43) DefNew: 2519039K(2519040K)->2519039K(2519040K) Eden: 2239167K(2239168K)->2239167K(2239168K) From: 279871K(279872K)->279871K(279872K)
[44.863s][info][gc,heap        ] GC(43) Tenured: 5597887K(5597888K)->5597887K(5597888K)
[44.863s][info][gc,metaspace   ] GC(43) Metaspace: 6297K(6464K)->6297K(6464K) NonClass: 5764K(5824K)->5764K(5824K) Class: 533K(640K)->533K(640K)
[44.863s][info][gc             ] GC(43) Pause Full (Allocation Failure) 7926M->7926M(7926M) 6154.655ms
[44.863s][info][gc,cpu         ] GC(43) User=6.09s Sys=0.00s Real=6.15s
[44.863s][info][gc,start       ] GC(44) Pause Full (Allocation Failure)
[44.863s][info][gc,phases,start] GC(44) Phase 1: Mark live objects
[48.395s][info][gc,phases      ] GC(44) Phase 1: Mark live objects 3531.986ms
[48.395s][info][gc,phases,start] GC(44) Phase 2: Compute new object addresses
[49.487s][info][gc,phases      ] GC(44) Phase 2: Compute new object addresses 1091.546ms
[49.487s][info][gc,phases,start] GC(44) Phase 3: Adjust pointers
[51.245s][info][gc,phases      ] GC(44) Phase 3: Adjust pointers 1758.661ms
[51.245s][info][gc,phases,start] GC(44) Phase 4: Move objects
[52.710s][info][gc,phases      ] GC(44) Phase 4: Move objects 1464.403ms
[52.710s][info][gc,heap        ] GC(44) DefNew: 2519039K(2519040K)->2491717K(2519040K) Eden: 2239167K(2239168K)->2239167K(2239168K) From: 279871K(279872K)->252549K(279872K)
[52.710s][info][gc,heap        ] GC(44) Tenured: 5597887K(5597888K)->5494134K(5597888K)
[52.710s][info][gc,metaspace   ] GC(44) Metaspace: 6297K(6464K)->6295K(6464K) NonClass: 5764K(5824K)->5763K(5824K) Class: 533K(640K)->532K(640K)
[52.710s][info][gc             ] GC(44) Pause Full (Allocation Failure) 7926M->7798M(7926M) 7847.417ms
[52.711s][info][gc,cpu         ] GC(44) User=7.83s Sys=0.00s Real=7.85s
[53.110s][info][gc,start       ] GC(45) Pause Full (Allocation Failure)
[53.110s][info][gc,phases,start] GC(45) Phase 1: Mark live objects
[56.733s][info][gc,phases      ] GC(45) Phase 1: Mark live objects 3622.487ms
[56.733s][info][gc,phases,start] GC(45) Phase 2: Compute new object addresses
[57.836s][info][gc,phases      ] GC(45) Phase 2: Compute new object addresses 1103.510ms
[57.836s][info][gc,phases,start] GC(45) Phase 3: Adjust pointers
[59.346s][info][gc,phases      ] GC(45) Phase 3: Adjust pointers 1509.685ms
[59.346s][info][gc,phases,start] GC(45) Phase 4: Move objects
[59.346s][info][gc,phases      ] GC(45) Phase 4: Move objects 0.023ms
[59.346s][info][gc,heap        ] GC(45) DefNew: 2519039K(2519040K)->2519039K(2519040K) Eden: 2239167K(2239168K)->2239167K(2239168K) From: 279872K(279872K)->279872K(279872K)
[59.346s][info][gc,heap        ] GC(45) Tenured: 5597887K(5597888K)->5597887K(5597888K)
[59.346s][info][gc,metaspace   ] GC(45) Metaspace: 6295K(6464K)->6295K(6464K) NonClass: 5763K(5824K)->5763K(5824K) Class: 532K(640K)->532K(640K)
[59.346s][info][gc             ] GC(45) Pause Full (Allocation Failure) 7926M->7926M(7926M) 6236.519ms
[59.346s][info][gc,cpu         ] GC(45) User=6.22s Sys=0.00s Real=6.24s
[59.346s][info][gc,start       ] GC(46) Pause Full (Allocation Failure)
[59.346s][info][gc,phases,start] GC(46) Phase 1: Mark live objects
[62.984s][info][gc,phases      ] GC(46) Phase 1: Mark live objects 3637.489ms
[62.984s][info][gc,phases,start] GC(46) Phase 2: Compute new object addresses
[64.085s][info][gc,phases      ] GC(46) Phase 2: Compute new object addresses 1101.310ms
[64.085s][info][gc,phases,start] GC(46) Phase 3: Adjust pointers
[65.567s][info][gc,phases      ] GC(46) Phase 3: Adjust pointers 1481.853ms
[65.567s][info][gc,phases,start] GC(46) Phase 4: Move objects
[65.567s][info][gc,phases      ] GC(46) Phase 4: Move objects 0.016ms
[65.568s][info][gc,heap        ] GC(46) DefNew: 2519039K(2519040K)->2519039K(2519040K) Eden: 2239167K(2239168K)->2239167K(2239168K) From: 279872K(279872K)->279872K(279872K)
[65.568s][info][gc,heap        ] GC(46) Tenured: 5597887K(5597888K)->5597887K(5597888K)
[65.568s][info][gc,metaspace   ] GC(46) Metaspace: 6295K(6464K)->6295K(6464K) NonClass: 5763K(5824K)->5763K(5824K) Class: 532K(640K)->532K(640K)
[65.568s][info][gc             ] GC(46) Pause Full (Allocation Failure) 7926M->7926M(7926M) 6221.381ms
[65.568s][info][gc,cpu         ] GC(46) User=6.20s Sys=0.00s Real=6.22s
[65.568s][info][gc,start       ] GC(47) Pause Full (Allocation Failure)
[65.568s][info][gc,phases,start] GC(47) Phase 1: Mark live objects
[69.203s][info][gc,phases      ] GC(47) Phase 1: Mark live objects 3634.686ms
[69.203s][info][gc,phases,start] GC(47) Phase 2: Compute new object addresses
[70.303s][info][gc,phases      ] GC(47) Phase 2: Compute new object addresses 1100.340ms
[70.303s][info][gc,phases,start] GC(47) Phase 3: Adjust pointers
[71.786s][info][gc,phases      ] GC(47) Phase 3: Adjust pointers 1482.899ms
[71.786s][info][gc,phases,start] GC(47) Phase 4: Move objects
[71.786s][info][gc,phases      ] GC(47) Phase 4: Move objects 0.017ms
[71.787s][info][gc,heap        ] GC(47) DefNew: 2519039K(2519040K)->2519039K(2519040K) Eden: 2239167K(2239168K)->2239167K(2239168K) From: 279872K(279872K)->279872K(279872K)
[71.787s][info][gc,heap        ] GC(47) Tenured: 5597887K(5597888K)->5597887K(5597888K)
[71.787s][info][gc,metaspace   ] GC(47) Metaspace: 6295K(6464K)->6295K(6464K) NonClass: 5763K(5824K)->5763K(5824K) Class: 532K(640K)->532K(640K)
[71.787s][info][gc             ] GC(47) Pause Full (Allocation Failure) 7926M->7926M(7926M) 6218.732ms
[71.787s][info][gc,cpu         ] GC(47) User=6.19s Sys=0.00s Real=6.22s
[71.787s][info][gc,start       ] GC(48) Pause Full (Allocation Failure)
[71.787s][info][gc,phases,start] GC(48) Phase 1: Mark live objects
[75.413s][info][gc,phases      ] GC(48) Phase 1: Mark live objects 3626.402ms
[75.413s][info][gc,phases,start] GC(48) Phase 2: Compute new object addresses
[76.513s][info][gc,phases      ] GC(48) Phase 2: Compute new object addresses 1100.062ms
[76.513s][info][gc,phases,start] GC(48) Phase 3: Adjust pointers
[78.251s][info][gc,phases      ] GC(48) Phase 3: Adjust pointers 1737.744ms
[78.251s][info][gc,phases,start] GC(48) Phase 4: Move objects
[79.185s][info][gc,phases      ] GC(48) Phase 4: Move objects 933.336ms
[79.185s][info][gc,heap        ] GC(48) DefNew: 2519039K(2519040K)->2519039K(2519040K) Eden: 2239167K(2239168K)->2239167K(2239168K) From: 279872K(279872K)->279872K(279872K)
[79.185s][info][gc,heap        ] GC(48) Tenured: 5597887K(5597888K)->5597886K(5597888K)
[79.185s][info][gc,metaspace   ] GC(48) Metaspace: 6295K(6464K)->6295K(6464K) NonClass: 5763K(5824K)->5763K(5824K) Class: 532K(640K)->532K(640K)
[79.185s][info][gc             ] GC(48) Pause Full (Allocation Failure) 7926M->7926M(7926M) 7398.379ms
[79.185s][info][gc,cpu         ] GC(48) User=7.38s Sys=0.00s Real=7.40s
[79.187s][info][gc,start       ] GC(49) Pause Full (Allocation Failure)
[79.187s][info][gc,phases,start] GC(49) Phase 1: Mark live objects
[82.831s][info][gc,phases      ] GC(49) Phase 1: Mark live objects 3644.252ms
[82.831s][info][gc,phases,start] GC(49) Phase 2: Compute new object addresses
[83.967s][info][gc,phases      ] GC(49) Phase 2: Compute new object addresses 1136.094ms
[83.967s][info][gc,phases,start] GC(49) Phase 3: Adjust pointers
[85.519s][info][gc,phases      ] GC(49) Phase 3: Adjust pointers 1551.973ms
[85.519s][info][gc,phases,start] GC(49) Phase 4: Move objects
[85.519s][info][gc,phases      ] GC(49) Phase 4: Move objects 0.018ms
[85.520s][info][gc,heap        ] GC(49) DefNew: 2519039K(2519040K)->2519039K(2519040K) Eden: 2239167K(2239168K)->2239167K(2239168K) From: 279872K(279872K)->279872K(279872K)
[85.520s][info][gc,heap        ] GC(49) Tenured: 5597887K(5597888K)->5597887K(5597888K)
[85.520s][info][gc,metaspace   ] GC(49) Metaspace: 6297K(6464K)->6297K(6464K) NonClass: 5763K(5824K)->5763K(5824K) Class: 533K(640K)->533K(640K)
[85.520s][info][gc             ] GC(49) Pause Full (Allocation Failure) 7926M->7926M(7926M) 6333.088ms
[85.520s][info][gc,cpu         ] GC(49) User=6.27s Sys=0.00s Real=6.33s
[85.520s][info][gc,start       ] GC(50) Pause Full (Allocation Failure)
[85.520s][info][gc,phases,start] GC(50) Phase 1: Mark live objects
[89.188s][info][gc,phases      ] GC(50) Phase 1: Mark live objects 3668.636ms
[89.188s][info][gc,phases,start] GC(50) Phase 2: Compute new object addresses
[90.309s][info][gc,phases      ] GC(50) Phase 2: Compute new object addresses 1120.375ms
[90.309s][info][gc,phases,start] GC(50) Phase 3: Adjust pointers
[92.066s][info][gc,phases      ] GC(50) Phase 3: Adjust pointers 1757.604ms
[92.067s][info][gc,phases,start] GC(50) Phase 4: Move objects
[93.008s][info][gc,phases      ] GC(50) Phase 4: Move objects 941.035ms
[93.008s][info][gc,heap        ] GC(50) DefNew: 2519039K(2519040K)->2519039K(2519040K) Eden: 2239167K(2239168K)->2239167K(2239168K) From: 279872K(279872K)->279872K(279872K)
[93.008s][info][gc,heap        ] GC(50) Tenured: 5597887K(5597888K)->5597884K(5597888K)
[93.008s][info][gc,metaspace   ] GC(50) Metaspace: 6297K(6464K)->6297K(6464K) NonClass: 5763K(5824K)->5763K(5824K) Class: 533K(640K)->533K(640K)
[93.008s][info][gc             ] GC(50) Pause Full (Allocation Failure) 7926M->7926M(7926M) 7488.521ms
[93.008s][info][gc,cpu         ] GC(50) User=7.39s Sys=0.03s Real=7.49s
[93.009s][info][gc,heap,exit   ] Heap
[93.009s][info][gc,heap,exit   ]  def new generation   total 2519040K, used 2519039K [0x00000005ff800000, 0x00000006aa550000, 0x00000006aa550000)
[93.009s][info][gc,heap,exit   ]   eden space 2239168K,  99% used [0x00000005ff800000, 0x00000006882afff8, 0x00000006882b0000)
[93.009s][info][gc,heap,exit   ]   from space 279872K, 100% used [0x00000006882b0000, 0x0000000699400000, 0x0000000699400000)
[93.009s][info][gc,heap,exit   ]   to   space 279872K,   0% used [0x0000000699400000, 0x0000000699400000, 0x00000006aa550000)
[93.009s][info][gc,heap,exit   ]  tenured generation   total 5597888K, used 5597885K [0x00000006aa550000, 0x0000000800000000, 0x0000000800000000)
[93.009s][info][gc,heap,exit   ]    the space 5597888K,  99% used [0x00000006aa550000, 0x00000007fffff5d0, 0x00000007fffff600, 0x0000000800000000)
[93.009s][info][gc,heap,exit   ]  Metaspace       used 6300K, committed 6464K, reserved 1114112K
[93.009s][info][gc,heap,exit   ]   class space    used 534K, committed 640K, reserved 1048576K
