[0.012s][info][gc,init] CardTable entry size: 512
[0.012s][info][gc     ] Using Parallel
[0.013s][info][gc,init] Version: 18.0.1+10 (release)
[0.013s][info][gc,init] CPUs: 8 total, 8 available
[0.013s][info][gc,init] Memory: 16063M
[0.013s][info][gc,init] Large Page Support: Disabled
[0.013s][info][gc,init] NUMA Support: Disabled
[0.013s][info][gc,init] Compressed Oops: Enabled (Zero based)
[0.013s][info][gc,init] Alignments: Space 512K, Generation 512K, Heap 2M
[0.013s][info][gc,init] Heap Min Capacity: 2M
[0.013s][info][gc,init] Heap Initial Capacity: 2M
[0.013s][info][gc,init] Heap Max Capacity: 17100M
[0.014s][info][gc,init] Pre-touch: Disabled
[0.014s][info][gc,init] Parallel Workers: 8
[0.014s][info][gc,metaspace] CDS archive(s) not mapped
[0.014s][info][gc,metaspace] Compressed class space mapped at: 0x0000000800000000-0x0000000840000000, reserved size: 1073741824
[0.014s][info][gc,metaspace] Narrow klass base: 0x0000000800000000, Narrow klass shift: 0, Narrow klass range: 0x40000000
[0.114s][info][gc,start    ] GC(0) Pause Young (Allocation Failure)
[0.116s][info][gc,heap     ] GC(0) PSYoungGen: 512K(1024K)->480K(1024K) Eden: 512K(512K)->0K(512K) From: 0K(512K)->480K(512K)
[0.116s][info][gc,heap     ] GC(0) ParOldGen: 0K(512K)->8K(512K)
[0.116s][info][gc,metaspace] GC(0) Metaspace: 4230K(4352K)->4230K(4352K) NonClass: 3909K(3968K)->3909K(3968K) Class: 321K(384K)->321K(384K)
[0.116s][info][gc          ] GC(0) Pause Young (Allocation Failure) 0M->0M(1M) 1.391ms
[0.116s][info][gc,cpu      ] GC(0) User=0.00s Sys=0.00s Real=0.00s
[0.180s][info][gc,start    ] GC(1) Pause Young (Allocation Failure)
[0.181s][info][gc,heap     ] GC(1) PSYoungGen: 991K(1024K)->512K(1536K) Eden: 511K(512K)->0K(1024K) From: 480K(512K)->512K(512K)
[0.181s][info][gc,heap     ] GC(1) ParOldGen: 8K(512K)->88K(512K)
[0.181s][info][gc,metaspace] GC(1) Metaspace: 5881K(6016K)->5881K(6016K) NonClass: 5384K(5504K)->5384K(5504K) Class: 496K(512K)->496K(512K)
[0.181s][info][gc          ] GC(1) Pause Young (Allocation Failure) 0M->0M(2M) 0.845ms
[0.181s][info][gc,cpu      ] GC(1) User=0.00s Sys=0.00s Real=0.00s
[0.201s][info][gc,start    ] GC(2) Pause Young (Allocation Failure)
[0.202s][info][gc,heap     ] GC(2) PSYoungGen: 1536K(1536K)->512K(1536K) Eden: 1024K(1024K)->0K(1024K) From: 512K(512K)->512K(512K)
[0.202s][info][gc,heap     ] GC(2) ParOldGen: 88K(512K)->504K(512K)
[0.202s][info][gc,metaspace] GC(2) Metaspace: 6300K(6464K)->6300K(6464K) NonClass: 5767K(5824K)->5767K(5824K) Class: 533K(640K)->533K(640K)
[0.202s][info][gc          ] GC(2) Pause Young (Allocation Failure) 1M->0M(2M) 1.390ms
[0.202s][info][gc,cpu      ] GC(2) User=0.00s Sys=0.00s Real=0.00s
[0.202s][info][gc,start    ] GC(3) Pause Full (Ergonomics)
[0.202s][info][gc,phases,start] GC(3) Marking Phase
[0.203s][info][gc,phases      ] GC(3) Marking Phase 0.999ms
[0.204s][info][gc,phases,start] GC(3) Summary Phase
[0.204s][info][gc,phases      ] GC(3) Summary Phase 0.016ms
[0.204s][info][gc,phases,start] GC(3) Adjust Roots
[0.204s][info][gc,phases      ] GC(3) Adjust Roots 0.353ms
[0.204s][info][gc,phases,start] GC(3) Compaction Phase
[0.206s][info][gc,phases      ] GC(3) Compaction Phase 1.571ms
[0.206s][info][gc,phases,start] GC(3) Post Compact
[0.206s][info][gc,phases      ] GC(3) Post Compact 0.098ms
[0.206s][info][gc,heap        ] GC(3) PSYoungGen: 512K(1536K)->510K(1536K) Eden: 0K(1024K)->0K(1024K) From: 512K(512K)->510K(512K)
[0.206s][info][gc,heap        ] GC(3) ParOldGen: 504K(512K)->470K(2048K)
[0.206s][info][gc,metaspace   ] GC(3) Metaspace: 6300K(6464K)->6300K(6464K) NonClass: 5767K(5824K)->5767K(5824K) Class: 533K(640K)->533K(640K)
[0.206s][info][gc             ] GC(3) Pause Full (Ergonomics) 0M->0M(3M) 3.319ms
[0.206s][info][gc,cpu         ] GC(3) User=0.00s Sys=0.00s Real=0.00s
[0.207s][info][gc,start       ] GC(4) Pause Young (Allocation Failure)
[0.208s][info][gc,heap        ] GC(4) PSYoungGen: 1534K(1536K)->480K(2560K) Eden: 1024K(1024K)->0K(2048K) From: 510K(512K)->480K(512K)
[0.208s][info][gc,heap        ] GC(4) ParOldGen: 470K(2048K)->1034K(2048K)
[0.209s][info][gc,metaspace   ] GC(4) Metaspace: 6300K(6464K)->6300K(6464K) NonClass: 5767K(5824K)->5767K(5824K) Class: 533K(640K)->533K(640K)
[0.209s][info][gc             ] GC(4) Pause Young (Allocation Failure) 1M->1M(4M) 1.342ms
[0.209s][info][gc,cpu         ] GC(4) User=0.00s Sys=0.00s Real=0.00s
[0.212s][info][gc,start       ] GC(5) Pause Young (Allocation Failure)
[0.213s][info][gc,heap        ] GC(5) PSYoungGen: 2528K(2560K)->480K(2560K) Eden: 2048K(2048K)->0K(2048K) From: 480K(512K)->480K(512K)
[0.213s][info][gc,heap        ] GC(5) ParOldGen: 1034K(2048K)->2098K(2560K)
[0.213s][info][gc,metaspace   ] GC(5) Metaspace: 6300K(6464K)->6300K(6464K) NonClass: 5767K(5824K)->5767K(5824K) Class: 533K(640K)->533K(640K)
[0.213s][info][gc             ] GC(5) Pause Young (Allocation Failure) 3M->2M(5M) 1.664ms
[0.213s][info][gc,cpu         ] GC(5) User=0.00s Sys=0.00s Real=0.00s
[0.213s][info][gc,start       ] GC(6) Pause Full (Ergonomics)
[0.213s][info][gc,phases,start] GC(6) Marking Phase
[0.215s][info][gc,phases      ] GC(6) Marking Phase 1.572ms
[0.215s][info][gc,phases,start] GC(6) Summary Phase
[0.215s][info][gc,phases      ] GC(6) Summary Phase 0.016ms
[0.215s][info][gc,phases,start] GC(6) Adjust Roots
[0.215s][info][gc,phases      ] GC(6) Adjust Roots 0.339ms
[0.215s][info][gc,phases,start] GC(6) Compaction Phase
[0.217s][info][gc,phases      ] GC(6) Compaction Phase 2.165ms
[0.218s][info][gc,phases,start] GC(6) Post Compact
[0.218s][info][gc,phases      ] GC(6) Post Compact 0.030ms
[0.218s][info][gc,heap        ] GC(6) PSYoungGen: 480K(2560K)->0K(4096K) Eden: 0K(2048K)->0K(3072K) From: 480K(512K)->0K(1024K)
[0.218s][info][gc,heap        ] GC(6) ParOldGen: 2098K(2560K)->2542K(6144K)
[0.218s][info][gc,metaspace   ] GC(6) Metaspace: 6300K(6464K)->6300K(6464K) NonClass: 5767K(5824K)->5767K(5824K) Class: 533K(640K)->533K(640K)
[0.218s][info][gc             ] GC(6) Pause Full (Ergonomics) 2M->2M(10M) 4.538ms
[0.218s][info][gc,cpu         ] GC(6) User=0.00s Sys=0.00s Real=0.00s
[0.222s][info][gc,start       ] GC(7) Pause Young (Allocation Failure)
[0.224s][info][gc,heap        ] GC(7) PSYoungGen: 3072K(4096K)->1664K(5120K) Eden: 3072K(3072K)->0K(3072K) From: 0K(1024K)->1664K(2048K)
[0.224s][info][gc,heap        ] GC(7) ParOldGen: 2542K(6144K)->2542K(6144K)
[0.224s][info][gc,metaspace   ] GC(7) Metaspace: 6300K(6464K)->6300K(6464K) NonClass: 5767K(5824K)->5767K(5824K) Class: 533K(640K)->533K(640K)
[0.224s][info][gc             ] GC(7) Pause Young (Allocation Failure) 5M->4M(11M) 1.797ms
[0.224s][info][gc,cpu         ] GC(7) User=0.00s Sys=0.00s Real=0.00s
[0.229s][info][gc,start       ] GC(8) Pause Young (Allocation Failure)
[0.232s][info][gc,heap        ] GC(8) PSYoungGen: 4736K(5120K)->2016K(5632K) Eden: 3072K(3072K)->0K(3584K) From: 1664K(2048K)->2016K(2048K)
[0.232s][info][gc,heap        ] GC(8) ParOldGen: 2542K(6144K)->3774K(6144K)
[0.232s][info][gc,metaspace   ] GC(8) Metaspace: 6300K(6464K)->6300K(6464K) NonClass: 5767K(5824K)->5767K(5824K) Class: 533K(640K)->533K(640K)
[0.232s][info][gc             ] GC(8) Pause Young (Allocation Failure) 7M->5M(11M) 3.047ms
[0.232s][info][gc,cpu         ] GC(8) User=0.00s Sys=0.00s Real=0.00s
[0.238s][info][gc,start       ] GC(9) Pause Young (Allocation Failure)
[0.242s][info][gc,heap        ] GC(9) PSYoungGen: 5600K(5632K)->3040K(6656K) Eden: 3584K(3584K)->0K(3584K) From: 2016K(2048K)->3040K(3072K)
[0.242s][info][gc,heap        ] GC(9) ParOldGen: 3774K(6144K)->4614K(6144K)
[0.242s][info][gc,metaspace   ] GC(9) Metaspace: 6300K(6464K)->6300K(6464K) NonClass: 5767K(5824K)->5767K(5824K) Class: 533K(640K)->533K(640K)
[0.242s][info][gc             ] GC(9) Pause Young (Allocation Failure) 9M->7M(12M) 3.949ms
[0.242s][info][gc,cpu         ] GC(9) User=0.00s Sys=0.02s Real=0.00s
[0.246s][info][gc,start       ] GC(10) Pause Young (Allocation Failure)
[0.249s][info][gc,heap        ] GC(10) PSYoungGen: 6624K(6656K)->4064K(8704K) Eden: 3584K(3584K)->0K(4608K) From: 3040K(3072K)->4064K(4096K)
[0.250s][info][gc,heap        ] GC(10) ParOldGen: 4614K(6144K)->5454K(6144K)
[0.250s][info][gc,metaspace   ] GC(10) Metaspace: 6300K(6464K)->6300K(6464K) NonClass: 5767K(5824K)->5767K(5824K) Class: 533K(640K)->533K(640K)
[0.250s][info][gc             ] GC(10) Pause Young (Allocation Failure) 10M->9M(14M) 4.098ms
[0.250s][info][gc,cpu         ] GC(10) User=0.00s Sys=0.00s Real=0.00s
[0.250s][info][gc,start       ] GC(11) Pause Full (Ergonomics)
[0.250s][info][gc,phases,start] GC(11) Marking Phase
[0.254s][info][gc,phases      ] GC(11) Marking Phase 4.145ms
[0.254s][info][gc,phases,start] GC(11) Summary Phase
[0.254s][info][gc,phases      ] GC(11) Summary Phase 0.015ms
[0.254s][info][gc,phases,start] GC(11) Adjust Roots
[0.254s][info][gc,phases      ] GC(11) Adjust Roots 0.372ms
[0.254s][info][gc,phases,start] GC(11) Compaction Phase
[0.260s][info][gc,phases      ] GC(11) Compaction Phase 5.926ms
[0.260s][info][gc,phases,start] GC(11) Post Compact
[0.260s][info][gc,phases      ] GC(11) Post Compact 0.068ms
[0.261s][info][gc,heap        ] GC(11) PSYoungGen: 4064K(8704K)->3545K(8704K) Eden: 0K(4608K)->0K(4608K) From: 4064K(4096K)->3545K(4096K)
[0.261s][info][gc,heap        ] GC(11) ParOldGen: 5454K(6144K)->5831K(10752K)
[0.261s][info][gc,metaspace   ] GC(11) Metaspace: 6300K(6464K)->6300K(6464K) NonClass: 5767K(5824K)->5767K(5824K) Class: 533K(640K)->533K(640K)
[0.261s][info][gc             ] GC(11) Pause Full (Ergonomics) 9M->9M(19M) 10.856ms
[0.261s][info][gc,cpu         ] GC(11) User=0.00s Sys=0.00s Real=0.01s
[0.265s][info][gc,start       ] GC(12) Pause Young (Allocation Failure)
[0.269s][info][gc,heap        ] GC(12) PSYoungGen: 8013K(8704K)->5088K(9728K) Eden: 4468K(4608K)->0K(4608K) From: 3545K(4096K)->5088K(5120K)
[0.269s][info][gc,heap        ] GC(12) ParOldGen: 5831K(10752K)->6615K(10752K)
[0.269s][info][gc,metaspace   ] GC(12) Metaspace: 6300K(6464K)->6300K(6464K) NonClass: 5767K(5824K)->5767K(5824K) Class: 533K(640K)->533K(640K)
[0.269s][info][gc             ] GC(12) Pause Young (Allocation Failure) 13M->11M(20M) 3.951ms
[0.269s][info][gc,cpu         ] GC(12) User=0.00s Sys=0.00s Real=0.00s
[0.275s][info][gc,start       ] GC(13) Pause Young (Allocation Failure)
[0.281s][info][gc,heap        ] GC(13) PSYoungGen: 9696K(9728K)->6112K(11264K) Eden: 4608K(4608K)->0K(5120K) From: 5088K(5120K)->6112K(6144K)
[0.281s][info][gc,heap        ] GC(13) ParOldGen: 6615K(10752K)->7991K(10752K)
[0.281s][info][gc,metaspace   ] GC(13) Metaspace: 6300K(6464K)->6300K(6464K) NonClass: 5767K(5824K)->5767K(5824K) Class: 533K(640K)->533K(640K)
[0.281s][info][gc             ] GC(13) Pause Young (Allocation Failure) 15M->13M(21M) 6.343ms
[0.281s][info][gc,cpu         ] GC(13) User=0.00s Sys=0.00s Real=0.01s
[0.285s][info][gc,start       ] GC(14) Pause Young (Allocation Failure)
[0.291s][info][gc,heap        ] GC(14) PSYoungGen: 11232K(11264K)->5248K(12800K) Eden: 5120K(5120K)->0K(5120K) From: 6112K(6144K)->5248K(7680K)
[0.291s][info][gc,heap        ] GC(14) ParOldGen: 7991K(10752K)->11599K(11776K)
[0.291s][info][gc,metaspace   ] GC(14) Metaspace: 6302K(6464K)->6302K(6464K) NonClass: 5769K(5824K)->5769K(5824K) Class: 533K(640K)->533K(640K)
[0.291s][info][gc             ] GC(14) Pause Young (Allocation Failure) 18M->16M(24M) 5.883ms
[0.291s][info][gc,cpu         ] GC(14) User=0.02s Sys=0.00s Real=0.01s
[0.291s][info][gc,start       ] GC(15) Pause Full (Ergonomics)
[0.291s][info][gc,phases,start] GC(15) Marking Phase
[0.299s][info][gc,phases      ] GC(15) Marking Phase 7.426ms
[0.299s][info][gc,phases,start] GC(15) Summary Phase
[0.299s][info][gc,phases      ] GC(15) Summary Phase 0.015ms
[0.299s][info][gc,phases,start] GC(15) Adjust Roots
[0.299s][info][gc,phases      ] GC(15) Adjust Roots 0.235ms
[0.299s][info][gc,phases,start] GC(15) Compaction Phase
[0.305s][info][gc,phases      ] GC(15) Compaction Phase 6.193ms
[0.305s][info][gc,phases,start] GC(15) Post Compact
[0.305s][info][gc,phases      ] GC(15) Post Compact 0.069ms
[0.305s][info][gc,heap        ] GC(15) PSYoungGen: 5248K(12800K)->5176K(12800K) Eden: 0K(5120K)->0K(5120K) From: 5248K(7680K)->5176K(7680K)
[0.305s][info][gc,heap        ] GC(15) ParOldGen: 11599K(11776K)->11474K(18432K)
[0.305s][info][gc,metaspace   ] GC(15) Metaspace: 6302K(6464K)->6302K(6464K) NonClass: 5769K(5824K)->5769K(5824K) Class: 533K(640K)->533K(640K)
[0.305s][info][gc             ] GC(15) Pause Full (Ergonomics) 16M->16M(30M) 14.306ms
[0.305s][info][gc,cpu         ] GC(15) User=0.02s Sys=0.00s Real=0.01s
[0.309s][info][gc,start       ] GC(16) Pause Young (Allocation Failure)
[0.315s][info][gc,heap        ] GC(16) PSYoungGen: 10296K(12800K)->2688K(14336K) Eden: 5120K(5120K)->0K(7168K) From: 5176K(7680K)->2688K(7168K)
[0.315s][info][gc,heap        ] GC(16) ParOldGen: 11474K(18432K)->16730K(18432K)
[0.315s][info][gc,metaspace   ] GC(16) Metaspace: 6302K(6464K)->6302K(6464K) NonClass: 5769K(5824K)->5769K(5824K) Class: 533K(640K)->533K(640K)
[0.315s][info][gc             ] GC(16) Pause Young (Allocation Failure) 21M->18M(32M) 6.465ms
[0.315s][info][gc,cpu         ] GC(16) User=0.00s Sys=0.00s Real=0.01s
[0.315s][info][gc,start       ] GC(17) Pause Full (Ergonomics)
[0.315s][info][gc,phases,start] GC(17) Marking Phase
[0.323s][info][gc,phases      ] GC(17) Marking Phase 7.938ms
[0.323s][info][gc,phases,start] GC(17) Summary Phase
[0.323s][info][gc,phases      ] GC(17) Summary Phase 0.015ms
[0.324s][info][gc,phases,start] GC(17) Adjust Roots
[0.324s][info][gc,phases      ] GC(17) Adjust Roots 0.222ms
[0.324s][info][gc,phases,start] GC(17) Compaction Phase
[0.330s][info][gc,phases      ] GC(17) Compaction Phase 6.661ms
[0.330s][info][gc,phases,start] GC(17) Post Compact
[0.331s][info][gc,phases      ] GC(17) Post Compact 0.094ms
[0.331s][info][gc,heap        ] GC(17) PSYoungGen: 2688K(14336K)->1105K(14848K) Eden: 0K(7168K)->0K(7680K) From: 2688K(7168K)->1105K(7168K)
[0.331s][info][gc,heap        ] GC(17) ParOldGen: 16730K(18432K)->18183K(27648K)
[0.331s][info][gc,metaspace   ] GC(17) Metaspace: 6302K(6464K)->6302K(6464K) NonClass: 5769K(5824K)->5769K(5824K) Class: 533K(640K)->533K(640K)
[0.331s][info][gc             ] GC(17) Pause Full (Ergonomics) 18M->18M(41M) 15.306ms
[0.331s][info][gc,cpu         ] GC(17) User=0.02s Sys=0.00s Real=0.02s
[0.335s][info][gc,start       ] GC(18) Pause Young (Allocation Failure)
[0.340s][info][gc,heap        ] GC(18) PSYoungGen: 7799K(14848K)->3424K(15360K) Eden: 6694K(7680K)->0K(7680K) From: 1105K(7168K)->3424K(7680K)
[0.340s][info][gc,heap        ] GC(18) ParOldGen: 18183K(27648K)->19311K(27648K)
[0.340s][info][gc,metaspace   ] GC(18) Metaspace: 6302K(6464K)->6302K(6464K) NonClass: 5769K(5824K)->5769K(5824K) Class: 533K(640K)->533K(640K)
[0.340s][info][gc             ] GC(18) Pause Young (Allocation Failure) 25M->22M(42M) 4.615ms
[0.340s][info][gc,cpu         ] GC(18) User=0.02s Sys=0.00s Real=0.00s
[0.346s][info][gc,start       ] GC(19) Pause Young (Allocation Failure)
[0.353s][info][gc,heap        ] GC(19) PSYoungGen: 11103K(15360K)->4512K(17920K) Eden: 7679K(7680K)->0K(10240K) From: 3424K(7680K)->4512K(7680K)
[0.353s][info][gc,heap        ] GC(19) ParOldGen: 19311K(27648K)->22759K(27648K)
[0.353s][info][gc,metaspace   ] GC(19) Metaspace: 6302K(6464K)->6302K(6464K) NonClass: 5769K(5824K)->5769K(5824K) Class: 533K(640K)->533K(640K)
[0.353s][info][gc             ] GC(19) Pause Young (Allocation Failure) 29M->26M(44M) 6.833ms
[0.353s][info][gc,cpu         ] GC(19) User=0.00s Sys=0.00s Real=0.01s
[0.360s][info][gc,start       ] GC(20) Pause Young (Allocation Failure)
[0.366s][info][gc,heap        ] GC(20) PSYoungGen: 14752K(17920K)->5344K(17920K) Eden: 10240K(10240K)->0K(10240K) From: 4512K(7680K)->5344K(7680K)
[0.366s][info][gc,heap        ] GC(20) ParOldGen: 22759K(27648K)->27279K(27648K)
[0.366s][info][gc,metaspace   ] GC(20) Metaspace: 6302K(6464K)->6302K(6464K) NonClass: 5769K(5824K)->5769K(5824K) Class: 533K(640K)->533K(640K)
[0.367s][info][gc             ] GC(20) Pause Young (Allocation Failure) 36M->31M(44M) 6.838ms
[0.367s][info][gc,cpu         ] GC(20) User=0.00s Sys=0.00s Real=0.01s
[0.367s][info][gc,start       ] GC(21) Pause Full (Ergonomics)
[0.367s][info][gc,phases,start] GC(21) Marking Phase
[0.380s][info][gc,phases      ] GC(21) Marking Phase 13.490ms
[0.380s][info][gc,phases,start] GC(21) Summary Phase
[0.380s][info][gc,phases      ] GC(21) Summary Phase 0.016ms
[0.380s][info][gc,phases,start] GC(21) Adjust Roots
[0.380s][info][gc,phases      ] GC(21) Adjust Roots 0.174ms
[0.380s][info][gc,phases,start] GC(21) Compaction Phase
[0.393s][info][gc,phases      ] GC(21) Compaction Phase 12.632ms
[0.393s][info][gc,phases,start] GC(21) Post Compact
[0.393s][info][gc,phases      ] GC(21) Post Compact 0.125ms
[0.393s][info][gc,heap        ] GC(21) PSYoungGen: 5344K(17920K)->4779K(17920K) Eden: 0K(10240K)->0K(10240K) From: 5344K(7680K)->4779K(7680K)
[0.393s][info][gc,heap        ] GC(21) ParOldGen: 27279K(27648K)->27140K(38912K)
[0.393s][info][gc,metaspace   ] GC(21) Metaspace: 6302K(6464K)->6302K(6464K) NonClass: 5769K(5824K)->5769K(5824K) Class: 533K(640K)->533K(640K)
[0.393s][info][gc             ] GC(21) Pause Full (Ergonomics) 31M->31M(55M) 26.901ms
[0.393s][info][gc,cpu         ] GC(21) User=0.00s Sys=0.00s Real=0.03s
[0.403s][info][gc,start       ] GC(22) Pause Young (Allocation Failure)
[0.415s][info][gc,heap        ] GC(22) PSYoungGen: 15019K(17920K)->8192K(17920K) Eden: 10240K(10240K)->0K(9728K) From: 4779K(7680K)->8192K(8192K)
[0.415s][info][gc,heap        ] GC(22) ParOldGen: 27140K(38912K)->32948K(38912K)
[0.415s][info][gc,metaspace   ] GC(22) Metaspace: 6302K(6464K)->6302K(6464K) NonClass: 5769K(5824K)->5769K(5824K) Class: 533K(640K)->533K(640K)
[0.415s][info][gc             ] GC(22) Pause Young (Allocation Failure) 41M->40M(55M) 12.201ms
[0.415s][info][gc,cpu         ] GC(22) User=0.00s Sys=0.00s Real=0.01s
[0.415s][info][gc,start       ] GC(23) Pause Full (Ergonomics)
[0.415s][info][gc,phases,start] GC(23) Marking Phase
[0.431s][info][gc,phases      ] GC(23) Marking Phase 16.355ms
[0.431s][info][gc,phases,start] GC(23) Summary Phase
[0.431s][info][gc,phases      ] GC(23) Summary Phase 0.015ms
[0.431s][info][gc,phases,start] GC(23) Adjust Roots
[0.432s][info][gc,phases      ] GC(23) Adjust Roots 0.167ms
[0.432s][info][gc,phases,start] GC(23) Compaction Phase
[0.442s][info][gc,phases      ] GC(23) Compaction Phase 10.253ms
[0.442s][info][gc,phases,start] GC(23) Post Compact
[0.442s][info][gc,phases      ] GC(23) Post Compact 0.162ms
[0.442s][info][gc,heap        ] GC(23) PSYoungGen: 8192K(17920K)->2555K(17920K) Eden: 0K(9728K)->0K(9728K) From: 8192K(8192K)->2555K(8192K)
[0.442s][info][gc,heap        ] GC(23) ParOldGen: 32948K(38912K)->38472K(52736K)
[0.442s][info][gc,metaspace   ] GC(23) Metaspace: 6302K(6464K)->6302K(6464K) NonClass: 5769K(5824K)->5769K(5824K) Class: 533K(640K)->533K(640K)
[0.442s][info][gc             ] GC(23) Pause Full (Ergonomics) 40M->40M(69M) 27.287ms
[0.442s][info][gc,cpu         ] GC(23) User=0.00s Sys=0.00s Real=0.03s
[0.456s][info][gc,start       ] GC(24) Pause Young (Allocation Failure)
[0.466s][info][gc,heap        ] GC(24) PSYoungGen: 12283K(17920K)->9760K(20992K) Eden: 9728K(9728K)->0K(9728K) From: 2555K(8192K)->9760K(11264K)
[0.466s][info][gc,heap        ] GC(24) ParOldGen: 38472K(52736K)->41072K(52736K)
[0.466s][info][gc,metaspace   ] GC(24) Metaspace: 6302K(6464K)->6302K(6464K) NonClass: 5769K(5824K)->5769K(5824K) Class: 533K(640K)->533K(640K)
[0.466s][info][gc             ] GC(24) Pause Young (Allocation Failure) 49M->49M(72M) 9.787ms
[0.466s][info][gc,cpu         ] GC(24) User=0.00s Sys=0.00s Real=0.01s
[0.475s][info][gc,start       ] GC(25) Pause Young (Allocation Failure)
[0.488s][info][gc,heap        ] GC(25) PSYoungGen: 19488K(20992K)->12768K(19968K) Eden: 9728K(9728K)->0K(7168K) From: 9760K(11264K)->12768K(12800K)
[0.488s][info][gc,heap        ] GC(25) ParOldGen: 41072K(52736K)->47840K(52736K)
[0.489s][info][gc,metaspace   ] GC(25) Metaspace: 6302K(6464K)->6302K(6464K) NonClass: 5769K(5824K)->5769K(5824K) Class: 533K(640K)->533K(640K)
[0.489s][info][gc             ] GC(25) Pause Young (Allocation Failure) 59M->59M(71M) 13.078ms
[0.489s][info][gc,cpu         ] GC(25) User=0.02s Sys=0.00s Real=0.01s
[0.489s][info][gc,start       ] GC(26) Pause Full (Ergonomics)
[0.489s][info][gc,phases,start] GC(26) Marking Phase
[0.512s][info][gc,phases      ] GC(26) Marking Phase 23.141ms
[0.512s][info][gc,phases,start] GC(26) Summary Phase
[0.512s][info][gc,phases      ] GC(26) Summary Phase 0.015ms
[0.512s][info][gc,phases,start] GC(26) Adjust Roots
[0.512s][info][gc,phases      ] GC(26) Adjust Roots 0.167ms
[0.512s][info][gc,phases,start] GC(26) Compaction Phase
[0.529s][info][gc,phases      ] GC(26) Compaction Phase 17.139ms
[0.529s][info][gc,phases,start] GC(26) Post Compact
[0.529s][info][gc,phases      ] GC(26) Post Compact 0.178ms
[0.530s][info][gc,heap        ] GC(26) PSYoungGen: 12768K(19968K)->7122K(19968K) Eden: 0K(7168K)->0K(7168K) From: 12768K(12800K)->7122K(12800K)
[0.530s][info][gc,heap        ] GC(26) ParOldGen: 47840K(52736K)->52284K(69120K)
[0.530s][info][gc,metaspace   ] GC(26) Metaspace: 6302K(6464K)->6302K(6464K) NonClass: 5769K(5824K)->5769K(5824K) Class: 533K(640K)->533K(640K)
[0.530s][info][gc             ] GC(26) Pause Full (Ergonomics) 59M->58M(87M) 40.985ms
[0.530s][info][gc,cpu         ] GC(26) User=0.06s Sys=0.00s Real=0.04s
[0.538s][info][gc,start       ] GC(27) Pause Young (Allocation Failure)
[0.550s][info][gc,heap        ] GC(27) PSYoungGen: 14290K(19968K)->7200K(24576K) Eden: 7168K(7168K)->0K(7168K) From: 7122K(12800K)->7200K(17408K)
[0.551s][info][gc,heap        ] GC(27) ParOldGen: 52284K(69120K)->59524K(69120K)
[0.551s][info][gc,metaspace   ] GC(27) Metaspace: 6302K(6464K)->6302K(6464K) NonClass: 5769K(5824K)->5769K(5824K) Class: 533K(640K)->533K(640K)
[0.551s][info][gc             ] GC(27) Pause Young (Allocation Failure) 65M->65M(91M) 12.935ms
[0.551s][info][gc,cpu         ] GC(27) User=0.02s Sys=0.00s Real=0.01s
[0.557s][info][gc,start       ] GC(28) Pause Young (Allocation Failure)
[0.568s][info][gc,heap        ] GC(28) PSYoungGen: 14368K(24576K)->14336K(23040K) Eden: 7168K(7168K)->0K(6656K) From: 7200K(17408K)->14336K(16384K)
[0.568s][info][gc,heap        ] GC(28) ParOldGen: 59524K(69120K)->59524K(69120K)
[0.568s][info][gc,metaspace   ] GC(28) Metaspace: 6302K(6464K)->6302K(6464K) NonClass: 5769K(5824K)->5769K(5824K) Class: 533K(640K)->533K(640K)
[0.568s][info][gc             ] GC(28) Pause Young (Allocation Failure) 72M->72M(90M) 10.357ms
[0.568s][info][gc,cpu         ] GC(28) User=0.00s Sys=0.00s Real=0.01s
[0.575s][info][gc,start       ] GC(29) Pause Young (Allocation Failure)
[0.588s][info][gc,heap        ] GC(29) PSYoungGen: 20992K(23040K)->13824K(25088K) Eden: 6656K(6656K)->0K(6656K) From: 14336K(16384K)->13824K(18432K)
[0.588s][info][gc,heap        ] GC(29) ParOldGen: 59524K(69120K)->66788K(69120K)
[0.588s][info][gc,metaspace   ] GC(29) Metaspace: 6302K(6464K)->6302K(6464K) NonClass: 5769K(5824K)->5769K(5824K) Class: 533K(640K)->533K(640K)
[0.588s][info][gc             ] GC(29) Pause Young (Allocation Failure) 78M->78M(92M) 13.875ms
[0.588s][info][gc,cpu         ] GC(29) User=0.00s Sys=0.00s Real=0.01s
[0.589s][info][gc,start       ] GC(30) Pause Full (Ergonomics)
[0.589s][info][gc,phases,start] GC(30) Marking Phase
[0.620s][info][gc,phases      ] GC(30) Marking Phase 31.607ms
[0.620s][info][gc,phases,start] GC(30) Summary Phase
[0.620s][info][gc,phases      ] GC(30) Summary Phase 0.015ms
[0.620s][info][gc,phases,start] GC(30) Adjust Roots
[0.620s][info][gc,phases      ] GC(30) Adjust Roots 0.157ms
[0.620s][info][gc,phases,start] GC(30) Compaction Phase
[0.641s][info][gc,phases      ] GC(30) Compaction Phase 20.218ms
[0.641s][info][gc,phases,start] GC(30) Post Compact
[0.641s][info][gc,phases      ] GC(30) Post Compact 0.443ms
[0.641s][info][gc,heap        ] GC(30) PSYoungGen: 13824K(25088K)->11209K(25088K) Eden: 0K(6656K)->0K(6656K) From: 13824K(18432K)->11209K(18432K)
[0.641s][info][gc,heap        ] GC(30) ParOldGen: 66788K(69120K)->69100K(89600K)
[0.641s][info][gc,metaspace   ] GC(30) Metaspace: 6302K(6464K)->6302K(6464K) NonClass: 5769K(5824K)->5769K(5824K) Class: 533K(640K)->533K(640K)
[0.641s][info][gc             ] GC(30) Pause Full (Ergonomics) 78M->78M(112M) 52.857ms
[0.641s][info][gc,cpu         ] GC(30) User=0.06s Sys=0.00s Real=0.05s
[0.648s][info][gc,start       ] GC(31) Pause Young (Allocation Failure)
[0.665s][info][gc,heap        ] GC(31) PSYoungGen: 17865K(25088K)->6656K(25600K) Eden: 6656K(6656K)->0K(8192K) From: 11209K(18432K)->6656K(17408K)
[0.665s][info][gc,heap        ] GC(31) ParOldGen: 69100K(89600K)->80500K(89600K)
[0.665s][info][gc,metaspace   ] GC(31) Metaspace: 6302K(6464K)->6302K(6464K) NonClass: 5769K(5824K)->5769K(5824K) Class: 533K(640K)->533K(640K)
[0.665s][info][gc             ] GC(31) Pause Young (Allocation Failure) 84M->85M(112M) 16.986ms
[0.665s][info][gc,cpu         ] GC(31) User=0.02s Sys=0.00s Real=0.02s
[0.665s][info][gc,start       ] GC(32) Pause Full (Ergonomics)
[0.665s][info][gc,phases,start] GC(32) Marking Phase
[0.699s][info][gc,phases      ] GC(32) Marking Phase 33.943ms
[0.699s][info][gc,phases,start] GC(32) Summary Phase
[0.699s][info][gc,phases      ] GC(32) Summary Phase 0.017ms
[0.699s][info][gc,phases,start] GC(32) Adjust Roots
[0.700s][info][gc,phases      ] GC(32) Adjust Roots 0.159ms
[0.700s][info][gc,phases,start] GC(32) Compaction Phase
[0.718s][info][gc,phases      ] GC(32) Compaction Phase 17.949ms
[0.718s][info][gc,phases,start] GC(32) Post Compact
[0.718s][info][gc,phases      ] GC(32) Post Compact 0.326ms
[0.718s][info][gc,heap        ] GC(32) PSYoungGen: 6656K(25600K)->0K(27136K) Eden: 0K(8192K)->0K(8192K) From: 6656K(17408K)->0K(18944K)
[0.718s][info][gc,heap        ] GC(32) ParOldGen: 80500K(89600K)->86936K(111616K)
[0.718s][info][gc,metaspace   ] GC(32) Metaspace: 6302K(6464K)->6302K(6464K) NonClass: 5769K(5824K)->5769K(5824K) Class: 533K(640K)->533K(640K)
[0.718s][info][gc             ] GC(32) Pause Full (Ergonomics) 85M->84M(135M) 52.778ms
[0.718s][info][gc,cpu         ] GC(32) User=0.09s Sys=0.00s Real=0.05s
[0.732s][info][gc,start       ] GC(33) Pause Young (Allocation Failure)
[0.739s][info][gc,heap        ] GC(33) PSYoungGen: 8192K(27136K)->8256K(26112K) Eden: 8192K(8192K)->0K(9728K) From: 0K(18944K)->8256K(16384K)
[0.739s][info][gc,heap        ] GC(33) ParOldGen: 86936K(111616K)->86936K(111616K)
[0.739s][info][gc,metaspace   ] GC(33) Metaspace: 6302K(6464K)->6302K(6464K) NonClass: 5769K(5824K)->5769K(5824K) Class: 533K(640K)->533K(640K)
[0.739s][info][gc             ] GC(33) Pause Young (Allocation Failure) 92M->92M(134M) 6.339ms
[0.739s][info][gc,cpu         ] GC(33) User=0.00s Sys=0.00s Real=0.01s
[0.747s][info][gc,start       ] GC(34) Pause Young (Allocation Failure)
[0.755s][info][gc,heap        ] GC(34) PSYoungGen: 17984K(26112K)->17888K(27648K) Eden: 9728K(9728K)->0K(9728K) From: 8256K(16384K)->17888K(17920K)
[0.755s][info][gc,heap        ] GC(34) ParOldGen: 86936K(111616K)->86968K(111616K)
[0.755s][info][gc,metaspace   ] GC(34) Metaspace: 6302K(6464K)->6302K(6464K) NonClass: 5769K(5824K)->5769K(5824K) Class: 533K(640K)->533K(640K)
[0.755s][info][gc             ] GC(34) Pause Young (Allocation Failure) 102M->102M(136M) 8.255ms
[0.755s][info][gc,cpu         ] GC(34) User=0.00s Sys=0.00s Real=0.01s
[0.763s][info][gc,start       ] GC(35) Pause Young (Allocation Failure)
[0.778s][info][gc,heap        ] GC(35) PSYoungGen: 27616K(27648K)->9760K(30720K) Eden: 9728K(9728K)->0K(11264K) From: 17888K(17920K)->9760K(19456K)
[0.778s][info][gc,heap        ] GC(35) ParOldGen: 86968K(111616K)->105056K(111616K)
[0.778s][info][gc,metaspace   ] GC(35) Metaspace: 6302K(6464K)->6302K(6464K) NonClass: 5769K(5824K)->5769K(5824K) Class: 533K(640K)->533K(640K)
[0.778s][info][gc             ] GC(35) Pause Young (Allocation Failure) 111M->112M(139M) 14.785ms
[0.778s][info][gc,cpu         ] GC(35) User=0.00s Sys=0.00s Real=0.02s
[0.778s][info][gc,start       ] GC(36) Pause Full (Ergonomics)
[0.778s][info][gc,phases,start] GC(36) Marking Phase
[0.809s][info][gc,phases      ] GC(36) Marking Phase 30.900ms
[0.809s][info][gc,phases,start] GC(36) Summary Phase
[0.809s][info][gc,phases      ] GC(36) Summary Phase 0.015ms
[0.809s][info][gc,phases,start] GC(36) Adjust Roots
[0.809s][info][gc,phases      ] GC(36) Adjust Roots 0.150ms
[0.809s][info][gc,phases,start] GC(36) Compaction Phase
[0.833s][info][gc,phases      ] GC(36) Compaction Phase 23.878ms
[0.833s][info][gc,phases,start] GC(36) Post Compact
[0.834s][info][gc,phases      ] GC(36) Post Compact 0.405ms
[0.834s][info][gc,heap        ] GC(36) PSYoungGen: 9760K(30720K)->1007K(31232K) Eden: 0K(11264K)->0K(11776K) From: 9760K(19456K)->1007K(19456K)
[0.834s][info][gc,heap        ] GC(36) ParOldGen: 105056K(111616K)->111446K(142336K)
[0.834s][info][gc,metaspace   ] GC(36) Metaspace: 6302K(6464K)->6302K(6464K) NonClass: 5769K(5824K)->5769K(5824K) Class: 533K(640K)->533K(640K)
[0.834s][info][gc             ] GC(36) Pause Full (Ergonomics) 112M->109M(169M) 55.744ms
[0.834s][info][gc,cpu         ] GC(36) User=0.09s Sys=0.00s Real=0.06s
[0.845s][info][gc,start       ] GC(37) Pause Young (Allocation Failure)
[0.859s][info][gc,heap        ] GC(37) PSYoungGen: 12783K(31232K)->12832K(31744K) Eden: 11776K(11776K)->0K(11776K) From: 1007K(19456K)->12832K(19968K)
[0.859s][info][gc,heap        ] GC(37) ParOldGen: 111446K(142336K)->111446K(142336K)
[0.859s][info][gc,metaspace   ] GC(37) Metaspace: 6302K(6464K)->6302K(6464K) NonClass: 5769K(5824K)->5769K(5824K) Class: 533K(640K)->533K(640K)
[0.859s][info][gc             ] GC(37) Pause Young (Allocation Failure) 121M->121M(170M) 13.522ms
[0.859s][info][gc,cpu         ] GC(37) User=0.00s Sys=0.00s Real=0.01s
[0.870s][info][gc,start       ] GC(38) Pause Young (Allocation Failure)
[0.884s][info][gc,heap        ] GC(38) PSYoungGen: 24608K(31744K)->19968K(28672K) Eden: 11776K(11776K)->0K(8704K) From: 12832K(19968K)->19968K(19968K)
[0.884s][info][gc,heap        ] GC(38) ParOldGen: 111446K(142336K)->116102K(142336K)
[0.884s][info][gc,metaspace   ] GC(38) Metaspace: 6302K(6464K)->6302K(6464K) NonClass: 5769K(5824K)->5769K(5824K) Class: 533K(640K)->533K(640K)
[0.884s][info][gc             ] GC(38) Pause Young (Allocation Failure) 132M->132M(167M) 14.421ms
[0.884s][info][gc,cpu         ] GC(38) User=0.02s Sys=0.00s Real=0.01s
[0.893s][info][gc,start       ] GC(39) Pause Young (Allocation Failure)
[0.907s][info][gc,heap        ] GC(39) PSYoungGen: 28672K(28672K)->19040K(33280K) Eden: 8704K(8704K)->0K(8704K) From: 19968K(19968K)->19040K(24576K)
[0.907s][info][gc,heap        ] GC(39) ParOldGen: 116102K(142336K)->125934K(142336K)
[0.907s][info][gc,metaspace   ] GC(39) Metaspace: 6302K(6464K)->6302K(6464K) NonClass: 5769K(5824K)->5769K(5824K) Class: 533K(640K)->533K(640K)
[0.907s][info][gc             ] GC(39) Pause Young (Allocation Failure) 141M->141M(171M) 14.357ms
[0.907s][info][gc,cpu         ] GC(39) User=0.02s Sys=0.00s Real=0.01s
[0.916s][info][gc,start       ] GC(40) Pause Young (Allocation Failure)
[0.930s][info][gc,heap        ] GC(40) PSYoungGen: 27744K(33280K)->17440K(36352K) Eden: 8704K(8704K)->0K(9728K) From: 19040K(24576K)->17440K(26624K)
[0.930s][info][gc,heap        ] GC(40) ParOldGen: 125934K(142336K)->136374K(142336K)
[0.930s][info][gc,metaspace   ] GC(40) Metaspace: 6302K(6464K)->6302K(6464K) NonClass: 5769K(5824K)->5769K(5824K) Class: 533K(640K)->533K(640K)
[0.930s][info][gc             ] GC(40) Pause Young (Allocation Failure) 150M->150M(174M) 14.007ms
[0.930s][info][gc,cpu         ] GC(40) User=0.02s Sys=0.00s Real=0.01s
[0.930s][info][gc,start       ] GC(41) Pause Full (Ergonomics)
[0.930s][info][gc,phases,start] GC(41) Marking Phase
[0.971s][info][gc,phases      ] GC(41) Marking Phase 41.252ms
[0.971s][info][gc,phases,start] GC(41) Summary Phase
[0.971s][info][gc,phases      ] GC(41) Summary Phase 0.018ms
[0.971s][info][gc,phases,start] GC(41) Adjust Roots
[0.971s][info][gc,phases      ] GC(41) Adjust Roots 0.194ms
[0.971s][info][gc,phases,start] GC(41) Compaction Phase
[0.990s][info][gc,phases      ] GC(41) Compaction Phase 18.943ms
[0.990s][info][gc,phases,start] GC(41) Post Compact
[0.991s][info][gc,phases      ] GC(41) Post Compact 0.816ms
[0.992s][info][gc,heap        ] GC(41) PSYoungGen: 17440K(36352K)->11209K(36352K) Eden: 0K(9728K)->0K(9728K) From: 17440K(26624K)->11209K(26624K)
[0.992s][info][gc,heap        ] GC(41) ParOldGen: 136374K(142336K)->142074K(175616K)
[0.992s][info][gc,metaspace   ] GC(41) Metaspace: 6302K(6464K)->6302K(6464K) NonClass: 5769K(5824K)->5769K(5824K) Class: 533K(640K)->533K(640K)
[0.992s][info][gc             ] GC(41) Pause Full (Ergonomics) 150M->149M(207M) 61.891ms
[0.992s][info][gc,cpu         ] GC(41) User=0.17s Sys=0.00s Real=0.06s
[1.002s][info][gc,start       ] GC(42) Pause Young (Allocation Failure)
[1.020s][info][gc,heap        ] GC(42) PSYoungGen: 20937K(36352K)->15264K(36864K) Eden: 9728K(9728K)->0K(9728K) From: 11209K(26624K)->15264K(27136K)
[1.020s][info][gc,heap        ] GC(42) ParOldGen: 142074K(175616K)->147938K(175616K)
[1.020s][info][gc,metaspace   ] GC(42) Metaspace: 6302K(6464K)->6302K(6464K) NonClass: 5769K(5824K)->5769K(5824K) Class: 533K(640K)->533K(640K)
[1.020s][info][gc             ] GC(42) Pause Young (Allocation Failure) 159M->159M(207M) 18.290ms
[1.020s][info][gc,cpu         ] GC(42) User=0.03s Sys=0.00s Real=0.02s
[1.029s][info][gc,start       ] GC(43) Pause Young (Allocation Failure)
[1.044s][info][gc,heap        ] GC(43) PSYoungGen: 24992K(36864K)->19520K(36352K) Eden: 9728K(9728K)->0K(9728K) From: 15264K(27136K)->19520K(26624K)
[1.044s][info][gc,heap        ] GC(43) ParOldGen: 147938K(175616K)->153490K(175616K)
[1.044s][info][gc,metaspace   ] GC(43) Metaspace: 6302K(6464K)->6302K(6464K) NonClass: 5769K(5824K)->5769K(5824K) Class: 533K(640K)->533K(640K)
[1.044s][info][gc             ] GC(43) Pause Young (Allocation Failure) 168M->168M(207M) 15.098ms
[1.044s][info][gc,cpu         ] GC(43) User=0.02s Sys=0.00s Real=0.02s
[1.089s][info][gc,start       ] GC(44) Pause Full (Ergonomics)
[1.089s][info][gc,phases,start] GC(44) Marking Phase
[1.143s][info][gc,phases      ] GC(44) Marking Phase 53.520ms
[1.143s][info][gc,phases,start] GC(44) Summary Phase
[1.143s][info][gc,phases      ] GC(44) Summary Phase 0.018ms
[1.143s][info][gc,phases,start] GC(44) Adjust Roots
[1.143s][info][gc,phases      ] GC(44) Adjust Roots 0.147ms
[1.143s][info][gc,phases,start] GC(44) Compaction Phase
[1.182s][info][gc,phases      ] GC(44) Compaction Phase 38.798ms
[1.182s][info][gc,phases,start] GC(44) Post Compact
[1.183s][info][gc,phases      ] GC(44) Post Compact 0.937ms
[1.183s][info][gc,heap        ] GC(44) PSYoungGen: 29248K(36352K)->11211K(36352K) Eden: 9728K(9728K)->0K(9728K) From: 19520K(26624K)->11211K(26624K)
[1.183s][info][gc,heap        ] GC(44) ParOldGen: 161682K(175616K)->175250K(208896K)
[1.183s][info][gc,metaspace   ] GC(44) Metaspace: 6302K(6464K)->6302K(6464K) NonClass: 5769K(5824K)->5769K(5824K) Class: 533K(640K)->533K(640K)
[1.183s][info][gc             ] GC(44) Pause Full (Ergonomics) 186M->182M(239M) 93.946ms
[1.183s][info][gc,cpu         ] GC(44) User=0.27s Sys=0.00s Real=0.09s
[1.193s][info][gc,start       ] GC(45) Pause Young (Allocation Failure)
[1.212s][info][gc,heap        ] GC(45) PSYoungGen: 20939K(36352K)->15584K(37888K) Eden: 9728K(9728K)->0K(9728K) From: 11211K(26624K)->15584K(28160K)
[1.212s][info][gc,heap        ] GC(45) ParOldGen: 175250K(208896K)->180842K(208896K)
[1.212s][info][gc,metaspace   ] GC(45) Metaspace: 6302K(6464K)->6302K(6464K) NonClass: 5769K(5824K)->5769K(5824K) Class: 533K(640K)->533K(640K)
[1.212s][info][gc             ] GC(45) Pause Young (Allocation Failure) 191M->191M(241M) 19.020ms
[1.212s][info][gc,cpu         ] GC(45) User=0.08s Sys=0.00s Real=0.02s
[1.221s][info][gc,start       ] GC(46) Pause Young (Allocation Failure)
[1.235s][info][gc,heap        ] GC(46) PSYoungGen: 25312K(37888K)->25248K(35328K) Eden: 9728K(9728K)->0K(8192K) From: 15584K(28160K)->25248K(27136K)
[1.235s][info][gc,heap        ] GC(46) ParOldGen: 180842K(208896K)->180842K(208896K)
[1.235s][info][gc,metaspace   ] GC(46) Metaspace: 6302K(6464K)->6302K(6464K) NonClass: 5769K(5824K)->5769K(5824K) Class: 533K(640K)->533K(640K)
[1.235s][info][gc             ] GC(46) Pause Young (Allocation Failure) 201M->201M(238M) 13.284ms
[1.235s][info][gc,cpu         ] GC(46) User=0.02s Sys=0.00s Real=0.01s
[1.243s][info][gc,start       ] GC(47) Pause Young (Allocation Failure)
[1.264s][info][gc,heap        ] GC(47) PSYoungGen: 33440K(35328K)->27712K(38400K) Eden: 8192K(8192K)->0K(8192K) From: 25248K(27136K)->27712K(30208K)
[1.264s][info][gc,heap        ] GC(47) ParOldGen: 180842K(208896K)->186682K(208896K)
[1.264s][info][gc,metaspace   ] GC(47) Metaspace: 6302K(6464K)->6302K(6464K) NonClass: 5769K(5824K)->5769K(5824K) Class: 533K(640K)->533K(640K)
[1.264s][info][gc             ] GC(47) Pause Young (Allocation Failure) 209M->209M(241M) 20.604ms
[1.264s][info][gc,cpu         ] GC(47) User=0.08s Sys=0.00s Real=0.02s
[1.273s][info][gc,start       ] GC(48) Pause Young (Allocation Failure)
[1.293s][info][gc,heap        ] GC(48) PSYoungGen: 35904K(38400K)->26176K(41472K) Eden: 8192K(8192K)->0K(7680K) From: 27712K(30208K)->26176K(33792K)
[1.293s][info][gc,heap        ] GC(48) ParOldGen: 186682K(208896K)->196530K(208896K)
[1.293s][info][gc,metaspace   ] GC(48) Metaspace: 6302K(6464K)->6302K(6464K) NonClass: 5769K(5824K)->5769K(5824K) Class: 533K(640K)->533K(640K)
[1.293s][info][gc             ] GC(48) Pause Young (Allocation Failure) 217M->217M(244M) 20.234ms
[1.293s][info][gc,cpu         ] GC(48) User=0.05s Sys=0.02s Real=0.02s
[1.293s][info][gc,start       ] GC(49) Pause Full (Ergonomics)
[1.293s][info][gc,phases,start] GC(49) Marking Phase
[1.355s][info][gc,phases      ] GC(49) Marking Phase 62.212ms
[1.355s][info][gc,phases,start] GC(49) Summary Phase
[1.355s][info][gc,phases      ] GC(49) Summary Phase 0.017ms
[1.355s][info][gc,phases,start] GC(49) Adjust Roots
[1.356s][info][gc,phases      ] GC(49) Adjust Roots 0.160ms
[1.356s][info][gc,phases,start] GC(49) Compaction Phase
[1.388s][info][gc,phases      ] GC(49) Compaction Phase 32.130ms
[1.388s][info][gc,phases,start] GC(49) Post Compact
[1.389s][info][gc,phases      ] GC(49) Post Compact 1.200ms
[1.389s][info][gc,heap        ] GC(49) PSYoungGen: 26176K(41472K)->13759K(41472K) Eden: 0K(7680K)->0K(7680K) From: 26176K(33792K)->13759K(33792K)
[1.389s][info][gc,heap        ] GC(49) ParOldGen: 196530K(208896K)->208418K(243200K)
[1.389s][info][gc,metaspace   ] GC(49) Metaspace: 6302K(6464K)->6302K(6464K) NonClass: 5769K(5824K)->5769K(5824K) Class: 533K(640K)->533K(640K)
[1.389s][info][gc             ] GC(49) Pause Full (Ergonomics) 217M->216M(278M) 96.229ms
[1.389s][info][gc,cpu         ] GC(49) User=0.23s Sys=0.03s Real=0.10s
[1.398s][info][gc,start       ] GC(50) Pause Young (Allocation Failure)
[1.421s][info][gc,heap        ] GC(50) PSYoungGen: 21439K(41472K)->11552K(43520K) Eden: 7680K(7680K)->0K(7680K) From: 13759K(33792K)->11552K(35840K)
[1.421s][info][gc,heap        ] GC(50) ParOldGen: 208418K(243200K)->218578K(243200K)
[1.421s][info][gc,metaspace   ] GC(50) Metaspace: 6302K(6464K)->6302K(6464K) NonClass: 5769K(5824K)->5769K(5824K) Class: 533K(640K)->533K(640K)
[1.421s][info][gc             ] GC(50) Pause Young (Allocation Failure) 224M->224M(280M) 22.673ms
[1.421s][info][gc,cpu         ] GC(50) User=0.06s Sys=0.02s Real=0.02s
[1.430s][info][gc,start       ] GC(51) Pause Young (Allocation Failure)
[1.441s][info][gc,heap        ] GC(51) PSYoungGen: 19232K(43520K)->15456K(41472K) Eden: 7680K(7680K)->0K(9216K) From: 11552K(35840K)->15456K(32256K)
[1.441s][info][gc,heap        ] GC(51) ParOldGen: 218578K(243200K)->222434K(243200K)
[1.441s][info][gc,metaspace   ] GC(51) Metaspace: 6302K(6464K)->6302K(6464K) NonClass: 5769K(5824K)->5769K(5824K) Class: 533K(640K)->533K(640K)
[1.441s][info][gc             ] GC(51) Pause Young (Allocation Failure) 232M->232M(278M) 10.958ms
[1.441s][info][gc,cpu         ] GC(51) User=0.00s Sys=0.00s Real=0.01s
[1.451s][info][gc,start       ] GC(52) Pause Young (Allocation Failure)
[1.465s][info][gc,heap        ] GC(52) PSYoungGen: 24672K(41472K)->16992K(42496K) Eden: 9216K(9216K)->0K(9216K) From: 15456K(32256K)->16992K(33280K)
[1.466s][info][gc,heap        ] GC(52) ParOldGen: 222434K(243200K)->230226K(243200K)
[1.466s][info][gc,metaspace   ] GC(52) Metaspace: 6302K(6464K)->6302K(6464K) NonClass: 5769K(5824K)->5769K(5824K) Class: 533K(640K)->533K(640K)
[1.466s][info][gc             ] GC(52) Pause Young (Allocation Failure) 241M->241M(279M) 14.096ms
[1.466s][info][gc,cpu         ] GC(52) User=0.02s Sys=0.00s Real=0.02s
[1.466s][info][gc,start       ] GC(53) Pause Full (Ergonomics)
[1.466s][info][gc,phases,start] GC(53) Marking Phase
[1.533s][info][gc,phases      ] GC(53) Marking Phase 67.031ms
[1.533s][info][gc,phases,start] GC(53) Summary Phase
[1.533s][info][gc,phases      ] GC(53) Summary Phase 0.018ms
[1.533s][info][gc,phases,start] GC(53) Adjust Roots
[1.533s][info][gc,phases      ] GC(53) Adjust Roots 0.154ms
[1.533s][info][gc,phases,start] GC(53) Compaction Phase
[1.562s][info][gc,phases      ] GC(53) Compaction Phase 28.655ms
[1.562s][info][gc,phases,start] GC(53) Post Compact
[1.563s][info][gc,phases      ] GC(53) Post Compact 1.279ms
[1.563s][info][gc,heap        ] GC(53) PSYoungGen: 16992K(42496K)->3552K(42496K) Eden: 0K(9216K)->0K(9216K) From: 16992K(33280K)->3552K(33280K)
[1.563s][info][gc,heap        ] GC(53) ParOldGen: 230226K(243200K)->243114K(281088K)
[1.563s][info][gc,metaspace   ] GC(53) Metaspace: 6302K(6464K)->6302K(6464K) NonClass: 5769K(5824K)->5769K(5824K) Class: 533K(640K)->533K(640K)
[1.563s][info][gc             ] GC(53) Pause Full (Ergonomics) 241M->240M(316M) 97.699ms
[1.563s][info][gc,cpu         ] GC(53) User=0.34s Sys=0.00s Real=0.10s
[1.574s][info][gc,start       ] GC(54) Pause Young (Allocation Failure)
[1.597s][info][gc,heap        ] GC(54) PSYoungGen: 12768K(42496K)->11040K(41472K) Eden: 9216K(9216K)->0K(10752K) From: 3552K(33280K)->11040K(30720K)
[1.597s][info][gc,heap        ] GC(54) ParOldGen: 243114K(281088K)->245002K(281088K)
[1.597s][info][gc,metaspace   ] GC(54) Metaspace: 6302K(6464K)->6302K(6464K) NonClass: 5769K(5824K)->5769K(5824K) Class: 533K(640K)->533K(640K)
[1.597s][info][gc             ] GC(54) Pause Young (Allocation Failure) 249M->250M(315M) 22.859ms
[1.597s][info][gc,cpu         ] GC(54) User=0.08s Sys=0.02s Real=0.02s
[1.611s][info][gc,start       ] GC(55) Pause Young (Allocation Failure)
[1.625s][info][gc,heap        ] GC(55) PSYoungGen: 21792K(41472K)->21760K(41984K) Eden: 10752K(10752K)->0K(10752K) From: 11040K(30720K)->21760K(31232K)
[1.625s][info][gc,heap        ] GC(55) ParOldGen: 245002K(281088K)->245002K(281088K)
[1.625s][info][gc,metaspace   ] GC(55) Metaspace: 6302K(6464K)->6302K(6464K) NonClass: 5769K(5824K)->5769K(5824K) Class: 533K(640K)->533K(640K)
[1.625s][info][gc             ] GC(55) Pause Young (Allocation Failure) 260M->260M(315M) 14.252ms
[1.625s][info][gc,cpu         ] GC(55) User=0.05s Sys=0.00s Real=0.01s
[1.639s][info][gc,start       ] GC(56) Pause Young (Allocation Failure)
[1.659s][info][gc,heap        ] GC(56) PSYoungGen: 32512K(41984K)->31744K(39424K) Eden: 10752K(10752K)->0K(7680K) From: 21760K(31232K)->31744K(31744K)
[1.659s][info][gc,heap        ] GC(56) ParOldGen: 245002K(281088K)->245762K(281088K)
[1.659s][info][gc,metaspace   ] GC(56) Metaspace: 6302K(6464K)->6302K(6464K) NonClass: 5769K(5824K)->5769K(5824K) Class: 533K(640K)->533K(640K)
[1.659s][info][gc             ] GC(56) Pause Young (Allocation Failure) 271M->271M(313M) 19.641ms
[1.659s][info][gc,cpu         ] GC(56) User=0.11s Sys=0.00s Real=0.02s
[1.668s][info][gc,start       ] GC(57) Pause Young (Allocation Failure)
[1.691s][info][gc,heap        ] GC(57) PSYoungGen: 39424K(39424K)->28736K(44032K) Eden: 7680K(7680K)->0K(7680K) From: 31744K(31744K)->28736K(36352K)
[1.691s][info][gc,heap        ] GC(57) ParOldGen: 245762K(281088K)->256666K(281088K)
[1.691s][info][gc,metaspace   ] GC(57) Metaspace: 6302K(6464K)->6302K(6464K) NonClass: 5769K(5824K)->5769K(5824K) Class: 533K(640K)->533K(640K)
[1.691s][info][gc             ] GC(57) Pause Young (Allocation Failure) 278M->278M(317M) 22.379ms
[1.691s][info][gc,cpu         ] GC(57) User=0.08s Sys=0.02s Real=0.02s
[1.700s][info][gc,start       ] GC(58) Pause Young (Allocation Failure)
[1.720s][info][gc,heap        ] GC(58) PSYoungGen: 36416K(44032K)->25856K(47104K) Eden: 7680K(7680K)->0K(8704K) From: 28736K(36352K)->25856K(38400K)
[1.720s][info][gc,heap        ] GC(58) ParOldGen: 256666K(281088K)->267306K(281088K)
[1.720s][info][gc,metaspace   ] GC(58) Metaspace: 6302K(6464K)->6302K(6464K) NonClass: 5769K(5824K)->5769K(5824K) Class: 533K(640K)->533K(640K)
[1.720s][info][gc             ] GC(58) Pause Young (Allocation Failure) 286M->286M(320M) 20.272ms
[1.720s][info][gc,cpu         ] GC(58) User=0.05s Sys=0.03s Real=0.02s
[1.721s][info][gc,start       ] GC(59) Pause Full (Ergonomics)
[1.721s][info][gc,phases,start] GC(59) Marking Phase
[1.789s][info][gc,phases      ] GC(59) Marking Phase 68.338ms
[1.789s][info][gc,phases,start] GC(59) Summary Phase
[1.789s][info][gc,phases      ] GC(59) Summary Phase 0.018ms
[1.789s][info][gc,phases,start] GC(59) Adjust Roots
[1.789s][info][gc,phases      ] GC(59) Adjust Roots 0.153ms
[1.789s][info][gc,phases,start] GC(59) Compaction Phase
[1.817s][info][gc,phases      ] GC(59) Compaction Phase 27.867ms
[1.817s][info][gc,phases,start] GC(59) Post Compact
[1.819s][info][gc,phases      ] GC(59) Post Compact 1.597ms
[1.819s][info][gc,heap        ] GC(59) PSYoungGen: 25856K(47104K)->11944K(47104K) Eden: 0K(8704K)->0K(8704K) From: 25856K(38400K)->11944K(38400K)
[1.819s][info][gc,heap        ] GC(59) ParOldGen: 267306K(281088K)->280650K(322560K)
[1.819s][info][gc,metaspace   ] GC(59) Metaspace: 6302K(6464K)->6302K(6464K) NonClass: 5769K(5824K)->5769K(5824K) Class: 533K(640K)->533K(640K)
[1.819s][info][gc             ] GC(59) Pause Full (Ergonomics) 286M->285M(361M) 98.470ms
[1.819s][info][gc,cpu         ] GC(59) User=0.47s Sys=0.00s Real=0.10s
[1.829s][info][gc,start       ] GC(60) Pause Young (Allocation Failure)
[1.852s][info][gc,heap        ] GC(60) PSYoungGen: 20648K(47104K)->12832K(47616K) Eden: 8704K(8704K)->0K(8704K) From: 11944K(38400K)->12832K(38912K)
[1.852s][info][gc,heap        ] GC(60) ParOldGen: 280650K(322560K)->288730K(322560K)
[1.852s][info][gc,metaspace   ] GC(60) Metaspace: 6302K(6464K)->6302K(6464K) NonClass: 5769K(5824K)->5769K(5824K) Class: 533K(640K)->533K(640K)
[1.852s][info][gc             ] GC(60) Pause Young (Allocation Failure) 294M->294M(361M) 22.999ms
[1.852s][info][gc,cpu         ] GC(60) User=0.12s Sys=0.00s Real=0.02s
[1.863s][info][gc,start       ] GC(61) Pause Young (Allocation Failure)
[1.875s][info][gc,heap        ] GC(61) PSYoungGen: 21536K(47616K)->17536K(45568K) Eden: 8704K(8704K)->0K(10240K) From: 12832K(38912K)->17536K(35328K)
[1.875s][info][gc,heap        ] GC(61) ParOldGen: 288730K(322560K)->292826K(322560K)
[1.875s][info][gc,metaspace   ] GC(61) Metaspace: 6302K(6464K)->6302K(6464K) NonClass: 5769K(5824K)->5769K(5824K) Class: 533K(640K)->533K(640K)
[1.875s][info][gc             ] GC(61) Pause Young (Allocation Failure) 302M->303M(359M) 11.874ms
[1.875s][info][gc,cpu         ] GC(61) User=0.02s Sys=0.00s Real=0.01s
[1.886s][info][gc,start       ] GC(62) Pause Young (Allocation Failure)
[1.901s][info][gc,heap        ] GC(62) PSYoungGen: 27776K(45568K)->19040K(29696K) Eden: 10240K(10240K)->0K(10240K) From: 17536K(35328K)->19040K(19456K)
[1.901s][info][gc,heap        ] GC(62) ParOldGen: 292826K(322560K)->301650K(322560K)
[1.901s][info][gc,metaspace   ] GC(62) Metaspace: 6302K(6464K)->6302K(6464K) NonClass: 5769K(5824K)->5769K(5824K) Class: 533K(640K)->533K(640K)
[1.901s][info][gc             ] GC(62) Pause Young (Allocation Failure) 313M->313M(344M) 14.788ms
[1.901s][info][gc,cpu         ] GC(62) User=0.02s Sys=0.00s Real=0.01s
[1.913s][info][gc,start       ] GC(63) Pause Young (Allocation Failure)
[1.928s][info][gc,heap        ] GC(63) PSYoungGen: 29280K(29696K)->20640K(44544K) Eden: 10240K(10240K)->0K(11776K) From: 19040K(19456K)->20640K(32768K)
[1.928s][info][gc,heap        ] GC(63) ParOldGen: 301650K(322560K)->310490K(322560K)
[1.928s][info][gc,metaspace   ] GC(63) Metaspace: 6302K(6464K)->6302K(6464K) NonClass: 5769K(5824K)->5769K(5824K) Class: 533K(640K)->533K(640K)
[1.928s][info][gc             ] GC(63) Pause Young (Allocation Failure) 323M->323M(358M) 14.871ms
[1.928s][info][gc,cpu         ] GC(63) User=0.02s Sys=0.00s Real=0.01s
[1.928s][info][gc,start       ] GC(64) Pause Full (Ergonomics)
[1.928s][info][gc,phases,start] GC(64) Marking Phase
[2.013s][info][gc,phases      ] GC(64) Marking Phase 85.097ms
[2.013s][info][gc,phases,start] GC(64) Summary Phase
[2.013s][info][gc,phases      ] GC(64) Summary Phase 0.024ms
[2.013s][info][gc,phases,start] GC(64) Adjust Roots
[2.013s][info][gc,phases      ] GC(64) Adjust Roots 0.203ms
[2.013s][info][gc,phases,start] GC(64) Compaction Phase
[2.047s][info][gc,phases      ] GC(64) Compaction Phase 33.871ms
[2.047s][info][gc,phases,start] GC(64) Post Compact
[2.049s][info][gc,phases      ] GC(64) Post Compact 1.558ms
[2.049s][info][gc,heap        ] GC(64) PSYoungGen: 20640K(44544K)->8155K(45568K) Eden: 0K(11776K)->0K(12800K) From: 20640K(32768K)->8155K(32768K)
[2.049s][info][gc,heap        ] GC(64) ParOldGen: 310490K(322560K)->322206K(367104K)
[2.049s][info][gc,metaspace   ] GC(64) Metaspace: 6302K(6464K)->6302K(6464K) NonClass: 5769K(5824K)->5769K(5824K) Class: 533K(640K)->533K(640K)
[2.049s][info][gc             ] GC(64) Pause Full (Ergonomics) 323M->322M(403M) 121.250ms
[2.049s][info][gc,cpu         ] GC(64) User=0.78s Sys=0.00s Real=0.12s
[2.064s][info][gc,start       ] GC(65) Pause Young (Allocation Failure)
[2.088s][info][gc,heap        ] GC(65) PSYoungGen: 20955K(45568K)->16544K(46592K) Eden: 12800K(12800K)->0K(12800K) From: 8155K(32768K)->16544K(33792K)
[2.089s][info][gc,heap        ] GC(65) ParOldGen: 322206K(367104K)->326894K(367104K)
[2.089s][info][gc,metaspace   ] GC(65) Metaspace: 6302K(6464K)->6302K(6464K) NonClass: 5769K(5824K)->5769K(5824K) Class: 533K(640K)->533K(640K)
[2.089s][info][gc             ] GC(65) Pause Young (Allocation Failure) 335M->335M(404M) 24.271ms
[2.089s][info][gc,cpu         ] GC(65) User=0.12s Sys=0.00s Real=0.02s
[2.166s][info][gc,start       ] GC(66) Pause Young (Allocation Failure)
[2.189s][info][gc,heap        ] GC(66) PSYoungGen: 29344K(46592K)->29280K(44544K) Eden: 12800K(12800K)->0K(11776K) From: 16544K(33792K)->29280K(32768K)
[2.189s][info][gc,heap        ] GC(66) ParOldGen: 343278K(367104K)->343278K(367104K)
[2.189s][info][gc,metaspace   ] GC(66) Metaspace: 6302K(6464K)->6302K(6464K) NonClass: 5769K(5824K)->5769K(5824K) Class: 533K(640K)->533K(640K)
[2.189s][info][gc             ] GC(66) Pause Young (Allocation Failure) 363M->363M(402M) 22.415ms
[2.189s][info][gc,cpu         ] GC(66) User=0.03s Sys=0.00s Real=0.02s
[2.199s][info][gc,start       ] GC(67) Pause Young (Allocation Failure)
[2.219s][info][gc,heap        ] GC(67) PSYoungGen: 41056K(44544K)->35328K(47104K) Eden: 11776K(11776K)->0K(11776K) From: 29280K(32768K)->35328K(35328K)
[2.219s][info][gc,heap        ] GC(67) ParOldGen: 343278K(367104K)->348998K(367104K)
[2.219s][info][gc,metaspace   ] GC(67) Metaspace: 6302K(6464K)->6302K(6464K) NonClass: 5769K(5824K)->5769K(5824K) Class: 533K(640K)->533K(640K)
[2.219s][info][gc             ] GC(67) Pause Young (Allocation Failure) 375M->375M(404M) 19.848ms
[2.219s][info][gc,cpu         ] GC(67) User=0.12s Sys=0.00s Real=0.02s
[2.231s][info][gc,start       ] GC(68) Pause Young (Allocation Failure)
[2.260s][info][gc,heap        ] GC(68) PSYoungGen: 47104K(47104K)->32416K(52736K) Eden: 11776K(11776K)->0K(11264K) From: 35328K(35328K)->32416K(41472K)
[2.260s][info][gc,heap        ] GC(68) ParOldGen: 348998K(367104K)->364038K(367104K)
[2.260s][info][gc,metaspace   ] GC(68) Metaspace: 6302K(6464K)->6302K(6464K) NonClass: 5769K(5824K)->5769K(5824K) Class: 533K(640K)->533K(640K)
[2.260s][info][gc             ] GC(68) Pause Young (Allocation Failure) 386M->387M(410M) 28.657ms
[2.260s][info][gc,cpu         ] GC(68) User=0.03s Sys=0.00s Real=0.03s
[2.260s][info][gc,start       ] GC(69) Pause Full (Ergonomics)
[2.260s][info][gc,phases,start] GC(69) Marking Phase
[2.346s][info][gc,phases      ] GC(69) Marking Phase 85.314ms
[2.346s][info][gc,phases,start] GC(69) Summary Phase
[2.346s][info][gc,phases      ] GC(69) Summary Phase 0.028ms
[2.346s][info][gc,phases,start] GC(69) Adjust Roots
[2.346s][info][gc,phases      ] GC(69) Adjust Roots 0.173ms
[2.346s][info][gc,phases,start] GC(69) Compaction Phase
[2.412s][info][gc,phases      ] GC(69) Compaction Phase 65.868ms
[2.412s][info][gc,phases,start] GC(69) Post Compact
[2.414s][info][gc,phases      ] GC(69) Post Compact 1.977ms
[2.414s][info][gc,heap        ] GC(69) PSYoungGen: 32416K(52736K)->20963K(52736K) Eden: 0K(11264K)->0K(11264K) From: 32416K(41472K)->20963K(41472K)
[2.414s][info][gc,heap        ] GC(69) ParOldGen: 364038K(367104K)->366619K(415232K)
[2.414s][info][gc,metaspace   ] GC(69) Metaspace: 6302K(6464K)->6302K(6464K) NonClass: 5769K(5824K)->5769K(5824K) Class: 533K(640K)->533K(640K)
[2.414s][info][gc             ] GC(69) Pause Full (Ergonomics) 387M->378M(457M) 153.889ms
[2.414s][info][gc,cpu         ] GC(69) User=0.95s Sys=0.00s Real=0.15s
[2.427s][info][gc,start       ] GC(70) Pause Young (Allocation Failure)
[2.457s][info][gc,heap        ] GC(70) PSYoungGen: 32227K(52736K)->25728K(54784K) Eden: 11264K(11264K)->0K(11264K) From: 20963K(41472K)->25728K(43520K)
[2.457s][info][gc,heap        ] GC(70) ParOldGen: 366619K(415232K)->373371K(415232K)
[2.457s][info][gc,metaspace   ] GC(70) Metaspace: 6302K(6464K)->6302K(6464K) NonClass: 5769K(5824K)->5769K(5824K) Class: 533K(640K)->533K(640K)
[2.457s][info][gc             ] GC(70) Pause Young (Allocation Failure) 389M->389M(459M) 29.861ms
[2.457s][info][gc,cpu         ] GC(70) User=0.14s Sys=0.00s Real=0.03s
[2.469s][info][gc,start       ] GC(71) Pause Young (Allocation Failure)
[2.486s][info][gc,heap        ] GC(71) PSYoungGen: 36992K(54784K)->37024K(52224K) Eden: 11264K(11264K)->0K(9728K) From: 25728K(43520K)->37024K(42496K)
[2.486s][info][gc,heap        ] GC(71) ParOldGen: 373371K(415232K)->373371K(415232K)
[2.486s][info][gc,metaspace   ] GC(71) Metaspace: 6302K(6464K)->6302K(6464K) NonClass: 5769K(5824K)->5769K(5824K) Class: 533K(640K)->533K(640K)
[2.486s][info][gc             ] GC(71) Pause Young (Allocation Failure) 400M->400M(456M) 17.690ms
[2.486s][info][gc,cpu         ] GC(71) User=0.12s Sys=0.00s Real=0.02s
[2.496s][info][gc,start       ] GC(72) Pause Young (Allocation Failure)
[2.517s][info][gc,heap        ] GC(72) PSYoungGen: 46752K(52224K)->40160K(55296K) Eden: 9728K(9728K)->0K(9728K) From: 37024K(42496K)->40160K(45568K)
[2.517s][info][gc,heap        ] GC(72) ParOldGen: 373371K(415232K)->380019K(415232K)
[2.517s][info][gc,metaspace   ] GC(72) Metaspace: 6302K(6464K)->6302K(6464K) NonClass: 5769K(5824K)->5769K(5824K) Class: 533K(640K)->533K(640K)
[2.517s][info][gc             ] GC(72) Pause Young (Allocation Failure) 410M->410M(459M) 21.322ms
[2.517s][info][gc,cpu         ] GC(72) User=0.12s Sys=0.00s Real=0.02s
[2.527s][info][gc,start       ] GC(73) Pause Young (Allocation Failure)
[2.550s][info][gc,heap        ] GC(73) PSYoungGen: 49888K(55296K)->30848K(59392K) Eden: 9728K(9728K)->0K(11264K) From: 40160K(45568K)->30848K(48128K)
[2.550s][info][gc,heap        ] GC(73) ParOldGen: 380019K(415232K)->399323K(415232K)
[2.550s][info][gc,metaspace   ] GC(73) Metaspace: 6302K(6464K)->6302K(6464K) NonClass: 5769K(5824K)->5769K(5824K) Class: 533K(640K)->533K(640K)
[2.550s][info][gc             ] GC(73) Pause Young (Allocation Failure) 419M->420M(463M) 22.999ms
[2.550s][info][gc,cpu         ] GC(73) User=0.12s Sys=0.00s Real=0.02s
[2.550s][info][gc,start       ] GC(74) Pause Full (Ergonomics)
[2.550s][info][gc,phases,start] GC(74) Marking Phase
[2.644s][info][gc,phases      ] GC(74) Marking Phase 93.716ms
[2.644s][info][gc,phases,start] GC(74) Summary Phase
[2.644s][info][gc,phases      ] GC(74) Summary Phase 0.028ms
[2.644s][info][gc,phases,start] GC(74) Adjust Roots
[2.644s][info][gc,phases      ] GC(74) Adjust Roots 0.189ms
[2.645s][info][gc,phases,start] GC(74) Compaction Phase
[2.690s][info][gc,phases      ] GC(74) Compaction Phase 45.333ms
[2.690s][info][gc,phases,start] GC(74) Post Compact
[2.692s][info][gc,phases      ] GC(74) Post Compact 2.068ms
[2.692s][info][gc,heap        ] GC(74) PSYoungGen: 30848K(59392K)->14277K(59904K) Eden: 0K(11264K)->0K(11776K) From: 30848K(48128K)->14277K(48128K)
[2.692s][info][gc,heap        ] GC(74) ParOldGen: 399323K(415232K)->415163K(469504K)
[2.692s][info][gc,metaspace   ] GC(74) Metaspace: 6302K(6464K)->6302K(6464K) NonClass: 5769K(5824K)->5769K(5824K) Class: 533K(640K)->533K(640K)
[2.692s][info][gc             ] GC(74) Pause Full (Ergonomics) 420M->419M(517M) 141.935ms
[2.692s][info][gc,cpu         ] GC(74) User=0.89s Sys=0.00s Real=0.14s
[2.706s][info][gc,start       ] GC(75) Pause Young (Allocation Failure)
[2.737s][info][gc,heap        ] GC(75) PSYoungGen: 26053K(59904K)->16576K(60416K) Eden: 11776K(11776K)->0K(11776K) From: 14277K(48128K)->16576K(48640K)
[2.737s][info][gc,heap        ] GC(75) ParOldGen: 415163K(469504K)->424963K(469504K)
[2.737s][info][gc,metaspace   ] GC(75) Metaspace: 6302K(6464K)->6302K(6464K) NonClass: 5769K(5824K)->5769K(5824K) Class: 533K(640K)->533K(640K)
[2.737s][info][gc             ] GC(75) Pause Young (Allocation Failure) 430M->431M(517M) 31.513ms
[2.737s][info][gc,cpu         ] GC(75) User=0.12s Sys=0.00s Real=0.03s
[2.750s][info][gc,start       ] GC(76) Pause Young (Allocation Failure)
[2.766s][info][gc,heap        ] GC(76) PSYoungGen: 28352K(60416K)->23648K(58368K) Eden: 11776K(11776K)->0K(13312K) From: 16576K(48640K)->23648K(45056K)
[2.766s][info][gc,heap        ] GC(76) ParOldGen: 424963K(469504K)->429699K(469504K)
[2.766s][info][gc,metaspace   ] GC(76) Metaspace: 6302K(6464K)->6302K(6464K) NonClass: 5769K(5824K)->5769K(5824K) Class: 533K(640K)->533K(640K)
[2.766s][info][gc             ] GC(76) Pause Young (Allocation Failure) 442M->442M(515M) 16.791ms
[2.766s][info][gc,cpu         ] GC(76) User=0.03s Sys=0.00s Real=0.02s
[2.782s][info][gc,start       ] GC(77) Pause Young (Allocation Failure)
[2.803s][info][gc,heap        ] GC(77) PSYoungGen: 36960K(58368K)->25216K(59904K) Eden: 13312K(13312K)->0K(13312K) From: 23648K(45056K)->25216K(46592K)
[2.803s][info][gc,heap        ] GC(77) ParOldGen: 429699K(469504K)->441643K(469504K)
[2.803s][info][gc,metaspace   ] GC(77) Metaspace: 6302K(6464K)->6302K(6464K) NonClass: 5769K(5824K)->5769K(5824K) Class: 533K(640K)->533K(640K)
[2.803s][info][gc             ] GC(77) Pause Young (Allocation Failure) 455M->455M(517M) 21.059ms
[2.803s][info][gc,cpu         ] GC(77) User=0.08s Sys=0.00s Real=0.02s
[2.818s][info][gc,start       ] GC(78) Pause Young (Allocation Failure)
[2.837s][info][gc,heap        ] GC(78) PSYoungGen: 38528K(59904K)->26720K(56832K) Eden: 13312K(13312K)->0K(15360K) From: 25216K(46592K)->26720K(41472K)
[2.838s][info][gc,heap        ] GC(78) ParOldGen: 441643K(469504K)->453579K(469504K)
[2.838s][info][gc,metaspace   ] GC(78) Metaspace: 6302K(6464K)->6302K(6464K) NonClass: 5769K(5824K)->5769K(5824K) Class: 533K(640K)->533K(640K)
[2.838s][info][gc             ] GC(78) Pause Young (Allocation Failure) 468M->469M(514M) 19.687ms
[2.838s][info][gc,cpu         ] GC(78) User=0.12s Sys=0.02s Real=0.02s
[2.838s][info][gc,start       ] GC(79) Pause Full (Ergonomics)
[2.838s][info][gc,phases,start] GC(79) Marking Phase
[2.945s][info][gc,phases      ] GC(79) Marking Phase 107.394ms
[2.945s][info][gc,phases,start] GC(79) Summary Phase
[2.945s][info][gc,phases      ] GC(79) Summary Phase 0.021ms
[2.945s][info][gc,phases,start] GC(79) Adjust Roots
[2.945s][info][gc,phases      ] GC(79) Adjust Roots 0.149ms
[2.945s][info][gc,phases,start] GC(79) Compaction Phase
[2.995s][info][gc,phases      ] GC(79) Compaction Phase 49.640ms
[2.995s][info][gc,phases,start] GC(79) Post Compact
[2.997s][info][gc,phases      ] GC(79) Post Compact 2.408ms
[2.998s][info][gc,heap        ] GC(79) PSYoungGen: 26720K(56832K)->10214K(58368K) Eden: 0K(15360K)->0K(16896K) From: 26720K(41472K)->10214K(41472K)
[2.998s][info][gc,heap        ] GC(79) ParOldGen: 453579K(469504K)->469283K(527360K)
[2.998s][info][gc,metaspace   ] GC(79) Metaspace: 6302K(6464K)->6302K(6464K) NonClass: 5769K(5824K)->5769K(5824K) Class: 533K(640K)->533K(640K)
[2.998s][info][gc             ] GC(79) Pause Full (Ergonomics) 469M->468M(572M) 160.203ms
[2.998s][info][gc,cpu         ] GC(79) User=0.98s Sys=0.00s Real=0.16s
[3.018s][info][gc,start       ] GC(80) Pause Young (Allocation Failure)
[3.051s][info][gc,heap        ] GC(80) PSYoungGen: 27110K(58368K)->21632K(59904K) Eden: 16896K(16896K)->0K(16896K) From: 10214K(41472K)->21632K(43008K)
[3.051s][info][gc,heap        ] GC(80) ParOldGen: 469283K(527360K)->475027K(527360K)
[3.051s][info][gc,metaspace   ] GC(80) Metaspace: 6302K(6464K)->6302K(6464K) NonClass: 5769K(5824K)->5769K(5824K) Class: 533K(640K)->533K(640K)
[3.051s][info][gc             ] GC(80) Pause Young (Allocation Failure) 484M->485M(573M) 32.767ms
[3.051s][info][gc,cpu         ] GC(80) User=0.14s Sys=0.00s Real=0.03s
[3.069s][info][gc,start       ] GC(81) Pause Young (Allocation Failure)
[3.089s][info][gc,heap        ] GC(81) PSYoungGen: 38528K(59904K)->38528K(57856K) Eden: 16896K(16896K)->0K(15872K) From: 21632K(43008K)->38528K(41984K)
[3.089s][info][gc,heap        ] GC(81) ParOldGen: 475027K(527360K)->475027K(527360K)
[3.089s][info][gc,metaspace   ] GC(81) Metaspace: 6302K(6464K)->6302K(6464K) NonClass: 5769K(5824K)->5769K(5824K) Class: 533K(640K)->533K(640K)
[3.089s][info][gc             ] GC(81) Pause Young (Allocation Failure) 501M->501M(571M) 20.041ms
[3.089s][info][gc,cpu         ] GC(81) User=0.08s Sys=0.06s Real=0.02s
[3.106s][info][gc,start       ] GC(82) Pause Young (Allocation Failure)
[3.132s][info][gc,heap        ] GC(82) PSYoungGen: 54400K(57856K)->45056K(60928K) Eden: 15872K(15872K)->0K(15872K) From: 38528K(41984K)->45056K(45056K)
[3.132s][info][gc,heap        ] GC(82) ParOldGen: 475027K(527360K)->484347K(527360K)
[3.132s][info][gc,metaspace   ] GC(82) Metaspace: 6302K(6464K)->6302K(6464K) NonClass: 5769K(5824K)->5769K(5824K) Class: 533K(640K)->533K(640K)
[3.132s][info][gc             ] GC(82) Pause Young (Allocation Failure) 517M->516M(574M) 26.440ms
[3.132s][info][gc,cpu         ] GC(82) User=0.12s Sys=0.00s Real=0.03s
[3.149s][info][gc,start       ] GC(83) Pause Young (Allocation Failure)
[3.178s][info][gc,heap        ] GC(83) PSYoungGen: 60928K(60928K)->31264K(68608K) Eden: 15872K(15872K)->0K(17920K) From: 45056K(45056K)->31264K(50688K)
[3.178s][info][gc,heap        ] GC(83) ParOldGen: 484347K(527360K)->514547K(527360K)
[3.178s][info][gc,metaspace   ] GC(83) Metaspace: 6302K(6464K)->6302K(6464K) NonClass: 5769K(5824K)->5769K(5824K) Class: 533K(640K)->533K(640K)
[3.178s][info][gc             ] GC(83) Pause Young (Allocation Failure) 532M->533M(582M) 29.258ms
[3.178s][info][gc,cpu         ] GC(83) User=0.12s Sys=0.00s Real=0.03s
[3.179s][info][gc,start       ] GC(84) Pause Full (Ergonomics)
[3.179s][info][gc,phases,start] GC(84) Marking Phase
[3.296s][info][gc,phases      ] GC(84) Marking Phase 117.560ms
[3.296s][info][gc,phases,start] GC(84) Summary Phase
[3.296s][info][gc,phases      ] GC(84) Summary Phase 0.032ms
[3.296s][info][gc,phases,start] GC(84) Adjust Roots
[3.296s][info][gc,phases      ] GC(84) Adjust Roots 0.171ms
[3.296s][info][gc,phases,start] GC(84) Compaction Phase
[3.346s][info][gc,phases      ] GC(84) Compaction Phase 49.105ms
[3.346s][info][gc,phases,start] GC(84) Post Compact
[3.346s][info][gc,phases      ] GC(84) Post Compact 0.861ms
[3.347s][info][gc,heap        ] GC(84) PSYoungGen: 31264K(68608K)->17761K(70144K) Eden: 0K(17920K)->0K(19456K) From: 31264K(50688K)->17761K(50688K)
[3.347s][info][gc,heap        ] GC(84) ParOldGen: 514547K(527360K)->527144K(595456K)
[3.347s][info][gc,metaspace   ] GC(84) Metaspace: 6302K(6464K)->6302K(6464K) NonClass: 5769K(5824K)->5769K(5824K) Class: 533K(640K)->533K(640K)
[3.347s][info][gc             ] GC(84) Pause Full (Ergonomics) 533M->532M(650M) 168.255ms
[3.347s][info][gc,cpu         ] GC(84) User=1.30s Sys=0.00s Real=0.17s
[3.369s][info][gc,start       ] GC(85) Pause Young (Allocation Failure)
[3.408s][info][gc,heap        ] GC(85) PSYoungGen: 37217K(70144K)->28640K(71680K) Eden: 19456K(19456K)->0K(19456K) From: 17761K(50688K)->28640K(52224K)
[3.408s][info][gc,heap        ] GC(85) ParOldGen: 527144K(595456K)->535992K(595456K)
[3.408s][info][gc,metaspace   ] GC(85) Metaspace: 6302K(6464K)->6302K(6464K) NonClass: 5769K(5824K)->5769K(5824K) Class: 533K(640K)->533K(640K)
[3.408s][info][gc             ] GC(85) Pause Young (Allocation Failure) 551M->551M(651M) 39.387ms
[3.408s][info][gc,cpu         ] GC(85) User=0.25s Sys=0.00s Real=0.04s
[3.432s][info][gc,start       ] GC(86) Pause Young (Allocation Failure)
[3.457s][info][gc,heap        ] GC(86) PSYoungGen: 48096K(71680K)->48096K(67072K) Eden: 19456K(19456K)->0K(16896K) From: 28640K(52224K)->48096K(50176K)
[3.458s][info][gc,heap        ] GC(86) ParOldGen: 535992K(595456K)->535992K(595456K)
[3.458s][info][gc,metaspace   ] GC(86) Metaspace: 6302K(6464K)->6302K(6464K) NonClass: 5769K(5824K)->5769K(5824K) Class: 533K(640K)->533K(640K)
[3.458s][info][gc             ] GC(86) Pause Young (Allocation Failure) 570M->570M(647M) 25.335ms
[3.458s][info][gc,cpu         ] GC(86) User=0.11s Sys=0.02s Real=0.02s
[3.476s][info][gc,start       ] GC(87) Pause Young (Allocation Failure)
[3.507s][info][gc,heap        ] GC(87) PSYoungGen: 64992K(67072K)->54784K(71680K) Eden: 16896K(16896K)->0K(16896K) From: 48096K(50176K)->54784K(54784K)
[3.507s][info][gc,heap        ] GC(87) ParOldGen: 535992K(595456K)->546328K(595456K)
[3.507s][info][gc,metaspace   ] GC(87) Metaspace: 6302K(6464K)->6302K(6464K) NonClass: 5769K(5824K)->5769K(5824K) Class: 533K(640K)->533K(640K)
[3.507s][info][gc             ] GC(87) Pause Young (Allocation Failure) 586M->587M(651M) 31.617ms
[3.507s][info][gc,cpu         ] GC(87) User=0.16s Sys=0.09s Real=0.03s
[3.527s][info][gc,start       ] GC(88) Pause Young (Allocation Failure)
[3.563s][info][gc,heap        ] GC(88) PSYoungGen: 71680K(71680K)->33696K(77824K) Eden: 16896K(16896K)->0K(18944K) From: 54784K(54784K)->33696K(58880K)
[3.563s][info][gc,heap        ] GC(88) ParOldGen: 546328K(595456K)->584928K(595456K)
[3.563s][info][gc,metaspace   ] GC(88) Metaspace: 6302K(6464K)->6302K(6464K) NonClass: 5769K(5824K)->5769K(5824K) Class: 533K(640K)->533K(640K)
[3.563s][info][gc             ] GC(88) Pause Young (Allocation Failure) 603M->604M(657M) 36.117ms
[3.563s][info][gc,cpu         ] GC(88) User=0.22s Sys=0.03s Real=0.04s
[3.563s][info][gc,start       ] GC(89) Pause Full (Ergonomics)
[3.563s][info][gc,phases,start] GC(89) Marking Phase
[3.691s][info][gc,phases      ] GC(89) Marking Phase 127.719ms
[3.691s][info][gc,phases,start] GC(89) Summary Phase
[3.691s][info][gc,phases      ] GC(89) Summary Phase 0.021ms
[3.691s][info][gc,phases,start] GC(89) Adjust Roots
[3.691s][info][gc,phases      ] GC(89) Adjust Roots 0.153ms
[3.691s][info][gc,phases,start] GC(89) Compaction Phase
[3.753s][info][gc,phases      ] GC(89) Compaction Phase 62.311ms
[3.753s][info][gc,phases,start] GC(89) Post Compact
[3.754s][info][gc,phases      ] GC(89) Post Compact 1.013ms
[3.755s][info][gc,heap        ] GC(89) PSYoungGen: 33696K(77824K)->22184K(80384K) Eden: 0K(18944K)->0K(21504K) From: 33696K(58880K)->22184K(58880K)
[3.755s][info][gc,heap        ] GC(89) ParOldGen: 584928K(595456K)->595298K(674816K)
[3.755s][info][gc,metaspace   ] GC(89) Metaspace: 6302K(6464K)->6302K(6464K) NonClass: 5769K(5824K)->5769K(5824K) Class: 533K(640K)->533K(640K)
[3.755s][info][gc             ] GC(89) Pause Full (Ergonomics) 604M->603M(737M) 191.781ms
[3.755s][info][gc,cpu         ] GC(89) User=1.27s Sys=0.00s Real=0.19s
[3.781s][info][gc,start       ] GC(90) Pause Young (Allocation Failure)
[3.827s][info][gc,heap        ] GC(90) PSYoungGen: 43688K(80384K)->21664K(83456K) Eden: 21504K(21504K)->0K(21504K) From: 22184K(58880K)->21664K(61952K)
[3.827s][info][gc,heap        ] GC(90) ParOldGen: 595298K(674816K)->617810K(674816K)
[3.827s][info][gc,metaspace   ] GC(90) Metaspace: 6302K(6464K)->6302K(6464K) NonClass: 5769K(5824K)->5769K(5824K) Class: 533K(640K)->533K(640K)
[3.827s][info][gc             ] GC(90) Pause Young (Allocation Failure) 624M->624M(740M) 45.838ms
[3.827s][info][gc,cpu         ] GC(90) User=0.25s Sys=0.02s Real=0.05s
[3.852s][info][gc,start       ] GC(91) Pause Young (Allocation Failure)
[3.877s][info][gc,heap        ] GC(91) PSYoungGen: 43168K(83456K)->21632K(84480K) Eden: 21504K(21504K)->0K(24064K) From: 21664K(61952K)->21632K(60416K)
[3.877s][info][gc,heap        ] GC(91) ParOldGen: 617810K(674816K)->639626K(674816K)
[3.877s][info][gc,metaspace   ] GC(91) Metaspace: 6302K(6464K)->6302K(6464K) NonClass: 5769K(5824K)->5769K(5824K) Class: 533K(640K)->533K(640K)
[3.877s][info][gc             ] GC(91) Pause Young (Allocation Failure) 645M->645M(741M) 25.122ms
[3.877s][info][gc,cpu         ] GC(91) User=0.12s Sys=0.00s Real=0.03s
[3.906s][info][gc,start       ] GC(92) Pause Young (Allocation Failure)
[3.932s][info][gc,heap        ] GC(92) PSYoungGen: 45696K(84480K)->24192K(84992K) Eden: 24064K(24064K)->0K(24064K) From: 21632K(60416K)->24192K(60928K)
[3.932s][info][gc,heap        ] GC(92) ParOldGen: 639626K(674816K)->661434K(674816K)
[3.932s][info][gc,metaspace   ] GC(92) Metaspace: 6302K(6464K)->6302K(6464K) NonClass: 5769K(5824K)->5769K(5824K) Class: 533K(640K)->533K(640K)
[3.932s][info][gc             ] GC(92) Pause Young (Allocation Failure) 669M->669M(742M) 25.925ms
[3.932s][info][gc,cpu         ] GC(92) User=0.05s Sys=0.08s Real=0.02s
[3.932s][info][gc,start       ] GC(93) Pause Full (Ergonomics)
[3.932s][info][gc,phases,start] GC(93) Marking Phase
[4.075s][info][gc,phases      ] GC(93) Marking Phase 142.438ms
[4.075s][info][gc,phases,start] GC(93) Summary Phase
[4.075s][info][gc,phases      ] GC(93) Summary Phase 0.026ms
[4.075s][info][gc,phases,start] GC(93) Adjust Roots
[4.075s][info][gc,phases      ] GC(93) Adjust Roots 0.158ms
[4.075s][info][gc,phases,start] GC(93) Compaction Phase
[4.134s][info][gc,phases      ] GC(93) Compaction Phase 59.402ms
[4.134s][info][gc,phases,start] GC(93) Post Compact
[4.136s][info][gc,phases      ] GC(93) Post Compact 1.183ms
[4.136s][info][gc,heap        ] GC(93) PSYoungGen: 24192K(84992K)->9727K(84992K) Eden: 0K(24064K)->0K(24064K) From: 24192K(60928K)->9727K(60928K)
[4.136s][info][gc,heap        ] GC(93) ParOldGen: 661434K(674816K)->674734K(763904K)
[4.136s][info][gc,metaspace   ] GC(93) Metaspace: 6302K(6464K)->6302K(6464K) NonClass: 5769K(5824K)->5769K(5824K) Class: 533K(640K)->533K(640K)
[4.136s][info][gc             ] GC(93) Pause Full (Ergonomics) 669M->668M(829M) 203.951ms
[4.136s][info][gc,cpu         ] GC(93) User=1.34s Sys=0.00s Real=0.20s
[4.278s][info][gc,start       ] GC(94) Pause Young (Allocation Failure)
[4.320s][info][gc,heap        ] GC(94) PSYoungGen: 33791K(84992K)->24192K(82944K) Eden: 24064K(24064K)->0K(26624K) From: 9727K(60928K)->24192K(56320K)
[4.320s][info][gc,heap        ] GC(94) ParOldGen: 707502K(763904K)->717390K(763904K)
[4.320s][info][gc,metaspace   ] GC(94) Metaspace: 6302K(6464K)->6302K(6464K) NonClass: 5769K(5824K)->5769K(5824K) Class: 533K(640K)->533K(640K)
[4.320s][info][gc             ] GC(94) Pause Young (Allocation Failure) 723M->724M(827M) 42.095ms
[4.320s][info][gc,cpu         ] GC(94) User=0.16s Sys=0.00s Real=0.04s
[4.347s][info][gc,start       ] GC(95) Pause Young (Allocation Failure)
[4.373s][info][gc,heap        ] GC(95) PSYoungGen: 50816K(82944K)->50880K(84480K) Eden: 26624K(26624K)->0K(26624K) From: 24192K(56320K)->50880K(57856K)
[4.373s][info][gc,heap        ] GC(95) ParOldGen: 717390K(763904K)->717390K(763904K)
[4.373s][info][gc,metaspace   ] GC(95) Metaspace: 6302K(6464K)->6302K(6464K) NonClass: 5769K(5824K)->5769K(5824K) Class: 533K(640K)->533K(640K)
[4.373s][info][gc             ] GC(95) Pause Young (Allocation Failure) 750M->750M(828M) 26.486ms
[4.373s][info][gc,cpu         ] GC(95) User=0.08s Sys=0.00s Real=0.03s
[4.402s][info][gc,start       ] GC(96) Pause Young (Allocation Failure)
[4.440s][info][gc,heap        ] GC(96) PSYoungGen: 77504K(84480K)->62464K(77824K) Eden: 26624K(26624K)->0K(15360K) From: 50880K(57856K)->62464K(62464K)
[4.440s][info][gc,heap        ] GC(96) ParOldGen: 717390K(763904K)->732502K(763904K)
[4.440s][info][gc,metaspace   ] GC(96) Metaspace: 6302K(6464K)->6302K(6464K) NonClass: 5769K(5824K)->5769K(5824K) Class: 533K(640K)->533K(640K)
[4.440s][info][gc             ] GC(96) Pause Young (Allocation Failure) 776M->776M(822M) 38.558ms
[4.440s][info][gc,cpu         ] GC(96) User=0.20s Sys=0.05s Real=0.04s
[4.440s][info][gc,start       ] GC(97) Pause Full (Ergonomics)
[4.440s][info][gc,phases,start] GC(97) Marking Phase
[4.624s][info][gc,phases      ] GC(97) Marking Phase 183.801ms
[4.624s][info][gc,phases,start] GC(97) Summary Phase
[4.624s][info][gc,phases      ] GC(97) Summary Phase 0.027ms
[4.624s][info][gc,phases,start] GC(97) Adjust Roots
[4.624s][info][gc,phases      ] GC(97) Adjust Roots 0.155ms
[4.624s][info][gc,phases,start] GC(97) Compaction Phase
[4.756s][info][gc,phases      ] GC(97) Compaction Phase 131.158ms
[4.756s][info][gc,phases,start] GC(97) Post Compact
[4.757s][info][gc,phases      ] GC(97) Post Compact 1.682ms
[4.758s][info][gc,heap        ] GC(97) PSYoungGen: 62464K(77824K)->14299K(77824K) Eden: 0K(15360K)->0K(15360K) From: 62464K(62464K)->14299K(62464K)
[4.758s][info][gc,heap        ] GC(97) ParOldGen: 732502K(763904K)->763769K(855040K)
[4.758s][info][gc,metaspace   ] GC(97) Metaspace: 6302K(6464K)->6302K(6464K) NonClass: 5769K(5824K)->5769K(5824K) Class: 533K(640K)->533K(640K)
[4.758s][info][gc             ] GC(97) Pause Full (Ergonomics) 776M->759M(911M) 317.582ms
[4.758s][info][gc,cpu         ] GC(97) User=2.06s Sys=0.03s Real=0.32s
[4.775s][info][gc,start       ] GC(98) Pause Young (Allocation Failure)
[4.823s][info][gc,heap        ] GC(98) PSYoungGen: 29659K(77824K)->20640K(91648K) Eden: 15360K(15360K)->0K(15360K) From: 14299K(62464K)->20640K(76288K)
[4.823s][info][gc,heap        ] GC(98) ParOldGen: 763769K(855040K)->773073K(855040K)
[4.823s][info][gc,metaspace   ] GC(98) Metaspace: 6302K(6464K)->6302K(6464K) NonClass: 5769K(5824K)->5769K(5824K) Class: 533K(640K)->533K(640K)
[4.823s][info][gc             ] GC(98) Pause Young (Allocation Failure) 774M->775M(924M) 47.702ms
[4.823s][info][gc,cpu         ] GC(98) User=0.25s Sys=0.00s Real=0.05s
[4.839s][info][gc,start       ] GC(99) Pause Young (Allocation Failure)
[4.860s][info][gc,heap        ] GC(99) PSYoungGen: 36000K(91648K)->36000K(83968K) Eden: 15360K(15360K)->0K(16896K) From: 20640K(76288K)->36000K(67072K)
[4.860s][info][gc,heap        ] GC(99) ParOldGen: 773073K(855040K)->773073K(855040K)
[4.860s][info][gc,metaspace   ] GC(99) Metaspace: 6302K(6464K)->6302K(6464K) NonClass: 5769K(5824K)->5769K(5824K) Class: 533K(640K)->533K(640K)
[4.860s][info][gc             ] GC(99) Pause Young (Allocation Failure) 790M->790M(917M) 20.845ms
[4.860s][info][gc,cpu         ] GC(99) User=0.05s Sys=0.00s Real=0.02s
[4.878s][info][gc,start       ] GC(100) Pause Young (Allocation Failure)
[4.906s][info][gc,heap        ] GC(100) PSYoungGen: 52896K(83968K)->52896K(88064K) Eden: 16896K(16896K)->0K(16896K) From: 36000K(67072K)->52896K(71168K)
[4.906s][info][gc,heap        ] GC(100) ParOldGen: 773073K(855040K)->773073K(855040K)
[4.906s][info][gc,metaspace   ] GC(100) Metaspace: 6302K(6464K)->6302K(6464K) NonClass: 5769K(5824K)->5769K(5824K) Class: 533K(640K)->533K(640K)
[4.906s][info][gc             ] GC(100) Pause Young (Allocation Failure) 806M->806M(921M) 28.577ms
[4.906s][info][gc,cpu         ] GC(100) User=0.12s Sys=0.00s Real=0.03s
[4.925s][info][gc,start       ] GC(101) Pause Young (Allocation Failure)
[4.958s][info][gc,heap        ] GC(101) PSYoungGen: 69792K(88064K)->64608K(86528K) Eden: 16896K(16896K)->0K(12288K) From: 52896K(71168K)->64608K(74240K)
[4.958s][info][gc,heap        ] GC(101) ParOldGen: 773073K(855040K)->778297K(855040K)
[4.958s][info][gc,metaspace   ] GC(101) Metaspace: 6302K(6464K)->6302K(6464K) NonClass: 5769K(5824K)->5769K(5824K) Class: 533K(640K)->533K(640K)
[4.958s][info][gc             ] GC(101) Pause Young (Allocation Failure) 823M->823M(919M) 33.385ms
[4.958s][info][gc,cpu         ] GC(101) User=0.25s Sys=0.00s Real=0.03s
[4.971s][info][gc,start       ] GC(102) Pause Young (Allocation Failure)
[5.008s][info][gc,heap        ] GC(102) PSYoungGen: 76896K(86528K)->61568K(93184K) Eden: 12288K(12288K)->0K(12288K) From: 64608K(74240K)->61568K(80896K)
[5.008s][info][gc,heap        ] GC(102) ParOldGen: 778297K(855040K)->793873K(855040K)
[5.008s][info][gc,metaspace   ] GC(102) Metaspace: 6302K(6464K)->6302K(6464K) NonClass: 5769K(5824K)->5769K(5824K) Class: 533K(640K)->533K(640K)
[5.008s][info][gc             ] GC(102) Pause Young (Allocation Failure) 835M->835M(926M) 36.615ms
[5.008s][info][gc,cpu         ] GC(102) User=0.23s Sys=0.02s Real=0.04s
[5.021s][info][gc,start       ] GC(103) Pause Young (Allocation Failure)
[5.058s][info][gc,heap        ] GC(103) PSYoungGen: 73856K(93184K)->41568K(91136K) Eden: 12288K(12288K)->0K(14336K) From: 61568K(80896K)->41568K(76800K)
[5.058s][info][gc,heap        ] GC(103) ParOldGen: 793873K(855040K)->826529K(855040K)
[5.058s][info][gc,metaspace   ] GC(103) Metaspace: 6302K(6464K)->6302K(6464K) NonClass: 5769K(5824K)->5769K(5824K) Class: 533K(640K)->533K(640K)
[5.058s][info][gc             ] GC(103) Pause Young (Allocation Failure) 847M->847M(924M) 36.635ms
[5.058s][info][gc,cpu         ] GC(103) User=0.23s Sys=0.03s Real=0.04s
[5.058s][info][gc,start       ] GC(104) Pause Full (Ergonomics)
[5.058s][info][gc,phases,start] GC(104) Marking Phase
[5.265s][info][gc,phases      ] GC(104) Marking Phase 206.973ms
[5.265s][info][gc,phases,start] GC(104) Summary Phase
[5.265s][info][gc,phases      ] GC(104) Summary Phase 0.029ms
[5.265s][info][gc,phases,start] GC(104) Adjust Roots
[5.265s][info][gc,phases      ] GC(104) Adjust Roots 0.226ms
[5.265s][info][gc,phases,start] GC(104) Compaction Phase
[5.354s][info][gc,phases      ] GC(104) Compaction Phase 89.193ms
[5.354s][info][gc,phases,start] GC(104) Post Compact
[5.356s][info][gc,phases      ] GC(104) Post Compact 1.565ms
[5.356s][info][gc,heap        ] GC(104) PSYoungGen: 41568K(91136K)->12252K(93184K) Eden: 0K(14336K)->0K(16384K) From: 41568K(76800K)->12252K(76800K)
[5.356s][info][gc,heap        ] GC(104) ParOldGen: 826529K(855040K)->854710K(954368K)
[5.356s][info][gc,metaspace   ] GC(104) Metaspace: 6302K(6464K)->6302K(6464K) NonClass: 5769K(5824K)->5769K(5824K) Class: 533K(640K)->533K(640K)
[5.356s][info][gc             ] GC(104) Pause Full (Ergonomics) 847M->846M(1023M) 298.634ms
[5.356s][info][gc,cpu         ] GC(104) User=1.73s Sys=0.02s Real=0.30s
[5.375s][info][gc,start       ] GC(105) Pause Young (Allocation Failure)
[5.424s][info][gc,heap        ] GC(105) PSYoungGen: 28636K(93184K)->18368K(96768K) Eden: 16384K(16384K)->0K(16384K) From: 12252K(76800K)->18368K(80384K)
[5.424s][info][gc,heap        ] GC(105) ParOldGen: 854710K(954368K)->865270K(954368K)
[5.424s][info][gc,metaspace   ] GC(105) Metaspace: 6302K(6464K)->6302K(6464K) NonClass: 5769K(5824K)->5769K(5824K) Class: 533K(640K)->533K(640K)
[5.424s][info][gc             ] GC(105) Pause Young (Allocation Failure) 862M->862M(1026M) 49.138ms
[5.424s][info][gc,cpu         ] GC(105) User=0.27s Sys=0.00s Real=0.05s
[5.442s][info][gc,start       ] GC(106) Pause Young (Allocation Failure)
[5.465s][info][gc,heap        ] GC(106) PSYoungGen: 34752K(96768K)->32896K(93184K) Eden: 16384K(16384K)->0K(18432K) From: 18368K(80384K)->32896K(74752K)
[5.465s][info][gc,heap        ] GC(106) ParOldGen: 865270K(954368K)->867166K(954368K)
[5.465s][info][gc,metaspace   ] GC(106) Metaspace: 6302K(6464K)->6302K(6464K) NonClass: 5769K(5824K)->5769K(5824K) Class: 533K(640K)->533K(640K)
[5.465s][info][gc             ] GC(106) Pause Young (Allocation Failure) 878M->878M(1023M) 22.685ms
[5.465s][info][gc,cpu         ] GC(106) User=0.08s Sys=0.00s Real=0.02s
[5.486s][info][gc,start       ] GC(107) Pause Young (Allocation Failure)
[5.518s][info][gc,heap        ] GC(107) PSYoungGen: 51328K(93184K)->34880K(53760K) Eden: 18432K(18432K)->0K(18432K) From: 32896K(74752K)->34880K(35328K)
[5.518s][info][gc,heap        ] GC(107) ParOldGen: 867166K(954368K)->883790K(954368K)
[5.518s][info][gc,metaspace   ] GC(107) Metaspace: 6302K(6464K)->6302K(6464K) NonClass: 5769K(5824K)->5769K(5824K) Class: 533K(640K)->533K(640K)
[5.518s][info][gc             ] GC(107) Pause Young (Allocation Failure) 896M->897M(984M) 32.285ms
[5.518s][info][gc,cpu         ] GC(107) User=0.06s Sys=0.00s Real=0.03s
[5.539s][info][gc,start       ] GC(108) Pause Young (Allocation Failure)
[5.569s][info][gc,heap        ] GC(108) PSYoungGen: 53312K(53760K)->36992K(88576K) Eden: 18432K(18432K)->0K(20992K) From: 34880K(35328K)->36992K(67584K)
[5.569s][info][gc,heap        ] GC(108) ParOldGen: 883790K(954368K)->900374K(954368K)
[5.569s][info][gc,metaspace   ] GC(108) Metaspace: 6302K(6464K)->6302K(6464K) NonClass: 5769K(5824K)->5769K(5824K) Class: 533K(640K)->533K(640K)
[5.569s][info][gc             ] GC(108) Pause Young (Allocation Failure) 915M->915M(1018M) 29.997ms
[5.569s][info][gc,cpu         ] GC(108) User=0.25s Sys=0.00s Real=0.03s
[5.593s][info][gc,start       ] GC(109) Pause Young (Allocation Failure)
[5.623s][info][gc,heap        ] GC(109) PSYoungGen: 57984K(88576K)->39616K(92160K) Eden: 20992K(20992K)->0K(20992K) From: 36992K(67584K)->39616K(71168K)
[5.623s][info][gc,heap        ] GC(109) ParOldGen: 900374K(954368K)->919038K(954368K)
[5.623s][info][gc,metaspace   ] GC(109) Metaspace: 6302K(6464K)->6302K(6464K) NonClass: 5769K(5824K)->5769K(5824K) Class: 533K(640K)->533K(640K)
[5.623s][info][gc             ] GC(109) Pause Young (Allocation Failure) 935M->936M(1022M) 30.240ms
[5.623s][info][gc,cpu         ] GC(109) User=0.14s Sys=0.00s Real=0.03s
[5.648s][info][gc,start       ] GC(110) Pause Young (Allocation Failure)
[5.679s][info][gc,heap        ] GC(110) PSYoungGen: 60608K(92160K)->42176K(89088K) Eden: 20992K(20992K)->0K(23552K) From: 39616K(71168K)->42176K(65536K)
[5.679s][info][gc,heap        ] GC(110) ParOldGen: 919038K(954368K)->937718K(954368K)
[5.679s][info][gc,metaspace   ] GC(110) Metaspace: 6302K(6464K)->6302K(6464K) NonClass: 5769K(5824K)->5769K(5824K) Class: 533K(640K)->533K(640K)
[5.679s][info][gc             ] GC(110) Pause Young (Allocation Failure) 956M->956M(1019M) 31.135ms
[5.679s][info][gc,cpu         ] GC(110) User=0.25s Sys=0.00s Real=0.03s
[5.679s][info][gc,start       ] GC(111) Pause Full (Ergonomics)
[5.679s][info][gc,phases,start] GC(111) Marking Phase
[5.906s][info][gc,phases      ] GC(111) Marking Phase 226.594ms
[5.906s][info][gc,phases,start] GC(111) Summary Phase
[5.906s][info][gc,phases      ] GC(111) Summary Phase 0.028ms
[5.906s][info][gc,phases,start] GC(111) Adjust Roots
[5.906s][info][gc,phases      ] GC(111) Adjust Roots 0.155ms
[5.906s][info][gc,phases,start] GC(111) Compaction Phase
[6.007s][info][gc,phases      ] GC(111) Compaction Phase 101.497ms
[6.007s][info][gc,phases,start] GC(111) Post Compact
[6.009s][info][gc,phases      ] GC(111) Post Compact 1.853ms
[6.010s][info][gc,heap        ] GC(111) PSYoungGen: 42176K(89088K)->24037K(90624K) Eden: 0K(23552K)->0K(25088K) From: 42176K(65536K)->24037K(65536K)
[6.010s][info][gc,heap        ] GC(111) ParOldGen: 937718K(954368K)->954358K(1059840K)
[6.010s][info][gc,metaspace   ] GC(111) Metaspace: 6302K(6464K)->6302K(6464K) NonClass: 5769K(5824K)->5769K(5824K) Class: 533K(640K)->533K(640K)
[6.010s][info][gc             ] GC(111) Pause Full (Ergonomics) 956M->955M(1123M) 331.046ms
[6.010s][info][gc,cpu         ] GC(111) User=2.27s Sys=0.00s Real=0.33s
[6.039s][info][gc,start       ] GC(112) Pause Young (Allocation Failure)
[6.107s][info][gc,heap        ] GC(112) PSYoungGen: 49125K(90624K)->37664K(92160K) Eden: 25088K(25088K)->0K(25088K) From: 24037K(65536K)->37664K(67072K)
[6.107s][info][gc,heap        ] GC(112) ParOldGen: 954358K(1059840K)->966198K(1059840K)
[6.107s][info][gc,metaspace   ] GC(112) Metaspace: 6302K(6464K)->6302K(6464K) NonClass: 5769K(5824K)->5769K(5824K) Class: 533K(640K)->533K(640K)
[6.107s][info][gc             ] GC(112) Pause Young (Allocation Failure) 979M->980M(1125M) 67.523ms
[6.107s][info][gc,cpu         ] GC(112) User=0.36s Sys=0.00s Real=0.07s
[6.136s][info][gc,start       ] GC(113) Pause Young (Allocation Failure)
[6.174s][info][gc,heap        ] GC(113) PSYoungGen: 62752K(92160K)->62816K(86016K) Eden: 25088K(25088K)->0K(21504K) From: 37664K(67072K)->62816K(64512K)
[6.174s][info][gc,heap        ] GC(113) ParOldGen: 966198K(1059840K)->966198K(1059840K)
[6.174s][info][gc,metaspace   ] GC(113) Metaspace: 6302K(6464K)->6302K(6464K) NonClass: 5769K(5824K)->5769K(5824K) Class: 533K(640K)->533K(640K)
[6.174s][info][gc             ] GC(113) Pause Young (Allocation Failure) 1004M->1004M(1119M) 38.106ms
[6.174s][info][gc,cpu         ] GC(113) User=0.12s Sys=0.00s Real=0.04s
[6.197s][info][gc,start       ] GC(114) Pause Young (Allocation Failure)
[6.239s][info][gc,heap        ] GC(114) PSYoungGen: 84320K(86016K)->70656K(92160K) Eden: 21504K(21504K)->0K(21504K) From: 62816K(64512K)->70656K(70656K)
[6.239s][info][gc,heap        ] GC(114) ParOldGen: 966198K(1059840K)->979950K(1059840K)
[6.239s][info][gc,metaspace   ] GC(114) Metaspace: 6302K(6464K)->6302K(6464K) NonClass: 5769K(5824K)->5769K(5824K) Class: 533K(640K)->533K(640K)
[6.239s][info][gc             ] GC(114) Pause Young (Allocation Failure) 1025M->1025M(1125M) 42.021ms
[6.239s][info][gc,cpu         ] GC(114) User=0.25s Sys=0.00s Real=0.04s
[6.263s][info][gc,start       ] GC(115) Pause Young (Allocation Failure)
[6.311s][info][gc,heap        ] GC(115) PSYoungGen: 92160K(92160K)->42720K(100864K) Eden: 21504K(21504K)->0K(24064K) From: 70656K(70656K)->42720K(76800K)
[6.311s][info][gc,heap        ] GC(115) ParOldGen: 979950K(1059840K)->1030046K(1059840K)
[6.311s][info][gc,metaspace   ] GC(115) Metaspace: 6302K(6464K)->6302K(6464K) NonClass: 5769K(5824K)->5769K(5824K) Class: 533K(640K)->533K(640K)
[6.311s][info][gc             ] GC(115) Pause Young (Allocation Failure) 1046M->1047M(1133M) 48.154ms
[6.311s][info][gc,cpu         ] GC(115) User=0.25s Sys=0.02s Real=0.05s
[6.311s][info][gc,start       ] GC(116) Pause Full (Ergonomics)
[6.311s][info][gc,phases,start] GC(116) Marking Phase
[6.559s][info][gc,phases      ] GC(116) Marking Phase 247.709ms
[6.559s][info][gc,phases,start] GC(116) Summary Phase
[6.559s][info][gc,phases      ] GC(116) Summary Phase 0.035ms
[6.559s][info][gc,phases,start] GC(116) Adjust Roots
[6.559s][info][gc,phases      ] GC(116) Adjust Roots 0.186ms
[6.559s][info][gc,phases,start] GC(116) Compaction Phase
[6.655s][info][gc,phases      ] GC(116) Compaction Phase 95.952ms
[6.655s][info][gc,phases,start] GC(116) Post Compact
[6.657s][info][gc,phases      ] GC(116) Post Compact 2.041ms
[6.658s][info][gc,heap        ] GC(116) PSYoungGen: 42720K(100864K)->11831K(103936K) Eden: 0K(24064K)->0K(27136K) From: 42720K(76800K)->11831K(76800K)
[6.658s][info][gc,heap        ] GC(116) ParOldGen: 1030046K(1059840K)->1059617K(1181184K)
[6.658s][info][gc,metaspace   ] GC(116) Metaspace: 6302K(6464K)->6302K(6464K) NonClass: 5769K(5824K)->5769K(5824K) Class: 533K(640K)->533K(640K)
[6.658s][info][gc             ] GC(116) Pause Full (Ergonomics) 1047M->1046M(1255M) 346.818ms
[6.658s][info][gc,cpu         ] GC(116) User=2.36s Sys=0.00s Real=0.35s
[6.690s][info][gc,start       ] GC(117) Pause Young (Allocation Failure)
[6.754s][info][gc,heap        ] GC(117) PSYoungGen: 38967K(103936K)->27264K(107520K) Eden: 27136K(27136K)->0K(27136K) From: 11831K(76800K)->27264K(80384K)
[6.754s][info][gc,heap        ] GC(117) ParOldGen: 1059617K(1181184K)->1071633K(1181184K)
[6.755s][info][gc,metaspace   ] GC(117) Metaspace: 6302K(6464K)->6302K(6464K) NonClass: 5769K(5824K)->5769K(5824K) Class: 533K(640K)->533K(640K)
[6.755s][info][gc             ] GC(117) Pause Young (Allocation Failure) 1072M->1073M(1258M) 64.171ms
[6.755s][info][gc,cpu         ] GC(117) User=0.39s Sys=0.00s Real=0.07s
[6.784s][info][gc,start       ] GC(118) Pause Young (Allocation Failure)
[6.820s][info][gc,heap        ] GC(118) PSYoungGen: 54400K(107520K)->54496K(109568K) Eden: 27136K(27136K)->0K(29696K) From: 27264K(80384K)->54496K(79872K)
[6.820s][info][gc,heap        ] GC(118) ParOldGen: 1071633K(1181184K)->1071633K(1181184K)
[6.820s][info][gc,metaspace   ] GC(118) Metaspace: 6302K(6464K)->6302K(6464K) NonClass: 5769K(5824K)->5769K(5824K) Class: 533K(640K)->533K(640K)
[6.820s][info][gc             ] GC(118) Pause Young (Allocation Failure) 1099M->1099M(1260M) 35.600ms
[6.820s][info][gc,cpu         ] GC(118) User=0.16s Sys=0.00s Real=0.04s
[6.853s][info][gc,start       ] GC(119) Pause Young (Allocation Failure)
[6.898s][info][gc,heap        ] GC(119) PSYoungGen: 84192K(109568K)->57056K(110080K) Eden: 29696K(29696K)->0K(29696K) From: 54496K(79872K)->57056K(80384K)
[6.898s][info][gc,heap        ] GC(119) ParOldGen: 1071633K(1181184K)->1099145K(1181184K)
[6.898s][info][gc,metaspace   ] GC(119) Metaspace: 6302K(6464K)->6302K(6464K) NonClass: 5769K(5824K)->5769K(5824K) Class: 533K(640K)->533K(640K)
[6.898s][info][gc             ] GC(119) Pause Young (Allocation Failure) 1128M->1129M(1261M) 44.453ms
[6.898s][info][gc,cpu         ] GC(119) User=0.25s Sys=0.00s Real=0.04s
[6.934s][info][gc,start       ] GC(120) Pause Young (Allocation Failure)
[6.980s][info][gc,heap        ] GC(120) PSYoungGen: 86752K(110080K)->59584K(112640K) Eden: 29696K(29696K)->0K(31232K) From: 57056K(80384K)->59584K(81408K)
[6.980s][info][gc,heap        ] GC(120) ParOldGen: 1099145K(1181184K)->1126641K(1181184K)
[6.980s][info][gc,metaspace   ] GC(120) Metaspace: 6302K(6464K)->6302K(6464K) NonClass: 5769K(5824K)->5769K(5824K) Class: 533K(640K)->533K(640K)
[6.980s][info][gc             ] GC(120) Pause Young (Allocation Failure) 1158M->1158M(1263M) 45.862ms
[6.980s][info][gc,cpu         ] GC(120) User=0.23s Sys=0.03s Real=0.05s
[7.018s][info][gc,start       ] GC(121) Pause Young (Allocation Failure)
[7.069s][info][gc,heap        ] GC(121) PSYoungGen: 90816K(112640K)->61152K(114176K) Eden: 31232K(31232K)->0K(31232K) From: 59584K(81408K)->61152K(82944K)
[7.069s][info][gc,heap        ] GC(121) ParOldGen: 1126641K(1181184K)->1156737K(1181184K)
[7.069s][info][gc,metaspace   ] GC(121) Metaspace: 6302K(6464K)->6302K(6464K) NonClass: 5769K(5824K)->5769K(5824K) Class: 533K(640K)->533K(640K)
[7.069s][info][gc             ] GC(121) Pause Young (Allocation Failure) 1188M->1189M(1265M) 50.693ms
[7.069s][info][gc,cpu         ] GC(121) User=0.25s Sys=0.00s Real=0.05s
[7.069s][info][gc,start       ] GC(122) Pause Full (Ergonomics)
[7.069s][info][gc,phases,start] GC(122) Marking Phase
[7.360s][info][gc,phases      ] GC(122) Marking Phase 291.055ms
[7.360s][info][gc,phases,start] GC(122) Summary Phase
[7.360s][info][gc,phases      ] GC(122) Summary Phase 0.026ms
[7.360s][info][gc,phases,start] GC(122) Adjust Roots
[7.360s][info][gc,phases      ] GC(122) Adjust Roots 0.174ms
[7.361s][info][gc,phases,start] GC(122) Compaction Phase
[7.478s][info][gc,phases      ] GC(122) Compaction Phase 117.657ms
[7.478s][info][gc,phases,start] GC(122) Post Compact
[7.481s][info][gc,phases      ] GC(122) Post Compact 2.547ms
[7.481s][info][gc,heap        ] GC(122) PSYoungGen: 61152K(114176K)->35314K(114176K) Eden: 0K(31232K)->0K(31232K) From: 61152K(82944K)->35314K(82944K)
[7.481s][info][gc,heap        ] GC(122) ParOldGen: 1156737K(1181184K)->1180874K(1314816K)
[7.481s][info][gc,metaspace   ] GC(122) Metaspace: 6302K(6464K)->6302K(6464K) NonClass: 5769K(5824K)->5769K(5824K) Class: 533K(640K)->533K(640K)
[7.481s][info][gc             ] GC(122) Pause Full (Ergonomics) 1189M->1187M(1395M) 412.333ms
[7.482s][info][gc,cpu         ] GC(122) User=2.66s Sys=0.02s Real=0.41s
[7.520s][info][gc,start       ] GC(123) Pause Young (Allocation Failure)
[7.604s][info][gc,heap        ] GC(123) PSYoungGen: 66546K(114176K)->49952K(112128K) Eden: 31232K(31232K)->0K(34304K) From: 35314K(82944K)->49952K(77824K)
[7.604s][info][gc,heap        ] GC(123) ParOldGen: 1180874K(1314816K)->1197938K(1314816K)
[7.604s][info][gc,metaspace   ] GC(123) Metaspace: 6302K(6464K)->6302K(6464K) NonClass: 5769K(5824K)->5769K(5824K) Class: 533K(640K)->533K(640K)
[7.604s][info][gc             ] GC(123) Pause Young (Allocation Failure) 1218M->1218M(1393M) 84.417ms
[7.604s][info][gc,cpu         ] GC(123) User=0.52s Sys=0.00s Real=0.08s
[7.645s][info][gc,start       ] GC(124) Pause Young (Allocation Failure)
[7.692s][info][gc,heap        ] GC(124) PSYoungGen: 84256K(112128K)->81408K(115712K) Eden: 34304K(34304K)->0K(34304K) From: 49952K(77824K)->81408K(81408K)
[7.692s][info][gc,heap        ] GC(124) ParOldGen: 1197938K(1314816K)->1200738K(1314816K)
[7.692s][info][gc,metaspace   ] GC(124) Metaspace: 6302K(6464K)->6302K(6464K) NonClass: 5769K(5824K)->5769K(5824K) Class: 533K(640K)->533K(640K)
[7.692s][info][gc             ] GC(124) Pause Young (Allocation Failure) 1252M->1252M(1397M) 46.741ms
[7.692s][info][gc,cpu         ] GC(124) User=0.27s Sys=0.00s Real=0.05s
[7.731s][info][gc,start       ] GC(125) Pause Young (Allocation Failure)
[7.801s][info][gc,heap        ] GC(125) PSYoungGen: 115712K(115712K)->60704K(128512K) Eden: 34304K(34304K)->0K(38400K) From: 81408K(81408K)->60704K(90112K)
[7.801s][info][gc,heap        ] GC(125) ParOldGen: 1200738K(1314816K)->1249362K(1314816K)
[7.801s][info][gc,metaspace   ] GC(125) Metaspace: 6302K(6464K)->6302K(6464K) NonClass: 5769K(5824K)->5769K(5824K) Class: 533K(640K)->533K(640K)
[7.801s][info][gc             ] GC(125) Pause Young (Allocation Failure) 1285M->1279M(1409M) 70.463ms
[7.801s][info][gc,cpu         ] GC(125) User=0.42s Sys=0.03s Real=0.07s
[7.845s][info][gc,start       ] GC(126) Pause Young (Allocation Failure)
[7.900s][info][gc,heap        ] GC(126) PSYoungGen: 99104K(128512K)->52896K(129024K) Eden: 38400K(38400K)->0K(38400K) From: 60704K(90112K)->52896K(90624K)
[7.900s][info][gc,heap        ] GC(126) ParOldGen: 1249362K(1314816K)->1283154K(1314816K)
[7.900s][info][gc,metaspace   ] GC(126) Metaspace: 6302K(6464K)->6302K(6464K) NonClass: 5769K(5824K)->5769K(5824K) Class: 533K(640K)->533K(640K)
[7.900s][info][gc             ] GC(126) Pause Young (Allocation Failure) 1316M->1304M(1410M) 55.367ms
[7.900s][info][gc,cpu         ] GC(126) User=0.38s Sys=0.00s Real=0.06s
[7.900s][info][gc,start       ] GC(127) Pause Full (Ergonomics)
[7.900s][info][gc,phases,start] GC(127) Marking Phase
[8.231s][info][gc,phases      ] GC(127) Marking Phase 330.465ms
[8.231s][info][gc,phases,start] GC(127) Summary Phase
[8.231s][info][gc,phases      ] GC(127) Summary Phase 0.033ms
[8.231s][info][gc,phases,start] GC(127) Adjust Roots
[8.231s][info][gc,phases      ] GC(127) Adjust Roots 0.347ms
[8.231s][info][gc,phases,start] GC(127) Compaction Phase
[8.591s][info][gc,phases      ] GC(127) Compaction Phase 359.850ms
[8.591s][info][gc,phases,start] GC(127) Post Compact
[8.594s][info][gc,phases      ] GC(127) Post Compact 2.863ms
[8.595s][info][gc,heap        ] GC(127) PSYoungGen: 52896K(129024K)->19967K(129024K) Eden: 0K(38400K)->0K(38400K) From: 52896K(90624K)->19967K(90624K)
[8.595s][info][gc,heap        ] GC(127) ParOldGen: 1283154K(1314816K)->1314364K(1466880K)
[8.595s][info][gc,metaspace   ] GC(127) Metaspace: 6302K(6464K)->6302K(6464K) NonClass: 5769K(5824K)->5769K(5824K) Class: 533K(640K)->533K(640K)
[8.595s][info][gc             ] GC(127) Pause Full (Ergonomics) 1304M->1303M(1558M) 694.547ms
[8.595s][info][gc,cpu         ] GC(127) User=4.47s Sys=0.02s Real=0.69s
[8.645s][info][gc,start       ] GC(128) Pause Young (Allocation Failure)
[8.732s][info][gc,heap        ] GC(128) PSYoungGen: 58367K(129024K)->47808K(123392K) Eden: 38400K(38400K)->0K(41984K) From: 19967K(90624K)->47808K(81408K)
[8.732s][info][gc,heap        ] GC(128) ParOldGen: 1314364K(1466880K)->1325276K(1466880K)
[8.732s][info][gc,metaspace   ] GC(128) Metaspace: 6302K(6464K)->6302K(6464K) NonClass: 5769K(5824K)->5769K(5824K) Class: 533K(640K)->533K(640K)
[8.732s][info][gc             ] GC(128) Pause Young (Allocation Failure) 1340M->1340M(1553M) 86.711ms
[8.732s][info][gc,cpu         ] GC(128) User=0.52s Sys=0.00s Real=0.09s
[9.044s][info][gc,start       ] GC(129) Pause Young (Allocation Failure)
[9.120s][info][gc,heap        ] GC(129) PSYoungGen: 89792K(123392K)->84480K(126464K) Eden: 41984K(41984K)->0K(41984K) From: 47808K(81408K)->84480K(84480K)
[9.120s][info][gc,heap        ] GC(129) ParOldGen: 1390812K(1466880K)->1396172K(1466880K)
[9.120s][info][gc,metaspace   ] GC(129) Metaspace: 6302K(6464K)->6302K(6464K) NonClass: 5769K(5824K)->5769K(5824K) Class: 533K(640K)->533K(640K)
[9.120s][info][gc             ] GC(129) Pause Young (Allocation Failure) 1445M->1445M(1556M) 76.370ms
[9.120s][info][gc,cpu         ] GC(129) User=0.45s Sys=0.02s Real=0.08s
[9.162s][info][gc,start       ] GC(130) Pause Young (Allocation Failure)
[9.228s][info][gc,heap        ] GC(130) PSYoungGen: 126464K(126464K)->82176K(135168K) Eden: 41984K(41984K)->0K(39936K) From: 84480K(84480K)->82176K(95232K)
[9.228s][info][gc,heap        ] GC(130) ParOldGen: 1396172K(1466880K)->1441180K(1466880K)
[9.228s][info][gc,metaspace   ] GC(130) Metaspace: 6302K(6464K)->6302K(6464K) NonClass: 5769K(5824K)->5769K(5824K) Class: 533K(640K)->533K(640K)
[9.228s][info][gc             ] GC(130) Pause Young (Allocation Failure) 1486M->1487M(1564M) 66.086ms
[9.228s][info][gc,cpu         ] GC(130) User=0.47s Sys=0.03s Real=0.07s
[9.228s][info][gc,start       ] GC(131) Pause Full (Ergonomics)
[9.228s][info][gc,phases,start] GC(131) Marking Phase
[9.555s][info][gc,phases      ] GC(131) Marking Phase 326.725ms
[9.555s][info][gc,phases,start] GC(131) Summary Phase
[9.555s][info][gc,phases      ] GC(131) Summary Phase 0.029ms
[9.555s][info][gc,phases,start] GC(131) Adjust Roots
[9.555s][info][gc,phases      ] GC(131) Adjust Roots 0.169ms
[9.555s][info][gc,phases,start] GC(131) Compaction Phase
[9.798s][info][gc,phases      ] GC(131) Compaction Phase 242.760ms
[9.798s][info][gc,phases,start] GC(131) Post Compact
[9.802s][info][gc,phases      ] GC(131) Post Compact 3.528ms
[9.802s][info][gc,heap        ] GC(131) PSYoungGen: 82176K(135168K)->22554K(135168K) Eden: 0K(39936K)->0K(39936K) From: 82176K(95232K)->22554K(95232K)
[9.802s][info][gc,heap        ] GC(131) ParOldGen: 1441180K(1466880K)->1466817K(1634816K)
[9.802s][info][gc,metaspace   ] GC(131) Metaspace: 6302K(6464K)->6302K(6464K) NonClass: 5769K(5824K)->5769K(5824K) Class: 533K(640K)->533K(640K)
[9.802s][info][gc             ] GC(131) Pause Full (Ergonomics) 1487M->1454M(1728M) 574.126ms
[9.802s][info][gc,cpu         ] GC(131) User=3.73s Sys=0.03s Real=0.57s
[9.838s][info][gc,start       ] GC(132) Pause Young (Allocation Failure)
[9.926s][info][gc,heap        ] GC(132) PSYoungGen: 62490K(135168K)->62720K(140800K) Eden: 39936K(39936K)->0K(39936K) From: 22554K(95232K)->62720K(100864K)
[9.926s][info][gc,heap        ] GC(132) ParOldGen: 1466817K(1634816K)->1466817K(1634816K)
[9.926s][info][gc,metaspace   ] GC(132) Metaspace: 6302K(6464K)->6302K(6464K) NonClass: 5769K(5824K)->5769K(5824K) Class: 533K(640K)->533K(640K)
[9.926s][info][gc             ] GC(132) Pause Young (Allocation Failure) 1493M->1493M(1734M) 87.815ms
[9.926s][info][gc,cpu         ] GC(132) User=0.52s Sys=0.00s Real=0.09s
[9.968s][info][gc,start       ] GC(133) Pause Young (Allocation Failure)
[10.019s][info][gc,heap        ] GC(133) PSYoungGen: 102656K(140800K)->98304K(130048K) Eden: 39936K(39936K)->0K(31744K) From: 62720K(100864K)->98304K(98304K)
[10.019s][info][gc,heap        ] GC(133) ParOldGen: 1466817K(1634816K)->1471185K(1634816K)
[10.019s][info][gc,metaspace   ] GC(133) Metaspace: 6302K(6464K)->6302K(6464K) NonClass: 5769K(5824K)->5769K(5824K) Class: 533K(640K)->533K(640K)
[10.019s][info][gc             ] GC(133) Pause Young (Allocation Failure) 1532M->1532M(1723M) 50.688ms
[10.019s][info][gc,cpu         ] GC(133) User=0.38s Sys=0.00s Real=0.05s
[10.052s][info][gc,start       ] GC(134) Pause Young (Allocation Failure)
[10.115s][info][gc,heap        ] GC(134) PSYoungGen: 130048K(130048K)->109888K(141824K) Eden: 31744K(31744K)->0K(31744K) From: 98304K(98304K)->109888K(110080K)
[10.115s][info][gc,heap        ] GC(134) ParOldGen: 1471185K(1634816K)->1491753K(1634816K)
[10.115s][info][gc,metaspace   ] GC(134) Metaspace: 6302K(6464K)->6302K(6464K) NonClass: 5769K(5824K)->5769K(5824K) Class: 533K(640K)->533K(640K)
[10.115s][info][gc             ] GC(134) Pause Young (Allocation Failure) 1563M->1564M(1735M) 63.230ms
[10.115s][info][gc,cpu         ] GC(134) User=0.38s Sys=0.00s Real=0.06s
[10.147s][info][gc,start       ] GC(135) Pause Young (Allocation Failure)
[10.217s][info][gc,heap        ] GC(135) PSYoungGen: 141632K(141824K)->122880K(136704K) Eden: 31744K(31744K)->0K(13824K) From: 109888K(110080K)->122880K(122880K)
[10.218s][info][gc,heap        ] GC(135) ParOldGen: 1491753K(1634816K)->1510609K(1634816K)
[10.218s][info][gc,metaspace   ] GC(135) Metaspace: 6302K(6464K)->6302K(6464K) NonClass: 5769K(5824K)->5769K(5824K) Class: 533K(640K)->533K(640K)
[10.218s][info][gc             ] GC(135) Pause Young (Allocation Failure) 1595M->1595M(1730M) 70.972ms
[10.218s][info][gc,cpu         ] GC(135) User=0.50s Sys=0.11s Real=0.07s
[10.231s][info][gc,start       ] GC(136) Pause Young (Allocation Failure)
[10.304s][info][gc,heap        ] GC(136) PSYoungGen: 136704K(136704K)->68352K(82432K) Eden: 13824K(13824K)->0K(13824K) From: 122880K(122880K)->68352K(68608K)
[10.304s][info][gc,heap        ] GC(136) ParOldGen: 1510609K(1634816K)->1579905K(1634816K)
[10.304s][info][gc,metaspace   ] GC(136) Metaspace: 6302K(6464K)->6302K(6464K) NonClass: 5769K(5824K)->5769K(5824K) Class: 533K(640K)->533K(640K)
[10.304s][info][gc             ] GC(136) Pause Young (Allocation Failure) 1608M->1609M(1677M) 73.327ms
[10.304s][info][gc,cpu         ] GC(136) User=0.44s Sys=0.05s Real=0.07s
[10.305s][info][gc,start       ] GC(137) Pause Full (Ergonomics)
[10.305s][info][gc,phases,start] GC(137) Marking Phase
[10.672s][info][gc,phases      ] GC(137) Marking Phase 367.466ms
[10.672s][info][gc,phases,start] GC(137) Summary Phase
[10.672s][info][gc,phases      ] GC(137) Summary Phase 0.034ms
[10.672s][info][gc,phases,start] GC(137) Adjust Roots
[10.672s][info][gc,phases      ] GC(137) Adjust Roots 0.164ms
[10.672s][info][gc,phases,start] GC(137) Compaction Phase
[10.846s][info][gc,phases      ] GC(137) Compaction Phase 173.810ms
[10.846s][info][gc,phases,start] GC(137) Post Compact
[10.849s][info][gc,phases      ] GC(137) Post Compact 3.254ms
[10.850s][info][gc,heap        ] GC(137) PSYoungGen: 68352K(82432K)->11833K(82432K) Eden: 0K(13824K)->0K(13824K) From: 68352K(68608K)->11833K(68608K)
[10.850s][info][gc,heap        ] GC(137) ParOldGen: 1579905K(1634816K)->1634568K(1821696K)
[10.850s][info][gc,metaspace   ] GC(137) Metaspace: 6302K(6464K)->6302K(6464K) NonClass: 5769K(5824K)->5769K(5824K) Class: 533K(640K)->533K(640K)
[10.850s][info][gc             ] GC(137) Pause Full (Ergonomics) 1609M->1607M(1859M) 545.918ms
[10.850s][info][gc,cpu         ] GC(137) User=3.69s Sys=0.00s Real=0.55s
[10.865s][info][gc,start       ] GC(138) Pause Young (Allocation Failure)
[10.946s][info][gc,heap        ] GC(138) PSYoungGen: 25657K(82432K)->20448K(151552K) Eden: 13824K(13824K)->0K(12800K) From: 11833K(68608K)->20448K(138752K)
[10.946s][info][gc,heap        ] GC(138) ParOldGen: 1634568K(1821696K)->1640016K(1821696K)
[10.946s][info][gc,metaspace   ] GC(138) Metaspace: 6302K(6464K)->6302K(6464K) NonClass: 5769K(5824K)->5769K(5824K) Class: 533K(640K)->533K(640K)
[10.946s][info][gc             ] GC(138) Pause Young (Allocation Failure) 1621M->1621M(1927M) 81.475ms
[10.946s][info][gc,cpu         ] GC(138) User=0.53s Sys=0.00s Real=0.08s
[10.959s][info][gc,start       ] GC(139) Pause Young (Allocation Failure)
[10.985s][info][gc,heap        ] GC(139) PSYoungGen: 33248K(151552K)->26752K(154624K) Eden: 12800K(12800K)->0K(12800K) From: 20448K(138752K)->26752K(141824K)
[10.985s][info][gc,heap        ] GC(139) ParOldGen: 1640016K(1821696K)->1646600K(1821696K)
[10.985s][info][gc,metaspace   ] GC(139) Metaspace: 6302K(6464K)->6302K(6464K) NonClass: 5769K(5824K)->5769K(5824K) Class: 533K(640K)->533K(640K)
[10.985s][info][gc             ] GC(139) Pause Young (Allocation Failure) 1634M->1634M(1930M) 26.252ms
[10.985s][info][gc,cpu         ] GC(139) User=0.05s Sys=0.00s Real=0.03s
[10.998s][info][gc,start       ] GC(140) Pause Young (Allocation Failure)
[11.026s][info][gc,heap        ] GC(140) PSYoungGen: 39552K(154624K)->25728K(154112K) Eden: 12800K(12800K)->0K(14336K) From: 26752K(141824K)->25728K(139776K)
[11.026s][info][gc,heap        ] GC(140) ParOldGen: 1646600K(1821696K)->1660616K(1821696K)
[11.026s][info][gc,metaspace   ] GC(140) Metaspace: 6302K(6464K)->6302K(6464K) NonClass: 5769K(5824K)->5769K(5824K) Class: 533K(640K)->533K(640K)
[11.027s][info][gc             ] GC(140) Pause Young (Allocation Failure) 1646M->1646M(1929M) 28.590ms
[11.027s][info][gc,cpu         ] GC(140) User=0.03s Sys=0.00s Real=0.03s
[11.042s][info][gc,start       ] GC(141) Pause Young (Allocation Failure)
[11.071s][info][gc,heap        ] GC(141) PSYoungGen: 40064K(154112K)->27296K(155136K) Eden: 14336K(14336K)->0K(14336K) From: 25728K(139776K)->27296K(140800K)
[11.071s][info][gc,heap        ] GC(141) ParOldGen: 1660616K(1821696K)->1673584K(1821696K)
[11.071s][info][gc,metaspace   ] GC(141) Metaspace: 6302K(6464K)->6302K(6464K) NonClass: 5769K(5824K)->5769K(5824K) Class: 533K(640K)->533K(640K)
[11.071s][info][gc             ] GC(141) Pause Young (Allocation Failure) 1660M->1661M(1930M) 29.262ms
[11.071s][info][gc,cpu         ] GC(141) User=0.03s Sys=0.00s Real=0.03s
[11.086s][info][gc,start       ] GC(142) Pause Young (Allocation Failure)
[11.115s][info][gc,heap        ] GC(142) PSYoungGen: 41632K(155136K)->14464K(154112K) Eden: 14336K(14336K)->0K(16384K) From: 27296K(140800K)->14464K(137728K)
[11.115s][info][gc,heap        ] GC(142) ParOldGen: 1673584K(1821696K)->1701048K(1821696K)
[11.115s][info][gc,metaspace   ] GC(142) Metaspace: 6302K(6464K)->6302K(6464K) NonClass: 5769K(5824K)->5769K(5824K) Class: 533K(640K)->533K(640K)
[11.115s][info][gc             ] GC(142) Pause Young (Allocation Failure) 1675M->1675M(1929M) 29.441ms
[11.115s][info][gc,cpu         ] GC(142) User=0.03s Sys=0.00s Real=0.03s
[11.132s][info][gc,start       ] GC(143) Pause Young (Allocation Failure)
[11.157s][info][gc,heap        ] GC(143) PSYoungGen: 30848K(154112K)->16512K(154624K) Eden: 16384K(16384K)->0K(16384K) From: 14464K(137728K)->16512K(138240K)
[11.157s][info][gc,heap        ] GC(143) ParOldGen: 1701048K(1821696K)->1715592K(1821696K)
[11.157s][info][gc,metaspace   ] GC(143) Metaspace: 6302K(6464K)->6302K(6464K) NonClass: 5769K(5824K)->5769K(5824K) Class: 533K(640K)->533K(640K)
[11.157s][info][gc             ] GC(143) Pause Young (Allocation Failure) 1691M->1691M(1930M) 25.710ms
[11.157s][info][gc,cpu         ] GC(143) User=0.05s Sys=0.00s Real=0.02s
[11.176s][info][gc,start       ] GC(144) Pause Young (Allocation Failure)
[11.204s][info][gc,heap        ] GC(144) PSYoungGen: 32896K(154624K)->16544K(149504K) Eden: 16384K(16384K)->0K(18944K) From: 16512K(138240K)->16544K(130560K)
[11.204s][info][gc,heap        ] GC(144) ParOldGen: 1715592K(1821696K)->1732200K(1821696K)
[11.204s][info][gc,metaspace   ] GC(144) Metaspace: 6302K(6464K)->6302K(6464K) NonClass: 5769K(5824K)->5769K(5824K) Class: 533K(640K)->533K(640K)
[11.204s][info][gc             ] GC(144) Pause Young (Allocation Failure) 1707M->1707M(1925M) 28.278ms
[11.204s][info][gc,cpu         ] GC(144) User=0.03s Sys=0.00s Real=0.03s
[11.225s][info][gc,start       ] GC(145) Pause Young (Allocation Failure)
[11.255s][info][gc,heap        ] GC(145) PSYoungGen: 35488K(149504K)->19072K(38400K) Eden: 18944K(18944K)->0K(18944K) From: 16544K(130560K)->19072K(19456K)
[11.255s][info][gc,heap        ] GC(145) ParOldGen: 1732200K(1821696K)->1748816K(1821696K)
[11.255s][info][gc,metaspace   ] GC(145) Metaspace: 6302K(6464K)->6302K(6464K) NonClass: 5769K(5824K)->5769K(5824K) Class: 533K(640K)->533K(640K)
[11.255s][info][gc             ] GC(145) Pause Young (Allocation Failure) 1726M->1726M(1816M) 30.458ms
[11.255s][info][gc,cpu         ] GC(145) User=0.05s Sys=0.00s Real=0.03s
[11.276s][info][gc,start       ] GC(146) Pause Young (Allocation Failure)
[11.306s][info][gc,heap        ] GC(146) PSYoungGen: 38016K(38400K)->19040K(142336K) Eden: 18944K(18944K)->0K(21504K) From: 19072K(19456K)->19040K(120832K)
[11.306s][info][gc,heap        ] GC(146) ParOldGen: 1748816K(1821696K)->1768024K(1821696K)
[11.306s][info][gc,metaspace   ] GC(146) Metaspace: 6302K(6464K)->6302K(6464K) NonClass: 5769K(5824K)->5769K(5824K) Class: 533K(640K)->533K(640K)
[11.306s][info][gc             ] GC(146) Pause Young (Allocation Failure) 1744M->1745M(1918M) 30.072ms
[11.306s][info][gc,cpu         ] GC(146) User=0.05s Sys=0.00s Real=0.03s
[11.329s][info][gc,start       ] GC(147) Pause Young (Allocation Failure)
[11.359s][info][gc,heap        ] GC(147) PSYoungGen: 40544K(142336K)->21632K(43520K) Eden: 21504K(21504K)->0K(21504K) From: 19040K(120832K)->21632K(22016K)
[11.359s][info][gc,heap        ] GC(147) ParOldGen: 1768024K(1821696K)->1787248K(1821696K)
[11.360s][info][gc,metaspace   ] GC(147) Metaspace: 6302K(6464K)->6302K(6464K) NonClass: 5769K(5824K)->5769K(5824K) Class: 533K(640K)->533K(640K)
[11.360s][info][gc             ] GC(147) Pause Young (Allocation Failure) 1766M->1766M(1821M) 30.378ms
[11.360s][info][gc,cpu         ] GC(147) User=0.05s Sys=0.00s Real=0.03s
[11.360s][info][gc,start       ] GC(148) Pause Full (Ergonomics)
[11.360s][info][gc,phases,start] GC(148) Marking Phase
[11.775s][info][gc,phases      ] GC(148) Marking Phase 415.630ms
[11.775s][info][gc,phases,start] GC(148) Summary Phase
[11.775s][info][gc,phases      ] GC(148) Summary Phase 0.060ms
[11.775s][info][gc,phases,start] GC(148) Adjust Roots
[11.776s][info][gc,phases      ] GC(148) Adjust Roots 0.240ms
[11.776s][info][gc,phases,start] GC(148) Compaction Phase
[11.945s][info][gc,phases      ] GC(148) Compaction Phase 169.161ms
[11.945s][info][gc,phases,start] GC(148) Post Compact
[11.948s][info][gc,phases      ] GC(148) Post Compact 3.250ms
[11.949s][info][gc,heap        ] GC(148) PSYoungGen: 21632K(43520K)->0K(144384K) Eden: 0K(21504K)->0K(24576K) From: 21632K(22016K)->0K(119808K)
[11.949s][info][gc,heap        ] GC(148) ParOldGen: 1787248K(1821696K)->1806353K(1984000K)
[11.949s][info][gc,metaspace   ] GC(148) Metaspace: 6302K(6464K)->6302K(6464K) NonClass: 5769K(5824K)->5769K(5824K) Class: 533K(640K)->533K(640K)
[11.949s][info][gc             ] GC(148) Pause Full (Ergonomics) 1766M->1764M(2078M) 589.281ms
[11.949s][info][gc,cpu         ] GC(148) User=4.23s Sys=0.00s Real=0.59s
[11.977s][info][gc,start       ] GC(149) Pause Young (Allocation Failure)
[12.001s][info][gc,heap        ] GC(149) PSYoungGen: 24576K(144384K)->24704K(49664K) Eden: 24576K(24576K)->0K(24576K) From: 0K(119808K)->24704K(25088K)
[12.001s][info][gc,heap        ] GC(149) ParOldGen: 1806353K(1984000K)->1806353K(1984000K)
[12.001s][info][gc,metaspace   ] GC(149) Metaspace: 6302K(6464K)->6302K(6464K) NonClass: 5769K(5824K)->5769K(5824K) Class: 533K(640K)->533K(640K)
[12.001s][info][gc             ] GC(149) Pause Young (Allocation Failure) 1788M->1788M(1986M) 23.784ms
[12.001s][info][gc,cpu         ] GC(149) User=0.02s Sys=0.00s Real=0.02s
[12.027s][info][gc,start       ] GC(150) Pause Young (Allocation Failure)
[12.058s][info][gc,heap        ] GC(150) PSYoungGen: 49280K(49664K)->49280K(134144K) Eden: 24576K(24576K)->0K(27136K) From: 24704K(25088K)->49280K(107008K)
[12.058s][info][gc,heap        ] GC(150) ParOldGen: 1806353K(1984000K)->1806353K(1984000K)
[12.058s][info][gc,metaspace   ] GC(150) Metaspace: 6302K(6464K)->6302K(6464K) NonClass: 5769K(5824K)->5769K(5824K) Class: 533K(640K)->533K(640K)
[12.059s][info][gc             ] GC(150) Pause Young (Allocation Failure) 1812M->1812M(2068M) 31.444ms
[12.059s][info][gc,cpu         ] GC(150) User=0.14s Sys=0.00s Real=0.03s
[12.090s][info][gc,start       ] GC(151) Pause Young (Allocation Failure)
[12.130s][info][gc,heap        ] GC(151) PSYoungGen: 76416K(134144K)->76480K(137728K) Eden: 27136K(27136K)->0K(27136K) From: 49280K(107008K)->76480K(110592K)
[12.130s][info][gc,heap        ] GC(151) ParOldGen: 1806353K(1984000K)->1806353K(1984000K)
[12.130s][info][gc,metaspace   ] GC(151) Metaspace: 6302K(6464K)->6302K(6464K) NonClass: 5769K(5824K)->5769K(5824K) Class: 533K(640K)->533K(640K)
[12.130s][info][gc             ] GC(151) Pause Young (Allocation Failure) 1838M->1838M(2072M) 40.394ms
[12.130s][info][gc,cpu         ] GC(151) User=0.25s Sys=0.00s Real=0.04s
[12.161s][info][gc,start       ] GC(152) Pause Young (Allocation Failure)
[12.212s][info][gc,heap        ] GC(152) PSYoungGen: 103616K(137728K)->79040K(142336K) Eden: 27136K(27136K)->0K(24576K) From: 76480K(110592K)->79040K(117760K)
[12.212s][info][gc,heap        ] GC(152) ParOldGen: 1806353K(1984000K)->1831249K(1984000K)
[12.212s][info][gc,metaspace   ] GC(152) Metaspace: 6302K(6464K)->6302K(6464K) NonClass: 5769K(5824K)->5769K(5824K) Class: 533K(640K)->533K(640K)
[12.212s][info][gc             ] GC(152) Pause Young (Allocation Failure) 1865M->1865M(2076M) 50.799ms
[12.212s][info][gc,cpu         ] GC(152) User=0.36s Sys=0.02s Real=0.05s
[12.240s][info][gc,start       ] GC(153) Pause Young (Allocation Failure)
[12.290s][info][gc,heap        ] GC(153) PSYoungGen: 103616K(142336K)->79072K(147968K) Eden: 24576K(24576K)->0K(24576K) From: 79040K(117760K)->79072K(123392K)
[12.290s][info][gc,heap        ] GC(153) ParOldGen: 1831249K(1984000K)->1856153K(1984000K)
[12.290s][info][gc,metaspace   ] GC(153) Metaspace: 6302K(6464K)->6302K(6464K) NonClass: 5769K(5824K)->5769K(5824K) Class: 533K(640K)->533K(640K)
[12.290s][info][gc             ] GC(153) Pause Young (Allocation Failure) 1889M->1889M(2082M) 50.426ms
[12.290s][info][gc,cpu         ] GC(153) User=0.39s Sys=0.00s Real=0.05s
[12.318s][info][gc,start       ] GC(154) Pause Young (Allocation Failure)
[12.369s][info][gc,heap        ] GC(154) PSYoungGen: 103648K(147968K)->76480K(153600K) Eden: 24576K(24576K)->0K(25600K) From: 79072K(123392K)->76480K(128000K)
[12.369s][info][gc,heap        ] GC(154) ParOldGen: 1856153K(1984000K)->1883665K(1984000K)
[12.369s][info][gc,metaspace   ] GC(154) Metaspace: 6302K(6464K)->6302K(6464K) NonClass: 5769K(5824K)->5769K(5824K) Class: 533K(640K)->533K(640K)
[12.369s][info][gc             ] GC(154) Pause Young (Allocation Failure) 1913M->1914M(2087M) 51.299ms
[12.369s][info][gc,cpu         ] GC(154) User=0.31s Sys=0.00s Real=0.05s
[12.399s][info][gc,start       ] GC(155) Pause Young (Allocation Failure)
[12.450s][info][gc,heap        ] GC(155) PSYoungGen: 102080K(153600K)->74944K(155648K) Eden: 25600K(25600K)->0K(25600K) From: 76480K(128000K)->74944K(130048K)
[12.450s][info][gc,heap        ] GC(155) ParOldGen: 1883665K(1984000K)->1911161K(1984000K)
[12.450s][info][gc,metaspace   ] GC(155) Metaspace: 6302K(6464K)->6302K(6464K) NonClass: 5769K(5824K)->5769K(5824K) Class: 533K(640K)->533K(640K)
[12.450s][info][gc             ] GC(155) Pause Young (Allocation Failure) 1939M->1939M(2089M) 50.600ms
[12.450s][info][gc,cpu         ] GC(155) User=0.28s Sys=0.02s Real=0.05s
[12.481s][info][gc,start       ] GC(156) Pause Young (Allocation Failure)
[12.533s][info][gc,heap        ] GC(156) PSYoungGen: 100544K(155648K)->51328K(144896K) Eden: 25600K(25600K)->0K(28672K) From: 74944K(130048K)->51328K(116224K)
[12.533s][info][gc,heap        ] GC(156) ParOldGen: 1911161K(1984000K)->1960913K(1984000K)
[12.533s][info][gc,metaspace   ] GC(156) Metaspace: 6302K(6464K)->6302K(6464K) NonClass: 5769K(5824K)->5769K(5824K) Class: 533K(640K)->533K(640K)
[12.533s][info][gc             ] GC(156) Pause Young (Allocation Failure) 1964M->1965M(2079M) 51.973ms
[12.533s][info][gc,cpu         ] GC(156) User=0.38s Sys=0.00s Real=0.05s
[12.533s][info][gc,start       ] GC(157) Pause Full (Ergonomics)
[12.533s][info][gc,phases,start] GC(157) Marking Phase
[12.975s][info][gc,phases      ] GC(157) Marking Phase 441.873ms
[12.975s][info][gc,phases,start] GC(157) Summary Phase
[12.975s][info][gc,phases      ] GC(157) Summary Phase 0.032ms
[12.975s][info][gc,phases,start] GC(157) Adjust Roots
[12.975s][info][gc,phases      ] GC(157) Adjust Roots 0.174ms
[12.975s][info][gc,phases,start] GC(157) Compaction Phase
[13.159s][info][gc,phases      ] GC(157) Compaction Phase 184.112ms
[13.160s][info][gc,phases,start] GC(157) Post Compact
[13.164s][info][gc,phases      ] GC(157) Post Compact 4.143ms
[13.164s][info][gc,heap        ] GC(157) PSYoungGen: 51328K(144896K)->26102K(148992K) Eden: 0K(28672K)->0K(32768K) From: 51328K(116224K)->26102K(116224K)
[13.164s][info][gc,heap        ] GC(157) ParOldGen: 1960913K(1984000K)->1983781K(2186240K)
[13.164s][info][gc,metaspace   ] GC(157) Metaspace: 6302K(6464K)->6302K(6464K) NonClass: 5769K(5824K)->5769K(5824K) Class: 533K(640K)->533K(640K)
[13.165s][info][gc             ] GC(157) Pause Full (Ergonomics) 1965M->1962M(2280M) 631.461ms
[13.165s][info][gc,cpu         ] GC(157) User=4.66s Sys=0.02s Real=0.63s
[13.207s][info][gc,start       ] GC(158) Pause Young (Allocation Failure)
[13.322s][info][gc,heap        ] GC(158) PSYoungGen: 58870K(148992K)->32928K(156160K) Eden: 32768K(32768K)->0K(32768K) From: 26102K(116224K)->32928K(123392K)
[13.322s][info][gc,heap        ] GC(158) ParOldGen: 1983781K(2186240K)->2010229K(2186240K)
[13.322s][info][gc,metaspace   ] GC(158) Metaspace: 6302K(6464K)->6302K(6464K) NonClass: 5769K(5824K)->5769K(5824K) Class: 533K(640K)->533K(640K)
[13.322s][info][gc             ] GC(158) Pause Young (Allocation Failure) 1994M->1995M(2287M) 114.776ms
[13.322s][info][gc,cpu         ] GC(158) User=0.78s Sys=0.00s Real=0.12s
[13.357s][info][gc,start       ] GC(159) Pause Young (Allocation Failure)
[13.397s][info][gc,heap        ] GC(159) PSYoungGen: 65696K(156160K)->32960K(149504K) Eden: 32768K(32768K)->0K(36352K) From: 32928K(123392K)->32960K(113152K)
[13.397s][info][gc,heap        ] GC(159) ParOldGen: 2010229K(2186240K)->2043453K(2186240K)
[13.397s][info][gc,metaspace   ] GC(159) Metaspace: 6302K(6464K)->6302K(6464K) NonClass: 5769K(5824K)->5769K(5824K) Class: 533K(640K)->533K(640K)
[13.397s][info][gc             ] GC(159) Pause Young (Allocation Failure) 2027M->2027M(2281M) 39.584ms
[13.397s][info][gc,cpu         ] GC(159) User=0.22s Sys=0.03s Real=0.04s
[13.437s][info][gc,start       ] GC(160) Pause Young (Allocation Failure)
[13.477s][info][gc,heap        ] GC(160) PSYoungGen: 69312K(149504K)->36544K(153088K) Eden: 36352K(36352K)->0K(36352K) From: 32960K(113152K)->36544K(116736K)
[13.477s][info][gc,heap        ] GC(160) ParOldGen: 2043453K(2186240K)->2076669K(2186240K)
[13.477s][info][gc,metaspace   ] GC(160) Metaspace: 6302K(6464K)->6302K(6464K) NonClass: 5769K(5824K)->5769K(5824K) Class: 533K(640K)->533K(640K)
[13.477s][info][gc             ] GC(160) Pause Young (Allocation Failure) 2063M->2063M(2284M) 40.332ms
[13.477s][info][gc,cpu         ] GC(160) User=0.25s Sys=0.02s Real=0.04s
[13.515s][info][gc,start       ] GC(161) Pause Young (Allocation Failure)
[13.557s][info][gc,heap        ] GC(161) PSYoungGen: 72896K(153088K)->36544K(143872K) Eden: 36352K(36352K)->0K(40448K) From: 36544K(116736K)->36544K(103424K)
[13.557s][info][gc,heap        ] GC(161) ParOldGen: 2076669K(2186240K)->2113509K(2186240K)
[13.557s][info][gc,metaspace   ] GC(161) Metaspace: 6302K(6464K)->6302K(6464K) NonClass: 5769K(5824K)->5769K(5824K) Class: 533K(640K)->533K(640K)
[13.557s][info][gc             ] GC(161) Pause Young (Allocation Failure) 2099M->2099M(2275M) 42.357ms
[13.557s][info][gc,cpu         ] GC(161) User=0.22s Sys=0.03s Real=0.04s
[13.603s][info][gc,start       ] GC(162) Pause Young (Allocation Failure)
[13.647s][info][gc,heap        ] GC(162) PSYoungGen: 76992K(143872K)->40576K(81408K) Eden: 40448K(40448K)->0K(40448K) From: 36544K(103424K)->40576K(40960K)
[13.647s][info][gc,heap        ] GC(162) ParOldGen: 2113509K(2186240K)->2150357K(2186240K)
[13.647s][info][gc,metaspace   ] GC(162) Metaspace: 6302K(6464K)->6302K(6464K) NonClass: 5769K(5824K)->5769K(5824K) Class: 533K(640K)->533K(640K)
[13.647s][info][gc             ] GC(162) Pause Young (Allocation Failure) 2139M->2139M(2214M) 44.331ms
[13.647s][info][gc,cpu         ] GC(162) User=0.25s Sys=0.00s Real=0.04s
[13.647s][info][gc,start       ] GC(163) Pause Full (Ergonomics)
[13.648s][info][gc,phases,start] GC(163) Marking Phase
[14.127s][info][gc,phases      ] GC(163) Marking Phase 479.557ms
[14.127s][info][gc,phases,start] GC(163) Summary Phase
[14.127s][info][gc,phases      ] GC(163) Summary Phase 0.033ms
[14.127s][info][gc,phases,start] GC(163) Adjust Roots
[14.127s][info][gc,phases      ] GC(163) Adjust Roots 0.158ms
[14.127s][info][gc,phases,start] GC(163) Compaction Phase
[14.348s][info][gc,phases      ] GC(163) Compaction Phase 220.299ms
[14.348s][info][gc,phases,start] GC(163) Post Compact
[14.352s][info][gc,phases      ] GC(163) Post Compact 4.071ms
[14.353s][info][gc,heap        ] GC(163) PSYoungGen: 40576K(81408K)->2614K(81408K) Eden: 0K(40448K)->0K(40448K) From: 40576K(40960K)->2614K(40960K)
[14.353s][info][gc,heap        ] GC(163) ParOldGen: 2150357K(2186240K)->2185799K(2408448K)
[14.353s][info][gc,metaspace   ] GC(163) Metaspace: 6302K(6464K)->6302K(6464K) NonClass: 5769K(5824K)->5769K(5824K) Class: 533K(640K)->533K(640K)
[14.353s][info][gc             ] GC(163) Pause Full (Ergonomics) 2139M->2137M(2431M) 705.264ms
[14.353s][info][gc,cpu         ] GC(163) User=4.95s Sys=0.03s Real=0.70s
[14.404s][info][gc,start       ] GC(164) Pause Young (Allocation Failure)
[14.522s][info][gc,heap        ] GC(164) PSYoungGen: 43062K(81408K)->40672K(137728K) Eden: 40448K(40448K)->0K(44032K) From: 2614K(40960K)->40672K(93696K)
[14.522s][info][gc,heap        ] GC(164) ParOldGen: 2185799K(2408448K)->2188487K(2408448K)
[14.522s][info][gc,metaspace   ] GC(164) Metaspace: 6302K(6464K)->6302K(6464K) NonClass: 5769K(5824K)->5769K(5824K) Class: 533K(640K)->533K(640K)
[14.522s][info][gc             ] GC(164) Pause Young (Allocation Failure) 2176M->2176M(2486M) 117.718ms
[14.522s][info][gc,cpu         ] GC(164) User=0.77s Sys=0.00s Real=0.12s
[14.578s][info][gc,start       ] GC(165) Pause Young (Allocation Failure)
[14.627s][info][gc,heap        ] GC(165) PSYoungGen: 84704K(137728K)->84704K(142848K) Eden: 44032K(44032K)->0K(44032K) From: 40672K(93696K)->84704K(98816K)
[14.627s][info][gc,heap        ] GC(165) ParOldGen: 2188487K(2408448K)->2188487K(2408448K)
[14.627s][info][gc,metaspace   ] GC(165) Metaspace: 6302K(6464K)->6302K(6464K) NonClass: 5769K(5824K)->5769K(5824K) Class: 533K(640K)->533K(640K)
[14.627s][info][gc             ] GC(165) Pause Young (Allocation Failure) 2219M->2219M(2491M) 48.691ms
[14.627s][info][gc,cpu         ] GC(165) User=0.27s Sys=0.00s Real=0.05s
[14.681s][info][gc,start       ] GC(166) Pause Young (Allocation Failure)
[14.746s][info][gc,heap        ] GC(166) PSYoungGen: 128736K(142848K)->108032K(133120K) Eden: 44032K(44032K)->0K(25088K) From: 84704K(98816K)->108032K(108032K)
[14.746s][info][gc,heap        ] GC(166) ParOldGen: 2188487K(2408448K)->2209383K(2408448K)
[14.746s][info][gc,metaspace   ] GC(166) Metaspace: 6302K(6464K)->6302K(6464K) NonClass: 5769K(5824K)->5769K(5824K) Class: 533K(640K)->533K(640K)
[14.746s][info][gc             ] GC(166) Pause Young (Allocation Failure) 2262M->2263M(2482M) 65.639ms
[14.746s][info][gc,cpu         ] GC(166) User=0.39s Sys=0.02s Real=0.07s
[14.774s][info][gc,start       ] GC(167) Pause Young (Allocation Failure)
[14.847s][info][gc,heap        ] GC(167) PSYoungGen: 133120K(133120K)->58880K(83968K) Eden: 25088K(25088K)->0K(25088K) From: 108032K(108032K)->58880K(58880K)
[14.847s][info][gc,heap        ] GC(167) ParOldGen: 2209383K(2408448K)->2284535K(2408448K)
[14.847s][info][gc,metaspace   ] GC(167) Metaspace: 6302K(6464K)->6302K(6464K) NonClass: 5769K(5824K)->5769K(5824K) Class: 533K(640K)->533K(640K)
[14.847s][info][gc             ] GC(167) Pause Young (Allocation Failure) 2287M->2288M(2434M) 72.263ms
[14.847s][info][gc,cpu         ] GC(167) User=0.50s Sys=0.00s Real=0.07s
[14.875s][info][gc,start       ] GC(168) Pause Young (Allocation Failure)
[14.922s][info][gc,heap        ] GC(168) PSYoungGen: 83968K(83968K)->50368K(141312K) Eden: 25088K(25088K)->0K(28160K) From: 58880K(58880K)->50368K(113152K)
[14.922s][info][gc,heap        ] GC(168) ParOldGen: 2284535K(2408448K)->2318431K(2408448K)
[14.922s][info][gc,metaspace   ] GC(168) Metaspace: 6302K(6464K)->6302K(6464K) NonClass: 5769K(5824K)->5769K(5824K) Class: 533K(640K)->533K(640K)
[14.922s][info][gc             ] GC(168) Pause Young (Allocation Failure) 2312M->2313M(2490M) 47.033ms
[14.922s][info][gc,cpu         ] GC(168) User=0.22s Sys=0.05s Real=0.05s
[14.955s][info][gc,start       ] GC(169) Pause Young (Allocation Failure)
[15.000s][info][gc,heap        ] GC(169) PSYoungGen: 78528K(141312K)->53408K(81920K) Eden: 28160K(28160K)->0K(28160K) From: 50368K(113152K)->53408K(53760K)
[15.000s][info][gc,heap        ] GC(169) ParOldGen: 2318431K(2408448K)->2343751K(2408448K)
[15.000s][info][gc,metaspace   ] GC(169) Metaspace: 6302K(6464K)->6302K(6464K) NonClass: 5769K(5824K)->5769K(5824K) Class: 533K(640K)->533K(640K)
[15.000s][info][gc             ] GC(169) Pause Young (Allocation Failure) 2340M->2340M(2432M) 45.325ms
[15.000s][info][gc,cpu         ] GC(169) User=0.23s Sys=0.03s Real=0.04s
[15.033s][info][gc,start       ] GC(170) Pause Young (Allocation Failure)
[15.081s][info][gc,heap        ] GC(170) PSYoungGen: 81568K(81920K)->56512K(134144K) Eden: 28160K(28160K)->0K(31744K) From: 53408K(53760K)->56512K(102400K)
[15.081s][info][gc,heap        ] GC(170) ParOldGen: 2343751K(2408448K)->2369071K(2408448K)
[15.081s][info][gc,metaspace   ] GC(170) Metaspace: 6302K(6464K)->6302K(6464K) NonClass: 5769K(5824K)->5769K(5824K) Class: 533K(640K)->533K(640K)
[15.081s][info][gc             ] GC(170) Pause Young (Allocation Failure) 2368M->2368M(2483M) 47.221ms
[15.081s][info][gc,cpu         ] GC(170) User=0.27s Sys=0.00s Real=0.05s
[15.081s][info][gc,start       ] GC(171) Pause Full (Ergonomics)
[15.081s][info][gc,phases,start] GC(171) Marking Phase
[15.633s][info][gc,phases      ] GC(171) Marking Phase 552.426ms
[15.633s][info][gc,phases,start] GC(171) Summary Phase
[15.633s][info][gc,phases      ] GC(171) Summary Phase 0.037ms
[15.633s][info][gc,phases,start] GC(171) Adjust Roots
[15.633s][info][gc,phases      ] GC(171) Adjust Roots 0.160ms
[15.634s][info][gc,phases,start] GC(171) Compaction Phase
[15.858s][info][gc,phases      ] GC(171) Compaction Phase 224.826ms
[15.858s][info][gc,phases,start] GC(171) Post Compact
[15.863s][info][gc,phases      ] GC(171) Post Compact 4.528ms
[15.864s][info][gc,heap        ] GC(171) PSYoungGen: 56512K(134144K)->14860K(138240K) Eden: 0K(31744K)->0K(35840K) From: 56512K(102400K)->14860K(102400K)
[15.864s][info][gc,heap        ] GC(171) ParOldGen: 2369071K(2408448K)->2408339K(2652672K)
[15.864s][info][gc,metaspace   ] GC(171) Metaspace: 6302K(6464K)->6302K(6464K) NonClass: 5769K(5824K)->5769K(5824K) Class: 533K(640K)->533K(640K)
[15.864s][info][gc             ] GC(171) Pause Full (Ergonomics) 2368M->2366M(2725M) 783.142ms
[15.864s][info][gc,cpu         ] GC(171) User=5.75s Sys=0.00s Real=0.78s
[15.910s][info][gc,start       ] GC(172) Pause Young (Allocation Failure)
[16.041s][info][gc,heap        ] GC(172) PSYoungGen: 50700K(138240K)->41856K(143872K) Eden: 35840K(35840K)->0K(35840K) From: 14860K(102400K)->41856K(108032K)
[16.041s][info][gc,heap        ] GC(172) ParOldGen: 2408339K(2652672K)->2417459K(2652672K)
[16.041s][info][gc,metaspace   ] GC(172) Metaspace: 6302K(6464K)->6302K(6464K) NonClass: 5769K(5824K)->5769K(5824K) Class: 533K(640K)->533K(640K)
[16.041s][info][gc             ] GC(172) Pause Young (Allocation Failure) 2401M->2401M(2731M) 131.168ms
[16.041s][info][gc,cpu         ] GC(172) User=0.77s Sys=0.00s Real=0.13s
[16.086s][info][gc,start       ] GC(173) Pause Young (Allocation Failure)
[16.131s][info][gc,heap        ] GC(173) PSYoungGen: 77696K(143872K)->77760K(141824K) Eden: 35840K(35840K)->0K(36352K) From: 41856K(108032K)->77760K(105472K)
[16.131s][info][gc,heap        ] GC(173) ParOldGen: 2417459K(2652672K)->2417459K(2652672K)
[16.131s][info][gc,metaspace   ] GC(173) Metaspace: 6302K(6464K)->6302K(6464K) NonClass: 5769K(5824K)->5769K(5824K) Class: 533K(640K)->533K(640K)
[16.131s][info][gc             ] GC(173) Pause Young (Allocation Failure) 2436M->2436M(2729M) 45.073ms
[16.131s][info][gc,cpu         ] GC(173) User=0.25s Sys=0.00s Real=0.04s
[16.173s][info][gc,start       ] GC(174) Pause Young (Allocation Failure)
[16.233s][info][gc,heap        ] GC(174) PSYoungGen: 114112K(141824K)->108544K(144896K) Eden: 36352K(36352K)->0K(36352K) From: 77760K(105472K)->108544K(108544K)
[16.233s][info][gc,heap        ] GC(174) ParOldGen: 2417459K(2652672K)->2423003K(2652672K)
[16.233s][info][gc,metaspace   ] GC(174) Metaspace: 6302K(6464K)->6302K(6464K) NonClass: 5769K(5824K)->5769K(5824K) Class: 533K(640K)->533K(640K)
[16.233s][info][gc             ] GC(174) Pause Young (Allocation Failure) 2472M->2472M(2732M) 59.234ms
[16.233s][info][gc,cpu         ] GC(174) User=0.39s Sys=0.00s Real=0.06s
[16.276s][info][gc,start       ] GC(175) Pause Young (Allocation Failure)
[16.356s][info][gc,heap        ] GC(175) PSYoungGen: 144896K(144896K)->105984K(155136K) Eden: 36352K(36352K)->0K(30720K) From: 108544K(108544K)->105984K(124416K)
[16.356s][info][gc,heap        ] GC(175) ParOldGen: 2423003K(2652672K)->2462403K(2652672K)
[16.356s][info][gc,metaspace   ] GC(175) Metaspace: 6302K(6464K)->6302K(6464K) NonClass: 5769K(5824K)->5769K(5824K) Class: 533K(640K)->533K(640K)
[16.356s][info][gc             ] GC(175) Pause Young (Allocation Failure) 2507M->2508M(2742M) 79.424ms
[16.356s][info][gc,cpu         ] GC(175) User=0.48s Sys=0.03s Real=0.08s
[16.393s][info][gc,start       ] GC(176) Pause Young (Allocation Failure)
[16.466s][info][gc,heap        ] GC(176) PSYoungGen: 136704K(155136K)->102112K(164864K) Eden: 30720K(30720K)->0K(30720K) From: 105984K(124416K)->102112K(134144K)
[16.466s][info][gc,heap        ] GC(176) ParOldGen: 2462403K(2652672K)->2497323K(2652672K)
[16.466s][info][gc,metaspace   ] GC(176) Metaspace: 6302K(6464K)->6302K(6464K) NonClass: 5769K(5824K)->5769K(5824K) Class: 533K(640K)->533K(640K)
[16.466s][info][gc             ] GC(176) Pause Young (Allocation Failure) 2538M->2538M(2751M) 72.873ms
[16.466s][info][gc,cpu         ] GC(176) User=0.47s Sys=0.05s Real=0.07s
[16.503s][info][gc,start       ] GC(177) Pause Young (Allocation Failure)
[16.573s][info][gc,heap        ] GC(177) PSYoungGen: 132832K(164864K)->98048K(171520K) Eden: 30720K(30720K)->0K(31232K) From: 102112K(134144K)->98048K(140288K)
[16.573s][info][gc,heap        ] GC(177) ParOldGen: 2497323K(2652672K)->2532427K(2652672K)
[16.573s][info][gc,metaspace   ] GC(177) Metaspace: 6302K(6464K)->6302K(6464K) NonClass: 5769K(5824K)->5769K(5824K) Class: 533K(640K)->533K(640K)
[16.573s][info][gc             ] GC(177) Pause Young (Allocation Failure) 2568M->2568M(2758M) 69.598ms
[16.573s][info][gc,cpu         ] GC(177) User=0.33s Sys=0.05s Real=0.07s
[16.611s][info][gc,start       ] GC(178) Pause Young (Allocation Failure)
[16.679s][info][gc,heap        ] GC(178) PSYoungGen: 129280K(171520K)->92896K(174592K) Eden: 31232K(31232K)->0K(31232K) From: 98048K(140288K)->92896K(143360K)
[16.679s][info][gc,heap        ] GC(178) ParOldGen: 2532427K(2652672K)->2569099K(2652672K)
[16.679s][info][gc,metaspace   ] GC(178) Metaspace: 6302K(6464K)->6302K(6464K) NonClass: 5769K(5824K)->5769K(5824K) Class: 533K(640K)->533K(640K)
[16.679s][info][gc             ] GC(178) Pause Young (Allocation Failure) 2599M->2599M(2761M) 67.740ms
[16.679s][info][gc,cpu         ] GC(178) User=0.39s Sys=0.02s Real=0.07s
[16.718s][info][gc,start       ] GC(179) Pause Young (Allocation Failure)
[16.786s][info][gc,heap        ] GC(179) PSYoungGen: 124128K(174592K)->62624K(169984K) Eden: 31232K(31232K)->0K(35328K) From: 92896K(143360K)->62624K(134656K)
[16.786s][info][gc,heap        ] GC(179) ParOldGen: 2569099K(2652672K)->2631059K(2652672K)
[16.786s][info][gc,metaspace   ] GC(179) Metaspace: 6302K(6464K)->6302K(6464K) NonClass: 5769K(5824K)->5769K(5824K) Class: 533K(640K)->533K(640K)
[16.786s][info][gc             ] GC(179) Pause Young (Allocation Failure) 2630M->2630M(2756M) 68.238ms
[16.786s][info][gc,cpu         ] GC(179) User=0.34s Sys=0.06s Real=0.07s
[16.786s][info][gc,start       ] GC(180) Pause Full (Ergonomics)
[16.786s][info][gc,phases,start] GC(180) Marking Phase
[17.410s][info][gc,phases      ] GC(180) Marking Phase 624.133ms
[17.410s][info][gc,phases,start] GC(180) Summary Phase
[17.410s][info][gc,phases      ] GC(180) Summary Phase 0.037ms
[17.410s][info][gc,phases,start] GC(180) Adjust Roots
[17.411s][info][gc,phases      ] GC(180) Adjust Roots 0.171ms
[17.411s][info][gc,phases,start] GC(180) Compaction Phase
[17.636s][info][gc,phases      ] GC(180) Compaction Phase 225.854ms
[17.637s][info][gc,phases,start] GC(180) Post Compact
[17.641s][info][gc,phases      ] GC(180) Post Compact 4.668ms
[17.642s][info][gc,heap        ] GC(180) PSYoungGen: 62624K(169984K)->38884K(174592K) Eden: 0K(35328K)->0K(39936K) From: 62624K(134656K)->38884K(134656K)
[17.642s][info][gc,heap        ] GC(180) ParOldGen: 2631059K(2652672K)->2652341K(2927616K)
[17.642s][info][gc,metaspace   ] GC(180) Metaspace: 6302K(6464K)->6302K(6464K) NonClass: 5769K(5824K)->5769K(5824K) Class: 533K(640K)->533K(640K)
[17.642s][info][gc             ] GC(180) Pause Full (Ergonomics) 2630M->2628M(3029M) 856.123ms
[17.642s][info][gc,cpu         ] GC(180) User=6.62s Sys=0.00s Real=0.86s
[17.688s][info][gc,start       ] GC(181) Pause Young (Allocation Failure)
[17.843s][info][gc,heap        ] GC(181) PSYoungGen: 78820K(174592K)->40096K(179200K) Eden: 39936K(39936K)->0K(39936K) From: 38884K(134656K)->40096K(139264K)
[17.843s][info][gc,heap        ] GC(181) ParOldGen: 2652341K(2927616K)->2691621K(2927616K)
[17.843s][info][gc,metaspace   ] GC(181) Metaspace: 6302K(6464K)->6302K(6464K) NonClass: 5769K(5824K)->5769K(5824K) Class: 533K(640K)->533K(640K)
[17.843s][info][gc             ] GC(181) Pause Young (Allocation Failure) 2667M->2667M(3034M) 154.654ms
[17.843s][info][gc,cpu         ] GC(181) User=0.89s Sys=0.03s Real=0.15s
[17.891s][info][gc,start       ] GC(182) Pause Young (Allocation Failure)
[17.940s][info][gc,heap        ] GC(182) PSYoungGen: 80032K(179200K)->40128K(179200K) Eden: 39936K(39936K)->0K(44032K) From: 40096K(139264K)->40128K(135168K)
[17.940s][info][gc,heap        ] GC(182) ParOldGen: 2691621K(2927616K)->2731917K(2927616K)
[17.940s][info][gc,metaspace   ] GC(182) Metaspace: 6302K(6464K)->6302K(6464K) NonClass: 5769K(5824K)->5769K(5824K) Class: 533K(640K)->533K(640K)
[17.940s][info][gc             ] GC(182) Pause Young (Allocation Failure) 2706M->2707M(3034M) 48.974ms
[17.940s][info][gc,cpu         ] GC(182) User=0.23s Sys=0.02s Real=0.05s
[17.992s][info][gc,start       ] GC(183) Pause Young (Allocation Failure)
[18.042s][info][gc,heap        ] GC(183) PSYoungGen: 84160K(179200K)->44192K(180736K) Eden: 44032K(44032K)->0K(44032K) From: 40128K(135168K)->44192K(136704K)
[18.042s][info][gc,heap        ] GC(183) ParOldGen: 2731917K(2927616K)->2772221K(2927616K)
[18.042s][info][gc,metaspace   ] GC(183) Metaspace: 6302K(6464K)->6302K(6464K) NonClass: 5769K(5824K)->5769K(5824K) Class: 533K(640K)->533K(640K)
[18.042s][info][gc             ] GC(183) Pause Young (Allocation Failure) 2750M->2750M(3035M) 49.790ms
[18.042s][info][gc,cpu         ] GC(183) User=0.25s Sys=0.02s Real=0.05s
[18.638s][info][gc,start       ] GC(184) Pause Full (Ergonomics)
[18.638s][info][gc,phases,start] GC(184) Marking Phase
[19.293s][info][gc,phases      ] GC(184) Marking Phase 655.604ms
[19.293s][info][gc,phases,start] GC(184) Summary Phase
[19.294s][info][gc,phases      ] GC(184) Summary Phase 0.057ms
[19.294s][info][gc,phases,start] GC(184) Adjust Roots
[19.294s][info][gc,phases      ] GC(184) Adjust Roots 0.162ms
[19.294s][info][gc,phases,start] GC(184) Compaction Phase
[19.751s][info][gc,phases      ] GC(184) Compaction Phase 456.979ms
[19.751s][info][gc,phases,start] GC(184) Post Compact
[19.757s][info][gc,phases      ] GC(184) Post Compact 5.966ms
[19.758s][info][gc,heap        ] GC(184) PSYoungGen: 88224K(180736K)->0K(182784K) Eden: 44032K(44032K)->0K(48640K) From: 44192K(136704K)->0K(134144K)
[19.758s][info][gc,heap        ] GC(184) ParOldGen: 2903293K(2927616K)->2924577K(3219456K)
[19.758s][info][gc,metaspace   ] GC(184) Metaspace: 6302K(6464K)->6302K(6464K) NonClass: 5769K(5824K)->5769K(5824K) Class: 533K(640K)->533K(640K)
[19.758s][info][gc             ] GC(184) Pause Full (Ergonomics) 2921M->2856M(3322M) 1120.089ms
[19.758s][info][gc,cpu         ] GC(184) User=7.69s Sys=0.06s Real=1.12s
[19.814s][info][gc,start       ] GC(185) Pause Young (Allocation Failure)
[19.859s][info][gc,heap        ] GC(185) PSYoungGen: 48640K(182784K)->48864K(182784K) Eden: 48640K(48640K)->0K(48640K) From: 0K(134144K)->48864K(134144K)
[19.859s][info][gc,heap        ] GC(185) ParOldGen: 2924577K(3219456K)->2924577K(3219456K)
[19.859s][info][gc,metaspace   ] GC(185) Metaspace: 6302K(6464K)->6302K(6464K) NonClass: 5769K(5824K)->5769K(5824K) Class: 533K(640K)->533K(640K)
[19.859s][info][gc             ] GC(185) Pause Young (Allocation Failure) 2903M->2903M(3322M) 44.959ms
[19.859s][info][gc,cpu         ] GC(185) User=0.08s Sys=0.00s Real=0.05s
[19.909s][info][gc,start       ] GC(186) Pause Young (Allocation Failure)
[19.971s][info][gc,heap        ] GC(186) PSYoungGen: 97504K(182784K)->97568K(176640K) Eden: 48640K(48640K)->0K(46592K) From: 48864K(134144K)->97568K(130048K)
[19.971s][info][gc,heap        ] GC(186) ParOldGen: 2924577K(3219456K)->2924577K(3219456K)
[19.971s][info][gc,metaspace   ] GC(186) Metaspace: 6302K(6464K)->6302K(6464K) NonClass: 5769K(5824K)->5769K(5824K) Class: 533K(640K)->533K(640K)
[19.971s][info][gc             ] GC(186) Pause Young (Allocation Failure) 2951M->2951M(3316M) 62.649ms
[19.971s][info][gc,cpu         ] GC(186) User=0.19s Sys=0.00s Real=0.06s
[20.016s][info][gc,start       ] GC(187) Pause Young (Allocation Failure)
[20.091s][info][gc,heap        ] GC(187) PSYoungGen: 144160K(176640K)->136192K(182784K) Eden: 46592K(46592K)->0K(46592K) From: 97568K(130048K)->136192K(136192K)
[20.091s][info][gc,heap        ] GC(187) ParOldGen: 2924577K(3219456K)->2932577K(3219456K)
[20.091s][info][gc,metaspace   ] GC(187) Metaspace: 6302K(6464K)->6302K(6464K) NonClass: 5769K(5824K)->5769K(5824K) Class: 533K(640K)->533K(640K)
[20.091s][info][gc             ] GC(187) Pause Young (Allocation Failure) 2996M->2996M(3322M) 74.633ms
[20.091s][info][gc,cpu         ] GC(187) User=0.28s Sys=0.00s Real=0.08s
[20.134s][info][gc,start       ] GC(188) Pause Young (Allocation Failure)
[20.225s][info][gc,heap        ] GC(188) PSYoungGen: 182784K(182784K)->89920K(204288K) Eden: 46592K(46592K)->0K(51712K) From: 136192K(136192K)->89920K(152576K)
[20.225s][info][gc,heap        ] GC(188) ParOldGen: 2932577K(3219456K)->3026321K(3219456K)
[20.225s][info][gc,metaspace   ] GC(188) Metaspace: 6302K(6464K)->6302K(6464K) NonClass: 5769K(5824K)->5769K(5824K) Class: 533K(640K)->533K(640K)
[20.225s][info][gc             ] GC(188) Pause Young (Allocation Failure) 3042M->3043M(3343M) 90.925ms
[20.225s][info][gc,cpu         ] GC(188) User=0.52s Sys=0.11s Real=0.09s
[20.280s][info][gc,start       ] GC(189) Pause Young (Allocation Failure)
[20.351s][info][gc,heap        ] GC(189) PSYoungGen: 141632K(204288K)->98592K(206848K) Eden: 51712K(51712K)->0K(51712K) From: 89920K(152576K)->98592K(155136K)
[20.351s][info][gc,heap        ] GC(189) ParOldGen: 3026321K(3219456K)->3069817K(3219456K)
[20.351s][info][gc,metaspace   ] GC(189) Metaspace: 6302K(6464K)->6302K(6464K) NonClass: 5769K(5824K)->5769K(5824K) Class: 533K(640K)->533K(640K)
[20.351s][info][gc             ] GC(189) Pause Young (Allocation Failure) 3093M->3094M(3346M) 70.960ms
[20.351s][info][gc,cpu         ] GC(189) User=0.39s Sys=0.05s Real=0.07s
[20.412s][info][gc,start       ] GC(190) Pause Young (Allocation Failure)
[20.488s][info][gc,heap        ] GC(190) PSYoungGen: 150304K(206848K)->103680K(210944K) Eden: 51712K(51712K)->0K(55808K) From: 98592K(155136K)->103680K(155136K)
[20.488s][info][gc,heap        ] GC(190) ParOldGen: 3069817K(3219456K)->3116849K(3219456K)
[20.488s][info][gc,metaspace   ] GC(190) Metaspace: 6302K(6464K)->6302K(6464K) NonClass: 5769K(5824K)->5769K(5824K) Class: 533K(640K)->533K(640K)
[20.488s][info][gc             ] GC(190) Pause Young (Allocation Failure) 3144M->3145M(3350M) 76.108ms
[20.488s][info][gc,cpu         ] GC(190) User=0.59s Sys=0.00s Real=0.08s
[20.547s][info][gc,start       ] GC(191) Pause Young (Allocation Failure)
[20.625s][info][gc,heap        ] GC(191) PSYoungGen: 159488K(210944K)->107808K(212992K) Eden: 55808K(55808K)->0K(55808K) From: 103680K(155136K)->107808K(157184K)
[20.626s][info][gc,heap        ] GC(191) ParOldGen: 3116849K(3219456K)->3169033K(3219456K)
[20.626s][info][gc,metaspace   ] GC(191) Metaspace: 6302K(6464K)->6302K(6464K) NonClass: 5769K(5824K)->5769K(5824K) Class: 533K(640K)->533K(640K)
[20.626s][info][gc             ] GC(191) Pause Young (Allocation Failure) 3199M->3200M(3352M) 78.819ms
[20.626s][info][gc,cpu         ] GC(191) User=0.52s Sys=0.00s Real=0.08s
[20.626s][info][gc,start       ] GC(192) Pause Full (Ergonomics)
[20.626s][info][gc,phases,start] GC(192) Marking Phase
[21.369s][info][gc,phases      ] GC(192) Marking Phase 743.042ms
[21.369s][info][gc,phases,start] GC(192) Summary Phase
[21.369s][info][gc,phases      ] GC(192) Summary Phase 0.052ms
[21.369s][info][gc,phases,start] GC(192) Adjust Roots
[21.369s][info][gc,phases      ] GC(192) Adjust Roots 0.164ms
[21.369s][info][gc,phases,start] GC(192) Compaction Phase
[22.048s][info][gc,phases      ] GC(192) Compaction Phase 678.987ms
[22.048s][info][gc,phases,start] GC(192) Post Compact
[22.054s][info][gc,phases      ] GC(192) Post Compact 6.317ms
[22.056s][info][gc,heap        ] GC(192) PSYoungGen: 107808K(212992K)->54818K(212992K) Eden: 0K(55808K)->0K(55808K) From: 107808K(157184K)->54818K(157184K)
[22.056s][info][gc,heap        ] GC(192) ParOldGen: 3169033K(3219456K)->3219236K(3554816K)
[22.056s][info][gc,metaspace   ] GC(192) Metaspace: 6302K(6464K)->6302K(6464K) NonClass: 5769K(5824K)->5769K(5824K) Class: 533K(640K)->533K(640K)
[22.056s][info][gc             ] GC(192) Pause Full (Ergonomics) 3200M->3197M(3679M) 1430.511ms
[22.056s][info][gc,cpu         ] GC(192) User=10.23s Sys=0.03s Real=1.43s
[22.113s][info][gc,start       ] GC(193) Pause Young (Allocation Failure)
[22.293s][info][gc,heap        ] GC(193) PSYoungGen: 110626K(212992K)->86848K(206336K) Eden: 55808K(55808K)->0K(60928K) From: 54818K(157184K)->86848K(145408K)
[22.293s][info][gc,heap        ] GC(193) ParOldGen: 3219236K(3554816K)->3243540K(3554816K)
[22.293s][info][gc,metaspace   ] GC(193) Metaspace: 6302K(6464K)->6302K(6464K) NonClass: 5769K(5824K)->5769K(5824K) Class: 533K(640K)->533K(640K)
[22.293s][info][gc             ] GC(193) Pause Young (Allocation Failure) 3251M->3252M(3673M) 179.561ms
[22.293s][info][gc,cpu         ] GC(193) User=1.34s Sys=0.02s Real=0.18s
[22.359s][info][gc,start       ] GC(194) Pause Young (Allocation Failure)
[22.435s][info][gc,heap        ] GC(194) PSYoungGen: 147776K(206336K)->147936K(214016K) Eden: 60928K(60928K)->0K(60928K) From: 86848K(145408K)->147936K(153088K)
[22.435s][info][gc,heap        ] GC(194) ParOldGen: 3243540K(3554816K)->3243540K(3554816K)
[22.435s][info][gc,metaspace   ] GC(194) Metaspace: 6302K(6464K)->6302K(6464K) NonClass: 5769K(5824K)->5769K(5824K) Class: 533K(640K)->533K(640K)
[22.435s][info][gc             ] GC(194) Pause Young (Allocation Failure) 3311M->3311M(3680M) 76.805ms
[22.435s][info][gc,cpu         ] GC(194) User=0.38s Sys=0.00s Real=0.08s
[22.505s][info][gc,start       ] GC(195) Pause Young (Allocation Failure)
[22.608s][info][gc,heap        ] GC(195) PSYoungGen: 208864K(214016K)->169472K(200192K) Eden: 60928K(60928K)->0K(30720K) From: 147936K(153088K)->169472K(169472K)
[22.608s][info][gc,heap        ] GC(195) ParOldGen: 3243540K(3554816K)->3283188K(3554816K)
[22.608s][info][gc,metaspace   ] GC(195) Metaspace: 6302K(6464K)->6302K(6464K) NonClass: 5769K(5824K)->5769K(5824K) Class: 533K(640K)->533K(640K)
[22.608s][info][gc             ] GC(195) Pause Young (Allocation Failure) 3371M->3371M(3667M) 103.151ms
[22.608s][info][gc,cpu         ] GC(195) User=0.72s Sys=0.05s Real=0.10s
[22.637s][info][gc,start       ] GC(196) Pause Young (Allocation Failure)
[22.733s][info][gc,heap        ] GC(196) PSYoungGen: 200192K(200192K)->132288K(236544K) Eden: 30720K(30720K)->0K(30720K) From: 169472K(169472K)->132288K(205824K)
[22.733s][info][gc,heap        ] GC(196) ParOldGen: 3283188K(3554816K)->3351764K(3554816K)
[22.733s][info][gc,metaspace   ] GC(196) Metaspace: 6302K(6464K)->6302K(6464K) NonClass: 5769K(5824K)->5769K(5824K) Class: 533K(640K)->533K(640K)
[22.733s][info][gc             ] GC(196) Pause Young (Allocation Failure) 3401M->3402M(3702M) 96.095ms
[22.733s][info][gc,cpu         ] GC(196) User=0.61s Sys=0.03s Real=0.10s
[22.760s][info][gc,start       ] GC(197) Pause Young (Allocation Failure)
[22.843s][info][gc,heap        ] GC(197) PSYoungGen: 163008K(236544K)->122432K(234496K) Eden: 30720K(30720K)->0K(34816K) From: 132288K(205824K)->122432K(199680K)
[22.843s][info][gc,heap        ] GC(197) ParOldGen: 3351764K(3554816K)->3392692K(3554816K)
[22.843s][info][gc,metaspace   ] GC(197) Metaspace: 6302K(6464K)->6302K(6464K) NonClass: 5769K(5824K)->5769K(5824K) Class: 533K(640K)->533K(640K)
[22.843s][info][gc             ] GC(197) Pause Young (Allocation Failure) 3432M->3432M(3700M) 82.869ms
[22.843s][info][gc,cpu         ] GC(197) User=0.44s Sys=0.02s Real=0.08s
[22.877s][info][gc,start       ] GC(198) Pause Young (Allocation Failure)
[22.957s][info][gc,heap        ] GC(198) PSYoungGen: 157248K(234496K)->65760K(237568K) Eden: 34816K(34816K)->0K(34816K) From: 122432K(199680K)->65760K(202752K)
[22.957s][info][gc,heap        ] GC(198) ParOldGen: 3392692K(3554816K)->3484908K(3554816K)
[22.957s][info][gc,metaspace   ] GC(198) Metaspace: 6302K(6464K)->6302K(6464K) NonClass: 5769K(5824K)->5769K(5824K) Class: 533K(640K)->533K(640K)
[22.957s][info][gc             ] GC(198) Pause Young (Allocation Failure) 3466M->3467M(3703M) 79.655ms
[22.957s][info][gc,cpu         ] GC(198) User=0.48s Sys=0.03s Real=0.08s
[22.957s][info][gc,start       ] GC(199) Pause Full (Ergonomics)
[22.957s][info][gc,phases,start] GC(199) Marking Phase
[23.753s][info][gc,phases      ] GC(199) Marking Phase 795.890ms
[23.753s][info][gc,phases,start] GC(199) Summary Phase
[23.753s][info][gc,phases      ] GC(199) Summary Phase 0.071ms
[23.753s][info][gc,phases,start] GC(199) Adjust Roots
[23.753s][info][gc,phases      ] GC(199) Adjust Roots 0.166ms
[23.753s][info][gc,phases,start] GC(199) Compaction Phase
[24.127s][info][gc,phases      ] GC(199) Compaction Phase 373.989ms
[24.127s][info][gc,phases,start] GC(199) Post Compact
[24.134s][info][gc,phases      ] GC(199) Post Compact 6.696ms
[24.135s][info][gc,heap        ] GC(199) PSYoungGen: 65760K(237568K)->0K(239616K) Eden: 0K(34816K)->0K(39424K) From: 65760K(202752K)->0K(200192K)
[24.135s][info][gc,heap        ] GC(199) ParOldGen: 3484908K(3554816K)->3547794K(3925504K)
[24.135s][info][gc,metaspace   ] GC(199) Metaspace: 6302K(6464K)->6302K(6464K) NonClass: 5769K(5824K)->5769K(5824K) Class: 533K(640K)->533K(640K)
[24.135s][info][gc             ] GC(199) Pause Full (Ergonomics) 3467M->3464M(4067M) 1178.357ms
[24.135s][info][gc,cpu         ] GC(199) User=8.30s Sys=0.02s Real=1.18s
[24.175s][info][gc,start       ] GC(200) Pause Young (Allocation Failure)
[24.215s][info][gc,heap        ] GC(200) PSYoungGen: 39424K(239616K)->39616K(239616K) Eden: 39424K(39424K)->0K(39424K) From: 0K(200192K)->39616K(200192K)
[24.215s][info][gc,heap        ] GC(200) ParOldGen: 3547794K(3925504K)->3547794K(3925504K)
[24.215s][info][gc,metaspace   ] GC(200) Metaspace: 6302K(6464K)->6302K(6464K) NonClass: 5769K(5824K)->5769K(5824K) Class: 533K(640K)->533K(640K)
[24.215s][info][gc             ] GC(200) Pause Young (Allocation Failure) 3503M->3503M(4067M) 39.964ms
[24.215s][info][gc,cpu         ] GC(200) User=0.08s Sys=0.00s Real=0.04s
[24.258s][info][gc,start       ] GC(201) Pause Young (Allocation Failure)
[24.316s][info][gc,heap        ] GC(201) PSYoungGen: 79040K(239616K)->79040K(230400K) Eden: 39424K(39424K)->0K(44032K) From: 39616K(200192K)->79040K(186368K)
[24.316s][info][gc,heap        ] GC(201) ParOldGen: 3547794K(3925504K)->3547794K(3925504K)
[24.316s][info][gc,metaspace   ] GC(201) Metaspace: 6302K(6464K)->6302K(6464K) NonClass: 5769K(5824K)->5769K(5824K) Class: 533K(640K)->533K(640K)
[24.316s][info][gc             ] GC(201) Pause Young (Allocation Failure) 3541M->3541M(4058M) 57.717ms
[24.316s][info][gc,cpu         ] GC(201) User=0.17s Sys=0.00s Real=0.06s
[24.363s][info][gc,start       ] GC(202) Pause Young (Allocation Failure)
[24.434s][info][gc,heap        ] GC(202) PSYoungGen: 123072K(230400K)->83712K(128000K) Eden: 44032K(44032K)->0K(44032K) From: 79040K(186368K)->83712K(83968K)
[24.434s][info][gc,heap        ] GC(202) ParOldGen: 3547794K(3925504K)->3587578K(3925504K)
[24.434s][info][gc,metaspace   ] GC(202) Metaspace: 6302K(6464K)->6302K(6464K) NonClass: 5769K(5824K)->5769K(5824K) Class: 533K(640K)->533K(640K)
[24.434s][info][gc             ] GC(202) Pause Young (Allocation Failure) 3584M->3585M(3958M) 70.701ms
[24.434s][info][gc,cpu         ] GC(202) User=0.22s Sys=0.08s Real=0.07s
[24.480s][info][gc,start       ] GC(203) Pause Young (Allocation Failure)
[24.550s][info][gc,heap        ] GC(203) PSYoungGen: 127744K(128000K)->88320K(218624K) Eden: 44032K(44032K)->0K(49152K) From: 83712K(83968K)->88320K(169472K)
[24.550s][info][gc,heap        ] GC(203) ParOldGen: 3587578K(3925504K)->3627354K(3925504K)
[24.550s][info][gc,metaspace   ] GC(203) Metaspace: 6302K(6464K)->6302K(6464K) NonClass: 5769K(5824K)->5769K(5824K) Class: 533K(640K)->533K(640K)
[24.550s][info][gc             ] GC(203) Pause Young (Allocation Failure) 3628M->3628M(4047M) 70.501ms
[24.550s][info][gc,cpu         ] GC(203) User=0.23s Sys=0.06s Real=0.07s
[24.603s][info][gc,start       ] GC(204) Pause Young (Allocation Failure)
[24.677s][info][gc,heap        ] GC(204) PSYoungGen: 137472K(218624K)->93440K(142848K) Eden: 49152K(49152K)->0K(49152K) From: 88320K(169472K)->93440K(93696K)
[24.677s][info][gc,heap        ] GC(204) ParOldGen: 3627354K(3925504K)->3671778K(3925504K)
[24.677s][info][gc,metaspace   ] GC(204) Metaspace: 6302K(6464K)->6302K(6464K) NonClass: 5769K(5824K)->5769K(5824K) Class: 533K(640K)->533K(640K)
[24.678s][info][gc             ] GC(204) Pause Young (Allocation Failure) 3676M->3676M(3973M) 74.593ms
[24.678s][info][gc,cpu         ] GC(204) User=0.36s Sys=0.00s Real=0.07s
[24.725s][info][gc,start       ] GC(205) Pause Young (Allocation Failure)
[24.797s][info][gc,heap        ] GC(205) PSYoungGen: 142592K(142848K)->98560K(214016K) Eden: 49152K(49152K)->0K(55296K) From: 93440K(93696K)->98560K(158720K)
[24.798s][info][gc,heap        ] GC(205) ParOldGen: 3671778K(3925504K)->3716202K(3925504K)
[24.798s][info][gc,metaspace   ] GC(205) Metaspace: 6302K(6464K)->6302K(6464K) NonClass: 5769K(5824K)->5769K(5824K) Class: 533K(640K)->533K(640K)
[24.798s][info][gc             ] GC(205) Pause Young (Allocation Failure) 3724M->3725M(4042M) 72.394ms
[24.798s][info][gc,cpu         ] GC(205) User=0.52s Sys=0.03s Real=0.07s
[24.858s][info][gc,start       ] GC(206) Pause Young (Allocation Failure)
[24.936s][info][gc,heap        ] GC(206) PSYoungGen: 153856K(214016K)->104672K(219136K) Eden: 55296K(55296K)->0K(55296K) From: 98560K(158720K)->104672K(163840K)
[24.936s][info][gc,heap        ] GC(206) ParOldGen: 3716202K(3925504K)->3765794K(3925504K)
[24.936s][info][gc,metaspace   ] GC(206) Metaspace: 6302K(6464K)->6302K(6464K) NonClass: 5769K(5824K)->5769K(5824K) Class: 533K(640K)->533K(640K)
[24.936s][info][gc             ] GC(206) Pause Young (Allocation Failure) 3779M->3779M(4047M) 78.177ms
[24.936s][info][gc,cpu         ] GC(206) User=0.50s Sys=0.02s Real=0.08s
[24.994s][info][gc,start       ] GC(207) Pause Young (Allocation Failure)
[25.074s][info][gc,heap        ] GC(207) PSYoungGen: 159968K(219136K)->110912K(221696K) Eden: 55296K(55296K)->0K(61952K) From: 104672K(163840K)->110912K(159744K)
[25.074s][info][gc,heap        ] GC(207) ParOldGen: 3765794K(3925504K)->3815394K(3925504K)
[25.074s][info][gc,metaspace   ] GC(207) Metaspace: 6302K(6464K)->6302K(6464K) NonClass: 5769K(5824K)->5769K(5824K) Class: 533K(640K)->533K(640K)
[25.075s][info][gc             ] GC(207) Pause Young (Allocation Failure) 3833M->3834M(4050M) 80.731ms
[25.075s][info][gc,cpu         ] GC(207) User=0.50s Sys=0.02s Real=0.08s
[25.139s][info][gc,start       ] GC(208) Pause Young (Allocation Failure)
[25.229s][info][gc,heap        ] GC(208) PSYoungGen: 172864K(221696K)->117536K(222208K) Eden: 61952K(61952K)->0K(61952K) From: 110912K(159744K)->117536K(160256K)
[25.229s][info][gc,heap        ] GC(208) ParOldGen: 3815394K(3925504K)->3871194K(3925504K)
[25.229s][info][gc,metaspace   ] GC(208) Metaspace: 6302K(6464K)->6302K(6464K) NonClass: 5769K(5824K)->5769K(5824K) Class: 533K(640K)->533K(640K)
[25.229s][info][gc             ] GC(208) Pause Young (Allocation Failure) 3894M->3895M(4050M) 90.191ms
[25.229s][info][gc,cpu         ] GC(208) User=0.58s Sys=0.03s Real=0.09s
[25.229s][info][gc,start       ] GC(209) Pause Full (Ergonomics)
[25.229s][info][gc,phases,start] GC(209) Marking Phase
[26.123s][info][gc,phases      ] GC(209) Marking Phase 893.829ms
[26.123s][info][gc,phases,start] GC(209) Summary Phase
[26.123s][info][gc,phases      ] GC(209) Summary Phase 0.055ms
[26.123s][info][gc,phases,start] GC(209) Adjust Roots
[26.123s][info][gc,phases      ] GC(209) Adjust Roots 0.209ms
[26.123s][info][gc,phases,start] GC(209) Compaction Phase
[26.526s][info][gc,phases      ] GC(209) Compaction Phase 402.858ms
[26.526s][info][gc,phases,start] GC(209) Post Compact
[26.533s][info][gc,phases      ] GC(209) Post Compact 7.431ms
[26.535s][info][gc,heap        ] GC(209) PSYoungGen: 117536K(222208K)->59942K(222208K) Eden: 0K(61952K)->0K(61952K) From: 117536K(160256K)->59942K(160256K)
[26.535s][info][gc,heap        ] GC(209) ParOldGen: 3871194K(3925504K)->3925320K(4317696K)
[26.535s][info][gc,metaspace   ] GC(209) Metaspace: 6302K(6464K)->6302K(6464K) NonClass: 5769K(5824K)->5769K(5824K) Class: 533K(640K)->533K(640K)
[26.535s][info][gc             ] GC(209) Pause Full (Ergonomics) 3895M->3891M(4433M) 1305.963ms
[26.535s][info][gc,cpu         ] GC(209) User=9.30s Sys=0.12s Real=1.31s
[26.600s][info][gc,start       ] GC(210) Pause Young (Allocation Failure)
[26.841s][info][gc,heap        ] GC(210) PSYoungGen: 121894K(222208K)->102336K(218112K) Eden: 61952K(61952K)->0K(68096K) From: 59942K(160256K)->102336K(150016K)
[26.841s][info][gc,heap        ] GC(210) ParOldGen: 3925320K(4317696K)->3945416K(4317696K)
[26.841s][info][gc,metaspace   ] GC(210) Metaspace: 6302K(6464K)->6302K(6464K) NonClass: 5769K(5824K)->5769K(5824K) Class: 533K(640K)->533K(640K)
[26.841s][info][gc             ] GC(210) Pause Young (Allocation Failure) 3952M->3952M(4429M) 240.368ms
[26.841s][info][gc,cpu         ] GC(210) User=1.75s Sys=0.00s Real=0.24s
[26.919s][info][gc,start       ] GC(211) Pause Young (Allocation Failure)
[27.010s][info][gc,heap        ] GC(211) PSYoungGen: 170432K(218112K)->156672K(224768K) Eden: 68096K(68096K)->0K(68096K) From: 102336K(150016K)->156672K(156672K)
[27.010s][info][gc,heap        ] GC(211) ParOldGen: 3945416K(4317696K)->3959296K(4317696K)
[27.010s][info][gc,metaspace   ] GC(211) Metaspace: 6302K(6464K)->6302K(6464K) NonClass: 5769K(5824K)->5769K(5824K) Class: 533K(640K)->533K(640K)
[27.010s][info][gc             ] GC(211) Pause Young (Allocation Failure) 4019M->4019M(4436M) 91.060ms
[27.010s][info][gc,cpu         ] GC(211) User=0.61s Sys=0.00s Real=0.09s
[27.079s][info][gc,start       ] GC(212) Pause Young (Allocation Failure)
[27.207s][info][gc,heap        ] GC(212) PSYoungGen: 224768K(224768K)->129600K(251392K) Eden: 68096K(68096K)->0K(73728K) From: 156672K(156672K)->129600K(177664K)
[27.207s][info][gc,heap        ] GC(212) ParOldGen: 3959296K(4317696K)->4055376K(4317696K)
[27.207s][info][gc,metaspace   ] GC(212) Metaspace: 6302K(6464K)->6302K(6464K) NonClass: 5769K(5824K)->5769K(5824K) Class: 533K(640K)->533K(640K)
[27.207s][info][gc             ] GC(212) Pause Young (Allocation Failure) 4086M->4086M(4462M) 127.684ms
[27.207s][info][gc,cpu         ] GC(212) User=0.84s Sys=0.02s Real=0.13s
[27.283s][info][gc,start       ] GC(213) Pause Young (Allocation Failure)
[27.388s][info][gc,heap        ] GC(213) PSYoungGen: 203328K(251392K)->142240K(252928K) Eden: 73728K(73728K)->0K(73728K) From: 129600K(177664K)->142240K(179200K)
[27.388s][info][gc,heap        ] GC(213) ParOldGen: 4055376K(4317696K)->4117096K(4317696K)
[27.388s][info][gc,metaspace   ] GC(213) Metaspace: 6302K(6464K)->6302K(6464K) NonClass: 5769K(5824K)->5769K(5824K) Class: 533K(640K)->533K(640K)
[27.388s][info][gc             ] GC(213) Pause Young (Allocation Failure) 4158M->4159M(4463M) 104.333ms
[27.388s][info][gc,cpu         ] GC(213) User=0.72s Sys=0.05s Real=0.11s
[27.478s][info][gc,start       ] GC(214) Pause Young (Allocation Failure)
[27.594s][info][gc,heap        ] GC(214) PSYoungGen: 215968K(252928K)->147840K(260096K) Eden: 73728K(73728K)->0K(75776K) From: 142240K(179200K)->147840K(184320K)
[27.594s][info][gc,heap        ] GC(214) ParOldGen: 4117096K(4317696K)->4185816K(4317696K)
[27.594s][info][gc,metaspace   ] GC(214) Metaspace: 6302K(6464K)->6302K(6464K) NonClass: 5769K(5824K)->5769K(5824K) Class: 533K(640K)->533K(640K)
[27.594s][info][gc             ] GC(214) Pause Young (Allocation Failure) 4231M->4232M(4470M) 115.556ms
[27.594s][info][gc,cpu         ] GC(214) User=0.70s Sys=0.08s Real=0.12s
[27.676s][info][gc,start       ] GC(215) Pause Young (Allocation Failure)
[27.791s][info][gc,heap        ] GC(215) PSYoungGen: 223616K(260096K)->149856K(266240K) Eden: 75776K(75776K)->0K(75776K) From: 147840K(184320K)->149856K(190464K)
[27.791s][info][gc,heap        ] GC(215) ParOldGen: 4185816K(4317696K)->4260216K(4317696K)
[27.791s][info][gc,metaspace   ] GC(215) Metaspace: 6302K(6464K)->6302K(6464K) NonClass: 5769K(5824K)->5769K(5824K) Class: 533K(640K)->533K(640K)
[27.791s][info][gc             ] GC(215) Pause Young (Allocation Failure) 4306M->4306M(4476M) 115.850ms
[27.791s][info][gc,cpu         ] GC(215) User=0.78s Sys=0.02s Real=0.12s
[27.791s][info][gc,start       ] GC(216) Pause Full (Ergonomics)
[27.791s][info][gc,phases,start] GC(216) Marking Phase
[28.792s][info][gc,phases      ] GC(216) Marking Phase 1000.229ms
[28.792s][info][gc,phases,start] GC(216) Summary Phase
[28.792s][info][gc,phases      ] GC(216) Summary Phase 0.063ms
[28.792s][info][gc,phases,start] GC(216) Adjust Roots
[28.792s][info][gc,phases      ] GC(216) Adjust Roots 0.176ms
[28.792s][info][gc,phases,start] GC(216) Compaction Phase
[29.208s][info][gc,phases      ] GC(216) Compaction Phase 415.447ms
[29.208s][info][gc,phases,start] GC(216) Post Compact
[29.214s][info][gc,phases      ] GC(216) Post Compact 6.669ms
[29.216s][info][gc,heap        ] GC(216) PSYoungGen: 149856K(266240K)->89124K(266240K) Eden: 0K(75776K)->0K(75776K) From: 149856K(190464K)->89124K(190464K)
[29.216s][info][gc,heap        ] GC(216) ParOldGen: 4260216K(4317696K)->4317323K(4769280K)
[29.216s][info][gc,metaspace   ] GC(216) Metaspace: 6302K(6464K)->6302K(6464K) NonClass: 5769K(5824K)->5769K(5824K) Class: 533K(640K)->533K(640K)
[29.216s][info][gc             ] GC(216) Pause Full (Ergonomics) 4306M->4303M(4917M) 1424.406ms
[29.216s][info][gc,cpu         ] GC(216) User=10.41s Sys=0.08s Real=1.42s
[29.293s][info][gc,start       ] GC(217) Pause Young (Allocation Failure)
[29.585s][info][gc,heap        ] GC(217) PSYoungGen: 164900K(266240K)->123040K(265728K) Eden: 75776K(75776K)->0K(82944K) From: 89124K(190464K)->123040K(182784K)
[29.585s][info][gc,heap        ] GC(217) ParOldGen: 4317323K(4769280K)->4359971K(4769280K)
[29.585s][info][gc,metaspace   ] GC(217) Metaspace: 6302K(6464K)->6302K(6464K) NonClass: 5769K(5824K)->5769K(5824K) Class: 533K(640K)->533K(640K)
[29.585s][info][gc             ] GC(217) Pause Young (Allocation Failure) 4377M->4377M(4917M) 292.159ms
[29.585s][info][gc,cpu         ] GC(217) User=1.98s Sys=0.03s Real=0.29s
[29.682s][info][gc,start       ] GC(218) Pause Young (Allocation Failure)
[29.798s][info][gc,heap        ] GC(218) PSYoungGen: 205984K(265728K)->189952K(272896K) Eden: 82944K(82944K)->0K(82944K) From: 123040K(182784K)->189952K(189952K)
[29.798s][info][gc,heap        ] GC(218) ParOldGen: 4359971K(4769280K)->4376195K(4769280K)
[29.798s][info][gc,metaspace   ] GC(218) Metaspace: 6302K(6464K)->6302K(6464K) NonClass: 5769K(5824K)->5769K(5824K) Class: 533K(640K)->533K(640K)
[29.798s][info][gc             ] GC(218) Pause Young (Allocation Failure) 4458M->4459M(4924M) 115.773ms
[29.798s][info][gc,cpu         ] GC(218) User=0.77s Sys=0.00s Real=0.12s
[29.891s][info][gc,start       ] GC(219) Pause Young (Allocation Failure)
[30.051s][info][gc,heap        ] GC(219) PSYoungGen: 272896K(272896K)->162208K(302592K) Eden: 82944K(82944K)->0K(87552K) From: 189952K(189952K)->162208K(215040K)
[30.051s][info][gc,heap        ] GC(219) ParOldGen: 4376195K(4769280K)->4487979K(4769280K)
[30.051s][info][gc,metaspace   ] GC(219) Metaspace: 6302K(6464K)->6302K(6464K) NonClass: 5769K(5824K)->5769K(5824K) Class: 533K(640K)->533K(640K)
[30.051s][info][gc             ] GC(219) Pause Young (Allocation Failure) 4540M->4541M(4953M) 159.510ms
[30.051s][info][gc,cpu         ] GC(219) User=0.97s Sys=0.16s Real=0.16s
[30.147s][info][gc,start       ] GC(220) Pause Young (Allocation Failure)
[30.299s][info][gc,heap        ] GC(220) PSYoungGen: 249760K(302592K)->170944K(306176K) Eden: 87552K(87552K)->0K(87552K) From: 162208K(215040K)->170944K(218624K)
[30.299s][info][gc,heap        ] GC(220) ParOldGen: 4487979K(4769280K)->4567507K(4769280K)
[30.299s][info][gc,metaspace   ] GC(220) Metaspace: 6302K(6464K)->6302K(6464K) NonClass: 5769K(5824K)->5769K(5824K) Class: 533K(640K)->533K(640K)
[30.299s][info][gc             ] GC(220) Pause Young (Allocation Failure) 4626M->4627M(4956M) 151.801ms
[30.299s][info][gc,cpu         ] GC(220) User=1.16s Sys=0.02s Real=0.15s
[30.404s][info][gc,start       ] GC(221) Pause Young (Allocation Failure)
[30.551s][info][gc,heap        ] GC(221) PSYoungGen: 258496K(306176K)->175520K(315904K) Eden: 87552K(87552K)->0K(91136K) From: 170944K(218624K)->175520K(224768K)
[30.551s][info][gc,heap        ] GC(221) ParOldGen: 4567507K(4769280K)->4651211K(4769280K)
[30.551s][info][gc,metaspace   ] GC(221) Metaspace: 6302K(6464K)->6302K(6464K) NonClass: 5769K(5824K)->5769K(5824K) Class: 533K(640K)->533K(640K)
[30.551s][info][gc             ] GC(221) Pause Young (Allocation Failure) 4712M->4713M(4966M) 147.247ms
[30.551s][info][gc,cpu         ] GC(221) User=0.97s Sys=0.06s Real=0.15s
[30.552s][info][gc,start       ] GC(222) Pause Full (Ergonomics)
[30.552s][info][gc,phases,start] GC(222) Marking Phase
[31.630s][info][gc,phases      ] GC(222) Marking Phase 1078.608ms
[31.630s][info][gc,phases,start] GC(222) Summary Phase
[31.630s][info][gc,phases      ] GC(222) Summary Phase 0.059ms
[31.630s][info][gc,phases,start] GC(222) Adjust Roots
[31.630s][info][gc,phases      ] GC(222) Adjust Roots 0.166ms
[31.630s][info][gc,phases,start] GC(222) Compaction Phase
[32.063s][info][gc,phases      ] GC(222) Compaction Phase 432.409ms
[32.063s][info][gc,phases,start] GC(222) Post Compact
[32.071s][info][gc,phases      ] GC(222) Post Compact 7.565ms
[32.072s][info][gc,heap        ] GC(222) PSYoungGen: 175520K(315904K)->53937K(315904K) Eden: 0K(91136K)->0K(91136K) From: 175520K(224768K)->53937K(224768K)
[32.072s][info][gc,heap        ] GC(222) ParOldGen: 4651211K(4769280K)->4769126K(5278720K)
[32.072s][info][gc,metaspace   ] GC(222) Metaspace: 6302K(6464K)->6302K(6464K) NonClass: 5769K(5824K)->5769K(5824K) Class: 533K(640K)->533K(640K)
[32.072s][info][gc             ] GC(222) Pause Full (Ergonomics) 4713M->4710M(5463M) 1520.842ms
[32.072s][info][gc,cpu         ] GC(222) User=11.56s Sys=0.06s Real=1.52s
[32.167s][info][gc,start       ] GC(223) Pause Young (Allocation Failure)
[32.470s][info][gc,heap        ] GC(223) PSYoungGen: 145073K(315904K)->116448K(322048K) Eden: 91136K(91136K)->0K(91136K) From: 53937K(224768K)->116448K(230912K)
[32.470s][info][gc,heap        ] GC(223) ParOldGen: 4769126K(5278720K)->4798374K(5278720K)
[32.470s][info][gc,metaspace   ] GC(223) Metaspace: 6302K(6464K)->6302K(6464K) NonClass: 5769K(5824K)->5769K(5824K) Class: 533K(640K)->533K(640K)
[32.470s][info][gc             ] GC(223) Pause Young (Allocation Failure) 4799M->4799M(5469M) 303.200ms
[32.470s][info][gc,cpu         ] GC(223) User=1.91s Sys=0.00s Real=0.30s
[32.567s][info][gc,start       ] GC(224) Pause Young (Allocation Failure)
[32.684s][info][gc,heap        ] GC(224) PSYoungGen: 207584K(322048K)->207808K(307712K) Eden: 91136K(91136K)->0K(82432K) From: 116448K(230912K)->207808K(225280K)
[32.684s][info][gc,heap        ] GC(224) ParOldGen: 4798374K(5278720K)->4798374K(5278720K)
[32.684s][info][gc,metaspace   ] GC(224) Metaspace: 6302K(6464K)->6302K(6464K) NonClass: 5769K(5824K)->5769K(5824K) Class: 533K(640K)->533K(640K)
[32.684s][info][gc             ] GC(224) Pause Young (Allocation Failure) 4888M->4888M(5455M) 117.887ms
[32.684s][info][gc,cpu         ] GC(224) User=0.77s Sys=0.00s Real=0.12s
[32.779s][info][gc,start       ] GC(225) Pause Young (Allocation Failure)
[32.938s][info][gc,heap        ] GC(225) PSYoungGen: 290240K(307712K)->242688K(325120K) Eden: 82432K(82432K)->0K(82432K) From: 207808K(225280K)->242688K(242688K)
[32.939s][info][gc,heap        ] GC(225) ParOldGen: 4798374K(5278720K)->4846294K(5278720K)
[32.939s][info][gc,metaspace   ] GC(225) Metaspace: 6302K(6464K)->6302K(6464K) NonClass: 5769K(5824K)->5769K(5824K) Class: 533K(640K)->533K(640K)
[32.939s][info][gc             ] GC(225) Pause Young (Allocation Failure) 4969M->4969M(5472M) 159.994ms
[32.939s][info][gc,cpu         ] GC(225) User=1.11s Sys=0.03s Real=0.16s
[33.028s][info][gc,start       ] GC(226) Pause Young (Allocation Failure)
[33.212s][info][gc,heap        ] GC(226) PSYoungGen: 325120K(325120K)->227072K(366080K) Eden: 82432K(82432K)->0K(78848K) From: 242688K(242688K)->227072K(287232K)
[33.212s][info][gc,heap        ] GC(226) ParOldGen: 4846294K(5278720K)->4945390K(5278720K)
[33.212s][info][gc,metaspace   ] GC(226) Metaspace: 6302K(6464K)->6302K(6464K) NonClass: 5769K(5824K)->5769K(5824K) Class: 533K(640K)->533K(640K)
[33.212s][info][gc             ] GC(226) Pause Young (Allocation Failure) 5050M->5051M(5512M) 183.925ms
[33.212s][info][gc,cpu         ] GC(226) User=1.25s Sys=0.08s Real=0.18s
[33.305s][info][gc,start       ] GC(227) Pause Young (Allocation Failure)
[33.480s][info][gc,heap        ] GC(227) PSYoungGen: 305920K(366080K)->229504K(378368K) Eden: 78848K(78848K)->0K(78848K) From: 227072K(287232K)->229504K(299520K)
[33.480s][info][gc,heap        ] GC(227) ParOldGen: 4945390K(5278720K)->5022454K(5278720K)
[33.480s][info][gc,metaspace   ] GC(227) Metaspace: 6302K(6464K)->6302K(6464K) NonClass: 5769K(5824K)->5769K(5824K) Class: 533K(640K)->533K(640K)
[33.480s][info][gc             ] GC(227) Pause Young (Allocation Failure) 5128M->5128M(5524M) 174.461ms
[33.480s][info][gc,cpu         ] GC(227) User=1.14s Sys=0.12s Real=0.17s
[33.570s][info][gc,start       ] GC(228) Pause Young (Allocation Failure)
[33.747s][info][gc,heap        ] GC(228) PSYoungGen: 308352K(378368K)->240672K(386048K) Eden: 78848K(78848K)->0K(76288K) From: 229504K(299520K)->240672K(309760K)
[33.747s][info][gc,heap        ] GC(228) ParOldGen: 5022454K(5278720K)->5090758K(5278720K)
[33.748s][info][gc,metaspace   ] GC(228) Metaspace: 6302K(6464K)->6302K(6464K) NonClass: 5769K(5824K)->5769K(5824K) Class: 533K(640K)->533K(640K)
[33.748s][info][gc             ] GC(228) Pause Young (Allocation Failure) 5205M->5206M(5532M) 177.524ms
[33.748s][info][gc,cpu         ] GC(228) User=1.20s Sys=0.05s Real=0.18s
[33.834s][info][gc,start       ] GC(229) Pause Young (Allocation Failure)
[34.023s][info][gc,heap        ] GC(229) PSYoungGen: 316960K(386048K)->155584K(231936K) Eden: 76288K(76288K)->0K(76288K) From: 240672K(309760K)->155584K(155648K)
[34.023s][info][gc,heap        ] GC(229) ParOldGen: 5090758K(5278720K)->5253486K(5278720K)
[34.023s][info][gc,metaspace   ] GC(229) Metaspace: 6302K(6464K)->6302K(6464K) NonClass: 5769K(5824K)->5769K(5824K) Class: 533K(640K)->533K(640K)
[34.023s][info][gc             ] GC(229) Pause Young (Allocation Failure) 5280M->5282M(5381M) 189.669ms
[34.023s][info][gc,cpu         ] GC(229) User=1.45s Sys=0.06s Real=0.19s
[34.024s][info][gc,start       ] GC(230) Pause Full (Ergonomics)
[34.024s][info][gc,phases,start] GC(230) Marking Phase
[35.272s][info][gc,phases      ] GC(230) Marking Phase 1248.016ms
[35.272s][info][gc,phases,start] GC(230) Summary Phase
[35.272s][info][gc,phases      ] GC(230) Summary Phase 0.060ms
[35.272s][info][gc,phases,start] GC(230) Adjust Roots
[35.272s][info][gc,phases      ] GC(230) Adjust Roots 0.160ms
[35.272s][info][gc,phases,start] GC(230) Compaction Phase
[35.729s][info][gc,phases      ] GC(230) Compaction Phase 456.739ms
[35.729s][info][gc,phases,start] GC(230) Post Compact
[35.737s][info][gc,phases      ] GC(230) Post Compact 7.847ms
[35.739s][info][gc,heap        ] GC(230) PSYoungGen: 155584K(231936K)->125430K(231936K) Eden: 0K(76288K)->0K(76288K) From: 155584K(155648K)->125430K(155648K)
[35.739s][info][gc,heap        ] GC(230) ParOldGen: 5253486K(5278720K)->5278533K(5855744K)
[35.739s][info][gc,metaspace   ] GC(230) Metaspace: 6302K(6464K)->6302K(6464K) NonClass: 5769K(5824K)->5769K(5824K) Class: 533K(640K)->533K(640K)
[35.739s][info][gc             ] GC(230) Pause Full (Ergonomics) 5282M->5277M(5945M) 1715.099ms
[35.739s][info][gc,cpu         ] GC(230) User=13.08s Sys=0.05s Real=1.72s
[35.831s][info][gc,start       ] GC(231) Pause Young (Allocation Failure)
[36.180s][info][gc,heap        ] GC(231) PSYoungGen: 201718K(231936K)->76544K(393728K) Eden: 76288K(76288K)->0K(82432K) From: 125430K(155648K)->76544K(311296K)
[36.180s][info][gc,heap        ] GC(231) ParOldGen: 5278533K(5855744K)->5405141K(5855744K)
[36.180s][info][gc,metaspace   ] GC(231) Metaspace: 6302K(6464K)->6302K(6464K) NonClass: 5769K(5824K)->5769K(5824K) Class: 533K(640K)->533K(640K)
[36.180s][info][gc             ] GC(231) Pause Young (Allocation Failure) 5351M->5353M(6103M) 349.462ms
[36.180s][info][gc,cpu         ] GC(231) User=2.33s Sys=0.06s Real=0.35s
[36.272s][info][gc,start       ] GC(232) Pause Young (Allocation Failure)
[36.374s][info][gc,heap        ] GC(232) PSYoungGen: 158976K(393728K)->82688K(397312K) Eden: 82432K(82432K)->0K(82432K) From: 76544K(311296K)->82688K(314880K)
[36.374s][info][gc,heap        ] GC(232) ParOldGen: 5405141K(5855744K)->5482133K(5855744K)
[36.374s][info][gc,metaspace   ] GC(232) Metaspace: 6302K(6464K)->6302K(6464K) NonClass: 5769K(5824K)->5769K(5824K) Class: 533K(640K)->533K(640K)
[36.374s][info][gc             ] GC(232) Pause Young (Allocation Failure) 5433M->5434M(6106M) 102.266ms
[36.374s][info][gc,cpu         ] GC(232) User=0.75s Sys=0.02s Real=0.10s
[36.465s][info][gc,start       ] GC(233) Pause Young (Allocation Failure)
[36.563s][info][gc,heap        ] GC(233) PSYoungGen: 165120K(397312K)->82752K(399360K) Eden: 82432K(82432K)->0K(91136K) From: 82688K(314880K)->82752K(308224K)
[36.563s][info][gc,heap        ] GC(233) ParOldGen: 5482133K(5855744K)->5565317K(5855744K)
[36.563s][info][gc,metaspace   ] GC(233) Metaspace: 6302K(6464K)->6302K(6464K) NonClass: 5769K(5824K)->5769K(5824K) Class: 533K(640K)->533K(640K)
[36.563s][info][gc             ] GC(233) Pause Young (Allocation Failure) 5514M->5515M(6108M) 98.409ms
[36.563s][info][gc,cpu         ] GC(233) User=0.58s Sys=0.08s Real=0.10s
[36.674s][info][gc,start       ] GC(234) Pause Young (Allocation Failure)
[36.778s][info][gc,heap        ] GC(234) PSYoungGen: 173888K(399360K)->91424K(402432K) Eden: 91136K(91136K)->0K(91136K) From: 82752K(308224K)->91424K(311296K)
[36.778s][info][gc,heap        ] GC(234) ParOldGen: 5565317K(5855744K)->5648509K(5855744K)
[36.778s][info][gc,metaspace   ] GC(234) Metaspace: 6302K(6464K)->6302K(6464K) NonClass: 5769K(5824K)->5769K(5824K) Class: 533K(640K)->533K(640K)
[36.778s][info][gc             ] GC(234) Pause Young (Allocation Failure) 5604M->5605M(6111M) 104.176ms
[36.778s][info][gc,cpu         ] GC(234) User=0.59s Sys=0.06s Real=0.10s
[37.949s][info][gc,start       ] GC(235) Pause Young (Allocation Failure)
[38.213s][info][gc,heap        ] GC(235) PSYoungGen: 182560K(402432K)->91424K(390144K) Eden: 91136K(91136K)->0K(99840K) From: 91424K(311296K)->91424K(290304K)
[38.213s][info][gc,heap        ] GC(235) ParOldGen: 5910653K(6118400K)->6002621K(6118400K)
[38.213s][info][gc,metaspace   ] GC(235) Metaspace: 6302K(6464K)->6302K(6464K) NonClass: 5769K(5824K)->5769K(5824K) Class: 533K(640K)->533K(640K)
[38.213s][info][gc             ] GC(235) Pause Young (Allocation Failure) 5950M->5951M(6356M) 264.273ms
[38.213s][info][gc,cpu         ] GC(235) User=1.20s Sys=0.03s Real=0.26s
[38.213s][info][gc,start       ] GC(236) Pause Full (Ergonomics)
[38.214s][info][gc,phases,start] GC(236) Marking Phase
[39.536s][info][gc,phases      ] GC(236) Marking Phase 1322.649ms
[39.536s][info][gc,phases,start] GC(236) Summary Phase
[39.536s][info][gc,phases      ] GC(236) Summary Phase 0.129ms
[39.536s][info][gc,phases,start] GC(236) Adjust Roots
[39.537s][info][gc,phases      ] GC(236) Adjust Roots 0.186ms
[39.537s][info][gc,phases,start] GC(236) Compaction Phase
[40.477s][info][gc,phases      ] GC(236) Compaction Phase 940.528ms
[40.477s][info][gc,phases,start] GC(236) Post Compact
[40.487s][info][gc,phases      ] GC(236) Post Compact 10.088ms
[40.489s][info][gc,heap        ] GC(236) PSYoungGen: 91424K(390144K)->0K(398336K) Eden: 0K(99840K)->0K(99840K) From: 91424K(290304K)->0K(298496K)
[40.489s][info][gc,heap        ] GC(236) ParOldGen: 6002621K(6118400K)->5958302K(6573568K)
[40.489s][info][gc,metaspace   ] GC(236) Metaspace: 6302K(6464K)->6302K(6464K) NonClass: 5769K(5824K)->5769K(5824K) Class: 533K(640K)->533K(640K)
[40.489s][info][gc             ] GC(236) Pause Full (Ergonomics) 5951M->5818M(6808M) 2275.307ms
[40.489s][info][gc,cpu         ] GC(236) User=15.89s Sys=0.02s Real=2.28s
[40.597s][info][gc,start       ] GC(237) Pause Young (Allocation Failure)
[40.687s][info][gc,heap        ] GC(237) PSYoungGen: 99840K(398336K)->100160K(387072K) Eden: 99840K(99840K)->0K(108032K) From: 0K(298496K)->100160K(279040K)
[40.687s][info][gc,heap        ] GC(237) ParOldGen: 5958302K(6573568K)->5958302K(6573568K)
[40.687s][info][gc,metaspace   ] GC(237) Metaspace: 6302K(6464K)->6302K(6464K) NonClass: 5769K(5824K)->5769K(5824K) Class: 533K(640K)->533K(640K)
[40.687s][info][gc             ] GC(237) Pause Young (Allocation Failure) 5916M->5916M(6797M) 90.840ms
[40.687s][info][gc,cpu         ] GC(237) User=0.33s Sys=0.00s Real=0.09s
[40.798s][info][gc,start       ] GC(238) Pause Young (Allocation Failure)
[40.924s][info][gc,heap        ] GC(238) PSYoungGen: 208192K(387072K)->208384K(397312K) Eden: 108032K(108032K)->0K(108032K) From: 100160K(279040K)->208384K(289280K)
[40.924s][info][gc,heap        ] GC(238) ParOldGen: 5958302K(6573568K)->5958302K(6573568K)
[40.924s][info][gc,metaspace   ] GC(238) Metaspace: 6302K(6464K)->6302K(6464K) NonClass: 5769K(5824K)->5769K(5824K) Class: 533K(640K)->533K(640K)
[40.924s][info][gc             ] GC(238) Pause Young (Allocation Failure) 6021M->6022M(6807M) 125.342ms
[40.924s][info][gc,cpu         ] GC(238) User=0.47s Sys=0.00s Real=0.13s
[41.045s][info][gc,start       ] GC(239) Pause Young (Allocation Failure)
[41.200s][info][gc,heap        ] GC(239) PSYoungGen: 316416K(397312K)->301056K(370176K) Eden: 108032K(108032K)->0K(69120K) From: 208384K(289280K)->301056K(301056K)
[41.200s][info][gc,heap        ] GC(239) ParOldGen: 5958302K(6573568K)->5973854K(6573568K)
[41.200s][info][gc,metaspace   ] GC(239) Metaspace: 6302K(6464K)->6302K(6464K) NonClass: 5769K(5824K)->5769K(5824K) Class: 533K(640K)->533K(640K)
[41.200s][info][gc             ] GC(239) Pause Young (Allocation Failure) 6127M->6127M(6781M) 155.668ms
[41.200s][info][gc,cpu         ] GC(239) User=0.94s Sys=0.03s Real=0.15s
[41.274s][info][gc,start       ] GC(240) Pause Young (Allocation Failure)
[41.444s][info][gc,heap        ] GC(240) PSYoungGen: 370176K(370176K)->277632K(418816K) Eden: 69120K(69120K)->0K(69120K) From: 301056K(301056K)->277632K(349696K)
[41.444s][info][gc,heap        ] GC(240) ParOldGen: 5973854K(6573568K)->6067302K(6573568K)
[41.444s][info][gc,metaspace   ] GC(240) Metaspace: 6302K(6464K)->6302K(6464K) NonClass: 5769K(5824K)->5769K(5824K) Class: 533K(640K)->533K(640K)
[41.444s][info][gc             ] GC(240) Pause Young (Allocation Failure) 6195M->6196M(6828M) 170.505ms
[41.444s][info][gc,cpu         ] GC(240) User=0.97s Sys=0.08s Real=0.17s
[41.514s][info][gc,start       ] GC(241) Pause Young (Allocation Failure)
[41.674s][info][gc,heap        ] GC(241) PSYoungGen: 346752K(418816K)->245344K(443904K) Eden: 69120K(69120K)->0K(69632K) From: 277632K(349696K)->245344K(374272K)
[41.674s][info][gc,heap        ] GC(241) ParOldGen: 6067302K(6573568K)->6169558K(6573568K)
[41.674s][info][gc,metaspace   ] GC(241) Metaspace: 6302K(6464K)->6302K(6464K) NonClass: 5769K(5824K)->5769K(5824K) Class: 533K(640K)->533K(640K)
[41.674s][info][gc             ] GC(241) Pause Young (Allocation Failure) 6263M->6264M(6853M) 160.292ms
[41.674s][info][gc,cpu         ] GC(241) User=1.05s Sys=0.08s Real=0.16s
[41.746s][info][gc,start       ] GC(242) Pause Young (Allocation Failure)
[41.903s][info][gc,heap        ] GC(242) PSYoungGen: 314976K(443904K)->208384K(278016K) Eden: 69632K(69632K)->0K(69632K) From: 245344K(374272K)->208384K(208384K)
[41.903s][info][gc,heap        ] GC(242) ParOldGen: 6169558K(6573568K)->6277030K(6573568K)
[41.903s][info][gc,metaspace   ] GC(242) Metaspace: 6302K(6464K)->6302K(6464K) NonClass: 5769K(5824K)->5769K(5824K) Class: 533K(640K)->533K(640K)
[41.903s][info][gc             ] GC(242) Pause Young (Allocation Failure) 6332M->6333M(6691M) 156.781ms
[41.903s][info][gc,cpu         ] GC(242) User=0.80s Sys=0.02s Real=0.16s
[41.980s][info][gc,start       ] GC(243) Pause Young (Allocation Failure)
[42.125s][info][gc,heap        ] GC(243) PSYoungGen: 278016K(278016K)->139616K(426496K) Eden: 69632K(69632K)->0K(78336K) From: 208384K(208384K)->139616K(348160K)
[42.125s][info][gc,heap        ] GC(243) ParOldGen: 6277030K(6573568K)->6416470K(6573568K)
[42.125s][info][gc,metaspace   ] GC(243) Metaspace: 6302K(6464K)->6302K(6464K) NonClass: 5769K(5824K)->5769K(5824K) Class: 533K(640K)->533K(640K)
[42.125s][info][gc             ] GC(243) Pause Young (Allocation Failure) 6401M->6402M(6836M) 144.138ms
[42.125s][info][gc,cpu         ] GC(243) User=0.52s Sys=0.09s Real=0.14s
[42.125s][info][gc,start       ] GC(244) Pause Full (Ergonomics)
[42.125s][info][gc,phases,start] GC(244) Marking Phase
[43.585s][info][gc,phases      ] GC(244) Marking Phase 1459.866ms
[43.585s][info][gc,phases,start] GC(244) Summary Phase
[43.585s][info][gc,phases      ] GC(244) Summary Phase 0.107ms
[43.585s][info][gc,phases,start] GC(244) Adjust Roots
[43.585s][info][gc,phases      ] GC(244) Adjust Roots 0.166ms
[43.585s][info][gc,phases,start] GC(244) Compaction Phase
[44.254s][info][gc,phases      ] GC(244) Compaction Phase 669.551ms
[44.255s][info][gc,phases,start] GC(244) Post Compact
[44.264s][info][gc,phases      ] GC(244) Post Compact 9.873ms
[44.267s][info][gc,heap        ] GC(244) PSYoungGen: 139616K(426496K)->0K(438272K) Eden: 0K(78336K)->0K(78336K) From: 139616K(348160K)->0K(359936K)
[44.267s][info][gc,heap        ] GC(244) ParOldGen: 6416470K(6573568K)->6551494K(7239168K)
[44.267s][info][gc,metaspace   ] GC(244) Metaspace: 6302K(6464K)->6302K(6464K) NonClass: 5769K(5824K)->5769K(5824K) Class: 533K(640K)->533K(640K)
[44.267s][info][gc             ] GC(244) Pause Full (Ergonomics) 6402M->6397M(7497M) 2142.100ms
[44.267s][info][gc,cpu         ] GC(244) User=15.17s Sys=0.11s Real=2.14s
[44.347s][info][gc,start       ] GC(245) Pause Young (Allocation Failure)
[44.427s][info][gc,heap        ] GC(245) PSYoungGen: 78336K(438272K)->78592K(440832K) Eden: 78336K(78336K)->0K(86016K) From: 0K(359936K)->78592K(354816K)
[44.427s][info][gc,heap        ] GC(245) ParOldGen: 6551494K(7239168K)->6551494K(7239168K)
[44.427s][info][gc,metaspace   ] GC(245) Metaspace: 6302K(6464K)->6302K(6464K) NonClass: 5769K(5824K)->5769K(5824K) Class: 533K(640K)->533K(640K)
[44.427s][info][gc             ] GC(245) Pause Young (Allocation Failure) 6474M->6474M(7500M) 80.021ms
[44.427s][info][gc,cpu         ] GC(245) User=0.17s Sys=0.00s Real=0.08s
[44.526s][info][gc,start       ] GC(246) Pause Young (Allocation Failure)
[44.641s][info][gc,heap        ] GC(246) PSYoungGen: 164608K(440832K)->164768K(250880K) Eden: 86016K(86016K)->0K(86016K) From: 78592K(354816K)->164768K(164864K)
[44.641s][info][gc,heap        ] GC(246) ParOldGen: 6551494K(7239168K)->6551494K(7239168K)
[44.641s][info][gc,metaspace   ] GC(246) Metaspace: 6302K(6464K)->6302K(6464K) NonClass: 5769K(5824K)->5769K(5824K) Class: 533K(640K)->533K(640K)
[44.641s][info][gc             ] GC(246) Pause Young (Allocation Failure) 6558M->6558M(7314M) 114.749ms
[44.641s][info][gc,cpu         ] GC(246) User=0.36s Sys=0.00s Real=0.12s
[44.737s][info][gc,start       ] GC(247) Pause Young (Allocation Failure)
[44.869s][info][gc,heap        ] GC(247) PSYoungGen: 250784K(250880K)->250912K(420864K) Eden: 86016K(86016K)->0K(80896K) From: 164768K(164864K)->250912K(339968K)
[44.869s][info][gc,heap        ] GC(247) ParOldGen: 6551494K(7239168K)->6551494K(7239168K)
[44.869s][info][gc,metaspace   ] GC(247) Metaspace: 6302K(6464K)->6302K(6464K) NonClass: 5769K(5824K)->5769K(5824K) Class: 533K(640K)->533K(640K)
[44.869s][info][gc             ] GC(247) Pause Young (Allocation Failure) 6642M->6642M(7480M) 132.498ms
[44.869s][info][gc,cpu         ] GC(247) User=0.52s Sys=0.00s Real=0.13s
[44.953s][info][gc,start       ] GC(248) Pause Young (Allocation Failure)
[45.111s][info][gc,heap        ] GC(248) PSYoungGen: 331808K(420864K)->253472K(434688K) Eden: 80896K(80896K)->0K(80896K) From: 250912K(339968K)->253472K(353792K)
[45.111s][info][gc,heap        ] GC(248) ParOldGen: 6551494K(7239168K)->6630526K(7239168K)
[45.111s][info][gc,metaspace   ] GC(248) Metaspace: 6302K(6464K)->6302K(6464K) NonClass: 5769K(5824K)->5769K(5824K) Class: 533K(640K)->533K(640K)
[45.111s][info][gc             ] GC(248) Pause Young (Allocation Failure) 6721M->6722M(7494M) 157.675ms
[45.111s][info][gc,cpu         ] GC(248) User=0.86s Sys=0.02s Real=0.16s
[45.208s][info][gc,start       ] GC(249) Pause Young (Allocation Failure)
[45.373s][info][gc,heap        ] GC(249) PSYoungGen: 334368K(434688K)->248384K(448512K) Eden: 80896K(80896K)->0K(83968K) From: 253472K(353792K)->248384K(364544K)
[45.373s][info][gc,heap        ] GC(249) ParOldGen: 6630526K(7239168K)->6717310K(7239168K)
[45.373s][info][gc,metaspace   ] GC(249) Metaspace: 6302K(6464K)->6302K(6464K) NonClass: 5769K(5824K)->5769K(5824K) Class: 533K(640K)->533K(640K)
[45.373s][info][gc             ] GC(249) Pause Young (Allocation Failure) 6801M->6802M(7507M) 165.116ms
[45.373s][info][gc,cpu         ] GC(249) User=1.03s Sys=0.05s Real=0.16s
[45.459s][info][gc,start       ] GC(250) Pause Young (Allocation Failure)
[45.621s][info][gc,heap        ] GC(250) PSYoungGen: 332352K(448512K)->246272K(454656K) Eden: 83968K(83968K)->0K(83968K) From: 248384K(364544K)->246272K(370688K)
[45.621s][info][gc,heap        ] GC(250) ParOldGen: 6717310K(7239168K)->6804094K(7239168K)
[45.621s][info][gc,metaspace   ] GC(250) Metaspace: 6302K(6464K)->6302K(6464K) NonClass: 5769K(5824K)->5769K(5824K) Class: 533K(640K)->533K(640K)
[45.621s][info][gc             ] GC(250) Pause Young (Allocation Failure) 6884M->6885M(7513M) 162.257ms
[45.621s][info][gc,cpu         ] GC(250) User=0.95s Sys=0.08s Real=0.16s
[45.706s][info][gc,start       ] GC(251) Pause Young (Allocation Failure)
[45.868s][info][gc,heap        ] GC(251) PSYoungGen: 330240K(454656K)->168352K(441856K) Eden: 83968K(83968K)->0K(94208K) From: 246272K(370688K)->168352K(347648K)
[45.868s][info][gc,heap        ] GC(251) ParOldGen: 6804094K(7239168K)->6967310K(7239168K)
[45.868s][info][gc,metaspace   ] GC(251) Metaspace: 6302K(6464K)->6302K(6464K) NonClass: 5769K(5824K)->5769K(5824K) Class: 533K(640K)->533K(640K)
[45.868s][info][gc             ] GC(251) Pause Young (Allocation Failure) 6967M->6968M(7501M) 161.994ms
[45.868s][info][gc,cpu         ] GC(251) User=0.95s Sys=0.08s Real=0.16s
[45.969s][info][gc,start       ] GC(252) Pause Young (Allocation Failure)
[46.107s][info][gc,heap        ] GC(252) PSYoungGen: 262560K(441856K)->94496K(454656K) Eden: 94208K(94208K)->0K(94208K) From: 168352K(347648K)->94496K(360448K)
[46.107s][info][gc,heap        ] GC(252) ParOldGen: 6967310K(7239168K)->7136734K(7239168K)
[46.107s][info][gc,metaspace   ] GC(252) Metaspace: 6302K(6464K)->6302K(6464K) NonClass: 5769K(5824K)->5769K(5824K) Class: 533K(640K)->533K(640K)
[46.107s][info][gc             ] GC(252) Pause Young (Allocation Failure) 7060M->7061M(7513M) 137.996ms
[46.107s][info][gc,cpu         ] GC(252) User=0.89s Sys=0.05s Real=0.14s
[46.107s][info][gc,start       ] GC(253) Pause Full (Ergonomics)
[46.107s][info][gc,phases,start] GC(253) Marking Phase
[47.717s][info][gc,phases      ] GC(253) Marking Phase 1609.894ms
[47.717s][info][gc,phases,start] GC(253) Summary Phase
[47.717s][info][gc,phases      ] GC(253) Summary Phase 0.112ms
[47.717s][info][gc,phases,start] GC(253) Adjust Roots
[47.718s][info][gc,phases      ] GC(253) Adjust Roots 0.174ms
[47.718s][info][gc,phases,start] GC(253) Compaction Phase
[48.434s][info][gc,phases      ] GC(253) Compaction Phase 716.580ms
[48.434s][info][gc,phases,start] GC(253) Post Compact
[48.445s][info][gc,phases      ] GC(253) Post Compact 10.656ms
[48.447s][info][gc,heap        ] GC(253) PSYoungGen: 94496K(454656K)->0K(466432K) Eden: 0K(94208K)->0K(105984K) From: 94496K(360448K)->0K(360448K)
[48.447s][info][gc,heap        ] GC(253) ParOldGen: 7136734K(7239168K)->7225529K(8001024K)
[48.447s][info][gc,metaspace   ] GC(253) Metaspace: 6302K(6464K)->6302K(6464K) NonClass: 5769K(5824K)->5769K(5824K) Class: 533K(640K)->533K(640K)
[48.447s][info][gc             ] GC(253) Pause Full (Ergonomics) 7061M->7056M(8269M) 2340.106ms
[48.448s][info][gc,cpu         ] GC(253) User=16.77s Sys=0.05s Real=2.34s
[48.557s][info][gc,start       ] GC(254) Pause Young (Allocation Failure)
[48.644s][info][gc,heap        ] GC(254) PSYoungGen: 105984K(466432K)->106304K(466432K) Eden: 105984K(105984K)->0K(105984K) From: 0K(360448K)->106304K(360448K)
[48.644s][info][gc,heap        ] GC(254) ParOldGen: 7225529K(8001024K)->7225529K(8001024K)
[48.644s][info][gc,metaspace   ] GC(254) Metaspace: 6302K(6464K)->6302K(6464K) NonClass: 5769K(5824K)->5769K(5824K) Class: 533K(640K)->533K(640K)
[48.644s][info][gc             ] GC(254) Pause Young (Allocation Failure) 7159M->7159M(8269M) 87.177ms
[48.644s][info][gc,cpu         ] GC(254) User=0.19s Sys=0.00s Real=0.09s
[48.764s][info][gc,start       ] GC(255) Pause Young (Allocation Failure)
[48.888s][info][gc,heap        ] GC(255) PSYoungGen: 212288K(466432K)->212480K(462848K) Eden: 105984K(105984K)->0K(116224K) From: 106304K(360448K)->212480K(346624K)
[48.888s][info][gc,heap        ] GC(255) ParOldGen: 7225529K(8001024K)->7225529K(8001024K)
[48.888s][info][gc,metaspace   ] GC(255) Metaspace: 6302K(6464K)->6302K(6464K) NonClass: 5769K(5824K)->5769K(5824K) Class: 533K(640K)->533K(640K)
[48.889s][info][gc             ] GC(255) Pause Young (Allocation Failure) 7263M->7263M(8265M) 124.288ms
[48.889s][info][gc,cpu         ] GC(255) User=0.44s Sys=0.00s Real=0.12s
[49.004s][info][gc,start       ] GC(256) Pause Young (Allocation Failure)
[49.160s][info][gc,heap        ] GC(256) PSYoungGen: 328704K(462848K)->328928K(467456K) Eden: 116224K(116224K)->0K(116224K) From: 212480K(346624K)->328928K(351232K)
[49.160s][info][gc,heap        ] GC(256) ParOldGen: 7225529K(8001024K)->7225529K(8001024K)
[49.160s][info][gc,metaspace   ] GC(256) Metaspace: 6302K(6464K)->6302K(6464K) NonClass: 5769K(5824K)->5769K(5824K) Class: 533K(640K)->533K(640K)
[49.160s][info][gc             ] GC(256) Pause Young (Allocation Failure) 7377M->7377M(8270M) 156.111ms
[49.160s][info][gc,cpu         ] GC(256) User=1.22s Sys=0.00s Real=0.16s
[49.287s][info][gc,start       ] GC(257) Pause Young (Allocation Failure)
[49.514s][info][gc,heap        ] GC(257) PSYoungGen: 445152K(467456K)->339168K(483328K) Eden: 116224K(116224K)->0K(93696K) From: 328928K(351232K)->339168K(389632K)
[49.514s][info][gc,heap        ] GC(257) ParOldGen: 7225529K(8001024K)->7332457K(8001024K)
[49.514s][info][gc,metaspace   ] GC(257) Metaspace: 6302K(6464K)->6302K(6464K) NonClass: 5769K(5824K)->5769K(5824K) Class: 533K(640K)->533K(640K)
[49.514s][info][gc             ] GC(257) Pause Young (Allocation Failure) 7490M->7491M(8285M) 226.939ms
[49.514s][info][gc,cpu         ] GC(257) User=1.66s Sys=0.11s Real=0.23s
[49.609s][info][gc,start       ] GC(258) Pause Young (Allocation Failure)
[49.820s][info][gc,heap        ] GC(258) PSYoungGen: 432864K(483328K)->326912K(517632K) Eden: 93696K(93696K)->0K(93696K) From: 339168K(389632K)->326912K(423936K)
[49.820s][info][gc,heap        ] GC(258) ParOldGen: 7332457K(8001024K)->7439401K(8001024K)
[49.820s][info][gc,metaspace   ] GC(258) Metaspace: 6302K(6464K)->6302K(6464K) NonClass: 5769K(5824K)->5769K(5824K) Class: 533K(640K)->533K(640K)
[49.820s][info][gc             ] GC(258) Pause Young (Allocation Failure) 7583M->7584M(8319M) 210.384ms
[49.820s][info][gc,cpu         ] GC(258) User=1.44s Sys=0.09s Real=0.21s
[49.927s][info][gc,start       ] GC(259) Pause Young (Allocation Failure)
[50.131s][info][gc,heap        ] GC(259) PSYoungGen: 420608K(517632K)->304352K(542208K) Eden: 93696K(93696K)->0K(96256K) From: 326912K(423936K)->304352K(445952K)
[50.132s][info][gc,heap        ] GC(259) ParOldGen: 7439401K(8001024K)->7556673K(8001024K)
[50.132s][info][gc,metaspace   ] GC(259) Metaspace: 6302K(6464K)->6302K(6464K) NonClass: 5769K(5824K)->5769K(5824K) Class: 533K(640K)->533K(640K)
[50.132s][info][gc             ] GC(259) Pause Young (Allocation Failure) 7675M->7676M(8343M) 204.643ms
[50.132s][info][gc,cpu         ] GC(259) User=1.50s Sys=0.08s Real=0.20s
[50.239s][info][gc,start       ] GC(260) Pause Young (Allocation Failure)
[50.443s][info][gc,heap        ] GC(260) PSYoungGen: 400608K(542208K)->190432K(286720K) Eden: 96256K(96256K)->0K(96256K) From: 304352K(445952K)->190432K(190464K)
[50.443s][info][gc,heap        ] GC(260) ParOldGen: 7556673K(8001024K)->7768465K(8001024K)
[50.443s][info][gc,metaspace   ] GC(260) Metaspace: 6302K(6464K)->6302K(6464K) NonClass: 5769K(5824K)->5769K(5824K) Class: 533K(640K)->533K(640K)
[50.443s][info][gc             ] GC(260) Pause Young (Allocation Failure) 7770M->7772M(8093M) 204.541ms
[50.443s][info][gc,cpu         ] GC(260) User=1.53s Sys=0.09s Real=0.20s
[50.443s][info][gc,start       ] GC(261) Pause Full (Ergonomics)
[50.443s][info][gc,phases,start] GC(261) Marking Phase
[52.322s][info][gc,phases      ] GC(261) Marking Phase 1878.129ms
[52.322s][info][gc,phases,start] GC(261) Summary Phase
[52.322s][info][gc,phases      ] GC(261) Summary Phase 0.121ms
[52.322s][info][gc,phases,start] GC(261) Adjust Roots
[52.322s][info][gc,phases      ] GC(261) Adjust Roots 0.189ms
[52.322s][info][gc,phases,start] GC(261) Compaction Phase
[53.071s][info][gc,phases      ] GC(261) Compaction Phase 748.874ms
[53.071s][info][gc,phases,start] GC(261) Post Compact
[53.084s][info][gc,phases      ] GC(261) Post Compact 12.641ms
[53.086s][info][gc,heap        ] GC(261) PSYoungGen: 190432K(286720K)->0K(546816K) Eden: 0K(96256K)->0K(108544K) From: 190432K(190464K)->0K(438272K)
[53.086s][info][gc,heap        ] GC(261) ParOldGen: 7768465K(8001024K)->7953371K(8821248K)
[53.086s][info][gc,metaspace   ] GC(261) Metaspace: 6302K(6464K)->6302K(6464K) NonClass: 5769K(5824K)->5769K(5824K) Class: 533K(640K)->533K(640K)
[53.086s][info][gc             ] GC(261) Pause Full (Ergonomics) 7772M->7766M(9148M) 2642.777ms
[53.086s][info][gc,cpu         ] GC(261) User=19.42s Sys=0.11s Real=2.64s
[53.200s][info][gc,start       ] GC(262) Pause Young (Allocation Failure)
[53.295s][info][gc,heap        ] GC(262) PSYoungGen: 108544K(546816K)->108832K(546816K) Eden: 108544K(108544K)->0K(108544K) From: 0K(438272K)->108832K(438272K)
[53.296s][info][gc,heap        ] GC(262) ParOldGen: 7953371K(8821248K)->7953371K(8821248K)
[53.296s][info][gc,metaspace   ] GC(262) Metaspace: 6302K(6464K)->6302K(6464K) NonClass: 5769K(5824K)->5769K(5824K) Class: 533K(640K)->533K(640K)
[53.296s][info][gc             ] GC(262) Pause Young (Allocation Failure) 7872M->7873M(9148M) 95.658ms
[53.296s][info][gc,cpu         ] GC(262) User=0.30s Sys=0.00s Real=0.10s
[53.411s][info][gc,start       ] GC(263) Pause Young (Allocation Failure)
[53.542s][info][gc,heap        ] GC(263) PSYoungGen: 217376K(546816K)->217600K(515584K) Eden: 108544K(108544K)->0K(119296K) From: 108832K(438272K)->217600K(396288K)
[53.542s][info][gc,heap        ] GC(263) ParOldGen: 7953371K(8821248K)->7953371K(8821248K)
[53.542s][info][gc,metaspace   ] GC(263) Metaspace: 6302K(6464K)->6302K(6464K) NonClass: 5769K(5824K)->5769K(5824K) Class: 533K(640K)->533K(640K)
[53.542s][info][gc             ] GC(263) Pause Young (Allocation Failure) 7979M->7979M(9118M) 131.263ms
[53.542s][info][gc,cpu         ] GC(263) User=0.47s Sys=0.00s Real=0.13s
[53.671s][info][gc,start       ] GC(264) Pause Young (Allocation Failure)
[53.836s][info][gc,heap        ] GC(264) PSYoungGen: 336896K(515584K)->337120K(535552K) Eden: 119296K(119296K)->0K(119296K) From: 217600K(396288K)->337120K(416256K)
[53.836s][info][gc,heap        ] GC(264) ParOldGen: 7953371K(8821248K)->7953371K(8821248K)
[53.836s][info][gc,metaspace   ] GC(264) Metaspace: 6302K(6464K)->6302K(6464K) NonClass: 5769K(5824K)->5769K(5824K) Class: 533K(640K)->533K(640K)
[53.836s][info][gc             ] GC(264) Pause Young (Allocation Failure) 8095M->8096M(9137M) 164.677ms
[53.836s][info][gc,cpu         ] GC(264) User=1.06s Sys=0.00s Real=0.17s
[53.959s][info][gc,start       ] GC(265) Pause Young (Allocation Failure)
[54.201s][info][gc,heap        ] GC(265) PSYoungGen: 456416K(535552K)->347968K(549376K) Eden: 119296K(119296K)->0K(108032K) From: 337120K(416256K)->347968K(441344K)
[54.201s][info][gc,heap        ] GC(265) ParOldGen: 7953371K(8821248K)->8062915K(8821248K)
[54.201s][info][gc,metaspace   ] GC(265) Metaspace: 6302K(6464K)->6302K(6464K) NonClass: 5769K(5824K)->5769K(5824K) Class: 533K(640K)->533K(640K)
[54.201s][info][gc             ] GC(265) Pause Young (Allocation Failure) 8212M->8213M(9151M) 242.783ms
[54.201s][info][gc,cpu         ] GC(265) User=1.61s Sys=0.03s Real=0.24s
[54.316s][info][gc,start       ] GC(266) Pause Young (Allocation Failure)
[54.548s][info][gc,heap        ] GC(266) PSYoungGen: 456000K(549376K)->347424K(572928K) Eden: 108032K(108032K)->0K(108032K) From: 347968K(441344K)->347424K(464896K)
[54.548s][info][gc,heap        ] GC(266) ParOldGen: 8062915K(8821248K)->8172443K(8821248K)
[54.548s][info][gc,metaspace   ] GC(266) Metaspace: 6302K(6464K)->6302K(6464K) NonClass: 5769K(5824K)->5769K(5824K) Class: 533K(640K)->533K(640K)
[54.548s][info][gc             ] GC(266) Pause Young (Allocation Failure) 8319M->8320M(9174M) 231.911ms
[54.548s][info][gc,cpu         ] GC(266) User=1.72s Sys=0.03s Real=0.23s
[54.664s][info][gc,start       ] GC(267) Pause Young (Allocation Failure)
[54.897s][info][gc,heap        ] GC(267) PSYoungGen: 455456K(572928K)->336128K(594944K) Eden: 108032K(108032K)->0K(112128K) From: 347424K(464896K)->336128K(482816K)
[54.897s][info][gc,heap        ] GC(267) ParOldGen: 8172443K(8821248K)->8292827K(8821248K)
[54.897s][info][gc,metaspace   ] GC(267) Metaspace: 6302K(6464K)->6302K(6464K) NonClass: 5769K(5824K)->5769K(5824K) Class: 533K(640K)->533K(640K)
[54.897s][info][gc             ] GC(267) Pause Young (Allocation Failure) 8425M->8426M(9195M) 233.249ms
[54.897s][info][gc,cpu         ] GC(267) User=1.72s Sys=0.06s Real=0.23s
[55.018s][info][gc,start       ] GC(268) Pause Young (Allocation Failure)
[55.256s][info][gc,heap        ] GC(268) PSYoungGen: 448256K(594944K)->328928K(603648K) Eden: 112128K(112128K)->0K(112128K) From: 336128K(482816K)->328928K(491520K)
[55.256s][info][gc,heap        ] GC(268) ParOldGen: 8292827K(8821248K)->8413203K(8821248K)
[55.256s][info][gc,metaspace   ] GC(268) Metaspace: 6302K(6464K)->6302K(6464K) NonClass: 5769K(5824K)->5769K(5824K) Class: 533K(640K)->533K(640K)
[55.256s][info][gc             ] GC(268) Pause Young (Allocation Failure) 8536M->8537M(9204M) 238.882ms
[55.256s][info][gc,cpu         ] GC(268) User=1.62s Sys=0.08s Real=0.24s
[55.381s][info][gc,start       ] GC(269) Pause Young (Allocation Failure)
[55.623s][info][gc,heap        ] GC(269) PSYoungGen: 441056K(603648K)->224864K(588800K) Eden: 112128K(112128K)->0K(126464K) From: 328928K(491520K)->224864K(462336K)
[55.623s][info][gc,heap        ] GC(269) ParOldGen: 8413203K(8821248K)->8631195K(8821248K)
[55.623s][info][gc,metaspace   ] GC(269) Metaspace: 6302K(6464K)->6302K(6464K) NonClass: 5769K(5824K)->5769K(5824K) Class: 533K(640K)->533K(640K)
[55.623s][info][gc             ] GC(269) Pause Young (Allocation Failure) 8646M->8648M(9189M) 242.115ms
[55.623s][info][gc,cpu         ] GC(269) User=1.80s Sys=0.06s Real=0.24s
[55.623s][info][gc,start       ] GC(270) Pause Full (Ergonomics)
[55.624s][info][gc,phases,start] GC(270) Marking Phase
[57.685s][info][gc,phases      ] GC(270) Marking Phase 2061.669ms
[57.685s][info][gc,phases,start] GC(270) Summary Phase
[57.685s][info][gc,phases      ] GC(270) Summary Phase 0.097ms
[57.685s][info][gc,phases,start] GC(270) Adjust Roots
[57.686s][info][gc,phases      ] GC(270) Adjust Roots 0.200ms
[57.686s][info][gc,phases,start] GC(270) Compaction Phase
[58.513s][info][gc,phases      ] GC(270) Compaction Phase 827.103ms
[58.513s][info][gc,phases,start] GC(270) Post Compact
[58.527s][info][gc,phases      ] GC(270) Post Compact 13.968ms
[58.530s][info][gc,heap        ] GC(270) PSYoungGen: 224864K(588800K)->28015K(604672K) Eden: 0K(126464K)->0K(142336K) From: 224864K(462336K)->28015K(462336K)
[58.530s][info][gc,heap        ] GC(270) ParOldGen: 8631195K(8821248K)->8821111K(9779200K)
[58.530s][info][gc,metaspace   ] GC(270) Metaspace: 6302K(6464K)->6302K(6464K) NonClass: 5769K(5824K)->5769K(5824K) Class: 533K(640K)->533K(640K)
[58.530s][info][gc             ] GC(270) Pause Full (Ergonomics) 8648M->8641M(10140M) 2906.322ms
[58.530s][info][gc,cpu         ] GC(270) User=21.19s Sys=0.09s Real=2.91s
[58.686s][info][gc,start       ] GC(271) Pause Young (Allocation Failure)
[59.174s][info][gc,heap        ] GC(271) PSYoungGen: 170351K(604672K)->142720K(620544K) Eden: 142336K(142336K)->0K(142336K) From: 28015K(462336K)->142720K(478208K)
[59.174s][info][gc,heap        ] GC(271) ParOldGen: 8821111K(9779200K)->8849423K(9779200K)
[59.174s][info][gc,metaspace   ] GC(271) Metaspace: 6302K(6464K)->6302K(6464K) NonClass: 5769K(5824K)->5769K(5824K) Class: 533K(640K)->533K(640K)
[59.174s][info][gc             ] GC(271) Pause Young (Allocation Failure) 8780M->8781M(10156M) 488.065ms
[59.174s][info][gc,cpu         ] GC(271) User=3.38s Sys=0.03s Real=0.49s
[59.326s][info][gc,start       ] GC(272) Pause Young (Allocation Failure)
[59.502s][info][gc,heap        ] GC(272) PSYoungGen: 285056K(620544K)->142752K(624640K) Eden: 142336K(142336K)->0K(157184K) From: 142720K(478208K)->142752K(467456K)
[59.502s][info][gc,heap        ] GC(272) ParOldGen: 8849423K(9779200K)->8993063K(9779200K)
[59.502s][info][gc,metaspace   ] GC(272) Metaspace: 6302K(6464K)->6302K(6464K) NonClass: 5769K(5824K)->5769K(5824K) Class: 533K(640K)->533K(640K)
[59.502s][info][gc             ] GC(272) Pause Young (Allocation Failure) 8920M->8921M(10160M) 176.051ms
[59.502s][info][gc,cpu         ] GC(272) User=1.20s Sys=0.06s Real=0.18s
[59.690s][info][gc,start       ] GC(273) Pause Young (Allocation Failure)
[59.871s][info][gc,heap        ] GC(273) PSYoungGen: 299936K(624640K)->157600K(629248K) Eden: 157184K(157184K)->0K(157184K) From: 142752K(467456K)->157600K(472064K)
[59.871s][info][gc,heap        ] GC(273) ParOldGen: 8993063K(9779200K)->9136687K(9779200K)
[59.871s][info][gc,metaspace   ] GC(273) Metaspace: 6302K(6464K)->6302K(6464K) NonClass: 5769K(5824K)->5769K(5824K) Class: 533K(640K)->533K(640K)
[59.871s][info][gc             ] GC(273) Pause Young (Allocation Failure) 9075M->9076M(10164M) 180.844ms
[59.871s][info][gc,cpu         ] GC(273) User=1.23s Sys=0.05s Real=0.18s
[60.044s][info][gc,start       ] GC(274) Pause Young (Allocation Failure)
[60.238s][info][gc,heap        ] GC(274) PSYoungGen: 314784K(629248K)->157632K(613888K) Eden: 157184K(157184K)->0K(173568K) From: 157600K(472064K)->157632K(440320K)
[60.238s][info][gc,heap        ] GC(274) ParOldGen: 9136687K(9779200K)->9295287K(9779200K)
[60.238s][info][gc,metaspace   ] GC(274) Metaspace: 6302K(6464K)->6302K(6464K) NonClass: 5769K(5824K)->5769K(5824K) Class: 533K(640K)->533K(640K)
[60.238s][info][gc             ] GC(274) Pause Young (Allocation Failure) 9229M->9231M(10149M) 193.501ms
[60.238s][info][gc,cpu         ] GC(274) User=1.23s Sys=0.05s Real=0.19s
[60.426s][info][gc,start       ] GC(275) Pause Young (Allocation Failure)
[60.626s][info][gc,heap        ] GC(275) PSYoungGen: 331200K(613888K)->173984K(625152K) Eden: 173568K(173568K)->0K(173568K) From: 157632K(440320K)->173984K(451584K)
[60.626s][info][gc,heap        ] GC(275) ParOldGen: 9295287K(9779200K)->9453911K(9779200K)
[60.626s][info][gc,metaspace   ] GC(275) Metaspace: 6302K(6464K)->6302K(6464K) NonClass: 5769K(5824K)->5769K(5824K) Class: 533K(640K)->533K(640K)
[60.626s][info][gc             ] GC(275) Pause Young (Allocation Failure) 9400M->9402M(10160M) 199.972ms
[60.626s][info][gc,cpu         ] GC(275) User=1.19s Sys=0.14s Real=0.20s
[60.814s][info][gc,start       ] GC(276) Pause Young (Allocation Failure)
[61.023s][info][gc,heap        ] GC(276) PSYoungGen: 347552K(625152K)->174080K(601088K) Eden: 173568K(173568K)->0K(192000K) From: 173984K(451584K)->174080K(409088K)
[61.023s][info][gc,heap        ] GC(276) ParOldGen: 9453911K(9779200K)->9629055K(9779200K)
[61.023s][info][gc,metaspace   ] GC(276) Metaspace: 6302K(6464K)->6302K(6464K) NonClass: 5769K(5824K)->5769K(5824K) Class: 533K(640K)->533K(640K)
[61.023s][info][gc             ] GC(276) Pause Young (Allocation Failure) 9571M->9573M(10137M) 208.721ms
[61.023s][info][gc,cpu         ] GC(276) User=1.42s Sys=0.09s Real=0.21s
[61.023s][info][gc,start       ] GC(277) Pause Full (Ergonomics)
[61.023s][info][gc,phases,start] GC(277) Marking Phase
[63.356s][info][gc,phases      ] GC(277) Marking Phase 2333.215ms
[63.356s][info][gc,phases,start] GC(277) Summary Phase
[63.356s][info][gc,phases      ] GC(277) Summary Phase 0.138ms
[63.356s][info][gc,phases,start] GC(277) Adjust Roots
[63.357s][info][gc,phases      ] GC(277) Adjust Roots 0.344ms
[63.357s][info][gc,phases,start] GC(277) Compaction Phase
[64.205s][info][gc,phases      ] GC(277) Compaction Phase 848.233ms
[64.205s][info][gc,phases,start] GC(277) Post Compact
[64.222s][info][gc,phases      ] GC(277) Post Compact 16.388ms
[64.225s][info][gc,heap        ] GC(277) PSYoungGen: 174080K(601088K)->16181K(614912K) Eden: 0K(192000K)->0K(205824K) From: 174080K(409088K)->16181K(409088K)
[64.225s][info][gc,heap        ] GC(277) ParOldGen: 9629055K(9779200K)->9778926K(10834432K)
[64.225s][info][gc,metaspace   ] GC(277) Metaspace: 6302K(6464K)->6302K(6464K) NonClass: 5769K(5824K)->5769K(5824K) Class: 533K(640K)->533K(640K)
[64.225s][info][gc             ] GC(277) Pause Full (Ergonomics) 9573M->9565M(11181M) 3202.181ms
[64.225s][info][gc,cpu         ] GC(277) User=23.58s Sys=0.09s Real=3.20s
[64.445s][info][gc,start       ] GC(278) Pause Young (Allocation Failure)
[65.013s][info][gc,heap        ] GC(278) PSYoungGen: 222005K(614912K)->206336K(412160K) Eden: 205824K(205824K)->0K(205824K) From: 16181K(409088K)->206336K(206336K)
[65.013s][info][gc,heap        ] GC(278) ParOldGen: 9778926K(10834432K)->9795318K(10834432K)
[65.013s][info][gc,metaspace   ] GC(278) Metaspace: 6302K(6464K)->6302K(6464K) NonClass: 5769K(5824K)->5769K(5824K) Class: 533K(640K)->533K(640K)
[65.013s][info][gc             ] GC(278) Pause Young (Allocation Failure) 9766M->9767M(10983M) 568.476ms
[65.013s][info][gc,cpu         ] GC(278) User=3.75s Sys=0.03s Real=0.57s
[65.239s][info][gc,start       ] GC(279) Pause Young (Allocation Failure)
[65.497s][info][gc,heap        ] GC(279) PSYoungGen: 412160K(412160K)->403456K(572928K) Eden: 205824K(205824K)->0K(169472K) From: 206336K(206336K)->403456K(403456K)
[65.497s][info][gc,heap        ] GC(279) ParOldGen: 9795318K(10834432K)->9804438K(10834432K)
[65.497s][info][gc,metaspace   ] GC(279) Metaspace: 6302K(6464K)->6302K(6464K) NonClass: 5769K(5824K)->5769K(5824K) Class: 533K(640K)->533K(640K)
[65.497s][info][gc             ] GC(279) Pause Young (Allocation Failure) 9968M->9968M(11140M) 257.497ms
[65.497s][info][gc,cpu         ] GC(279) User=1.83s Sys=0.02s Real=0.26s
[65.692s][info][gc,start       ] GC(280) Pause Young (Allocation Failure)
[66.054s][info][gc,heap        ] GC(280) PSYoungGen: 572928K(572928K)->169984K(627712K) Eden: 169472K(169472K)->0K(169472K) From: 403456K(403456K)->169984K(458240K)
[66.054s][info][gc,heap        ] GC(280) ParOldGen: 9804438K(10834432K)->10210758K(10834432K)
[66.054s][info][gc,metaspace   ] GC(280) Metaspace: 6302K(6464K)->6302K(6464K) NonClass: 5769K(5824K)->5769K(5824K) Class: 533K(640K)->533K(640K)
[66.054s][info][gc             ] GC(280) Pause Young (Allocation Failure) 10134M->10137M(11193M) 361.265ms
[66.054s][info][gc,cpu         ] GC(280) User=2.53s Sys=0.23s Real=0.36s
[66.237s][info][gc,start       ] GC(281) Pause Young (Allocation Failure)
[66.466s][info][gc,heap        ] GC(281) PSYoungGen: 339456K(627712K)->169888K(609792K) Eden: 169472K(169472K)->0K(187392K) From: 169984K(458240K)->169888K(422400K)
[66.466s][info][gc,heap        ] GC(281) ParOldGen: 10210758K(10834432K)->10381758K(10834432K)
[66.466s][info][gc,metaspace   ] GC(281) Metaspace: 6302K(6464K)->6302K(6464K) NonClass: 5769K(5824K)->5769K(5824K) Class: 533K(640K)->533K(640K)
[66.466s][info][gc             ] GC(281) Pause Young (Allocation Failure) 10302M->10304M(11176M) 228.575ms
[66.466s][info][gc,cpu         ] GC(281) User=1.27s Sys=0.08s Real=0.23s
[66.681s][info][gc,start       ] GC(282) Pause Young (Allocation Failure)
[66.909s][info][gc,heap        ] GC(282) PSYoungGen: 357280K(609792K)->187904K(621568K) Eden: 187392K(187392K)->0K(187392K) From: 169888K(422400K)->187904K(434176K)
[66.909s][info][gc,heap        ] GC(282) ParOldGen: 10381758K(10834432K)->10552782K(10834432K)
[66.909s][info][gc,metaspace   ] GC(282) Metaspace: 6302K(6464K)->6302K(6464K) NonClass: 5769K(5824K)->5769K(5824K) Class: 533K(640K)->533K(640K)
[66.909s][info][gc             ] GC(282) Pause Young (Allocation Failure) 10487M->10488M(11187M) 227.811ms
[66.909s][info][gc,cpu         ] GC(282) User=1.47s Sys=0.09s Real=0.23s
[66.909s][info][gc,start       ] GC(283) Pause Full (Ergonomics)
[66.909s][info][gc,phases,start] GC(283) Marking Phase
[69.511s][info][gc,phases      ] GC(283) Marking Phase 2602.108ms
[69.511s][info][gc,phases,start] GC(283) Summary Phase
[69.512s][info][gc,phases      ] GC(283) Summary Phase 0.163ms
[69.512s][info][gc,phases,start] GC(283) Adjust Roots
[69.512s][info][gc,phases      ] GC(283) Adjust Roots 0.214ms
[69.512s][info][gc,phases,start] GC(283) Compaction Phase
[70.435s][info][gc,phases      ] GC(283) Compaction Phase 922.976ms
[70.435s][info][gc,phases,start] GC(283) Post Compact
[70.450s][info][gc,phases      ] GC(283) Post Compact 15.349ms
[70.453s][info][gc,heap        ] GC(283) PSYoungGen: 187904K(621568K)->0K(625152K) Eden: 0K(187392K)->0K(206848K) From: 187904K(434176K)->0K(418304K)
[70.453s][info][gc,heap        ] GC(283) ParOldGen: 10552782K(10834432K)->10732935K(11673600K)
[70.453s][info][gc,metaspace   ] GC(283) Metaspace: 6302K(6464K)->6302K(6464K) NonClass: 5769K(5824K)->5769K(5824K) Class: 533K(640K)->533K(640K)
[70.453s][info][gc             ] GC(283) Pause Full (Ergonomics) 10488M->10481M(12010M) 3543.883ms
[70.453s][info][gc,cpu         ] GC(283) User=25.53s Sys=0.11s Real=3.54s
[70.695s][info][gc,start       ] GC(284) Pause Young (Allocation Failure)
[70.837s][info][gc,heap        ] GC(284) PSYoungGen: 206848K(625152K)->207392K(414720K) Eden: 206848K(206848K)->0K(206848K) From: 0K(418304K)->207392K(207872K)
[70.837s][info][gc,heap        ] GC(284) ParOldGen: 10732935K(11673600K)->10732935K(11673600K)
[70.837s][info][gc,metaspace   ] GC(284) Metaspace: 6302K(6464K)->6302K(6464K) NonClass: 5769K(5824K)->5769K(5824K) Class: 533K(640K)->533K(640K)
[70.837s][info][gc             ] GC(284) Pause Young (Allocation Failure) 10683M->10683M(11805M) 142.655ms
[70.837s][info][gc,cpu         ] GC(284) User=0.78s Sys=0.00s Real=0.14s
[71.082s][info][gc,start       ] GC(285) Pause Young (Allocation Failure)
[71.333s][info][gc,heap        ] GC(285) PSYoungGen: 414240K(414720K)->400384K(569856K) Eden: 206848K(206848K)->0K(169472K) From: 207392K(207872K)->400384K(400384K)
[71.334s][info][gc,heap        ] GC(285) ParOldGen: 10732935K(11673600K)->10747199K(11673600K)
[71.334s][info][gc,metaspace   ] GC(285) Metaspace: 6302K(6464K)->6302K(6464K) NonClass: 5769K(5824K)->5769K(5824K) Class: 533K(640K)->533K(640K)
[71.334s][info][gc             ] GC(285) Pause Young (Allocation Failure) 10885M->10886M(11956M) 251.685ms
[71.334s][info][gc,cpu         ] GC(285) User=1.64s Sys=0.00s Real=0.25s
[71.547s][info][gc,start       ] GC(286) Pause Young (Allocation Failure)
[71.908s][info][gc,heap        ] GC(286) PSYoungGen: 569856K(569856K)->169952K(624640K) Eden: 169472K(169472K)->0K(169472K) From: 400384K(400384K)->169952K(455168K)
[71.908s][info][gc,heap        ] GC(286) ParOldGen: 10747199K(11673600K)->11150471K(11673600K)
[71.908s][info][gc,metaspace   ] GC(286) Metaspace: 6302K(6464K)->6302K(6464K) NonClass: 5769K(5824K)->5769K(5824K) Class: 533K(640K)->533K(640K)
[71.908s][info][gc             ] GC(286) Pause Young (Allocation Failure) 11051M->11055M(12010M) 361.844ms
[71.908s][info][gc,cpu         ] GC(286) User=2.27s Sys=0.47s Real=0.36s
[72.109s][info][gc,start       ] GC(287) Pause Young (Allocation Failure)
[72.326s][info][gc,heap        ] GC(287) PSYoungGen: 339424K(624640K)->339712K(610816K) Eden: 169472K(169472K)->0K(166400K) From: 169952K(455168K)->339712K(444416K)
[72.326s][info][gc,heap        ] GC(287) ParOldGen: 11150471K(11673600K)->11150471K(11673600K)
[72.326s][info][gc,metaspace   ] GC(287) Metaspace: 6302K(6464K)->6302K(6464K) NonClass: 5769K(5824K)->5769K(5824K) Class: 533K(640K)->533K(640K)
[72.326s][info][gc             ] GC(287) Pause Young (Allocation Failure) 11220M->11220M(11996M) 217.105ms
[72.326s][info][gc,cpu         ] GC(287) User=0.98s Sys=0.00s Real=0.22s
[72.441s][info][gc,start       ] GC(288) Pause Young (Allocation Failure)
[72.718s][info][gc,heap        ] GC(288) PSYoungGen: 442865K(610816K)->442400K(630272K) Eden: 103153K(166400K)->0K(166400K) From: 339712K(444416K)->442400K(463872K)
[72.718s][info][gc,heap        ] GC(288) ParOldGen: 11150471K(11673600K)->11150471K(11673600K)
[72.718s][info][gc,metaspace   ] GC(288) Metaspace: 6302K(6464K)->6302K(6464K) NonClass: 5769K(5824K)->5769K(5824K) Class: 533K(640K)->533K(640K)
[72.718s][info][gc             ] GC(288) Pause Young (Allocation Failure) 11321M->11321M(12015M) 276.756ms
[72.718s][info][gc,cpu         ] GC(288) User=1.77s Sys=0.00s Real=0.28s
[72.718s][info][gc,start       ] GC(289) Pause Young (Allocation Failure)
[72.981s][info][gc,heap        ] GC(289) PSYoungGen: 442400K(630272K)->272608K(666112K) Eden: 0K(166400K)->0K(188416K) From: 442400K(463872K)->272608K(477696K)
[72.982s][info][gc,heap        ] GC(289) ParOldGen: 11150471K(11673600K)->11321479K(11673600K)
[72.982s][info][gc,metaspace   ] GC(289) Metaspace: 6302K(6464K)->6302K(6464K) NonClass: 5769K(5824K)->5769K(5824K) Class: 533K(640K)->533K(640K)
[72.982s][info][gc             ] GC(289) Pause Young (Allocation Failure) 11321M->11322M(12050M) 263.647ms
[72.982s][info][gc,cpu         ] GC(289) User=1.38s Sys=0.08s Real=0.26s
[72.982s][info][gc,start       ] GC(290) Pause Full (Allocation Failure)
[72.982s][info][gc,phases,start] GC(290) Marking Phase
[75.905s][info][gc,phases      ] GC(290) Marking Phase 2923.234ms
[75.905s][info][gc,phases,start] GC(290) Summary Phase
[75.905s][info][gc,phases      ] GC(290) Summary Phase 0.187ms
[75.905s][info][gc,phases,start] GC(290) Adjust Roots
[75.905s][info][gc,phases      ] GC(290) Adjust Roots 0.189ms
[75.905s][info][gc,phases,start] GC(290) Compaction Phase
[76.968s][info][gc,phases      ] GC(290) Compaction Phase 1062.502ms
[76.968s][info][gc,phases,start] GC(290) Post Compact
[76.987s][info][gc,phases      ] GC(290) Post Compact 18.803ms
[76.987s][info][gc,heap        ] GC(290) PSYoungGen: 272608K(666112K)->0K(683520K) Eden: 0K(188416K)->0K(188416K) From: 272608K(477696K)->0K(495104K)
[76.987s][info][gc,heap        ] GC(290) ParOldGen: 11321479K(11673600K)->11587947K(11673600K)
[76.987s][info][gc,metaspace   ] GC(290) Metaspace: 6302K(6464K)->6302K(6464K) NonClass: 5769K(5824K)->5769K(5824K) Class: 533K(640K)->533K(640K)
[76.987s][info][gc             ] GC(290) Pause Full (Allocation Failure) 11322M->11316M(12067M) 4005.380ms
[76.987s][info][gc,cpu         ] GC(290) User=27.58s Sys=0.33s Real=4.01s
[76.987s][info][gc,start       ] GC(291) Pause Young (Allocation Failure)
[77.005s][info][gc,heap        ] GC(291) PSYoungGen: 0K(683520K)->0K(687616K) Eden: 0K(188416K)->0K(192512K) From: 0K(495104K)->0K(495104K)
[77.005s][info][gc,heap        ] GC(291) ParOldGen: 11587947K(11673600K)->11587947K(11673600K)
[77.005s][info][gc,metaspace   ] GC(291) Metaspace: 6302K(6464K)->6302K(6464K) NonClass: 5769K(5824K)->5769K(5824K) Class: 533K(640K)->533K(640K)
[77.005s][info][gc             ] GC(291) Pause Young (Allocation Failure) 11316M->11316M(12071M) 18.071ms
[77.005s][info][gc,cpu         ] GC(291) User=0.06s Sys=0.00s Real=0.02s
[77.005s][info][gc,start       ] GC(292) Pause Full (Allocation Failure)
[77.005s][info][gc,phases,start] GC(292) Marking Phase
[79.911s][info][gc,phases      ] GC(292) Marking Phase 2905.431ms
[79.911s][info][gc,phases,start] GC(292) Summary Phase
[79.911s][info][gc,phases      ] GC(292) Summary Phase 0.141ms
[79.911s][info][gc,phases,start] GC(292) Adjust Roots
[79.911s][info][gc,phases      ] GC(292) Adjust Roots 0.453ms
[79.911s][info][gc,phases,start] GC(292) Compaction Phase
[82.665s][info][gc,phases      ] GC(292) Compaction Phase 2753.360ms
[82.665s][info][gc,phases,start] GC(292) Post Compact
[82.683s][info][gc,phases      ] GC(292) Post Compact 17.677ms
[82.683s][info][gc,heap        ] GC(292) PSYoungGen: 0K(687616K)->0K(708608K) Eden: 0K(192512K)->0K(192512K) From: 0K(495104K)->0K(516096K)
[82.683s][info][gc,heap        ] GC(292) ParOldGen: 11587947K(11673600K)->11587942K(11673600K)
[82.683s][info][gc,metaspace   ] GC(292) Metaspace: 6302K(6464K)->6300K(6464K) NonClass: 5769K(5824K)->5767K(5824K) Class: 533K(640K)->532K(640K)
[82.683s][info][gc             ] GC(292) Pause Full (Allocation Failure) 11316M->11316M(12092M) 5677.431ms
[82.683s][info][gc,cpu         ] GC(292) User=38.48s Sys=0.00s Real=5.68s
[82.684s][info][gc,heap,exit   ] Heap
[82.684s][info][gc,heap,exit   ]  PSYoungGen      total 708608K, used 7656K [0x000000069bc00000, 0x00000006e7b00000, 0x0000000800000000)
[82.684s][info][gc,heap,exit   ]   eden space 192512K, 3% used [0x000000069bc00000,0x000000069c37a2f0,0x00000006a7800000)
[82.684s][info][gc,heap,exit   ]   from space 516096K, 0% used [0x00000006a7800000,0x00000006a7800000,0x00000006c7000000)
[82.684s][info][gc,heap,exit   ]   to   space 516096K, 0% used [0x00000006c8300000,0x00000006c8300000,0x00000006e7b00000)
[82.684s][info][gc,heap,exit   ]  ParOldGen       total 11673600K, used 11587942K [0x00000003d3400000, 0x000000069bc00000, 0x000000069bc00000)
[82.684s][info][gc,heap,exit   ]   object space 11673600K, 99% used [0x00000003d3400000,0x0000000696859b88,0x000000069bc00000)
[82.684s][info][gc,heap,exit   ]  Metaspace       used 6305K, committed 6528K, reserved 1114112K
[82.684s][info][gc,heap,exit   ]   class space    used 534K, committed 640K, reserved 1048576K
