[0.011s][info][gc,init] CardTable entry size: 512
[0.011s][info][gc     ] Using Parallel
[0.012s][info][gc,init] Version: 18.0.1+10 (release)
[0.012s][info][gc,init] CPUs: 8 total, 8 available
[0.012s][info][gc,init] Memory: 16063M
[0.013s][info][gc,init] Large Page Support: Disabled
[0.013s][info][gc,init] NUMA Support: Disabled
[0.013s][info][gc,init] Compressed Oops: Enabled (Zero based)
[0.013s][info][gc,init] Alignments: Space 512K, Generation 512K, Heap 2M
[0.013s][info][gc,init] Heap Min Capacity: 2M
[0.013s][info][gc,init] Heap Initial Capacity: 2M
[0.013s][info][gc,init] Heap Max Capacity: 9000M
[0.013s][info][gc,init] Pre-touch: Disabled
[0.013s][info][gc,init] Parallel Workers: 8
[0.013s][info][gc,metaspace] CDS archive(s) not mapped
[0.013s][info][gc,metaspace] Compressed class space mapped at: 0x0000000800000000-0x0000000840000000, reserved size: 1073741824
[0.013s][info][gc,metaspace] Narrow klass base: 0x0000000800000000, Narrow klass shift: 0, Narrow klass range: 0x40000000
[0.107s][info][gc,start    ] GC(0) Pause Young (Allocation Failure)
[0.108s][info][gc,heap     ] GC(0) PSYoungGen: 512K(1024K)->480K(1024K) Eden: 512K(512K)->0K(512K) From: 0K(512K)->480K(512K)
[0.108s][info][gc,heap     ] GC(0) ParOldGen: 0K(512K)->8K(512K)
[0.108s][info][gc,metaspace] GC(0) Metaspace: 4229K(4352K)->4229K(4352K) NonClass: 3908K(3968K)->3908K(3968K) Class: 321K(384K)->321K(384K)
[0.108s][info][gc          ] GC(0) Pause Young (Allocation Failure) 0M->0M(1M) 1.348ms
[0.108s][info][gc,cpu      ] GC(0) User=0.00s Sys=0.00s Real=0.00s
[0.167s][info][gc,start    ] GC(1) Pause Young (Allocation Failure)
[0.168s][info][gc,heap     ] GC(1) PSYoungGen: 991K(1024K)->512K(1536K) Eden: 511K(512K)->0K(1024K) From: 480K(512K)->512K(512K)
[0.168s][info][gc,heap     ] GC(1) ParOldGen: 8K(512K)->84K(512K)
[0.168s][info][gc,metaspace] GC(1) Metaspace: 5878K(6016K)->5878K(6016K) NonClass: 5381K(5504K)->5381K(5504K) Class: 496K(512K)->496K(512K)
[0.168s][info][gc          ] GC(1) Pause Young (Allocation Failure) 0M->0M(2M) 0.868ms
[0.168s][info][gc,cpu      ] GC(1) User=0.00s Sys=0.00s Real=0.00s
[0.187s][info][gc,start    ] GC(2) Pause Young (Allocation Failure)
[0.188s][info][gc,heap     ] GC(2) PSYoungGen: 1536K(1536K)->512K(1536K) Eden: 1024K(1024K)->0K(1024K) From: 512K(512K)->512K(512K)
[0.188s][info][gc,heap     ] GC(2) ParOldGen: 84K(512K)->508K(512K)
[0.188s][info][gc,metaspace] GC(2) Metaspace: 6297K(6464K)->6297K(6464K) NonClass: 5763K(5824K)->5763K(5824K) Class: 533K(640K)->533K(640K)
[0.188s][info][gc          ] GC(2) Pause Young (Allocation Failure) 1M->0M(2M) 1.098ms
[0.188s][info][gc,cpu      ] GC(2) User=0.00s Sys=0.00s Real=0.00s
[0.188s][info][gc,start    ] GC(3) Pause Full (Ergonomics)
[0.188s][info][gc,phases,start] GC(3) Marking Phase
[0.189s][info][gc,phases      ] GC(3) Marking Phase 0.904ms
[0.189s][info][gc,phases,start] GC(3) Summary Phase
[0.189s][info][gc,phases      ] GC(3) Summary Phase 0.015ms
[0.189s][info][gc,phases,start] GC(3) Adjust Roots
[0.190s][info][gc,phases      ] GC(3) Adjust Roots 0.394ms
[0.190s][info][gc,phases,start] GC(3) Compaction Phase
[0.191s][info][gc,phases      ] GC(3) Compaction Phase 1.502ms
[0.191s][info][gc,phases,start] GC(3) Post Compact
[0.191s][info][gc,phases      ] GC(3) Post Compact 0.068ms
[0.191s][info][gc,heap        ] GC(3) PSYoungGen: 512K(1536K)->500K(1536K) Eden: 0K(1024K)->0K(1024K) From: 512K(512K)->500K(512K)
[0.191s][info][gc,heap        ] GC(3) ParOldGen: 508K(512K)->480K(2048K)
[0.191s][info][gc,metaspace   ] GC(3) Metaspace: 6297K(6464K)->6297K(6464K) NonClass: 5763K(5824K)->5763K(5824K) Class: 533K(640K)->533K(640K)
[0.191s][info][gc             ] GC(3) Pause Full (Ergonomics) 0M->0M(3M) 3.143ms
[0.191s][info][gc,cpu         ] GC(3) User=0.00s Sys=0.00s Real=0.00s
[0.193s][info][gc,start       ] GC(4) Pause Young (Allocation Failure)
[0.194s][info][gc,heap        ] GC(4) PSYoungGen: 1524K(1536K)->480K(2560K) Eden: 1024K(1024K)->0K(2048K) From: 500K(512K)->480K(512K)
[0.194s][info][gc,heap        ] GC(4) ParOldGen: 480K(2048K)->1036K(2048K)
[0.194s][info][gc,metaspace   ] GC(4) Metaspace: 6297K(6464K)->6297K(6464K) NonClass: 5763K(5824K)->5763K(5824K) Class: 533K(640K)->533K(640K)
[0.194s][info][gc             ] GC(4) Pause Young (Allocation Failure) 1M->1M(4M) 1.300ms
[0.194s][info][gc,cpu         ] GC(4) User=0.00s Sys=0.00s Real=0.00s
[0.197s][info][gc,start       ] GC(5) Pause Young (Allocation Failure)
[0.199s][info][gc,heap        ] GC(5) PSYoungGen: 2528K(2560K)->480K(2560K) Eden: 2048K(2048K)->0K(2048K) From: 480K(512K)->480K(512K)
[0.199s][info][gc,heap        ] GC(5) ParOldGen: 1036K(2048K)->2108K(2560K)
[0.199s][info][gc,metaspace   ] GC(5) Metaspace: 6297K(6464K)->6297K(6464K) NonClass: 5763K(5824K)->5763K(5824K) Class: 533K(640K)->533K(640K)
[0.199s][info][gc             ] GC(5) Pause Young (Allocation Failure) 3M->2M(5M) 1.914ms
[0.199s][info][gc,cpu         ] GC(5) User=0.00s Sys=0.00s Real=0.00s
[0.199s][info][gc,start       ] GC(6) Pause Full (Ergonomics)
[0.199s][info][gc,phases,start] GC(6) Marking Phase
[0.201s][info][gc,phases      ] GC(6) Marking Phase 1.374ms
[0.201s][info][gc,phases,start] GC(6) Summary Phase
[0.201s][info][gc,phases      ] GC(6) Summary Phase 0.014ms
[0.201s][info][gc,phases,start] GC(6) Adjust Roots
[0.201s][info][gc,phases      ] GC(6) Adjust Roots 0.309ms
[0.201s][info][gc,phases,start] GC(6) Compaction Phase
[0.204s][info][gc,phases      ] GC(6) Compaction Phase 2.691ms
[0.204s][info][gc,phases,start] GC(6) Post Compact
[0.204s][info][gc,phases      ] GC(6) Post Compact 0.030ms
[0.204s][info][gc,heap        ] GC(6) PSYoungGen: 480K(2560K)->0K(4096K) Eden: 0K(2048K)->0K(3072K) From: 480K(512K)->0K(1024K)
[0.204s][info][gc,heap        ] GC(6) ParOldGen: 2108K(2560K)->2542K(6144K)
[0.204s][info][gc,metaspace   ] GC(6) Metaspace: 6297K(6464K)->6297K(6464K) NonClass: 5763K(5824K)->5763K(5824K) Class: 533K(640K)->533K(640K)
[0.204s][info][gc             ] GC(6) Pause Full (Ergonomics) 2M->2M(10M) 4.752ms
[0.204s][info][gc,cpu         ] GC(6) User=0.00s Sys=0.00s Real=0.01s
[0.209s][info][gc,start       ] GC(7) Pause Young (Allocation Failure)
[0.211s][info][gc,heap        ] GC(7) PSYoungGen: 3072K(4096K)->1664K(5120K) Eden: 3072K(3072K)->0K(3072K) From: 0K(1024K)->1664K(2048K)
[0.211s][info][gc,heap        ] GC(7) ParOldGen: 2542K(6144K)->2542K(6144K)
[0.211s][info][gc,metaspace   ] GC(7) Metaspace: 6297K(6464K)->6297K(6464K) NonClass: 5763K(5824K)->5763K(5824K) Class: 533K(640K)->533K(640K)
[0.211s][info][gc             ] GC(7) Pause Young (Allocation Failure) 5M->4M(11M) 1.829ms
[0.211s][info][gc,cpu         ] GC(7) User=0.00s Sys=0.00s Real=0.00s
[0.215s][info][gc,start       ] GC(8) Pause Young (Allocation Failure)
[0.218s][info][gc,heap        ] GC(8) PSYoungGen: 4736K(5120K)->2016K(5632K) Eden: 3072K(3072K)->0K(3584K) From: 1664K(2048K)->2016K(2048K)
[0.219s][info][gc,heap        ] GC(8) ParOldGen: 2542K(6144K)->3774K(6144K)
[0.219s][info][gc,metaspace   ] GC(8) Metaspace: 6297K(6464K)->6297K(6464K) NonClass: 5763K(5824K)->5763K(5824K) Class: 533K(640K)->533K(640K)
[0.219s][info][gc             ] GC(8) Pause Young (Allocation Failure) 7M->5M(11M) 3.580ms
[0.219s][info][gc,cpu         ] GC(8) User=0.00s Sys=0.00s Real=0.00s
[0.224s][info][gc,start       ] GC(9) Pause Young (Allocation Failure)
[0.227s][info][gc,heap        ] GC(9) PSYoungGen: 5600K(5632K)->3040K(6656K) Eden: 3584K(3584K)->0K(3584K) From: 2016K(2048K)->3040K(3072K)
[0.227s][info][gc,heap        ] GC(9) ParOldGen: 3774K(6144K)->4614K(6144K)
[0.227s][info][gc,metaspace   ] GC(9) Metaspace: 6297K(6464K)->6297K(6464K) NonClass: 5763K(5824K)->5763K(5824K) Class: 533K(640K)->533K(640K)
[0.227s][info][gc             ] GC(9) Pause Young (Allocation Failure) 9M->7M(12M) 3.596ms
[0.227s][info][gc,cpu         ] GC(9) User=0.00s Sys=0.00s Real=0.00s
[0.231s][info][gc,start       ] GC(10) Pause Young (Allocation Failure)
[0.234s][info][gc,heap        ] GC(10) PSYoungGen: 6624K(6656K)->4064K(8704K) Eden: 3584K(3584K)->0K(4608K) From: 3040K(3072K)->4064K(4096K)
[0.234s][info][gc,heap        ] GC(10) ParOldGen: 4614K(6144K)->5462K(6144K)
[0.234s][info][gc,metaspace   ] GC(10) Metaspace: 6297K(6464K)->6297K(6464K) NonClass: 5763K(5824K)->5763K(5824K) Class: 533K(640K)->533K(640K)
[0.234s][info][gc             ] GC(10) Pause Young (Allocation Failure) 10M->9M(14M) 3.488ms
[0.234s][info][gc,cpu         ] GC(10) User=0.00s Sys=0.00s Real=0.00s
[0.234s][info][gc,start       ] GC(11) Pause Full (Ergonomics)
[0.234s][info][gc,phases,start] GC(11) Marking Phase
[0.238s][info][gc,phases      ] GC(11) Marking Phase 4.192ms
[0.238s][info][gc,phases,start] GC(11) Summary Phase
[0.238s][info][gc,phases      ] GC(11) Summary Phase 0.015ms
[0.238s][info][gc,phases,start] GC(11) Adjust Roots
[0.239s][info][gc,phases      ] GC(11) Adjust Roots 0.317ms
[0.239s][info][gc,phases,start] GC(11) Compaction Phase
[0.245s][info][gc,phases      ] GC(11) Compaction Phase 5.889ms
[0.245s][info][gc,phases,start] GC(11) Post Compact
[0.245s][info][gc,phases      ] GC(11) Post Compact 0.055ms
[0.245s][info][gc,heap        ] GC(11) PSYoungGen: 4064K(8704K)->3545K(8704K) Eden: 0K(4608K)->0K(4608K) From: 4064K(4096K)->3545K(4096K)
[0.245s][info][gc,heap        ] GC(11) ParOldGen: 5462K(6144K)->5831K(10752K)
[0.245s][info][gc,metaspace   ] GC(11) Metaspace: 6297K(6464K)->6297K(6464K) NonClass: 5763K(5824K)->5763K(5824K) Class: 533K(640K)->533K(640K)
[0.245s][info][gc             ] GC(11) Pause Full (Ergonomics) 9M->9M(19M) 10.768ms
[0.245s][info][gc,cpu         ] GC(11) User=0.00s Sys=0.00s Real=0.01s
[0.249s][info][gc,start       ] GC(12) Pause Young (Allocation Failure)
[0.253s][info][gc,heap        ] GC(12) PSYoungGen: 8013K(8704K)->5088K(9728K) Eden: 4468K(4608K)->0K(4608K) From: 3545K(4096K)->5088K(5120K)
[0.253s][info][gc,heap        ] GC(12) ParOldGen: 5831K(10752K)->6615K(10752K)
[0.253s][info][gc,metaspace   ] GC(12) Metaspace: 6297K(6464K)->6297K(6464K) NonClass: 5763K(5824K)->5763K(5824K) Class: 533K(640K)->533K(640K)
[0.253s][info][gc             ] GC(12) Pause Young (Allocation Failure) 13M->11M(20M) 4.067ms
[0.253s][info][gc,cpu         ] GC(12) User=0.00s Sys=0.00s Real=0.00s
[0.259s][info][gc,start       ] GC(13) Pause Young (Allocation Failure)
[0.265s][info][gc,heap        ] GC(13) PSYoungGen: 9696K(9728K)->6112K(11264K) Eden: 4608K(4608K)->0K(5120K) From: 5088K(5120K)->6112K(6144K)
[0.265s][info][gc,heap        ] GC(13) ParOldGen: 6615K(10752K)->7991K(10752K)
[0.265s][info][gc,metaspace   ] GC(13) Metaspace: 6297K(6464K)->6297K(6464K) NonClass: 5763K(5824K)->5763K(5824K) Class: 533K(640K)->533K(640K)
[0.265s][info][gc             ] GC(13) Pause Young (Allocation Failure) 15M->13M(21M) 6.066ms
[0.265s][info][gc,cpu         ] GC(13) User=0.02s Sys=0.00s Real=0.01s
[0.269s][info][gc,start       ] GC(14) Pause Young (Allocation Failure)
[0.274s][info][gc,heap        ] GC(14) PSYoungGen: 11232K(11264K)->5216K(12800K) Eden: 5120K(5120K)->0K(5120K) From: 6112K(6144K)->5216K(7680K)
[0.274s][info][gc,heap        ] GC(14) ParOldGen: 7991K(10752K)->11583K(11776K)
[0.274s][info][gc,metaspace   ] GC(14) Metaspace: 6299K(6464K)->6299K(6464K) NonClass: 5765K(5824K)->5765K(5824K) Class: 533K(640K)->533K(640K)
[0.274s][info][gc             ] GC(14) Pause Young (Allocation Failure) 18M->16M(24M) 5.110ms
[0.274s][info][gc,cpu         ] GC(14) User=0.00s Sys=0.00s Real=0.01s
[0.274s][info][gc,start       ] GC(15) Pause Full (Ergonomics)
[0.274s][info][gc,phases,start] GC(15) Marking Phase
[0.281s][info][gc,phases      ] GC(15) Marking Phase 6.901ms
[0.281s][info][gc,phases,start] GC(15) Summary Phase
[0.281s][info][gc,phases      ] GC(15) Summary Phase 0.020ms
[0.281s][info][gc,phases,start] GC(15) Adjust Roots
[0.281s][info][gc,phases      ] GC(15) Adjust Roots 0.224ms
[0.281s][info][gc,phases,start] GC(15) Compaction Phase
[0.288s][info][gc,phases      ] GC(15) Compaction Phase 6.046ms
[0.288s][info][gc,phases,start] GC(15) Post Compact
[0.288s][info][gc,phases      ] GC(15) Post Compact 0.072ms
[0.288s][info][gc,heap        ] GC(15) PSYoungGen: 5216K(12800K)->5183K(12800K) Eden: 0K(5120K)->0K(5120K) From: 5216K(7680K)->5183K(7680K)
[0.288s][info][gc,heap        ] GC(15) ParOldGen: 11583K(11776K)->11467K(18432K)
[0.288s][info][gc,metaspace   ] GC(15) Metaspace: 6299K(6464K)->6299K(6464K) NonClass: 5765K(5824K)->5765K(5824K) Class: 533K(640K)->533K(640K)
[0.288s][info][gc             ] GC(15) Pause Full (Ergonomics) 16M->16M(30M) 13.700ms
[0.288s][info][gc,cpu         ] GC(15) User=0.00s Sys=0.00s Real=0.01s
[0.291s][info][gc,start       ] GC(16) Pause Young (Allocation Failure)
[0.298s][info][gc,heap        ] GC(16) PSYoungGen: 10303K(12800K)->2688K(14336K) Eden: 5120K(5120K)->0K(7168K) From: 5183K(7680K)->2688K(7168K)
[0.298s][info][gc,heap        ] GC(16) ParOldGen: 11467K(18432K)->16731K(18432K)
[0.298s][info][gc,metaspace   ] GC(16) Metaspace: 6299K(6464K)->6299K(6464K) NonClass: 5765K(5824K)->5765K(5824K) Class: 533K(640K)->533K(640K)
[0.298s][info][gc             ] GC(16) Pause Young (Allocation Failure) 21M->18M(32M) 6.234ms
[0.298s][info][gc,cpu         ] GC(16) User=0.00s Sys=0.00s Real=0.01s
[0.298s][info][gc,start       ] GC(17) Pause Full (Ergonomics)
[0.298s][info][gc,phases,start] GC(17) Marking Phase
[0.306s][info][gc,phases      ] GC(17) Marking Phase 7.781ms
[0.306s][info][gc,phases,start] GC(17) Summary Phase
[0.306s][info][gc,phases      ] GC(17) Summary Phase 0.019ms
[0.306s][info][gc,phases,start] GC(17) Adjust Roots
[0.306s][info][gc,phases      ] GC(17) Adjust Roots 0.214ms
[0.306s][info][gc,phases,start] GC(17) Compaction Phase
[0.312s][info][gc,phases      ] GC(17) Compaction Phase 5.828ms
[0.312s][info][gc,phases,start] GC(17) Post Compact
[0.312s][info][gc,phases      ] GC(17) Post Compact 0.085ms
[0.312s][info][gc,heap        ] GC(17) PSYoungGen: 2688K(14336K)->1105K(14848K) Eden: 0K(7168K)->0K(7680K) From: 2688K(7168K)->1105K(7168K)
[0.312s][info][gc,heap        ] GC(17) ParOldGen: 16731K(18432K)->18183K(27648K)
[0.312s][info][gc,metaspace   ] GC(17) Metaspace: 6299K(6464K)->6299K(6464K) NonClass: 5765K(5824K)->5765K(5824K) Class: 533K(640K)->533K(640K)
[0.312s][info][gc             ] GC(17) Pause Full (Ergonomics) 18M->18M(41M) 14.248ms
[0.312s][info][gc,cpu         ] GC(17) User=0.00s Sys=0.00s Real=0.02s
[0.316s][info][gc,start       ] GC(18) Pause Young (Allocation Failure)
[0.321s][info][gc,heap        ] GC(18) PSYoungGen: 7799K(14848K)->3424K(15360K) Eden: 6694K(7680K)->0K(7680K) From: 1105K(7168K)->3424K(7680K)
[0.321s][info][gc,heap        ] GC(18) ParOldGen: 18183K(27648K)->19311K(27648K)
[0.321s][info][gc,metaspace   ] GC(18) Metaspace: 6299K(6464K)->6299K(6464K) NonClass: 5765K(5824K)->5765K(5824K) Class: 533K(640K)->533K(640K)
[0.321s][info][gc             ] GC(18) Pause Young (Allocation Failure) 25M->22M(42M) 5.031ms
[0.321s][info][gc,cpu         ] GC(18) User=0.00s Sys=0.00s Real=0.01s
[0.329s][info][gc,start       ] GC(19) Pause Young (Allocation Failure)
[0.335s][info][gc,heap        ] GC(19) PSYoungGen: 11103K(15360K)->4512K(17920K) Eden: 7679K(7680K)->0K(10240K) From: 3424K(7680K)->4512K(7680K)
[0.336s][info][gc,heap        ] GC(19) ParOldGen: 19311K(27648K)->22759K(27648K)
[0.336s][info][gc,metaspace   ] GC(19) Metaspace: 6299K(6464K)->6299K(6464K) NonClass: 5765K(5824K)->5765K(5824K) Class: 533K(640K)->533K(640K)
[0.336s][info][gc             ] GC(19) Pause Young (Allocation Failure) 29M->26M(44M) 6.585ms
[0.336s][info][gc,cpu         ] GC(19) User=0.00s Sys=0.00s Real=0.01s
[0.342s][info][gc,start       ] GC(20) Pause Young (Allocation Failure)
[0.348s][info][gc,heap        ] GC(20) PSYoungGen: 14752K(17920K)->5344K(17920K) Eden: 10240K(10240K)->0K(10240K) From: 4512K(7680K)->5344K(7680K)
[0.348s][info][gc,heap        ] GC(20) ParOldGen: 22759K(27648K)->27279K(27648K)
[0.348s][info][gc,metaspace   ] GC(20) Metaspace: 6299K(6464K)->6299K(6464K) NonClass: 5765K(5824K)->5765K(5824K) Class: 533K(640K)->533K(640K)
[0.348s][info][gc             ] GC(20) Pause Young (Allocation Failure) 36M->31M(44M) 6.733ms
[0.348s][info][gc,cpu         ] GC(20) User=0.00s Sys=0.00s Real=0.01s
[0.348s][info][gc,start       ] GC(21) Pause Full (Ergonomics)
[0.349s][info][gc,phases,start] GC(21) Marking Phase
[0.362s][info][gc,phases      ] GC(21) Marking Phase 13.026ms
[0.362s][info][gc,phases,start] GC(21) Summary Phase
[0.362s][info][gc,phases      ] GC(21) Summary Phase 0.021ms
[0.362s][info][gc,phases,start] GC(21) Adjust Roots
[0.362s][info][gc,phases      ] GC(21) Adjust Roots 0.183ms
[0.362s][info][gc,phases,start] GC(21) Compaction Phase
[0.376s][info][gc,phases      ] GC(21) Compaction Phase 13.967ms
[0.376s][info][gc,phases,start] GC(21) Post Compact
[0.376s][info][gc,phases      ] GC(21) Post Compact 0.134ms
[0.376s][info][gc,heap        ] GC(21) PSYoungGen: 5344K(17920K)->4779K(17920K) Eden: 0K(10240K)->0K(10240K) From: 5344K(7680K)->4779K(7680K)
[0.376s][info][gc,heap        ] GC(21) ParOldGen: 27279K(27648K)->27140K(38912K)
[0.376s][info][gc,metaspace   ] GC(21) Metaspace: 6299K(6464K)->6299K(6464K) NonClass: 5765K(5824K)->5765K(5824K) Class: 533K(640K)->533K(640K)
[0.376s][info][gc             ] GC(21) Pause Full (Ergonomics) 31M->31M(55M) 27.901ms
[0.376s][info][gc,cpu         ] GC(21) User=0.02s Sys=0.00s Real=0.03s
[0.384s][info][gc,start       ] GC(22) Pause Young (Allocation Failure)
[0.395s][info][gc,heap        ] GC(22) PSYoungGen: 15019K(17920K)->5824K(19968K) Eden: 10240K(10240K)->0K(12288K) From: 4779K(7680K)->5824K(7680K)
[0.395s][info][gc,heap        ] GC(22) ParOldGen: 27140K(38912K)->32004K(38912K)
[0.395s][info][gc,metaspace   ] GC(22) Metaspace: 6299K(6464K)->6299K(6464K) NonClass: 5765K(5824K)->5765K(5824K) Class: 533K(640K)->533K(640K)
[0.395s][info][gc             ] GC(22) Pause Young (Allocation Failure) 41M->36M(57M) 10.970ms
[0.395s][info][gc,cpu         ] GC(22) User=0.00s Sys=0.00s Real=0.01s
[0.411s][info][gc,start       ] GC(23) Pause Young (Allocation Failure)
[0.424s][info][gc,heap        ] GC(23) PSYoungGen: 18112K(19968K)->8160K(20480K) Eden: 12288K(12288K)->0K(12288K) From: 5824K(7680K)->8160K(8192K)
[0.424s][info][gc,heap        ] GC(23) ParOldGen: 32004K(38912K)->42076K(42496K)
[0.424s][info][gc,metaspace   ] GC(23) Metaspace: 6299K(6464K)->6299K(6464K) NonClass: 5765K(5824K)->5765K(5824K) Class: 533K(640K)->533K(640K)
[0.424s][info][gc             ] GC(23) Pause Young (Allocation Failure) 48M->49M(61M) 13.487ms
[0.424s][info][gc,cpu         ] GC(23) User=0.00s Sys=0.00s Real=0.01s
[0.424s][info][gc,start       ] GC(24) Pause Full (Ergonomics)
[0.424s][info][gc,phases,start] GC(24) Marking Phase
[0.443s][info][gc,phases      ] GC(24) Marking Phase 18.808ms
[0.443s][info][gc,phases,start] GC(24) Summary Phase
[0.443s][info][gc,phases      ] GC(24) Summary Phase 0.021ms
[0.443s][info][gc,phases,start] GC(24) Adjust Roots
[0.443s][info][gc,phases      ] GC(24) Adjust Roots 0.166ms
[0.443s][info][gc,phases,start] GC(24) Compaction Phase
[0.460s][info][gc,phases      ] GC(24) Compaction Phase 16.557ms
[0.460s][info][gc,phases,start] GC(24) Post Compact
[0.460s][info][gc,phases      ] GC(24) Post Compact 0.139ms
[0.460s][info][gc,heap        ] GC(24) PSYoungGen: 8160K(20480K)->8148K(20480K) Eden: 0K(12288K)->0K(12288K) From: 8160K(8192K)->8148K(8192K)
[0.460s][info][gc,heap        ] GC(24) ParOldGen: 42076K(42496K)->40806K(56832K)
[0.460s][info][gc,metaspace   ] GC(24) Metaspace: 6299K(6464K)->6299K(6464K) NonClass: 5765K(5824K)->5765K(5824K) Class: 533K(640K)->533K(640K)
[0.460s][info][gc             ] GC(24) Pause Full (Ergonomics) 49M->47M(75M) 36.066ms
[0.460s][info][gc,cpu         ] GC(24) User=0.03s Sys=0.00s Real=0.04s
[0.472s][info][gc,start       ] GC(25) Pause Young (Allocation Failure)
[0.489s][info][gc,heap        ] GC(25) PSYoungGen: 20436K(20480K)->12320K(26624K) Eden: 12288K(12288K)->0K(13312K) From: 8148K(8192K)->12320K(13312K)
[0.489s][info][gc,heap        ] GC(25) ParOldGen: 40806K(56832K)->49062K(56832K)
[0.489s][info][gc,metaspace   ] GC(25) Metaspace: 6299K(6464K)->6299K(6464K) NonClass: 5765K(5824K)->5765K(5824K) Class: 533K(640K)->533K(640K)
[0.489s][info][gc             ] GC(25) Pause Young (Allocation Failure) 59M->59M(81M) 17.228ms
[0.489s][info][gc,cpu         ] GC(25) User=0.02s Sys=0.00s Real=0.02s
[0.489s][info][gc,start       ] GC(26) Pause Full (Ergonomics)
[0.489s][info][gc,phases,start] GC(26) Marking Phase
[0.514s][info][gc,phases      ] GC(26) Marking Phase 24.620ms
[0.514s][info][gc,phases,start] GC(26) Summary Phase
[0.514s][info][gc,phases      ] GC(26) Summary Phase 0.024ms
[0.514s][info][gc,phases,start] GC(26) Adjust Roots
[0.514s][info][gc,phases      ] GC(26) Adjust Roots 0.154ms
[0.514s][info][gc,phases,start] GC(26) Compaction Phase
[0.532s][info][gc,phases      ] GC(26) Compaction Phase 17.652ms
[0.532s][info][gc,phases,start] GC(26) Post Compact
[0.532s][info][gc,phases      ] GC(26) Post Compact 0.188ms
[0.532s][info][gc,heap        ] GC(26) PSYoungGen: 12320K(26624K)->4592K(26624K) Eden: 0K(13312K)->0K(13312K) From: 12320K(13312K)->4592K(13312K)
[0.532s][info][gc,heap        ] GC(26) ParOldGen: 49062K(56832K)->56619K(75264K)
[0.532s][info][gc,metaspace   ] GC(26) Metaspace: 6299K(6464K)->6299K(6464K) NonClass: 5765K(5824K)->5765K(5824K) Class: 533K(640K)->533K(640K)
[0.532s][info][gc             ] GC(26) Pause Full (Ergonomics) 59M->59M(99M) 42.988ms
[0.532s][info][gc,cpu         ] GC(26) User=0.05s Sys=0.00s Real=0.04s
[0.546s][info][gc,start       ] GC(27) Pause Young (Allocation Failure)
[0.562s][info][gc,heap        ] GC(27) PSYoungGen: 17904K(26624K)->13344K(28672K) Eden: 13312K(13312K)->0K(13312K) From: 4592K(13312K)->13344K(15360K)
[0.562s][info][gc,heap        ] GC(27) ParOldGen: 56619K(75264K)->61299K(75264K)
[0.562s][info][gc,metaspace   ] GC(27) Metaspace: 6299K(6464K)->6299K(6464K) NonClass: 5765K(5824K)->5765K(5824K) Class: 533K(640K)->533K(640K)
[0.562s][info][gc             ] GC(27) Pause Young (Allocation Failure) 72M->72M(101M) 15.888ms
[0.562s][info][gc,cpu         ] GC(27) User=0.00s Sys=0.00s Real=0.01s
[0.577s][info][gc,start       ] GC(28) Pause Young (Allocation Failure)
[0.597s][info][gc,heap        ] GC(28) PSYoungGen: 26656K(28672K)->16896K(26112K) Eden: 13312K(13312K)->0K(9216K) From: 13344K(15360K)->16896K(16896K)
[0.597s][info][gc,heap        ] GC(28) ParOldGen: 61299K(75264K)->71163K(75264K)
[0.597s][info][gc,metaspace   ] GC(28) Metaspace: 6299K(6464K)->6299K(6464K) NonClass: 5765K(5824K)->5765K(5824K) Class: 533K(640K)->533K(640K)
[0.597s][info][gc             ] GC(28) Pause Young (Allocation Failure) 85M->85M(99M) 20.497ms
[0.597s][info][gc,cpu         ] GC(28) User=0.03s Sys=0.00s Real=0.02s
[0.597s][info][gc,start       ] GC(29) Pause Full (Ergonomics)
[0.597s][info][gc,phases,start] GC(29) Marking Phase
[0.632s][info][gc,phases      ] GC(29) Marking Phase 34.366ms
[0.632s][info][gc,phases,start] GC(29) Summary Phase
[0.632s][info][gc,phases      ] GC(29) Summary Phase 0.027ms
[0.632s][info][gc,phases,start] GC(29) Adjust Roots
[0.632s][info][gc,phases      ] GC(29) Adjust Roots 0.165ms
[0.632s][info][gc,phases,start] GC(29) Compaction Phase
[0.653s][info][gc,phases      ] GC(29) Compaction Phase 21.325ms
[0.653s][info][gc,phases,start] GC(29) Post Compact
[0.654s][info][gc,phases      ] GC(29) Post Compact 0.449ms
[0.654s][info][gc,heap        ] GC(29) PSYoungGen: 16896K(26112K)->12775K(26112K) Eden: 0K(9216K)->0K(9216K) From: 16896K(16896K)->12775K(16896K)
[0.654s][info][gc,heap        ] GC(29) ParOldGen: 71163K(75264K)->75000K(96768K)
[0.654s][info][gc,metaspace   ] GC(29) Metaspace: 6299K(6464K)->6299K(6464K) NonClass: 5765K(5824K)->5765K(5824K) Class: 533K(640K)->533K(640K)
[0.654s][info][gc             ] GC(29) Pause Full (Ergonomics) 85M->85M(120M) 56.844ms
[0.654s][info][gc,cpu         ] GC(29) User=0.09s Sys=0.00s Real=0.06s
[0.670s][info][gc,start       ] GC(30) Pause Young (Allocation Failure)
[0.689s][info][gc,heap        ] GC(30) PSYoungGen: 21991K(26112K)->9248K(32768K) Eden: 9216K(9216K)->0K(9216K) From: 12775K(16896K)->9248K(23552K)
[0.689s][info][gc,heap        ] GC(30) ParOldGen: 75000K(96768K)->87984K(96768K)
[0.689s][info][gc,metaspace   ] GC(30) Metaspace: 6299K(6464K)->6299K(6464K) NonClass: 5765K(5824K)->5765K(5824K) Class: 533K(640K)->533K(640K)
[0.689s][info][gc             ] GC(30) Pause Young (Allocation Failure) 94M->94M(126M) 19.031ms
[0.689s][info][gc,cpu         ] GC(30) User=0.03s Sys=0.00s Real=0.02s
[0.689s][info][gc,start       ] GC(31) Pause Full (Ergonomics)
[0.689s][info][gc,phases,start] GC(31) Marking Phase
[0.720s][info][gc,phases      ] GC(31) Marking Phase 30.244ms
[0.720s][info][gc,phases,start] GC(31) Summary Phase
[0.720s][info][gc,phases      ] GC(31) Summary Phase 0.020ms
[0.720s][info][gc,phases,start] GC(31) Adjust Roots
[0.720s][info][gc,phases      ] GC(31) Adjust Roots 0.168ms
[0.720s][info][gc,phases,start] GC(31) Compaction Phase
[0.741s][info][gc,phases      ] GC(31) Compaction Phase 21.158ms
[0.741s][info][gc,phases,start] GC(31) Post Compact
[0.742s][info][gc,phases      ] GC(31) Post Compact 0.323ms
[0.742s][info][gc,heap        ] GC(31) PSYoungGen: 9248K(32768K)->0K(33280K) Eden: 0K(9216K)->0K(11264K) From: 9248K(23552K)->0K(22016K)
[0.742s][info][gc,heap        ] GC(31) ParOldGen: 87984K(96768K)->94926K(120832K)
[0.742s][info][gc,metaspace   ] GC(31) Metaspace: 6299K(6464K)->6299K(6464K) NonClass: 5765K(5824K)->5765K(5824K) Class: 533K(640K)->533K(640K)
[0.742s][info][gc             ] GC(31) Pause Full (Ergonomics) 94M->92M(150M) 52.274ms
[0.742s][info][gc,cpu         ] GC(31) User=0.06s Sys=0.00s Real=0.05s
[0.751s][info][gc,start       ] GC(32) Pause Young (Allocation Failure)
[0.758s][info][gc,heap        ] GC(32) PSYoungGen: 11264K(33280K)->11296K(33280K) Eden: 11264K(11264K)->0K(11264K) From: 0K(22016K)->11296K(22016K)
[0.758s][info][gc,heap        ] GC(32) ParOldGen: 94926K(120832K)->94926K(120832K)
[0.758s][info][gc,metaspace   ] GC(32) Metaspace: 6299K(6464K)->6299K(6464K) NonClass: 5765K(5824K)->5765K(5824K) Class: 533K(640K)->533K(640K)
[0.758s][info][gc             ] GC(32) Pause Young (Allocation Failure) 103M->103M(150M) 6.829ms
[0.758s][info][gc,cpu         ] GC(32) User=0.00s Sys=0.00s Real=0.01s
[0.768s][info][gc,start       ] GC(33) Pause Young (Allocation Failure)
[0.780s][info][gc,heap        ] GC(33) PSYoungGen: 22560K(33280K)->22016K(31744K) Eden: 11264K(11264K)->0K(9728K) From: 11296K(22016K)->22016K(22016K)
[0.780s][info][gc,heap        ] GC(33) ParOldGen: 94926K(120832K)->95446K(120832K)
[0.780s][info][gc,metaspace   ] GC(33) Metaspace: 6299K(6464K)->6299K(6464K) NonClass: 5765K(5824K)->5765K(5824K) Class: 533K(640K)->533K(640K)
[0.780s][info][gc             ] GC(33) Pause Young (Allocation Failure) 114M->114M(149M) 12.821ms
[0.780s][info][gc,cpu         ] GC(33) User=0.02s Sys=0.00s Real=0.01s
[0.790s][info][gc,start       ] GC(34) Pause Young (Allocation Failure)
[0.807s][info][gc,heap        ] GC(34) PSYoungGen: 31744K(31744K)->20736K(35328K) Eden: 9728K(9728K)->0K(9728K) From: 22016K(22016K)->20736K(25600K)
[0.807s][info][gc,heap        ] GC(34) ParOldGen: 95446K(120832K)->106678K(120832K)
[0.807s][info][gc,metaspace   ] GC(34) Metaspace: 6299K(6464K)->6299K(6464K) NonClass: 5765K(5824K)->5765K(5824K) Class: 533K(640K)->533K(640K)
[0.807s][info][gc             ] GC(34) Pause Young (Allocation Failure) 124M->124M(152M) 16.302ms
[0.807s][info][gc,cpu         ] GC(34) User=0.02s Sys=0.00s Real=0.02s
[0.807s][info][gc,start       ] GC(35) Pause Full (Ergonomics)
[0.807s][info][gc,phases,start] GC(35) Marking Phase
[0.842s][info][gc,phases      ] GC(35) Marking Phase 34.817ms
[0.842s][info][gc,phases,start] GC(35) Summary Phase
[0.842s][info][gc,phases      ] GC(35) Summary Phase 0.021ms
[0.842s][info][gc,phases,start] GC(35) Adjust Roots
[0.842s][info][gc,phases      ] GC(35) Adjust Roots 0.155ms
[0.842s][info][gc,phases,start] GC(35) Compaction Phase
[0.861s][info][gc,phases      ] GC(35) Compaction Phase 19.356ms
[0.861s][info][gc,phases,start] GC(35) Post Compact
[0.862s][info][gc,phases      ] GC(35) Post Compact 0.642ms
[0.862s][info][gc,heap        ] GC(35) PSYoungGen: 20736K(35328K)->6318K(35328K) Eden: 0K(9728K)->0K(9728K) From: 20736K(25600K)->6318K(25600K)
[0.862s][info][gc,heap        ] GC(35) ParOldGen: 106678K(120832K)->120769K(150016K)
[0.862s][info][gc,metaspace   ] GC(35) Metaspace: 6299K(6464K)->6299K(6464K) NonClass: 5765K(5824K)->5765K(5824K) Class: 533K(640K)->533K(640K)
[0.862s][info][gc             ] GC(35) Pause Full (Ergonomics) 124M->124M(181M) 55.475ms
[0.862s][info][gc,cpu         ] GC(35) User=0.14s Sys=0.00s Real=0.06s
[0.872s][info][gc,start       ] GC(36) Pause Young (Allocation Failure)
[0.887s][info][gc,heap        ] GC(36) PSYoungGen: 16046K(35328K)->16096K(39424K) Eden: 9728K(9728K)->0K(11264K) From: 6318K(25600K)->16096K(28160K)
[0.887s][info][gc,heap        ] GC(36) ParOldGen: 120769K(150016K)->120769K(150016K)
[0.887s][info][gc,metaspace   ] GC(36) Metaspace: 6299K(6464K)->6299K(6464K) NonClass: 5765K(5824K)->5765K(5824K) Class: 533K(640K)->533K(640K)
[0.887s][info][gc             ] GC(36) Pause Young (Allocation Failure) 133M->133M(185M) 15.534ms
[0.887s][info][gc,cpu         ] GC(36) User=0.02s Sys=0.00s Real=0.02s
[0.898s][info][gc,start       ] GC(37) Pause Young (Allocation Failure)
[0.913s][info][gc,heap        ] GC(37) PSYoungGen: 27360K(39424K)->27360K(39424K) Eden: 11264K(11264K)->0K(11264K) From: 16096K(28160K)->27360K(28160K)
[0.913s][info][gc,heap        ] GC(37) ParOldGen: 120769K(150016K)->120769K(150016K)
[0.913s][info][gc,metaspace   ] GC(37) Metaspace: 6299K(6464K)->6299K(6464K) NonClass: 5765K(5824K)->5765K(5824K) Class: 533K(640K)->533K(640K)
[0.913s][info][gc             ] GC(37) Pause Young (Allocation Failure) 144M->144M(185M) 14.403ms
[0.913s][info][gc,cpu         ] GC(37) User=0.02s Sys=0.00s Real=0.01s
[0.923s][info][gc,start       ] GC(38) Pause Young (Allocation Failure)
[0.945s][info][gc,heap        ] GC(38) PSYoungGen: 38624K(39424K)->32256K(37888K) Eden: 11264K(11264K)->0K(5632K) From: 27360K(28160K)->32256K(32256K)
[0.945s][info][gc,heap        ] GC(38) ParOldGen: 120769K(150016K)->127177K(150016K)
[0.945s][info][gc,metaspace   ] GC(38) Metaspace: 6299K(6464K)->6299K(6464K) NonClass: 5765K(5824K)->5765K(5824K) Class: 533K(640K)->533K(640K)
[0.945s][info][gc             ] GC(38) Pause Young (Allocation Failure) 155M->155M(183M) 21.803ms
[0.945s][info][gc,cpu         ] GC(38) User=0.06s Sys=0.00s Real=0.02s
[0.951s][info][gc,start       ] GC(39) Pause Young (Allocation Failure)
[0.967s][info][gc,heap        ] GC(39) PSYoungGen: 37888K(37888K)->32480K(45568K) Eden: 5632K(5632K)->0K(5632K) From: 32256K(32256K)->32480K(39936K)
[0.967s][info][gc,heap        ] GC(39) ParOldGen: 127177K(150016K)->132729K(150016K)
[0.967s][info][gc,metaspace   ] GC(39) Metaspace: 6299K(6464K)->6299K(6464K) NonClass: 5765K(5824K)->5765K(5824K) Class: 533K(640K)->533K(640K)
[0.967s][info][gc             ] GC(39) Pause Young (Allocation Failure) 161M->161M(191M) 16.109ms
[0.967s][info][gc,cpu         ] GC(39) User=0.02s Sys=0.00s Real=0.02s
[0.972s][info][gc,start       ] GC(40) Pause Young (Allocation Failure)
[0.991s][info][gc,heap        ] GC(40) PSYoungGen: 38112K(45568K)->22144K(48640K) Eden: 5632K(5632K)->0K(7168K) From: 32480K(39936K)->22144K(41472K)
[0.991s][info][gc,heap        ] GC(40) ParOldGen: 132729K(150016K)->148921K(150016K)
[0.991s][info][gc,metaspace   ] GC(40) Metaspace: 6299K(6464K)->6299K(6464K) NonClass: 5765K(5824K)->5765K(5824K) Class: 533K(640K)->533K(640K)
[0.991s][info][gc             ] GC(40) Pause Young (Allocation Failure) 166M->167M(194M) 18.510ms
[0.991s][info][gc,cpu         ] GC(40) User=0.05s Sys=0.00s Real=0.02s
[0.991s][info][gc,start       ] GC(41) Pause Full (Ergonomics)
[0.991s][info][gc,phases,start] GC(41) Marking Phase
[1.033s][info][gc,phases      ] GC(41) Marking Phase 41.888ms
[1.033s][info][gc,phases,start] GC(41) Summary Phase
[1.033s][info][gc,phases      ] GC(41) Summary Phase 0.017ms
[1.033s][info][gc,phases,start] GC(41) Adjust Roots
[1.033s][info][gc,phases      ] GC(41) Adjust Roots 0.153ms
[1.033s][info][gc,phases,start] GC(41) Compaction Phase
[1.056s][info][gc,phases      ] GC(41) Compaction Phase 22.937ms
[1.056s][info][gc,phases,start] GC(41) Post Compact
[1.057s][info][gc,phases      ] GC(41) Post Compact 0.778ms
[1.057s][info][gc,heap        ] GC(41) PSYoungGen: 22144K(48640K)->20481K(49664K) Eden: 0K(7168K)->0K(8192K) From: 22144K(41472K)->20481K(41472K)
[1.057s][info][gc,heap        ] GC(41) ParOldGen: 148921K(150016K)->149977K(182272K)
[1.057s][info][gc,metaspace   ] GC(41) Metaspace: 6299K(6464K)->6299K(6464K) NonClass: 5765K(5824K)->5765K(5824K) Class: 533K(640K)->533K(640K)
[1.057s][info][gc             ] GC(41) Pause Full (Ergonomics) 167M->166M(226M) 66.317ms
[1.057s][info][gc,cpu         ] GC(41) User=0.22s Sys=0.00s Real=0.07s
[1.093s][info][gc,start       ] GC(42) Pause Young (Allocation Failure)
[1.114s][info][gc,heap        ] GC(42) PSYoungGen: 28673K(49664K)->13536K(50688K) Eden: 8192K(8192K)->0K(8192K) From: 20481K(41472K)->13536K(42496K)
[1.114s][info][gc,heap        ] GC(42) ParOldGen: 158169K(182272K)->173657K(182272K)
[1.114s][info][gc,metaspace   ] GC(42) Metaspace: 6299K(6464K)->6299K(6464K) NonClass: 5765K(5824K)->5765K(5824K) Class: 533K(640K)->533K(640K)
[1.114s][info][gc             ] GC(42) Pause Young (Allocation Failure) 182M->182M(227M) 21.008ms
[1.114s][info][gc,cpu         ] GC(42) User=0.02s Sys=0.02s Real=0.02s
[1.114s][info][gc,start       ] GC(43) Pause Full (Ergonomics)
[1.114s][info][gc,phases,start] GC(43) Marking Phase
[1.158s][info][gc,phases      ] GC(43) Marking Phase 44.174ms
[1.158s][info][gc,phases,start] GC(43) Summary Phase
[1.158s][info][gc,phases      ] GC(43) Summary Phase 0.017ms
[1.158s][info][gc,phases,start] GC(43) Adjust Roots
[1.158s][info][gc,phases      ] GC(43) Adjust Roots 0.145ms
[1.158s][info][gc,phases,start] GC(43) Compaction Phase
[1.192s][info][gc,phases      ] GC(43) Compaction Phase 33.329ms
[1.192s][info][gc,phases,start] GC(43) Post Compact
[1.192s][info][gc,phases      ] GC(43) Post Compact 0.814ms
[1.193s][info][gc,heap        ] GC(43) PSYoungGen: 13536K(50688K)->628K(50688K) Eden: 0K(8192K)->0K(8192K) From: 13536K(42496K)->628K(42496K)
[1.193s][info][gc,heap        ] GC(43) ParOldGen: 173657K(182272K)->182088K(219136K)
[1.193s][info][gc,metaspace   ] GC(43) Metaspace: 6299K(6464K)->6299K(6464K) NonClass: 5765K(5824K)->5765K(5824K) Class: 533K(640K)->533K(640K)
[1.193s][info][gc             ] GC(43) Pause Full (Ergonomics) 182M->178M(263M) 78.930ms
[1.193s][info][gc,cpu         ] GC(43) User=0.25s Sys=0.02s Real=0.08s
[1.202s][info][gc,start       ] GC(44) Pause Young (Allocation Failure)
[1.215s][info][gc,heap        ] GC(44) PSYoungGen: 8820K(50688K)->8256K(49664K) Eden: 8192K(8192K)->0K(9728K) From: 628K(42496K)->8256K(39936K)
[1.215s][info][gc,heap        ] GC(44) ParOldGen: 182088K(219136K)->182752K(219136K)
[1.215s][info][gc,metaspace   ] GC(44) Metaspace: 6299K(6464K)->6299K(6464K) NonClass: 5765K(5824K)->5765K(5824K) Class: 533K(640K)->533K(640K)
[1.215s][info][gc             ] GC(44) Pause Young (Allocation Failure) 186M->186M(262M) 12.827ms
[1.215s][info][gc,cpu         ] GC(44) User=0.00s Sys=0.00s Real=0.01s
[1.224s][info][gc,start       ] GC(45) Pause Young (Allocation Failure)
[1.233s][info][gc,heap        ] GC(45) PSYoungGen: 17984K(49664K)->17952K(28160K) Eden: 9728K(9728K)->0K(9728K) From: 8256K(39936K)->17952K(18432K)
[1.233s][info][gc,heap        ] GC(45) ParOldGen: 182752K(219136K)->182752K(219136K)
[1.233s][info][gc,metaspace   ] GC(45) Metaspace: 6299K(6464K)->6299K(6464K) NonClass: 5765K(5824K)->5765K(5824K) Class: 533K(640K)->533K(640K)
[1.233s][info][gc             ] GC(45) Pause Young (Allocation Failure) 196M->196M(241M) 9.308ms
[1.233s][info][gc,cpu         ] GC(45) User=0.02s Sys=0.00s Real=0.01s
[1.243s][info][gc,start       ] GC(46) Pause Young (Allocation Failure)
[1.256s][info][gc,heap        ] GC(46) PSYoungGen: 27680K(28160K)->27680K(47616K) Eden: 9728K(9728K)->0K(9216K) From: 17952K(18432K)->27680K(38400K)
[1.256s][info][gc,heap        ] GC(46) ParOldGen: 182752K(219136K)->182752K(219136K)
[1.256s][info][gc,metaspace   ] GC(46) Metaspace: 6299K(6464K)->6299K(6464K) NonClass: 5765K(5824K)->5765K(5824K) Class: 533K(640K)->533K(640K)
[1.256s][info][gc             ] GC(46) Pause Young (Allocation Failure) 205M->205M(260M) 12.975ms
[1.256s][info][gc,cpu         ] GC(46) User=0.00s Sys=0.00s Real=0.01s
[1.265s][info][gc,start       ] GC(47) Pause Young (Allocation Failure)
[1.283s][info][gc,heap        ] GC(47) PSYoungGen: 36896K(47616K)->28768K(49664K) Eden: 9216K(9216K)->0K(9216K) From: 27680K(38400K)->28768K(40448K)
[1.283s][info][gc,heap        ] GC(47) ParOldGen: 182752K(219136K)->191072K(219136K)
[1.283s][info][gc,metaspace   ] GC(47) Metaspace: 6299K(6464K)->6299K(6464K) NonClass: 5765K(5824K)->5765K(5824K) Class: 533K(640K)->533K(640K)
[1.283s][info][gc             ] GC(47) Pause Young (Allocation Failure) 214M->214M(262M) 17.419ms
[1.283s][info][gc,cpu         ] GC(47) User=0.05s Sys=0.02s Real=0.02s
[1.294s][info][gc,start       ] GC(48) Pause Young (Allocation Failure)
[1.311s][info][gc,heap        ] GC(48) PSYoungGen: 37984K(49664K)->28224K(51712K) Eden: 9216K(9216K)->0K(9728K) From: 28768K(40448K)->28224K(41984K)
[1.311s][info][gc,heap        ] GC(48) ParOldGen: 191072K(219136K)->200928K(219136K)
[1.311s][info][gc,metaspace   ] GC(48) Metaspace: 6299K(6464K)->6299K(6464K) NonClass: 5765K(5824K)->5765K(5824K) Class: 533K(640K)->533K(640K)
[1.311s][info][gc             ] GC(48) Pause Young (Allocation Failure) 223M->223M(264M) 17.430ms
[1.311s][info][gc,cpu         ] GC(48) User=0.08s Sys=0.00s Real=0.02s
[1.311s][info][gc,start       ] GC(49) Pause Full (Ergonomics)
[1.311s][info][gc,phases,start] GC(49) Marking Phase
[1.365s][info][gc,phases      ] GC(49) Marking Phase 53.428ms
[1.365s][info][gc,phases,start] GC(49) Summary Phase
[1.365s][info][gc,phases      ] GC(49) Summary Phase 0.023ms
[1.365s][info][gc,phases,start] GC(49) Adjust Roots
[1.365s][info][gc,phases      ] GC(49) Adjust Roots 0.146ms
[1.365s][info][gc,phases,start] GC(49) Compaction Phase
[1.390s][info][gc,phases      ] GC(49) Compaction Phase 25.378ms
[1.391s][info][gc,phases,start] GC(49) Post Compact
[1.392s][info][gc,phases      ] GC(49) Post Compact 1.071ms
[1.392s][info][gc,heap        ] GC(49) PSYoungGen: 28224K(51712K)->9674K(51712K) Eden: 0K(9728K)->0K(9728K) From: 28224K(41984K)->9674K(41984K)
[1.392s][info][gc,heap        ] GC(49) ParOldGen: 200928K(219136K)->218973K(257024K)
[1.392s][info][gc,metaspace   ] GC(49) Metaspace: 6299K(6464K)->6299K(6464K) NonClass: 5765K(5824K)->5765K(5824K) Class: 533K(640K)->533K(640K)
[1.392s][info][gc             ] GC(49) Pause Full (Ergonomics) 223M->223M(301M) 80.537ms
[1.392s][info][gc,cpu         ] GC(49) User=0.36s Sys=0.00s Real=0.08s
[1.403s][info][gc,start       ] GC(50) Pause Young (Allocation Failure)
[1.421s][info][gc,heap        ] GC(50) PSYoungGen: 19402K(51712K)->13024K(52736K) Eden: 9728K(9728K)->0K(9728K) From: 9674K(41984K)->13024K(43008K)
[1.421s][info][gc,heap        ] GC(50) ParOldGen: 218973K(257024K)->225557K(257024K)
[1.421s][info][gc,metaspace   ] GC(50) Metaspace: 6299K(6464K)->6299K(6464K) NonClass: 5765K(5824K)->5765K(5824K) Class: 533K(640K)->533K(640K)
[1.421s][info][gc             ] GC(50) Pause Young (Allocation Failure) 232M->232M(302M) 18.736ms
[1.421s][info][gc,cpu         ] GC(50) User=0.05s Sys=0.05s Real=0.02s
[1.432s][info][gc,start       ] GC(51) Pause Young (Allocation Failure)
[1.444s][info][gc,heap        ] GC(51) PSYoungGen: 22752K(52736K)->19584K(49152K) Eden: 9728K(9728K)->0K(11264K) From: 13024K(43008K)->19584K(37888K)
[1.444s][info][gc,heap        ] GC(51) ParOldGen: 225557K(257024K)->228837K(257024K)
[1.444s][info][gc,metaspace   ] GC(51) Metaspace: 6299K(6464K)->6299K(6464K) NonClass: 5765K(5824K)->5765K(5824K) Class: 533K(640K)->533K(640K)
[1.444s][info][gc             ] GC(51) Pause Young (Allocation Failure) 242M->242M(299M) 11.512ms
[1.444s][info][gc,cpu         ] GC(51) User=0.00s Sys=0.00s Real=0.01s
[1.456s][info][gc,start       ] GC(52) Pause Young (Allocation Failure)
[1.471s][info][gc,heap        ] GC(52) PSYoungGen: 30848K(49152K)->21120K(51200K) Eden: 11264K(11264K)->0K(11264K) From: 19584K(37888K)->21120K(39936K)
[1.471s][info][gc,heap        ] GC(52) ParOldGen: 228837K(257024K)->238701K(257024K)
[1.471s][info][gc,metaspace   ] GC(52) Metaspace: 6299K(6464K)->6299K(6464K) NonClass: 5765K(5824K)->5765K(5824K) Class: 533K(640K)->533K(640K)
[1.471s][info][gc             ] GC(52) Pause Young (Allocation Failure) 253M->253M(301M) 15.024ms
[1.471s][info][gc,cpu         ] GC(52) User=0.02s Sys=0.00s Real=0.01s
[1.484s][info][gc,start       ] GC(53) Pause Young (Allocation Failure)
[1.500s][info][gc,heap        ] GC(53) PSYoungGen: 32384K(51200K)->22592K(50688K) Eden: 11264K(11264K)->0K(13312K) From: 21120K(39936K)->22592K(37376K)
[1.500s][info][gc,heap        ] GC(53) ParOldGen: 238701K(257024K)->248565K(257024K)
[1.500s][info][gc,metaspace   ] GC(53) Metaspace: 6299K(6464K)->6299K(6464K) NonClass: 5765K(5824K)->5765K(5824K) Class: 533K(640K)->533K(640K)
[1.500s][info][gc             ] GC(53) Pause Young (Allocation Failure) 264M->264M(300M) 16.486ms
[1.500s][info][gc,cpu         ] GC(53) User=0.03s Sys=0.00s Real=0.02s
[1.500s][info][gc,start       ] GC(54) Pause Full (Ergonomics)
[1.500s][info][gc,phases,start] GC(54) Marking Phase
[1.564s][info][gc,phases      ] GC(54) Marking Phase 64.251ms
[1.564s][info][gc,phases,start] GC(54) Summary Phase
[1.564s][info][gc,phases      ] GC(54) Summary Phase 0.019ms
[1.564s][info][gc,phases,start] GC(54) Adjust Roots
[1.565s][info][gc,phases      ] GC(54) Adjust Roots 0.246ms
[1.565s][info][gc,phases,start] GC(54) Compaction Phase
[1.596s][info][gc,phases      ] GC(54) Compaction Phase 30.755ms
[1.596s][info][gc,phases,start] GC(54) Post Compact
[1.597s][info][gc,phases      ] GC(54) Post Compact 1.307ms
[1.597s][info][gc,heap        ] GC(54) PSYoungGen: 22592K(50688K)->13782K(51200K) Eden: 0K(13312K)->0K(13824K) From: 22592K(37376K)->13782K(37376K)
[1.597s][info][gc,heap        ] GC(54) ParOldGen: 248565K(257024K)->256733K(295936K)
[1.597s][info][gc,metaspace   ] GC(54) Metaspace: 6299K(6464K)->6299K(6464K) NonClass: 5765K(5824K)->5765K(5824K) Class: 533K(640K)->533K(640K)
[1.597s][info][gc             ] GC(54) Pause Full (Ergonomics) 264M->264M(339M) 97.069ms
[1.597s][info][gc,cpu         ] GC(54) User=0.48s Sys=0.02s Real=0.10s
[1.614s][info][gc,start       ] GC(55) Pause Young (Allocation Failure)
[1.639s][info][gc,heap        ] GC(55) PSYoungGen: 27606K(51200K)->20896K(51712K) Eden: 13824K(13824K)->0K(13824K) From: 13782K(37376K)->20896K(37888K)
[1.639s][info][gc,heap        ] GC(55) ParOldGen: 256733K(295936K)->263749K(295936K)
[1.639s][info][gc,metaspace   ] GC(55) Metaspace: 6299K(6464K)->6299K(6464K) NonClass: 5765K(5824K)->5765K(5824K) Class: 533K(640K)->533K(640K)
[1.639s][info][gc             ] GC(55) Pause Young (Allocation Failure) 277M->277M(339M) 24.375ms
[1.639s][info][gc,cpu         ] GC(55) User=0.14s Sys=0.00s Real=0.02s
[1.654s][info][gc,start       ] GC(56) Pause Young (Allocation Failure)
[1.671s][info][gc,heap        ] GC(56) PSYoungGen: 34720K(51712K)->34752K(47616K) Eden: 13824K(13824K)->0K(11264K) From: 20896K(37888K)->34752K(36352K)
[1.671s][info][gc,heap        ] GC(56) ParOldGen: 263749K(295936K)->263749K(295936K)
[1.671s][info][gc,metaspace   ] GC(56) Metaspace: 6299K(6464K)->6299K(6464K) NonClass: 5765K(5824K)->5765K(5824K) Class: 533K(640K)->533K(640K)
[1.671s][info][gc             ] GC(56) Pause Young (Allocation Failure) 291M->291M(335M) 16.955ms
[1.671s][info][gc,cpu         ] GC(56) User=0.03s Sys=0.00s Real=0.02s
[1.684s][info][gc,start       ] GC(57) Pause Young (Allocation Failure)
[1.705s][info][gc,heap        ] GC(57) PSYoungGen: 46016K(47616K)->39008K(51712K) Eden: 11264K(11264K)->0K(11264K) From: 34752K(36352K)->39008K(40448K)
[1.705s][info][gc,heap        ] GC(57) ParOldGen: 263749K(295936K)->270773K(295936K)
[1.705s][info][gc,metaspace   ] GC(57) Metaspace: 6299K(6464K)->6299K(6464K) NonClass: 5765K(5824K)->5765K(5824K) Class: 533K(640K)->533K(640K)
[1.705s][info][gc             ] GC(57) Pause Young (Allocation Failure) 302M->302M(339M) 21.437ms
[1.705s][info][gc,cpu         ] GC(57) User=0.11s Sys=0.00s Real=0.02s
[1.719s][info][gc,start       ] GC(58) Pause Young (Allocation Failure)
[1.743s][info][gc,heap        ] GC(58) PSYoungGen: 50272K(51712K)->36512K(55296K) Eden: 11264K(11264K)->0K(10240K) From: 39008K(40448K)->36512K(45056K)
[1.743s][info][gc,heap        ] GC(58) ParOldGen: 270773K(295936K)->284797K(295936K)
[1.743s][info][gc,metaspace   ] GC(58) Metaspace: 6299K(6464K)->6299K(6464K) NonClass: 5765K(5824K)->5765K(5824K) Class: 533K(640K)->533K(640K)
[1.743s][info][gc             ] GC(58) Pause Young (Allocation Failure) 313M->313M(343M) 24.663ms
[1.743s][info][gc,cpu         ] GC(58) User=0.12s Sys=0.00s Real=0.02s
[1.743s][info][gc,start       ] GC(59) Pause Full (Ergonomics)
[1.743s][info][gc,phases,start] GC(59) Marking Phase
[1.812s][info][gc,phases      ] GC(59) Marking Phase 68.993ms
[1.812s][info][gc,phases,start] GC(59) Summary Phase
[1.812s][info][gc,phases      ] GC(59) Summary Phase 0.019ms
[1.812s][info][gc,phases,start] GC(59) Adjust Roots
[1.813s][info][gc,phases      ] GC(59) Adjust Roots 0.148ms
[1.813s][info][gc,phases,start] GC(59) Compaction Phase
[1.847s][info][gc,phases      ] GC(59) Compaction Phase 34.421ms
[1.847s][info][gc,phases,start] GC(59) Post Compact
[1.849s][info][gc,phases      ] GC(59) Post Compact 1.581ms
[1.849s][info][gc,heap        ] GC(59) PSYoungGen: 36512K(55296K)->25015K(55296K) Eden: 0K(10240K)->0K(10240K) From: 36512K(45056K)->25015K(45056K)
[1.849s][info][gc,heap        ] GC(59) ParOldGen: 284797K(295936K)->295547K(337408K)
[1.849s][info][gc,metaspace   ] GC(59) Metaspace: 6299K(6464K)->6299K(6464K) NonClass: 5765K(5824K)->5765K(5824K) Class: 533K(640K)->533K(640K)
[1.849s][info][gc             ] GC(59) Pause Full (Ergonomics) 313M->313M(383M) 105.782ms
[1.849s][info][gc,cpu         ] GC(59) User=0.75s Sys=0.03s Real=0.11s
[1.861s][info][gc,start       ] GC(60) Pause Young (Allocation Failure)
[1.891s][info][gc,heap        ] GC(60) PSYoungGen: 35255K(55296K)->18176K(57856K) Eden: 10240K(10240K)->0K(10240K) From: 25015K(45056K)->18176K(47616K)
[1.891s][info][gc,heap        ] GC(60) ParOldGen: 295547K(337408K)->313051K(337408K)
[1.891s][info][gc,metaspace   ] GC(60) Metaspace: 6299K(6464K)->6299K(6464K) NonClass: 5765K(5824K)->5765K(5824K) Class: 533K(640K)->533K(640K)
[1.891s][info][gc             ] GC(60) Pause Young (Allocation Failure) 323M->323M(386M) 30.132ms
[1.891s][info][gc,cpu         ] GC(60) User=0.08s Sys=0.02s Real=0.03s
[1.903s][info][gc,start       ] GC(61) Pause Young (Allocation Failure)
[1.919s][info][gc,heap        ] GC(61) PSYoungGen: 28416K(57856K)->20640K(55296K) Eden: 10240K(10240K)->0K(11776K) From: 18176K(47616K)->20640K(43520K)
[1.919s][info][gc,heap        ] GC(61) ParOldGen: 313051K(337408K)->320995K(337408K)
[1.919s][info][gc,metaspace   ] GC(61) Metaspace: 6299K(6464K)->6299K(6464K) NonClass: 5765K(5824K)->5765K(5824K) Class: 533K(640K)->533K(640K)
[1.919s][info][gc             ] GC(61) Pause Young (Allocation Failure) 333M->333M(383M) 16.154ms
[1.919s][info][gc,cpu         ] GC(61) User=0.00s Sys=0.00s Real=0.02s
[1.919s][info][gc,start       ] GC(62) Pause Full (Ergonomics)
[1.919s][info][gc,phases,start] GC(62) Marking Phase
[2.000s][info][gc,phases      ] GC(62) Marking Phase 80.587ms
[2.000s][info][gc,phases,start] GC(62) Summary Phase
[2.000s][info][gc,phases      ] GC(62) Summary Phase 0.019ms
[2.000s][info][gc,phases,start] GC(62) Adjust Roots
[2.000s][info][gc,phases      ] GC(62) Adjust Roots 0.181ms
[2.000s][info][gc,phases,start] GC(62) Compaction Phase
[2.034s][info][gc,phases      ] GC(62) Compaction Phase 33.616ms
[2.034s][info][gc,phases,start] GC(62) Post Compact
[2.036s][info][gc,phases      ] GC(62) Post Compact 1.872ms
[2.036s][info][gc,heap        ] GC(62) PSYoungGen: 20640K(55296K)->4071K(56832K) Eden: 0K(11776K)->0K(13312K) From: 20640K(43520K)->4071K(43520K)
[2.036s][info][gc,heap        ] GC(62) ParOldGen: 320995K(337408K)->336912K(383488K)
[2.036s][info][gc,metaspace   ] GC(62) Metaspace: 6299K(6464K)->6299K(6464K) NonClass: 5765K(5824K)->5765K(5824K) Class: 533K(640K)->533K(640K)
[2.036s][info][gc             ] GC(62) Pause Full (Ergonomics) 333M->332M(430M) 116.802ms
[2.036s][info][gc,cpu         ] GC(62) User=0.59s Sys=0.00s Real=0.12s
[2.116s][info][gc,start       ] GC(63) Pause Young (Allocation Failure)
[2.139s][info][gc,heap        ] GC(63) PSYoungGen: 17383K(56832K)->14976K(58368K) Eden: 13312K(13312K)->0K(13312K) From: 4071K(43520K)->14976K(45056K)
[2.139s][info][gc,heap        ] GC(63) ParOldGen: 353296K(383488K)->355888K(383488K)
[2.139s][info][gc,metaspace   ] GC(63) Metaspace: 6299K(6464K)->6299K(6464K) NonClass: 5765K(5824K)->5765K(5824K) Class: 533K(640K)->533K(640K)
[2.139s][info][gc             ] GC(63) Pause Young (Allocation Failure) 361M->362M(431M) 22.630ms
[2.139s][info][gc,cpu         ] GC(63) User=0.09s Sys=0.00s Real=0.02s
[2.152s][info][gc,start       ] GC(64) Pause Young (Allocation Failure)
[2.166s][info][gc,heap        ] GC(64) PSYoungGen: 28288K(58368K)->28320K(58880K) Eden: 13312K(13312K)->0K(14848K) From: 14976K(45056K)->28320K(44032K)
[2.166s][info][gc,heap        ] GC(64) ParOldGen: 355888K(383488K)->355888K(383488K)
[2.166s][info][gc,metaspace   ] GC(64) Metaspace: 6299K(6464K)->6299K(6464K) NonClass: 5765K(5824K)->5765K(5824K) Class: 533K(640K)->533K(640K)
[2.167s][info][gc             ] GC(64) Pause Young (Allocation Failure) 375M->375M(432M) 14.660ms
[2.167s][info][gc,cpu         ] GC(64) User=0.02s Sys=0.00s Real=0.01s
[2.182s][info][gc,start       ] GC(65) Pause Young (Allocation Failure)
[2.202s][info][gc,heap        ] GC(65) PSYoungGen: 43168K(58880K)->43168K(58880K) Eden: 14848K(14848K)->0K(14848K) From: 28320K(44032K)->43168K(44032K)
[2.202s][info][gc,heap        ] GC(65) ParOldGen: 355888K(383488K)->355888K(383488K)
[2.202s][info][gc,metaspace   ] GC(65) Metaspace: 6299K(6464K)->6299K(6464K) NonClass: 5765K(5824K)->5765K(5824K) Class: 533K(640K)->533K(640K)
[2.202s][info][gc             ] GC(65) Pause Young (Allocation Failure) 389M->389M(432M) 20.566ms
[2.203s][info][gc,cpu         ] GC(65) User=0.09s Sys=0.00s Real=0.02s
[2.217s][info][gc,start       ] GC(66) Pause Young (Allocation Failure)
[2.244s][info][gc,heap        ] GC(66) PSYoungGen: 58016K(58880K)->49664K(56832K) Eden: 14848K(14848K)->0K(7168K) From: 43168K(44032K)->49664K(49664K)
[2.244s][info][gc,heap        ] GC(66) ParOldGen: 355888K(383488K)->364200K(383488K)
[2.245s][info][gc,metaspace   ] GC(66) Metaspace: 6299K(6464K)->6299K(6464K) NonClass: 5765K(5824K)->5765K(5824K) Class: 533K(640K)->533K(640K)
[2.245s][info][gc             ] GC(66) Pause Young (Allocation Failure) 404M->404M(430M) 27.137ms
[2.245s][info][gc,cpu         ] GC(66) User=0.12s Sys=0.02s Real=0.03s
[2.253s][info][gc,start       ] GC(67) Pause Young (Allocation Failure)
[2.279s][info][gc,heap        ] GC(67) PSYoungGen: 56832K(56832K)->33696K(40960K) Eden: 7168K(7168K)->0K(7168K) From: 49664K(49664K)->33696K(33792K)
[2.279s][info][gc,heap        ] GC(67) ParOldGen: 364200K(383488K)->387768K(388096K)
[2.279s][info][gc,metaspace   ] GC(67) Metaspace: 6299K(6464K)->6299K(6464K) NonClass: 5765K(5824K)->5765K(5824K) Class: 533K(640K)->533K(640K)
[2.279s][info][gc             ] GC(67) Pause Young (Allocation Failure) 411M->411M(419M) 26.144ms
[2.279s][info][gc,cpu         ] GC(67) User=0.12s Sys=0.00s Real=0.03s
[2.279s][info][gc,start       ] GC(68) Pause Full (Ergonomics)
[2.279s][info][gc,phases,start] GC(68) Marking Phase
[2.367s][info][gc,phases      ] GC(68) Marking Phase 87.777ms
[2.367s][info][gc,phases,start] GC(68) Summary Phase
[2.367s][info][gc,phases      ] GC(68) Summary Phase 0.021ms
[2.367s][info][gc,phases,start] GC(68) Adjust Roots
[2.367s][info][gc,phases      ] GC(68) Adjust Roots 0.192ms
[2.367s][info][gc,phases,start] GC(68) Compaction Phase
[2.443s][info][gc,phases      ] GC(68) Compaction Phase 76.131ms
[2.443s][info][gc,phases,start] GC(68) Post Compact
[2.446s][info][gc,phases      ] GC(68) Post Compact 2.197ms
[2.446s][info][gc,heap        ] GC(68) PSYoungGen: 33696K(40960K)->24797K(40960K) Eden: 0K(7168K)->0K(7168K) From: 33696K(33792K)->24797K(33792K)
[2.446s][info][gc,heap        ] GC(68) ParOldGen: 387768K(388096K)->387718K(440832K)
[2.446s][info][gc,metaspace   ] GC(68) Metaspace: 6299K(6464K)->6299K(6464K) NonClass: 5765K(5824K)->5765K(5824K) Class: 533K(640K)->533K(640K)
[2.446s][info][gc             ] GC(68) Pause Full (Ergonomics) 411M->402M(470M) 166.902ms
[2.446s][info][gc,cpu         ] GC(68) User=1.09s Sys=0.00s Real=0.17s
[2.455s][info][gc,start       ] GC(69) Pause Young (Allocation Failure)
[2.485s][info][gc,heap        ] GC(69) PSYoungGen: 31965K(40960K)->12704K(66048K) Eden: 7168K(7168K)->0K(8192K) From: 24797K(33792K)->12704K(57856K)
[2.485s][info][gc,heap        ] GC(69) ParOldGen: 387718K(440832K)->407398K(440832K)
[2.485s][info][gc,metaspace   ] GC(69) Metaspace: 6299K(6464K)->6299K(6464K) NonClass: 5765K(5824K)->5765K(5824K) Class: 533K(640K)->533K(640K)
[2.485s][info][gc             ] GC(69) Pause Young (Allocation Failure) 409M->410M(495M) 29.836ms
[2.485s][info][gc,cpu         ] GC(69) User=0.14s Sys=0.00s Real=0.03s
[2.494s][info][gc,start       ] GC(70) Pause Young (Allocation Failure)
[2.505s][info][gc,heap        ] GC(70) PSYoungGen: 20896K(66048K)->15392K(66048K) Eden: 8192K(8192K)->0K(8192K) From: 12704K(57856K)->15392K(57856K)
[2.505s][info][gc,heap        ] GC(70) ParOldGen: 407398K(440832K)->412902K(440832K)
[2.505s][info][gc,metaspace   ] GC(70) Metaspace: 6299K(6464K)->6299K(6464K) NonClass: 5765K(5824K)->5765K(5824K) Class: 533K(640K)->533K(640K)
[2.505s][info][gc             ] GC(70) Pause Young (Allocation Failure) 418M->418M(495M) 11.787ms
[2.505s][info][gc,cpu         ] GC(70) User=0.00s Sys=0.00s Real=0.01s
[2.514s][info][gc,start       ] GC(71) Pause Young (Allocation Failure)
[2.528s][info][gc,heap        ] GC(71) PSYoungGen: 23584K(66048K)->16480K(64512K) Eden: 8192K(8192K)->0K(9728K) From: 15392K(57856K)->16480K(54784K)
[2.528s][info][gc,heap        ] GC(71) ParOldGen: 412902K(440832K)->420174K(440832K)
[2.528s][info][gc,metaspace   ] GC(71) Metaspace: 6299K(6464K)->6299K(6464K) NonClass: 5765K(5824K)->5765K(5824K) Class: 533K(640K)->533K(640K)
[2.528s][info][gc             ] GC(71) Pause Young (Allocation Failure) 426M->426M(493M) 13.617ms
[2.528s][info][gc,cpu         ] GC(71) User=0.02s Sys=0.00s Real=0.01s
[2.528s][info][gc,start       ] GC(72) Pause Full (Ergonomics)
[2.528s][info][gc,phases,start] GC(72) Marking Phase
[2.626s][info][gc,phases      ] GC(72) Marking Phase 98.033ms
[2.626s][info][gc,phases,start] GC(72) Summary Phase
[2.626s][info][gc,phases      ] GC(72) Summary Phase 0.023ms
[2.626s][info][gc,phases,start] GC(72) Adjust Roots
[2.626s][info][gc,phases      ] GC(72) Adjust Roots 0.150ms
[2.626s][info][gc,phases,start] GC(72) Compaction Phase
[2.672s][info][gc,phases      ] GC(72) Compaction Phase 45.552ms
[2.672s][info][gc,phases,start] GC(72) Post Compact
[2.674s][info][gc,phases      ] GC(72) Post Compact 2.074ms
[2.674s][info][gc,heap        ] GC(72) PSYoungGen: 16480K(64512K)->0K(65536K) Eden: 0K(9728K)->0K(9728K) From: 16480K(54784K)->0K(55808K)
[2.674s][info][gc,heap        ] GC(72) ParOldGen: 420174K(440832K)->435974K(493056K)
[2.674s][info][gc,metaspace   ] GC(72) Metaspace: 6299K(6464K)->6299K(6464K) NonClass: 5765K(5824K)->5765K(5824K) Class: 533K(640K)->533K(640K)
[2.674s][info][gc             ] GC(72) Pause Full (Ergonomics) 426M->425M(545M) 146.382ms
[2.675s][info][gc,cpu         ] GC(72) User=0.92s Sys=0.00s Real=0.15s
[2.685s][info][gc,start       ] GC(73) Pause Young (Allocation Failure)
[2.692s][info][gc,heap        ] GC(73) PSYoungGen: 9728K(65536K)->9856K(65024K) Eden: 9728K(9728K)->0K(10752K) From: 0K(55808K)->9856K(54272K)
[2.692s][info][gc,heap        ] GC(73) ParOldGen: 435974K(493056K)->435974K(493056K)
[2.692s][info][gc,metaspace   ] GC(73) Metaspace: 6299K(6464K)->6299K(6464K) NonClass: 5765K(5824K)->5765K(5824K) Class: 533K(640K)->533K(640K)
[2.692s][info][gc             ] GC(73) Pause Young (Allocation Failure) 435M->435M(545M) 7.620ms
[2.692s][info][gc,cpu         ] GC(73) User=0.00s Sys=0.00s Real=0.01s
[2.704s][info][gc,start       ] GC(74) Pause Young (Allocation Failure)
[2.715s][info][gc,heap        ] GC(74) PSYoungGen: 20608K(65024K)->20640K(31744K) Eden: 10752K(10752K)->0K(10752K) From: 9856K(54272K)->20640K(20992K)
[2.715s][info][gc,heap        ] GC(74) ParOldGen: 435974K(493056K)->435974K(493056K)
[2.715s][info][gc,metaspace   ] GC(74) Metaspace: 6299K(6464K)->6299K(6464K) NonClass: 5765K(5824K)->5765K(5824K) Class: 533K(640K)->533K(640K)
[2.715s][info][gc             ] GC(74) Pause Young (Allocation Failure) 445M->445M(512M) 11.043ms
[2.715s][info][gc,cpu         ] GC(74) User=0.02s Sys=0.00s Real=0.01s
[2.727s][info][gc,start       ] GC(75) Pause Young (Allocation Failure)
[2.742s][info][gc,heap        ] GC(75) PSYoungGen: 31392K(31744K)->31328K(65024K) Eden: 10752K(10752K)->0K(12288K) From: 20640K(20992K)->31328K(52736K)
[2.742s][info][gc,heap        ] GC(75) ParOldGen: 435974K(493056K)->435974K(493056K)
[2.742s][info][gc,metaspace   ] GC(75) Metaspace: 6299K(6464K)->6299K(6464K) NonClass: 5765K(5824K)->5765K(5824K) Class: 533K(640K)->533K(640K)
[2.742s][info][gc             ] GC(75) Pause Young (Allocation Failure) 456M->456M(545M) 15.307ms
[2.742s][info][gc,cpu         ] GC(75) User=0.02s Sys=0.00s Real=0.01s
[2.755s][info][gc,start       ] GC(76) Pause Young (Allocation Failure)
[2.776s][info][gc,heap        ] GC(76) PSYoungGen: 43616K(65024K)->43616K(65024K) Eden: 12288K(12288K)->0K(12288K) From: 31328K(52736K)->43616K(52736K)
[2.776s][info][gc,heap        ] GC(76) ParOldGen: 435974K(493056K)->435974K(493056K)
[2.776s][info][gc,metaspace   ] GC(76) Metaspace: 6299K(6464K)->6299K(6464K) NonClass: 5765K(5824K)->5765K(5824K) Class: 533K(640K)->533K(640K)
[2.776s][info][gc             ] GC(76) Pause Young (Allocation Failure) 468M->468M(545M) 21.110ms
[2.776s][info][gc,cpu         ] GC(76) User=0.14s Sys=0.00s Real=0.02s
[2.790s][info][gc,start       ] GC(77) Pause Young (Allocation Failure)
[2.816s][info][gc,heap        ] GC(77) PSYoungGen: 55904K(65024K)->55904K(62464K) Eden: 12288K(12288K)->0K(5632K) From: 43616K(52736K)->55904K(56832K)
[2.816s][info][gc,heap        ] GC(77) ParOldGen: 435974K(493056K)->435974K(493056K)
[2.816s][info][gc,metaspace   ] GC(77) Metaspace: 6299K(6464K)->6299K(6464K) NonClass: 5765K(5824K)->5765K(5824K) Class: 533K(640K)->533K(640K)
[2.816s][info][gc             ] GC(77) Pause Young (Allocation Failure) 480M->480M(542M) 25.837ms
[2.816s][info][gc,cpu         ] GC(77) User=0.25s Sys=0.00s Real=0.03s
[2.822s][info][gc,start       ] GC(78) Pause Young (Allocation Failure)
[2.850s][info][gc,heap        ] GC(78) PSYoungGen: 61536K(62464K)->51808K(70656K) Eden: 5632K(5632K)->0K(5632K) From: 55904K(56832K)->51808K(65024K)
[2.850s][info][gc,heap        ] GC(78) ParOldGen: 435974K(493056K)->445838K(493056K)
[2.850s][info][gc,metaspace   ] GC(78) Metaspace: 6299K(6464K)->6299K(6464K) NonClass: 5765K(5824K)->5765K(5824K) Class: 533K(640K)->533K(640K)
[2.850s][info][gc             ] GC(78) Pause Young (Allocation Failure) 485M->485M(550M) 27.466ms
[2.850s][info][gc,cpu         ] GC(78) User=0.12s Sys=0.00s Real=0.03s
[2.856s][info][gc,start       ] GC(79) Pause Young (Allocation Failure)
[2.882s][info][gc,heap        ] GC(79) PSYoungGen: 57440K(70656K)->35936K(72192K) Eden: 5632K(5632K)->0K(6656K) From: 51808K(65024K)->35936K(65536K)
[2.882s][info][gc,heap        ] GC(79) ParOldGen: 445838K(493056K)->467614K(493056K)
[2.882s][info][gc,metaspace   ] GC(79) Metaspace: 6299K(6464K)->6299K(6464K) NonClass: 5765K(5824K)->5765K(5824K) Class: 533K(640K)->533K(640K)
[2.882s][info][gc             ] GC(79) Pause Young (Allocation Failure) 491M->491M(552M) 26.399ms
[2.882s][info][gc,cpu         ] GC(79) User=0.12s Sys=0.00s Real=0.03s
[2.890s][info][gc,start       ] GC(80) Pause Young (Allocation Failure)
[2.912s][info][gc,heap        ] GC(80) PSYoungGen: 42592K(72192K)->17984K(74240K) Eden: 6656K(6656K)->0K(6656K) From: 35936K(65536K)->17984K(67584K)
[2.912s][info][gc,heap        ] GC(80) ParOldGen: 467614K(493056K)->492502K(493056K)
[2.912s][info][gc,metaspace   ] GC(80) Metaspace: 6299K(6464K)->6299K(6464K) NonClass: 5765K(5824K)->5765K(5824K) Class: 533K(640K)->533K(640K)
[2.912s][info][gc             ] GC(80) Pause Young (Allocation Failure) 498M->498M(554M) 21.677ms
[2.912s][info][gc,cpu         ] GC(80) User=0.12s Sys=0.00s Real=0.02s
[2.912s][info][gc,start       ] GC(81) Pause Full (Ergonomics)
[2.912s][info][gc,phases,start] GC(81) Marking Phase
[3.031s][info][gc,phases      ] GC(81) Marking Phase 119.138ms
[3.031s][info][gc,phases,start] GC(81) Summary Phase
[3.031s][info][gc,phases      ] GC(81) Summary Phase 0.020ms
[3.031s][info][gc,phases,start] GC(81) Adjust Roots
[3.031s][info][gc,phases      ] GC(81) Adjust Roots 0.160ms
[3.031s][info][gc,phases,start] GC(81) Compaction Phase
[3.085s][info][gc,phases      ] GC(81) Compaction Phase 53.855ms
[3.085s][info][gc,phases,start] GC(81) Post Compact
[3.088s][info][gc,phases      ] GC(81) Post Compact 2.476ms
[3.088s][info][gc,heap        ] GC(81) PSYoungGen: 17984K(74240K)->16807K(74240K) Eden: 0K(6656K)->0K(6656K) From: 17984K(67584K)->16807K(67584K)
[3.088s][info][gc,heap        ] GC(81) ParOldGen: 492502K(493056K)->492649K(559616K)
[3.088s][info][gc,metaspace   ] GC(81) Metaspace: 6299K(6464K)->6299K(6464K) NonClass: 5765K(5824K)->5765K(5824K) Class: 533K(640K)->533K(640K)
[3.088s][info][gc             ] GC(81) Pause Full (Ergonomics) 498M->497M(619M) 176.389ms
[3.088s][info][gc,cpu         ] GC(81) User=1.16s Sys=0.00s Real=0.18s
[3.097s][info][gc,start       ] GC(82) Pause Young (Allocation Failure)
[3.128s][info][gc,heap        ] GC(82) PSYoungGen: 23463K(74240K)->13088K(72704K) Eden: 6656K(6656K)->0K(7680K) From: 16807K(67584K)->13088K(65024K)
[3.128s][info][gc,heap        ] GC(82) ParOldGen: 492649K(559616K)->503273K(559616K)
[3.128s][info][gc,metaspace   ] GC(82) Metaspace: 6299K(6464K)->6299K(6464K) NonClass: 5765K(5824K)->5765K(5824K) Class: 533K(640K)->533K(640K)
[3.128s][info][gc             ] GC(82) Pause Young (Allocation Failure) 504M->504M(617M) 31.417ms
[3.128s][info][gc,cpu         ] GC(82) User=0.14s Sys=0.00s Real=0.03s
[3.137s][info][gc,start       ] GC(83) Pause Young (Allocation Failure)
[3.150s][info][gc,heap        ] GC(83) PSYoungGen: 20768K(72704K)->14464K(22528K) Eden: 7680K(7680K)->0K(7680K) From: 13088K(65024K)->14464K(14848K)
[3.150s][info][gc,heap        ] GC(83) ParOldGen: 503273K(559616K)->509745K(559616K)
[3.150s][info][gc,metaspace   ] GC(83) Metaspace: 6299K(6464K)->6299K(6464K) NonClass: 5765K(5824K)->5765K(5824K) Class: 533K(640K)->533K(640K)
[3.150s][info][gc             ] GC(83) Pause Young (Allocation Failure) 511M->511M(568M) 12.678ms
[3.150s][info][gc,cpu         ] GC(83) User=0.00s Sys=0.00s Real=0.01s
[3.158s][info][gc,start       ] GC(84) Pause Young (Allocation Failure)
[3.170s][info][gc,heap        ] GC(84) PSYoungGen: 22144K(22528K)->7840K(72192K) Eden: 7680K(7680K)->0K(8704K) From: 14464K(14848K)->7840K(63488K)
[3.170s][info][gc,heap        ] GC(84) ParOldGen: 509745K(559616K)->524249K(559616K)
[3.170s][info][gc,metaspace   ] GC(84) Metaspace: 6299K(6464K)->6299K(6464K) NonClass: 5765K(5824K)->5765K(5824K) Class: 533K(640K)->533K(640K)
[3.171s][info][gc             ] GC(84) Pause Young (Allocation Failure) 519M->519M(617M) 12.675ms
[3.171s][info][gc,cpu         ] GC(84) User=0.02s Sys=0.00s Real=0.01s
[3.180s][info][gc,start       ] GC(85) Pause Young (Allocation Failure)
[3.191s][info][gc,heap        ] GC(85) PSYoungGen: 16544K(72192K)->8800K(72704K) Eden: 8704K(8704K)->0K(8704K) From: 7840K(63488K)->8800K(64000K)
[3.191s][info][gc,heap        ] GC(85) ParOldGen: 524249K(559616K)->532033K(559616K)
[3.191s][info][gc,metaspace   ] GC(85) Metaspace: 6299K(6464K)->6299K(6464K) NonClass: 5765K(5824K)->5765K(5824K) Class: 533K(640K)->533K(640K)
[3.191s][info][gc             ] GC(85) Pause Young (Allocation Failure) 528M->528M(617M) 10.223ms
[3.191s][info][gc,cpu         ] GC(85) User=0.02s Sys=0.00s Real=0.01s
[3.200s][info][gc,start       ] GC(86) Pause Young (Allocation Failure)
[3.211s][info][gc,heap        ] GC(86) PSYoungGen: 17504K(72704K)->8800K(71168K) Eden: 8704K(8704K)->0K(10240K) From: 8800K(64000K)->8800K(60928K)
[3.211s][info][gc,heap        ] GC(86) ParOldGen: 532033K(559616K)->540857K(559616K)
[3.211s][info][gc,metaspace   ] GC(86) Metaspace: 6299K(6464K)->6299K(6464K) NonClass: 5765K(5824K)->5765K(5824K) Class: 533K(640K)->533K(640K)
[3.212s][info][gc             ] GC(86) Pause Young (Allocation Failure) 536M->536M(616M) 11.587ms
[3.212s][info][gc,cpu         ] GC(86) User=0.00s Sys=0.00s Real=0.01s
[3.212s][info][gc,start       ] GC(87) Pause Full (Ergonomics)
[3.212s][info][gc,phases,start] GC(87) Marking Phase
[3.336s][info][gc,phases      ] GC(87) Marking Phase 124.737ms
[3.336s][info][gc,phases,start] GC(87) Summary Phase
[3.336s][info][gc,phases      ] GC(87) Summary Phase 0.024ms
[3.336s][info][gc,phases,start] GC(87) Adjust Roots
[3.337s][info][gc,phases      ] GC(87) Adjust Roots 0.155ms
[3.337s][info][gc,phases,start] GC(87) Compaction Phase
[3.396s][info][gc,phases      ] GC(87) Compaction Phase 59.154ms
[3.396s][info][gc,phases,start] GC(87) Post Compact
[3.397s][info][gc,phases      ] GC(87) Post Compact 1.035ms
[3.397s][info][gc,heap        ] GC(87) PSYoungGen: 8800K(71168K)->0K(72192K) Eden: 0K(10240K)->0K(10240K) From: 8800K(60928K)->0K(61952K)
[3.397s][info][gc,heap        ] GC(87) ParOldGen: 540857K(559616K)->548717K(614400K)
[3.397s][info][gc,metaspace   ] GC(87) Metaspace: 6299K(6464K)->6299K(6464K) NonClass: 5765K(5824K)->5765K(5824K) Class: 533K(640K)->533K(640K)
[3.397s][info][gc             ] GC(87) Pause Full (Ergonomics) 536M->535M(670M) 185.605ms
[3.397s][info][gc,cpu         ] GC(87) User=1.30s Sys=0.02s Real=0.19s
[3.409s][info][gc,start       ] GC(88) Pause Young (Allocation Failure)
[3.417s][info][gc,heap        ] GC(88) PSYoungGen: 10240K(72192K)->10304K(68608K) Eden: 10240K(10240K)->0K(11264K) From: 0K(61952K)->10304K(57344K)
[3.417s][info][gc,heap        ] GC(88) ParOldGen: 548717K(614400K)->548717K(614400K)
[3.417s][info][gc,metaspace   ] GC(88) Metaspace: 6299K(6464K)->6299K(6464K) NonClass: 5765K(5824K)->5765K(5824K) Class: 533K(640K)->533K(640K)
[3.417s][info][gc             ] GC(88) Pause Young (Allocation Failure) 545M->545M(667M) 8.205ms
[3.417s][info][gc,cpu         ] GC(88) User=0.00s Sys=0.00s Real=0.01s
[3.431s][info][gc,start       ] GC(89) Pause Young (Allocation Failure)
[3.444s][info][gc,heap        ] GC(89) PSYoungGen: 21568K(68608K)->21632K(33280K) Eden: 11264K(11264K)->0K(11264K) From: 10304K(57344K)->21632K(22016K)
[3.444s][info][gc,heap        ] GC(89) ParOldGen: 548717K(614400K)->548717K(614400K)
[3.444s][info][gc,metaspace   ] GC(89) Metaspace: 6299K(6464K)->6299K(6464K) NonClass: 5765K(5824K)->5765K(5824K) Class: 533K(640K)->533K(640K)
[3.444s][info][gc             ] GC(89) Pause Young (Allocation Failure) 556M->556M(632M) 12.929ms
[3.444s][info][gc,cpu         ] GC(89) User=0.00s Sys=0.00s Real=0.01s
[3.457s][info][gc,start       ] GC(90) Pause Young (Allocation Failure)
[3.474s][info][gc,heap        ] GC(90) PSYoungGen: 32896K(33280K)->32832K(68608K) Eden: 11264K(11264K)->0K(12288K) From: 21632K(22016K)->32832K(56320K)
[3.474s][info][gc,heap        ] GC(90) ParOldGen: 548717K(614400K)->548717K(614400K)
[3.474s][info][gc,metaspace   ] GC(90) Metaspace: 6299K(6464K)->6299K(6464K) NonClass: 5765K(5824K)->5765K(5824K) Class: 533K(640K)->533K(640K)
[3.474s][info][gc             ] GC(90) Pause Young (Allocation Failure) 567M->567M(667M) 17.129ms
[3.474s][info][gc,cpu         ] GC(90) User=0.03s Sys=0.00s Real=0.02s
[3.488s][info][gc,start       ] GC(91) Pause Young (Allocation Failure)
[3.510s][info][gc,heap        ] GC(91) PSYoungGen: 45120K(68608K)->45152K(69120K) Eden: 12288K(12288K)->0K(12288K) From: 32832K(56320K)->45152K(56832K)
[3.510s][info][gc,heap        ] GC(91) ParOldGen: 548717K(614400K)->548717K(614400K)
[3.510s][info][gc,metaspace   ] GC(91) Metaspace: 6299K(6464K)->6299K(6464K) NonClass: 5765K(5824K)->5765K(5824K) Class: 533K(640K)->533K(640K)
[3.510s][info][gc             ] GC(91) Pause Young (Allocation Failure) 579M->579M(667M) 22.710ms
[3.510s][info][gc,cpu         ] GC(91) User=0.12s Sys=0.00s Real=0.02s
[3.525s][info][gc,start       ] GC(92) Pause Young (Allocation Failure)
[3.553s][info][gc,heap        ] GC(92) PSYoungGen: 57440K(69120K)->47200K(71168K) Eden: 12288K(12288K)->0K(9216K) From: 45152K(56832K)->47200K(61952K)
[3.553s][info][gc,heap        ] GC(92) ParOldGen: 548717K(614400K)->559093K(614400K)
[3.553s][info][gc,metaspace   ] GC(92) Metaspace: 6299K(6464K)->6299K(6464K) NonClass: 5765K(5824K)->5765K(5824K) Class: 533K(640K)->533K(640K)
[3.553s][info][gc             ] GC(92) Pause Young (Allocation Failure) 591M->592M(669M) 27.741ms
[3.553s][info][gc,cpu         ] GC(92) User=0.12s Sys=0.00s Real=0.03s
[3.564s][info][gc,start       ] GC(93) Pause Young (Allocation Failure)
[3.591s][info][gc,heap        ] GC(93) PSYoungGen: 56416K(71168K)->45152K(75776K) Eden: 9216K(9216K)->0K(9216K) From: 47200K(61952K)->45152K(66560K)
[3.591s][info][gc,heap        ] GC(93) ParOldGen: 559093K(614400K)->570525K(614400K)
[3.591s][info][gc,metaspace   ] GC(93) Metaspace: 6299K(6464K)->6299K(6464K) NonClass: 5765K(5824K)->5765K(5824K) Class: 533K(640K)->533K(640K)
[3.591s][info][gc             ] GC(93) Pause Young (Allocation Failure) 601M->601M(674M) 27.570ms
[3.591s][info][gc,cpu         ] GC(93) User=0.14s Sys=0.00s Real=0.03s
[3.602s][info][gc,start       ] GC(94) Pause Young (Allocation Failure)
[3.629s][info][gc,heap        ] GC(94) PSYoungGen: 54368K(75776K)->30752K(73216K) Eden: 9216K(9216K)->0K(10752K) From: 45152K(66560K)->30752K(62464K)
[3.629s][info][gc,heap        ] GC(94) ParOldGen: 570525K(614400K)->594381K(614400K)
[3.629s][info][gc,metaspace   ] GC(94) Metaspace: 6299K(6464K)->6299K(6464K) NonClass: 5765K(5824K)->5765K(5824K) Class: 533K(640K)->533K(640K)
[3.629s][info][gc             ] GC(94) Pause Young (Allocation Failure) 610M->610M(671M) 26.893ms
[3.629s][info][gc,cpu         ] GC(94) User=0.11s Sys=0.02s Real=0.03s
[3.629s][info][gc,start       ] GC(95) Pause Full (Ergonomics)
[3.629s][info][gc,phases,start] GC(95) Marking Phase
[3.772s][info][gc,phases      ] GC(95) Marking Phase 142.784ms
[3.772s][info][gc,phases,start] GC(95) Summary Phase
[3.772s][info][gc,phases      ] GC(95) Summary Phase 0.021ms
[3.772s][info][gc,phases,start] GC(95) Adjust Roots
[3.772s][info][gc,phases      ] GC(95) Adjust Roots 0.160ms
[3.772s][info][gc,phases,start] GC(95) Compaction Phase
[3.826s][info][gc,phases      ] GC(95) Compaction Phase 53.560ms
[3.826s][info][gc,phases,start] GC(95) Post Compact
[3.827s][info][gc,phases      ] GC(95) Post Compact 0.929ms
[3.827s][info][gc,heap        ] GC(95) PSYoungGen: 30752K(73216K)->10186K(75264K) Eden: 0K(10752K)->0K(12800K) From: 30752K(62464K)->10186K(62464K)
[3.827s][info][gc,heap        ] GC(95) ParOldGen: 594381K(614400K)->614084K(686592K)
[3.827s][info][gc,metaspace   ] GC(95) Metaspace: 6299K(6464K)->6299K(6464K) NonClass: 5765K(5824K)->5765K(5824K) Class: 533K(640K)->533K(640K)
[3.827s][info][gc             ] GC(95) Pause Full (Ergonomics) 610M->609M(744M) 197.978ms
[3.827s][info][gc,cpu         ] GC(95) User=1.38s Sys=0.00s Real=0.20s
[3.843s][info][gc,start       ] GC(96) Pause Young (Allocation Failure)
[3.880s][info][gc,heap        ] GC(96) PSYoungGen: 22986K(75264K)->15712K(78848K) Eden: 12800K(12800K)->0K(12800K) From: 10186K(62464K)->15712K(66048K)
[3.880s][info][gc,heap        ] GC(96) ParOldGen: 614084K(686592K)->621596K(686592K)
[3.880s][info][gc,metaspace   ] GC(96) Metaspace: 6299K(6464K)->6299K(6464K) NonClass: 5765K(5824K)->5765K(5824K) Class: 533K(640K)->533K(640K)
[3.880s][info][gc             ] GC(96) Pause Young (Allocation Failure) 622M->622M(747M) 37.202ms
[3.880s][info][gc,cpu         ] GC(96) User=0.16s Sys=0.00s Real=0.04s
[3.896s][info][gc,start       ] GC(97) Pause Young (Allocation Failure)
[3.913s][info][gc,heap        ] GC(97) PSYoungGen: 28512K(78848K)->25728K(72192K) Eden: 12800K(12800K)->0K(14336K) From: 15712K(66048K)->25728K(57856K)
[3.913s][info][gc,heap        ] GC(97) ParOldGen: 621596K(686592K)->624452K(686592K)
[3.913s][info][gc,metaspace   ] GC(97) Metaspace: 6299K(6464K)->6299K(6464K) NonClass: 5765K(5824K)->5765K(5824K) Class: 533K(640K)->533K(640K)
[3.913s][info][gc             ] GC(97) Pause Young (Allocation Failure) 634M->634M(741M) 16.967ms
[3.913s][info][gc,cpu         ] GC(97) User=0.03s Sys=0.00s Real=0.02s
[3.930s][info][gc,start       ] GC(98) Pause Young (Allocation Failure)
[3.955s][info][gc,heap        ] GC(98) PSYoungGen: 40064K(72192K)->27232K(41984K) Eden: 14336K(14336K)->0K(14336K) From: 25728K(57856K)->27232K(27648K)
[3.955s][info][gc,heap        ] GC(98) ParOldGen: 624452K(686592K)->637436K(686592K)
[3.955s][info][gc,metaspace   ] GC(98) Metaspace: 6299K(6464K)->6299K(6464K) NonClass: 5765K(5824K)->5765K(5824K) Class: 533K(640K)->533K(640K)
[3.955s][info][gc             ] GC(98) Pause Young (Allocation Failure) 648M->649M(711M) 25.130ms
[3.955s][info][gc,cpu         ] GC(98) User=0.16s Sys=0.05s Real=0.02s
[3.974s][info][gc,start       ] GC(99) Pause Young (Allocation Failure)
[3.998s][info][gc,heap        ] GC(99) PSYoungGen: 41568K(41984K)->28800K(69120K) Eden: 14336K(14336K)->0K(16384K) From: 27232K(27648K)->28800K(52736K)
[3.998s][info][gc,heap        ] GC(99) ParOldGen: 637436K(686592K)->650428K(686592K)
[3.998s][info][gc,metaspace   ] GC(99) Metaspace: 6299K(6464K)->6299K(6464K) NonClass: 5765K(5824K)->5765K(5824K) Class: 533K(640K)->533K(640K)
[3.998s][info][gc             ] GC(99) Pause Young (Allocation Failure) 663M->663M(738M) 23.730ms
[3.998s][info][gc,cpu         ] GC(99) User=0.14s Sys=0.00s Real=0.02s
[4.021s][info][gc,start       ] GC(100) Pause Young (Allocation Failure)
[4.054s][info][gc,heap        ] GC(100) PSYoungGen: 45184K(69120K)->30880K(71680K) Eden: 16384K(16384K)->0K(16384K) From: 28800K(52736K)->30880K(55296K)
[4.054s][info][gc,heap        ] GC(100) ParOldGen: 650428K(686592K)->664980K(686592K)
[4.054s][info][gc,metaspace   ] GC(100) Metaspace: 6299K(6464K)->6299K(6464K) NonClass: 5765K(5824K)->5765K(5824K) Class: 533K(640K)->533K(640K)
[4.054s][info][gc             ] GC(100) Pause Young (Allocation Failure) 679M->679M(740M) 32.574ms
[4.054s][info][gc,cpu         ] GC(100) User=0.08s Sys=0.02s Real=0.03s
[4.054s][info][gc,start       ] GC(101) Pause Full (Ergonomics)
[4.054s][info][gc,phases,start] GC(101) Marking Phase
[4.235s][info][gc,phases      ] GC(101) Marking Phase 180.715ms
[4.235s][info][gc,phases,start] GC(101) Summary Phase
[4.235s][info][gc,phases      ] GC(101) Summary Phase 0.029ms
[4.235s][info][gc,phases,start] GC(101) Adjust Roots
[4.235s][info][gc,phases      ] GC(101) Adjust Roots 0.204ms
[4.235s][info][gc,phases,start] GC(101) Compaction Phase
[4.306s][info][gc,phases      ] GC(101) Compaction Phase 71.286ms
[4.306s][info][gc,phases,start] GC(101) Post Compact
[4.309s][info][gc,phases      ] GC(101) Post Compact 2.549ms
[4.309s][info][gc,heap        ] GC(101) PSYoungGen: 30880K(71680K)->8680K(71680K) Eden: 0K(16384K)->0K(16384K) From: 30880K(55296K)->8680K(55296K)
[4.309s][info][gc,heap        ] GC(101) ParOldGen: 664980K(686592K)->686086K(762368K)
[4.309s][info][gc,metaspace   ] GC(101) Metaspace: 6299K(6464K)->6299K(6464K) NonClass: 5765K(5824K)->5765K(5824K) Class: 533K(640K)->533K(640K)
[4.309s][info][gc             ] GC(101) Pause Full (Ergonomics) 679M->678M(814M) 255.522ms
[4.309s][info][gc,cpu         ] GC(101) User=1.55s Sys=0.03s Real=0.26s
[4.467s][info][gc,start       ] GC(102) Pause Young (Allocation Failure)
[4.512s][info][gc,heap        ] GC(102) PSYoungGen: 25064K(71680K)->21312K(70144K) Eden: 16384K(16384K)->0K(18432K) From: 8680K(55296K)->21312K(51712K)
[4.512s][info][gc,heap        ] GC(102) ParOldGen: 718854K(762368K)->722822K(762368K)
[4.512s][info][gc,metaspace   ] GC(102) Metaspace: 6299K(6464K)->6299K(6464K) NonClass: 5765K(5824K)->5765K(5824K) Class: 533K(640K)->533K(640K)
[4.512s][info][gc             ] GC(102) Pause Young (Allocation Failure) 726M->726M(813M) 45.206ms
[4.512s][info][gc,cpu         ] GC(102) User=0.16s Sys=0.00s Real=0.05s
[4.532s][info][gc,start       ] GC(103) Pause Young (Allocation Failure)
[4.559s][info][gc,heap        ] GC(103) PSYoungGen: 39744K(70144K)->39744K(71168K) Eden: 18432K(18432K)->0K(18432K) From: 21312K(51712K)->39744K(52736K)
[4.559s][info][gc,heap        ] GC(103) ParOldGen: 722822K(762368K)->722822K(762368K)
[4.559s][info][gc,metaspace   ] GC(103) Metaspace: 6299K(6464K)->6299K(6464K) NonClass: 5765K(5824K)->5765K(5824K) Class: 533K(640K)->533K(640K)
[4.559s][info][gc             ] GC(103) Pause Young (Allocation Failure) 744M->744M(814M) 26.905ms
[4.559s][info][gc,cpu         ] GC(103) User=0.06s Sys=0.00s Real=0.03s
[4.578s][info][gc,start       ] GC(104) Pause Young (Allocation Failure)
[4.611s][info][gc,heap        ] GC(104) PSYoungGen: 58176K(71168K)->53344K(68608K) Eden: 18432K(18432K)->0K(13824K) From: 39744K(52736K)->53344K(54784K)
[4.611s][info][gc,heap        ] GC(104) ParOldGen: 722822K(762368K)->727718K(762368K)
[4.611s][info][gc,metaspace   ] GC(104) Metaspace: 6299K(6464K)->6299K(6464K) NonClass: 5765K(5824K)->5765K(5824K) Class: 533K(640K)->533K(640K)
[4.611s][info][gc             ] GC(104) Pause Young (Allocation Failure) 762M->762M(811M) 33.112ms
[4.611s][info][gc,cpu         ] GC(104) User=0.12s Sys=0.00s Real=0.03s
[4.627s][info][gc,start       ] GC(105) Pause Young (Allocation Failure)
[4.661s][info][gc,heap        ] GC(105) PSYoungGen: 67168K(68608K)->50816K(75264K) Eden: 13824K(13824K)->0K(13824K) From: 53344K(54784K)->50816K(61440K)
[4.662s][info][gc,heap        ] GC(105) ParOldGen: 727718K(762368K)->744334K(762368K)
[4.662s][info][gc,metaspace   ] GC(105) Metaspace: 6299K(6464K)->6299K(6464K) NonClass: 5765K(5824K)->5765K(5824K) Class: 533K(640K)->533K(640K)
[4.662s][info][gc             ] GC(105) Pause Young (Allocation Failure) 776M->776M(818M) 34.844ms
[4.662s][info][gc,cpu         ] GC(105) User=0.20s Sys=0.00s Real=0.03s
[4.662s][info][gc,start       ] GC(106) Pause Full (Ergonomics)
[4.662s][info][gc,phases,start] GC(106) Marking Phase
[4.840s][info][gc,phases      ] GC(106) Marking Phase 178.244ms
[4.840s][info][gc,phases,start] GC(106) Summary Phase
[4.840s][info][gc,phases      ] GC(106) Summary Phase 0.024ms
[4.840s][info][gc,phases,start] GC(106) Adjust Roots
[4.840s][info][gc,phases      ] GC(106) Adjust Roots 0.161ms
[4.840s][info][gc,phases,start] GC(106) Compaction Phase
[4.974s][info][gc,phases      ] GC(106) Compaction Phase 133.407ms
[4.974s][info][gc,phases,start] GC(106) Post Compact
[4.975s][info][gc,phases      ] GC(106) Post Compact 1.615ms
[4.976s][info][gc,heap        ] GC(106) PSYoungGen: 50816K(75264K)->15861K(75264K) Eden: 0K(13824K)->0K(13824K) From: 50816K(61440K)->15861K(61440K)
[4.976s][info][gc,heap        ] GC(106) ParOldGen: 744334K(762368K)->762244K(843264K)
[4.976s][info][gc,metaspace   ] GC(106) Metaspace: 6299K(6464K)->6299K(6464K) NonClass: 5765K(5824K)->5765K(5824K) Class: 533K(640K)->533K(640K)
[4.976s][info][gc             ] GC(106) Pause Full (Ergonomics) 776M->759M(897M) 314.055ms
[4.976s][info][gc,cpu         ] GC(106) User=1.95s Sys=0.02s Real=0.31s
[4.992s][info][gc,start       ] GC(107) Pause Young (Allocation Failure)
[5.039s][info][gc,heap        ] GC(107) PSYoungGen: 29685K(75264K)->20800K(78336K) Eden: 13824K(13824K)->0K(15360K) From: 15861K(61440K)->20800K(62976K)
[5.039s][info][gc,heap        ] GC(107) ParOldGen: 762244K(843264K)->771484K(843264K)
[5.039s][info][gc,metaspace   ] GC(107) Metaspace: 6299K(6464K)->6299K(6464K) NonClass: 5765K(5824K)->5765K(5824K) Class: 533K(640K)->533K(640K)
[5.039s][info][gc             ] GC(107) Pause Young (Allocation Failure) 773M->773M(900M) 47.014ms
[5.039s][info][gc,cpu         ] GC(107) User=0.20s Sys=0.00s Real=0.05s
[5.055s][info][gc,start       ] GC(108) Pause Young (Allocation Failure)
[5.076s][info][gc,heap        ] GC(108) PSYoungGen: 36160K(78336K)->36128K(79872K) Eden: 15360K(15360K)->0K(15360K) From: 20800K(62976K)->36128K(64512K)
[5.076s][info][gc,heap        ] GC(108) ParOldGen: 771484K(843264K)->771484K(843264K)
[5.076s][info][gc,metaspace   ] GC(108) Metaspace: 6299K(6464K)->6299K(6464K) NonClass: 5765K(5824K)->5765K(5824K) Class: 533K(640K)->533K(640K)
[5.076s][info][gc             ] GC(108) Pause Young (Allocation Failure) 788M->788M(901M) 20.463ms
[5.076s][info][gc,cpu         ] GC(108) User=0.05s Sys=0.00s Real=0.02s
[5.092s][info][gc,start       ] GC(109) Pause Young (Allocation Failure)
[5.119s][info][gc,heap        ] GC(109) PSYoungGen: 51488K(79872K)->48160K(77312K) Eden: 15360K(15360K)->0K(14336K) From: 36128K(64512K)->48160K(62976K)
[5.119s][info][gc,heap        ] GC(109) ParOldGen: 771484K(843264K)->774860K(843264K)
[5.119s][info][gc,metaspace   ] GC(109) Metaspace: 6299K(6464K)->6299K(6464K) NonClass: 5765K(5824K)->5765K(5824K) Class: 533K(640K)->533K(640K)
[5.119s][info][gc             ] GC(109) Pause Young (Allocation Failure) 803M->803M(899M) 27.348ms
[5.120s][info][gc,cpu         ] GC(109) User=0.11s Sys=0.00s Real=0.03s
[5.135s][info][gc,start       ] GC(110) Pause Young (Allocation Failure)
[5.167s][info][gc,heap        ] GC(110) PSYoungGen: 62496K(77312K)->59008K(79872K) Eden: 14336K(14336K)->0K(14336K) From: 48160K(62976K)->59008K(65536K)
[5.167s][info][gc,heap        ] GC(110) ParOldGen: 774860K(843264K)->778420K(843264K)
[5.167s][info][gc,metaspace   ] GC(110) Metaspace: 6299K(6464K)->6299K(6464K) NonClass: 5765K(5824K)->5765K(5824K) Class: 533K(640K)->533K(640K)
[5.167s][info][gc             ] GC(110) Pause Young (Allocation Failure) 817M->817M(901M) 32.247ms
[5.167s][info][gc,cpu         ] GC(110) User=0.12s Sys=0.00s Real=0.03s
[5.183s][info][gc,start       ] GC(111) Pause Young (Allocation Failure)
[5.220s][info][gc,heap        ] GC(111) PSYoungGen: 73344K(79872K)->59488K(82944K) Eden: 14336K(14336K)->0K(11264K) From: 59008K(65536K)->59488K(71680K)
[5.220s][info][gc,heap        ] GC(111) ParOldGen: 778420K(843264K)->792436K(843264K)
[5.220s][info][gc,metaspace   ] GC(111) Metaspace: 6299K(6464K)->6299K(6464K) NonClass: 5765K(5824K)->5765K(5824K) Class: 533K(640K)->533K(640K)
[5.220s][info][gc             ] GC(111) Pause Young (Allocation Failure) 831M->831M(904M) 37.501ms
[5.220s][info][gc,cpu         ] GC(111) User=0.20s Sys=0.03s Real=0.04s
[5.232s][info][gc,start       ] GC(112) Pause Young (Allocation Failure)
[5.268s][info][gc,heap        ] GC(112) PSYoungGen: 70752K(82944K)->40064K(51712K) Eden: 11264K(11264K)->0K(11264K) From: 59488K(71680K)->40064K(40448K)
[5.268s][info][gc,heap        ] GC(112) ParOldGen: 792436K(843264K)->823548K(843264K)
[5.268s][info][gc,metaspace   ] GC(112) Metaspace: 6299K(6464K)->6299K(6464K) NonClass: 5765K(5824K)->5765K(5824K) Class: 533K(640K)->533K(640K)
[5.268s][info][gc             ] GC(112) Pause Young (Allocation Failure) 842M->843M(874M) 35.826ms
[5.268s][info][gc,cpu         ] GC(112) User=0.25s Sys=0.00s Real=0.04s
[5.268s][info][gc,start       ] GC(113) Pause Full (Ergonomics)
[5.268s][info][gc,phases,start] GC(113) Marking Phase
[5.467s][info][gc,phases      ] GC(113) Marking Phase 198.517ms
[5.467s][info][gc,phases,start] GC(113) Summary Phase
[5.467s][info][gc,phases      ] GC(113) Summary Phase 0.029ms
[5.467s][info][gc,phases,start] GC(113) Adjust Roots
[5.467s][info][gc,phases      ] GC(113) Adjust Roots 0.154ms
[5.467s][info][gc,phases,start] GC(113) Compaction Phase
[5.558s][info][gc,phases      ] GC(113) Compaction Phase 90.636ms
[5.558s][info][gc,phases,start] GC(113) Post Compact
[5.560s][info][gc,phases      ] GC(113) Post Compact 1.685ms
[5.560s][info][gc,heap        ] GC(113) PSYoungGen: 40064K(51712K)->19404K(51712K) Eden: 0K(11264K)->0K(11264K) From: 40064K(40448K)->19404K(40448K)
[5.560s][info][gc,heap        ] GC(113) ParOldGen: 823548K(843264K)->842999K(935424K)
[5.560s][info][gc,metaspace   ] GC(113) Metaspace: 6299K(6464K)->6299K(6464K) NonClass: 5765K(5824K)->5765K(5824K) Class: 533K(640K)->533K(640K)
[5.560s][info][gc             ] GC(113) Pause Full (Ergonomics) 843M->842M(964M) 291.663ms
[5.560s][info][gc,cpu         ] GC(113) User=1.95s Sys=0.02s Real=0.29s
[5.572s][info][gc,start       ] GC(114) Pause Young (Allocation Failure)
[5.624s][info][gc,heap        ] GC(114) PSYoungGen: 30668K(51712K)->16096K(86528K) Eden: 11264K(11264K)->0K(12800K) From: 19404K(40448K)->16096K(73728K)
[5.624s][info][gc,heap        ] GC(114) ParOldGen: 842999K(935424K)->857903K(935424K)
[5.624s][info][gc,metaspace   ] GC(114) Metaspace: 6299K(6464K)->6299K(6464K) NonClass: 5765K(5824K)->5765K(5824K) Class: 533K(640K)->533K(640K)
[5.624s][info][gc             ] GC(114) Pause Young (Allocation Failure) 853M->853M(998M) 52.336ms
[5.625s][info][gc,cpu         ] GC(114) User=0.28s Sys=0.00s Real=0.05s
[5.639s][info][gc,start       ] GC(115) Pause Young (Allocation Failure)
[5.657s][info][gc,heap        ] GC(115) PSYoungGen: 28896K(86528K)->24192K(37376K) Eden: 12800K(12800K)->0K(12800K) From: 16096K(73728K)->24192K(24576K)
[5.657s][info][gc,heap        ] GC(115) ParOldGen: 857903K(935424K)->862695K(935424K)
[5.657s][info][gc,metaspace   ] GC(115) Metaspace: 6299K(6464K)->6299K(6464K) NonClass: 5765K(5824K)->5765K(5824K) Class: 533K(640K)->533K(640K)
[5.657s][info][gc             ] GC(115) Pause Young (Allocation Failure) 866M->866M(950M) 18.393ms
[5.657s][info][gc,cpu         ] GC(115) User=0.03s Sys=0.00s Real=0.02s
[5.670s][info][gc,start       ] GC(116) Pause Young (Allocation Failure)
[5.692s][info][gc,heap        ] GC(116) PSYoungGen: 36992K(37376K)->25696K(82432K) Eden: 12800K(12800K)->0K(14336K) From: 24192K(24576K)->25696K(68096K)
[5.692s][info][gc,heap        ] GC(116) ParOldGen: 862695K(935424K)->874119K(935424K)
[5.692s][info][gc,metaspace   ] GC(116) Metaspace: 6299K(6464K)->6299K(6464K) NonClass: 5765K(5824K)->5765K(5824K) Class: 533K(640K)->533K(640K)
[5.692s][info][gc             ] GC(116) Pause Young (Allocation Failure) 878M->878M(994M) 21.400ms
[5.692s][info][gc,cpu         ] GC(116) User=0.12s Sys=0.00s Real=0.02s
[5.708s][info][gc,start       ] GC(117) Pause Young (Allocation Failure)
[5.730s][info][gc,heap        ] GC(117) PSYoungGen: 40032K(82432K)->27264K(84480K) Eden: 14336K(14336K)->0K(14336K) From: 25696K(68096K)->27264K(70144K)
[5.730s][info][gc,heap        ] GC(117) ParOldGen: 874119K(935424K)->887087K(935424K)
[5.730s][info][gc,metaspace   ] GC(117) Metaspace: 6299K(6464K)->6299K(6464K) NonClass: 5765K(5824K)->5765K(5824K) Class: 533K(640K)->533K(640K)
[5.730s][info][gc             ] GC(117) Pause Young (Allocation Failure) 892M->892M(996M) 22.478ms
[5.730s][info][gc,cpu         ] GC(117) User=0.14s Sys=0.00s Real=0.02s
[5.746s][info][gc,start       ] GC(118) Pause Young (Allocation Failure)
[5.768s][info][gc,heap        ] GC(118) PSYoungGen: 41600K(84480K)->28800K(79360K) Eden: 14336K(14336K)->0K(16384K) From: 27264K(70144K)->28800K(62976K)
[5.768s][info][gc,heap        ] GC(118) ParOldGen: 887087K(935424K)->900047K(935424K)
[5.768s][info][gc,metaspace   ] GC(118) Metaspace: 6299K(6464K)->6299K(6464K) NonClass: 5765K(5824K)->5765K(5824K) Class: 533K(640K)->533K(640K)
[5.769s][info][gc             ] GC(118) Pause Young (Allocation Failure) 906M->907M(991M) 22.461ms
[5.769s][info][gc,cpu         ] GC(118) User=0.12s Sys=0.00s Real=0.02s
[5.787s][info][gc,start       ] GC(119) Pause Young (Allocation Failure)
[5.812s][info][gc,heap        ] GC(119) PSYoungGen: 45184K(79360K)->16544K(81920K) Eden: 16384K(16384K)->0K(16384K) From: 28800K(62976K)->16544K(65536K)
[5.813s][info][gc,heap        ] GC(119) ParOldGen: 900047K(935424K)->929103K(935424K)
[5.813s][info][gc,metaspace   ] GC(119) Metaspace: 6299K(6464K)->6299K(6464K) NonClass: 5765K(5824K)->5765K(5824K) Class: 533K(640K)->533K(640K)
[5.813s][info][gc             ] GC(119) Pause Young (Allocation Failure) 923M->923M(993M) 25.913ms
[5.813s][info][gc,cpu         ] GC(119) User=0.14s Sys=0.00s Real=0.03s
[5.813s][info][gc,start       ] GC(120) Pause Full (Ergonomics)
[5.813s][info][gc,phases,start] GC(120) Marking Phase
[6.019s][info][gc,phases      ] GC(120) Marking Phase 206.562ms
[6.019s][info][gc,phases,start] GC(120) Summary Phase
[6.019s][info][gc,phases      ] GC(120) Summary Phase 0.025ms
[6.019s][info][gc,phases,start] GC(120) Adjust Roots
[6.019s][info][gc,phases      ] GC(120) Adjust Roots 0.183ms
[6.019s][info][gc,phases,start] GC(120) Compaction Phase
[6.114s][info][gc,phases      ] GC(120) Compaction Phase 94.621ms
[6.114s][info][gc,phases,start] GC(120) Post Compact
[6.116s][info][gc,phases      ] GC(120) Post Compact 1.659ms
[6.116s][info][gc,heap        ] GC(120) PSYoungGen: 16544K(81920K)->9200K(81920K) Eden: 0K(16384K)->0K(16384K) From: 16544K(65536K)->9200K(65536K)
[6.116s][info][gc,heap        ] GC(120) ParOldGen: 929103K(935424K)->934946K(1035776K)
[6.116s][info][gc,metaspace   ] GC(120) Metaspace: 6299K(6464K)->6299K(6464K) NonClass: 5765K(5824K)->5765K(5824K) Class: 533K(640K)->533K(640K)
[6.116s][info][gc             ] GC(120) Pause Full (Ergonomics) 923M->922M(1091M) 303.691ms
[6.116s][info][gc,cpu         ] GC(120) User=2.02s Sys=0.02s Real=0.30s
[6.135s][info][gc,start       ] GC(121) Pause Young (Allocation Failure)
[6.187s][info][gc,heap        ] GC(121) PSYoungGen: 25584K(81920K)->16544K(81408K) Eden: 16384K(16384K)->0K(18432K) From: 9200K(65536K)->16544K(62976K)
[6.187s][info][gc,heap        ] GC(121) ParOldGen: 934946K(1035776K)->944306K(1035776K)
[6.187s][info][gc,metaspace   ] GC(121) Metaspace: 6299K(6464K)->6299K(6464K) NonClass: 5765K(5824K)->5765K(5824K) Class: 533K(640K)->533K(640K)
[6.187s][info][gc             ] GC(121) Pause Young (Allocation Failure) 938M->938M(1091M) 51.811ms
[6.187s][info][gc,cpu         ] GC(121) User=0.28s Sys=0.00s Real=0.05s
[6.208s][info][gc,start       ] GC(122) Pause Young (Allocation Failure)
[6.228s][info][gc,heap        ] GC(122) PSYoungGen: 34976K(81408K)->34912K(82432K) Eden: 18432K(18432K)->0K(18432K) From: 16544K(62976K)->34912K(64000K)
[6.228s][info][gc,heap        ] GC(122) ParOldGen: 944306K(1035776K)->944306K(1035776K)
[6.228s][info][gc,metaspace   ] GC(122) Metaspace: 6299K(6464K)->6299K(6464K) NonClass: 5765K(5824K)->5765K(5824K) Class: 533K(640K)->533K(640K)
[6.228s][info][gc             ] GC(122) Pause Young (Allocation Failure) 956M->956M(1092M) 20.470ms
[6.228s][info][gc,cpu         ] GC(122) User=0.03s Sys=0.00s Real=0.02s
[6.248s][info][gc,start       ] GC(123) Pause Young (Allocation Failure)
[6.275s][info][gc,heap        ] GC(123) PSYoungGen: 53344K(82432K)->53376K(77312K) Eden: 18432K(18432K)->0K(14848K) From: 34912K(64000K)->53376K(62464K)
[6.275s][info][gc,heap        ] GC(123) ParOldGen: 944306K(1035776K)->944306K(1035776K)
[6.275s][info][gc,metaspace   ] GC(123) Metaspace: 6299K(6464K)->6299K(6464K) NonClass: 5765K(5824K)->5765K(5824K) Class: 533K(640K)->533K(640K)
[6.275s][info][gc             ] GC(123) Pause Young (Allocation Failure) 974M->974M(1087M) 27.126ms
[6.275s][info][gc,cpu         ] GC(123) User=0.12s Sys=0.00s Real=0.03s
[6.292s][info][gc,start       ] GC(124) Pause Young (Allocation Failure)
[6.326s][info][gc,heap        ] GC(124) PSYoungGen: 68224K(77312K)->51840K(82944K) Eden: 14848K(14848K)->0K(14848K) From: 53376K(62464K)->51840K(68096K)
[6.326s][info][gc,heap        ] GC(124) ParOldGen: 944306K(1035776K)->960914K(1035776K)
[6.326s][info][gc,metaspace   ] GC(124) Metaspace: 6299K(6464K)->6299K(6464K) NonClass: 5765K(5824K)->5765K(5824K) Class: 533K(640K)->533K(640K)
[6.326s][info][gc             ] GC(124) Pause Young (Allocation Failure) 988M->989M(1092M) 33.634ms
[6.326s][info][gc,cpu         ] GC(124) User=0.16s Sys=0.00s Real=0.03s
[6.343s][info][gc,start       ] GC(125) Pause Young (Allocation Failure)
[6.377s][info][gc,heap        ] GC(125) PSYoungGen: 66688K(82944K)->48256K(87552K) Eden: 14848K(14848K)->0K(15872K) From: 51840K(68096K)->48256K(71680K)
[6.377s][info][gc,heap        ] GC(125) ParOldGen: 960914K(1035776K)->979602K(1035776K)
[6.377s][info][gc,metaspace   ] GC(125) Metaspace: 6299K(6464K)->6299K(6464K) NonClass: 5765K(5824K)->5765K(5824K) Class: 533K(640K)->533K(640K)
[6.377s][info][gc             ] GC(125) Pause Young (Allocation Failure) 1003M->1003M(1097M) 34.384ms
[6.377s][info][gc,cpu         ] GC(125) User=0.14s Sys=0.05s Real=0.03s
[6.395s][info][gc,start       ] GC(126) Pause Young (Allocation Failure)
[6.429s][info][gc,heap        ] GC(126) PSYoungGen: 64128K(87552K)->30848K(88576K) Eden: 15872K(15872K)->0K(15872K) From: 48256K(71680K)->30848K(72704K)
[6.429s][info][gc,heap        ] GC(126) ParOldGen: 979602K(1035776K)->1013314K(1035776K)
[6.429s][info][gc,metaspace   ] GC(126) Metaspace: 6299K(6464K)->6299K(6464K) NonClass: 5765K(5824K)->5765K(5824K) Class: 533K(640K)->533K(640K)
[6.429s][info][gc             ] GC(126) Pause Young (Allocation Failure) 1019M->1019M(1098M) 34.715ms
[6.429s][info][gc,cpu         ] GC(126) User=0.17s Sys=0.00s Real=0.03s
[6.429s][info][gc,start       ] GC(127) Pause Full (Ergonomics)
[6.429s][info][gc,phases,start] GC(127) Marking Phase
[6.657s][info][gc,phases      ] GC(127) Marking Phase 227.615ms
[6.657s][info][gc,phases,start] GC(127) Summary Phase
[6.657s][info][gc,phases      ] GC(127) Summary Phase 0.025ms
[6.657s][info][gc,phases,start] GC(127) Adjust Roots
[6.657s][info][gc,phases      ] GC(127) Adjust Roots 0.159ms
[6.657s][info][gc,phases,start] GC(127) Compaction Phase
[6.751s][info][gc,phases      ] GC(127) Compaction Phase 93.702ms
[6.751s][info][gc,phases,start] GC(127) Post Compact
[6.753s][info][gc,phases      ] GC(127) Post Compact 1.667ms
[6.753s][info][gc,heap        ] GC(127) PSYoungGen: 30848K(88576K)->7153K(88576K) Eden: 0K(15872K)->0K(15872K) From: 30848K(72704K)->7153K(72704K)
[6.753s][info][gc,heap        ] GC(127) ParOldGen: 1013314K(1035776K)->1035623K(1148928K)
[6.753s][info][gc,metaspace   ] GC(127) Metaspace: 6299K(6464K)->6299K(6464K) NonClass: 5765K(5824K)->5765K(5824K) Class: 533K(640K)->533K(640K)
[6.753s][info][gc             ] GC(127) Pause Full (Ergonomics) 1019M->1018M(1208M) 323.860ms
[6.753s][info][gc,cpu         ] GC(127) User=2.38s Sys=0.00s Real=0.32s
[6.771s][info][gc,start       ] GC(128) Pause Young (Allocation Failure)
[6.826s][info][gc,heap        ] GC(128) PSYoungGen: 23025K(88576K)->15968K(87552K) Eden: 15872K(15872K)->0K(17920K) From: 7153K(72704K)->15968K(69632K)
[6.826s][info][gc,heap        ] GC(128) ParOldGen: 1035623K(1148928K)->1042903K(1148928K)
[6.826s][info][gc,metaspace   ] GC(128) Metaspace: 6299K(6464K)->6299K(6464K) NonClass: 5765K(5824K)->5765K(5824K) Class: 533K(640K)->533K(640K)
[6.826s][info][gc             ] GC(128) Pause Young (Allocation Failure) 1033M->1034M(1207M) 55.477ms
[6.826s][info][gc,cpu         ] GC(128) User=0.34s Sys=0.03s Real=0.06s
[6.846s][info][gc,start       ] GC(129) Pause Young (Allocation Failure)
[6.869s][info][gc,heap        ] GC(129) PSYoungGen: 33888K(87552K)->18080K(88064K) Eden: 17920K(17920K)->0K(17920K) From: 15968K(69632K)->18080K(70144K)
[6.869s][info][gc,heap        ] GC(129) ParOldGen: 1042903K(1148928K)->1058991K(1148928K)
[6.869s][info][gc,metaspace   ] GC(129) Metaspace: 6299K(6464K)->6299K(6464K) NonClass: 5765K(5824K)->5765K(5824K) Class: 533K(640K)->533K(640K)
[6.869s][info][gc             ] GC(129) Pause Young (Allocation Failure) 1051M->1051M(1208M) 22.921ms
[6.869s][info][gc,cpu         ] GC(129) User=0.11s Sys=0.00s Real=0.02s
[6.891s][info][gc,start       ] GC(130) Pause Young (Allocation Failure)
[6.913s][info][gc,heap        ] GC(130) PSYoungGen: 36000K(88064K)->18048K(86016K) Eden: 17920K(17920K)->0K(19968K) From: 18080K(70144K)->18048K(66048K)
[6.913s][info][gc,heap        ] GC(130) ParOldGen: 1058991K(1148928K)->1077167K(1148928K)
[6.913s][info][gc,metaspace   ] GC(130) Metaspace: 6299K(6464K)->6299K(6464K) NonClass: 5765K(5824K)->5765K(5824K) Class: 533K(640K)->533K(640K)
[6.913s][info][gc             ] GC(130) Pause Young (Allocation Failure) 1069M->1069M(1206M) 22.394ms
[6.913s][info][gc,cpu         ] GC(130) User=0.11s Sys=0.02s Real=0.02s
[6.936s][info][gc,start       ] GC(131) Pause Young (Allocation Failure)
[6.959s][info][gc,heap        ] GC(131) PSYoungGen: 38016K(86016K)->20096K(87552K) Eden: 19968K(19968K)->0K(19968K) From: 18048K(66048K)->20096K(67584K)
[6.959s][info][gc,heap        ] GC(131) ParOldGen: 1077167K(1148928K)->1095351K(1148928K)
[6.959s][info][gc,metaspace   ] GC(131) Metaspace: 6299K(6464K)->6299K(6464K) NonClass: 5765K(5824K)->5765K(5824K) Class: 533K(640K)->533K(640K)
[6.959s][info][gc             ] GC(131) Pause Young (Allocation Failure) 1089M->1089M(1207M) 22.855ms
[6.959s][info][gc,cpu         ] GC(131) User=0.12s Sys=0.00s Real=0.02s
[6.980s][info][gc,start       ] GC(132) Pause Young (Allocation Failure)
[7.004s][info][gc,heap        ] GC(132) PSYoungGen: 40064K(87552K)->20128K(85504K) Eden: 19968K(19968K)->0K(22528K) From: 20096K(67584K)->20128K(62976K)
[7.004s][info][gc,heap        ] GC(132) ParOldGen: 1095351K(1148928K)->1115599K(1148928K)
[7.004s][info][gc,metaspace   ] GC(132) Metaspace: 6299K(6464K)->6299K(6464K) NonClass: 5765K(5824K)->5765K(5824K) Class: 533K(640K)->533K(640K)
[7.004s][info][gc             ] GC(132) Pause Young (Allocation Failure) 1108M->1109M(1205M) 24.009ms
[7.004s][info][gc,cpu         ] GC(132) User=0.06s Sys=0.06s Real=0.02s
[7.004s][info][gc,start       ] GC(133) Pause Full (Ergonomics)
[7.004s][info][gc,phases,start] GC(133) Marking Phase
[7.251s][info][gc,phases      ] GC(133) Marking Phase 246.919ms
[7.251s][info][gc,phases,start] GC(133) Summary Phase
[7.251s][info][gc,phases      ] GC(133) Summary Phase 0.033ms
[7.251s][info][gc,phases,start] GC(133) Adjust Roots
[7.251s][info][gc,phases      ] GC(133) Adjust Roots 0.158ms
[7.251s][info][gc,phases,start] GC(133) Compaction Phase
[7.351s][info][gc,phases      ] GC(133) Compaction Phase 99.821ms
[7.351s][info][gc,phases,start] GC(133) Post Compact
[7.353s][info][gc,phases      ] GC(133) Post Compact 2.202ms
[7.354s][info][gc,heap        ] GC(133) PSYoungGen: 20128K(85504K)->0K(86528K) Eden: 0K(22528K)->0K(22528K) From: 20128K(62976K)->0K(64000K)
[7.354s][info][gc,heap        ] GC(133) ParOldGen: 1115599K(1148928K)->1134260K(1253888K)
[7.354s][info][gc,metaspace   ] GC(133) Metaspace: 6299K(6464K)->6299K(6464K) NonClass: 5765K(5824K)->5765K(5824K) Class: 533K(640K)->533K(640K)
[7.354s][info][gc             ] GC(133) Pause Full (Ergonomics) 1109M->1107M(1309M) 349.996ms
[7.354s][info][gc,cpu         ] GC(133) User=2.48s Sys=0.00s Real=0.35s
[7.379s][info][gc,start       ] GC(134) Pause Young (Allocation Failure)
[7.395s][info][gc,heap        ] GC(134) PSYoungGen: 22528K(86528K)->22656K(82944K) Eden: 22528K(22528K)->0K(24576K) From: 0K(64000K)->22656K(58368K)
[7.395s][info][gc,heap        ] GC(134) ParOldGen: 1134260K(1253888K)->1134260K(1253888K)
[7.395s][info][gc,metaspace   ] GC(134) Metaspace: 6299K(6464K)->6299K(6464K) NonClass: 5765K(5824K)->5765K(5824K) Class: 533K(640K)->533K(640K)
[7.395s][info][gc             ] GC(134) Pause Young (Allocation Failure) 1129M->1129M(1305M) 15.944ms
[7.395s][info][gc,cpu         ] GC(134) User=0.02s Sys=0.00s Real=0.02s
[7.425s][info][gc,start       ] GC(135) Pause Young (Allocation Failure)
[7.451s][info][gc,heap        ] GC(135) PSYoungGen: 47232K(82944K)->47232K(86016K) Eden: 24576K(24576K)->0K(24576K) From: 22656K(58368K)->47232K(61440K)
[7.451s][info][gc,heap        ] GC(135) ParOldGen: 1134260K(1253888K)->1134260K(1253888K)
[7.451s][info][gc,metaspace   ] GC(135) Metaspace: 6299K(6464K)->6299K(6464K) NonClass: 5765K(5824K)->5765K(5824K) Class: 533K(640K)->533K(640K)
[7.451s][info][gc             ] GC(135) Pause Young (Allocation Failure) 1153M->1153M(1308M) 25.463ms
[7.451s][info][gc,cpu         ] GC(135) User=0.14s Sys=0.00s Real=0.03s
[7.481s][info][gc,start       ] GC(136) Pause Young (Allocation Failure)
[7.521s][info][gc,heap        ] GC(136) PSYoungGen: 71808K(86016K)->65024K(79872K) Eden: 24576K(24576K)->0K(14848K) From: 47232K(61440K)->65024K(65024K)
[7.521s][info][gc,heap        ] GC(136) ParOldGen: 1134260K(1253888K)->1141084K(1253888K)
[7.521s][info][gc,metaspace   ] GC(136) Metaspace: 6299K(6464K)->6299K(6464K) NonClass: 5765K(5824K)->5765K(5824K) Class: 533K(640K)->533K(640K)
[7.521s][info][gc             ] GC(136) Pause Young (Allocation Failure) 1177M->1177M(1302M) 39.247ms
[7.521s][info][gc,cpu         ] GC(136) User=0.23s Sys=0.00s Real=0.04s
[7.538s][info][gc,start       ] GC(137) Pause Young (Allocation Failure)
[7.584s][info][gc,heap        ] GC(137) PSYoungGen: 79872K(79872K)->37216K(52224K) Eden: 14848K(14848K)->0K(14848K) From: 65024K(65024K)->37216K(37376K)
[7.584s][info][gc,heap        ] GC(137) ParOldGen: 1141084K(1253888K)->1184428K(1253888K)
[7.584s][info][gc,metaspace   ] GC(137) Metaspace: 6299K(6464K)->6299K(6464K) NonClass: 5765K(5824K)->5765K(5824K) Class: 533K(640K)->533K(640K)
[7.584s][info][gc             ] GC(137) Pause Young (Allocation Failure) 1192M->1193M(1275M) 46.713ms
[7.584s][info][gc,cpu         ] GC(137) User=0.22s Sys=0.02s Real=0.05s
[7.603s][info][gc,start       ] GC(138) Pause Young (Allocation Failure)
[7.634s][info][gc,heap        ] GC(138) PSYoungGen: 52064K(52224K)->29792K(83968K) Eden: 14848K(14848K)->0K(16896K) From: 37216K(37376K)->29792K(67072K)
[7.634s][info][gc,heap        ] GC(138) ParOldGen: 1184428K(1253888K)->1206948K(1253888K)
[7.634s][info][gc,metaspace   ] GC(138) Metaspace: 6299K(6464K)->6299K(6464K) NonClass: 5765K(5824K)->5765K(5824K) Class: 533K(640K)->533K(640K)
[7.634s][info][gc             ] GC(138) Pause Young (Allocation Failure) 1207M->1207M(1306M) 30.316ms
[7.634s][info][gc,cpu         ] GC(138) User=0.09s Sys=0.00s Real=0.03s
[7.654s][info][gc,start       ] GC(139) Pause Young (Allocation Failure)
[7.681s][info][gc,heap        ] GC(139) PSYoungGen: 46688K(83968K)->31904K(49152K) Eden: 16896K(16896K)->0K(16896K) From: 29792K(67072K)->31904K(32256K)
[7.681s][info][gc,heap        ] GC(139) ParOldGen: 1206948K(1253888K)->1222028K(1253888K)
[7.681s][info][gc,metaspace   ] GC(139) Metaspace: 6299K(6464K)->6299K(6464K) NonClass: 5765K(5824K)->5765K(5824K) Class: 533K(640K)->533K(640K)
[7.681s][info][gc             ] GC(139) Pause Young (Allocation Failure) 1224M->1224M(1272M) 27.817ms
[7.681s][info][gc,cpu         ] GC(139) User=0.11s Sys=0.02s Real=0.03s
[7.682s][info][gc,start       ] GC(140) Pause Full (Ergonomics)
[7.682s][info][gc,phases,start] GC(140) Marking Phase
[7.967s][info][gc,phases      ] GC(140) Marking Phase 285.067ms
[7.967s][info][gc,phases,start] GC(140) Summary Phase
[7.967s][info][gc,phases      ] GC(140) Summary Phase 0.041ms
[7.967s][info][gc,phases,start] GC(140) Adjust Roots
[7.967s][info][gc,phases      ] GC(140) Adjust Roots 0.190ms
[7.967s][info][gc,phases,start] GC(140) Compaction Phase
[8.080s][info][gc,phases      ] GC(140) Compaction Phase 112.593ms
[8.080s][info][gc,phases,start] GC(140) Post Compact
[8.082s][info][gc,phases      ] GC(140) Post Compact 2.102ms
[8.082s][info][gc,heap        ] GC(140) PSYoungGen: 31904K(49152K)->0K(86528K) Eden: 0K(16896K)->0K(18944K) From: 31904K(32256K)->0K(67584K)
[8.082s][info][gc,heap        ] GC(140) ParOldGen: 1222028K(1253888K)->1252346K(1385984K)
[8.082s][info][gc,metaspace   ] GC(140) Metaspace: 6299K(6464K)->6299K(6464K) NonClass: 5765K(5824K)->5765K(5824K) Class: 533K(640K)->533K(640K)
[8.082s][info][gc             ] GC(140) Pause Full (Ergonomics) 1224M->1222M(1438M) 400.791ms
[8.082s][info][gc,cpu         ] GC(140) User=2.59s Sys=0.03s Real=0.40s
[8.106s][info][gc,start       ] GC(141) Pause Young (Allocation Failure)
[8.121s][info][gc,heap        ] GC(141) PSYoungGen: 18944K(86528K)->19072K(86528K) Eden: 18944K(18944K)->0K(18944K) From: 0K(67584K)->19072K(67584K)
[8.121s][info][gc,heap        ] GC(141) ParOldGen: 1252346K(1385984K)->1252346K(1385984K)
[8.121s][info][gc,metaspace   ] GC(141) Metaspace: 6299K(6464K)->6299K(6464K) NonClass: 5765K(5824K)->5765K(5824K) Class: 533K(640K)->533K(640K)
[8.121s][info][gc             ] GC(141) Pause Young (Allocation Failure) 1241M->1241M(1438M) 15.270ms
[8.121s][info][gc,cpu         ] GC(141) User=0.03s Sys=0.00s Real=0.02s
[8.145s][info][gc,start       ] GC(142) Pause Young (Allocation Failure)
[8.167s][info][gc,heap        ] GC(142) PSYoungGen: 38016K(86528K)->38016K(85504K) Eden: 18944K(18944K)->0K(20992K) From: 19072K(67584K)->38016K(64512K)
[8.167s][info][gc,heap        ] GC(142) ParOldGen: 1252346K(1385984K)->1252346K(1385984K)
[8.167s][info][gc,metaspace   ] GC(142) Metaspace: 6299K(6464K)->6299K(6464K) NonClass: 5765K(5824K)->5765K(5824K) Class: 533K(640K)->533K(640K)
[8.167s][info][gc             ] GC(142) Pause Young (Allocation Failure) 1260M->1260M(1437M) 22.335ms
[8.167s][info][gc,cpu         ] GC(142) User=0.14s Sys=0.00s Real=0.02s
[8.191s][info][gc,start       ] GC(143) Pause Young (Allocation Failure)
[8.222s][info][gc,heap        ] GC(143) PSYoungGen: 59008K(85504K)->54240K(86528K) Eden: 20992K(20992K)->0K(20992K) From: 38016K(64512K)->54240K(65536K)
[8.222s][info][gc,heap        ] GC(143) ParOldGen: 1252346K(1385984K)->1252346K(1385984K)
[8.222s][info][gc,metaspace   ] GC(143) Metaspace: 6299K(6464K)->6299K(6464K) NonClass: 5765K(5824K)->5765K(5824K) Class: 533K(640K)->533K(640K)
[8.222s][info][gc             ] GC(143) Pause Young (Allocation Failure) 1280M->1275M(1438M) 31.204ms
[8.222s][info][gc,cpu         ] GC(143) User=0.12s Sys=0.00s Real=0.03s
[8.239s][info][gc,start       ] GC(144) Pause Young (Allocation Failure)
[8.276s][info][gc,heap        ] GC(144) PSYoungGen: 75232K(86528K)->65152K(86016K) Eden: 20992K(20992K)->0K(15872K) From: 54240K(65536K)->65152K(70144K)
[8.276s][info][gc,heap        ] GC(144) ParOldGen: 1252346K(1385984K)->1252346K(1385984K)
[8.276s][info][gc,metaspace   ] GC(144) Metaspace: 6299K(6464K)->6299K(6464K) NonClass: 5765K(5824K)->5765K(5824K) Class: 533K(640K)->533K(640K)
[8.276s][info][gc             ] GC(144) Pause Young (Allocation Failure) 1296M->1286M(1437M) 36.578ms
[8.276s][info][gc,cpu         ] GC(144) User=0.22s Sys=0.02s Real=0.04s
[8.294s][info][gc,start       ] GC(145) Pause Young (Allocation Failure)
[8.337s][info][gc,heap        ] GC(145) PSYoungGen: 81024K(86016K)->77824K(93696K) Eden: 15872K(15872K)->0K(15872K) From: 65152K(70144K)->77824K(77824K)
[8.337s][info][gc,heap        ] GC(145) ParOldGen: 1252346K(1385984K)->1253698K(1385984K)
[8.337s][info][gc,metaspace   ] GC(145) Metaspace: 6299K(6464K)->6299K(6464K) NonClass: 5765K(5824K)->5765K(5824K) Class: 533K(640K)->533K(640K)
[8.337s][info][gc             ] GC(145) Pause Young (Allocation Failure) 1302M->1300M(1445M) 42.403ms
[8.337s][info][gc,cpu         ] GC(145) User=0.23s Sys=0.00s Real=0.04s
[8.358s][info][gc,start       ] GC(146) Pause Young (Allocation Failure)
[8.407s][info][gc,heap        ] GC(146) PSYoungGen: 93696K(93696K)->56448K(106496K) Eden: 15872K(15872K)->0K(17408K) From: 77824K(77824K)->56448K(89088K)
[8.407s][info][gc,heap        ] GC(146) ParOldGen: 1253698K(1385984K)->1291570K(1385984K)
[8.408s][info][gc,metaspace   ] GC(146) Metaspace: 6299K(6464K)->6299K(6464K) NonClass: 5765K(5824K)->5765K(5824K) Class: 533K(640K)->533K(640K)
[8.408s][info][gc             ] GC(146) Pause Young (Allocation Failure) 1315M->1316M(1457M) 49.780ms
[8.408s][info][gc,cpu         ] GC(146) User=0.25s Sys=0.03s Real=0.05s
[8.429s][info][gc,start       ] GC(147) Pause Young (Allocation Failure)
[8.468s][info][gc,heap        ] GC(147) PSYoungGen: 73856K(106496K)->47328K(65024K) Eden: 17408K(17408K)->0K(17408K) From: 56448K(89088K)->47328K(47616K)
[8.468s][info][gc,heap        ] GC(147) ParOldGen: 1291570K(1385984K)->1318490K(1385984K)
[8.468s][info][gc,metaspace   ] GC(147) Metaspace: 6299K(6464K)->6299K(6464K) NonClass: 5765K(5824K)->5765K(5824K) Class: 533K(640K)->533K(640K)
[8.468s][info][gc             ] GC(147) Pause Young (Allocation Failure) 1333M->1333M(1417M) 39.378ms
[8.468s][info][gc,cpu         ] GC(147) User=0.22s Sys=0.05s Real=0.04s
[8.490s][info][gc,start       ] GC(148) Pause Young (Allocation Failure)
[8.526s][info][gc,heap        ] GC(148) PSYoungGen: 64736K(65024K)->34944K(101376K) Eden: 17408K(17408K)->0K(19968K) From: 47328K(47616K)->34944K(81408K)
[8.526s][info][gc,heap        ] GC(148) ParOldGen: 1318490K(1385984K)->1348634K(1385984K)
[8.526s][info][gc,metaspace   ] GC(148) Metaspace: 6299K(6464K)->6299K(6464K) NonClass: 5765K(5824K)->5765K(5824K) Class: 533K(640K)->533K(640K)
[8.526s][info][gc             ] GC(148) Pause Young (Allocation Failure) 1350M->1351M(1452M) 35.770ms
[8.526s][info][gc,cpu         ] GC(148) User=0.14s Sys=0.02s Real=0.04s
[8.526s][info][gc,start       ] GC(149) Pause Full (Ergonomics)
[8.526s][info][gc,phases,start] GC(149) Marking Phase
[8.861s][info][gc,phases      ] GC(149) Marking Phase 334.567ms
[8.861s][info][gc,phases,start] GC(149) Summary Phase
[8.861s][info][gc,phases      ] GC(149) Summary Phase 0.091ms
[8.861s][info][gc,phases,start] GC(149) Adjust Roots
[8.861s][info][gc,phases      ] GC(149) Adjust Roots 0.342ms
[8.861s][info][gc,phases,start] GC(149) Compaction Phase
[8.994s][info][gc,phases      ] GC(149) Compaction Phase 132.232ms
[8.994s][info][gc,phases,start] GC(149) Post Compact
[8.997s][info][gc,phases      ] GC(149) Post Compact 3.239ms
[8.998s][info][gc,heap        ] GC(149) PSYoungGen: 34944K(101376K)->0K(103936K) Eden: 0K(19968K)->0K(19968K) From: 34944K(81408K)->0K(83968K)
[8.998s][info][gc,heap        ] GC(149) ParOldGen: 1348634K(1385984K)->1381894K(1534464K)
[8.998s][info][gc,metaspace   ] GC(149) Metaspace: 6299K(6464K)->6299K(6464K) NonClass: 5765K(5824K)->5765K(5824K) Class: 533K(640K)->533K(640K)
[8.998s][info][gc             ] GC(149) Pause Full (Ergonomics) 1351M->1349M(1600M) 471.637ms
[8.998s][info][gc,cpu         ] GC(149) User=3.14s Sys=0.02s Real=0.47s
[9.024s][info][gc,start       ] GC(150) Pause Young (Allocation Failure)
[9.042s][info][gc,heap        ] GC(150) PSYoungGen: 19968K(103936K)->20096K(104448K) Eden: 19968K(19968K)->0K(22016K) From: 0K(83968K)->20096K(82432K)
[9.042s][info][gc,heap        ] GC(150) ParOldGen: 1381894K(1534464K)->1381894K(1534464K)
[9.042s][info][gc,metaspace   ] GC(150) Metaspace: 6299K(6464K)->6299K(6464K) NonClass: 5765K(5824K)->5765K(5824K) Class: 533K(640K)->533K(640K)
[9.042s][info][gc             ] GC(150) Pause Young (Allocation Failure) 1369M->1369M(1600M) 17.853ms
[9.042s][info][gc,cpu         ] GC(150) User=0.03s Sys=0.00s Real=0.02s
[9.326s][info][gc,start       ] GC(151) Pause Young (Allocation Failure)
[9.394s][info][gc,heap        ] GC(151) PSYoungGen: 42112K(104448K)->42144K(64512K) Eden: 22016K(22016K)->0K(22016K) From: 20096K(82432K)->42144K(42496K)
[9.394s][info][gc,heap        ] GC(151) ParOldGen: 1447431K(1534464K)->1447431K(1534464K)
[9.394s][info][gc,metaspace   ] GC(151) Metaspace: 6299K(6464K)->6299K(6464K) NonClass: 5765K(5824K)->5765K(5824K) Class: 533K(640K)->533K(640K)
[9.394s][info][gc             ] GC(151) Pause Young (Allocation Failure) 1454M->1454M(1561M) 67.768ms
[9.394s][info][gc,cpu         ] GC(151) User=0.23s Sys=0.00s Real=0.07s
[9.416s][info][gc,start       ] GC(152) Pause Young (Allocation Failure)
[9.451s][info][gc,heap        ] GC(152) PSYoungGen: 64160K(64512K)->64160K(99328K) Eden: 22016K(22016K)->0K(19456K) From: 42144K(42496K)->64160K(79872K)
[9.451s][info][gc,heap        ] GC(152) ParOldGen: 1447431K(1534464K)->1447431K(1534464K)
[9.451s][info][gc,metaspace   ] GC(152) Metaspace: 6299K(6464K)->6299K(6464K) NonClass: 5765K(5824K)->5765K(5824K) Class: 533K(640K)->533K(640K)
[9.451s][info][gc             ] GC(152) Pause Young (Allocation Failure) 1476M->1476M(1595M) 35.262ms
[9.451s][info][gc,cpu         ] GC(152) User=0.05s Sys=0.00s Real=0.04s
[9.469s][info][gc,start       ] GC(153) Pause Young (Allocation Failure)
[9.509s][info][gc,heap        ] GC(153) PSYoungGen: 83616K(99328K)->83680K(103936K) Eden: 19456K(19456K)->0K(19456K) From: 64160K(79872K)->83680K(84480K)
[9.510s][info][gc,heap        ] GC(153) ParOldGen: 1447431K(1534464K)->1447431K(1534464K)
[9.510s][info][gc,metaspace   ] GC(153) Metaspace: 6299K(6464K)->6299K(6464K) NonClass: 5765K(5824K)->5765K(5824K) Class: 533K(640K)->533K(640K)
[9.510s][info][gc             ] GC(153) Pause Young (Allocation Failure) 1495M->1495M(1600M) 40.928ms
[9.510s][info][gc,cpu         ] GC(153) User=0.16s Sys=0.00s Real=0.04s
[9.527s][info][gc,start       ] GC(154) Pause Young (Allocation Failure)
[9.577s][info][gc,heap        ] GC(154) PSYoungGen: 103136K(103936K)->83136K(108544K) Eden: 19456K(19456K)->0K(13312K) From: 83680K(84480K)->83136K(95232K)
[9.577s][info][gc,heap        ] GC(154) ParOldGen: 1447431K(1534464K)->1467655K(1534464K)
[9.577s][info][gc,metaspace   ] GC(154) Metaspace: 6299K(6464K)->6299K(6464K) NonClass: 5765K(5824K)->5765K(5824K) Class: 533K(640K)->533K(640K)
[9.577s][info][gc             ] GC(154) Pause Young (Allocation Failure) 1514M->1514M(1604M) 49.596ms
[9.577s][info][gc,cpu         ] GC(154) User=0.27s Sys=0.11s Real=0.05s
[9.589s][info][gc,start       ] GC(155) Pause Young (Allocation Failure)
[9.635s][info][gc,heap        ] GC(155) PSYoungGen: 96448K(108544K)->74432K(117248K) Eden: 13312K(13312K)->0K(13312K) From: 83136K(95232K)->74432K(103936K)
[9.635s][info][gc,heap        ] GC(155) ParOldGen: 1467655K(1534464K)->1489959K(1534464K)
[9.635s][info][gc,metaspace   ] GC(155) Metaspace: 6299K(6464K)->6299K(6464K) NonClass: 5765K(5824K)->5765K(5824K) Class: 533K(640K)->533K(640K)
[9.635s][info][gc             ] GC(155) Pause Young (Allocation Failure) 1527M->1527M(1613M) 45.784ms
[9.635s][info][gc,cpu         ] GC(155) User=0.23s Sys=0.00s Real=0.05s
[9.649s][info][gc,start       ] GC(156) Pause Young (Allocation Failure)
[9.696s][info][gc,heap        ] GC(156) PSYoungGen: 87744K(117248K)->46208K(114688K) Eden: 13312K(13312K)->0K(15360K) From: 74432K(103936K)->46208K(99328K)
[9.696s][info][gc,heap        ] GC(156) ParOldGen: 1489959K(1534464K)->1531967K(1534464K)
[9.696s][info][gc,metaspace   ] GC(156) Metaspace: 6299K(6464K)->6299K(6464K) NonClass: 5765K(5824K)->5765K(5824K) Class: 533K(640K)->533K(640K)
[9.696s][info][gc             ] GC(156) Pause Young (Allocation Failure) 1540M->1541M(1610M) 47.479ms
[9.696s][info][gc,cpu         ] GC(156) User=0.23s Sys=0.00s Real=0.05s
[9.696s][info][gc,start       ] GC(157) Pause Full (Ergonomics)
[9.696s][info][gc,phases,start] GC(157) Marking Phase
[10.058s][info][gc,phases      ] GC(157) Marking Phase 361.423ms
[10.058s][info][gc,phases,start] GC(157) Summary Phase
[10.058s][info][gc,phases      ] GC(157) Summary Phase 0.031ms
[10.058s][info][gc,phases,start] GC(157) Adjust Roots
[10.058s][info][gc,phases      ] GC(157) Adjust Roots 0.286ms
[10.058s][info][gc,phases,start] GC(157) Compaction Phase
[10.419s][info][gc,phases      ] GC(157) Compaction Phase 360.379ms
[10.419s][info][gc,phases,start] GC(157) Post Compact
[10.422s][info][gc,phases      ] GC(157) Post Compact 3.195ms
[10.423s][info][gc,heap        ] GC(157) PSYoungGen: 46208K(114688K)->9717K(116736K) Eden: 0K(15360K)->0K(17408K) From: 46208K(99328K)->9717K(99328K)
[10.423s][info][gc,heap        ] GC(157) ParOldGen: 1531967K(1534464K)->1534259K(1703424K)
[10.423s][info][gc,metaspace   ] GC(157) Metaspace: 6299K(6464K)->6299K(6464K) NonClass: 5765K(5824K)->5765K(5824K) Class: 533K(640K)->533K(640K)
[10.423s][info][gc             ] GC(157) Pause Full (Ergonomics) 1541M->1507M(1777M) 726.241ms
[10.423s][info][gc,cpu         ] GC(157) User=4.81s Sys=0.02s Real=0.73s
[10.441s][info][gc,start       ] GC(158) Pause Young (Allocation Failure)
[10.530s][info][gc,heap        ] GC(158) PSYoungGen: 27125K(116736K)->17632K(120832K) Eden: 17408K(17408K)->0K(17408K) From: 9717K(99328K)->17632K(103424K)
[10.530s][info][gc,heap        ] GC(158) ParOldGen: 1534259K(1703424K)->1544091K(1703424K)
[10.530s][info][gc,metaspace   ] GC(158) Metaspace: 6299K(6464K)->6299K(6464K) NonClass: 5765K(5824K)->5765K(5824K) Class: 533K(640K)->533K(640K)
[10.530s][info][gc             ] GC(158) Pause Young (Allocation Failure) 1524M->1525M(1781M) 89.237ms
[10.530s][info][gc,cpu         ] GC(158) User=0.42s Sys=0.02s Real=0.09s
[10.549s][info][gc,start       ] GC(159) Pause Young (Allocation Failure)
[10.574s][info][gc,heap        ] GC(159) PSYoungGen: 35040K(120832K)->34944K(117248K) Eden: 17408K(17408K)->0K(19456K) From: 17632K(103424K)->34944K(97792K)
[10.574s][info][gc,heap        ] GC(159) ParOldGen: 1544091K(1703424K)->1544195K(1703424K)
[10.574s][info][gc,metaspace   ] GC(159) Metaspace: 6299K(6464K)->6299K(6464K) NonClass: 5765K(5824K)->5765K(5824K) Class: 533K(640K)->533K(640K)
[10.574s][info][gc             ] GC(159) Pause Young (Allocation Failure) 1542M->1542M(1778M) 25.060ms
[10.574s][info][gc,cpu         ] GC(159) User=0.05s Sys=0.00s Real=0.02s
[10.594s][info][gc,start       ] GC(160) Pause Young (Allocation Failure)
[10.627s][info][gc,heap        ] GC(160) PSYoungGen: 54400K(117248K)->37024K(56832K) Eden: 19456K(19456K)->0K(19456K) From: 34944K(97792K)->37024K(37376K)
[10.627s][info][gc,heap        ] GC(160) ParOldGen: 1544195K(1703424K)->1561843K(1703424K)
[10.627s][info][gc,metaspace   ] GC(160) Metaspace: 6299K(6464K)->6299K(6464K) NonClass: 5765K(5824K)->5765K(5824K) Class: 533K(640K)->533K(640K)
[10.627s][info][gc             ] GC(160) Pause Young (Allocation Failure) 1561M->1561M(1719M) 33.789ms
[10.627s][info][gc,cpu         ] GC(160) User=0.11s Sys=0.03s Real=0.03s
[10.646s][info][gc,start       ] GC(161) Pause Young (Allocation Failure)
[10.681s][info][gc,heap        ] GC(161) PSYoungGen: 56480K(56832K)->39040K(112128K) Eden: 19456K(19456K)->0K(22016K) From: 37024K(37376K)->39040K(90112K)
[10.681s][info][gc,heap        ] GC(161) ParOldGen: 1561843K(1703424K)->1579483K(1703424K)
[10.681s][info][gc,metaspace   ] GC(161) Metaspace: 6299K(6464K)->6299K(6464K) NonClass: 5765K(5824K)->5765K(5824K) Class: 533K(640K)->533K(640K)
[10.681s][info][gc             ] GC(161) Pause Young (Allocation Failure) 1580M->1580M(1773M) 34.407ms
[10.681s][info][gc,cpu         ] GC(161) User=0.06s Sys=0.00s Real=0.03s
[10.702s][info][gc,start       ] GC(162) Pause Young (Allocation Failure)
[10.737s][info][gc,heap        ] GC(162) PSYoungGen: 61056K(112128K)->22176K(115712K) Eden: 22016K(22016K)->0K(22016K) From: 39040K(90112K)->22176K(93696K)
[10.737s][info][gc,heap        ] GC(162) ParOldGen: 1579483K(1703424K)->1618883K(1703424K)
[10.737s][info][gc,metaspace   ] GC(162) Metaspace: 6299K(6464K)->6299K(6464K) NonClass: 5765K(5824K)->5765K(5824K) Class: 533K(640K)->533K(640K)
[10.737s][info][gc             ] GC(162) Pause Young (Allocation Failure) 1602M->1602M(1776M) 35.063ms
[10.737s][info][gc,cpu         ] GC(162) User=0.17s Sys=0.00s Real=0.04s
[10.759s][info][gc,start       ] GC(163) Pause Young (Allocation Failure)
[10.789s][info][gc,heap        ] GC(163) PSYoungGen: 44192K(115712K)->22176K(115200K) Eden: 22016K(22016K)->0K(25088K) From: 22176K(93696K)->22176K(90112K)
[10.789s][info][gc,heap        ] GC(163) ParOldGen: 1618883K(1703424K)->1641187K(1703424K)
[10.789s][info][gc,metaspace   ] GC(163) Metaspace: 6299K(6464K)->6299K(6464K) NonClass: 5765K(5824K)->5765K(5824K) Class: 533K(640K)->533K(640K)
[10.789s][info][gc             ] GC(163) Pause Young (Allocation Failure) 1624M->1624M(1776M) 29.892ms
[10.789s][info][gc,cpu         ] GC(163) User=0.23s Sys=0.02s Real=0.03s
[10.814s][info][gc,start       ] GC(164) Pause Young (Allocation Failure)
[10.846s][info][gc,heap        ] GC(164) PSYoungGen: 47264K(115200K)->25248K(116736K) Eden: 25088K(25088K)->0K(25088K) From: 22176K(90112K)->25248K(91648K)
[10.846s][info][gc,heap        ] GC(164) ParOldGen: 1641187K(1703424K)->1663515K(1703424K)
[10.846s][info][gc,metaspace   ] GC(164) Metaspace: 6299K(6464K)->6299K(6464K) NonClass: 5765K(5824K)->5765K(5824K) Class: 533K(640K)->533K(640K)
[10.846s][info][gc             ] GC(164) Pause Young (Allocation Failure) 1648M->1649M(1777M) 32.770ms
[10.846s][info][gc,cpu         ] GC(164) User=0.08s Sys=0.00s Real=0.03s
[10.846s][info][gc,start       ] GC(165) Pause Full (Ergonomics)
[10.846s][info][gc,phases,start] GC(165) Marking Phase
[11.220s][info][gc,phases      ] GC(165) Marking Phase 373.814ms
[11.220s][info][gc,phases,start] GC(165) Summary Phase
[11.220s][info][gc,phases      ] GC(165) Summary Phase 0.049ms
[11.220s][info][gc,phases,start] GC(165) Adjust Roots
[11.221s][info][gc,phases      ] GC(165) Adjust Roots 0.180ms
[11.221s][info][gc,phases,start] GC(165) Compaction Phase
[11.381s][info][gc,phases      ] GC(165) Compaction Phase 160.775ms
[11.382s][info][gc,phases,start] GC(165) Post Compact
[11.385s][info][gc,phases      ] GC(165) Post Compact 3.194ms
[11.386s][info][gc,heap        ] GC(165) PSYoungGen: 25248K(116736K)->0K(117760K) Eden: 0K(25088K)->0K(28160K) From: 25248K(91648K)->0K(89600K)
[11.386s][info][gc,heap        ] GC(165) ParOldGen: 1663515K(1703424K)->1686614K(1866240K)
[11.386s][info][gc,metaspace   ] GC(165) Metaspace: 6299K(6464K)->6299K(6464K) NonClass: 5765K(5824K)->5765K(5824K) Class: 533K(640K)->533K(640K)
[11.386s][info][gc             ] GC(165) Pause Full (Ergonomics) 1649M->1647M(1937M) 539.101ms
[11.386s][info][gc,cpu         ] GC(165) User=3.83s Sys=0.03s Real=0.54s
[11.418s][info][gc,start       ] GC(166) Pause Young (Allocation Failure)
[11.442s][info][gc,heap        ] GC(166) PSYoungGen: 28160K(117760K)->28320K(117760K) Eden: 28160K(28160K)->0K(28160K) From: 0K(89600K)->28320K(89600K)
[11.442s][info][gc,heap        ] GC(166) ParOldGen: 1686614K(1866240K)->1686614K(1866240K)
[11.442s][info][gc,metaspace   ] GC(166) Metaspace: 6299K(6464K)->6299K(6464K) NonClass: 5765K(5824K)->5765K(5824K) Class: 533K(640K)->533K(640K)
[11.442s][info][gc             ] GC(166) Pause Young (Allocation Failure) 1674M->1674M(1937M) 24.130ms
[11.442s][info][gc,cpu         ] GC(166) User=0.02s Sys=0.00s Real=0.02s
[11.472s][info][gc,start       ] GC(167) Pause Young (Allocation Failure)
[11.506s][info][gc,heap        ] GC(167) PSYoungGen: 56480K(117760K)->56512K(116224K) Eden: 28160K(28160K)->0K(29696K) From: 28320K(89600K)->56512K(86528K)
[11.506s][info][gc,heap        ] GC(167) ParOldGen: 1686614K(1866240K)->1686614K(1866240K)
[11.506s][info][gc,metaspace   ] GC(167) Metaspace: 6299K(6464K)->6299K(6464K) NonClass: 5765K(5824K)->5765K(5824K) Class: 533K(640K)->533K(640K)
[11.506s][info][gc             ] GC(167) Pause Young (Allocation Failure) 1702M->1702M(1936M) 33.807ms
[11.506s][info][gc,cpu         ] GC(167) User=0.08s Sys=0.00s Real=0.03s
[11.540s][info][gc,start       ] GC(168) Pause Young (Allocation Failure)
[11.584s][info][gc,heap        ] GC(168) PSYoungGen: 86208K(116224K)->86272K(117760K) Eden: 29696K(29696K)->0K(29696K) From: 56512K(86528K)->86272K(88064K)
[11.584s][info][gc,heap        ] GC(168) ParOldGen: 1686614K(1866240K)->1686614K(1866240K)
[11.584s][info][gc,metaspace   ] GC(168) Metaspace: 6299K(6464K)->6299K(6464K) NonClass: 5765K(5824K)->5765K(5824K) Class: 533K(640K)->533K(640K)
[11.584s][info][gc             ] GC(168) Pause Young (Allocation Failure) 1731M->1731M(1937M) 43.705ms
[11.584s][info][gc,cpu         ] GC(168) User=0.17s Sys=0.02s Real=0.04s
[11.618s][info][gc,start       ] GC(169) Pause Young (Allocation Failure)
[11.674s][info][gc,heap        ] GC(169) PSYoungGen: 115968K(117760K)->87776K(122880K) Eden: 29696K(29696K)->0K(22528K) From: 86272K(88064K)->87776K(100352K)
[11.674s][info][gc,heap        ] GC(169) ParOldGen: 1686614K(1866240K)->1715150K(1866240K)
[11.674s][info][gc,metaspace   ] GC(169) Metaspace: 6299K(6464K)->6299K(6464K) NonClass: 5765K(5824K)->5765K(5824K) Class: 533K(640K)->533K(640K)
[11.674s][info][gc             ] GC(169) Pause Young (Allocation Failure) 1760M->1760M(1942M) 56.309ms
[11.674s][info][gc,cpu         ] GC(169) User=0.31s Sys=0.19s Real=0.06s
[11.699s][info][gc,start       ] GC(170) Pause Young (Allocation Failure)
[11.751s][info][gc,heap        ] GC(170) PSYoungGen: 110304K(122880K)->82144K(133120K) Eden: 22528K(22528K)->0K(22528K) From: 87776K(100352K)->82144K(110592K)
[11.751s][info][gc,heap        ] GC(170) ParOldGen: 1715150K(1866240K)->1743694K(1866240K)
[11.751s][info][gc,metaspace   ] GC(170) Metaspace: 6299K(6464K)->6299K(6464K) NonClass: 5765K(5824K)->5765K(5824K) Class: 533K(640K)->533K(640K)
[11.751s][info][gc             ] GC(170) Pause Young (Allocation Failure) 1782M->1783M(1952M) 52.635ms
[11.751s][info][gc,cpu         ] GC(170) User=0.36s Sys=0.02s Real=0.05s
[11.775s][info][gc,start       ] GC(171) Pause Young (Allocation Failure)
[11.827s][info][gc,heap        ] GC(171) PSYoungGen: 104672K(133120K)->74912K(140288K) Eden: 22528K(22528K)->0K(23552K) From: 82144K(110592K)->74912K(116736K)
[11.827s][info][gc,heap        ] GC(171) ParOldGen: 1743694K(1866240K)->1773774K(1866240K)
[11.827s][info][gc,metaspace   ] GC(171) Metaspace: 6299K(6464K)->6299K(6464K) NonClass: 5765K(5824K)->5765K(5824K) Class: 533K(640K)->533K(640K)
[11.827s][info][gc             ] GC(171) Pause Young (Allocation Failure) 1805M->1805M(1959M) 51.304ms
[11.827s][info][gc,cpu         ] GC(171) User=0.36s Sys=0.02s Real=0.05s
[11.854s][info][gc,start       ] GC(172) Pause Young (Allocation Failure)
[11.904s][info][gc,heap        ] GC(172) PSYoungGen: 98464K(140288K)->46208K(70144K) Eden: 23552K(23552K)->0K(23552K) From: 74912K(116736K)->46208K(46592K)
[11.904s][info][gc,heap        ] GC(172) ParOldGen: 1773774K(1866240K)->1826662K(1866240K)
[11.904s][info][gc,metaspace   ] GC(172) Metaspace: 6299K(6464K)->6299K(6464K) NonClass: 5765K(5824K)->5765K(5824K) Class: 533K(640K)->533K(640K)
[11.904s][info][gc             ] GC(172) Pause Young (Allocation Failure) 1828M->1828M(1891M) 50.103ms
[11.904s][info][gc,cpu         ] GC(172) User=0.28s Sys=0.00s Real=0.05s
[11.905s][info][gc,start       ] GC(173) Pause Full (Ergonomics)
[11.905s][info][gc,phases,start] GC(173) Marking Phase
[12.320s][info][gc,phases      ] GC(173) Marking Phase 415.828ms
[12.320s][info][gc,phases,start] GC(173) Summary Phase
[12.321s][info][gc,phases      ] GC(173) Summary Phase 0.055ms
[12.321s][info][gc,phases,start] GC(173) Adjust Roots
[12.321s][info][gc,phases      ] GC(173) Adjust Roots 0.201ms
[12.321s][info][gc,phases,start] GC(173) Compaction Phase
[12.502s][info][gc,phases      ] GC(173) Compaction Phase 181.627ms
[12.502s][info][gc,phases,start] GC(173) Post Compact
[12.506s][info][gc,phases      ] GC(173) Post Compact 3.626ms
[12.507s][info][gc,heap        ] GC(173) PSYoungGen: 46208K(70144K)->4640K(70144K) Eden: 0K(23552K)->0K(23552K) From: 46208K(46592K)->4640K(46592K)
[12.507s][info][gc,heap        ] GC(173) ParOldGen: 1826662K(1866240K)->1866075K(2072064K)
[12.507s][info][gc,metaspace   ] GC(173) Metaspace: 6299K(6464K)->6299K(6464K) NonClass: 5765K(5824K)->5765K(5824K) Class: 533K(640K)->533K(640K)
[12.507s][info][gc             ] GC(173) Pause Full (Ergonomics) 1828M->1826M(2092M) 602.389ms
[12.507s][info][gc,cpu         ] GC(173) User=4.25s Sys=0.03s Real=0.60s
[12.534s][info][gc,start       ] GC(174) Pause Young (Allocation Failure)
[12.626s][info][gc,heap        ] GC(174) PSYoungGen: 28192K(70144K)->23712K(137728K) Eden: 23552K(23552K)->0K(26112K) From: 4640K(46592K)->23712K(111616K)
[12.626s][info][gc,heap        ] GC(174) ParOldGen: 1866075K(2072064K)->1870827K(2072064K)
[12.626s][info][gc,metaspace   ] GC(174) Metaspace: 6299K(6464K)->6299K(6464K) NonClass: 5765K(5824K)->5765K(5824K) Class: 533K(640K)->533K(640K)
[12.626s][info][gc             ] GC(174) Pause Young (Allocation Failure) 1849M->1850M(2158M) 92.300ms
[12.626s][info][gc,cpu         ] GC(174) User=0.61s Sys=0.02s Real=0.09s
[12.655s][info][gc,start       ] GC(175) Pause Young (Allocation Failure)
[12.689s][info][gc,heap        ] GC(175) PSYoungGen: 49824K(137728K)->49824K(76288K) Eden: 26112K(26112K)->0K(26112K) From: 23712K(111616K)->49824K(50176K)
[12.689s][info][gc,heap        ] GC(175) ParOldGen: 1870827K(2072064K)->1870827K(2072064K)
[12.689s][info][gc,metaspace   ] GC(175) Metaspace: 6299K(6464K)->6299K(6464K) NonClass: 5765K(5824K)->5765K(5824K) Class: 533K(640K)->533K(640K)
[12.689s][info][gc             ] GC(175) Pause Young (Allocation Failure) 1875M->1875M(2098M) 34.552ms
[12.689s][info][gc,cpu         ] GC(175) User=0.14s Sys=0.00s Real=0.03s
[12.721s][info][gc,start       ] GC(176) Pause Young (Allocation Failure)
[12.762s][info][gc,heap        ] GC(176) PSYoungGen: 75936K(76288K)->52384K(125952K) Eden: 26112K(26112K)->0K(29184K) From: 49824K(50176K)->52384K(96768K)
[12.762s][info][gc,heap        ] GC(176) ParOldGen: 1870827K(2072064K)->1894731K(2072064K)
[12.762s][info][gc,metaspace   ] GC(176) Metaspace: 6299K(6464K)->6299K(6464K) NonClass: 5765K(5824K)->5765K(5824K) Class: 533K(640K)->533K(640K)
[12.762s][info][gc             ] GC(176) Pause Young (Allocation Failure) 1901M->1901M(2146M) 41.173ms
[12.762s][info][gc,cpu         ] GC(176) User=0.27s Sys=0.00s Real=0.04s
[12.795s][info][gc,start       ] GC(177) Pause Young (Allocation Failure)
[12.840s][info][gc,heap        ] GC(177) PSYoungGen: 81568K(125952K)->55488K(131072K) Eden: 29184K(29184K)->0K(29184K) From: 52384K(96768K)->55488K(101888K)
[12.841s][info][gc,heap        ] GC(177) ParOldGen: 1894731K(2072064K)->1921203K(2072064K)
[12.841s][info][gc,metaspace   ] GC(177) Metaspace: 6299K(6464K)->6299K(6464K) NonClass: 5765K(5824K)->5765K(5824K) Class: 533K(640K)->533K(640K)
[12.841s][info][gc             ] GC(177) Pause Young (Allocation Failure) 1929M->1930M(2151M) 45.713ms
[12.841s][info][gc,cpu         ] GC(177) User=0.25s Sys=0.00s Real=0.04s
[12.876s][info][gc,start       ] GC(178) Pause Young (Allocation Failure)
[12.922s][info][gc,heap        ] GC(178) PSYoungGen: 84672K(131072K)->58624K(127488K) Eden: 29184K(29184K)->0K(32768K) From: 55488K(101888K)->58624K(94720K)
[12.922s][info][gc,heap        ] GC(178) ParOldGen: 1921203K(2072064K)->1947659K(2072064K)
[12.922s][info][gc,metaspace   ] GC(178) Metaspace: 6299K(6464K)->6299K(6464K) NonClass: 5765K(5824K)->5765K(5824K) Class: 533K(640K)->533K(640K)
[12.922s][info][gc             ] GC(178) Pause Young (Allocation Failure) 1958M->1959M(2148M) 45.986ms
[12.922s][info][gc,cpu         ] GC(178) User=0.27s Sys=0.00s Real=0.05s
[12.965s][info][gc,start       ] GC(179) Pause Young (Allocation Failure)
[13.017s][info][gc,heap        ] GC(179) PSYoungGen: 91392K(127488K)->62176K(129536K) Eden: 32768K(32768K)->0K(32768K) From: 58624K(94720K)->62176K(96768K)
[13.017s][info][gc,heap        ] GC(179) ParOldGen: 1947659K(2072064K)->1977243K(2072064K)
[13.017s][info][gc,metaspace   ] GC(179) Metaspace: 6299K(6464K)->6299K(6464K) NonClass: 5765K(5824K)->5765K(5824K) Class: 533K(640K)->533K(640K)
[13.017s][info][gc             ] GC(179) Pause Young (Allocation Failure) 1991M->1991M(2150M) 51.884ms
[13.017s][info][gc,cpu         ] GC(179) User=0.20s Sys=0.05s Real=0.05s
[13.053s][info][gc,start       ] GC(180) Pause Young (Allocation Failure)
[13.108s][info][gc,heap        ] GC(180) PSYoungGen: 94944K(129536K)->65728K(132096K) Eden: 32768K(32768K)->0K(36352K) From: 62176K(96768K)->65728K(95744K)
[13.108s][info][gc,heap        ] GC(180) ParOldGen: 1977243K(2072064K)->2006851K(2072064K)
[13.108s][info][gc,metaspace   ] GC(180) Metaspace: 6299K(6464K)->6299K(6464K) NonClass: 5765K(5824K)->5765K(5824K) Class: 533K(640K)->533K(640K)
[13.108s][info][gc             ] GC(180) Pause Young (Allocation Failure) 2023M->2024M(2152M) 55.234ms
[13.108s][info][gc,cpu         ] GC(180) User=0.33s Sys=0.06s Real=0.06s
[13.147s][info][gc,start       ] GC(181) Pause Young (Allocation Failure)
[13.203s][info][gc,heap        ] GC(181) PSYoungGen: 102080K(132096K)->69344K(132608K) Eden: 36352K(36352K)->0K(36352K) From: 65728K(95744K)->69344K(96256K)
[13.203s][info][gc,heap        ] GC(181) ParOldGen: 2006851K(2072064K)->2040091K(2072064K)
[13.203s][info][gc,metaspace   ] GC(181) Metaspace: 6299K(6464K)->6299K(6464K) NonClass: 5765K(5824K)->5765K(5824K) Class: 533K(640K)->533K(640K)
[13.203s][info][gc             ] GC(181) Pause Young (Allocation Failure) 2059M->2059M(2153M) 56.089ms
[13.203s][info][gc,cpu         ] GC(181) User=0.38s Sys=0.02s Real=0.06s
[13.203s][info][gc,start       ] GC(182) Pause Full (Ergonomics)
[13.203s][info][gc,phases,start] GC(182) Marking Phase
[13.674s][info][gc,phases      ] GC(182) Marking Phase 470.941ms
[13.674s][info][gc,phases,start] GC(182) Summary Phase
[13.674s][info][gc,phases      ] GC(182) Summary Phase 0.040ms
[13.674s][info][gc,phases,start] GC(182) Adjust Roots
[13.674s][info][gc,phases      ] GC(182) Adjust Roots 0.158ms
[13.674s][info][gc,phases,start] GC(182) Compaction Phase
[13.868s][info][gc,phases      ] GC(182) Compaction Phase 193.674ms
[13.868s][info][gc,phases,start] GC(182) Post Compact
[13.872s][info][gc,phases      ] GC(182) Post Compact 3.999ms
[13.873s][info][gc,heap        ] GC(182) PSYoungGen: 69344K(132608K)->34823K(132608K) Eden: 0K(36352K)->0K(36352K) From: 69344K(96256K)->34823K(96256K)
[13.873s][info][gc,heap        ] GC(182) ParOldGen: 2040091K(2072064K)->2071673K(2288640K)
[13.873s][info][gc,metaspace   ] GC(182) Metaspace: 6299K(6464K)->6299K(6464K) NonClass: 5765K(5824K)->5765K(5824K) Class: 533K(640K)->533K(640K)
[13.873s][info][gc             ] GC(182) Pause Full (Ergonomics) 2059M->2057M(2364M) 669.962ms
[13.873s][info][gc,cpu         ] GC(182) User=4.72s Sys=0.03s Real=0.67s
[13.914s][info][gc,start       ] GC(183) Pause Young (Allocation Failure)
[14.039s][info][gc,heap        ] GC(183) PSYoungGen: 71175K(132608K)->55328K(129536K) Eden: 36352K(36352K)->0K(40448K) From: 34823K(96256K)->55328K(89088K)
[14.039s][info][gc,heap        ] GC(183) ParOldGen: 2071673K(2288640K)->2087953K(2288640K)
[14.039s][info][gc,metaspace   ] GC(183) Metaspace: 6299K(6464K)->6299K(6464K) NonClass: 5765K(5824K)->5765K(5824K) Class: 533K(640K)->533K(640K)
[14.039s][info][gc             ] GC(183) Pause Young (Allocation Failure) 2092M->2093M(2361M) 124.659ms
[14.039s][info][gc,cpu         ] GC(183) User=0.88s Sys=0.00s Real=0.12s
[14.081s][info][gc,start       ] GC(184) Pause Young (Allocation Failure)
[14.134s][info][gc,heap        ] GC(184) PSYoungGen: 95776K(129536K)->93696K(134144K) Eden: 40448K(40448K)->0K(40448K) From: 55328K(89088K)->93696K(93696K)
[14.134s][info][gc,heap        ] GC(184) ParOldGen: 2087953K(2288640K)->2090025K(2288640K)
[14.134s][info][gc,metaspace   ] GC(184) Metaspace: 6299K(6464K)->6299K(6464K) NonClass: 5765K(5824K)->5765K(5824K) Class: 533K(640K)->533K(640K)
[14.134s][info][gc             ] GC(184) Pause Young (Allocation Failure) 2132M->2132M(2366M) 52.315ms
[14.134s][info][gc,cpu         ] GC(184) User=0.28s Sys=0.00s Real=0.05s
[14.182s][info][gc,start       ] GC(185) Pause Young (Allocation Failure)
[14.257s][info][gc,heap        ] GC(185) PSYoungGen: 134144K(134144K)->80480K(145408K) Eden: 40448K(40448K)->0K(40960K) From: 93696K(93696K)->80480K(104448K)
[14.257s][info][gc,heap        ] GC(185) ParOldGen: 2090025K(2288640K)->2144481K(2288640K)
[14.257s][info][gc,metaspace   ] GC(185) Metaspace: 6299K(6464K)->6299K(6464K) NonClass: 5765K(5824K)->5765K(5824K) Class: 533K(640K)->533K(640K)
[14.257s][info][gc             ] GC(185) Pause Young (Allocation Failure) 2172M->2172M(2377M) 75.151ms
[14.257s][info][gc,cpu         ] GC(185) User=0.47s Sys=0.00s Real=0.08s
[14.310s][info][gc,start       ] GC(186) Pause Young (Allocation Failure)
[14.374s][info][gc,heap        ] GC(186) PSYoungGen: 121440K(145408K)->81600K(148992K) Eden: 40960K(40960K)->0K(40960K) From: 80480K(104448K)->81600K(108032K)
[14.374s][info][gc,heap        ] GC(186) ParOldGen: 2144481K(2288640K)->2184817K(2288640K)
[14.374s][info][gc,metaspace   ] GC(186) Metaspace: 6299K(6464K)->6299K(6464K) NonClass: 5765K(5824K)->5765K(5824K) Class: 533K(640K)->533K(640K)
[14.374s][info][gc             ] GC(186) Pause Young (Allocation Failure) 2212M->2213M(2380M) 64.410ms
[14.374s][info][gc,cpu         ] GC(186) User=0.39s Sys=0.02s Real=0.06s
[14.424s][info][gc,start       ] GC(187) Pause Young (Allocation Failure)
[14.488s][info][gc,heap        ] GC(187) PSYoungGen: 122560K(148992K)->82176K(154112K) Eden: 40960K(40960K)->0K(43520K) From: 81600K(108032K)->82176K(110592K)
[14.488s][info][gc,heap        ] GC(187) ParOldGen: 2184817K(2288640K)->2225849K(2288640K)
[14.488s][info][gc,metaspace   ] GC(187) Metaspace: 6299K(6464K)->6299K(6464K) NonClass: 5765K(5824K)->5765K(5824K) Class: 533K(640K)->533K(640K)
[14.488s][info][gc             ] GC(187) Pause Young (Allocation Failure) 2253M->2253M(2385M) 64.245ms
[14.488s][info][gc,cpu         ] GC(187) User=0.38s Sys=0.02s Real=0.06s
[14.488s][info][gc,start       ] GC(188) Pause Full (Ergonomics)
[14.488s][info][gc,phases,start] GC(188) Marking Phase
[15.031s][info][gc,phases      ] GC(188) Marking Phase 542.682ms
[15.031s][info][gc,phases,start] GC(188) Summary Phase
[15.031s][info][gc,phases      ] GC(188) Summary Phase 0.051ms
[15.031s][info][gc,phases,start] GC(188) Adjust Roots
[15.031s][info][gc,phases      ] GC(188) Adjust Roots 0.208ms
[15.031s][info][gc,phases,start] GC(188) Compaction Phase
[15.234s][info][gc,phases      ] GC(188) Compaction Phase 203.300ms
[15.235s][info][gc,phases,start] GC(188) Post Compact
[15.239s][info][gc,phases      ] GC(188) Post Compact 4.447ms
[15.240s][info][gc,heap        ] GC(188) PSYoungGen: 82176K(154112K)->16993K(154112K) Eden: 0K(43520K)->0K(43520K) From: 82176K(110592K)->16993K(110592K)
[15.240s][info][gc,heap        ] GC(188) ParOldGen: 2225849K(2288640K)->2288519K(2534400K)
[15.240s][info][gc,metaspace   ] GC(188) Metaspace: 6299K(6464K)->6299K(6464K) NonClass: 5765K(5824K)->5765K(5824K) Class: 533K(640K)->533K(640K)
[15.240s][info][gc             ] GC(188) Pause Full (Ergonomics) 2253M->2251M(2625M) 752.109ms
[15.240s][info][gc,cpu         ] GC(188) User=5.38s Sys=0.05s Real=0.75s
[15.294s][info][gc,start       ] GC(189) Pause Young (Allocation Failure)
[15.423s][info][gc,heap        ] GC(189) PSYoungGen: 60513K(154112K)->52864K(156160K) Eden: 43520K(43520K)->0K(43520K) From: 16993K(110592K)->52864K(112640K)
[15.423s][info][gc,heap        ] GC(189) ParOldGen: 2288519K(2534400K)->2296567K(2534400K)
[15.423s][info][gc,metaspace   ] GC(189) Metaspace: 6299K(6464K)->6299K(6464K) NonClass: 5765K(5824K)->5765K(5824K) Class: 533K(640K)->533K(640K)
[15.423s][info][gc             ] GC(189) Pause Young (Allocation Failure) 2293M->2294M(2627M) 129.429ms
[15.423s][info][gc,cpu         ] GC(189) User=0.77s Sys=0.00s Real=0.13s
[15.475s][info][gc,start       ] GC(190) Pause Young (Allocation Failure)
[15.528s][info][gc,heap        ] GC(190) PSYoungGen: 96384K(156160K)->96384K(150528K) Eden: 43520K(43520K)->0K(40448K) From: 52864K(112640K)->96384K(110080K)
[15.528s][info][gc,heap        ] GC(190) ParOldGen: 2296567K(2534400K)->2296567K(2534400K)
[15.528s][info][gc,metaspace   ] GC(190) Metaspace: 6299K(6464K)->6299K(6464K) NonClass: 5765K(5824K)->5765K(5824K) Class: 533K(640K)->533K(640K)
[15.528s][info][gc             ] GC(190) Pause Young (Allocation Failure) 2336M->2336M(2622M) 53.466ms
[15.528s][info][gc,cpu         ] GC(190) User=0.28s Sys=0.00s Real=0.05s
[15.580s][info][gc,start       ] GC(191) Pause Young (Allocation Failure)
[15.653s][info][gc,heap        ] GC(191) PSYoungGen: 136832K(150528K)->117248K(157696K) Eden: 40448K(40448K)->0K(40448K) From: 96384K(110080K)->117248K(117248K)
[15.653s][info][gc,heap        ] GC(191) ParOldGen: 2296567K(2534400K)->2316255K(2534400K)
[15.653s][info][gc,metaspace   ] GC(191) Metaspace: 6299K(6464K)->6299K(6464K) NonClass: 5765K(5824K)->5765K(5824K) Class: 533K(640K)->533K(640K)
[15.653s][info][gc             ] GC(191) Pause Young (Allocation Failure) 2376M->2376M(2629M) 72.433ms
[15.653s][info][gc,cpu         ] GC(191) User=0.52s Sys=0.00s Real=0.07s
[15.704s][info][gc,start       ] GC(192) Pause Young (Allocation Failure)
[15.790s][info][gc,heap        ] GC(192) PSYoungGen: 157696K(157696K)->116576K(173568K) Eden: 40448K(40448K)->0K(35328K) From: 117248K(117248K)->116576K(138240K)
[15.790s][info][gc,heap        ] GC(192) ParOldGen: 2316255K(2534400K)->2357895K(2534400K)
[15.790s][info][gc,metaspace   ] GC(192) Metaspace: 6299K(6464K)->6299K(6464K) NonClass: 5765K(5824K)->5765K(5824K) Class: 533K(640K)->533K(640K)
[15.790s][info][gc             ] GC(192) Pause Young (Allocation Failure) 2415M->2416M(2644M) 86.020ms
[15.790s][info][gc,cpu         ] GC(192) User=0.53s Sys=0.09s Real=0.09s
[15.835s][info][gc,start       ] GC(193) Pause Young (Allocation Failure)
[15.919s][info][gc,heap        ] GC(193) PSYoungGen: 151904K(173568K)->113696K(182784K) Eden: 35328K(35328K)->0K(35328K) From: 116576K(138240K)->113696K(147456K)
[15.919s][info][gc,heap        ] GC(193) ParOldGen: 2357895K(2534400K)->2396463K(2534400K)
[15.919s][info][gc,metaspace   ] GC(193) Metaspace: 6299K(6464K)->6299K(6464K) NonClass: 5765K(5824K)->5765K(5824K) Class: 533K(640K)->533K(640K)
[15.919s][info][gc             ] GC(193) Pause Young (Allocation Failure) 2450M->2451M(2653M) 84.397ms
[15.919s][info][gc,cpu         ] GC(193) User=0.59s Sys=0.00s Real=0.09s
[15.960s][info][gc,start       ] GC(194) Pause Young (Allocation Failure)
[16.042s][info][gc,heap        ] GC(194) PSYoungGen: 149024K(182784K)->111360K(189440K) Eden: 35328K(35328K)->0K(35840K) From: 113696K(147456K)->111360K(153600K)
[16.042s][info][gc,heap        ] GC(194) ParOldGen: 2396463K(2534400K)->2434423K(2534400K)
[16.042s][info][gc,metaspace   ] GC(194) Metaspace: 6299K(6464K)->6299K(6464K) NonClass: 5765K(5824K)->5765K(5824K) Class: 533K(640K)->533K(640K)
[16.042s][info][gc             ] GC(194) Pause Young (Allocation Failure) 2485M->2486M(2660M) 81.961ms
[16.042s][info][gc,cpu         ] GC(194) User=0.50s Sys=0.03s Real=0.08s
[16.083s][info][gc,start       ] GC(195) Pause Young (Allocation Failure)
[16.165s][info][gc,heap        ] GC(195) PSYoungGen: 147200K(189440K)->106720K(193024K) Eden: 35840K(35840K)->0K(35840K) From: 111360K(153600K)->106720K(157184K)
[16.165s][info][gc,heap        ] GC(195) ParOldGen: 2434423K(2534400K)->2475239K(2534400K)
[16.165s][info][gc,metaspace   ] GC(195) Metaspace: 6299K(6464K)->6299K(6464K) NonClass: 5765K(5824K)->5765K(5824K) Class: 533K(640K)->533K(640K)
[16.165s][info][gc             ] GC(195) Pause Young (Allocation Failure) 2521M->2521M(2663M) 81.473ms
[16.165s][info][gc,cpu         ] GC(195) User=0.52s Sys=0.02s Real=0.08s
[16.165s][info][gc,start       ] GC(196) Pause Full (Ergonomics)
[16.165s][info][gc,phases,start] GC(196) Marking Phase
[16.748s][info][gc,phases      ] GC(196) Marking Phase 583.260ms
[16.748s][info][gc,phases,start] GC(196) Summary Phase
[16.748s][info][gc,phases      ] GC(196) Summary Phase 0.042ms
[16.748s][info][gc,phases,start] GC(196) Adjust Roots
[16.749s][info][gc,phases      ] GC(196) Adjust Roots 0.199ms
[16.749s][info][gc,phases,start] GC(196) Compaction Phase
[16.993s][info][gc,phases      ] GC(196) Compaction Phase 244.916ms
[16.994s][info][gc,phases,start] GC(196) Post Compact
[16.999s][info][gc,phases      ] GC(196) Post Compact 5.299ms
[17.000s][info][gc,heap        ] GC(196) PSYoungGen: 106720K(193024K)->45578K(193024K) Eden: 0K(35840K)->0K(35840K) From: 106720K(157184K)->45578K(157184K)
[17.000s][info][gc,heap        ] GC(196) ParOldGen: 2475239K(2534400K)->2534145K(2798592K)
[17.000s][info][gc,metaspace   ] GC(196) Metaspace: 6299K(6464K)->6299K(6464K) NonClass: 5765K(5824K)->5765K(5824K) Class: 533K(640K)->533K(640K)
[17.000s][info][gc             ] GC(196) Pause Full (Ergonomics) 2521M->2519M(2921M) 835.047ms
[17.000s][info][gc,cpu         ] GC(196) User=5.91s Sys=0.08s Real=0.84s
[17.047s][info][gc,start       ] GC(197) Pause Young (Allocation Failure)
[17.206s][info][gc,heap        ] GC(197) PSYoungGen: 81418K(193024K)->52608K(194048K) Eden: 35840K(35840K)->0K(39424K) From: 45578K(157184K)->52608K(154624K)
[17.206s][info][gc,heap        ] GC(197) ParOldGen: 2534145K(2798592K)->2563497K(2798592K)
[17.206s][info][gc,metaspace   ] GC(197) Metaspace: 6299K(6464K)->6299K(6464K) NonClass: 5765K(5824K)->5765K(5824K) Class: 533K(640K)->533K(640K)
[17.206s][info][gc             ] GC(197) Pause Young (Allocation Failure) 2554M->2554M(2922M) 159.254ms
[17.206s][info][gc,cpu         ] GC(197) User=0.94s Sys=0.03s Real=0.16s
[17.257s][info][gc,start       ] GC(198) Pause Young (Allocation Failure)
[17.310s][info][gc,heap        ] GC(198) PSYoungGen: 92032K(194048K)->75424K(115200K) Eden: 39424K(39424K)->0K(39424K) From: 52608K(154624K)->75424K(75776K)
[17.311s][info][gc,heap        ] GC(198) ParOldGen: 2563497K(2798592K)->2580217K(2798592K)
[17.311s][info][gc,metaspace   ] GC(198) Metaspace: 6299K(6464K)->6299K(6464K) NonClass: 5765K(5824K)->5765K(5824K) Class: 533K(640K)->533K(640K)
[17.311s][info][gc             ] GC(198) Pause Young (Allocation Failure) 2593M->2593M(2845M) 53.881ms
[17.311s][info][gc,cpu         ] GC(198) User=0.22s Sys=0.08s Real=0.05s
[17.361s][info][gc,start       ] GC(199) Pause Young (Allocation Failure)
[17.425s][info][gc,heap        ] GC(199) PSYoungGen: 114848K(115200K)->79072K(183296K) Eden: 39424K(39424K)->0K(44032K) From: 75424K(75776K)->79072K(139264K)
[17.425s][info][gc,heap        ] GC(199) ParOldGen: 2580217K(2798592K)->2616377K(2798592K)
[17.425s][info][gc,metaspace   ] GC(199) Metaspace: 6299K(6464K)->6299K(6464K) NonClass: 5765K(5824K)->5765K(5824K) Class: 533K(640K)->533K(640K)
[17.425s][info][gc             ] GC(199) Pause Young (Allocation Failure) 2631M->2632M(2912M) 63.572ms
[17.425s][info][gc,cpu         ] GC(199) User=0.38s Sys=0.02s Real=0.06s
[17.477s][info][gc,start       ] GC(200) Pause Young (Allocation Failure)
[17.545s][info][gc,heap        ] GC(200) PSYoungGen: 123104K(183296K)->83680K(128000K) Eden: 44032K(44032K)->0K(44032K) From: 79072K(139264K)->83680K(83968K)
[17.545s][info][gc,heap        ] GC(200) ParOldGen: 2616377K(2798592K)->2656161K(2798592K)
[17.545s][info][gc,metaspace   ] GC(200) Metaspace: 6299K(6464K)->6299K(6464K) NonClass: 5765K(5824K)->5765K(5824K) Class: 533K(640K)->533K(640K)
[17.545s][info][gc             ] GC(200) Pause Young (Allocation Failure) 2675M->2675M(2858M) 68.644ms
[17.545s][info][gc,cpu         ] GC(200) User=0.42s Sys=0.02s Real=0.07s
[17.595s][info][gc,start       ] GC(201) Pause Young (Allocation Failure)
[17.666s][info][gc,heap        ] GC(201) PSYoungGen: 127712K(128000K)->88288K(181248K) Eden: 44032K(44032K)->0K(49152K) From: 83680K(83968K)->88288K(132096K)
[17.666s][info][gc,heap        ] GC(201) ParOldGen: 2656161K(2798592K)->2695945K(2798592K)
[17.666s][info][gc,metaspace   ] GC(201) Metaspace: 6299K(6464K)->6299K(6464K) NonClass: 5765K(5824K)->5765K(5824K) Class: 533K(640K)->533K(640K)
[17.666s][info][gc             ] GC(201) Pause Young (Allocation Failure) 2718M->2718M(2910M) 71.375ms
[17.666s][info][gc,cpu         ] GC(201) User=0.38s Sys=0.03s Real=0.07s
[17.724s][info][gc,start       ] GC(202) Pause Young (Allocation Failure)
[17.802s][info][gc,heap        ] GC(202) PSYoungGen: 137440K(181248K)->93472K(184832K) Eden: 49152K(49152K)->0K(49152K) From: 88288K(132096K)->93472K(135680K)
[17.802s][info][gc,heap        ] GC(202) ParOldGen: 2695945K(2798592K)->2740377K(2798592K)
[17.802s][info][gc,metaspace   ] GC(202) Metaspace: 6299K(6464K)->6299K(6464K) NonClass: 5765K(5824K)->5765K(5824K) Class: 533K(640K)->533K(640K)
[17.802s][info][gc             ] GC(202) Pause Young (Allocation Failure) 2766M->2767M(2913M) 77.977ms
[17.802s][info][gc,cpu         ] GC(202) User=0.52s Sys=0.00s Real=0.08s
[17.802s][info][gc,start       ] GC(203) Pause Full (Ergonomics)
[17.802s][info][gc,phases,start] GC(203) Marking Phase
[18.479s][info][gc,phases      ] GC(203) Marking Phase 676.186ms
[18.479s][info][gc,phases,start] GC(203) Summary Phase
[18.479s][info][gc,phases      ] GC(203) Summary Phase 0.050ms
[18.479s][info][gc,phases,start] GC(203) Adjust Roots
[18.479s][info][gc,phases      ] GC(203) Adjust Roots 0.273ms
[18.479s][info][gc,phases,start] GC(203) Compaction Phase
[18.707s][info][gc,phases      ] GC(203) Compaction Phase 227.709ms
[18.707s][info][gc,phases,start] GC(203) Post Compact
[18.712s][info][gc,phases      ] GC(203) Post Compact 5.642ms
[18.714s][info][gc,heap        ] GC(203) PSYoungGen: 93472K(184832K)->33332K(184832K) Eden: 0K(49152K)->0K(49152K) From: 93472K(135680K)->33332K(135680K)
[18.714s][info][gc,heap        ] GC(203) ParOldGen: 2740377K(2798592K)->2798106K(3082240K)
[18.714s][info][gc,metaspace   ] GC(203) Metaspace: 6299K(6464K)->6299K(6464K) NonClass: 5765K(5824K)->5765K(5824K) Class: 533K(640K)->533K(640K)
[18.714s][info][gc             ] GC(203) Pause Full (Ergonomics) 2767M->2765M(3190M) 911.204ms
[18.714s][info][gc,cpu         ] GC(203) User=6.77s Sys=0.06s Real=0.91s
[19.309s][info][gc,start       ] GC(204) Pause Young (Allocation Failure)
[19.477s][info][gc,heap        ] GC(204) PSYoungGen: 82484K(184832K)->64896K(184832K) Eden: 49152K(49152K)->0K(54272K) From: 33332K(135680K)->64896K(130560K)
[19.477s][info][gc,heap        ] GC(204) ParOldGen: 2929178K(3082240K)->2947170K(3082240K)
[19.477s][info][gc,metaspace   ] GC(204) Metaspace: 6299K(6464K)->6299K(6464K) NonClass: 5765K(5824K)->5765K(5824K) Class: 533K(640K)->533K(640K)
[19.477s][info][gc             ] GC(204) Pause Young (Allocation Failure) 2941M->2941M(3190M) 168.344ms
[19.477s][info][gc,cpu         ] GC(204) User=0.88s Sys=0.00s Real=0.17s
[19.540s][info][gc,start       ] GC(205) Pause Young (Allocation Failure)
[19.622s][info][gc,heap        ] GC(205) PSYoungGen: 119168K(184832K)->119328K(186880K) Eden: 54272K(54272K)->0K(54272K) From: 64896K(130560K)->119328K(132608K)
[19.622s][info][gc,heap        ] GC(205) ParOldGen: 2947170K(3082240K)->2947170K(3082240K)
[19.622s][info][gc,metaspace   ] GC(205) Metaspace: 6299K(6464K)->6299K(6464K) NonClass: 5765K(5824K)->5765K(5824K) Class: 533K(640K)->533K(640K)
[19.622s][info][gc             ] GC(205) Pause Young (Allocation Failure) 2994M->2994M(3192M) 82.681ms
[19.622s][info][gc,cpu         ] GC(205) User=0.25s Sys=0.00s Real=0.08s
[19.678s][info][gc,start       ] GC(206) Pause Young (Allocation Failure)
[19.780s][info][gc,heap        ] GC(206) PSYoungGen: 173600K(186880K)->141312K(174592K) Eden: 54272K(54272K)->0K(33280K) From: 119328K(132608K)->141312K(141312K)
[19.780s][info][gc,heap        ] GC(206) ParOldGen: 2947170K(3082240K)->2979634K(3082240K)
[19.780s][info][gc,metaspace   ] GC(206) Metaspace: 6299K(6464K)->6299K(6464K) NonClass: 5765K(5824K)->5765K(5824K) Class: 533K(640K)->533K(640K)
[19.780s][info][gc             ] GC(206) Pause Young (Allocation Failure) 3047M->3047M(3180M) 102.643ms
[19.780s][info][gc,cpu         ] GC(206) User=0.38s Sys=0.06s Real=0.10s
[19.811s][info][gc,start       ] GC(207) Pause Young (Allocation Failure)
[19.908s][info][gc,heap        ] GC(207) PSYoungGen: 174592K(174592K)->123872K(201216K) Eden: 33280K(33280K)->0K(33280K) From: 141312K(141312K)->123872K(167936K)
[19.908s][info][gc,heap        ] GC(207) ParOldGen: 2979634K(3082240K)->3030914K(3082240K)
[19.908s][info][gc,metaspace   ] GC(207) Metaspace: 6299K(6464K)->6299K(6464K) NonClass: 5765K(5824K)->5765K(5824K) Class: 533K(640K)->533K(640K)
[19.908s][info][gc             ] GC(207) Pause Young (Allocation Failure) 3080M->3080M(3206M) 96.575ms
[19.908s][info][gc,cpu         ] GC(207) User=0.44s Sys=0.00s Real=0.10s
[19.908s][info][gc,start       ] GC(208) Pause Full (Ergonomics)
[19.908s][info][gc,phases,start] GC(208) Marking Phase
[20.598s][info][gc,phases      ] GC(208) Marking Phase 690.118ms
[20.598s][info][gc,phases,start] GC(208) Summary Phase
[20.598s][info][gc,phases      ] GC(208) Summary Phase 0.050ms
[20.598s][info][gc,phases,start] GC(208) Adjust Roots
[20.598s][info][gc,phases      ] GC(208) Adjust Roots 0.189ms
[20.598s][info][gc,phases,start] GC(208) Compaction Phase
[21.084s][info][gc,phases      ] GC(208) Compaction Phase 485.556ms
[21.084s][info][gc,phases,start] GC(208) Post Compact
[21.091s][info][gc,phases      ] GC(208) Post Compact 7.112ms
[21.092s][info][gc,heap        ] GC(208) PSYoungGen: 123872K(201216K)->5964K(201216K) Eden: 0K(33280K)->0K(33280K) From: 123872K(167936K)->5964K(167936K)
[21.092s][info][gc,heap        ] GC(208) ParOldGen: 3030914K(3082240K)->3081860K(3388928K)
[21.092s][info][gc,metaspace   ] GC(208) Metaspace: 6299K(6464K)->6299K(6464K) NonClass: 5765K(5824K)->5765K(5824K) Class: 533K(640K)->533K(640K)
[21.092s][info][gc             ] GC(208) Pause Full (Ergonomics) 3080M->3015M(3506M) 1184.547ms
[21.093s][info][gc,cpu         ] GC(208) User=8.31s Sys=0.06s Real=1.18s
[21.124s][info][gc,start       ] GC(209) Pause Young (Allocation Failure)
[21.285s][info][gc,heap        ] GC(209) PSYoungGen: 39244K(201216K)->37568K(205824K) Eden: 33280K(33280K)->0K(34304K) From: 5964K(167936K)->37568K(171520K)
[21.285s][info][gc,heap        ] GC(209) ParOldGen: 3081860K(3388928K)->3083788K(3388928K)
[21.285s][info][gc,metaspace   ] GC(209) Metaspace: 6299K(6464K)->6299K(6464K) NonClass: 5765K(5824K)->5765K(5824K) Class: 533K(640K)->533K(640K)
[21.285s][info][gc             ] GC(209) Pause Young (Allocation Failure) 3047M->3048M(3510M) 161.353ms
[21.285s][info][gc,cpu         ] GC(209) User=0.91s Sys=0.00s Real=0.16s
[21.322s][info][gc,start       ] GC(210) Pause Young (Allocation Failure)
[21.373s][info][gc,heap        ] GC(210) PSYoungGen: 71872K(205824K)->71904K(106496K) Eden: 34304K(34304K)->0K(34304K) From: 37568K(171520K)->71904K(72192K)
[21.373s][info][gc,heap        ] GC(210) ParOldGen: 3083788K(3388928K)->3083788K(3388928K)
[21.373s][info][gc,metaspace   ] GC(210) Metaspace: 6299K(6464K)->6299K(6464K) NonClass: 5765K(5824K)->5765K(5824K) Class: 533K(640K)->533K(640K)
[21.373s][info][gc             ] GC(210) Pause Young (Allocation Failure) 3081M->3081M(3413M) 51.364ms
[21.373s][info][gc,cpu         ] GC(210) User=0.30s Sys=0.00s Real=0.05s
[21.410s][info][gc,start       ] GC(211) Pause Young (Allocation Failure)
[21.475s][info][gc,heap        ] GC(211) PSYoungGen: 106208K(106496K)->102112K(202240K) Eden: 34304K(34304K)->0K(38400K) From: 71904K(72192K)->102112K(163840K)
[21.475s][info][gc,heap        ] GC(211) ParOldGen: 3083788K(3388928K)->3087940K(3388928K)
[21.475s][info][gc,metaspace   ] GC(211) Metaspace: 6299K(6464K)->6299K(6464K) NonClass: 5765K(5824K)->5765K(5824K) Class: 533K(640K)->533K(640K)
[21.475s][info][gc             ] GC(211) Pause Young (Allocation Failure) 3115M->3115M(3507M) 64.811ms
[21.475s][info][gc,cpu         ] GC(211) User=0.28s Sys=0.00s Real=0.06s
[21.517s][info][gc,start       ] GC(212) Pause Young (Allocation Failure)
[21.591s][info][gc,heap        ] GC(212) PSYoungGen: 140512K(202240K)->107296K(204800K) Eden: 38400K(38400K)->0K(38400K) From: 102112K(163840K)->107296K(166400K)
[21.591s][info][gc,heap        ] GC(212) ParOldGen: 3087940K(3388928K)->3121540K(3388928K)
[21.591s][info][gc,metaspace   ] GC(212) Metaspace: 6299K(6464K)->6299K(6464K) NonClass: 5765K(5824K)->5765K(5824K) Class: 533K(640K)->533K(640K)
[21.591s][info][gc             ] GC(212) Pause Young (Allocation Failure) 3152M->3153M(3509M) 74.266ms
[21.591s][info][gc,cpu         ] GC(212) User=0.38s Sys=0.03s Real=0.07s
[21.630s][info][gc,start       ] GC(213) Pause Young (Allocation Failure)
[21.706s][info][gc,heap        ] GC(213) PSYoungGen: 145696K(204800K)->111328K(206848K) Eden: 38400K(38400K)->0K(43008K) From: 107296K(166400K)->111328K(163840K)
[21.707s][info][gc,heap        ] GC(213) ParOldGen: 3121540K(3388928K)->3156164K(3388928K)
[21.707s][info][gc,metaspace   ] GC(213) Metaspace: 6299K(6464K)->6299K(6464K) NonClass: 5765K(5824K)->5765K(5824K) Class: 533K(640K)->533K(640K)
[21.707s][info][gc             ] GC(213) Pause Young (Allocation Failure) 3190M->3190M(3511M) 76.187ms
[21.707s][info][gc,cpu         ] GC(213) User=0.42s Sys=0.00s Real=0.08s
[21.754s][info][gc,start       ] GC(214) Pause Young (Allocation Failure)
[21.839s][info][gc,heap        ] GC(214) PSYoungGen: 154336K(206848K)->81632K(207360K) Eden: 43008K(43008K)->0K(43008K) From: 111328K(163840K)->81632K(164352K)
[21.839s][info][gc,heap        ] GC(214) ParOldGen: 3156164K(3388928K)->3229500K(3388928K)
[21.839s][info][gc,metaspace   ] GC(214) Metaspace: 6299K(6464K)->6299K(6464K) NonClass: 5765K(5824K)->5765K(5824K) Class: 533K(640K)->533K(640K)
[21.839s][info][gc             ] GC(214) Pause Young (Allocation Failure) 3232M->3233M(3512M) 85.281ms
[21.839s][info][gc,cpu         ] GC(214) User=0.33s Sys=0.02s Real=0.09s
[21.883s][info][gc,start       ] GC(215) Pause Young (Allocation Failure)
[21.954s][info][gc,heap        ] GC(215) PSYoungGen: 124640K(207360K)->43168K(206336K) Eden: 43008K(43008K)->0K(46592K) From: 81632K(164352K)->43168K(159744K)
[21.954s][info][gc,heap        ] GC(215) ParOldGen: 3229500K(3388928K)->3311604K(3388928K)
[21.954s][info][gc,metaspace   ] GC(215) Metaspace: 6299K(6464K)->6299K(6464K) NonClass: 5765K(5824K)->5765K(5824K) Class: 533K(640K)->533K(640K)
[21.954s][info][gc             ] GC(215) Pause Young (Allocation Failure) 3275M->3276M(3511M) 70.704ms
[21.954s][info][gc,cpu         ] GC(215) User=0.39s Sys=0.14s Real=0.07s
[21.954s][info][gc,start       ] GC(216) Pause Full (Ergonomics)
[21.954s][info][gc,phases,start] GC(216) Marking Phase
[22.699s][info][gc,phases      ] GC(216) Marking Phase 745.248ms
[22.699s][info][gc,phases,start] GC(216) Summary Phase
[22.699s][info][gc,phases      ] GC(216) Summary Phase 0.059ms
[22.699s][info][gc,phases,start] GC(216) Adjust Roots
[22.699s][info][gc,phases      ] GC(216) Adjust Roots 0.166ms
[22.700s][info][gc,phases,start] GC(216) Compaction Phase
[23.014s][info][gc,phases      ] GC(216) Compaction Phase 314.197ms
[23.014s][info][gc,phases,start] GC(216) Post Compact
[23.020s][info][gc,phases      ] GC(216) Post Compact 6.165ms
[23.021s][info][gc,heap        ] GC(216) PSYoungGen: 43168K(206336K)->0K(208384K) Eden: 0K(46592K)->0K(46592K) From: 43168K(159744K)->0K(161792K)
[23.021s][info][gc,heap        ] GC(216) ParOldGen: 3311604K(3388928K)->3352311K(3712000K)
[23.021s][info][gc,metaspace   ] GC(216) Metaspace: 6299K(6464K)->6299K(6464K) NonClass: 5765K(5824K)->5765K(5824K) Class: 533K(640K)->533K(640K)
[23.021s][info][gc             ] GC(216) Pause Full (Ergonomics) 3276M->3273M(3828M) 1067.350ms
[23.021s][info][gc,cpu         ] GC(216) User=7.70s Sys=0.00s Real=1.07s
[23.073s][info][gc,start       ] GC(217) Pause Young (Allocation Failure)
[23.119s][info][gc,heap        ] GC(217) PSYoungGen: 46592K(208384K)->46784K(210432K) Eden: 46592K(46592K)->0K(51200K) From: 0K(161792K)->46784K(159232K)
[23.119s][info][gc,heap        ] GC(217) ParOldGen: 3352311K(3712000K)->3352311K(3712000K)
[23.119s][info][gc,metaspace   ] GC(217) Metaspace: 6299K(6464K)->6299K(6464K) NonClass: 5765K(5824K)->5765K(5824K) Class: 533K(640K)->533K(640K)
[23.119s][info][gc             ] GC(217) Pause Young (Allocation Failure) 3319M->3319M(3830M) 46.790ms
[23.119s][info][gc,cpu         ] GC(217) User=0.08s Sys=0.00s Real=0.05s
[23.178s][info][gc,start       ] GC(218) Pause Young (Allocation Failure)
[23.237s][info][gc,heap        ] GC(218) PSYoungGen: 97984K(210432K)->98048K(212480K) Eden: 51200K(51200K)->0K(51200K) From: 46784K(159232K)->98048K(161280K)
[23.237s][info][gc,heap        ] GC(218) ParOldGen: 3352311K(3712000K)->3352311K(3712000K)
[23.237s][info][gc,metaspace   ] GC(218) Metaspace: 6299K(6464K)->6299K(6464K) NonClass: 5765K(5824K)->5765K(5824K) Class: 533K(640K)->533K(640K)
[23.237s][info][gc             ] GC(218) Pause Young (Allocation Failure) 3369M->3369M(3832M) 59.416ms
[23.237s][info][gc,cpu         ] GC(218) User=0.19s Sys=0.00s Real=0.06s
[23.286s][info][gc,start       ] GC(219) Pause Young (Allocation Failure)
[23.361s][info][gc,heap        ] GC(219) PSYoungGen: 149248K(212480K)->149344K(198656K) Eden: 51200K(51200K)->0K(39936K) From: 98048K(161280K)->149344K(158720K)
[23.361s][info][gc,heap        ] GC(219) ParOldGen: 3352311K(3712000K)->3352311K(3712000K)
[23.361s][info][gc,metaspace   ] GC(219) Metaspace: 6299K(6464K)->6299K(6464K) NonClass: 5765K(5824K)->5765K(5824K) Class: 533K(640K)->533K(640K)
[23.361s][info][gc             ] GC(219) Pause Young (Allocation Failure) 3419M->3419M(3819M) 74.905ms
[23.361s][info][gc,cpu         ] GC(219) User=0.31s Sys=0.00s Real=0.08s
[23.400s][info][gc,start       ] GC(220) Pause Young (Allocation Failure)
[23.489s][info][gc,heap        ] GC(220) PSYoungGen: 189280K(198656K)->142688K(215040K) Eden: 39936K(39936K)->0K(39936K) From: 149344K(158720K)->142688K(175104K)
[23.489s][info][gc,heap        ] GC(220) ParOldGen: 3352311K(3712000K)->3399335K(3712000K)
[23.489s][info][gc,metaspace   ] GC(220) Metaspace: 6299K(6464K)->6299K(6464K) NonClass: 5765K(5824K)->5765K(5824K) Class: 533K(640K)->533K(640K)
[23.489s][info][gc             ] GC(220) Pause Young (Allocation Failure) 3458M->3459M(3835M) 88.511ms
[23.489s][info][gc,cpu         ] GC(220) User=0.50s Sys=0.03s Real=0.09s
[23.531s][info][gc,start       ] GC(221) Pause Young (Allocation Failure)
[23.617s][info][gc,heap        ] GC(221) PSYoungGen: 182624K(215040K)->131392K(226816K) Eden: 39936K(39936K)->0K(40960K) From: 142688K(175104K)->131392K(185856K)
[23.617s][info][gc,heap        ] GC(221) ParOldGen: 3399335K(3712000K)->3450991K(3712000K)
[23.617s][info][gc,metaspace   ] GC(221) Metaspace: 6299K(6464K)->6299K(6464K) NonClass: 5765K(5824K)->5765K(5824K) Class: 533K(640K)->533K(640K)
[23.617s][info][gc             ] GC(221) Pause Young (Allocation Failure) 3498M->3498M(3846M) 85.394ms
[23.617s][info][gc,cpu         ] GC(221) User=0.62s Sys=0.00s Real=0.09s
[23.660s][info][gc,start       ] GC(222) Pause Young (Allocation Failure)
[23.744s][info][gc,heap        ] GC(222) PSYoungGen: 172352K(226816K)->81120K(122368K) Eden: 40960K(40960K)->0K(40960K) From: 131392K(185856K)->81120K(81408K)
[23.744s][info][gc,heap        ] GC(222) ParOldGen: 3450991K(3712000K)->3542935K(3712000K)
[23.744s][info][gc,metaspace   ] GC(222) Metaspace: 6299K(6464K)->6299K(6464K) NonClass: 5765K(5824K)->5765K(5824K) Class: 533K(640K)->533K(640K)
[23.744s][info][gc             ] GC(222) Pause Young (Allocation Failure) 3538M->3539M(3744M) 83.711ms
[23.744s][info][gc,cpu         ] GC(222) User=0.56s Sys=0.06s Real=0.08s
[23.789s][info][gc,start       ] GC(223) Pause Young (Allocation Failure)
[23.859s][info][gc,heap        ] GC(223) PSYoungGen: 122080K(122368K)->41152K(228352K) Eden: 40960K(40960K)->0K(44544K) From: 81120K(81408K)->41152K(183808K)
[23.859s][info][gc,heap        ] GC(223) ParOldGen: 3542935K(3712000K)->3624543K(3712000K)
[23.859s][info][gc,metaspace   ] GC(223) Metaspace: 6299K(6464K)->6299K(6464K) NonClass: 5765K(5824K)->5765K(5824K) Class: 533K(640K)->533K(640K)
[23.859s][info][gc             ] GC(223) Pause Young (Allocation Failure) 3579M->3579M(3848M) 69.414ms
[23.859s][info][gc,cpu         ] GC(223) User=0.45s Sys=0.06s Real=0.07s
[23.859s][info][gc,start       ] GC(224) Pause Full (Ergonomics)
[23.859s][info][gc,phases,start] GC(224) Marking Phase
[24.674s][info][gc,phases      ] GC(224) Marking Phase 815.525ms
[24.674s][info][gc,phases,start] GC(224) Summary Phase
[24.674s][info][gc,phases      ] GC(224) Summary Phase 0.063ms
[24.674s][info][gc,phases,start] GC(224) Adjust Roots
[24.675s][info][gc,phases      ] GC(224) Adjust Roots 0.159ms
[24.675s][info][gc,phases,start] GC(224) Compaction Phase
[25.007s][info][gc,phases      ] GC(224) Compaction Phase 332.888ms
[25.008s][info][gc,phases,start] GC(224) Post Compact
[25.014s][info][gc,phases      ] GC(224) Post Compact 6.546ms
[25.015s][info][gc,heap        ] GC(224) PSYoungGen: 41152K(228352K)->0K(229888K) Eden: 0K(44544K)->0K(44544K) From: 41152K(183808K)->0K(185344K)
[25.015s][info][gc,heap        ] GC(224) ParOldGen: 3624543K(3712000K)->3662877K(4074496K)
[25.015s][info][gc,metaspace   ] GC(224) Metaspace: 6299K(6464K)->6299K(6464K) NonClass: 5765K(5824K)->5765K(5824K) Class: 533K(640K)->533K(640K)
[25.015s][info][gc             ] GC(224) Pause Full (Ergonomics) 3579M->3577M(4203M) 1156.651ms
[25.015s][info][gc,cpu         ] GC(224) User=8.55s Sys=0.03s Real=1.16s
[25.063s][info][gc,start       ] GC(225) Pause Young (Allocation Failure)
[25.107s][info][gc,heap        ] GC(225) PSYoungGen: 44544K(229888K)->44704K(231424K) Eden: 44544K(44544K)->0K(49152K) From: 0K(185344K)->44704K(182272K)
[25.107s][info][gc,heap        ] GC(225) ParOldGen: 3662877K(4074496K)->3662877K(4074496K)
[25.107s][info][gc,metaspace   ] GC(225) Metaspace: 6299K(6464K)->6299K(6464K) NonClass: 5765K(5824K)->5765K(5824K) Class: 533K(640K)->533K(640K)
[25.107s][info][gc             ] GC(225) Pause Young (Allocation Failure) 3620M->3620M(4205M) 43.461ms
[25.107s][info][gc,cpu         ] GC(225) User=0.06s Sys=0.00s Real=0.04s
[25.160s][info][gc,start       ] GC(226) Pause Young (Allocation Failure)
[25.220s][info][gc,heap        ] GC(226) PSYoungGen: 93856K(231424K)->93984K(143360K) Eden: 49152K(49152K)->0K(49152K) From: 44704K(182272K)->93984K(94208K)
[25.220s][info][gc,heap        ] GC(226) ParOldGen: 3662877K(4074496K)->3662877K(4074496K)
[25.220s][info][gc,metaspace   ] GC(226) Metaspace: 6299K(6464K)->6299K(6464K) NonClass: 5765K(5824K)->5765K(5824K) Class: 533K(640K)->533K(640K)
[25.220s][info][gc             ] GC(226) Pause Young (Allocation Failure) 3668M->3668M(4119M) 60.343ms
[25.220s][info][gc,cpu         ] GC(226) User=0.28s Sys=0.00s Real=0.06s
[25.269s][info][gc,start       ] GC(227) Pause Young (Allocation Failure)
[25.342s][info][gc,heap        ] GC(227) PSYoungGen: 143136K(143360K)->143200K(219136K) Eden: 49152K(49152K)->0K(42496K) From: 93984K(94208K)->143200K(176640K)
[25.342s][info][gc,heap        ] GC(227) ParOldGen: 3662877K(4074496K)->3662877K(4074496K)
[25.342s][info][gc,metaspace   ] GC(227) Metaspace: 6299K(6464K)->6299K(6464K) NonClass: 5765K(5824K)->5765K(5824K) Class: 533K(640K)->533K(640K)
[25.342s][info][gc             ] GC(227) Pause Young (Allocation Failure) 3716M->3716M(4193M) 73.175ms
[25.342s][info][gc,cpu         ] GC(227) User=0.33s Sys=0.00s Real=0.07s
[25.387s][info][gc,start       ] GC(228) Pause Young (Allocation Failure)
[25.475s][info][gc,heap        ] GC(228) PSYoungGen: 185696K(219136K)->141120K(230912K) Eden: 42496K(42496K)->0K(42496K) From: 143200K(176640K)->141120K(188416K)
[25.475s][info][gc,heap        ] GC(228) ParOldGen: 3662877K(4074496K)->3707829K(4074496K)
[25.475s][info][gc,metaspace   ] GC(228) Metaspace: 6299K(6464K)->6299K(6464K) NonClass: 5765K(5824K)->5765K(5824K) Class: 533K(640K)->533K(640K)
[25.476s][info][gc             ] GC(228) Pause Young (Allocation Failure) 3758M->3758M(4204M) 88.027ms
[25.476s][info][gc,cpu         ] GC(228) User=0.61s Sys=0.02s Real=0.09s
[25.524s][info][gc,start       ] GC(229) Pause Young (Allocation Failure)
[25.611s][info][gc,heap        ] GC(229) PSYoungGen: 183616K(230912K)->134496K(240128K) Eden: 42496K(42496K)->0K(44032K) From: 141120K(188416K)->134496K(196096K)
[25.611s][info][gc,heap        ] GC(229) ParOldGen: 3707829K(4074496K)->3757429K(4074496K)
[25.611s][info][gc,metaspace   ] GC(229) Metaspace: 6299K(6464K)->6299K(6464K) NonClass: 5765K(5824K)->5765K(5824K) Class: 533K(640K)->533K(640K)
[25.611s][info][gc             ] GC(229) Pause Young (Allocation Failure) 3800M->3800M(4213M) 87.582ms
[25.611s][info][gc,cpu         ] GC(229) User=0.69s Sys=0.06s Real=0.09s
[25.658s][info][gc,start       ] GC(230) Pause Young (Allocation Failure)
[25.745s][info][gc,heap        ] GC(230) PSYoungGen: 178528K(240128K)->129344K(243712K) Eden: 44032K(44032K)->0K(44032K) From: 134496K(196096K)->129344K(199680K)
[25.745s][info][gc,heap        ] GC(230) ParOldGen: 3757429K(4074496K)->3807029K(4074496K)
[25.745s][info][gc,metaspace   ] GC(230) Metaspace: 6299K(6464K)->6299K(6464K) NonClass: 5765K(5824K)->5765K(5824K) Class: 533K(640K)->533K(640K)
[25.745s][info][gc             ] GC(230) Pause Young (Allocation Failure) 3843M->3844M(4217M) 87.800ms
[25.745s][info][gc,cpu         ] GC(230) User=0.61s Sys=0.02s Real=0.09s
[25.791s][info][gc,start       ] GC(231) Pause Young (Allocation Failure)
[25.876s][info][gc,heap        ] GC(231) PSYoungGen: 173376K(243712K)->130880K(249856K) Eden: 44032K(44032K)->0K(49664K) From: 129344K(199680K)->130880K(200192K)
[25.876s][info][gc,heap        ] GC(231) ParOldGen: 3807029K(4074496K)->3849901K(4074496K)
[25.876s][info][gc,metaspace   ] GC(231) Metaspace: 6299K(6464K)->6299K(6464K) NonClass: 5765K(5824K)->5765K(5824K) Class: 533K(640K)->533K(640K)
[25.876s][info][gc             ] GC(231) Pause Young (Allocation Failure) 3887M->3887M(4223M) 85.171ms
[25.876s][info][gc,cpu         ] GC(231) User=0.53s Sys=0.08s Real=0.09s
[25.931s][info][gc,start       ] GC(232) Pause Young (Allocation Failure)
[26.022s][info][gc,heap        ] GC(232) PSYoungGen: 180544K(249856K)->93984K(143872K) Eden: 49664K(49664K)->0K(49664K) From: 130880K(200192K)->93984K(94208K)
[26.022s][info][gc,heap        ] GC(232) ParOldGen: 3849901K(4074496K)->3937181K(4074496K)
[26.022s][info][gc,metaspace   ] GC(232) Metaspace: 6299K(6464K)->6299K(6464K) NonClass: 5765K(5824K)->5765K(5824K) Class: 533K(640K)->533K(640K)
[26.022s][info][gc             ] GC(232) Pause Young (Allocation Failure) 3935M->3936M(4119M) 91.789ms
[26.022s][info][gc,cpu         ] GC(232) User=0.66s Sys=0.09s Real=0.09s
[26.078s][info][gc,start       ] GC(233) Pause Young (Allocation Failure)
[26.158s][info][gc,heap        ] GC(233) PSYoungGen: 143648K(143872K)->49824K(248320K) Eden: 49664K(49664K)->0K(55296K) From: 93984K(94208K)->49824K(193024K)
[26.158s][info][gc,heap        ] GC(233) ParOldGen: 3937181K(4074496K)->4031677K(4074496K)
[26.158s][info][gc,metaspace   ] GC(233) Metaspace: 6299K(6464K)->6299K(6464K) NonClass: 5765K(5824K)->5765K(5824K) Class: 533K(640K)->533K(640K)
[26.158s][info][gc             ] GC(233) Pause Young (Allocation Failure) 3985M->3985M(4221M) 80.658ms
[26.158s][info][gc,cpu         ] GC(233) User=0.31s Sys=0.08s Real=0.08s
[26.158s][info][gc,start       ] GC(234) Pause Full (Ergonomics)
[26.158s][info][gc,phases,start] GC(234) Marking Phase
[27.085s][info][gc,phases      ] GC(234) Marking Phase 927.134ms
[27.085s][info][gc,phases,start] GC(234) Summary Phase
[27.086s][info][gc,phases      ] GC(234) Summary Phase 0.051ms
[27.086s][info][gc,phases,start] GC(234) Adjust Roots
[27.086s][info][gc,phases      ] GC(234) Adjust Roots 0.163ms
[27.086s][info][gc,phases,start] GC(234) Compaction Phase
[27.498s][info][gc,phases      ] GC(234) Compaction Phase 412.738ms
[27.499s][info][gc,phases,start] GC(234) Post Compact
[27.505s][info][gc,phases      ] GC(234) Post Compact 6.449ms
[27.506s][info][gc,heap        ] GC(234) PSYoungGen: 49824K(248320K)->3646K(248320K) Eden: 0K(55296K)->0K(55296K) From: 49824K(193024K)->3646K(193024K)
[27.507s][info][gc,heap        ] GC(234) ParOldGen: 4031677K(4074496K)->4074178K(4526592K)
[27.507s][info][gc,metaspace   ] GC(234) Metaspace: 6299K(6464K)->6299K(6464K) NonClass: 5765K(5824K)->5765K(5824K) Class: 533K(640K)->533K(640K)
[27.507s][info][gc             ] GC(234) Pause Full (Ergonomics) 3985M->3982M(4663M) 1348.266ms
[27.507s][info][gc,cpu         ] GC(234) User=9.80s Sys=0.00s Real=1.35s
[27.573s][info][gc,start       ] GC(235) Pause Young (Allocation Failure)
[27.781s][info][gc,heap        ] GC(235) PSYoungGen: 58942K(248320K)->55488K(249344K) Eden: 55296K(55296K)->0K(55296K) From: 3646K(193024K)->55488K(194048K)
[27.781s][info][gc,heap        ] GC(235) ParOldGen: 4074178K(4526592K)->4077898K(4526592K)
[27.781s][info][gc,metaspace   ] GC(235) Metaspace: 6299K(6464K)->6299K(6464K) NonClass: 5765K(5824K)->5765K(5824K) Class: 533K(640K)->533K(640K)
[27.781s][info][gc             ] GC(235) Pause Young (Allocation Failure) 4036M->4036M(4664M) 208.182ms
[27.781s][info][gc,cpu         ] GC(235) User=1.30s Sys=0.00s Real=0.21s
[27.835s][info][gc,start       ] GC(236) Pause Young (Allocation Failure)
[27.902s][info][gc,heap        ] GC(236) PSYoungGen: 110784K(249344K)->110848K(246272K) Eden: 55296K(55296K)->0K(61440K) From: 55488K(194048K)->110848K(184832K)
[27.902s][info][gc,heap        ] GC(236) ParOldGen: 4077898K(4526592K)->4077898K(4526592K)
[27.902s][info][gc,metaspace   ] GC(236) Metaspace: 6299K(6464K)->6299K(6464K) NonClass: 5765K(5824K)->5765K(5824K) Class: 533K(640K)->533K(640K)
[27.902s][info][gc             ] GC(236) Pause Young (Allocation Failure) 4090M->4090M(4661M) 67.696ms
[27.902s][info][gc,cpu         ] GC(236) User=0.30s Sys=0.00s Real=0.07s
[27.966s][info][gc,start       ] GC(237) Pause Young (Allocation Failure)
[28.055s][info][gc,heap        ] GC(237) PSYoungGen: 172288K(246272K)->117056K(249856K) Eden: 61440K(61440K)->0K(61440K) From: 110848K(184832K)->117056K(188416K)
[28.055s][info][gc,heap        ] GC(237) ParOldGen: 4077898K(4526592K)->4133682K(4526592K)
[28.055s][info][gc,metaspace   ] GC(237) Metaspace: 6299K(6464K)->6299K(6464K) NonClass: 5765K(5824K)->5765K(5824K) Class: 533K(640K)->533K(640K)
[28.055s][info][gc             ] GC(237) Pause Young (Allocation Failure) 4150M->4151M(4664M) 89.588ms
[28.055s][info][gc,cpu         ] GC(237) User=0.56s Sys=0.05s Real=0.09s
[28.130s][info][gc,start       ] GC(238) Pause Young (Allocation Failure)
[28.224s][info][gc,heap        ] GC(238) PSYoungGen: 178496K(249856K)->123200K(254464K) Eden: 61440K(61440K)->0K(68096K) From: 117056K(188416K)->123200K(186368K)
[28.224s][info][gc,heap        ] GC(238) ParOldGen: 4133682K(4526592K)->4189482K(4526592K)
[28.224s][info][gc,metaspace   ] GC(238) Metaspace: 6299K(6464K)->6299K(6464K) NonClass: 5765K(5824K)->5765K(5824K) Class: 533K(640K)->533K(640K)
[28.224s][info][gc             ] GC(238) Pause Young (Allocation Failure) 4211M->4211M(4669M) 93.901ms
[28.224s][info][gc,cpu         ] GC(238) User=0.62s Sys=0.00s Real=0.09s
[28.303s][info][gc,start       ] GC(239) Pause Young (Allocation Failure)
[28.404s][info][gc,heap        ] GC(239) PSYoungGen: 191296K(254464K)->129888K(254464K) Eden: 68096K(68096K)->0K(68096K) From: 123200K(186368K)->129888K(186368K)
[28.404s][info][gc,heap        ] GC(239) ParOldGen: 4189482K(4526592K)->4251490K(4526592K)
[28.404s][info][gc,metaspace   ] GC(239) Metaspace: 6299K(6464K)->6299K(6464K) NonClass: 5765K(5824K)->5765K(5824K) Class: 533K(640K)->533K(640K)
[28.404s][info][gc             ] GC(239) Pause Young (Allocation Failure) 4278M->4278M(4669M) 101.265ms
[28.404s][info][gc,cpu         ] GC(239) User=0.70s Sys=0.05s Real=0.10s
[28.478s][info][gc,start       ] GC(240) Pause Young (Allocation Failure)
[28.587s][info][gc,heap        ] GC(240) PSYoungGen: 197984K(254464K)->136544K(260608K) Eden: 68096K(68096K)->0K(72192K) From: 129888K(186368K)->136544K(188416K)
[28.587s][info][gc,heap        ] GC(240) ParOldGen: 4251490K(4526592K)->4313490K(4526592K)
[28.587s][info][gc,metaspace   ] GC(240) Metaspace: 6299K(6464K)->6299K(6464K) NonClass: 5765K(5824K)->5765K(5824K) Class: 533K(640K)->533K(640K)
[28.587s][info][gc             ] GC(240) Pause Young (Allocation Failure) 4345M->4345M(4675M) 108.460ms
[28.587s][info][gc,cpu         ] GC(240) User=0.73s Sys=0.02s Real=0.11s
[28.663s][info][gc,start       ] GC(241) Pause Young (Allocation Failure)
[28.777s][info][gc,heap        ] GC(241) PSYoungGen: 208736K(260608K)->140672K(264192K) Eden: 72192K(72192K)->0K(72192K) From: 136544K(188416K)->140672K(192000K)
[28.777s][info][gc,heap        ] GC(241) ParOldGen: 4313490K(4526592K)->4382202K(4526592K)
[28.777s][info][gc,metaspace   ] GC(241) Metaspace: 6299K(6464K)->6299K(6464K) NonClass: 5765K(5824K)->5765K(5824K) Class: 533K(640K)->533K(640K)
[28.777s][info][gc             ] GC(241) Pause Young (Allocation Failure) 4416M->4416M(4678M) 113.792ms
[28.777s][info][gc,cpu         ] GC(241) User=0.81s Sys=0.02s Real=0.11s
[28.868s][info][gc,start       ] GC(242) Pause Young (Allocation Failure)
[28.990s][info][gc,heap        ] GC(242) PSYoungGen: 212864K(264192K)->144800K(272384K) Eden: 72192K(72192K)->0K(76800K) From: 140672K(192000K)->144800K(195584K)
[28.990s][info][gc,heap        ] GC(242) ParOldGen: 4382202K(4526592K)->4450930K(4526592K)
[28.990s][info][gc,metaspace   ] GC(242) Metaspace: 6299K(6464K)->6299K(6464K) NonClass: 5765K(5824K)->5765K(5824K) Class: 533K(640K)->533K(640K)
[28.990s][info][gc             ] GC(242) Pause Young (Allocation Failure) 4487M->4488M(4686M) 121.774ms
[28.990s][info][gc,cpu         ] GC(242) User=0.84s Sys=0.11s Real=0.12s
[28.990s][info][gc,start       ] GC(243) Pause Full (Ergonomics)
[28.990s][info][gc,phases,start] GC(243) Marking Phase
[30.057s][info][gc,phases      ] GC(243) Marking Phase 1066.419ms
[30.057s][info][gc,phases,start] GC(243) Summary Phase
[30.057s][info][gc,phases      ] GC(243) Summary Phase 0.071ms
[30.057s][info][gc,phases,start] GC(243) Adjust Roots
[30.057s][info][gc,phases      ] GC(243) Adjust Roots 0.208ms
[30.057s][info][gc,phases,start] GC(243) Compaction Phase
[30.490s][info][gc,phases      ] GC(243) Compaction Phase 433.076ms
[30.490s][info][gc,phases,start] GC(243) Post Compact
[30.497s][info][gc,phases      ] GC(243) Post Compact 6.893ms
[30.499s][info][gc,heap        ] GC(243) PSYoungGen: 144800K(272384K)->65108K(272384K) Eden: 0K(76800K)->0K(76800K) From: 144800K(195584K)->65108K(195584K)
[30.499s][info][gc,heap        ] GC(243) ParOldGen: 4450930K(4526592K)->4526509K(5008896K)
[30.499s][info][gc,metaspace   ] GC(243) Metaspace: 6299K(6464K)->6299K(6464K) NonClass: 5765K(5824K)->5765K(5824K) Class: 533K(640K)->533K(640K)
[30.499s][info][gc             ] GC(243) Pause Full (Ergonomics) 4488M->4484M(5157M) 1508.515ms
[30.499s][info][gc,cpu         ] GC(243) User=11.09s Sys=0.03s Real=1.51s
[30.587s][info][gc,start       ] GC(244) Pause Young (Allocation Failure)
[30.876s][info][gc,heap        ] GC(244) PSYoungGen: 141908K(272384K)->111360K(188416K) Eden: 76800K(76800K)->0K(76800K) From: 65108K(195584K)->111360K(111616K)
[30.876s][info][gc,heap        ] GC(244) ParOldGen: 4526509K(5008896K)->4557717K(5008896K)
[30.876s][info][gc,metaspace   ] GC(244) Metaspace: 6299K(6464K)->6299K(6464K) NonClass: 5765K(5824K)->5765K(5824K) Class: 533K(640K)->533K(640K)
[30.876s][info][gc             ] GC(244) Pause Young (Allocation Failure) 4559M->4559M(5075M) 289.069ms
[30.876s][info][gc,cpu         ] GC(244) User=2.02s Sys=0.02s Real=0.29s
[30.964s][info][gc,start       ] GC(245) Pause Young (Allocation Failure)
[31.072s][info][gc,heap        ] GC(245) PSYoungGen: 188160K(188416K)->188320K(256512K) Eden: 76800K(76800K)->0K(64512K) From: 111360K(111616K)->188320K(192000K)
[31.072s][info][gc,heap        ] GC(245) ParOldGen: 4557717K(5008896K)->4557717K(5008896K)
[31.072s][info][gc,metaspace   ] GC(245) Metaspace: 6299K(6464K)->6299K(6464K) NonClass: 5765K(5824K)->5765K(5824K) Class: 533K(640K)->533K(640K)
[31.072s][info][gc             ] GC(245) Pause Young (Allocation Failure) 4634M->4634M(5142M) 107.435ms
[31.072s][info][gc,cpu         ] GC(245) User=0.70s Sys=0.05s Real=0.11s
[31.152s][info][gc,start       ] GC(246) Pause Young (Allocation Failure)
[31.299s][info][gc,heap        ] GC(246) PSYoungGen: 252832K(256512K)->211456K(275968K) Eden: 64512K(64512K)->0K(64512K) From: 188320K(192000K)->211456K(211456K)
[31.299s][info][gc,heap        ] GC(246) ParOldGen: 4557717K(5008896K)->4599397K(5008896K)
[31.299s][info][gc,metaspace   ] GC(246) Metaspace: 6299K(6464K)->6299K(6464K) NonClass: 5765K(5824K)->5765K(5824K) Class: 533K(640K)->533K(640K)
[31.299s][info][gc             ] GC(246) Pause Young (Allocation Failure) 4697M->4698M(5161M) 146.578ms
[31.299s][info][gc,cpu         ] GC(246) User=0.97s Sys=0.03s Real=0.15s
[31.365s][info][gc,start       ] GC(247) Pause Young (Allocation Failure)
[31.546s][info][gc,heap        ] GC(247) PSYoungGen: 275968K(275968K)->126336K(303616K) Eden: 64512K(64512K)->0K(72192K) From: 211456K(211456K)->126336K(231424K)
[31.546s][info][gc,heap        ] GC(247) ParOldGen: 4599397K(5008896K)->4750333K(5008896K)
[31.546s][info][gc,metaspace   ] GC(247) Metaspace: 6299K(6464K)->6299K(6464K) NonClass: 5765K(5824K)->5765K(5824K) Class: 533K(640K)->533K(640K)
[31.546s][info][gc             ] GC(247) Pause Young (Allocation Failure) 4761M->4762M(5188M) 181.191ms
[31.546s][info][gc,cpu         ] GC(247) User=0.98s Sys=0.12s Real=0.18s
[31.624s][info][gc,start       ] GC(248) Pause Young (Allocation Failure)
[31.743s][info][gc,heap        ] GC(248) PSYoungGen: 198528K(303616K)->137056K(209408K) Eden: 72192K(72192K)->0K(72192K) From: 126336K(231424K)->137056K(137216K)
[31.743s][info][gc,heap        ] GC(248) ParOldGen: 4750333K(5008896K)->4812373K(5008896K)
[31.743s][info][gc,metaspace   ] GC(248) Metaspace: 6299K(6464K)->6299K(6464K) NonClass: 5765K(5824K)->5765K(5824K) Class: 533K(640K)->533K(640K)
[31.743s][info][gc             ] GC(248) Pause Young (Allocation Failure) 4832M->4833M(5096M) 118.424ms
[31.743s][info][gc,cpu         ] GC(248) User=0.77s Sys=0.02s Real=0.12s
[31.824s][info][gc,start       ] GC(249) Pause Young (Allocation Failure)
[31.945s][info][gc,heap        ] GC(249) PSYoungGen: 209248K(209408K)->144736K(301056K) Eden: 72192K(72192K)->0K(80896K) From: 137056K(137216K)->144736K(220160K)
[31.945s][info][gc,heap        ] GC(249) ParOldGen: 4812373K(5008896K)->4877477K(5008896K)
[31.945s][info][gc,metaspace   ] GC(249) Metaspace: 6299K(6464K)->6299K(6464K) NonClass: 5765K(5824K)->5765K(5824K) Class: 533K(640K)->533K(640K)
[31.945s][info][gc             ] GC(249) Pause Young (Allocation Failure) 4903M->4904M(5185M) 121.213ms
[31.945s][info][gc,cpu         ] GC(249) User=0.77s Sys=0.02s Real=0.12s
[32.041s][info][gc,start       ] GC(250) Pause Young (Allocation Failure)
[32.183s][info][gc,heap        ] GC(250) PSYoungGen: 225632K(301056K)->81152K(306688K) Eden: 80896K(80896K)->0K(80896K) From: 144736K(220160K)->81152K(225792K)
[32.183s][info][gc,heap        ] GC(250) ParOldGen: 4877477K(5008896K)->5023157K(5023232K)
[32.183s][info][gc,metaspace   ] GC(250) Metaspace: 6299K(6464K)->6299K(6464K) NonClass: 5765K(5824K)->5765K(5824K) Class: 533K(640K)->533K(640K)
[32.183s][info][gc             ] GC(250) Pause Young (Allocation Failure) 4983M->4984M(5205M) 141.545ms
[32.183s][info][gc,cpu         ] GC(250) User=0.84s Sys=0.08s Real=0.14s
[32.183s][info][gc,start       ] GC(251) Pause Full (Ergonomics)
[32.183s][info][gc,phases,start] GC(251) Marking Phase
[33.350s][info][gc,phases      ] GC(251) Marking Phase 1166.716ms
[33.350s][info][gc,phases,start] GC(251) Summary Phase
[33.350s][info][gc,phases      ] GC(251) Summary Phase 0.056ms
[33.350s][info][gc,phases,start] GC(251) Adjust Roots
[33.350s][info][gc,phases      ] GC(251) Adjust Roots 0.167ms
[33.350s][info][gc,phases,start] GC(251) Compaction Phase
[33.820s][info][gc,phases      ] GC(251) Compaction Phase 469.484ms
[33.820s][info][gc,phases,start] GC(251) Post Compact
[33.828s][info][gc,phases      ] GC(251) Post Compact 8.743ms
[33.830s][info][gc,heap        ] GC(251) PSYoungGen: 81152K(306688K)->76263K(306688K) Eden: 0K(80896K)->0K(80896K) From: 81152K(225792K)->76263K(225792K)
[33.830s][info][gc,heap        ] GC(251) ParOldGen: 5023157K(5023232K)->5023044K(5579776K)
[33.830s][info][gc,metaspace   ] GC(251) Metaspace: 6299K(6464K)->6299K(6464K) NonClass: 5765K(5824K)->5765K(5824K) Class: 533K(640K)->533K(640K)
[33.830s][info][gc             ] GC(251) Pause Full (Ergonomics) 4984M->4979M(5748M) 1647.252ms
[33.830s][info][gc,cpu         ] GC(251) User=11.98s Sys=0.00s Real=1.65s
[33.918s][info][gc,start       ] GC(252) Pause Young (Allocation Failure)
[34.238s][info][gc,heap        ] GC(252) PSYoungGen: 157159K(306688K)->81152K(311296K) Eden: 80896K(80896K)->0K(89088K) From: 76263K(225792K)->81152K(222208K)
[34.238s][info][gc,heap        ] GC(252) ParOldGen: 5023044K(5579776K)->5100044K(5579776K)
[34.238s][info][gc,metaspace   ] GC(252) Metaspace: 6299K(6464K)->6299K(6464K) NonClass: 5765K(5824K)->5765K(5824K) Class: 533K(640K)->533K(640K)
[34.238s][info][gc             ] GC(252) Pause Young (Allocation Failure) 5058M->5059M(5753M) 319.736ms
[34.238s][info][gc,cpu         ] GC(252) User=1.94s Sys=0.08s Real=0.32s
[34.340s][info][gc,start       ] GC(253) Pause Young (Allocation Failure)
[34.444s][info][gc,heap        ] GC(253) PSYoungGen: 170240K(311296K)->89376K(313856K) Eden: 89088K(89088K)->0K(89088K) From: 81152K(222208K)->89376K(224768K)
[34.444s][info][gc,heap        ] GC(253) ParOldGen: 5100044K(5579776K)->5181676K(5579776K)
[34.444s][info][gc,metaspace   ] GC(253) Metaspace: 6299K(6464K)->6299K(6464K) NonClass: 5765K(5824K)->5765K(5824K) Class: 533K(640K)->533K(640K)
[34.444s][info][gc             ] GC(253) Pause Young (Allocation Failure) 5146M->5147M(5755M) 104.325ms
[34.445s][info][gc,cpu         ] GC(253) User=0.62s Sys=0.00s Real=0.10s
[34.543s][info][gc,start       ] GC(254) Pause Young (Allocation Failure)
[34.652s][info][gc,heap        ] GC(254) PSYoungGen: 178464K(313856K)->89312K(309760K) Eden: 89088K(89088K)->0K(98304K) From: 89376K(224768K)->89312K(211456K)
[34.652s][info][gc,heap        ] GC(254) ParOldGen: 5181676K(5579776K)->5271556K(5579776K)
[34.652s][info][gc,metaspace   ] GC(254) Metaspace: 6299K(6464K)->6299K(6464K) NonClass: 5765K(5824K)->5765K(5824K) Class: 533K(640K)->533K(640K)
[34.652s][info][gc             ] GC(254) Pause Young (Allocation Failure) 5234M->5235M(5751M) 108.354ms
[34.652s][info][gc,cpu         ] GC(254) User=0.64s Sys=0.09s Real=0.11s
[34.766s][info][gc,start       ] GC(255) Pause Young (Allocation Failure)
[34.877s][info][gc,heap        ] GC(255) PSYoungGen: 187616K(309760K)->98688K(314368K) Eden: 98304K(98304K)->0K(98304K) From: 89312K(211456K)->98688K(216064K)
[34.877s][info][gc,heap        ] GC(255) ParOldGen: 5271556K(5579776K)->5361436K(5579776K)
[34.877s][info][gc,metaspace   ] GC(255) Metaspace: 6299K(6464K)->6299K(6464K) NonClass: 5765K(5824K)->5765K(5824K) Class: 533K(640K)->533K(640K)
[34.877s][info][gc             ] GC(255) Pause Young (Allocation Failure) 5331M->5332M(5756M) 111.054ms
[34.877s][info][gc,cpu         ] GC(255) User=0.64s Sys=0.11s Real=0.11s
[34.991s][info][gc,start       ] GC(256) Pause Young (Allocation Failure)
[35.116s][info][gc,heap        ] GC(256) PSYoungGen: 196992K(314368K)->98624K(305152K) Eden: 98304K(98304K)->0K(108544K) From: 98688K(216064K)->98624K(196608K)
[35.116s][info][gc,heap        ] GC(256) ParOldGen: 5361436K(5579776K)->5460604K(5579776K)
[35.116s][info][gc,metaspace   ] GC(256) Metaspace: 6299K(6464K)->6299K(6464K) NonClass: 5765K(5824K)->5765K(5824K) Class: 533K(640K)->533K(640K)
[35.116s][info][gc             ] GC(256) Pause Young (Allocation Failure) 5428M->5428M(5747M) 124.821ms
[35.116s][info][gc,cpu         ] GC(256) User=0.95s Sys=0.05s Real=0.13s
[35.116s][info][gc,start       ] GC(257) Pause Full (Ergonomics)
[35.116s][info][gc,phases,start] GC(257) Marking Phase
[36.389s][info][gc,phases      ] GC(257) Marking Phase 1273.013ms
[36.389s][info][gc,phases,start] GC(257) Summary Phase
[36.389s][info][gc,phases      ] GC(257) Summary Phase 0.131ms
[36.389s][info][gc,phases,start] GC(257) Adjust Roots
[36.389s][info][gc,phases      ] GC(257) Adjust Roots 0.166ms
[36.390s][info][gc,phases,start] GC(257) Compaction Phase
[36.855s][info][gc,phases      ] GC(257) Compaction Phase 465.200ms
[36.855s][info][gc,phases,start] GC(257) Post Compact
[36.863s][info][gc,phases      ] GC(257) Post Compact 8.053ms
[36.865s][info][gc,heap        ] GC(257) PSYoungGen: 98624K(305152K)->0K(311808K) Eden: 0K(108544K)->0K(108544K) From: 98624K(196608K)->0K(203264K)
[36.865s][info][gc,heap        ] GC(257) ParOldGen: 5460604K(5579776K)->5554823K(6144000K)
[36.865s][info][gc,metaspace   ] GC(257) Metaspace: 6299K(6464K)->6299K(6464K) NonClass: 5765K(5824K)->5765K(5824K) Class: 533K(640K)->533K(640K)
[36.865s][info][gc             ] GC(257) Pause Full (Ergonomics) 5428M->5424M(6304M) 1748.769ms
[36.865s][info][gc,cpu         ] GC(257) User=13.44s Sys=0.06s Real=1.75s
[36.990s][info][gc,start       ] GC(258) Pause Young (Allocation Failure)
[37.062s][info][gc,heap        ] GC(258) PSYoungGen: 108544K(311808K)->108896K(303616K) Eden: 108544K(108544K)->0K(117760K) From: 0K(203264K)->108896K(185856K)
[37.062s][info][gc,heap        ] GC(258) ParOldGen: 5554823K(6144000K)->5554823K(6144000K)
[37.063s][info][gc,metaspace   ] GC(258) Metaspace: 6299K(6464K)->6299K(6464K) NonClass: 5765K(5824K)->5765K(5824K) Class: 533K(640K)->533K(640K)
[37.063s][info][gc             ] GC(258) Pause Young (Allocation Failure) 5530M->5530M(6296M) 72.962ms
[37.063s][info][gc,cpu         ] GC(258) User=0.30s Sys=0.00s Real=0.07s
[38.230s][info][gc,start       ] GC(259) Pause Young (Allocation Failure)
[38.476s][info][gc,heap        ] GC(259) PSYoungGen: 226656K(303616K)->195584K(313344K) Eden: 117760K(117760K)->0K(117760K) From: 108896K(185856K)->195584K(195584K)
[38.476s][info][gc,heap        ] GC(259) ParOldGen: 5816967K(6144000K)->5848367K(6144000K)
[38.476s][info][gc,metaspace   ] GC(259) Metaspace: 6299K(6464K)->6299K(6464K) NonClass: 5765K(5824K)->5765K(5824K) Class: 533K(640K)->533K(640K)
[38.476s][info][gc             ] GC(259) Pause Young (Allocation Failure) 5901M->5902M(6306M) 246.086ms
[38.476s][info][gc,cpu         ] GC(259) User=1.34s Sys=0.02s Real=0.25s
[38.608s][info][gc,start       ] GC(260) Pause Young (Allocation Failure)
[38.773s][info][gc,heap        ] GC(260) PSYoungGen: 313344K(313344K)->118080K(339968K) Eden: 117760K(117760K)->0K(128000K) From: 195584K(195584K)->118080K(211968K)
[38.773s][info][gc,heap        ] GC(260) ParOldGen: 5848367K(6144000K)->6045327K(6144000K)
[38.773s][info][gc,metaspace   ] GC(260) Metaspace: 6299K(6464K)->6299K(6464K) NonClass: 5765K(5824K)->5765K(5824K) Class: 533K(640K)->533K(640K)
[38.773s][info][gc             ] GC(260) Pause Young (Allocation Failure) 6017M->6018M(6332M) 165.597ms
[38.773s][info][gc,cpu         ] GC(260) User=1.09s Sys=0.11s Real=0.17s
[38.773s][info][gc,start       ] GC(261) Pause Full (Ergonomics)
[38.773s][info][gc,phases,start] GC(261) Marking Phase
[40.132s][info][gc,phases      ] GC(261) Marking Phase 1359.013ms
[40.132s][info][gc,phases,start] GC(261) Summary Phase
[40.132s][info][gc,phases      ] GC(261) Summary Phase 0.129ms
[40.133s][info][gc,phases,start] GC(261) Adjust Roots
[40.133s][info][gc,phases      ] GC(261) Adjust Roots 0.174ms
[40.133s][info][gc,phases,start] GC(261) Compaction Phase
[41.041s][info][gc,phases      ] GC(261) Compaction Phase 907.967ms
[41.041s][info][gc,phases,start] GC(261) Post Compact
[41.051s][info][gc,phases      ] GC(261) Post Compact 10.097ms
[41.051s][info][gc,heap        ] GC(261) PSYoungGen: 118080K(339968K)->0K(348160K) Eden: 0K(128000K)->0K(128000K) From: 118080K(211968K)->0K(220160K)
[41.051s][info][gc,heap        ] GC(261) ParOldGen: 6045327K(6144000K)->6029864K(6144000K)
[41.051s][info][gc,metaspace   ] GC(261) Metaspace: 6299K(6464K)->6299K(6464K) NonClass: 5765K(5824K)->5765K(5824K) Class: 533K(640K)->533K(640K)
[41.051s][info][gc             ] GC(261) Pause Full (Ergonomics) 6018M->5888M(6340M) 2277.764ms
[41.051s][info][gc,cpu         ] GC(261) User=16.06s Sys=0.06s Real=2.28s
[41.182s][info][gc,start       ] GC(262) Pause Full (Ergonomics)
[41.182s][info][gc,phases,start] GC(262) Marking Phase
[42.548s][info][gc,phases      ] GC(262) Marking Phase 1366.364ms
[42.549s][info][gc,phases,start] GC(262) Summary Phase
[42.549s][info][gc,phases      ] GC(262) Summary Phase 0.072ms
[42.549s][info][gc,phases,start] GC(262) Adjust Roots
[42.549s][info][gc,phases      ] GC(262) Adjust Roots 0.162ms
[42.549s][info][gc,phases,start] GC(262) Compaction Phase
[43.039s][info][gc,phases      ] GC(262) Compaction Phase 489.972ms
[43.039s][info][gc,phases,start] GC(262) Post Compact
[43.048s][info][gc,phases      ] GC(262) Post Compact 9.572ms
[43.049s][info][gc,heap        ] GC(262) PSYoungGen: 128000K(348160K)->14331K(347648K) Eden: 128000K(128000K)->14331K(128000K) From: 0K(220160K)->0K(219648K)
[43.049s][info][gc,heap        ] GC(262) ParOldGen: 6029864K(6144000K)->6143503K(6144000K)
[43.049s][info][gc,metaspace   ] GC(262) Metaspace: 6299K(6464K)->6299K(6464K) NonClass: 5765K(5824K)->5765K(5824K) Class: 533K(640K)->533K(640K)
[43.049s][info][gc             ] GC(262) Pause Full (Ergonomics) 6013M->6013M(6339M) 1866.514ms
[43.049s][info][gc,cpu         ] GC(262) User=13.41s Sys=0.02s Real=1.87s
[43.169s][info][gc,start       ] GC(263) Pause Full (Ergonomics)
[43.169s][info][gc,phases,start] GC(263) Marking Phase
[44.548s][info][gc,phases      ] GC(263) Marking Phase 1378.712ms
[44.548s][info][gc,phases,start] GC(263) Summary Phase
[44.548s][info][gc,phases      ] GC(263) Summary Phase 0.092ms
[44.548s][info][gc,phases,start] GC(263) Adjust Roots
[44.548s][info][gc,phases      ] GC(263) Adjust Roots 0.245ms
[44.548s][info][gc,phases,start] GC(263) Compaction Phase
[45.067s][info][gc,phases      ] GC(263) Compaction Phase 519.079ms
[45.067s][info][gc,phases,start] GC(263) Post Compact
[45.077s][info][gc,phases      ] GC(263) Post Compact 10.025ms
[45.077s][info][gc,heap        ] GC(263) PSYoungGen: 128000K(347648K)->127973K(348160K) Eden: 128000K(128000K)->127973K(128000K) From: 0K(219648K)->0K(220160K)
[45.077s][info][gc,heap        ] GC(263) ParOldGen: 6143503K(6144000K)->6143503K(6144000K)
[45.077s][info][gc,metaspace   ] GC(263) Metaspace: 6299K(6464K)->6299K(6464K) NonClass: 5765K(5824K)->5765K(5824K) Class: 533K(640K)->533K(640K)
[45.077s][info][gc             ] GC(263) Pause Full (Ergonomics) 6124M->6124M(6340M) 1908.563ms
[45.077s][info][gc,cpu         ] GC(263) User=13.67s Sys=0.00s Real=1.91s
[45.078s][info][gc,start       ] GC(264) Pause Full (Ergonomics)
[45.078s][info][gc,phases,start] GC(264) Marking Phase
[46.491s][info][gc,phases      ] GC(264) Marking Phase 1413.661ms
[46.491s][info][gc,phases,start] GC(264) Summary Phase
[46.491s][info][gc,phases      ] GC(264) Summary Phase 0.066ms
[46.491s][info][gc,phases,start] GC(264) Adjust Roots
[46.492s][info][gc,phases      ] GC(264) Adjust Roots 0.172ms
[46.492s][info][gc,phases,start] GC(264) Compaction Phase
[46.981s][info][gc,phases      ] GC(264) Compaction Phase 489.798ms
[46.982s][info][gc,phases,start] GC(264) Post Compact
[46.991s][info][gc,phases      ] GC(264) Post Compact 9.085ms
[46.991s][info][gc,heap        ] GC(264) PSYoungGen: 128000K(348160K)->127999K(347648K) Eden: 128000K(128000K)->127999K(128000K) From: 0K(220160K)->0K(219648K)
[46.991s][info][gc,heap        ] GC(264) ParOldGen: 6143503K(6144000K)->6143503K(6144000K)
[46.991s][info][gc,metaspace   ] GC(264) Metaspace: 6299K(6464K)->6299K(6464K) NonClass: 5765K(5824K)->5765K(5824K) Class: 533K(640K)->533K(640K)
[46.991s][info][gc             ] GC(264) Pause Full (Ergonomics) 6124M->6124M(6339M) 1913.102ms
[46.991s][info][gc,cpu         ] GC(264) User=14.03s Sys=0.00s Real=1.91s
[46.991s][info][gc,start       ] GC(265) Pause Full (Ergonomics)
[46.991s][info][gc,phases,start] GC(265) Marking Phase
[48.404s][info][gc,phases      ] GC(265) Marking Phase 1412.700ms
[48.404s][info][gc,phases,start] GC(265) Summary Phase
[48.404s][info][gc,phases      ] GC(265) Summary Phase 0.072ms
[48.404s][info][gc,phases,start] GC(265) Adjust Roots
[48.404s][info][gc,phases      ] GC(265) Adjust Roots 0.178ms
[48.404s][info][gc,phases,start] GC(265) Compaction Phase
[48.893s][info][gc,phases      ] GC(265) Compaction Phase 488.531ms
[48.893s][info][gc,phases,start] GC(265) Post Compact
[48.902s][info][gc,phases      ] GC(265) Post Compact 9.015ms
[48.902s][info][gc,heap        ] GC(265) PSYoungGen: 127999K(347648K)->127999K(348160K) Eden: 127999K(128000K)->127999K(128000K) From: 0K(219648K)->0K(220160K)
[48.902s][info][gc,heap        ] GC(265) ParOldGen: 6143503K(6144000K)->6143503K(6144000K)
[48.902s][info][gc,metaspace   ] GC(265) Metaspace: 6299K(6464K)->6299K(6464K) NonClass: 5765K(5824K)->5765K(5824K) Class: 533K(640K)->533K(640K)
[48.902s][info][gc             ] GC(265) Pause Full (Ergonomics) 6124M->6124M(6340M) 1910.828ms
[48.902s][info][gc,cpu         ] GC(265) User=13.98s Sys=0.00s Real=1.91s
[48.902s][info][gc,start       ] GC(266) Pause Full (Ergonomics)
[48.902s][info][gc,phases,start] GC(266) Marking Phase
[50.310s][info][gc,phases      ] GC(266) Marking Phase 1408.378ms
[50.310s][info][gc,phases,start] GC(266) Summary Phase
[50.311s][info][gc,phases      ] GC(266) Summary Phase 0.071ms
[50.311s][info][gc,phases,start] GC(266) Adjust Roots
[50.311s][info][gc,phases      ] GC(266) Adjust Roots 0.185ms
[50.311s][info][gc,phases,start] GC(266) Compaction Phase
[50.793s][info][gc,phases      ] GC(266) Compaction Phase 481.789ms
[50.793s][info][gc,phases,start] GC(266) Post Compact
[50.802s][info][gc,phases      ] GC(266) Post Compact 9.221ms
[50.802s][info][gc,heap        ] GC(266) PSYoungGen: 127999K(348160K)->127999K(347648K) Eden: 127999K(128000K)->127999K(128000K) From: 0K(220160K)->0K(219648K)
[50.802s][info][gc,heap        ] GC(266) ParOldGen: 6143508K(6144000K)->6143508K(6144000K)
[50.802s][info][gc,metaspace   ] GC(266) Metaspace: 6299K(6464K)->6299K(6464K) NonClass: 5765K(5824K)->5765K(5824K) Class: 533K(640K)->533K(640K)
[50.802s][info][gc             ] GC(266) Pause Full (Ergonomics) 6124M->6124M(6339M) 1899.983ms
[50.802s][info][gc,cpu         ] GC(266) User=13.80s Sys=0.00s Real=1.90s
[50.802s][info][gc,start       ] GC(267) Pause Full (Ergonomics)
[50.802s][info][gc,phases,start] GC(267) Marking Phase
[52.200s][info][gc,phases      ] GC(267) Marking Phase 1397.681ms
[52.200s][info][gc,phases,start] GC(267) Summary Phase
[52.200s][info][gc,phases      ] GC(267) Summary Phase 0.068ms
[52.200s][info][gc,phases,start] GC(267) Adjust Roots
[52.200s][info][gc,phases      ] GC(267) Adjust Roots 0.204ms
[52.200s][info][gc,phases,start] GC(267) Compaction Phase
[52.697s][info][gc,phases      ] GC(267) Compaction Phase 496.407ms
[52.697s][info][gc,phases,start] GC(267) Post Compact
[52.706s][info][gc,phases      ] GC(267) Post Compact 9.108ms
[52.706s][info][gc,heap        ] GC(267) PSYoungGen: 127999K(347648K)->127999K(348160K) Eden: 127999K(128000K)->127999K(128000K) From: 0K(219648K)->0K(220160K)
[52.706s][info][gc,heap        ] GC(267) ParOldGen: 6143513K(6144000K)->6143513K(6144000K)
[52.706s][info][gc,metaspace   ] GC(267) Metaspace: 6299K(6464K)->6299K(6464K) NonClass: 5765K(5824K)->5765K(5824K) Class: 533K(640K)->533K(640K)
[52.706s][info][gc             ] GC(267) Pause Full (Ergonomics) 6124M->6124M(6340M) 1903.795ms
[52.706s][info][gc,cpu         ] GC(267) User=13.97s Sys=0.00s Real=1.90s
[52.706s][info][gc,start       ] GC(268) Pause Full (Ergonomics)
[52.706s][info][gc,phases,start] GC(268) Marking Phase
[54.093s][info][gc,phases      ] GC(268) Marking Phase 1386.526ms
[54.093s][info][gc,phases,start] GC(268) Summary Phase
[54.093s][info][gc,phases      ] GC(268) Summary Phase 0.109ms
[54.093s][info][gc,phases,start] GC(268) Adjust Roots
[54.093s][info][gc,phases      ] GC(268) Adjust Roots 0.286ms
[54.093s][info][gc,phases,start] GC(268) Compaction Phase
[54.581s][info][gc,phases      ] GC(268) Compaction Phase 487.441ms
[54.581s][info][gc,phases,start] GC(268) Post Compact
[54.590s][info][gc,phases      ] GC(268) Post Compact 9.252ms
[54.590s][info][gc,heap        ] GC(268) PSYoungGen: 127999K(348160K)->127999K(347648K) Eden: 127999K(128000K)->127999K(128000K) From: 0K(220160K)->0K(219648K)
[54.590s][info][gc,heap        ] GC(268) ParOldGen: 6143517K(6144000K)->6143517K(6144000K)
[54.590s][info][gc,metaspace   ] GC(268) Metaspace: 6299K(6464K)->6299K(6464K) NonClass: 5765K(5824K)->5765K(5824K) Class: 533K(640K)->533K(640K)
[54.590s][info][gc             ] GC(268) Pause Full (Ergonomics) 6124M->6124M(6339M) 1884.001ms
[54.590s][info][gc,cpu         ] GC(268) User=13.83s Sys=0.00s Real=1.88s
[54.590s][info][gc,start       ] GC(269) Pause Full (Ergonomics)
[54.590s][info][gc,phases,start] GC(269) Marking Phase
[56.006s][info][gc,phases      ] GC(269) Marking Phase 1415.442ms
[56.006s][info][gc,phases,start] GC(269) Summary Phase
[56.006s][info][gc,phases      ] GC(269) Summary Phase 0.068ms
[56.006s][info][gc,phases,start] GC(269) Adjust Roots
[56.006s][info][gc,phases      ] GC(269) Adjust Roots 0.197ms
[56.006s][info][gc,phases,start] GC(269) Compaction Phase
[56.520s][info][gc,phases      ] GC(269) Compaction Phase 513.751ms
[56.520s][info][gc,phases,start] GC(269) Post Compact
[56.529s][info][gc,phases      ] GC(269) Post Compact 9.101ms
[56.529s][info][gc,heap        ] GC(269) PSYoungGen: 127999K(347648K)->127999K(348160K) Eden: 127999K(128000K)->127999K(128000K) From: 0K(219648K)->0K(220160K)
[56.529s][info][gc,heap        ] GC(269) ParOldGen: 6143522K(6144000K)->6143522K(6144000K)
[56.529s][info][gc,metaspace   ] GC(269) Metaspace: 6299K(6464K)->6299K(6464K) NonClass: 5765K(5824K)->5765K(5824K) Class: 533K(640K)->533K(640K)
[56.529s][info][gc             ] GC(269) Pause Full (Ergonomics) 6124M->6124M(6340M) 1938.874ms
[56.529s][info][gc,cpu         ] GC(269) User=14.25s Sys=0.00s Real=1.94s
[56.529s][info][gc,start       ] GC(270) Pause Full (Ergonomics)
[56.530s][info][gc,phases,start] GC(270) Marking Phase
[57.956s][info][gc,phases      ] GC(270) Marking Phase 1426.242ms
[57.956s][info][gc,phases,start] GC(270) Summary Phase
[57.956s][info][gc,phases      ] GC(270) Summary Phase 0.065ms
[57.956s][info][gc,phases,start] GC(270) Adjust Roots
[57.956s][info][gc,phases      ] GC(270) Adjust Roots 0.164ms
[57.956s][info][gc,phases,start] GC(270) Compaction Phase
[58.471s][info][gc,phases      ] GC(270) Compaction Phase 514.496ms
[58.471s][info][gc,phases,start] GC(270) Post Compact
[58.480s][info][gc,phases      ] GC(270) Post Compact 9.491ms
[58.480s][info][gc,heap        ] GC(270) PSYoungGen: 127999K(348160K)->127999K(347648K) Eden: 127999K(128000K)->127999K(128000K) From: 0K(220160K)->0K(219648K)
[58.480s][info][gc,heap        ] GC(270) ParOldGen: 6143527K(6144000K)->6143527K(6144000K)
[58.480s][info][gc,metaspace   ] GC(270) Metaspace: 6299K(6464K)->6299K(6464K) NonClass: 5765K(5824K)->5765K(5824K) Class: 533K(640K)->533K(640K)
[58.480s][info][gc             ] GC(270) Pause Full (Ergonomics) 6124M->6124M(6339M) 1950.806ms
[58.480s][info][gc,cpu         ] GC(270) User=14.27s Sys=0.00s Real=1.95s
[58.481s][info][gc,start       ] GC(271) Pause Full (Ergonomics)
[58.481s][info][gc,phases,start] GC(271) Marking Phase
[59.906s][info][gc,phases      ] GC(271) Marking Phase 1425.738ms
[59.906s][info][gc,phases,start] GC(271) Summary Phase
[59.906s][info][gc,phases      ] GC(271) Summary Phase 0.073ms
[59.906s][info][gc,phases,start] GC(271) Adjust Roots
[59.907s][info][gc,phases      ] GC(271) Adjust Roots 0.193ms
[59.907s][info][gc,phases,start] GC(271) Compaction Phase
[60.461s][info][gc,phases      ] GC(271) Compaction Phase 554.343ms
[60.461s][info][gc,phases,start] GC(271) Post Compact
[60.470s][info][gc,phases      ] GC(271) Post Compact 9.097ms
[60.470s][info][gc,heap        ] GC(271) PSYoungGen: 127999K(347648K)->127999K(348160K) Eden: 127999K(128000K)->127999K(128000K) From: 0K(219648K)->0K(220160K)
[60.470s][info][gc,heap        ] GC(271) ParOldGen: 6143532K(6144000K)->6143532K(6144000K)
[60.470s][info][gc,metaspace   ] GC(271) Metaspace: 6299K(6464K)->6299K(6464K) NonClass: 5765K(5824K)->5765K(5824K) Class: 533K(640K)->533K(640K)
[60.470s][info][gc             ] GC(271) Pause Full (Ergonomics) 6124M->6124M(6340M) 1989.758ms
[60.470s][info][gc,cpu         ] GC(271) User=14.14s Sys=0.00s Real=1.99s
[60.471s][info][gc,start       ] GC(272) Pause Full (Ergonomics)
[60.471s][info][gc,phases,start] GC(272) Marking Phase
[61.909s][info][gc,phases      ] GC(272) Marking Phase 1438.664ms
[61.909s][info][gc,phases,start] GC(272) Summary Phase
[61.909s][info][gc,phases      ] GC(272) Summary Phase 0.063ms
[61.909s][info][gc,phases,start] GC(272) Adjust Roots
[61.910s][info][gc,phases      ] GC(272) Adjust Roots 0.161ms
[61.910s][info][gc,phases,start] GC(272) Compaction Phase
[62.438s][info][gc,phases      ] GC(272) Compaction Phase 528.024ms
[62.438s][info][gc,phases,start] GC(272) Post Compact
[62.447s][info][gc,phases      ] GC(272) Post Compact 9.003ms
[62.447s][info][gc,heap        ] GC(272) PSYoungGen: 127999K(348160K)->127999K(347648K) Eden: 127999K(128000K)->127999K(128000K) From: 0K(220160K)->0K(219648K)
[62.447s][info][gc,heap        ] GC(272) ParOldGen: 6143537K(6144000K)->6143537K(6144000K)
[62.447s][info][gc,metaspace   ] GC(272) Metaspace: 6299K(6464K)->6299K(6464K) NonClass: 5765K(5824K)->5765K(5824K) Class: 533K(640K)->533K(640K)
[62.447s][info][gc             ] GC(272) Pause Full (Ergonomics) 6124M->6124M(6339M) 1976.240ms
[62.447s][info][gc,cpu         ] GC(272) User=14.41s Sys=0.00s Real=1.98s
[62.447s][info][gc,start       ] GC(273) Pause Full (Ergonomics)
[62.447s][info][gc,phases,start] GC(273) Marking Phase
[63.885s][info][gc,phases      ] GC(273) Marking Phase 1438.413ms
[63.885s][info][gc,phases,start] GC(273) Summary Phase
[63.886s][info][gc,phases      ] GC(273) Summary Phase 0.064ms
[63.886s][info][gc,phases,start] GC(273) Adjust Roots
[63.886s][info][gc,phases      ] GC(273) Adjust Roots 0.162ms
[63.886s][info][gc,phases,start] GC(273) Compaction Phase
[64.405s][info][gc,phases      ] GC(273) Compaction Phase 519.449ms
[64.405s][info][gc,phases,start] GC(273) Post Compact
[64.415s][info][gc,phases      ] GC(273) Post Compact 9.242ms
[64.415s][info][gc,heap        ] GC(273) PSYoungGen: 127999K(347648K)->127999K(348160K) Eden: 127999K(128000K)->127999K(128000K) From: 0K(219648K)->0K(220160K)
[64.415s][info][gc,heap        ] GC(273) ParOldGen: 6143542K(6144000K)->6143542K(6144000K)
[64.415s][info][gc,metaspace   ] GC(273) Metaspace: 6299K(6464K)->6299K(6464K) NonClass: 5765K(5824K)->5765K(5824K) Class: 533K(640K)->533K(640K)
[64.415s][info][gc             ] GC(273) Pause Full (Ergonomics) 6124M->6124M(6340M) 1967.675ms
[64.415s][info][gc,cpu         ] GC(273) User=14.27s Sys=0.00s Real=1.97s
[64.415s][info][gc,start       ] GC(274) Pause Full (Ergonomics)
[64.415s][info][gc,phases,start] GC(274) Marking Phase
[65.840s][info][gc,phases      ] GC(274) Marking Phase 1425.271ms
[65.840s][info][gc,phases,start] GC(274) Summary Phase
[65.840s][info][gc,phases      ] GC(274) Summary Phase 0.064ms
[65.840s][info][gc,phases,start] GC(274) Adjust Roots
[65.840s][info][gc,phases      ] GC(274) Adjust Roots 0.165ms
[65.840s][info][gc,phases,start] GC(274) Compaction Phase
[66.375s][info][gc,phases      ] GC(274) Compaction Phase 534.382ms
[66.375s][info][gc,phases,start] GC(274) Post Compact
[66.384s][info][gc,phases      ] GC(274) Post Compact 9.292ms
[66.384s][info][gc,heap        ] GC(274) PSYoungGen: 127999K(348160K)->127999K(347648K) Eden: 127999K(128000K)->127999K(128000K) From: 0K(220160K)->0K(219648K)
[66.384s][info][gc,heap        ] GC(274) ParOldGen: 6143546K(6144000K)->6143546K(6144000K)
[66.384s][info][gc,metaspace   ] GC(274) Metaspace: 6299K(6464K)->6299K(6464K) NonClass: 5765K(5824K)->5765K(5824K) Class: 533K(640K)->533K(640K)
[66.384s][info][gc             ] GC(274) Pause Full (Ergonomics) 6124M->6124M(6339M) 1969.507ms
[66.384s][info][gc,cpu         ] GC(274) User=14.30s Sys=0.00s Real=1.97s
[66.385s][info][gc,start       ] GC(275) Pause Full (Ergonomics)
[66.385s][info][gc,phases,start] GC(275) Marking Phase
[67.805s][info][gc,phases      ] GC(275) Marking Phase 1420.012ms
[67.805s][info][gc,phases,start] GC(275) Summary Phase
[67.805s][info][gc,phases      ] GC(275) Summary Phase 0.074ms
[67.805s][info][gc,phases,start] GC(275) Adjust Roots
[67.805s][info][gc,phases      ] GC(275) Adjust Roots 0.193ms
[67.805s][info][gc,phases,start] GC(275) Compaction Phase
[68.330s][info][gc,phases      ] GC(275) Compaction Phase 525.127ms
[68.330s][info][gc,phases,start] GC(275) Post Compact
[68.339s][info][gc,phases      ] GC(275) Post Compact 9.058ms
[68.339s][info][gc,heap        ] GC(275) PSYoungGen: 127999K(347648K)->127999K(348160K) Eden: 127999K(128000K)->127999K(128000K) From: 0K(219648K)->0K(220160K)
[68.339s][info][gc,heap        ] GC(275) ParOldGen: 6143551K(6144000K)->6143551K(6144000K)
[68.339s][info][gc,metaspace   ] GC(275) Metaspace: 6299K(6464K)->6299K(6464K) NonClass: 5765K(5824K)->5765K(5824K) Class: 533K(640K)->533K(640K)
[68.339s][info][gc             ] GC(275) Pause Full (Ergonomics) 6124M->6124M(6340M) 1954.893ms
[68.340s][info][gc,cpu         ] GC(275) User=14.12s Sys=0.02s Real=1.95s
[68.340s][info][gc,start       ] GC(276) Pause Full (Ergonomics)
[68.340s][info][gc,phases,start] GC(276) Marking Phase
[69.771s][info][gc,phases      ] GC(276) Marking Phase 1430.966ms
[69.771s][info][gc,phases,start] GC(276) Summary Phase
[69.771s][info][gc,phases      ] GC(276) Summary Phase 0.064ms
[69.771s][info][gc,phases,start] GC(276) Adjust Roots
[69.771s][info][gc,phases      ] GC(276) Adjust Roots 0.162ms
[69.771s][info][gc,phases,start] GC(276) Compaction Phase
[70.286s][info][gc,phases      ] GC(276) Compaction Phase 514.528ms
[70.286s][info][gc,phases,start] GC(276) Post Compact
[70.295s][info][gc,phases      ] GC(276) Post Compact 9.037ms
[70.295s][info][gc,heap        ] GC(276) PSYoungGen: 127999K(348160K)->127999K(347648K) Eden: 127999K(128000K)->127999K(128000K) From: 0K(220160K)->0K(219648K)
[70.295s][info][gc,heap        ] GC(276) ParOldGen: 6143556K(6144000K)->6143556K(6144000K)
[70.295s][info][gc,metaspace   ] GC(276) Metaspace: 6299K(6464K)->6299K(6464K) NonClass: 5765K(5824K)->5765K(5824K) Class: 533K(640K)->533K(640K)
[70.295s][info][gc             ] GC(276) Pause Full (Ergonomics) 6124M->6124M(6339M) 1955.102ms
[70.295s][info][gc,cpu         ] GC(276) User=14.45s Sys=0.00s Real=1.95s
[70.295s][info][gc,start       ] GC(277) Pause Full (Ergonomics)
[70.295s][info][gc,phases,start] GC(277) Marking Phase
[71.751s][info][gc,phases      ] GC(277) Marking Phase 1456.369ms
[71.751s][info][gc,phases,start] GC(277) Summary Phase
[71.752s][info][gc,phases      ] GC(277) Summary Phase 0.065ms
[71.752s][info][gc,phases,start] GC(277) Adjust Roots
[71.752s][info][gc,phases      ] GC(277) Adjust Roots 0.212ms
[71.752s][info][gc,phases,start] GC(277) Compaction Phase
[72.324s][info][gc,phases      ] GC(277) Compaction Phase 572.503ms
[72.324s][info][gc,phases,start] GC(277) Post Compact
[72.334s][info][gc,phases      ] GC(277) Post Compact 9.189ms
[72.334s][info][gc,heap        ] GC(277) PSYoungGen: 127999K(347648K)->127999K(348160K) Eden: 127999K(128000K)->127999K(128000K) From: 0K(219648K)->0K(220160K)
[72.334s][info][gc,heap        ] GC(277) ParOldGen: 6143561K(6144000K)->6143561K(6144000K)
[72.334s][info][gc,metaspace   ] GC(277) Metaspace: 6299K(6464K)->6299K(6464K) NonClass: 5765K(5824K)->5765K(5824K) Class: 533K(640K)->533K(640K)
[72.334s][info][gc             ] GC(277) Pause Full (Ergonomics) 6124M->6124M(6340M) 2038.691ms
[72.334s][info][gc,cpu         ] GC(277) User=14.50s Sys=0.02s Real=2.04s
[72.334s][info][gc,start       ] GC(278) Pause Full (Ergonomics)
[72.334s][info][gc,phases,start] GC(278) Marking Phase
[73.801s][info][gc,phases      ] GC(278) Marking Phase 1467.265ms
[73.801s][info][gc,phases,start] GC(278) Summary Phase
[73.801s][info][gc,phases      ] GC(278) Summary Phase 0.064ms
[73.801s][info][gc,phases,start] GC(278) Adjust Roots
[73.802s][info][gc,phases      ] GC(278) Adjust Roots 0.165ms
[73.802s][info][gc,phases,start] GC(278) Compaction Phase
[74.369s][info][gc,phases      ] GC(278) Compaction Phase 567.257ms
[74.369s][info][gc,phases,start] GC(278) Post Compact
[74.378s][info][gc,phases      ] GC(278) Post Compact 9.194ms
[74.378s][info][gc,heap        ] GC(278) PSYoungGen: 127999K(348160K)->127999K(347648K) Eden: 127999K(128000K)->127999K(128000K) From: 0K(220160K)->0K(219648K)
[74.378s][info][gc,heap        ] GC(278) ParOldGen: 6143566K(6144000K)->6143566K(6144000K)
[74.378s][info][gc,metaspace   ] GC(278) Metaspace: 6299K(6464K)->6299K(6464K) NonClass: 5765K(5824K)->5765K(5824K) Class: 533K(640K)->533K(640K)
[74.378s][info][gc             ] GC(278) Pause Full (Ergonomics) 6124M->6124M(6339M) 2044.248ms
[74.378s][info][gc,cpu         ] GC(278) User=14.84s Sys=0.00s Real=2.04s
[74.378s][info][gc,start       ] GC(279) Pause Full (Ergonomics)
[74.378s][info][gc,phases,start] GC(279) Marking Phase
[75.830s][info][gc,phases      ] GC(279) Marking Phase 1451.908ms
[75.830s][info][gc,phases,start] GC(279) Summary Phase
[75.830s][info][gc,phases      ] GC(279) Summary Phase 0.064ms
[75.830s][info][gc,phases,start] GC(279) Adjust Roots
[75.831s][info][gc,phases      ] GC(279) Adjust Roots 0.165ms
[75.831s][info][gc,phases,start] GC(279) Compaction Phase
[76.402s][info][gc,phases      ] GC(279) Compaction Phase 571.330ms
[76.402s][info][gc,phases,start] GC(279) Post Compact
[76.411s][info][gc,phases      ] GC(279) Post Compact 9.086ms
[76.411s][info][gc,heap        ] GC(279) PSYoungGen: 127999K(347648K)->127999K(348160K) Eden: 127999K(128000K)->127999K(128000K) From: 0K(219648K)->0K(220160K)
[76.411s][info][gc,heap        ] GC(279) ParOldGen: 6143571K(6144000K)->6143571K(6144000K)
[76.411s][info][gc,metaspace   ] GC(279) Metaspace: 6299K(6464K)->6299K(6464K) NonClass: 5765K(5824K)->5765K(5824K) Class: 533K(640K)->533K(640K)
[76.411s][info][gc             ] GC(279) Pause Full (Ergonomics) 6124M->6124M(6340M) 2032.867ms
[76.411s][info][gc,cpu         ] GC(279) User=14.61s Sys=0.00s Real=2.03s
[76.411s][info][gc,start       ] GC(280) Pause Full (Ergonomics)
[76.411s][info][gc,phases,start] GC(280) Marking Phase
[77.891s][info][gc,phases      ] GC(280) Marking Phase 1479.694ms
[77.891s][info][gc,phases,start] GC(280) Summary Phase
[77.891s][info][gc,phases      ] GC(280) Summary Phase 0.064ms
[77.891s][info][gc,phases,start] GC(280) Adjust Roots
[77.891s][info][gc,phases      ] GC(280) Adjust Roots 0.163ms
[77.891s][info][gc,phases,start] GC(280) Compaction Phase
[78.446s][info][gc,phases      ] GC(280) Compaction Phase 554.957ms
[78.446s][info][gc,phases,start] GC(280) Post Compact
[78.456s][info][gc,phases      ] GC(280) Post Compact 9.040ms
[78.456s][info][gc,heap        ] GC(280) PSYoungGen: 127999K(348160K)->127999K(347648K) Eden: 127999K(128000K)->127999K(128000K) From: 0K(220160K)->0K(219648K)
[78.456s][info][gc,heap        ] GC(280) ParOldGen: 6143575K(6144000K)->6143575K(6144000K)
[78.456s][info][gc,metaspace   ] GC(280) Metaspace: 6299K(6464K)->6299K(6464K) NonClass: 5765K(5824K)->5765K(5824K) Class: 533K(640K)->533K(640K)
[78.456s][info][gc             ] GC(280) Pause Full (Ergonomics) 6124M->6124M(6339M) 2044.230ms
[78.456s][info][gc,cpu         ] GC(280) User=14.94s Sys=0.00s Real=2.04s
[78.456s][info][gc,start       ] GC(281) Pause Full (Ergonomics)
[78.456s][info][gc,phases,start] GC(281) Marking Phase
[79.950s][info][gc,phases      ] GC(281) Marking Phase 1494.516ms
[79.950s][info][gc,phases,start] GC(281) Summary Phase
[79.951s][info][gc,phases      ] GC(281) Summary Phase 0.066ms
[79.951s][info][gc,phases,start] GC(281) Adjust Roots
[79.951s][info][gc,phases      ] GC(281) Adjust Roots 0.255ms
[79.951s][info][gc,phases,start] GC(281) Compaction Phase
[80.509s][info][gc,phases      ] GC(281) Compaction Phase 557.681ms
[80.509s][info][gc,phases,start] GC(281) Post Compact
[80.518s][info][gc,phases      ] GC(281) Post Compact 9.035ms
[80.518s][info][gc,heap        ] GC(281) PSYoungGen: 127999K(347648K)->127999K(348160K) Eden: 127999K(128000K)->127999K(128000K) From: 0K(219648K)->0K(220160K)
[80.518s][info][gc,heap        ] GC(281) ParOldGen: 6143580K(6144000K)->6143580K(6144000K)
[80.518s][info][gc,metaspace   ] GC(281) Metaspace: 6299K(6464K)->6299K(6464K) NonClass: 5765K(5824K)->5765K(5824K) Class: 533K(640K)->533K(640K)
[80.518s][info][gc             ] GC(281) Pause Full (Ergonomics) 6124M->6124M(6340M) 2061.908ms
[80.518s][info][gc,cpu         ] GC(281) User=15.03s Sys=0.00s Real=2.06s
[80.518s][info][gc,start       ] GC(282) Pause Full (Ergonomics)
[80.518s][info][gc,phases,start] GC(282) Marking Phase
[82.004s][info][gc,phases      ] GC(282) Marking Phase 1486.375ms
[82.004s][info][gc,phases,start] GC(282) Summary Phase
[82.005s][info][gc,phases      ] GC(282) Summary Phase 0.076ms
[82.005s][info][gc,phases,start] GC(282) Adjust Roots
[82.005s][info][gc,phases      ] GC(282) Adjust Roots 0.199ms
[82.005s][info][gc,phases,start] GC(282) Compaction Phase
[82.557s][info][gc,phases      ] GC(282) Compaction Phase 552.618ms
[82.557s][info][gc,phases,start] GC(282) Post Compact
[82.567s][info][gc,phases      ] GC(282) Post Compact 9.121ms
[82.567s][info][gc,heap        ] GC(282) PSYoungGen: 127999K(348160K)->127999K(347648K) Eden: 127999K(128000K)->127999K(128000K) From: 0K(220160K)->0K(219648K)
[82.567s][info][gc,heap        ] GC(282) ParOldGen: 6143585K(6144000K)->6143585K(6144000K)
[82.567s][info][gc,metaspace   ] GC(282) Metaspace: 6299K(6464K)->6299K(6464K) NonClass: 5765K(5824K)->5765K(5824K) Class: 533K(640K)->533K(640K)
[82.567s][info][gc             ] GC(282) Pause Full (Ergonomics) 6124M->6124M(6339M) 2048.735ms
[82.567s][info][gc,cpu         ] GC(282) User=14.78s Sys=0.00s Real=2.05s
[82.567s][info][gc,start       ] GC(283) Pause Full (Ergonomics)
[82.567s][info][gc,phases,start] GC(283) Marking Phase
[84.078s][info][gc,phases      ] GC(283) Marking Phase 1510.903ms
[84.078s][info][gc,phases,start] GC(283) Summary Phase
[84.078s][info][gc,phases      ] GC(283) Summary Phase 0.115ms
[84.078s][info][gc,phases,start] GC(283) Adjust Roots
[84.078s][info][gc,phases      ] GC(283) Adjust Roots 0.176ms
[84.078s][info][gc,phases,start] GC(283) Compaction Phase
[84.657s][info][gc,phases      ] GC(283) Compaction Phase 578.530ms
[84.657s][info][gc,phases,start] GC(283) Post Compact
[84.666s][info][gc,phases      ] GC(283) Post Compact 9.053ms
[84.666s][info][gc,heap        ] GC(283) PSYoungGen: 127999K(347648K)->127999K(348160K) Eden: 127999K(128000K)->127999K(128000K) From: 0K(219648K)->0K(220160K)
[84.666s][info][gc,heap        ] GC(283) ParOldGen: 6143590K(6144000K)->6143590K(6144000K)
[84.666s][info][gc,metaspace   ] GC(283) Metaspace: 6299K(6464K)->6299K(6464K) NonClass: 5765K(5824K)->5765K(5824K) Class: 533K(640K)->533K(640K)
[84.666s][info][gc             ] GC(283) Pause Full (Ergonomics) 6124M->6124M(6340M) 2099.114ms
[84.666s][info][gc,cpu         ] GC(283) User=15.20s Sys=0.00s Real=2.10s
[84.666s][info][gc,start       ] GC(284) Pause Full (Ergonomics)
[84.666s][info][gc,phases,start] GC(284) Marking Phase
[86.168s][info][gc,phases      ] GC(284) Marking Phase 1501.219ms
[86.168s][info][gc,phases,start] GC(284) Summary Phase
[86.168s][info][gc,phases      ] GC(284) Summary Phase 0.064ms
[86.168s][info][gc,phases,start] GC(284) Adjust Roots
[86.168s][info][gc,phases      ] GC(284) Adjust Roots 0.233ms
[86.168s][info][gc,phases,start] GC(284) Compaction Phase
[86.759s][info][gc,phases      ] GC(284) Compaction Phase 591.321ms
[86.759s][info][gc,phases,start] GC(284) Post Compact
[86.768s][info][gc,phases      ] GC(284) Post Compact 9.112ms
[86.768s][info][gc,heap        ] GC(284) PSYoungGen: 127999K(348160K)->127999K(347648K) Eden: 127999K(128000K)->127999K(128000K) From: 0K(220160K)->0K(219648K)
[86.768s][info][gc,heap        ] GC(284) ParOldGen: 6143595K(6144000K)->6143595K(6144000K)
[86.769s][info][gc,metaspace   ] GC(284) Metaspace: 6299K(6464K)->6299K(6464K) NonClass: 5765K(5824K)->5765K(5824K) Class: 533K(640K)->533K(640K)
[86.769s][info][gc             ] GC(284) Pause Full (Ergonomics) 6124M->6124M(6339M) 2102.304ms
[86.769s][info][gc,cpu         ] GC(284) User=14.97s Sys=0.00s Real=2.10s
[86.769s][info][gc,start       ] GC(285) Pause Full (Ergonomics)
[86.769s][info][gc,phases,start] GC(285) Marking Phase
[88.281s][info][gc,phases      ] GC(285) Marking Phase 1512.560ms
[88.281s][info][gc,phases,start] GC(285) Summary Phase
[88.281s][info][gc,phases      ] GC(285) Summary Phase 0.067ms
[88.281s][info][gc,phases,start] GC(285) Adjust Roots
[88.282s][info][gc,phases      ] GC(285) Adjust Roots 0.174ms
[88.282s][info][gc,phases,start] GC(285) Compaction Phase
[88.869s][info][gc,phases      ] GC(285) Compaction Phase 587.304ms
[88.869s][info][gc,phases,start] GC(285) Post Compact
[88.879s][info][gc,phases      ] GC(285) Post Compact 9.434ms
[88.879s][info][gc,heap        ] GC(285) PSYoungGen: 127999K(347648K)->127999K(348160K) Eden: 127999K(128000K)->127999K(128000K) From: 0K(219648K)->0K(220160K)
[88.879s][info][gc,heap        ] GC(285) ParOldGen: 6143600K(6144000K)->6143600K(6144000K)
[88.879s][info][gc,metaspace   ] GC(285) Metaspace: 6299K(6464K)->6299K(6464K) NonClass: 5765K(5824K)->5765K(5824K) Class: 533K(640K)->533K(640K)
[88.879s][info][gc             ] GC(285) Pause Full (Ergonomics) 6124M->6124M(6340M) 2109.903ms
[88.879s][info][gc,cpu         ] GC(285) User=15.30s Sys=0.00s Real=2.11s
[88.879s][info][gc,start       ] GC(286) Pause Full (Ergonomics)
[88.879s][info][gc,phases,start] GC(286) Marking Phase
[90.371s][info][gc,phases      ] GC(286) Marking Phase 1492.165ms
[90.371s][info][gc,phases,start] GC(286) Summary Phase
[90.371s][info][gc,phases      ] GC(286) Summary Phase 0.076ms
[90.371s][info][gc,phases,start] GC(286) Adjust Roots
[90.371s][info][gc,phases      ] GC(286) Adjust Roots 0.181ms
[90.371s][info][gc,phases,start] GC(286) Compaction Phase
[90.950s][info][gc,phases      ] GC(286) Compaction Phase 578.938ms
[90.950s][info][gc,phases,start] GC(286) Post Compact
[90.960s][info][gc,phases      ] GC(286) Post Compact 9.168ms
[90.960s][info][gc,heap        ] GC(286) PSYoungGen: 127999K(348160K)->127999K(347648K) Eden: 127999K(128000K)->127999K(128000K) From: 0K(220160K)->0K(219648K)
[90.960s][info][gc,heap        ] GC(286) ParOldGen: 6143604K(6144000K)->6143604K(6144000K)
[90.960s][info][gc,metaspace   ] GC(286) Metaspace: 6299K(6464K)->6299K(6464K) NonClass: 5765K(5824K)->5765K(5824K) Class: 533K(640K)->533K(640K)
[90.960s][info][gc             ] GC(286) Pause Full (Ergonomics) 6124M->6124M(6339M) 2080.858ms
[90.960s][info][gc,cpu         ] GC(286) User=15.12s Sys=0.02s Real=2.08s
[90.960s][info][gc,start       ] GC(287) Pause Full (Ergonomics)
[90.960s][info][gc,phases,start] GC(287) Marking Phase
[92.483s][info][gc,phases      ] GC(287) Marking Phase 1523.543ms
[92.484s][info][gc,phases,start] GC(287) Summary Phase
[92.484s][info][gc,phases      ] GC(287) Summary Phase 0.065ms
[92.484s][info][gc,phases,start] GC(287) Adjust Roots
[92.484s][info][gc,phases      ] GC(287) Adjust Roots 0.242ms
[92.484s][info][gc,phases,start] GC(287) Compaction Phase
[93.055s][info][gc,phases      ] GC(287) Compaction Phase 570.773ms
[93.055s][info][gc,phases,start] GC(287) Post Compact
[93.064s][info][gc,phases      ] GC(287) Post Compact 9.164ms
[93.064s][info][gc,heap        ] GC(287) PSYoungGen: 127999K(347648K)->127999K(348160K) Eden: 127999K(128000K)->127999K(128000K) From: 0K(219648K)->0K(220160K)
[93.064s][info][gc,heap        ] GC(287) ParOldGen: 6143609K(6144000K)->6143609K(6144000K)
[93.064s][info][gc,metaspace   ] GC(287) Metaspace: 6299K(6464K)->6299K(6464K) NonClass: 5765K(5824K)->5765K(5824K) Class: 533K(640K)->533K(640K)
[93.064s][info][gc             ] GC(287) Pause Full (Ergonomics) 6124M->6124M(6340M) 2104.114ms
[93.064s][info][gc,cpu         ] GC(287) User=15.41s Sys=0.00s Real=2.11s
[93.064s][info][gc,start       ] GC(288) Pause Full (Ergonomics)
[93.064s][info][gc,phases,start] GC(288) Marking Phase
[94.562s][info][gc,phases      ] GC(288) Marking Phase 1497.429ms
[94.562s][info][gc,phases,start] GC(288) Summary Phase
[94.562s][info][gc,phases      ] GC(288) Summary Phase 0.079ms
[94.562s][info][gc,phases,start] GC(288) Adjust Roots
[94.562s][info][gc,phases      ] GC(288) Adjust Roots 0.202ms
[94.562s][info][gc,phases,start] GC(288) Compaction Phase
[95.138s][info][gc,phases      ] GC(288) Compaction Phase 576.196ms
[95.138s][info][gc,phases,start] GC(288) Post Compact
[95.147s][info][gc,phases      ] GC(288) Post Compact 9.097ms
[95.148s][info][gc,heap        ] GC(288) PSYoungGen: 127999K(348160K)->127999K(347648K) Eden: 127999K(128000K)->127999K(128000K) From: 0K(220160K)->0K(219648K)
[95.148s][info][gc,heap        ] GC(288) ParOldGen: 6143614K(6144000K)->6143614K(6144000K)
[95.148s][info][gc,metaspace   ] GC(288) Metaspace: 6299K(6464K)->6299K(6464K) NonClass: 5765K(5824K)->5765K(5824K) Class: 533K(640K)->533K(640K)
[95.148s][info][gc             ] GC(288) Pause Full (Ergonomics) 6124M->6124M(6339M) 2083.357ms
[95.148s][info][gc,cpu         ] GC(288) User=15.16s Sys=0.00s Real=2.08s
[95.148s][info][gc,start       ] GC(289) Pause Full (Ergonomics)
[95.148s][info][gc,phases,start] GC(289) Marking Phase
[96.678s][info][gc,phases      ] GC(289) Marking Phase 1530.553ms
[96.678s][info][gc,phases,start] GC(289) Summary Phase
[96.679s][info][gc,phases      ] GC(289) Summary Phase 0.066ms
[96.679s][info][gc,phases,start] GC(289) Adjust Roots
[96.679s][info][gc,phases      ] GC(289) Adjust Roots 0.170ms
[96.679s][info][gc,phases,start] GC(289) Compaction Phase
[97.239s][info][gc,phases      ] GC(289) Compaction Phase 560.650ms
[97.239s][info][gc,phases,start] GC(289) Post Compact
[97.249s][info][gc,phases      ] GC(289) Post Compact 9.052ms
[97.249s][info][gc,heap        ] GC(289) PSYoungGen: 127999K(347648K)->127999K(348160K) Eden: 127999K(128000K)->127999K(128000K) From: 0K(219648K)->0K(220160K)
[97.249s][info][gc,heap        ] GC(289) ParOldGen: 6143619K(6144000K)->6143619K(6144000K)
[97.249s][info][gc,metaspace   ] GC(289) Metaspace: 6299K(6464K)->6299K(6464K) NonClass: 5765K(5824K)->5765K(5824K) Class: 533K(640K)->533K(640K)
[97.249s][info][gc             ] GC(289) Pause Full (Ergonomics) 6124M->6124M(6340M) 2100.809ms
[97.249s][info][gc,cpu         ] GC(289) User=15.52s Sys=0.02s Real=2.10s
[97.249s][info][gc,start       ] GC(290) Pause Full (Ergonomics)
[97.249s][info][gc,phases,start] GC(290) Marking Phase
[98.802s][info][gc,phases      ] GC(290) Marking Phase 1553.201ms
[98.802s][info][gc,phases,start] GC(290) Summary Phase
[98.802s][info][gc,phases      ] GC(290) Summary Phase 0.065ms
[98.802s][info][gc,phases,start] GC(290) Adjust Roots
[98.802s][info][gc,phases      ] GC(290) Adjust Roots 0.168ms
[98.802s][info][gc,phases,start] GC(290) Compaction Phase
[99.363s][info][gc,phases      ] GC(290) Compaction Phase 560.554ms
[99.363s][info][gc,phases,start] GC(290) Post Compact
[99.372s][info][gc,phases      ] GC(290) Post Compact 9.077ms
[99.372s][info][gc,heap        ] GC(290) PSYoungGen: 127999K(348160K)->127999K(347648K) Eden: 127999K(128000K)->127999K(128000K) From: 0K(220160K)->0K(219648K)
[99.372s][info][gc,heap        ] GC(290) ParOldGen: 6143624K(6144000K)->6143624K(6144000K)
[99.372s][info][gc,metaspace   ] GC(290) Metaspace: 6299K(6464K)->6299K(6464K) NonClass: 5765K(5824K)->5765K(5824K) Class: 533K(640K)->533K(640K)
[99.372s][info][gc             ] GC(290) Pause Full (Ergonomics) 6124M->6124M(6339M) 2123.403ms
[99.372s][info][gc,cpu         ] GC(290) User=15.62s Sys=0.00s Real=2.12s
[99.372s][info][gc,start       ] GC(291) Pause Full (Ergonomics)
[99.373s][info][gc,phases,start] GC(291) Marking Phase
[100.880s][info][gc,phases      ] GC(291) Marking Phase 1507.830ms
[100.880s][info][gc,phases,start] GC(291) Summary Phase
[100.880s][info][gc,phases      ] GC(291) Summary Phase 0.063ms
[100.880s][info][gc,phases,start] GC(291) Adjust Roots
[100.881s][info][gc,phases      ] GC(291) Adjust Roots 0.171ms
[100.881s][info][gc,phases,start] GC(291) Compaction Phase
[101.459s][info][gc,phases      ] GC(291) Compaction Phase 578.241ms
[101.459s][info][gc,phases,start] GC(291) Post Compact
[101.468s][info][gc,phases      ] GC(291) Post Compact 9.155ms
[101.468s][info][gc,heap        ] GC(291) PSYoungGen: 127999K(347648K)->127999K(348160K) Eden: 127999K(128000K)->127999K(128000K) From: 0K(219648K)->0K(220160K)
[101.468s][info][gc,heap        ] GC(291) ParOldGen: 6143629K(6144000K)->6143629K(6144000K)
[101.468s][info][gc,metaspace   ] GC(291) Metaspace: 6299K(6464K)->6299K(6464K) NonClass: 5765K(5824K)->5765K(5824K) Class: 533K(640K)->533K(640K)
[101.468s][info][gc             ] GC(291) Pause Full (Ergonomics) 6124M->6124M(6340M) 2095.791ms
[101.468s][info][gc,cpu         ] GC(291) User=15.27s Sys=0.02s Real=2.10s
[101.468s][info][gc,start       ] GC(292) Pause Full (Ergonomics)
[101.469s][info][gc,phases,start] GC(292) Marking Phase
[102.998s][info][gc,phases      ] GC(292) Marking Phase 1529.280ms
[102.998s][info][gc,phases,start] GC(292) Summary Phase
[102.998s][info][gc,phases      ] GC(292) Summary Phase 0.081ms
[102.998s][info][gc,phases,start] GC(292) Adjust Roots
[102.998s][info][gc,phases      ] GC(292) Adjust Roots 0.253ms
[102.998s][info][gc,phases,start] GC(292) Compaction Phase
[103.552s][info][gc,phases      ] GC(292) Compaction Phase 553.484ms
[103.552s][info][gc,phases,start] GC(292) Post Compact
[103.561s][info][gc,phases      ] GC(292) Post Compact 9.163ms
[103.561s][info][gc,heap        ] GC(292) PSYoungGen: 127999K(348160K)->127999K(347648K) Eden: 127999K(128000K)->127999K(128000K) From: 0K(220160K)->0K(219648K)
[103.561s][info][gc,heap        ] GC(292) ParOldGen: 6143633K(6144000K)->6143633K(6144000K)
[103.561s][info][gc,metaspace   ] GC(292) Metaspace: 6299K(6464K)->6299K(6464K) NonClass: 5765K(5824K)->5765K(5824K) Class: 533K(640K)->533K(640K)
[103.561s][info][gc             ] GC(292) Pause Full (Ergonomics) 6124M->6124M(6339M) 2092.632ms
[103.561s][info][gc,cpu         ] GC(292) User=15.28s Sys=0.00s Real=2.09s
[103.561s][info][gc,start       ] GC(293) Pause Full (Ergonomics)
[103.561s][info][gc,phases,start] GC(293) Marking Phase
[105.079s][info][gc,phases      ] GC(293) Marking Phase 1517.755ms
[105.079s][info][gc,phases,start] GC(293) Summary Phase
[105.079s][info][gc,phases      ] GC(293) Summary Phase 0.083ms
[105.079s][info][gc,phases,start] GC(293) Adjust Roots
[105.080s][info][gc,phases      ] GC(293) Adjust Roots 0.274ms
[105.080s][info][gc,phases,start] GC(293) Compaction Phase
[105.642s][info][gc,phases      ] GC(293) Compaction Phase 562.507ms
[105.642s][info][gc,phases,start] GC(293) Post Compact
[105.651s][info][gc,phases      ] GC(293) Post Compact 9.028ms
[105.651s][info][gc,heap        ] GC(293) PSYoungGen: 127999K(347648K)->127999K(348160K) Eden: 127999K(128000K)->127999K(128000K) From: 0K(219648K)->0K(220160K)
[105.651s][info][gc,heap        ] GC(293) ParOldGen: 6143638K(6144000K)->6143638K(6144000K)
[105.651s][info][gc,metaspace   ] GC(293) Metaspace: 6299K(6464K)->6299K(6464K) NonClass: 5765K(5824K)->5765K(5824K) Class: 533K(640K)->533K(640K)
[105.651s][info][gc             ] GC(293) Pause Full (Ergonomics) 6124M->6124M(6340M) 2089.998ms
[105.651s][info][gc,cpu         ] GC(293) User=15.19s Sys=0.00s Real=2.09s
[105.652s][info][gc,start       ] GC(294) Pause Full (Ergonomics)
[105.652s][info][gc,phases,start] GC(294) Marking Phase
[107.180s][info][gc,phases      ] GC(294) Marking Phase 1528.681ms
[107.180s][info][gc,phases,start] GC(294) Summary Phase
[107.180s][info][gc,phases      ] GC(294) Summary Phase 0.072ms
[107.180s][info][gc,phases,start] GC(294) Adjust Roots
[107.181s][info][gc,phases      ] GC(294) Adjust Roots 0.167ms
[107.181s][info][gc,phases,start] GC(294) Compaction Phase
[107.754s][info][gc,phases      ] GC(294) Compaction Phase 573.249ms
[107.754s][info][gc,phases,start] GC(294) Post Compact
[107.763s][info][gc,phases      ] GC(294) Post Compact 9.078ms
[107.763s][info][gc,heap        ] GC(294) PSYoungGen: 127999K(348160K)->127999K(347648K) Eden: 127999K(128000K)->127999K(128000K) From: 0K(220160K)->0K(219648K)
[107.763s][info][gc,heap        ] GC(294) ParOldGen: 6143643K(6144000K)->6143643K(6144000K)
[107.763s][info][gc,metaspace   ] GC(294) Metaspace: 6299K(6464K)->6299K(6464K) NonClass: 5765K(5824K)->5765K(5824K) Class: 533K(640K)->533K(640K)
[107.763s][info][gc             ] GC(294) Pause Full (Ergonomics) 6124M->6124M(6339M) 2111.591ms
[107.763s][info][gc,cpu         ] GC(294) User=15.25s Sys=0.00s Real=2.11s
[107.763s][info][gc,start       ] GC(295) Pause Full (Ergonomics)
[107.763s][info][gc,phases,start] GC(295) Marking Phase
[109.284s][info][gc,phases      ] GC(295) Marking Phase 1520.384ms
[109.284s][info][gc,phases,start] GC(295) Summary Phase
[109.284s][info][gc,phases      ] GC(295) Summary Phase 0.083ms
[109.284s][info][gc,phases,start] GC(295) Adjust Roots
[109.284s][info][gc,phases      ] GC(295) Adjust Roots 0.249ms
[109.284s][info][gc,phases,start] GC(295) Compaction Phase
[109.857s][info][gc,phases      ] GC(295) Compaction Phase 572.927ms
[109.857s][info][gc,phases,start] GC(295) Post Compact
[109.866s][info][gc,phases      ] GC(295) Post Compact 9.141ms
[109.866s][info][gc,heap        ] GC(295) PSYoungGen: 127999K(347648K)->127999K(348160K) Eden: 127999K(128000K)->127999K(128000K) From: 0K(219648K)->0K(220160K)
[109.867s][info][gc,heap        ] GC(295) ParOldGen: 6143648K(6144000K)->6143648K(6144000K)
[109.867s][info][gc,metaspace   ] GC(295) Metaspace: 6299K(6464K)->6299K(6464K) NonClass: 5765K(5824K)->5765K(5824K) Class: 533K(640K)->533K(640K)
[109.867s][info][gc             ] GC(295) Pause Full (Ergonomics) 6124M->6124M(6340M) 2103.135ms
[109.867s][info][gc,cpu         ] GC(295) User=15.28s Sys=0.00s Real=2.10s
[109.867s][info][gc,start       ] GC(296) Pause Full (Ergonomics)
[109.867s][info][gc,phases,start] GC(296) Marking Phase
[111.405s][info][gc,phases      ] GC(296) Marking Phase 1537.717ms
[111.405s][info][gc,phases,start] GC(296) Summary Phase
[111.405s][info][gc,phases      ] GC(296) Summary Phase 0.074ms
[111.405s][info][gc,phases,start] GC(296) Adjust Roots
[111.405s][info][gc,phases      ] GC(296) Adjust Roots 0.263ms
[111.405s][info][gc,phases,start] GC(296) Compaction Phase
[112.003s][info][gc,phases      ] GC(296) Compaction Phase 597.855ms
[112.003s][info][gc,phases,start] GC(296) Post Compact
[112.012s][info][gc,phases      ] GC(296) Post Compact 8.963ms
[112.012s][info][gc,heap        ] GC(296) PSYoungGen: 127999K(348160K)->127999K(347648K) Eden: 127999K(128000K)->127999K(128000K) From: 0K(220160K)->0K(219648K)
[112.012s][info][gc,heap        ] GC(296) ParOldGen: 6143653K(6144000K)->6143653K(6144000K)
[112.012s][info][gc,metaspace   ] GC(296) Metaspace: 6299K(6464K)->6299K(6464K) NonClass: 5765K(5824K)->5765K(5824K) Class: 533K(640K)->533K(640K)
[112.012s][info][gc             ] GC(296) Pause Full (Ergonomics) 6124M->6124M(6339M) 2145.209ms
[112.012s][info][gc,cpu         ] GC(296) User=15.45s Sys=0.00s Real=2.15s
[112.012s][info][gc,start       ] GC(297) Pause Full (Ergonomics)
[112.012s][info][gc,phases,start] GC(297) Marking Phase
[113.538s][info][gc,phases      ] GC(297) Marking Phase 1525.667ms
[113.538s][info][gc,phases,start] GC(297) Summary Phase
[113.538s][info][gc,phases      ] GC(297) Summary Phase 0.112ms
[113.538s][info][gc,phases,start] GC(297) Adjust Roots
[113.538s][info][gc,phases      ] GC(297) Adjust Roots 0.208ms
[113.538s][info][gc,phases,start] GC(297) Compaction Phase
[114.111s][info][gc,phases      ] GC(297) Compaction Phase 572.477ms
[114.111s][info][gc,phases,start] GC(297) Post Compact
[114.120s][info][gc,phases      ] GC(297) Post Compact 9.080ms
[114.120s][info][gc,heap        ] GC(297) PSYoungGen: 127999K(347648K)->127999K(348160K) Eden: 127999K(128000K)->127999K(128000K) From: 0K(219648K)->0K(220160K)
[114.120s][info][gc,heap        ] GC(297) ParOldGen: 6143658K(6144000K)->6143658K(6144000K)
[114.120s][info][gc,metaspace   ] GC(297) Metaspace: 6299K(6464K)->6299K(6464K) NonClass: 5765K(5824K)->5765K(5824K) Class: 533K(640K)->533K(640K)
[114.120s][info][gc             ] GC(297) Pause Full (Ergonomics) 6124M->6124M(6340M) 2107.916ms
[114.120s][info][gc,cpu         ] GC(297) User=15.41s Sys=0.00s Real=2.11s
[114.120s][info][gc,start       ] GC(298) Pause Full (Ergonomics)
[114.120s][info][gc,phases,start] GC(298) Marking Phase
[115.639s][info][gc,phases      ] GC(298) Marking Phase 1518.275ms
[115.639s][info][gc,phases,start] GC(298) Summary Phase
[115.639s][info][gc,phases      ] GC(298) Summary Phase 0.069ms
[115.639s][info][gc,phases,start] GC(298) Adjust Roots
[115.639s][info][gc,phases      ] GC(298) Adjust Roots 0.206ms
[115.639s][info][gc,phases,start] GC(298) Compaction Phase
[116.201s][info][gc,phases      ] GC(298) Compaction Phase 562.347ms
[116.201s][info][gc,phases,start] GC(298) Post Compact
[116.211s][info][gc,phases      ] GC(298) Post Compact 9.246ms
[116.211s][info][gc,heap        ] GC(298) PSYoungGen: 127999K(348160K)->127999K(347648K) Eden: 127999K(128000K)->127999K(128000K) From: 0K(220160K)->0K(219648K)
[116.211s][info][gc,heap        ] GC(298) ParOldGen: 6143662K(6144000K)->6143662K(6144000K)
[116.211s][info][gc,metaspace   ] GC(298) Metaspace: 6299K(6464K)->6299K(6464K) NonClass: 5765K(5824K)->5765K(5824K) Class: 533K(640K)->533K(640K)
[116.211s][info][gc             ] GC(298) Pause Full (Ergonomics) 6124M->6124M(6339M) 2090.451ms
[116.211s][info][gc,cpu         ] GC(298) User=15.16s Sys=0.00s Real=2.09s
[116.211s][info][gc,start       ] GC(299) Pause Full (Ergonomics)
[116.211s][info][gc,phases,start] GC(299) Marking Phase
[117.723s][info][gc,phases      ] GC(299) Marking Phase 1512.409ms
[117.723s][info][gc,phases,start] GC(299) Summary Phase
[117.724s][info][gc,phases      ] GC(299) Summary Phase 0.065ms
[117.724s][info][gc,phases,start] GC(299) Adjust Roots
[117.724s][info][gc,phases      ] GC(299) Adjust Roots 0.192ms
[117.724s][info][gc,phases,start] GC(299) Compaction Phase
[118.300s][info][gc,phases      ] GC(299) Compaction Phase 576.112ms
[118.300s][info][gc,phases,start] GC(299) Post Compact
[118.309s][info][gc,phases      ] GC(299) Post Compact 9.066ms
[118.309s][info][gc,heap        ] GC(299) PSYoungGen: 127999K(347648K)->127999K(348160K) Eden: 127999K(128000K)->127999K(128000K) From: 0K(219648K)->0K(220160K)
[118.309s][info][gc,heap        ] GC(299) ParOldGen: 6143667K(6144000K)->6143667K(6144000K)
[118.309s][info][gc,metaspace   ] GC(299) Metaspace: 6299K(6464K)->6299K(6464K) NonClass: 5765K(5824K)->5765K(5824K) Class: 533K(640K)->533K(640K)
[118.309s][info][gc             ] GC(299) Pause Full (Ergonomics) 6124M->6124M(6340M) 2098.154ms
[118.309s][info][gc,cpu         ] GC(299) User=15.41s Sys=0.00s Real=2.10s
[118.309s][info][gc,start       ] GC(300) Pause Full (Ergonomics)
[118.309s][info][gc,phases,start] GC(300) Marking Phase
[119.843s][info][gc,phases      ] GC(300) Marking Phase 1533.485ms
[119.843s][info][gc,phases,start] GC(300) Summary Phase
[119.843s][info][gc,phases      ] GC(300) Summary Phase 0.063ms
[119.843s][info][gc,phases,start] GC(300) Adjust Roots
[119.843s][info][gc,phases      ] GC(300) Adjust Roots 0.239ms
[119.843s][info][gc,phases,start] GC(300) Compaction Phase
[120.393s][info][gc,phases      ] GC(300) Compaction Phase 549.977ms
[120.393s][info][gc,phases,start] GC(300) Post Compact
[120.402s][info][gc,phases      ] GC(300) Post Compact 9.086ms
[120.402s][info][gc,heap        ] GC(300) PSYoungGen: 127999K(348160K)->127999K(347648K) Eden: 127999K(128000K)->127999K(128000K) From: 0K(220160K)->0K(219648K)
[120.403s][info][gc,heap        ] GC(300) ParOldGen: 6143672K(6144000K)->6143672K(6144000K)
[120.403s][info][gc,metaspace   ] GC(300) Metaspace: 6299K(6464K)->6299K(6464K) NonClass: 5765K(5824K)->5765K(5824K) Class: 533K(640K)->533K(640K)
[120.403s][info][gc             ] GC(300) Pause Full (Ergonomics) 6124M->6124M(6339M) 2093.206ms
[120.403s][info][gc,cpu         ] GC(300) User=15.34s Sys=0.02s Real=2.09s
[120.403s][info][gc,start       ] GC(301) Pause Full (Ergonomics)
[120.403s][info][gc,phases,start] GC(301) Marking Phase
[121.911s][info][gc,phases      ] GC(301) Marking Phase 1507.863ms
[121.911s][info][gc,phases,start] GC(301) Summary Phase
[121.911s][info][gc,phases      ] GC(301) Summary Phase 0.065ms
[121.911s][info][gc,phases,start] GC(301) Adjust Roots
[121.911s][info][gc,phases      ] GC(301) Adjust Roots 0.195ms
[121.911s][info][gc,phases,start] GC(301) Compaction Phase
[122.451s][info][gc,phases      ] GC(301) Compaction Phase 539.646ms
[122.451s][info][gc,phases,start] GC(301) Post Compact
[122.460s][info][gc,phases      ] GC(301) Post Compact 9.071ms
[122.460s][info][gc,heap        ] GC(301) PSYoungGen: 127999K(347648K)->127999K(348160K) Eden: 127999K(128000K)->127999K(128000K) From: 0K(219648K)->0K(220160K)
[122.460s][info][gc,heap        ] GC(301) ParOldGen: 6143677K(6144000K)->6143677K(6144000K)
[122.460s][info][gc,metaspace   ] GC(301) Metaspace: 6299K(6464K)->6299K(6464K) NonClass: 5765K(5824K)->5765K(5824K) Class: 533K(640K)->533K(640K)
[122.460s][info][gc             ] GC(301) Pause Full (Ergonomics) 6124M->6124M(6340M) 2057.168ms
[122.460s][info][gc,cpu         ] GC(301) User=15.30s Sys=0.00s Real=2.06s
[122.460s][info][gc,start       ] GC(302) Pause Full (Ergonomics)
[122.460s][info][gc,phases,start] GC(302) Marking Phase
[124.002s][info][gc,phases      ] GC(302) Marking Phase 1541.488ms
[124.002s][info][gc,phases,start] GC(302) Summary Phase
[124.002s][info][gc,phases      ] GC(302) Summary Phase 0.064ms
[124.002s][info][gc,phases,start] GC(302) Adjust Roots
[124.002s][info][gc,phases      ] GC(302) Adjust Roots 0.193ms
[124.002s][info][gc,phases,start] GC(302) Compaction Phase
[124.571s][info][gc,phases      ] GC(302) Compaction Phase 569.380ms
[124.571s][info][gc,phases,start] GC(302) Post Compact
[124.580s][info][gc,phases      ] GC(302) Post Compact 9.044ms
[124.581s][info][gc,heap        ] GC(302) PSYoungGen: 127999K(348160K)->127999K(347648K) Eden: 127999K(128000K)->127999K(128000K) From: 0K(220160K)->0K(219648K)
[124.581s][info][gc,heap        ] GC(302) ParOldGen: 6143682K(6144000K)->6143682K(6144000K)
[124.581s][info][gc,metaspace   ] GC(302) Metaspace: 6299K(6464K)->6299K(6464K) NonClass: 5765K(5824K)->5765K(5824K) Class: 533K(640K)->533K(640K)
[124.581s][info][gc             ] GC(302) Pause Full (Ergonomics) 6124M->6124M(6339M) 2120.480ms
[124.581s][info][gc,cpu         ] GC(302) User=15.64s Sys=0.00s Real=2.12s
[124.581s][info][gc,start       ] GC(303) Pause Full (Ergonomics)
[124.581s][info][gc,phases,start] GC(303) Marking Phase
[126.087s][info][gc,phases      ] GC(303) Marking Phase 1505.900ms
[126.087s][info][gc,phases,start] GC(303) Summary Phase
[126.087s][info][gc,phases      ] GC(303) Summary Phase 0.076ms
[126.087s][info][gc,phases,start] GC(303) Adjust Roots
[126.087s][info][gc,phases      ] GC(303) Adjust Roots 0.293ms
[126.087s][info][gc,phases,start] GC(303) Compaction Phase
[126.635s][info][gc,phases      ] GC(303) Compaction Phase 547.490ms
[126.635s][info][gc,phases,start] GC(303) Post Compact
[126.644s][info][gc,phases      ] GC(303) Post Compact 9.064ms
[126.644s][info][gc,heap        ] GC(303) PSYoungGen: 127999K(347648K)->127999K(348160K) Eden: 127999K(128000K)->127999K(128000K) From: 0K(219648K)->0K(220160K)
[126.644s][info][gc,heap        ] GC(303) ParOldGen: 6143687K(6144000K)->6143687K(6144000K)
[126.644s][info][gc,metaspace   ] GC(303) Metaspace: 6299K(6464K)->6299K(6464K) NonClass: 5765K(5824K)->5765K(5824K) Class: 533K(640K)->533K(640K)
[126.644s][info][gc             ] GC(303) Pause Full (Ergonomics) 6124M->6124M(6340M) 2063.162ms
[126.644s][info][gc,cpu         ] GC(303) User=14.91s Sys=0.05s Real=2.06s
[126.644s][info][gc,start       ] GC(304) Pause Full (Ergonomics)
[126.644s][info][gc,phases,start] GC(304) Marking Phase
[128.182s][info][gc,phases      ] GC(304) Marking Phase 1537.544ms
[128.182s][info][gc,phases,start] GC(304) Summary Phase
[128.182s][info][gc,phases      ] GC(304) Summary Phase 0.064ms
[128.182s][info][gc,phases,start] GC(304) Adjust Roots
[128.182s][info][gc,phases      ] GC(304) Adjust Roots 0.165ms
[128.182s][info][gc,phases,start] GC(304) Compaction Phase
[128.751s][info][gc,phases      ] GC(304) Compaction Phase 568.694ms
[128.751s][info][gc,phases,start] GC(304) Post Compact
[128.760s][info][gc,phases      ] GC(304) Post Compact 9.064ms
[128.760s][info][gc,heap        ] GC(304) PSYoungGen: 127999K(348160K)->127999K(347648K) Eden: 127999K(128000K)->127999K(128000K) From: 0K(220160K)->0K(219648K)
[128.760s][info][gc,heap        ] GC(304) ParOldGen: 6143691K(6144000K)->6143691K(6144000K)
[128.760s][info][gc,metaspace   ] GC(304) Metaspace: 6299K(6464K)->6299K(6464K) NonClass: 5765K(5824K)->5765K(5824K) Class: 533K(640K)->533K(640K)
[128.760s][info][gc             ] GC(304) Pause Full (Ergonomics) 6124M->6124M(6339M) 2115.859ms
[128.760s][info][gc,cpu         ] GC(304) User=15.31s Sys=0.00s Real=2.12s
[128.760s][info][gc,start       ] GC(305) Pause Full (Ergonomics)
[128.760s][info][gc,phases,start] GC(305) Marking Phase
[130.266s][info][gc,phases      ] GC(305) Marking Phase 1505.665ms
[130.266s][info][gc,phases,start] GC(305) Summary Phase
[130.266s][info][gc,phases      ] GC(305) Summary Phase 0.064ms
[130.266s][info][gc,phases,start] GC(305) Adjust Roots
[130.266s][info][gc,phases      ] GC(305) Adjust Roots 0.165ms
[130.266s][info][gc,phases,start] GC(305) Compaction Phase
[130.796s][info][gc,phases      ] GC(305) Compaction Phase 529.936ms
[130.796s][info][gc,phases,start] GC(305) Post Compact
[130.805s][info][gc,phases      ] GC(305) Post Compact 9.033ms
[130.805s][info][gc,heap        ] GC(305) PSYoungGen: 127999K(347648K)->127999K(348160K) Eden: 127999K(128000K)->127999K(128000K) From: 0K(219648K)->0K(220160K)
[130.805s][info][gc,heap        ] GC(305) ParOldGen: 6143696K(6144000K)->6143696K(6144000K)
[130.805s][info][gc,metaspace   ] GC(305) Metaspace: 6299K(6464K)->6299K(6464K) NonClass: 5765K(5824K)->5765K(5824K) Class: 533K(640K)->533K(640K)
[130.805s][info][gc             ] GC(305) Pause Full (Ergonomics) 6124M->6124M(6340M) 2045.242ms
[130.805s][info][gc,cpu         ] GC(305) User=14.98s Sys=0.00s Real=2.05s
[130.806s][info][gc,start       ] GC(306) Pause Full (Ergonomics)
[130.806s][info][gc,phases,start] GC(306) Marking Phase
[132.303s][info][gc,phases      ] GC(306) Marking Phase 1496.856ms
[132.303s][info][gc,phases,start] GC(306) Summary Phase
[132.303s][info][gc,phases      ] GC(306) Summary Phase 0.102ms
[132.303s][info][gc,phases,start] GC(306) Adjust Roots
[132.303s][info][gc,phases      ] GC(306) Adjust Roots 0.201ms
[132.303s][info][gc,phases,start] GC(306) Compaction Phase
[132.807s][info][gc,phases      ] GC(306) Compaction Phase 504.064ms
[132.807s][info][gc,phases,start] GC(306) Post Compact
[132.816s][info][gc,phases      ] GC(306) Post Compact 9.184ms
[132.816s][info][gc,heap        ] GC(306) PSYoungGen: 127999K(348160K)->127999K(347648K) Eden: 127999K(128000K)->127999K(128000K) From: 0K(220160K)->0K(219648K)
[132.816s][info][gc,heap        ] GC(306) ParOldGen: 6143701K(6144000K)->6143701K(6144000K)
[132.816s][info][gc,metaspace   ] GC(306) Metaspace: 6299K(6464K)->6299K(6464K) NonClass: 5765K(5824K)->5765K(5824K) Class: 533K(640K)->533K(640K)
[132.816s][info][gc             ] GC(306) Pause Full (Ergonomics) 6124M->6124M(6339M) 2010.763ms
[132.816s][info][gc,cpu         ] GC(306) User=14.86s Sys=0.00s Real=2.01s
[132.817s][info][gc,start       ] GC(307) Pause Full (Ergonomics)
[132.817s][info][gc,phases,start] GC(307) Marking Phase
[134.338s][info][gc,phases      ] GC(307) Marking Phase 1521.073ms
[134.338s][info][gc,phases,start] GC(307) Summary Phase
[134.338s][info][gc,phases      ] GC(307) Summary Phase 0.067ms
[134.338s][info][gc,phases,start] GC(307) Adjust Roots
[134.338s][info][gc,phases      ] GC(307) Adjust Roots 0.167ms
[134.338s][info][gc,phases,start] GC(307) Compaction Phase
[134.820s][info][gc,phases      ] GC(307) Compaction Phase 482.142ms
[134.820s][info][gc,phases,start] GC(307) Post Compact
[134.830s][info][gc,phases      ] GC(307) Post Compact 9.871ms
[134.830s][info][gc,heap        ] GC(307) PSYoungGen: 127999K(347648K)->127999K(348160K) Eden: 127999K(128000K)->127999K(128000K) From: 0K(219648K)->0K(220160K)
[134.830s][info][gc,heap        ] GC(307) ParOldGen: 6143706K(6144000K)->6143706K(6144000K)
[134.830s][info][gc,metaspace   ] GC(307) Metaspace: 6299K(6464K)->6299K(6464K) NonClass: 5765K(5824K)->5765K(5824K) Class: 533K(640K)->533K(640K)
[134.830s][info][gc             ] GC(307) Pause Full (Ergonomics) 6124M->6124M(6340M) 2013.635ms
[134.830s][info][gc,cpu         ] GC(307) User=14.78s Sys=0.00s Real=2.01s
[134.830s][info][gc,start       ] GC(308) Pause Full (Ergonomics)
[134.831s][info][gc,phases,start] GC(308) Marking Phase
[136.320s][info][gc,phases      ] GC(308) Marking Phase 1489.748ms
[136.320s][info][gc,phases,start] GC(308) Summary Phase
[136.320s][info][gc,phases      ] GC(308) Summary Phase 0.069ms
[136.320s][info][gc,phases,start] GC(308) Adjust Roots
[136.321s][info][gc,phases      ] GC(308) Adjust Roots 0.204ms
[136.321s][info][gc,phases,start] GC(308) Compaction Phase
[136.801s][info][gc,phases      ] GC(308) Compaction Phase 480.454ms
[136.801s][info][gc,phases,start] GC(308) Post Compact
[136.810s][info][gc,phases      ] GC(308) Post Compact 9.159ms
[136.810s][info][gc,heap        ] GC(308) PSYoungGen: 127999K(348160K)->127999K(347648K) Eden: 127999K(128000K)->127999K(128000K) From: 0K(220160K)->0K(219648K)
[136.810s][info][gc,heap        ] GC(308) ParOldGen: 6143711K(6144000K)->6143711K(6144000K)
[136.810s][info][gc,metaspace   ] GC(308) Metaspace: 6299K(6464K)->6299K(6464K) NonClass: 5765K(5824K)->5765K(5824K) Class: 533K(640K)->533K(640K)
[136.810s][info][gc             ] GC(308) Pause Full (Ergonomics) 6124M->6124M(6339M) 1979.975ms
[136.810s][info][gc,cpu         ] GC(308) User=14.48s Sys=0.00s Real=1.98s
[136.811s][info][gc,start       ] GC(309) Pause Full (Ergonomics)
[136.811s][info][gc,phases,start] GC(309) Marking Phase
[138.290s][info][gc,phases      ] GC(309) Marking Phase 1479.165ms
[138.290s][info][gc,phases,start] GC(309) Summary Phase
[138.290s][info][gc,phases      ] GC(309) Summary Phase 0.065ms
[138.290s][info][gc,phases,start] GC(309) Adjust Roots
[138.290s][info][gc,phases      ] GC(309) Adjust Roots 0.192ms
[138.290s][info][gc,phases,start] GC(309) Compaction Phase
[138.770s][info][gc,phases      ] GC(309) Compaction Phase 479.920ms
[138.770s][info][gc,phases,start] GC(309) Post Compact
[138.779s][info][gc,phases      ] GC(309) Post Compact 9.012ms
[138.779s][info][gc,heap        ] GC(309) PSYoungGen: 127999K(347648K)->127999K(348160K) Eden: 127999K(128000K)->127999K(128000K) From: 0K(219648K)->0K(220160K)
[138.779s][info][gc,heap        ] GC(309) ParOldGen: 6143716K(6144000K)->6143716K(6144000K)
[138.779s][info][gc,metaspace   ] GC(309) Metaspace: 6299K(6464K)->6299K(6464K) NonClass: 5765K(5824K)->5765K(5824K) Class: 533K(640K)->533K(640K)
[138.779s][info][gc             ] GC(309) Pause Full (Ergonomics) 6124M->6124M(6340M) 1968.661ms
[138.779s][info][gc,cpu         ] GC(309) User=14.36s Sys=0.00s Real=1.97s
[138.780s][info][gc,start       ] GC(310) Pause Full (Ergonomics)
[138.780s][info][gc,phases,start] GC(310) Marking Phase
[140.232s][info][gc,phases      ] GC(310) Marking Phase 1452.151ms
[140.232s][info][gc,phases,start] GC(310) Summary Phase
[140.232s][info][gc,phases      ] GC(310) Summary Phase 0.065ms
[140.232s][info][gc,phases,start] GC(310) Adjust Roots
[140.232s][info][gc,phases      ] GC(310) Adjust Roots 0.166ms
[140.232s][info][gc,phases,start] GC(310) Compaction Phase
[140.732s][info][gc,phases      ] GC(310) Compaction Phase 500.223ms
[140.732s][info][gc,phases,start] GC(310) Post Compact
[140.741s][info][gc,phases      ] GC(310) Post Compact 9.127ms
[140.742s][info][gc,heap        ] GC(310) PSYoungGen: 127999K(348160K)->127999K(347648K) Eden: 127999K(128000K)->127999K(128000K) From: 0K(220160K)->0K(219648K)
[140.742s][info][gc,heap        ] GC(310) ParOldGen: 6143720K(6144000K)->6143720K(6144000K)
[140.742s][info][gc,metaspace   ] GC(310) Metaspace: 6299K(6464K)->6299K(6464K) NonClass: 5765K(5824K)->5765K(5824K) Class: 533K(640K)->533K(640K)
[140.742s][info][gc             ] GC(310) Pause Full (Ergonomics) 6124M->6124M(6339M) 1962.060ms
[140.742s][info][gc,cpu         ] GC(310) User=14.14s Sys=0.00s Real=1.96s
[140.742s][info][gc,start       ] GC(311) Pause Full (Ergonomics)
[140.742s][info][gc,phases,start] GC(311) Marking Phase
[142.210s][info][gc,phases      ] GC(311) Marking Phase 1468.458ms
[142.210s][info][gc,phases,start] GC(311) Summary Phase
[142.210s][info][gc,phases      ] GC(311) Summary Phase 0.067ms
[142.210s][info][gc,phases,start] GC(311) Adjust Roots
[142.211s][info][gc,phases      ] GC(311) Adjust Roots 0.194ms
[142.211s][info][gc,phases,start] GC(311) Compaction Phase
[142.712s][info][gc,phases      ] GC(311) Compaction Phase 500.890ms
[142.712s][info][gc,phases,start] GC(311) Post Compact
[142.721s][info][gc,phases      ] GC(311) Post Compact 9.002ms
[142.721s][info][gc,heap        ] GC(311) PSYoungGen: 127999K(347648K)->127999K(348160K) Eden: 127999K(128000K)->127999K(128000K) From: 0K(219648K)->0K(220160K)
[142.721s][info][gc,heap        ] GC(311) ParOldGen: 6143725K(6144000K)->6143725K(6144000K)
[142.721s][info][gc,metaspace   ] GC(311) Metaspace: 6299K(6464K)->6299K(6464K) NonClass: 5765K(5824K)->5765K(5824K) Class: 533K(640K)->533K(640K)
[142.721s][info][gc             ] GC(311) Pause Full (Ergonomics) 6124M->6124M(6340M) 1978.939ms
[142.721s][info][gc,cpu         ] GC(311) User=14.53s Sys=0.02s Real=1.98s
[142.721s][info][gc,start       ] GC(312) Pause Full (Ergonomics)
[142.721s][info][gc,phases,start] GC(312) Marking Phase
[144.153s][info][gc,phases      ] GC(312) Marking Phase 1431.898ms
[144.153s][info][gc,phases,start] GC(312) Summary Phase
[144.153s][info][gc,phases      ] GC(312) Summary Phase 0.065ms
[144.153s][info][gc,phases,start] GC(312) Adjust Roots
[144.153s][info][gc,phases      ] GC(312) Adjust Roots 0.183ms
[144.153s][info][gc,phases,start] GC(312) Compaction Phase
[144.642s][info][gc,phases      ] GC(312) Compaction Phase 488.516ms
[144.642s][info][gc,phases,start] GC(312) Post Compact
[144.651s][info][gc,phases      ] GC(312) Post Compact 9.384ms
[144.651s][info][gc,heap        ] GC(312) PSYoungGen: 127999K(348160K)->127999K(347648K) Eden: 127999K(128000K)->127999K(128000K) From: 0K(220160K)->0K(219648K)
[144.651s][info][gc,heap        ] GC(312) ParOldGen: 6143730K(6144000K)->6143730K(6144000K)
[144.651s][info][gc,metaspace   ] GC(312) Metaspace: 6299K(6464K)->6299K(6464K) NonClass: 5765K(5824K)->5765K(5824K) Class: 533K(640K)->533K(640K)
[144.651s][info][gc             ] GC(312) Pause Full (Ergonomics) 6124M->6124M(6339M) 1930.389ms
[144.651s][info][gc,cpu         ] GC(312) User=14.05s Sys=0.00s Real=1.93s
[144.652s][info][gc,start       ] GC(313) Pause Full (Ergonomics)
[144.652s][info][gc,phases,start] GC(313) Marking Phase
[146.089s][info][gc,phases      ] GC(313) Marking Phase 1437.700ms
[146.089s][info][gc,phases,start] GC(313) Summary Phase
[146.089s][info][gc,phases      ] GC(313) Summary Phase 0.091ms
[146.089s][info][gc,phases,start] GC(313) Adjust Roots
[146.090s][info][gc,phases      ] GC(313) Adjust Roots 0.237ms
[146.090s][info][gc,phases,start] GC(313) Compaction Phase
[146.571s][info][gc,phases      ] GC(313) Compaction Phase 481.601ms
[146.571s][info][gc,phases,start] GC(313) Post Compact
[146.580s][info][gc,phases      ] GC(313) Post Compact 9.125ms
[146.581s][info][gc,heap        ] GC(313) PSYoungGen: 127999K(347648K)->127999K(348160K) Eden: 127999K(128000K)->127999K(128000K) From: 0K(219648K)->0K(220160K)
[146.581s][info][gc,heap        ] GC(313) ParOldGen: 6143735K(6144000K)->6143735K(6144000K)
[146.581s][info][gc,metaspace   ] GC(313) Metaspace: 6299K(6464K)->6299K(6464K) NonClass: 5765K(5824K)->5765K(5824K) Class: 533K(640K)->533K(640K)
[146.581s][info][gc             ] GC(313) Pause Full (Ergonomics) 6124M->6124M(6340M) 1929.116ms
[146.581s][info][gc,cpu         ] GC(313) User=14.03s Sys=0.02s Real=1.93s
[146.581s][info][gc,start       ] GC(314) Pause Full (Ergonomics)
[146.581s][info][gc,phases,start] GC(314) Marking Phase
[148.025s][info][gc,phases      ] GC(314) Marking Phase 1444.457ms
[148.025s][info][gc,phases,start] GC(314) Summary Phase
[148.025s][info][gc,phases      ] GC(314) Summary Phase 0.066ms
[148.025s][info][gc,phases,start] GC(314) Adjust Roots
[148.026s][info][gc,phases      ] GC(314) Adjust Roots 0.182ms
[148.026s][info][gc,phases,start] GC(314) Compaction Phase
[148.515s][info][gc,phases      ] GC(314) Compaction Phase 489.389ms
[148.515s][info][gc,phases,start] GC(314) Post Compact
[148.524s][info][gc,phases      ] GC(314) Post Compact 9.165ms
[148.524s][info][gc,heap        ] GC(314) PSYoungGen: 127999K(348160K)->127999K(347648K) Eden: 127999K(128000K)->127999K(128000K) From: 0K(220160K)->0K(219648K)
[148.524s][info][gc,heap        ] GC(314) ParOldGen: 6143740K(6144000K)->6143740K(6144000K)
[148.524s][info][gc,metaspace   ] GC(314) Metaspace: 6299K(6464K)->6299K(6464K) NonClass: 5765K(5824K)->5765K(5824K) Class: 533K(640K)->533K(640K)
[148.524s][info][gc             ] GC(314) Pause Full (Ergonomics) 6124M->6124M(6339M) 1943.613ms
[148.524s][info][gc,cpu         ] GC(314) User=14.06s Sys=0.00s Real=1.94s
[148.525s][info][gc,start       ] GC(315) Pause Full (Ergonomics)
[148.525s][info][gc,phases,start] GC(315) Marking Phase
[149.949s][info][gc,phases      ] GC(315) Marking Phase 1424.521ms
[149.949s][info][gc,phases,start] GC(315) Summary Phase
[149.949s][info][gc,phases      ] GC(315) Summary Phase 0.071ms
[149.949s][info][gc,phases,start] GC(315) Adjust Roots
[149.950s][info][gc,phases      ] GC(315) Adjust Roots 0.176ms
[149.950s][info][gc,phases,start] GC(315) Compaction Phase
[150.440s][info][gc,phases      ] GC(315) Compaction Phase 490.413ms
[150.440s][info][gc,phases,start] GC(315) Post Compact
[150.449s][info][gc,phases      ] GC(315) Post Compact 9.165ms
[150.449s][info][gc,heap        ] GC(315) PSYoungGen: 127999K(347648K)->127999K(348160K) Eden: 127999K(128000K)->127999K(128000K) From: 0K(219648K)->0K(220160K)
[150.449s][info][gc,heap        ] GC(315) ParOldGen: 6143745K(6144000K)->6143745K(6144000K)
[150.449s][info][gc,metaspace   ] GC(315) Metaspace: 6299K(6464K)->6299K(6464K) NonClass: 5765K(5824K)->5765K(5824K) Class: 533K(640K)->533K(640K)
[150.449s][info][gc             ] GC(315) Pause Full (Ergonomics) 6124M->6124M(6340M) 1924.672ms
[150.449s][info][gc,cpu         ] GC(315) User=13.95s Sys=0.00s Real=1.92s
[150.450s][info][gc,start       ] GC(316) Pause Full (Ergonomics)
[150.450s][info][gc,phases,start] GC(316) Marking Phase
[151.871s][info][gc,phases      ] GC(316) Marking Phase 1421.923ms
[151.872s][info][gc,phases,start] GC(316) Summary Phase
[151.872s][info][gc,phases      ] GC(316) Summary Phase 0.065ms
[151.872s][info][gc,phases,start] GC(316) Adjust Roots
[151.872s][info][gc,phases      ] GC(316) Adjust Roots 0.167ms
[151.872s][info][gc,phases,start] GC(316) Compaction Phase
[152.354s][info][gc,phases      ] GC(316) Compaction Phase 482.470ms
[152.354s][info][gc,phases,start] GC(316) Post Compact
[152.363s][info][gc,phases      ] GC(316) Post Compact 9.117ms
[152.364s][info][gc,heap        ] GC(316) PSYoungGen: 127999K(348160K)->127999K(347648K) Eden: 127999K(128000K)->127999K(128000K) From: 0K(220160K)->0K(219648K)
[152.364s][info][gc,heap        ] GC(316) ParOldGen: 6143749K(6144000K)->6143749K(6144000K)
[152.364s][info][gc,metaspace   ] GC(316) Metaspace: 6299K(6464K)->6299K(6464K) NonClass: 5765K(5824K)->5765K(5824K) Class: 533K(640K)->533K(640K)
[152.364s][info][gc             ] GC(316) Pause Full (Ergonomics) 6124M->6124M(6339M) 1914.062ms
[152.364s][info][gc,cpu         ] GC(316) User=13.80s Sys=0.02s Real=1.91s
[152.364s][info][gc,start       ] GC(317) Pause Full (Ergonomics)
[152.364s][info][gc,phases,start] GC(317) Marking Phase
[153.804s][info][gc,phases      ] GC(317) Marking Phase 1439.824ms
[153.804s][info][gc,phases,start] GC(317) Summary Phase
[153.804s][info][gc,phases      ] GC(317) Summary Phase 0.070ms
[153.804s][info][gc,phases,start] GC(317) Adjust Roots
[153.804s][info][gc,phases      ] GC(317) Adjust Roots 0.166ms
[153.804s][info][gc,phases,start] GC(317) Compaction Phase
[154.291s][info][gc,phases      ] GC(317) Compaction Phase 487.263ms
[154.291s][info][gc,phases,start] GC(317) Post Compact
[154.301s][info][gc,phases      ] GC(317) Post Compact 9.220ms
[154.301s][info][gc,heap        ] GC(317) PSYoungGen: 127999K(347648K)->127999K(348160K) Eden: 127999K(128000K)->127999K(128000K) From: 0K(219648K)->0K(220160K)
[154.301s][info][gc,heap        ] GC(317) ParOldGen: 6143754K(6144000K)->6143754K(6144000K)
[154.301s][info][gc,metaspace   ] GC(317) Metaspace: 6299K(6464K)->6299K(6464K) NonClass: 5765K(5824K)->5765K(5824K) Class: 533K(640K)->533K(640K)
[154.301s][info][gc             ] GC(317) Pause Full (Ergonomics) 6124M->6124M(6340M) 1936.890ms
[154.301s][info][gc,cpu         ] GC(317) User=14.28s Sys=0.00s Real=1.94s
[154.301s][info][gc,start       ] GC(318) Pause Full (Ergonomics)
[154.301s][info][gc,phases,start] GC(318) Marking Phase
[155.719s][info][gc,phases      ] GC(318) Marking Phase 1418.389ms
[155.720s][info][gc,phases,start] GC(318) Summary Phase
[155.720s][info][gc,phases      ] GC(318) Summary Phase 0.070ms
[155.720s][info][gc,phases,start] GC(318) Adjust Roots
[155.720s][info][gc,phases      ] GC(318) Adjust Roots 0.171ms
[155.720s][info][gc,phases,start] GC(318) Compaction Phase
[156.204s][info][gc,phases      ] GC(318) Compaction Phase 483.959ms
[156.204s][info][gc,phases,start] GC(318) Post Compact
[156.213s][info][gc,phases      ] GC(318) Post Compact 9.059ms
[156.213s][info][gc,heap        ] GC(318) PSYoungGen: 127999K(348160K)->127999K(347648K) Eden: 127999K(128000K)->127999K(128000K) From: 0K(220160K)->0K(219648K)
[156.213s][info][gc,heap        ] GC(318) ParOldGen: 6143759K(6144000K)->6143759K(6144000K)
[156.213s][info][gc,metaspace   ] GC(318) Metaspace: 6299K(6464K)->6299K(6464K) NonClass: 5765K(5824K)->5765K(5824K) Class: 533K(640K)->533K(640K)
[156.213s][info][gc             ] GC(318) Pause Full (Ergonomics) 6124M->6124M(6339M) 1911.978ms
[156.213s][info][gc,cpu         ] GC(318) User=13.94s Sys=0.02s Real=1.91s
[156.213s][info][gc,start       ] GC(319) Pause Full (Ergonomics)
[156.213s][info][gc,phases,start] GC(319) Marking Phase
[157.641s][info][gc,phases      ] GC(319) Marking Phase 1427.346ms
[157.641s][info][gc,phases,start] GC(319) Summary Phase
[157.641s][info][gc,phases      ] GC(319) Summary Phase 0.066ms
[157.641s][info][gc,phases,start] GC(319) Adjust Roots
[157.641s][info][gc,phases      ] GC(319) Adjust Roots 0.169ms
[157.641s][info][gc,phases,start] GC(319) Compaction Phase
[158.123s][info][gc,phases      ] GC(319) Compaction Phase 482.130ms
[158.123s][info][gc,phases,start] GC(319) Post Compact
[158.132s][info][gc,phases      ] GC(319) Post Compact 9.185ms
[158.132s][info][gc,heap        ] GC(319) PSYoungGen: 127999K(347648K)->127999K(348160K) Eden: 127999K(128000K)->127999K(128000K) From: 0K(219648K)->0K(220160K)
[158.132s][info][gc,heap        ] GC(319) ParOldGen: 6143764K(6144000K)->6143764K(6144000K)
[158.132s][info][gc,metaspace   ] GC(319) Metaspace: 6299K(6464K)->6299K(6464K) NonClass: 5765K(5824K)->5765K(5824K) Class: 533K(640K)->533K(640K)
[158.132s][info][gc             ] GC(319) Pause Full (Ergonomics) 6124M->6124M(6340M) 1919.245ms
[158.132s][info][gc,cpu         ] GC(319) User=14.03s Sys=0.00s Real=1.92s
[158.133s][info][gc,start       ] GC(320) Pause Full (Ergonomics)
[158.133s][info][gc,phases,start] GC(320) Marking Phase
[159.570s][info][gc,phases      ] GC(320) Marking Phase 1437.266ms
[159.570s][info][gc,phases,start] GC(320) Summary Phase
[159.570s][info][gc,phases      ] GC(320) Summary Phase 0.071ms
[159.570s][info][gc,phases,start] GC(320) Adjust Roots
[159.570s][info][gc,phases      ] GC(320) Adjust Roots 0.178ms
[159.570s][info][gc,phases,start] GC(320) Compaction Phase
[160.054s][info][gc,phases      ] GC(320) Compaction Phase 484.039ms
[160.054s][info][gc,phases,start] GC(320) Post Compact
[160.064s][info][gc,phases      ] GC(320) Post Compact 9.029ms
[160.064s][info][gc,heap        ] GC(320) PSYoungGen: 127999K(348160K)->127999K(347648K) Eden: 127999K(128000K)->127999K(128000K) From: 0K(220160K)->0K(219648K)
[160.064s][info][gc,heap        ] GC(320) ParOldGen: 6143769K(6144000K)->6143769K(6144000K)
[160.064s][info][gc,metaspace   ] GC(320) Metaspace: 6299K(6464K)->6299K(6464K) NonClass: 5765K(5824K)->5765K(5824K) Class: 533K(640K)->533K(640K)
[160.064s][info][gc             ] GC(320) Pause Full (Ergonomics) 6124M->6124M(6339M) 1930.981ms
[160.064s][info][gc,cpu         ] GC(320) User=14.16s Sys=0.02s Real=1.93s
[160.064s][info][gc,start       ] GC(321) Pause Full (Ergonomics)
[160.064s][info][gc,phases,start] GC(321) Marking Phase
[161.477s][info][gc,phases      ] GC(321) Marking Phase 1413.230ms
[161.477s][info][gc,phases,start] GC(321) Summary Phase
[161.477s][info][gc,phases      ] GC(321) Summary Phase 0.068ms
[161.477s][info][gc,phases,start] GC(321) Adjust Roots
[161.477s][info][gc,phases      ] GC(321) Adjust Roots 0.192ms
[161.477s][info][gc,phases,start] GC(321) Compaction Phase
[161.965s][info][gc,phases      ] GC(321) Compaction Phase 487.615ms
[161.965s][info][gc,phases,start] GC(321) Post Compact
[161.974s][info][gc,phases      ] GC(321) Post Compact 9.062ms
[161.974s][info][gc,heap        ] GC(321) PSYoungGen: 127999K(347648K)->127999K(348160K) Eden: 127999K(128000K)->127999K(128000K) From: 0K(219648K)->0K(220160K)
[161.974s][info][gc,heap        ] GC(321) ParOldGen: 6143774K(6144000K)->6143774K(6144000K)
[161.974s][info][gc,metaspace   ] GC(321) Metaspace: 6299K(6464K)->6299K(6464K) NonClass: 5765K(5824K)->5765K(5824K) Class: 533K(640K)->533K(640K)
[161.974s][info][gc             ] GC(321) Pause Full (Ergonomics) 6124M->6124M(6340M) 1910.505ms
[161.974s][info][gc,cpu         ] GC(321) User=13.92s Sys=0.00s Real=1.91s
[161.975s][info][gc,start       ] GC(322) Pause Full (Ergonomics)
[161.975s][info][gc,phases,start] GC(322) Marking Phase
[163.398s][info][gc,phases      ] GC(322) Marking Phase 1423.452ms
[163.398s][info][gc,phases,start] GC(322) Summary Phase
[163.398s][info][gc,phases      ] GC(322) Summary Phase 0.091ms
[163.398s][info][gc,phases,start] GC(322) Adjust Roots
[163.398s][info][gc,phases      ] GC(322) Adjust Roots 0.268ms
[163.399s][info][gc,phases,start] GC(322) Compaction Phase
[163.885s][info][gc,phases      ] GC(322) Compaction Phase 486.544ms
[163.885s][info][gc,phases,start] GC(322) Post Compact
[163.894s][info][gc,phases      ] GC(322) Post Compact 9.238ms
[163.894s][info][gc,heap        ] GC(322) PSYoungGen: 127999K(348160K)->127999K(347648K) Eden: 127999K(128000K)->127999K(128000K) From: 0K(220160K)->0K(219648K)
[163.894s][info][gc,heap        ] GC(322) ParOldGen: 6143778K(6144000K)->6143778K(6144000K)
[163.894s][info][gc,metaspace   ] GC(322) Metaspace: 6299K(6464K)->6299K(6464K) NonClass: 5765K(5824K)->5765K(5824K) Class: 533K(640K)->533K(640K)
[163.894s][info][gc             ] GC(322) Pause Full (Ergonomics) 6124M->6124M(6339M) 1919.964ms
[163.895s][info][gc,cpu         ] GC(322) User=14.00s Sys=0.00s Real=1.92s
[163.895s][info][gc,start       ] GC(323) Pause Full (Ergonomics)
[163.895s][info][gc,phases,start] GC(323) Marking Phase
[165.305s][info][gc,phases      ] GC(323) Marking Phase 1410.309ms
[165.305s][info][gc,phases,start] GC(323) Summary Phase
[165.305s][info][gc,phases      ] GC(323) Summary Phase 0.065ms
[165.305s][info][gc,phases,start] GC(323) Adjust Roots
[165.305s][info][gc,phases      ] GC(323) Adjust Roots 0.166ms
[165.305s][info][gc,phases,start] GC(323) Compaction Phase
[165.803s][info][gc,phases      ] GC(323) Compaction Phase 497.509ms
[165.803s][info][gc,phases,start] GC(323) Post Compact
[165.812s][info][gc,phases      ] GC(323) Post Compact 9.081ms
[165.812s][info][gc,heap        ] GC(323) PSYoungGen: 127999K(347648K)->127999K(348160K) Eden: 127999K(128000K)->127999K(128000K) From: 0K(219648K)->0K(220160K)
[165.812s][info][gc,heap        ] GC(323) ParOldGen: 6143783K(6144000K)->6143783K(6144000K)
[165.812s][info][gc,metaspace   ] GC(323) Metaspace: 6299K(6464K)->6299K(6464K) NonClass: 5765K(5824K)->5765K(5824K) Class: 533K(640K)->533K(640K)
[165.812s][info][gc             ] GC(323) Pause Full (Ergonomics) 6124M->6124M(6340M) 1917.453ms
[165.812s][info][gc,cpu         ] GC(323) User=13.80s Sys=0.00s Real=1.92s
[165.812s][info][gc,start       ] GC(324) Pause Full (Ergonomics)
[165.812s][info][gc,phases,start] GC(324) Marking Phase
[167.226s][info][gc,phases      ] GC(324) Marking Phase 1413.505ms
[167.226s][info][gc,phases,start] GC(324) Summary Phase
[167.226s][info][gc,phases      ] GC(324) Summary Phase 0.067ms
[167.226s][info][gc,phases,start] GC(324) Adjust Roots
[167.226s][info][gc,phases      ] GC(324) Adjust Roots 0.183ms
[167.226s][info][gc,phases,start] GC(324) Compaction Phase
[167.705s][info][gc,phases      ] GC(324) Compaction Phase 478.751ms
[167.705s][info][gc,phases,start] GC(324) Post Compact
[167.714s][info][gc,phases      ] GC(324) Post Compact 9.164ms
[167.714s][info][gc,heap        ] GC(324) PSYoungGen: 127999K(348160K)->127999K(347648K) Eden: 127999K(128000K)->127999K(128000K) From: 0K(220160K)->0K(219648K)
[167.714s][info][gc,heap        ] GC(324) ParOldGen: 6143788K(6144000K)->6143788K(6144000K)
[167.714s][info][gc,metaspace   ] GC(324) Metaspace: 6299K(6464K)->6299K(6464K) NonClass: 5765K(5824K)->5765K(5824K) Class: 533K(640K)->533K(640K)
[167.714s][info][gc             ] GC(324) Pause Full (Ergonomics) 6124M->6124M(6339M) 1902.010ms
[167.714s][info][gc,cpu         ] GC(324) User=13.84s Sys=0.00s Real=1.90s
[167.715s][info][gc,start       ] GC(325) Pause Full (Ergonomics)
[167.715s][info][gc,phases,start] GC(325) Marking Phase
[169.134s][info][gc,phases      ] GC(325) Marking Phase 1419.115ms
[169.134s][info][gc,phases,start] GC(325) Summary Phase
[169.134s][info][gc,phases      ] GC(325) Summary Phase 0.083ms
[169.134s][info][gc,phases,start] GC(325) Adjust Roots
[169.134s][info][gc,phases      ] GC(325) Adjust Roots 0.188ms
[169.134s][info][gc,phases,start] GC(325) Compaction Phase
[169.616s][info][gc,phases      ] GC(325) Compaction Phase 482.314ms
[169.616s][info][gc,phases,start] GC(325) Post Compact
[169.626s][info][gc,phases      ] GC(325) Post Compact 9.178ms
[169.626s][info][gc,heap        ] GC(325) PSYoungGen: 127999K(347648K)->127999K(348160K) Eden: 127999K(128000K)->127999K(128000K) From: 0K(219648K)->0K(220160K)
[169.626s][info][gc,heap        ] GC(325) ParOldGen: 6143793K(6144000K)->6143793K(6144000K)
[169.626s][info][gc,metaspace   ] GC(325) Metaspace: 6299K(6464K)->6299K(6464K) NonClass: 5765K(5824K)->5765K(5824K) Class: 533K(640K)->533K(640K)
[169.626s][info][gc             ] GC(325) Pause Full (Ergonomics) 6124M->6124M(6340M) 1911.204ms
[169.626s][info][gc,cpu         ] GC(325) User=13.88s Sys=0.00s Real=1.91s
[169.626s][info][gc,start       ] GC(326) Pause Full (Ergonomics)
[169.626s][info][gc,phases,start] GC(326) Marking Phase
[171.054s][info][gc,phases      ] GC(326) Marking Phase 1427.534ms
[171.054s][info][gc,phases,start] GC(326) Summary Phase
[171.054s][info][gc,phases      ] GC(326) Summary Phase 0.066ms
[171.054s][info][gc,phases,start] GC(326) Adjust Roots
[171.054s][info][gc,phases      ] GC(326) Adjust Roots 0.200ms
[171.054s][info][gc,phases,start] GC(326) Compaction Phase
[171.538s][info][gc,phases      ] GC(326) Compaction Phase 484.360ms
[171.538s][info][gc,phases,start] GC(326) Post Compact
[171.548s][info][gc,phases      ] GC(326) Post Compact 9.169ms
[171.548s][info][gc,heap        ] GC(326) PSYoungGen: 127999K(348160K)->127999K(347648K) Eden: 127999K(128000K)->127999K(128000K) From: 0K(220160K)->0K(219648K)
[171.548s][info][gc,heap        ] GC(326) ParOldGen: 6143798K(6144000K)->6143798K(6144000K)
[171.548s][info][gc,metaspace   ] GC(326) Metaspace: 6299K(6464K)->6299K(6464K) NonClass: 5765K(5824K)->5765K(5824K) Class: 533K(640K)->533K(640K)
[171.548s][info][gc             ] GC(326) Pause Full (Ergonomics) 6124M->6124M(6339M) 1921.663ms
[171.548s][info][gc,cpu         ] GC(326) User=13.94s Sys=0.00s Real=1.92s
[171.548s][info][gc,start       ] GC(327) Pause Full (Ergonomics)
[171.548s][info][gc,phases,start] GC(327) Marking Phase
[172.964s][info][gc,phases      ] GC(327) Marking Phase 1416.480ms
[172.964s][info][gc,phases,start] GC(327) Summary Phase
[172.964s][info][gc,phases      ] GC(327) Summary Phase 0.065ms
[172.964s][info][gc,phases,start] GC(327) Adjust Roots
[172.965s][info][gc,phases      ] GC(327) Adjust Roots 0.163ms
[172.965s][info][gc,phases,start] GC(327) Compaction Phase
[173.465s][info][gc,phases      ] GC(327) Compaction Phase 499.962ms
[173.465s][info][gc,phases,start] GC(327) Post Compact
[173.474s][info][gc,phases      ] GC(327) Post Compact 9.185ms
[173.474s][info][gc,heap        ] GC(327) PSYoungGen: 127999K(347648K)->127999K(348160K) Eden: 127999K(128000K)->127999K(128000K) From: 0K(219648K)->0K(220160K)
[173.474s][info][gc,heap        ] GC(327) ParOldGen: 6143803K(6144000K)->6143803K(6144000K)
[173.474s][info][gc,metaspace   ] GC(327) Metaspace: 6299K(6464K)->6299K(6464K) NonClass: 5765K(5824K)->5765K(5824K) Class: 533K(640K)->533K(640K)
[173.474s][info][gc             ] GC(327) Pause Full (Ergonomics) 6124M->6124M(6340M) 1926.177ms
[173.474s][info][gc,cpu         ] GC(327) User=13.92s Sys=0.00s Real=1.93s
[173.474s][info][gc,start       ] GC(328) Pause Full (Ergonomics)
[173.474s][info][gc,phases,start] GC(328) Marking Phase
[174.875s][info][gc,phases      ] GC(328) Marking Phase 1401.123ms
[174.875s][info][gc,phases,start] GC(328) Summary Phase
[174.876s][info][gc,phases      ] GC(328) Summary Phase 0.115ms
[174.876s][info][gc,phases,start] GC(328) Adjust Roots
[174.876s][info][gc,phases      ] GC(328) Adjust Roots 0.312ms
[174.876s][info][gc,phases,start] GC(328) Compaction Phase
[175.354s][info][gc,phases      ] GC(328) Compaction Phase 477.922ms
[175.354s][info][gc,phases,start] GC(328) Post Compact
[175.363s][info][gc,phases      ] GC(328) Post Compact 9.083ms
[175.363s][info][gc,heap        ] GC(328) PSYoungGen: 127999K(348160K)->127999K(347648K) Eden: 127999K(128000K)->127999K(128000K) From: 0K(220160K)->0K(219648K)
[175.363s][info][gc,heap        ] GC(328) ParOldGen: 6143807K(6144000K)->6143807K(6144000K)
[175.363s][info][gc,metaspace   ] GC(328) Metaspace: 6299K(6464K)->6299K(6464K) NonClass: 5765K(5824K)->5765K(5824K) Class: 533K(640K)->533K(640K)
[175.363s][info][gc             ] GC(328) Pause Full (Ergonomics) 6124M->6124M(6339M) 1888.931ms
[175.363s][info][gc,cpu         ] GC(328) User=13.92s Sys=0.00s Real=1.89s
[175.363s][info][gc,start       ] GC(329) Pause Full (Ergonomics)
[175.363s][info][gc,phases,start] GC(329) Marking Phase
[176.785s][info][gc,phases      ] GC(329) Marking Phase 1421.805ms
[176.785s][info][gc,phases,start] GC(329) Summary Phase
[176.785s][info][gc,phases      ] GC(329) Summary Phase 0.065ms
[176.785s][info][gc,phases,start] GC(329) Adjust Roots
[176.785s][info][gc,phases      ] GC(329) Adjust Roots 0.164ms
[176.786s][info][gc,phases,start] GC(329) Compaction Phase
[177.282s][info][gc,phases      ] GC(329) Compaction Phase 496.855ms
[177.282s][info][gc,phases,start] GC(329) Post Compact
[177.291s][info][gc,phases      ] GC(329) Post Compact 9.014ms
[177.292s][info][gc,heap        ] GC(329) PSYoungGen: 127999K(347648K)->127999K(348160K) Eden: 127999K(128000K)->127999K(128000K) From: 0K(219648K)->0K(220160K)
[177.292s][info][gc,heap        ] GC(329) ParOldGen: 6143812K(6144000K)->6143812K(6144000K)
[177.292s][info][gc,metaspace   ] GC(329) Metaspace: 6299K(6464K)->6299K(6464K) NonClass: 5765K(5824K)->5765K(5824K) Class: 533K(640K)->533K(640K)
[177.292s][info][gc             ] GC(329) Pause Full (Ergonomics) 6124M->6124M(6340M) 1928.228ms
[177.292s][info][gc,cpu         ] GC(329) User=14.12s Sys=0.00s Real=1.93s
[177.292s][info][gc,start       ] GC(330) Pause Full (Ergonomics)
[177.292s][info][gc,phases,start] GC(330) Marking Phase
[178.706s][info][gc,phases      ] GC(330) Marking Phase 1414.553ms
[178.706s][info][gc,phases,start] GC(330) Summary Phase
[178.707s][info][gc,phases      ] GC(330) Summary Phase 0.070ms
[178.707s][info][gc,phases,start] GC(330) Adjust Roots
[178.707s][info][gc,phases      ] GC(330) Adjust Roots 0.194ms
[178.707s][info][gc,phases,start] GC(330) Compaction Phase
[179.201s][info][gc,phases      ] GC(330) Compaction Phase 494.384ms
[179.201s][info][gc,phases,start] GC(330) Post Compact
[179.210s][info][gc,phases      ] GC(330) Post Compact 9.120ms
[179.210s][info][gc,heap        ] GC(330) PSYoungGen: 127999K(348160K)->127999K(347648K) Eden: 127999K(128000K)->127999K(128000K) From: 0K(220160K)->0K(219648K)
[179.210s][info][gc,heap        ] GC(330) ParOldGen: 6143817K(6144000K)->6143817K(6144000K)
[179.210s][info][gc,metaspace   ] GC(330) Metaspace: 6299K(6464K)->6299K(6464K) NonClass: 5765K(5824K)->5765K(5824K) Class: 533K(640K)->533K(640K)
[179.210s][info][gc             ] GC(330) Pause Full (Ergonomics) 6124M->6124M(6339M) 1918.666ms
[179.210s][info][gc,cpu         ] GC(330) User=14.00s Sys=0.00s Real=1.92s
[179.211s][info][gc,start       ] GC(331) Pause Full (Ergonomics)
[179.211s][info][gc,phases,start] GC(331) Marking Phase
[180.625s][info][gc,phases      ] GC(331) Marking Phase 1414.810ms
[180.626s][info][gc,phases,start] GC(331) Summary Phase
[180.626s][info][gc,phases      ] GC(331) Summary Phase 0.065ms
[180.626s][info][gc,phases,start] GC(331) Adjust Roots
[180.626s][info][gc,phases      ] GC(331) Adjust Roots 0.165ms
[180.626s][info][gc,phases,start] GC(331) Compaction Phase
[181.101s][info][gc,phases      ] GC(331) Compaction Phase 475.384ms
[181.101s][info][gc,phases,start] GC(331) Post Compact
[181.110s][info][gc,phases      ] GC(331) Post Compact 9.222ms
[181.111s][info][gc,heap        ] GC(331) PSYoungGen: 127999K(347648K)->127999K(348160K) Eden: 127999K(128000K)->127999K(128000K) From: 0K(219648K)->0K(220160K)
[181.111s][info][gc,heap        ] GC(331) ParOldGen: 6143822K(6144000K)->6143822K(6144000K)
[181.111s][info][gc,metaspace   ] GC(331) Metaspace: 6299K(6464K)->6299K(6464K) NonClass: 5765K(5824K)->5765K(5824K) Class: 533K(640K)->533K(640K)
[181.111s][info][gc             ] GC(331) Pause Full (Ergonomics) 6124M->6124M(6340M) 1899.981ms
[181.111s][info][gc,cpu         ] GC(331) User=14.11s Sys=0.00s Real=1.90s
[181.111s][info][gc,start       ] GC(332) Pause Full (Ergonomics)
[181.111s][info][gc,phases,start] GC(332) Marking Phase
[182.529s][info][gc,phases      ] GC(332) Marking Phase 1417.649ms
[182.529s][info][gc,phases,start] GC(332) Summary Phase
[182.529s][info][gc,phases      ] GC(332) Summary Phase 0.065ms
[182.529s][info][gc,phases,start] GC(332) Adjust Roots
[182.529s][info][gc,phases      ] GC(332) Adjust Roots 0.170ms
[182.529s][info][gc,phases,start] GC(332) Compaction Phase
[183.003s][info][gc,phases      ] GC(332) Compaction Phase 474.355ms
[183.003s][info][gc,phases,start] GC(332) Post Compact
[183.013s][info][gc,phases      ] GC(332) Post Compact 9.214ms
[183.013s][info][gc,heap        ] GC(332) PSYoungGen: 127999K(348160K)->127999K(347648K) Eden: 127999K(128000K)->127999K(128000K) From: 0K(220160K)->0K(219648K)
[183.013s][info][gc,heap        ] GC(332) ParOldGen: 6143827K(6144000K)->6143827K(6144000K)
[183.013s][info][gc,metaspace   ] GC(332) Metaspace: 6299K(6464K)->6299K(6464K) NonClass: 5765K(5824K)->5765K(5824K) Class: 533K(640K)->533K(640K)
[183.013s][info][gc             ] GC(332) Pause Full (Ergonomics) 6124M->6124M(6339M) 1901.809ms
[183.013s][info][gc,cpu         ] GC(332) User=13.88s Sys=0.00s Real=1.90s
[183.013s][info][gc,start       ] GC(333) Pause Full (Ergonomics)
[183.013s][info][gc,phases,start] GC(333) Marking Phase
[184.433s][info][gc,phases      ] GC(333) Marking Phase 1419.901ms
[184.433s][info][gc,phases,start] GC(333) Summary Phase
[184.433s][info][gc,phases      ] GC(333) Summary Phase 0.065ms
[184.433s][info][gc,phases,start] GC(333) Adjust Roots
[184.433s][info][gc,phases      ] GC(333) Adjust Roots 0.167ms
[184.433s][info][gc,phases,start] GC(333) Compaction Phase
[184.915s][info][gc,phases      ] GC(333) Compaction Phase 482.229ms
[184.916s][info][gc,phases,start] GC(333) Post Compact
[184.925s][info][gc,phases      ] GC(333) Post Compact 9.071ms
[184.925s][info][gc,heap        ] GC(333) PSYoungGen: 127999K(347648K)->127999K(348160K) Eden: 127999K(128000K)->127999K(128000K) From: 0K(219648K)->0K(220160K)
[184.925s][info][gc,heap        ] GC(333) ParOldGen: 6143832K(6144000K)->6143832K(6144000K)
[184.925s][info][gc,metaspace   ] GC(333) Metaspace: 6299K(6464K)->6299K(6464K) NonClass: 5765K(5824K)->5765K(5824K) Class: 533K(640K)->533K(640K)
[184.925s][info][gc             ] GC(333) Pause Full (Ergonomics) 6124M->6124M(6340M) 1911.823ms
[184.925s][info][gc,cpu         ] GC(333) User=13.86s Sys=0.03s Real=1.91s
[184.925s][info][gc,start       ] GC(334) Pause Full (Ergonomics)
[184.925s][info][gc,phases,start] GC(334) Marking Phase
[186.335s][info][gc,phases      ] GC(334) Marking Phase 1410.151ms
[186.335s][info][gc,phases,start] GC(334) Summary Phase
[186.335s][info][gc,phases      ] GC(334) Summary Phase 0.065ms
[186.335s][info][gc,phases,start] GC(334) Adjust Roots
[186.335s][info][gc,phases      ] GC(334) Adjust Roots 0.167ms
[186.335s][info][gc,phases,start] GC(334) Compaction Phase
[186.814s][info][gc,phases      ] GC(334) Compaction Phase 478.533ms
[186.814s][info][gc,phases,start] GC(334) Post Compact
[186.824s][info][gc,phases      ] GC(334) Post Compact 9.570ms
[186.824s][info][gc,heap        ] GC(334) PSYoungGen: 127999K(348160K)->127999K(347648K) Eden: 127999K(128000K)->127999K(128000K) From: 0K(220160K)->0K(219648K)
[186.824s][info][gc,heap        ] GC(334) ParOldGen: 6143836K(6144000K)->6143836K(6144000K)
[186.824s][info][gc,metaspace   ] GC(334) Metaspace: 6299K(6464K)->6299K(6464K) NonClass: 5765K(5824K)->5765K(5824K) Class: 533K(640K)->533K(640K)
[186.824s][info][gc             ] GC(334) Pause Full (Ergonomics) 6124M->6124M(6339M) 1898.874ms
[186.824s][info][gc,cpu         ] GC(334) User=13.84s Sys=0.00s Real=1.90s
[186.824s][info][gc,start       ] GC(335) Pause Full (Ergonomics)
[186.824s][info][gc,phases,start] GC(335) Marking Phase
[188.262s][info][gc,phases      ] GC(335) Marking Phase 1437.433ms
[188.262s][info][gc,phases,start] GC(335) Summary Phase
[188.262s][info][gc,phases      ] GC(335) Summary Phase 0.066ms
[188.262s][info][gc,phases,start] GC(335) Adjust Roots
[188.262s][info][gc,phases      ] GC(335) Adjust Roots 0.164ms
[188.262s][info][gc,phases,start] GC(335) Compaction Phase
[188.745s][info][gc,phases      ] GC(335) Compaction Phase 483.025ms
[188.745s][info][gc,phases,start] GC(335) Post Compact
[188.754s][info][gc,phases      ] GC(335) Post Compact 8.983ms
[188.754s][info][gc,heap        ] GC(335) PSYoungGen: 127999K(347648K)->127999K(348160K) Eden: 127999K(128000K)->127999K(128000K) From: 0K(219648K)->0K(220160K)
[188.754s][info][gc,heap        ] GC(335) ParOldGen: 6143841K(6144000K)->6143841K(6144000K)
[188.754s][info][gc,metaspace   ] GC(335) Metaspace: 6299K(6464K)->6299K(6464K) NonClass: 5765K(5824K)->5765K(5824K) Class: 533K(640K)->533K(640K)
[188.754s][info][gc             ] GC(335) Pause Full (Ergonomics) 6124M->6124M(6340M) 1929.992ms
[188.754s][info][gc,cpu         ] GC(335) User=14.02s Sys=0.00s Real=1.93s
[188.754s][info][gc,start       ] GC(336) Pause Full (Ergonomics)
[188.754s][info][gc,phases,start] GC(336) Marking Phase
[190.182s][info][gc,phases      ] GC(336) Marking Phase 1428.161ms
[190.182s][info][gc,phases,start] GC(336) Summary Phase
[190.183s][info][gc,phases      ] GC(336) Summary Phase 0.066ms
[190.183s][info][gc,phases,start] GC(336) Adjust Roots
[190.183s][info][gc,phases      ] GC(336) Adjust Roots 0.169ms
[190.183s][info][gc,phases,start] GC(336) Compaction Phase
[190.671s][info][gc,phases      ] GC(336) Compaction Phase 488.182ms
[190.671s][info][gc,phases,start] GC(336) Post Compact
[190.680s][info][gc,phases      ] GC(336) Post Compact 9.066ms
[190.680s][info][gc,heap        ] GC(336) PSYoungGen: 127999K(348160K)->127999K(347648K) Eden: 127999K(128000K)->127999K(128000K) From: 0K(220160K)->0K(219648K)
[190.680s][info][gc,heap        ] GC(336) ParOldGen: 6143846K(6144000K)->6143846K(6144000K)
[190.680s][info][gc,metaspace   ] GC(336) Metaspace: 6299K(6464K)->6299K(6464K) NonClass: 5765K(5824K)->5765K(5824K) Class: 533K(640K)->533K(640K)
[190.680s][info][gc             ] GC(336) Pause Full (Ergonomics) 6124M->6124M(6339M) 1925.977ms
[190.680s][info][gc,cpu         ] GC(336) User=13.94s Sys=0.00s Real=1.93s
[190.680s][info][gc,start       ] GC(337) Pause Full (Ergonomics)
[190.680s][info][gc,phases,start] GC(337) Marking Phase
[192.123s][info][gc,phases      ] GC(337) Marking Phase 1442.563ms
[192.123s][info][gc,phases,start] GC(337) Summary Phase
[192.123s][info][gc,phases      ] GC(337) Summary Phase 0.065ms
[192.123s][info][gc,phases,start] GC(337) Adjust Roots
[192.123s][info][gc,phases      ] GC(337) Adjust Roots 0.169ms
[192.123s][info][gc,phases,start] GC(337) Compaction Phase
[192.614s][info][gc,phases      ] GC(337) Compaction Phase 490.215ms
[192.614s][info][gc,phases,start] GC(337) Post Compact
[192.623s][info][gc,phases      ] GC(337) Post Compact 9.046ms
[192.623s][info][gc,heap        ] GC(337) PSYoungGen: 127999K(347648K)->127999K(348160K) Eden: 127999K(128000K)->127999K(128000K) From: 0K(219648K)->0K(220160K)
[192.623s][info][gc,heap        ] GC(337) ParOldGen: 6143851K(6144000K)->6143851K(6144000K)
[192.623s][info][gc,metaspace   ] GC(337) Metaspace: 6299K(6464K)->6299K(6464K) NonClass: 5765K(5824K)->5765K(5824K) Class: 533K(640K)->533K(640K)
[192.623s][info][gc             ] GC(337) Pause Full (Ergonomics) 6124M->6124M(6340M) 1942.384ms
[192.623s][info][gc,cpu         ] GC(337) User=14.03s Sys=0.00s Real=1.94s
[192.623s][info][gc,start       ] GC(338) Pause Full (Ergonomics)
[192.623s][info][gc,phases,start] GC(338) Marking Phase
[194.038s][info][gc,phases      ] GC(338) Marking Phase 1414.604ms
[194.038s][info][gc,phases,start] GC(338) Summary Phase
[194.038s][info][gc,phases      ] GC(338) Summary Phase 0.074ms
[194.038s][info][gc,phases,start] GC(338) Adjust Roots
[194.038s][info][gc,phases      ] GC(338) Adjust Roots 0.249ms
[194.038s][info][gc,phases,start] GC(338) Compaction Phase
[194.515s][info][gc,phases      ] GC(338) Compaction Phase 476.891ms
[194.515s][info][gc,phases,start] GC(338) Post Compact
[194.524s][info][gc,phases      ] GC(338) Post Compact 9.196ms
[194.524s][info][gc,heap        ] GC(338) PSYoungGen: 127999K(348160K)->127999K(347648K) Eden: 127999K(128000K)->127999K(128000K) From: 0K(220160K)->0K(219648K)
[194.524s][info][gc,heap        ] GC(338) ParOldGen: 6143856K(6144000K)->6143856K(6144000K)
[194.524s][info][gc,metaspace   ] GC(338) Metaspace: 6299K(6464K)->6299K(6464K) NonClass: 5765K(5824K)->5765K(5824K) Class: 533K(640K)->533K(640K)
[194.524s][info][gc             ] GC(338) Pause Full (Ergonomics) 6124M->6124M(6339M) 1901.418ms
[194.524s][info][gc,cpu         ] GC(338) User=13.94s Sys=0.00s Real=1.90s
[194.525s][info][gc,start       ] GC(339) Pause Full (Ergonomics)
[194.525s][info][gc,phases,start] GC(339) Marking Phase
[195.963s][info][gc,phases      ] GC(339) Marking Phase 1438.364ms
[195.963s][info][gc,phases,start] GC(339) Summary Phase
[195.963s][info][gc,phases      ] GC(339) Summary Phase 0.069ms
[195.963s][info][gc,phases,start] GC(339) Adjust Roots
[195.963s][info][gc,phases      ] GC(339) Adjust Roots 0.175ms
[195.963s][info][gc,phases,start] GC(339) Compaction Phase
[196.444s][info][gc,phases      ] GC(339) Compaction Phase 480.623ms
[196.444s][info][gc,phases,start] GC(339) Post Compact
[196.453s][info][gc,phases      ] GC(339) Post Compact 9.183ms
[196.453s][info][gc,heap        ] GC(339) PSYoungGen: 127999K(347648K)->127999K(348160K) Eden: 127999K(128000K)->127999K(128000K) From: 0K(219648K)->0K(220160K)
[196.453s][info][gc,heap        ] GC(339) ParOldGen: 6143861K(6144000K)->6143861K(6144000K)
[196.453s][info][gc,metaspace   ] GC(339) Metaspace: 6299K(6464K)->6299K(6464K) NonClass: 5765K(5824K)->5765K(5824K) Class: 533K(640K)->533K(640K)
[196.453s][info][gc             ] GC(339) Pause Full (Ergonomics) 6124M->6124M(6340M) 1928.755ms
[196.453s][info][gc,cpu         ] GC(339) User=13.97s Sys=0.03s Real=1.93s
[196.454s][info][gc,start       ] GC(340) Pause Full (Ergonomics)
[196.454s][info][gc,phases,start] GC(340) Marking Phase
[197.890s][info][gc,phases      ] GC(340) Marking Phase 1436.058ms
[197.890s][info][gc,phases,start] GC(340) Summary Phase
[197.890s][info][gc,phases      ] GC(340) Summary Phase 0.065ms
[197.890s][info][gc,phases,start] GC(340) Adjust Roots
[197.890s][info][gc,phases      ] GC(340) Adjust Roots 0.167ms
[197.890s][info][gc,phases,start] GC(340) Compaction Phase
[198.375s][info][gc,phases      ] GC(340) Compaction Phase 485.328ms
[198.375s][info][gc,phases,start] GC(340) Post Compact
[198.385s][info][gc,phases      ] GC(340) Post Compact 9.129ms
[198.385s][info][gc,heap        ] GC(340) PSYoungGen: 127999K(348160K)->127999K(347648K) Eden: 127999K(128000K)->127999K(128000K) From: 0K(220160K)->0K(219648K)
[198.385s][info][gc,heap        ] GC(340) ParOldGen: 6143865K(6144000K)->6143865K(6144000K)
[198.385s][info][gc,metaspace   ] GC(340) Metaspace: 6299K(6464K)->6299K(6464K) NonClass: 5765K(5824K)->5765K(5824K) Class: 533K(640K)->533K(640K)
[198.385s][info][gc             ] GC(340) Pause Full (Ergonomics) 6124M->6124M(6339M) 1931.075ms
[198.385s][info][gc,cpu         ] GC(340) User=13.97s Sys=0.00s Real=1.93s
[198.385s][info][gc,start       ] GC(341) Pause Full (Ergonomics)
[198.385s][info][gc,phases,start] GC(341) Marking Phase
[199.827s][info][gc,phases      ] GC(341) Marking Phase 1441.901ms
[199.827s][info][gc,phases,start] GC(341) Summary Phase
[199.827s][info][gc,phases      ] GC(341) Summary Phase 0.065ms
[199.827s][info][gc,phases,start] GC(341) Adjust Roots
[199.827s][info][gc,phases      ] GC(341) Adjust Roots 0.166ms
[199.827s][info][gc,phases,start] GC(341) Compaction Phase
[200.316s][info][gc,phases      ] GC(341) Compaction Phase 488.530ms
[200.316s][info][gc,phases,start] GC(341) Post Compact
[200.325s][info][gc,phases      ] GC(341) Post Compact 9.340ms
[200.325s][info][gc,heap        ] GC(341) PSYoungGen: 127999K(347648K)->127999K(348160K) Eden: 127999K(128000K)->127999K(128000K) From: 0K(219648K)->0K(220160K)
[200.325s][info][gc,heap        ] GC(341) ParOldGen: 6143870K(6144000K)->6143870K(6144000K)
[200.325s][info][gc,metaspace   ] GC(341) Metaspace: 6299K(6464K)->6299K(6464K) NonClass: 5765K(5824K)->5765K(5824K) Class: 533K(640K)->533K(640K)
[200.325s][info][gc             ] GC(341) Pause Full (Ergonomics) 6124M->6124M(6340M) 1940.343ms
[200.325s][info][gc,cpu         ] GC(341) User=14.09s Sys=0.02s Real=1.94s
[200.325s][info][gc,start       ] GC(342) Pause Full (Ergonomics)
[200.325s][info][gc,phases,start] GC(342) Marking Phase
[201.781s][info][gc,phases      ] GC(342) Marking Phase 1455.650ms
[201.781s][info][gc,phases,start] GC(342) Summary Phase
[201.781s][info][gc,phases      ] GC(342) Summary Phase 0.067ms
[201.781s][info][gc,phases,start] GC(342) Adjust Roots
[201.781s][info][gc,phases      ] GC(342) Adjust Roots 0.166ms
[201.781s][info][gc,phases,start] GC(342) Compaction Phase
[202.274s][info][gc,phases      ] GC(342) Compaction Phase 492.618ms
[202.274s][info][gc,phases,start] GC(342) Post Compact
[202.283s][info][gc,phases      ] GC(342) Post Compact 9.211ms
[202.283s][info][gc,heap        ] GC(342) PSYoungGen: 127999K(348160K)->127999K(347648K) Eden: 127999K(128000K)->127999K(128000K) From: 0K(220160K)->0K(219648K)
[202.283s][info][gc,heap        ] GC(342) ParOldGen: 6143875K(6144000K)->6143875K(6144000K)
[202.283s][info][gc,metaspace   ] GC(342) Metaspace: 6299K(6464K)->6299K(6464K) NonClass: 5765K(5824K)->5765K(5824K) Class: 533K(640K)->533K(640K)
[202.284s][info][gc             ] GC(342) Pause Full (Ergonomics) 6124M->6124M(6339M) 1958.054ms
[202.284s][info][gc,cpu         ] GC(342) User=14.12s Sys=0.02s Real=1.96s
[202.284s][info][gc,start       ] GC(343) Pause Full (Ergonomics)
[202.284s][info][gc,phases,start] GC(343) Marking Phase
[203.695s][info][gc,phases      ] GC(343) Marking Phase 1410.937ms
[203.695s][info][gc,phases,start] GC(343) Summary Phase
[203.695s][info][gc,phases      ] GC(343) Summary Phase 0.066ms
[203.695s][info][gc,phases,start] GC(343) Adjust Roots
[203.695s][info][gc,phases      ] GC(343) Adjust Roots 0.189ms
[203.695s][info][gc,phases,start] GC(343) Compaction Phase
[204.173s][info][gc,phases      ] GC(343) Compaction Phase 478.420ms
[204.174s][info][gc,phases,start] GC(343) Post Compact
[204.183s][info][gc,phases      ] GC(343) Post Compact 9.102ms
[204.183s][info][gc,heap        ] GC(343) PSYoungGen: 127999K(347648K)->127999K(348160K) Eden: 127999K(128000K)->127999K(128000K) From: 0K(219648K)->0K(220160K)
[204.183s][info][gc,heap        ] GC(343) ParOldGen: 6143880K(6144000K)->6143880K(6144000K)
[204.183s][info][gc,metaspace   ] GC(343) Metaspace: 6299K(6464K)->6299K(6464K) NonClass: 5765K(5824K)->5765K(5824K) Class: 533K(640K)->533K(640K)
[204.183s][info][gc             ] GC(343) Pause Full (Ergonomics) 6124M->6124M(6340M) 1899.043ms
[204.183s][info][gc,cpu         ] GC(343) User=13.97s Sys=0.00s Real=1.90s
[204.183s][info][gc,start       ] GC(344) Pause Full (Ergonomics)
[204.183s][info][gc,phases,start] GC(344) Marking Phase
[205.623s][info][gc,phases      ] GC(344) Marking Phase 1440.334ms
[205.623s][info][gc,phases,start] GC(344) Summary Phase
[205.624s][info][gc,phases      ] GC(344) Summary Phase 0.085ms
[205.624s][info][gc,phases,start] GC(344) Adjust Roots
[205.624s][info][gc,phases      ] GC(344) Adjust Roots 0.208ms
[205.624s][info][gc,phases,start] GC(344) Compaction Phase
[206.111s][info][gc,phases      ] GC(344) Compaction Phase 487.651ms
[206.112s][info][gc,phases,start] GC(344) Post Compact
[206.121s][info][gc,phases      ] GC(344) Post Compact 9.140ms
[206.121s][info][gc,heap        ] GC(344) PSYoungGen: 127999K(348160K)->127999K(347648K) Eden: 127999K(128000K)->127999K(128000K) From: 0K(220160K)->0K(219648K)
[206.121s][info][gc,heap        ] GC(344) ParOldGen: 6143885K(6144000K)->6143885K(6144000K)
[206.121s][info][gc,metaspace   ] GC(344) Metaspace: 6299K(6464K)->6299K(6464K) NonClass: 5765K(5824K)->5765K(5824K) Class: 533K(640K)->533K(640K)
[206.121s][info][gc             ] GC(344) Pause Full (Ergonomics) 6124M->6124M(6339M) 1937.779ms
[206.121s][info][gc,cpu         ] GC(344) User=14.05s Sys=0.00s Real=1.94s
[206.121s][info][gc,start       ] GC(345) Pause Full (Ergonomics)
[206.121s][info][gc,phases,start] GC(345) Marking Phase
[207.556s][info][gc,phases      ] GC(345) Marking Phase 1434.793ms
[207.556s][info][gc,phases,start] GC(345) Summary Phase
[207.556s][info][gc,phases      ] GC(345) Summary Phase 0.066ms
[207.556s][info][gc,phases,start] GC(345) Adjust Roots
[207.556s][info][gc,phases      ] GC(345) Adjust Roots 0.188ms
[207.556s][info][gc,phases,start] GC(345) Compaction Phase
[208.041s][info][gc,phases      ] GC(345) Compaction Phase 484.412ms
[208.041s][info][gc,phases,start] GC(345) Post Compact
[208.050s][info][gc,phases      ] GC(345) Post Compact 9.180ms
[208.050s][info][gc,heap        ] GC(345) PSYoungGen: 127999K(347648K)->127999K(348160K) Eden: 127999K(128000K)->127999K(128000K) From: 0K(219648K)->0K(220160K)
[208.050s][info][gc,heap        ] GC(345) ParOldGen: 6143890K(6144000K)->6143890K(6144000K)
[208.050s][info][gc,metaspace   ] GC(345) Metaspace: 6299K(6464K)->6299K(6464K) NonClass: 5765K(5824K)->5765K(5824K) Class: 533K(640K)->533K(640K)
[208.050s][info][gc             ] GC(345) Pause Full (Ergonomics) 6124M->6124M(6340M) 1928.972ms
[208.050s][info][gc,cpu         ] GC(345) User=14.00s Sys=0.02s Real=1.93s
[208.050s][info][gc,start       ] GC(346) Pause Full (Ergonomics)
[208.050s][info][gc,phases,start] GC(346) Marking Phase
[209.487s][info][gc,phases      ] GC(346) Marking Phase 1436.327ms
[209.487s][info][gc,phases,start] GC(346) Summary Phase
[209.487s][info][gc,phases      ] GC(346) Summary Phase 0.071ms
[209.487s][info][gc,phases,start] GC(346) Adjust Roots
[209.487s][info][gc,phases      ] GC(346) Adjust Roots 0.172ms
[209.487s][info][gc,phases,start] GC(346) Compaction Phase
[209.967s][info][gc,phases      ] GC(346) Compaction Phase 479.648ms
[209.967s][info][gc,phases,start] GC(346) Post Compact
[209.976s][info][gc,phases      ] GC(346) Post Compact 9.428ms
[209.976s][info][gc,heap        ] GC(346) PSYoungGen: 127999K(348160K)->127999K(347648K) Eden: 127999K(128000K)->127999K(128000K) From: 0K(220160K)->0K(219648K)
[209.976s][info][gc,heap        ] GC(346) ParOldGen: 6143894K(6144000K)->6143894K(6144000K)
[209.976s][info][gc,metaspace   ] GC(346) Metaspace: 6299K(6464K)->6299K(6464K) NonClass: 5765K(5824K)->5765K(5824K) Class: 533K(640K)->533K(640K)
[209.976s][info][gc             ] GC(346) Pause Full (Ergonomics) 6124M->6124M(6339M) 1926.020ms
[209.976s][info][gc,cpu         ] GC(346) User=14.19s Sys=0.00s Real=1.93s
[209.976s][info][gc,start       ] GC(347) Pause Full (Ergonomics)
[209.976s][info][gc,phases,start] GC(347) Marking Phase
[211.408s][info][gc,phases      ] GC(347) Marking Phase 1431.808ms
[211.408s][info][gc,phases,start] GC(347) Summary Phase
[211.408s][info][gc,phases      ] GC(347) Summary Phase 0.066ms
[211.408s][info][gc,phases,start] GC(347) Adjust Roots
[211.409s][info][gc,phases      ] GC(347) Adjust Roots 0.164ms
[211.409s][info][gc,phases,start] GC(347) Compaction Phase
[211.895s][info][gc,phases      ] GC(347) Compaction Phase 486.761ms
[211.895s][info][gc,phases,start] GC(347) Post Compact
[211.905s][info][gc,phases      ] GC(347) Post Compact 9.197ms
[211.905s][info][gc,heap        ] GC(347) PSYoungGen: 127999K(347648K)->127999K(348160K) Eden: 127999K(128000K)->127999K(128000K) From: 0K(219648K)->0K(220160K)
[211.905s][info][gc,heap        ] GC(347) ParOldGen: 6143899K(6144000K)->6143899K(6144000K)
[211.905s][info][gc,metaspace   ] GC(347) Metaspace: 6299K(6464K)->6299K(6464K) NonClass: 5765K(5824K)->5765K(5824K) Class: 533K(640K)->533K(640K)
[211.905s][info][gc             ] GC(347) Pause Full (Ergonomics) 6124M->6124M(6340M) 1928.338ms
[211.905s][info][gc,cpu         ] GC(347) User=14.17s Sys=0.00s Real=1.93s
[211.905s][info][gc,start       ] GC(348) Pause Full (Ergonomics)
[211.905s][info][gc,phases,start] GC(348) Marking Phase
[213.313s][info][gc,phases      ] GC(348) Marking Phase 1408.135ms
[213.313s][info][gc,phases,start] GC(348) Summary Phase
[213.313s][info][gc,phases      ] GC(348) Summary Phase 0.065ms
[213.313s][info][gc,phases,start] GC(348) Adjust Roots
[213.313s][info][gc,phases      ] GC(348) Adjust Roots 0.167ms
[213.313s][info][gc,phases,start] GC(348) Compaction Phase
[213.802s][info][gc,phases      ] GC(348) Compaction Phase 488.760ms
[213.802s][info][gc,phases,start] GC(348) Post Compact
[213.812s][info][gc,phases      ] GC(348) Post Compact 9.702ms
[213.812s][info][gc,heap        ] GC(348) PSYoungGen: 127999K(348160K)->127999K(347648K) Eden: 127999K(128000K)->127999K(128000K) From: 0K(220160K)->0K(219648K)
[213.812s][info][gc,heap        ] GC(348) ParOldGen: 6143904K(6144000K)->6143904K(6144000K)
[213.812s][info][gc,metaspace   ] GC(348) Metaspace: 6299K(6464K)->6299K(6464K) NonClass: 5765K(5824K)->5765K(5824K) Class: 533K(640K)->533K(640K)
[213.812s][info][gc             ] GC(348) Pause Full (Ergonomics) 6124M->6124M(6339M) 1907.166ms
[213.812s][info][gc,cpu         ] GC(348) User=13.88s Sys=0.00s Real=1.91s
[213.812s][info][gc,start       ] GC(349) Pause Full (Ergonomics)
[213.812s][info][gc,phases,start] GC(349) Marking Phase
[215.232s][info][gc,phases      ] GC(349) Marking Phase 1419.640ms
[215.232s][info][gc,phases,start] GC(349) Summary Phase
[215.232s][info][gc,phases      ] GC(349) Summary Phase 0.067ms
[215.232s][info][gc,phases,start] GC(349) Adjust Roots
[215.232s][info][gc,phases      ] GC(349) Adjust Roots 0.169ms
[215.232s][info][gc,phases,start] GC(349) Compaction Phase
[215.729s][info][gc,phases      ] GC(349) Compaction Phase 496.258ms
[215.729s][info][gc,phases,start] GC(349) Post Compact
[215.738s][info][gc,phases      ] GC(349) Post Compact 9.046ms
[215.738s][info][gc,heap        ] GC(349) PSYoungGen: 127999K(347648K)->127999K(348160K) Eden: 127999K(128000K)->127999K(128000K) From: 0K(219648K)->0K(220160K)
[215.738s][info][gc,heap        ] GC(349) ParOldGen: 6143909K(6144000K)->6143909K(6144000K)
[215.738s][info][gc,metaspace   ] GC(349) Metaspace: 6299K(6464K)->6299K(6464K) NonClass: 5765K(5824K)->5765K(5824K) Class: 533K(640K)->533K(640K)
[215.738s][info][gc             ] GC(349) Pause Full (Ergonomics) 6124M->6124M(6340M) 1925.505ms
[215.738s][info][gc,cpu         ] GC(349) User=13.86s Sys=0.00s Real=1.92s
[215.738s][info][gc,start       ] GC(350) Pause Full (Ergonomics)
[215.738s][info][gc,phases,start] GC(350) Marking Phase
[217.180s][info][gc,phases      ] GC(350) Marking Phase 1442.111ms
[217.180s][info][gc,phases,start] GC(350) Summary Phase
[217.180s][info][gc,phases      ] GC(350) Summary Phase 0.065ms
[217.180s][info][gc,phases,start] GC(350) Adjust Roots
[217.181s][info][gc,phases      ] GC(350) Adjust Roots 0.163ms
[217.181s][info][gc,phases,start] GC(350) Compaction Phase
[217.678s][info][gc,phases      ] GC(350) Compaction Phase 497.927ms
[217.679s][info][gc,phases,start] GC(350) Post Compact
[217.688s][info][gc,phases      ] GC(350) Post Compact 9.130ms
[217.688s][info][gc,heap        ] GC(350) PSYoungGen: 127999K(348160K)->127999K(347648K) Eden: 127999K(128000K)->127999K(128000K) From: 0K(220160K)->0K(219648K)
[217.688s][info][gc,heap        ] GC(350) ParOldGen: 6143914K(6144000K)->6143914K(6144000K)
[217.688s][info][gc,metaspace   ] GC(350) Metaspace: 6299K(6464K)->6299K(6464K) NonClass: 5765K(5824K)->5765K(5824K) Class: 533K(640K)->533K(640K)
[217.688s][info][gc             ] GC(350) Pause Full (Ergonomics) 6124M->6124M(6339M) 1949.774ms
[217.688s][info][gc,cpu         ] GC(350) User=13.91s Sys=0.00s Real=1.95s
[217.688s][info][gc,start       ] GC(351) Pause Full (Ergonomics)
[217.688s][info][gc,phases,start] GC(351) Marking Phase
[219.125s][info][gc,phases      ] GC(351) Marking Phase 1436.783ms
[219.125s][info][gc,phases,start] GC(351) Summary Phase
[219.125s][info][gc,phases      ] GC(351) Summary Phase 0.066ms
[219.125s][info][gc,phases,start] GC(351) Adjust Roots
[219.125s][info][gc,phases      ] GC(351) Adjust Roots 0.171ms
[219.125s][info][gc,phases,start] GC(351) Compaction Phase
[219.617s][info][gc,phases      ] GC(351) Compaction Phase 491.891ms
[219.617s][info][gc,phases,start] GC(351) Post Compact
[219.626s][info][gc,phases      ] GC(351) Post Compact 9.205ms
[219.626s][info][gc,heap        ] GC(351) PSYoungGen: 127999K(347648K)->127999K(348160K) Eden: 127999K(128000K)->127999K(128000K) From: 0K(219648K)->0K(220160K)
[219.626s][info][gc,heap        ] GC(351) ParOldGen: 6143919K(6144000K)->6143919K(6144000K)
[219.626s][info][gc,metaspace   ] GC(351) Metaspace: 6299K(6464K)->6299K(6464K) NonClass: 5765K(5824K)->5765K(5824K) Class: 533K(640K)->533K(640K)
[219.626s][info][gc             ] GC(351) Pause Full (Ergonomics) 6124M->6124M(6340M) 1938.452ms
[219.626s][info][gc,cpu         ] GC(351) User=14.00s Sys=0.00s Real=1.94s
[219.627s][info][gc,start       ] GC(352) Pause Full (Ergonomics)
[219.627s][info][gc,phases,start] GC(352) Marking Phase
[221.052s][info][gc,phases      ] GC(352) Marking Phase 1425.313ms
[221.052s][info][gc,phases,start] GC(352) Summary Phase
[221.052s][info][gc,phases      ] GC(352) Summary Phase 0.096ms
[221.052s][info][gc,phases,start] GC(352) Adjust Roots
[221.052s][info][gc,phases      ] GC(352) Adjust Roots 0.197ms
[221.052s][info][gc,phases,start] GC(352) Compaction Phase
[221.533s][info][gc,phases      ] GC(352) Compaction Phase 480.303ms
[221.533s][info][gc,phases,start] GC(352) Post Compact
[221.542s][info][gc,phases      ] GC(352) Post Compact 9.180ms
[221.542s][info][gc,heap        ] GC(352) PSYoungGen: 127999K(348160K)->127999K(347648K) Eden: 127999K(128000K)->127999K(128000K) From: 0K(220160K)->0K(219648K)
[221.542s][info][gc,heap        ] GC(352) ParOldGen: 6143923K(6144000K)->6143923K(6144000K)
[221.542s][info][gc,metaspace   ] GC(352) Metaspace: 6299K(6464K)->6299K(6464K) NonClass: 5765K(5824K)->5765K(5824K) Class: 533K(640K)->533K(640K)
[221.542s][info][gc             ] GC(352) Pause Full (Ergonomics) 6124M->6124M(6339M) 1915.449ms
[221.542s][info][gc,cpu         ] GC(352) User=14.03s Sys=0.03s Real=1.92s
[221.542s][info][gc,start       ] GC(353) Pause Full (Ergonomics)
[221.542s][info][gc,phases,start] GC(353) Marking Phase
[222.938s][info][gc,phases      ] GC(353) Marking Phase 1395.542ms
[222.938s][info][gc,phases,start] GC(353) Summary Phase
[222.938s][info][gc,phases      ] GC(353) Summary Phase 0.070ms
[222.938s][info][gc,phases,start] GC(353) Adjust Roots
[222.938s][info][gc,phases      ] GC(353) Adjust Roots 0.198ms
[222.938s][info][gc,phases,start] GC(353) Compaction Phase
[223.423s][info][gc,phases      ] GC(353) Compaction Phase 484.785ms
[223.423s][info][gc,phases,start] GC(353) Post Compact
[223.432s][info][gc,phases      ] GC(353) Post Compact 9.126ms
[223.432s][info][gc,heap        ] GC(353) PSYoungGen: 127999K(347648K)->127999K(348160K) Eden: 127999K(128000K)->127999K(128000K) From: 0K(219648K)->0K(220160K)
[223.432s][info][gc,heap        ] GC(353) ParOldGen: 6143928K(6144000K)->6143928K(6144000K)
[223.432s][info][gc,metaspace   ] GC(353) Metaspace: 6299K(6464K)->6299K(6464K) NonClass: 5765K(5824K)->5765K(5824K) Class: 533K(640K)->533K(640K)
[223.432s][info][gc             ] GC(353) Pause Full (Ergonomics) 6124M->6124M(6340M) 1890.058ms
[223.432s][info][gc,cpu         ] GC(353) User=13.77s Sys=0.00s Real=1.89s
[223.433s][info][gc,start       ] GC(354) Pause Full (Ergonomics)
[223.433s][info][gc,phases,start] GC(354) Marking Phase
[224.840s][info][gc,phases      ] GC(354) Marking Phase 1406.985ms
[224.840s][info][gc,phases,start] GC(354) Summary Phase
[224.840s][info][gc,phases      ] GC(354) Summary Phase 0.083ms
[224.840s][info][gc,phases,start] GC(354) Adjust Roots
[224.840s][info][gc,phases      ] GC(354) Adjust Roots 0.265ms
[224.840s][info][gc,phases,start] GC(354) Compaction Phase
[225.321s][info][gc,phases      ] GC(354) Compaction Phase 481.348ms
[225.322s][info][gc,phases,start] GC(354) Post Compact
[225.332s][info][gc,phases      ] GC(354) Post Compact 10.398ms
[225.332s][info][gc,heap        ] GC(354) PSYoungGen: 127999K(348160K)->127999K(347648K) Eden: 127999K(128000K)->127999K(128000K) From: 0K(220160K)->0K(219648K)
[225.332s][info][gc,heap        ] GC(354) ParOldGen: 6143933K(6144000K)->6143933K(6144000K)
[225.332s][info][gc,metaspace   ] GC(354) Metaspace: 6299K(6464K)->6299K(6464K) NonClass: 5765K(5824K)->5765K(5824K) Class: 533K(640K)->533K(640K)
[225.332s][info][gc             ] GC(354) Pause Full (Ergonomics) 6124M->6124M(6339M) 1899.482ms
[225.332s][info][gc,cpu         ] GC(354) User=13.58s Sys=0.05s Real=1.90s
[225.332s][info][gc,start       ] GC(355) Pause Full (Ergonomics)
[225.332s][info][gc,phases,start] GC(355) Marking Phase
[226.782s][info][gc,phases      ] GC(355) Marking Phase 1449.140ms
[226.782s][info][gc,phases,start] GC(355) Summary Phase
[226.782s][info][gc,phases      ] GC(355) Summary Phase 0.066ms
[226.782s][info][gc,phases,start] GC(355) Adjust Roots
[226.782s][info][gc,phases      ] GC(355) Adjust Roots 0.170ms
[226.782s][info][gc,phases,start] GC(355) Compaction Phase
[227.292s][info][gc,phases      ] GC(355) Compaction Phase 509.757ms
[227.292s][info][gc,phases,start] GC(355) Post Compact
[227.303s][info][gc,phases      ] GC(355) Post Compact 11.058ms
[227.303s][info][gc,heap        ] GC(355) PSYoungGen: 127999K(347648K)->127999K(348160K) Eden: 127999K(128000K)->127999K(128000K) From: 0K(219648K)->0K(220160K)
[227.303s][info][gc,heap        ] GC(355) ParOldGen: 6143938K(6144000K)->6143938K(6144000K)
[227.303s][info][gc,metaspace   ] GC(355) Metaspace: 6299K(6464K)->6299K(6464K) NonClass: 5765K(5824K)->5765K(5824K) Class: 533K(640K)->533K(640K)
[227.303s][info][gc             ] GC(355) Pause Full (Ergonomics) 6124M->6124M(6340M) 1970.601ms
[227.303s][info][gc,cpu         ] GC(355) User=14.44s Sys=0.00s Real=1.97s
[227.303s][info][gc,start       ] GC(356) Pause Full (Ergonomics)
[227.303s][info][gc,phases,start] GC(356) Marking Phase
[228.735s][info][gc,phases      ] GC(356) Marking Phase 1431.674ms
[228.735s][info][gc,phases,start] GC(356) Summary Phase
[228.735s][info][gc,phases      ] GC(356) Summary Phase 0.091ms
[228.735s][info][gc,phases,start] GC(356) Adjust Roots
[228.735s][info][gc,phases      ] GC(356) Adjust Roots 0.222ms
[228.735s][info][gc,phases,start] GC(356) Compaction Phase
[229.233s][info][gc,phases      ] GC(356) Compaction Phase 497.656ms
[229.233s][info][gc,phases,start] GC(356) Post Compact
[229.243s][info][gc,phases      ] GC(356) Post Compact 9.886ms
[229.243s][info][gc,heap        ] GC(356) PSYoungGen: 127999K(348160K)->127999K(347648K) Eden: 127999K(128000K)->127999K(128000K) From: 0K(220160K)->0K(219648K)
[229.243s][info][gc,heap        ] GC(356) ParOldGen: 6143943K(6144000K)->6143943K(6144000K)
[229.243s][info][gc,metaspace   ] GC(356) Metaspace: 6299K(6464K)->6299K(6464K) NonClass: 5765K(5824K)->5765K(5824K) Class: 533K(640K)->533K(640K)
[229.243s][info][gc             ] GC(356) Pause Full (Ergonomics) 6124M->6124M(6339M) 1939.896ms
[229.243s][info][gc,cpu         ] GC(356) User=13.98s Sys=0.02s Real=1.94s
[229.243s][info][gc,start       ] GC(357) Pause Full (Ergonomics)
[229.243s][info][gc,phases,start] GC(357) Marking Phase
[230.668s][info][gc,phases      ] GC(357) Marking Phase 1424.692ms
[230.668s][info][gc,phases,start] GC(357) Summary Phase
[230.668s][info][gc,phases      ] GC(357) Summary Phase 0.068ms
[230.668s][info][gc,phases,start] GC(357) Adjust Roots
[230.668s][info][gc,phases      ] GC(357) Adjust Roots 0.173ms
[230.668s][info][gc,phases,start] GC(357) Compaction Phase
[231.168s][info][gc,phases      ] GC(357) Compaction Phase 499.104ms
[231.168s][info][gc,phases,start] GC(357) Post Compact
[231.178s][info][gc,phases      ] GC(357) Post Compact 9.916ms
[231.178s][info][gc,heap        ] GC(357) PSYoungGen: 127999K(347648K)->127999K(348160K) Eden: 127999K(128000K)->127999K(128000K) From: 0K(219648K)->0K(220160K)
[231.178s][info][gc,heap        ] GC(357) ParOldGen: 6143948K(6144000K)->6143948K(6144000K)
[231.178s][info][gc,metaspace   ] GC(357) Metaspace: 6299K(6464K)->6299K(6464K) NonClass: 5765K(5824K)->5765K(5824K) Class: 533K(640K)->533K(640K)
[231.178s][info][gc             ] GC(357) Pause Full (Ergonomics) 6124M->6124M(6340M) 1934.363ms
[231.178s][info][gc,cpu         ] GC(357) User=13.98s Sys=0.00s Real=1.93s
[231.178s][info][gc,start       ] GC(358) Pause Full (Ergonomics)
[231.178s][info][gc,phases,start] GC(358) Marking Phase
[232.614s][info][gc,phases      ] GC(358) Marking Phase 1436.478ms
[232.614s][info][gc,phases,start] GC(358) Summary Phase
[232.615s][info][gc,phases      ] GC(358) Summary Phase 0.070ms
[232.615s][info][gc,phases,start] GC(358) Adjust Roots
[232.615s][info][gc,phases      ] GC(358) Adjust Roots 0.190ms
[232.615s][info][gc,phases,start] GC(358) Compaction Phase
[233.103s][info][gc,phases      ] GC(358) Compaction Phase 488.070ms
[233.103s][info][gc,phases,start] GC(358) Post Compact
[233.113s][info][gc,phases      ] GC(358) Post Compact 9.880ms
[233.113s][info][gc,heap        ] GC(358) PSYoungGen: 127999K(348160K)->127999K(347648K) Eden: 127999K(128000K)->127999K(128000K) From: 0K(220160K)->0K(219648K)
[233.113s][info][gc,heap        ] GC(358) ParOldGen: 6143952K(6144000K)->6143952K(6144000K)
[233.113s][info][gc,metaspace   ] GC(358) Metaspace: 6299K(6464K)->6299K(6464K) NonClass: 5765K(5824K)->5765K(5824K) Class: 533K(640K)->533K(640K)
[233.113s][info][gc             ] GC(358) Pause Full (Ergonomics) 6124M->6124M(6339M) 1935.023ms
[233.113s][info][gc,cpu         ] GC(358) User=14.02s Sys=0.00s Real=1.93s
[233.113s][info][gc,start       ] GC(359) Pause Full (Ergonomics)
[233.113s][info][gc,phases,start] GC(359) Marking Phase
[234.528s][info][gc,phases      ] GC(359) Marking Phase 1414.976ms
[234.528s][info][gc,phases,start] GC(359) Summary Phase
[234.528s][info][gc,phases      ] GC(359) Summary Phase 0.071ms
[234.528s][info][gc,phases,start] GC(359) Adjust Roots
[234.528s][info][gc,phases      ] GC(359) Adjust Roots 0.165ms
[234.528s][info][gc,phases,start] GC(359) Compaction Phase
[235.027s][info][gc,phases      ] GC(359) Compaction Phase 498.146ms
[235.027s][info][gc,phases,start] GC(359) Post Compact
[235.037s][info][gc,phases      ] GC(359) Post Compact 10.671ms
[235.037s][info][gc,heap        ] GC(359) PSYoungGen: 127999K(347648K)->127999K(348160K) Eden: 127999K(128000K)->127999K(128000K) From: 0K(219648K)->0K(220160K)
[235.038s][info][gc,heap        ] GC(359) ParOldGen: 6143957K(6144000K)->6143957K(6144000K)
[235.038s][info][gc,metaspace   ] GC(359) Metaspace: 6299K(6464K)->6299K(6464K) NonClass: 5765K(5824K)->5765K(5824K) Class: 533K(640K)->533K(640K)
[235.038s][info][gc             ] GC(359) Pause Full (Ergonomics) 6124M->6124M(6340M) 1924.399ms
[235.038s][info][gc,cpu         ] GC(359) User=13.88s Sys=0.00s Real=1.92s
[235.038s][info][gc,start       ] GC(360) Pause Full (Ergonomics)
[235.038s][info][gc,phases,start] GC(360) Marking Phase
[236.481s][info][gc,phases      ] GC(360) Marking Phase 1443.652ms
[236.482s][info][gc,phases,start] GC(360) Summary Phase
[236.482s][info][gc,phases      ] GC(360) Summary Phase 0.085ms
[236.482s][info][gc,phases,start] GC(360) Adjust Roots
[236.482s][info][gc,phases      ] GC(360) Adjust Roots 0.214ms
[236.482s][info][gc,phases,start] GC(360) Compaction Phase
[236.961s][info][gc,phases      ] GC(360) Compaction Phase 478.901ms
[236.961s][info][gc,phases,start] GC(360) Post Compact
[236.970s][info][gc,phases      ] GC(360) Post Compact 9.073ms
[236.970s][info][gc,heap        ] GC(360) PSYoungGen: 127999K(348160K)->127999K(347648K) Eden: 127999K(128000K)->127999K(128000K) From: 0K(220160K)->0K(219648K)
[236.970s][info][gc,heap        ] GC(360) ParOldGen: 6143962K(6144000K)->6143962K(6144000K)
[236.970s][info][gc,metaspace   ] GC(360) Metaspace: 6299K(6464K)->6299K(6464K) NonClass: 5765K(5824K)->5765K(5824K) Class: 533K(640K)->533K(640K)
[236.970s][info][gc             ] GC(360) Pause Full (Ergonomics) 6124M->6124M(6339M) 1932.252ms
[236.970s][info][gc,cpu         ] GC(360) User=14.20s Sys=0.02s Real=1.93s
[236.970s][info][gc,start       ] GC(361) Pause Full (Ergonomics)
[236.970s][info][gc,phases,start] GC(361) Marking Phase
[238.380s][info][gc,phases      ] GC(361) Marking Phase 1409.793ms
[238.380s][info][gc,phases,start] GC(361) Summary Phase
[238.380s][info][gc,phases      ] GC(361) Summary Phase 0.114ms
[238.380s][info][gc,phases,start] GC(361) Adjust Roots
[238.381s][info][gc,phases      ] GC(361) Adjust Roots 0.304ms
[238.381s][info][gc,phases,start] GC(361) Compaction Phase
[238.865s][info][gc,phases      ] GC(361) Compaction Phase 484.399ms
[238.865s][info][gc,phases,start] GC(361) Post Compact
[238.874s][info][gc,phases      ] GC(361) Post Compact 9.226ms
[238.874s][info][gc,heap        ] GC(361) PSYoungGen: 127999K(347648K)->127999K(348160K) Eden: 127999K(128000K)->127999K(128000K) From: 0K(219648K)->0K(220160K)
[238.874s][info][gc,heap        ] GC(361) ParOldGen: 6143967K(6144000K)->6143967K(6144000K)
[238.874s][info][gc,metaspace   ] GC(361) Metaspace: 6299K(6464K)->6299K(6464K) NonClass: 5765K(5824K)->5765K(5824K) Class: 533K(640K)->533K(640K)
[238.874s][info][gc             ] GC(361) Pause Full (Ergonomics) 6124M->6124M(6340M) 1904.239ms
[238.874s][info][gc,cpu         ] GC(361) User=13.78s Sys=0.02s Real=1.90s
[238.875s][info][gc,start       ] GC(362) Pause Full (Ergonomics)
[238.875s][info][gc,phases,start] GC(362) Marking Phase
[240.290s][info][gc,phases      ] GC(362) Marking Phase 1415.066ms
[240.290s][info][gc,phases,start] GC(362) Summary Phase
[240.290s][info][gc,phases      ] GC(362) Summary Phase 0.070ms
[240.290s][info][gc,phases,start] GC(362) Adjust Roots
[240.290s][info][gc,phases      ] GC(362) Adjust Roots 0.183ms
[240.290s][info][gc,phases,start] GC(362) Compaction Phase
[240.782s][info][gc,phases      ] GC(362) Compaction Phase 491.384ms
[240.782s][info][gc,phases,start] GC(362) Post Compact
[240.791s][info][gc,phases      ] GC(362) Post Compact 9.261ms
[240.791s][info][gc,heap        ] GC(362) PSYoungGen: 127999K(348160K)->127999K(347648K) Eden: 127999K(128000K)->127999K(128000K) From: 0K(220160K)->0K(219648K)
[240.791s][info][gc,heap        ] GC(362) ParOldGen: 6143972K(6144000K)->6143972K(6144000K)
[240.791s][info][gc,metaspace   ] GC(362) Metaspace: 6299K(6464K)->6299K(6464K) NonClass: 5765K(5824K)->5765K(5824K) Class: 533K(640K)->533K(640K)
[240.791s][info][gc             ] GC(362) Pause Full (Ergonomics) 6124M->6124M(6339M) 1916.341ms
[240.791s][info][gc,cpu         ] GC(362) User=13.95s Sys=0.00s Real=1.92s
[240.791s][info][gc,start       ] GC(363) Pause Full (Ergonomics)
[240.791s][info][gc,phases,start] GC(363) Marking Phase
[242.205s][info][gc,phases      ] GC(363) Marking Phase 1414.205ms
[242.206s][info][gc,phases,start] GC(363) Summary Phase
[242.206s][info][gc,phases      ] GC(363) Summary Phase 0.065ms
[242.206s][info][gc,phases,start] GC(363) Adjust Roots
[242.206s][info][gc,phases      ] GC(363) Adjust Roots 0.167ms
[242.206s][info][gc,phases,start] GC(363) Compaction Phase
[242.691s][info][gc,phases      ] GC(363) Compaction Phase 484.790ms
[242.691s][info][gc,phases,start] GC(363) Post Compact
[242.700s][info][gc,phases      ] GC(363) Post Compact 9.168ms
[242.700s][info][gc,heap        ] GC(363) PSYoungGen: 127999K(347648K)->127999K(348160K) Eden: 127999K(128000K)->127999K(128000K) From: 0K(219648K)->0K(220160K)
[242.700s][info][gc,heap        ] GC(363) ParOldGen: 6143977K(6144000K)->6143977K(6144000K)
[242.700s][info][gc,metaspace   ] GC(363) Metaspace: 6299K(6464K)->6299K(6464K) NonClass: 5765K(5824K)->5765K(5824K) Class: 533K(640K)->533K(640K)
[242.700s][info][gc             ] GC(363) Pause Full (Ergonomics) 6124M->6124M(6340M) 1908.748ms
[242.700s][info][gc,cpu         ] GC(363) User=14.03s Sys=0.00s Real=1.91s
[242.700s][info][gc,start       ] GC(364) Pause Full (Ergonomics)
[242.700s][info][gc,phases,start] GC(364) Marking Phase
[244.155s][info][gc,phases      ] GC(364) Marking Phase 1455.146ms
[244.155s][info][gc,phases,start] GC(364) Summary Phase
[244.156s][info][gc,phases      ] GC(364) Summary Phase 0.066ms
[244.156s][info][gc,phases,start] GC(364) Adjust Roots
[244.156s][info][gc,phases      ] GC(364) Adjust Roots 0.164ms
[244.156s][info][gc,phases,start] GC(364) Compaction Phase
[244.651s][info][gc,phases      ] GC(364) Compaction Phase 495.212ms
[244.651s][info][gc,phases,start] GC(364) Post Compact
[244.660s][info][gc,phases      ] GC(364) Post Compact 9.152ms
[244.660s][info][gc,heap        ] GC(364) PSYoungGen: 127999K(348160K)->127999K(347648K) Eden: 127999K(128000K)->127999K(128000K) From: 0K(220160K)->0K(219648K)
[244.660s][info][gc,heap        ] GC(364) ParOldGen: 6143981K(6144000K)->6143981K(6144000K)
[244.660s][info][gc,metaspace   ] GC(364) Metaspace: 6299K(6464K)->6299K(6464K) NonClass: 5765K(5824K)->5765K(5824K) Class: 533K(640K)->533K(640K)
[244.660s][info][gc             ] GC(364) Pause Full (Ergonomics) 6124M->6124M(6339M) 1960.065ms
[244.660s][info][gc,cpu         ] GC(364) User=14.16s Sys=0.00s Real=1.96s
[244.661s][info][gc,start       ] GC(365) Pause Full (Ergonomics)
[244.661s][info][gc,phases,start] GC(365) Marking Phase
[246.083s][info][gc,phases      ] GC(365) Marking Phase 1422.893ms
[246.083s][info][gc,phases,start] GC(365) Summary Phase
[246.084s][info][gc,phases      ] GC(365) Summary Phase 0.067ms
[246.084s][info][gc,phases,start] GC(365) Adjust Roots
[246.084s][info][gc,phases      ] GC(365) Adjust Roots 0.168ms
[246.084s][info][gc,phases,start] GC(365) Compaction Phase
[246.576s][info][gc,phases      ] GC(365) Compaction Phase 491.921ms
[246.576s][info][gc,phases,start] GC(365) Post Compact
[246.585s][info][gc,phases      ] GC(365) Post Compact 9.182ms
[246.585s][info][gc,heap        ] GC(365) PSYoungGen: 127999K(347648K)->127999K(348160K) Eden: 127999K(128000K)->127999K(128000K) From: 0K(219648K)->0K(220160K)
[246.585s][info][gc,heap        ] GC(365) ParOldGen: 6143986K(6144000K)->6143986K(6144000K)
[246.585s][info][gc,metaspace   ] GC(365) Metaspace: 6299K(6464K)->6299K(6464K) NonClass: 5765K(5824K)->5765K(5824K) Class: 533K(640K)->533K(640K)
[246.585s][info][gc             ] GC(365) Pause Full (Ergonomics) 6124M->6124M(6340M) 1924.551ms
[246.585s][info][gc,cpu         ] GC(365) User=14.00s Sys=0.00s Real=1.92s
[246.585s][info][gc,start       ] GC(366) Pause Full (Ergonomics)
[246.585s][info][gc,phases,start] GC(366) Marking Phase
[248.002s][info][gc,phases      ] GC(366) Marking Phase 1416.875ms
[248.002s][info][gc,phases,start] GC(366) Summary Phase
[248.002s][info][gc,phases      ] GC(366) Summary Phase 0.065ms
[248.002s][info][gc,phases,start] GC(366) Adjust Roots
[248.002s][info][gc,phases      ] GC(366) Adjust Roots 0.166ms
[248.002s][info][gc,phases,start] GC(366) Compaction Phase
[248.487s][info][gc,phases      ] GC(366) Compaction Phase 484.514ms
[248.487s][info][gc,phases,start] GC(366) Post Compact
[248.496s][info][gc,phases      ] GC(366) Post Compact 9.144ms
[248.496s][info][gc,heap        ] GC(366) PSYoungGen: 127999K(348160K)->127999K(347648K) Eden: 127999K(128000K)->127999K(128000K) From: 0K(220160K)->0K(219648K)
[248.496s][info][gc,heap        ] GC(366) ParOldGen: 6143991K(6144000K)->6143991K(6144000K)
[248.496s][info][gc,metaspace   ] GC(366) Metaspace: 6299K(6464K)->6299K(6464K) NonClass: 5765K(5824K)->5765K(5824K) Class: 533K(640K)->533K(640K)
[248.496s][info][gc             ] GC(366) Pause Full (Ergonomics) 6124M->6124M(6339M) 1911.099ms
[248.496s][info][gc,cpu         ] GC(366) User=14.08s Sys=0.02s Real=1.91s
[248.497s][info][gc,start       ] GC(367) Pause Full (Ergonomics)
[248.497s][info][gc,phases,start] GC(367) Marking Phase
[249.926s][info][gc,phases      ] GC(367) Marking Phase 1429.289ms
[249.926s][info][gc,phases,start] GC(367) Summary Phase
[249.926s][info][gc,phases      ] GC(367) Summary Phase 0.065ms
[249.926s][info][gc,phases,start] GC(367) Adjust Roots
[249.926s][info][gc,phases      ] GC(367) Adjust Roots 0.167ms
[249.926s][info][gc,phases,start] GC(367) Compaction Phase
[250.413s][info][gc,phases      ] GC(367) Compaction Phase 487.190ms
[250.413s][info][gc,phases,start] GC(367) Post Compact
[250.423s][info][gc,phases      ] GC(367) Post Compact 9.174ms
[250.423s][info][gc,heap        ] GC(367) PSYoungGen: 127999K(347648K)->127999K(348160K) Eden: 127999K(128000K)->127999K(128000K) From: 0K(219648K)->0K(220160K)
[250.423s][info][gc,heap        ] GC(367) ParOldGen: 6143996K(6144000K)->6143996K(6144000K)
[250.423s][info][gc,metaspace   ] GC(367) Metaspace: 6299K(6464K)->6299K(6464K) NonClass: 5765K(5824K)->5765K(5824K) Class: 533K(640K)->533K(640K)
[250.423s][info][gc             ] GC(367) Pause Full (Ergonomics) 6124M->6124M(6340M) 1926.218ms
[250.423s][info][gc,cpu         ] GC(367) User=14.12s Sys=0.00s Real=1.93s
[250.423s][info][gc,start       ] GC(368) Pause Full (Ergonomics)
[250.423s][info][gc,phases,start] GC(368) Marking Phase
[251.831s][info][gc,phases      ] GC(368) Marking Phase 1407.855ms
[251.831s][info][gc,phases,start] GC(368) Summary Phase
[251.831s][info][gc,phases      ] GC(368) Summary Phase 0.075ms
[251.831s][info][gc,phases,start] GC(368) Adjust Roots
[251.831s][info][gc,phases      ] GC(368) Adjust Roots 0.208ms
[251.831s][info][gc,phases,start] GC(368) Compaction Phase
[252.310s][info][gc,phases      ] GC(368) Compaction Phase 478.724ms
[252.310s][info][gc,phases,start] GC(368) Post Compact
[252.319s][info][gc,phases      ] GC(368) Post Compact 9.190ms
[252.319s][info][gc,heap        ] GC(368) PSYoungGen: 127999K(348160K)->127999K(347648K) Eden: 127999K(128000K)->127999K(128000K) From: 0K(220160K)->0K(219648K)
[252.319s][info][gc,heap        ] GC(368) ParOldGen: 6143999K(6144000K)->6143999K(6144000K)
[252.319s][info][gc,metaspace   ] GC(368) Metaspace: 6299K(6464K)->6299K(6464K) NonClass: 5765K(5824K)->5765K(5824K) Class: 533K(640K)->533K(640K)
[252.319s][info][gc             ] GC(368) Pause Full (Ergonomics) 6124M->6124M(6339M) 1896.420ms
[252.319s][info][gc,cpu         ] GC(368) User=13.89s Sys=0.02s Real=1.90s
[252.319s][info][gc,start       ] GC(369) Pause Full (Allocation Failure)
[252.319s][info][gc,phases,start] GC(369) Marking Phase
[253.747s][info][gc,phases      ] GC(369) Marking Phase 1427.241ms
[253.747s][info][gc,phases,start] GC(369) Summary Phase
[253.747s][info][gc,phases      ] GC(369) Summary Phase 0.068ms
[253.747s][info][gc,phases,start] GC(369) Adjust Roots
[253.747s][info][gc,phases      ] GC(369) Adjust Roots 0.397ms
[253.747s][info][gc,phases,start] GC(369) Compaction Phase
[255.335s][info][gc,phases      ] GC(369) Compaction Phase 1587.620ms
[255.335s][info][gc,phases,start] GC(369) Post Compact
[255.344s][info][gc,phases      ] GC(369) Post Compact 9.184ms
[255.344s][info][gc,heap        ] GC(369) PSYoungGen: 127999K(347648K)->127999K(348160K) Eden: 127999K(128000K)->127999K(128000K) From: 0K(219648K)->0K(220160K)
[255.344s][info][gc,heap        ] GC(369) ParOldGen: 6143999K(6144000K)->6143995K(6144000K)
[255.344s][info][gc,metaspace   ] GC(369) Metaspace: 6299K(6464K)->6297K(6464K) NonClass: 5765K(5824K)->5764K(5824K) Class: 533K(640K)->532K(640K)
[255.344s][info][gc             ] GC(369) Pause Full (Allocation Failure) 6124M->6124M(6340M) 3024.822ms
[255.344s][info][gc,cpu         ] GC(369) User=22.41s Sys=0.02s Real=3.03s
[255.345s][info][gc,start       ] GC(370) Pause Full (Ergonomics)
[255.345s][info][gc,phases,start] GC(370) Marking Phase
[256.765s][info][gc,phases      ] GC(370) Marking Phase 1420.148ms
[256.765s][info][gc,phases,start] GC(370) Summary Phase
[256.765s][info][gc,phases      ] GC(370) Summary Phase 0.065ms
[256.765s][info][gc,phases,start] GC(370) Adjust Roots
[256.765s][info][gc,phases      ] GC(370) Adjust Roots 0.166ms
[256.765s][info][gc,phases,start] GC(370) Compaction Phase
[257.247s][info][gc,phases      ] GC(370) Compaction Phase 481.238ms
[257.247s][info][gc,phases,start] GC(370) Post Compact
[257.256s][info][gc,phases      ] GC(370) Post Compact 9.012ms
[257.256s][info][gc,heap        ] GC(370) PSYoungGen: 127999K(348160K)->127999K(347648K) Eden: 127999K(128000K)->127999K(128000K) From: 0K(220160K)->0K(219648K)
[257.256s][info][gc,heap        ] GC(370) ParOldGen: 6143996K(6144000K)->6143996K(6144000K)
[257.256s][info][gc,metaspace   ] GC(370) Metaspace: 6297K(6464K)->6297K(6464K) NonClass: 5764K(5824K)->5764K(5824K) Class: 532K(640K)->532K(640K)
[257.256s][info][gc             ] GC(370) Pause Full (Ergonomics) 6124M->6124M(6339M) 1910.960ms
[257.256s][info][gc,cpu         ] GC(370) User=13.83s Sys=0.05s Real=1.91s
[257.256s][info][gc,start       ] GC(371) Pause Full (Ergonomics)
[257.256s][info][gc,phases,start] GC(371) Marking Phase
[258.668s][info][gc,phases      ] GC(371) Marking Phase 1412.177ms
[258.668s][info][gc,phases,start] GC(371) Summary Phase
[258.668s][info][gc,phases      ] GC(371) Summary Phase 0.066ms
[258.668s][info][gc,phases,start] GC(371) Adjust Roots
[258.669s][info][gc,phases      ] GC(371) Adjust Roots 0.183ms
[258.669s][info][gc,phases,start] GC(371) Compaction Phase
[259.156s][info][gc,phases      ] GC(371) Compaction Phase 487.446ms
[259.156s][info][gc,phases,start] GC(371) Post Compact
[259.165s][info][gc,phases      ] GC(371) Post Compact 9.127ms
[259.165s][info][gc,heap        ] GC(371) PSYoungGen: 127999K(347648K)->127999K(348160K) Eden: 127999K(128000K)->127999K(128000K) From: 0K(219648K)->0K(220160K)
[259.165s][info][gc,heap        ] GC(371) ParOldGen: 6143999K(6144000K)->6143999K(6144000K)
[259.165s][info][gc,metaspace   ] GC(371) Metaspace: 6297K(6464K)->6297K(6464K) NonClass: 5764K(5824K)->5764K(5824K) Class: 532K(640K)->532K(640K)
[259.165s][info][gc             ] GC(371) Pause Full (Ergonomics) 6124M->6124M(6340M) 1909.319ms
[259.165s][info][gc,cpu         ] GC(371) User=14.02s Sys=0.00s Real=1.91s
[259.165s][info][gc,start       ] GC(372) Pause Full (Allocation Failure)
[259.165s][info][gc,phases,start] GC(372) Marking Phase
[260.565s][info][gc,phases      ] GC(372) Marking Phase 1399.198ms
[260.565s][info][gc,phases,start] GC(372) Summary Phase
[260.565s][info][gc,phases      ] GC(372) Summary Phase 0.065ms
[260.565s][info][gc,phases,start] GC(372) Adjust Roots
[260.565s][info][gc,phases      ] GC(372) Adjust Roots 0.171ms
[260.565s][info][gc,phases,start] GC(372) Compaction Phase
[261.045s][info][gc,phases      ] GC(372) Compaction Phase 480.465ms
[261.046s][info][gc,phases,start] GC(372) Post Compact
[261.055s][info][gc,phases      ] GC(372) Post Compact 9.136ms
[261.055s][info][gc,heap        ] GC(372) PSYoungGen: 127999K(348160K)->127999K(347648K) Eden: 127999K(128000K)->127999K(128000K) From: 0K(220160K)->0K(219648K)
[261.055s][info][gc,heap        ] GC(372) ParOldGen: 6143999K(6144000K)->6143999K(6144000K)
[261.055s][info][gc,metaspace   ] GC(372) Metaspace: 6297K(6464K)->6297K(6464K) NonClass: 5764K(5824K)->5764K(5824K) Class: 532K(640K)->532K(640K)
[261.055s][info][gc             ] GC(372) Pause Full (Allocation Failure) 6124M->6124M(6339M) 1889.353ms
[261.055s][info][gc,cpu         ] GC(372) User=13.95s Sys=0.00s Real=1.89s
[261.055s][info][gc,start       ] GC(373) Pause Full (Ergonomics)
[261.055s][info][gc,phases,start] GC(373) Marking Phase
[262.501s][info][gc,phases      ] GC(373) Marking Phase 1445.353ms
[262.501s][info][gc,phases,start] GC(373) Summary Phase
[262.501s][info][gc,phases      ] GC(373) Summary Phase 0.076ms
[262.501s][info][gc,phases,start] GC(373) Adjust Roots
[262.501s][info][gc,phases      ] GC(373) Adjust Roots 0.280ms
[262.501s][info][gc,phases,start] GC(373) Compaction Phase
[264.098s][info][gc,phases      ] GC(373) Compaction Phase 1597.354ms
[264.099s][info][gc,phases,start] GC(373) Post Compact
[264.108s][info][gc,phases      ] GC(373) Post Compact 9.197ms
[264.108s][info][gc,heap        ] GC(373) PSYoungGen: 127999K(347648K)->127999K(348160K) Eden: 127999K(128000K)->127999K(128000K) From: 0K(219648K)->0K(220160K)
[264.108s][info][gc,heap        ] GC(373) ParOldGen: 6144000K(6144000K)->6143998K(6144000K)
[264.108s][info][gc,metaspace   ] GC(373) Metaspace: 6297K(6464K)->6297K(6464K) NonClass: 5764K(5824K)->5764K(5824K) Class: 532K(640K)->532K(640K)
[264.108s][info][gc             ] GC(373) Pause Full (Ergonomics) 6124M->6124M(6340M) 3052.606ms
[264.108s][info][gc,cpu         ] GC(373) User=22.56s Sys=0.02s Real=3.05s
[264.109s][info][gc,start       ] GC(374) Pause Full (Ergonomics)
[264.109s][info][gc,phases,start] GC(374) Marking Phase
[265.553s][info][gc,phases      ] GC(374) Marking Phase 1444.818ms
[265.554s][info][gc,phases,start] GC(374) Summary Phase
[265.554s][info][gc,phases      ] GC(374) Summary Phase 0.068ms
[265.554s][info][gc,phases,start] GC(374) Adjust Roots
[265.554s][info][gc,phases      ] GC(374) Adjust Roots 0.188ms
[265.554s][info][gc,phases,start] GC(374) Compaction Phase
[266.051s][info][gc,phases      ] GC(374) Compaction Phase 497.103ms
[266.051s][info][gc,phases,start] GC(374) Post Compact
[266.061s][info][gc,phases      ] GC(374) Post Compact 9.854ms
[266.061s][info][gc,heap        ] GC(374) PSYoungGen: 127999K(348160K)->127999K(347648K) Eden: 127999K(128000K)->127999K(128000K) From: 0K(220160K)->0K(219648K)
[266.061s][info][gc,heap        ] GC(374) ParOldGen: 6143999K(6144000K)->6143998K(6144000K)
[266.061s][info][gc,metaspace   ] GC(374) Metaspace: 6297K(6464K)->6297K(6464K) NonClass: 5764K(5824K)->5764K(5824K) Class: 532K(640K)->532K(640K)
[266.061s][info][gc             ] GC(374) Pause Full (Ergonomics) 6124M->6124M(6339M) 1952.421ms
[266.061s][info][gc,cpu         ] GC(374) User=14.19s Sys=0.00s Real=1.95s
[266.062s][info][gc,heap,exit   ] Heap
[266.062s][info][gc,heap,exit   ]  PSYoungGen      total 347648K, used 127999K [0x0000000744800000, 0x0000000767d00000, 0x0000000800000000)
[266.062s][info][gc,heap,exit   ]   eden space 128000K, 99% used [0x0000000744800000,0x000000074c4ffff8,0x000000074c500000)
[266.062s][info][gc,heap,exit   ]   from space 219648K, 0% used [0x000000075a680000,0x000000075a680000,0x0000000767d00000)
[266.062s][info][gc,heap,exit   ]   to   space 220160K, 0% used [0x000000074c500000,0x000000074c500000,0x0000000759c00000)
[266.062s][info][gc,heap,exit   ]  ParOldGen       total 6144000K, used 6143999K [0x00000005cd800000, 0x0000000744800000, 0x0000000744800000)
[266.062s][info][gc,heap,exit   ]   object space 6144000K, 99% used [0x00000005cd800000,0x00000007447fff90,0x0000000744800000)
[266.062s][info][gc,heap,exit   ]  Metaspace       used 6302K, committed 6464K, reserved 1114112K
[266.062s][info][gc,heap,exit   ]   class space    used 534K, committed 640K, reserved 1048576K
